   1.174  t=1s RTT mean=0 min=0 max=0 n=0 to=0 | cancels=0(+0/s) seqbad=0 len_bad=0 disc=0(0x00) | tot_n=0 tot_to=0 maxever=0 >2ms=0 >5ms=0 >15ms=0 >20ms=0 >30ms=0 | probes=0 wrfail=0 down=1s maxout=1s
   1.174  t=2s RTT mean=0 min=0 max=0 n=0 to=0 | cancels=0(+0/s) seqbad=0 len_bad=0 disc=0(0x00) | tot_n=0 tot_to=0 maxever=0 >2ms=0 >5ms=0 >15ms=0 >20ms=0 >30ms=0 | probes=0 wrfail=0 down=2s maxout=2s
   1.907  *** Booting Zephyr OS build v4.4.2-16-gfee9fbc62095 ***
   1.907  [00:49:44.827,558] [0m<inf> bt_hci_core: HW Platform: Nordic Semiconductor (0x0002)[0m
   1.967  [00:49:44.827,570] [0m<inf> bt_hci_core: HW Variant: nRF54Lx (0x0005)[0m
   1.967  [00:49:44.827,581] [0m<inf> bt_hci_core: Firmware: Standard Bluetooth controller (0x00) Version 4.4 Build 2[0m
   1.967  [00:49:44.827,940] [0m<inf> bt_hci_core: HCI transport: Controller[0m
   1.967  [00:49:44.827,989] [0m<inf> bt_hci_core: Identity: FC:BE:FF:FA:E6:8B (random)[0m
   1.967  [00:49:44.828,004] [0m<inf> bt_hci_core: HCI: version 5.4 (0x0d) revision 0x0000, manufacturer 0x05f1[0m
   1.967  [00:49:44.828,020] [0m<inf> bt_hci_core: LMP: version 5.4 (0x0d) subver 0xffff[0m
   1.967  
   1.967  === nRF54L15 RTT ping-pong CENTRAL ===
   1.967  scan rc=0
   1.967  Q2CONN AA=75bf37e4 CRCINIT=f9e7c5 hop=9 chan_count=37 map=ffffffff1f
   1.967  GAP connected interval=7500
   1.967  MTU err=0 mtu=247
   2.607  PHY tx=2 rx=2
   2.607  discovery start (post-PHY +500ms) interval=7500 phy2m=1
   2.607  SUBSCRIBED, vh=14
   2.607  BLAST: phy_update->2M rc=0
   2.667  BLAST first16_call_us: 127 219 138 137 144 135 135 136 135 128 55 54 54 54 133 54
   2.667  PHY tx=2 rx=2
   3.945  t=1s RTT mean=0 min=0 max=0 n=0 to=0 | cancels=0(+0/s) seqbad=0 len_bad=105 disc=0(0x00) | tot_n=0 tot_to=0 maxever=0 >2ms=0 >5ms=0 >15ms=0 >20ms=0 >30ms=0 | probes=0 wrfail=0 down=0s maxout=0s
   3.945  BLASTC comp=117 exkBps=25 cgap_us[min/avg/max]=145/2581/24515
   3.945  BLAST phy=2/2 att=127 ok=127 enomem=0 err=0 call_us[min/avg/max]=53/2346/23610 okgap_max_us=23621
   3.946  t=2s RTT mean=0 min=0 max=0 n=0 to=0 | cancels=0(+0/s) seqbad=0 len_bad=435 disc=0(0x00) | tot_n=0 tot_to=0 maxever=0 >2ms=0 >5ms=0 >15ms=0 >20ms=0 >30ms=0 | probes=0 wrfail=0 down=0s maxout=0s
   4.001  BLASTC comp=330 exkBps=78 cgap_us[min/avg/max]=2396/3030/25106
   4.001  BLAST phy=2/2 att=330 ok=330 enomem=0 err=0 call_us[min/avg/max]=2384/3018/25096 okgap_max_us=25107
   5.909  t=3s RTT mean=0 min=0 max=0 n=0 to=0 | cancels=0(+0/s) seqbad=0 len_bad=763 disc=0(0x00) | tot_n=0 tot_to=0 maxever=0 >2ms=0 >5ms=0 >15ms=0 >20ms=0 >30ms=0 | probes=0 wrfail=0 down=0s maxout=0s
   5.969  BLASTC comp=328 exkBps=78 cgap_us[min/avg/max]=2396/3049/17608
   5.969  BLAST phy=2/2 att=328 ok=328 enomem=0 err=0 call_us[min/avg/max]=2379/3037/17597 okgap_max_us=17608
   5.969  FSU: request [150..150] us (ACL both dirs, 1M+2M) rc=0
   5.969  t=4s RTT mean=0 min=0 max=0 n=0 to=0 | cancels=0(+0/s) seqbad=0 len_bad=1141 disc=0(0x00) | tot_n=0 tot_to=0 maxever=0 >2ms=0 >5ms=0 >15ms=0 >20ms=0 >30ms=0 | probes=0 wrfail=0 down=0s maxout=0s
   5.969  BLASTC comp=379 exkBps=90 cgap_us[min/avg/max]=1441/2638/17606
   5.969  BLAST phy=2/2 att=379 ok=379 enomem=0 err=0 call_us[min/avg/max]=1430/2626/17595 okgap_max_us=17606
   7.920  t=5s RTT mean=0 min=0 max=0 n=0 to=0 | cancels=0(+0/s) seqbad=0 len_bad=1524 disc=0(0x00) | tot_n=0 tot_to=0 maxever=0 >2ms=0 >5ms=0 >15ms=0 >20ms=0 >30ms=0 | probes=0 wrfail=0 down=0s maxout=0s
   7.920  BLASTC comp=382 exkBps=91 cgap_us[min/avg/max]=2395/2617/10107
   7.980  BLAST phy=2/2 att=382 ok=382 enomem=0 err=0 call_us[min/avg/max]=2384/2606/10096 okgap_max_us=10107
   7.980  BLASTC comp=389 exkBps=92 cgap_us[min/avg/max]=2396/2570/10106
   7.980  BLAST phy=2/2 att=389 ok=389 enomem=0 err=0 call_us[min/avg/max]=2384/2559/10095 okgap_max_us=10106
   7.980  t=6s RTT mean=0 min=0 max=0 n=0 to=0 | cancels=0(+0/s) seqbad=0 len_bad=1913 disc=0(0x00) | tot_n=0 tot_to=0 maxever=0 >2ms=0 >5ms=0 >15ms=0 >20ms=0 >30ms=0 | probes=0 wrfail=0 down=0s maxout=0s
   9.941  t=7s RTT mean=0 min=0 max=0 n=0 to=0 | cancels=0(+0/s) seqbad=0 len_bad=2268 disc=0(0x00) | tot_n=0 tot_to=0 maxever=0 >2ms=0 >5ms=0 >15ms=0 >20ms=0 >30ms=0 | probes=0 wrfail=0 down=0s maxout=0s
   9.941  BLASTC comp=356 exkBps=84 cgap_us[min/avg/max]=2391/2844/17606
   9.941  BLAST phy=2/2 att=356 ok=356 enomem=0 err=0 call_us[min/avg/max]=2304/2832/17600 okgap_max_us=17606
   9.941  BLASTC comp=309 exkBps=73 cgap_us[min/avg/max]=2396/3195/25105
   9.941  BLAST phy=2/2 att=309 ok=309 enomem=0 err=0 call_us[min/avg/max]=2328/3183/25095 okgap_max_us=25106
   9.994  t=8s RTT mean=0 min=0 max=0 n=0 to=0 | cancels=0(+0/s) seqbad=0 len_bad=2578 disc=0(0x00) | tot_n=0 tot_to=0 maxever=0 >2ms=0 >5ms=0 >15ms=0 >20ms=0 >30ms=0 | probes=0 wrfail=0 down=0s maxout=0s
  11.916  t=9s RTT mean=0 min=0 max=0 n=0 to=0 | cancels=0(+0/s) seqbad=0 len_bad=2863 disc=0(0x00) | tot_n=0 tot_to=0 maxever=0 >2ms=0 >5ms=0 >15ms=0 >20ms=0 >30ms=0 | probes=0 wrfail=0 down=0s maxout=0s
  11.916  BLASTC comp=286 exkBps=68 cgap_us[min/avg/max]=2396/3523/25106
  11.974  BLAST phy=2/2 att=286 ok=286 enomem=0 err=0 call_us[min/avg/max]=2384/3511/25095 okgap_max_us=25106
  11.974  BLASTC comp=307 exkBps=73 cgap_us[min/avg/max]=2396/3232/25106
  11.974  BLAST phy=2/2 att=307 ok=307 enomem=0 err=0 call_us[min/avg/max]=2327/3221/25094 okgap_max_us=25105
  11.974  t=10s RTT mean=0 min=0 max=0 n=0 to=0 | cancels=0(+0/s) seqbad=0 len_bad=3171 disc=0(0x00) | tot_n=0 tot_to=0 maxever=0 >2ms=0 >5ms=0 >15ms=0 >20ms=0 >30ms=0 | probes=0 wrfail=0 down=0s maxout=0s
  13.927  BLASTC comp=387 exkBps=92 cgap_us[min/avg/max]=2395/2583/10106
  13.927  BLAST phy=2/2 att=387 ok=387 enomem=0 err=0 call_us[min/avg/max]=2379/2572/10095 okgap_max_us=10106
  13.927  t=11s RTT mean=0 min=0 max=0 n=0 to=0 | cancels=0(+0/s) seqbad=0 len_bad=3558 disc=0(0x00) | tot_n=0 tot_to=0 maxever=0 >2ms=0 >5ms=0 >15ms=0 >20ms=0 >30ms=0 | probes=0 wrfail=0 down=0s maxout=0s
  13.987  BLASTC comp=317 exkBps=75 cgap_us[min/avg/max]=2393/3154/32606
  13.988  BLAST phy=2/2 att=317 ok=317 enomem=0 err=0 call_us[min/avg/max]=2382/3143/32595 okgap_max_us=32606
  13.988  t=12s RTT mean=0 min=0 max=0 n=0 to=0 | cancels=0(+0/s) seqbad=0 len_bad=3875 disc=0(0x00) | tot_n=0 tot_to=0 maxever=0 >2ms=0 >5ms=0 >15ms=0 >20ms=0 >30ms=0 | probes=0 wrfail=0 down=0s maxout=0s
  15.934  BLASTC comp=372 exkBps=88 cgap_us[min/avg/max]=2380/2687/20103
  15.934  BLAST phy=2/2 att=372 ok=372 enomem=0 err=0 call_us[min/avg/max]=2315/2676/20092 okgap_max_us=20103
  15.934  t=13s RTT mean=0 min=0 max=0 n=0 to=0 | cancels=0(+0/s) seqbad=0 len_bad=4247 disc=0(0x00) | tot_n=0 tot_to=0 maxever=0 >2ms=0 >5ms=0 >15ms=0 >20ms=0 >30ms=0 | probes=0 wrfail=0 down=0s maxout=0s
  15.934  BLASTC comp=299 exkBps=71 cgap_us[min/avg/max]=2396/3344/32605
  15.994  BLAST phy=2/2 att=299 ok=299 enomem=0 err=0 call_us[min/avg/max]=2384/3333/32594 okgap_max_us=32605
  15.994  t=14s RTT mean=0 min=0 max=0 n=0 to=0 | cancels=0(+0/s) seqbad=0 len_bad=4546 disc=0(0x00) | tot_n=0 tot_to=0 maxever=0 >2ms=0 >5ms=0 >15ms=0 >20ms=0 >30ms=0 | probes=0 wrfail=0 down=0s maxout=0s
  17.942  t=15s RTT mean=0 min=0 max=0 n=0 to=0 | cancels=0(+0/s) seqbad=0 len_bad=4855 disc=0(0x00) | tot_n=0 tot_to=0 maxever=0 >2ms=0 >5ms=0 >15ms=0 >20ms=0 >30ms=0 | probes=0 wrfail=0 down=0s maxout=0s
  17.942  BLASTC comp=310 exkBps=73 cgap_us[min/avg/max]=2395/3250/25106
  17.942  BLAST phy=2/2 att=310 ok=310 enomem=0 err=0 call_us[min/avg/max]=2383/3238/25095 okgap_max_us=25106
  17.943  BLASTC comp=331 exkBps=78 cgap_us[min/avg/max]=2396/2998/17606
  17.943  BLAST phy=2/2 att=331 ok=331 enomem=0 err=0 call_us[min/avg/max]=2327/2986/17595 okgap_max_us=17606
  18.000  t=16s RTT mean=0 min=0 max=0 n=0 to=0 | cancels=0(+0/s) seqbad=0 len_bad=5187 disc=0(0x00) | tot_n=0 tot_to=0 maxever=0 >2ms=0 >5ms=0 >15ms=0 >20ms=0 >30ms=0 | probes=0 wrfail=0 down=0s maxout=0s
  19.911  BLASTC comp=390 exkBps=92 cgap_us[min/avg/max]=2396/2564/10106
  19.911  BLAST phy=2/2 att=390 ok=390 enomem=0 err=0 call_us[min/avg/max]=2379/2552/10094 okgap_max_us=10106
  19.972  t=17s RTT mean=0 min=0 max=0 n=0 to=0 | cancels=0(+0/s) seqbad=0 len_bad=5577 disc=0(0x00) | tot_n=0 tot_to=0 maxever=0 >2ms=0 >5ms=0 >15ms=0 >20ms=0 >30ms=0 | probes=0 wrfail=0 down=0s maxout=0s
  19.972  BLASTC comp=382 exkBps=91 cgap_us[min/avg/max]=2393/2618/10109
  19.972  BLAST phy=2/2 att=382 ok=382 enomem=0 err=0 call_us[min/avg/max]=2381/2606/10098 okgap_max_us=10109
  19.972  t=18s RTT mean=0 min=0 max=0 n=0 to=0 | cancels=0(+0/s) seqbad=0 len_bad=5959 disc=0(0x00) | tot_n=0 tot_to=0 maxever=0 >2ms=0 >5ms=0 >15ms=0 >20ms=0 >30ms=0 | probes=0 wrfail=0 down=0s maxout=0s
  21.900  BLASTC comp=391 exkBps=93 cgap_us[min/avg/max]=2380/2557/10106
  21.958  BLAST phy=2/2 att=391 ok=391 enomem=0 err=0 call_us[min/avg/max]=2315/2545/10094 okgap_max_us=10106
  21.958  t=19s RTT mean=0 min=0 max=0 n=0 to=0 | cancels=0(+0/s) seqbad=0 len_bad=6351 disc=0(0x00) | tot_n=0 tot_to=0 maxever=0 >2ms=0 >5ms=0 >15ms=0 >20ms=0 >30ms=0 | probes=0 wrfail=0 down=0s maxout=0s
  21.958  BLASTC comp=384 exkBps=91 cgap_us[min/avg/max]=2396/2604/7500
  21.958  BLAST phy=2/2 att=384 ok=384 enomem=0 err=0 call_us[min/avg/max]=2384/2592/7489 okgap_max_us=7500
  22.018  t=20s RTT mean=0 min=0 max=0 n=0 to=0 | cancels=0(+0/s) seqbad=0 len_bad=6735 disc=0(0x00) | tot_n=0 tot_to=0 maxever=0 >2ms=0 >5ms=0 >15ms=0 >20ms=0 >30ms=0 | probes=0 wrfail=0 down=0s maxout=0s
  23.930  BLASTC comp=389 exkBps=92 cgap_us[min/avg/max]=2395/2570/7501
  23.930  BLAST phy=2/2 att=389 ok=389 enomem=0 err=0 call_us[min/avg/max]=2382/2559/7489 okgap_max_us=7501
  23.930  t=21s RTT mean=0 min=0 max=0 n=0 to=0 | cancels=0(+0/s) seqbad=0 len_bad=7124 disc=0(0x00) | tot_n=0 tot_to=0 maxever=0 >2ms=0 >5ms=0 >15ms=0 >20ms=0 >30ms=0 | probes=0 wrfail=0 down=0s maxout=0s
  23.989  BLASTC comp=383 exkBps=91 cgap_us[min/avg/max]=2396/2610/12603
  23.989  BLAST phy=2/2 att=383 ok=383 enomem=0 err=0 call_us[min/avg/max]=2320/2599/12592 okgap_max_us=12603
  23.989  t=22s RTT mean=0 min=0 max=0 n=0 to=0 | cancels=0(+0/s) seqbad=0 len_bad=7507 disc=0(0x00) | tot_n=0 tot_to=0 maxever=0 >2ms=0 >5ms=0 >15ms=0 >20ms=0 >30ms=0 | probes=0 wrfail=0 down=0s maxout=0s
  25.953  BLASTC comp=385 exkBps=91 cgap_us[min/avg/max]=2394/2597/12602
  25.954  BLAST phy=2/2 att=385 ok=385 enomem=0 err=0 call_us[min/avg/max]=2382/2586/12592 okgap_max_us=12603
  25.954  t=23s RTT mean=0 min=0 max=0 n=0 to=0 | cancels=0(+0/s) seqbad=0 len_bad=7892 disc=0(0x00) | tot_n=0 tot_to=0 maxever=0 >2ms=0 >5ms=0 >15ms=0 >20ms=0 >30ms=0 | probes=0 wrfail=0 down=0s maxout=0s
  25.954  t=24s RTT mean=0 min=0 max=0 n=0 to=0 | cancels=0(+0/s) seqbad=0 len_bad=8271 disc=0(0x00) | tot_n=0 tot_to=0 maxever=0 >2ms=0 >5ms=0 >15ms=0 >20ms=0 >30ms=0 | probes=0 wrfail=0 down=0s maxout=0s
  25.954  BLASTC comp=381 exkBps=90 cgap_us[min/avg/max]=2396/2644/10106
  26.014  BLAST phy=2/2 att=381 ok=381 enomem=0 err=0 call_us[min/avg/max]=2384/2633/10095 okgap_max_us=10106
  27.926  BLASTC comp=338 exkBps=80 cgap_us[min/avg/max]=2395/2936/17606
  27.926  BLAST phy=2/2 att=338 ok=338 enomem=0 err=0 call_us[min/avg/max]=2325/2924/17595 okgap_max_us=17606
  27.927  t=25s RTT mean=0 min=0 max=0 n=0 to=0 | cancels=0(+0/s) seqbad=0 len_bad=8610 disc=0(0x00) | tot_n=0 tot_to=0 maxever=0 >2ms=0 >5ms=0 >15ms=0 >20ms=0 >30ms=0 | probes=0 wrfail=0 down=0s maxout=0s
  27.978  BLASTC comp=285 exkBps=67 cgap_us[min/avg/max]=2396/3508/47606
  27.978  BLAST phy=2/2 att=285 ok=285 enomem=0 err=0 call_us[min/avg/max]=2384/3497/47595 okgap_max_us=47606
  27.978  t=26s RTT mean=0 min=0 max=0 n=0 to=0 | cancels=0(+0/s) seqbad=0 len_bad=8896 disc=0(0x00) | tot_n=0 tot_to=0 maxever=0 >2ms=0 >5ms=0 >15ms=0 >20ms=0 >30ms=0 | probes=0 wrfail=0 down=0s maxout=0s
  29.947  BLASTC comp=352 exkBps=83 cgap_us[min/avg/max]=2396/2841/20103
  29.947  BLAST phy=2/2 att=352 ok=352 enomem=0 err=0 call_us[min/avg/max]=2384/2829/20091 okgap_max_us=20103
  29.947  t=27s RTT mean=0 min=0 max=0 n=0 to=0 | cancels=0(+0/s) seqbad=0 len_bad=9248 disc=0(0x00) | tot_n=0 tot_to=0 maxever=0 >2ms=0 >5ms=0 >15ms=0 >20ms=0 >30ms=0 | probes=0 wrfail=0 down=0s maxout=0s
  29.947  BLASTC comp=373 exkBps=88 cgap_us[min/avg/max]=2396/2680/17605
  29.947  BLAST phy=2/2 att=373 ok=373 enomem=0 err=0 call_us[min/avg/max]=2321/2669/17595 okgap_max_us=17606
  30.007  t=28s RTT mean=0 min=0 max=0 n=0 to=0 | cancels=0(+0/s) seqbad=0 len_bad=9621 disc=0(0x00) | tot_n=0 tot_to=0 maxever=0 >2ms=0 >5ms=0 >15ms=0 >20ms=0 >30ms=0 | probes=0 wrfail=0 down=0s maxout=0s
  31.925  BLASTC comp=389 exkBps=92 cgap_us[min/avg/max]=2394/2570/10106
  31.925  BLAST phy=2/2 att=389 ok=389 enomem=0 err=0 call_us[min/avg/max]=2383/2559/10095 okgap_max_us=10106
  31.925  t=29s RTT mean=0 min=0 max=0 n=0 to=0 | cancels=0(+0/s) seqbad=0 len_bad=10010 disc=0(0x00) | tot_n=0 tot_to=0 maxever=0 >2ms=0 >5ms=0 >15ms=0 >20ms=0 >30ms=0 | probes=0 wrfail=0 down=0s maxout=0s
  31.985  BLASTC comp=390 exkBps=92 cgap_us[min/avg/max]=2396/2564/7499
  31.985  BLAST phy=2/2 att=390 ok=390 enomem=0 err=0 call_us[min/avg/max]=2384/2552/7489 okgap_max_us=7500
  31.985  t=30s RTT mean=0 min=0 max=0 n=0 to=0 | cancels=0(+0/s) seqbad=0 len_bad=10400 disc=0(0x00) | tot_n=0 tot_to=0 maxever=0 >2ms=0 >5ms=0 >15ms=0 >20ms=0 >30ms=0 | probes=0 wrfail=0 down=0s maxout=0s
  33.938  BLASTC comp=392 exkBps=93 cgap_us[min/avg/max]=2374/2550/10106
  33.938  BLAST phy=2/2 att=392 ok=392 enomem=0 err=0 call_us[min/avg/max]=2303/2539/10095 okgap_max_us=10106
  33.938  t=31s RTT mean=0 min=0 max=0 n=0 to=0 | cancels=0(+0/s) seqbad=0 len_bad=10792 disc=0(0x00) | tot_n=0 tot_to=0 maxever=0 >2ms=0 >5ms=0 >15ms=0 >20ms=0 >30ms=0 | probes=0 wrfail=0 down=0s maxout=0s
  33.938  BLASTC comp=387 exkBps=92 cgap_us[min/avg/max]=2393/2583/10106
  33.998  BLAST phy=2/2 att=387 ok=387 enomem=0 err=0 call_us[min/avg/max]=2382/2572/10094 okgap_max_us=10105
  33.998  t=32s RTT mean=0 min=0 max=0 n=0 to=0 | cancels=0(+0/s) seqbad=0 len_bad=11179 disc=0(0x00) | tot_n=0 tot_to=0 maxever=0 >2ms=0 >5ms=0 >15ms=0 >20ms=0 >30ms=0 | probes=0 wrfail=0 down=0s maxout=0s
  35.913  BLASTC comp=386 exkBps=91 cgap_us[min/avg/max]=2395/2590/7500
  35.914  BLAST phy=2/2 att=386 ok=386 enomem=0 err=0 call_us[min/avg/max]=2384/2579/7489 okgap_max_us=7500
  35.973  t=33s RTT mean=0 min=0 max=0 n=0 to=0 | cancels=0(+0/s) seqbad=0 len_bad=11565 disc=0(0x00) | tot_n=0 tot_to=0 maxever=0 >2ms=0 >5ms=0 >15ms=0 >20ms=0 >30ms=0 | probes=0 wrfail=0 down=0s maxout=0s
  35.973  BLASTC comp=386 exkBps=91 cgap_us[min/avg/max]=2396/2603/17593
  35.973  BLAST phy=2/2 att=386 ok=386 enomem=0 err=0 call_us[min/avg/max]=2320/2592/17598 okgap_max_us=7501
  35.973  t=34s RTT mean=0 min=0 max=0 n=0 to=0 | cancels=0(+0/s) seqbad=0 len_bad=11950 disc=0(0x00) | tot_n=0 tot_to=0 maxever=0 >2ms=0 >5ms=0 >15ms=0 >20ms=0 >30ms=0 | probes=0 wrfail=0 down=0s maxout=0s
  37.901  BLASTC comp=280 exkBps=66 cgap_us[min/avg/max]=2395/3553/25105
  37.952  BLAST phy=2/2 att=280 ok=280 enomem=0 err=0 call_us[min/avg/max]=2325/3541/25095 okgap_max_us=25106
  37.952  t=35s RTT mean=0 min=0 max=0 n=0 to=0 | cancels=0(+0/s) seqbad=0 len_bad=12232 disc=0(0x00) | tot_n=0 tot_to=0 maxever=0 >2ms=0 >5ms=0 >15ms=0 >20ms=0 >30ms=0 | probes=0 wrfail=0 down=0s maxout=0s
  37.952  BLASTC comp=320 exkBps=76 cgap_us[min/avg/max]=2396/3125/17606
  37.952  BLAST phy=2/2 att=320 ok=320 enomem=0 err=0 call_us[min/avg/max]=2384/3113/17595 okgap_max_us=17606
  38.007  t=36s RTT mean=0 min=0 max=0 n=0 to=0 | cancels=0(+0/s) seqbad=0 len_bad=12552 disc=0(0x00) | tot_n=0 tot_to=0 maxever=0 >2ms=0 >5ms=0 >15ms=0 >20ms=0 >30ms=0 | probes=0 wrfail=0 down=0s maxout=0s
  39.950  BLASTC comp=373 exkBps=88 cgap_us[min/avg/max]=2373/2680/10107
  39.950  BLAST phy=2/2 att=373 ok=373 enomem=0 err=0 call_us[min/avg/max]=2302/2669/10096 okgap_max_us=10107
  39.950  t=37s RTT mean=0 min=0 max=0 n=0 to=0 | cancels=0(+0/s) seqbad=0 len_bad=12924 disc=0(0x00) | tot_n=0 tot_to=0 maxever=0 >2ms=0 >5ms=0 >15ms=0 >20ms=0 >30ms=0 | probes=0 wrfail=0 down=0s maxout=0s
  39.950  BLASTC comp=346 exkBps=82 cgap_us[min/avg/max]=2396/2890/17607
  39.950  BLAST phy=2/2 att=346 ok=346 enomem=0 err=0 call_us[min/avg/max]=2384/2878/17596 okgap_max_us=17607
  40.007  t=38s RTT mean=0 min=0 max=0 n=0 to=0 | cancels=0(+0/s) seqbad=0 len_bad=13271 disc=0(0x00) | tot_n=0 tot_to=0 maxever=0 >2ms=0 >5ms=0 >15ms=0 >20ms=0 >30ms=0 | probes=0 wrfail=0 down=0s maxout=0s
  41.952  BLASTC comp=389 exkBps=92 cgap_us[min/avg/max]=2395/2570/7500
  41.952  BLAST phy=2/2 att=389 ok=389 enomem=0 err=0 call_us[min/avg/max]=2380/2559/7488 okgap_max_us=7500
  41.952  t=39s RTT mean=0 min=0 max=0 n=0 to=0 | cancels=0(+0/s) seqbad=0 len_bad=13660 disc=0(0x00) | tot_n=0 tot_to=0 maxever=0 >2ms=0 >5ms=0 >15ms=0 >20ms=0 >30ms=0 | probes=0 wrfail=0 down=0s maxout=0s
  41.952  BLASTC comp=388 exkBps=92 cgap_us[min/avg/max]=2394/2577/10106
  41.952  BLAST phy=2/2 att=388 ok=388 enomem=0 err=0 call_us[min/avg/max]=2323/2565/10095 okgap_max_us=10106
  42.005  t=40s RTT mean=0 min=0 max=0 n=0 to=0 | cancels=0(+0/s) seqbad=0 len_bad=14048 disc=0(0x00) | tot_n=0 tot_to=0 maxever=0 >2ms=0 >5ms=0 >15ms=0 >20ms=0 >30ms=0 | probes=0 wrfail=0 down=0s maxout=0s
  43.924  BLASTC comp=391 exkBps=93 cgap_us[min/avg/max]=2393/2557/10106
  43.924  BLAST phy=2/2 att=391 ok=391 enomem=0 err=0 call_us[min/avg/max]=2383/2546/10095 okgap_max_us=10106
  43.976  t=41s RTT mean=0 min=0 max=0 n=0 to=0 | cancels=0(+0/s) seqbad=0 len_bad=14439 disc=0(0x00) | tot_n=0 tot_to=0 maxever=0 >2ms=0 >5ms=0 >15ms=0 >20ms=0 >30ms=0 | probes=0 wrfail=0 down=0s maxout=0s
  43.976  BLASTC comp=382 exkBps=91 cgap_us[min/avg/max]=2396/2618/10106
  43.976  BLAST phy=2/2 att=382 ok=382 enomem=0 err=0 call_us[min/avg/max]=2384/2606/10095 okgap_max_us=10106
  43.976  t=42s RTT mean=0 min=0 max=0 n=0 to=0 | cancels=0(+0/s) seqbad=0 len_bad=14821 disc=0(0x00) | tot_n=0 tot_to=0 maxever=0 >2ms=0 >5ms=0 >15ms=0 >20ms=0 >30ms=0 | probes=0 wrfail=0 down=0s maxout=0s
  45.948  BLASTC comp=394 exkBps=93 cgap_us[min/avg/max]=2373/2537/7500
  45.948  BLAST phy=2/2 att=394 ok=394 enomem=0 err=0 call_us[min/avg/max]=2303/2526/7489 okgap_max_us=7500
  45.948  t=43s RTT mean=0 min=0 max=0 n=0 to=0 | cancels=0(+0/s) seqbad=0 len_bad=15215 disc=0(0x00) | tot_n=0 tot_to=0 maxever=0 >2ms=0 >5ms=0 >15ms=0 >20ms=0 >30ms=0 | probes=0 wrfail=0 down=0s maxout=0s
  45.948  BLASTC comp=377 exkBps=89 cgap_us[min/avg/max]=2396/2652/12602
  45.948  BLAST phy=2/2 att=377 ok=377 enomem=0 err=0 call_us[min/avg/max]=2384/2641/12592 okgap_max_us=12603
  46.004  t=44s RTT mean=0 min=0 max=0 n=0 to=0 | cancels=0(+0/s) seqbad=0 len_bad=15592 disc=0(0x00) | tot_n=0 tot_to=0 maxever=0 >2ms=0 >5ms=0 >15ms=0 >20ms=0 >30ms=0 | probes=0 wrfail=0 down=0s maxout=0s
  47.944  BLASTC comp=320 exkBps=76 cgap_us[min/avg/max]=2395/3125/27603
  47.944  BLAST phy=2/2 att=320 ok=320 enomem=0 err=0 call_us[min/avg/max]=2379/3113/27591 okgap_max_us=27603
  47.944  t=45s RTT mean=0 min=0 max=0 n=0 to=0 | cancels=0(+0/s) seqbad=0 len_bad=15912 disc=0(0x00) | tot_n=0 tot_to=0 maxever=0 >2ms=0 >5ms=0 >15ms=0 >20ms=0 >30ms=0 | probes=0 wrfail=0 down=0s maxout=0s
  47.944  BLASTC comp=392 exkBps=93 cgap_us[min/avg/max]=2392/2550/5102
  47.944  BLAST phy=2/2 att=392 ok=392 enomem=0 err=0 call_us[min/avg/max]=2321/2539/5091 okgap_max_us=5102
  48.004  t=46s RTT mean=0 min=0 max=0 n=0 to=0 | cancels=0(+0/s) seqbad=0 len_bad=16304 disc=0(0x00) | tot_n=0 tot_to=0 maxever=0 >2ms=0 >5ms=0 >15ms=0 >20ms=0 >30ms=0 | probes=0 wrfail=0 down=0s maxout=0s
  49.910  BLASTC comp=306 exkBps=72 cgap_us[min/avg/max]=2393/3276/17607
  49.910  BLAST phy=2/2 att=306 ok=306 enomem=0 err=0 call_us[min/avg/max]=2383/3265/17596 okgap_max_us=17607
  49.971  t=47s RTT mean=0 min=0 max=0 n=0 to=0 | cancels=0(+0/s) seqbad=0 len_bad=16609 disc=0(0x00) | tot_n=0 tot_to=0 maxever=0 >2ms=0 >5ms=0 >15ms=0 >20ms=0 >30ms=0 | probes=0 wrfail=0 down=0s maxout=0s
  49.971  BLASTC comp=308 exkBps=73 cgap_us[min/avg/max]=2396/3238/17607
  49.971  BLAST phy=2/2 att=308 ok=308 enomem=0 err=0 call_us[min/avg/max]=2321/3227/17595 okgap_max_us=17665
  49.971  t=48s RTT mean=0 min=0 max=0 n=0 to=0 | cancels=0(+0/s) seqbad=0 len_bad=16918 disc=0(0x00) | tot_n=0 tot_to=0 maxever=0 >2ms=0 >5ms=0 >15ms=0 >20ms=0 >30ms=0 | probes=0 wrfail=0 down=0s maxout=0s
  51.947  BLASTC comp=313 exkBps=74 cgap_us[min/avg/max]=2395/3194/20102
  51.947  BLAST phy=2/2 att=313 ok=313 enomem=0 err=0 call_us[min/avg/max]=2327/3183/20092 okgap_max_us=20103
  51.947  t=49s RTT mean=0 min=0 max=0 n=0 to=0 | cancels=0(+0/s) seqbad=0 len_bad=17232 disc=0(0x00) | tot_n=0 tot_to=0 maxever=0 >2ms=0 >5ms=0 >15ms=0 >20ms=0 >30ms=0 | probes=0 wrfail=0 down=0s maxout=0s
  51.947  BLASTC comp=392 exkBps=93 cgap_us[min/avg/max]=2396/2551/7500
  51.947  BLAST phy=2/2 att=392 ok=392 enomem=0 err=0 call_us[min/avg/max]=2378/2539/7489 okgap_max_us=7500
  52.001  t=50s RTT mean=0 min=0 max=0 n=0 to=0 | cancels=0(+0/s) seqbad=0 len_bad=17624 disc=0(0x00) | tot_n=0 tot_to=0 maxever=0 >2ms=0 >5ms=0 >15ms=0 >20ms=0 >30ms=0 | probes=0 wrfail=0 down=0s maxout=0s
  53.899  BLASTC comp=386 exkBps=91 cgap_us[min/avg/max]=2394/2590/10106
  53.958  BLAST phy=2/2 att=386 ok=386 enomem=0 err=0 call_us[min/avg/max]=2382/2579/10095 okgap_max_us=10106
  53.958  t=51s RTT mean=0 min=0 max=0 n=0 to=0 | cancels=0(+0/s) seqbad=0 len_bad=18010 disc=0(0x00) | tot_n=0 tot_to=0 maxever=0 >2ms=0 >5ms=0 >15ms=0 >20ms=0 >30ms=0 | probes=0 wrfail=0 down=0s maxout=0s
  53.958  BLASTC comp=388 exkBps=92 cgap_us[min/avg/max]=2396/2577/15000
  53.958  BLAST phy=2/2 att=388 ok=388 enomem=0 err=0 call_us[min/avg/max]=2321/2565/14988 okgap_max_us=15000
  54.016  t=52s RTT mean=0 min=0 max=0 n=0 to=0 | cancels=0(+0/s) seqbad=0 len_bad=18398 disc=0(0x00) | tot_n=0 tot_to=0 maxever=0 >2ms=0 >5ms=0 >15ms=0 >20ms=0 >30ms=0 | probes=0 wrfail=0 down=0s maxout=0s
  55.948  BLASTC comp=393 exkBps=93 cgap_us[min/avg/max]=2394/2544/10105
  55.948  BLAST phy=2/2 att=393 ok=393 enomem=0 err=0 call_us[min/avg/max]=2378/2533/10095 okgap_max_us=10106
  55.948  t=53s RTT mean=0 min=0 max=0 n=0 to=0 | cancels=0(+0/s) seqbad=0 len_bad=18791 disc=0(0x00) | tot_n=0 tot_to=0 maxever=0 >2ms=0 >5ms=0 >15ms=0 >20ms=0 >30ms=0 | probes=0 wrfail=0 down=0s maxout=0s
  55.948  BLASTC comp=391 exkBps=93 cgap_us[min/avg/max]=2394/2557/7500
  55.948  BLAST phy=2/2 att=391 ok=391 enomem=0 err=0 call_us[min/avg/max]=2383/2546/7488 okgap_max_us=7500
  56.001  t=54s RTT mean=0 min=0 max=0 n=0 to=0 | cancels=0(+0/s) seqbad=0 len_bad=19182 disc=0(0x00) | tot_n=0 tot_to=0 maxever=0 >2ms=0 >5ms=0 >15ms=0 >20ms=0 >30ms=0 | probes=0 wrfail=0 down=0s maxout=0s
  57.948  BLASTC comp=374 exkBps=89 cgap_us[min/avg/max]=2373/2673/15001
  57.948  BLAST phy=2/2 att=374 ok=374 enomem=0 err=0 call_us[min/avg/max]=2303/2662/14990 okgap_max_us=15001
  57.948  t=55s RTT mean=0 min=0 max=0 n=0 to=0 | cancels=0(+0/s) seqbad=0 len_bad=19556 disc=0(0x00) | tot_n=0 tot_to=0 maxever=0 >2ms=0 >5ms=0 >15ms=0 >20ms=0 >30ms=0 | probes=0 wrfail=0 down=0s maxout=0s
  57.948  BLASTC comp=390 exkBps=92 cgap_us[min/avg/max]=2396/2564/7500
  57.948  BLAST phy=2/2 att=390 ok=390 enomem=0 err=0 call_us[min/avg/max]=2384/2552/7489 okgap_max_us=7501
  58.009  t=56s RTT mean=0 min=0 max=0 n=0 to=0 | cancels=0(+0/s) seqbad=0 len_bad=19946 disc=0(0x00) | tot_n=0 tot_to=0 maxever=0 >2ms=0 >5ms=0 >15ms=0 >20ms=0 >30ms=0 | probes=0 wrfail=0 down=0s maxout=0s
  59.902  BLASTC comp=395 exkBps=94 cgap_us[min/avg/max]=2394/2531/10106
  59.962  BLAST phy=2/2 att=395 ok=395 enomem=0 err=0 call_us[min/avg/max]=2383/2520/10095 okgap_max_us=10106
  59.962  t=57s RTT mean=0 min=0 max=0 n=0 to=0 | cancels=0(+0/s) seqbad=0 len_bad=20341 disc=0(0x00) | tot_n=0 tot_to=0 maxever=0 >2ms=0 >5ms=0 >15ms=0 >20ms=0 >30ms=0 | probes=0 wrfail=0 down=0s maxout=0s
  59.962  BLASTC comp=388 exkBps=92 cgap_us[min/avg/max]=2396/2577/10106
  59.962  BLAST phy=2/2 att=388 ok=388 enomem=0 err=0 call_us[min/avg/max]=2321/2565/10095 okgap_max_us=10106
  59.962  t=58s RTT mean=0 min=0 max=0 n=0 to=0 | cancels=0(+0/s) seqbad=0 len_bad=20729 disc=0(0x00) | tot_n=0 tot_to=0 maxever=0 >2ms=0 >5ms=0 >15ms=0 >20ms=0 >30ms=0 | probes=0 wrfail=0 down=0s maxout=0s
