   1.689  *** Booting Zephyr OS build v4.4.2-16-gfee9fbc62095 ***
   1.689  [00:53:51.929,286] [0m<inf> bt_hci_core: HW Platform: Nordic Semiconductor (0x0002)[0m
   1.750  [00:53:51.929,298] [0m<inf> bt_hci_core: HW Variant: nRF54Lx (0x0005)[0m
   1.750  [00:53:51.929,310] [0m<inf> bt_hci_core: Firmware: Standard Bluetooth controller (0x00) Version 4.4 Build 2[0m
   1.750  [00:53:51.929,652] [0m<inf> bt_hci_core: HCI transport: Controller[0m
   1.750  [00:53:51.929,698] [0m<inf> bt_hci_core: Identity: D6:C7:60:B1:D3:0E (random)[0m
   1.750  [00:53:51.929,715] [0m<inf> bt_hci_core: HCI: version 5.4 (0x0d) revision 0x0000, manufacturer 0x05f1[0m
   1.750  [00:53:51.929,730] [0m<inf> bt_hci_core: LMP: version 5.4 (0x0d) subver 0xffff[0m
   1.750  
   1.750  === nRF54L15 RTT ping-pong PERIPHERAL (echo) ===
   1.750  advertising
   3.137  GAP connected interval=25000
   3.137  PHY tx=2 rx=2
   3.137  P t=1s rxkBps=0 blkkBps=0 pongs=0(+0/s) cancels=0(+0/s) notify=0 disc=0(0x00) | echo rx=0 tx=0 pend=0 stale=0
   3.137  CCC: notify ENABLED
   4.737  P t=2s rxkBps=49 blkkBps=0 pongs=209(+209/s) cancels=0(+0/s) notify=1 disc=0(0x00) | echo rx=0 tx=0 pend=0 stale=0
   4.737  P t=3s rxkBps=94 blkkBps=0 pongs=607(+398/s) cancels=0(+0/s) notify=1 disc=0(0x00) | echo rx=0 tx=0 pend=0 stale=0
   6.721  P t=4s rxkBps=91 blkkBps=0 pongs=992(+385/s) cancels=0(+0/s) notify=1 disc=0(0x00) | echo rx=0 tx=0 pend=0 stale=0
   6.721  P t=5s rxkBps=92 blkkBps=0 pongs=1381(+389/s) cancels=0(+0/s) notify=1 disc=0(0x00) | echo rx=0 tx=0 pend=0 stale=0
   8.697  P t=6s rxkBps=94 blkkBps=0 pongs=1776(+395/s) cancels=0(+0/s) notify=1 disc=0(0x00) | echo rx=0 tx=0 pend=0 stale=0
   8.697  P t=7s rxkBps=93 blkkBps=0 pongs=2169(+393/s) cancels=0(+0/s) notify=1 disc=0(0x00) | echo rx=0 tx=0 pend=0 stale=0
  10.693  P t=8s rxkBps=93 blkkBps=0 pongs=2560(+391/s) cancels=0(+0/s) notify=1 disc=0(0x00) | echo rx=0 tx=0 pend=0 stale=0
  10.744  P t=9s rxkBps=94 blkkBps=0 pongs=2956(+396/s) cancels=0(+0/s) notify=1 disc=0(0x00) | echo rx=0 tx=0 pend=0 stale=0
  12.692  P t=10s rxkBps=94 blkkBps=0 pongs=3352(+396/s) cancels=0(+0/s) notify=1 disc=0(0x00) | echo rx=0 tx=0 pend=0 stale=0
  12.752  P t=11s rxkBps=94 blkkBps=0 pongs=3750(+398/s) cancels=0(+0/s) notify=1 disc=0(0x00) | echo rx=0 tx=0 pend=0 stale=0
  14.696  P t=12s rxkBps=92 blkkBps=0 pongs=4137(+387/s) cancels=0(+0/s) notify=1 disc=0(0x00) | echo rx=0 tx=0 pend=0 stale=0
  14.756  P t=13s rxkBps=87 blkkBps=0 pongs=4503(+366/s) cancels=0(+0/s) notify=1 disc=0(0x00) | echo rx=0 tx=0 pend=0 stale=0
  16.727  P t=14s rxkBps=93 blkkBps=0 pongs=4894(+391/s) cancels=0(+0/s) notify=1 disc=0(0x00) | echo rx=0 tx=0 pend=0 stale=0
  16.727  P t=15s rxkBps=92 blkkBps=0 pongs=5281(+387/s) cancels=0(+0/s) notify=1 disc=0(0x00) | echo rx=0 tx=0 pend=0 stale=0
  18.719  P t=16s rxkBps=92 blkkBps=0 pongs=5670(+389/s) cancels=0(+0/s) notify=1 disc=0(0x00) | echo rx=0 tx=0 pend=0 stale=0
  18.719  P t=17s rxkBps=90 blkkBps=0 pongs=6051(+381/s) cancels=0(+0/s) notify=1 disc=0(0x00) | echo rx=0 tx=0 pend=0 stale=0
  20.692  P t=18s rxkBps=93 blkkBps=0 pongs=6444(+393/s) cancels=0(+0/s) notify=1 disc=0(0x00) | echo rx=0 tx=0 pend=0 stale=0
  20.744  P t=19s rxkBps=89 blkkBps=0 pongs=6821(+377/s) cancels=0(+0/s) notify=1 disc=0(0x00) | echo rx=0 tx=0 pend=0 stale=0
  22.705  P t=20s rxkBps=93 blkkBps=0 pongs=7213(+392/s) cancels=0(+0/s) notify=1 disc=0(0x00) | echo rx=0 tx=0 pend=0 stale=0
  22.705  P t=21s rxkBps=86 blkkBps=0 pongs=7574(+361/s) cancels=0(+0/s) notify=1 disc=0(0x00) | echo rx=0 tx=0 pend=0 stale=0
  24.732  P t=22s rxkBps=91 blkkBps=0 pongs=7957(+383/s) cancels=0(+0/s) notify=1 disc=0(0x00) | echo rx=0 tx=0 pend=0 stale=0
  24.732  P t=23s rxkBps=91 blkkBps=0 pongs=8340(+383/s) cancels=0(+0/s) notify=1 disc=0(0x00) | echo rx=0 tx=0 pend=0 stale=0
  26.717  P t=24s rxkBps=90 blkkBps=0 pongs=8718(+378/s) cancels=0(+0/s) notify=1 disc=0(0x00) | echo rx=0 tx=0 pend=0 stale=0
  26.717  P t=25s rxkBps=90 blkkBps=0 pongs=9099(+381/s) cancels=0(+0/s) notify=1 disc=0(0x00) | echo rx=0 tx=0 pend=0 stale=0
  28.701  P t=26s rxkBps=84 blkkBps=0 pongs=9453(+354/s) cancels=0(+0/s) notify=1 disc=0(0x00) | echo rx=0 tx=0 pend=0 stale=0
  28.701  P t=27s rxkBps=90 blkkBps=0 pongs=9831(+378/s) cancels=0(+0/s) notify=1 disc=0(0x00) | echo rx=0 tx=0 pend=0 stale=0
  30.731  P t=28s rxkBps=87 blkkBps=0 pongs=10198(+367/s) cancels=0(+0/s) notify=1 disc=0(0x00) | echo rx=0 tx=0 pend=0 stale=0
  30.731  P t=29s rxkBps=91 blkkBps=0 pongs=10580(+382/s) cancels=0(+0/s) notify=1 disc=0(0x00) | echo rx=0 tx=0 pend=0 stale=0
  32.689  P t=30s rxkBps=85 blkkBps=0 pongs=10937(+357/s) cancels=0(+0/s) notify=1 disc=0(0x00) | echo rx=0 tx=0 pend=0 stale=0
  32.744  P t=31s rxkBps=87 blkkBps=0 pongs=11305(+368/s) cancels=0(+0/s) notify=1 disc=0(0x00) | echo rx=0 tx=0 pend=0 stale=0
  34.707  P t=32s rxkBps=81 blkkBps=0 pongs=11645(+340/s) cancels=0(+0/s) notify=1 disc=0(0x00) | echo rx=0 tx=0 pend=0 stale=0
  34.707  P t=33s rxkBps=89 blkkBps=0 pongs=12022(+377/s) cancels=0(+0/s) notify=1 disc=0(0x00) | echo rx=0 tx=0 pend=0 stale=0
  36.714  P t=34s rxkBps=90 blkkBps=0 pongs=12401(+379/s) cancels=0(+0/s) notify=1 disc=0(0x00) | echo rx=0 tx=0 pend=0 stale=0
  36.714  P t=35s rxkBps=89 blkkBps=0 pongs=12775(+374/s) cancels=0(+0/s) notify=1 disc=0(0x00) | echo rx=0 tx=0 pend=0 stale=0
  38.694  P t=36s rxkBps=92 blkkBps=0 pongs=13165(+390/s) cancels=0(+0/s) notify=1 disc=0(0x00) | echo rx=0 tx=0 pend=0 stale=0
  38.750  P t=37s rxkBps=91 blkkBps=0 pongs=13550(+385/s) cancels=0(+0/s) notify=1 disc=0(0x00) | echo rx=0 tx=0 pend=0 stale=0
  40.712  P t=38s rxkBps=89 blkkBps=0 pongs=13927(+377/s) cancels=0(+0/s) notify=1 disc=0(0x00) | echo rx=0 tx=0 pend=0 stale=0
  40.712  P t=39s rxkBps=91 blkkBps=0 pongs=14312(+385/s) cancels=0(+0/s) notify=1 disc=0(0x00) | echo rx=0 tx=0 pend=0 stale=0
  42.739  P t=40s rxkBps=89 blkkBps=0 pongs=14687(+375/s) cancels=0(+0/s) notify=1 disc=0(0x00) | echo rx=0 tx=0 pend=0 stale=0
  42.740  P t=41s rxkBps=89 blkkBps=0 pongs=15063(+376/s) cancels=0(+0/s) notify=1 disc=0(0x00) | echo rx=0 tx=0 pend=0 stale=0
  44.707  P t=42s rxkBps=92 blkkBps=0 pongs=15451(+388/s) cancels=0(+0/s) notify=1 disc=0(0x00) | echo rx=0 tx=0 pend=0 stale=0
  44.707  P t=43s rxkBps=89 blkkBps=0 pongs=15828(+377/s) cancels=0(+0/s) notify=1 disc=0(0x00) | echo rx=0 tx=0 pend=0 stale=0
  46.727  P t=44s rxkBps=87 blkkBps=0 pongs=16196(+368/s) cancels=0(+0/s) notify=1 disc=0(0x00) | echo rx=0 tx=0 pend=0 stale=0
  46.728  P t=45s rxkBps=92 blkkBps=0 pongs=16586(+390/s) cancels=0(+0/s) notify=1 disc=0(0x00) | echo rx=0 tx=0 pend=0 stale=0
  48.698  P t=46s rxkBps=86 blkkBps=0 pongs=16947(+361/s) cancels=0(+0/s) notify=1 disc=0(0x00) | echo rx=0 tx=0 pend=0 stale=0
  48.759  P t=47s rxkBps=92 blkkBps=0 pongs=17334(+387/s) cancels=0(+0/s) notify=1 disc=0(0x00) | echo rx=0 tx=0 pend=0 stale=0
  50.725  P t=48s rxkBps=87 blkkBps=0 pongs=17701(+367/s) cancels=0(+0/s) notify=1 disc=0(0x00) | echo rx=0 tx=0 pend=0 stale=0
  50.725  P t=49s rxkBps=90 blkkBps=0 pongs=18082(+381/s) cancels=0(+0/s) notify=1 disc=0(0x00) | echo rx=0 tx=0 pend=0 stale=0
  52.707  P t=50s rxkBps=94 blkkBps=0 pongs=18478(+396/s) cancels=0(+0/s) notify=1 disc=0(0x00) | echo rx=0 tx=0 pend=0 stale=0
  52.707  P t=51s rxkBps=90 blkkBps=0 pongs=18859(+381/s) cancels=0(+0/s) notify=1 disc=0(0x00) | echo rx=0 tx=0 pend=0 stale=0
  54.722  P t=52s rxkBps=91 blkkBps=0 pongs=19245(+386/s) cancels=0(+0/s) notify=1 disc=0(0x00) | echo rx=0 tx=0 pend=0 stale=0
  54.722  P t=53s rxkBps=94 blkkBps=0 pongs=19640(+395/s) cancels=0(+0/s) notify=1 disc=0(0x00) | echo rx=0 tx=0 pend=0 stale=0
  56.697  P t=54s rxkBps=85 blkkBps=0 pongs=19998(+358/s) cancels=0(+0/s) notify=1 disc=0(0x00) | echo rx=0 tx=0 pend=0 stale=0
  56.757  P t=55s rxkBps=69 blkkBps=0 pongs=20288(+290/s) cancels=0(+0/s) notify=1 disc=0(0x00) | echo rx=0 tx=0 pend=0 stale=0
  58.695  P t=56s rxkBps=85 blkkBps=0 pongs=20647(+359/s) cancels=0(+0/s) notify=1 disc=0(0x00) | echo rx=0 tx=0 pend=0 stale=0
  58.755  P t=57s rxkBps=94 blkkBps=0 pongs=21042(+395/s) cancels=0(+0/s) notify=1 disc=0(0x00) | echo rx=0 tx=0 pend=0 stale=0
