   2.039  *** Booting Zephyr OS build v4.4.2-16-gfee9fbc62095 ***
   2.039  
   2.039  === CoC latency-under-load CENTRAL (bulk 480 + ping-pong stop-signal) ===
   2.039  Q2CONN AA=502d4f07 CRCINIT=25c4e6 hop=6 chan_count=37 map=ffffffff1f
   2.091  GAP connected
   2.145  DLE: tx_max=27 rx_max=251
   2.197  PHY: tx=2 rx=2 (2=2M)
   2.247  DLE: tx_max=251 rx_max=251
   2.298  l2cap_chan_connect rc=0
   2.298  L2CAP connected: tx.mtu=512 tx.mps=247 rx.mtu=512 rx.mps=247
   2.298  GATE conn: interval=12 (units 1.25ms) => 15.00 ms
   2.298  Q3FSU-REQ rc=0 min=52 max=150
   2.353  Q3FSU-DONE status=0x00 spacing=52
   3.369  LAT: pings=14 rtt_us[min/mean/max]=24840/49647/208550 over30ms=2 timeouts=0 | bulk=273(+273 SDU) eagain=0 fsu=52
   4.391  LAT: pings=4 rtt_us[min/mean/max]=184952/185543/187303 over30ms=4 timeouts=0 | bulk=681(+408 SDU) eagain=0 fsu=52
   5.412  LAT: pings=4 rtt_us[min/mean/max]=184961/196513/227677 over30ms=4 timeouts=0 | bulk=1069(+388 SDU) eagain=0 fsu=52
   6.390  LAT: pings=4 rtt_us[min/mean/max]=186164/186921/187984 over30ms=4 timeouts=0 | bulk=1477(+408 SDU) eagain=0 fsu=52
   7.405  LAT: pings=4 rtt_us[min/mean/max]=187083/187670/188281 over30ms=4 timeouts=0 | bulk=1885(+408 SDU) eagain=0 fsu=52
   8.418  LAT: pings=4 rtt_us[min/mean/max]=187083/188806/190570 over30ms=4 timeouts=0 | bulk=2293(+408 SDU) eagain=0 fsu=52
   9.432  LAT: pings=4 rtt_us[min/mean/max]=186789/187518/189136 over30ms=4 timeouts=0 | bulk=2680(+387 SDU) eagain=0 fsu=52
  10.452  LAT: pings=4 rtt_us[min/mean/max]=187083/187370/188233 over30ms=4 timeouts=0 | bulk=3088(+408 SDU) eagain=0 fsu=52
  11.475  LAT: pings=3 rtt_us[min/mean/max]=187012/188203/189430 over30ms=3 timeouts=0 | bulk=3496(+408 SDU) eagain=0 fsu=52
  12.502  LAT: pings=4 rtt_us[min/mean/max]=186160/187471/189359 over30ms=4 timeouts=0 | bulk=3904(+408 SDU) eagain=0 fsu=52
  13.478  LAT: pings=4 rtt_us[min/mean/max]=186160/187032/187352 over30ms=4 timeouts=0 | bulk=4291(+387 SDU) eagain=0 fsu=52
  14.494  LAT: pings=4 rtt_us[min/mean/max]=187082/188842/190626 over30ms=4 timeouts=0 | bulk=4699(+408 SDU) eagain=0 fsu=52
  15.504  LAT: pings=4 rtt_us[min/mean/max]=186152/187131/188224 over30ms=4 timeouts=0 | bulk=5107(+408 SDU) eagain=0 fsu=52
