   1.717  *** Booting Zephyr OS build v4.4.2-16-gfee9fbc62095 ***
   1.717  
   1.717  === CoC latency-under-load SINK/echo (Zephyr 4.4.1, seg_recv) ===
   1.717  L2CAP server on PSM 0x0080
   1.717  Advertising as 'zenoh-nrf-l2cap'
   2.091  GAP connected: interval=12
   2.145  DLE updated: tx_max=251 rx_max=27
   2.197  PHY updated: tx=2 rx=2
   2.298  DLE updated: tx_max=251 rx_max=251
   2.298  CoC up — coclat sink ready (RX_CREDITS=64, MPS=247)
   2.729  SINK rx: 0 KB/s (0 B / 1000 ms) fsu=52 | cum_total=0 B cum_segs=0 | echoes=9 fail=0
   3.741  SINK rx: 159 KB/s (163200 B / 1000 ms) fsu=52 | cum_total=163200 B cum_segs=680 | echoes=15 fail=0
   4.773  SINK rx: 188 KB/s (193440 B / 1000 ms) fsu=52 | cum_total=356640 B cum_segs=1486 | echoes=19 fail=0
   5.794  SINK rx: 188 KB/s (192960 B / 1000 ms) fsu=52 | cum_total=549600 B cum_segs=2290 | echoes=23 fail=0
   6.813  SINK rx: 188 KB/s (192960 B / 1000 ms) fsu=52 | cum_total=742560 B cum_segs=3094 | echoes=27 fail=0
   7.778  SINK rx: 188 KB/s (192960 B / 1000 ms) fsu=52 | cum_total=935520 B cum_segs=3898 | echoes=31 fail=0
   8.789  SINK rx: 188 KB/s (192725 B / 1000 ms) fsu=52 | cum_total=1128245 B cum_segs=4701 | echoes=35 fail=0
   9.808  SINK rx: 188 KB/s (193195 B / 1000 ms) fsu=52 | cum_total=1321440 B cum_segs=5506 | echoes=39 fail=0
  10.830  SINK rx: 188 KB/s (192725 B / 1000 ms) fsu=52 | cum_total=1514165 B cum_segs=6309 | echoes=43 fail=0
  11.855  SINK rx: 188 KB/s (193440 B / 1000 ms) fsu=52 | cum_total=1707605 B cum_segs=7115 | echoes=47 fail=0
  12.829  SINK rx: 188 KB/s (193440 B / 1000 ms) fsu=52 | cum_total=1901045 B cum_segs=7921 | echoes=51 fail=0
  13.844  SINK rx: 188 KB/s (192715 B / 1000 ms) fsu=52 | cum_total=2093760 B cum_segs=8724 | echoes=55 fail=0
  14.869  SINK rx: 188 KB/s (192725 B / 1000 ms) fsu=52 | cum_total=2286485 B cum_segs=9527 | echoes=59 fail=0
  15.882  SINK rx: 189 KB/s (193675 B / 1000 ms) fsu=52 | cum_total=2480160 B cum_segs=10334 | echoes=63 fail=0
