   1.714  *** Booting Zephyr OS build v4.4.2-16-gfee9fbc62095 ***
   1.714  
   1.714  === TWO-CHANNEL CoC SINK (bulk 0x80 + control 0x81) ===
   1.714  L2CAP servers on 0x0080 + 0x0081
   1.714  Advertising
   2.084  GAP connected interval=12
   2.140  DLE tx=251 rx=27
   2.195  PHY tx=2 rx=2
   2.298  DLE tx=251 rx=251
   2.298  BULK up
   2.298  CTRL up
   2.721  SINK rx: 0 KB/s (0 B) fsu=52 | cum=0 segs=0 | echoes=9 fail=0 ctrl=1
   3.739  SINK rx: 161 KB/s (165120 B) fsu=52 | cum=165120 segs=688 | echoes=28 fail=0 ctrl=1
   4.751  SINK rx: 187 KB/s (192480 B) fsu=52 | cum=357600 segs=1490 | echoes=47 fail=0 ctrl=1
   5.726  SINK rx: 187 KB/s (192480 B) fsu=52 | cum=550080 segs=2292 | echoes=67 fail=0 ctrl=1
   6.752  SINK rx: 184 KB/s (188885 B) fsu=52 | cum=738965 segs=3079 | echoes=86 fail=0 ctrl=1
   7.773  SINK rx: 187 KB/s (192000 B) fsu=52 | cum=930965 segs=3879 | echoes=106 fail=0 ctrl=1
   8.790  SINK rx: 187 KB/s (191755 B) fsu=52 | cum=1122720 segs=4678 | echoes=125 fail=0 ctrl=1
   9.803  SINK rx: 186 KB/s (190560 B) fsu=52 | cum=1313280 segs=5472 | echoes=144 fail=0 ctrl=1
  10.813  SINK rx: 185 KB/s (190080 B) fsu=52 | cum=1503360 segs=6264 | echoes=164 fail=0 ctrl=1
  11.775  SINK rx: 185 KB/s (189600 B) fsu=52 | cum=1692960 segs=7054 | echoes=183 fail=0 ctrl=1
  12.796  SINK rx: 188 KB/s (193205 B) fsu=52 | cum=1886165 segs=7859 | echoes=203 fail=0 ctrl=1
  13.816  SINK rx: 187 KB/s (191520 B) fsu=52 | cum=2077685 segs=8657 | echoes=222 fail=0 ctrl=1
  14.831  SINK rx: 187 KB/s (192235 B) fsu=52 | cum=2269920 segs=9458 | echoes=242 fail=0 ctrl=1
  15.851  SINK rx: 187 KB/s (191765 B) fsu=52 | cum=2461685 segs=10257 | echoes=261 fail=0 ctrl=1
