    0.27 *** Booting Zephyr OS build v4.4.1-14-g9999e0404460 ***
    0.28 [00:00:00.002,940] [0m<inf> bt_hci_core: HW Platform: Nordic Semiconductor (0x0002)[0m
    0.29 [00:00:00.002,953] [0m<inf> bt_hci_core: HW Variant: nRF54Lx (0x0005)[0m
    0.30 [00:00:00.002,964] [0m<inf> bt_hci_core: Firmware: Standard Bluetooth controller (0x00) Version 4.4 Build 1[0m
    0.30 [00:00:00.003,340] [0m<inf> bt_hci_core: HCI transport: Controller[0m
    0.31 [00:00:00.003,387] [0m<inf> bt_hci_core: Identity: D6:C7:60:B1:D3:0E (random)[0m
    0.32 [00:00:00.003,403] [0m<inf> bt_hci_core: HCI: version 5.4 (0x0d) revision 0x0000, manufacturer 0x05f1[0m
    0.33 [00:00:00.003,418] [0m<inf> bt_hci_core: LMP: version 5.4 (0x0d) subver 0xffff[0m
    0.33 
    0.33 === nRF54L15 RTT ping-pong CENTRAL ===
    0.33 scan rc=0
    0.34 Q2CONN AA=97decc51 CRCINIT=2a2a5b hop=10 chan_count=37 map=ffffffff1f
    0.34 GAP connected interval=50000
    1.37 MTU err=0 mtu=247
    1.37 PHY tx=2 rx=2
    1.38 t=1s RTT mean=0 min=0 max=0 n=0 to=0 | cancels=0(+0/s) seqbad=0 len_bad=0 disc=0(0x00) | tot_n=0 tot_to=0 maxever=0 >2ms=0 >5ms=0 >15ms=0 >20ms=0 >30ms=0 | probes=0 wrfail=0 down=1s maxout=1s
    1.39 discovery start (post-PHY +500ms) interval=50000 phy2m=1
    1.63 SUBSCRIBED, vh=14
    1.63 BLAST: phy_update->2M rc=0
    1.64 BLASTC comp=1 exkBps=0 cgap_us[min/avg/max]=4294967295/0/0
    1.64 BLAST phy=2/2 att=1 ok=1 enomem=0 err=0 call_us[min/avg/max]=126/126/126 okgap_max_us=0
    1.65 EVFILL(ss=0) events=27 avg_pe=1.03 max=2 fmd_arm=0 | 0:0 1-4:27 5-14:0 15-29:0 30-41:0 42+:0
    1.66 BLAST first16_call_us: 126 126 121 121 121 121 122 122 121 121 121 121 122 121 121 121
    2.76 PHY tx=2 rx=2
    2.78 t=2s RTT mean=0 min=0 max=0 n=0 to=0 | cancels=0(+0/s) seqbad=0 len_bad=0 disc=0(0x00) | tot_n=0 tot_to=0 maxever=0 >2ms=0 >5ms=0 >15ms=0 >20ms=0 >30ms=0 | probes=0 wrfail=0 down=1s maxout=1s
    2.79 BLASTC comp=252 exkBps=0 cgap_us[min/avg/max]=131/2762/188800
    2.80 BLAST phy=2/2 att=300 ok=300 enomem=0 err=0 call_us[min/avg/max]=52/2308/185851 okgap_max_us=185862
    2.81 EVFILL(ss=0) events=40 avg_pe=6.05 max=36 fmd_arm=0 | 0:1 1-4:32 5-14:0 15-29:2 30-41:5 42+:0
    4.27 BLASTC comp=519 exkBps=0 cgap_us[min/avg/max]=1390/1833/48608
    4.28 BLAST phy=2/2 att=519 ok=519 enomem=0 err=0 call_us[min/avg/max]=1281/1821/48598 okgap_max_us=52747
    4.29 EVFILL(ss=0) events=59 avg_pe=13.06 max=36 fmd_arm=0 | 0:1 1-4:34 5-14:2 15-29:3 30-41:19 42+:0
    4.31 t=3s RTT mean=0 min=0 max=0 n=0 to=0 | cancels=0(+0/s) seqbad=0 len_bad=0 disc=0(0x00) | tot_n=0 tot_to=0 maxever=0 >2ms=0 >5ms=0 >15ms=0 >20ms=0 >30ms=0 | probes=0 wrfail=0 down=1s maxout=1s
    4.32 BLASTC comp=635 exkBps=0 cgap_us[min/avg/max]=1388/1574/41642
    4.33 BLAST phy=2/2 att=635 ok=635 enomem=0 err=0 call_us[min/avg/max]=1285/1563/41632 okgap_max_us=41644
    4.34 EVFILL(ss=0) events=79 avg_pe=17.83 max=36 fmd_arm=0 | 0:1 1-4:34 5-14:4 15-29:4 30-41:36 42+:0
    4.36 t=4s RTT mean=0 min=0 max=0 n=0 to=0 | cancels=0(+0/s) seqbad=0 len_bad=0 disc=0(0x00) | tot_n=0 tot_to=0 maxever=0 >2ms=0 >5ms=0 >15ms=0 >20ms=0 >30ms=0 | probes=0 wrfail=0 down=1s maxout=1s
    6.27 BLASTC comp=523 exkBps=0 cgap_us[min/avg/max]=1389/1912/50001
    6.28 BLAST phy=2/2 att=523 ok=523 enomem=0 err=0 call_us[min/avg/max]=1266/1900/49990 okgap_max_us=50001
    6.29 EVFILL(ss=0) events=99 avg_pe=19.58 max=36 fmd_arm=0 | 0:1 1-4:37 5-14:7 15-29:4 30-41:50 42+:0
    6.31 t=5s RTT mean=0 min=0 max=0 n=0 to=0 | cancels=0(+0/s) seqbad=0 len_bad=0 disc=0(0x00) | tot_n=0 tot_to=0 maxever=0 >2ms=0 >5ms=0 >15ms=0 >20ms=0 >30ms=0 | probes=0 wrfail=0 down=1s maxout=1s
    6.32 BLASTC comp=593 exkBps=0 cgap_us[min/avg/max]=1389/1686/50001
    6.33 BLAST phy=2/2 att=593 ok=593 enomem=0 err=0 call_us[min/avg/max]=1286/1674/49990 okgap_max_us=50001
    6.34 EVFILL(ss=0) events=119 avg_pe=21.33 max=36 fmd_arm=0 | 0:1 1-4:38 5-14:9 15-29:5 30-41:66 42+:0
    6.36 t=6s RTT mean=0 min=0 max=0 n=0 to=0 | cancels=0(+0/s) seqbad=0 len_bad=0 disc=0(0x00) | tot_n=0 tot_to=0 maxever=0 >2ms=0 >5ms=0 >15ms=0 >20ms=0 >30ms=0 | probes=0 wrfail=0 down=1s maxout=1s
    8.27 BLASTC comp=596 exkBps=0 cgap_us[min/avg/max]=1388/1677/40250
    8.28 BLAST phy=2/2 att=596 ok=596 enomem=0 err=0 call_us[min/avg/max]=1266/1666/40233 okgap_max_us=40244
    8.29 EVFILL(ss=0) events=139 avg_pe=22.59 max=36 fmd_arm=0 | 0:1 1-4:38 5-14:11 15-29:8 30-41:81 42+:0
    8.31 t=7s RTT mean=0 min=0 max=0 n=0 to=0 | cancels=0(+0/s) seqbad=0 len_bad=0 disc=0(0x00) | tot_n=0 tot_to=0 maxever=0 >2ms=0 >5ms=0 >15ms=0 >20ms=0 >30ms=0 | probes=0 wrfail=0 down=1s maxout=1s
    8.32 BLASTC comp=658 exkBps=0 cgap_us[min/avg/max]=1387/1519/38856
    8.33 BLAST phy=2/2 att=658 ok=658 enomem=0 err=0 call_us[min/avg/max]=1288/1508/38846 okgap_max_us=38857
    8.34 EVFILL(ss=1) events=0 avg_pe=0.00 max=0 fmd_arm=0 | 0:0 1-4:0 5-14:0 15-29:0 30-41:0 42+:0
    8.36 t=8s RTT mean=0 min=0 max=0 n=0 to=0 | cancels=0(+0/s) seqbad=0 len_bad=0 disc=0(0x00) | tot_n=0 tot_to=0 maxever=0 >2ms=0 >5ms=0 >15ms=0 >20ms=0 >30ms=0 | probes=0 wrfail=0 down=1s maxout=1s
   10.27 BLASTC comp=501 exkBps=0 cgap_us[min/avg/max]=1388/1996/50001
   10.28 BLAST phy=2/2 att=501 ok=501 enomem=0 err=0 call_us[min/avg/max]=1264/1984/49990 okgap_max_us=50001
   10.29 EVFILL(ss=1) events=20 avg_pe=25.95 max=35 fmd_arm=0 | 0:0 1-4:1 5-14:4 15-29:4 30-41:11 42+:0
   10.31 t=9s RTT mean=0 min=0 max=0 n=0 to=0 | cancels=0(+0/s) seqbad=0 len_bad=0 disc=0(0x00) | tot_n=0 tot_to=0 maxever=0 >2ms=0 >5ms=0 >15ms=0 >20ms=0 >30ms=0 | probes=0 wrfail=0 down=1s maxout=1s
   10.32 BLASTC comp=556 exkBps=0 cgap_us[min/avg/max]=1381/1798/52637
   10.33 BLAST phy=2/2 att=556 ok=556 enomem=0 err=0 call_us[min/avg/max]=1272/1787/52626 okgap_max_us=52637
   10.34 EVFILL(ss=1) events=40 avg_pe=27.05 max=35 fmd_arm=0 | 0:1 1-4:2 5-14:6 15-29:5 30-41:26 42+:0
   10.36 t=10s RTT mean=0 min=0 max=0 n=0 to=0 | cancels=0(+0/s) seqbad=0 len_bad=0 disc=0(0x00) | tot_n=0 tot_to=0 maxever=0 >2ms=0 >5ms=0 >15ms=0 >20ms=0 >30ms=0 | probes=0 wrfail=0 down=1s maxout=1s
   12.27 BLASTC comp=639 exkBps=0 cgap_us[min/avg/max]=1384/1564/44429
   12.28 BLAST phy=2/2 att=639 ok=639 enomem=0 err=0 call_us[min/avg/max]=1255/1553/44418 okgap_max_us=44430
   12.29 EVFILL(ss=1) events=60 avg_pe=28.76 max=35 fmd_arm=0 | 0:1 1-4:2 5-14:7 15-29:7 30-41:43 42+:0
   12.31 t=11s RTT mean=0 min=0 max=0 n=0 to=0 | cancels=0(+0/s) seqbad=0 len_bad=0 disc=0(0x00) | tot_n=0 tot_to=0 maxever=0 >2ms=0 >5ms=0 >15ms=0 >20ms=0 >30ms=0 | probes=0 wrfail=0 down=1s maxout=1s
   12.32 BLASTC comp=614 exkBps=0 cgap_us[min/avg/max]=1389/1628/44428
   12.33 BLAST phy=2/2 att=614 ok=614 enomem=0 err=0 call_us[min/avg/max]=1280/1617/44418 okgap_max_us=44429
   12.34 EVFILL(ss=1) events=80 avg_pe=29.31 max=35 fmd_arm=0 | 0:1 1-4:2 5-14:10 15-29:7 30-41:60 42+:0
   12.36 t=12s RTT mean=0 min=0 max=0 n=0 to=0 | cancels=0(+0/s) seqbad=0 len_bad=0 disc=0(0x00) | tot_n=0 tot_to=0 maxever=0 >2ms=0 >5ms=0 >15ms=0 >20ms=0 >30ms=0 | probes=0 wrfail=0 down=1s maxout=1s
   14.27 BLASTC comp=658 exkBps=0 cgap_us[min/avg/max]=1384/1519/41643
   14.28 BLAST phy=2/2 att=658 ok=658 enomem=0 err=0 call_us[min/avg/max]=1256/1508/41633 okgap_max_us=41644
   14.29 EVFILL(ss=1) events=100 avg_pe=30.08 max=35 fmd_arm=0 | 0:1 1-4:2 5-14:11 15-29:8 30-41:78 42+:0
   14.31 t=13s RTT mean=0 min=0 max=0 n=0 to=0 | cancels=0(+0/s) seqbad=0 len_bad=0 disc=0(0x00) | tot_n=0 tot_to=0 maxever=0 >2ms=0 >5ms=0 >15ms=0 >20ms=0 >30ms=0 | probes=0 wrfail=0 down=1s maxout=1s
   14.31 BLASTC comp=552 exkBps=0 cgap_us[min/avg/max]=1391/1811/52638
   14.32 BLAST phy=2/2 att=552 ok=552 enomem=0 err=0 call_us[min/avg/max]=1279/1800/52628 okgap_max_us=52640
   14.33 EVFILL(ss=1) events=120 avg_pe=29.69 max=35 fmd_arm=0 | 0:3 1-4:3 5-14:12 15-29:9 30-41:93 42+:0
   14.35 t=14s RTT mean=0 min=0 max=0 n=0 to=0 | cancels=0(+0/s) seqbad=0 len_bad=0 disc=0(0x00) | tot_n=0 tot_to=0 maxever=0 >2ms=0 >5ms=0 >15ms=0 >20ms=0 >30ms=0 | probes=0 wrfail=0 down=1s maxout=1s
   16.27 BLASTC comp=473 exkBps=0 cgap_us[min/avg/max]=1384/2114/52636
   16.28 BLAST phy=2/2 att=473 ok=473 enomem=0 err=0 call_us[min/avg/max]=1255/2102/52625 okgap_max_us=52636
   16.29 EVFILL(ss=1) events=140 avg_pe=28.90 max=35 fmd_arm=0 | 0:3 1-4:5 5-14:16 15-29:13 30-41:103 42+:0
   16.31 t=15s RTT mean=0 min=0 max=0 n=0 to=0 | cancels=0(+0/s) seqbad=0 len_bad=0 disc=0(0x00) | tot_n=0 tot_to=0 maxever=0 >2ms=0 >5ms=0 >15ms=0 >20ms=0 >30ms=0 | probes=0 wrfail=0 down=1s maxout=1s
   16.32 BLASTC comp=453 exkBps=0 cgap_us[min/avg/max]=1388/2207/99999
   16.33 BLAST phy=2/2 att=453 ok=453 enomem=0 err=0 call_us[min/avg/max]=1279/2196/99988 okgap_max_us=100000
   16.34 EVFILL(ss=1) events=160 avg_pe=28.18 max=35 fmd_arm=0 | 0:5 1-4:8 5-14:17 15-29:17 30-41:113 42+:0
   16.36 t=16s RTT mean=0 min=0 max=0 n=0 to=0 | cancels=0(+0/s) seqbad=0 len_bad=0 disc=0(0x00) | tot_n=0 tot_to=0 maxever=0 >2ms=0 >5ms=0 >15ms=0 >20ms=0 >30ms=0 | probes=0 wrfail=0 down=1s maxout=1s
   18.27 BLASTC comp=598 exkBps=0 cgap_us[min/avg/max]=1384/1672/63782
   18.28 BLAST phy=2/2 att=598 ok=598 enomem=0 err=0 call_us[min/avg/max]=1255/1660/63765 okgap_max_us=63776
   18.29 EVFILL(ss=1) events=180 avg_pe=28.41 max=35 fmd_arm=0 | 0:5 1-4:10 5-14:17 15-29:19 30-41:129 42+:0
   18.31 t=17s RTT mean=0 min=0 max=0 n=0 to=0 | cancels=0(+0/s) seqbad=0 len_bad=0 disc=0(0x00) | tot_n=0 tot_to=0 maxever=0 >2ms=0 >5ms=0 >15ms=0 >20ms=0 >30ms=0 | probes=0 wrfail=0 down=1s maxout=1s
   18.32 t=18s RTT mean=0 min=0 max=0 n=0 to=0 | cancels=0(+0/s) seqbad=0 len_bad=0 disc=0(0x00) | tot_n=0 tot_to=0 maxever=0 >2ms=0 >5ms=0 >15ms=0 >20ms=0 >30ms=0 | probes=0 wrfail=0 down=1s maxout=1s
   18.33 BLASTC comp=476 exkBps=0 cgap_us[min/avg/max]=1382/2202/52631
   18.34 BLAST phy=2/2 att=476 ok=476 enomem=0 err=0 call_us[min/avg/max]=1279/2191/52626 okgap_max_us=48609
   18.35 EVFILL(ss=1) events=201 avg_pe=27.90 max=35 fmd_arm=0 | 0:6 1-4:12 5-14:22 15-29:20 30-41:141 42+:0
   20.27 BLASTC comp=515 exkBps=0 cgap_us[min/avg/max]=1390/1847/80503
   20.28 BLAST phy=2/2 att=515 ok=515 enomem=0 err=0 call_us[min/avg/max]=1277/1835/80485 okgap_max_us=80497
   20.29 EVFILL(ss=1) events=220 avg_pe=27.84 max=35 fmd_arm=0 | 0:7 1-4:13 5-14:24 15-29:22 30-41:154 42+:0
   20.31 t=19s RTT mean=0 min=0 max=0 n=0 to=0 | cancels=0(+0/s) seqbad=0 len_bad=0 disc=0(0x00) | tot_n=0 tot_to=0 maxever=0 >2ms=0 >5ms=0 >15ms=0 >20ms=0 >30ms=0 | probes=0 wrfail=0 down=1s maxout=1s
   20.32 BLASTC comp=605 exkBps=0 cgap_us[min/avg/max]=1388/1652/52637
   20.33 BLAST phy=2/2 att=605 ok=605 enomem=0 err=0 call_us[min/avg/max]=1279/1641/52626 okgap_max_us=52637
   20.34 EVFILL(ss=1) events=240 avg_pe=28.05 max=35 fmd_arm=0 | 0:8 1-4:14 5-14:24 15-29:24 30-41:170 42+:0
   20.36 t=20s RTT mean=0 min=0 max=0 n=0 to=0 | cancels=0(+0/s) seqbad=0 len_bad=0 disc=0(0x00) | tot_n=0 tot_to=0 maxever=0 >2ms=0 >5ms=0 >15ms=0 >20ms=0 >30ms=0 | probes=0 wrfail=0 down=1s maxout=1s
   22.27 BLASTC comp=564 exkBps=0 cgap_us[min/avg/max]=1384/1773/47215
   22.28 BLAST phy=2/2 att=564 ok=564 enomem=0 err=0 call_us[min/avg/max]=1255/1761/47205 okgap_max_us=47216
   22.29 EVFILL(ss=1) events=260 avg_pe=28.09 max=35 fmd_arm=0 | 0:8 1-4:16 5-14:26 15-29:25 30-41:185 42+:0
   22.31 t=21s RTT mean=0 min=0 max=0 n=0 to=0 | cancels=0(+0/s) seqbad=0 len_bad=0 disc=0(0x00) | tot_n=0 tot_to=0 maxever=0 >2ms=0 >5ms=0 >15ms=0 >20ms=0 >30ms=0 | probes=0 wrfail=0 down=1s maxout=1s
   22.32 BLASTC comp=518 exkBps=0 cgap_us[min/avg/max]=1389/1930/52636
   22.33 BLAST phy=2/2 att=518 ok=518 enomem=0 err=0 call_us[min/avg/max]=1279/1919/52626 okgap_max_us=52637
   22.34 EVFILL(ss=1) events=280 avg_pe=27.96 max=35 fmd_arm=0 | 0:8 1-4:19 5-14:28 15-29:27 30-41:198 42+:0
   22.36 t=22s RTT mean=0 min=0 max=0 n=0 to=0 | cancels=0(+0/s) seqbad=0 len_bad=0 disc=0(0x00) | tot_n=0 tot_to=0 maxever=0 >2ms=0 >5ms=0 >15ms=0 >20ms=0 >30ms=0 | probes=0 wrfail=0 down=1s maxout=1s
