    1.53 P t=6882s rxkBps=0 blkkBps=0 pongs=3949732(+0/s) cancels=0(+0/s) notify=1 disc=2(0x08) | echo rx=0 tx=0 pend=0 stale=0
    1.54 P t=6883s rxkBps=0 blkkBps=0 pongs=3949732(+0/s) cancels=0(+0/s) notify=1 disc=2(0x08) | echo rx=0 tx=0 pend=0 stale=0
    2.59 CCC: notify off
    2.59 GAP disconnected 0x08  lifetime=363899ms pongs_in_conn=204413
    2.59 advertising
    2.60 GAP connected interval=50000
    2.60 PHY tx=2 rx=2
    2.61 P t=6884s rxkBps=0 blkkBps=0 pongs=3949732(+0/s) cancels=0(+0/s) notify=0 disc=3(0x08) | echo rx=0 tx=0 pend=0 stale=0
    4.15 CCC: notify ENABLED
    4.17 P t=6885s rxkBps=59 blkkBps=0 pongs=3949981(+249/s) cancels=0(+0/s) notify=1 disc=3(0x08) | echo rx=0 tx=0 pend=0 stale=0
    5.53 P t=6886s rxkBps=141 blkkBps=0 pongs=3950573(+592/s) cancels=0(+0/s) notify=1 disc=3(0x08) | echo rx=0 tx=0 pend=0 stale=0
    5.54 P t=6887s rxkBps=149 blkkBps=0 pongs=3951201(+628/s) cancels=0(+0/s) notify=1 disc=3(0x08) | echo rx=0 tx=0 pend=0 stale=0
    7.53 P t=6888s rxkBps=118 blkkBps=0 pongs=3951697(+496/s) cancels=0(+0/s) notify=1 disc=3(0x08) | echo rx=0 tx=0 pend=0 stale=0
    7.54 P t=6889s rxkBps=129 blkkBps=0 pongs=3952239(+542/s) cancels=0(+0/s) notify=1 disc=3(0x08) | echo rx=0 tx=0 pend=0 stale=0
    9.53 P t=6890s rxkBps=141 blkkBps=0 pongs=3952833(+594/s) cancels=0(+0/s) notify=1 disc=3(0x08) | echo rx=0 tx=0 pend=0 stale=0
    9.54 P t=6891s rxkBps=127 blkkBps=0 pongs=3953366(+533/s) cancels=0(+0/s) notify=1 disc=3(0x08) | echo rx=0 tx=0 pend=0 stale=0
   11.53 P t=6892s rxkBps=113 blkkBps=0 pongs=3953843(+477/s) cancels=0(+0/s) notify=1 disc=3(0x08) | echo rx=0 tx=0 pend=0 stale=0
   11.54 P t=6893s rxkBps=111 blkkBps=0 pongs=3954311(+468/s) cancels=0(+0/s) notify=1 disc=3(0x08) | echo rx=0 tx=0 pend=0 stale=0
   13.53 P t=6894s rxkBps=139 blkkBps=0 pongs=3954897(+586/s) cancels=0(+0/s) notify=1 disc=3(0x08) | echo rx=0 tx=0 pend=0 stale=0
   13.54 P t=6895s rxkBps=131 blkkBps=0 pongs=3955450(+553/s) cancels=0(+0/s) notify=1 disc=3(0x08) | echo rx=0 tx=0 pend=0 stale=0
   15.53 P t=6896s rxkBps=159 blkkBps=0 pongs=3956121(+671/s) cancels=0(+0/s) notify=1 disc=3(0x08) | echo rx=0 tx=0 pend=0 stale=0
   15.54 P t=6897s rxkBps=147 blkkBps=0 pongs=3956742(+621/s) cancels=0(+0/s) notify=1 disc=3(0x08) | echo rx=0 tx=0 pend=0 stale=0
   17.53 P t=6898s rxkBps=130 blkkBps=0 pongs=3957288(+546/s) cancels=0(+0/s) notify=1 disc=3(0x08) | echo rx=0 tx=0 pend=0 stale=0
   17.54 P t=6899s rxkBps=118 blkkBps=0 pongs=3957787(+499/s) cancels=0(+0/s) notify=1 disc=3(0x08) | echo rx=0 tx=0 pend=0 stale=0
   19.53 P t=6900s rxkBps=130 blkkBps=0 pongs=3958336(+549/s) cancels=0(+0/s) notify=1 disc=3(0x08) | echo rx=0 tx=0 pend=0 stale=0
   19.54 P t=6901s rxkBps=123 blkkBps=0 pongs=3958855(+519/s) cancels=0(+0/s) notify=1 disc=3(0x08) | echo rx=0 tx=0 pend=0 stale=0
   21.53 P t=6902s rxkBps=127 blkkBps=0 pongs=3959388(+533/s) cancels=0(+0/s) notify=1 disc=3(0x08) | echo rx=0 tx=0 pend=0 stale=0
   21.54 P t=6903s rxkBps=133 blkkBps=0 pongs=3959948(+560/s) cancels=0(+0/s) notify=1 disc=3(0x08) | echo rx=0 tx=0 pend=0 stale=0
   23.53 P t=6904s rxkBps=131 blkkBps=0 pongs=3960501(+553/s) cancels=0(+0/s) notify=1 disc=3(0x08) | echo rx=0 tx=0 pend=0 stale=0
   23.54 P t=6905s rxkBps=116 blkkBps=0 pongs=3960989(+488/s) cancels=0(+0/s) notify=1 disc=3(0x08) | echo rx=0 tx=0 pend=0 stale=0
   25.53 P t=6906s rxkBps=142 blkkBps=0 pongs=3961589(+600/s) cancels=0(+0/s) notify=1 disc=3(0x08) | echo rx=0 tx=0 pend=0 stale=0
   25.54 P t=6907s rxkBps=139 blkkBps=0 pongs=3962173(+584/s) cancels=0(+0/s) notify=1 disc=3(0x08) | echo rx=0 tx=0 pend=0 stale=0
