    1.31 GAP connected interval=50000
    1.32 P t=3s rxkBps=0 blkkBps=0 pongs=0(+0/s) cancels=0(+0/s) notify=0 disc=0(0x00) | echo rx=0 tx=0 pend=0 stale=0
    1.33 PHY tx=2 rx=2
    2.35 P t=4s rxkBps=0 blkkBps=0 pongs=0(+0/s) cancels=0(+0/s) notify=0 disc=0(0x00) | echo rx=0 tx=0 pend=0 stale=0
    2.36 CCC: notify ENABLED
    2.37 P t=5s rxkBps=53 blkkBps=0 pongs=224(+224/s) cancels=0(+0/s) notify=1 disc=0(0x00) | echo rx=0 tx=0 pend=0 stale=0
    4.35 P t=6s rxkBps=128 blkkBps=0 pongs=764(+540/s) cancels=0(+0/s) notify=1 disc=0(0x00) | echo rx=0 tx=0 pend=0 stale=0
    4.37 P t=7s rxkBps=154 blkkBps=0 pongs=1413(+649/s) cancels=0(+0/s) notify=1 disc=0(0x00) | echo rx=0 tx=0 pend=0 stale=0
    6.35 P t=8s rxkBps=124 blkkBps=0 pongs=1936(+523/s) cancels=0(+0/s) notify=1 disc=0(0x00) | echo rx=0 tx=0 pend=0 stale=0
    6.37 P t=9s rxkBps=141 blkkBps=0 pongs=2530(+594/s) cancels=0(+0/s) notify=1 disc=0(0x00) | echo rx=0 tx=0 pend=0 stale=0
    8.35 P t=10s rxkBps=142 blkkBps=0 pongs=3126(+596/s) cancels=0(+0/s) notify=1 disc=0(0x00) | echo rx=0 tx=0 pend=0 stale=0
    8.37 P t=11s rxkBps=156 blkkBps=0 pongs=3784(+658/s) cancels=0(+0/s) notify=1 disc=0(0x00) | echo rx=0 tx=0 pend=0 stale=0
   10.35 P t=12s rxkBps=119 blkkBps=0 pongs=4284(+500/s) cancels=0(+0/s) notify=1 disc=0(0x00) | echo rx=0 tx=0 pend=0 stale=0
   10.37 P t=13s rxkBps=132 blkkBps=0 pongs=4841(+557/s) cancels=0(+0/s) notify=1 disc=0(0x00) | echo rx=0 tx=0 pend=0 stale=0
   12.36 P t=14s rxkBps=145 blkkBps=0 pongs=5453(+612/s) cancels=0(+0/s) notify=1 disc=0(0x00) | echo rx=0 tx=0 pend=0 stale=0
   12.37 P t=15s rxkBps=152 blkkBps=0 pongs=6094(+641/s) cancels=0(+0/s) notify=1 disc=0(0x00) | echo rx=0 tx=0 pend=0 stale=0
   14.36 P t=16s rxkBps=151 blkkBps=0 pongs=6730(+636/s) cancels=0(+0/s) notify=1 disc=0(0x00) | echo rx=0 tx=0 pend=0 stale=0
   14.37 P t=17s rxkBps=131 blkkBps=0 pongs=7281(+551/s) cancels=0(+0/s) notify=1 disc=0(0x00) | echo rx=0 tx=0 pend=0 stale=0
   16.36 P t=18s rxkBps=111 blkkBps=0 pongs=7747(+466/s) cancels=0(+0/s) notify=1 disc=0(0x00) | echo rx=0 tx=0 pend=0 stale=0
   16.37 P t=19s rxkBps=115 blkkBps=0 pongs=8231(+484/s) cancels=0(+0/s) notify=1 disc=0(0x00) | echo rx=0 tx=0 pend=0 stale=0
   18.36 P t=20s rxkBps=133 blkkBps=0 pongs=8792(+561/s) cancels=0(+0/s) notify=1 disc=0(0x00) | echo rx=0 tx=0 pend=0 stale=0
   18.37 P t=21s rxkBps=112 blkkBps=0 pongs=9266(+474/s) cancels=0(+0/s) notify=1 disc=0(0x00) | echo rx=0 tx=0 pend=0 stale=0
   20.36 P t=22s rxkBps=132 blkkBps=0 pongs=9820(+554/s) cancels=0(+0/s) notify=1 disc=0(0x00) | echo rx=0 tx=0 pend=0 stale=0
   20.37 P t=23s rxkBps=143 blkkBps=0 pongs=10424(+604/s) cancels=0(+0/s) notify=1 disc=0(0x00) | echo rx=0 tx=0 pend=0 stale=0
   22.36 P t=24s rxkBps=134 blkkBps=0 pongs=10989(+565/s) cancels=0(+0/s) notify=1 disc=0(0x00) | echo rx=0 tx=0 pend=0 stale=0
   22.37 P t=25s rxkBps=123 blkkBps=0 pongs=11507(+518/s) cancels=0(+0/s) notify=1 disc=0(0x00) | echo rx=0 tx=0 pend=0 stale=0
