   0.175  CENRX cum_total=0 B
   1.169  CENRX cum_total=0 B
   2.192  CENRX cum_total=0 B
   3.181  CENRX cum_total=0 B
   4.163  CENRX cum_total=0 B
   5.146  RPT occ: events=0 mean_pkts/ev=0.00 max=0 nonempty_ev=0 fsu=0 | sender: sent=4535(+2058 SDU) eagain=0(+0) poolfail=0(+0)
   5.146  CENRX cum_total=0 B
   5.567  L2CAP disconnected
   5.567  GAP disconnected 0x08
   5.567  scan start rc=0
   5.567  found D6:C7:60:B1:D3:0E (random) (rssi -59), connecting
   5.627  Q2CONN AA=71634957 CRCINIT=38352a hop=7 chan_count=37 map=ffffffff1f
   5.627  GAP connected
   5.627  phy req rc=0
   5.747  DLE: tx_max=27 rx_max=251
   5.808  PHY: tx=2 rx=2 (2=2M)
   5.808  dle req rc=0
   5.928  DLE: tx_max=251 rx_max=251
   5.928  l2cap_chan_connect rc=0
   5.989  L2CAP connected: tx.mtu=512 tx.mps=247 tx.credits=0 rx.mtu=512 rx.mps=247
   5.989  GATE conn: interval=20 (units 1.25ms) => 25.00 ms
   5.989  Q3FSU-REQ role=C auto min=150 max=150 phys=0x2 rc=0
   6.160  CENRX cum_total=25132 B
   6.272  blasting 480-byte SDUs...
   7.195  CENRX cum_total=127856 B
   8.190  CENRX cum_total=229604 B
   9.204  CENRX cum_total=343064 B
  10.191  CENRX cum_total=447984 B
  11.169  CENRX cum_total=555344 B
  12.170  CENRX cum_total=660996 B
  13.174  CENRX cum_total=775188 B
  14.172  CENRX cum_total=882548 B
  15.162  RPT occ: events=0 mean_pkts/ev=0.00 max=0 nonempty_ev=0 fsu=0 | sender: sent=5525(+990 SDU) eagain=0(+0) poolfail=0(+0)
  15.219  CENRX cum_total=987956 B
  16.192  CENRX cum_total=1100928 B
  17.205  CENRX cum_total=1213412 B
  18.194  CENRX cum_total=1319552 B
  19.227  CENRX cum_total=1418860 B
  20.225  CENRX cum_total=1526220 B
  21.244  CENRX cum_total=1641388 B
  22.230  CENRX cum_total=1750700 B
  23.234  CENRX cum_total=1855620 B
  24.221  CENRX cum_total=1973472 B
  25.180  RPT occ: events=0 mean_pkts/ev=0.00 max=0 nonempty_ev=0 fsu=0 | sender: sent=6632(+1107 SDU) eagain=0(+0) poolfail=0(+0)
  25.240  CENRX cum_total=2074488 B
  26.235  CENRX cum_total=2188924 B
  27.214  CENRX cum_total=2291648 B
  28.259  CENRX cum_total=2402668 B
  29.227  CENRX cum_total=2511004 B
  30.206  CENRX cum_total=2619340 B
  31.256  CENRX cum_total=2721820 B
  32.211  CENRX cum_total=2824788 B
  33.256  CENRX cum_total=2934832 B
  34.250  CENRX cum_total=3038288 B
  35.195  RPT occ: events=0 mean_pkts/ev=0.00 max=0 nonempty_ev=0 fsu=0 | sender: sent=7719(+1087 SDU) eagain=0(+0) poolfail=0(+0)
  35.251  CENRX cum_total=3147600 B
  36.247  CENRX cum_total=3253496 B
  37.251  CENRX cum_total=3355976 B
  38.286  CENRX cum_total=3456260 B
  39.276  CENRX cum_total=3550932 B
