   0.886  SINK rx: 150 KB/s (154080 B / 1000 ms) fsu=0 | cum_total=2353446 B cum_segs=9807 | UP sent=64 eagain=0 lasterr=0 txcred=64 host_pulls=0
   1.695  *** Booting Zephyr OS build v4.4.2-16-gfee9fbc62095 ***
   1.695  
   1.695  === nRF52 L2CAP CoC SINK (Zephyr 4.4.1, seg_recv) ===
   1.755  L2CAP server on PSM 0x0080
   1.755  Advertising as 'zenoh-nrf-l2cap'
   5.808  GAP connected: interval=6
   5.808  DLE updated: tx_max=251 rx_max=27
   5.860  PHY updated: tx=2 rx=2
   5.921  DLE updated: tx_max=251 rx_max=251
   5.921  CoC up — seg_recv sink ready (RX_CREDITS=64, MPS=247)
   6.789  SINK rx: 33 KB/s (34811 B / 1000 ms) fsu=0 | cum_total=34811 B cum_segs=146 | UP sent=545 eagain=0 lasterr=0 txcred=57 host_pulls=0
   7.779  SINK rx: 53 KB/s (54475 B / 1000 ms) fsu=0 | cum_total=89286 B cum_segs=373 | UP sent=1022 eagain=0 lasterr=0 txcred=31 host_pulls=0
   8.762  SINK rx: 52 KB/s (53760 B / 1000 ms) fsu=0 | cum_total=143046 B cum_segs=597 | UP sent=1499 eagain=0 lasterr=0 txcred=46 host_pulls=0
   9.810  SINK rx: 57 KB/s (59040 B / 1000 ms) fsu=0 | cum_total=202086 B cum_segs=843 | UP sent=1979 eagain=0 lasterr=0 txcred=58 host_pulls=0
  10.806  SINK rx: 57 KB/s (59040 B / 1000 ms) fsu=0 | cum_total=261126 B cum_segs=1089 | UP sent=2447 eagain=0 lasterr=0 txcred=35 host_pulls=0
  11.798  SINK rx: 55 KB/s (57120 B / 1000 ms) fsu=0 | cum_total=318246 B cum_segs=1327 | UP sent=2939 eagain=0 lasterr=0 txcred=0 host_pulls=0
  12.848  SINK rx: 52 KB/s (54240 B / 1000 ms) fsu=0 | cum_total=372486 B cum_segs=1553 | UP sent=3421 eagain=0 lasterr=0 txcred=51 host_pulls=0
  13.868  SINK rx: 54 KB/s (55925 B / 1000 ms) fsu=0 | cum_total=428411 B cum_segs=1786 | UP sent=3901 eagain=0 lasterr=0 txcred=63 host_pulls=0
  14.873  SINK rx: 57 KB/s (59040 B / 1000 ms) fsu=0 | cum_total=487451 B cum_segs=2032 | UP sent=4369 eagain=0 lasterr=0 txcred=46 host_pulls=0
  15.867  SINK rx: 56 KB/s (58315 B / 1000 ms) fsu=0 | cum_total=545766 B cum_segs=2275 | UP sent=4856 eagain=0 lasterr=0 txcred=10 host_pulls=0
  16.909  SINK rx: 52 KB/s (53760 B / 1000 ms) fsu=0 | cum_total=599526 B cum_segs=2499 | UP sent=5333 eagain=0 lasterr=0 txcred=25 host_pulls=0
  17.884  SINK rx: 54 KB/s (55925 B / 1000 ms) fsu=0 | cum_total=655451 B cum_segs=2732 | UP sent=5818 eagain=0 lasterr=0 txcred=32 host_pulls=0
  18.910  SINK rx: 56 KB/s (58315 B / 1000 ms) fsu=0 | cum_total=713766 B cum_segs=2975 | UP sent=6280 eagain=0 lasterr=0 txcred=62 host_pulls=0
  19.940  SINK rx: 52 KB/s (54005 B / 1000 ms) fsu=0 | cum_total=767771 B cum_segs=3200 | UP sent=6747 eagain=0 lasterr=0 txcred=5 host_pulls=0
  20.929  SINK rx: 52 KB/s (54240 B / 1000 ms) fsu=0 | cum_total=822011 B cum_segs=3426 | UP sent=7226 eagain=0 lasterr=0 txcred=59 host_pulls=0
  21.977  SINK rx: 56 KB/s (58080 B / 1000 ms) fsu=0 | cum_total=880091 B cum_segs=3668 | UP sent=7677 eagain=0 lasterr=0 txcred=18 host_pulls=0
  22.950  SINK rx: 53 KB/s (55200 B / 1000 ms) fsu=0 | cum_total=935291 B cum_segs=3898 | UP sent=8159 eagain=0 lasterr=0 txcred=28 host_pulls=0
  23.959  SINK rx: 52 KB/s (53995 B / 1000 ms) fsu=0 | cum_total=989286 B cum_segs=4123 | UP sent=8633 eagain=0 lasterr=0 txcred=46 host_pulls=0
  24.991  SINK rx: 54 KB/s (56160 B / 1000 ms) fsu=0 | cum_total=1045446 B cum_segs=4357 | UP sent=9080 eagain=0 lasterr=0 txcred=9 host_pulls=0
  26.035  SINK rx: 50 KB/s (52085 B / 1000 ms) fsu=0 | cum_total=1097531 B cum_segs=4574 | UP sent=9550 eagain=0 lasterr=0 txcred=31 host_pulls=0
  27.008  SINK rx: 55 KB/s (56640 B / 1000 ms) fsu=0 | cum_total=1154171 B cum_segs=4810 | UP sent=9991 eagain=0 lasterr=0 txcred=0 host_pulls=0
  28.033  SINK rx: 52 KB/s (53515 B / 1000 ms) fsu=0 | cum_total=1207686 B cum_segs=5033 | UP sent=10471 eagain=0 lasterr=0 txcred=53 host_pulls=0
  29.034  SINK rx: 55 KB/s (57120 B / 1000 ms) fsu=0 | cum_total=1264806 B cum_segs=5271 | UP sent=10926 eagain=0 lasterr=0 txcred=49 host_pulls=0
  30.077  SINK rx: 55 KB/s (57120 B / 1000 ms) fsu=0 | cum_total=1321926 B cum_segs=5509 | UP sent=11408 eagain=0 lasterr=0 txcred=18 host_pulls=0
  31.062  SINK rx: 49 KB/s (51125 B / 1000 ms) fsu=0 | cum_total=1373051 B cum_segs=5722 | UP sent=11861 eagain=0 lasterr=0 txcred=56 host_pulls=0
  32.110  SINK rx: 57 KB/s (59040 B / 1000 ms) fsu=0 | cum_total=1432091 B cum_segs=5968 | UP sent=12335 eagain=0 lasterr=0 txcred=34 host_pulls=0
  33.085  SINK rx: 52 KB/s (53995 B / 1000 ms) fsu=0 | cum_total=1486086 B cum_segs=6193 | UP sent=12806 eagain=0 lasterr=0 txcred=14 host_pulls=0
  34.133  SINK rx: 53 KB/s (54485 B / 1000 ms) fsu=0 | cum_total=1540571 B cum_segs=6420 | UP sent=13285 eagain=0 lasterr=0 txcred=26 host_pulls=0
  35.140  SINK rx: 57 KB/s (58795 B / 1000 ms) fsu=0 | cum_total=1599366 B cum_segs=6665 | UP sent=13745 eagain=0 lasterr=0 txcred=59 host_pulls=0
  36.161  SINK rx: 53 KB/s (54720 B / 1000 ms) fsu=0 | cum_total=1654086 B cum_segs=6893 | UP sent=14220 eagain=0 lasterr=0 txcred=35 host_pulls=0
  37.173  SINK rx: 52 KB/s (54005 B / 1000 ms) fsu=0 | cum_total=1708091 B cum_segs=7118 | UP sent=14698 eagain=0 lasterr=0 txcred=49 host_pulls=0
  38.144  SINK rx: 57 KB/s (58560 B / 1000 ms) fsu=0 | cum_total=1766651 B cum_segs=7362 | UP sent=15159 eagain=0 lasterr=0 txcred=39 host_pulls=0
  39.196  SINK rx: 51 KB/s (52320 B / 1000 ms) fsu=0 | cum_total=1818971 B cum_segs=7580 | UP sent=15622 eagain=0 lasterr=0 txcred=27 host_pulls=0
