   0.120  SINK rx: 57 KB/s (59040 B / 1000 ms) fsu=52 | cum_total=2002811 B cum_segs=8346 | UP sent=17208 eagain=0 lasterr=0 txcred=39 host_pulls=0
   1.116  SINK rx: 57 KB/s (59040 B / 1000 ms) fsu=52 | cum_total=2061851 B cum_segs=8592 | UP sent=17721 eagain=0 lasterr=0 txcred=60 host_pulls=0
   1.749  *** Booting Zephyr OS build v4.4.2-16-gfee9fbc62095 ***
   1.749  
   1.749  === nRF52 L2CAP CoC SINK (Zephyr 4.4.1, seg_recv) ===
   1.749  L2CAP server on PSM 0x0080
   1.749  Advertising as 'zenoh-nrf-l2cap'
   5.685  GAP connected: interval=6
   5.685  DLE updated: tx_max=251 rx_max=27
   5.745  PHY updated: tx=2 rx=2
   5.745  DLE updated: tx_max=251 rx_max=251
   5.745  CoC up — seg_recv sink ready (RX_CREDITS=64, MPS=247)
   5.865  Q3FSU-DONE role=P status=0x00 spacing=52 types=0x3 phys=0x2 initiator=2
   6.758  SINK rx: 42 KB/s (43931 B / 1000 ms) fsu=52 | cum_total=43931 B cum_segs=184 | UP sent=653 eagain=0 lasterr=0 txcred=77 host_pulls=0
   7.753  SINK rx: 58 KB/s (59755 B / 1000 ms) fsu=52 | cum_total=103686 B cum_segs=433 | UP sent=1161 eagain=0 lasterr=0 txcred=102 host_pulls=0
   8.799  SINK rx: 57 KB/s (59040 B / 1000 ms) fsu=52 | cum_total=162726 B cum_segs=679 | UP sent=1668 eagain=0 lasterr=0 txcred=128 host_pulls=0
   9.779  SINK rx: 57 KB/s (59040 B / 1000 ms) fsu=52 | cum_total=221766 B cum_segs=925 | UP sent=2176 eagain=0 lasterr=0 txcred=112 host_pulls=0
  10.793  SINK rx: 58 KB/s (60245 B / 1000 ms) fsu=52 | cum_total=282011 B cum_segs=1176 | UP sent=2696 eagain=0 lasterr=0 txcred=84 host_pulls=0
  11.808  SINK rx: 57 KB/s (58560 B / 1000 ms) fsu=52 | cum_total=340571 B cum_segs=1420 | UP sent=3192 eagain=0 lasterr=0 txcred=121 host_pulls=0
  12.865  SINK rx: 62 KB/s (63840 B / 1000 ms) fsu=52 | cum_total=404411 B cum_segs=1686 | UP sent=3709 eagain=0 lasterr=0 txcred=96 host_pulls=0
  13.841  SINK rx: 52 KB/s (53515 B / 1000 ms) fsu=52 | cum_total=457926 B cum_segs=1909 | UP sent=4171 eagain=0 lasterr=0 txcred=125 host_pulls=0
  14.862  SINK rx: 50 KB/s (52085 B / 1000 ms) fsu=52 | cum_total=510011 B cum_segs=2126 | UP sent=4611 eagain=0 lasterr=0 txcred=95 host_pulls=0
  15.897  SINK rx: 54 KB/s (56160 B / 1000 ms) fsu=52 | cum_total=566171 B cum_segs=2360 | UP sent=5087 eagain=0 lasterr=0 txcred=112 host_pulls=0
  16.878  SINK rx: 57 KB/s (59040 B / 1000 ms) fsu=52 | cum_total=625211 B cum_segs=2606 | UP sent=5563 eagain=0 lasterr=0 txcred=128 host_pulls=0
  17.884  SINK rx: 51 KB/s (52555 B / 1000 ms) fsu=52 | cum_total=677766 B cum_segs=2825 | UP sent=6025 eagain=0 lasterr=0 txcred=76 host_pulls=0
  18.930  SINK rx: 54 KB/s (55680 B / 1000 ms) fsu=52 | cum_total=733446 B cum_segs=3057 | UP sent=6477 eagain=0 lasterr=0 txcred=116 host_pulls=0
  19.927  SINK rx: 52 KB/s (53280 B / 1000 ms) fsu=52 | cum_total=786726 B cum_segs=3279 | UP sent=6941 eagain=0 lasterr=0 txcred=103 host_pulls=0
  20.961  SINK rx: 57 KB/s (59040 B / 1000 ms) fsu=52 | cum_total=845766 B cum_segs=3525 | UP sent=7439 eagain=0 lasterr=0 txcred=97 host_pulls=0
  21.960  SINK rx: 59 KB/s (61205 B / 1000 ms) fsu=52 | cum_total=906971 B cum_segs=3780 | UP sent=7944 eagain=0 lasterr=0 txcred=83 host_pulls=0
  22.968  SINK rx: 52 KB/s (54240 B / 1000 ms) fsu=52 | cum_total=961211 B cum_segs=4006 | UP sent=8424 eagain=0 lasterr=0 txcred=96 host_pulls=0
  23.997  SINK rx: 58 KB/s (59520 B / 1000 ms) fsu=52 | cum_total=1020731 B cum_segs=4254 | UP sent=8924 eagain=0 lasterr=0 txcred=88 host_pulls=0
  25.002  SINK rx: 57 KB/s (59040 B / 1000 ms) fsu=52 | cum_total=1079771 B cum_segs=4500 | UP sent=9421 eagain=0 lasterr=0 txcred=82 host_pulls=0
  26.043  SINK rx: 57 KB/s (58795 B / 1000 ms) fsu=52 | cum_total=1138566 B cum_segs=4745 | UP sent=9919 eagain=0 lasterr=0 txcred=118 host_pulls=0
  27.030  SINK rx: 57 KB/s (58805 B / 1000 ms) fsu=52 | cum_total=1197371 B cum_segs=4990 | UP sent=10416 eagain=0 lasterr=0 txcred=113 host_pulls=0
  28.043  SINK rx: 57 KB/s (59040 B / 1000 ms) fsu=52 | cum_total=1256411 B cum_segs=5236 | UP sent=10914 eagain=0 lasterr=0 txcred=107 host_pulls=0
  29.041  SINK rx: 58 KB/s (59755 B / 1000 ms) fsu=52 | cum_total=1316166 B cum_segs=5485 | UP sent=11415 eagain=0 lasterr=0 txcred=98 host_pulls=0
  30.081  SINK rx: 58 KB/s (59520 B / 1000 ms) fsu=52 | cum_total=1375686 B cum_segs=5733 | UP sent=11915 eagain=0 lasterr=0 txcred=90 host_pulls=0
  31.079  SINK rx: 60 KB/s (61440 B / 1000 ms) fsu=52 | cum_total=1437126 B cum_segs=5989 | UP sent=12421 eagain=0 lasterr=0 txcred=75 host_pulls=0
  32.071  SINK rx: 55 KB/s (56885 B / 1000 ms) fsu=52 | cum_total=1494011 B cum_segs=6226 | UP sent=12912 eagain=0 lasterr=0 txcred=77 host_pulls=0
  33.098  SINK rx: 54 KB/s (56160 B / 1000 ms) fsu=52 | cum_total=1550171 B cum_segs=6460 | UP sent=13397 eagain=0 lasterr=0 txcred=124 host_pulls=0
  34.142  SINK rx: 54 KB/s (55435 B / 1000 ms) fsu=52 | cum_total=1605606 B cum_segs=6691 | UP sent=13838 eagain=0 lasterr=0 txcred=94 host_pulls=0
  35.136  SINK rx: 50 KB/s (51840 B / 1000 ms) fsu=52 | cum_total=1657446 B cum_segs=6907 | UP sent=14264 eagain=0 lasterr=0 txcred=78 host_pulls=0
  36.133  SINK rx: 50 KB/s (52085 B / 1000 ms) fsu=52 | cum_total=1709531 B cum_segs=7124 | UP sent=14734 eagain=0 lasterr=0 txcred=100 host_pulls=0
  37.166  SINK rx: 55 KB/s (56640 B / 1000 ms) fsu=52 | cum_total=1766171 B cum_segs=7360 | UP sent=15179 eagain=0 lasterr=0 txcred=65 host_pulls=0
  38.188  SINK rx: 54 KB/s (55915 B / 1000 ms) fsu=52 | cum_total=1822086 B cum_segs=7593 | UP sent=15663 eagain=0 lasterr=0 txcred=72 host_pulls=0
  39.177  SINK rx: 58 KB/s (59520 B / 1000 ms) fsu=52 | cum_total=1881606 B cum_segs=7841 | UP sent=16164 eagain=0 lasterr=0 txcred=64 host_pulls=0
