   0.118  SINK rx: 54 KB/s (56160 B / 1000 ms) fsu=0 | cum_total=1846566 B cum_segs=7695 | UP sent=15821 eagain=0 lasterr=0 txcred=32 host_pulls=0
   1.114  SINK rx: 56 KB/s (57845 B / 1000 ms) fsu=0 | cum_total=1904411 B cum_segs=7936 | UP sent=16304 eagain=0 lasterr=0 txcred=42 host_pulls=0
   1.700  *** Booting Zephyr OS build v4.4.2-16-gfee9fbc62095 ***
   1.700  
   1.700  === nRF52 L2CAP CoC SINK (Zephyr 4.4.1, seg_recv) ===
   1.700  L2CAP server on PSM 0x0080
   1.760  Advertising as 'zenoh-nrf-l2cap'
   5.695  GAP connected: interval=6
   5.695  DLE updated: tx_max=251 rx_max=27
   5.755  PHY updated: tx=2 rx=2
   5.815  DLE updated: tx_max=251 rx_max=251
   5.815  CoC up — seg_recv sink ready (RX_CREDITS=64, MPS=247)
   6.753  SINK rx: 38 KB/s (39366 B / 1000 ms) fsu=0 | cum_total=39366 B cum_segs=165 | UP sent=623 eagain=0 lasterr=0 txcred=107 host_pulls=0
   7.792  SINK rx: 53 KB/s (54485 B / 1000 ms) fsu=0 | cum_total=93851 B cum_segs=392 | UP sent=1092 eagain=0 lasterr=0 txcred=89 host_pulls=0
   8.794  SINK rx: 57 KB/s (59040 B / 1000 ms) fsu=0 | cum_total=152891 B cum_segs=638 | UP sent=1576 eagain=0 lasterr=0 txcred=97 host_pulls=0
   9.831  SINK rx: 56 KB/s (57835 B / 1000 ms) fsu=0 | cum_total=210726 B cum_segs=879 | UP sent=2050 eagain=0 lasterr=0 txcred=74 host_pulls=0
  10.810  SINK rx: 55 KB/s (56405 B / 1000 ms) fsu=0 | cum_total=267131 B cum_segs=1114 | UP sent=2536 eagain=0 lasterr=0 txcred=79 host_pulls=0
  11.835  SINK rx: 52 KB/s (54240 B / 1000 ms) fsu=0 | cum_total=321371 B cum_segs=1340 | UP sent=3016 eagain=0 lasterr=0 txcred=92 host_pulls=0
  12.840  SINK rx: 56 KB/s (57835 B / 1000 ms) fsu=0 | cum_total=379206 B cum_segs=1581 | UP sent=3496 eagain=0 lasterr=0 txcred=103 host_pulls=0
  13.873  SINK rx: 57 KB/s (59040 B / 1000 ms) fsu=0 | cum_total=438246 B cum_segs=1827 | UP sent=3976 eagain=0 lasterr=0 txcred=116 host_pulls=0
  14.873  SINK rx: 52 KB/s (54240 B / 1000 ms) fsu=0 | cum_total=492486 B cum_segs=2053 | UP sent=4442 eagain=0 lasterr=0 txcred=101 host_pulls=0
  15.885  SINK rx: 55 KB/s (56640 B / 1000 ms) fsu=0 | cum_total=549126 B cum_segs=2289 | UP sent=4931 eagain=0 lasterr=0 txcred=104 host_pulls=0
  16.895  SINK rx: 55 KB/s (56405 B / 1000 ms) fsu=0 | cum_total=605531 B cum_segs=2524 | UP sent=5402 eagain=0 lasterr=0 txcred=125 host_pulls=0
  17.896  SINK rx: 55 KB/s (57120 B / 1000 ms) fsu=0 | cum_total=662651 B cum_segs=2762 | UP sent=5865 eagain=0 lasterr=0 txcred=72 host_pulls=0
  18.904  SINK rx: 52 KB/s (54240 B / 1000 ms) fsu=0 | cum_total=716891 B cum_segs=2988 | UP sent=6344 eagain=0 lasterr=0 txcred=85 host_pulls=0
  19.935  SINK rx: 54 KB/s (55915 B / 1000 ms) fsu=0 | cum_total=772806 B cum_segs=3221 | UP sent=6827 eagain=0 lasterr=0 txcred=94 host_pulls=0
  20.965  SINK rx: 57 KB/s (59040 B / 1000 ms) fsu=0 | cum_total=831846 B cum_segs=3467 | UP sent=7307 eagain=0 lasterr=0 txcred=106 host_pulls=0
  21.965  SINK rx: 54 KB/s (55445 B / 1000 ms) fsu=0 | cum_total=887291 B cum_segs=3698 | UP sent=7767 eagain=0 lasterr=0 txcred=97 host_pulls=0
  22.980  SINK rx: 56 KB/s (57355 B / 1000 ms) fsu=0 | cum_total=944646 B cum_segs=3937 | UP sent=8258 eagain=0 lasterr=0 txcred=97 host_pulls=0
  23.965  SINK rx: 53 KB/s (55200 B / 1000 ms) fsu=0 | cum_total=999846 B cum_segs=4167 | UP sent=8741 eagain=0 lasterr=0 txcred=107 host_pulls=0
  24.984  SINK rx: 56 KB/s (58325 B / 1000 ms) fsu=0 | cum_total=1058171 B cum_segs=4410 | UP sent=9222 eagain=0 lasterr=0 txcred=118 host_pulls=0
  26.033  SINK rx: 56 KB/s (57835 B / 1000 ms) fsu=0 | cum_total=1116006 B cum_segs=4651 | UP sent=9686 eagain=0 lasterr=0 txcred=64 host_pulls=0
  27.036  SINK rx: 52 KB/s (53280 B / 1000 ms) fsu=0 | cum_total=1169286 B cum_segs=4873 | UP sent=10161 eagain=0 lasterr=0 txcred=81 host_pulls=0
  28.028  SINK rx: 54 KB/s (56160 B / 1000 ms) fsu=0 | cum_total=1225446 B cum_segs=5107 | UP sent=10633 eagain=0 lasterr=0 txcred=100 host_pulls=0
  29.059  SINK rx: 57 KB/s (59040 B / 1000 ms) fsu=0 | cum_total=1284486 B cum_segs=5353 | UP sent=11105 eagain=0 lasterr=0 txcred=121 host_pulls=0
  30.075  SINK rx: 56 KB/s (57365 B / 1000 ms) fsu=0 | cum_total=1341851 B cum_segs=5592 | UP sent=11593 eagain=0 lasterr=0 txcred=84 host_pulls=0
  31.069  SINK rx: 50 KB/s (51595 B / 1000 ms) fsu=0 | cum_total=1393446 B cum_segs=5807 | UP sent=12061 eagain=0 lasterr=0 txcred=108 host_pulls=0
  32.095  SINK rx: 56 KB/s (58325 B / 1000 ms) fsu=0 | cum_total=1451771 B cum_segs=6050 | UP sent=12530 eagain=0 lasterr=0 txcred=90 host_pulls=0
  33.085  SINK rx: 56 KB/s (57600 B / 1000 ms) fsu=0 | cum_total=1509371 B cum_segs=6290 | UP sent=13005 eagain=0 lasterr=0 txcred=66 host_pulls=0
  34.119  SINK rx: 56 KB/s (57355 B / 1000 ms) fsu=0 | cum_total=1566726 B cum_segs=6529 | UP sent=13496 eagain=0 lasterr=0 txcred=67 host_pulls=0
  35.142  SINK rx: 53 KB/s (55200 B / 1000 ms) fsu=0 | cum_total=1621926 B cum_segs=6759 | UP sent=13979 eagain=0 lasterr=0 txcred=76 host_pulls=0
  36.149  SINK rx: 54 KB/s (56160 B / 1000 ms) fsu=0 | cum_total=1678086 B cum_segs=6993 | UP sent=14441 eagain=0 lasterr=0 txcred=106 host_pulls=0
  37.153  SINK rx: 56 KB/s (57365 B / 1000 ms) fsu=0 | cum_total=1735451 B cum_segs=7232 | UP sent=14912 eagain=0 lasterr=0 txcred=85 host_pulls=0
  38.142  SINK rx: 52 KB/s (53995 B / 1000 ms) fsu=0 | cum_total=1789446 B cum_segs=7457 | UP sent=15390 eagain=0 lasterr=0 txcred=99 host_pulls=0
  39.189  SINK rx: 54 KB/s (55925 B / 1000 ms) fsu=0 | cum_total=1845371 B cum_segs=7690 | UP sent=15851 eagain=0 lasterr=0 txcred=89 host_pulls=0
