   0.174  CENRX cum_total=0 B
   1.214  CENRX cum_total=0 B
   2.174  CENRX cum_total=0 B
   3.170  CENRX cum_total=0 B
   4.203  CENRX cum_total=0 B
   5.190  RPT occ: events=0 mean_pkts/ev=0.00 max=0 nonempty_ev=0 fsu=52 | sender: sent=5423(+2410 SDU) eagain=0(+0) poolfail=0(+0)
   5.190  CENRX cum_total=0 B
   5.600  L2CAP disconnected
   5.600  GAP disconnected 0x08
   5.600  scan start rc=0
   5.721  found D6:C7:60:B1:D3:0E (random) (rssi -59), connecting
   5.721  Q2CONN AA=dafdb65d CRCINIT=fb97fe hop=8 chan_count=37 map=ffffffff1f
   5.721  GAP connected
   5.721  phy req rc=0
   5.777  DLE: tx_max=27 rx_max=251
   5.777  PHY: tx=2 rx=2 (2=2M)
   5.777  dle req rc=0
   5.837  DLE: tx_max=251 rx_max=251
   5.837  l2cap_chan_connect rc=0
   5.837  L2CAP connected: tx.mtu=512 tx.mps=247 tx.credits=0 rx.mtu=512 rx.mps=247
   5.837  GATE conn: interval=6 (units 1.25ms) => 7.50 ms
   5.837  Q3FSU-REQ role=C auto min=52 max=150 phys=0x2 rc=0
   5.943  Q3FSU-DONE role=C status=0x00 spacing=52 types=0x3 phys=0x2 initiator=0
   6.174  blasting 480-byte SDUs...
   6.174  CENRX cum_total=55388 B
   7.218  CENRX cum_total=176412 B
   8.228  CENRX cum_total=297680 B
   9.222  CENRX cum_total=424072 B
  10.216  CENRX cum_total=547292 B
  11.188  CENRX cum_total=670512 B
  12.228  CENRX cum_total=792756 B
  13.235  CENRX cum_total=915976 B
  14.229  CENRX cum_total=1041392 B
  15.214  RPT occ: events=0 mean_pkts/ev=0.00 max=0 nonempty_ev=0 fsu=52 | sender: sent=6577(+1154 SDU) eagain=0(+0) poolfail=0(+0)
  15.214  CENRX cum_total=1166076 B
  16.211  CENRX cum_total=1287832 B
  17.218  CENRX cum_total=1410808 B
  18.209  CENRX cum_total=1535492 B
  19.204  CENRX cum_total=1660420 B
  20.243  CENRX cum_total=1786324 B
  21.231  CENRX cum_total=1914424 B
  22.231  CENRX cum_total=2041548 B
  23.218  CENRX cum_total=2164768 B
  24.256  CENRX cum_total=2286036 B
  25.180  RPT occ: events=0 mean_pkts/ev=0.00 max=0 nonempty_ev=0 fsu=52 | sender: sent=7828(+1251 SDU) eagain=0(+0) poolfail=0(+0)
  25.240  CENRX cum_total=2409500 B
  26.240  CENRX cum_total=2532720 B
  27.229  CENRX cum_total=2655696 B
  28.268  CENRX cum_total=2780380 B
  29.243  CENRX cum_total=2901160 B
  30.228  CENRX cum_total=3021696 B
  31.284  CENRX cum_total=3144184 B
  32.279  CENRX cum_total=3264964 B
  33.279  CENRX cum_total=3387696 B
  34.272  CENRX cum_total=3512624 B
  35.214  RPT occ: events=0 mean_pkts/ev=0.00 max=0 nonempty_ev=0 fsu=52 | sender: sent=9078(+1250 SDU) eagain=0(+0) poolfail=0(+0)
  35.274  CENRX cum_total=3636088 B
  36.262  CENRX cum_total=3763212 B
  37.252  CENRX cum_total=3888140 B
  38.304  CENRX cum_total=4009896 B
  39.292  CENRX cum_total=4130676 B
