   0.171  CENRX cum_total=0 B
   1.171  CENRX cum_total=0 B
   2.145  CENRX cum_total=0 B
   3.145  CENRX cum_total=0 B
   4.179  CENRX cum_total=0 B
   5.130  RPT occ: events=0 mean_pkts/ev=0.00 max=0 nonempty_ev=0 fsu=0 | sender: sent=4439(+2030 SDU) eagain=0(+0) poolfail=0(+0)
   5.190  CENRX cum_total=0 B
   5.609  L2CAP disconnected
   5.610  GAP disconnected 0x08
   5.610  scan start rc=0
   5.610  found D6:C7:60:B1:D3:0E (random) (rssi -59), connecting
   5.610  Q2CONN AA=e8928548 CRCINIT=535bf9 hop=16 chan_count=37 map=ffffffff1f
   5.610  GAP connected
   5.610  phy req rc=0
   5.730  DLE: tx_max=27 rx_max=251
   5.848  PHY: tx=2 rx=2 (2=2M)
   5.848  dle req rc=0
   5.908  DLE: tx_max=251 rx_max=251
   5.909  l2cap_chan_connect rc=0
   5.965  L2CAP connected: tx.mtu=512 tx.mps=247 tx.credits=0 rx.mtu=512 rx.mps=247
   5.965  GATE conn: interval=20 (units 1.25ms) => 25.00 ms
   6.026  Q3FSU-REQ role=C auto min=150 max=150 phys=0x2 rc=0
   6.146  CENRX cum_total=24888 B
   6.326  blasting 480-byte SDUs...
   7.158  CENRX cum_total=136884 B
   8.155  CENRX cum_total=241560 B
   9.151  CENRX cum_total=355752 B
  10.153  CENRX cum_total=468968 B
  11.153  CENRX cum_total=579500 B
  12.159  CENRX cum_total=685396 B
  13.196  CENRX cum_total=791536 B
  14.174  CENRX cum_total=909388 B
  15.172  RPT occ: events=0 mean_pkts/ev=0.00 max=0 nonempty_ev=0 fsu=0 | sender: sent=5450(+1011 SDU) eagain=0(+0) poolfail=0(+0)
  15.172  CENRX cum_total=1021872 B
  16.174  CENRX cum_total=1118496 B
  17.171  CENRX cum_total=1225856 B
  18.216  CENRX cum_total=1329312 B
  19.209  CENRX cum_total=1445700 B
  20.216  CENRX cum_total=1555012 B
  21.207  CENRX cum_total=1666764 B
  22.205  CENRX cum_total=1773392 B
  23.182  CENRX cum_total=1883192 B
  24.228  CENRX cum_total=1990796 B
  25.166  RPT occ: events=0 mean_pkts/ev=0.00 max=0 nonempty_ev=0 fsu=0 | sender: sent=6557(+1107 SDU) eagain=0(+0) poolfail=0(+0)
  25.226  CENRX cum_total=2103280 B
  26.231  CENRX cum_total=2201368 B
  27.209  CENRX cum_total=2302872 B
  28.252  CENRX cum_total=2407792 B
  29.246  CENRX cum_total=2514908 B
  30.245  CENRX cum_total=2625440 B
  31.206  CENRX cum_total=2730116 B
  32.214  CENRX cum_total=2837476 B
  33.257  CENRX cum_total=2949960 B
  34.258  CENRX cum_total=3055124 B
  35.178  RPT occ: events=0 mean_pkts/ev=0.00 max=0 nonempty_ev=0 fsu=0 | sender: sent=7623(+1066 SDU) eagain=0(+0) poolfail=0(+0)
  35.238  CENRX cum_total=3157604 B
  36.231  CENRX cum_total=3264476 B
  37.231  CENRX cum_total=3365980 B
  38.270  CENRX cum_total=3466996 B
  39.277  CENRX cum_total=3583384 B
