   0.301  CENRX cum_total=0 B
   1.299  CENRX cum_total=0 B
   2.299  CENRX cum_total=0 B
   3.297  CENRX cum_total=0 B
   4.306  CENRX cum_total=0 B
   5.237  RPT occ: events=0 mean_pkts/ev=0.00 max=0 nonempty_ev=0 fsu=52 | sender: sent=4812(+2205 SDU) eagain=0(+0) poolfail=0(+0)
   5.297  CENRX cum_total=0 B
   5.591  L2CAP disconnected
   5.591  GAP disconnected 0x08
   5.591  scan start rc=0
   5.591  found D6:C7:60:B1:D3:0E (random) (rssi -59), connecting
   5.651  Q2CONN AA=74653cde CRCINIT=872934 hop=16 chan_count=37 map=ffffffff1f
   5.651  GAP connected
   5.652  phy req rc=0
   5.712  DLE: tx_max=27 rx_max=251
   5.772  PHY: tx=2 rx=2 (2=2M)
   5.772  dle req rc=0
   5.832  DLE: tx_max=251 rx_max=251
   5.832  l2cap_chan_connect rc=0
   5.892  L2CAP connected: tx.mtu=512 tx.mps=247 tx.credits=0 rx.mtu=512 rx.mps=247
   5.893  GATE conn: interval=12 (units 1.25ms) => 15.00 ms
   5.893  Q3FSU-REQ role=C auto min=52 max=150 phys=0x2 rc=0
   5.953  Q3FSU-DONE role=C status=0x00 spacing=52 types=0x3 phys=0x2 initiator=0
   6.187  blasting 480-byte SDUs...
   6.303  CENRX cum_total=59048 B
   7.312  CENRX cum_total=175192 B
   8.272  CENRX cum_total=288408 B
   9.273  CENRX cum_total=411872 B
  10.282  CENRX cum_total=531676 B
  11.295  CENRX cum_total=645868 B
  12.286  CENRX cum_total=758596 B
  13.297  CENRX cum_total=879620 B
  14.277  CENRX cum_total=999424 B
  15.269  RPT occ: events=0 mean_pkts/ev=0.00 max=0 nonempty_ev=0 fsu=52 | sender: sent=5925(+1113 SDU) eagain=0(+0) poolfail=0(+0)
  15.321  CENRX cum_total=1121668 B
  16.331  CENRX cum_total=1241228 B
  17.325  CENRX cum_total=1352492 B
  18.312  CENRX cum_total=1470832 B
  19.317  CENRX cum_total=1586000 B
  20.326  CENRX cum_total=1706048 B
  21.317  CENRX cum_total=1822192 B
  22.307  CENRX cum_total=1942972 B
  23.311  CENRX cum_total=2061556 B
  24.317  CENRX cum_total=2172576 B
  25.249  RPT occ: events=0 mean_pkts/ev=0.00 max=0 nonempty_ev=0 fsu=52 | sender: sent=7114(+1189 SDU) eagain=0(+0) poolfail=0(+0)
  25.309  CENRX cum_total=2292868 B
  26.322  CENRX cum_total=2411208 B
  27.314  CENRX cum_total=2531012 B
  28.361  CENRX cum_total=2653256 B
  29.350  CENRX cum_total=2767448 B
  30.352  CENRX cum_total=2891400 B
  31.365  CENRX cum_total=3004372 B
  32.367  CENRX cum_total=3126616 B
  33.372  CENRX cum_total=3246908 B
  34.369  CENRX cum_total=3363296 B
  35.265  RPT occ: events=0 mean_pkts/ev=0.00 max=0 nonempty_ev=0 fsu=52 | sender: sent=8303(+1189 SDU) eagain=0(+0) poolfail=0(+0)
  35.377  CENRX cum_total=3483588 B
  36.382  CENRX cum_total=3602660 B
  37.342  CENRX cum_total=3712216 B
  38.379  CENRX cum_total=3832752 B
  39.361  CENRX cum_total=3950848 B
