   0.800  PHY tx=2 rx=2
   0.856  t=2s RTT mean=0 min=0 max=0 n=0 to=0 | cancels=0(+0/s) seqbad=0 len_bad=87 disc=0(0x00) | tot_n=0 tot_to=0 maxever=0 >2ms=0 >5ms=0 >15ms=0 >20ms=0 >30ms=0 | probes=0 wrfail=0 down=1s maxout=1s
   0.856  BLASTC comp=98 exkBps=20 cgap_us[min/avg/max]=123/5591/154147
   0.856  BLAST phy=2/2 att=108 ok=108 enomem=0 err=0 call_us[min/avg/max]=51/5061/153432 okgap_max_us=153443
   2.264  t=3s RTT mean=0 min=0 max=0 n=0 to=0 | cancels=0(+0/s) seqbad=0 len_bad=432 disc=0(0x00) | tot_n=0 tot_to=0 maxever=0 >2ms=0 >5ms=0 >15ms=0 >20ms=0 >30ms=0 | probes=0 wrfail=0 down=1s maxout=1s
   2.319  BLASTC comp=345 exkBps=82 cgap_us[min/avg/max]=2394/2898/54394
   2.319  BLAST phy=2/2 att=345 ok=345 enomem=0 err=0 call_us[min/avg/max]=2323/2886/54378 okgap_max_us=54389
   2.319  t=4s RTT mean=0 min=0 max=0 n=0 to=0 | cancels=0(+0/s) seqbad=0 len_bad=768 disc=0(0x00) | tot_n=0 tot_to=0 maxever=0 >2ms=0 >5ms=0 >15ms=0 >20ms=0 >30ms=0 | probes=0 wrfail=0 down=1s maxout=1s
   2.320  BLASTC comp=336 exkBps=80 cgap_us[min/avg/max]=2392/2976/54394
   2.320  BLAST phy=2/2 att=336 ok=336 enomem=0 err=0 call_us[min/avg/max]=2324/2964/54379 okgap_max_us=54390
   3.676  FSU: request [52..52] us (ACL both dirs, 1M+2M) rc=0
   3.676  FSU: updated status=0x00 spacing=52 us phys=0x3 types=0x3 initiator=0
   3.676  BLASTC comp=326 exkBps=77 cgap_us[min/avg/max]=1418/3063/54403
   3.728  BLAST phy=2/2 att=326 ok=326 enomem=0 err=0 call_us[min/avg/max]=1407/3052/54387 okgap_max_us=54399
   3.728  t=5s RTT mean=0 min=0 max=0 n=0 to=0 | cancels=0(+0/s) seqbad=0 len_bad=1094 disc=0(0x00) | tot_n=0 tot_to=0 maxever=0 >2ms=0 >5ms=0 >15ms=0 >20ms=0 >30ms=0 | probes=0 wrfail=0 down=1s maxout=1s
   5.301  BLASTC comp=375 exkBps=89 cgap_us[min/avg/max]=2198/2666/45598
   5.301  BLAST phy=2/2 att=375 ok=375 enomem=0 err=0 call_us[min/avg/max]=2139/2655/45587 okgap_max_us=45598
   5.301  t=6s RTT mean=0 min=0 max=0 n=0 to=0 | cancels=0(+0/s) seqbad=0 len_bad=1469 disc=0(0x00) | tot_n=0 tot_to=0 maxever=0 >2ms=0 >5ms=0 >15ms=0 >20ms=0 >30ms=0 | probes=0 wrfail=0 down=1s maxout=1s
   5.301  BLASTC comp=329 exkBps=78 cgap_us[min/avg/max]=2200/3039/62581
   5.301  BLAST phy=2/2 att=329 ok=329 enomem=0 err=0 call_us[min/avg/max]=2132/3027/62570 okgap_max_us=62581
   5.356  t=7s RTT mean=0 min=0 max=0 n=0 to=0 | cancels=0(+0/s) seqbad=0 len_bad=1798 disc=0(0x00) | tot_n=0 tot_to=0 maxever=0 >2ms=0 >5ms=0 >15ms=0 >20ms=0 >30ms=0 | probes=0 wrfail=0 down=1s maxout=1s
   7.290  t=8s RTT mean=0 min=0 max=0 n=0 to=0 | cancels=0(+0/s) seqbad=0 len_bad=2171 disc=0(0x00) | tot_n=0 tot_to=0 maxever=0 >2ms=0 >5ms=0 >15ms=0 >20ms=0 >30ms=0 | probes=0 wrfail=0 down=1s maxout=1s
   7.290  BLASTC comp=374 exkBps=89 cgap_us[min/avg/max]=2196/2701/47799
   7.290  BLAST phy=2/2 att=374 ok=374 enomem=0 err=0 call_us[min/avg/max]=2116/2689/47788 okgap_max_us=47799
   7.290  BLASTC comp=360 exkBps=85 cgap_us[min/avg/max]=2200/2748/53777
   7.341  BLAST phy=2/2 att=360 ok=360 enomem=0 err=0 call_us[min/avg/max]=2130/2737/53766 okgap_max_us=53777
   7.341  t=9s RTT mean=0 min=0 max=0 n=0 to=0 | cancels=0(+0/s) seqbad=0 len_bad=2532 disc=0(0x00) | tot_n=0 tot_to=0 maxever=0 >2ms=0 >5ms=0 >15ms=0 >20ms=0 >30ms=0 | probes=0 wrfail=0 down=1s maxout=1s
   9.281  t=10s RTT mean=0 min=0 max=0 n=0 to=0 | cancels=0(+0/s) seqbad=0 len_bad=2891 disc=0(0x00) | tot_n=0 tot_to=0 maxever=0 >2ms=0 >5ms=0 >15ms=0 >20ms=0 >30ms=0 | probes=0 wrfail=0 down=1s maxout=1s
   9.281  BLASTC comp=360 exkBps=85 cgap_us[min/avg/max]=2193/2806/38994
   9.281  BLAST phy=2/2 att=360 ok=360 enomem=0 err=0 call_us[min/avg/max]=2129/2795/38983 okgap_max_us=38995
   9.336  t=11s RTT mean=0 min=0 max=0 n=0 to=0 | cancels=0(+0/s) seqbad=0 len_bad=3263 disc=0(0x00) | tot_n=0 tot_to=0 maxever=0 >2ms=0 >5ms=0 >15ms=0 >20ms=0 >30ms=0 | probes=0 wrfail=0 down=1s maxout=1s
   9.336  BLASTC comp=372 exkBps=88 cgap_us[min/avg/max]=2200/2694/53776
   9.336  BLAST phy=2/2 att=372 ok=372 enomem=0 err=0 call_us[min/avg/max]=2131/2682/53764 okgap_max_us=53775
  11.286  BLASTC comp=360 exkBps=85 cgap_us[min/avg/max]=2198/2742/45597
  11.286  BLAST phy=2/2 att=360 ok=360 enomem=0 err=0 call_us[min/avg/max]=2133/2731/45587 okgap_max_us=45598
  11.286  t=12s RTT mean=0 min=0 max=0 n=0 to=0 | cancels=0(+0/s) seqbad=0 len_bad=3625 disc=0(0x00) | tot_n=0 tot_to=0 maxever=0 >2ms=0 >5ms=0 >15ms=0 >20ms=0 >30ms=0 | probes=0 wrfail=0 down=1s maxout=1s
  11.286  BLASTC comp=396 exkBps=94 cgap_us[min/avg/max]=2200/2525/36793
  11.341  BLAST phy=2/2 att=396 ok=396 enomem=0 err=0 call_us[min/avg/max]=2124/2513/36782 okgap_max_us=36793
  11.341  t=13s RTT mean=0 min=0 max=0 n=0 to=0 | cancels=0(+0/s) seqbad=0 len_bad=4021 disc=0(0x00) | tot_n=0 tot_to=0 maxever=0 >2ms=0 >5ms=0 >15ms=0 >20ms=0 >30ms=0 | probes=0 wrfail=0 down=1s maxout=1s
  13.291  BLASTC comp=359 exkBps=85 cgap_us[min/avg/max]=2190/2785/53775
  13.291  BLAST phy=2/2 att=359 ok=359 enomem=0 err=0 call_us[min/avg/max]=2104/2773/53764 okgap_max_us=53775
  13.291  t=14s RTT mean=0 min=0 max=0 n=0 to=0 | cancels=0(+0/s) seqbad=0 len_bad=4380 disc=0(0x00) | tot_n=0 tot_to=0 maxever=0 >2ms=0 >5ms=0 >15ms=0 >20ms=0 >30ms=0 | probes=0 wrfail=0 down=1s maxout=1s
  13.291  BLASTC comp=329 exkBps=78 cgap_us[min/avg/max]=2200/3039/95598
  13.291  BLAST phy=2/2 att=329 ok=329 enomem=0 err=0 call_us[min/avg/max]=2123/3027/95586 okgap_max_us=95598
  13.346  t=15s RTT mean=0 min=0 max=0 n=0 to=0 | cancels=0(+0/s) seqbad=0 len_bad=4709 disc=0(0x00) | tot_n=0 tot_to=0 maxever=0 >2ms=0 >5ms=0 >15ms=0 >20ms=0 >30ms=0 | probes=0 wrfail=0 down=1s maxout=1s
  15.291  BLASTC comp=394 exkBps=93 cgap_us[min/avg/max]=2190/2538/50000
  15.291  BLAST phy=2/2 att=394 ok=394 enomem=0 err=0 call_us[min/avg/max]=2102/2526/49988 okgap_max_us=49999
  15.291  t=16s RTT mean=0 min=0 max=0 n=0 to=0 | cancels=0(+0/s) seqbad=0 len_bad=5103 disc=0(0x00) | tot_n=0 tot_to=0 maxever=0 >2ms=0 >5ms=0 >15ms=0 >20ms=0 >30ms=0 | probes=0 wrfail=0 down=1s maxout=1s
  15.346  t=17s RTT mean=0 min=0 max=0 n=0 to=0 | cancels=0(+0/s) seqbad=0 len_bad=5387 disc=0(0x00) | tot_n=0 tot_to=0 maxever=0 >2ms=0 >5ms=0 >15ms=0 >20ms=0 >30ms=0 | probes=0 wrfail=0 down=1s maxout=1s
  15.346  BLASTC comp=286 exkBps=68 cgap_us[min/avg/max]=2200/3532/75782
  15.346  BLAST phy=2/2 att=286 ok=286 enomem=0 err=0 call_us[min/avg/max]=2124/3521/75770 okgap_max_us=53775
  17.277  t=18s RTT mean=0 min=0 max=0 n=0 to=0 | cancels=0(+0/s) seqbad=0 len_bad=5697 disc=0(0x00) | tot_n=0 tot_to=0 maxever=0 >2ms=0 >5ms=0 >15ms=0 >20ms=0 >30ms=0 | probes=0 wrfail=0 down=1s maxout=1s
  17.277  BLASTC comp=310 exkBps=73 cgap_us[min/avg/max]=2198/3225/53775
  17.330  BLAST phy=2/2 att=310 ok=310 enomem=0 err=0 call_us[min/avg/max]=2129/3214/53763 okgap_max_us=75841
  17.330  BLASTC comp=358 exkBps=85 cgap_us[min/avg/max]=2200/2764/66984
  17.330  BLAST phy=2/2 att=358 ok=358 enomem=0 err=0 call_us[min/avg/max]=2130/2752/66973 okgap_max_us=66984
  17.330  t=19s RTT mean=0 min=0 max=0 n=0 to=0 | cancels=0(+0/s) seqbad=0 len_bad=6057 disc=0(0x00) | tot_n=0 tot_to=0 maxever=0 >2ms=0 >5ms=0 >15ms=0 >20ms=0 >30ms=0 | probes=0 wrfail=0 down=1s maxout=1s
  19.278  BLASTC comp=332 exkBps=79 cgap_us[min/avg/max]=2197/3012/47799
  19.278  BLAST phy=2/2 att=332 ok=332 enomem=0 err=0 call_us[min/avg/max]=2131/3000/47788 okgap_max_us=47799
  19.278  t=20s RTT mean=0 min=0 max=0 n=0 to=0 | cancels=0(+0/s) seqbad=0 len_bad=6389 disc=0(0x00) | tot_n=0 tot_to=0 maxever=0 >2ms=0 >5ms=0 >15ms=0 >20ms=0 >30ms=0 | probes=0 wrfail=0 down=1s maxout=1s
  19.333  t=21s RTT mean=0 min=0 max=0 n=0 to=0 | cancels=0(+0/s) seqbad=0 len_bad=6753 disc=0(0x00) | tot_n=0 tot_to=0 maxever=0 >2ms=0 >5ms=0 >15ms=0 >20ms=0 >30ms=0 | probes=0 wrfail=0 down=1s maxout=1s
  19.333  BLASTC comp=366 exkBps=87 cgap_us[min/avg/max]=2200/2760/53779
  19.333  BLAST phy=2/2 att=366 ok=366 enomem=0 err=0 call_us[min/avg/max]=2122/2748/53767 okgap_max_us=53779
  21.274  BLASTC comp=370 exkBps=88 cgap_us[min/avg/max]=2197/2674/47799
  21.274  BLAST phy=2/2 att=370 ok=370 enomem=0 err=0 call_us[min/avg/max]=2130/2663/47788 okgap_max_us=47799
  21.325  t=22s RTT mean=0 min=0 max=0 n=0 to=0 | cancels=0(+0/s) seqbad=0 len_bad=7125 disc=0(0x00) | tot_n=0 tot_to=0 maxever=0 >2ms=0 >5ms=0 >15ms=0 >20ms=0 >30ms=0 | probes=0 wrfail=0 down=1s maxout=1s
  21.325  BLASTC comp=357 exkBps=85 cgap_us[min/avg/max]=2193/2801/53776
  21.325  BLAST phy=2/2 att=357 ok=357 enomem=0 err=0 call_us[min/avg/max]=2124/2789/53764 okgap_max_us=53776
  21.325  t=23s RTT mean=0 min=0 max=0 n=0 to=0 | cancels=0(+0/s) seqbad=0 len_bad=7483 disc=0(0x00) | tot_n=0 tot_to=0 maxever=0 >2ms=0 >5ms=0 >15ms=0 >20ms=0 >30ms=0 | probes=0 wrfail=0 down=1s maxout=1s
  23.274  BLASTC comp=315 exkBps=75 cgap_us[min/avg/max]=2190/3174/53776
  23.274  BLAST phy=2/2 att=315 ok=315 enomem=0 err=0 call_us[min/avg/max]=2103/3162/53764 okgap_max_us=53775
  23.329  t=24s RTT mean=0 min=0 max=0 n=0 to=0 | cancels=0(+0/s) seqbad=0 len_bad=7798 disc=0(0x00) | tot_n=0 tot_to=0 maxever=0 >2ms=0 >5ms=0 >15ms=0 >20ms=0 >30ms=0 | probes=0 wrfail=0 down=1s maxout=1s
  23.329  BLASTC comp=397 exkBps=94 cgap_us[min/avg/max]=2199/2518/53774
  23.329  BLAST phy=2/2 att=397 ok=397 enomem=0 err=0 call_us[min/avg/max]=2128/2507/53764 okgap_max_us=53775
  23.330  t=25s RTT mean=0 min=0 max=0 n=0 to=0 | cancels=0(+0/s) seqbad=0 len_bad=8195 disc=0(0x00) | tot_n=0 tot_to=0 maxever=0 >2ms=0 >5ms=0 >15ms=0 >20ms=0 >30ms=0 | probes=0 wrfail=0 down=1s maxout=1s
  25.264  t=26s RTT mean=0 min=0 max=0 n=0 to=0 | cancels=0(+0/s) seqbad=0 len_bad=8558 disc=0(0x00) | tot_n=0 tot_to=0 maxever=0 >2ms=0 >5ms=0 >15ms=0 >20ms=0 >30ms=0 | probes=0 wrfail=0 down=1s maxout=1s
  25.317  BLASTC comp=366 exkBps=87 cgap_us[min/avg/max]=2191/2760/53776
  25.317  BLAST phy=2/2 att=366 ok=366 enomem=0 err=0 call_us[min/avg/max]=2103/2748/53765 okgap_max_us=53776
  25.317  BLASTC comp=362 exkBps=86 cgap_us[min/avg/max]=2200/2733/43396
  25.317  BLAST phy=2/2 att=362 ok=362 enomem=0 err=0 call_us[min/avg/max]=2131/2722/43386 okgap_max_us=53835
  25.317  t=27s RTT mean=0 min=0 max=0 n=0 to=0 | cancels=0(+0/s) seqbad=0 len_bad=8923 disc=0(0x00) | tot_n=0 tot_to=0 maxever=0 >2ms=0 >5ms=0 >15ms=0 >20ms=0 >30ms=0 | probes=0 wrfail=0 down=1s maxout=1s
  27.265  BLASTC comp=370 exkBps=88 cgap_us[min/avg/max]=2195/2702/50002
  27.265  BLAST phy=2/2 att=370 ok=370 enomem=0 err=0 call_us[min/avg/max]=2131/2691/49991 okgap_max_us=50002
  27.319  t=28s RTT mean=0 min=0 max=0 n=0 to=0 | cancels=0(+0/s) seqbad=0 len_bad=9293 disc=0(0x00) | tot_n=0 tot_to=0 maxever=0 >2ms=0 >5ms=0 >15ms=0 >20ms=0 >30ms=0 | probes=0 wrfail=0 down=1s maxout=1s
  27.319  BLASTC comp=378 exkBps=90 cgap_us[min/avg/max]=2200/2645/50001
  27.319  BLAST phy=2/2 att=378 ok=378 enomem=0 err=0 call_us[min/avg/max]=2124/2633/49990 okgap_max_us=50001
  27.319  t=29s RTT mean=0 min=0 max=0 n=0 to=0 | cancels=0(+0/s) seqbad=0 len_bad=9671 disc=0(0x00) | tot_n=0 tot_to=0 maxever=0 >2ms=0 >5ms=0 >15ms=0 >20ms=0 >30ms=0 | probes=0 wrfail=0 down=1s maxout=1s
  29.269  BLASTC comp=401 exkBps=95 cgap_us[min/avg/max]=2190/2493/30190
  29.270  BLAST phy=2/2 att=401 ok=401 enomem=0 err=0 call_us[min/avg/max]=2103/2482/30179 okgap_max_us=30190
  29.324  t=30s RTT mean=0 min=0 max=0 n=0 to=0 | cancels=0(+0/s) seqbad=0 len_bad=10072 disc=0(0x00) | tot_n=0 tot_to=0 maxever=0 >2ms=0 >5ms=0 >15ms=0 >20ms=0 >30ms=0 | probes=0 wrfail=0 down=1s maxout=1s
  29.324  BLASTC comp=380 exkBps=90 cgap_us[min/avg/max]=2200/2631/45598
  29.324  BLAST phy=2/2 att=380 ok=380 enomem=0 err=0 call_us[min/avg/max]=2124/2619/45587 okgap_max_us=45598
  29.324  t=31s RTT mean=0 min=0 max=0 n=0 to=0 | cancels=0(+0/s) seqbad=0 len_bad=10452 disc=0(0x00) | tot_n=0 tot_to=0 maxever=0 >2ms=0 >5ms=0 >15ms=0 >20ms=0 >30ms=0 | probes=0 wrfail=0 down=1s maxout=1s
  31.263  BLASTC comp=398 exkBps=94 cgap_us[min/avg/max]=2191/2512/36794
  31.263  BLAST phy=2/2 att=398 ok=398 enomem=0 err=0 call_us[min/avg/max]=2103/2500/36783 okgap_max_us=36795
  31.318  t=32s RTT mean=0 min=0 max=0 n=0 to=0 | cancels=0(+0/s) seqbad=0 len_bad=10850 disc=0(0x00) | tot_n=0 tot_to=0 maxever=0 >2ms=0 >5ms=0 >15ms=0 >20ms=0 >30ms=0 | probes=0 wrfail=0 down=1s maxout=1s
  31.318  t=33s RTT mean=0 min=0 max=0 n=0 to=0 | cancels=0(+0/s) seqbad=0 len_bad=11230 disc=0(0x00) | tot_n=0 tot_to=0 maxever=0 >2ms=0 >5ms=0 >15ms=0 >20ms=0 >30ms=0 | probes=0 wrfail=0 down=1s maxout=1s
  31.318  BLASTC comp=383 exkBps=91 cgap_us[min/avg/max]=2200/2638/50002
  31.318  BLAST phy=2/2 att=383 ok=383 enomem=0 err=0 call_us[min/avg/max]=2124/2626/49990 okgap_max_us=50002
  33.269  t=34s RTT mean=0 min=0 max=0 n=0 to=0 | cancels=0(+0/s) seqbad=0 len_bad=11601 disc=0(0x00) | tot_n=0 tot_to=0 maxever=0 >2ms=0 >5ms=0 >15ms=0 >20ms=0 >30ms=0 | probes=0 wrfail=0 down=1s maxout=1s
  33.269  BLASTC comp=371 exkBps=88 cgap_us[min/avg/max]=2200/2695/45606
  33.324  BLAST phy=2/2 att=371 ok=371 enomem=0 err=0 call_us[min/avg/max]=2130/2683/45595 okgap_max_us=45607
  33.324  t=35s RTT mean=0 min=0 max=0 n=0 to=0 | cancels=0(+0/s) seqbad=0 len_bad=11972 disc=0(0x00) | tot_n=0 tot_to=0 maxever=0 >2ms=0 >5ms=0 >15ms=0 >20ms=0 >30ms=0 | probes=0 wrfail=0 down=1s maxout=1s
  34.336  BLASTC comp=371 exkBps=88 cgap_us[min/avg/max]=2199/2830/86793
  34.336  BLAST phy=2/2 att=371 ok=371 enomem=0 err=0 call_us[min/avg/max]=2131/2818/86783 okgap_max_us=45658
  34.336  BLASTC comp=283 exkBps=67 cgap_us[min/avg/max]=2199/3320/53778
  34.336  BLAST phy=2/2 att=283 ok=283 enomem=0 err=0 call_us[min/avg/max]=2183/3308/53768 okgap_max_us=86861
  34.391  t=36s RTT mean=0 min=0 max=0 n=0 to=0 | cancels=0(+0/s) seqbad=0 len_bad=12259 disc=0(0x00) | tot_n=0 tot_to=0 maxever=0 >2ms=0 >5ms=0 >15ms=0 >20ms=0 >30ms=0 | probes=0 wrfail=0 down=1s maxout=1s
  36.292  t=37s RTT mean=0 min=0 max=0 n=0 to=0 | cancels=0(+0/s) seqbad=0 len_bad=12519 disc=0(0x00) | tot_n=0 tot_to=0 maxever=0 >2ms=0 >5ms=0 >15ms=0 >20ms=0 >30ms=0 | probes=0 wrfail=0 down=1s maxout=1s
  36.292  BLASTC comp=264 exkBps=62 cgap_us[min/avg/max]=2196/3827/95598
  36.292  BLAST phy=2/2 att=264 ok=264 enomem=0 err=0 call_us[min/avg/max]=2131/3815/95587 okgap_max_us=95598
  36.292  BLASTC comp=360 exkBps=85 cgap_us[min/avg/max]=2200/2748/53776
  36.343  BLAST phy=2/2 att=360 ok=360 enomem=0 err=0 call_us[min/avg/max]=2131/2737/53764 okgap_max_us=53776
  36.343  t=38s RTT mean=0 min=0 max=0 n=0 to=0 | cancels=0(+0/s) seqbad=0 len_bad=12883 disc=0(0x00) | tot_n=0 tot_to=0 maxever=0 >2ms=0 >5ms=0 >15ms=0 >20ms=0 >30ms=0 | probes=0 wrfail=0 down=1s maxout=1s
  38.291  t=39s RTT mean=0 min=0 max=0 n=0 to=0 | cancels=0(+0/s) seqbad=0 len_bad=13238 disc=0(0x00) | tot_n=0 tot_to=0 maxever=0 >2ms=0 >5ms=0 >15ms=0 >20ms=0 >30ms=0 | probes=0 wrfail=0 down=1s maxout=1s
  38.291  BLASTC comp=359 exkBps=85 cgap_us[min/avg/max]=2199/2814/53775
  38.291  BLAST phy=2/2 att=359 ok=359 enomem=0 err=0 call_us[min/avg/max]=2131/2802/53763 okgap_max_us=53774
  38.343  t=40s RTT mean=0 min=0 max=0 n=0 to=0 | cancels=0(+0/s) seqbad=0 len_bad=13582 disc=0(0x00) | tot_n=0 tot_to=0 maxever=0 >2ms=0 >5ms=0 >15ms=0 >20ms=0 >30ms=0 | probes=0 wrfail=0 down=1s maxout=1s
  38.343  BLASTC comp=344 exkBps=81 cgap_us[min/avg/max]=2200/2913/50002
  38.343  BLAST phy=2/2 att=344 ok=344 enomem=0 err=0 call_us[min/avg/max]=2130/2901/49990 okgap_max_us=50001
  40.285  BLASTC comp=374 exkBps=89 cgap_us[min/avg/max]=2199/2640/55983
  40.285  BLAST phy=2/2 att=374 ok=374 enomem=0 err=0 call_us[min/avg/max]=2133/2628/55971 okgap_max_us=55982
  40.285  t=41s RTT mean=0 min=0 max=0 n=0 to=0 | cancels=0(+0/s) seqbad=0 len_bad=13960 disc=0(0x00) | tot_n=0 tot_to=0 maxever=0 >2ms=0 >5ms=0 >15ms=0 >20ms=0 >30ms=0 | probes=0 wrfail=0 down=1s maxout=1s
  40.285  BLASTC comp=376 exkBps=89 cgap_us[min/avg/max]=2200/2659/41195
  40.338  BLAST phy=2/2 att=376 ok=376 enomem=0 err=0 call_us[min/avg/max]=2123/2647/41184 okgap_max_us=41195
  40.338  t=42s RTT mean=0 min=0 max=0 n=0 to=0 | cancels=0(+0/s) seqbad=0 len_bad=14336 disc=0(0x00) | tot_n=0 tot_to=0 maxever=0 >2ms=0 >5ms=0 >15ms=0 >20ms=0 >30ms=0 | probes=0 wrfail=0 down=1s maxout=1s
  42.274  BLASTC comp=303 exkBps=72 cgap_us[min/avg/max]=2190/3300/53775
  42.274  BLAST phy=2/2 att=303 ok=303 enomem=0 err=0 call_us[min/avg/max]=2104/3288/53764 okgap_max_us=53775
  42.329  t=43s RTT mean=0 min=0 max=0 n=0 to=0 | cancels=0(+0/s) seqbad=0 len_bad=14638 disc=0(0x00) | tot_n=0 tot_to=0 maxever=0 >2ms=0 >5ms=0 >15ms=0 >20ms=0 >30ms=0 | probes=0 wrfail=0 down=1s maxout=1s
  42.329  t=44s RTT mean=0 min=0 max=0 n=0 to=0 | cancels=0(+0/s) seqbad=0 len_bad=14984 disc=0(0x00) | tot_n=0 tot_to=0 maxever=0 >2ms=0 >5ms=0 >15ms=0 >20ms=0 >30ms=0 | probes=0 wrfail=0 down=1s maxout=1s
  42.329  BLASTC comp=349 exkBps=83 cgap_us[min/avg/max]=2199/2895/53776
  42.329  BLAST phy=2/2 att=349 ok=349 enomem=0 err=0 call_us[min/avg/max]=2126/2883/53764 okgap_max_us=53776
  44.281  t=45s RTT mean=0 min=0 max=0 n=0 to=0 | cancels=0(+0/s) seqbad=0 len_bad=15348 disc=0(0x00) | tot_n=0 tot_to=0 maxever=0 >2ms=0 >5ms=0 >15ms=0 >20ms=0 >30ms=0 | probes=0 wrfail=0 down=1s maxout=1s
  44.281  BLASTC comp=364 exkBps=86 cgap_us[min/avg/max]=2197/2747/58180
  44.281  BLAST phy=2/2 att=364 ok=364 enomem=0 err=0 call_us[min/avg/max]=2128/2735/58169 okgap_max_us=58180
  44.333  BLASTC comp=355 exkBps=84 cgap_us[min/avg/max]=2199/2787/47798
  44.334  BLAST phy=2/2 att=355 ok=355 enomem=0 err=0 call_us[min/avg/max]=2129/2776/47787 okgap_max_us=47798
  44.334  t=46s RTT mean=0 min=0 max=0 n=0 to=0 | cancels=0(+0/s) seqbad=0 len_bad=15707 disc=0(0x00) | tot_n=0 tot_to=0 maxever=0 >2ms=0 >5ms=0 >15ms=0 >20ms=0 >30ms=0 | probes=0 wrfail=0 down=1s maxout=1s
  46.270  BLASTC comp=335 exkBps=79 cgap_us[min/avg/max]=2199/2985/53775
  46.270  BLAST phy=2/2 att=335 ok=335 enomem=0 err=0 call_us[min/avg/max]=2131/2973/53763 okgap_max_us=53775
  46.325  t=47s RTT mean=0 min=0 max=0 n=0 to=0 | cancels=0(+0/s) seqbad=0 len_bad=16042 disc=0(0x00) | tot_n=0 tot_to=0 maxever=0 >2ms=0 >5ms=0 >15ms=0 >20ms=0 >30ms=0 | probes=0 wrfail=0 down=1s maxout=1s
  46.325  BLASTC comp=336 exkBps=80 cgap_us[min/avg/max]=2199/2976/47797
  46.325  BLAST phy=2/2 att=336 ok=336 enomem=0 err=0 call_us[min/avg/max]=2124/2964/47786 okgap_max_us=47798
  46.325  t=48s RTT mean=0 min=0 max=0 n=0 to=0 | cancels=0(+0/s) seqbad=0 len_bad=16378 disc=0(0x00) | tot_n=0 tot_to=0 maxever=0 >2ms=0 >5ms=0 >15ms=0 >20ms=0 >30ms=0 | probes=0 wrfail=0 down=1s maxout=1s
  48.275  BLASTC comp=371 exkBps=88 cgap_us[min/avg/max]=2191/2695/49998
  48.275  BLAST phy=2/2 att=371 ok=371 enomem=0 err=0 call_us[min/avg/max]=2104/2683/49987 okgap_max_us=49998
  48.275  t=49s RTT mean=0 min=0 max=0 n=0 to=0 | cancels=0(+0/s) seqbad=0 len_bad=16749 disc=0(0x00) | tot_n=0 tot_to=0 maxever=0 >2ms=0 >5ms=0 >15ms=0 >20ms=0 >30ms=0 | probes=0 wrfail=0 down=1s maxout=1s
  48.330  BLASTC comp=298 exkBps=71 cgap_us[min/avg/max]=2199/3355/50001
  48.330  BLAST phy=2/2 att=298 ok=298 enomem=0 err=0 call_us[min/avg/max]=2122/3344/49990 okgap_max_us=50001
  48.330  t=50s RTT mean=0 min=0 max=0 n=0 to=0 | cancels=0(+0/s) seqbad=0 len_bad=17046 disc=0(0x00) | tot_n=0 tot_to=0 maxever=0 >2ms=0 >5ms=0 >15ms=0 >20ms=0 >30ms=0 | probes=0 wrfail=0 down=1s maxout=1s
  50.271  BLASTC comp=366 exkBps=87 cgap_us[min/avg/max]=2198/2732/50002
  50.271  BLAST phy=2/2 att=366 ok=366 enomem=0 err=0 call_us[min/avg/max]=2182/2720/49990 okgap_max_us=50002
  50.327  t=51s RTT mean=0 min=0 max=0 n=0 to=0 | cancels=0(+0/s) seqbad=0 len_bad=17413 disc=0(0x00) | tot_n=0 tot_to=0 maxever=0 >2ms=0 >5ms=0 >15ms=0 >20ms=0 >30ms=0 | probes=0 wrfail=0 down=1s maxout=1s
  50.327  t=52s RTT mean=0 min=0 max=0 n=0 to=0 | cancels=0(+0/s) seqbad=0 len_bad=17783 disc=0(0x00) | tot_n=0 tot_to=0 maxever=0 >2ms=0 >5ms=0 >15ms=0 >20ms=0 >30ms=0 | probes=0 wrfail=0 down=1s maxout=1s
  50.327  BLASTC comp=374 exkBps=89 cgap_us[min/avg/max]=2199/2701/43397
  50.327  BLAST phy=2/2 att=374 ok=374 enomem=0 err=0 call_us[min/avg/max]=2124/2689/43386 okgap_max_us=43397
  52.277  BLASTC comp=369 exkBps=87 cgap_us[min/avg/max]=2198/2681/53777
  52.278  BLAST phy=2/2 att=369 ok=369 enomem=0 err=0 call_us[min/avg/max]=2129/2670/53766 okgap_max_us=53777
  52.278  t=53s RTT mean=0 min=0 max=0 n=0 to=0 | cancels=0(+0/s) seqbad=0 len_bad=18156 disc=0(0x00) | tot_n=0 tot_to=0 maxever=0 >2ms=0 >5ms=0 >15ms=0 >20ms=0 >30ms=0 | probes=0 wrfail=0 down=1s maxout=1s
  52.333  BLASTC comp=304 exkBps=72 cgap_us[min/avg/max]=2198/3289/97798
  52.333  BLAST phy=2/2 att=304 ok=304 enomem=0 err=0 call_us[min/avg/max]=2124/3277/97787 okgap_max_us=97799
  52.333  t=54s RTT mean=0 min=0 max=0 n=0 to=0 | cancels=0(+0/s) seqbad=0 len_bad=18460 disc=0(0x00) | tot_n=0 tot_to=0 maxever=0 >2ms=0 >5ms=0 >15ms=0 >20ms=0 >30ms=0 | probes=0 wrfail=0 down=1s maxout=1s
  54.279  BLASTC comp=327 exkBps=77 cgap_us[min/avg/max]=2191/3058/50009
  54.279  BLAST phy=2/2 att=327 ok=327 enomem=0 err=0 call_us[min/avg/max]=2103/3046/49998 okgap_max_us=50009
  54.279  t=55s RTT mean=0 min=0 max=0 n=0 to=0 | cancels=0(+0/s) seqbad=0 len_bad=18787 disc=0(0x00) | tot_n=0 tot_to=0 maxever=0 >2ms=0 >5ms=0 >15ms=0 >20ms=0 >30ms=0 | probes=0 wrfail=0 down=1s maxout=1s
  54.334  BLASTC comp=366 exkBps=87 cgap_us[min/avg/max]=2198/2732/41196
  54.334  BLAST phy=2/2 att=366 ok=366 enomem=0 err=0 call_us[min/avg/max]=2124/2720/41185 okgap_max_us=41197
  54.334  t=56s RTT mean=0 min=0 max=0 n=0 to=0 | cancels=0(+0/s) seqbad=0 len_bad=19153 disc=0(0x00) | tot_n=0 tot_to=0 maxever=0 >2ms=0 >5ms=0 >15ms=0 >20ms=0 >30ms=0 | probes=0 wrfail=0 down=1s maxout=1s
