   0.326  GAP connected: interval=10
   0.437  PHY updated: tx=2 rx=2
   0.492  DLE updated: tx_max=251 rx_max=251
   0.492  CoC up — seg_recv sink ready (RX_CREDITS=64, MPS=247)
   0.547  Q3FSU-DONE role=P status=0x00 spacing=65 types=0x3 phys=0x2 initiator=2
   0.982  SINK rx: 16 KB/s (17286 B / 1000 ms) fsu=65 | cum_total=17286 B cum_segs=73
   1.964  SINK rx: 136 KB/s (139680 B / 1000 ms) fsu=65 | cum_total=156966 B cum_segs=655
   2.998  SINK rx: 128 KB/s (132000 B / 1000 ms) fsu=65 | cum_total=288966 B cum_segs=1205
   3.981  SINK rx: 144 KB/s (148085 B / 1000 ms) fsu=65 | cum_total=437051 B cum_segs=1822
   5.011  SINK rx: 140 KB/s (144000 B / 1000 ms) fsu=65 | cum_total=581051 B cum_segs=2422
   5.990  SINK rx: 144 KB/s (147595 B / 1000 ms) fsu=65 | cum_total=728646 B cum_segs=3037
   7.028  SINK rx: 145 KB/s (148565 B / 1000 ms) fsu=65 | cum_total=877211 B cum_segs=3656
   8.000  SINK rx: 140 KB/s (144235 B / 1000 ms) fsu=65 | cum_total=1021446 B cum_segs=4257
   9.038  SINK rx: 150 KB/s (153845 B / 1000 ms) fsu=65 | cum_total=1175291 B cum_segs=4898
  10.017  SINK rx: 149 KB/s (152875 B / 1000 ms) fsu=65 | cum_total=1328166 B cum_segs=5535
  11.048  SINK rx: 148 KB/s (152405 B / 1000 ms) fsu=65 | cum_total=1480571 B cum_segs=6170
  12.031  SINK rx: 139 KB/s (142795 B / 1000 ms) fsu=65 | cum_total=1623366 B cum_segs=6765
  13.057  SINK rx: 134 KB/s (137525 B / 1000 ms) fsu=65 | cum_total=1760891 B cum_segs=7338
  14.090  SINK rx: 154 KB/s (157920 B / 1000 ms) fsu=65 | cum_total=1918811 B cum_segs=7996
  15.065  SINK rx: 149 KB/s (152875 B / 1000 ms) fsu=65 | cum_total=2071686 B cum_segs=8633
  16.089  SINK rx: 147 KB/s (151200 B / 1000 ms) fsu=65 | cum_total=2222886 B cum_segs=9263
  17.120  SINK rx: 144 KB/s (148085 B / 1000 ms) fsu=65 | cum_total=2370971 B cum_segs=9880
  18.106  SINK rx: 142 KB/s (145920 B / 1000 ms) fsu=65 | cum_total=2516891 B cum_segs=10488
  19.139  SINK rx: 148 KB/s (151915 B / 1000 ms) fsu=65 | cum_total=2668806 B cum_segs=11121
  20.123  SINK rx: 139 KB/s (143040 B / 1000 ms) fsu=65 | cum_total=2811846 B cum_segs=11717
  21.106  SINK rx: 150 KB/s (153600 B / 1000 ms) fsu=65 | cum_total=2965446 B cum_segs=12357
  22.143  SINK rx: 150 KB/s (154560 B / 1000 ms) fsu=65 | cum_total=3120006 B cum_segs=13001
  23.126  SINK rx: 150 KB/s (153845 B / 1000 ms) fsu=65 | cum_total=3273851 B cum_segs=13642
  24.162  SINK rx: 151 KB/s (155275 B / 1000 ms) fsu=65 | cum_total=3429126 B cum_segs=14289
  25.141  SINK rx: 137 KB/s (140885 B / 1000 ms) fsu=65 | cum_total=3570011 B cum_segs=14876
  26.175  SINK rx: 137 KB/s (140640 B / 1000 ms) fsu=65 | cum_total=3710651 B cum_segs=15462
  27.209  SINK rx: 143 KB/s (147115 B / 1000 ms) fsu=65 | cum_total=3857766 B cum_segs=16075
  28.188  SINK rx: 142 KB/s (145440 B / 1000 ms) fsu=65 | cum_total=4003206 B cum_segs=16681
  29.227  SINK rx: 149 KB/s (153120 B / 1000 ms) fsu=65 | cum_total=4156326 B cum_segs=17319
  30.215  SINK rx: 146 KB/s (150240 B / 1000 ms) fsu=65 | cum_total=4306566 B cum_segs=17945
  31.246  SINK rx: 140 KB/s (144245 B / 1000 ms) fsu=65 | cum_total=4450811 B cum_segs=18546
  32.232  SINK rx: 143 KB/s (147360 B / 1000 ms) fsu=65 | cum_total=4598171 B cum_segs=19160
  33.220  SINK rx: 150 KB/s (154560 B / 1000 ms) fsu=65 | cum_total=4752731 B cum_segs=19804
  34.253  SINK rx: 129 KB/s (132235 B / 1000 ms) fsu=65 | cum_total=4884966 B cum_segs=20355
  35.237  SINK rx: 142 KB/s (145920 B / 1000 ms) fsu=65 | cum_total=5030886 B cum_segs=20963
  36.276  SINK rx: 141 KB/s (144480 B / 1000 ms) fsu=65 | cum_total=5175366 B cum_segs=21565
  37.251  SINK rx: 143 KB/s (147360 B / 1000 ms) fsu=65 | cum_total=5322726 B cum_segs=22179
  38.288  SINK rx: 149 KB/s (152640 B / 1000 ms) fsu=65 | cum_total=5475366 B cum_segs=22815
  39.262  SINK rx: 146 KB/s (149525 B / 1000 ms) fsu=65 | cum_total=5624891 B cum_segs=23438
  40.299  SINK rx: 145 KB/s (149280 B / 1000 ms) fsu=65 | cum_total=5774171 B cum_segs=24060
  41.321  SINK rx: 146 KB/s (149995 B / 1000 ms) fsu=65 | cum_total=5924166 B cum_segs=24685
  42.308  SINK rx: 144 KB/s (147840 B / 1000 ms) fsu=65 | cum_total=6072006 B cum_segs=25301
  43.340  SINK rx: 141 KB/s (145205 B / 1000 ms) fsu=65 | cum_total=6217211 B cum_segs=25906
  44.319  SINK rx: 152 KB/s (156000 B / 1000 ms) fsu=65 | cum_total=6373211 B cum_segs=26556
  45.347  SINK rx: 131 KB/s (135115 B / 1000 ms) fsu=65 | cum_total=6508326 B cum_segs=27119
  46.375  SINK rx: 148 KB/s (152405 B / 1000 ms) fsu=65 | cum_total=6660731 B cum_segs=27754
  47.359  SINK rx: 147 KB/s (150955 B / 1000 ms) fsu=65 | cum_total=6811686 B cum_segs=28383
