   0.434  P t=60s rxkBps=0 blkkBps=0 pongs=22577(+0/s) cancels=0(+0/s) notify=1 disc=0(0x00) | echo rx=0 tx=0 pend=0 stale=0
   0.435  P t=61s rxkBps=0 blkkBps=0 pongs=22577(+0/s) cancels=0(+0/s) notify=1 disc=0(0x00) | echo rx=0 tx=0 pend=0 stale=0
   1.727  *** Booting nRF Connect SDK v3.4.0-99553055607b ***
   1.727  *** Using Zephyr OS v4.4.0-bf801e4e3d19 ***
   1.727  [01:09:22.963,284] [0m<inf> bt_sdc_hci_driver: SoftDevice Controller build revision:
   1.727                                              c8 da 30 98 f9 f0 34 a4  4b 6e ba d3 08 19 cc 0c |..0...4. Kn......
   1.727                                              ea 51 da 47                                      |.Q.G             [0m
   1.727  [01:09:22.964,049] [1;33m<wrn> bt_hci_core: Num of Controller's ACL packets != ACL bt_conn_tx contexts (10 != 3)[0m
   1.727  [01:09:22.964,675] [0m<inf> bt_hci_core: HW Platform: Nordic Semiconductor (0x0002)[0m
   1.779  [01:09:22.964,687] [0m<inf> bt_hci_core: HW Variant: nRF54Lx (0x0005)[0m
   1.780  [01:09:22.964,697] [0m<inf> bt_hci_core: Firmware: Standard Bluetooth controller (0x00) Version 200.12506 Build 888207768[0m
   1.780  [01:09:22.965,082] [0m<inf> bt_hci_core: HCI transport: SDC[0m
   1.780  [01:09:22.965,128] [0m<inf> bt_hci_core: Identity: D6:C7:60:B1:D3:0E (random)[0m
   1.780  [01:09:22.965,144] [0m<inf> bt_hci_core: HCI: version 6.3 (0x11) revision 0x3039, manufacturer 0x0059[0m
   1.780  [01:09:22.965,158] [0m<inf> bt_hci_core: LMP: version 6.3 (0x11) subver 0x3039[0m
   1.780  
   1.780  === nRF54L15 RTT ping-pong PERIPHERAL (echo) ===
   1.780  advertising
   3.074  GAP connected interval=15000
   3.074  PHY tx=2 rx=2
   3.126  P t=1s rxkBps=0 blkkBps=0 pongs=0(+0/s) cancels=0(+0/s) notify=0 disc=0(0x00) | echo rx=0 tx=0 pend=0 stale=0
   3.126  CCC: notify ENABLED
   4.691  P t=2s rxkBps=72 blkkBps=0 pongs=304(+304/s) cancels=0(+0/s) notify=1 disc=0(0x00) | echo rx=0 tx=0 pend=0 stale=0
   4.743  P t=3s rxkBps=91 blkkBps=0 pongs=690(+386/s) cancels=0(+0/s) notify=1 disc=0(0x00) | echo rx=0 tx=0 pend=0 stale=0
   6.737  P t=4s rxkBps=94 blkkBps=0 pongs=1086(+396/s) cancels=0(+0/s) notify=1 disc=0(0x00) | echo rx=0 tx=0 pend=0 stale=0
   6.737  P t=5s rxkBps=95 blkkBps=0 pongs=1486(+400/s) cancels=0(+0/s) notify=1 disc=0(0x00) | echo rx=0 tx=0 pend=0 stale=0
   8.736  P t=6s rxkBps=95 blkkBps=0 pongs=1886(+400/s) cancels=0(+0/s) notify=1 disc=0(0x00) | echo rx=0 tx=0 pend=0 stale=0
   8.736  P t=7s rxkBps=94 blkkBps=0 pongs=2282(+396/s) cancels=0(+0/s) notify=1 disc=0(0x00) | echo rx=0 tx=0 pend=0 stale=0
  10.687  P t=8s rxkBps=92 blkkBps=0 pongs=2672(+390/s) cancels=0(+0/s) notify=1 disc=0(0x00) | echo rx=0 tx=0 pend=0 stale=0
  10.742  P t=9s rxkBps=94 blkkBps=0 pongs=3068(+396/s) cancels=0(+0/s) notify=1 disc=0(0x00) | echo rx=0 tx=0 pend=0 stale=0
  12.698  P t=10s rxkBps=94 blkkBps=0 pongs=3466(+398/s) cancels=0(+0/s) notify=1 disc=0(0x00) | echo rx=0 tx=0 pend=0 stale=0
  12.698  P t=11s rxkBps=94 blkkBps=0 pongs=3864(+398/s) cancels=0(+0/s) notify=1 disc=0(0x00) | echo rx=0 tx=0 pend=0 stale=0
  14.707  P t=12s rxkBps=94 blkkBps=0 pongs=4260(+396/s) cancels=0(+0/s) notify=1 disc=0(0x00) | echo rx=0 tx=0 pend=0 stale=0
  14.707  P t=13s rxkBps=95 blkkBps=0 pongs=4659(+399/s) cancels=0(+0/s) notify=1 disc=0(0x00) | echo rx=0 tx=0 pend=0 stale=0
  16.718  P t=14s rxkBps=90 blkkBps=0 pongs=5040(+381/s) cancels=0(+0/s) notify=1 disc=0(0x00) | echo rx=0 tx=0 pend=0 stale=0
  16.718  P t=15s rxkBps=93 blkkBps=0 pongs=5433(+393/s) cancels=0(+0/s) notify=1 disc=0(0x00) | echo rx=0 tx=0 pend=0 stale=0
  18.704  P t=16s rxkBps=92 blkkBps=0 pongs=5822(+389/s) cancels=0(+0/s) notify=1 disc=0(0x00) | echo rx=0 tx=0 pend=0 stale=0
  18.704  P t=17s rxkBps=95 blkkBps=0 pongs=6221(+399/s) cancels=0(+0/s) notify=1 disc=0(0x00) | echo rx=0 tx=0 pend=0 stale=0
  20.709  P t=18s rxkBps=95 blkkBps=0 pongs=6620(+399/s) cancels=0(+0/s) notify=1 disc=0(0x00) | echo rx=0 tx=0 pend=0 stale=0
  20.709  P t=19s rxkBps=93 blkkBps=0 pongs=7014(+394/s) cancels=0(+0/s) notify=1 disc=0(0x00) | echo rx=0 tx=0 pend=0 stale=0
  22.721  P t=20s rxkBps=94 blkkBps=0 pongs=7412(+398/s) cancels=0(+0/s) notify=1 disc=0(0x00) | echo rx=0 tx=0 pend=0 stale=0
  22.721  P t=21s rxkBps=94 blkkBps=0 pongs=7808(+396/s) cancels=0(+0/s) notify=1 disc=0(0x00) | echo rx=0 tx=0 pend=0 stale=0
  24.723  P t=22s rxkBps=94 blkkBps=0 pongs=8206(+398/s) cancels=0(+0/s) notify=1 disc=0(0x00) | echo rx=0 tx=0 pend=0 stale=0
  24.723  P t=23s rxkBps=91 blkkBps=0 pongs=8591(+385/s) cancels=0(+0/s) notify=1 disc=0(0x00) | echo rx=0 tx=0 pend=0 stale=0
  26.708  P t=24s rxkBps=90 blkkBps=0 pongs=8969(+378/s) cancels=0(+0/s) notify=1 disc=0(0x00) | echo rx=0 tx=0 pend=0 stale=0
  26.708  P t=25s rxkBps=93 blkkBps=0 pongs=9361(+392/s) cancels=0(+0/s) notify=1 disc=0(0x00) | echo rx=0 tx=0 pend=0 stale=0
  28.711  P t=26s rxkBps=93 blkkBps=0 pongs=9753(+392/s) cancels=0(+0/s) notify=1 disc=0(0x00) | echo rx=0 tx=0 pend=0 stale=0
  28.711  P t=27s rxkBps=94 blkkBps=0 pongs=10148(+395/s) cancels=0(+0/s) notify=1 disc=0(0x00) | echo rx=0 tx=0 pend=0 stale=0
  30.710  P t=28s rxkBps=93 blkkBps=0 pongs=10541(+393/s) cancels=0(+0/s) notify=1 disc=0(0x00) | echo rx=0 tx=0 pend=0 stale=0
  30.711  P t=29s rxkBps=94 blkkBps=0 pongs=10937(+396/s) cancels=0(+0/s) notify=1 disc=0(0x00) | echo rx=0 tx=0 pend=0 stale=0
  32.705  P t=30s rxkBps=94 blkkBps=0 pongs=11332(+395/s) cancels=0(+0/s) notify=1 disc=0(0x00) | echo rx=0 tx=0 pend=0 stale=0
  32.705  P t=31s rxkBps=93 blkkBps=0 pongs=11725(+393/s) cancels=0(+0/s) notify=1 disc=0(0x00) | echo rx=0 tx=0 pend=0 stale=0
  34.716  P t=32s rxkBps=93 blkkBps=0 pongs=12117(+392/s) cancels=0(+0/s) notify=1 disc=0(0x00) | echo rx=0 tx=0 pend=0 stale=0
  34.716  P t=33s rxkBps=92 blkkBps=0 pongs=12504(+387/s) cancels=0(+0/s) notify=1 disc=0(0x00) | echo rx=0 tx=0 pend=0 stale=0
  36.707  P t=34s rxkBps=93 blkkBps=0 pongs=12897(+393/s) cancels=0(+0/s) notify=1 disc=0(0x00) | echo rx=0 tx=0 pend=0 stale=0
  36.707  P t=35s rxkBps=94 blkkBps=0 pongs=13293(+396/s) cancels=0(+0/s) notify=1 disc=0(0x00) | echo rx=0 tx=0 pend=0 stale=0
  38.724  P t=36s rxkBps=92 blkkBps=0 pongs=13681(+388/s) cancels=0(+0/s) notify=1 disc=0(0x00) | echo rx=0 tx=0 pend=0 stale=0
  38.724  P t=37s rxkBps=94 blkkBps=0 pongs=14078(+397/s) cancels=0(+0/s) notify=1 disc=0(0x00) | echo rx=0 tx=0 pend=0 stale=0
  40.714  P t=38s rxkBps=93 blkkBps=0 pongs=14470(+392/s) cancels=0(+0/s) notify=1 disc=0(0x00) | echo rx=0 tx=0 pend=0 stale=0
  40.714  P t=39s rxkBps=92 blkkBps=0 pongs=14860(+390/s) cancels=0(+0/s) notify=1 disc=0(0x00) | echo rx=0 tx=0 pend=0 stale=0
  42.721  P t=40s rxkBps=94 blkkBps=0 pongs=15255(+395/s) cancels=0(+0/s) notify=1 disc=0(0x00) | echo rx=0 tx=0 pend=0 stale=0
  42.721  P t=41s rxkBps=93 blkkBps=0 pongs=15648(+393/s) cancels=0(+0/s) notify=1 disc=0(0x00) | echo rx=0 tx=0 pend=0 stale=0
  44.729  P t=42s rxkBps=93 blkkBps=0 pongs=16041(+393/s) cancels=0(+0/s) notify=1 disc=0(0x00) | echo rx=0 tx=0 pend=0 stale=0
  44.729  P t=43s rxkBps=94 blkkBps=0 pongs=16438(+397/s) cancels=0(+0/s) notify=1 disc=0(0x00) | echo rx=0 tx=0 pend=0 stale=0
  46.694  P t=44s rxkBps=93 blkkBps=0 pongs=16831(+393/s) cancels=0(+0/s) notify=1 disc=0(0x00) | echo rx=0 tx=0 pend=0 stale=0
  46.749  P t=45s rxkBps=93 blkkBps=0 pongs=17225(+394/s) cancels=0(+0/s) notify=1 disc=0(0x00) | echo rx=0 tx=0 pend=0 stale=0
  48.703  P t=46s rxkBps=93 blkkBps=0 pongs=17618(+393/s) cancels=0(+0/s) notify=1 disc=0(0x00) | echo rx=0 tx=0 pend=0 stale=0
  48.703  P t=47s rxkBps=93 blkkBps=0 pongs=18009(+391/s) cancels=0(+0/s) notify=1 disc=0(0x00) | echo rx=0 tx=0 pend=0 stale=0
  50.711  P t=48s rxkBps=94 blkkBps=0 pongs=18406(+397/s) cancels=0(+0/s) notify=1 disc=0(0x00) | echo rx=0 tx=0 pend=0 stale=0
  50.711  P t=49s rxkBps=94 blkkBps=0 pongs=18803(+397/s) cancels=0(+0/s) notify=1 disc=0(0x00) | echo rx=0 tx=0 pend=0 stale=0
  52.727  P t=50s rxkBps=92 blkkBps=0 pongs=19191(+388/s) cancels=0(+0/s) notify=1 disc=0(0x00) | echo rx=0 tx=0 pend=0 stale=0
  52.727  P t=51s rxkBps=93 blkkBps=0 pongs=19584(+393/s) cancels=0(+0/s) notify=1 disc=0(0x00) | echo rx=0 tx=0 pend=0 stale=0
  54.743  P t=52s rxkBps=91 blkkBps=0 pongs=19969(+385/s) cancels=0(+0/s) notify=1 disc=0(0x00) | echo rx=0 tx=0 pend=0 stale=0
  54.743  P t=53s rxkBps=94 blkkBps=0 pongs=20366(+397/s) cancels=0(+0/s) notify=1 disc=0(0x00) | echo rx=0 tx=0 pend=0 stale=0
  56.722  P t=54s rxkBps=93 blkkBps=0 pongs=20760(+394/s) cancels=0(+0/s) notify=1 disc=0(0x00) | echo rx=0 tx=0 pend=0 stale=0
  56.722  P t=55s rxkBps=94 blkkBps=0 pongs=21155(+395/s) cancels=0(+0/s) notify=1 disc=0(0x00) | echo rx=0 tx=0 pend=0 stale=0
  58.736  P t=56s rxkBps=94 blkkBps=0 pongs=21553(+398/s) cancels=0(+0/s) notify=1 disc=0(0x00) | echo rx=0 tx=0 pend=0 stale=0
  58.736  P t=57s rxkBps=94 blkkBps=0 pongs=21949(+396/s) cancels=0(+0/s) notify=1 disc=0(0x00) | echo rx=0 tx=0 pend=0 stale=0
