   1.681  *** Booting Zephyr OS build v4.4.2-16-gfee9fbc62095 ***
   1.681  
   1.681  === CoC latency-under-load CENTRAL (bulk 480 + ping-pong stop-signal) ===
   2.330  Q2CONN AA=9ebf5310 CRCINIT=831378 hop=11 chan_count=37 map=ffffffff1f
   2.330  GAP connected
   2.386  DLE: tx_max=27 rx_max=251
   2.386  PHY: tx=2 rx=2 (2=2M)
   2.439  DLE: tx_max=251 rx_max=251
   2.439  l2cap_chan_connect rc=0
   2.494  L2CAP connected: tx.mtu=512 tx.mps=247 rx.mtu=512 rx.mps=247
   2.494  GATE conn: interval=6 (units 1.25ms) => 7.50 ms
   2.494  Q3FSU-REQ rc=0 min=52 max=150
   2.494  Q3FSU-DONE status=0x00 spacing=52
   2.982  LAT: pings=17 rtt_us[min/mean/max]=9773/9972/12031 over30ms=0 timeouts=0 | bulk=97(+97 SDU) eagain=0 fsu=52
   4.005  LAT: pings=3 rtt_us[min/mean/max]=250293/274015/292654 over30ms=3 timeouts=0 | bulk=438(+341 SDU) eagain=0 fsu=52
   5.033  LAT: pings=3 rtt_us[min/mean/max]=316653/341255/380611 over30ms=3 timeouts=0 | bulk=722(+284 SDU) eagain=0 fsu=52
   6.060  LAT: pings=3 rtt_us[min/mean/max]=266956/285522/311661 over30ms=3 timeouts=0 | bulk=1060(+338 SDU) eagain=0 fsu=52
   7.038  LAT: pings=3 rtt_us[min/mean/max]=302807/304035/306459 over30ms=3 timeouts=0 | bulk=1372(+312 SDU) eagain=0 fsu=52
   8.057  LAT: pings=3 rtt_us[min/mean/max]=294100/336615/390452 over30ms=3 timeouts=0 | bulk=1664(+292 SDU) eagain=0 fsu=52
   9.082  LAT: pings=3 rtt_us[min/mean/max]=299011/302456/306760 over30ms=3 timeouts=0 | bulk=1988(+324 SDU) eagain=0 fsu=52
  10.059  LAT: pings=3 rtt_us[min/mean/max]=273948/322000/351751 over30ms=3 timeouts=0 | bulk=2284(+296 SDU) eagain=0 fsu=52
  11.086  LAT: pings=3 rtt_us[min/mean/max]=297812/305522/311953 over30ms=3 timeouts=0 | bulk=2598(+314 SDU) eagain=0 fsu=52
  12.101  LAT: pings=3 rtt_us[min/mean/max]=306755/328236/355302 over30ms=3 timeouts=0 | bulk=2902(+304 SDU) eagain=0 fsu=52
  13.127  LAT: pings=3 rtt_us[min/mean/max]=265295/284516/300456 over30ms=3 timeouts=0 | bulk=3236(+334 SDU) eagain=0 fsu=52
  14.106  LAT: pings=3 rtt_us[min/mean/max]=275096/281119/284252 over30ms=3 timeouts=0 | bulk=3569(+333 SDU) eagain=0 fsu=52
  15.132  LAT: pings=4 rtt_us[min/mean/max]=284308/295092/301816 over30ms=4 timeouts=0 | bulk=3892(+323 SDU) eagain=0 fsu=52
  16.143  LAT: pings=3 rtt_us[min/mean/max]=273945/291516/315451 over30ms=3 timeouts=0 | bulk=4215(+323 SDU) eagain=0 fsu=52
  17.160  LAT: pings=3 rtt_us[min/mean/max]=292947/327951/356906 over30ms=3 timeouts=0 | bulk=4510(+295 SDU) eagain=0 fsu=52
  18.183  LAT: pings=3 rtt_us[min/mean/max]=299353/333554/364504 over30ms=3 timeouts=0 | bulk=4793(+283 SDU) eagain=0 fsu=52
  19.157  LAT: pings=2 rtt_us[min/mean/max]=307956/339124/370292 over30ms=2 timeouts=0 | bulk=5062(+269 SDU) eagain=0 fsu=52
  20.189  LAT: pings=2 rtt_us[min/mean/max]=430298/451026/471755 over30ms=2 timeouts=0 | bulk=5288(+226 SDU) eagain=0 fsu=52
  21.229  LAT: pings=3 rtt_us[min/mean/max]=311953/364684/401957 over30ms=3 timeouts=0 | bulk=5558(+270 SDU) eagain=0 fsu=52
  22.194  LAT: pings=3 rtt_us[min/mean/max]=360455/367956/376611 over30ms=3 timeouts=0 | bulk=5816(+258 SDU) eagain=0 fsu=52
  23.218  LAT: pings=2 rtt_us[min/mean/max]=365143/369699/374256 over30ms=2 timeouts=0 | bulk=6092(+276 SDU) eagain=0 fsu=52
  24.249  LAT: pings=3 rtt_us[min/mean/max]=284306/318907/359304 over30ms=3 timeouts=0 | bulk=6393(+301 SDU) eagain=0 fsu=52
  25.230  LAT: pings=3 rtt_us[min/mean/max]=298106/338715/386444 over30ms=3 timeouts=0 | bulk=6664(+271 SDU) eagain=0 fsu=52
  26.259  LAT: pings=3 rtt_us[min/mean/max]=302840/326403/358110 over30ms=3 timeouts=0 | bulk=6959(+295 SDU) eagain=0 fsu=52
  27.289  LAT: pings=3 rtt_us[min/mean/max]=308002/314949/324199 over30ms=3 timeouts=0 | bulk=7263(+304 SDU) eagain=0 fsu=52
