   0.054  PHY: tx=2 rx=2 (2=2M)
   0.055  dle req rc=0
   0.107  DLE: tx_max=251 rx_max=27
   0.107  l2cap_chan_connect rc=0
   0.163  L2CAP connected: tx.mtu=512 tx.mps=247 tx.credits=0 rx.mtu=245 rx.mps=247
   0.163  GATE conn: interval=12 (units 1.25ms) => 15.00 ms
   0.163  Q3FSU-REQ role=C auto min=52 max=150 phys=0x2 rc=0
   0.163  Q3FSU-DONE role=C status=0x00 spacing=52 types=0x3 phys=0x2 initiator=0
   0.491  blasting 244-byte SDUs...
   1.510  *** Booting Zephyr OS build v4.4.1-15-g1772af7b563e ***
   1.510  
   1.510  === nRF52840 L2CAP CoC central (Zephyr 4.4.1) ===
   1.510  scan start rc=0
   1.620  found FC:BE:FF:FA:E6:8B (random) (rssi -30), connecting
   1.621  Q2CONN AA=b766dedd CRCINIT=5a64b4 hop=5 chan_count=37 map=ffffffff1f
   1.621  GAP connected
   1.621  phy req rc=0
   1.784  PHY: tx=2 rx=2 (2=2M)
   1.784  dle req rc=0
   1.837  DLE: tx_max=251 rx_max=27
   1.837  l2cap_chan_connect rc=0
   1.837  L2CAP connected: tx.mtu=512 tx.mps=247 tx.credits=0 rx.mtu=245 rx.mps=247
   1.837  GATE conn: interval=12 (units 1.25ms) => 15.00 ms
   1.893  Q3FSU-REQ role=C auto min=52 max=150 phys=0x2 rc=0
   1.893  Q3FSU-DONE role=C status=0x00 spacing=52 types=0x3 phys=0x2 initiator=0
   2.169  blasting 244-byte SDUs...
  11.912  RPT occ: events=0 mean_pkts/ev=0.00 max=0 nonempty_ev=0 fsu=52 | sender: sent=6865(+6865 SDU) eagain=0(+0) poolfail=0(+0)
  21.896  RPT occ: events=0 mean_pkts/ev=0.00 max=0 nonempty_ev=0 fsu=52 | sender: sent=13501(+6636 SDU) eagain=0(+0) poolfail=0(+0)
  31.939  RPT occ: events=0 mean_pkts/ev=0.00 max=0 nonempty_ev=0 fsu=52 | sender: sent=20127(+6626 SDU) eagain=0(+0) poolfail=0(+0)
