   0.232  PHY updated: tx=2 rx=2
   0.292  DLE updated: tx_max=251 rx_max=251
   0.353  CoC up — seg_recv sink ready (RX_CREDITS=64, MPS=247)
   0.473  SINK rx: 0 KB/s (6 B / 1000 ms) fsu=0 | cum_total=6 B cum_segs=1
   1.458  SINK rx: 124 KB/s (127445 B / 1000 ms) fsu=0 | cum_total=127451 B cum_segs=532
   1.688  *** Booting nRF Connect SDK v3.4.0-99553055607b ***
   1.748  *** Using Zephyr OS v4.4.0-bf801e4e3d19 ***
   1.748  
   1.748  === nRF52 L2CAP CoC SINK (Zephyr 4.4.1, seg_recv) ===
   1.748  L2CAP server on PSM 0x0080
   1.748  Advertising as 'zenoh-nrf-l2cap'
   1.983  GAP connected: interval=20
   2.209  PHY updated: tx=2 rx=2
   2.269  DLE updated: tx_max=251 rx_max=251
   2.329  CoC up — seg_recv sink ready (RX_CREDITS=64, MPS=247)
   2.731  SINK rx: 7 KB/s (7931 B / 1000 ms) fsu=0 | cum_total=7931 B cum_segs=34
   3.766  SINK rx: 160 KB/s (164160 B / 1000 ms) fsu=0 | cum_total=172091 B cum_segs=718
   4.765  SINK rx: 160 KB/s (164395 B / 1000 ms) fsu=0 | cum_total=336486 B cum_segs=1403
   5.743  SINK rx: 160 KB/s (164640 B / 1000 ms) fsu=0 | cum_total=501126 B cum_segs=2089
   6.776  SINK rx: 157 KB/s (161045 B / 1000 ms) fsu=0 | cum_total=662171 B cum_segs=2760
   7.790  SINK rx: 160 KB/s (164640 B / 1000 ms) fsu=0 | cum_total=826811 B cum_segs=3446
   8.769  SINK rx: 160 KB/s (164640 B / 1000 ms) fsu=0 | cum_total=991451 B cum_segs=4132
   9.766  SINK rx: 160 KB/s (163915 B / 1000 ms) fsu=0 | cum_total=1155366 B cum_segs=4815
  10.793  SINK rx: 157 KB/s (161045 B / 1000 ms) fsu=0 | cum_total=1316411 B cum_segs=5486
  11.778  SINK rx: 160 KB/s (164640 B / 1000 ms) fsu=0 | cum_total=1481051 B cum_segs=6172
  12.838  SINK rx: 159 KB/s (163680 B / 1000 ms) fsu=0 | cum_total=1644731 B cum_segs=6854
  13.823  SINK rx: 160 KB/s (164160 B / 1000 ms) fsu=0 | cum_total=1808891 B cum_segs=7538
  14.816  SINK rx: 160 KB/s (164640 B / 1000 ms) fsu=0 | cum_total=1973531 B cum_segs=8224
  15.863  SINK rx: 158 KB/s (162720 B / 1000 ms) fsu=0 | cum_total=2136251 B cum_segs=8902
  16.850  SINK rx: 157 KB/s (161035 B / 1000 ms) fsu=0 | cum_total=2297286 B cum_segs=9573
  17.860  SINK rx: 160 KB/s (163925 B / 1000 ms) fsu=0 | cum_total=2461211 B cum_segs=10256
  18.858  SINK rx: 159 KB/s (162955 B / 1000 ms) fsu=0 | cum_total=2624166 B cum_segs=10935
  19.845  SINK rx: 160 KB/s (164405 B / 1000 ms) fsu=0 | cum_total=2788571 B cum_segs=11620
  20.882  SINK rx: 160 KB/s (164395 B / 1000 ms) fsu=0 | cum_total=2952966 B cum_segs=12305
  21.886  SINK rx: 160 KB/s (164640 B / 1000 ms) fsu=0 | cum_total=3117606 B cum_segs=12991
  22.863  SINK rx: 160 KB/s (164160 B / 1000 ms) fsu=0 | cum_total=3281766 B cum_segs=13675
  23.890  SINK rx: 160 KB/s (164640 B / 1000 ms) fsu=0 | cum_total=3446406 B cum_segs=14361
  24.883  SINK rx: 160 KB/s (164640 B / 1000 ms) fsu=0 | cum_total=3611046 B cum_segs=15047
  25.924  SINK rx: 157 KB/s (161760 B / 1000 ms) fsu=0 | cum_total=3772806 B cum_segs=15721
  26.917  SINK rx: 160 KB/s (164405 B / 1000 ms) fsu=0 | cum_total=3937211 B cum_segs=16406
  27.902  SINK rx: 160 KB/s (164640 B / 1000 ms) fsu=0 | cum_total=4101851 B cum_segs=17092
  28.937  SINK rx: 160 KB/s (164640 B / 1000 ms) fsu=0 | cum_total=4266491 B cum_segs=17778
  29.951  SINK rx: 159 KB/s (163435 B / 1000 ms) fsu=0 | cum_total=4429926 B cum_segs=18459
  30.945  SINK rx: 160 KB/s (164640 B / 1000 ms) fsu=0 | cum_total=4594566 B cum_segs=19145
  31.935  SINK rx: 160 KB/s (164640 B / 1000 ms) fsu=0 | cum_total=4759206 B cum_segs=19831
