   0.120  PHY updated: tx=2 rx=2
   0.239  DLE updated: tx_max=27 rx_max=251
   0.240  CoC up — seg_recv sink ready (RX_CREDITS=64, MPS=247)
   0.300  Q3FSU-DONE role=P status=0x00 spacing=52 types=0x3 phys=0x2 initiator=2
   0.702  SINK rx: 17 KB/s (18246 B / 1000 ms) fsu=52 | cum_total=18246 B cum_segs=77
   1.737  *** Booting Zephyr OS build v4.4.2-16-gfee9fbc62095 ***
   1.738  
   1.738  === nRF52 L2CAP CoC SINK (Zephyr 4.4.1, seg_recv) ===
   1.738  L2CAP server on PSM 0x0080
   1.738  Advertising as 'zenoh-nrf-l2cap'
   2.192  GAP connected: interval=12
   2.306  PHY updated: tx=2 rx=2
   2.366  DLE updated: tx_max=27 rx_max=251
   2.366  CoC up — seg_recv sink ready (RX_CREDITS=64, MPS=247)
   2.427  Q3FSU-DONE role=P status=0x00 spacing=52 types=0x3 phys=0x2 initiator=2
   2.727  SINK rx: 5 KB/s (5286 B / 1000 ms) fsu=52 | cum_total=5286 B cum_segs=23
   3.774  SINK rx: 188 KB/s (193440 B / 1000 ms) fsu=52 | cum_total=198726 B cum_segs=829
   4.767  SINK rx: 186 KB/s (190805 B / 1000 ms) fsu=52 | cum_total=389531 B cum_segs=1624
   5.768  SINK rx: 189 KB/s (193675 B / 1000 ms) fsu=52 | cum_total=583206 B cum_segs=2431
   6.808  SINK rx: 188 KB/s (193440 B / 1000 ms) fsu=52 | cum_total=776646 B cum_segs=3237
   7.777  SINK rx: 187 KB/s (191765 B / 1000 ms) fsu=52 | cum_total=968411 B cum_segs=4036
   8.811  SINK rx: 188 KB/s (193440 B / 1000 ms) fsu=52 | cum_total=1161851 B cum_segs=4842
   9.787  SINK rx: 186 KB/s (190560 B / 1000 ms) fsu=52 | cum_total=1352411 B cum_segs=5636
  10.821  SINK rx: 188 KB/s (193440 B / 1000 ms) fsu=52 | cum_total=1545851 B cum_segs=6442
  11.816  SINK rx: 189 KB/s (193675 B / 1000 ms) fsu=52 | cum_total=1739526 B cum_segs=7249
  12.853  SINK rx: 188 KB/s (193440 B / 1000 ms) fsu=52 | cum_total=1932966 B cum_segs=8055
  13.849  SINK rx: 189 KB/s (193685 B / 1000 ms) fsu=52 | cum_total=2126651 B cum_segs=8862
  14.818  SINK rx: 188 KB/s (193195 B / 1000 ms) fsu=52 | cum_total=2319846 B cum_segs=9667
  15.842  SINK rx: 187 KB/s (192480 B / 1000 ms) fsu=52 | cum_total=2512326 B cum_segs=10469
  16.886  SINK rx: 189 KB/s (193685 B / 1000 ms) fsu=52 | cum_total=2706011 B cum_segs=11276
  17.874  SINK rx: 188 KB/s (193440 B / 1000 ms) fsu=52 | cum_total=2899451 B cum_segs=12082
  18.874  SINK rx: 186 KB/s (191040 B / 1000 ms) fsu=52 | cum_total=3090491 B cum_segs=12878
  19.861  SINK rx: 187 KB/s (192000 B / 1000 ms) fsu=52 | cum_total=3282491 B cum_segs=13678
  20.893  SINK rx: 188 KB/s (193440 B / 1000 ms) fsu=52 | cum_total=3475931 B cum_segs=14484
  21.916  SINK rx: 187 KB/s (192235 B / 1000 ms) fsu=52 | cum_total=3668166 B cum_segs=15285
  22.897  SINK rx: 188 KB/s (193205 B / 1000 ms) fsu=52 | cum_total=3861371 B cum_segs=16090
  23.931  SINK rx: 189 KB/s (193675 B / 1000 ms) fsu=52 | cum_total=4055046 B cum_segs=16897
  24.935  SINK rx: 186 KB/s (190560 B / 1000 ms) fsu=52 | cum_total=4245606 B cum_segs=17691
  25.930  SINK rx: 188 KB/s (193440 B / 1000 ms) fsu=52 | cum_total=4439046 B cum_segs=18497
  26.924  SINK rx: 186 KB/s (191040 B / 1000 ms) fsu=52 | cum_total=4630086 B cum_segs=19293
  27.969  SINK rx: 188 KB/s (193440 B / 1000 ms) fsu=52 | cum_total=4823526 B cum_segs=20099
  28.950  SINK rx: 188 KB/s (193440 B / 1000 ms) fsu=52 | cum_total=5016966 B cum_segs=20905
  29.947  SINK rx: 185 KB/s (190080 B / 1000 ms) fsu=52 | cum_total=5207046 B cum_segs=21697
  30.949  SINK rx: 187 KB/s (192480 B / 1000 ms) fsu=52 | cum_total=5399526 B cum_segs=22499
  31.965  SINK rx: 188 KB/s (193440 B / 1000 ms) fsu=52 | cum_total=5592966 B cum_segs=23305
