   0.051  PHY: tx=2 rx=2 (2=2M)
   0.051  dle req rc=0
   0.111  DLE: tx_max=251 rx_max=251
   0.111  l2cap_chan_connect rc=0
   0.111  L2CAP connected: tx.mtu=512 tx.mps=247 tx.credits=0 rx.mtu=245 rx.mps=247
   0.111  GATE conn: interval=12 (units 1.25ms) => 15.00 ms
   0.165  Q3FSU-REQ role=C auto min=150 max=150 phys=0x2 rc=0
   0.165  Q3FSU-DONE role=C status=0x00 spacing=150 types=0x0 phys=0x0 initiator=0
   0.458  blasting 480-byte SDUs...
   2.079  *** Booting nRF Connect SDK v3.4.0-99553055607b ***
   2.079  *** Using Zephyr OS v4.4.0-bf801e4e3d19 ***
   2.079  
   2.079  === nRF52840 L2CAP CoC central (Zephyr 4.4.1) ===
   2.079  scan start rc=0
   2.079  found D6:C7:60:B1:D3:0E (random) (rssi -32), connecting
   2.139  GAP connected
   2.139  phy req rc=0
   2.256  PHY: tx=2 rx=2 (2=2M)
   2.256  dle req rc=0
   2.310  DLE: tx_max=251 rx_max=251
   2.311  l2cap_chan_connect rc=0
   2.363  L2CAP connected: tx.mtu=512 tx.mps=247 tx.credits=0 rx.mtu=245 rx.mps=247
   2.363  GATE conn: interval=12 (units 1.25ms) => 15.00 ms
   2.363  Q3FSU-REQ role=C auto min=150 max=150 phys=0x2 rc=0
   2.422  Q3FSU-DONE role=C status=0x00 spacing=150 types=0x0 phys=0x0 initiator=0
   2.659  blasting 480-byte SDUs...
  12.098  RPT occ: (SDC no-occ) fsu=150 | sender: sent=3197(+3197 SDU) eagain=0(+0) poolfail=0(+0)
  22.125  RPT occ: (SDC no-occ) fsu=150 | sender: sent=6525(+3328 SDU) eagain=0(+0) poolfail=0(+0)
