   0.168  PHY updated: tx=2 rx=2
   0.391  DLE updated: tx_max=27 rx_max=251
   0.392  CoC up — seg_recv sink ready (RX_CREDITS=64, MPS=247)
   0.512  Q3FSU-DONE role=P status=0x00 spacing=52 types=0x3 phys=0x2 initiator=2
   0.679  SINK rx: 0 KB/s (6 B / 1000 ms) fsu=52 | cum_total=6 B cum_segs=1
   1.691  *** Booting Zephyr OS build v4.4.2-16-gfee9fbc62095 ***
   1.691  
   1.691  === nRF52 L2CAP CoC SINK (Zephyr 4.4.1, seg_recv) ===
   1.691  L2CAP server on PSM 0x0080
   1.691  Advertising as 'zenoh-nrf-l2cap'
   2.103  GAP connected: interval=30
   2.393  PHY updated: tx=2 rx=2
   2.625  DLE updated: tx_max=27 rx_max=251
   2.625  CoC up — seg_recv sink ready (RX_CREDITS=64, MPS=247)
   2.742  SINK rx: 0 KB/s (6 B / 1000 ms) fsu=0 | cum_total=6 B cum_segs=1
   2.742  Q3FSU-DONE role=P status=0x00 spacing=52 types=0x3 phys=0x2 initiator=2
   3.727  SINK rx: 143 KB/s (146645 B / 1000 ms) fsu=52 | cum_total=146651 B cum_segs=612
   4.756  SINK rx: 195 KB/s (199915 B / 1000 ms) fsu=52 | cum_total=346566 B cum_segs=1445
   5.743  SINK rx: 195 KB/s (199925 B / 1000 ms) fsu=52 | cum_total=546491 B cum_segs=2278
   6.771  SINK rx: 195 KB/s (199915 B / 1000 ms) fsu=52 | cum_total=746406 B cum_segs=3111
   7.792  SINK rx: 195 KB/s (200160 B / 1000 ms) fsu=52 | cum_total=946566 B cum_segs=3945
   8.763  SINK rx: 193 KB/s (198485 B / 1000 ms) fsu=52 | cum_total=1145051 B cum_segs=4772
   9.821  SINK rx: 195 KB/s (199915 B / 1000 ms) fsu=52 | cum_total=1344966 B cum_segs=5605
  10.793  SINK rx: 195 KB/s (199925 B / 1000 ms) fsu=52 | cum_total=1544891 B cum_segs=6438
  11.828  SINK rx: 195 KB/s (199915 B / 1000 ms) fsu=52 | cum_total=1744806 B cum_segs=7271
  12.799  SINK rx: 192 KB/s (197525 B / 1000 ms) fsu=52 | cum_total=1942331 B cum_segs=8094
  13.855  SINK rx: 195 KB/s (199915 B / 1000 ms) fsu=52 | cum_total=2142246 B cum_segs=8927
  14.855  SINK rx: 193 KB/s (198485 B / 1000 ms) fsu=52 | cum_total=2340731 B cum_segs=9754
  15.836  SINK rx: 195 KB/s (199915 B / 1000 ms) fsu=52 | cum_total=2540646 B cum_segs=10587
  16.871  SINK rx: 189 KB/s (193920 B / 1000 ms) fsu=52 | cum_total=2734566 B cum_segs=11395
  17.854  SINK rx: 191 KB/s (196565 B / 1000 ms) fsu=52 | cum_total=2931131 B cum_segs=12214
  18.842  SINK rx: 195 KB/s (199915 B / 1000 ms) fsu=52 | cum_total=3131046 B cum_segs=13047
  19.897  SINK rx: 195 KB/s (199925 B / 1000 ms) fsu=52 | cum_total=3330971 B cum_segs=13880
  20.880  SINK rx: 194 KB/s (198720 B / 1000 ms) fsu=52 | cum_total=3529691 B cum_segs=14708
  21.918  SINK rx: 195 KB/s (199915 B / 1000 ms) fsu=52 | cum_total=3729606 B cum_segs=15541
  22.911  SINK rx: 192 KB/s (197280 B / 1000 ms) fsu=52 | cum_total=3926886 B cum_segs=16363
  23.914  SINK rx: 193 KB/s (197760 B / 1000 ms) fsu=52 | cum_total=4124646 B cum_segs=17187
  24.942  SINK rx: 195 KB/s (199925 B / 1000 ms) fsu=52 | cum_total=4324571 B cum_segs=18020
  25.923  SINK rx: 193 KB/s (198240 B / 1000 ms) fsu=52 | cum_total=4522811 B cum_segs=18846
  26.917  SINK rx: 195 KB/s (199680 B / 1000 ms) fsu=52 | cum_total=4722491 B cum_segs=19678
  27.958  SINK rx: 195 KB/s (199915 B / 1000 ms) fsu=52 | cum_total=4922406 B cum_segs=20511
  28.950  SINK rx: 195 KB/s (199925 B / 1000 ms) fsu=52 | cum_total=5122331 B cum_segs=21344
  29.971  SINK rx: 195 KB/s (199915 B / 1000 ms) fsu=52 | cum_total=5322246 B cum_segs=22177
  30.959  SINK rx: 191 KB/s (195605 B / 1000 ms) fsu=52 | cum_total=5517851 B cum_segs=22992
  31.955  SINK rx: 195 KB/s (200160 B / 1000 ms) fsu=52 | cum_total=5718011 B cum_segs=23826
