   0.120  PHY updated: tx=2 rx=2
   0.180  DLE updated: tx_max=251 rx_max=251
   0.236  CoC up — seg_recv sink ready (RX_CREDITS=64, MPS=247)
   0.355  Q3FSU-DONE role=P status=0x00 spacing=65 types=0x3 phys=0x2 initiator=2
   0.467  SINK rx: 0 KB/s (6 B / 1000 ms) fsu=65 | cum_total=6 B cum_segs=1
   1.450  SINK rx: 151 KB/s (155285 B / 1000 ms) fsu=65 | cum_total=155291 B cum_segs=648
   1.712  *** Booting nRF Connect SDK v3.4.0-99553055607b ***
   1.712  *** Using Zephyr OS v4.4.0-bf801e4e3d19 ***
   1.713  
   1.713  === nRF52 L2CAP CoC SINK (Zephyr 4.4.1, seg_recv) ===
   1.713  L2CAP server on PSM 0x0080
   1.713  Advertising as 'zenoh-nrf-l2cap'
   2.111  GAP connected: interval=20
   2.338  PHY updated: tx=2 rx=2
   2.399  DLE updated: tx_max=251 rx_max=251
   2.450  CoC up — seg_recv sink ready (RX_CREDITS=64, MPS=247)
   2.563  Q3FSU-DONE role=P status=0x00 spacing=65 types=0x3 phys=0x2 initiator=2
   2.738  SINK rx: 0 KB/s (6 B / 1000 ms) fsu=65 | cum_total=6 B cum_segs=1
   3.719  SINK rx: 166 KB/s (170880 B / 1000 ms) fsu=65 | cum_total=170886 B cum_segs=713
   4.756  SINK rx: 179 KB/s (183840 B / 1000 ms) fsu=65 | cum_total=354726 B cum_segs=1479
   5.769  SINK rx: 179 KB/s (184085 B / 1000 ms) fsu=65 | cum_total=538811 B cum_segs=2246
   6.793  SINK rx: 177 KB/s (181675 B / 1000 ms) fsu=65 | cum_total=720486 B cum_segs=3003
   7.764  SINK rx: 179 KB/s (183360 B / 1000 ms) fsu=65 | cum_total=903846 B cum_segs=3767
   8.764  SINK rx: 177 KB/s (181920 B / 1000 ms) fsu=65 | cum_total=1085766 B cum_segs=4525
   9.811  SINK rx: 179 KB/s (184085 B / 1000 ms) fsu=65 | cum_total=1269851 B cum_segs=5292
  10.795  SINK rx: 179 KB/s (183595 B / 1000 ms) fsu=65 | cum_total=1453446 B cum_segs=6057
  11.785  SINK rx: 179 KB/s (184085 B / 1000 ms) fsu=65 | cum_total=1637531 B cum_segs=6824
  12.817  SINK rx: 178 KB/s (182400 B / 1000 ms) fsu=65 | cum_total=1819931 B cum_segs=7584
  13.855  SINK rx: 179 KB/s (183595 B / 1000 ms) fsu=65 | cum_total=2003526 B cum_segs=8349
  14.838  SINK rx: 178 KB/s (183125 B / 1000 ms) fsu=65 | cum_total=2186651 B cum_segs=9112
  15.838  SINK rx: 178 KB/s (182400 B / 1000 ms) fsu=65 | cum_total=2369051 B cum_segs=9872
  16.823  SINK rx: 177 KB/s (182155 B / 1000 ms) fsu=65 | cum_total=2551206 B cum_segs=10631
  17.886  SINK rx: 179 KB/s (184085 B / 1000 ms) fsu=65 | cum_total=2735291 B cum_segs=11398
  18.865  SINK rx: 175 KB/s (179520 B / 1000 ms) fsu=65 | cum_total=2914811 B cum_segs=12146
  19.885  SINK rx: 179 KB/s (183595 B / 1000 ms) fsu=65 | cum_total=3098406 B cum_segs=12911
  20.860  SINK rx: 179 KB/s (184085 B / 1000 ms) fsu=65 | cum_total=3282491 B cum_segs=13678
  21.906  SINK rx: 179 KB/s (184075 B / 1000 ms) fsu=65 | cum_total=3466566 B cum_segs=14445
  22.891  SINK rx: 179 KB/s (183605 B / 1000 ms) fsu=65 | cum_total=3650171 B cum_segs=15210
  23.901  SINK rx: 179 KB/s (184075 B / 1000 ms) fsu=65 | cum_total=3834246 B cum_segs=15977
  24.917  SINK rx: 176 KB/s (181205 B / 1000 ms) fsu=65 | cum_total=4015451 B cum_segs=16732
  25.956  SINK rx: 179 KB/s (183595 B / 1000 ms) fsu=65 | cum_total=4199046 B cum_segs=17497
  26.937  SINK rx: 177 KB/s (182165 B / 1000 ms) fsu=65 | cum_total=4381211 B cum_segs=18256
  27.927  SINK rx: 177 KB/s (181675 B / 1000 ms) fsu=65 | cum_total=4562886 B cum_segs=19013
  28.931  SINK rx: 179 KB/s (183360 B / 1000 ms) fsu=65 | cum_total=4746246 B cum_segs=19777
  29.953  SINK rx: 179 KB/s (184085 B / 1000 ms) fsu=65 | cum_total=4930331 B cum_segs=20544
  30.988  SINK rx: 179 KB/s (184075 B / 1000 ms) fsu=65 | cum_total=5114406 B cum_segs=21311
  31.969  SINK rx: 179 KB/s (183605 B / 1000 ms) fsu=65 | cum_total=5298011 B cum_segs=22076
