   0.395  SINK rx: 0 KB/s (0 B / 1000 ms) fsu=65 | cum_total=5528166 B cum_segs=23035
   1.390  SINK rx: 0 KB/s (0 B / 1000 ms) fsu=65 | cum_total=5528166 B cum_segs=23035
   1.562  CoC down
   1.562  GAP disconnected (0x08)
   1.562  Advertising as 'zenoh-nrf-l2cap'
   1.622  GAP connected: interval=30
   1.735  *** Booting nRF Connect SDK v3.4.0-99553055607b ***
   1.735  *** Using Zephyr OS v4.4.0-bf801e4e3d19 ***
   1.735  
   1.736  === nRF52 L2CAP CoC SINK (Zephyr 4.4.1, seg_recv) ===
   1.736  L2CAP server on PSM 0x0080
   1.736  Advertising as 'zenoh-nrf-l2cap'
   2.124  GAP connected: interval=30
   2.467  PHY updated: tx=2 rx=2
   2.587  DLE updated: tx_max=251 rx_max=251
   2.640  CoC up — seg_recv sink ready (RX_CREDITS=64, MPS=247)
   2.759  SINK rx: 0 KB/s (6 B / 1000 ms) fsu=0 | cum_total=6 B cum_segs=1
   3.750  SINK rx: 117 KB/s (120245 B / 1000 ms) fsu=0 | cum_total=120251 B cum_segs=502
   4.730  SINK rx: 158 KB/s (162475 B / 1000 ms) fsu=0 | cum_total=282726 B cum_segs=1179
   5.774  SINK rx: 160 KB/s (164160 B / 1000 ms) fsu=0 | cum_total=446886 B cum_segs=1863
   6.746  SINK rx: 160 KB/s (163925 B / 1000 ms) fsu=0 | cum_total=610811 B cum_segs=2546
   7.790  SINK rx: 163 KB/s (167755 B / 1000 ms) fsu=0 | cum_total=778566 B cum_segs=3245
   8.770  SINK rx: 163 KB/s (167520 B / 1000 ms) fsu=0 | cum_total=946086 B cum_segs=3943
   9.814  SINK rx: 163 KB/s (167765 B / 1000 ms) fsu=0 | cum_total=1113851 B cum_segs=4642
  10.786  SINK rx: 163 KB/s (167520 B / 1000 ms) fsu=0 | cum_total=1281371 B cum_segs=5340
  11.829  SINK rx: 163 KB/s (167755 B / 1000 ms) fsu=0 | cum_total=1449126 B cum_segs=6039
  12.810  SINK rx: 163 KB/s (167520 B / 1000 ms) fsu=0 | cum_total=1616646 B cum_segs=6737
  13.840  SINK rx: 163 KB/s (167285 B / 1000 ms) fsu=0 | cum_total=1783931 B cum_segs=7434
  14.820  SINK rx: 163 KB/s (167520 B / 1000 ms) fsu=0 | cum_total=1951451 B cum_segs=8132
  15.848  SINK rx: 163 KB/s (167755 B / 1000 ms) fsu=0 | cum_total=2119206 B cum_segs=8831
  16.829  SINK rx: 158 KB/s (162720 B / 1000 ms) fsu=0 | cum_total=2281926 B cum_segs=9509
  17.855  SINK rx: 157 KB/s (161280 B / 1000 ms) fsu=0 | cum_total=2443206 B cum_segs=10181
  18.888  SINK rx: 163 KB/s (167520 B / 1000 ms) fsu=0 | cum_total=2610726 B cum_segs=10879
  19.853  SINK rx: 163 KB/s (167520 B / 1000 ms) fsu=0 | cum_total=2778246 B cum_segs=11577
  20.902  SINK rx: 157 KB/s (161760 B / 1000 ms) fsu=0 | cum_total=2940006 B cum_segs=12251
  21.904  SINK rx: 163 KB/s (167285 B / 1000 ms) fsu=0 | cum_total=3107291 B cum_segs=12948
  22.887  SINK rx: 163 KB/s (167755 B / 1000 ms) fsu=0 | cum_total=3275046 B cum_segs=13647
  23.882  SINK rx: 163 KB/s (167520 B / 1000 ms) fsu=0 | cum_total=3442566 B cum_segs=14345
  24.890  SINK rx: 161 KB/s (165845 B / 1000 ms) fsu=0 | cum_total=3608411 B cum_segs=15036
  25.944  SINK rx: 160 KB/s (163915 B / 1000 ms) fsu=0 | cum_total=3772326 B cum_segs=15719
  26.922  SINK rx: 160 KB/s (163925 B / 1000 ms) fsu=0 | cum_total=3936251 B cum_segs=16402
  27.920  SINK rx: 163 KB/s (167520 B / 1000 ms) fsu=0 | cum_total=4103771 B cum_segs=17100
  28.953  SINK rx: 161 KB/s (165600 B / 1000 ms) fsu=0 | cum_total=4269371 B cum_segs=17790
  29.948  SINK rx: 164 KB/s (168000 B / 1000 ms) fsu=0 | cum_total=4437371 B cum_segs=18490
  30.967  SINK rx: 163 KB/s (167755 B / 1000 ms) fsu=0 | cum_total=4605126 B cum_segs=19189
  31.945  SINK rx: 163 KB/s (167520 B / 1000 ms) fsu=0 | cum_total=4772646 B cum_segs=19887
