   0.697  SINK rx: 0 KB/s (0 B / 1000 ms) fsu=0 | cum_total=5034011 B cum_segs=20976
   1.675  *** Booting Zephyr OS build v4.4.2-16-gfee9fbc62095 ***
   1.675  
   1.733  === nRF52 L2CAP CoC SINK (Zephyr 4.4.1, seg_recv) ===
   1.733  L2CAP server on PSM 0x0080
   1.733  Advertising as 'zenoh-nrf-l2cap'
   1.733  GAP connected: interval=20
   1.952  PHY updated: tx=2 rx=2
   5.944  GAP disconnected (0x08)
   5.944  Advertising as 'zenoh-nrf-l2cap'
   6.005  GAP connected: interval=20
   6.245  PHY updated: tx=2 rx=2
   6.365  DLE updated: tx_max=27 rx_max=251
   6.365  CoC up — seg_recv sink ready (RX_CREDITS=64, MPS=247)
   6.426  Q3FSU-DONE role=P status=0x00 spacing=52 types=0x3 phys=0x2 initiator=2
   6.727  SINK rx: 6 KB/s (6971 B / 1000 ms) fsu=52 | cum_total=6971 B cum_segs=30
   7.719  SINK rx: 197 KB/s (202315 B / 1000 ms) fsu=52 | cum_total=209286 B cum_segs=873
   8.759  SINK rx: 191 KB/s (195605 B / 1000 ms) fsu=52 | cum_total=404891 B cum_segs=1688
   9.770  SINK rx: 198 KB/s (203275 B / 1000 ms) fsu=52 | cum_total=608166 B cum_segs=2535
  10.744  SINK rx: 191 KB/s (196565 B / 1000 ms) fsu=52 | cum_total=804731 B cum_segs=3354
  11.782  SINK rx: 198 KB/s (203040 B / 1000 ms) fsu=52 | cum_total=1007771 B cum_segs=4200
  12.775  SINK rx: 198 KB/s (203040 B / 1000 ms) fsu=52 | cum_total=1210811 B cum_segs=5046
  13.807  SINK rx: 192 KB/s (197035 B / 1000 ms) fsu=52 | cum_total=1407846 B cum_segs=5867
  14.798  SINK rx: 198 KB/s (203040 B / 1000 ms) fsu=52 | cum_total=1610886 B cum_segs=6713
  15.798  SINK rx: 197 KB/s (202325 B / 1000 ms) fsu=52 | cum_total=1813211 B cum_segs=7556
  16.819  SINK rx: 198 KB/s (203040 B / 1000 ms) fsu=52 | cum_total=2016251 B cum_segs=8402
  17.815  SINK rx: 197 KB/s (201835 B / 1000 ms) fsu=52 | cum_total=2218086 B cum_segs=9243
  18.829  SINK rx: 198 KB/s (203040 B / 1000 ms) fsu=52 | cum_total=2421126 B cum_segs=10089
  19.869  SINK rx: 196 KB/s (201120 B / 1000 ms) fsu=52 | cum_total=2622246 B cum_segs=10927
  20.836  SINK rx: 197 KB/s (202325 B / 1000 ms) fsu=52 | cum_total=2824571 B cum_segs=11770
  21.881  SINK rx: 197 KB/s (202080 B / 1000 ms) fsu=52 | cum_total=3026651 B cum_segs=12612
  22.870  SINK rx: 198 KB/s (203275 B / 1000 ms) fsu=52 | cum_total=3229926 B cum_segs=13459
  23.888  SINK rx: 198 KB/s (203285 B / 1000 ms) fsu=52 | cum_total=3433211 B cum_segs=14306
  24.903  SINK rx: 198 KB/s (203275 B / 1000 ms) fsu=52 | cum_total=3636486 B cum_segs=15153
  25.889  SINK rx: 194 KB/s (198720 B / 1000 ms) fsu=52 | cum_total=3835206 B cum_segs=15981
  26.904  SINK rx: 195 KB/s (200640 B / 1000 ms) fsu=52 | cum_total=4035846 B cum_segs=16817
  27.882  SINK rx: 197 KB/s (202560 B / 1000 ms) fsu=52 | cum_total=4238406 B cum_segs=17661
  28.925  SINK rx: 193 KB/s (198005 B / 1000 ms) fsu=52 | cum_total=4436411 B cum_segs=18486
  29.929  SINK rx: 198 KB/s (203275 B / 1000 ms) fsu=52 | cum_total=4639686 B cum_segs=19333
  30.903  SINK rx: 197 KB/s (202560 B / 1000 ms) fsu=52 | cum_total=4842246 B cum_segs=20177
  31.949  SINK rx: 198 KB/s (203040 B / 1000 ms) fsu=52 | cum_total=5045286 B cum_segs=21023
