   0.695  SINK rx: 48 KB/s (49211 B / 1000 ms) fsu=0 | cum_total=49211 B cum_segs=206
   1.730  *** Booting Zephyr OS build v4.4.2-16-gfee9fbc62095 ***
   1.731  
   1.731  === nRF52 L2CAP CoC SINK (Zephyr 4.4.1, seg_recv) ===
   1.731  L2CAP server on PSM 0x0080
   1.731  Advertising as 'zenoh-nrf-l2cap'
   2.123  GAP connected: interval=6
   2.175  PHY updated: tx=2 rx=2
   2.236  DLE updated: tx_max=27 rx_max=251
   2.236  CoC up — seg_recv sink ready (RX_CREDITS=64, MPS=247)
   2.715  SINK rx: 22 KB/s (23291 B / 1000 ms) fsu=0 | cum_total=23291 B cum_segs=98
   3.766  SINK rx: 154 KB/s (158635 B / 1000 ms) fsu=0 | cum_total=181926 B cum_segs=759
   4.744  SINK rx: 156 KB/s (160320 B / 1000 ms) fsu=0 | cum_total=342246 B cum_segs=1427
   5.738  SINK rx: 157 KB/s (161045 B / 1000 ms) fsu=0 | cum_total=503291 B cum_segs=2098
   6.784  SINK rx: 157 KB/s (161280 B / 1000 ms) fsu=0 | cum_total=664571 B cum_segs=2770
   7.762  SINK rx: 157 KB/s (161035 B / 1000 ms) fsu=0 | cum_total=825606 B cum_segs=3441
   8.808  SINK rx: 157 KB/s (161280 B / 1000 ms) fsu=0 | cum_total=986886 B cum_segs=4113
   9.805  SINK rx: 156 KB/s (160085 B / 1000 ms) fsu=0 | cum_total=1146971 B cum_segs=4780
  10.788  SINK rx: 157 KB/s (160800 B / 1000 ms) fsu=0 | cum_total=1307771 B cum_segs=5450
  11.781  SINK rx: 156 KB/s (160555 B / 1000 ms) fsu=0 | cum_total=1468326 B cum_segs=6119
  12.820  SINK rx: 157 KB/s (161045 B / 1000 ms) fsu=0 | cum_total=1629371 B cum_segs=6790
  13.803  SINK rx: 157 KB/s (161035 B / 1000 ms) fsu=0 | cum_total=1790406 B cum_segs=7461
  14.851  SINK rx: 157 KB/s (161280 B / 1000 ms) fsu=0 | cum_total=1951686 B cum_segs=8133
  15.860  SINK rx: 157 KB/s (161045 B / 1000 ms) fsu=0 | cum_total=2112731 B cum_segs=8804
  16.865  SINK rx: 157 KB/s (161035 B / 1000 ms) fsu=0 | cum_total=2273766 B cum_segs=9475
  17.855  SINK rx: 157 KB/s (161280 B / 1000 ms) fsu=0 | cum_total=2435046 B cum_segs=10147
  18.849  SINK rx: 156 KB/s (159840 B / 1000 ms) fsu=0 | cum_total=2594886 B cum_segs=10813
  19.875  SINK rx: 157 KB/s (160800 B / 1000 ms) fsu=0 | cum_total=2755686 B cum_segs=11483
  20.865  SINK rx: 156 KB/s (160320 B / 1000 ms) fsu=0 | cum_total=2916006 B cum_segs=12151
  21.895  SINK rx: 156 KB/s (159840 B / 1000 ms) fsu=0 | cum_total=3075846 B cum_segs=12817
  22.875  SINK rx: 157 KB/s (161280 B / 1000 ms) fsu=0 | cum_total=3237126 B cum_segs=13489
  23.905  SINK rx: 156 KB/s (160320 B / 1000 ms) fsu=0 | cum_total=3397446 B cum_segs=14157
  24.917  SINK rx: 156 KB/s (160320 B / 1000 ms) fsu=0 | cum_total=3557766 B cum_segs=14825
  25.909  SINK rx: 157 KB/s (161280 B / 1000 ms) fsu=0 | cum_total=3719046 B cum_segs=15497
  26.928  SINK rx: 157 KB/s (161280 B / 1000 ms) fsu=0 | cum_total=3880326 B cum_segs=16169
  27.952  SINK rx: 157 KB/s (161280 B / 1000 ms) fsu=0 | cum_total=4041606 B cum_segs=16841
  28.927  SINK rx: 155 KB/s (159360 B / 1000 ms) fsu=0 | cum_total=4200966 B cum_segs=17505
  29.975  SINK rx: 156 KB/s (160320 B / 1000 ms) fsu=0 | cum_total=4361286 B cum_segs=18173
  30.978  SINK rx: 157 KB/s (161045 B / 1000 ms) fsu=0 | cum_total=4522331 B cum_segs=18844
  31.977  SINK rx: 157 KB/s (160800 B / 1000 ms) fsu=0 | cum_total=4683131 B cum_segs=19514
