   1.737  found D6:C7:60:B1:D3:0E (random) (rssi -32), connecting
   1.737  Q2CONN AA=333ea3b8 CRCINIT=4da9d6 hop=6 chan_count=37 map=ffffffff1f
   1.737  GAP connected
   1.737  phy req rc=0
   2.091  *** Booting Zephyr OS build v4.4.2-16-gfee9fbc62095 ***
   2.091  
   2.091  === nRF52840 L2CAP CoC central (Zephyr 4.4.1) ===
   2.091  scan start rc=0
   5.908  found D6:C7:60:B1:D3:0E (random) (rssi -32), connecting
   5.908  Q2CONN AA=66c86946 CRCINIT=373a57 hop=16 chan_count=37 map=ffffffff1f
   5.969  GAP connected
   5.969  phy req rc=0
   6.369  PHY: tx=2 rx=2 (2=2M)
   6.369  dle req rc=0
   6.489  l2cap_chan_connect rc=0
   6.549  DLE: tx_max=251 rx_max=27
   6.664  L2CAP connected: tx.mtu=512 tx.mps=247 tx.credits=0 rx.mtu=245 rx.mps=247
   6.664  GATE conn: interval=40 (units 1.25ms) => 50.00 ms
   6.664  Q3FSU-REQ role=C auto min=150 max=150 phys=0x2 rc=0
   6.959  blasting 480-byte SDUs...
  12.384  RPT occ: events=0 mean_pkts/ev=0.00 max=0 nonempty_ev=0 fsu=0 | sender: sent=1981(+1981 SDU) eagain=0(+0) poolfail=0(+0)
  22.388  RPT occ: events=0 mean_pkts/ev=0.00 max=0 nonempty_ev=0 fsu=0 | sender: sent=5507(+3526 SDU) eagain=0(+0) poolfail=0(+0)
