   0.060  GAP connected: interval=20
   0.289  PHY updated: tx=2 rx=2
   0.349  DLE updated: tx_max=251 rx_max=251
   0.407  CoC up — seg_recv sink ready (RX_CREDITS=64, MPS=247)
   0.527  Q3FSU-DONE role=P status=0x00 spacing=65 types=0x3 phys=0x2 initiator=2
   0.585  SINK rx: 0 KB/s (6 B / 1000 ms) fsu=65 | cum_total=6 B cum_segs=1
   1.592  SINK rx: 145 KB/s (148800 B / 1000 ms) fsu=65 | cum_total=148806 B cum_segs=621
   1.705  *** Booting nRF Connect SDK v3.4.0-99553055607b ***
   1.705  *** Using Zephyr OS v4.4.0-bf801e4e3d19 ***
   1.705  
   1.705  === nRF52 L2CAP CoC SINK (Zephyr 4.4.1, seg_recv) ===
   1.705  L2CAP server on PSM 0x0080
   1.705  Advertising as 'zenoh-nrf-l2cap'
   2.122  GAP connected: interval=20
   2.355  PHY updated: tx=2 rx=2
   2.415  DLE updated: tx_max=251 rx_max=251
   2.475  CoC up — seg_recv sink ready (RX_CREDITS=64, MPS=247)
   2.596  Q3FSU-DONE role=P status=0x00 spacing=65 types=0x3 phys=0x2 initiator=2
   2.715  SINK rx: 0 KB/s (6 B / 1000 ms) fsu=65 | cum_total=6 B cum_segs=1
   3.730  SINK rx: 158 KB/s (162240 B / 1000 ms) fsu=65 | cum_total=162246 B cum_segs=677
   4.767  SINK rx: 179 KB/s (184085 B / 1000 ms) fsu=65 | cum_total=346331 B cum_segs=1444
   5.768  SINK rx: 179 KB/s (184075 B / 1000 ms) fsu=65 | cum_total=530406 B cum_segs=2211
   6.744  SINK rx: 179 KB/s (183605 B / 1000 ms) fsu=65 | cum_total=714011 B cum_segs=2976
   7.778  SINK rx: 179 KB/s (183840 B / 1000 ms) fsu=65 | cum_total=897851 B cum_segs=3742
   8.774  SINK rx: 179 KB/s (184075 B / 1000 ms) fsu=65 | cum_total=1081926 B cum_segs=4509
   9.757  SINK rx: 174 KB/s (178805 B / 1000 ms) fsu=65 | cum_total=1260731 B cum_segs=5254
  10.802  SINK rx: 179 KB/s (183840 B / 1000 ms) fsu=65 | cum_total=1444571 B cum_segs=6020
  11.828  SINK rx: 179 KB/s (184075 B / 1000 ms) fsu=65 | cum_total=1628646 B cum_segs=6787
  12.798  SINK rx: 179 KB/s (183605 B / 1000 ms) fsu=65 | cum_total=1812251 B cum_segs=7552
  13.823  SINK rx: 179 KB/s (183840 B / 1000 ms) fsu=65 | cum_total=1996091 B cum_segs=8318
  14.852  SINK rx: 174 KB/s (178795 B / 1000 ms) fsu=65 | cum_total=2174886 B cum_segs=9063
  15.824  SINK rx: 177 KB/s (182165 B / 1000 ms) fsu=65 | cum_total=2357051 B cum_segs=9822
  16.869  SINK rx: 175 KB/s (180000 B / 1000 ms) fsu=65 | cum_total=2537051 B cum_segs=10572
  17.857  SINK rx: 179 KB/s (184075 B / 1000 ms) fsu=65 | cum_total=2721126 B cum_segs=11339
  18.882  SINK rx: 179 KB/s (183840 B / 1000 ms) fsu=65 | cum_total=2904966 B cum_segs=12105
  19.859  SINK rx: 179 KB/s (183840 B / 1000 ms) fsu=65 | cum_total=3088806 B cum_segs=12871
  20.867  SINK rx: 179 KB/s (184085 B / 1000 ms) fsu=65 | cum_total=3272891 B cum_segs=13638
  21.905  SINK rx: 179 KB/s (183840 B / 1000 ms) fsu=65 | cum_total=3456731 B cum_segs=14404
  22.923  SINK rx: 177 KB/s (181440 B / 1000 ms) fsu=65 | cum_total=3638171 B cum_segs=15160
  23.886  SINK rx: 179 KB/s (184075 B / 1000 ms) fsu=65 | cum_total=3822246 B cum_segs=15927
  24.932  SINK rx: 179 KB/s (183605 B / 1000 ms) fsu=65 | cum_total=4005851 B cum_segs=16692
  25.890  SINK rx: 179 KB/s (183840 B / 1000 ms) fsu=65 | cum_total=4189691 B cum_segs=17458
  26.932  SINK rx: 179 KB/s (184075 B / 1000 ms) fsu=65 | cum_total=4373766 B cum_segs=18225
  27.919  SINK rx: 179 KB/s (183840 B / 1000 ms) fsu=65 | cum_total=4557606 B cum_segs=18991
  28.961  SINK rx: 179 KB/s (183840 B / 1000 ms) fsu=65 | cum_total=4741446 B cum_segs=19757
  29.957  SINK rx: 179 KB/s (184085 B / 1000 ms) fsu=65 | cum_total=4925531 B cum_segs=20524
  30.977  SINK rx: 179 KB/s (183840 B / 1000 ms) fsu=65 | cum_total=5109371 B cum_segs=21290
  31.957  SINK rx: 179 KB/s (183840 B / 1000 ms) fsu=65 | cum_total=5293211 B cum_segs=22056
