   0.819  SINK rx: 0 KB/s (0 B / 1000 ms) fsu=0 | cum_total=5005691 B cum_segs=20858
   1.702  *** Booting Zephyr OS build v4.4.2-16-gfee9fbc62095 ***
   1.702  
   1.702  === nRF52 L2CAP CoC SINK (Zephyr 4.4.1, seg_recv) ===
   1.702  L2CAP server on PSM 0x0080
   1.702  Advertising as 'zenoh-nrf-l2cap'
   1.762  GAP connected: interval=40
   2.171  PHY updated: tx=2 rx=2
   5.957  GAP disconnected (0x08)
   5.957  Advertising as 'zenoh-nrf-l2cap'
   6.013  GAP connected: interval=40
   6.409  PHY updated: tx=2 rx=2
   6.693  DLE updated: tx_max=27 rx_max=251
   6.693  CoC up — seg_recv sink ready (RX_CREDITS=64, MPS=247)
   6.754  SINK rx: 0 KB/s (0 B / 1000 ms) fsu=0 | cum_total=0 B cum_segs=0
   6.871  Q3FSU-DONE role=P status=0x00 spacing=52 types=0x3 phys=0x2 initiator=2
   7.741  SINK rx: 126 KB/s (129126 B / 1000 ms) fsu=52 | cum_total=129126 B cum_segs=539
   8.776  SINK rx: 198 KB/s (203040 B / 1000 ms) fsu=52 | cum_total=332166 B cum_segs=1385
   9.747  SINK rx: 198 KB/s (203285 B / 1000 ms) fsu=52 | cum_total=535451 B cum_segs=2232
  10.782  SINK rx: 198 KB/s (202795 B / 1000 ms) fsu=52 | cum_total=738246 B cum_segs=3077
  11.761  SINK rx: 198 KB/s (203285 B / 1000 ms) fsu=52 | cum_total=941531 B cum_segs=3924
  12.802  SINK rx: 198 KB/s (203040 B / 1000 ms) fsu=52 | cum_total=1144571 B cum_segs=4770
  13.785  SINK rx: 198 KB/s (203275 B / 1000 ms) fsu=52 | cum_total=1347846 B cum_segs=5617
  14.790  SINK rx: 198 KB/s (203285 B / 1000 ms) fsu=52 | cum_total=1551131 B cum_segs=6464
  15.796  SINK rx: 191 KB/s (196555 B / 1000 ms) fsu=52 | cum_total=1747686 B cum_segs=7283
  16.805  SINK rx: 198 KB/s (203285 B / 1000 ms) fsu=52 | cum_total=1950971 B cum_segs=8130
  17.860  SINK rx: 198 KB/s (203275 B / 1000 ms) fsu=52 | cum_total=2154246 B cum_segs=8977
  18.842  SINK rx: 198 KB/s (203040 B / 1000 ms) fsu=52 | cum_total=2357286 B cum_segs=9823
  19.878  SINK rx: 198 KB/s (203285 B / 1000 ms) fsu=52 | cum_total=2560571 B cum_segs=10670
  20.866  SINK rx: 198 KB/s (203040 B / 1000 ms) fsu=52 | cum_total=2763611 B cum_segs=11516
  21.851  SINK rx: 195 KB/s (199680 B / 1000 ms) fsu=52 | cum_total=2963291 B cum_segs=12348
  22.881  SINK rx: 188 KB/s (193195 B / 1000 ms) fsu=52 | cum_total=3156486 B cum_segs=13153
  23.874  SINK rx: 193 KB/s (197760 B / 1000 ms) fsu=52 | cum_total=3354246 B cum_segs=13977
  24.868  SINK rx: 198 KB/s (203285 B / 1000 ms) fsu=52 | cum_total=3557531 B cum_segs=14824
  25.928  SINK rx: 194 KB/s (198955 B / 1000 ms) fsu=52 | cum_total=3756486 B cum_segs=15653
  26.910  SINK rx: 194 KB/s (198720 B / 1000 ms) fsu=52 | cum_total=3955206 B cum_segs=16481
  27.943  SINK rx: 198 KB/s (203285 B / 1000 ms) fsu=52 | cum_total=4158491 B cum_segs=17328
  28.940  SINK rx: 195 KB/s (200395 B / 1000 ms) fsu=52 | cum_total=4358886 B cum_segs=18163
  29.919  SINK rx: 178 KB/s (183125 B / 1000 ms) fsu=52 | cum_total=4542011 B cum_segs=18926
  30.922  SINK rx: 198 KB/s (203275 B / 1000 ms) fsu=52 | cum_total=4745286 B cum_segs=19773
  31.951  SINK rx: 198 KB/s (203040 B / 1000 ms) fsu=52 | cum_total=4948326 B cum_segs=20619
