   1.729  found D6:C7:60:B1:D3:0E (random) (rssi -35), connecting
   1.789  GAP connected
   1.789  phy req rc=0
   2.077  *** Booting nRF Connect SDK v3.4.0-99553055607b ***
   2.077  *** Using Zephyr OS v4.4.0-bf801e4e3d19 ***
   2.077  
   2.077  === nRF52840 L2CAP CoC central (Zephyr 4.4.1) ===
   2.077  scan start rc=0
   5.994  found D6:C7:60:B1:D3:0E (random) (rssi -32), connecting
   6.054  GAP connected
   6.054  phy req rc=0
   6.347  PHY: tx=2 rx=2 (2=2M)
   6.347  dle req rc=0
   6.513  DLE: tx_max=251 rx_max=251
   6.513  l2cap_chan_connect rc=0
   6.573  L2CAP connected: tx.mtu=512 tx.mps=247 tx.credits=0 rx.mtu=245 rx.mps=247
   6.634  GATE conn: interval=30 (units 1.25ms) => 37.50 ms
   6.634  Q3FSU-REQ role=C auto min=150 max=150 phys=0x2 rc=0
   6.693  Q3FSU-DONE role=C status=0x00 spacing=150 types=0x0 phys=0x0 initiator=0
   6.925  blasting 480-byte SDUs...
  12.074  RPT occ: (SDC no-occ) fsu=150 | sender: sent=1858(+1858 SDU) eagain=0(+0) poolfail=0(+0)
  22.124  RPT occ: (SDC no-occ) fsu=150 | sender: sent=5317(+3459 SDU) eagain=0(+0) poolfail=0(+0)
