   0.285  PHY updated: tx=2 rx=2
   0.570  DLE updated: tx_max=27 rx_max=251
   0.571  CoC up — seg_recv sink ready (RX_CREDITS=64, MPS=247)
   0.571  SINK rx: 0 KB/s (0 B / 1000 ms) fsu=0 | cum_total=0 B cum_segs=0
   0.750  Q3FSU-DONE role=P status=0x00 spacing=52 types=0x3 phys=0x2 initiator=2
   1.622  SINK rx: 123 KB/s (126726 B / 1000 ms) fsu=52 | cum_total=126726 B cum_segs=529
   1.681  *** Booting Zephyr OS build v4.4.2-16-gfee9fbc62095 ***
   1.681  
   1.682  === nRF52 L2CAP CoC SINK (Zephyr 4.4.1, seg_recv) ===
   1.742  L2CAP server on PSM 0x0080
   1.742  Advertising as 'zenoh-nrf-l2cap'
   2.141  GAP connected: interval=40
   2.552  PHY updated: tx=2 rx=2
   2.841  DLE updated: tx_max=27 rx_max=251
   2.842  CoC up — seg_recv sink ready (RX_CREDITS=64, MPS=247)
   3.023  Q3FSU-DONE role=P status=0x00 spacing=52 types=0x3 phys=0x2 initiator=2
   3.716  SINK rx: 101 KB/s (104166 B / 1000 ms) fsu=52 | cum_total=104166 B cum_segs=435
   4.762  SINK rx: 191 KB/s (195605 B / 1000 ms) fsu=52 | cum_total=299771 B cum_segs=1250
   5.752  SINK rx: 195 KB/s (200395 B / 1000 ms) fsu=52 | cum_total=500166 B cum_segs=2085
   6.743  SINK rx: 198 KB/s (203040 B / 1000 ms) fsu=52 | cum_total=703206 B cum_segs=2931
   7.790  SINK rx: 198 KB/s (203285 B / 1000 ms) fsu=52 | cum_total=906491 B cum_segs=3778
   8.810  SINK rx: 198 KB/s (203040 B / 1000 ms) fsu=52 | cum_total=1109531 B cum_segs=4624
   9.817  SINK rx: 183 KB/s (187680 B / 1000 ms) fsu=52 | cum_total=1297211 B cum_segs=5406
  10.788  SINK rx: 188 KB/s (192960 B / 1000 ms) fsu=52 | cum_total=1490171 B cum_segs=6210
  11.790  SINK rx: 198 KB/s (203275 B / 1000 ms) fsu=52 | cum_total=1693446 B cum_segs=7057
  12.810  SINK rx: 198 KB/s (203285 B / 1000 ms) fsu=52 | cum_total=1896731 B cum_segs=7904
  13.797  SINK rx: 190 KB/s (194635 B / 1000 ms) fsu=52 | cum_total=2091366 B cum_segs=8715
  14.807  SINK rx: 195 KB/s (200160 B / 1000 ms) fsu=52 | cum_total=2291526 B cum_segs=9549
  15.863  SINK rx: 195 KB/s (200405 B / 1000 ms) fsu=52 | cum_total=2491931 B cum_segs=10384
  16.844  SINK rx: 196 KB/s (201355 B / 1000 ms) fsu=52 | cum_total=2693286 B cum_segs=11223
  17.833  SINK rx: 187 KB/s (192000 B / 1000 ms) fsu=52 | cum_total=2885286 B cum_segs=12023
  18.871  SINK rx: 195 KB/s (200640 B / 1000 ms) fsu=52 | cum_total=3085926 B cum_segs=12859
  19.865  SINK rx: 196 KB/s (201120 B / 1000 ms) fsu=52 | cum_total=3287046 B cum_segs=13697
  20.880  SINK rx: 192 KB/s (197045 B / 1000 ms) fsu=52 | cum_total=3484091 B cum_segs=14518
  21.860  SINK rx: 190 KB/s (195115 B / 1000 ms) fsu=52 | cum_total=3679206 B cum_segs=15331
  22.902  SINK rx: 198 KB/s (203040 B / 1000 ms) fsu=52 | cum_total=3882246 B cum_segs=16177
  23.929  SINK rx: 198 KB/s (203040 B / 1000 ms) fsu=52 | cum_total=4085286 B cum_segs=17023
  24.917  SINK rx: 189 KB/s (193920 B / 1000 ms) fsu=52 | cum_total=4279206 B cum_segs=17831
  25.907  SINK rx: 194 KB/s (198965 B / 1000 ms) fsu=52 | cum_total=4478171 B cum_segs=18660
  26.952  SINK rx: 179 KB/s (183360 B / 1000 ms) fsu=52 | cum_total=4661531 B cum_segs=19424
  27.947  SINK rx: 198 KB/s (203275 B / 1000 ms) fsu=52 | cum_total=4864806 B cum_segs=20271
  28.952  SINK rx: 198 KB/s (202805 B / 1000 ms) fsu=52 | cum_total=5067611 B cum_segs=21116
  29.980  SINK rx: 191 KB/s (196555 B / 1000 ms) fsu=52 | cum_total=5264166 B cum_segs=21935
  30.963  SINK rx: 196 KB/s (201120 B / 1000 ms) fsu=52 | cum_total=5465286 B cum_segs=22773
  31.968  SINK rx: 190 KB/s (194645 B / 1000 ms) fsu=52 | cum_total=5659931 B cum_segs=23584
