   0.709  SINK rx: 0 KB/s (0 B / 1000 ms) fsu=52 | cum_total=5735526 B cum_segs=23899
   1.737  *** Booting Zephyr OS build v4.4.2-16-gfee9fbc62095 ***
   1.737  
   1.737  === nRF52 L2CAP CoC SINK (Zephyr 4.4.1, seg_recv) ===
   1.737  L2CAP server on PSM 0x0080
   1.737  Advertising as 'zenoh-nrf-l2cap'
   1.737  GAP connected: interval=40
   2.151  PHY updated: tx=2 rx=2
   5.908  GAP disconnected (0x08)
   5.908  Advertising as 'zenoh-nrf-l2cap'
   5.969  GAP connected: interval=40
   6.369  PHY updated: tx=2 rx=2
   6.610  DLE updated: tx_max=27 rx_max=251
   6.610  CoC up — seg_recv sink ready (RX_CREDITS=64, MPS=247)
   6.724  SINK rx: 0 KB/s (6 B / 1000 ms) fsu=0 | cum_total=6 B cum_segs=1
   7.758  SINK rx: 124 KB/s (127445 B / 1000 ms) fsu=0 | cum_total=127451 B cum_segs=532
   8.738  SINK rx: 170 KB/s (174240 B / 1000 ms) fsu=0 | cum_total=301691 B cum_segs=1258
   9.778  SINK rx: 166 KB/s (170635 B / 1000 ms) fsu=0 | cum_total=472326 B cum_segs=1969
  10.769  SINK rx: 170 KB/s (174240 B / 1000 ms) fsu=0 | cum_total=646566 B cum_segs=2695
  11.812  SINK rx: 169 KB/s (173760 B / 1000 ms) fsu=0 | cum_total=820326 B cum_segs=3419
  12.793  SINK rx: 164 KB/s (168245 B / 1000 ms) fsu=0 | cum_total=988571 B cum_segs=4120
  13.775  SINK rx: 165 KB/s (168960 B / 1000 ms) fsu=0 | cum_total=1157531 B cum_segs=4824
  14.814  SINK rx: 169 KB/s (173995 B / 1000 ms) fsu=0 | cum_total=1331526 B cum_segs=5549
  15.794  SINK rx: 161 KB/s (165600 B / 1000 ms) fsu=0 | cum_total=1497126 B cum_segs=6239
  16.819  SINK rx: 169 KB/s (173760 B / 1000 ms) fsu=0 | cum_total=1670886 B cum_segs=6963
  17.808  SINK rx: 157 KB/s (161280 B / 1000 ms) fsu=0 | cum_total=1832166 B cum_segs=7635
  18.835  SINK rx: 170 KB/s (174240 B / 1000 ms) fsu=0 | cum_total=2006406 B cum_segs=8361
  19.868  SINK rx: 169 KB/s (174005 B / 1000 ms) fsu=0 | cum_total=2180411 B cum_segs=9086
  20.872  SINK rx: 169 KB/s (173995 B / 1000 ms) fsu=0 | cum_total=2354406 B cum_segs=9811
  21.863  SINK rx: 156 KB/s (160085 B / 1000 ms) fsu=0 | cum_total=2514491 B cum_segs=10478
  22.884  SINK rx: 165 KB/s (169440 B / 1000 ms) fsu=0 | cum_total=2683931 B cum_segs=11184
  23.868  SINK rx: 169 KB/s (173995 B / 1000 ms) fsu=0 | cum_total=2857926 B cum_segs=11909
  24.909  SINK rx: 170 KB/s (174240 B / 1000 ms) fsu=0 | cum_total=3032166 B cum_segs=12635
  25.869  SINK rx: 166 KB/s (170165 B / 1000 ms) fsu=0 | cum_total=3202331 B cum_segs=13344
  26.900  SINK rx: 169 KB/s (173995 B / 1000 ms) fsu=0 | cum_total=3376326 B cum_segs=14069
  27.936  SINK rx: 170 KB/s (174240 B / 1000 ms) fsu=0 | cum_total=3550566 B cum_segs=14795
  28.917  SINK rx: 170 KB/s (174240 B / 1000 ms) fsu=0 | cum_total=3724806 B cum_segs=15521
  29.918  SINK rx: 169 KB/s (174005 B / 1000 ms) fsu=0 | cum_total=3898811 B cum_segs=16246
  30.953  SINK rx: 170 KB/s (174240 B / 1000 ms) fsu=0 | cum_total=4073051 B cum_segs=16972
  31.941  SINK rx: 169 KB/s (173995 B / 1000 ms) fsu=0 | cum_total=4247046 B cum_segs=17697
