   0.120  PHY: tx=2 rx=2 (2=2M)
   0.120  dle req rc=0
   0.228  DLE: tx_max=251 rx_max=27
   0.229  l2cap_chan_connect rc=0
   0.289  L2CAP connected: tx.mtu=512 tx.mps=247 tx.credits=0 rx.mtu=245 rx.mps=247
   0.289  GATE conn: interval=20 (units 1.25ms) => 25.00 ms
   0.289  Q3FSU-REQ role=C auto min=52 max=150 phys=0x2 rc=0
   0.349  Q3FSU-DONE role=C status=0x00 spacing=52 types=0x3 phys=0x2 initiator=0
   0.568  blasting 480-byte SDUs...
   1.927  *** Booting Zephyr OS build v4.4.2-16-gfee9fbc62095 ***
   1.927  
   1.927  === nRF52840 L2CAP CoC central (Zephyr 4.4.1) ===
   1.927  scan start rc=0
   1.987  found D6:C7:60:B1:D3:0E (random) (rssi -32), connecting
   1.987  Q2CONN AA=71a8981d CRCINIT=5253ec hop=5 chan_count=37 map=ffffffff1f
   1.987  GAP connected
   1.987  phy req rc=0
   2.215  PHY: tx=2 rx=2 (2=2M)
   2.215  dle req rc=0
   2.325  DLE: tx_max=251 rx_max=27
   2.325  l2cap_chan_connect rc=0
   2.385  L2CAP connected: tx.mtu=512 tx.mps=247 tx.credits=0 rx.mtu=245 rx.mps=247
   2.385  GATE conn: interval=20 (units 1.25ms) => 25.00 ms
   2.385  Q3FSU-REQ role=C auto min=52 max=150 phys=0x2 rc=0
   2.385  Q3FSU-DONE role=C status=0x00 spacing=52 types=0x3 phys=0x2 initiator=0
   2.684  blasting 480-byte SDUs...
  12.256  RPT occ: events=0 mean_pkts/ev=0.00 max=0 nonempty_ev=0 fsu=52 | sender: sent=4072(+4072 SDU) eagain=0(+0) poolfail=0(+0)
  22.303  RPT occ: events=0 mean_pkts/ev=0.00 max=0 nonempty_ev=0 fsu=52 | sender: sent=8193(+4121 SDU) eagain=0(+0) poolfail=0(+0)
