   1.770  found D6:C7:60:B1:D3:0E (random) (rssi -35), connecting
   1.770  Q2CONN AA=115f3123 CRCINIT=487530 hop=9 chan_count=37 map=ffffffff1f
   1.829  GAP connected
   1.830  phy req rc=0
   2.050  *** Booting Zephyr OS build v4.4.2-16-gfee9fbc62095 ***
   2.051  
   2.051  === nRF52840 L2CAP CoC central (Zephyr 4.4.1) ===
   2.051  scan start rc=0
   5.963  found D6:C7:60:B1:D3:0E (random) (rssi -35), connecting
   6.018  Q2CONN AA=bcf40996 CRCINIT=b6de5f hop=10 chan_count=37 map=ffffffff1f
   6.019  GAP connected
   6.019  phy req rc=0
   6.311  PHY: tx=2 rx=2 (2=2M)
   6.311  dle req rc=0
   6.487  DLE: tx_max=251 rx_max=27
   6.487  l2cap_chan_connect rc=0
   6.543  L2CAP connected: tx.mtu=512 tx.mps=247 tx.credits=0 rx.mtu=245 rx.mps=247
   6.543  GATE conn: interval=30 (units 1.25ms) => 37.50 ms
   6.543  Q3FSU-REQ role=C auto min=52 max=150 phys=0x2 rc=0
   6.603  Q3FSU-DONE role=C status=0x00 spacing=52 types=0x3 phys=0x2 initiator=0
   6.839  blasting 480-byte SDUs...
  12.379  RPT occ: events=0 mean_pkts/ev=0.00 max=0 nonempty_ev=0 fsu=52 | sender: sent=2289(+2289 SDU) eagain=0(+0) poolfail=0(+0)
  22.375  RPT occ: events=0 mean_pkts/ev=0.00 max=0 nonempty_ev=0 fsu=52 | sender: sent=6368(+4079 SDU) eagain=0(+0) poolfail=0(+0)
