   0.401  SINK rx: 0 KB/s (0 B / 1000 ms) fsu=65 | cum_total=5486406 B cum_segs=22861
   1.454  SINK rx: 0 KB/s (0 B / 1000 ms) fsu=65 | cum_total=5486406 B cum_segs=22861
   1.733  *** Booting nRF Connect SDK v3.4.0-99553055607b ***
   1.733  *** Using Zephyr OS v4.4.0-bf801e4e3d19 ***
   1.733  
   1.733  === nRF52 L2CAP CoC SINK (Zephyr 4.4.1, seg_recv) ===
   1.733  L2CAP server on PSM 0x0080
   1.733  Advertising as 'zenoh-nrf-l2cap'
   1.793  GAP connected: interval=40
   5.812  GAP disconnected (0x08)
   5.812  Advertising as 'zenoh-nrf-l2cap'
   5.932  GAP connected: interval=40
   6.344  PHY updated: tx=2 rx=2
   6.514  CoC up — seg_recv sink ready (RX_CREDITS=64, MPS=247)
   6.514  DLE updated: tx_max=251 rx_max=251
   6.756  SINK rx: 0 KB/s (6 B / 1000 ms) fsu=0 | cum_total=6 B cum_segs=1
   7.745  SINK rx: 127 KB/s (130805 B / 1000 ms) fsu=0 | cum_total=130811 B cum_segs=546
   8.728  SINK rx: 159 KB/s (163200 B / 1000 ms) fsu=0 | cum_total=294011 B cum_segs=1226
   9.768  SINK rx: 165 KB/s (169195 B / 1000 ms) fsu=0 | cum_total=463206 B cum_segs=1931
  10.784  SINK rx: 165 KB/s (168960 B / 1000 ms) fsu=0 | cum_total=632166 B cum_segs=2635
  11.765  SINK rx: 165 KB/s (169440 B / 1000 ms) fsu=0 | cum_total=801606 B cum_segs=3341
  12.804  SINK rx: 157 KB/s (160800 B / 1000 ms) fsu=0 | cum_total=962406 B cum_segs=4011
  13.778  SINK rx: 165 KB/s (169440 B / 1000 ms) fsu=0 | cum_total=1131846 B cum_segs=4717
  14.824  SINK rx: 160 KB/s (164640 B / 1000 ms) fsu=0 | cum_total=1296486 B cum_segs=5403
  15.804  SINK rx: 165 KB/s (169205 B / 1000 ms) fsu=0 | cum_total=1465691 B cum_segs=6108
  16.824  SINK rx: 161 KB/s (164875 B / 1000 ms) fsu=0 | cum_total=1630566 B cum_segs=6795
  17.800  SINK rx: 165 KB/s (168960 B / 1000 ms) fsu=0 | cum_total=1799526 B cum_segs=7499
  18.835  SINK rx: 165 KB/s (169440 B / 1000 ms) fsu=0 | cum_total=1968966 B cum_segs=8205
  19.823  SINK rx: 160 KB/s (164640 B / 1000 ms) fsu=0 | cum_total=2133606 B cum_segs=8891
  20.874  SINK rx: 165 KB/s (169205 B / 1000 ms) fsu=0 | cum_total=2302811 B cum_segs=9596
  21.849  SINK rx: 165 KB/s (169440 B / 1000 ms) fsu=0 | cum_total=2472251 B cum_segs=10302
  22.885  SINK rx: 165 KB/s (169440 B / 1000 ms) fsu=0 | cum_total=2641691 B cum_segs=11008
  23.874  SINK rx: 165 KB/s (168960 B / 1000 ms) fsu=0 | cum_total=2810651 B cum_segs=11712
  24.860  SINK rx: 165 KB/s (169440 B / 1000 ms) fsu=0 | cum_total=2980091 B cum_segs=12418
  25.899  SINK rx: 161 KB/s (165355 B / 1000 ms) fsu=0 | cum_total=3145446 B cum_segs=13107
  26.898  SINK rx: 165 KB/s (169440 B / 1000 ms) fsu=0 | cum_total=3314886 B cum_segs=13813
  27.909  SINK rx: 165 KB/s (169440 B / 1000 ms) fsu=0 | cum_total=3484326 B cum_segs=14519
  28.887  SINK rx: 158 KB/s (162005 B / 1000 ms) fsu=0 | cum_total=3646331 B cum_segs=15194
  29.891  SINK rx: 165 KB/s (169195 B / 1000 ms) fsu=0 | cum_total=3815526 B cum_segs=15899
  30.899  SINK rx: 159 KB/s (163200 B / 1000 ms) fsu=0 | cum_total=3978726 B cum_segs=16579
  31.957  SINK rx: 165 KB/s (169440 B / 1000 ms) fsu=0 | cum_total=4148166 B cum_segs=17285
