   0.348  SINK rx: 0 KB/s (0 B / 1000 ms) fsu=65 | cum_total=5213531 B cum_segs=21724
   1.387  SINK rx: 0 KB/s (0 B / 1000 ms) fsu=65 | cum_total=5213531 B cum_segs=21724
   1.619  CoC down
   1.619  GAP disconnected (0x08)
   1.619  Advertising as 'zenoh-nrf-l2cap'
   1.736  *** Booting nRF Connect SDK v3.4.0-99553055607b ***
   1.736  *** Using Zephyr OS v4.4.0-bf801e4e3d19 ***
   1.736  
   1.736  === nRF52 L2CAP CoC SINK (Zephyr 4.4.1, seg_recv) ===
   1.736  L2CAP server on PSM 0x0080
   1.736  Advertising as 'zenoh-nrf-l2cap'
   1.736  GAP connected: interval=12
   1.847  PHY updated: tx=2 rx=2
   1.899  DLE updated: tx_max=251 rx_max=251
   1.959  CoC up — seg_recv sink ready (RX_CREDITS=64, MPS=247)
   2.709  SINK rx: 0 KB/s (0 B / 1000 ms) fsu=0 | cum_total=0 B cum_segs=0
   3.757  SINK rx: 0 KB/s (0 B / 1000 ms) fsu=0 | cum_total=0 B cum_segs=0
   4.724  SINK rx: 0 KB/s (0 B / 1000 ms) fsu=0 | cum_total=0 B cum_segs=0
   5.752  SINK rx: 0 KB/s (0 B / 1000 ms) fsu=0 | cum_total=0 B cum_segs=0
   5.985  CoC down
   5.986  GAP disconnected (0x08)
   5.986  Advertising as 'zenoh-nrf-l2cap'
   6.106  GAP connected: interval=12
   6.227  PHY updated: tx=2 rx=2
   6.280  DLE updated: tx_max=251 rx_max=251
   6.280  CoC up — seg_recv sink ready (RX_CREDITS=64, MPS=247)
   6.734  SINK rx: 16 KB/s (17286 B / 1000 ms) fsu=0 | cum_total=17286 B cum_segs=73
   7.776  SINK rx: 156 KB/s (160565 B / 1000 ms) fsu=0 | cum_total=177851 B cum_segs=742
   8.752  SINK rx: 157 KB/s (161280 B / 1000 ms) fsu=0 | cum_total=339131 B cum_segs=1414
   9.777  SINK rx: 157 KB/s (160800 B / 1000 ms) fsu=0 | cum_total=499931 B cum_segs=2084
  10.767  SINK rx: 156 KB/s (159840 B / 1000 ms) fsu=0 | cum_total=659771 B cum_segs=2750
  11.813  SINK rx: 157 KB/s (161035 B / 1000 ms) fsu=0 | cum_total=820806 B cum_segs=3421
  12.785  SINK rx: 157 KB/s (161280 B / 1000 ms) fsu=0 | cum_total=982086 B cum_segs=4093
  13.827  SINK rx: 157 KB/s (160800 B / 1000 ms) fsu=0 | cum_total=1142886 B cum_segs=4763
  14.819  SINK rx: 157 KB/s (161280 B / 1000 ms) fsu=0 | cum_total=1304166 B cum_segs=5435
  15.808  SINK rx: 157 KB/s (160800 B / 1000 ms) fsu=0 | cum_total=1464966 B cum_segs=6105
  16.845  SINK rx: 156 KB/s (160565 B / 1000 ms) fsu=0 | cum_total=1625531 B cum_segs=6774
  17.827  SINK rx: 157 KB/s (161280 B / 1000 ms) fsu=0 | cum_total=1786811 B cum_segs=7446
  18.869  SINK rx: 157 KB/s (161280 B / 1000 ms) fsu=0 | cum_total=1948091 B cum_segs=8118
  19.852  SINK rx: 157 KB/s (161280 B / 1000 ms) fsu=0 | cum_total=2109371 B cum_segs=8790
  20.836  SINK rx: 156 KB/s (160320 B / 1000 ms) fsu=0 | cum_total=2269691 B cum_segs=9458
  21.889  SINK rx: 157 KB/s (161280 B / 1000 ms) fsu=0 | cum_total=2430971 B cum_segs=10130
  22.868  SINK rx: 157 KB/s (161035 B / 1000 ms) fsu=0 | cum_total=2592006 B cum_segs=10801
  23.904  SINK rx: 157 KB/s (160800 B / 1000 ms) fsu=0 | cum_total=2752806 B cum_segs=11471
  24.883  SINK rx: 157 KB/s (161280 B / 1000 ms) fsu=0 | cum_total=2914086 B cum_segs=12143
  25.896  SINK rx: 157 KB/s (161280 B / 1000 ms) fsu=0 | cum_total=3075366 B cum_segs=12815
  26.896  SINK rx: 157 KB/s (161280 B / 1000 ms) fsu=0 | cum_total=3236646 B cum_segs=13487
  27.931  SINK rx: 157 KB/s (161045 B / 1000 ms) fsu=0 | cum_total=3397691 B cum_segs=14158
  28.919  SINK rx: 155 KB/s (159360 B / 1000 ms) fsu=0 | cum_total=3557051 B cum_segs=14822
  29.933  SINK rx: 157 KB/s (160800 B / 1000 ms) fsu=0 | cum_total=3717851 B cum_segs=15492
  30.937  SINK rx: 156 KB/s (159840 B / 1000 ms) fsu=0 | cum_total=3877691 B cum_segs=16158
  31.948  SINK rx: 157 KB/s (161280 B / 1000 ms) fsu=0 | cum_total=4038971 B cum_segs=16830
