   0.801  SINK rx: 0 KB/s (0 B / 1000 ms) fsu=0 | cum_total=4927931 B cum_segs=20534
   1.732  *** Booting Zephyr OS build v4.4.2-16-gfee9fbc62095 ***
   1.732  
   1.732  === nRF52 L2CAP CoC SINK (Zephyr 4.4.1, seg_recv) ===
   1.732  L2CAP server on PSM 0x0080
   1.732  Advertising as 'zenoh-nrf-l2cap'
   1.784  GAP connected: interval=40
   2.176  PHY updated: tx=2 rx=2
   5.990  GAP disconnected (0x08)
   5.990  Advertising as 'zenoh-nrf-l2cap'
   6.100  GAP connected: interval=40
   6.506  PHY updated: tx=2 rx=2
   6.745  DLE updated: tx_max=27 rx_max=251
   6.745  CoC up — seg_recv sink ready (RX_CREDITS=64, MPS=247)
   6.745  SINK rx: 0 KB/s (0 B / 1000 ms) fsu=0 | cum_total=0 B cum_segs=0
   6.921  Q3FSU-DONE role=P status=0x00 spacing=52 types=0x3 phys=0x2 initiator=2
   7.777  SINK rx: 121 KB/s (124571 B / 1000 ms) fsu=52 | cum_total=124571 B cum_segs=520
   8.755  SINK rx: 198 KB/s (203040 B / 1000 ms) fsu=52 | cum_total=327611 B cum_segs=1366
   9.757  SINK rx: 198 KB/s (203275 B / 1000 ms) fsu=52 | cum_total=530886 B cum_segs=2213
  10.811  SINK rx: 194 KB/s (198965 B / 1000 ms) fsu=52 | cum_total=729851 B cum_segs=3042
  11.799  SINK rx: 194 KB/s (199200 B / 1000 ms) fsu=52 | cum_total=929051 B cum_segs=3872
  12.793  SINK rx: 188 KB/s (192715 B / 1000 ms) fsu=52 | cum_total=1121766 B cum_segs=4675
  13.834  SINK rx: 198 KB/s (203285 B / 1000 ms) fsu=52 | cum_total=1325051 B cum_segs=5522
  14.829  SINK rx: 186 KB/s (190560 B / 1000 ms) fsu=52 | cum_total=1515611 B cum_segs=6316
  15.822  SINK rx: 189 KB/s (193675 B / 1000 ms) fsu=52 | cum_total=1709286 B cum_segs=7123
  16.809  SINK rx: 198 KB/s (203040 B / 1000 ms) fsu=52 | cum_total=1912326 B cum_segs=7969
  17.841  SINK rx: 190 KB/s (194645 B / 1000 ms) fsu=52 | cum_total=2106971 B cum_segs=8780
  18.826  SINK rx: 198 KB/s (203040 B / 1000 ms) fsu=52 | cum_total=2310011 B cum_segs=9626
  19.849  SINK rx: 198 KB/s (202795 B / 1000 ms) fsu=52 | cum_total=2512806 B cum_segs=10471
  20.841  SINK rx: 198 KB/s (203285 B / 1000 ms) fsu=52 | cum_total=2716091 B cum_segs=11318
  21.853  SINK rx: 192 KB/s (196800 B / 1000 ms) fsu=52 | cum_total=2912891 B cum_segs=12138
  22.890  SINK rx: 198 KB/s (203275 B / 1000 ms) fsu=52 | cum_total=3116166 B cum_segs=12985
  23.861  SINK rx: 190 KB/s (195360 B / 1000 ms) fsu=52 | cum_total=3311526 B cum_segs=13799
  24.897  SINK rx: 198 KB/s (203285 B / 1000 ms) fsu=52 | cum_total=3514811 B cum_segs=14646
  25.888  SINK rx: 192 KB/s (196800 B / 1000 ms) fsu=52 | cum_total=3711611 B cum_segs=15466
  26.931  SINK rx: 186 KB/s (191040 B / 1000 ms) fsu=52 | cum_total=3902651 B cum_segs=16262
  27.909  SINK rx: 198 KB/s (203275 B / 1000 ms) fsu=52 | cum_total=4105926 B cum_segs=17109
  28.926  SINK rx: 182 KB/s (186485 B / 1000 ms) fsu=52 | cum_total=4292411 B cum_segs=17886
  29.946  SINK rx: 198 KB/s (203275 B / 1000 ms) fsu=52 | cum_total=4495686 B cum_segs=18733
  30.949  SINK rx: 196 KB/s (200885 B / 1000 ms) fsu=52 | cum_total=4696571 B cum_segs=19570
  31.966  SINK rx: 190 KB/s (195360 B / 1000 ms) fsu=52 | cum_total=4891931 B cum_segs=20384
