   0.060  GAP connected
   0.060  phy req rc=0
   0.120  PHY: tx=2 rx=2 (2=2M)
   0.120  dle req rc=0
   0.121  DLE: tx_max=251 rx_max=251
   0.121  l2cap_chan_connect rc=0
   0.180  L2CAP connected: tx.mtu=512 tx.mps=247 tx.credits=0 rx.mtu=245 rx.mps=247
   0.180  GATE conn: interval=6 (units 1.25ms) => 7.50 ms
   0.180  Q3FSU-REQ role=C auto min=52 max=52 phys=0x2 rc=0
   0.180  Q3FSU-DONE role=C status=0x00 spacing=65 types=0x3 phys=0x2 initiator=0
   0.469  blasting 480-byte SDUs...
   2.021  *** Booting nRF Connect SDK v3.4.0-99553055607b ***
   2.021  *** Using Zephyr OS v4.4.0-bf801e4e3d19 ***
   2.021  
   2.076  === nRF52840 L2CAP CoC central (Zephyr 4.4.1) ===
   2.076  scan start rc=0
   2.076  found D6:C7:60:B1:D3:0E (random) (rssi -32), connecting
   2.076  GAP connected
   2.076  phy req rc=0
   2.190  PHY: tx=2 rx=2 (2=2M)
   2.191  dle req rc=0
   2.191  DLE: tx_max=251 rx_max=251
   2.191  l2cap_chan_connect rc=0
   2.191  L2CAP connected: tx.mtu=512 tx.mps=247 tx.credits=0 rx.mtu=245 rx.mps=247
   2.250  GATE conn: interval=6 (units 1.25ms) => 7.50 ms
   2.250  Q3FSU-REQ role=C auto min=52 max=52 phys=0x2 rc=0
   2.250  Q3FSU-DONE role=C status=0x00 spacing=65 types=0x3 phys=0x2 initiator=0
   2.543  blasting 480-byte SDUs...
  12.075  RPT occ: (SDC no-occ) fsu=65 | sender: sent=3248(+3248 SDU) eagain=0(+0) poolfail=0(+0)
  22.047  RPT occ: (SDC no-occ) fsu=65 | sender: sent=6583(+3335 SDU) eagain=0(+0) poolfail=0(+0)
