   0.121  PHY updated: tx=2 rx=2
   0.179  DLE updated: tx_max=251 rx_max=251
   0.239  CoC up — seg_recv sink ready (RX_CREDITS=64, MPS=247)
   0.413  SINK rx: 0 KB/s (6 B / 1000 ms) fsu=0 | cum_total=6 B cum_segs=1
   1.430  SINK rx: 132 KB/s (136085 B / 1000 ms) fsu=0 | cum_total=136091 B cum_segs=568
   1.715  *** Booting nRF Connect SDK v3.4.0-99553055607b ***
   1.715  *** Using Zephyr OS v4.4.0-bf801e4e3d19 ***
   1.715  
   1.715  === nRF52 L2CAP CoC SINK (Zephyr 4.4.1, seg_recv) ===
   1.715  L2CAP server on PSM 0x0080
   1.715  Advertising as 'zenoh-nrf-l2cap'
   2.115  GAP connected: interval=20
   2.339  PHY updated: tx=2 rx=2
   2.399  DLE updated: tx_max=251 rx_max=251
   2.460  CoC up — seg_recv sink ready (RX_CREDITS=64, MPS=247)
   2.739  SINK rx: 0 KB/s (6 B / 1000 ms) fsu=0 | cum_total=6 B cum_segs=1
   3.742  SINK rx: 142 KB/s (146400 B / 1000 ms) fsu=0 | cum_total=146406 B cum_segs=611
   4.732  SINK rx: 160 KB/s (164160 B / 1000 ms) fsu=0 | cum_total=310566 B cum_segs=1295
   5.748  SINK rx: 160 KB/s (164405 B / 1000 ms) fsu=0 | cum_total=474971 B cum_segs=1980
   6.780  SINK rx: 160 KB/s (164395 B / 1000 ms) fsu=0 | cum_total=639366 B cum_segs=2665
   7.763  SINK rx: 160 KB/s (164405 B / 1000 ms) fsu=0 | cum_total=803771 B cum_segs=3350
   8.772  SINK rx: 158 KB/s (162240 B / 1000 ms) fsu=0 | cum_total=966011 B cum_segs=4026
   9.772  SINK rx: 158 KB/s (162720 B / 1000 ms) fsu=0 | cum_total=1128731 B cum_segs=4704
  10.810  SINK rx: 160 KB/s (164160 B / 1000 ms) fsu=0 | cum_total=1292891 B cum_segs=5388
  11.813  SINK rx: 160 KB/s (164160 B / 1000 ms) fsu=0 | cum_total=1457051 B cum_segs=6072
  12.797  SINK rx: 160 KB/s (164640 B / 1000 ms) fsu=0 | cum_total=1621691 B cum_segs=6758
  13.832  SINK rx: 160 KB/s (164395 B / 1000 ms) fsu=0 | cum_total=1786086 B cum_segs=7443
  14.813  SINK rx: 157 KB/s (161760 B / 1000 ms) fsu=0 | cum_total=1947846 B cum_segs=8117
  15.854  SINK rx: 159 KB/s (163445 B / 1000 ms) fsu=0 | cum_total=2111291 B cum_segs=8798
  16.839  SINK rx: 160 KB/s (164640 B / 1000 ms) fsu=0 | cum_total=2275931 B cum_segs=9484
  17.870  SINK rx: 160 KB/s (164160 B / 1000 ms) fsu=0 | cum_total=2440091 B cum_segs=10168
  18.864  SINK rx: 157 KB/s (161035 B / 1000 ms) fsu=0 | cum_total=2601126 B cum_segs=10839
  19.865  SINK rx: 160 KB/s (164640 B / 1000 ms) fsu=0 | cum_total=2765766 B cum_segs=11525
  20.897  SINK rx: 160 KB/s (163925 B / 1000 ms) fsu=0 | cum_total=2929691 B cum_segs=12208
  21.857  SINK rx: 160 KB/s (164640 B / 1000 ms) fsu=0 | cum_total=3094331 B cum_segs=12894
  22.881  SINK rx: 156 KB/s (160075 B / 1000 ms) fsu=0 | cum_total=3254406 B cum_segs=13561
  23.889  SINK rx: 160 KB/s (164160 B / 1000 ms) fsu=0 | cum_total=3418566 B cum_segs=14245
  24.912  SINK rx: 160 KB/s (164640 B / 1000 ms) fsu=0 | cum_total=3583206 B cum_segs=14931
  25.897  SINK rx: 160 KB/s (164640 B / 1000 ms) fsu=0 | cum_total=3747846 B cum_segs=15617
  26.951  SINK rx: 158 KB/s (162240 B / 1000 ms) fsu=0 | cum_total=3910086 B cum_segs=16293
  27.954  SINK rx: 158 KB/s (162720 B / 1000 ms) fsu=0 | cum_total=4072806 B cum_segs=16971
  28.918  SINK rx: 160 KB/s (164640 B / 1000 ms) fsu=0 | cum_total=4237446 B cum_segs=17657
  29.963  SINK rx: 160 KB/s (164405 B / 1000 ms) fsu=0 | cum_total=4401851 B cum_segs=18342
  30.958  SINK rx: 160 KB/s (164395 B / 1000 ms) fsu=0 | cum_total=4566246 B cum_segs=19027
  31.939  SINK rx: 153 KB/s (157685 B / 1000 ms) fsu=0 | cum_total=4723931 B cum_segs=19684
