   0.120  PHY: tx=2 rx=2 (2=2M)
   0.120  dle req rc=0
   0.233  DLE: tx_max=251 rx_max=27
   0.233  l2cap_chan_connect rc=0
   0.293  L2CAP connected: tx.mtu=512 tx.mps=247 tx.credits=0 rx.mtu=245 rx.mps=247
   0.293  GATE conn: interval=20 (units 1.25ms) => 25.00 ms
   0.293  Q3FSU-REQ role=C auto min=150 max=150 phys=0x2 rc=0
   0.584  blasting 480-byte SDUs...
   2.075  *** Booting Zephyr OS build v4.4.2-16-gfee9fbc62095 ***
   2.075  
   2.075  === nRF52840 L2CAP CoC central (Zephyr 4.4.1) ===
   2.075  scan start rc=0
   2.075  found D6:C7:60:B1:D3:0E (random) (rssi -32), connecting
   2.075  Q2CONN AA=be2a1c4d CRCINIT=d99d70 hop=5 chan_count=37 map=ffffffff1f
   2.136  GAP connected
   2.136  phy req rc=0
   2.364  PHY: tx=2 rx=2 (2=2M)
   2.364  dle req rc=0
   2.424  DLE: tx_max=251 rx_max=27
   2.424  l2cap_chan_connect rc=0
   2.482  L2CAP connected: tx.mtu=512 tx.mps=247 tx.credits=0 rx.mtu=245 rx.mps=247
   2.482  GATE conn: interval=20 (units 1.25ms) => 25.00 ms
   2.482  Q3FSU-REQ role=C auto min=150 max=150 phys=0x2 rc=0
   2.830  blasting 480-byte SDUs...
  12.383  RPT occ: events=0 mean_pkts/ev=0.00 max=0 nonempty_ev=0 fsu=0 | sender: sent=3498(+3498 SDU) eagain=0(+0) poolfail=0(+0)
  22.380  RPT occ: events=0 mean_pkts/ev=0.00 max=0 nonempty_ev=0 fsu=0 | sender: sent=7065(+3567 SDU) eagain=0(+0) poolfail=0(+0)
