   0.459  SINK rx: 0 KB/s (0 B / 1000 ms) fsu=0 | cum_total=4809371 B cum_segs=20040
   1.440  SINK rx: 0 KB/s (0 B / 1000 ms) fsu=0 | cum_total=4809371 B cum_segs=20040
   1.729  *** Booting nRF Connect SDK v3.4.0-99553055607b ***
   1.729  *** Using Zephyr OS v4.4.0-bf801e4e3d19 ***
   1.729  
   1.729  === nRF52 L2CAP CoC SINK (Zephyr 4.4.1, seg_recv) ===
   1.729  L2CAP server on PSM 0x0080
   1.729  Advertising as 'zenoh-nrf-l2cap'
   1.790  GAP connected: interval=30
   2.139  PHY updated: tx=2 rx=2
   5.951  GAP disconnected (0x08)
   5.951  Advertising as 'zenoh-nrf-l2cap'
   6.129  GAP connected: interval=30
   6.422  PHY updated: tx=2 rx=2
   6.534  DLE updated: tx_max=251 rx_max=251
   6.648  CoC up — seg_recv sink ready (RX_CREDITS=64, MPS=247)
   6.767  SINK rx: 0 KB/s (6 B / 1000 ms) fsu=0 | cum_total=6 B cum_segs=1
   6.767  Q3FSU-DONE role=P status=0x00 spacing=65 types=0x3 phys=0x2 initiator=2
   7.785  SINK rx: 139 KB/s (143285 B / 1000 ms) fsu=65 | cum_total=143291 B cum_segs=598
   8.765  SINK rx: 181 KB/s (185995 B / 1000 ms) fsu=65 | cum_total=329286 B cum_segs=1373
   9.790  SINK rx: 189 KB/s (193685 B / 1000 ms) fsu=65 | cum_total=522971 B cum_segs=2180
  10.769  SINK rx: 184 KB/s (189355 B / 1000 ms) fsu=65 | cum_total=712326 B cum_segs=2969
  11.816  SINK rx: 189 KB/s (193685 B / 1000 ms) fsu=65 | cum_total=906011 B cum_segs=3776
  12.777  SINK rx: 182 KB/s (186955 B / 1000 ms) fsu=65 | cum_total=1092966 B cum_segs=4555
  13.819  SINK rx: 188 KB/s (193440 B / 1000 ms) fsu=65 | cum_total=1286406 B cum_segs=5361
  14.798  SINK rx: 186 KB/s (190805 B / 1000 ms) fsu=65 | cum_total=1477211 B cum_segs=6156
  15.809  SINK rx: 188 KB/s (193440 B / 1000 ms) fsu=65 | cum_total=1670651 B cum_segs=6962
  16.853  SINK rx: 189 KB/s (193675 B / 1000 ms) fsu=65 | cum_total=1864326 B cum_segs=7769
  17.809  SINK rx: 186 KB/s (191040 B / 1000 ms) fsu=65 | cum_total=2055366 B cum_segs=8565
  18.855  SINK rx: 189 KB/s (193685 B / 1000 ms) fsu=65 | cum_total=2249051 B cum_segs=9372
  19.882  SINK rx: 188 KB/s (193440 B / 1000 ms) fsu=65 | cum_total=2442491 B cum_segs=10178
  20.869  SINK rx: 189 KB/s (193675 B / 1000 ms) fsu=65 | cum_total=2636166 B cum_segs=10985
  21.900  SINK rx: 186 KB/s (191285 B / 1000 ms) fsu=65 | cum_total=2827451 B cum_segs=11782
  22.906  SINK rx: 188 KB/s (193440 B / 1000 ms) fsu=65 | cum_total=3020891 B cum_segs=12588
  23.873  SINK rx: 189 KB/s (193675 B / 1000 ms) fsu=65 | cum_total=3214566 B cum_segs=13395
  24.908  SINK rx: 185 KB/s (189600 B / 1000 ms) fsu=65 | cum_total=3404166 B cum_segs=14185
  25.901  SINK rx: 189 KB/s (193685 B / 1000 ms) fsu=65 | cum_total=3597851 B cum_segs=14992
  26.923  SINK rx: 187 KB/s (192480 B / 1000 ms) fsu=65 | cum_total=3790331 B cum_segs=15794
  27.913  SINK rx: 188 KB/s (193440 B / 1000 ms) fsu=65 | cum_total=3983771 B cum_segs=16600
  28.950  SINK rx: 189 KB/s (193675 B / 1000 ms) fsu=65 | cum_total=4177446 B cum_segs=17407
  29.922  SINK rx: 188 KB/s (193440 B / 1000 ms) fsu=65 | cum_total=4370886 B cum_segs=18213
  30.953  SINK rx: 189 KB/s (193685 B / 1000 ms) fsu=65 | cum_total=4564571 B cum_segs=19020
  31.975  SINK rx: 186 KB/s (191040 B / 1000 ms) fsu=65 | cum_total=4755611 B cum_segs=19816
