   1.719  found D6:C7:60:B1:D3:0E (random) (rssi -34), connecting
   1.719  Q2CONN AA=15366a91 CRCINIT=befd1f hop=11 chan_count=37 map=ffffffff1f
   1.774  GAP connected
   1.774  phy req rc=0
   1.949  *** Booting Zephyr OS build v4.4.2-16-gfee9fbc62095 ***
   1.950  
   1.950  === nRF52840 L2CAP CoC central (Zephyr 4.4.1) ===
   1.950  scan start rc=0
   5.844  found D6:C7:60:B1:D3:0E (random) (rssi -35), connecting
   5.844  Q2CONN AA=d4a4d69f CRCINIT=1e7428 hop=10 chan_count=37 map=ffffffff1f
   5.904  GAP connected
   5.904  phy req rc=0
   6.193  PHY: tx=2 rx=2 (2=2M)
   6.194  dle req rc=0
   6.354  DLE: tx_max=251 rx_max=27
   6.354  l2cap_chan_connect rc=0
   6.413  L2CAP connected: tx.mtu=512 tx.mps=247 tx.credits=0 rx.mtu=245 rx.mps=247
   6.413  GATE conn: interval=30 (units 1.25ms) => 37.50 ms
   6.413  Q3FSU-REQ role=C auto min=150 max=150 phys=0x2 rc=0
   6.744  blasting 480-byte SDUs...
  12.264  RPT occ: events=0 mean_pkts/ev=0.00 max=0 nonempty_ev=0 fsu=0 | sender: sent=2063(+2063 SDU) eagain=0(+0) poolfail=0(+0)
  22.267  RPT occ: events=0 mean_pkts/ev=0.00 max=0 nonempty_ev=0 fsu=0 | sender: sent=5610(+3547 SDU) eagain=0(+0) poolfail=0(+0)
