   0.644  SINK rx: 0 KB/s (0 B / 1000 ms) fsu=0 | cum_total=4997531 B cum_segs=20824
   1.685  *** Booting Zephyr OS build v4.4.2-16-gfee9fbc62095 ***
   1.746  
   1.746  === nRF52 L2CAP CoC SINK (Zephyr 4.4.1, seg_recv) ===
   1.746  L2CAP server on PSM 0x0080
   1.746  Advertising as 'zenoh-nrf-l2cap'
   1.746  GAP connected: interval=30
   2.087  PHY updated: tx=2 rx=2
   5.972  GAP disconnected (0x08)
   5.972  Advertising as 'zenoh-nrf-l2cap'
   6.033  GAP connected: interval=30
   6.366  PHY updated: tx=2 rx=2
   6.543  DLE updated: tx_max=27 rx_max=251
   6.543  CoC up — seg_recv sink ready (RX_CREDITS=64, MPS=247)
   6.659  Q3FSU-DONE role=P status=0x00 spacing=52 types=0x3 phys=0x2 initiator=2
   6.773  SINK rx: 0 KB/s (6 B / 1000 ms) fsu=52 | cum_total=6 B cum_segs=1
   7.733  SINK rx: 158 KB/s (162005 B / 1000 ms) fsu=52 | cum_total=162011 B cum_segs=676
   8.761  SINK rx: 194 KB/s (198720 B / 1000 ms) fsu=52 | cum_total=360731 B cum_segs=1504
   9.752  SINK rx: 194 KB/s (199435 B / 1000 ms) fsu=52 | cum_total=560166 B cum_segs=2335
  10.796  SINK rx: 191 KB/s (195840 B / 1000 ms) fsu=52 | cum_total=756006 B cum_segs=3151
  11.783  SINK rx: 189 KB/s (194400 B / 1000 ms) fsu=52 | cum_total=950406 B cum_segs=3961
  12.826  SINK rx: 195 KB/s (200160 B / 1000 ms) fsu=52 | cum_total=1150566 B cum_segs=4795
  13.817  SINK rx: 192 KB/s (197525 B / 1000 ms) fsu=52 | cum_total=1348091 B cum_segs=5618
  14.786  SINK rx: 187 KB/s (191755 B / 1000 ms) fsu=52 | cum_total=1539846 B cum_segs=6417
  15.817  SINK rx: 195 KB/s (199925 B / 1000 ms) fsu=52 | cum_total=1739771 B cum_segs=7250
  16.808  SINK rx: 185 KB/s (189835 B / 1000 ms) fsu=52 | cum_total=1929606 B cum_segs=8041
  17.815  SINK rx: 188 KB/s (193440 B / 1000 ms) fsu=52 | cum_total=2123046 B cum_segs=8847
  18.867  SINK rx: 191 KB/s (195840 B / 1000 ms) fsu=52 | cum_total=2318886 B cum_segs=9663
  19.827  SINK rx: 189 KB/s (193685 B / 1000 ms) fsu=52 | cum_total=2512571 B cum_segs=10470
  20.869  SINK rx: 195 KB/s (200160 B / 1000 ms) fsu=52 | cum_total=2712731 B cum_segs=11304
  21.842  SINK rx: 195 KB/s (199915 B / 1000 ms) fsu=52 | cum_total=2912646 B cum_segs=12137
  22.894  SINK rx: 195 KB/s (199925 B / 1000 ms) fsu=52 | cum_total=3112571 B cum_segs=12970
  23.879  SINK rx: 188 KB/s (192960 B / 1000 ms) fsu=52 | cum_total=3305531 B cum_segs=13774
  24.870  SINK rx: 192 KB/s (197515 B / 1000 ms) fsu=52 | cum_total=3503046 B cum_segs=14597
  25.926  SINK rx: 195 KB/s (199925 B / 1000 ms) fsu=52 | cum_total=3702971 B cum_segs=15430
  26.895  SINK rx: 190 KB/s (194635 B / 1000 ms) fsu=52 | cum_total=3897606 B cum_segs=16241
  27.925  SINK rx: 189 KB/s (193685 B / 1000 ms) fsu=52 | cum_total=4091291 B cum_segs=17048
  28.907  SINK rx: 189 KB/s (194155 B / 1000 ms) fsu=52 | cum_total=4285446 B cum_segs=17857
  29.950  SINK rx: 191 KB/s (196565 B / 1000 ms) fsu=52 | cum_total=4482011 B cum_segs=18676
  30.933  SINK rx: 195 KB/s (199915 B / 1000 ms) fsu=52 | cum_total=4681926 B cum_segs=19509
  31.973  SINK rx: 181 KB/s (186005 B / 1000 ms) fsu=52 | cum_total=4867931 B cum_segs=20284
