   1.722  *** Booting nRF Connect SDK v3.4.0-99553055607b ***
   1.722  *** Using Zephyr OS v4.4.0-bf801e4e3d19 ***
   1.722  
   1.722  === nRF52 L2CAP CoC SINK (Zephyr 4.4.1, seg_recv) ===
   1.722  L2CAP server on PSM 0x0080
   1.722  Advertising as 'zenoh-nrf-l2cap'
   2.004  GAP connected: interval=6
   2.064  PHY updated: tx=2 rx=2
   2.126  DLE updated: tx_max=251 rx_max=251
   2.126  CoC up — seg_recv sink ready (RX_CREDITS=64, MPS=247)
   2.182  Q3FSU-DONE role=P status=0x00 spacing=65 types=0x3 phys=0x2 initiator=2
   2.764  SINK rx: 35 KB/s (36731 B / 1000 ms) fsu=65 | cum_total=36731 B cum_segs=154
   3.764  SINK rx: 125 KB/s (128875 B / 1000 ms) fsu=65 | cum_total=165606 B cum_segs=691
   4.731  SINK rx: 126 KB/s (129120 B / 1000 ms) fsu=65 | cum_total=294726 B cum_segs=1229
   5.785  SINK rx: 125 KB/s (128885 B / 1000 ms) fsu=65 | cum_total=423611 B cum_segs=1766
   6.763  SINK rx: 126 KB/s (129355 B / 1000 ms) fsu=65 | cum_total=552966 B cum_segs=2305
   7.785  SINK rx: 125 KB/s (128885 B / 1000 ms) fsu=65 | cum_total=681851 B cum_segs=2842
   8.768  SINK rx: 125 KB/s (128395 B / 1000 ms) fsu=65 | cum_total=810246 B cum_segs=3377
   9.791  SINK rx: 125 KB/s (128885 B / 1000 ms) fsu=65 | cum_total=939131 B cum_segs=3914
  10.833  SINK rx: 126 KB/s (129120 B / 1000 ms) fsu=65 | cum_total=1068251 B cum_segs=4452
  11.812  SINK rx: 126 KB/s (129120 B / 1000 ms) fsu=65 | cum_total=1197371 B cum_segs=4990
  12.842  SINK rx: 126 KB/s (129120 B / 1000 ms) fsu=65 | cum_total=1326491 B cum_segs=5528
  13.813  SINK rx: 126 KB/s (129120 B / 1000 ms) fsu=65 | cum_total=1455611 B cum_segs=6066
  14.863  SINK rx: 126 KB/s (129120 B / 1000 ms) fsu=65 | cum_total=1584731 B cum_segs=6604
  15.850  SINK rx: 126 KB/s (129120 B / 1000 ms) fsu=65 | cum_total=1713851 B cum_segs=7142
  16.878  SINK rx: 125 KB/s (128875 B / 1000 ms) fsu=65 | cum_total=1842726 B cum_segs=7679
  17.860  SINK rx: 126 KB/s (129365 B / 1000 ms) fsu=65 | cum_total=1972091 B cum_segs=8218
  18.896  SINK rx: 125 KB/s (128875 B / 1000 ms) fsu=65 | cum_total=2100966 B cum_segs=8755
  19.886  SINK rx: 126 KB/s (129365 B / 1000 ms) fsu=65 | cum_total=2230331 B cum_segs=9294
  20.916  SINK rx: 125 KB/s (128640 B / 1000 ms) fsu=65 | cum_total=2358971 B cum_segs=9830
  21.913  SINK rx: 126 KB/s (129355 B / 1000 ms) fsu=65 | cum_total=2488326 B cum_segs=10369
  22.882  SINK rx: 125 KB/s (128885 B / 1000 ms) fsu=65 | cum_total=2617211 B cum_segs=10906
  23.918  SINK rx: 126 KB/s (129355 B / 1000 ms) fsu=65 | cum_total=2746566 B cum_segs=11445
  24.954  SINK rx: 125 KB/s (128885 B / 1000 ms) fsu=65 | cum_total=2875451 B cum_segs=11982
  25.954  SINK rx: 126 KB/s (129120 B / 1000 ms) fsu=65 | cum_total=3004571 B cum_segs=12520
  26.936  SINK rx: 126 KB/s (129355 B / 1000 ms) fsu=65 | cum_total=3133926 B cum_segs=13059
  27.960  SINK rx: 126 KB/s (129120 B / 1000 ms) fsu=65 | cum_total=3263046 B cum_segs=13597
  28.975  SINK rx: 125 KB/s (128885 B / 1000 ms) fsu=65 | cum_total=3391931 B cum_segs=14134
  29.974  SINK rx: 126 KB/s (129355 B / 1000 ms) fsu=65 | cum_total=3521286 B cum_segs=14673
