   1.676  *** Booting nRF Connect SDK v3.4.0-99553055607b ***
   1.731  *** Using Zephyr OS v4.4.0-bf801e4e3d19 ***
   1.731  
   1.731  === nRF52 L2CAP CoC SINK (Zephyr 4.4.1, seg_recv) ===
   1.731  L2CAP server on PSM 0x0080
   1.731  Advertising as 'zenoh-nrf-l2cap'
   2.056  GAP connected: interval=20
   2.269  PHY updated: tx=2 rx=2
   2.373  DLE updated: tx_max=251 rx_max=251
   2.428  CoC up — seg_recv sink ready (RX_CREDITS=64, MPS=247)
   2.695  SINK rx: 0 KB/s (6 B / 1000 ms) fsu=0 | cum_total=6 B cum_segs=1
   3.708  SINK rx: 146 KB/s (149525 B / 1000 ms) fsu=0 | cum_total=149531 B cum_segs=624
   4.733  SINK rx: 150 KB/s (153835 B / 1000 ms) fsu=0 | cum_total=303366 B cum_segs=1265
   5.752  SINK rx: 150 KB/s (153845 B / 1000 ms) fsu=0 | cum_total=457211 B cum_segs=1906
   6.769  SINK rx: 150 KB/s (154560 B / 1000 ms) fsu=0 | cum_total=611771 B cum_segs=2550
   7.739  SINK rx: 150 KB/s (154315 B / 1000 ms) fsu=0 | cum_total=766086 B cum_segs=3193
   8.768  SINK rx: 144 KB/s (147840 B / 1000 ms) fsu=0 | cum_total=913926 B cum_segs=3809
   9.783  SINK rx: 147 KB/s (150720 B / 1000 ms) fsu=0 | cum_total=1064646 B cum_segs=4437
  10.810  SINK rx: 147 KB/s (151200 B / 1000 ms) fsu=0 | cum_total=1215846 B cum_segs=5067
  11.784  SINK rx: 137 KB/s (140405 B / 1000 ms) fsu=0 | cum_total=1356251 B cum_segs=5652
  12.814  SINK rx: 149 KB/s (153355 B / 1000 ms) fsu=0 | cum_total=1509606 B cum_segs=6291
  13.789  SINK rx: 145 KB/s (148565 B / 1000 ms) fsu=0 | cum_total=1658171 B cum_segs=6910
  14.823  SINK rx: 150 KB/s (154080 B / 1000 ms) fsu=0 | cum_total=1812251 B cum_segs=7552
  15.838  SINK rx: 149 KB/s (153355 B / 1000 ms) fsu=0 | cum_total=1965606 B cum_segs=8191
  16.858  SINK rx: 149 KB/s (153120 B / 1000 ms) fsu=0 | cum_total=2118726 B cum_segs=8829
  17.842  SINK rx: 150 KB/s (153845 B / 1000 ms) fsu=0 | cum_total=2272571 B cum_segs=9470
  18.868  SINK rx: 150 KB/s (153835 B / 1000 ms) fsu=0 | cum_total=2426406 B cum_segs=10111
  19.894  SINK rx: 150 KB/s (154560 B / 1000 ms) fsu=0 | cum_total=2580966 B cum_segs=10755
  20.874  SINK rx: 150 KB/s (154325 B / 1000 ms) fsu=0 | cum_total=2735291 B cum_segs=11398
  21.902  SINK rx: 149 KB/s (153355 B / 1000 ms) fsu=0 | cum_total=2888646 B cum_segs=12037
  22.874  SINK rx: 150 KB/s (153845 B / 1000 ms) fsu=0 | cum_total=3042491 B cum_segs=12678
  23.908  SINK rx: 149 KB/s (152875 B / 1000 ms) fsu=0 | cum_total=3195366 B cum_segs=13315
  24.937  SINK rx: 147 KB/s (150720 B / 1000 ms) fsu=0 | cum_total=3346086 B cum_segs=13943
  25.918  SINK rx: 151 KB/s (154805 B / 1000 ms) fsu=0 | cum_total=3500891 B cum_segs=14588
  26.940  SINK rx: 150 KB/s (154560 B / 1000 ms) fsu=0 | cum_total=3655451 B cum_segs=15232
  27.922  SINK rx: 150 KB/s (154315 B / 1000 ms) fsu=0 | cum_total=3809766 B cum_segs=15875
  28.960  SINK rx: 151 KB/s (154805 B / 1000 ms) fsu=0 | cum_total=3964571 B cum_segs=16520
  29.935  SINK rx: 150 KB/s (154315 B / 1000 ms) fsu=0 | cum_total=4118886 B cum_segs=17163
