   1.726  *** Booting nRF Connect SDK v3.4.0-99553055607b ***
   1.726  *** Using Zephyr OS v4.4.0-bf801e4e3d19 ***
   1.726  
   1.726  === nRF52 L2CAP CoC SINK (Zephyr 4.4.1, seg_recv) ===
   1.726  L2CAP server on PSM 0x0080
   1.726  Advertising as 'zenoh-nrf-l2cap'
   2.152  GAP connected: interval=30
   2.482  PHY updated: tx=2 rx=2
   2.588  DLE updated: tx_max=251 rx_max=251
   2.642  CoC up — seg_recv sink ready (RX_CREDITS=64, MPS=247)
   2.752  SINK rx: 0 KB/s (0 B / 1000 ms) fsu=0 | cum_total=0 B cum_segs=0
   3.714  SINK rx: 101 KB/s (104166 B / 1000 ms) fsu=0 | cum_total=104166 B cum_segs=435
   4.750  SINK rx: 150 KB/s (153845 B / 1000 ms) fsu=0 | cum_total=258011 B cum_segs=1076
   5.726  SINK rx: 152 KB/s (156000 B / 1000 ms) fsu=0 | cum_total=414011 B cum_segs=1726
   6.750  SINK rx: 149 KB/s (153355 B / 1000 ms) fsu=0 | cum_total=567366 B cum_segs=2365
   7.774  SINK rx: 145 KB/s (149045 B / 1000 ms) fsu=0 | cum_total=716411 B cum_segs=2986
   8.798  SINK rx: 155 KB/s (158880 B / 1000 ms) fsu=0 | cum_total=875291 B cum_segs=3648
   9.776  SINK rx: 157 KB/s (161035 B / 1000 ms) fsu=0 | cum_total=1036326 B cum_segs=4319
  10.804  SINK rx: 148 KB/s (151680 B / 1000 ms) fsu=0 | cum_total=1188006 B cum_segs=4951
  11.828  SINK rx: 151 KB/s (155040 B / 1000 ms) fsu=0 | cum_total=1343046 B cum_segs=5597
  12.809  SINK rx: 153 KB/s (157685 B / 1000 ms) fsu=0 | cum_total=1500731 B cum_segs=6254
  13.821  SINK rx: 151 KB/s (155275 B / 1000 ms) fsu=0 | cum_total=1656006 B cum_segs=6901
  14.840  SINK rx: 143 KB/s (146645 B / 1000 ms) fsu=0 | cum_total=1802651 B cum_segs=7512
  15.813  SINK rx: 152 KB/s (156000 B / 1000 ms) fsu=0 | cum_total=1958651 B cum_segs=8162
  16.831  SINK rx: 157 KB/s (161280 B / 1000 ms) fsu=0 | cum_total=2119931 B cum_segs=8834
  17.869  SINK rx: 156 KB/s (160320 B / 1000 ms) fsu=0 | cum_total=2280251 B cum_segs=9502
  18.891  SINK rx: 154 KB/s (158635 B / 1000 ms) fsu=0 | cum_total=2438886 B cum_segs=10163
  19.859  SINK rx: 157 KB/s (161280 B / 1000 ms) fsu=0 | cum_total=2600166 B cum_segs=10835
  20.893  SINK rx: 157 KB/s (160800 B / 1000 ms) fsu=0 | cum_total=2760966 B cum_segs=11505
  21.911  SINK rx: 147 KB/s (150965 B / 1000 ms) fsu=0 | cum_total=2911931 B cum_segs=12134
  22.890  SINK rx: 146 KB/s (150240 B / 1000 ms) fsu=0 | cum_total=3062171 B cum_segs=12760
  23.912  SINK rx: 145 KB/s (149035 B / 1000 ms) fsu=0 | cum_total=3211206 B cum_segs=13381
  24.894  SINK rx: 149 KB/s (153120 B / 1000 ms) fsu=0 | cum_total=3364326 B cum_segs=14019
  25.907  SINK rx: 147 KB/s (151445 B / 1000 ms) fsu=0 | cum_total=3515771 B cum_segs=14650
  26.932  SINK rx: 157 KB/s (161515 B / 1000 ms) fsu=0 | cum_total=3677286 B cum_segs=15323
  27.955  SINK rx: 157 KB/s (161280 B / 1000 ms) fsu=0 | cum_total=3838566 B cum_segs=15995
  28.978  SINK rx: 156 KB/s (160085 B / 1000 ms) fsu=0 | cum_total=3998651 B cum_segs=16662
  29.945  SINK rx: 156 KB/s (159840 B / 1000 ms) fsu=0 | cum_total=4158491 B cum_segs=17328
