   1.723  *** Booting nRF Connect SDK v3.4.0-99553055607b ***
   1.723  *** Using Zephyr OS v4.4.0-bf801e4e3d19 ***
   1.723  
   1.723  === nRF52 L2CAP CoC SINK (Zephyr 4.4.1, seg_recv) ===
   1.723  L2CAP server on PSM 0x0080
   1.723  Advertising as 'zenoh-nrf-l2cap'
   2.156  GAP connected: interval=40
   2.582  PHY updated: tx=2 rx=2
   2.748  CoC up — seg_recv sink ready (RX_CREDITS=64, MPS=247)
   2.748  DLE updated: tx_max=251 rx_max=251
   3.707  SINK rx: 83 KB/s (85691 B / 1000 ms) fsu=0 | cum_total=85691 B cum_segs=358
   4.734  SINK rx: 159 KB/s (163680 B / 1000 ms) fsu=0 | cum_total=249371 B cum_segs=1040
   5.767  SINK rx: 160 KB/s (163915 B / 1000 ms) fsu=0 | cum_total=413286 B cum_segs=1723
   6.736  SINK rx: 145 KB/s (148565 B / 1000 ms) fsu=0 | cum_total=561851 B cum_segs=2342
   7.756  SINK rx: 153 KB/s (157675 B / 1000 ms) fsu=0 | cum_total=719526 B cum_segs=2999
   8.787  SINK rx: 151 KB/s (155040 B / 1000 ms) fsu=0 | cum_total=874566 B cum_segs=3645
   9.807  SINK rx: 160 KB/s (164405 B / 1000 ms) fsu=0 | cum_total=1038971 B cum_segs=4330
  10.782  SINK rx: 158 KB/s (161995 B / 1000 ms) fsu=0 | cum_total=1200966 B cum_segs=5005
  11.801  SINK rx: 152 KB/s (156245 B / 1000 ms) fsu=0 | cum_total=1357211 B cum_segs=5656
  12.833  SINK rx: 160 KB/s (163915 B / 1000 ms) fsu=0 | cum_total=1521126 B cum_segs=6339
  13.798  SINK rx: 158 KB/s (162485 B / 1000 ms) fsu=0 | cum_total=1683611 B cum_segs=7016
  14.823  SINK rx: 137 KB/s (141120 B / 1000 ms) fsu=0 | cum_total=1824731 B cum_segs=7604
  15.843  SINK rx: 156 KB/s (160320 B / 1000 ms) fsu=0 | cum_total=1985051 B cum_segs=8272
  16.857  SINK rx: 160 KB/s (163915 B / 1000 ms) fsu=0 | cum_total=2148966 B cum_segs=8955
  17.831  SINK rx: 160 KB/s (163925 B / 1000 ms) fsu=0 | cum_total=2312891 B cum_segs=9638
  18.871  SINK rx: 153 KB/s (156715 B / 1000 ms) fsu=0 | cum_total=2469606 B cum_segs=10291
  19.895  SINK rx: 148 KB/s (152405 B / 1000 ms) fsu=0 | cum_total=2622011 B cum_segs=10926
  20.857  SINK rx: 159 KB/s (163680 B / 1000 ms) fsu=0 | cum_total=2785691 B cum_segs=11608
  21.886  SINK rx: 153 KB/s (157675 B / 1000 ms) fsu=0 | cum_total=2943366 B cum_segs=12265
  22.901  SINK rx: 160 KB/s (164160 B / 1000 ms) fsu=0 | cum_total=3107526 B cum_segs=12949
  23.928  SINK rx: 147 KB/s (151445 B / 1000 ms) fsu=0 | cum_total=3258971 B cum_segs=13580
  24.902  SINK rx: 151 KB/s (155520 B / 1000 ms) fsu=0 | cum_total=3414491 B cum_segs=14228
  25.915  SINK rx: 142 KB/s (145440 B / 1000 ms) fsu=0 | cum_total=3559931 B cum_segs=14834
  26.937  SINK rx: 153 KB/s (156960 B / 1000 ms) fsu=0 | cum_total=3716891 B cum_segs=15488
  27.970  SINK rx: 149 KB/s (152875 B / 1000 ms) fsu=0 | cum_total=3869766 B cum_segs=16125
  28.927  SINK rx: 142 KB/s (145685 B / 1000 ms) fsu=0 | cum_total=4015451 B cum_segs=16732
  29.938  SINK rx: 159 KB/s (163435 B / 1000 ms) fsu=0 | cum_total=4178886 B cum_segs=17413
