   1.727  *** Booting nRF Connect SDK v3.4.0-99553055607b ***
   1.727  *** Using Zephyr OS v4.4.0-bf801e4e3d19 ***
   1.727  
   1.727  === nRF52 L2CAP CoC SINK (Zephyr 4.4.1, seg_recv) ===
   1.727  L2CAP server on PSM 0x0080
   1.727  Advertising as 'zenoh-nrf-l2cap'
   2.018  GAP connected: interval=40
   2.466  PHY updated: tx=2 rx=2
   2.584  CoC up — seg_recv sink ready (RX_CREDITS=64, MPS=247)
   2.584  DLE updated: tx_max=251 rx_max=251
   2.751  SINK rx: 0 KB/s (0 B / 1000 ms) fsu=0 | cum_total=0 B cum_segs=0
   3.717  SINK rx: 109 KB/s (111846 B / 1000 ms) fsu=0 | cum_total=111846 B cum_segs=467
   4.761  SINK rx: 154 KB/s (158400 B / 1000 ms) fsu=0 | cum_total=270246 B cum_segs=1127
   5.786  SINK rx: 158 KB/s (162005 B / 1000 ms) fsu=0 | cum_total=432251 B cum_segs=1802
   6.755  SINK rx: 159 KB/s (163435 B / 1000 ms) fsu=0 | cum_total=595686 B cum_segs=2483
   7.763  SINK rx: 161 KB/s (164885 B / 1000 ms) fsu=0 | cum_total=760571 B cum_segs=3170
   8.799  SINK rx: 160 KB/s (164160 B / 1000 ms) fsu=0 | cum_total=924731 B cum_segs=3854
   9.773  SINK rx: 159 KB/s (163200 B / 1000 ms) fsu=0 | cum_total=1087931 B cum_segs=4534
  10.783  SINK rx: 160 KB/s (164640 B / 1000 ms) fsu=0 | cum_total=1252571 B cum_segs=5220
  11.799  SINK rx: 159 KB/s (163435 B / 1000 ms) fsu=0 | cum_total=1416006 B cum_segs=5901
  12.815  SINK rx: 160 KB/s (164160 B / 1000 ms) fsu=0 | cum_total=1580166 B cum_segs=6585
  13.843  SINK rx: 160 KB/s (164160 B / 1000 ms) fsu=0 | cum_total=1744326 B cum_segs=7269
  14.825  SINK rx: 156 KB/s (160565 B / 1000 ms) fsu=0 | cum_total=1904891 B cum_segs=7938
  15.843  SINK rx: 158 KB/s (162720 B / 1000 ms) fsu=0 | cum_total=2067611 B cum_segs=8616
  16.872  SINK rx: 159 KB/s (163680 B / 1000 ms) fsu=0 | cum_total=2231291 B cum_segs=9298
  17.843  SINK rx: 155 KB/s (159360 B / 1000 ms) fsu=0 | cum_total=2390651 B cum_segs=9962
  18.880  SINK rx: 159 KB/s (163680 B / 1000 ms) fsu=0 | cum_total=2554331 B cum_segs=10644
  19.863  SINK rx: 160 KB/s (164395 B / 1000 ms) fsu=0 | cum_total=2718726 B cum_segs=11329
  20.883  SINK rx: 157 KB/s (161045 B / 1000 ms) fsu=0 | cum_total=2879771 B cum_segs=12000
  21.905  SINK rx: 160 KB/s (163915 B / 1000 ms) fsu=0 | cum_total=3043686 B cum_segs=12683
  22.885  SINK rx: 157 KB/s (161045 B / 1000 ms) fsu=0 | cum_total=3204731 B cum_segs=13354
  23.940  SINK rx: 157 KB/s (160800 B / 1000 ms) fsu=0 | cum_total=3365531 B cum_segs=14024
  24.910  SINK rx: 160 KB/s (164640 B / 1000 ms) fsu=0 | cum_total=3530171 B cum_segs=14710
  25.950  SINK rx: 154 KB/s (158635 B / 1000 ms) fsu=0 | cum_total=3688806 B cum_segs=15371
  26.973  SINK rx: 160 KB/s (164160 B / 1000 ms) fsu=0 | cum_total=3852966 B cum_segs=16055
  27.971  SINK rx: 160 KB/s (164640 B / 1000 ms) fsu=0 | cum_total=4017606 B cum_segs=16741
  28.990  SINK rx: 155 KB/s (159605 B / 1000 ms) fsu=0 | cum_total=4177211 B cum_segs=17406
  29.970  SINK rx: 160 KB/s (164160 B / 1000 ms) fsu=0 | cum_total=4341371 B cum_segs=18090
