   1.718  *** Booting nRF Connect SDK v3.4.0-99553055607b ***
   1.718  *** Using Zephyr OS v4.4.0-bf801e4e3d19 ***
   1.718  
   1.718  === nRF52 L2CAP CoC SINK (Zephyr 4.4.1, seg_recv) ===
   1.718  L2CAP server on PSM 0x0080
   1.718  Advertising as 'zenoh-nrf-l2cap'
   2.119  GAP connected: interval=12
   2.242  PHY updated: tx=2 rx=2
   2.298  DLE updated: tx_max=251 rx_max=251
   2.359  CoC up — seg_recv sink ready (RX_CREDITS=64, MPS=247)
   2.414  Q3FSU-DONE role=P status=0x00 spacing=65 types=0x3 phys=0x2 initiator=2
   2.754  SINK rx: 9 KB/s (9851 B / 1000 ms) fsu=65 | cum_total=9851 B cum_segs=42
   3.748  SINK rx: 154 KB/s (158400 B / 1000 ms) fsu=65 | cum_total=168251 B cum_segs=702
   4.728  SINK rx: 157 KB/s (161760 B / 1000 ms) fsu=65 | cum_total=330011 B cum_segs=1376
   5.773  SINK rx: 157 KB/s (161280 B / 1000 ms) fsu=65 | cum_total=491291 B cum_segs=2048
   6.750  SINK rx: 157 KB/s (160800 B / 1000 ms) fsu=65 | cum_total=652091 B cum_segs=2718
   7.783  SINK rx: 156 KB/s (160075 B / 1000 ms) fsu=65 | cum_total=812166 B cum_segs=3385
   8.807  SINK rx: 157 KB/s (161525 B / 1000 ms) fsu=65 | cum_total=973691 B cum_segs=4058
   9.789  SINK rx: 157 KB/s (161280 B / 1000 ms) fsu=65 | cum_total=1134971 B cum_segs=4730
  10.828  SINK rx: 157 KB/s (161280 B / 1000 ms) fsu=65 | cum_total=1296251 B cum_segs=5402
  11.814  SINK rx: 157 KB/s (161280 B / 1000 ms) fsu=65 | cum_total=1457531 B cum_segs=6074
  12.815  SINK rx: 157 KB/s (161760 B / 1000 ms) fsu=65 | cum_total=1619291 B cum_segs=6748
  13.806  SINK rx: 157 KB/s (161515 B / 1000 ms) fsu=65 | cum_total=1780806 B cum_segs=7421
  14.851  SINK rx: 156 KB/s (160085 B / 1000 ms) fsu=65 | cum_total=1940891 B cum_segs=8088
  15.825  SINK rx: 157 KB/s (161515 B / 1000 ms) fsu=65 | cum_total=2102406 B cum_segs=8761
  16.843  SINK rx: 157 KB/s (161525 B / 1000 ms) fsu=65 | cum_total=2263931 B cum_segs=9434
  17.881  SINK rx: 157 KB/s (161515 B / 1000 ms) fsu=65 | cum_total=2425446 B cum_segs=10107
  18.866  SINK rx: 157 KB/s (161045 B / 1000 ms) fsu=65 | cum_total=2586491 B cum_segs=10778
  19.859  SINK rx: 157 KB/s (161760 B / 1000 ms) fsu=65 | cum_total=2748251 B cum_segs=11452
  20.904  SINK rx: 157 KB/s (161515 B / 1000 ms) fsu=65 | cum_total=2909766 B cum_segs=12125
  21.902  SINK rx: 157 KB/s (161280 B / 1000 ms) fsu=65 | cum_total=3071046 B cum_segs=12797
  22.896  SINK rx: 157 KB/s (160800 B / 1000 ms) fsu=65 | cum_total=3231846 B cum_segs=13467
  23.925  SINK rx: 157 KB/s (161280 B / 1000 ms) fsu=65 | cum_total=3393126 B cum_segs=14139
  24.918  SINK rx: 157 KB/s (161280 B / 1000 ms) fsu=65 | cum_total=3554406 B cum_segs=14811
  25.923  SINK rx: 157 KB/s (161525 B / 1000 ms) fsu=65 | cum_total=3715931 B cum_segs=15484
  26.950  SINK rx: 157 KB/s (161035 B / 1000 ms) fsu=65 | cum_total=3876966 B cum_segs=16155
  27.930  SINK rx: 157 KB/s (161760 B / 1000 ms) fsu=65 | cum_total=4038726 B cum_segs=16829
  28.939  SINK rx: 157 KB/s (161525 B / 1000 ms) fsu=65 | cum_total=4200251 B cum_segs=17502
  29.987  SINK rx: 157 KB/s (161280 B / 1000 ms) fsu=65 | cum_total=4361531 B cum_segs=18174
