   1.703  *** Booting nRF Connect SDK v3.4.0-99553055607b ***
   1.703  *** Using Zephyr OS v4.4.0-bf801e4e3d19 ***
   1.703  
   1.703  === nRF52 L2CAP CoC SINK (Zephyr 4.4.1, seg_recv) ===
   1.703  L2CAP server on PSM 0x0080
   1.703  Advertising as 'zenoh-nrf-l2cap'
   2.054  GAP connected: interval=20
   2.223  PHY updated: tx=2 rx=2
   2.343  DLE updated: tx_max=251 rx_max=251
   2.403  CoC up — seg_recv sink ready (RX_CREDITS=64, MPS=247)
   2.754  SINK rx: 0 KB/s (966 B / 1000 ms) fsu=0 | cum_total=966 B cum_segs=5
   3.721  SINK rx: 149 KB/s (153120 B / 1000 ms) fsu=0 | cum_total=154086 B cum_segs=643
   4.762  SINK rx: 148 KB/s (152160 B / 1000 ms) fsu=0 | cum_total=306246 B cum_segs=1277
   5.783  SINK rx: 150 KB/s (154080 B / 1000 ms) fsu=0 | cum_total=460326 B cum_segs=1919
   6.762  SINK rx: 150 KB/s (154560 B / 1000 ms) fsu=0 | cum_total=614886 B cum_segs=2563
   7.793  SINK rx: 151 KB/s (155040 B / 1000 ms) fsu=0 | cum_total=769926 B cum_segs=3209
   8.780  SINK rx: 148 KB/s (152160 B / 1000 ms) fsu=0 | cum_total=922086 B cum_segs=3843
   9.814  SINK rx: 150 KB/s (153845 B / 1000 ms) fsu=0 | cum_total=1075931 B cum_segs=4484
  10.796  SINK rx: 150 KB/s (154315 B / 1000 ms) fsu=0 | cum_total=1230246 B cum_segs=5127
  11.840  SINK rx: 150 KB/s (154325 B / 1000 ms) fsu=0 | cum_total=1384571 B cum_segs=5770
  12.824  SINK rx: 151 KB/s (154795 B / 1000 ms) fsu=0 | cum_total=1539366 B cum_segs=6415
  13.822  SINK rx: 151 KB/s (154805 B / 1000 ms) fsu=0 | cum_total=1694171 B cum_segs=7060
  14.853  SINK rx: 151 KB/s (154795 B / 1000 ms) fsu=0 | cum_total=1848966 B cum_segs=7705
  15.862  SINK rx: 150 KB/s (154325 B / 1000 ms) fsu=0 | cum_total=2003291 B cum_segs=8348
  16.882  SINK rx: 150 KB/s (153600 B / 1000 ms) fsu=0 | cum_total=2156891 B cum_segs=8988
  17.851  SINK rx: 150 KB/s (154315 B / 1000 ms) fsu=0 | cum_total=2311206 B cum_segs=9631
  18.887  SINK rx: 151 KB/s (154805 B / 1000 ms) fsu=0 | cum_total=2466011 B cum_segs=10276
  19.864  SINK rx: 150 KB/s (153600 B / 1000 ms) fsu=0 | cum_total=2619611 B cum_segs=10916
  20.908  SINK rx: 151 KB/s (155275 B / 1000 ms) fsu=0 | cum_total=2774886 B cum_segs=11563
  21.878  SINK rx: 150 KB/s (153845 B / 1000 ms) fsu=0 | cum_total=2928731 B cum_segs=12204
  22.900  SINK rx: 150 KB/s (154560 B / 1000 ms) fsu=0 | cum_total=3083291 B cum_segs=12848
  23.912  SINK rx: 151 KB/s (154795 B / 1000 ms) fsu=0 | cum_total=3238086 B cum_segs=13493
  24.956  SINK rx: 151 KB/s (155040 B / 1000 ms) fsu=0 | cum_total=3393126 B cum_segs=14139
  25.939  SINK rx: 147 KB/s (150720 B / 1000 ms) fsu=0 | cum_total=3543846 B cum_segs=14767
  26.932  SINK rx: 149 KB/s (153120 B / 1000 ms) fsu=0 | cum_total=3696966 B cum_segs=15405
  27.979  SINK rx: 151 KB/s (154805 B / 1000 ms) fsu=0 | cum_total=3851771 B cum_segs=16050
  28.956  SINK rx: 149 KB/s (153120 B / 1000 ms) fsu=0 | cum_total=4004891 B cum_segs=16688
  29.974  SINK rx: 151 KB/s (155040 B / 1000 ms) fsu=0 | cum_total=4159931 B cum_segs=17334
