   1.683  *** Booting nRF Connect SDK v3.4.0-99553055607b ***
   1.683  *** Using Zephyr OS v4.4.0-bf801e4e3d19 ***
   1.683  
   1.683  === nRF52 L2CAP CoC SINK (Zephyr 4.4.1, seg_recv) ===
   1.738  L2CAP server on PSM 0x0080
   1.738  Advertising as 'zenoh-nrf-l2cap'
   2.011  GAP connected: interval=20
   2.232  PHY updated: tx=2 rx=2
   2.287  DLE updated: tx_max=251 rx_max=251
   2.342  CoC up — seg_recv sink ready (RX_CREDITS=64, MPS=247)
   2.719  SINK rx: 3 KB/s (3131 B / 1000 ms) fsu=0 | cum_total=3131 B cum_segs=14
   3.753  SINK rx: 148 KB/s (151915 B / 1000 ms) fsu=0 | cum_total=155046 B cum_segs=647
   4.718  SINK rx: 149 KB/s (153120 B / 1000 ms) fsu=0 | cum_total=308166 B cum_segs=1285
   5.743  SINK rx: 146 KB/s (150485 B / 1000 ms) fsu=0 | cum_total=458651 B cum_segs=1912
   6.777  SINK rx: 146 KB/s (150475 B / 1000 ms) fsu=0 | cum_total=609126 B cum_segs=2539
   7.745  SINK rx: 147 KB/s (150720 B / 1000 ms) fsu=0 | cum_total=759846 B cum_segs=3167
   8.767  SINK rx: 149 KB/s (152885 B / 1000 ms) fsu=0 | cum_total=912731 B cum_segs=3804
   9.788  SINK rx: 144 KB/s (147595 B / 1000 ms) fsu=0 | cum_total=1060326 B cum_segs=4419
  10.766  SINK rx: 150 KB/s (154080 B / 1000 ms) fsu=0 | cum_total=1214406 B cum_segs=5061
  11.780  SINK rx: 151 KB/s (154805 B / 1000 ms) fsu=0 | cum_total=1369211 B cum_segs=5706
  12.814  SINK rx: 146 KB/s (150475 B / 1000 ms) fsu=0 | cum_total=1519686 B cum_segs=6333
  13.843  SINK rx: 150 KB/s (154560 B / 1000 ms) fsu=0 | cum_total=1674246 B cum_segs=6977
  14.817  SINK rx: 149 KB/s (152640 B / 1000 ms) fsu=0 | cum_total=1826886 B cum_segs=7613
  15.848  SINK rx: 143 KB/s (147125 B / 1000 ms) fsu=0 | cum_total=1974011 B cum_segs=8226
  16.863  SINK rx: 144 KB/s (148320 B / 1000 ms) fsu=0 | cum_total=2122331 B cum_segs=8844
  17.839  SINK rx: 149 KB/s (153120 B / 1000 ms) fsu=0 | cum_total=2275451 B cum_segs=9482
  18.862  SINK rx: 150 KB/s (154080 B / 1000 ms) fsu=0 | cum_total=2429531 B cum_segs=10124
  19.874  SINK rx: 144 KB/s (147595 B / 1000 ms) fsu=0 | cum_total=2577126 B cum_segs=10739
  20.906  SINK rx: 146 KB/s (150005 B / 1000 ms) fsu=0 | cum_total=2727131 B cum_segs=11364
  21.883  SINK rx: 141 KB/s (144715 B / 1000 ms) fsu=0 | cum_total=2871846 B cum_segs=11967
  22.908  SINK rx: 147 KB/s (150965 B / 1000 ms) fsu=0 | cum_total=3022811 B cum_segs=12596
  23.884  SINK rx: 149 KB/s (152640 B / 1000 ms) fsu=0 | cum_total=3175451 B cum_segs=13232
  24.900  SINK rx: 143 KB/s (146880 B / 1000 ms) fsu=0 | cum_total=3322331 B cum_segs=13844
  25.918  SINK rx: 148 KB/s (151915 B / 1000 ms) fsu=0 | cum_total=3474246 B cum_segs=14477
  26.943  SINK rx: 150 KB/s (154080 B / 1000 ms) fsu=0 | cum_total=3628326 B cum_segs=15119
  27.962  SINK rx: 150 KB/s (154325 B / 1000 ms) fsu=0 | cum_total=3782651 B cum_segs=15762
  28.943  SINK rx: 150 KB/s (154560 B / 1000 ms) fsu=0 | cum_total=3937211 B cum_segs=16406
  29.969  SINK rx: 146 KB/s (149995 B / 1000 ms) fsu=0 | cum_total=4087206 B cum_segs=17031
