   1.721  *** Booting nRF Connect SDK v3.4.0-99553055607b ***
   1.721  *** Using Zephyr OS v4.4.0-bf801e4e3d19 ***
   1.721  [00:38:23.107,478] [0m<inf> bt_sdc_hci_driver: SoftDevice Controller build revision:
   1.721                                              c8 da 30 98 f9 f0 34 a4  4b 6e ba d3 08 19 cc 0c |..0...4. Kn......
   1.721                                              ea 51 da 47                                      |.Q.G             [0m
   1.774  [00:38:23.108,272] [1;33m<wrn> bt_hci_core: Num of Controller's ACL packets != ACL bt_conn_tx contexts (10 != 3)[0m
   1.774  [00:38:23.108,922] [0m<inf> bt_hci_core: HW Platform: Nordic Semiconductor (0x0002)[0m
   1.774  [00:38:23.108,934] [0m<inf> bt_hci_core: HW Variant: nRF54Lx (0x0005)[0m
   1.774  [00:38:23.108,945] [0m<inf> bt_hci_core: Firmware: Standard Bluetooth controller (0x00) Version 200.12506 Build 888207768[0m
   1.774  [00:38:23.109,340] [0m<inf> bt_hci_core: HCI transport: SDC[0m
   1.774  [00:38:23.109,386] [0m<inf> bt_hci_core: Identity: FC:BE:FF:FA:E6:8B (random)[0m
   1.774  [00:38:23.109,403] [0m<inf> bt_hci_core: HCI: version 6.3 (0x11) revision 0x3039, manufacturer 0x0059[0m
   1.825  [00:38:23.109,419] [0m<inf> bt_hci_core: LMP: version 6.3 (0x11) subver 0x3039[0m
   1.825  
   1.825  === nRF54L15 RTT ping-pong PERIPHERAL (echo) ===
   1.825  advertising
   3.006  GAP connected interval=50000
   3.006  PHY tx=2 rx=2
   3.006  P t=1s rxkBps=0 blkkBps=0 pongs=0(+0/s) cancels=0(+0/s) notify=0 disc=0(0x00) | echo rx=0 tx=0 pend=0 stale=0
   4.570  CCC: notify ENABLED
   4.570  P t=2s rxkBps=25 blkkBps=0 pongs=105(+105/s) cancels=0(+0/s) notify=1 disc=0(0x00) | echo rx=0 tx=0 pend=0 stale=0
   5.701  P t=3s rxkBps=160 blkkBps=0 pongs=778(+673/s) cancels=0(+0/s) notify=1 disc=0(0x00) | echo rx=0 tx=0 pend=0 stale=0
   5.701  P t=4s rxkBps=163 blkkBps=0 pongs=1466(+688/s) cancels=0(+0/s) notify=1 disc=0(0x00) | echo rx=0 tx=0 pend=0 stale=0
   7.690  P t=5s rxkBps=160 blkkBps=0 pongs=2138(+672/s) cancels=0(+0/s) notify=1 disc=0(0x00) | echo rx=0 tx=0 pend=0 stale=0
   7.745  P t=6s rxkBps=162 blkkBps=0 pongs=2818(+680/s) cancels=0(+0/s) notify=1 disc=0(0x00) | echo rx=0 tx=0 pend=0 stale=0
   9.694  P t=7s rxkBps=162 blkkBps=0 pongs=3502(+684/s) cancels=0(+0/s) notify=1 disc=0(0x00) | echo rx=0 tx=0 pend=0 stale=0
   9.749  P t=8s rxkBps=154 blkkBps=0 pongs=4150(+648/s) cancels=0(+0/s) notify=1 disc=0(0x00) | echo rx=0 tx=0 pend=0 stale=0
  11.701  P t=9s rxkBps=158 blkkBps=0 pongs=4814(+664/s) cancels=0(+0/s) notify=1 disc=0(0x00) | echo rx=0 tx=0 pend=0 stale=0
  11.701  P t=10s rxkBps=161 blkkBps=0 pongs=5490(+676/s) cancels=0(+0/s) notify=1 disc=0(0x00) | echo rx=0 tx=0 pend=0 stale=0
  13.693  P t=11s rxkBps=149 blkkBps=0 pongs=6117(+627/s) cancels=0(+0/s) notify=1 disc=0(0x00) | echo rx=0 tx=0 pend=0 stale=0
  13.749  P t=12s rxkBps=157 blkkBps=0 pongs=6777(+660/s) cancels=0(+0/s) notify=1 disc=0(0x00) | echo rx=0 tx=0 pend=0 stale=0
  15.693  P t=13s rxkBps=162 blkkBps=0 pongs=7458(+681/s) cancels=0(+0/s) notify=1 disc=0(0x00) | echo rx=0 tx=0 pend=0 stale=0
  15.748  P t=14s rxkBps=151 blkkBps=0 pongs=8093(+635/s) cancels=0(+0/s) notify=1 disc=0(0x00) | echo rx=0 tx=0 pend=0 stale=0
  17.692  P t=15s rxkBps=149 blkkBps=0 pongs=8719(+626/s) cancels=0(+0/s) notify=1 disc=0(0x00) | echo rx=0 tx=0 pend=0 stale=0
  17.748  P t=16s rxkBps=156 blkkBps=0 pongs=9377(+658/s) cancels=0(+0/s) notify=1 disc=0(0x00) | echo rx=0 tx=0 pend=0 stale=0
  19.739  P t=17s rxkBps=162 blkkBps=0 pongs=10059(+682/s) cancels=0(+0/s) notify=1 disc=0(0x00) | echo rx=0 tx=0 pend=0 stale=0
  19.739  P t=18s rxkBps=160 blkkBps=0 pongs=10733(+674/s) cancels=0(+0/s) notify=1 disc=0(0x00) | echo rx=0 tx=0 pend=0 stale=0
  21.721  P t=19s rxkBps=162 blkkBps=0 pongs=11414(+681/s) cancels=0(+0/s) notify=1 disc=0(0x00) | echo rx=0 tx=0 pend=0 stale=0
  21.721  P t=20s rxkBps=152 blkkBps=0 pongs=12055(+641/s) cancels=0(+0/s) notify=1 disc=0(0x00) | echo rx=0 tx=0 pend=0 stale=0
  23.719  P t=21s rxkBps=156 blkkBps=0 pongs=12713(+658/s) cancels=0(+0/s) notify=1 disc=0(0x00) | echo rx=0 tx=0 pend=0 stale=0
  23.719  P t=22s rxkBps=162 blkkBps=0 pongs=13397(+684/s) cancels=0(+0/s) notify=1 disc=0(0x00) | echo rx=0 tx=0 pend=0 stale=0
  25.718  P t=23s rxkBps=162 blkkBps=0 pongs=14081(+684/s) cancels=0(+0/s) notify=1 disc=0(0x00) | echo rx=0 tx=0 pend=0 stale=0
  25.718  P t=24s rxkBps=157 blkkBps=0 pongs=14741(+660/s) cancels=0(+0/s) notify=1 disc=0(0x00) | echo rx=0 tx=0 pend=0 stale=0
  27.723  P t=25s rxkBps=159 blkkBps=0 pongs=15409(+668/s) cancels=0(+0/s) notify=1 disc=0(0x00) | echo rx=0 tx=0 pend=0 stale=0
  27.723  P t=26s rxkBps=144 blkkBps=0 pongs=16017(+608/s) cancels=0(+0/s) notify=1 disc=0(0x00) | echo rx=0 tx=0 pend=0 stale=0
  29.731  P t=27s rxkBps=160 blkkBps=0 pongs=16689(+672/s) cancels=0(+0/s) notify=1 disc=0(0x00) | echo rx=0 tx=0 pend=0 stale=0
  29.731  P t=28s rxkBps=160 blkkBps=0 pongs=17364(+675/s) cancels=0(+0/s) notify=1 disc=0(0x00) | echo rx=0 tx=0 pend=0 stale=0
