   2.003  *** Booting nRF Connect SDK v3.4.0-99553055607b ***
   2.003  *** Using Zephyr OS v4.4.0-bf801e4e3d19 ***
   2.058  [01:01:41.040,783] [0m<inf> bt_sdc_hci_driver: SoftDevice Controller build revision:
   2.058                                              c8 da 30 98 f9 f0 34 a4  4b 6e ba d3 08 19 cc 0c |..0...4. Kn......
   2.058                                              ea 51 da 47                                      |.Q.G             [0m
   2.058  [01:01:41.041,911] [0m<inf> bt_hci_core: HW Platform: Nordic Semiconductor (0x0002)[0m
   2.058  [01:01:41.041,924] [0m<inf> bt_hci_core: HW Variant: nRF54Lx (0x0005)[0m
   2.058  [01:01:41.041,936] [0m<inf> bt_hci_core: Firmware: Standard Bluetooth controller (0x00) Version 200.12506 Build 888207768[0m
   2.058  [01:01:41.042,332] [0m<inf> bt_hci_core: HCI transport: SDC[0m
   2.112  [01:01:41.042,381] [0m<inf> bt_hci_core: Identity: D6:C7:60:B1:D3:0E (random)[0m
   2.112  [01:01:41.042,397] [0m<inf> bt_hci_core: HCI: version 6.3 (0x11) revision 0x3039, manufacturer 0x0059[0m
   2.112  [01:01:41.042,413] [0m<inf> bt_hci_core: LMP: version 6.3 (0x11) subver 0x3039[0m
   2.112  
   2.112  === nRF54L15 RTT ping-pong CENTRAL ===
   2.112  scan rc=0
   2.112  GAP connected interval=50000
   3.147  MTU err=0 mtu=247
   3.147  PHY tx=2 rx=2
   3.202  t=1s RTT mean=0 min=0 max=0 n=0 to=0 | cancels=0(+0/s) seqbad=0 len_bad=0 disc=0(0x00) | tot_n=0 tot_to=0 maxever=0 >2ms=0 >5ms=0 >15ms=0 >20ms=0 >30ms=0 | probes=0 wrfail=0 down=1s maxout=1s
   3.588  discovery start (post-PHY +500ms) interval=50000 phy2m=1
   3.588  SUBSCRIBED, vh=18
   3.588  BLAST: phy_update->2M rc=0
   3.588  BLASTC comp=1 exkBps=0 cgap_us[min/avg/max]=4294967295/0/0
   3.588  BLAST phy=2/2 att=1 ok=1 enomem=0 err=0 call_us[min/avg/max]=122/122/122 okgap_max_us=0
   3.588  BLAST first16_call_us: 122 122 117 117 117 117 117 117 111 56 54 54 54 54 54 54
   4.672  PHY tx=2 rx=2
   4.672  t=2s RTT mean=0 min=0 max=0 n=0 to=0 | cancels=0(+0/s) seqbad=0 len_bad=0 disc=0(0x00) | tot_n=0 tot_to=0 maxever=0 >2ms=0 >5ms=0 >15ms=0 >20ms=0 >30ms=0 | probes=0 wrfail=0 down=1s maxout=1s
   4.672  BLASTC comp=283 exkBps=0 cgap_us[min/avg/max]=127/1586/46887
   4.723  BLAST phy=2/2 att=293 ok=293 enomem=0 err=0 call_us[min/avg/max]=54/1521/46168 okgap_max_us=46179
   6.025  t=3s RTT mean=0 min=0 max=0 n=0 to=0 | cancels=0(+0/s) seqbad=0 len_bad=0 disc=0(0x00) | tot_n=0 tot_to=0 maxever=0 >2ms=0 >5ms=0 >15ms=0 >20ms=0 >30ms=0 | probes=0 wrfail=0 down=1s maxout=1s
   6.025  BLASTC comp=665 exkBps=0 cgap_us[min/avg/max]=1388/1503/34683
   6.025  BLAST phy=2/2 att=665 ok=665 enomem=0 err=0 call_us[min/avg/max]=1321/1493/34673 okgap_max_us=4101
   6.080  t=4s RTT mean=0 min=0 max=0 n=0 to=0 | cancels=0(+0/s) seqbad=0 len_bad=0 disc=0(0x00) | tot_n=0 tot_to=0 maxever=0 >2ms=0 >5ms=0 >15ms=0 >20ms=0 >30ms=0 | probes=0 wrfail=0 down=1s maxout=1s
   6.080  BLASTC comp=664 exkBps=0 cgap_us[min/avg/max]=1389/1506/31896
   6.080  BLAST phy=2/2 att=664 ok=664 enomem=0 err=0 call_us[min/avg/max]=1318/1495/31887 okgap_max_us=34743
   8.027  t=5s RTT mean=0 min=0 max=0 n=0 to=0 | cancels=0(+0/s) seqbad=0 len_bad=0 disc=0(0x00) | tot_n=0 tot_to=0 maxever=0 >2ms=0 >5ms=0 >15ms=0 >20ms=0 >30ms=0 | probes=0 wrfail=0 down=1s maxout=1s
   8.027  BLASTC comp=685 exkBps=0 cgap_us[min/avg/max]=1388/1459/4037
   8.027  BLAST phy=2/2 att=685 ok=685 enomem=0 err=0 call_us[min/avg/max]=1319/1449/4035 okgap_max_us=4110
   8.082  t=6s RTT mean=0 min=0 max=0 n=0 to=0 | cancels=0(+0/s) seqbad=0 len_bad=0 disc=0(0x00) | tot_n=0 tot_to=0 maxever=0 >2ms=0 >5ms=0 >15ms=0 >20ms=0 >30ms=0 | probes=0 wrfail=0 down=1s maxout=1s
   8.082  BLASTC comp=679 exkBps=0 cgap_us[min/avg/max]=1389/1472/4049
   8.082  BLAST phy=2/2 att=679 ok=679 enomem=0 err=0 call_us[min/avg/max]=1319/1462/4045 okgap_max_us=4105
  10.047  t=7s RTT mean=0 min=0 max=0 n=0 to=0 | cancels=0(+0/s) seqbad=0 len_bad=0 disc=0(0x00) | tot_n=0 tot_to=0 maxever=0 >2ms=0 >5ms=0 >15ms=0 >20ms=0 >30ms=0 | probes=0 wrfail=0 down=1s maxout=1s
  10.047  BLASTC comp=683 exkBps=0 cgap_us[min/avg/max]=1389/1464/4038
  10.047  BLAST phy=2/2 att=683 ok=683 enomem=0 err=0 call_us[min/avg/max]=1320/1453/4035 okgap_max_us=4114
  10.047  t=8s RTT mean=0 min=0 max=0 n=0 to=0 | cancels=0(+0/s) seqbad=0 len_bad=0 disc=0(0x00) | tot_n=0 tot_to=0 maxever=0 >2ms=0 >5ms=0 >15ms=0 >20ms=0 >30ms=0 | probes=0 wrfail=0 down=1s maxout=1s
  10.101  BLASTC comp=686 exkBps=0 cgap_us[min/avg/max]=1388/1457/5425
  10.102  BLAST phy=2/2 att=686 ok=686 enomem=0 err=0 call_us[min/avg/max]=1318/1446/5415 okgap_max_us=5426
  12.041  t=9s RTT mean=0 min=0 max=0 n=0 to=0 | cancels=0(+0/s) seqbad=0 len_bad=0 disc=0(0x00) | tot_n=0 tot_to=0 maxever=0 >2ms=0 >5ms=0 >15ms=0 >20ms=0 >30ms=0 | probes=0 wrfail=0 down=1s maxout=1s
  12.041  BLASTC comp=685 exkBps=0 cgap_us[min/avg/max]=1388/1459/4037
  12.041  BLAST phy=2/2 att=685 ok=685 enomem=0 err=0 call_us[min/avg/max]=1320/1449/4034 okgap_max_us=4109
  12.096  t=10s RTT mean=0 min=0 max=0 n=0 to=0 | cancels=0(+0/s) seqbad=0 len_bad=0 disc=0(0x00) | tot_n=0 tot_to=0 maxever=0 >2ms=0 >5ms=0 >15ms=0 >20ms=0 >30ms=0 | probes=0 wrfail=0 down=1s maxout=1s
  12.096  BLASTC comp=683 exkBps=0 cgap_us[min/avg/max]=1389/1464/4043
  12.096  BLAST phy=2/2 att=683 ok=683 enomem=0 err=0 call_us[min/avg/max]=1319/1453/4040 okgap_max_us=4103
  14.029  t=11s RTT mean=0 min=0 max=0 n=0 to=0 | cancels=0(+0/s) seqbad=0 len_bad=0 disc=0(0x00) | tot_n=0 tot_to=0 maxever=0 >2ms=0 >5ms=0 >15ms=0 >20ms=0 >30ms=0 | probes=0 wrfail=0 down=1s maxout=1s
  14.029  BLASTC comp=686 exkBps=0 cgap_us[min/avg/max]=1387/1457/4039
  14.029  BLAST phy=2/2 att=686 ok=686 enomem=0 err=0 call_us[min/avg/max]=1319/1447/4036 okgap_max_us=4109
  14.083  t=12s RTT mean=0 min=0 max=0 n=0 to=0 | cancels=0(+0/s) seqbad=0 len_bad=0 disc=0(0x00) | tot_n=0 tot_to=0 maxever=0 >2ms=0 >5ms=0 >15ms=0 >20ms=0 >30ms=0 | probes=0 wrfail=0 down=1s maxout=1s
  14.083  BLASTC comp=606 exkBps=0 cgap_us[min/avg/max]=1387/1650/52619
  14.083  BLAST phy=2/2 att=606 ok=606 enomem=0 err=0 call_us[min/avg/max]=1317/1639/52608 okgap_max_us=52619
  16.034  t=13s RTT mean=0 min=0 max=0 n=0 to=0 | cancels=0(+0/s) seqbad=0 len_bad=0 disc=0(0x00) | tot_n=0 tot_to=0 maxever=0 >2ms=0 >5ms=0 >15ms=0 >20ms=0 >30ms=0 | probes=0 wrfail=0 down=1s maxout=1s
  16.034  BLASTC comp=670 exkBps=0 cgap_us[min/avg/max]=1387/1492/26323
  16.034  BLAST phy=2/2 att=670 ok=670 enomem=0 err=0 call_us[min/avg/max]=1317/1482/26313 okgap_max_us=26324
  16.034  BLASTC comp=687 exkBps=0 cgap_us[min/avg/max]=1374/1455/4035
  16.089  BLAST phy=2/2 att=687 ok=687 enomem=0 err=0 call_us[min/avg/max]=1207/1444/4025 okgap_max_us=4217
  16.090  t=14s RTT mean=0 min=0 max=0 n=0 to=0 | cancels=0(+0/s) seqbad=0 len_bad=0 disc=0(0x00) | tot_n=0 tot_to=0 maxever=0 >2ms=0 >5ms=0 >15ms=0 >20ms=0 >30ms=0 | probes=0 wrfail=0 down=1s maxout=1s
  17.997  BLASTC comp=685 exkBps=0 cgap_us[min/avg/max]=1387/1459/4035
  18.052  BLAST phy=2/2 att=685 ok=685 enomem=0 err=0 call_us[min/avg/max]=1315/1449/4026 okgap_max_us=4116
  18.052  t=15s RTT mean=0 min=0 max=0 n=0 to=0 | cancels=0(+0/s) seqbad=0 len_bad=0 disc=0(0x00) | tot_n=0 tot_to=0 maxever=0 >2ms=0 >5ms=0 >15ms=0 >20ms=0 >30ms=0 | probes=0 wrfail=0 down=1s maxout=1s
  18.052  BLASTC comp=682 exkBps=0 cgap_us[min/avg/max]=1389/1466/4035
  18.052  BLAST phy=2/2 att=682 ok=682 enomem=0 err=0 call_us[min/avg/max]=1325/1455/4025 okgap_max_us=4101
  18.106  t=16s RTT mean=0 min=0 max=0 n=0 to=0 | cancels=0(+0/s) seqbad=0 len_bad=0 disc=0(0x00) | tot_n=0 tot_to=0 maxever=0 >2ms=0 >5ms=0 >15ms=0 >20ms=0 >30ms=0 | probes=0 wrfail=0 down=1s maxout=1s
  20.044  BLASTC comp=682 exkBps=0 cgap_us[min/avg/max]=1388/1466/4034
  20.044  BLAST phy=2/2 att=682 ok=682 enomem=0 err=0 call_us[min/avg/max]=1321/1455/4025 okgap_max_us=4110
  20.044  t=17s RTT mean=0 min=0 max=0 n=0 to=0 | cancels=0(+0/s) seqbad=0 len_bad=0 disc=0(0x00) | tot_n=0 tot_to=0 maxever=0 >2ms=0 >5ms=0 >15ms=0 >20ms=0 >30ms=0 | probes=0 wrfail=0 down=1s maxout=1s
  20.044  BLASTC comp=685 exkBps=0 cgap_us[min/avg/max]=1389/1459/4034
  20.044  BLAST phy=2/2 att=685 ok=685 enomem=0 err=0 call_us[min/avg/max]=1325/1449/4025 okgap_max_us=4101
  20.099  t=18s RTT mean=0 min=0 max=0 n=0 to=0 | cancels=0(+0/s) seqbad=0 len_bad=0 disc=0(0x00) | tot_n=0 tot_to=0 maxever=0 >2ms=0 >5ms=0 >15ms=0 >20ms=0 >30ms=0 | probes=0 wrfail=0 down=1s maxout=1s
  22.045  BLASTC comp=650 exkBps=0 cgap_us[min/avg/max]=1387/1538/48609
  22.045  BLAST phy=2/2 att=650 ok=650 enomem=0 err=0 call_us[min/avg/max]=1323/1527/48599 okgap_max_us=48610
  22.045  t=19s RTT mean=0 min=0 max=0 n=0 to=0 | cancels=0(+0/s) seqbad=0 len_bad=0 disc=0(0x00) | tot_n=0 tot_to=0 maxever=0 >2ms=0 >5ms=0 >15ms=0 >20ms=0 >30ms=0 | probes=0 wrfail=0 down=1s maxout=1s
  22.045  BLASTC comp=683 exkBps=0 cgap_us[min/avg/max]=1389/1464/4035
  22.045  BLAST phy=2/2 att=683 ok=683 enomem=0 err=0 call_us[min/avg/max]=1325/1453/4025 okgap_max_us=4100
  22.096  t=20s RTT mean=0 min=0 max=0 n=0 to=0 | cancels=0(+0/s) seqbad=0 len_bad=0 disc=0(0x00) | tot_n=0 tot_to=0 maxever=0 >2ms=0 >5ms=0 >15ms=0 >20ms=0 >30ms=0 | probes=0 wrfail=0 down=1s maxout=1s
  24.041  BLASTC comp=639 exkBps=0 cgap_us[min/avg/max]=1388/1564/48609
  24.041  BLAST phy=2/2 att=639 ok=639 enomem=0 err=0 call_us[min/avg/max]=1322/1554/48599 okgap_max_us=48610
  24.041  t=21s RTT mean=0 min=0 max=0 n=0 to=0 | cancels=0(+0/s) seqbad=0 len_bad=0 disc=0(0x00) | tot_n=0 tot_to=0 maxever=0 >2ms=0 >5ms=0 >15ms=0 >20ms=0 >30ms=0 | probes=0 wrfail=0 down=1s maxout=1s
  24.041  BLASTC comp=684 exkBps=0 cgap_us[min/avg/max]=1386/1461/4035
  24.096  BLAST phy=2/2 att=684 ok=684 enomem=0 err=0 call_us[min/avg/max]=1327/1451/4025 okgap_max_us=4100
  24.096  t=22s RTT mean=0 min=0 max=0 n=0 to=0 | cancels=0(+0/s) seqbad=0 len_bad=0 disc=0(0x00) | tot_n=0 tot_to=0 maxever=0 >2ms=0 >5ms=0 >15ms=0 >20ms=0 >30ms=0 | probes=0 wrfail=0 down=1s maxout=1s
  26.048  BLASTC comp=682 exkBps=0 cgap_us[min/avg/max]=1387/1466/4034
  26.048  BLAST phy=2/2 att=682 ok=682 enomem=0 err=0 call_us[min/avg/max]=1303/1455/4024 okgap_max_us=4109
  26.048  t=23s RTT mean=0 min=0 max=0 n=0 to=0 | cancels=0(+0/s) seqbad=0 len_bad=0 disc=0(0x00) | tot_n=0 tot_to=0 maxever=0 >2ms=0 >5ms=0 >15ms=0 >20ms=0 >30ms=0 | probes=0 wrfail=0 down=1s maxout=1s
  26.048  BLASTC comp=677 exkBps=0 cgap_us[min/avg/max]=1389/1477/15176
  26.048  BLAST phy=2/2 att=677 ok=677 enomem=0 err=0 call_us[min/avg/max]=1315/1466/15166 okgap_max_us=15177
  26.103  t=24s RTT mean=0 min=0 max=0 n=0 to=0 | cancels=0(+0/s) seqbad=0 len_bad=0 disc=0(0x00) | tot_n=0 tot_to=0 maxever=0 >2ms=0 >5ms=0 >15ms=0 >20ms=0 >30ms=0 | probes=0 wrfail=0 down=1s maxout=1s
  27.999  BLASTC comp=683 exkBps=0 cgap_us[min/avg/max]=1387/1464/4036
  28.051  BLAST phy=2/2 att=683 ok=683 enomem=0 err=0 call_us[min/avg/max]=1312/1453/4025 okgap_max_us=4108
  28.051  t=25s RTT mean=0 min=0 max=0 n=0 to=0 | cancels=0(+0/s) seqbad=0 len_bad=0 disc=0(0x00) | tot_n=0 tot_to=0 maxever=0 >2ms=0 >5ms=0 >15ms=0 >20ms=0 >30ms=0 | probes=0 wrfail=0 down=1s maxout=1s
  28.051  BLASTC comp=682 exkBps=0 cgap_us[min/avg/max]=1389/1466/5430
  28.051  BLAST phy=2/2 att=682 ok=682 enomem=0 err=0 call_us[min/avg/max]=1315/1455/5420 okgap_max_us=5431
  28.106  t=26s RTT mean=0 min=0 max=0 n=0 to=0 | cancels=0(+0/s) seqbad=0 len_bad=0 disc=0(0x00) | tot_n=0 tot_to=0 maxever=0 >2ms=0 >5ms=0 >15ms=0 >20ms=0 >30ms=0 | probes=0 wrfail=0 down=1s maxout=1s
