   2.004  *** Booting nRF Connect SDK v3.4.0-99553055607b ***
   2.004  *** Using Zephyr OS v4.4.0-bf801e4e3d19 ***
   2.004  [00:23:32.335,333] [0m<inf> bt_sdc_hci_driver: SoftDevice Controller build revision:
   2.059                                              c8 da 30 98 f9 f0 34 a4  4b 6e ba d3 08 19 cc 0c |..0...4. Kn......
   2.059                                              ea 51 da 47                                      |.Q.G             [0m
   2.059  [00:23:32.336,552] [0m<inf> bt_hci_core: HW Platform: Nordic Semiconductor (0x0002)[0m
   2.059  [00:23:32.336,564] [0m<inf> bt_hci_core: HW Variant: nRF54Lx (0x0005)[0m
   2.059  [00:23:32.336,576] [0m<inf> bt_hci_core: Firmware: Standard Bluetooth controller (0x00) Version 200.12506 Build 888207768[0m
   2.059  [00:23:32.336,979] [0m<inf> bt_hci_core: HCI transport: SDC[0m
   2.110  [00:23:32.337,027] [0m<inf> bt_hci_core: Identity: D6:C7:60:B1:D3:0E (random)[0m
   2.110  [00:23:32.337,044] [0m<inf> bt_hci_core: HCI: version 6.3 (0x11) revision 0x3039, manufacturer 0x0059[0m
   2.110  [00:23:32.337,059] [0m<inf> bt_hci_core: LMP: version 6.3 (0x11) subver 0x3039[0m
   2.110  
   2.110  === nRF54L15 RTT ping-pong CENTRAL ===
   2.110  scan rc=0
   2.110  GAP connected interval=15000
   2.110  MTU err=0 mtu=247
   2.876  PHY tx=2 rx=2
   2.876  discovery start (post-PHY +500ms) interval=15000 phy2m=1
   2.876  SUBSCRIBED, vh=18
   2.876  BLAST: phy_update->2M rc=0
   2.876  BLAST first16_call_us: 122 116 118 118 119 118 118 118 111 52 59 49 49 49 48 49
   2.876  PHY tx=2 rx=2
   4.006  BLASTC comp=98 exkBps=0 cgap_us[min/avg/max]=127/1522/3831
   4.006  BLAST phy=2/2 att=108 ok=108 enomem=0 err=0 call_us[min/avg/max]=48/1357/3821 okgap_max_us=3832
   4.062  t=1s RTT mean=0 min=0 max=0 n=0 to=0 | cancels=0(+0/s) seqbad=0 len_bad=0 disc=0(0x00) | tot_n=0 tot_to=0 maxever=0 >2ms=0 >5ms=0 >15ms=0 >20ms=0 >30ms=0 | probes=0 wrfail=0 down=0s maxout=0s
   4.062  t=2s RTT mean=0 min=0 max=0 n=0 to=0 | cancels=0(+0/s) seqbad=0 len_bad=0 disc=0(0x00) | tot_n=0 tot_to=0 maxever=0 >2ms=0 >5ms=0 >15ms=0 >20ms=0 >30ms=0 | probes=0 wrfail=0 down=0s maxout=0s
   4.062  BLASTC comp=597 exkBps=0 cgap_us[min/avg/max]=1390/1676/3831
   4.062  BLAST phy=2/2 att=597 ok=597 enomem=0 err=0 call_us[min/avg/max]=1330/1665/3821 okgap_max_us=3831
   6.050  t=3s RTT mean=0 min=0 max=0 n=0 to=0 | cancels=0(+0/s) seqbad=0 len_bad=0 disc=0(0x00) | tot_n=0 tot_to=0 maxever=0 >2ms=0 >5ms=0 >15ms=0 >20ms=0 >30ms=0 | probes=0 wrfail=0 down=0s maxout=0s
   6.050  BLASTC comp=597 exkBps=0 cgap_us[min/avg/max]=1385/1676/3830
   6.050  BLAST phy=2/2 att=597 ok=597 enomem=0 err=0 call_us[min/avg/max]=1224/1665/3823 okgap_max_us=3831
   6.050  BLASTC comp=597 exkBps=0 cgap_us[min/avg/max]=1390/1672/3833
   6.050  BLAST phy=2/2 att=597 ok=597 enomem=0 err=0 call_us[min/avg/max]=1322/1661/3823 okgap_max_us=3892
   6.104  t=4s RTT mean=0 min=0 max=0 n=0 to=0 | cancels=0(+0/s) seqbad=0 len_bad=0 disc=0(0x00) | tot_n=0 tot_to=0 maxever=0 >2ms=0 >5ms=0 >15ms=0 >20ms=0 >30ms=0 | probes=0 wrfail=0 down=0s maxout=0s
   8.008  BLASTC comp=597 exkBps=0 cgap_us[min/avg/max]=1386/1676/3832
   8.008  BLAST phy=2/2 att=597 ok=597 enomem=0 err=0 call_us[min/avg/max]=1345/1665/3822 okgap_max_us=3833
   8.063  t=5s RTT mean=0 min=0 max=0 n=0 to=0 | cancels=0(+0/s) seqbad=0 len_bad=0 disc=0(0x00) | tot_n=0 tot_to=0 maxever=0 >2ms=0 >5ms=0 >15ms=0 >20ms=0 >30ms=0 | probes=0 wrfail=0 down=0s maxout=0s
   8.064  t=6s RTT mean=0 min=0 max=0 n=0 to=0 | cancels=0(+0/s) seqbad=0 len_bad=0 disc=0(0x00) | tot_n=0 tot_to=0 maxever=0 >2ms=0 >5ms=0 >15ms=0 >20ms=0 >30ms=0 | probes=0 wrfail=0 down=0s maxout=0s
   8.064  BLASTC comp=596 exkBps=0 cgap_us[min/avg/max]=1390/1679/5252
   8.064  BLAST phy=2/2 att=596 ok=596 enomem=0 err=0 call_us[min/avg/max]=1330/1668/5241 okgap_max_us=5252
  10.007  BLASTC comp=599 exkBps=0 cgap_us[min/avg/max]=1390/1666/3831
  10.007  BLAST phy=2/2 att=599 ok=599 enomem=0 err=0 call_us[min/avg/max]=1230/1655/3821 okgap_max_us=3990
  10.062  t=7s RTT mean=0 min=0 max=0 n=0 to=0 | cancels=0(+0/s) seqbad=0 len_bad=0 disc=0(0x00) | tot_n=0 tot_to=0 maxever=0 >2ms=0 >5ms=0 >15ms=0 >20ms=0 >30ms=0 | probes=0 wrfail=0 down=0s maxout=0s
  10.062  BLASTC comp=593 exkBps=0 cgap_us[min/avg/max]=1390/1687/9430
  10.062  BLAST phy=2/2 att=593 ok=593 enomem=0 err=0 call_us[min/avg/max]=1321/1676/9419 okgap_max_us=9430
  10.062  t=8s RTT mean=0 min=0 max=0 n=0 to=0 | cancels=0(+0/s) seqbad=0 len_bad=0 disc=0(0x00) | tot_n=0 tot_to=0 maxever=0 >2ms=0 >5ms=0 >15ms=0 >20ms=0 >30ms=0 | probes=0 wrfail=0 down=0s maxout=0s
  11.997  BLASTC comp=599 exkBps=0 cgap_us[min/avg/max]=1386/1670/3831
  12.052  BLAST phy=2/2 att=599 ok=599 enomem=0 err=0 call_us[min/avg/max]=1336/1659/3821 okgap_max_us=3831
  12.052  t=9s RTT mean=0 min=0 max=0 n=0 to=0 | cancels=0(+0/s) seqbad=0 len_bad=0 disc=0(0x00) | tot_n=0 tot_to=0 maxever=0 >2ms=0 >5ms=0 >15ms=0 >20ms=0 >30ms=0 | probes=0 wrfail=0 down=0s maxout=0s
  12.052  BLASTC comp=598 exkBps=0 cgap_us[min/avg/max]=1390/1669/3829
  12.052  BLAST phy=2/2 att=598 ok=598 enomem=0 err=0 call_us[min/avg/max]=1327/1658/3818 okgap_max_us=3888
  12.104  t=10s RTT mean=0 min=0 max=0 n=0 to=0 | cancels=0(+0/s) seqbad=0 len_bad=0 disc=0(0x00) | tot_n=0 tot_to=0 maxever=0 >2ms=0 >5ms=0 >15ms=0 >20ms=0 >30ms=0 | probes=0 wrfail=0 down=0s maxout=0s
  14.008  BLASTC comp=598 exkBps=0 cgap_us[min/avg/max]=1388/1673/3831
  14.009  BLAST phy=2/2 att=598 ok=598 enomem=0 err=0 call_us[min/avg/max]=1325/1662/3821 okgap_max_us=3831
  14.064  t=11s RTT mean=0 min=0 max=0 n=0 to=0 | cancels=0(+0/s) seqbad=0 len_bad=0 disc=0(0x00) | tot_n=0 tot_to=0 maxever=0 >2ms=0 >5ms=0 >15ms=0 >20ms=0 >30ms=0 | probes=0 wrfail=0 down=0s maxout=0s
  14.064  BLASTC comp=599 exkBps=0 cgap_us[min/avg/max]=1390/1670/3831
  14.064  BLAST phy=2/2 att=599 ok=599 enomem=0 err=0 call_us[min/avg/max]=1321/1659/3821 okgap_max_us=3831
  14.064  t=12s RTT mean=0 min=0 max=0 n=0 to=0 | cancels=0(+0/s) seqbad=0 len_bad=0 disc=0(0x00) | tot_n=0 tot_to=0 maxever=0 >2ms=0 >5ms=0 >15ms=0 >20ms=0 >30ms=0 | probes=0 wrfail=0 down=0s maxout=0s
  15.848  FSU: request [52..52] us (ACL both dirs, 1M+2M) rc=0
  15.848  FSU: updated status=0x00 spacing=70 us phys=0x3 types=0x3 initiator=0
  15.848  BLASTC comp=587 exkBps=0 cgap_us[min/avg/max]=1229/1701/18875
  15.903  BLAST phy=2/2 att=587 ok=587 enomem=0 err=0 call_us[min/avg/max]=1214/1690/18864 okgap_max_us=18875
  15.903  t=13s RTT mean=0 min=0 max=0 n=0 to=0 | cancels=0(+0/s) seqbad=0 len_bad=0 disc=0(0x00) | tot_n=0 tot_to=0 maxever=0 >2ms=0 >5ms=0 >15ms=0 >20ms=0 >30ms=0 | probes=0 wrfail=0 down=0s maxout=0s
  16.993  BLASTC comp=728 exkBps=0 cgap_us[min/avg/max]=1227/1373/2656
  17.048  BLAST phy=2/2 att=728 ok=728 enomem=0 err=0 call_us[min/avg/max]=1146/1362/2645 okgap_max_us=2656
  17.048  t=14s RTT mean=0 min=0 max=0 n=0 to=0 | cancels=0(+0/s) seqbad=0 len_bad=0 disc=0(0x00) | tot_n=0 tot_to=0 maxever=0 >2ms=0 >5ms=0 >15ms=0 >20ms=0 >30ms=0 | probes=0 wrfail=0 down=0s maxout=0s
  17.048  BLASTC comp=733 exkBps=0 cgap_us[min/avg/max]=1228/1366/2654
  17.048  BLAST phy=2/2 att=733 ok=733 enomem=0 err=0 call_us[min/avg/max]=1161/1355/2644 okgap_max_us=2654
  17.103  t=15s RTT mean=0 min=0 max=0 n=0 to=0 | cancels=0(+0/s) seqbad=0 len_bad=0 disc=0(0x00) | tot_n=0 tot_to=0 maxever=0 >2ms=0 >5ms=0 >15ms=0 >20ms=0 >30ms=0 | probes=0 wrfail=0 down=0s maxout=0s
  19.000  BLASTC comp=730 exkBps=0 cgap_us[min/avg/max]=1228/1367/2654
  19.000  BLAST phy=2/2 att=730 ok=730 enomem=0 err=0 call_us[min/avg/max]=1160/1357/2643 okgap_max_us=2705
  19.052  t=16s RTT mean=0 min=0 max=0 n=0 to=0 | cancels=0(+0/s) seqbad=0 len_bad=0 disc=0(0x00) | tot_n=0 tot_to=0 maxever=0 >2ms=0 >5ms=0 >15ms=0 >20ms=0 >30ms=0 | probes=0 wrfail=0 down=0s maxout=0s
  19.052  BLASTC comp=732 exkBps=0 cgap_us[min/avg/max]=1228/1366/2655
  19.052  BLAST phy=2/2 att=732 ok=732 enomem=0 err=0 call_us[min/avg/max]=1159/1355/2645 okgap_max_us=2655
  19.104  t=17s RTT mean=0 min=0 max=0 n=0 to=0 | cancels=0(+0/s) seqbad=0 len_bad=0 disc=0(0x00) | tot_n=0 tot_to=0 maxever=0 >2ms=0 >5ms=0 >15ms=0 >20ms=0 >30ms=0 | probes=0 wrfail=0 down=0s maxout=0s
  21.005  BLASTC comp=722 exkBps=0 cgap_us[min/avg/max]=1226/1386/17653
  21.005  BLAST phy=2/2 att=722 ok=722 enomem=0 err=0 call_us[min/avg/max]=1156/1376/17643 okgap_max_us=17654
  21.060  t=18s RTT mean=0 min=0 max=0 n=0 to=0 | cancels=0(+0/s) seqbad=0 len_bad=0 disc=0(0x00) | tot_n=0 tot_to=0 maxever=0 >2ms=0 >5ms=0 >15ms=0 >20ms=0 >30ms=0 | probes=0 wrfail=0 down=0s maxout=0s
  21.060  BLASTC comp=733 exkBps=0 cgap_us[min/avg/max]=1228/1362/2654
  21.060  BLAST phy=2/2 att=733 ok=733 enomem=0 err=0 call_us[min/avg/max]=1156/1351/2644 okgap_max_us=2706
  21.061  t=19s RTT mean=0 min=0 max=0 n=0 to=0 | cancels=0(+0/s) seqbad=0 len_bad=0 disc=0(0x00) | tot_n=0 tot_to=0 maxever=0 >2ms=0 >5ms=0 >15ms=0 >20ms=0 >30ms=0 | probes=0 wrfail=0 down=0s maxout=0s
  23.002  BLASTC comp=731 exkBps=0 cgap_us[min/avg/max]=1226/1368/2654
  23.002  BLAST phy=2/2 att=731 ok=731 enomem=0 err=0 call_us[min/avg/max]=1164/1357/2643 okgap_max_us=2654
  23.057  t=20s RTT mean=0 min=0 max=0 n=0 to=0 | cancels=0(+0/s) seqbad=0 len_bad=0 disc=0(0x00) | tot_n=0 tot_to=0 maxever=0 >2ms=0 >5ms=0 >15ms=0 >20ms=0 >30ms=0 | probes=0 wrfail=0 down=0s maxout=0s
  23.057  BLASTC comp=733 exkBps=0 cgap_us[min/avg/max]=1228/1366/2655
  23.057  BLAST phy=2/2 att=733 ok=733 enomem=0 err=0 call_us[min/avg/max]=1161/1355/2644 okgap_max_us=2655
  23.057  t=21s RTT mean=0 min=0 max=0 n=0 to=0 | cancels=0(+0/s) seqbad=0 len_bad=0 disc=0(0x00) | tot_n=0 tot_to=0 maxever=0 >2ms=0 >5ms=0 >15ms=0 >20ms=0 >30ms=0 | probes=0 wrfail=0 down=0s maxout=0s
  24.991  BLASTC comp=732 exkBps=0 cgap_us[min/avg/max]=1229/1364/2654
  25.046  BLAST phy=2/2 att=732 ok=732 enomem=0 err=0 call_us[min/avg/max]=1162/1353/2644 okgap_max_us=2704
  25.046  t=22s RTT mean=0 min=0 max=0 n=0 to=0 | cancels=0(+0/s) seqbad=0 len_bad=0 disc=0(0x00) | tot_n=0 tot_to=0 maxever=0 >2ms=0 >5ms=0 >15ms=0 >20ms=0 >30ms=0 | probes=0 wrfail=0 down=0s maxout=0s
  25.046  BLASTC comp=733 exkBps=0 cgap_us[min/avg/max]=1228/1364/2655
  25.046  BLAST phy=2/2 att=733 ok=733 enomem=0 err=0 call_us[min/avg/max]=1161/1353/2644 okgap_max_us=2655
  25.100  t=23s RTT mean=0 min=0 max=0 n=0 to=0 | cancels=0(+0/s) seqbad=0 len_bad=0 disc=0(0x00) | tot_n=0 tot_to=0 maxever=0 >2ms=0 >5ms=0 >15ms=0 >20ms=0 >30ms=0 | probes=0 wrfail=0 down=0s maxout=0s
  27.040  BLASTC comp=734 exkBps=0 cgap_us[min/avg/max]=1227/1364/2654
  27.040  BLAST phy=2/2 att=734 ok=734 enomem=0 err=0 call_us[min/avg/max]=1156/1353/2643 okgap_max_us=2654
  27.040  t=24s RTT mean=0 min=0 max=0 n=0 to=0 | cancels=0(+0/s) seqbad=0 len_bad=0 disc=0(0x00) | tot_n=0 tot_to=0 maxever=0 >2ms=0 >5ms=0 >15ms=0 >20ms=0 >30ms=0 | probes=0 wrfail=0 down=0s maxout=0s
  27.040  BLASTC comp=733 exkBps=0 cgap_us[min/avg/max]=1228/1362/2654
  27.040  BLAST phy=2/2 att=733 ok=733 enomem=0 err=0 call_us[min/avg/max]=1157/1351/2643 okgap_max_us=2706
  27.094  t=25s RTT mean=0 min=0 max=0 n=0 to=0 | cancels=0(+0/s) seqbad=0 len_bad=0 disc=0(0x00) | tot_n=0 tot_to=0 maxever=0 >2ms=0 >5ms=0 >15ms=0 >20ms=0 >30ms=0 | probes=0 wrfail=0 down=0s maxout=0s
  28.991  BLASTC comp=733 exkBps=0 cgap_us[min/avg/max]=1228/1364/2654
  29.046  BLAST phy=2/2 att=733 ok=733 enomem=0 err=0 call_us[min/avg/max]=1164/1353/2644 okgap_max_us=2655
  29.047  t=26s RTT mean=0 min=0 max=0 n=0 to=0 | cancels=0(+0/s) seqbad=0 len_bad=0 disc=0(0x00) | tot_n=0 tot_to=0 maxever=0 >2ms=0 >5ms=0 >15ms=0 >20ms=0 >30ms=0 | probes=0 wrfail=0 down=0s maxout=0s
  29.047  BLASTC comp=734 exkBps=0 cgap_us[min/avg/max]=1228/1364/2654
  29.047  BLAST phy=2/2 att=734 ok=734 enomem=0 err=0 call_us[min/avg/max]=1161/1353/2644 okgap_max_us=2654
  29.102  t=27s RTT mean=0 min=0 max=0 n=0 to=0 | cancels=0(+0/s) seqbad=0 len_bad=0 disc=0(0x00) | tot_n=0 tot_to=0 maxever=0 >2ms=0 >5ms=0 >15ms=0 >20ms=0 >30ms=0 | probes=0 wrfail=0 down=0s maxout=0s
