   1.933  *** Booting nRF Connect SDK v3.4.0-99553055607b ***
   1.934  *** Using Zephyr OS v4.4.0-bf801e4e3d19 ***
   1.934  [00:39:28.712,509] [0m<inf> bt_sdc_hci_driver: SoftDevice Controller build revision:
   1.988                                              c8 da 30 98 f9 f0 34 a4  4b 6e ba d3 08 19 cc 0c |..0...4. Kn......
   1.988                                              ea 51 da 47                                      |.Q.G             [0m
   1.988  [00:39:28.713,728] [0m<inf> bt_hci_core: HW Platform: Nordic Semiconductor (0x0002)[0m
   1.988  [00:39:28.713,740] [0m<inf> bt_hci_core: HW Variant: nRF54Lx (0x0005)[0m
   1.988  [00:39:28.713,752] [0m<inf> bt_hci_core: Firmware: Standard Bluetooth controller (0x00) Version 200.12506 Build 888207768[0m
   1.988  [00:39:28.714,155] [0m<inf> bt_hci_core: HCI transport: SDC[0m
   2.041  [00:39:28.714,203] [0m<inf> bt_hci_core: Identity: D6:C7:60:B1:D3:0E (random)[0m
   2.041  [00:39:28.714,220] [0m<inf> bt_hci_core: HCI: version 6.3 (0x11) revision 0x3039, manufacturer 0x0059[0m
   2.041  [00:39:28.714,235] [0m<inf> bt_hci_core: LMP: version 6.3 (0x11) subver 0x3039[0m
   2.041  
   2.041  === nRF54L15 RTT ping-pong CENTRAL ===
   2.041  scan rc=0
   2.041  GAP connected interval=50000
   3.062  MTU err=0 mtu=247
   3.117  PHY tx=2 rx=2
   3.117  t=1s RTT mean=0 min=0 max=0 n=0 to=0 | cancels=0(+0/s) seqbad=0 len_bad=0 disc=0(0x00) | tot_n=0 tot_to=0 maxever=0 >2ms=0 >5ms=0 >15ms=0 >20ms=0 >30ms=0 | probes=0 wrfail=0 down=1s maxout=1s
   3.491  discovery start (post-PHY +500ms) interval=50000 phy2m=1
   3.491  SUBSCRIBED, vh=18
   3.491  BLAST: phy_update->2M rc=0
   3.491  BLASTC comp=1 exkBps=0 cgap_us[min/avg/max]=4294967295/0/0
   3.491  BLAST phy=2/2 att=1 ok=1 enomem=0 err=0 call_us[min/avg/max]=122/122/122 okgap_max_us=0
   3.546  BLAST first16_call_us: 122 122 118 118 118 118 119 118 111 52 49 48 49 49 48 49
   4.583  PHY tx=2 rx=2
   4.583  BLASTC comp=287 exkBps=0 cgap_us[min/avg/max]=128/1555/41626
   4.583  BLAST phy=2/2 att=297 ok=297 enomem=0 err=0 call_us[min/avg/max]=48/1492/40947 okgap_max_us=40958
   4.636  t=2s RTT mean=0 min=0 max=0 n=0 to=0 | cancels=0(+0/s) seqbad=0 len_bad=0 disc=0(0x00) | tot_n=0 tot_to=0 maxever=0 >2ms=0 >5ms=0 >15ms=0 >20ms=0 >30ms=0 | probes=0 wrfail=0 down=1s maxout=1s
   5.933  BLASTC comp=683 exkBps=0 cgap_us[min/avg/max]=1387/1464/4034
   5.933  BLAST phy=2/2 att=683 ok=683 enomem=0 err=0 call_us[min/avg/max]=1334/1453/4023 okgap_max_us=4034
   5.984  t=3s RTT mean=0 min=0 max=0 n=0 to=0 | cancels=0(+0/s) seqbad=0 len_bad=0 disc=0(0x00) | tot_n=0 tot_to=0 maxever=0 >2ms=0 >5ms=0 >15ms=0 >20ms=0 >30ms=0 | probes=0 wrfail=0 down=1s maxout=1s
   5.984  BLASTC comp=685 exkBps=0 cgap_us[min/avg/max]=1389/1459/4034
   5.984  BLAST phy=2/2 att=685 ok=685 enomem=0 err=0 call_us[min/avg/max]=1330/1449/4023 okgap_max_us=4034
   6.039  t=4s RTT mean=0 min=0 max=0 n=0 to=0 | cancels=0(+0/s) seqbad=0 len_bad=0 disc=0(0x00) | tot_n=0 tot_to=0 maxever=0 >2ms=0 >5ms=0 >15ms=0 >20ms=0 >30ms=0 | probes=0 wrfail=0 down=1s maxout=1s
   7.928  BLASTC comp=685 exkBps=0 cgap_us[min/avg/max]=1385/1459/4034
   7.979  BLAST phy=2/2 att=685 ok=685 enomem=0 err=0 call_us[min/avg/max]=1325/1448/4023 okgap_max_us=4034
   7.979  t=5s RTT mean=0 min=0 max=0 n=0 to=0 | cancels=0(+0/s) seqbad=0 len_bad=0 disc=0(0x00) | tot_n=0 tot_to=0 maxever=0 >2ms=0 >5ms=0 >15ms=0 >20ms=0 >30ms=0 | probes=0 wrfail=0 down=1s maxout=1s
   7.979  BLASTC comp=681 exkBps=0 cgap_us[min/avg/max]=1385/1468/4034
   7.979  BLAST phy=2/2 att=681 ok=681 enomem=0 err=0 call_us[min/avg/max]=1310/1457/4023 okgap_max_us=4034
   8.033  t=6s RTT mean=0 min=0 max=0 n=0 to=0 | cancels=0(+0/s) seqbad=0 len_bad=0 disc=0(0x00) | tot_n=0 tot_to=0 maxever=0 >2ms=0 >5ms=0 >15ms=0 >20ms=0 >30ms=0 | probes=0 wrfail=0 down=1s maxout=1s
   9.927  BLASTC comp=659 exkBps=0 cgap_us[min/avg/max]=1387/1517/37465
   9.982  BLAST phy=2/2 att=659 ok=659 enomem=0 err=0 call_us[min/avg/max]=1314/1506/37454 okgap_max_us=37465
   9.982  t=7s RTT mean=0 min=0 max=0 n=0 to=0 | cancels=0(+0/s) seqbad=0 len_bad=0 disc=0(0x00) | tot_n=0 tot_to=0 maxever=0 >2ms=0 >5ms=0 >15ms=0 >20ms=0 >30ms=0 | probes=0 wrfail=0 down=1s maxout=1s
   9.982  BLASTC comp=683 exkBps=0 cgap_us[min/avg/max]=1389/1464/4033
   9.982  BLAST phy=2/2 att=683 ok=683 enomem=0 err=0 call_us[min/avg/max]=1322/1453/4023 okgap_max_us=4034
  10.037  t=8s RTT mean=0 min=0 max=0 n=0 to=0 | cancels=0(+0/s) seqbad=0 len_bad=0 disc=0(0x00) | tot_n=0 tot_to=0 maxever=0 >2ms=0 >5ms=0 >15ms=0 >20ms=0 >30ms=0 | probes=0 wrfail=0 down=1s maxout=1s
  11.923  BLASTC comp=684 exkBps=0 cgap_us[min/avg/max]=1387/1461/4034
  11.978  BLAST phy=2/2 att=684 ok=684 enomem=0 err=0 call_us[min/avg/max]=1313/1451/4023 okgap_max_us=4034
  11.978  t=9s RTT mean=0 min=0 max=0 n=0 to=0 | cancels=0(+0/s) seqbad=0 len_bad=0 disc=0(0x00) | tot_n=0 tot_to=0 maxever=0 >2ms=0 >5ms=0 >15ms=0 >20ms=0 >30ms=0 | probes=0 wrfail=0 down=1s maxout=1s
  11.978  BLASTC comp=676 exkBps=0 cgap_us[min/avg/max]=1389/1479/13785
  11.978  BLAST phy=2/2 att=676 ok=676 enomem=0 err=0 call_us[min/avg/max]=1321/1468/13774 okgap_max_us=13785
  12.030  t=10s RTT mean=0 min=0 max=0 n=0 to=0 | cancels=0(+0/s) seqbad=0 len_bad=0 disc=0(0x00) | tot_n=0 tot_to=0 maxever=0 >2ms=0 >5ms=0 >15ms=0 >20ms=0 >30ms=0 | probes=0 wrfail=0 down=1s maxout=1s
  13.966  BLASTC comp=662 exkBps=0 cgap_us[min/avg/max]=1386/1510/36073
  13.966  BLAST phy=2/2 att=662 ok=662 enomem=0 err=0 call_us[min/avg/max]=1313/1499/36062 okgap_max_us=36073
  13.966  t=11s RTT mean=0 min=0 max=0 n=0 to=0 | cancels=0(+0/s) seqbad=0 len_bad=0 disc=0(0x00) | tot_n=0 tot_to=0 maxever=0 >2ms=0 >5ms=0 >15ms=0 >20ms=0 >30ms=0 | probes=0 wrfail=0 down=1s maxout=1s
  13.966  BLASTC comp=681 exkBps=0 cgap_us[min/avg/max]=1389/1468/5421
  14.017  BLAST phy=2/2 att=681 ok=681 enomem=0 err=0 call_us[min/avg/max]=1321/1457/5410 okgap_max_us=5421
  14.017  t=12s RTT mean=0 min=0 max=0 n=0 to=0 | cancels=0(+0/s) seqbad=0 len_bad=0 disc=0(0x00) | tot_n=0 tot_to=0 maxever=0 >2ms=0 >5ms=0 >15ms=0 >20ms=0 >30ms=0 | probes=0 wrfail=0 down=1s maxout=1s
  15.922  BLASTC comp=669 exkBps=0 cgap_us[min/avg/max]=1389/1494/17963
  15.974  BLAST phy=2/2 att=669 ok=669 enomem=0 err=0 call_us[min/avg/max]=1313/1483/17945 okgap_max_us=17956
  15.974  t=13s RTT mean=0 min=0 max=0 n=0 to=0 | cancels=0(+0/s) seqbad=0 len_bad=0 disc=0(0x00) | tot_n=0 tot_to=0 maxever=0 >2ms=0 >5ms=0 >15ms=0 >20ms=0 >30ms=0 | probes=0 wrfail=0 down=1s maxout=1s
  15.974  FSU: request [52..52] us (ACL both dirs, 1M+2M) rc=0
  15.974  FSU: updated status=0x00 spacing=70 us phys=0x3 types=0x3 initiator=0
  15.974  BLASTC comp=609 exkBps=0 cgap_us[min/avg/max]=1229/1643/50065
  16.029  BLAST phy=2/2 att=609 ok=609 enomem=0 err=0 call_us[min/avg/max]=1215/1632/50025 okgap_max_us=50036
  16.030  t=14s RTT mean=0 min=0 max=0 n=0 to=0 | cancels=0(+0/s) seqbad=0 len_bad=0 disc=0(0x00) | tot_n=0 tot_to=0 maxever=0 >2ms=0 >5ms=0 >15ms=0 >20ms=0 >30ms=0 | probes=0 wrfail=0 down=1s maxout=1s
  17.951  BLASTC comp=779 exkBps=0 cgap_us[min/avg/max]=1228/1283/3157
  17.951  BLAST phy=2/2 att=779 ok=779 enomem=0 err=0 call_us[min/avg/max]=1163/1272/3147 okgap_max_us=3157
  17.951  t=15s RTT mean=0 min=0 max=0 n=0 to=0 | cancels=0(+0/s) seqbad=0 len_bad=0 disc=0(0x00) | tot_n=0 tot_to=0 maxever=0 >2ms=0 >5ms=0 >15ms=0 >20ms=0 >30ms=0 | probes=0 wrfail=0 down=1s maxout=1s
  18.003  BLASTC comp=777 exkBps=0 cgap_us[min/avg/max]=1228/1287/3157
  18.003  BLAST phy=2/2 att=777 ok=777 enomem=0 err=0 call_us[min/avg/max]=1161/1276/3146 okgap_max_us=3156
  18.003  t=16s RTT mean=0 min=0 max=0 n=0 to=0 | cancels=0(+0/s) seqbad=0 len_bad=0 disc=0(0x00) | tot_n=0 tot_to=0 maxever=0 >2ms=0 >5ms=0 >15ms=0 >20ms=0 >30ms=0 | probes=0 wrfail=0 down=1s maxout=1s
  19.958  BLASTC comp=779 exkBps=0 cgap_us[min/avg/max]=1226/1283/3157
  19.958  BLAST phy=2/2 att=779 ok=779 enomem=0 err=0 call_us[min/avg/max]=1154/1272/3146 okgap_max_us=3157
  19.958  t=17s RTT mean=0 min=0 max=0 n=0 to=0 | cancels=0(+0/s) seqbad=0 len_bad=0 disc=0(0x00) | tot_n=0 tot_to=0 maxever=0 >2ms=0 >5ms=0 >15ms=0 >20ms=0 >30ms=0 | probes=0 wrfail=0 down=1s maxout=1s
  19.958  BLASTC comp=739 exkBps=0 cgap_us[min/avg/max]=1227/1353/53128
  20.013  BLAST phy=2/2 att=739 ok=739 enomem=0 err=0 call_us[min/avg/max]=1161/1342/53117 okgap_max_us=53128
  20.013  t=18s RTT mean=0 min=0 max=0 n=0 to=0 | cancels=0(+0/s) seqbad=0 len_bad=0 disc=0(0x00) | tot_n=0 tot_to=0 maxever=0 >2ms=0 >5ms=0 >15ms=0 >20ms=0 >30ms=0 | probes=0 wrfail=0 down=1s maxout=1s
  21.962  BLASTC comp=779 exkBps=0 cgap_us[min/avg/max]=1226/1283/3157
  21.962  BLAST phy=2/2 att=779 ok=779 enomem=0 err=0 call_us[min/avg/max]=1118/1272/3146 okgap_max_us=3157
  21.962  t=19s RTT mean=0 min=0 max=0 n=0 to=0 | cancels=0(+0/s) seqbad=0 len_bad=0 disc=0(0x00) | tot_n=0 tot_to=0 maxever=0 >2ms=0 >5ms=0 >15ms=0 >20ms=0 >30ms=0 | probes=0 wrfail=0 down=1s maxout=1s
  21.962  BLASTC comp=764 exkBps=0 cgap_us[min/avg/max]=1229/1308/19178
  22.017  BLAST phy=2/2 att=764 ok=764 enomem=0 err=0 call_us[min/avg/max]=1161/1298/19168 okgap_max_us=19178
  22.017  t=20s RTT mean=0 min=0 max=0 n=0 to=0 | cancels=0(+0/s) seqbad=0 len_bad=0 disc=0(0x00) | tot_n=0 tot_to=0 maxever=0 >2ms=0 >5ms=0 >15ms=0 >20ms=0 >30ms=0 | probes=0 wrfail=0 down=1s maxout=1s
  23.960  BLASTC comp=778 exkBps=0 cgap_us[min/avg/max]=1224/1285/3157
  23.960  BLAST phy=2/2 att=778 ok=778 enomem=0 err=0 call_us[min/avg/max]=1155/1274/3146 okgap_max_us=3157
  23.960  t=21s RTT mean=0 min=0 max=0 n=0 to=0 | cancels=0(+0/s) seqbad=0 len_bad=0 disc=0(0x00) | tot_n=0 tot_to=0 maxever=0 >2ms=0 >5ms=0 >15ms=0 >20ms=0 >30ms=0 | probes=0 wrfail=0 down=1s maxout=1s
  23.960  BLASTC comp=739 exkBps=0 cgap_us[min/avg/max]=1228/1353/53119
  24.012  BLAST phy=2/2 att=739 ok=739 enomem=0 err=0 call_us[min/avg/max]=1161/1342/53109 okgap_max_us=53119
  24.012  t=22s RTT mean=0 min=0 max=0 n=0 to=0 | cancels=0(+0/s) seqbad=0 len_bad=0 disc=0(0x00) | tot_n=0 tot_to=0 maxever=0 >2ms=0 >5ms=0 >15ms=0 >20ms=0 >30ms=0 | probes=0 wrfail=0 down=1s maxout=1s
  25.964  BLASTC comp=779 exkBps=0 cgap_us[min/avg/max]=1225/1283/3157
  25.964  BLAST phy=2/2 att=779 ok=779 enomem=0 err=0 call_us[min/avg/max]=1153/1272/3146 okgap_max_us=3156
  25.964  t=23s RTT mean=0 min=0 max=0 n=0 to=0 | cancels=0(+0/s) seqbad=0 len_bad=0 disc=0(0x00) | tot_n=0 tot_to=0 maxever=0 >2ms=0 >5ms=0 >15ms=0 >20ms=0 >30ms=0 | probes=0 wrfail=0 down=1s maxout=1s
  25.964  BLASTC comp=742 exkBps=0 cgap_us[min/avg/max]=1228/1347/43838
  26.018  BLAST phy=2/2 att=742 ok=742 enomem=0 err=0 call_us[min/avg/max]=1161/1336/43828 okgap_max_us=43839
  26.018  t=24s RTT mean=0 min=0 max=0 n=0 to=0 | cancels=0(+0/s) seqbad=0 len_bad=0 disc=0(0x00) | tot_n=0 tot_to=0 maxever=0 >2ms=0 >5ms=0 >15ms=0 >20ms=0 >30ms=0 | probes=0 wrfail=0 down=1s maxout=1s
  27.967  BLASTC comp=776 exkBps=0 cgap_us[min/avg/max]=1226/1288/4381
  27.967  BLAST phy=2/2 att=776 ok=776 enomem=0 err=0 call_us[min/avg/max]=1154/1277/4371 okgap_max_us=4381
  27.967  t=25s RTT mean=0 min=0 max=0 n=0 to=0 | cancels=0(+0/s) seqbad=0 len_bad=0 disc=0(0x00) | tot_n=0 tot_to=0 maxever=0 >2ms=0 >5ms=0 >15ms=0 >20ms=0 >30ms=0 | probes=0 wrfail=0 down=1s maxout=1s
  27.967  BLASTC comp=779 exkBps=0 cgap_us[min/avg/max]=1221/1283/3157
  28.022  BLAST phy=2/2 att=779 ok=779 enomem=0 err=0 call_us[min/avg/max]=1159/1272/3146 okgap_max_us=3157
  28.022  t=26s RTT mean=0 min=0 max=0 n=0 to=0 | cancels=0(+0/s) seqbad=0 len_bad=0 disc=0(0x00) | tot_n=0 tot_to=0 maxever=0 >2ms=0 >5ms=0 >15ms=0 >20ms=0 >30ms=0 | probes=0 wrfail=0 down=1s maxout=1s
  29.969  BLASTC comp=777 exkBps=0 cgap_us[min/avg/max]=1226/1287/3157
  29.969  BLAST phy=2/2 att=777 ok=777 enomem=0 err=0 call_us[min/avg/max]=1120/1276/3146 okgap_max_us=3157
  29.969  t=27s RTT mean=0 min=0 max=0 n=0 to=0 | cancels=0(+0/s) seqbad=0 len_bad=0 disc=0(0x00) | tot_n=0 tot_to=0 maxever=0 >2ms=0 >5ms=0 >15ms=0 >20ms=0 >30ms=0 | probes=0 wrfail=0 down=1s maxout=1s
  29.969  BLASTC comp=779 exkBps=0 cgap_us[min/avg/max]=1229/1283/3157
  29.969  BLAST phy=2/2 att=779 ok=779 enomem=0 err=0 call_us[min/avg/max]=1161/1272/3146 okgap_max_us=3157
