   2.008  *** Booting nRF Connect SDK v3.4.0-99553055607b ***
   2.008  *** Using Zephyr OS v4.4.0-bf801e4e3d19 ***
   2.061  [01:01:07.069,158] [0m<inf> bt_sdc_hci_driver: SoftDevice Controller build revision:
   2.061                                              c8 da 30 98 f9 f0 34 a4  4b 6e ba d3 08 19 cc 0c |..0...4. Kn......
   2.061                                              ea 51 da 47                                      |.Q.G             [0m
   2.061  [01:01:07.070,300] [0m<inf> bt_hci_core: HW Platform: Nordic Semiconductor (0x0002)[0m
   2.061  [01:01:07.070,314] [0m<inf> bt_hci_core: HW Variant: nRF54Lx (0x0005)[0m
   2.061  [01:01:07.070,325] [0m<inf> bt_hci_core: Firmware: Standard Bluetooth controller (0x00) Version 200.12506 Build 888207768[0m
   2.116  [01:01:07.070,727] [0m<inf> bt_hci_core: HCI transport: SDC[0m
   2.116  [01:01:07.070,776] [0m<inf> bt_hci_core: Identity: D6:C7:60:B1:D3:0E (random)[0m
   2.116  [01:01:07.070,793] [0m<inf> bt_hci_core: HCI: version 6.3 (0x11) revision 0x3039, manufacturer 0x0059[0m
   2.116  [01:01:07.070,808] [0m<inf> bt_hci_core: LMP: version 6.3 (0x11) subver 0x3039[0m
   2.116  
   2.116  === nRF54L15 RTT ping-pong CENTRAL ===
   2.116  scan rc=0
   3.150  GAP connected interval=50000
   3.151  MTU err=0 mtu=247
   3.151  PHY tx=2 rx=2
   3.151  t=1s RTT mean=0 min=0 max=0 n=0 to=0 | cancels=0(+0/s) seqbad=0 len_bad=0 disc=0(0x00) | tot_n=0 tot_to=0 maxever=0 >2ms=0 >5ms=0 >15ms=0 >20ms=0 >30ms=0 | probes=0 wrfail=0 down=1s maxout=1s
   3.688  discovery start (post-PHY +500ms) interval=50000 phy2m=1
   3.688  SUBSCRIBED, vh=18
   3.688  BLAST: phy_update->2M rc=0
   3.688  BLASTC comp=1 exkBps=0 cgap_us[min/avg/max]=4294967295/0/0
   3.688  BLAST phy=2/2 att=1 ok=1 enomem=0 err=0 call_us[min/avg/max]=123/123/123 okgap_max_us=0
   3.688  BLAST first16_call_us: 123 122 118 193 145 238 121 118 119 112 57 55 54 54 54 54
   4.720  PHY tx=2 rx=2
   4.720  BLASTC comp=250 exkBps=0 cgap_us[min/avg/max]=128/1386/4033
   4.720  BLAST phy=2/2 att=260 ok=260 enomem=0 err=0 call_us[min/avg/max]=54/1321/4023 okgap_max_us=4034
   4.775  t=2s RTT mean=0 min=0 max=0 n=0 to=0 | cancels=0(+0/s) seqbad=0 len_bad=0 disc=0(0x00) | tot_n=0 tot_to=0 maxever=0 >2ms=0 >5ms=0 >15ms=0 >20ms=0 >30ms=0 | probes=0 wrfail=0 down=1s maxout=1s
   6.017  BLASTC comp=684 exkBps=0 cgap_us[min/avg/max]=1387/1461/4043
   6.017  BLAST phy=2/2 att=684 ok=684 enomem=0 err=0 call_us[min/avg/max]=1336/1451/4039 okgap_max_us=4050
   6.071  t=3s RTT mean=0 min=0 max=0 n=0 to=0 | cancels=0(+0/s) seqbad=0 len_bad=0 disc=0(0x00) | tot_n=0 tot_to=0 maxever=0 >2ms=0 >5ms=0 >15ms=0 >20ms=0 >30ms=0 | probes=0 wrfail=0 down=1s maxout=1s
   6.071  BLASTC comp=663 exkBps=0 cgap_us[min/avg/max]=1389/1508/24927
   6.071  BLAST phy=2/2 att=663 ok=663 enomem=0 err=0 call_us[min/avg/max]=1331/1497/24918 okgap_max_us=24928
   6.071  t=4s RTT mean=0 min=0 max=0 n=0 to=0 | cancels=0(+0/s) seqbad=0 len_bad=0 disc=0(0x00) | tot_n=0 tot_to=0 maxever=0 >2ms=0 >5ms=0 >15ms=0 >20ms=0 >30ms=0 | probes=0 wrfail=0 down=1s maxout=1s
   8.016  BLASTC comp=644 exkBps=0 cgap_us[min/avg/max]=1388/1552/40252
   8.016  BLAST phy=2/2 att=644 ok=644 enomem=0 err=0 call_us[min/avg/max]=1326/1542/40241 okgap_max_us=40251
   8.071  t=5s RTT mean=0 min=0 max=0 n=0 to=0 | cancels=0(+0/s) seqbad=0 len_bad=0 disc=0(0x00) | tot_n=0 tot_to=0 maxever=0 >2ms=0 >5ms=0 >15ms=0 >20ms=0 >30ms=0 | probes=0 wrfail=0 down=1s maxout=1s
   8.071  BLASTC comp=648 exkBps=0 cgap_us[min/avg/max]=1389/1543/49998
   8.071  BLAST phy=2/2 att=648 ok=648 enomem=0 err=0 call_us[min/avg/max]=1330/1532/49987 okgap_max_us=49997
   8.071  t=6s RTT mean=0 min=0 max=0 n=0 to=0 | cancels=0(+0/s) seqbad=0 len_bad=0 disc=0(0x00) | tot_n=0 tot_to=0 maxever=0 >2ms=0 >5ms=0 >15ms=0 >20ms=0 >30ms=0 | probes=0 wrfail=0 down=1s maxout=1s
  10.019  BLASTC comp=634 exkBps=0 cgap_us[min/avg/max]=1387/1577/33286
  10.019  BLAST phy=2/2 att=634 ok=634 enomem=0 err=0 call_us[min/avg/max]=1329/1566/33276 okgap_max_us=33287
  10.074  t=7s RTT mean=0 min=0 max=0 n=0 to=0 | cancels=0(+0/s) seqbad=0 len_bad=0 disc=0(0x00) | tot_n=0 tot_to=0 maxever=0 >2ms=0 >5ms=0 >15ms=0 >20ms=0 >30ms=0 | probes=0 wrfail=0 down=1s maxout=1s
  10.074  BLASTC comp=624 exkBps=0 cgap_us[min/avg/max]=1389/1602/41645
  10.074  BLAST phy=2/2 att=624 ok=624 enomem=0 err=0 call_us[min/avg/max]=1376/1591/41635 okgap_max_us=41645
  10.074  t=8s RTT mean=0 min=0 max=0 n=0 to=0 | cancels=0(+0/s) seqbad=0 len_bad=0 disc=0(0x00) | tot_n=0 tot_to=0 maxever=0 >2ms=0 >5ms=0 >15ms=0 >20ms=0 >30ms=0 | probes=0 wrfail=0 down=1s maxout=1s
  12.028  BLASTC comp=683 exkBps=0 cgap_us[min/avg/max]=1388/1464/4037
  12.028  BLAST phy=2/2 att=683 ok=683 enomem=0 err=0 call_us[min/avg/max]=1316/1453/4033 okgap_max_us=4043
  12.083  t=9s RTT mean=0 min=0 max=0 n=0 to=0 | cancels=0(+0/s) seqbad=0 len_bad=0 disc=0(0x00) | tot_n=0 tot_to=0 maxever=0 >2ms=0 >5ms=0 >15ms=0 >20ms=0 >30ms=0 | probes=0 wrfail=0 down=1s maxout=1s
  12.083  BLASTC comp=682 exkBps=0 cgap_us[min/avg/max]=1389/1466/9611
  12.083  BLAST phy=2/2 att=682 ok=682 enomem=0 err=0 call_us[min/avg/max]=1320/1455/9601 okgap_max_us=9611
  12.083  t=10s RTT mean=0 min=0 max=0 n=0 to=0 | cancels=0(+0/s) seqbad=0 len_bad=0 disc=0(0x00) | tot_n=0 tot_to=0 maxever=0 >2ms=0 >5ms=0 >15ms=0 >20ms=0 >30ms=0 | probes=0 wrfail=0 down=1s maxout=1s
  14.012  BLASTC comp=667 exkBps=0 cgap_us[min/avg/max]=1389/1499/19356
  14.012  BLAST phy=2/2 att=667 ok=667 enomem=0 err=0 call_us[min/avg/max]=1317/1488/19346 okgap_max_us=19357
  14.067  t=11s RTT mean=0 min=0 max=0 n=0 to=0 | cancels=0(+0/s) seqbad=0 len_bad=0 disc=0(0x00) | tot_n=0 tot_to=0 maxever=0 >2ms=0 >5ms=0 >15ms=0 >20ms=0 >30ms=0 | probes=0 wrfail=0 down=1s maxout=1s
  14.067  BLASTC comp=684 exkBps=0 cgap_us[min/avg/max]=1389/1461/4034
  14.067  BLAST phy=2/2 att=684 ok=684 enomem=0 err=0 call_us[min/avg/max]=1319/1451/4030 okgap_max_us=4041
  14.067  t=12s RTT mean=0 min=0 max=0 n=0 to=0 | cancels=0(+0/s) seqbad=0 len_bad=0 disc=0(0x00) | tot_n=0 tot_to=0 maxever=0 >2ms=0 >5ms=0 >15ms=0 >20ms=0 >30ms=0 | probes=0 wrfail=0 down=1s maxout=1s
  16.003  BLASTC comp=666 exkBps=0 cgap_us[min/avg/max]=1387/1501/33284
  16.058  BLAST phy=2/2 att=666 ok=666 enomem=0 err=0 call_us[min/avg/max]=1315/1490/33273 okgap_max_us=33284
  16.058  t=13s RTT mean=0 min=0 max=0 n=0 to=0 | cancels=0(+0/s) seqbad=0 len_bad=0 disc=0(0x00) | tot_n=0 tot_to=0 maxever=0 >2ms=0 >5ms=0 >15ms=0 >20ms=0 >30ms=0 | probes=0 wrfail=0 down=1s maxout=1s
  16.058  BLASTC comp=652 exkBps=0 cgap_us[min/avg/max]=1389/1533/48609
  16.058  BLAST phy=2/2 att=652 ok=652 enomem=0 err=0 call_us[min/avg/max]=1319/1522/48599 okgap_max_us=48610
  16.110  t=14s RTT mean=0 min=0 max=0 n=0 to=0 | cancels=0(+0/s) seqbad=0 len_bad=0 disc=0(0x00) | tot_n=0 tot_to=0 maxever=0 >2ms=0 >5ms=0 >15ms=0 >20ms=0 >30ms=0 | probes=0 wrfail=0 down=1s maxout=1s
  18.006  BLASTC comp=685 exkBps=0 cgap_us[min/avg/max]=1386/1459/4037
  18.062  BLAST phy=2/2 att=685 ok=685 enomem=0 err=0 call_us[min/avg/max]=1315/1449/4033 okgap_max_us=4043
  18.062  t=15s RTT mean=0 min=0 max=0 n=0 to=0 | cancels=0(+0/s) seqbad=0 len_bad=0 disc=0(0x00) | tot_n=0 tot_to=0 maxever=0 >2ms=0 >5ms=0 >15ms=0 >20ms=0 >30ms=0 | probes=0 wrfail=0 down=1s maxout=1s
  18.062  BLASTC comp=652 exkBps=0 cgap_us[min/avg/max]=1389/1533/41645
  18.062  BLAST phy=2/2 att=652 ok=652 enomem=0 err=0 call_us[min/avg/max]=1320/1523/41634 okgap_max_us=41645
  18.117  t=16s RTT mean=0 min=0 max=0 n=0 to=0 | cancels=0(+0/s) seqbad=0 len_bad=0 disc=0(0x00) | tot_n=0 tot_to=0 maxever=0 >2ms=0 >5ms=0 >15ms=0 >20ms=0 >30ms=0 | probes=0 wrfail=0 down=1s maxout=1s
  20.018  BLASTC comp=682 exkBps=0 cgap_us[min/avg/max]=1388/1466/10997
  20.018  BLAST phy=2/2 att=682 ok=682 enomem=0 err=0 call_us[min/avg/max]=1317/1455/10987 okgap_max_us=10998
  20.073  t=17s RTT mean=0 min=0 max=0 n=0 to=0 | cancels=0(+0/s) seqbad=0 len_bad=0 disc=0(0x00) | tot_n=0 tot_to=0 maxever=0 >2ms=0 >5ms=0 >15ms=0 >20ms=0 >30ms=0 | probes=0 wrfail=0 down=1s maxout=1s
  20.073  BLASTC comp=663 exkBps=0 cgap_us[min/avg/max]=1389/1508/38859
  20.073  BLAST phy=2/2 att=663 ok=663 enomem=0 err=0 call_us[min/avg/max]=1320/1497/38848 okgap_max_us=38858
  20.073  t=18s RTT mean=0 min=0 max=0 n=0 to=0 | cancels=0(+0/s) seqbad=0 len_bad=0 disc=0(0x00) | tot_n=0 tot_to=0 maxever=0 >2ms=0 >5ms=0 >15ms=0 >20ms=0 >30ms=0 | probes=0 wrfail=0 down=1s maxout=1s
  22.021  BLASTC comp=686 exkBps=0 cgap_us[min/avg/max]=1387/1457/4035
  22.021  BLAST phy=2/2 att=686 ok=686 enomem=0 err=0 call_us[min/avg/max]=1315/1447/4032 okgap_max_us=4042
  22.077  t=19s RTT mean=0 min=0 max=0 n=0 to=0 | cancels=0(+0/s) seqbad=0 len_bad=0 disc=0(0x00) | tot_n=0 tot_to=0 maxever=0 >2ms=0 >5ms=0 >15ms=0 >20ms=0 >30ms=0 | probes=0 wrfail=0 down=1s maxout=1s
  22.077  BLASTC comp=683 exkBps=0 cgap_us[min/avg/max]=1389/1464/4041
  22.077  BLAST phy=2/2 att=683 ok=683 enomem=0 err=0 call_us[min/avg/max]=1319/1453/4031 okgap_max_us=4042
  22.077  t=20s RTT mean=0 min=0 max=0 n=0 to=0 | cancels=0(+0/s) seqbad=0 len_bad=0 disc=0(0x00) | tot_n=0 tot_to=0 maxever=0 >2ms=0 >5ms=0 >15ms=0 >20ms=0 >30ms=0 | probes=0 wrfail=0 down=1s maxout=1s
  24.007  BLASTC comp=672 exkBps=0 cgap_us[min/avg/max]=1387/1488/23534
  24.059  BLAST phy=2/2 att=672 ok=672 enomem=0 err=0 call_us[min/avg/max]=1316/1477/23524 okgap_max_us=23535
  24.059  t=21s RTT mean=0 min=0 max=0 n=0 to=0 | cancels=0(+0/s) seqbad=0 len_bad=0 disc=0(0x00) | tot_n=0 tot_to=0 maxever=0 >2ms=0 >5ms=0 >15ms=0 >20ms=0 >30ms=0 | probes=0 wrfail=0 down=1s maxout=1s
  24.059  BLASTC comp=664 exkBps=0 cgap_us[min/avg/max]=1389/1506/24923
  24.059  BLAST phy=2/2 att=664 ok=664 enomem=0 err=0 call_us[min/avg/max]=1319/1495/24914 okgap_max_us=24924
  24.112  t=22s RTT mean=0 min=0 max=0 n=0 to=0 | cancels=0(+0/s) seqbad=0 len_bad=0 disc=0(0x00) | tot_n=0 tot_to=0 maxever=0 >2ms=0 >5ms=0 >15ms=0 >20ms=0 >30ms=0 | probes=0 wrfail=0 down=1s maxout=1s
  26.003  BLASTC comp=649 exkBps=0 cgap_us[min/avg/max]=1388/1540/33288
  26.057  BLAST phy=2/2 att=649 ok=649 enomem=0 err=0 call_us[min/avg/max]=1316/1530/33278 okgap_max_us=33289
  26.057  t=23s RTT mean=0 min=0 max=0 n=0 to=0 | cancels=0(+0/s) seqbad=0 len_bad=0 disc=0(0x00) | tot_n=0 tot_to=0 maxever=0 >2ms=0 >5ms=0 >15ms=0 >20ms=0 >30ms=0 | probes=0 wrfail=0 down=1s maxout=1s
  26.057  BLASTC comp=667 exkBps=0 cgap_us[min/avg/max]=1389/1499/16575
  26.057  BLAST phy=2/2 att=667 ok=667 enomem=0 err=0 call_us[min/avg/max]=1320/1488/16565 okgap_max_us=16576
  26.112  t=24s RTT mean=0 min=0 max=0 n=0 to=0 | cancels=0(+0/s) seqbad=0 len_bad=0 disc=0(0x00) | tot_n=0 tot_to=0 maxever=0 >2ms=0 >5ms=0 >15ms=0 >20ms=0 >30ms=0 | probes=0 wrfail=0 down=1s maxout=1s
  28.051  BLASTC comp=684 exkBps=0 cgap_us[min/avg/max]=1388/1461/4036
  28.051  BLAST phy=2/2 att=684 ok=684 enomem=0 err=0 call_us[min/avg/max]=1315/1451/4032 okgap_max_us=4042
  28.051  t=25s RTT mean=0 min=0 max=0 n=0 to=0 | cancels=0(+0/s) seqbad=0 len_bad=0 disc=0(0x00) | tot_n=0 tot_to=0 maxever=0 >2ms=0 >5ms=0 >15ms=0 >20ms=0 >30ms=0 | probes=0 wrfail=0 down=1s maxout=1s
  28.051  BLASTC comp=682 exkBps=0 cgap_us[min/avg/max]=1387/1466/4039
  28.051  BLAST phy=2/2 att=682 ok=682 enomem=0 err=0 call_us[min/avg/max]=1320/1455/4032 okgap_max_us=4043
  28.104  t=26s RTT mean=0 min=0 max=0 n=0 to=0 | cancels=0(+0/s) seqbad=0 len_bad=0 disc=0(0x00) | tot_n=0 tot_to=0 maxever=0 >2ms=0 >5ms=0 >15ms=0 >20ms=0 >30ms=0 | probes=0 wrfail=0 down=1s maxout=1s
