   1.685  *** Booting nRF Connect SDK v3.4.0-99553055607b ***
   1.740  *** Using Zephyr OS v4.4.0-bf801e4e3d19 ***
   1.740  [00:12:46.483,275] [0m<inf> bt_sdc_hci_driver: SoftDevice Controller build revision:
   1.740                                              c8 da 30 98 f9 f0 34 a4  4b 6e ba d3 08 19 cc 0c |..0...4. Kn......
   1.740                                              ea 51 da 47                                      |.Q.G             [0m
   1.740  [00:12:46.484,059] [1;33m<wrn> bt_hci_core: Num of Controller's ACL packets != ACL bt_conn_tx contexts (10 != 3)[0m
   1.740  [00:12:46.484,701] [0m<inf> bt_hci_core: HW Platform: Nordic Semiconductor (0x0002)[0m
   1.740  [00:12:46.484,713] [0m<inf> bt_hci_core: HW Variant: nRF54Lx (0x0005)[0m
   1.790  [00:12:46.484,723] [0m<inf> bt_hci_core: Firmware: Standard Bluetooth controller (0x00) Version 200.12506 Build 888207768[0m
   1.790  [00:12:46.485,114] [0m<inf> bt_hci_core: HCI transport: SDC[0m
   1.791  [00:12:46.485,159] [0m<inf> bt_hci_core: Identity: FC:BE:FF:FA:E6:8B (random)[0m
   1.791  [00:12:46.485,176] [0m<inf> bt_hci_core: HCI: version 6.3 (0x11) revision 0x3039, manufacturer 0x0059[0m
   1.791  [00:12:46.485,191] [0m<inf> bt_hci_core: LMP: version 6.3 (0x11) subver 0x3039[0m
   1.791  
   1.791  === nRF54L15 RTT ping-pong PERIPHERAL (echo) ===
   1.791  advertising
   2.978  GAP connected interval=37500
   2.978  PHY tx=2 rx=2
   2.978  P t=1s rxkBps=0 blkkBps=0 pongs=0(+0/s) cancels=0(+0/s) notify=0 disc=0(0x00) | echo rx=0 tx=0 pend=0 stale=0
   4.285  CCC: notify ENABLED
   4.285  P t=2s rxkBps=72 blkkBps=0 pongs=304(+304/s) cancels=0(+0/s) notify=1 disc=0(0x00) | echo rx=0 tx=0 pend=0 stale=0
   5.694  P t=3s rxkBps=164 blkkBps=0 pongs=994(+690/s) cancels=0(+0/s) notify=1 disc=0(0x00) | echo rx=0 tx=0 pend=0 stale=0
   5.749  P t=4s rxkBps=164 blkkBps=0 pongs=1685(+691/s) cancels=0(+0/s) notify=1 disc=0(0x00) | echo rx=0 tx=0 pend=0 stale=0
   7.702  P t=5s rxkBps=164 blkkBps=0 pongs=2374(+689/s) cancels=0(+0/s) notify=1 disc=0(0x00) | echo rx=0 tx=0 pend=0 stale=0
   7.702  P t=6s rxkBps=163 blkkBps=0 pongs=3060(+686/s) cancels=0(+0/s) notify=1 disc=0(0x00) | echo rx=0 tx=0 pend=0 stale=0
   9.703  P t=7s rxkBps=164 blkkBps=0 pongs=3751(+691/s) cancels=0(+0/s) notify=1 disc=0(0x00) | echo rx=0 tx=0 pend=0 stale=0
   9.703  P t=8s rxkBps=162 blkkBps=0 pongs=4434(+683/s) cancels=0(+0/s) notify=1 disc=0(0x00) | echo rx=0 tx=0 pend=0 stale=0
  11.700  P t=9s rxkBps=163 blkkBps=0 pongs=5119(+685/s) cancels=0(+0/s) notify=1 disc=0(0x00) | echo rx=0 tx=0 pend=0 stale=0
  11.756  P t=10s rxkBps=164 blkkBps=0 pongs=5810(+691/s) cancels=0(+0/s) notify=1 disc=0(0x00) | echo rx=0 tx=0 pend=0 stale=0
  13.701  P t=11s rxkBps=164 blkkBps=0 pongs=6501(+691/s) cancels=0(+0/s) notify=1 disc=0(0x00) | echo rx=0 tx=0 pend=0 stale=0
  13.756  P t=12s rxkBps=165 blkkBps=0 pongs=7194(+693/s) cancels=0(+0/s) notify=1 disc=0(0x00) | echo rx=0 tx=0 pend=0 stale=0
  15.706  P t=13s rxkBps=158 blkkBps=0 pongs=7860(+666/s) cancels=0(+0/s) notify=1 disc=0(0x00) | echo rx=0 tx=0 pend=0 stale=0
  15.706  P t=14s rxkBps=153 blkkBps=0 pongs=8503(+643/s) cancels=0(+0/s) notify=1 disc=0(0x00) | echo rx=0 tx=0 pend=0 stale=0
  17.717  P t=15s rxkBps=182 blkkBps=0 pongs=9267(+764/s) cancels=0(+0/s) notify=1 disc=0(0x00) | echo rx=0 tx=0 pend=0 stale=0
  17.717  P t=16s rxkBps=183 blkkBps=0 pongs=10036(+769/s) cancels=0(+0/s) notify=1 disc=0(0x00) | echo rx=0 tx=0 pend=0 stale=0
  19.713  P t=17s rxkBps=183 blkkBps=0 pongs=10806(+770/s) cancels=0(+0/s) notify=1 disc=0(0x00) | echo rx=0 tx=0 pend=0 stale=0
  19.713  P t=18s rxkBps=183 blkkBps=0 pongs=11577(+771/s) cancels=0(+0/s) notify=1 disc=0(0x00) | echo rx=0 tx=0 pend=0 stale=0
  21.717  P t=19s rxkBps=177 blkkBps=0 pongs=12320(+743/s) cancels=0(+0/s) notify=1 disc=0(0x00) | echo rx=0 tx=0 pend=0 stale=0
  21.717  P t=20s rxkBps=182 blkkBps=0 pongs=13086(+766/s) cancels=0(+0/s) notify=1 disc=0(0x00) | echo rx=0 tx=0 pend=0 stale=0
  23.720  P t=21s rxkBps=183 blkkBps=0 pongs=13858(+772/s) cancels=0(+0/s) notify=1 disc=0(0x00) | echo rx=0 tx=0 pend=0 stale=0
  23.721  P t=22s rxkBps=183 blkkBps=0 pongs=14628(+770/s) cancels=0(+0/s) notify=1 disc=0(0x00) | echo rx=0 tx=0 pend=0 stale=0
  25.707  P t=23s rxkBps=184 blkkBps=0 pongs=15401(+773/s) cancels=0(+0/s) notify=1 disc=0(0x00) | echo rx=0 tx=0 pend=0 stale=0
  25.707  P t=24s rxkBps=183 blkkBps=0 pongs=16173(+772/s) cancels=0(+0/s) notify=1 disc=0(0x00) | echo rx=0 tx=0 pend=0 stale=0
  27.711  P t=25s rxkBps=176 blkkBps=0 pongs=16915(+742/s) cancels=0(+0/s) notify=1 disc=0(0x00) | echo rx=0 tx=0 pend=0 stale=0
  27.711  P t=26s rxkBps=183 blkkBps=0 pongs=17686(+771/s) cancels=0(+0/s) notify=1 disc=0(0x00) | echo rx=0 tx=0 pend=0 stale=0
  29.701  P t=27s rxkBps=181 blkkBps=0 pongs=18449(+763/s) cancels=0(+0/s) notify=1 disc=0(0x00) | echo rx=0 tx=0 pend=0 stale=0
  29.757  P t=28s rxkBps=184 blkkBps=0 pongs=19222(+773/s) cancels=0(+0/s) notify=1 disc=0(0x00) | echo rx=0 tx=0 pend=0 stale=0
