   1.717  *** Booting nRF Connect SDK v3.4.0-99553055607b ***
   1.717  *** Using Zephyr OS v4.4.0-bf801e4e3d19 ***
   1.717  [00:52:03.002,523] [0m<inf> bt_sdc_hci_driver: SoftDevice Controller build revision:
   1.717                                              c8 da 30 98 f9 f0 34 a4  4b 6e ba d3 08 19 cc 0c |..0...4. Kn......
   1.717                                              ea 51 da 47                                      |.Q.G             [0m
   1.771  [00:52:03.003,316] [1;33m<wrn> bt_hci_core: Num of Controller's ACL packets != ACL bt_conn_tx contexts (10 != 3)[0m
   1.771  [00:52:03.003,967] [0m<inf> bt_hci_core: HW Platform: Nordic Semiconductor (0x0002)[0m
   1.771  [00:52:03.003,978] [0m<inf> bt_hci_core: HW Variant: nRF54Lx (0x0005)[0m
   1.771  [00:52:03.003,989] [0m<inf> bt_hci_core: Firmware: Standard Bluetooth controller (0x00) Version 200.12506 Build 888207768[0m
   1.771  [00:52:03.004,385] [0m<inf> bt_hci_core: HCI transport: SDC[0m
   1.771  [00:52:03.004,430] [0m<inf> bt_hci_core: Identity: FC:BE:FF:FA:E6:8B (random)[0m
   1.771  [00:52:03.004,447] [0m<inf> bt_hci_core: HCI: version 6.3 (0x11) revision 0x3039, manufacturer 0x0059[0m
   1.826  [00:52:03.004,463] [0m<inf> bt_hci_core: LMP: version 6.3 (0x11) subver 0x3039[0m
   1.826  
   1.826  === nRF54L15 RTT ping-pong PERIPHERAL (echo) ===
   1.826  advertising
   3.066  GAP connected interval=7500
   3.066  PHY tx=2 rx=2
   3.066  P t=1s rxkBps=0 blkkBps=0 pongs=0(+0/s) cancels=0(+0/s) notify=0 disc=0(0x00) | echo rx=0 tx=0 pend=0 stale=0
   3.066  CCC: notify ENABLED
   4.690  P t=2s rxkBps=122 blkkBps=0 pongs=516(+516/s) cancels=0(+0/s) notify=1 disc=0(0x00) | echo rx=0 tx=0 pend=0 stale=0
   4.743  P t=3s rxkBps=125 blkkBps=0 pongs=1042(+526/s) cancels=0(+0/s) notify=1 disc=0(0x00) | echo rx=0 tx=0 pend=0 stale=0
   6.731  P t=4s rxkBps=125 blkkBps=0 pongs=1570(+528/s) cancels=0(+0/s) notify=1 disc=0(0x00) | echo rx=0 tx=0 pend=0 stale=0
   6.732  P t=5s rxkBps=125 blkkBps=0 pongs=2098(+528/s) cancels=0(+0/s) notify=1 disc=0(0x00) | echo rx=0 tx=0 pend=0 stale=0
   8.687  P t=6s rxkBps=126 blkkBps=0 pongs=2627(+529/s) cancels=0(+0/s) notify=1 disc=0(0x00) | echo rx=0 tx=0 pend=0 stale=0
   8.742  P t=7s rxkBps=126 blkkBps=0 pongs=3156(+529/s) cancels=0(+0/s) notify=1 disc=0(0x00) | echo rx=0 tx=0 pend=0 stale=0
  10.684  P t=8s rxkBps=126 blkkBps=0 pongs=3685(+529/s) cancels=0(+0/s) notify=1 disc=0(0x00) | echo rx=0 tx=0 pend=0 stale=0
  10.734  P t=9s rxkBps=126 blkkBps=0 pongs=4215(+530/s) cancels=0(+0/s) notify=1 disc=0(0x00) | echo rx=0 tx=0 pend=0 stale=0
  12.735  P t=10s rxkBps=125 blkkBps=0 pongs=4743(+528/s) cancels=0(+0/s) notify=1 disc=0(0x00) | echo rx=0 tx=0 pend=0 stale=0
  12.735  P t=11s rxkBps=126 blkkBps=0 pongs=5274(+531/s) cancels=0(+0/s) notify=1 disc=0(0x00) | echo rx=0 tx=0 pend=0 stale=0
  14.733  P t=12s rxkBps=126 blkkBps=0 pongs=5805(+531/s) cancels=0(+0/s) notify=1 disc=0(0x00) | echo rx=0 tx=0 pend=0 stale=0
  14.733  P t=13s rxkBps=123 blkkBps=0 pongs=6323(+518/s) cancels=0(+0/s) notify=1 disc=0(0x00) | echo rx=0 tx=0 pend=0 stale=0
  16.716  P t=14s rxkBps=127 blkkBps=0 pongs=6856(+533/s) cancels=0(+0/s) notify=1 disc=0(0x00) | echo rx=0 tx=0 pend=0 stale=0
  16.716  P t=15s rxkBps=125 blkkBps=0 pongs=7384(+528/s) cancels=0(+0/s) notify=1 disc=0(0x00) | echo rx=0 tx=0 pend=0 stale=0
  18.720  P t=16s rxkBps=126 blkkBps=0 pongs=7913(+529/s) cancels=0(+0/s) notify=1 disc=0(0x00) | echo rx=0 tx=0 pend=0 stale=0
  18.720  P t=17s rxkBps=126 blkkBps=0 pongs=8445(+532/s) cancels=0(+0/s) notify=1 disc=0(0x00) | echo rx=0 tx=0 pend=0 stale=0
  20.725  P t=18s rxkBps=126 blkkBps=0 pongs=8977(+532/s) cancels=0(+0/s) notify=1 disc=0(0x00) | echo rx=0 tx=0 pend=0 stale=0
  20.725  P t=19s rxkBps=127 blkkBps=0 pongs=9510(+533/s) cancels=0(+0/s) notify=1 disc=0(0x00) | echo rx=0 tx=0 pend=0 stale=0
  22.726  P t=20s rxkBps=126 blkkBps=0 pongs=10039(+529/s) cancels=0(+0/s) notify=1 disc=0(0x00) | echo rx=0 tx=0 pend=0 stale=0
  22.726  P t=21s rxkBps=126 blkkBps=0 pongs=10568(+529/s) cancels=0(+0/s) notify=1 disc=0(0x00) | echo rx=0 tx=0 pend=0 stale=0
  24.713  P t=22s rxkBps=126 blkkBps=0 pongs=11100(+532/s) cancels=0(+0/s) notify=1 disc=0(0x00) | echo rx=0 tx=0 pend=0 stale=0
  24.713  P t=23s rxkBps=126 blkkBps=0 pongs=11631(+531/s) cancels=0(+0/s) notify=1 disc=0(0x00) | echo rx=0 tx=0 pend=0 stale=0
  26.695  P t=24s rxkBps=125 blkkBps=0 pongs=12158(+527/s) cancels=0(+0/s) notify=1 disc=0(0x00) | echo rx=0 tx=0 pend=0 stale=0
  26.747  P t=25s rxkBps=126 blkkBps=0 pongs=12687(+529/s) cancels=0(+0/s) notify=1 disc=0(0x00) | echo rx=0 tx=0 pend=0 stale=0
  28.739  P t=26s rxkBps=126 blkkBps=0 pongs=13216(+529/s) cancels=0(+0/s) notify=1 disc=0(0x00) | echo rx=0 tx=0 pend=0 stale=0
  28.739  P t=27s rxkBps=125 blkkBps=0 pongs=13743(+527/s) cancels=0(+0/s) notify=1 disc=0(0x00) | echo rx=0 tx=0 pend=0 stale=0
