   1.951  *** Booting nRF Connect SDK v3.4.0-99553055607b ***
   1.951  *** Using Zephyr OS v4.4.0-bf801e4e3d19 ***
   1.951  [00:07:45.423,175] [0m<inf> bt_sdc_hci_driver: SoftDevice Controller build revision:
   1.951                                              c8 da 30 98 f9 f0 34 a4  4b 6e ba d3 08 19 cc 0c |..0...4. Kn......
   2.002                                              ea 51 da 47                                      |.Q.G             [0m
   2.002  [00:07:45.424,318] [0m<inf> bt_hci_core: HW Platform: Nordic Semiconductor (0x0002)[0m
   2.002  [00:07:45.424,331] [0m<inf> bt_hci_core: HW Variant: nRF54Lx (0x0005)[0m
   2.002  [00:07:45.424,343] [0m<inf> bt_hci_core: Firmware: Standard Bluetooth controller (0x00) Version 200.12506 Build 888207768[0m
   2.002  [00:07:45.424,745] [0m<inf> bt_hci_core: HCI transport: SDC[0m
   2.002  [00:07:45.424,793] [0m<inf> bt_hci_core: Identity: D6:C7:60:B1:D3:0E (random)[0m
   2.002  [00:07:45.424,810] [0m<inf> bt_hci_core: HCI: version 6.3 (0x11) revision 0x3039, manufacturer 0x0059[0m
   2.060  [00:07:45.424,826] [0m<inf> bt_hci_core: LMP: version 6.3 (0x11) subver 0x3039[0m
   2.060  
   2.060  === nRF54L15 RTT ping-pong CENTRAL ===
   2.060  scan rc=0
   2.060  GAP connected interval=25000
   2.060  MTU err=0 mtu=247
   2.977  PHY tx=2 rx=2
   2.977  discovery start (post-PHY +500ms) interval=25000 phy2m=1
   3.028  t=1s RTT mean=0 min=0 max=0 n=0 to=0 | cancels=0(+0/s) seqbad=0 len_bad=0 disc=0(0x00) | tot_n=0 tot_to=0 maxever=0 >2ms=0 >5ms=0 >15ms=0 >20ms=0 >30ms=0 | probes=0 wrfail=0 down=1s maxout=1s
   3.028  SUBSCRIBED, vh=18
   3.028  BLAST: phy_update->2M rc=0
   3.028  BLASTC comp=1 exkBps=0 cgap_us[min/avg/max]=4294967295/0/0
   3.028  BLAST phy=2/2 att=1 ok=1 enomem=0 err=0 call_us[min/avg/max]=123/123/123 okgap_max_us=0
   3.028  BLAST first16_call_us: 123 123 118 119 119 119 119 119 111 56 54 54 54 55 54 54
   3.028  PHY tx=2 rx=2
   4.962  BLASTC comp=641 exkBps=0 cgap_us[min/avg/max]=128/1478/10645
   4.962  BLAST phy=2/2 att=651 ok=651 enomem=0 err=0 call_us[min/avg/max]=54/1444/9916 okgap_max_us=9926
   4.962  t=2s RTT mean=0 min=0 max=0 n=0 to=0 | cancels=0(+0/s) seqbad=0 len_bad=0 disc=0(0x00) | tot_n=0 tot_to=0 maxever=0 >2ms=0 >5ms=0 >15ms=0 >20ms=0 >30ms=0 | probes=0 wrfail=0 down=1s maxout=1s
   4.962  BLASTC comp=679 exkBps=0 cgap_us[min/avg/max]=1389/1472/2780
   5.022  BLAST phy=2/2 att=679 ok=679 enomem=0 err=0 call_us[min/avg/max]=1331/1461/2769 okgap_max_us=2780
   5.022  t=3s RTT mean=0 min=0 max=0 n=0 to=0 | cancels=0(+0/s) seqbad=0 len_bad=0 disc=0(0x00) | tot_n=0 tot_to=0 maxever=0 >2ms=0 >5ms=0 >15ms=0 >20ms=0 >30ms=0 | probes=0 wrfail=0 down=1s maxout=1s
   6.948  BLASTC comp=667 exkBps=0 cgap_us[min/avg/max]=1388/1499/18037
   6.948  BLAST phy=2/2 att=667 ok=667 enomem=0 err=0 call_us[min/avg/max]=1327/1488/18028 okgap_max_us=18038
   7.001  t=4s RTT mean=0 min=0 max=0 n=0 to=0 | cancels=0(+0/s) seqbad=0 len_bad=0 disc=0(0x00) | tot_n=0 tot_to=0 maxever=0 >2ms=0 >5ms=0 >15ms=0 >20ms=0 >30ms=0 | probes=0 wrfail=0 down=1s maxout=1s
   7.001  BLASTC comp=674 exkBps=0 cgap_us[min/avg/max]=1387/1483/5500
   7.001  BLAST phy=2/2 att=674 ok=674 enomem=0 err=0 call_us[min/avg/max]=1330/1472/5490 okgap_max_us=5501
   7.001  t=5s RTT mean=0 min=0 max=0 n=0 to=0 | cancels=0(+0/s) seqbad=0 len_bad=0 disc=0(0x00) | tot_n=0 tot_to=0 maxever=0 >2ms=0 >5ms=0 >15ms=0 >20ms=0 >30ms=0 | probes=0 wrfail=0 down=1s maxout=1s
   8.934  BLASTC comp=673 exkBps=0 cgap_us[min/avg/max]=1388/1485/5500
   8.934  BLAST phy=2/2 att=673 ok=673 enomem=0 err=0 call_us[min/avg/max]=1328/1475/5490 okgap_max_us=5501
   8.994  t=6s RTT mean=0 min=0 max=0 n=0 to=0 | cancels=0(+0/s) seqbad=0 len_bad=0 disc=0(0x00) | tot_n=0 tot_to=0 maxever=0 >2ms=0 >5ms=0 >15ms=0 >20ms=0 >30ms=0 | probes=0 wrfail=0 down=1s maxout=1s
   8.994  BLASTC comp=671 exkBps=0 cgap_us[min/avg/max]=1375/1490/12465
   8.994  BLAST phy=2/2 att=671 ok=671 enomem=0 err=0 call_us[min/avg/max]=1269/1479/12455 okgap_max_us=12466
   8.994  t=7s RTT mean=0 min=0 max=0 n=0 to=0 | cancels=0(+0/s) seqbad=0 len_bad=0 disc=0(0x00) | tot_n=0 tot_to=0 maxever=0 >2ms=0 >5ms=0 >15ms=0 >20ms=0 >30ms=0 | probes=0 wrfail=0 down=1s maxout=1s
  10.936  BLASTC comp=660 exkBps=0 cgap_us[min/avg/max]=1388/1515/16644
  10.936  BLAST phy=2/2 att=660 ok=660 enomem=0 err=0 call_us[min/avg/max]=1314/1504/16634 okgap_max_us=16645
  10.988  t=8s RTT mean=0 min=0 max=0 n=0 to=0 | cancels=0(+0/s) seqbad=0 len_bad=0 disc=0(0x00) | tot_n=0 tot_to=0 maxever=0 >2ms=0 >5ms=0 >15ms=0 >20ms=0 >30ms=0 | probes=0 wrfail=0 down=1s maxout=1s
  10.989  BLASTC comp=676 exkBps=0 cgap_us[min/avg/max]=1389/1479/2780
  10.989  BLAST phy=2/2 att=676 ok=676 enomem=0 err=0 call_us[min/avg/max]=1319/1468/2770 okgap_max_us=2780
  10.989  t=9s RTT mean=0 min=0 max=0 n=0 to=0 | cancels=0(+0/s) seqbad=0 len_bad=0 disc=0(0x00) | tot_n=0 tot_to=0 maxever=0 >2ms=0 >5ms=0 >15ms=0 >20ms=0 >30ms=0 | probes=0 wrfail=0 down=1s maxout=1s
  12.950  BLASTC comp=669 exkBps=0 cgap_us[min/avg/max]=1388/1494/16643
  12.950  BLAST phy=2/2 att=669 ok=669 enomem=0 err=0 call_us[min/avg/max]=1314/1484/16634 okgap_max_us=16644
  12.950  t=10s RTT mean=0 min=0 max=0 n=0 to=0 | cancels=0(+0/s) seqbad=0 len_bad=0 disc=0(0x00) | tot_n=0 tot_to=0 maxever=0 >2ms=0 >5ms=0 >15ms=0 >20ms=0 >30ms=0 | probes=0 wrfail=0 down=1s maxout=1s
  13.000  BLASTC comp=676 exkBps=0 cgap_us[min/avg/max]=1389/1479/6892
  13.000  BLAST phy=2/2 att=676 ok=676 enomem=0 err=0 call_us[min/avg/max]=1320/1468/6883 okgap_max_us=6893
  13.000  t=11s RTT mean=0 min=0 max=0 n=0 to=0 | cancels=0(+0/s) seqbad=0 len_bad=0 disc=0(0x00) | tot_n=0 tot_to=0 maxever=0 >2ms=0 >5ms=0 >15ms=0 >20ms=0 >30ms=0 | probes=0 wrfail=0 down=1s maxout=1s
  14.945  BLASTC comp=663 exkBps=0 cgap_us[min/avg/max]=1388/1508/23609
  14.945  BLAST phy=2/2 att=663 ok=663 enomem=0 err=0 call_us[min/avg/max]=1315/1497/23599 okgap_max_us=23610
  15.006  t=12s RTT mean=0 min=0 max=0 n=0 to=0 | cancels=0(+0/s) seqbad=0 len_bad=0 disc=0(0x00) | tot_n=0 tot_to=0 maxever=0 >2ms=0 >5ms=0 >15ms=0 >20ms=0 >30ms=0 | probes=0 wrfail=0 down=1s maxout=1s
  15.006  BLASTC comp=655 exkBps=0 cgap_us[min/avg/max]=1389/1526/22216
  15.006  BLAST phy=2/2 att=655 ok=655 enomem=0 err=0 call_us[min/avg/max]=1319/1515/22207 okgap_max_us=22217
  15.006  t=13s RTT mean=0 min=0 max=0 n=0 to=0 | cancels=0(+0/s) seqbad=0 len_bad=0 disc=0(0x00) | tot_n=0 tot_to=0 maxever=0 >2ms=0 >5ms=0 >15ms=0 >20ms=0 >30ms=0 | probes=0 wrfail=0 down=1s maxout=1s
  16.961  BLASTC comp=674 exkBps=0 cgap_us[min/avg/max]=1390/1483/2805
  16.961  BLAST phy=2/2 att=674 ok=674 enomem=0 err=0 call_us[min/avg/max]=1315/1472/2795 okgap_max_us=2806
  16.961  t=14s RTT mean=0 min=0 max=0 n=0 to=0 | cancels=0(+0/s) seqbad=0 len_bad=0 disc=0(0x00) | tot_n=0 tot_to=0 maxever=0 >2ms=0 >5ms=0 >15ms=0 >20ms=0 >30ms=0 | probes=0 wrfail=0 down=1s maxout=1s
  16.961  BLASTC comp=667 exkBps=0 cgap_us[min/avg/max]=1387/1499/18037
  17.017  BLAST phy=2/2 att=667 ok=667 enomem=0 err=0 call_us[min/avg/max]=1319/1488/18027 okgap_max_us=18037
  17.017  t=15s RTT mean=0 min=0 max=0 n=0 to=0 | cancels=0(+0/s) seqbad=0 len_bad=0 disc=0(0x00) | tot_n=0 tot_to=0 maxever=0 >2ms=0 >5ms=0 >15ms=0 >20ms=0 >30ms=0 | probes=0 wrfail=0 down=1s maxout=1s
  18.938  BLASTC comp=679 exkBps=0 cgap_us[min/avg/max]=1388/1472/2780
  18.938  BLAST phy=2/2 att=679 ok=679 enomem=0 err=0 call_us[min/avg/max]=1302/1461/2769 okgap_max_us=2780
  18.998  t=16s RTT mean=0 min=0 max=0 n=0 to=0 | cancels=0(+0/s) seqbad=0 len_bad=0 disc=0(0x00) | tot_n=0 tot_to=0 maxever=0 >2ms=0 >5ms=0 >15ms=0 >20ms=0 >30ms=0 | probes=0 wrfail=0 down=1s maxout=1s
  18.998  BLASTC comp=678 exkBps=0 cgap_us[min/avg/max]=1389/1474/2780
  18.998  BLAST phy=2/2 att=678 ok=678 enomem=0 err=0 call_us[min/avg/max]=1321/1464/2770 okgap_max_us=2780
  18.998  t=17s RTT mean=0 min=0 max=0 n=0 to=0 | cancels=0(+0/s) seqbad=0 len_bad=0 disc=0(0x00) | tot_n=0 tot_to=0 maxever=0 >2ms=0 >5ms=0 >15ms=0 >20ms=0 >30ms=0 | probes=0 wrfail=0 down=1s maxout=1s
  20.961  BLASTC comp=666 exkBps=0 cgap_us[min/avg/max]=1389/1501/8286
  20.961  BLAST phy=2/2 att=666 ok=666 enomem=0 err=0 call_us[min/avg/max]=1315/1490/8277 okgap_max_us=8287
  20.961  t=18s RTT mean=0 min=0 max=0 n=0 to=0 | cancels=0(+0/s) seqbad=0 len_bad=0 disc=0(0x00) | tot_n=0 tot_to=0 maxever=0 >2ms=0 >5ms=0 >15ms=0 >20ms=0 >30ms=0 | probes=0 wrfail=0 down=1s maxout=1s
  20.961  BLASTC comp=668 exkBps=0 cgap_us[min/avg/max]=1389/1497/15251
  21.021  BLAST phy=2/2 att=668 ok=668 enomem=0 err=0 call_us[min/avg/max]=1320/1486/15242 okgap_max_us=15252
  21.021  t=19s RTT mean=0 min=0 max=0 n=0 to=0 | cancels=0(+0/s) seqbad=0 len_bad=0 disc=0(0x00) | tot_n=0 tot_to=0 maxever=0 >2ms=0 >5ms=0 >15ms=0 >20ms=0 >30ms=0 | probes=0 wrfail=0 down=1s maxout=1s
  22.944  BLASTC comp=678 exkBps=0 cgap_us[min/avg/max]=1388/1474/2805
  22.944  BLAST phy=2/2 att=678 ok=678 enomem=0 err=0 call_us[min/avg/max]=1316/1464/2795 okgap_max_us=2806
  22.997  t=20s RTT mean=0 min=0 max=0 n=0 to=0 | cancels=0(+0/s) seqbad=0 len_bad=0 disc=0(0x00) | tot_n=0 tot_to=0 maxever=0 >2ms=0 >5ms=0 >15ms=0 >20ms=0 >30ms=0 | probes=0 wrfail=0 down=1s maxout=1s
  22.997  BLASTC comp=675 exkBps=0 cgap_us[min/avg/max]=1389/1481/2805
  22.997  BLAST phy=2/2 att=675 ok=675 enomem=0 err=0 call_us[min/avg/max]=1320/1470/2795 okgap_max_us=2806
  22.997  t=21s RTT mean=0 min=0 max=0 n=0 to=0 | cancels=0(+0/s) seqbad=0 len_bad=0 disc=0(0x00) | tot_n=0 tot_to=0 maxever=0 >2ms=0 >5ms=0 >15ms=0 >20ms=0 >30ms=0 | probes=0 wrfail=0 down=1s maxout=1s
  24.948  BLASTC comp=665 exkBps=0 cgap_us[min/avg/max]=1389/1503/23609
  24.948  BLAST phy=2/2 att=665 ok=665 enomem=0 err=0 call_us[min/avg/max]=1315/1492/23592 okgap_max_us=23602
  25.007  t=22s RTT mean=0 min=0 max=0 n=0 to=0 | cancels=0(+0/s) seqbad=0 len_bad=0 disc=0(0x00) | tot_n=0 tot_to=0 maxever=0 >2ms=0 >5ms=0 >15ms=0 >20ms=0 >30ms=0 | probes=0 wrfail=0 down=1s maxout=1s
  25.008  BLASTC comp=677 exkBps=0 cgap_us[min/avg/max]=1389/1477/2780
  25.008  BLAST phy=2/2 att=677 ok=677 enomem=0 err=0 call_us[min/avg/max]=1320/1466/2770 okgap_max_us=2780
  25.008  t=23s RTT mean=0 min=0 max=0 n=0 to=0 | cancels=0(+0/s) seqbad=0 len_bad=0 disc=0(0x00) | tot_n=0 tot_to=0 maxever=0 >2ms=0 >5ms=0 >15ms=0 >20ms=0 >30ms=0 | probes=0 wrfail=0 down=1s maxout=1s
  26.946  BLASTC comp=678 exkBps=0 cgap_us[min/avg/max]=1387/1474/2806
  26.947  BLAST phy=2/2 att=678 ok=678 enomem=0 err=0 call_us[min/avg/max]=1315/1464/2796 okgap_max_us=2806
  27.000  t=24s RTT mean=0 min=0 max=0 n=0 to=0 | cancels=0(+0/s) seqbad=0 len_bad=0 disc=0(0x00) | tot_n=0 tot_to=0 maxever=0 >2ms=0 >5ms=0 >15ms=0 >20ms=0 >30ms=0 | probes=0 wrfail=0 down=1s maxout=1s
  27.000  BLASTC comp=677 exkBps=0 cgap_us[min/avg/max]=1385/1477/2780
  27.000  BLAST phy=2/2 att=677 ok=677 enomem=0 err=0 call_us[min/avg/max]=1296/1466/2770 okgap_max_us=2780
  27.000  t=25s RTT mean=0 min=0 max=0 n=0 to=0 | cancels=0(+0/s) seqbad=0 len_bad=0 disc=0(0x00) | tot_n=0 tot_to=0 maxever=0 >2ms=0 >5ms=0 >15ms=0 >20ms=0 >30ms=0 | probes=0 wrfail=0 down=1s maxout=1s
  28.960  BLASTC comp=663 exkBps=0 cgap_us[min/avg/max]=1389/1508/23609
  28.960  BLAST phy=2/2 att=663 ok=663 enomem=0 err=0 call_us[min/avg/max]=1315/1497/23599 okgap_max_us=23610
  28.960  t=26s RTT mean=0 min=0 max=0 n=0 to=0 | cancels=0(+0/s) seqbad=0 len_bad=0 disc=0(0x00) | tot_n=0 tot_to=0 maxever=0 >2ms=0 >5ms=0 >15ms=0 >20ms=0 >30ms=0 | probes=0 wrfail=0 down=1s maxout=1s
  28.960  BLASTC comp=677 exkBps=0 cgap_us[min/avg/max]=1389/1477/2780
  29.019  BLAST phy=2/2 att=677 ok=677 enomem=0 err=0 call_us[min/avg/max]=1319/1466/2770 okgap_max_us=2780
  29.020  t=27s RTT mean=0 min=0 max=0 n=0 to=0 | cancels=0(+0/s) seqbad=0 len_bad=0 disc=0(0x00) | tot_n=0 tot_to=0 maxever=0 >2ms=0 >5ms=0 >15ms=0 >20ms=0 >30ms=0 | probes=0 wrfail=0 down=1s maxout=1s
