   1.729  *** Booting nRF Connect SDK v3.4.0-99553055607b ***
   1.729  *** Using Zephyr OS v4.4.0-bf801e4e3d19 ***
   1.729  [00:20:19.419,495] [0m<inf> bt_sdc_hci_driver: SoftDevice Controller build revision:
   1.729                                              c8 da 30 98 f9 f0 34 a4  4b 6e ba d3 08 19 cc 0c |..0...4. Kn......
   1.729                                              ea 51 da 47                                      |.Q.G             [0m
   1.787  [00:20:19.420,288] [1;33m<wrn> bt_hci_core: Num of Controller's ACL packets != ACL bt_conn_tx contexts (10 != 3)[0m
   1.787  [00:20:19.420,938] [0m<inf> bt_hci_core: HW Platform: Nordic Semiconductor (0x0002)[0m
   1.787  [00:20:19.420,950] [0m<inf> bt_hci_core: HW Variant: nRF54Lx (0x0005)[0m
   1.787  [00:20:19.420,961] [0m<inf> bt_hci_core: Firmware: Standard Bluetooth controller (0x00) Version 200.12506 Build 888207768[0m
   1.787  [00:20:19.421,356] [0m<inf> bt_hci_core: HCI transport: SDC[0m
   1.787  [00:20:19.421,402] [0m<inf> bt_hci_core: Identity: FC:BE:FF:FA:E6:8B (random)[0m
   1.787  [00:20:19.421,419] [0m<inf> bt_hci_core: HCI: version 6.3 (0x11) revision 0x3039, manufacturer 0x0059[0m
   1.847  [00:20:19.421,434] [0m<inf> bt_hci_core: LMP: version 6.3 (0x11) subver 0x3039[0m
   1.847  
   1.847  === nRF54L15 RTT ping-pong PERIPHERAL (echo) ===
   1.847  advertising
   3.106  GAP connected interval=15000
   3.106  PHY tx=2 rx=2
   3.106  P t=1s rxkBps=0 blkkBps=0 pongs=0(+0/s) cancels=0(+0/s) notify=0 disc=0(0x00) | echo rx=0 tx=0 pend=0 stale=0
   3.106  CCC: notify ENABLED
   4.759  P t=2s rxkBps=114 blkkBps=0 pongs=482(+482/s) cancels=0(+0/s) notify=1 disc=0(0x00) | echo rx=0 tx=0 pend=0 stale=0
   4.759  P t=3s rxkBps=141 blkkBps=0 pongs=1077(+595/s) cancels=0(+0/s) notify=1 disc=0(0x00) | echo rx=0 tx=0 pend=0 stale=0
   6.719  P t=4s rxkBps=142 blkkBps=0 pongs=1673(+596/s) cancels=0(+0/s) notify=1 disc=0(0x00) | echo rx=0 tx=0 pend=0 stale=0
   6.719  P t=5s rxkBps=141 blkkBps=0 pongs=2266(+593/s) cancels=0(+0/s) notify=1 disc=0(0x00) | echo rx=0 tx=0 pend=0 stale=0
   8.716  P t=6s rxkBps=141 blkkBps=0 pongs=2861(+595/s) cancels=0(+0/s) notify=1 disc=0(0x00) | echo rx=0 tx=0 pend=0 stale=0
   8.716  P t=7s rxkBps=140 blkkBps=0 pongs=3451(+590/s) cancels=0(+0/s) notify=1 disc=0(0x00) | echo rx=0 tx=0 pend=0 stale=0
  10.719  P t=8s rxkBps=141 blkkBps=0 pongs=4046(+595/s) cancels=0(+0/s) notify=1 disc=0(0x00) | echo rx=0 tx=0 pend=0 stale=0
  10.719  P t=9s rxkBps=142 blkkBps=0 pongs=4645(+599/s) cancels=0(+0/s) notify=1 disc=0(0x00) | echo rx=0 tx=0 pend=0 stale=0
  12.749  P t=10s rxkBps=140 blkkBps=0 pongs=5236(+591/s) cancels=0(+0/s) notify=1 disc=0(0x00) | echo rx=0 tx=0 pend=0 stale=0
  12.749  P t=11s rxkBps=141 blkkBps=0 pongs=5831(+595/s) cancels=0(+0/s) notify=1 disc=0(0x00) | echo rx=0 tx=0 pend=0 stale=0
  14.756  P t=12s rxkBps=141 blkkBps=0 pongs=6426(+595/s) cancels=0(+0/s) notify=1 disc=0(0x00) | echo rx=0 tx=0 pend=0 stale=0
  14.756  P t=13s rxkBps=142 blkkBps=0 pongs=7024(+598/s) cancels=0(+0/s) notify=1 disc=0(0x00) | echo rx=0 tx=0 pend=0 stale=0
  16.714  P t=14s rxkBps=160 blkkBps=0 pongs=7699(+675/s) cancels=0(+0/s) notify=1 disc=0(0x00) | echo rx=0 tx=0 pend=0 stale=0
  16.766  P t=15s rxkBps=173 blkkBps=0 pongs=8428(+729/s) cancels=0(+0/s) notify=1 disc=0(0x00) | echo rx=0 tx=0 pend=0 stale=0
  18.742  P t=16s rxkBps=174 blkkBps=0 pongs=9159(+731/s) cancels=0(+0/s) notify=1 disc=0(0x00) | echo rx=0 tx=0 pend=0 stale=0
  18.742  P t=17s rxkBps=173 blkkBps=0 pongs=9887(+728/s) cancels=0(+0/s) notify=1 disc=0(0x00) | echo rx=0 tx=0 pend=0 stale=0
  20.757  P t=18s rxkBps=174 blkkBps=0 pongs=10620(+733/s) cancels=0(+0/s) notify=1 disc=0(0x00) | echo rx=0 tx=0 pend=0 stale=0
  20.757  P t=19s rxkBps=173 blkkBps=0 pongs=11349(+729/s) cancels=0(+0/s) notify=1 disc=0(0x00) | echo rx=0 tx=0 pend=0 stale=0
  22.710  P t=20s rxkBps=174 blkkBps=0 pongs=12081(+732/s) cancels=0(+0/s) notify=1 disc=0(0x00) | echo rx=0 tx=0 pend=0 stale=0
  22.770  P t=21s rxkBps=174 blkkBps=0 pongs=12814(+733/s) cancels=0(+0/s) notify=1 disc=0(0x00) | echo rx=0 tx=0 pend=0 stale=0
  24.759  P t=22s rxkBps=174 blkkBps=0 pongs=13547(+733/s) cancels=0(+0/s) notify=1 disc=0(0x00) | echo rx=0 tx=0 pend=0 stale=0
  24.759  P t=23s rxkBps=174 blkkBps=0 pongs=14280(+733/s) cancels=0(+0/s) notify=1 disc=0(0x00) | echo rx=0 tx=0 pend=0 stale=0
  26.707  P t=24s rxkBps=174 blkkBps=0 pongs=15012(+732/s) cancels=0(+0/s) notify=1 disc=0(0x00) | echo rx=0 tx=0 pend=0 stale=0
  26.767  P t=25s rxkBps=172 blkkBps=0 pongs=15738(+726/s) cancels=0(+0/s) notify=1 disc=0(0x00) | echo rx=0 tx=0 pend=0 stale=0
  28.723  P t=26s rxkBps=173 blkkBps=0 pongs=16467(+729/s) cancels=0(+0/s) notify=1 disc=0(0x00) | echo rx=0 tx=0 pend=0 stale=0
  28.723  P t=27s rxkBps=172 blkkBps=0 pongs=17193(+726/s) cancels=0(+0/s) notify=1 disc=0(0x00) | echo rx=0 tx=0 pend=0 stale=0
