   1.946  *** Booting nRF Connect SDK v3.4.0-99553055607b ***
   1.946  *** Using Zephyr OS v4.4.0-bf801e4e3d19 ***
   1.946  [00:11:01.334,818] [0m<inf> bt_sdc_hci_driver: SoftDevice Controller build revision:
   1.946                                              c8 da 30 98 f9 f0 34 a4  4b 6e ba d3 08 19 cc 0c |..0...4. Kn......
   1.946                                              ea 51 da 47                                      |.Q.G             [0m
   2.000  [00:11:01.335,961] [0m<inf> bt_hci_core: HW Platform: Nordic Semiconductor (0x0002)[0m
   2.000  [00:11:01.335,974] [0m<inf> bt_hci_core: HW Variant: nRF54Lx (0x0005)[0m
   2.000  [00:11:01.335,986] [0m<inf> bt_hci_core: Firmware: Standard Bluetooth controller (0x00) Version 200.12506 Build 888207768[0m
   2.000  [00:11:01.336,387] [0m<inf> bt_hci_core: HCI transport: SDC[0m
   2.000  [00:11:01.336,436] [0m<inf> bt_hci_core: Identity: D6:C7:60:B1:D3:0E (random)[0m
   2.000  [00:11:01.336,453] [0m<inf> bt_hci_core: HCI: version 6.3 (0x11) revision 0x3039, manufacturer 0x0059[0m
   2.000  [00:11:01.336,469] [0m<inf> bt_hci_core: LMP: version 6.3 (0x11) subver 0x3039[0m
   2.000  
   2.050  === nRF54L15 RTT ping-pong CENTRAL ===
   2.050  scan rc=0
   2.050  GAP connected interval=25000
   3.031  MTU err=0 mtu=247
   3.031  PHY tx=2 rx=2
   3.031  discovery start (post-PHY +500ms) interval=25000 phy2m=1
   3.086  t=1s RTT mean=0 min=0 max=0 n=0 to=0 | cancels=0(+0/s) seqbad=0 len_bad=0 disc=0(0x00) | tot_n=0 tot_to=0 maxever=0 >2ms=0 >5ms=0 >15ms=0 >20ms=0 >30ms=0 | probes=0 wrfail=0 down=1s maxout=1s
   3.086  SUBSCRIBED, vh=18
   3.086  BLAST: phy_update->2M rc=0
   3.086  BLASTC comp=1 exkBps=0 cgap_us[min/avg/max]=4294967295/0/0
   3.086  BLAST phy=2/2 att=1 ok=1 enomem=0 err=0 call_us[min/avg/max]=123/123/123 okgap_max_us=0
   3.086  BLAST first16_call_us: 123 124 118 119 119 118 119 119 111 56 54 54 54 55 54 54
   3.086  PHY tx=2 rx=2
   4.930  BLASTC comp=611 exkBps=0 cgap_us[min/avg/max]=128/1468/6167
   4.930  BLAST phy=2/2 att=621 ok=621 enomem=0 err=0 call_us[min/avg/max]=54/1433/5437 okgap_max_us=5448
   4.983  t=2s RTT mean=0 min=0 max=0 n=0 to=0 | cancels=0(+0/s) seqbad=0 len_bad=0 disc=0(0x00) | tot_n=0 tot_to=0 maxever=0 >2ms=0 >5ms=0 >15ms=0 >20ms=0 >30ms=0 | probes=0 wrfail=0 down=1s maxout=1s
   4.983  BLASTC comp=676 exkBps=0 cgap_us[min/avg/max]=1389/1479/4081
   4.983  BLAST phy=2/2 att=676 ok=676 enomem=0 err=0 call_us[min/avg/max]=1330/1468/4071 okgap_max_us=4082
   4.983  t=3s RTT mean=0 min=0 max=0 n=0 to=0 | cancels=0(+0/s) seqbad=0 len_bad=0 disc=0(0x00) | tot_n=0 tot_to=0 maxever=0 >2ms=0 >5ms=0 >15ms=0 >20ms=0 >30ms=0 | probes=0 wrfail=0 down=1s maxout=1s
   6.922  BLASTC comp=608 exkBps=0 cgap_us[min/avg/max]=1387/1644/29082
   6.922  BLAST phy=2/2 att=608 ok=608 enomem=0 err=0 call_us[min/avg/max]=1328/1633/29072 okgap_max_us=29083
   6.973  t=4s RTT mean=0 min=0 max=0 n=0 to=0 | cancels=0(+0/s) seqbad=0 len_bad=0 disc=0(0x00) | tot_n=0 tot_to=0 maxever=0 >2ms=0 >5ms=0 >15ms=0 >20ms=0 >30ms=0 | probes=0 wrfail=0 down=1s maxout=1s
   6.973  BLASTC comp=596 exkBps=0 cgap_us[min/avg/max]=1384/1677/27696
   6.973  BLAST phy=2/2 att=596 ok=596 enomem=0 err=0 call_us[min/avg/max]=1291/1667/27686 okgap_max_us=27696
   7.024  t=5s RTT mean=0 min=0 max=0 n=0 to=0 | cancels=0(+0/s) seqbad=0 len_bad=0 disc=0(0x00) | tot_n=0 tot_to=0 maxever=0 >2ms=0 >5ms=0 >15ms=0 >20ms=0 >30ms=0 | probes=0 wrfail=0 down=1s maxout=1s
   8.913  BLASTC comp=676 exkBps=0 cgap_us[min/avg/max]=1386/1479/4108
   8.964  BLAST phy=2/2 att=676 ok=676 enomem=0 err=0 call_us[min/avg/max]=1315/1468/4099 okgap_max_us=4109
   8.964  t=6s RTT mean=0 min=0 max=0 n=0 to=0 | cancels=0(+0/s) seqbad=0 len_bad=0 disc=0(0x00) | tot_n=0 tot_to=0 maxever=0 >2ms=0 >5ms=0 >15ms=0 >20ms=0 >30ms=0 | probes=0 wrfail=0 down=1s maxout=1s
   8.964  BLASTC comp=661 exkBps=0 cgap_us[min/avg/max]=1389/1512/23610
   8.964  BLAST phy=2/2 att=661 ok=661 enomem=0 err=0 call_us[min/avg/max]=1320/1502/23600 okgap_max_us=23611
   9.015  t=7s RTT mean=0 min=0 max=0 n=0 to=0 | cancels=0(+0/s) seqbad=0 len_bad=0 disc=0(0x00) | tot_n=0 tot_to=0 maxever=0 >2ms=0 >5ms=0 >15ms=0 >20ms=0 >30ms=0 | probes=0 wrfail=0 down=1s maxout=1s
  10.913  BLASTC comp=671 exkBps=0 cgap_us[min/avg/max]=1388/1490/11070
  10.965  BLAST phy=2/2 att=671 ok=671 enomem=0 err=0 call_us[min/avg/max]=1314/1479/11061 okgap_max_us=11071
  10.965  t=8s RTT mean=0 min=0 max=0 n=0 to=0 | cancels=0(+0/s) seqbad=0 len_bad=0 disc=0(0x00) | tot_n=0 tot_to=0 maxever=0 >2ms=0 >5ms=0 >15ms=0 >20ms=0 >30ms=0 | probes=0 wrfail=0 down=1s maxout=1s
  10.965  BLASTC comp=677 exkBps=0 cgap_us[min/avg/max]=1390/1477/2780
  10.965  BLAST phy=2/2 att=677 ok=677 enomem=0 err=0 call_us[min/avg/max]=1320/1466/2769 okgap_max_us=2780
  11.018  t=9s RTT mean=0 min=0 max=0 n=0 to=0 | cancels=0(+0/s) seqbad=0 len_bad=0 disc=0(0x00) | tot_n=0 tot_to=0 maxever=0 >2ms=0 >5ms=0 >15ms=0 >20ms=0 >30ms=0 | probes=0 wrfail=0 down=1s maxout=1s
  12.913  BLASTC comp=663 exkBps=0 cgap_us[min/avg/max]=1389/1508/16644
  12.963  BLAST phy=2/2 att=663 ok=663 enomem=0 err=0 call_us[min/avg/max]=1315/1497/16634 okgap_max_us=16645
  12.963  t=10s RTT mean=0 min=0 max=0 n=0 to=0 | cancels=0(+0/s) seqbad=0 len_bad=0 disc=0(0x00) | tot_n=0 tot_to=0 maxever=0 >2ms=0 >5ms=0 >15ms=0 >20ms=0 >30ms=0 | probes=0 wrfail=0 down=1s maxout=1s
  12.963  BLASTC comp=676 exkBps=0 cgap_us[min/avg/max]=1390/1479/6901
  12.963  BLAST phy=2/2 att=676 ok=676 enomem=0 err=0 call_us[min/avg/max]=1320/1468/6891 okgap_max_us=6902
  13.016  t=11s RTT mean=0 min=0 max=0 n=0 to=0 | cancels=0(+0/s) seqbad=0 len_bad=0 disc=0(0x00) | tot_n=0 tot_to=0 maxever=0 >2ms=0 >5ms=0 >15ms=0 >20ms=0 >30ms=0 | probes=0 wrfail=0 down=1s maxout=1s
  14.956  BLASTC comp=676 exkBps=0 cgap_us[min/avg/max]=1386/1479/4108
  14.956  BLAST phy=2/2 att=676 ok=676 enomem=0 err=0 call_us[min/avg/max]=1313/1468/4098 okgap_max_us=4108
  14.956  t=12s RTT mean=0 min=0 max=0 n=0 to=0 | cancels=0(+0/s) seqbad=0 len_bad=0 disc=0(0x00) | tot_n=0 tot_to=0 maxever=0 >2ms=0 >5ms=0 >15ms=0 >20ms=0 >30ms=0 | probes=0 wrfail=0 down=1s maxout=1s
  14.956  BLASTC comp=673 exkBps=0 cgap_us[min/avg/max]=1386/1485/4082
  15.007  BLAST phy=2/2 att=673 ok=673 enomem=0 err=0 call_us[min/avg/max]=1320/1475/4071 okgap_max_us=4082
  15.007  t=13s RTT mean=0 min=0 max=0 n=0 to=0 | cancels=0(+0/s) seqbad=0 len_bad=0 disc=0(0x00) | tot_n=0 tot_to=0 maxever=0 >2ms=0 >5ms=0 >15ms=0 >20ms=0 >30ms=0 | probes=0 wrfail=0 down=1s maxout=1s
  16.913  BLASTC comp=677 exkBps=0 cgap_us[min/avg/max]=1387/1477/4108
  16.968  BLAST phy=2/2 att=677 ok=677 enomem=0 err=0 call_us[min/avg/max]=1302/1466/4098 okgap_max_us=4108
  16.968  t=14s RTT mean=0 min=0 max=0 n=0 to=0 | cancels=0(+0/s) seqbad=0 len_bad=0 disc=0(0x00) | tot_n=0 tot_to=0 maxever=0 >2ms=0 >5ms=0 >15ms=0 >20ms=0 >30ms=0 | probes=0 wrfail=0 down=1s maxout=1s
  16.968  BLASTC comp=674 exkBps=0 cgap_us[min/avg/max]=1390/1483/11071
  16.968  BLAST phy=2/2 att=674 ok=674 enomem=0 err=0 call_us[min/avg/max]=1320/1472/11062 okgap_max_us=11072
  17.023  t=15s RTT mean=0 min=0 max=0 n=0 to=0 | cancels=0(+0/s) seqbad=0 len_bad=0 disc=0(0x00) | tot_n=0 tot_to=0 maxever=0 >2ms=0 >5ms=0 >15ms=0 >20ms=0 >30ms=0 | probes=0 wrfail=0 down=1s maxout=1s
  18.926  BLASTC comp=674 exkBps=0 cgap_us[min/avg/max]=1388/1483/4107
  18.926  BLAST phy=2/2 att=674 ok=674 enomem=0 err=0 call_us[min/avg/max]=1314/1472/4098 okgap_max_us=4108
  18.981  t=16s RTT mean=0 min=0 max=0 n=0 to=0 | cancels=0(+0/s) seqbad=0 len_bad=0 disc=0(0x00) | tot_n=0 tot_to=0 maxever=0 >2ms=0 >5ms=0 >15ms=0 >20ms=0 >30ms=0 | probes=0 wrfail=0 down=1s maxout=1s
  18.981  BLASTC comp=673 exkBps=0 cgap_us[min/avg/max]=1388/1485/6893
  18.981  BLAST phy=2/2 att=673 ok=673 enomem=0 err=0 call_us[min/avg/max]=1318/1475/6882 okgap_max_us=6893
  18.981  t=17s RTT mean=0 min=0 max=0 n=0 to=0 | cancels=0(+0/s) seqbad=0 len_bad=0 disc=0(0x00) | tot_n=0 tot_to=0 maxever=0 >2ms=0 >5ms=0 >15ms=0 >20ms=0 >30ms=0 | probes=0 wrfail=0 down=1s maxout=1s
  20.926  BLASTC comp=679 exkBps=0 cgap_us[min/avg/max]=1388/1472/2780
  20.926  BLAST phy=2/2 att=679 ok=679 enomem=0 err=0 call_us[min/avg/max]=1315/1461/2770 okgap_max_us=2780
  20.980  t=18s RTT mean=0 min=0 max=0 n=0 to=0 | cancels=0(+0/s) seqbad=0 len_bad=0 disc=0(0x00) | tot_n=0 tot_to=0 maxever=0 >2ms=0 >5ms=0 >15ms=0 >20ms=0 >30ms=0 | probes=0 wrfail=0 down=1s maxout=1s
  20.980  BLASTC comp=678 exkBps=0 cgap_us[min/avg/max]=1390/1474/4116
  20.980  BLAST phy=2/2 att=678 ok=678 enomem=0 err=0 call_us[min/avg/max]=1320/1464/4106 okgap_max_us=4117
  20.980  t=19s RTT mean=0 min=0 max=0 n=0 to=0 | cancels=0(+0/s) seqbad=0 len_bad=0 disc=0(0x00) | tot_n=0 tot_to=0 maxever=0 >2ms=0 >5ms=0 >15ms=0 >20ms=0 >30ms=0 | probes=0 wrfail=0 down=1s maxout=1s
  22.932  BLASTC comp=679 exkBps=0 cgap_us[min/avg/max]=1388/1472/2780
  22.932  BLAST phy=2/2 att=679 ok=679 enomem=0 err=0 call_us[min/avg/max]=1314/1462/2770 okgap_max_us=2780
  22.987  t=20s RTT mean=0 min=0 max=0 n=0 to=0 | cancels=0(+0/s) seqbad=0 len_bad=0 disc=0(0x00) | tot_n=0 tot_to=0 maxever=0 >2ms=0 >5ms=0 >15ms=0 >20ms=0 >30ms=0 | probes=0 wrfail=0 down=1s maxout=1s
  22.987  BLASTC comp=673 exkBps=0 cgap_us[min/avg/max]=1389/1485/5500
  22.987  BLAST phy=2/2 att=673 ok=673 enomem=0 err=0 call_us[min/avg/max]=1320/1475/5490 okgap_max_us=5500
  22.987  t=21s RTT mean=0 min=0 max=0 n=0 to=0 | cancels=0(+0/s) seqbad=0 len_bad=0 disc=0(0x00) | tot_n=0 tot_to=0 maxever=0 >2ms=0 >5ms=0 >15ms=0 >20ms=0 >30ms=0 | probes=0 wrfail=0 down=1s maxout=1s
  24.926  BLASTC comp=678 exkBps=0 cgap_us[min/avg/max]=1388/1474/4081
  24.926  BLAST phy=2/2 att=678 ok=678 enomem=0 err=0 call_us[min/avg/max]=1315/1464/4071 okgap_max_us=4082
  24.981  t=22s RTT mean=0 min=0 max=0 n=0 to=0 | cancels=0(+0/s) seqbad=0 len_bad=0 disc=0(0x00) | tot_n=0 tot_to=0 maxever=0 >2ms=0 >5ms=0 >15ms=0 >20ms=0 >30ms=0 | probes=0 wrfail=0 down=1s maxout=1s
  24.981  BLASTC comp=644 exkBps=0 cgap_us[min/avg/max]=1385/1552/27693
  24.981  BLAST phy=2/2 att=644 ok=644 enomem=0 err=0 call_us[min/avg/max]=1307/1542/27683 okgap_max_us=27693
  24.981  t=23s RTT mean=0 min=0 max=0 n=0 to=0 | cancels=0(+0/s) seqbad=0 len_bad=0 disc=0(0x00) | tot_n=0 tot_to=0 maxever=0 >2ms=0 >5ms=0 >15ms=0 >20ms=0 >30ms=0 | probes=0 wrfail=0 down=1s maxout=1s
  26.931  BLASTC comp=619 exkBps=0 cgap_us[min/avg/max]=1388/1615/27693
  26.931  BLAST phy=2/2 att=619 ok=619 enomem=0 err=0 call_us[min/avg/max]=1320/1604/27682 okgap_max_us=27693
  26.986  t=24s RTT mean=0 min=0 max=0 n=0 to=0 | cancels=0(+0/s) seqbad=0 len_bad=0 disc=0(0x00) | tot_n=0 tot_to=0 maxever=0 >2ms=0 >5ms=0 >15ms=0 >20ms=0 >30ms=0 | probes=0 wrfail=0 down=1s maxout=1s
  26.986  BLASTC comp=657 exkBps=0 cgap_us[min/avg/max]=1389/1522/27693
  26.986  BLAST phy=2/2 att=657 ok=657 enomem=0 err=0 call_us[min/avg/max]=1320/1511/27675 okgap_max_us=27686
  26.986  t=25s RTT mean=0 min=0 max=0 n=0 to=0 | cancels=0(+0/s) seqbad=0 len_bad=0 disc=0(0x00) | tot_n=0 tot_to=0 maxever=0 >2ms=0 >5ms=0 >15ms=0 >20ms=0 >30ms=0 | probes=0 wrfail=0 down=1s maxout=1s
  28.931  BLASTC comp=678 exkBps=0 cgap_us[min/avg/max]=1388/1474/4082
  28.931  BLAST phy=2/2 att=678 ok=678 enomem=0 err=0 call_us[min/avg/max]=1314/1464/4071 okgap_max_us=4082
  28.986  t=26s RTT mean=0 min=0 max=0 n=0 to=0 | cancels=0(+0/s) seqbad=0 len_bad=0 disc=0(0x00) | tot_n=0 tot_to=0 maxever=0 >2ms=0 >5ms=0 >15ms=0 >20ms=0 >30ms=0 | probes=0 wrfail=0 down=1s maxout=1s
  28.986  BLASTC comp=675 exkBps=0 cgap_us[min/avg/max]=1390/1481/2780
  28.986  BLAST phy=2/2 att=675 ok=675 enomem=0 err=0 call_us[min/avg/max]=1320/1470/2769 okgap_max_us=2780
  28.986  t=27s RTT mean=0 min=0 max=0 n=0 to=0 | cancels=0(+0/s) seqbad=0 len_bad=0 disc=0(0x00) | tot_n=0 tot_to=0 maxever=0 >2ms=0 >5ms=0 >15ms=0 >20ms=0 >30ms=0 | probes=0 wrfail=0 down=1s maxout=1s
