   2.048  *** Booting nRF Connect SDK v3.4.0-99553055607b ***
   2.049  *** Using Zephyr OS v4.4.0-bf801e4e3d19 ***
   2.049  [00:31:30.866,170] [0m<inf> bt_sdc_hci_driver: SoftDevice Controller build revision:
   2.049                                              c8 da 30 98 f9 f0 34 a4  4b 6e ba d3 08 19 cc 0c |..0...4. Kn......
   2.049                                              ea 51 da 47                                      |.Q.G             [0m
   2.049  [00:31:30.867,313] [0m<inf> bt_hci_core: HW Platform: Nordic Semiconductor (0x0002)[0m
   2.104  [00:31:30.867,326] [0m<inf> bt_hci_core: HW Variant: nRF54Lx (0x0005)[0m
   2.104  [00:31:30.867,338] [0m<inf> bt_hci_core: Firmware: Standard Bluetooth controller (0x00) Version 200.12506 Build 888207768[0m
   2.104  [00:31:30.867,740] [0m<inf> bt_hci_core: HCI transport: SDC[0m
   2.104  [00:31:30.867,789] [0m<inf> bt_hci_core: Identity: D6:C7:60:B1:D3:0E (random)[0m
   2.104  [00:31:30.867,806] [0m<inf> bt_hci_core: HCI: version 6.3 (0x11) revision 0x3039, manufacturer 0x0059[0m
   2.104  [00:31:30.867,821] [0m<inf> bt_hci_core: LMP: version 6.3 (0x11) subver 0x3039[0m
   2.104  
   2.104  === nRF54L15 RTT ping-pong CENTRAL ===
   2.104  scan rc=0
   2.104  GAP connected interval=15000
   2.159  MTU err=0 mtu=247
   2.923  PHY tx=2 rx=2
   2.924  discovery start (post-PHY +500ms) interval=15000 phy2m=1
   2.924  SUBSCRIBED, vh=18
   2.924  BLAST: phy_update->2M rc=0
   2.979  BLAST first16_call_us: 125 117 117 119 119 118 119 119 118 112 56 54 55 54 54 54
   3.949  PHY tx=2 rx=2
   3.949  t=1s RTT mean=0 min=0 max=0 n=0 to=0 | cancels=0(+0/s) seqbad=0 len_bad=0 disc=0(0x00) | tot_n=0 tot_to=0 maxever=0 >2ms=0 >5ms=0 >15ms=0 >20ms=0 >30ms=0 | probes=0 wrfail=0 down=0s maxout=0s
   4.004  BLASTC comp=58 exkBps=0 cgap_us[min/avg/max]=127/1726/11073
   4.004  BLAST phy=2/2 att=68 ok=68 enomem=0 err=0 call_us[min/avg/max]=54/1438/10813 okgap_max_us=10824
   5.028  BLASTC comp=593 exkBps=0 cgap_us[min/avg/max]=1390/1685/5217
   5.028  BLAST phy=2/2 att=593 ok=593 enomem=0 err=0 call_us[min/avg/max]=1373/1674/5207 okgap_max_us=5218
   5.083  t=2s RTT mean=0 min=0 max=0 n=0 to=0 | cancels=0(+0/s) seqbad=0 len_bad=0 disc=0(0x00) | tot_n=0 tot_to=0 maxever=0 >2ms=0 >5ms=0 >15ms=0 >20ms=0 >30ms=0 | probes=0 wrfail=0 down=0s maxout=0s
   5.083  BLASTC comp=596 exkBps=0 cgap_us[min/avg/max]=1389/1679/5217
   5.083  BLAST phy=2/2 att=596 ok=596 enomem=0 err=0 call_us[min/avg/max]=1330/1668/5207 okgap_max_us=5218
   5.083  t=3s RTT mean=0 min=0 max=0 n=0 to=0 | cancels=0(+0/s) seqbad=0 len_bad=0 disc=0(0x00) | tot_n=0 tot_to=0 maxever=0 >2ms=0 >5ms=0 >15ms=0 >20ms=0 >30ms=0 | probes=0 wrfail=0 down=0s maxout=0s
   7.028  BLASTC comp=599 exkBps=0 cgap_us[min/avg/max]=1389/1669/5217
   7.028  BLAST phy=2/2 att=599 ok=599 enomem=0 err=0 call_us[min/avg/max]=1320/1658/5207 okgap_max_us=5218
   7.083  t=4s RTT mean=0 min=0 max=0 n=0 to=0 | cancels=0(+0/s) seqbad=0 len_bad=0 disc=0(0x00) | tot_n=0 tot_to=0 maxever=0 >2ms=0 >5ms=0 >15ms=0 >20ms=0 >30ms=0 | probes=0 wrfail=0 down=0s maxout=0s
   7.083  BLASTC comp=591 exkBps=0 cgap_us[min/avg/max]=1390/1691/5218
   7.083  BLAST phy=2/2 att=591 ok=591 enomem=0 err=0 call_us[min/avg/max]=1373/1680/5207 okgap_max_us=5218
   7.083  t=5s RTT mean=0 min=0 max=0 n=0 to=0 | cancels=0(+0/s) seqbad=0 len_bad=0 disc=0(0x00) | tot_n=0 tot_to=0 maxever=0 >2ms=0 >5ms=0 >15ms=0 >20ms=0 >30ms=0 | probes=0 wrfail=0 down=0s maxout=0s
   9.016  BLASTC comp=598 exkBps=0 cgap_us[min/avg/max]=1380/1673/5218
   9.071  BLAST phy=2/2 att=598 ok=598 enomem=0 err=0 call_us[min/avg/max]=1272/1662/5200 okgap_max_us=5210
   9.071  t=6s RTT mean=0 min=0 max=0 n=0 to=0 | cancels=0(+0/s) seqbad=0 len_bad=0 disc=0(0x00) | tot_n=0 tot_to=0 maxever=0 >2ms=0 >5ms=0 >15ms=0 >20ms=0 >30ms=0 | probes=0 wrfail=0 down=0s maxout=0s
   9.071  BLASTC comp=597 exkBps=0 cgap_us[min/avg/max]=1389/1674/8037
   9.071  BLAST phy=2/2 att=597 ok=597 enomem=0 err=0 call_us[min/avg/max]=1330/1663/8027 okgap_max_us=8038
   9.126  t=7s RTT mean=0 min=0 max=0 n=0 to=0 | cancels=0(+0/s) seqbad=0 len_bad=0 disc=0(0x00) | tot_n=0 tot_to=0 maxever=0 >2ms=0 >5ms=0 >15ms=0 >20ms=0 >30ms=0 | probes=0 wrfail=0 down=0s maxout=0s
  11.026  BLASTC comp=595 exkBps=0 cgap_us[min/avg/max]=1388/1679/5217
  11.026  BLAST phy=2/2 att=595 ok=595 enomem=0 err=0 call_us[min/avg/max]=1375/1668/5207 okgap_max_us=5217
  11.081  t=8s RTT mean=0 min=0 max=0 n=0 to=0 | cancels=0(+0/s) seqbad=0 len_bad=0 disc=0(0x00) | tot_n=0 tot_to=0 maxever=0 >2ms=0 >5ms=0 >15ms=0 >20ms=0 >30ms=0 | probes=0 wrfail=0 down=0s maxout=0s
  11.081  BLASTC comp=596 exkBps=0 cgap_us[min/avg/max]=1389/1679/5217
  11.081  BLAST phy=2/2 att=596 ok=596 enomem=0 err=0 call_us[min/avg/max]=1319/1668/5206 okgap_max_us=5217
  11.081  t=9s RTT mean=0 min=0 max=0 n=0 to=0 | cancels=0(+0/s) seqbad=0 len_bad=0 disc=0(0x00) | tot_n=0 tot_to=0 maxever=0 >2ms=0 >5ms=0 >15ms=0 >20ms=0 >30ms=0 | probes=0 wrfail=0 down=0s maxout=0s
  13.023  BLASTC comp=597 exkBps=0 cgap_us[min/avg/max]=1388/1674/5220
  13.024  BLAST phy=2/2 att=597 ok=597 enomem=0 err=0 call_us[min/avg/max]=1340/1663/5209 okgap_max_us=5220
  13.079  t=10s RTT mean=0 min=0 max=0 n=0 to=0 | cancels=0(+0/s) seqbad=0 len_bad=0 disc=0(0x00) | tot_n=0 tot_to=0 maxever=0 >2ms=0 >5ms=0 >15ms=0 >20ms=0 >30ms=0 | probes=0 wrfail=0 down=0s maxout=0s
  13.079  BLASTC comp=596 exkBps=0 cgap_us[min/avg/max]=1390/1676/5217
  13.079  BLAST phy=2/2 att=596 ok=596 enomem=0 err=0 call_us[min/avg/max]=1373/1666/5207 okgap_max_us=5218
  13.079  t=11s RTT mean=0 min=0 max=0 n=0 to=0 | cancels=0(+0/s) seqbad=0 len_bad=0 disc=0(0x00) | tot_n=0 tot_to=0 maxever=0 >2ms=0 >5ms=0 >15ms=0 >20ms=0 >30ms=0 | probes=0 wrfail=0 down=0s maxout=0s
  15.025  BLASTC comp=596 exkBps=0 cgap_us[min/avg/max]=1387/1679/5218
  15.025  BLAST phy=2/2 att=596 ok=596 enomem=0 err=0 call_us[min/avg/max]=1330/1668/5207 okgap_max_us=5218
  15.079  t=12s RTT mean=0 min=0 max=0 n=0 to=0 | cancels=0(+0/s) seqbad=0 len_bad=0 disc=0(0x00) | tot_n=0 tot_to=0 maxever=0 >2ms=0 >5ms=0 >15ms=0 >20ms=0 >30ms=0 | probes=0 wrfail=0 down=0s maxout=0s
  15.080  BLASTC comp=597 exkBps=0 cgap_us[min/avg/max]=1389/1674/5222
  15.080  BLAST phy=2/2 att=597 ok=597 enomem=0 err=0 call_us[min/avg/max]=1320/1663/5212 okgap_max_us=5222
  15.080  t=13s RTT mean=0 min=0 max=0 n=0 to=0 | cancels=0(+0/s) seqbad=0 len_bad=0 disc=0(0x00) | tot_n=0 tot_to=0 maxever=0 >2ms=0 >5ms=0 >15ms=0 >20ms=0 >30ms=0 | probes=0 wrfail=0 down=0s maxout=0s
  17.044  BLASTC comp=597 exkBps=0 cgap_us[min/avg/max]=1387/1674/5217
  17.044  BLAST phy=2/2 att=597 ok=597 enomem=0 err=0 call_us[min/avg/max]=1375/1663/5207 okgap_max_us=5218
  17.044  t=14s RTT mean=0 min=0 max=0 n=0 to=0 | cancels=0(+0/s) seqbad=0 len_bad=0 disc=0(0x00) | tot_n=0 tot_to=0 maxever=0 >2ms=0 >5ms=0 >15ms=0 >20ms=0 >30ms=0 | probes=0 wrfail=0 down=0s maxout=0s
  17.044  BLASTC comp=599 exkBps=0 cgap_us[min/avg/max]=1378/1670/5217
  17.099  BLAST phy=2/2 att=599 ok=599 enomem=0 err=0 call_us[min/avg/max]=1273/1660/5207 okgap_max_us=5217
  17.100  t=15s RTT mean=0 min=0 max=0 n=0 to=0 | cancels=0(+0/s) seqbad=0 len_bad=0 disc=0(0x00) | tot_n=0 tot_to=0 maxever=0 >2ms=0 >5ms=0 >15ms=0 >20ms=0 >30ms=0 | probes=0 wrfail=0 down=0s maxout=0s
  19.044  BLASTC comp=598 exkBps=0 cgap_us[min/avg/max]=1390/1671/5217
  19.044  BLAST phy=2/2 att=598 ok=598 enomem=0 err=0 call_us[min/avg/max]=1323/1661/5207 okgap_max_us=5217
  19.044  t=16s RTT mean=0 min=0 max=0 n=0 to=0 | cancels=0(+0/s) seqbad=0 len_bad=0 disc=0(0x00) | tot_n=0 tot_to=0 maxever=0 >2ms=0 >5ms=0 >15ms=0 >20ms=0 >30ms=0 | probes=0 wrfail=0 down=0s maxout=0s
  19.098  BLASTC comp=599 exkBps=0 cgap_us[min/avg/max]=1387/1668/3835
  19.098  BLAST phy=2/2 att=599 ok=599 enomem=0 err=0 call_us[min/avg/max]=1373/1657/3824 okgap_max_us=3835
  19.098  t=17s RTT mean=0 min=0 max=0 n=0 to=0 | cancels=0(+0/s) seqbad=0 len_bad=0 disc=0(0x00) | tot_n=0 tot_to=0 maxever=0 >2ms=0 >5ms=0 >15ms=0 >20ms=0 >30ms=0 | probes=0 wrfail=0 down=0s maxout=0s
  21.011  BLASTC comp=598 exkBps=0 cgap_us[min/avg/max]=1388/1673/5217
  21.065  BLAST phy=2/2 att=598 ok=598 enomem=0 err=0 call_us[min/avg/max]=1330/1662/5207 okgap_max_us=5217
  21.065  t=18s RTT mean=0 min=0 max=0 n=0 to=0 | cancels=0(+0/s) seqbad=0 len_bad=0 disc=0(0x00) | tot_n=0 tot_to=0 maxever=0 >2ms=0 >5ms=0 >15ms=0 >20ms=0 >30ms=0 | probes=0 wrfail=0 down=0s maxout=0s
  21.065  BLASTC comp=598 exkBps=0 cgap_us[min/avg/max]=1382/1671/5217
  21.065  BLAST phy=2/2 att=598 ok=598 enomem=0 err=0 call_us[min/avg/max]=1320/1661/5207 okgap_max_us=5218
  21.120  t=19s RTT mean=0 min=0 max=0 n=0 to=0 | cancels=0(+0/s) seqbad=0 len_bad=0 disc=0(0x00) | tot_n=0 tot_to=0 maxever=0 >2ms=0 >5ms=0 >15ms=0 >20ms=0 >30ms=0 | probes=0 wrfail=0 down=0s maxout=0s
  23.063  BLASTC comp=595 exkBps=0 cgap_us[min/avg/max]=1385/1679/5221
  23.063  BLAST phy=2/2 att=595 ok=595 enomem=0 err=0 call_us[min/avg/max]=1375/1668/5211 okgap_max_us=5221
  23.063  t=20s RTT mean=0 min=0 max=0 n=0 to=0 | cancels=0(+0/s) seqbad=0 len_bad=0 disc=0(0x00) | tot_n=0 tot_to=0 maxever=0 >2ms=0 >5ms=0 >15ms=0 >20ms=0 >30ms=0 | probes=0 wrfail=0 down=0s maxout=0s
  23.063  BLASTC comp=598 exkBps=0 cgap_us[min/avg/max]=1390/1673/5217
  23.063  BLAST phy=2/2 att=598 ok=598 enomem=0 err=0 call_us[min/avg/max]=1320/1662/5207 okgap_max_us=5218
  23.118  t=21s RTT mean=0 min=0 max=0 n=0 to=0 | cancels=0(+0/s) seqbad=0 len_bad=0 disc=0(0x00) | tot_n=0 tot_to=0 maxever=0 >2ms=0 >5ms=0 >15ms=0 >20ms=0 >30ms=0 | probes=0 wrfail=0 down=0s maxout=0s
  25.056  BLASTC comp=597 exkBps=0 cgap_us[min/avg/max]=1390/1674/5219
  25.056  BLAST phy=2/2 att=597 ok=597 enomem=0 err=0 call_us[min/avg/max]=1322/1663/5209 okgap_max_us=5219
  25.056  t=22s RTT mean=0 min=0 max=0 n=0 to=0 | cancels=0(+0/s) seqbad=0 len_bad=0 disc=0(0x00) | tot_n=0 tot_to=0 maxever=0 >2ms=0 >5ms=0 >15ms=0 >20ms=0 >30ms=0 | probes=0 wrfail=0 down=0s maxout=0s
  25.056  BLASTC comp=597 exkBps=0 cgap_us[min/avg/max]=1385/1674/5217
  25.056  BLAST phy=2/2 att=597 ok=597 enomem=0 err=0 call_us[min/avg/max]=1371/1663/5206 okgap_max_us=5217
  25.112  t=23s RTT mean=0 min=0 max=0 n=0 to=0 | cancels=0(+0/s) seqbad=0 len_bad=0 disc=0(0x00) | tot_n=0 tot_to=0 maxever=0 >2ms=0 >5ms=0 >15ms=0 >20ms=0 >30ms=0 | probes=0 wrfail=0 down=0s maxout=0s
  27.018  BLASTC comp=599 exkBps=0 cgap_us[min/avg/max]=1388/1670/3835
  27.073  BLAST phy=2/2 att=599 ok=599 enomem=0 err=0 call_us[min/avg/max]=1330/1660/3824 okgap_max_us=3835
  27.073  t=24s RTT mean=0 min=0 max=0 n=0 to=0 | cancels=0(+0/s) seqbad=0 len_bad=0 disc=0(0x00) | tot_n=0 tot_to=0 maxever=0 >2ms=0 >5ms=0 >15ms=0 >20ms=0 >30ms=0 | probes=0 wrfail=0 down=0s maxout=0s
  27.073  BLASTC comp=590 exkBps=0 cgap_us[min/avg/max]=1389/1694/8036
  27.073  BLAST phy=2/2 att=590 ok=590 enomem=0 err=0 call_us[min/avg/max]=1320/1683/8027 okgap_max_us=8037
  27.128  t=25s RTT mean=0 min=0 max=0 n=0 to=0 | cancels=0(+0/s) seqbad=0 len_bad=0 disc=0(0x00) | tot_n=0 tot_to=0 maxever=0 >2ms=0 >5ms=0 >15ms=0 >20ms=0 >30ms=0 | probes=0 wrfail=0 down=0s maxout=0s
  29.029  BLASTC comp=521 exkBps=0 cgap_us[min/avg/max]=1388/1918/18828
  29.029  BLAST phy=2/2 att=521 ok=521 enomem=0 err=0 call_us[min/avg/max]=1375/1907/18818 okgap_max_us=18829
  29.080  t=26s RTT mean=0 min=0 max=0 n=0 to=0 | cancels=0(+0/s) seqbad=0 len_bad=0 disc=0(0x00) | tot_n=0 tot_to=0 maxever=0 >2ms=0 >5ms=0 >15ms=0 >20ms=0 >30ms=0 | probes=0 wrfail=0 down=0s maxout=0s
  29.080  BLASTC comp=518 exkBps=0 cgap_us[min/avg/max]=1390/1932/33828
  29.080  BLAST phy=2/2 att=518 ok=518 enomem=0 err=0 call_us[min/avg/max]=1320/1921/33817 okgap_max_us=33828
  29.080  t=27s RTT mean=0 min=0 max=0 n=0 to=0 | cancels=0(+0/s) seqbad=0 len_bad=0 disc=0(0x00) | tot_n=0 tot_to=0 maxever=0 >2ms=0 >5ms=0 >15ms=0 >20ms=0 >30ms=0 | probes=0 wrfail=0 down=0s maxout=0s
