   1.710  *** Booting nRF Connect SDK v3.4.0-99553055607b ***
   1.710  *** Using Zephyr OS v4.4.0-bf801e4e3d19 ***
   1.710  [00:05:56.717,322] [0m<inf> bt_sdc_hci_driver: SoftDevice Controller build revision:
   1.710                                              c8 da 30 98 f9 f0 34 a4  4b 6e ba d3 08 19 cc 0c |..0...4. Kn......
   1.761                                              ea 51 da 47                                      |.Q.G             [0m
   1.761  [00:05:56.718,116] [1;33m<wrn> bt_hci_core: Num of Controller's ACL packets != ACL bt_conn_tx contexts (10 != 3)[0m
   1.761  [00:05:56.718,767] [0m<inf> bt_hci_core: HW Platform: Nordic Semiconductor (0x0002)[0m
   1.761  [00:05:56.718,778] [0m<inf> bt_hci_core: HW Variant: nRF54Lx (0x0005)[0m
   1.761  [00:05:56.718,789] [0m<inf> bt_hci_core: Firmware: Standard Bluetooth controller (0x00) Version 200.12506 Build 888207768[0m
   1.761  [00:05:56.719,185] [0m<inf> bt_hci_core: HCI transport: SDC[0m
   1.761  [00:05:56.719,230] [0m<inf> bt_hci_core: Identity: FC:BE:FF:FA:E6:8B (random)[0m
   1.817  [00:05:56.719,247] [0m<inf> bt_hci_core: HCI: version 6.3 (0x11) revision 0x3039, manufacturer 0x0059[0m
   1.817  [00:05:56.719,263] [0m<inf> bt_hci_core: LMP: version 6.3 (0x11) subver 0x3039[0m
   1.817  
   1.817  === nRF54L15 RTT ping-pong PERIPHERAL (echo) ===
   1.817  advertising
   3.109  GAP connected interval=7500
   3.109  PHY tx=2 rx=2
   3.109  P t=1s rxkBps=0 blkkBps=0 pongs=0(+0/s) cancels=0(+0/s) notify=0 disc=0(0x00) | echo rx=0 tx=0 pend=0 stale=0
   3.109  CCC: notify ENABLED
   4.736  P t=2s rxkBps=116 blkkBps=0 pongs=491(+491/s) cancels=0(+0/s) notify=1 disc=0(0x00) | echo rx=0 tx=0 pend=0 stale=0
   4.736  P t=3s rxkBps=127 blkkBps=0 pongs=1024(+533/s) cancels=0(+0/s) notify=1 disc=0(0x00) | echo rx=0 tx=0 pend=0 stale=0
   6.716  P t=4s rxkBps=127 blkkBps=0 pongs=1557(+533/s) cancels=0(+0/s) notify=1 disc=0(0x00) | echo rx=0 tx=0 pend=0 stale=0
   6.716  P t=5s rxkBps=127 blkkBps=0 pongs=2091(+534/s) cancels=0(+0/s) notify=1 disc=0(0x00) | echo rx=0 tx=0 pend=0 stale=0
   8.711  P t=6s rxkBps=127 blkkBps=0 pongs=2624(+533/s) cancels=0(+0/s) notify=1 disc=0(0x00) | echo rx=0 tx=0 pend=0 stale=0
   8.711  P t=7s rxkBps=119 blkkBps=0 pongs=3124(+500/s) cancels=0(+0/s) notify=1 disc=0(0x00) | echo rx=0 tx=0 pend=0 stale=0
  10.698  P t=8s rxkBps=120 blkkBps=0 pongs=3630(+506/s) cancels=0(+0/s) notify=1 disc=0(0x00) | echo rx=0 tx=0 pend=0 stale=0
  10.698  P t=9s rxkBps=116 blkkBps=0 pongs=4118(+488/s) cancels=0(+0/s) notify=1 disc=0(0x00) | echo rx=0 tx=0 pend=0 stale=0
  12.688  P t=10s rxkBps=116 blkkBps=0 pongs=4607(+489/s) cancels=0(+0/s) notify=1 disc=0(0x00) | echo rx=0 tx=0 pend=0 stale=0
  12.743  P t=11s rxkBps=126 blkkBps=0 pongs=5136(+529/s) cancels=0(+0/s) notify=1 disc=0(0x00) | echo rx=0 tx=0 pend=0 stale=0
  14.731  P t=12s rxkBps=126 blkkBps=0 pongs=5668(+532/s) cancels=0(+0/s) notify=1 disc=0(0x00) | echo rx=0 tx=0 pend=0 stale=0
  14.731  P t=13s rxkBps=127 blkkBps=0 pongs=6202(+534/s) cancels=0(+0/s) notify=1 disc=0(0x00) | echo rx=0 tx=0 pend=0 stale=0
  16.732  P t=14s rxkBps=153 blkkBps=0 pongs=6847(+645/s) cancels=0(+0/s) notify=1 disc=0(0x00) | echo rx=0 tx=0 pend=0 stale=0
  16.732  P t=15s rxkBps=157 blkkBps=0 pongs=7506(+659/s) cancels=0(+0/s) notify=1 disc=0(0x00) | echo rx=0 tx=0 pend=0 stale=0
  18.728  P t=16s rxkBps=157 blkkBps=0 pongs=8169(+663/s) cancels=0(+0/s) notify=1 disc=0(0x00) | echo rx=0 tx=0 pend=0 stale=0
  18.728  P t=17s rxkBps=158 blkkBps=0 pongs=8836(+667/s) cancels=0(+0/s) notify=1 disc=0(0x00) | echo rx=0 tx=0 pend=0 stale=0
  20.724  P t=18s rxkBps=158 blkkBps=0 pongs=9502(+666/s) cancels=0(+0/s) notify=1 disc=0(0x00) | echo rx=0 tx=0 pend=0 stale=0
  20.724  P t=19s rxkBps=158 blkkBps=0 pongs=10169(+667/s) cancels=0(+0/s) notify=1 disc=0(0x00) | echo rx=0 tx=0 pend=0 stale=0
  22.725  P t=20s rxkBps=158 blkkBps=0 pongs=10836(+667/s) cancels=0(+0/s) notify=1 disc=0(0x00) | echo rx=0 tx=0 pend=0 stale=0
  22.725  P t=21s rxkBps=158 blkkBps=0 pongs=11502(+666/s) cancels=0(+0/s) notify=1 disc=0(0x00) | echo rx=0 tx=0 pend=0 stale=0
  24.715  P t=22s rxkBps=158 blkkBps=0 pongs=12169(+667/s) cancels=0(+0/s) notify=1 disc=0(0x00) | echo rx=0 tx=0 pend=0 stale=0
  24.715  P t=23s rxkBps=158 blkkBps=0 pongs=12836(+667/s) cancels=0(+0/s) notify=1 disc=0(0x00) | echo rx=0 tx=0 pend=0 stale=0
  26.699  P t=24s rxkBps=158 blkkBps=0 pongs=13503(+667/s) cancels=0(+0/s) notify=1 disc=0(0x00) | echo rx=0 tx=0 pend=0 stale=0
  26.752  P t=25s rxkBps=158 blkkBps=0 pongs=14170(+667/s) cancels=0(+0/s) notify=1 disc=0(0x00) | echo rx=0 tx=0 pend=0 stale=0
  28.699  P t=26s rxkBps=158 blkkBps=0 pongs=14836(+666/s) cancels=0(+0/s) notify=1 disc=0(0x00) | echo rx=0 tx=0 pend=0 stale=0
  28.750  P t=27s rxkBps=158 blkkBps=0 pongs=15503(+667/s) cancels=0(+0/s) notify=1 disc=0(0x00) | echo rx=0 tx=0 pend=0 stale=0
