   1.726  *** Booting nRF Connect SDK v3.4.0-99553055607b ***
   1.726  *** Using Zephyr OS v4.4.0-bf801e4e3d19 ***
   1.726  [01:04:00.124,881] [0m<inf> bt_sdc_hci_driver: SoftDevice Controller build revision:
   1.726                                              c8 da 30 98 f9 f0 34 a4  4b 6e ba d3 08 19 cc 0c |..0...4. Kn......
   1.726                                              ea 51 da 47                                      |.Q.G             [0m
   1.726  [01:04:00.125,664] [1;33m<wrn> bt_hci_core: Num of Controller's ACL packets != ACL bt_conn_tx contexts (10 != 3)[0m
   1.726  [01:04:00.126,307] [0m<inf> bt_hci_core: HW Platform: Nordic Semiconductor (0x0002)[0m
   1.777  [01:04:00.126,318] [0m<inf> bt_hci_core: HW Variant: nRF54Lx (0x0005)[0m
   1.777  [01:04:00.126,329] [0m<inf> bt_hci_core: Firmware: Standard Bluetooth controller (0x00) Version 200.12506 Build 888207768[0m
   1.777  [01:04:00.126,719] [0m<inf> bt_hci_core: HCI transport: SDC[0m
   1.777  [01:04:00.126,765] [0m<inf> bt_hci_core: Identity: FC:BE:FF:FA:E6:8B (random)[0m
   1.777  [01:04:00.126,781] [0m<inf> bt_hci_core: HCI: version 6.3 (0x11) revision 0x3039, manufacturer 0x0059[0m
   1.777  [01:04:00.126,797] [0m<inf> bt_hci_core: LMP: version 6.3 (0x11) subver 0x3039[0m
   1.777  
   1.777  === nRF54L15 RTT ping-pong PERIPHERAL (echo) ===
   1.777  advertising
   2.965  GAP connected interval=37500
   2.965  PHY tx=2 rx=2
   2.965  P t=1s rxkBps=0 blkkBps=0 pongs=0(+0/s) cancels=0(+0/s) notify=0 disc=0(0x00) | echo rx=0 tx=0 pend=0 stale=0
   4.248  CCC: notify ENABLED
   4.248  P t=2s rxkBps=71 blkkBps=0 pongs=301(+301/s) cancels=0(+0/s) notify=1 disc=0(0x00) | echo rx=0 tx=0 pend=0 stale=0
   5.697  P t=3s rxkBps=160 blkkBps=0 pongs=974(+673/s) cancels=0(+0/s) notify=1 disc=0(0x00) | echo rx=0 tx=0 pend=0 stale=0
   5.697  P t=4s rxkBps=154 blkkBps=0 pongs=1622(+648/s) cancels=0(+0/s) notify=1 disc=0(0x00) | echo rx=0 tx=0 pend=0 stale=0
   7.699  P t=5s rxkBps=152 blkkBps=0 pongs=2260(+638/s) cancels=0(+0/s) notify=1 disc=0(0x00) | echo rx=0 tx=0 pend=0 stale=0
   7.699  P t=6s rxkBps=160 blkkBps=0 pongs=2933(+673/s) cancels=0(+0/s) notify=1 disc=0(0x00) | echo rx=0 tx=0 pend=0 stale=0
   9.702  P t=7s rxkBps=156 blkkBps=0 pongs=3588(+655/s) cancels=0(+0/s) notify=1 disc=0(0x00) | echo rx=0 tx=0 pend=0 stale=0
   9.702  P t=8s rxkBps=162 blkkBps=0 pongs=4268(+680/s) cancels=0(+0/s) notify=1 disc=0(0x00) | echo rx=0 tx=0 pend=0 stale=0
  11.709  P t=9s rxkBps=158 blkkBps=0 pongs=4932(+664/s) cancels=0(+0/s) notify=1 disc=0(0x00) | echo rx=0 tx=0 pend=0 stale=0
  11.709  P t=10s rxkBps=164 blkkBps=0 pongs=5623(+691/s) cancels=0(+0/s) notify=1 disc=0(0x00) | echo rx=0 tx=0 pend=0 stale=0
  13.699  P t=11s rxkBps=162 blkkBps=0 pongs=6303(+680/s) cancels=0(+0/s) notify=1 disc=0(0x00) | echo rx=0 tx=0 pend=0 stale=0
  13.699  P t=12s rxkBps=151 blkkBps=0 pongs=6940(+637/s) cancels=0(+0/s) notify=1 disc=0(0x00) | echo rx=0 tx=0 pend=0 stale=0
  15.732  P t=13s rxkBps=162 blkkBps=0 pongs=7621(+681/s) cancels=0(+0/s) notify=1 disc=0(0x00) | echo rx=0 tx=0 pend=0 stale=0
  15.732  P t=14s rxkBps=157 blkkBps=0 pongs=8283(+662/s) cancels=0(+0/s) notify=1 disc=0(0x00) | echo rx=0 tx=0 pend=0 stale=0
  17.732  P t=15s rxkBps=162 blkkBps=0 pongs=8963(+680/s) cancels=0(+0/s) notify=1 disc=0(0x00) | echo rx=0 tx=0 pend=0 stale=0
  17.732  P t=16s rxkBps=152 blkkBps=0 pongs=9604(+641/s) cancels=0(+0/s) notify=1 disc=0(0x00) | echo rx=0 tx=0 pend=0 stale=0
  19.684  P t=17s rxkBps=160 blkkBps=0 pongs=10276(+672/s) cancels=0(+0/s) notify=1 disc=0(0x00) | echo rx=0 tx=0 pend=0 stale=0
  19.736  P t=18s rxkBps=126 blkkBps=0 pongs=10808(+532/s) cancels=0(+0/s) notify=1 disc=0(0x00) | echo rx=0 tx=0 pend=0 stale=0
  21.729  P t=19s rxkBps=132 blkkBps=0 pongs=11364(+556/s) cancels=0(+0/s) notify=1 disc=0(0x00) | echo rx=0 tx=0 pend=0 stale=0
  21.729  P t=20s rxkBps=152 blkkBps=0 pongs=12005(+641/s) cancels=0(+0/s) notify=1 disc=0(0x00) | echo rx=0 tx=0 pend=0 stale=0
  23.688  P t=21s rxkBps=161 blkkBps=0 pongs=12684(+679/s) cancels=0(+0/s) notify=1 disc=0(0x00) | echo rx=0 tx=0 pend=0 stale=0
  23.743  P t=22s rxkBps=156 blkkBps=0 pongs=13339(+655/s) cancels=0(+0/s) notify=1 disc=0(0x00) | echo rx=0 tx=0 pend=0 stale=0
  25.686  P t=23s rxkBps=157 blkkBps=0 pongs=14002(+663/s) cancels=0(+0/s) notify=1 disc=0(0x00) | echo rx=0 tx=0 pend=0 stale=0
  25.741  P t=24s rxkBps=157 blkkBps=0 pongs=14662(+660/s) cancels=0(+0/s) notify=1 disc=0(0x00) | echo rx=0 tx=0 pend=0 stale=0
  27.715  P t=25s rxkBps=152 blkkBps=0 pongs=15300(+638/s) cancels=0(+0/s) notify=1 disc=0(0x00) | echo rx=0 tx=0 pend=0 stale=0
  27.715  P t=26s rxkBps=158 blkkBps=0 pongs=15966(+666/s) cancels=0(+0/s) notify=1 disc=0(0x00) | echo rx=0 tx=0 pend=0 stale=0
  29.698  P t=27s rxkBps=164 blkkBps=0 pongs=16656(+690/s) cancels=0(+0/s) notify=1 disc=0(0x00) | echo rx=0 tx=0 pend=0 stale=0
  29.698  P t=28s rxkBps=153 blkkBps=0 pongs=17300(+644/s) cancels=0(+0/s) notify=1 disc=0(0x00) | echo rx=0 tx=0 pend=0 stale=0
