   1.944  *** Booting nRF Connect SDK v3.4.0-99553055607b ***
   1.944  *** Using Zephyr OS v4.4.0-bf801e4e3d19 ***
   1.944  [00:41:45.480,939] [0m<inf> bt_sdc_hci_driver: SoftDevice Controller build revision:
   1.944                                              c8 da 30 98 f9 f0 34 a4  4b 6e ba d3 08 19 cc 0c |..0...4. Kn......
   1.944                                              ea 51 da 47                                      |.Q.G             [0m
   1.999  [00:41:45.482,143] [0m<inf> bt_hci_core: HW Platform: Nordic Semiconductor (0x0002)[0m
   1.999  [00:41:45.482,155] [0m<inf> bt_hci_core: HW Variant: nRF54Lx (0x0005)[0m
   1.999  [00:41:45.482,167] [0m<inf> bt_hci_core: Firmware: Standard Bluetooth controller (0x00) Version 200.12506 Build 888207768[0m
   1.999  [00:41:45.482,566] [0m<inf> bt_hci_core: HCI transport: SDC[0m
   1.999  [00:41:45.482,613] [0m<inf> bt_hci_core: Identity: D6:C7:60:B1:D3:0E (random)[0m
   1.999  [00:41:45.482,629] [0m<inf> bt_hci_core: HCI: version 6.3 (0x11) revision 0x3039, manufacturer 0x0059[0m
   2.051  [00:41:45.482,644] [0m<inf> bt_hci_core: LMP: version 6.3 (0x11) subver 0x3039[0m
   2.051  
   2.051  === nRF54L15 RTT ping-pong CENTRAL ===
   2.051  scan rc=0
   2.051  GAP connected interval=37500
   3.074  MTU err=0 mtu=247
   3.075  PHY tx=2 rx=2
   3.075  t=1s RTT mean=0 min=0 max=0 n=0 to=0 | cancels=0(+0/s) seqbad=0 len_bad=0 disc=0(0x00) | tot_n=0 tot_to=0 maxever=0 >2ms=0 >5ms=0 >15ms=0 >20ms=0 >30ms=0 | probes=0 wrfail=0 down=1s maxout=1s
   3.075  discovery start (post-PHY +500ms) interval=37500 phy2m=1
   3.233  SUBSCRIBED, vh=18
   3.233  BLAST: phy_update->2M rc=0
   3.233  BLASTC comp=1 exkBps=0 cgap_us[min/avg/max]=4294967295/0/0
   3.233  BLAST phy=2/2 att=1 ok=1 enomem=0 err=0 call_us[min/avg/max]=121/121/121 okgap_max_us=0
   3.288  BLAST first16_call_us: 121 120 117 117 116 117 117 116 110 51 48 48 48 48 48 48
   4.318  PHY tx=2 rx=2
   4.318  BLASTC comp=474 exkBps=0 cgap_us[min/avg/max]=126/1471/25912
   4.318  BLAST phy=2/2 att=484 ok=484 enomem=0 err=0 call_us[min/avg/max]=48/1430/25241 okgap_max_us=25252
   4.318  t=2s RTT mean=0 min=0 max=0 n=0 to=0 | cancels=0(+0/s) seqbad=0 len_bad=0 disc=0(0x00) | tot_n=0 tot_to=0 maxever=0 >2ms=0 >5ms=0 >15ms=0 >20ms=0 >30ms=0 | probes=0 wrfail=0 down=1s maxout=1s
   5.942  BLASTC comp=692 exkBps=0 cgap_us[min/avg/max]=1387/1445/4070
   5.943  BLAST phy=2/2 att=692 ok=692 enomem=0 err=0 call_us[min/avg/max]=1334/1434/4059 okgap_max_us=4070
   5.998  t=3s RTT mean=0 min=0 max=0 n=0 to=0 | cancels=0(+0/s) seqbad=0 len_bad=0 disc=0(0x00) | tot_n=0 tot_to=0 maxever=0 >2ms=0 >5ms=0 >15ms=0 >20ms=0 >30ms=0 | probes=0 wrfail=0 down=1s maxout=1s
   5.998  BLASTC comp=682 exkBps=0 cgap_us[min/avg/max]=1390/1466/18000
   5.998  BLAST phy=2/2 att=682 ok=682 enomem=0 err=0 call_us[min/avg/max]=1329/1455/17989 okgap_max_us=18000
   5.998  t=4s RTT mean=0 min=0 max=0 n=0 to=0 | cancels=0(+0/s) seqbad=0 len_bad=0 disc=0(0x00) | tot_n=0 tot_to=0 maxever=0 >2ms=0 >5ms=0 >15ms=0 >20ms=0 >30ms=0 | probes=0 wrfail=0 down=1s maxout=1s
   7.945  BLASTC comp=692 exkBps=0 cgap_us[min/avg/max]=1386/1445/2780
   7.945  BLAST phy=2/2 att=692 ok=692 enomem=0 err=0 call_us[min/avg/max]=1337/1434/2769 okgap_max_us=2779
   7.945  t=5s RTT mean=0 min=0 max=0 n=0 to=0 | cancels=0(+0/s) seqbad=0 len_bad=0 disc=0(0x00) | tot_n=0 tot_to=0 maxever=0 >2ms=0 >5ms=0 >15ms=0 >20ms=0 >30ms=0 | probes=0 wrfail=0 down=1s maxout=1s
   7.996  BLASTC comp=690 exkBps=0 cgap_us[min/avg/max]=1389/1449/2780
   7.996  BLAST phy=2/2 att=690 ok=690 enomem=0 err=0 call_us[min/avg/max]=1330/1438/2769 okgap_max_us=2780
   7.996  t=6s RTT mean=0 min=0 max=0 n=0 to=0 | cancels=0(+0/s) seqbad=0 len_bad=0 disc=0(0x00) | tot_n=0 tot_to=0 maxever=0 >2ms=0 >5ms=0 >15ms=0 >20ms=0 >30ms=0 | probes=0 wrfail=0 down=1s maxout=1s
   9.953  BLASTC comp=652 exkBps=0 cgap_us[min/avg/max]=1386/1533/40152
   9.953  BLAST phy=2/2 att=652 ok=652 enomem=0 err=0 call_us[min/avg/max]=1339/1522/40141 okgap_max_us=40152
   9.953  t=7s RTT mean=0 min=0 max=0 n=0 to=0 | cancels=0(+0/s) seqbad=0 len_bad=0 disc=0(0x00) | tot_n=0 tot_to=0 maxever=0 >2ms=0 >5ms=0 >15ms=0 >20ms=0 >30ms=0 | probes=0 wrfail=0 down=1s maxout=1s
   9.953  BLASTC comp=693 exkBps=0 cgap_us[min/avg/max]=1390/1443/2779
  10.007  BLAST phy=2/2 att=693 ok=693 enomem=0 err=0 call_us[min/avg/max]=1331/1432/2768 okgap_max_us=2779
  10.007  t=8s RTT mean=0 min=0 max=0 n=0 to=0 | cancels=0(+0/s) seqbad=0 len_bad=0 disc=0(0x00) | tot_n=0 tot_to=0 maxever=0 >2ms=0 >5ms=0 >15ms=0 >20ms=0 >30ms=0 | probes=0 wrfail=0 down=1s maxout=1s
  11.964  BLASTC comp=692 exkBps=0 cgap_us[min/avg/max]=1387/1445/2780
  11.964  BLAST phy=2/2 att=692 ok=692 enomem=0 err=0 call_us[min/avg/max]=1327/1434/2769 okgap_max_us=2780
  11.964  t=9s RTT mean=0 min=0 max=0 n=0 to=0 | cancels=0(+0/s) seqbad=0 len_bad=0 disc=0(0x00) | tot_n=0 tot_to=0 maxever=0 >2ms=0 >5ms=0 >15ms=0 >20ms=0 >30ms=0 | probes=0 wrfail=0 down=1s maxout=1s
  11.964  BLASTC comp=691 exkBps=0 cgap_us[min/avg/max]=1377/1447/2779
  11.964  BLAST phy=2/2 att=691 ok=691 enomem=0 err=0 call_us[min/avg/max]=1272/1436/2768 okgap_max_us=2779
  12.016  t=10s RTT mean=0 min=0 max=0 n=0 to=0 | cancels=0(+0/s) seqbad=0 len_bad=0 disc=0(0x00) | tot_n=0 tot_to=0 maxever=0 >2ms=0 >5ms=0 >15ms=0 >20ms=0 >30ms=0 | probes=0 wrfail=0 down=1s maxout=1s
  13.961  BLASTC comp=691 exkBps=0 cgap_us[min/avg/max]=1387/1447/2781
  13.961  BLAST phy=2/2 att=691 ok=691 enomem=0 err=0 call_us[min/avg/max]=1329/1436/2770 okgap_max_us=2780
  13.961  t=11s RTT mean=0 min=0 max=0 n=0 to=0 | cancels=0(+0/s) seqbad=0 len_bad=0 disc=0(0x00) | tot_n=0 tot_to=0 maxever=0 >2ms=0 >5ms=0 >15ms=0 >20ms=0 >30ms=0 | probes=0 wrfail=0 down=1s maxout=1s
  13.961  BLASTC comp=690 exkBps=0 cgap_us[min/avg/max]=1390/1449/2780
  13.961  BLAST phy=2/2 att=690 ok=690 enomem=0 err=0 call_us[min/avg/max]=1321/1438/2769 okgap_max_us=2780
  14.016  t=12s RTT mean=0 min=0 max=0 n=0 to=0 | cancels=0(+0/s) seqbad=0 len_bad=0 disc=0(0x00) | tot_n=0 tot_to=0 maxever=0 >2ms=0 >5ms=0 >15ms=0 >20ms=0 >30ms=0 | probes=0 wrfail=0 down=1s maxout=1s
  15.958  BLASTC comp=673 exkBps=0 cgap_us[min/avg/max]=1387/1485/29144
  15.958  BLAST phy=2/2 att=673 ok=673 enomem=0 err=0 call_us[min/avg/max]=1328/1474/29134 okgap_max_us=29144
  15.958  t=13s RTT mean=0 min=0 max=0 n=0 to=0 | cancels=0(+0/s) seqbad=0 len_bad=0 disc=0(0x00) | tot_n=0 tot_to=0 maxever=0 >2ms=0 >5ms=0 >15ms=0 >20ms=0 >30ms=0 | probes=0 wrfail=0 down=1s maxout=1s
  15.958  FSU: request [52..52] us (ACL both dirs, 1M+2M) rc=0
  15.958  FSU: updated status=0x00 spacing=70 us phys=0x3 types=0x3 initiator=0
  16.009  BLASTC comp=662 exkBps=0 cgap_us[min/avg/max]=1229/1510/40202
  16.009  BLAST phy=2/2 att=662 ok=662 enomem=0 err=0 call_us[min/avg/max]=1215/1499/40190 okgap_max_us=40201
  16.009  t=14s RTT mean=0 min=0 max=0 n=0 to=0 | cancels=0(+0/s) seqbad=0 len_bad=0 disc=0(0x00) | tot_n=0 tot_to=0 maxever=0 >2ms=0 >5ms=0 >15ms=0 >20ms=0 >30ms=0 | probes=0 wrfail=0 down=1s maxout=1s
  17.959  BLASTC comp=771 exkBps=0 cgap_us[min/avg/max]=1226/1297/2977
  17.959  BLAST phy=2/2 att=771 ok=771 enomem=0 err=0 call_us[min/avg/max]=1155/1286/2966 okgap_max_us=2977
  17.959  t=15s RTT mean=0 min=0 max=0 n=0 to=0 | cancels=0(+0/s) seqbad=0 len_bad=0 disc=0(0x00) | tot_n=0 tot_to=0 maxever=0 >2ms=0 >5ms=0 >15ms=0 >20ms=0 >30ms=0 | probes=0 wrfail=0 down=1s maxout=1s
  17.959  BLASTC comp=771 exkBps=0 cgap_us[min/avg/max]=1229/1297/2977
  18.012  BLAST phy=2/2 att=771 ok=771 enomem=0 err=0 call_us[min/avg/max]=1160/1286/2966 okgap_max_us=2977
  18.012  t=16s RTT mean=0 min=0 max=0 n=0 to=0 | cancels=0(+0/s) seqbad=0 len_bad=0 disc=0(0x00) | tot_n=0 tot_to=0 maxever=0 >2ms=0 >5ms=0 >15ms=0 >20ms=0 >30ms=0 | probes=0 wrfail=0 down=1s maxout=1s
  19.954  BLASTC comp=772 exkBps=0 cgap_us[min/avg/max]=1224/1294/2977
  19.954  BLAST phy=2/2 att=772 ok=772 enomem=0 err=0 call_us[min/avg/max]=1154/1284/2967 okgap_max_us=2977
  19.954  t=17s RTT mean=0 min=0 max=0 n=0 to=0 | cancels=0(+0/s) seqbad=0 len_bad=0 disc=0(0x00) | tot_n=0 tot_to=0 maxever=0 >2ms=0 >5ms=0 >15ms=0 >20ms=0 >30ms=0 | probes=0 wrfail=0 down=1s maxout=1s
  19.954  BLASTC comp=772 exkBps=0 cgap_us[min/avg/max]=1228/1295/2977
  20.009  BLAST phy=2/2 att=772 ok=772 enomem=0 err=0 call_us[min/avg/max]=1161/1284/2967 okgap_max_us=2977
  20.009  t=18s RTT mean=0 min=0 max=0 n=0 to=0 | cancels=0(+0/s) seqbad=0 len_bad=0 disc=0(0x00) | tot_n=0 tot_to=0 maxever=0 >2ms=0 >5ms=0 >15ms=0 >20ms=0 >30ms=0 | probes=0 wrfail=0 down=1s maxout=1s
  21.955  BLASTC comp=772 exkBps=0 cgap_us[min/avg/max]=1224/1295/2977
  21.955  BLAST phy=2/2 att=772 ok=772 enomem=0 err=0 call_us[min/avg/max]=1155/1284/2966 okgap_max_us=2977
  21.955  t=19s RTT mean=0 min=0 max=0 n=0 to=0 | cancels=0(+0/s) seqbad=0 len_bad=0 disc=0(0x00) | tot_n=0 tot_to=0 maxever=0 >2ms=0 >5ms=0 >15ms=0 >20ms=0 >30ms=0 | probes=0 wrfail=0 down=1s maxout=1s
  21.955  BLASTC comp=774 exkBps=0 cgap_us[min/avg/max]=1228/1291/2977
  22.010  BLAST phy=2/2 att=774 ok=774 enomem=0 err=0 call_us[min/avg/max]=1161/1280/2967 okgap_max_us=2977
  22.010  t=20s RTT mean=0 min=0 max=0 n=0 to=0 | cancels=0(+0/s) seqbad=0 len_bad=0 disc=0(0x00) | tot_n=0 tot_to=0 maxever=0 >2ms=0 >5ms=0 >15ms=0 >20ms=0 >30ms=0 | probes=0 wrfail=0 down=1s maxout=1s
  23.914  BLASTC comp=765 exkBps=0 cgap_us[min/avg/max]=1225/1307/12854
  23.969  BLAST phy=2/2 att=765 ok=765 enomem=0 err=0 call_us[min/avg/max]=1168/1296/12843 okgap_max_us=12854
  23.969  t=21s RTT mean=0 min=0 max=0 n=0 to=0 | cancels=0(+0/s) seqbad=0 len_bad=0 disc=0(0x00) | tot_n=0 tot_to=0 maxever=0 >2ms=0 >5ms=0 >15ms=0 >20ms=0 >30ms=0 | probes=0 wrfail=0 down=1s maxout=1s
  23.969  BLASTC comp=745 exkBps=0 cgap_us[min/avg/max]=1228/1342/31344
  23.969  BLAST phy=2/2 att=745 ok=745 enomem=0 err=0 call_us[min/avg/max]=1160/1331/31333 okgap_max_us=31344
  24.024  t=22s RTT mean=0 min=0 max=0 n=0 to=0 | cancels=0(+0/s) seqbad=0 len_bad=0 disc=0(0x00) | tot_n=0 tot_to=0 maxever=0 >2ms=0 >5ms=0 >15ms=0 >20ms=0 >30ms=0 | probes=0 wrfail=0 down=1s maxout=1s
  25.966  BLASTC comp=769 exkBps=0 cgap_us[min/avg/max]=1222/1299/2978
  25.966  BLAST phy=2/2 att=769 ok=769 enomem=0 err=0 call_us[min/avg/max]=1153/1289/2968 okgap_max_us=2978
  25.966  t=23s RTT mean=0 min=0 max=0 n=0 to=0 | cancels=0(+0/s) seqbad=0 len_bad=0 disc=0(0x00) | tot_n=0 tot_to=0 maxever=0 >2ms=0 >5ms=0 >15ms=0 >20ms=0 >30ms=0 | probes=0 wrfail=0 down=1s maxout=1s
  25.966  BLASTC comp=767 exkBps=0 cgap_us[min/avg/max]=1228/1304/5446
  25.966  BLAST phy=2/2 att=767 ok=767 enomem=0 err=0 call_us[min/avg/max]=1160/1293/5435 okgap_max_us=5446
  26.021  t=24s RTT mean=0 min=0 max=0 n=0 to=0 | cancels=0(+0/s) seqbad=0 len_bad=0 disc=0(0x00) | tot_n=0 tot_to=0 maxever=0 >2ms=0 >5ms=0 >15ms=0 >20ms=0 >30ms=0 | probes=0 wrfail=0 down=1s maxout=1s
  27.914  BLASTC comp=772 exkBps=0 cgap_us[min/avg/max]=1225/1295/2977
  27.969  BLAST phy=2/2 att=772 ok=772 enomem=0 err=0 call_us[min/avg/max]=1156/1284/2967 okgap_max_us=2977
  27.969  t=25s RTT mean=0 min=0 max=0 n=0 to=0 | cancels=0(+0/s) seqbad=0 len_bad=0 disc=0(0x00) | tot_n=0 tot_to=0 maxever=0 >2ms=0 >5ms=0 >15ms=0 >20ms=0 >30ms=0 | probes=0 wrfail=0 down=1s maxout=1s
  27.969  BLASTC comp=772 exkBps=0 cgap_us[min/avg/max]=1228/1294/2977
  27.969  BLAST phy=2/2 att=772 ok=772 enomem=0 err=0 call_us[min/avg/max]=1161/1284/2967 okgap_max_us=2977
  28.024  t=26s RTT mean=0 min=0 max=0 n=0 to=0 | cancels=0(+0/s) seqbad=0 len_bad=0 disc=0(0x00) | tot_n=0 tot_to=0 maxever=0 >2ms=0 >5ms=0 >15ms=0 >20ms=0 >30ms=0 | probes=0 wrfail=0 down=1s maxout=1s
  29.966  BLASTC comp=766 exkBps=0 cgap_us[min/avg/max]=1224/1305/2977
  29.966  BLAST phy=2/2 att=766 ok=766 enomem=0 err=0 call_us[min/avg/max]=1169/1294/2967 okgap_max_us=2977
  29.966  t=27s RTT mean=0 min=0 max=0 n=0 to=0 | cancels=0(+0/s) seqbad=0 len_bad=0 disc=0(0x00) | tot_n=0 tot_to=0 maxever=0 >2ms=0 >5ms=0 >15ms=0 >20ms=0 >30ms=0 | probes=0 wrfail=0 down=1s maxout=1s
  29.966  BLASTC comp=772 exkBps=0 cgap_us[min/avg/max]=1229/1295/2977
  29.966  BLAST phy=2/2 att=772 ok=772 enomem=0 err=0 call_us[min/avg/max]=1161/1284/2967 okgap_max_us=2977
