   1.720  *** Booting nRF Connect SDK v3.4.0-99553055607b ***
   1.720  *** Using Zephyr OS v4.4.0-bf801e4e3d19 ***
   1.720  [01:06:50.898,938] [0m<inf> bt_sdc_hci_driver: SoftDevice Controller build revision:
   1.720                                              c8 da 30 98 f9 f0 34 a4  4b 6e ba d3 08 19 cc 0c |..0...4. Kn......
   1.720                                              ea 51 da 47                                      |.Q.G             [0m
   1.774  [01:06:50.899,731] [1;33m<wrn> bt_hci_core: Num of Controller's ACL packets != ACL bt_conn_tx contexts (10 != 3)[0m
   1.774  [01:06:50.900,382] [0m<inf> bt_hci_core: HW Platform: Nordic Semiconductor (0x0002)[0m
   1.774  [01:06:50.900,393] [0m<inf> bt_hci_core: HW Variant: nRF54Lx (0x0005)[0m
   1.774  [01:06:50.900,404] [0m<inf> bt_hci_core: Firmware: Standard Bluetooth controller (0x00) Version 200.12506 Build 888207768[0m
   1.774  [01:06:50.900,799] [0m<inf> bt_hci_core: HCI transport: SDC[0m
   1.774  [01:06:50.900,845] [0m<inf> bt_hci_core: Identity: FC:BE:FF:FA:E6:8B (random)[0m
   1.774  [01:06:50.900,862] [0m<inf> bt_hci_core: HCI: version 6.3 (0x11) revision 0x3039, manufacturer 0x0059[0m
   1.830  [01:06:50.900,878] [0m<inf> bt_hci_core: LMP: version 6.3 (0x11) subver 0x3039[0m
   1.830  
   1.830  === nRF54L15 RTT ping-pong PERIPHERAL (echo) ===
   1.830  advertising
   3.017  GAP connected interval=25000
   3.017  PHY tx=2 rx=2
   3.017  P t=1s rxkBps=0 blkkBps=0 pongs=0(+0/s) cancels=0(+0/s) notify=0 disc=0(0x00) | echo rx=0 tx=0 pend=0 stale=0
   4.001  CCC: notify ENABLED
   4.054  P t=2s rxkBps=105 blkkBps=0 pongs=441(+441/s) cancels=0(+0/s) notify=1 disc=0(0x00) | echo rx=0 tx=0 pend=0 stale=0
   5.736  P t=3s rxkBps=161 blkkBps=0 pongs=1118(+677/s) cancels=0(+0/s) notify=1 disc=0(0x00) | echo rx=0 tx=0 pend=0 stale=0
   5.737  P t=4s rxkBps=160 blkkBps=0 pongs=1793(+675/s) cancels=0(+0/s) notify=1 disc=0(0x00) | echo rx=0 tx=0 pend=0 stale=0
   7.730  P t=5s rxkBps=161 blkkBps=0 pongs=2470(+677/s) cancels=0(+0/s) notify=1 disc=0(0x00) | echo rx=0 tx=0 pend=0 stale=0
   7.730  P t=6s rxkBps=154 blkkBps=0 pongs=3117(+647/s) cancels=0(+0/s) notify=1 disc=0(0x00) | echo rx=0 tx=0 pend=0 stale=0
   9.726  P t=7s rxkBps=144 blkkBps=0 pongs=3723(+606/s) cancels=0(+0/s) notify=1 disc=0(0x00) | echo rx=0 tx=0 pend=0 stale=0
   9.726  P t=8s rxkBps=151 blkkBps=0 pongs=4358(+635/s) cancels=0(+0/s) notify=1 disc=0(0x00) | echo rx=0 tx=0 pend=0 stale=0
  11.712  P t=9s rxkBps=160 blkkBps=0 pongs=5031(+673/s) cancels=0(+0/s) notify=1 disc=0(0x00) | echo rx=0 tx=0 pend=0 stale=0
  11.712  P t=10s rxkBps=161 blkkBps=0 pongs=5707(+676/s) cancels=0(+0/s) notify=1 disc=0(0x00) | echo rx=0 tx=0 pend=0 stale=0
  13.710  P t=11s rxkBps=154 blkkBps=0 pongs=6357(+650/s) cancels=0(+0/s) notify=1 disc=0(0x00) | echo rx=0 tx=0 pend=0 stale=0
  13.710  P t=12s rxkBps=161 blkkBps=0 pongs=7035(+678/s) cancels=0(+0/s) notify=1 disc=0(0x00) | echo rx=0 tx=0 pend=0 stale=0
  15.717  P t=13s rxkBps=159 blkkBps=0 pongs=7705(+670/s) cancels=0(+0/s) notify=1 disc=0(0x00) | echo rx=0 tx=0 pend=0 stale=0
  15.717  P t=14s rxkBps=160 blkkBps=0 pongs=8379(+674/s) cancels=0(+0/s) notify=1 disc=0(0x00) | echo rx=0 tx=0 pend=0 stale=0
  17.719  P t=15s rxkBps=179 blkkBps=0 pongs=9132(+753/s) cancels=0(+0/s) notify=1 disc=0(0x00) | echo rx=0 tx=0 pend=0 stale=0
  17.719  P t=16s rxkBps=179 blkkBps=0 pongs=9886(+754/s) cancels=0(+0/s) notify=1 disc=0(0x00) | echo rx=0 tx=0 pend=0 stale=0
  19.726  P t=17s rxkBps=179 blkkBps=0 pongs=10638(+752/s) cancels=0(+0/s) notify=1 disc=0(0x00) | echo rx=0 tx=0 pend=0 stale=0
  19.727  P t=18s rxkBps=181 blkkBps=0 pongs=11398(+760/s) cancels=0(+0/s) notify=1 disc=0(0x00) | echo rx=0 tx=0 pend=0 stale=0
  21.720  P t=19s rxkBps=180 blkkBps=0 pongs=12157(+759/s) cancels=0(+0/s) notify=1 disc=0(0x00) | echo rx=0 tx=0 pend=0 stale=0
  21.720  P t=20s rxkBps=180 blkkBps=0 pongs=12915(+758/s) cancels=0(+0/s) notify=1 disc=0(0x00) | echo rx=0 tx=0 pend=0 stale=0
  23.710  P t=21s rxkBps=177 blkkBps=0 pongs=13659(+744/s) cancels=0(+0/s) notify=1 disc=0(0x00) | echo rx=0 tx=0 pend=0 stale=0
  23.711  P t=22s rxkBps=177 blkkBps=0 pongs=14403(+744/s) cancels=0(+0/s) notify=1 disc=0(0x00) | echo rx=0 tx=0 pend=0 stale=0
  25.700  P t=23s rxkBps=177 blkkBps=0 pongs=15148(+745/s) cancels=0(+0/s) notify=1 disc=0(0x00) | echo rx=0 tx=0 pend=0 stale=0
  25.751  P t=24s rxkBps=178 blkkBps=0 pongs=15898(+750/s) cancels=0(+0/s) notify=1 disc=0(0x00) | echo rx=0 tx=0 pend=0 stale=0
  27.741  P t=25s rxkBps=176 blkkBps=0 pongs=16640(+742/s) cancels=0(+0/s) notify=1 disc=0(0x00) | echo rx=0 tx=0 pend=0 stale=0
  27.741  P t=26s rxkBps=179 blkkBps=0 pongs=17394(+754/s) cancels=0(+0/s) notify=1 disc=0(0x00) | echo rx=0 tx=0 pend=0 stale=0
  29.737  P t=27s rxkBps=179 blkkBps=0 pongs=18146(+752/s) cancels=0(+0/s) notify=1 disc=0(0x00) | echo rx=0 tx=0 pend=0 stale=0
  29.737  P t=28s rxkBps=176 blkkBps=0 pongs=18887(+741/s) cancels=0(+0/s) notify=1 disc=0(0x00) | echo rx=0 tx=0 pend=0 stale=0
