   2.048  *** Booting nRF Connect SDK v3.4.0-99553055607b ***
   2.048  *** Using Zephyr OS v4.4.0-bf801e4e3d19 ***
   2.048  [00:36:04.096,877] [0m<inf> bt_sdc_hci_driver: SoftDevice Controller build revision:
   2.048                                              c8 da 30 98 f9 f0 34 a4  4b 6e ba d3 08 19 cc 0c |..0...4. Kn......
   2.048                                              ea 51 da 47                                      |.Q.G             [0m
   2.103  [00:36:04.098,020] [0m<inf> bt_hci_core: HW Platform: Nordic Semiconductor (0x0002)[0m
   2.103  [00:36:04.098,033] [0m<inf> bt_hci_core: HW Variant: nRF54Lx (0x0005)[0m
   2.104  [00:36:04.098,045] [0m<inf> bt_hci_core: Firmware: Standard Bluetooth controller (0x00) Version 200.12506 Build 888207768[0m
   2.104  [00:36:04.098,447] [0m<inf> bt_hci_core: HCI transport: SDC[0m
   2.104  [00:36:04.098,496] [0m<inf> bt_hci_core: Identity: D6:C7:60:B1:D3:0E (random)[0m
   2.104  [00:36:04.098,513] [0m<inf> bt_hci_core: HCI: version 6.3 (0x11) revision 0x3039, manufacturer 0x0059[0m
   2.104  [00:36:04.098,528] [0m<inf> bt_hci_core: LMP: version 6.3 (0x11) subver 0x3039[0m
   2.104  
   2.159  === nRF54L15 RTT ping-pong CENTRAL ===
   2.159  scan rc=0
   2.159  GAP connected interval=37500
   3.189  MTU err=0 mtu=247
   3.189  PHY tx=2 rx=2
   3.189  t=1s RTT mean=0 min=0 max=0 n=0 to=0 | cancels=0(+0/s) seqbad=0 len_bad=0 disc=0(0x00) | tot_n=0 tot_to=0 maxever=0 >2ms=0 >5ms=0 >15ms=0 >20ms=0 >30ms=0 | probes=0 wrfail=0 down=1s maxout=1s
   3.189  discovery start (post-PHY +500ms) interval=37500 phy2m=1
   3.354  SUBSCRIBED, vh=18
   3.354  BLAST: phy_update->2M rc=0
   3.354  BLASTC comp=1 exkBps=0 cgap_us[min/avg/max]=4294967295/0/0
   3.354  BLAST phy=2/2 att=1 ok=1 enomem=0 err=0 call_us[min/avg/max]=123/123/123 okgap_max_us=0
   3.354  BLAST first16_call_us: 123 123 118 119 119 118 119 119 112 57 54 54 54 55 55 54
   4.428  PHY tx=2 rx=2
   4.428  t=2s RTT mean=0 min=0 max=0 n=0 to=0 | cancels=0(+0/s) seqbad=0 len_bad=0 disc=0(0x00) | tot_n=0 tot_to=0 maxever=0 >2ms=0 >5ms=0 >15ms=0 >20ms=0 >30ms=0 | probes=0 wrfail=0 down=1s maxout=1s
   4.428  BLASTC comp=470 exkBps=0 cgap_us[min/avg/max]=128/1485/31965
   4.428  BLAST phy=2/2 att=480 ok=480 enomem=0 err=0 call_us[min/avg/max]=54/1443/31235 okgap_max_us=31246
   6.047  t=3s RTT mean=0 min=0 max=0 n=0 to=0 | cancels=0(+0/s) seqbad=0 len_bad=0 disc=0(0x00) | tot_n=0 tot_to=0 maxever=0 >2ms=0 >5ms=0 >15ms=0 >20ms=0 >30ms=0 | probes=0 wrfail=0 down=1s maxout=1s
   6.047  BLASTC comp=672 exkBps=0 cgap_us[min/avg/max]=1388/1488/15223
   6.047  BLAST phy=2/2 att=672 ok=672 enomem=0 err=0 call_us[min/avg/max]=1319/1477/15206 okgap_max_us=15216
   6.103  BLASTC comp=693 exkBps=0 cgap_us[min/avg/max]=1380/1442/2664
   6.103  BLAST phy=2/2 att=693 ok=693 enomem=0 err=0 call_us[min/avg/max]=1213/1432/2653 okgap_max_us=2664
   6.103  t=4s RTT mean=0 min=0 max=0 n=0 to=0 | cancels=0(+0/s) seqbad=0 len_bad=0 disc=0(0x00) | tot_n=0 tot_to=0 maxever=0 >2ms=0 >5ms=0 >15ms=0 >20ms=0 >30ms=0 | probes=0 wrfail=0 down=1s maxout=1s
   8.039  BLASTC comp=691 exkBps=0 cgap_us[min/avg/max]=1390/1447/2782
   8.039  BLAST phy=2/2 att=691 ok=691 enomem=0 err=0 call_us[min/avg/max]=1325/1436/2770 okgap_max_us=2781
   8.090  t=5s RTT mean=0 min=0 max=0 n=0 to=0 | cancels=0(+0/s) seqbad=0 len_bad=0 disc=0(0x00) | tot_n=0 tot_to=0 maxever=0 >2ms=0 >5ms=0 >15ms=0 >20ms=0 >30ms=0 | probes=0 wrfail=0 down=1s maxout=1s
   8.090  BLASTC comp=670 exkBps=0 cgap_us[min/avg/max]=1390/1492/31930
   8.090  BLAST phy=2/2 att=670 ok=670 enomem=0 err=0 call_us[min/avg/max]=1330/1481/31920 okgap_max_us=31931
   8.090  t=6s RTT mean=0 min=0 max=0 n=0 to=0 | cancels=0(+0/s) seqbad=0 len_bad=0 disc=0(0x00) | tot_n=0 tot_to=0 maxever=0 >2ms=0 >5ms=0 >15ms=0 >20ms=0 >30ms=0 | probes=0 wrfail=0 down=1s maxout=1s
  10.024  BLASTC comp=691 exkBps=0 cgap_us[min/avg/max]=1386/1447/2780
  10.075  BLAST phy=2/2 att=691 ok=691 enomem=0 err=0 call_us[min/avg/max]=1342/1436/2770 okgap_max_us=2780
  10.075  t=7s RTT mean=0 min=0 max=0 n=0 to=0 | cancels=0(+0/s) seqbad=0 len_bad=0 disc=0(0x00) | tot_n=0 tot_to=0 maxever=0 >2ms=0 >5ms=0 >15ms=0 >20ms=0 >30ms=0 | probes=0 wrfail=0 down=1s maxout=1s
  10.075  BLASTC comp=690 exkBps=0 cgap_us[min/avg/max]=1389/1449/2780
  10.075  BLAST phy=2/2 att=690 ok=690 enomem=0 err=0 call_us[min/avg/max]=1331/1438/2770 okgap_max_us=2780
  10.127  t=8s RTT mean=0 min=0 max=0 n=0 to=0 | cancels=0(+0/s) seqbad=0 len_bad=0 disc=0(0x00) | tot_n=0 tot_to=0 maxever=0 >2ms=0 >5ms=0 >15ms=0 >20ms=0 >30ms=0 | probes=0 wrfail=0 down=1s maxout=1s
  12.020  BLASTC comp=692 exkBps=0 cgap_us[min/avg/max]=1388/1445/2805
  12.075  BLAST phy=2/2 att=692 ok=692 enomem=0 err=0 call_us[min/avg/max]=1330/1434/2795 okgap_max_us=2806
  12.075  t=9s RTT mean=0 min=0 max=0 n=0 to=0 | cancels=0(+0/s) seqbad=0 len_bad=0 disc=0(0x00) | tot_n=0 tot_to=0 maxever=0 >2ms=0 >5ms=0 >15ms=0 >20ms=0 >30ms=0 | probes=0 wrfail=0 down=1s maxout=1s
  12.075  BLASTC comp=692 exkBps=0 cgap_us[min/avg/max]=1389/1445/2780
  12.075  BLAST phy=2/2 att=692 ok=692 enomem=0 err=0 call_us[min/avg/max]=1330/1434/2769 okgap_max_us=2780
  12.130  t=10s RTT mean=0 min=0 max=0 n=0 to=0 | cancels=0(+0/s) seqbad=0 len_bad=0 disc=0(0x00) | tot_n=0 tot_to=0 maxever=0 >2ms=0 >5ms=0 >15ms=0 >20ms=0 >30ms=0 | probes=0 wrfail=0 down=1s maxout=1s
  14.064  BLASTC comp=684 exkBps=0 cgap_us[min/avg/max]=1387/1462/15214
  14.064  BLAST phy=2/2 att=684 ok=684 enomem=0 err=0 call_us[min/avg/max]=1345/1451/15204 okgap_max_us=15215
  14.064  t=11s RTT mean=0 min=0 max=0 n=0 to=0 | cancels=0(+0/s) seqbad=0 len_bad=0 disc=0(0x00) | tot_n=0 tot_to=0 maxever=0 >2ms=0 >5ms=0 >15ms=0 >20ms=0 >30ms=0 | probes=0 wrfail=0 down=1s maxout=1s
  14.064  BLASTC comp=667 exkBps=0 cgap_us[min/avg/max]=1386/1499/30537
  14.064  BLAST phy=2/2 att=667 ok=667 enomem=0 err=0 call_us[min/avg/max]=1333/1488/30528 okgap_max_us=30538
  14.119  t=12s RTT mean=0 min=0 max=0 n=0 to=0 | cancels=0(+0/s) seqbad=0 len_bad=0 disc=0(0x00) | tot_n=0 tot_to=0 maxever=0 >2ms=0 >5ms=0 >15ms=0 >20ms=0 >30ms=0 | probes=0 wrfail=0 down=1s maxout=1s
  16.067  BLASTC comp=687 exkBps=0 cgap_us[min/avg/max]=1380/1455/11034
  16.067  BLAST phy=2/2 att=687 ok=687 enomem=0 err=0 call_us[min/avg/max]=1271/1444/11024 okgap_max_us=11035
  16.067  t=13s RTT mean=0 min=0 max=0 n=0 to=0 | cancels=0(+0/s) seqbad=0 len_bad=0 disc=0(0x00) | tot_n=0 tot_to=0 maxever=0 >2ms=0 >5ms=0 >15ms=0 >20ms=0 >30ms=0 | probes=0 wrfail=0 down=1s maxout=1s
  16.067  BLASTC comp=691 exkBps=0 cgap_us[min/avg/max]=1389/1447/2780
  16.067  BLAST phy=2/2 att=691 ok=691 enomem=0 err=0 call_us[min/avg/max]=1319/1436/2770 okgap_max_us=2781
  16.123  t=14s RTT mean=0 min=0 max=0 n=0 to=0 | cancels=0(+0/s) seqbad=0 len_bad=0 disc=0(0x00) | tot_n=0 tot_to=0 maxever=0 >2ms=0 >5ms=0 >15ms=0 >20ms=0 >30ms=0 | probes=0 wrfail=0 down=1s maxout=1s
  18.060  BLASTC comp=692 exkBps=0 cgap_us[min/avg/max]=1388/1445/2805
  18.060  BLAST phy=2/2 att=692 ok=692 enomem=0 err=0 call_us[min/avg/max]=1318/1434/2796 okgap_max_us=2806
  18.060  t=15s RTT mean=0 min=0 max=0 n=0 to=0 | cancels=0(+0/s) seqbad=0 len_bad=0 disc=0(0x00) | tot_n=0 tot_to=0 maxever=0 >2ms=0 >5ms=0 >15ms=0 >20ms=0 >30ms=0 | probes=0 wrfail=0 down=1s maxout=1s
  18.060  BLASTC comp=668 exkBps=0 cgap_us[min/avg/max]=1390/1496/24965
  18.115  BLAST phy=2/2 att=668 ok=668 enomem=0 err=0 call_us[min/avg/max]=1320/1486/24955 okgap_max_us=24965
  18.115  t=16s RTT mean=0 min=0 max=0 n=0 to=0 | cancels=0(+0/s) seqbad=0 len_bad=0 disc=0(0x00) | tot_n=0 tot_to=0 maxever=0 >2ms=0 >5ms=0 >15ms=0 >20ms=0 >30ms=0 | probes=0 wrfail=0 down=1s maxout=1s
  20.047  BLASTC comp=630 exkBps=0 cgap_us[min/avg/max]=1389/1587/33323
  20.047  BLAST phy=2/2 att=630 ok=630 enomem=0 err=0 call_us[min/avg/max]=1331/1576/33313 okgap_max_us=33324
  20.047  t=17s RTT mean=0 min=0 max=0 n=0 to=0 | cancels=0(+0/s) seqbad=0 len_bad=0 disc=0(0x00) | tot_n=0 tot_to=0 maxever=0 >2ms=0 >5ms=0 >15ms=0 >20ms=0 >30ms=0 | probes=0 wrfail=0 down=1s maxout=1s
  20.100  BLASTC comp=689 exkBps=0 cgap_us[min/avg/max]=1389/1451/2780
  20.100  BLAST phy=2/2 att=689 ok=689 enomem=0 err=0 call_us[min/avg/max]=1320/1440/2770 okgap_max_us=2780
  20.100  t=18s RTT mean=0 min=0 max=0 n=0 to=0 | cancels=0(+0/s) seqbad=0 len_bad=0 disc=0(0x00) | tot_n=0 tot_to=0 maxever=0 >2ms=0 >5ms=0 >15ms=0 >20ms=0 >30ms=0 | probes=0 wrfail=0 down=1s maxout=1s
  22.048  BLASTC comp=604 exkBps=0 cgap_us[min/avg/max]=1389/1655/29144
  22.049  BLAST phy=2/2 att=604 ok=604 enomem=0 err=0 call_us[min/avg/max]=1330/1644/29134 okgap_max_us=29145
  22.049  t=19s RTT mean=0 min=0 max=0 n=0 to=0 | cancels=0(+0/s) seqbad=0 len_bad=0 disc=0(0x00) | tot_n=0 tot_to=0 maxever=0 >2ms=0 >5ms=0 >15ms=0 >20ms=0 >30ms=0 | probes=0 wrfail=0 down=1s maxout=1s
  22.100  BLASTC comp=673 exkBps=0 cgap_us[min/avg/max]=1387/1485/24965
  22.100  BLAST phy=2/2 att=673 ok=673 enomem=0 err=0 call_us[min/avg/max]=1319/1475/24956 okgap_max_us=24966
  22.100  t=20s RTT mean=0 min=0 max=0 n=0 to=0 | cancels=0(+0/s) seqbad=0 len_bad=0 disc=0(0x00) | tot_n=0 tot_to=0 maxever=0 >2ms=0 >5ms=0 >15ms=0 >20ms=0 >30ms=0 | probes=0 wrfail=0 down=1s maxout=1s
  24.016  BLASTC comp=682 exkBps=0 cgap_us[min/avg/max]=1387/1466/11035
  24.067  BLAST phy=2/2 att=682 ok=682 enomem=0 err=0 call_us[min/avg/max]=1316/1455/11025 okgap_max_us=11035
  24.067  t=21s RTT mean=0 min=0 max=0 n=0 to=0 | cancels=0(+0/s) seqbad=0 len_bad=0 disc=0(0x00) | tot_n=0 tot_to=0 maxever=0 >2ms=0 >5ms=0 >15ms=0 >20ms=0 >30ms=0 | probes=0 wrfail=0 down=1s maxout=1s
  24.067  BLASTC comp=648 exkBps=0 cgap_us[min/avg/max]=1378/1543/37499
  24.067  BLAST phy=2/2 att=648 ok=648 enomem=0 err=0 call_us[min/avg/max]=1272/1532/37489 okgap_max_us=37499
  24.123  t=22s RTT mean=0 min=0 max=0 n=0 to=0 | cancels=0(+0/s) seqbad=0 len_bad=0 disc=0(0x00) | tot_n=0 tot_to=0 maxever=0 >2ms=0 >5ms=0 >15ms=0 >20ms=0 >30ms=0 | probes=0 wrfail=0 down=1s maxout=1s
  26.047  BLASTC comp=670 exkBps=0 cgap_us[min/avg/max]=1389/1492/34716
  26.047  BLAST phy=2/2 att=670 ok=670 enomem=0 err=0 call_us[min/avg/max]=1330/1481/34707 okgap_max_us=34717
  26.047  t=23s RTT mean=0 min=0 max=0 n=0 to=0 | cancels=0(+0/s) seqbad=0 len_bad=0 disc=0(0x00) | tot_n=0 tot_to=0 maxever=0 >2ms=0 >5ms=0 >15ms=0 >20ms=0 >30ms=0 | probes=0 wrfail=0 down=1s maxout=1s
  26.101  BLASTC comp=629 exkBps=0 cgap_us[min/avg/max]=1389/1589/37501
  26.101  BLAST phy=2/2 att=629 ok=629 enomem=0 err=0 call_us[min/avg/max]=1320/1579/37490 okgap_max_us=37501
  26.101  t=24s RTT mean=0 min=0 max=0 n=0 to=0 | cancels=0(+0/s) seqbad=0 len_bad=0 disc=0(0x00) | tot_n=0 tot_to=0 maxever=0 >2ms=0 >5ms=0 >15ms=0 >20ms=0 >30ms=0 | probes=0 wrfail=0 down=1s maxout=1s
  28.048  BLASTC comp=548 exkBps=0 cgap_us[min/avg/max]=1386/1824/40156
  28.048  BLAST phy=2/2 att=548 ok=548 enomem=0 err=0 call_us[min/avg/max]=1331/1814/40146 okgap_max_us=40156
  28.048  t=25s RTT mean=0 min=0 max=0 n=0 to=0 | cancels=0(+0/s) seqbad=0 len_bad=0 disc=0(0x00) | tot_n=0 tot_to=0 maxever=0 >2ms=0 >5ms=0 >15ms=0 >20ms=0 >30ms=0 | probes=0 wrfail=0 down=1s maxout=1s
  28.103  BLASTC comp=641 exkBps=0 cgap_us[min/avg/max]=1390/1560/26358
  28.103  BLAST phy=2/2 att=641 ok=641 enomem=0 err=0 call_us[min/avg/max]=1319/1549/26349 okgap_max_us=26359
  28.103  t=26s RTT mean=0 min=0 max=0 n=0 to=0 | cancels=0(+0/s) seqbad=0 len_bad=0 disc=0(0x00) | tot_n=0 tot_to=0 maxever=0 >2ms=0 >5ms=0 >15ms=0 >20ms=0 >30ms=0 | probes=0 wrfail=0 down=1s maxout=1s
