   1.684  *** Booting nRF Connect SDK v3.4.0-99553055607b ***
   1.684  *** Using Zephyr OS v4.4.0-bf801e4e3d19 ***
   1.685  [00:51:29.021,349] [0m<inf> bt_sdc_hci_driver: SoftDevice Controller build revision:
   1.740                                              c8 da 30 98 f9 f0 34 a4  4b 6e ba d3 08 19 cc 0c |..0...4. Kn......
   1.740                                              ea 51 da 47                                      |.Q.G             [0m
   1.740  [00:51:29.022,142] [1;33m<wrn> bt_hci_core: Num of Controller's ACL packets != ACL bt_conn_tx contexts (10 != 3)[0m
   1.740  [00:51:29.022,793] [0m<inf> bt_hci_core: HW Platform: Nordic Semiconductor (0x0002)[0m
   1.740  [00:51:29.022,804] [0m<inf> bt_hci_core: HW Variant: nRF54Lx (0x0005)[0m
   1.795  [00:51:29.022,815] [0m<inf> bt_hci_core: Firmware: Standard Bluetooth controller (0x00) Version 200.12506 Build 888207768[0m
   1.795  [00:51:29.023,210] [0m<inf> bt_hci_core: HCI transport: SDC[0m
   1.795  [00:51:29.023,256] [0m<inf> bt_hci_core: Identity: FC:BE:FF:FA:E6:8B (random)[0m
   1.795  [00:51:29.023,273] [0m<inf> bt_hci_core: HCI: version 6.3 (0x11) revision 0x3039, manufacturer 0x0059[0m
   1.795  [00:51:29.023,289] [0m<inf> bt_hci_core: LMP: version 6.3 (0x11) subver 0x3039[0m
   1.795  
   1.795  === nRF54L15 RTT ping-pong PERIPHERAL (echo) ===
   1.795  advertising
   2.977  GAP connected interval=7500
   2.978  PHY tx=2 rx=2
   2.978  CCC: notify ENABLED
   2.978  P t=1s rxkBps=2 blkkBps=0 pongs=11(+11/s) cancels=0(+0/s) notify=1 disc=0(0x00) | echo rx=0 tx=0 pend=0 stale=0
   4.717  P t=2s rxkBps=127 blkkBps=0 pongs=544(+533/s) cancels=0(+0/s) notify=1 disc=0(0x00) | echo rx=0 tx=0 pend=0 stale=0
   4.717  P t=3s rxkBps=127 blkkBps=0 pongs=1077(+533/s) cancels=0(+0/s) notify=1 disc=0(0x00) | echo rx=0 tx=0 pend=0 stale=0
   6.718  P t=4s rxkBps=127 blkkBps=0 pongs=1611(+534/s) cancels=0(+0/s) notify=1 disc=0(0x00) | echo rx=0 tx=0 pend=0 stale=0
   6.718  P t=5s rxkBps=127 blkkBps=0 pongs=2144(+533/s) cancels=0(+0/s) notify=1 disc=0(0x00) | echo rx=0 tx=0 pend=0 stale=0
   8.709  P t=6s rxkBps=127 blkkBps=0 pongs=2677(+533/s) cancels=0(+0/s) notify=1 disc=0(0x00) | echo rx=0 tx=0 pend=0 stale=0
   8.709  P t=7s rxkBps=127 blkkBps=0 pongs=3211(+534/s) cancels=0(+0/s) notify=1 disc=0(0x00) | echo rx=0 tx=0 pend=0 stale=0
  10.712  P t=8s rxkBps=127 blkkBps=0 pongs=3744(+533/s) cancels=0(+0/s) notify=1 disc=0(0x00) | echo rx=0 tx=0 pend=0 stale=0
  10.712  P t=9s rxkBps=127 blkkBps=0 pongs=4278(+534/s) cancels=0(+0/s) notify=1 disc=0(0x00) | echo rx=0 tx=0 pend=0 stale=0
  12.708  P t=10s rxkBps=127 blkkBps=0 pongs=4812(+534/s) cancels=0(+0/s) notify=1 disc=0(0x00) | echo rx=0 tx=0 pend=0 stale=0
  12.708  P t=11s rxkBps=126 blkkBps=0 pongs=5344(+532/s) cancels=0(+0/s) notify=1 disc=0(0x00) | echo rx=0 tx=0 pend=0 stale=0
  14.701  P t=12s rxkBps=127 blkkBps=0 pongs=5878(+534/s) cancels=0(+0/s) notify=1 disc=0(0x00) | echo rx=0 tx=0 pend=0 stale=0
  14.701  P t=13s rxkBps=125 blkkBps=0 pongs=6406(+528/s) cancels=0(+0/s) notify=1 disc=0(0x00) | echo rx=0 tx=0 pend=0 stale=0
  16.696  P t=14s rxkBps=158 blkkBps=0 pongs=7070(+664/s) cancels=0(+0/s) notify=1 disc=0(0x00) | echo rx=0 tx=0 pend=0 stale=0
  16.696  P t=15s rxkBps=158 blkkBps=0 pongs=7735(+665/s) cancels=0(+0/s) notify=1 disc=0(0x00) | echo rx=0 tx=0 pend=0 stale=0
  18.700  P t=16s rxkBps=157 blkkBps=0 pongs=8397(+662/s) cancels=0(+0/s) notify=1 disc=0(0x00) | echo rx=0 tx=0 pend=0 stale=0
  18.700  P t=17s rxkBps=157 blkkBps=0 pongs=9058(+661/s) cancels=0(+0/s) notify=1 disc=0(0x00) | echo rx=0 tx=0 pend=0 stale=0
  20.699  P t=18s rxkBps=158 blkkBps=0 pongs=9723(+665/s) cancels=0(+0/s) notify=1 disc=0(0x00) | echo rx=0 tx=0 pend=0 stale=0
  20.699  P t=19s rxkBps=158 blkkBps=0 pongs=10387(+664/s) cancels=0(+0/s) notify=1 disc=0(0x00) | echo rx=0 tx=0 pend=0 stale=0
  22.704  P t=20s rxkBps=157 blkkBps=0 pongs=11046(+659/s) cancels=0(+0/s) notify=1 disc=0(0x00) | echo rx=0 tx=0 pend=0 stale=0
  22.704  P t=21s rxkBps=157 blkkBps=0 pongs=11708(+662/s) cancels=0(+0/s) notify=1 disc=0(0x00) | echo rx=0 tx=0 pend=0 stale=0
  24.688  P t=22s rxkBps=157 blkkBps=0 pongs=12370(+662/s) cancels=0(+0/s) notify=1 disc=0(0x00) | echo rx=0 tx=0 pend=0 stale=0
  24.743  P t=23s rxkBps=157 blkkBps=0 pongs=13032(+662/s) cancels=0(+0/s) notify=1 disc=0(0x00) | echo rx=0 tx=0 pend=0 stale=0
  26.686  P t=24s rxkBps=157 blkkBps=0 pongs=13694(+662/s) cancels=0(+0/s) notify=1 disc=0(0x00) | echo rx=0 tx=0 pend=0 stale=0
  26.741  P t=25s rxkBps=157 blkkBps=0 pongs=14356(+662/s) cancels=0(+0/s) notify=1 disc=0(0x00) | echo rx=0 tx=0 pend=0 stale=0
  28.729  P t=26s rxkBps=158 blkkBps=0 pongs=15020(+664/s) cancels=0(+0/s) notify=1 disc=0(0x00) | echo rx=0 tx=0 pend=0 stale=0
  28.729  P t=27s rxkBps=157 blkkBps=0 pongs=15683(+663/s) cancels=0(+0/s) notify=1 disc=0(0x00) | echo rx=0 tx=0 pend=0 stale=0
