   1.685  *** Booting nRF Connect SDK v3.4.0-99553055607b ***
   1.737  *** Using Zephyr OS v4.4.0-bf801e4e3d19 ***
   1.737  [01:08:33.211,468] [0m<inf> bt_sdc_hci_driver: SoftDevice Controller build revision:
   1.737                                              c8 da 30 98 f9 f0 34 a4  4b 6e ba d3 08 19 cc 0c |..0...4. Kn......
   1.737                                              ea 51 da 47                                      |.Q.G             [0m
   1.737  [01:08:33.212,261] [1;33m<wrn> bt_hci_core: Num of Controller's ACL packets != ACL bt_conn_tx contexts (10 != 3)[0m
   1.737  [01:08:33.212,911] [0m<inf> bt_hci_core: HW Platform: Nordic Semiconductor (0x0002)[0m
   1.792  [01:08:33.212,923] [0m<inf> bt_hci_core: HW Variant: nRF54Lx (0x0005)[0m
   1.792  [01:08:33.212,934] [0m<inf> bt_hci_core: Firmware: Standard Bluetooth controller (0x00) Version 200.12506 Build 888207768[0m
   1.792  [01:08:33.213,329] [0m<inf> bt_hci_core: HCI transport: SDC[0m
   1.792  [01:08:33.213,375] [0m<inf> bt_hci_core: Identity: FC:BE:FF:FA:E6:8B (random)[0m
   1.792  [01:08:33.213,391] [0m<inf> bt_hci_core: HCI: version 6.3 (0x11) revision 0x3039, manufacturer 0x0059[0m
   1.792  [01:08:33.213,407] [0m<inf> bt_hci_core: LMP: version 6.3 (0x11) subver 0x3039[0m
   1.792  
   1.792  === nRF54L15 RTT ping-pong PERIPHERAL (echo) ===
   1.792  advertising
   3.092  GAP connected interval=15000
   3.092  PHY tx=2 rx=2
   3.092  P t=1s rxkBps=0 blkkBps=0 pongs=0(+0/s) cancels=0(+0/s) notify=0 disc=0(0x00) | echo rx=0 tx=0 pend=0 stale=0
   3.092  CCC: notify ENABLED
   4.718  P t=2s rxkBps=117 blkkBps=0 pongs=495(+495/s) cancels=0(+0/s) notify=1 disc=0(0x00) | echo rx=0 tx=0 pend=0 stale=0
   4.718  P t=3s rxkBps=140 blkkBps=0 pongs=1086(+591/s) cancels=0(+0/s) notify=1 disc=0(0x00) | echo rx=0 tx=0 pend=0 stale=0
   6.719  P t=4s rxkBps=141 blkkBps=0 pongs=1678(+592/s) cancels=0(+0/s) notify=1 disc=0(0x00) | echo rx=0 tx=0 pend=0 stale=0
   6.719  P t=5s rxkBps=141 blkkBps=0 pongs=2271(+593/s) cancels=0(+0/s) notify=1 disc=0(0x00) | echo rx=0 tx=0 pend=0 stale=0
   8.737  P t=6s rxkBps=142 blkkBps=0 pongs=2868(+597/s) cancels=0(+0/s) notify=1 disc=0(0x00) | echo rx=0 tx=0 pend=0 stale=0
   8.737  P t=7s rxkBps=142 blkkBps=0 pongs=3466(+598/s) cancels=0(+0/s) notify=1 disc=0(0x00) | echo rx=0 tx=0 pend=0 stale=0
  10.734  P t=8s rxkBps=142 blkkBps=0 pongs=4064(+598/s) cancels=0(+0/s) notify=1 disc=0(0x00) | echo rx=0 tx=0 pend=0 stale=0
  10.734  P t=9s rxkBps=142 blkkBps=0 pongs=4662(+598/s) cancels=0(+0/s) notify=1 disc=0(0x00) | echo rx=0 tx=0 pend=0 stale=0
  12.703  P t=10s rxkBps=142 blkkBps=0 pongs=5258(+596/s) cancels=0(+0/s) notify=1 disc=0(0x00) | echo rx=0 tx=0 pend=0 stale=0
  12.703  P t=11s rxkBps=140 blkkBps=0 pongs=5848(+590/s) cancels=0(+0/s) notify=1 disc=0(0x00) | echo rx=0 tx=0 pend=0 stale=0
  14.707  P t=12s rxkBps=142 blkkBps=0 pongs=6445(+597/s) cancels=0(+0/s) notify=1 disc=0(0x00) | echo rx=0 tx=0 pend=0 stale=0
  14.707  P t=13s rxkBps=140 blkkBps=0 pongs=7034(+589/s) cancels=0(+0/s) notify=1 disc=0(0x00) | echo rx=0 tx=0 pend=0 stale=0
  16.721  P t=14s rxkBps=141 blkkBps=0 pongs=7629(+595/s) cancels=0(+0/s) notify=1 disc=0(0x00) | echo rx=0 tx=0 pend=0 stale=0
  16.721  P t=15s rxkBps=142 blkkBps=0 pongs=8225(+596/s) cancels=0(+0/s) notify=1 disc=0(0x00) | echo rx=0 tx=0 pend=0 stale=0
  18.730  P t=16s rxkBps=142 blkkBps=0 pongs=8823(+598/s) cancels=0(+0/s) notify=1 disc=0(0x00) | echo rx=0 tx=0 pend=0 stale=0
  18.730  P t=17s rxkBps=141 blkkBps=0 pongs=9415(+592/s) cancels=0(+0/s) notify=1 disc=0(0x00) | echo rx=0 tx=0 pend=0 stale=0
  20.735  P t=18s rxkBps=140 blkkBps=0 pongs=10006(+591/s) cancels=0(+0/s) notify=1 disc=0(0x00) | echo rx=0 tx=0 pend=0 stale=0
  20.735  P t=19s rxkBps=140 blkkBps=0 pongs=10594(+588/s) cancels=0(+0/s) notify=1 disc=0(0x00) | echo rx=0 tx=0 pend=0 stale=0
  22.732  P t=20s rxkBps=139 blkkBps=0 pongs=11180(+586/s) cancels=0(+0/s) notify=1 disc=0(0x00) | echo rx=0 tx=0 pend=0 stale=0
  22.732  P t=21s rxkBps=140 blkkBps=0 pongs=11770(+590/s) cancels=0(+0/s) notify=1 disc=0(0x00) | echo rx=0 tx=0 pend=0 stale=0
  24.721  P t=22s rxkBps=142 blkkBps=0 pongs=12367(+597/s) cancels=0(+0/s) notify=1 disc=0(0x00) | echo rx=0 tx=0 pend=0 stale=0
  24.721  P t=23s rxkBps=140 blkkBps=0 pongs=12958(+591/s) cancels=0(+0/s) notify=1 disc=0(0x00) | echo rx=0 tx=0 pend=0 stale=0
  26.734  P t=24s rxkBps=142 blkkBps=0 pongs=13557(+599/s) cancels=0(+0/s) notify=1 disc=0(0x00) | echo rx=0 tx=0 pend=0 stale=0
  26.734  P t=25s rxkBps=142 blkkBps=0 pongs=14153(+596/s) cancels=0(+0/s) notify=1 disc=0(0x00) | echo rx=0 tx=0 pend=0 stale=0
  28.744  P t=26s rxkBps=141 blkkBps=0 pongs=14748(+595/s) cancels=0(+0/s) notify=1 disc=0(0x00) | echo rx=0 tx=0 pend=0 stale=0
  28.744  P t=27s rxkBps=141 blkkBps=0 pongs=15343(+595/s) cancels=0(+0/s) notify=1 disc=0(0x00) | echo rx=0 tx=0 pend=0 stale=0
