   1.930  *** Booting nRF Connect SDK v3.4.0-99553055607b ***
   1.930  *** Using Zephyr OS v4.4.0-bf801e4e3d19 ***
   1.930  [00:15:43.728,177] [0m<inf> bt_sdc_hci_driver: SoftDevice Controller build revision:
   1.990                                              c8 da 30 98 f9 f0 34 a4  4b 6e ba d3 08 19 cc 0c |..0...4. Kn......
   1.991                                              ea 51 da 47                                      |.Q.G             [0m
   1.991  [00:15:43.729,396] [0m<inf> bt_hci_core: HW Platform: Nordic Semiconductor (0x0002)[0m
   1.991  [00:15:43.729,408] [0m<inf> bt_hci_core: HW Variant: nRF54Lx (0x0005)[0m
   1.991  [00:15:43.729,420] [0m<inf> bt_hci_core: Firmware: Standard Bluetooth controller (0x00) Version 200.12506 Build 888207768[0m
   1.991  [00:15:43.729,823] [0m<inf> bt_hci_core: HCI transport: SDC[0m
   1.991  [00:15:43.729,871] [0m<inf> bt_hci_core: Identity: D6:C7:60:B1:D3:0E (random)[0m
   2.046  [00:15:43.729,888] [0m<inf> bt_hci_core: HCI: version 6.3 (0x11) revision 0x3039, manufacturer 0x0059[0m
   2.046  [00:15:43.729,903] [0m<inf> bt_hci_core: LMP: version 6.3 (0x11) subver 0x3039[0m
   2.046  
   2.046  === nRF54L15 RTT ping-pong CENTRAL ===
   2.046  scan rc=0
   2.046  GAP connected interval=37500
   3.086  MTU err=0 mtu=247
   3.086  PHY tx=2 rx=2
   3.086  t=1s RTT mean=0 min=0 max=0 n=0 to=0 | cancels=0(+0/s) seqbad=0 len_bad=0 disc=0(0x00) | tot_n=0 tot_to=0 maxever=0 >2ms=0 >5ms=0 >15ms=0 >20ms=0 >30ms=0 | probes=0 wrfail=0 down=1s maxout=1s
   3.086  discovery start (post-PHY +500ms) interval=37500 phy2m=1
   3.260  SUBSCRIBED, vh=18
   3.260  BLAST: phy_update->2M rc=0
   3.260  BLASTC comp=1 exkBps=0 cgap_us[min/avg/max]=4294967295/0/0
   3.260  BLAST phy=2/2 att=1 ok=1 enomem=0 err=0 call_us[min/avg/max]=122/122/122 okgap_max_us=0
   3.260  BLAST first16_call_us: 122 122 118 118 118 118 119 118 111 52 49 48 49 49 48 49
   4.282  PHY tx=2 rx=2
   4.339  t=2s RTT mean=0 min=0 max=0 n=0 to=0 | cancels=0(+0/s) seqbad=0 len_bad=0 disc=0(0x00) | tot_n=0 tot_to=0 maxever=0 >2ms=0 >5ms=0 >15ms=0 >20ms=0 >30ms=0 | probes=0 wrfail=0 down=1s maxout=1s
   4.339  BLASTC comp=476 exkBps=0 cgap_us[min/avg/max]=128/1465/23372
   4.339  BLAST phy=2/2 att=486 ok=486 enomem=0 err=0 call_us[min/avg/max]=48/1424/22691 okgap_max_us=22702
   5.938  BLASTC comp=689 exkBps=0 cgap_us[min/avg/max]=1388/1451/2780
   5.938  BLAST phy=2/2 att=689 ok=689 enomem=0 err=0 call_us[min/avg/max]=1373/1440/2769 okgap_max_us=2780
   5.992  t=3s RTT mean=0 min=0 max=0 n=0 to=0 | cancels=0(+0/s) seqbad=0 len_bad=0 disc=0(0x00) | tot_n=0 tot_to=0 maxever=0 >2ms=0 >5ms=0 >15ms=0 >20ms=0 >30ms=0 | probes=0 wrfail=0 down=1s maxout=1s
   5.992  BLASTC comp=691 exkBps=0 cgap_us[min/avg/max]=1389/1447/2780
   5.993  BLAST phy=2/2 att=691 ok=691 enomem=0 err=0 call_us[min/avg/max]=1330/1436/2769 okgap_max_us=2780
   5.993  t=4s RTT mean=0 min=0 max=0 n=0 to=0 | cancels=0(+0/s) seqbad=0 len_bad=0 disc=0(0x00) | tot_n=0 tot_to=0 maxever=0 >2ms=0 >5ms=0 >15ms=0 >20ms=0 >30ms=0 | probes=0 wrfail=0 down=1s maxout=1s
   7.925  BLASTC comp=694 exkBps=0 cgap_us[min/avg/max]=1386/1441/2661
   7.984  BLAST phy=2/2 att=694 ok=694 enomem=0 err=0 call_us[min/avg/max]=1337/1430/2651 okgap_max_us=2662
   7.984  t=5s RTT mean=0 min=0 max=0 n=0 to=0 | cancels=0(+0/s) seqbad=0 len_bad=0 disc=0(0x00) | tot_n=0 tot_to=0 maxever=0 >2ms=0 >5ms=0 >15ms=0 >20ms=0 >30ms=0 | probes=0 wrfail=0 down=1s maxout=1s
   7.984  BLASTC comp=691 exkBps=0 cgap_us[min/avg/max]=1390/1447/2780
   7.984  BLAST phy=2/2 att=691 ok=691 enomem=0 err=0 call_us[min/avg/max]=1374/1436/2769 okgap_max_us=2780
   8.035  t=6s RTT mean=0 min=0 max=0 n=0 to=0 | cancels=0(+0/s) seqbad=0 len_bad=0 disc=0(0x00) | tot_n=0 tot_to=0 maxever=0 >2ms=0 >5ms=0 >15ms=0 >20ms=0 >30ms=0 | probes=0 wrfail=0 down=1s maxout=1s
   9.945  BLASTC comp=690 exkBps=0 cgap_us[min/avg/max]=1386/1449/4048
   9.945  BLAST phy=2/2 att=690 ok=690 enomem=0 err=0 call_us[min/avg/max]=1339/1438/4036 okgap_max_us=4047
   9.995  t=7s RTT mean=0 min=0 max=0 n=0 to=0 | cancels=0(+0/s) seqbad=0 len_bad=0 disc=0(0x00) | tot_n=0 tot_to=0 maxever=0 >2ms=0 >5ms=0 >15ms=0 >20ms=0 >30ms=0 | probes=0 wrfail=0 down=1s maxout=1s
   9.995  BLASTC comp=692 exkBps=0 cgap_us[min/avg/max]=1390/1445/2780
   9.995  BLAST phy=2/2 att=692 ok=692 enomem=0 err=0 call_us[min/avg/max]=1330/1434/2769 okgap_max_us=2780
   9.995  t=8s RTT mean=0 min=0 max=0 n=0 to=0 | cancels=0(+0/s) seqbad=0 len_bad=0 disc=0(0x00) | tot_n=0 tot_to=0 maxever=0 >2ms=0 >5ms=0 >15ms=0 >20ms=0 >30ms=0 | probes=0 wrfail=0 down=1s maxout=1s
  11.936  BLASTC comp=691 exkBps=0 cgap_us[min/avg/max]=1390/1447/2780
  11.936  BLAST phy=2/2 att=691 ok=691 enomem=0 err=0 call_us[min/avg/max]=1374/1436/2769 okgap_max_us=2780
  11.989  t=9s RTT mean=0 min=0 max=0 n=0 to=0 | cancels=0(+0/s) seqbad=0 len_bad=0 disc=0(0x00) | tot_n=0 tot_to=0 maxever=0 >2ms=0 >5ms=0 >15ms=0 >20ms=0 >30ms=0 | probes=0 wrfail=0 down=1s maxout=1s
  11.989  BLASTC comp=691 exkBps=0 cgap_us[min/avg/max]=1388/1447/2780
  11.989  BLAST phy=2/2 att=691 ok=691 enomem=0 err=0 call_us[min/avg/max]=1333/1436/2769 okgap_max_us=2780
  11.989  t=10s RTT mean=0 min=0 max=0 n=0 to=0 | cancels=0(+0/s) seqbad=0 len_bad=0 disc=0(0x00) | tot_n=0 tot_to=0 maxever=0 >2ms=0 >5ms=0 >15ms=0 >20ms=0 >30ms=0 | probes=0 wrfail=0 down=1s maxout=1s
  13.938  BLASTC comp=690 exkBps=0 cgap_us[min/avg/max]=1387/1449/4040
  13.938  BLAST phy=2/2 att=690 ok=690 enomem=0 err=0 call_us[min/avg/max]=1310/1438/4028 okgap_max_us=4039
  13.993  t=11s RTT mean=0 min=0 max=0 n=0 to=0 | cancels=0(+0/s) seqbad=0 len_bad=0 disc=0(0x00) | tot_n=0 tot_to=0 maxever=0 >2ms=0 >5ms=0 >15ms=0 >20ms=0 >30ms=0 | probes=0 wrfail=0 down=1s maxout=1s
  13.994  BLASTC comp=687 exkBps=0 cgap_us[min/avg/max]=1390/1455/2780
  13.994  BLAST phy=2/2 att=687 ok=687 enomem=0 err=0 call_us[min/avg/max]=1375/1444/2770 okgap_max_us=2780
  13.994  t=12s RTT mean=0 min=0 max=0 n=0 to=0 | cancels=0(+0/s) seqbad=0 len_bad=0 disc=0(0x00) | tot_n=0 tot_to=0 maxever=0 >2ms=0 >5ms=0 >15ms=0 >20ms=0 >30ms=0 | probes=0 wrfail=0 down=1s maxout=1s
  15.928  BLASTC comp=692 exkBps=0 cgap_us[min/avg/max]=1387/1445/2779
  15.928  BLAST phy=2/2 att=692 ok=692 enomem=0 err=0 call_us[min/avg/max]=1329/1434/2769 okgap_max_us=2779
  15.988  t=13s RTT mean=0 min=0 max=0 n=0 to=0 | cancels=0(+0/s) seqbad=0 len_bad=0 disc=0(0x00) | tot_n=0 tot_to=0 maxever=0 >2ms=0 >5ms=0 >15ms=0 >20ms=0 >30ms=0 | probes=0 wrfail=0 down=1s maxout=1s
  15.988  FSU: request [52..52] us (ACL both dirs, 1M+2M) rc=0
  15.988  FSU: updated status=0x00 spacing=70 us phys=0x3 types=0x3 initiator=0
  15.988  BLASTC comp=661 exkBps=0 cgap_us[min/avg/max]=1228/1512/40202
  15.988  BLAST phy=2/2 att=661 ok=661 enomem=0 err=0 call_us[min/avg/max]=1214/1501/40192 okgap_max_us=40202
  16.044  t=14s RTT mean=0 min=0 max=0 n=0 to=0 | cancels=0(+0/s) seqbad=0 len_bad=0 disc=0(0x00) | tot_n=0 tot_to=0 maxever=0 >2ms=0 >5ms=0 >15ms=0 >20ms=0 >30ms=0 | probes=0 wrfail=0 down=1s maxout=1s
  17.916  BLASTC comp=763 exkBps=0 cgap_us[min/avg/max]=1227/1310/14094
  17.972  BLAST phy=2/2 att=763 ok=763 enomem=0 err=0 call_us[min/avg/max]=1214/1300/14084 okgap_max_us=14095
  17.972  t=15s RTT mean=0 min=0 max=0 n=0 to=0 | cancels=0(+0/s) seqbad=0 len_bad=0 disc=0(0x00) | tot_n=0 tot_to=0 maxever=0 >2ms=0 >5ms=0 >15ms=0 >20ms=0 >30ms=0 | probes=0 wrfail=0 down=1s maxout=1s
  17.972  BLASTC comp=754 exkBps=0 cgap_us[min/avg/max]=1226/1326/22708
  17.972  BLAST phy=2/2 att=754 ok=754 enomem=0 err=0 call_us[min/avg/max]=1161/1315/22697 okgap_max_us=22708
  18.033  t=16s RTT mean=0 min=0 max=0 n=0 to=0 | cancels=0(+0/s) seqbad=0 len_bad=0 disc=0(0x00) | tot_n=0 tot_to=0 maxever=0 >2ms=0 >5ms=0 >15ms=0 >20ms=0 >30ms=0 | probes=0 wrfail=0 down=1s maxout=1s
  19.949  BLASTC comp=756 exkBps=0 cgap_us[min/avg/max]=1223/1322/20241
  19.949  BLAST phy=2/2 att=756 ok=756 enomem=0 err=0 call_us[min/avg/max]=1118/1311/20231 okgap_max_us=20242
  19.949  t=17s RTT mean=0 min=0 max=0 n=0 to=0 | cancels=0(+0/s) seqbad=0 len_bad=0 disc=0(0x00) | tot_n=0 tot_to=0 maxever=0 >2ms=0 >5ms=0 >15ms=0 >20ms=0 >30ms=0 | probes=0 wrfail=0 down=1s maxout=1s
  20.005  BLASTC comp=749 exkBps=0 cgap_us[min/avg/max]=1216/1335/21475
  20.005  BLAST phy=2/2 att=749 ok=749 enomem=0 err=0 call_us[min/avg/max]=1111/1324/21464 okgap_max_us=21475
  20.005  t=18s RTT mean=0 min=0 max=0 n=0 to=0 | cancels=0(+0/s) seqbad=0 len_bad=0 disc=0(0x00) | tot_n=0 tot_to=0 maxever=0 >2ms=0 >5ms=0 >15ms=0 >20ms=0 >30ms=0 | probes=0 wrfail=0 down=1s maxout=1s
  21.958  BLASTC comp=768 exkBps=0 cgap_us[min/avg/max]=1225/1302/2977
  21.958  BLAST phy=2/2 att=768 ok=768 enomem=0 err=0 call_us[min/avg/max]=1155/1291/2967 okgap_max_us=2977
  21.958  t=19s RTT mean=0 min=0 max=0 n=0 to=0 | cancels=0(+0/s) seqbad=0 len_bad=0 disc=0(0x00) | tot_n=0 tot_to=0 maxever=0 >2ms=0 >5ms=0 >15ms=0 >20ms=0 >30ms=0 | probes=0 wrfail=0 down=1s maxout=1s
  21.958  BLASTC comp=771 exkBps=0 cgap_us[min/avg/max]=1229/1296/2978
  22.018  BLAST phy=2/2 att=771 ok=771 enomem=0 err=0 call_us[min/avg/max]=1160/1285/2967 okgap_max_us=2978
  22.018  t=20s RTT mean=0 min=0 max=0 n=0 to=0 | cancels=0(+0/s) seqbad=0 len_bad=0 disc=0(0x00) | tot_n=0 tot_to=0 maxever=0 >2ms=0 >5ms=0 >15ms=0 >20ms=0 >30ms=0 | probes=0 wrfail=0 down=1s maxout=1s
  23.924  BLASTC comp=748 exkBps=0 cgap_us[min/avg/max]=1228/1337/33805
  23.983  BLAST phy=2/2 att=748 ok=748 enomem=0 err=0 call_us[min/avg/max]=1214/1326/33795 okgap_max_us=33806
  23.983  t=21s RTT mean=0 min=0 max=0 n=0 to=0 | cancels=0(+0/s) seqbad=0 len_bad=0 disc=0(0x00) | tot_n=0 tot_to=0 maxever=0 >2ms=0 >5ms=0 >15ms=0 >20ms=0 >30ms=0 | probes=0 wrfail=0 down=1s maxout=1s
  23.983  BLASTC comp=769 exkBps=0 cgap_us[min/avg/max]=1228/1300/2977
  23.983  BLAST phy=2/2 att=769 ok=769 enomem=0 err=0 call_us[min/avg/max]=1161/1289/2966 okgap_max_us=2977
  23.983  t=22s RTT mean=0 min=0 max=0 n=0 to=0 | cancels=0(+0/s) seqbad=0 len_bad=0 disc=0(0x00) | tot_n=0 tot_to=0 maxever=0 >2ms=0 >5ms=0 >15ms=0 >20ms=0 >30ms=0 | probes=0 wrfail=0 down=1s maxout=1s
  25.969  BLASTC comp=769 exkBps=0 cgap_us[min/avg/max]=1222/1299/2977
  25.969  BLAST phy=2/2 att=769 ok=769 enomem=0 err=0 call_us[min/avg/max]=1152/1289/2967 okgap_max_us=2977
  25.969  t=23s RTT mean=0 min=0 max=0 n=0 to=0 | cancels=0(+0/s) seqbad=0 len_bad=0 disc=0(0x00) | tot_n=0 tot_to=0 maxever=0 >2ms=0 >5ms=0 >15ms=0 >20ms=0 >30ms=0 | probes=0 wrfail=0 down=1s maxout=1s
  25.969  BLASTC comp=773 exkBps=0 cgap_us[min/avg/max]=1228/1293/2977
  25.969  BLAST phy=2/2 att=773 ok=773 enomem=0 err=0 call_us[min/avg/max]=1214/1283/2966 okgap_max_us=2977
  26.029  t=24s RTT mean=0 min=0 max=0 n=0 to=0 | cancels=0(+0/s) seqbad=0 len_bad=0 disc=0(0x00) | tot_n=0 tot_to=0 maxever=0 >2ms=0 >5ms=0 >15ms=0 >20ms=0 >30ms=0 | probes=0 wrfail=0 down=1s maxout=1s
  27.936  BLASTC comp=767 exkBps=0 cgap_us[min/avg/max]=1223/1303/4205
  27.936  BLAST phy=2/2 att=767 ok=767 enomem=0 err=0 call_us[min/avg/max]=1154/1293/4194 okgap_max_us=4204
  27.988  t=25s RTT mean=0 min=0 max=0 n=0 to=0 | cancels=0(+0/s) seqbad=0 len_bad=0 disc=0(0x00) | tot_n=0 tot_to=0 maxever=0 >2ms=0 >5ms=0 >15ms=0 >20ms=0 >30ms=0 | probes=0 wrfail=0 down=1s maxout=1s
  27.988  BLASTC comp=761 exkBps=0 cgap_us[min/avg/max]=1228/1313/12843
  27.988  BLAST phy=2/2 att=761 ok=761 enomem=0 err=0 call_us[min/avg/max]=1160/1302/12832 okgap_max_us=12843
  27.988  t=26s RTT mean=0 min=0 max=0 n=0 to=0 | cancels=0(+0/s) seqbad=0 len_bad=0 disc=0(0x00) | tot_n=0 tot_to=0 maxever=0 >2ms=0 >5ms=0 >15ms=0 >20ms=0 >30ms=0 | probes=0 wrfail=0 down=1s maxout=1s
  29.941  BLASTC comp=766 exkBps=0 cgap_us[min/avg/max]=1228/1305/4177
  29.941  BLAST phy=2/2 att=766 ok=766 enomem=0 err=0 call_us[min/avg/max]=1214/1294/4167 okgap_max_us=4178
