   1.679  *** Booting nRF Connect SDK v3.4.0-99553055607b ***
   1.679  *** Using Zephyr OS v4.4.0-bf801e4e3d19 ***
   1.733  [00:23:34.733,486] [0m<inf> bt_sdc_hci_driver: SoftDevice Controller build revision:
   1.733                                              c8 da 30 98 f9 f0 34 a4  4b 6e ba d3 08 19 cc 0c |..0...4. Kn......
   1.733                                              ea 51 da 47                                      |.Q.G             [0m
   1.733  [00:23:34.734,280] [1;33m<wrn> bt_hci_core: Num of Controller's ACL packets != ACL bt_conn_tx contexts (10 != 3)[0m
   1.733  [00:23:34.734,931] [0m<inf> bt_hci_core: HW Platform: Nordic Semiconductor (0x0002)[0m
   1.733  [00:23:34.734,942] [0m<inf> bt_hci_core: HW Variant: nRF54Lx (0x0005)[0m
   1.788  [00:23:34.734,953] [0m<inf> bt_hci_core: Firmware: Standard Bluetooth controller (0x00) Version 200.12506 Build 888207768[0m
   1.788  [00:23:34.735,349] [0m<inf> bt_hci_core: HCI transport: SDC[0m
   1.788  [00:23:34.735,395] [0m<inf> bt_hci_core: Identity: FC:BE:FF:FA:E6:8B (random)[0m
   1.788  [00:23:34.735,412] [0m<inf> bt_hci_core: HCI: version 6.3 (0x11) revision 0x3039, manufacturer 0x0059[0m
   1.788  [00:23:34.735,427] [0m<inf> bt_hci_core: LMP: version 6.3 (0x11) subver 0x3039[0m
   1.788  
   1.788  === nRF54L15 RTT ping-pong PERIPHERAL (echo) ===
   1.788  advertising
   3.035  GAP connected interval=15000
   3.035  PHY tx=2 rx=2
   3.090  P t=1s rxkBps=0 blkkBps=0 pongs=0(+0/s) cancels=0(+0/s) notify=0 disc=0(0x00) | echo rx=0 tx=0 pend=0 stale=0
   3.090  CCC: notify ENABLED
   4.703  P t=2s rxkBps=118 blkkBps=0 pongs=497(+497/s) cancels=0(+0/s) notify=1 disc=0(0x00) | echo rx=0 tx=0 pend=0 stale=0
   4.703  P t=3s rxkBps=142 blkkBps=0 pongs=1095(+598/s) cancels=0(+0/s) notify=1 disc=0(0x00) | echo rx=0 tx=0 pend=0 stale=0
   6.704  P t=4s rxkBps=142 blkkBps=0 pongs=1691(+596/s) cancels=0(+0/s) notify=1 disc=0(0x00) | echo rx=0 tx=0 pend=0 stale=0
   6.704  P t=5s rxkBps=142 blkkBps=0 pongs=2289(+598/s) cancels=0(+0/s) notify=1 disc=0(0x00) | echo rx=0 tx=0 pend=0 stale=0
   8.707  P t=6s rxkBps=142 blkkBps=0 pongs=2885(+596/s) cancels=0(+0/s) notify=1 disc=0(0x00) | echo rx=0 tx=0 pend=0 stale=0
   8.707  P t=7s rxkBps=142 blkkBps=0 pongs=3484(+599/s) cancels=0(+0/s) notify=1 disc=0(0x00) | echo rx=0 tx=0 pend=0 stale=0
  10.706  P t=8s rxkBps=141 blkkBps=0 pongs=4076(+592/s) cancels=0(+0/s) notify=1 disc=0(0x00) | echo rx=0 tx=0 pend=0 stale=0
  10.706  P t=9s rxkBps=142 blkkBps=0 pongs=4674(+598/s) cancels=0(+0/s) notify=1 disc=0(0x00) | echo rx=0 tx=0 pend=0 stale=0
  12.706  P t=10s rxkBps=142 blkkBps=0 pongs=5274(+600/s) cancels=0(+0/s) notify=1 disc=0(0x00) | echo rx=0 tx=0 pend=0 stale=0
  12.706  P t=11s rxkBps=142 blkkBps=0 pongs=5872(+598/s) cancels=0(+0/s) notify=1 disc=0(0x00) | echo rx=0 tx=0 pend=0 stale=0
  14.715  P t=12s rxkBps=142 blkkBps=0 pongs=6471(+599/s) cancels=0(+0/s) notify=1 disc=0(0x00) | echo rx=0 tx=0 pend=0 stale=0
  14.715  P t=13s rxkBps=142 blkkBps=0 pongs=7070(+599/s) cancels=0(+0/s) notify=1 disc=0(0x00) | echo rx=0 tx=0 pend=0 stale=0
  16.717  P t=14s rxkBps=160 blkkBps=0 pongs=7745(+675/s) cancels=0(+0/s) notify=1 disc=0(0x00) | echo rx=0 tx=0 pend=0 stale=0
  16.717  P t=15s rxkBps=174 blkkBps=0 pongs=8476(+731/s) cancels=0(+0/s) notify=1 disc=0(0x00) | echo rx=0 tx=0 pend=0 stale=0
  18.725  P t=16s rxkBps=174 blkkBps=0 pongs=9207(+731/s) cancels=0(+0/s) notify=1 disc=0(0x00) | echo rx=0 tx=0 pend=0 stale=0
  18.725  P t=17s rxkBps=174 blkkBps=0 pongs=9939(+732/s) cancels=0(+0/s) notify=1 disc=0(0x00) | echo rx=0 tx=0 pend=0 stale=0
  20.731  P t=18s rxkBps=171 blkkBps=0 pongs=10660(+721/s) cancels=0(+0/s) notify=1 disc=0(0x00) | echo rx=0 tx=0 pend=0 stale=0
  20.731  P t=19s rxkBps=175 blkkBps=0 pongs=11395(+735/s) cancels=0(+0/s) notify=1 disc=0(0x00) | echo rx=0 tx=0 pend=0 stale=0
  22.733  P t=20s rxkBps=174 blkkBps=0 pongs=12126(+731/s) cancels=0(+0/s) notify=1 disc=0(0x00) | echo rx=0 tx=0 pend=0 stale=0
  22.733  P t=21s rxkBps=174 blkkBps=0 pongs=12859(+733/s) cancels=0(+0/s) notify=1 disc=0(0x00) | echo rx=0 tx=0 pend=0 stale=0
  24.727  P t=22s rxkBps=174 blkkBps=0 pongs=13591(+732/s) cancels=0(+0/s) notify=1 disc=0(0x00) | echo rx=0 tx=0 pend=0 stale=0
  24.727  P t=23s rxkBps=174 blkkBps=0 pongs=14324(+733/s) cancels=0(+0/s) notify=1 disc=0(0x00) | echo rx=0 tx=0 pend=0 stale=0
  26.711  P t=24s rxkBps=174 blkkBps=0 pongs=15057(+733/s) cancels=0(+0/s) notify=1 disc=0(0x00) | echo rx=0 tx=0 pend=0 stale=0
  26.711  P t=25s rxkBps=174 blkkBps=0 pongs=15791(+734/s) cancels=0(+0/s) notify=1 disc=0(0x00) | echo rx=0 tx=0 pend=0 stale=0
  28.722  P t=26s rxkBps=174 blkkBps=0 pongs=16524(+733/s) cancels=0(+0/s) notify=1 disc=0(0x00) | echo rx=0 tx=0 pend=0 stale=0
  28.722  P t=27s rxkBps=174 blkkBps=0 pongs=17257(+733/s) cancels=0(+0/s) notify=1 disc=0(0x00) | echo rx=0 tx=0 pend=0 stale=0
