   1.960  *** Booting nRF Connect SDK v3.4.0-99553055607b ***
   1.960  *** Using Zephyr OS v4.4.0-bf801e4e3d19 ***
   1.960  [01:10:47.330,865] [0m<inf> bt_sdc_hci_driver: SoftDevice Controller build revision:
   1.960                                              c8 da 30 98 f9 f0 34 a4  4b 6e ba d3 08 19 cc 0c |..0...4. Kn......
   1.960                                              ea 51 da 47                                      |.Q.G             [0m
   1.960  [01:10:47.332,008] [0m<inf> bt_hci_core: HW Platform: Nordic Semiconductor (0x0002)[0m
   1.960  [01:10:47.332,021] [0m<inf> bt_hci_core: HW Variant: nRF54Lx (0x0005)[0m
   2.016  [01:10:47.332,033] [0m<inf> bt_hci_core: Firmware: Standard Bluetooth controller (0x00) Version 200.12506 Build 888207768[0m
   2.016  [01:10:47.332,435] [0m<inf> bt_hci_core: HCI transport: SDC[0m
   2.016  [01:10:47.332,484] [0m<inf> bt_hci_core: Identity: D6:C7:60:B1:D3:0E (random)[0m
   2.016  [01:10:47.332,501] [0m<inf> bt_hci_core: HCI: version 6.3 (0x11) revision 0x3039, manufacturer 0x0059[0m
   2.016  [01:10:47.332,516] [0m<inf> bt_hci_core: LMP: version 6.3 (0x11) subver 0x3039[0m
   2.016  
   2.016  === nRF54L15 RTT ping-pong CENTRAL ===
   2.016  scan rc=0
   2.016  GAP connected interval=7500
   2.016  MTU err=0 mtu=247
   2.668  PHY tx=2 rx=2
   2.668  discovery start (post-PHY +500ms) interval=7500 phy2m=1
   2.668  SUBSCRIBED, vh=18
   2.668  BLAST: phy_update->2M rc=0
   2.723  BLAST first16_call_us: 125 117 117 119 118 118 119 118 119 112 56 54 54 55 54 54
   2.723  PHY tx=2 rx=2
   3.922  t=1s RTT mean=0 min=0 max=0 n=0 to=0 | cancels=0(+0/s) seqbad=0 len_bad=0 disc=0(0x00) | tot_n=0 tot_to=0 maxever=0 >2ms=0 >5ms=0 >15ms=0 >20ms=0 >30ms=0 | probes=0 wrfail=0 down=0s maxout=0s
   3.977  BLASTC comp=137 exkBps=0 cgap_us[min/avg/max]=127/1829/6264
   3.977  BLAST phy=2/2 att=147 ok=147 enomem=0 err=0 call_us[min/avg/max]=54/1682/5533 okgap_max_us=5544
   3.977  t=2s RTT mean=0 min=0 max=0 n=0 to=0 | cancels=0(+0/s) seqbad=0 len_bad=0 disc=0(0x00) | tot_n=0 tot_to=0 maxever=0 >2ms=0 >5ms=0 >15ms=0 >20ms=0 >30ms=0 | probes=0 wrfail=0 down=0s maxout=0s
   3.977  BLASTC comp=530 exkBps=0 cgap_us[min/avg/max]=1389/1887/4718
   3.977  BLAST phy=2/2 att=530 ok=530 enomem=0 err=0 call_us[min/avg/max]=1319/1876/4708 okgap_max_us=4719
   5.928  t=3s RTT mean=0 min=0 max=0 n=0 to=0 | cancels=0(+0/s) seqbad=0 len_bad=0 disc=0(0x00) | tot_n=0 tot_to=0 maxever=0 >2ms=0 >5ms=0 >15ms=0 >20ms=0 >30ms=0 | probes=0 wrfail=0 down=0s maxout=0s
   5.983  BLASTC comp=532 exkBps=0 cgap_us[min/avg/max]=1389/1881/4717
   5.983  BLAST phy=2/2 att=532 ok=532 enomem=0 err=0 call_us[min/avg/max]=1373/1870/4707 okgap_max_us=4718
   5.983  BLASTC comp=529 exkBps=0 cgap_us[min/avg/max]=1389/1888/4718
   5.983  BLAST phy=2/2 att=529 ok=529 enomem=0 err=0 call_us[min/avg/max]=1319/1877/4708 okgap_max_us=4719
   5.983  t=4s RTT mean=0 min=0 max=0 n=0 to=0 | cancels=0(+0/s) seqbad=0 len_bad=0 disc=0(0x00) | tot_n=0 tot_to=0 maxever=0 >2ms=0 >5ms=0 >15ms=0 >20ms=0 >30ms=0 | probes=0 wrfail=0 down=0s maxout=0s
   7.944  t=5s RTT mean=0 min=0 max=0 n=0 to=0 | cancels=0(+0/s) seqbad=0 len_bad=0 disc=0(0x00) | tot_n=0 tot_to=0 maxever=0 >2ms=0 >5ms=0 >15ms=0 >20ms=0 >30ms=0 | probes=0 wrfail=0 down=0s maxout=0s
   7.944  BLASTC comp=531 exkBps=0 cgap_us[min/avg/max]=1389/1883/4718
   7.944  BLAST phy=2/2 att=531 ok=531 enomem=0 err=0 call_us[min/avg/max]=1312/1873/4708 okgap_max_us=4718
   8.004  t=6s RTT mean=0 min=0 max=0 n=0 to=0 | cancels=0(+0/s) seqbad=0 len_bad=0 disc=0(0x00) | tot_n=0 tot_to=0 maxever=0 >2ms=0 >5ms=0 >15ms=0 >20ms=0 >30ms=0 | probes=0 wrfail=0 down=0s maxout=0s
   8.004  BLASTC comp=530 exkBps=0 cgap_us[min/avg/max]=1390/1888/4719
   8.004  BLAST phy=2/2 att=530 ok=530 enomem=0 err=0 call_us[min/avg/max]=1375/1877/4709 okgap_max_us=4720
   9.935  BLASTC comp=530 exkBps=0 cgap_us[min/avg/max]=1385/1884/4719
   9.935  BLAST phy=2/2 att=530 ok=530 enomem=0 err=0 call_us[min/avg/max]=1320/1873/4709 okgap_max_us=4719
   9.988  t=7s RTT mean=0 min=0 max=0 n=0 to=0 | cancels=0(+0/s) seqbad=0 len_bad=0 disc=0(0x00) | tot_n=0 tot_to=0 maxever=0 >2ms=0 >5ms=0 >15ms=0 >20ms=0 >30ms=0 | probes=0 wrfail=0 down=0s maxout=0s
   9.989  BLASTC comp=530 exkBps=0 cgap_us[min/avg/max]=1390/1887/4718
   9.989  BLAST phy=2/2 att=530 ok=530 enomem=0 err=0 call_us[min/avg/max]=1331/1876/4708 okgap_max_us=4719
   9.989  t=8s RTT mean=0 min=0 max=0 n=0 to=0 | cancels=0(+0/s) seqbad=0 len_bad=0 disc=0(0x00) | tot_n=0 tot_to=0 maxever=0 >2ms=0 >5ms=0 >15ms=0 >20ms=0 >30ms=0 | probes=0 wrfail=0 down=0s maxout=0s
  11.961  t=9s RTT mean=0 min=0 max=0 n=0 to=0 | cancels=0(+0/s) seqbad=0 len_bad=0 disc=0(0x00) | tot_n=0 tot_to=0 maxever=0 >2ms=0 >5ms=0 >15ms=0 >20ms=0 >30ms=0 | probes=0 wrfail=0 down=0s maxout=0s
  11.961  BLASTC comp=531 exkBps=0 cgap_us[min/avg/max]=1389/1884/4717
  11.961  BLAST phy=2/2 att=531 ok=531 enomem=0 err=0 call_us[min/avg/max]=1375/1874/4707 okgap_max_us=4718
  11.961  BLASTC comp=529 exkBps=0 cgap_us[min/avg/max]=1383/1888/4718
  11.961  BLAST phy=2/2 att=529 ok=529 enomem=0 err=0 call_us[min/avg/max]=1263/1877/4708 okgap_max_us=4718
  12.021  t=10s RTT mean=0 min=0 max=0 n=0 to=0 | cancels=0(+0/s) seqbad=0 len_bad=0 disc=0(0x00) | tot_n=0 tot_to=0 maxever=0 >2ms=0 >5ms=0 >15ms=0 >20ms=0 >30ms=0 | probes=0 wrfail=0 down=0s maxout=0s
  13.969  BLASTC comp=528 exkBps=0 cgap_us[min/avg/max]=1388/1894/4718
  13.969  BLAST phy=2/2 att=528 ok=528 enomem=0 err=0 call_us[min/avg/max]=1303/1883/4708 okgap_max_us=4719
  13.969  t=11s RTT mean=0 min=0 max=0 n=0 to=0 | cancels=0(+0/s) seqbad=0 len_bad=0 disc=0(0x00) | tot_n=0 tot_to=0 maxever=0 >2ms=0 >5ms=0 >15ms=0 >20ms=0 >30ms=0 | probes=0 wrfail=0 down=0s maxout=0s
  13.969  BLASTC comp=531 exkBps=0 cgap_us[min/avg/max]=1389/1884/4717
  13.969  BLAST phy=2/2 att=531 ok=531 enomem=0 err=0 call_us[min/avg/max]=1375/1874/4707 okgap_max_us=4718
  14.021  t=12s RTT mean=0 min=0 max=0 n=0 to=0 | cancels=0(+0/s) seqbad=0 len_bad=0 disc=0(0x00) | tot_n=0 tot_to=0 maxever=0 >2ms=0 >5ms=0 >15ms=0 >20ms=0 >30ms=0 | probes=0 wrfail=0 down=0s maxout=0s
  15.961  BLASTC comp=531 exkBps=0 cgap_us[min/avg/max]=1387/1881/4718
  15.962  BLAST phy=2/2 att=531 ok=531 enomem=0 err=0 call_us[min/avg/max]=1333/1870/4708 okgap_max_us=4719
  15.962  t=13s RTT mean=0 min=0 max=0 n=0 to=0 | cancels=0(+0/s) seqbad=0 len_bad=0 disc=0(0x00) | tot_n=0 tot_to=0 maxever=0 >2ms=0 >5ms=0 >15ms=0 >20ms=0 >30ms=0 | probes=0 wrfail=0 down=0s maxout=0s
  15.962  BLASTC comp=529 exkBps=0 cgap_us[min/avg/max]=1389/1890/4717
  15.962  BLAST phy=2/2 att=529 ok=529 enomem=0 err=0 call_us[min/avg/max]=1320/1880/4707 okgap_max_us=4718
  16.014  t=14s RTT mean=0 min=0 max=0 n=0 to=0 | cancels=0(+0/s) seqbad=0 len_bad=0 disc=0(0x00) | tot_n=0 tot_to=0 maxever=0 >2ms=0 >5ms=0 >15ms=0 >20ms=0 >30ms=0 | probes=0 wrfail=0 down=0s maxout=0s
  17.913  BLASTC comp=529 exkBps=0 cgap_us[min/avg/max]=1390/1891/4718
  17.968  BLAST phy=2/2 att=529 ok=529 enomem=0 err=0 call_us[min/avg/max]=1378/1881/4708 okgap_max_us=4718
  17.968  t=15s RTT mean=0 min=0 max=0 n=0 to=0 | cancels=0(+0/s) seqbad=0 len_bad=0 disc=0(0x00) | tot_n=0 tot_to=0 maxever=0 >2ms=0 >5ms=0 >15ms=0 >20ms=0 >30ms=0 | probes=0 wrfail=0 down=0s maxout=0s
  17.968  BLASTC comp=529 exkBps=0 cgap_us[min/avg/max]=1387/1888/4718
  17.968  BLAST phy=2/2 att=529 ok=529 enomem=0 err=0 call_us[min/avg/max]=1330/1877/4708 okgap_max_us=4718
  18.028  t=16s RTT mean=0 min=0 max=0 n=0 to=0 | cancels=0(+0/s) seqbad=0 len_bad=0 disc=0(0x00) | tot_n=0 tot_to=0 maxever=0 >2ms=0 >5ms=0 >15ms=0 >20ms=0 >30ms=0 | probes=0 wrfail=0 down=0s maxout=0s
  19.922  BLASTC comp=532 exkBps=0 cgap_us[min/avg/max]=1389/1880/4718
  19.922  BLAST phy=2/2 att=532 ok=532 enomem=0 err=0 call_us[min/avg/max]=1332/1869/4707 okgap_max_us=4718
  19.977  t=17s RTT mean=0 min=0 max=0 n=0 to=0 | cancels=0(+0/s) seqbad=0 len_bad=0 disc=0(0x00) | tot_n=0 tot_to=0 maxever=0 >2ms=0 >5ms=0 >15ms=0 >20ms=0 >30ms=0 | probes=0 wrfail=0 down=0s maxout=0s
  19.977  BLASTC comp=527 exkBps=0 cgap_us[min/avg/max]=1388/1899/4718
  19.977  BLAST phy=2/2 att=527 ok=527 enomem=0 err=0 call_us[min/avg/max]=1375/1888/4708 okgap_max_us=4719
  19.977  t=18s RTT mean=0 min=0 max=0 n=0 to=0 | cancels=0(+0/s) seqbad=0 len_bad=0 disc=0(0x00) | tot_n=0 tot_to=0 maxever=0 >2ms=0 >5ms=0 >15ms=0 >20ms=0 >30ms=0 | probes=0 wrfail=0 down=0s maxout=0s
  21.939  BLASTC comp=525 exkBps=0 cgap_us[min/avg/max]=1386/1902/4721
  21.939  BLAST phy=2/2 att=525 ok=525 enomem=0 err=0 call_us[min/avg/max]=1321/1891/4710 okgap_max_us=4721
  21.939  t=19s RTT mean=0 min=0 max=0 n=0 to=0 | cancels=0(+0/s) seqbad=0 len_bad=0 disc=0(0x00) | tot_n=0 tot_to=0 maxever=0 >2ms=0 >5ms=0 >15ms=0 >20ms=0 >30ms=0 | probes=0 wrfail=0 down=0s maxout=0s
  21.999  BLASTC comp=530 exkBps=0 cgap_us[min/avg/max]=1389/1887/4718
  21.999  BLAST phy=2/2 att=530 ok=530 enomem=0 err=0 call_us[min/avg/max]=1319/1876/4708 okgap_max_us=4718
  21.999  t=20s RTT mean=0 min=0 max=0 n=0 to=0 | cancels=0(+0/s) seqbad=0 len_bad=0 disc=0(0x00) | tot_n=0 tot_to=0 maxever=0 >2ms=0 >5ms=0 >15ms=0 >20ms=0 >30ms=0 | probes=0 wrfail=0 down=0s maxout=0s
  23.962  BLASTC comp=529 exkBps=0 cgap_us[min/avg/max]=1387/1891/4720
  23.962  BLAST phy=2/2 att=529 ok=529 enomem=0 err=0 call_us[min/avg/max]=1377/1881/4710 okgap_max_us=4721
  23.962  t=21s RTT mean=0 min=0 max=0 n=0 to=0 | cancels=0(+0/s) seqbad=0 len_bad=0 disc=0(0x00) | tot_n=0 tot_to=0 maxever=0 >2ms=0 >5ms=0 >15ms=0 >20ms=0 >30ms=0 | probes=0 wrfail=0 down=0s maxout=0s
  23.962  BLASTC comp=527 exkBps=0 cgap_us[min/avg/max]=1389/1895/4718
  23.962  BLAST phy=2/2 att=527 ok=527 enomem=0 err=0 call_us[min/avg/max]=1317/1884/4708 okgap_max_us=4719
  24.022  t=22s RTT mean=0 min=0 max=0 n=0 to=0 | cancels=0(+0/s) seqbad=0 len_bad=0 disc=0(0x00) | tot_n=0 tot_to=0 maxever=0 >2ms=0 >5ms=0 >15ms=0 >20ms=0 >30ms=0 | probes=0 wrfail=0 down=0s maxout=0s
  25.968  BLASTC comp=531 exkBps=0 cgap_us[min/avg/max]=1389/1883/4717
  25.968  BLAST phy=2/2 att=531 ok=531 enomem=0 err=0 call_us[min/avg/max]=1333/1873/4708 okgap_max_us=4719
  25.968  t=23s RTT mean=0 min=0 max=0 n=0 to=0 | cancels=0(+0/s) seqbad=0 len_bad=0 disc=0(0x00) | tot_n=0 tot_to=0 maxever=0 >2ms=0 >5ms=0 >15ms=0 >20ms=0 >30ms=0 | probes=0 wrfail=0 down=0s maxout=0s
  25.968  BLASTC comp=530 exkBps=0 cgap_us[min/avg/max]=1385/1888/4718
  25.968  BLAST phy=2/2 att=530 ok=530 enomem=0 err=0 call_us[min/avg/max]=1374/1877/4708 okgap_max_us=4719
  26.028  t=24s RTT mean=0 min=0 max=0 n=0 to=0 | cancels=0(+0/s) seqbad=0 len_bad=0 disc=0(0x00) | tot_n=0 tot_to=0 maxever=0 >2ms=0 >5ms=0 >15ms=0 >20ms=0 >30ms=0 | probes=0 wrfail=0 down=0s maxout=0s
  27.942  BLASTC comp=527 exkBps=0 cgap_us[min/avg/max]=1387/1895/4718
  27.942  BLAST phy=2/2 att=527 ok=527 enomem=0 err=0 call_us[min/avg/max]=1320/1884/4708 okgap_max_us=4719
  27.942  t=25s RTT mean=0 min=0 max=0 n=0 to=0 | cancels=0(+0/s) seqbad=0 len_bad=0 disc=0(0x00) | tot_n=0 tot_to=0 maxever=0 >2ms=0 >5ms=0 >15ms=0 >20ms=0 >30ms=0 | probes=0 wrfail=0 down=0s maxout=0s
  28.001  BLASTC comp=531 exkBps=0 cgap_us[min/avg/max]=1389/1883/4718
  28.001  BLAST phy=2/2 att=531 ok=531 enomem=0 err=0 call_us[min/avg/max]=1320/1873/4708 okgap_max_us=4719
  28.001  t=26s RTT mean=0 min=0 max=0 n=0 to=0 | cancels=0(+0/s) seqbad=0 len_bad=0 disc=0(0x00) | tot_n=0 tot_to=0 maxever=0 >2ms=0 >5ms=0 >15ms=0 >20ms=0 >30ms=0 | probes=0 wrfail=0 down=0s maxout=0s
  29.941  BLASTC comp=526 exkBps=0 cgap_us[min/avg/max]=1388/1902/4718
  29.941  BLAST phy=2/2 att=526 ok=526 enomem=0 err=0 call_us[min/avg/max]=1377/1891/4708 okgap_max_us=4718
  29.941  t=27s RTT mean=0 min=0 max=0 n=0 to=0 | cancels=0(+0/s) seqbad=0 len_bad=0 disc=0(0x00) | tot_n=0 tot_to=0 maxever=0 >2ms=0 >5ms=0 >15ms=0 >20ms=0 >30ms=0 | probes=0 wrfail=0 down=0s maxout=0s
  29.997  BLASTC comp=531 exkBps=0 cgap_us[min/avg/max]=1389/1881/4718
  29.997  BLAST phy=2/2 att=531 ok=531 enomem=0 err=0 call_us[min/avg/max]=1317/1870/4708 okgap_max_us=4719
  29.997  t=28s RTT mean=0 min=0 max=0 n=0 to=0 | cancels=0(+0/s) seqbad=0 len_bad=0 disc=0(0x00) | tot_n=0 tot_to=0 maxever=0 >2ms=0 >5ms=0 >15ms=0 >20ms=0 >30ms=0 | probes=0 wrfail=0 down=0s maxout=0s
