   1.690  *** Booting nRF Connect SDK v3.4.0-99553055607b ***
   1.690  *** Using Zephyr OS v4.4.0-bf801e4e3d19 ***
   1.750  [00:15:46.200,516] [0m<inf> bt_sdc_hci_driver: SoftDevice Controller build revision:
   1.750                                              c8 da 30 98 f9 f0 34 a4  4b 6e ba d3 08 19 cc 0c |..0...4. Kn......
   1.750                                              ea 51 da 47                                      |.Q.G             [0m
   1.750  [00:15:46.201,310] [1;33m<wrn> bt_hci_core: Num of Controller's ACL packets != ACL bt_conn_tx contexts (10 != 3)[0m
   1.750  [00:15:46.201,961] [0m<inf> bt_hci_core: HW Platform: Nordic Semiconductor (0x0002)[0m
   1.750  [00:15:46.201,973] [0m<inf> bt_hci_core: HW Variant: nRF54Lx (0x0005)[0m
   1.750  [00:15:46.201,983] [0m<inf> bt_hci_core: Firmware: Standard Bluetooth controller (0x00) Version 200.12506 Build 888207768[0m
   1.810  [00:15:46.202,379] [0m<inf> bt_hci_core: HCI transport: SDC[0m
   1.810  [00:15:46.202,425] [0m<inf> bt_hci_core: Identity: FC:BE:FF:FA:E6:8B (random)[0m
   1.810  [00:15:46.202,442] [0m<inf> bt_hci_core: HCI: version 6.3 (0x11) revision 0x3039, manufacturer 0x0059[0m
   1.810  [00:15:46.202,457] [0m<inf> bt_hci_core: LMP: version 6.3 (0x11) subver 0x3039[0m
   1.810  
   1.810  === nRF54L15 RTT ping-pong PERIPHERAL (echo) ===
   1.810  advertising
   2.970  GAP connected interval=37500
   2.970  PHY tx=2 rx=2
   3.030  P t=1s rxkBps=0 blkkBps=0 pongs=0(+0/s) cancels=0(+0/s) notify=0 disc=0(0x00) | echo rx=0 tx=0 pend=0 stale=0
   4.282  CCC: notify ENABLED
   4.282  P t=2s rxkBps=72 blkkBps=0 pongs=305(+305/s) cancels=0(+0/s) notify=1 disc=0(0x00) | echo rx=0 tx=0 pend=0 stale=0
   5.709  P t=3s rxkBps=164 blkkBps=0 pongs=996(+691/s) cancels=0(+0/s) notify=1 disc=0(0x00) | echo rx=0 tx=0 pend=0 stale=0
   5.709  P t=4s rxkBps=164 blkkBps=0 pongs=1686(+690/s) cancels=0(+0/s) notify=1 disc=0(0x00) | echo rx=0 tx=0 pend=0 stale=0
   7.701  P t=5s rxkBps=165 blkkBps=0 pongs=2380(+694/s) cancels=0(+0/s) notify=1 disc=0(0x00) | echo rx=0 tx=0 pend=0 stale=0
   7.701  P t=6s rxkBps=164 blkkBps=0 pongs=3072(+692/s) cancels=0(+0/s) notify=1 disc=0(0x00) | echo rx=0 tx=0 pend=0 stale=0
   9.716  P t=7s rxkBps=164 blkkBps=0 pongs=3761(+689/s) cancels=0(+0/s) notify=1 disc=0(0x00) | echo rx=0 tx=0 pend=0 stale=0
   9.716  P t=8s rxkBps=164 blkkBps=0 pongs=4453(+692/s) cancels=0(+0/s) notify=1 disc=0(0x00) | echo rx=0 tx=0 pend=0 stale=0
  11.705  P t=9s rxkBps=164 blkkBps=0 pongs=5145(+692/s) cancels=0(+0/s) notify=1 disc=0(0x00) | echo rx=0 tx=0 pend=0 stale=0
  11.705  P t=10s rxkBps=164 blkkBps=0 pongs=5836(+691/s) cancels=0(+0/s) notify=1 disc=0(0x00) | echo rx=0 tx=0 pend=0 stale=0
  13.698  P t=11s rxkBps=164 blkkBps=0 pongs=6525(+689/s) cancels=0(+0/s) notify=1 disc=0(0x00) | echo rx=0 tx=0 pend=0 stale=0
  13.758  P t=12s rxkBps=163 blkkBps=0 pongs=7212(+687/s) cancels=0(+0/s) notify=1 disc=0(0x00) | echo rx=0 tx=0 pend=0 stale=0
  15.694  P t=13s rxkBps=165 blkkBps=0 pongs=7905(+693/s) cancels=0(+0/s) notify=1 disc=0(0x00) | echo rx=0 tx=0 pend=0 stale=0
  15.754  P t=14s rxkBps=153 blkkBps=0 pongs=8548(+643/s) cancels=0(+0/s) notify=1 disc=0(0x00) | echo rx=0 tx=0 pend=0 stale=0
  17.743  P t=15s rxkBps=181 blkkBps=0 pongs=9311(+763/s) cancels=0(+0/s) notify=1 disc=0(0x00) | echo rx=0 tx=0 pend=0 stale=0
  17.744  P t=16s rxkBps=183 blkkBps=0 pongs=10081(+770/s) cancels=0(+0/s) notify=1 disc=0(0x00) | echo rx=0 tx=0 pend=0 stale=0
  19.720  P t=17s rxkBps=177 blkkBps=0 pongs=10828(+747/s) cancels=0(+0/s) notify=1 disc=0(0x00) | echo rx=0 tx=0 pend=0 stale=0
  19.720  P t=18s rxkBps=177 blkkBps=0 pongs=11572(+744/s) cancels=0(+0/s) notify=1 disc=0(0x00) | echo rx=0 tx=0 pend=0 stale=0
  21.740  P t=19s rxkBps=182 blkkBps=0 pongs=12338(+766/s) cancels=0(+0/s) notify=1 disc=0(0x00) | echo rx=0 tx=0 pend=0 stale=0
  21.740  P t=20s rxkBps=183 blkkBps=0 pongs=13109(+771/s) cancels=0(+0/s) notify=1 disc=0(0x00) | echo rx=0 tx=0 pend=0 stale=0
  23.704  P t=21s rxkBps=178 blkkBps=0 pongs=13857(+748/s) cancels=0(+0/s) notify=1 disc=0(0x00) | echo rx=0 tx=0 pend=0 stale=0
  23.704  P t=22s rxkBps=183 blkkBps=0 pongs=14628(+771/s) cancels=0(+0/s) notify=1 disc=0(0x00) | echo rx=0 tx=0 pend=0 stale=0
  25.742  P t=23s rxkBps=183 blkkBps=0 pongs=15397(+769/s) cancels=0(+0/s) notify=1 disc=0(0x00) | echo rx=0 tx=0 pend=0 stale=0
  25.742  P t=24s rxkBps=183 blkkBps=0 pongs=16169(+772/s) cancels=0(+0/s) notify=1 disc=0(0x00) | echo rx=0 tx=0 pend=0 stale=0
  27.703  P t=25s rxkBps=183 blkkBps=0 pongs=16937(+768/s) cancels=0(+0/s) notify=1 disc=0(0x00) | echo rx=0 tx=0 pend=0 stale=0
  27.703  P t=26s rxkBps=183 blkkBps=0 pongs=17705(+768/s) cancels=0(+0/s) notify=1 disc=0(0x00) | echo rx=0 tx=0 pend=0 stale=0
  29.707  P t=27s rxkBps=181 blkkBps=0 pongs=18467(+762/s) cancels=0(+0/s) notify=1 disc=0(0x00) | echo rx=0 tx=0 pend=0 stale=0
  29.707  P t=28s rxkBps=182 blkkBps=0 pongs=19233(+766/s) cancels=0(+0/s) notify=1 disc=0(0x00) | echo rx=0 tx=0 pend=0 stale=0
