   1.728  *** Booting nRF Connect SDK v3.4.0-99553055607b ***
   1.728  *** Using Zephyr OS v4.4.0-bf801e4e3d19 ***
   1.728  [00:06:30.821,895] [0m<inf> bt_sdc_hci_driver: SoftDevice Controller build revision:
   1.728                                              c8 da 30 98 f9 f0 34 a4  4b 6e ba d3 08 19 cc 0c |..0...4. Kn......
   1.728                                              ea 51 da 47                                      |.Q.G             [0m
   1.728  [00:06:30.822,689] [1;33m<wrn> bt_hci_core: Num of Controller's ACL packets != ACL bt_conn_tx contexts (10 != 3)[0m
   1.728  [00:06:30.823,340] [0m<inf> bt_hci_core: HW Platform: Nordic Semiconductor (0x0002)[0m
   1.784  [00:06:30.823,351] [0m<inf> bt_hci_core: HW Variant: nRF54Lx (0x0005)[0m
   1.784  [00:06:30.823,362] [0m<inf> bt_hci_core: Firmware: Standard Bluetooth controller (0x00) Version 200.12506 Build 888207768[0m
   1.784  [00:06:30.823,757] [0m<inf> bt_hci_core: HCI transport: SDC[0m
   1.784  [00:06:30.823,803] [0m<inf> bt_hci_core: Identity: FC:BE:FF:FA:E6:8B (random)[0m
   1.784  [00:06:30.823,820] [0m<inf> bt_hci_core: HCI: version 6.3 (0x11) revision 0x3039, manufacturer 0x0059[0m
   1.784  [00:06:30.823,836] [0m<inf> bt_hci_core: LMP: version 6.3 (0x11) subver 0x3039[0m
   1.784  
   1.784  === nRF54L15 RTT ping-pong PERIPHERAL (echo) ===
   1.784  advertising
   3.013  GAP connected interval=7500
   3.013  PHY tx=2 rx=2
   3.013  CCC: notify ENABLED
   3.013  P t=1s rxkBps=6 blkkBps=0 pongs=27(+27/s) cancels=0(+0/s) notify=1 disc=0(0x00) | echo rx=0 tx=0 pend=0 stale=0
   4.687  P t=2s rxkBps=112 blkkBps=0 pongs=499(+472/s) cancels=0(+0/s) notify=1 disc=0(0x00) | echo rx=0 tx=0 pend=0 stale=0
   4.742  P t=3s rxkBps=114 blkkBps=0 pongs=978(+479/s) cancels=0(+0/s) notify=1 disc=0(0x00) | echo rx=0 tx=0 pend=0 stale=0
   6.688  P t=4s rxkBps=126 blkkBps=0 pongs=1508(+530/s) cancels=0(+0/s) notify=1 disc=0(0x00) | echo rx=0 tx=0 pend=0 stale=0
   6.743  P t=5s rxkBps=125 blkkBps=0 pongs=2033(+525/s) cancels=0(+0/s) notify=1 disc=0(0x00) | echo rx=0 tx=0 pend=0 stale=0
   8.696  P t=6s rxkBps=127 blkkBps=0 pongs=2566(+533/s) cancels=0(+0/s) notify=1 disc=0(0x00) | echo rx=0 tx=0 pend=0 stale=0
   8.696  P t=7s rxkBps=124 blkkBps=0 pongs=3089(+523/s) cancels=0(+0/s) notify=1 disc=0(0x00) | echo rx=0 tx=0 pend=0 stale=0
  10.689  P t=8s rxkBps=123 blkkBps=0 pongs=3607(+518/s) cancels=0(+0/s) notify=1 disc=0(0x00) | echo rx=0 tx=0 pend=0 stale=0
  10.743  P t=9s rxkBps=125 blkkBps=0 pongs=4132(+525/s) cancels=0(+0/s) notify=1 disc=0(0x00) | echo rx=0 tx=0 pend=0 stale=0
  12.735  P t=10s rxkBps=125 blkkBps=0 pongs=4659(+527/s) cancels=0(+0/s) notify=1 disc=0(0x00) | echo rx=0 tx=0 pend=0 stale=0
  12.735  P t=11s rxkBps=125 blkkBps=0 pongs=5185(+526/s) cancels=0(+0/s) notify=1 disc=0(0x00) | echo rx=0 tx=0 pend=0 stale=0
  14.690  P t=12s rxkBps=125 blkkBps=0 pongs=5711(+526/s) cancels=0(+0/s) notify=1 disc=0(0x00) | echo rx=0 tx=0 pend=0 stale=0
  14.742  P t=13s rxkBps=125 blkkBps=0 pongs=6238(+527/s) cancels=0(+0/s) notify=1 disc=0(0x00) | echo rx=0 tx=0 pend=0 stale=0
  16.731  P t=14s rxkBps=126 blkkBps=0 pongs=6770(+532/s) cancels=0(+0/s) notify=1 disc=0(0x00) | echo rx=0 tx=0 pend=0 stale=0
  16.731  P t=15s rxkBps=125 blkkBps=0 pongs=7296(+526/s) cancels=0(+0/s) notify=1 disc=0(0x00) | echo rx=0 tx=0 pend=0 stale=0
  18.735  P t=16s rxkBps=126 blkkBps=0 pongs=7826(+530/s) cancels=0(+0/s) notify=1 disc=0(0x00) | echo rx=0 tx=0 pend=0 stale=0
  18.735  P t=17s rxkBps=125 blkkBps=0 pongs=8354(+528/s) cancels=0(+0/s) notify=1 disc=0(0x00) | echo rx=0 tx=0 pend=0 stale=0
  20.730  P t=18s rxkBps=126 blkkBps=0 pongs=8883(+529/s) cancels=0(+0/s) notify=1 disc=0(0x00) | echo rx=0 tx=0 pend=0 stale=0
  20.730  P t=19s rxkBps=125 blkkBps=0 pongs=9408(+525/s) cancels=0(+0/s) notify=1 disc=0(0x00) | echo rx=0 tx=0 pend=0 stale=0
  22.727  P t=20s rxkBps=127 blkkBps=0 pongs=9941(+533/s) cancels=0(+0/s) notify=1 disc=0(0x00) | echo rx=0 tx=0 pend=0 stale=0
  22.727  P t=21s rxkBps=125 blkkBps=0 pongs=10469(+528/s) cancels=0(+0/s) notify=1 disc=0(0x00) | echo rx=0 tx=0 pend=0 stale=0
  24.711  P t=22s rxkBps=124 blkkBps=0 pongs=10993(+524/s) cancels=0(+0/s) notify=1 disc=0(0x00) | echo rx=0 tx=0 pend=0 stale=0
  24.711  P t=23s rxkBps=126 blkkBps=0 pongs=11523(+530/s) cancels=0(+0/s) notify=1 disc=0(0x00) | echo rx=0 tx=0 pend=0 stale=0
  26.709  P t=24s rxkBps=125 blkkBps=0 pongs=12050(+527/s) cancels=0(+0/s) notify=1 disc=0(0x00) | echo rx=0 tx=0 pend=0 stale=0
  26.709  P t=25s rxkBps=120 blkkBps=0 pongs=12557(+507/s) cancels=0(+0/s) notify=1 disc=0(0x00) | echo rx=0 tx=0 pend=0 stale=0
  28.722  P t=26s rxkBps=125 blkkBps=0 pongs=13084(+527/s) cancels=0(+0/s) notify=1 disc=0(0x00) | echo rx=0 tx=0 pend=0 stale=0
  28.722  P t=27s rxkBps=125 blkkBps=0 pongs=13611(+527/s) cancels=0(+0/s) notify=1 disc=0(0x00) | echo rx=0 tx=0 pend=0 stale=0
