   1.680  *** Booting nRF Connect SDK v3.4.0-99553055607b ***
   1.735  *** Using Zephyr OS v4.4.0-bf801e4e3d19 ***
   1.735  [00:44:04.623,650] [0m<inf> bt_sdc_hci_driver: SoftDevice Controller build revision:
   1.735                                              c8 da 30 98 f9 f0 34 a4  4b 6e ba d3 08 19 cc 0c |..0...4. Kn......
   1.735                                              ea 51 da 47                                      |.Q.G             [0m
   1.735  [00:44:04.624,433] [1;33m<wrn> bt_hci_core: Num of Controller's ACL packets != ACL bt_conn_tx contexts (10 != 3)[0m
   1.735  [00:44:04.625,076] [0m<inf> bt_hci_core: HW Platform: Nordic Semiconductor (0x0002)[0m
   1.787  [00:44:04.625,088] [0m<inf> bt_hci_core: HW Variant: nRF54Lx (0x0005)[0m
   1.787  [00:44:04.625,098] [0m<inf> bt_hci_core: Firmware: Standard Bluetooth controller (0x00) Version 200.12506 Build 888207768[0m
   1.787  [00:44:04.625,489] [0m<inf> bt_hci_core: HCI transport: SDC[0m
   1.787  [00:44:04.625,534] [0m<inf> bt_hci_core: Identity: FC:BE:FF:FA:E6:8B (random)[0m
   1.787  [00:44:04.625,551] [0m<inf> bt_hci_core: HCI: version 6.3 (0x11) revision 0x3039, manufacturer 0x0059[0m
   1.787  [00:44:04.625,566] [0m<inf> bt_hci_core: LMP: version 6.3 (0x11) subver 0x3039[0m
   1.787  
   1.787  === nRF54L15 RTT ping-pong PERIPHERAL (echo) ===
   1.787  advertising
   2.968  GAP connected interval=25000
   2.968  PHY tx=2 rx=2
   2.968  P t=1s rxkBps=0 blkkBps=0 pongs=0(+0/s) cancels=0(+0/s) notify=0 disc=0(0x00) | echo rx=0 tx=0 pend=0 stale=0
   3.994  CCC: notify ENABLED
   3.994  P t=2s rxkBps=113 blkkBps=0 pongs=475(+475/s) cancels=0(+0/s) notify=1 disc=0(0x00) | echo rx=0 tx=0 pend=0 stale=0
   5.735  P t=3s rxkBps=161 blkkBps=0 pongs=1151(+676/s) cancels=0(+0/s) notify=1 disc=0(0x00) | echo rx=0 tx=0 pend=0 stale=0
   5.735  P t=4s rxkBps=158 blkkBps=0 pongs=1815(+664/s) cancels=0(+0/s) notify=1 disc=0(0x00) | echo rx=0 tx=0 pend=0 stale=0
   7.724  P t=5s rxkBps=161 blkkBps=0 pongs=2493(+678/s) cancels=0(+0/s) notify=1 disc=0(0x00) | echo rx=0 tx=0 pend=0 stale=0
   7.725  P t=6s rxkBps=158 blkkBps=0 pongs=3159(+666/s) cancels=0(+0/s) notify=1 disc=0(0x00) | echo rx=0 tx=0 pend=0 stale=0
   9.724  P t=7s rxkBps=161 blkkBps=0 pongs=3836(+677/s) cancels=0(+0/s) notify=1 disc=0(0x00) | echo rx=0 tx=0 pend=0 stale=0
   9.724  P t=8s rxkBps=159 blkkBps=0 pongs=4504(+668/s) cancels=0(+0/s) notify=1 disc=0(0x00) | echo rx=0 tx=0 pend=0 stale=0
  11.707  P t=9s rxkBps=155 blkkBps=0 pongs=5158(+654/s) cancels=0(+0/s) notify=1 disc=0(0x00) | echo rx=0 tx=0 pend=0 stale=0
  11.707  P t=10s rxkBps=161 blkkBps=0 pongs=5834(+676/s) cancels=0(+0/s) notify=1 disc=0(0x00) | echo rx=0 tx=0 pend=0 stale=0
  13.709  P t=11s rxkBps=161 blkkBps=0 pongs=6511(+677/s) cancels=0(+0/s) notify=1 disc=0(0x00) | echo rx=0 tx=0 pend=0 stale=0
  13.709  P t=12s rxkBps=161 blkkBps=0 pongs=7188(+677/s) cancels=0(+0/s) notify=1 disc=0(0x00) | echo rx=0 tx=0 pend=0 stale=0
  15.703  P t=13s rxkBps=161 blkkBps=0 pongs=7867(+679/s) cancels=0(+0/s) notify=1 disc=0(0x00) | echo rx=0 tx=0 pend=0 stale=0
  15.704  P t=14s rxkBps=161 blkkBps=0 pongs=8544(+677/s) cancels=0(+0/s) notify=1 disc=0(0x00) | echo rx=0 tx=0 pend=0 stale=0
  17.716  P t=15s rxkBps=180 blkkBps=0 pongs=9303(+759/s) cancels=0(+0/s) notify=1 disc=0(0x00) | echo rx=0 tx=0 pend=0 stale=0
  17.716  P t=16s rxkBps=181 blkkBps=0 pongs=10063(+760/s) cancels=0(+0/s) notify=1 disc=0(0x00) | echo rx=0 tx=0 pend=0 stale=0
  19.716  P t=17s rxkBps=180 blkkBps=0 pongs=10822(+759/s) cancels=0(+0/s) notify=1 disc=0(0x00) | echo rx=0 tx=0 pend=0 stale=0
  19.716  P t=18s rxkBps=179 blkkBps=0 pongs=11575(+753/s) cancels=0(+0/s) notify=1 disc=0(0x00) | echo rx=0 tx=0 pend=0 stale=0
  21.719  P t=19s rxkBps=178 blkkBps=0 pongs=12323(+748/s) cancels=0(+0/s) notify=1 disc=0(0x00) | echo rx=0 tx=0 pend=0 stale=0
  21.719  P t=20s rxkBps=178 blkkBps=0 pongs=13072(+749/s) cancels=0(+0/s) notify=1 disc=0(0x00) | echo rx=0 tx=0 pend=0 stale=0
  23.726  P t=21s rxkBps=177 blkkBps=0 pongs=13816(+744/s) cancels=0(+0/s) notify=1 disc=0(0x00) | echo rx=0 tx=0 pend=0 stale=0
  23.726  P t=22s rxkBps=180 blkkBps=0 pongs=14575(+759/s) cancels=0(+0/s) notify=1 disc=0(0x00) | echo rx=0 tx=0 pend=0 stale=0
  25.718  P t=23s rxkBps=180 blkkBps=0 pongs=15333(+758/s) cancels=0(+0/s) notify=1 disc=0(0x00) | echo rx=0 tx=0 pend=0 stale=0
  25.718  P t=24s rxkBps=179 blkkBps=0 pongs=16088(+755/s) cancels=0(+0/s) notify=1 disc=0(0x00) | echo rx=0 tx=0 pend=0 stale=0
  27.720  P t=25s rxkBps=180 blkkBps=0 pongs=16844(+756/s) cancels=0(+0/s) notify=1 disc=0(0x00) | echo rx=0 tx=0 pend=0 stale=0
  27.720  P t=26s rxkBps=180 blkkBps=0 pongs=17601(+757/s) cancels=0(+0/s) notify=1 disc=0(0x00) | echo rx=0 tx=0 pend=0 stale=0
  29.716  P t=27s rxkBps=179 blkkBps=0 pongs=18356(+755/s) cancels=0(+0/s) notify=1 disc=0(0x00) | echo rx=0 tx=0 pend=0 stale=0
  29.716  P t=28s rxkBps=179 blkkBps=0 pongs=19111(+755/s) cancels=0(+0/s) notify=1 disc=0(0x00) | echo rx=0 tx=0 pend=0 stale=0
