   0.326  PHY tx=2 rx=2
   0.381  t=2s RTT mean=0 min=0 max=0 n=0 to=0 | cancels=0(+0/s) seqbad=0 len_bad=302 disc=0(0x00) | tot_n=0 tot_to=0 maxever=0 >2ms=0 >5ms=0 >15ms=0 >20ms=0 >30ms=0 | probes=0 wrfail=0 down=0s maxout=0s
   0.381  BLASTC comp=313 exkBps=72 cgap_us[min/avg/max]=128/3193/96405
   0.381  BLAST phy=2/2 att=323 ok=323 enomem=0 err=0 call_us[min/avg/max]=53/3083/95686 okgap_max_us=95698
   2.269  t=3s RTT mean=0 min=0 max=0 n=0 to=0 | cancels=0(+0/s) seqbad=0 len_bad=646 disc=0(0x00) | tot_n=0 tot_to=0 maxever=0 >2ms=0 >5ms=0 >15ms=0 >20ms=0 >30ms=0 | probes=0 wrfail=0 down=0s maxout=0s
   2.269  BLASTC comp=344 exkBps=81 cgap_us[min/avg/max]=2394/2906/50001
   2.324  BLAST phy=2/2 att=344 ok=344 enomem=0 err=0 call_us[min/avg/max]=2326/2895/49990 okgap_max_us=50001
   2.324  t=4s RTT mean=0 min=0 max=0 n=0 to=0 | cancels=0(+0/s) seqbad=0 len_bad=970 disc=0(0x00) | tot_n=0 tot_to=0 maxever=0 >2ms=0 >5ms=0 >15ms=0 >20ms=0 >30ms=0 | probes=0 wrfail=0 down=0s maxout=0s
   2.324  BLASTC comp=324 exkBps=77 cgap_us[min/avg/max]=2394/3086/35623
   2.324  BLAST phy=2/2 att=324 ok=324 enomem=0 err=0 call_us[min/avg/max]=2327/3075/35612 okgap_max_us=35623
   4.298  t=5s RTT mean=0 min=0 max=0 n=0 to=0 | cancels=0(+0/s) seqbad=0 len_bad=1304 disc=0(0x00) | tot_n=0 tot_to=0 maxever=0 >2ms=0 >5ms=0 >15ms=0 >20ms=0 >30ms=0 | probes=0 wrfail=0 down=0s maxout=0s
   4.298  BLASTC comp=334 exkBps=79 cgap_us[min/avg/max]=2393/2994/47609
   4.298  BLAST phy=2/2 att=334 ok=334 enomem=0 err=0 call_us[min/avg/max]=2323/2982/47599 okgap_max_us=47610
   4.298  t=6s RTT mean=0 min=0 max=0 n=0 to=0 | cancels=0(+0/s) seqbad=0 len_bad=1650 disc=0(0x00) | tot_n=0 tot_to=0 maxever=0 >2ms=0 >5ms=0 >15ms=0 >20ms=0 >30ms=0 | probes=0 wrfail=0 down=0s maxout=0s
   4.354  BLASTC comp=346 exkBps=82 cgap_us[min/avg/max]=2394/2890/25002
   4.354  BLAST phy=2/2 att=346 ok=346 enomem=0 err=0 call_us[min/avg/max]=2326/2878/24991 okgap_max_us=25002
   6.262  t=7s RTT mean=0 min=0 max=0 n=0 to=0 | cancels=0(+0/s) seqbad=0 len_bad=1996 disc=0(0x00) | tot_n=0 tot_to=0 maxever=0 >2ms=0 >5ms=0 >15ms=0 >20ms=0 >30ms=0 | probes=0 wrfail=0 down=0s maxout=0s
   6.262  BLASTC comp=346 exkBps=82 cgap_us[min/avg/max]=2391/2890/28425
   6.316  BLAST phy=2/2 att=346 ok=346 enomem=0 err=0 call_us[min/avg/max]=2324/2879/28415 okgap_max_us=28426
   6.316  t=8s RTT mean=0 min=0 max=0 n=0 to=0 | cancels=0(+0/s) seqbad=0 len_bad=2339 disc=0(0x00) | tot_n=0 tot_to=0 maxever=0 >2ms=0 >5ms=0 >15ms=0 >20ms=0 >30ms=0 | probes=0 wrfail=0 down=0s maxout=0s
   6.316  BLASTC comp=343 exkBps=81 cgap_us[min/avg/max]=2394/2915/28425
   6.316  BLAST phy=2/2 att=343 ok=343 enomem=0 err=0 call_us[min/avg/max]=2327/2904/28414 okgap_max_us=28425
   8.280  t=9s RTT mean=0 min=0 max=0 n=0 to=0 | cancels=0(+0/s) seqbad=0 len_bad=2632 disc=0(0x00) | tot_n=0 tot_to=0 maxever=0 >2ms=0 >5ms=0 >15ms=0 >20ms=0 >30ms=0 | probes=0 wrfail=0 down=0s maxout=0s
   8.280  BLASTC comp=293 exkBps=69 cgap_us[min/avg/max]=2393/3412/53425
   8.280  BLAST phy=2/2 att=293 ok=293 enomem=0 err=0 call_us[min/avg/max]=2381/3402/53415 okgap_max_us=53426
   8.336  t=10s RTT mean=0 min=0 max=0 n=0 to=0 | cancels=0(+0/s) seqbad=0 len_bad=2960 disc=0(0x00) | tot_n=0 tot_to=0 maxever=0 >2ms=0 >5ms=0 >15ms=0 >20ms=0 >30ms=0 | probes=0 wrfail=0 down=0s maxout=0s
   8.336  BLASTC comp=328 exkBps=78 cgap_us[min/avg/max]=2394/3125/28424
   8.336  BLAST phy=2/2 att=328 ok=328 enomem=0 err=0 call_us[min/avg/max]=2259/3113/28415 okgap_max_us=28426
  10.293  BLASTC comp=336 exkBps=80 cgap_us[min/avg/max]=2394/2901/28427
  10.293  BLAST phy=2/2 att=336 ok=336 enomem=0 err=0 call_us[min/avg/max]=2324/2890/28416 okgap_max_us=28485
  10.294  t=11s RTT mean=0 min=0 max=0 n=0 to=0 | cancels=0(+0/s) seqbad=0 len_bad=3297 disc=0(0x00) | tot_n=0 tot_to=0 maxever=0 >2ms=0 >5ms=0 >15ms=0 >20ms=0 >30ms=0 | probes=0 wrfail=0 down=0s maxout=0s
  10.294  BLASTC comp=352 exkBps=83 cgap_us[min/avg/max]=2393/2840/28425
  10.294  BLAST phy=2/2 att=352 ok=352 enomem=0 err=0 call_us[min/avg/max]=2334/2829/28414 okgap_max_us=28425
  10.349  t=12s RTT mean=0 min=0 max=0 n=0 to=0 | cancels=0(+0/s) seqbad=0 len_bad=3649 disc=0(0x00) | tot_n=0 tot_to=0 maxever=0 >2ms=0 >5ms=0 >15ms=0 >20ms=0 >30ms=0 | probes=0 wrfail=0 down=0s maxout=0s
  12.247  BLASTC comp=316 exkBps=75 cgap_us[min/avg/max]=2392/3164/28433
  12.300  BLAST phy=2/2 att=316 ok=316 enomem=0 err=0 call_us[min/avg/max]=2314/3153/28423 okgap_max_us=28434
  12.300  t=13s RTT mean=0 min=0 max=0 n=0 to=0 | cancels=0(+0/s) seqbad=0 len_bad=3965 disc=0(0x00) | tot_n=0 tot_to=0 maxever=0 >2ms=0 >5ms=0 >15ms=0 >20ms=0 >30ms=0 | probes=0 wrfail=0 down=0s maxout=0s
  12.300  BLASTC comp=357 exkBps=85 cgap_us[min/avg/max]=2393/2801/28425
  12.300  BLAST phy=2/2 att=357 ok=357 enomem=0 err=0 call_us[min/avg/max]=2334/2789/28414 okgap_max_us=28425
  12.355  t=14s RTT mean=0 min=0 max=0 n=0 to=0 | cancels=0(+0/s) seqbad=0 len_bad=4322 disc=0(0x00) | tot_n=0 tot_to=0 maxever=0 >2ms=0 >5ms=0 >15ms=0 >20ms=0 >30ms=0 | probes=0 wrfail=0 down=0s maxout=0s
  14.252  BLASTC comp=338 exkBps=80 cgap_us[min/avg/max]=2392/2958/25002
  14.307  BLAST phy=2/2 att=338 ok=338 enomem=0 err=0 call_us[min/avg/max]=2315/2947/24991 okgap_max_us=25002
  14.307  t=15s RTT mean=0 min=0 max=0 n=0 to=0 | cancels=0(+0/s) seqbad=0 len_bad=4660 disc=0(0x00) | tot_n=0 tot_to=0 maxever=0 >2ms=0 >5ms=0 >15ms=0 >20ms=0 >30ms=0 | probes=0 wrfail=0 down=0s maxout=0s
  14.307  BLASTC comp=349 exkBps=83 cgap_us[min/avg/max]=2392/2865/28426
  14.307  BLAST phy=2/2 att=349 ok=349 enomem=0 err=0 call_us[min/avg/max]=2333/2854/28415 okgap_max_us=28426
  14.359  t=16s RTT mean=0 min=0 max=0 n=0 to=0 | cancels=0(+0/s) seqbad=0 len_bad=5009 disc=0(0x00) | tot_n=0 tot_to=0 maxever=0 >2ms=0 >5ms=0 >15ms=0 >20ms=0 >30ms=0 | probes=0 wrfail=0 down=0s maxout=0s
  16.257  BLASTC comp=339 exkBps=80 cgap_us[min/avg/max]=2393/2949/28425
  16.257  BLAST phy=2/2 att=339 ok=339 enomem=0 err=0 call_us[min/avg/max]=2380/2938/28414 okgap_max_us=28425
  16.310  t=17s RTT mean=0 min=0 max=0 n=0 to=0 | cancels=0(+0/s) seqbad=0 len_bad=5348 disc=0(0x00) | tot_n=0 tot_to=0 maxever=0 >2ms=0 >5ms=0 >15ms=0 >20ms=0 >30ms=0 | probes=0 wrfail=0 down=0s maxout=0s
  16.310  BLASTC comp=344 exkBps=81 cgap_us[min/avg/max]=2391/2906/28426
  16.310  BLAST phy=2/2 att=344 ok=344 enomem=0 err=0 call_us[min/avg/max]=2335/2895/28415 okgap_max_us=28426
  16.310  t=18s RTT mean=0 min=0 max=0 n=0 to=0 | cancels=0(+0/s) seqbad=0 len_bad=5692 disc=0(0x00) | tot_n=0 tot_to=0 maxever=0 >2ms=0 >5ms=0 >15ms=0 >20ms=0 >30ms=0 | probes=0 wrfail=0 down=0s maxout=0s
  18.277  BLASTC comp=335 exkBps=79 cgap_us[min/avg/max]=2392/2985/28426
  18.277  BLAST phy=2/2 att=335 ok=335 enomem=0 err=0 call_us[min/avg/max]=2316/2973/28415 okgap_max_us=28426
  18.277  t=19s RTT mean=0 min=0 max=0 n=0 to=0 | cancels=0(+0/s) seqbad=0 len_bad=6027 disc=0(0x00) | tot_n=0 tot_to=0 maxever=0 >2ms=0 >5ms=0 >15ms=0 >20ms=0 >30ms=0 | probes=0 wrfail=0 down=0s maxout=0s
  18.332  BLASTC comp=345 exkBps=82 cgap_us[min/avg/max]=2391/2898/25001
  18.332  BLAST phy=2/2 att=345 ok=345 enomem=0 err=0 call_us[min/avg/max]=2335/2887/24991 okgap_max_us=25002
  18.332  t=20s RTT mean=0 min=0 max=0 n=0 to=0 | cancels=0(+0/s) seqbad=0 len_bad=6372 disc=0(0x00) | tot_n=0 tot_to=0 maxever=0 >2ms=0 >5ms=0 >15ms=0 >20ms=0 >30ms=0 | probes=0 wrfail=0 down=0s maxout=0s
  20.287  BLASTC comp=344 exkBps=81 cgap_us[min/avg/max]=2392/2906/28426
  20.287  BLAST phy=2/2 att=344 ok=344 enomem=0 err=0 call_us[min/avg/max]=2314/2895/28415 okgap_max_us=28426
  20.287  t=21s RTT mean=0 min=0 max=0 n=0 to=0 | cancels=0(+0/s) seqbad=0 len_bad=6716 disc=0(0x00) | tot_n=0 tot_to=0 maxever=0 >2ms=0 >5ms=0 >15ms=0 >20ms=0 >30ms=0 | probes=0 wrfail=0 down=0s maxout=0s
  20.287  BLASTC comp=321 exkBps=76 cgap_us[min/avg/max]=2391/3115/63016
  20.287  BLAST phy=2/2 att=321 ok=321 enomem=0 err=0 call_us[min/avg/max]=2334/3104/63006 okgap_max_us=63017
  20.342  t=22s RTT mean=0 min=0 max=0 n=0 to=0 | cancels=0(+0/s) seqbad=0 len_bad=7037 disc=0(0x00) | tot_n=0 tot_to=0 maxever=0 >2ms=0 >5ms=0 >15ms=0 >20ms=0 >30ms=0 | probes=0 wrfail=0 down=0s maxout=0s
  22.286  BLASTC comp=300 exkBps=71 cgap_us[min/avg/max]=2394/3333/47601
  22.286  BLAST phy=2/2 att=300 ok=300 enomem=0 err=0 call_us[min/avg/max]=2316/3322/47590 okgap_max_us=47601
  22.286  t=23s RTT mean=0 min=0 max=0 n=0 to=0 | cancels=0(+0/s) seqbad=0 len_bad=7337 disc=0(0x00) | tot_n=0 tot_to=0 maxever=0 >2ms=0 >5ms=0 >15ms=0 >20ms=0 >30ms=0 | probes=0 wrfail=0 down=0s maxout=0s
  22.286  BLASTC comp=324 exkBps=77 cgap_us[min/avg/max]=2392/3086/28428
  22.336  BLAST phy=2/2 att=324 ok=324 enomem=0 err=0 call_us[min/avg/max]=2335/3075/28417 okgap_max_us=28428
  22.336  t=24s RTT mean=0 min=0 max=0 n=0 to=0 | cancels=0(+0/s) seqbad=0 len_bad=7661 disc=0(0x00) | tot_n=0 tot_to=0 maxever=0 >2ms=0 >5ms=0 >15ms=0 >20ms=0 >30ms=0 | probes=0 wrfail=0 down=0s maxout=0s
  24.291  BLASTC comp=309 exkBps=73 cgap_us[min/avg/max]=2391/3236/28427
  24.291  BLAST phy=2/2 att=309 ok=309 enomem=0 err=0 call_us[min/avg/max]=2316/3224/28416 okgap_max_us=28427
  24.291  t=25s RTT mean=0 min=0 max=0 n=0 to=0 | cancels=0(+0/s) seqbad=0 len_bad=7970 disc=0(0x00) | tot_n=0 tot_to=0 maxever=0 >2ms=0 >5ms=0 >15ms=0 >20ms=0 >30ms=0 | probes=0 wrfail=0 down=0s maxout=0s
  24.291  BLASTC comp=329 exkBps=78 cgap_us[min/avg/max]=2391/3039/22605
  24.291  BLAST phy=2/2 att=329 ok=329 enomem=0 err=0 call_us[min/avg/max]=2335/3028/22594 okgap_max_us=22605
  24.346  t=26s RTT mean=0 min=0 max=0 n=0 to=0 | cancels=0(+0/s) seqbad=0 len_bad=8299 disc=0(0x00) | tot_n=0 tot_to=0 maxever=0 >2ms=0 >5ms=0 >15ms=0 >20ms=0 >30ms=0 | probes=0 wrfail=0 down=0s maxout=0s
  26.291  BLASTC comp=341 exkBps=81 cgap_us[min/avg/max]=2394/2932/28425
  26.291  BLAST phy=2/2 att=341 ok=341 enomem=0 err=0 call_us[min/avg/max]=2379/2921/28414 okgap_max_us=28425
  26.291  t=27s RTT mean=0 min=0 max=0 n=0 to=0 | cancels=0(+0/s) seqbad=0 len_bad=8641 disc=0(0x00) | tot_n=0 tot_to=0 maxever=0 >2ms=0 >5ms=0 >15ms=0 >20ms=0 >30ms=0 | probes=0 wrfail=0 down=0s maxout=0s
  26.291  BLASTC comp=296 exkBps=70 cgap_us[min/avg/max]=2385/3378/30820
  26.346  BLAST phy=2/2 att=296 ok=296 enomem=0 err=0 call_us[min/avg/max]=2279/3367/30809 okgap_max_us=30820
  26.346  t=28s RTT mean=0 min=0 max=0 n=0 to=0 | cancels=0(+0/s) seqbad=0 len_bad=8937 disc=0(0x00) | tot_n=0 tot_to=0 maxever=0 >2ms=0 >5ms=0 >15ms=0 >20ms=0 >30ms=0 | probes=0 wrfail=0 down=0s maxout=0s
  28.280  BLASTC comp=302 exkBps=71 cgap_us[min/avg/max]=2387/3311/47604
  28.281  BLAST phy=2/2 att=302 ok=302 enomem=0 err=0 call_us[min/avg/max]=2303/3300/47594 okgap_max_us=47605
  28.281  t=29s RTT mean=0 min=0 max=0 n=0 to=0 | cancels=0(+0/s) seqbad=0 len_bad=9239 disc=0(0x00) | tot_n=0 tot_to=0 maxever=0 >2ms=0 >5ms=0 >15ms=0 >20ms=0 >30ms=0 | probes=0 wrfail=0 down=0s maxout=0s
  28.281  BLASTC comp=252 exkBps=60 cgap_us[min/avg/max]=2395/3968/55820
  28.333  BLAST phy=2/2 att=252 ok=252 enomem=0 err=0 call_us[min/avg/max]=2325/3957/55809 okgap_max_us=55820
  28.333  t=30s RTT mean=0 min=0 max=0 n=0 to=0 | cancels=0(+0/s) seqbad=0 len_bad=9491 disc=0(0x00) | tot_n=0 tot_to=0 maxever=0 >2ms=0 >5ms=0 >15ms=0 >20ms=0 >30ms=0 | probes=0 wrfail=0 down=0s maxout=0s
  30.295  BLASTC comp=310 exkBps=73 cgap_us[min/avg/max]=2386/3225/47604
  30.295  BLAST phy=2/2 att=310 ok=310 enomem=0 err=0 call_us[min/avg/max]=2301/3214/47593 okgap_max_us=47604
  30.295  t=31s RTT mean=0 min=0 max=0 n=0 to=0 | cancels=0(+0/s) seqbad=0 len_bad=9801 disc=0(0x00) | tot_n=0 tot_to=0 maxever=0 >2ms=0 >5ms=0 >15ms=0 >20ms=0 >30ms=0 | probes=0 wrfail=0 down=0s maxout=0s
  30.295  BLASTC comp=324 exkBps=77 cgap_us[min/avg/max]=2394/3086/28426
  30.295  BLAST phy=2/2 att=324 ok=324 enomem=0 err=0 call_us[min/avg/max]=2323/3075/28415 okgap_max_us=28426
  30.350  t=32s RTT mean=0 min=0 max=0 n=0 to=0 | cancels=0(+0/s) seqbad=0 len_bad=10125 disc=0(0x00) | tot_n=0 tot_to=0 maxever=0 >2ms=0 >5ms=0 >15ms=0 >20ms=0 >30ms=0 | probes=0 wrfail=0 down=0s maxout=0s
  32.297  BLASTC comp=364 exkBps=86 cgap_us[min/avg/max]=2388/2747/25002
  32.297  BLAST phy=2/2 att=364 ok=364 enomem=0 err=0 call_us[min/avg/max]=2303/2736/24991 okgap_max_us=25002
  32.297  t=33s RTT mean=0 min=0 max=0 n=0 to=0 | cancels=0(+0/s) seqbad=0 len_bad=10489 disc=0(0x00) | tot_n=0 tot_to=0 maxever=0 >2ms=0 >5ms=0 >15ms=0 >20ms=0 >30ms=0 | probes=0 wrfail=0 down=0s maxout=0s
  32.297  BLASTC comp=311 exkBps=74 cgap_us[min/avg/max]=2394/3215/28425
  32.297  BLAST phy=2/2 att=311 ok=311 enomem=0 err=0 call_us[min/avg/max]=2326/3204/28415 okgap_max_us=28426
  32.352  t=34s RTT mean=0 min=0 max=0 n=0 to=0 | cancels=0(+0/s) seqbad=0 len_bad=10800 disc=0(0x00) | tot_n=0 tot_to=0 maxever=0 >2ms=0 >5ms=0 >15ms=0 >20ms=0 >30ms=0 | probes=0 wrfail=0 down=0s maxout=0s
  34.255  BLASTC comp=304 exkBps=72 cgap_us[min/avg/max]=2386/3289/28434
  34.255  BLAST phy=2/2 att=304 ok=304 enomem=0 err=0 call_us[min/avg/max]=2302/3278/28423 okgap_max_us=28434
  34.311  t=35s RTT mean=0 min=0 max=0 n=0 to=0 | cancels=0(+0/s) seqbad=0 len_bad=11104 disc=0(0x00) | tot_n=0 tot_to=0 maxever=0 >2ms=0 >5ms=0 >15ms=0 >20ms=0 >30ms=0 | probes=0 wrfail=0 down=0s maxout=0s
  34.311  BLASTC comp=278 exkBps=66 cgap_us[min/avg/max]=2392/3597/78425
  34.311  BLAST phy=2/2 att=278 ok=278 enomem=0 err=0 call_us[min/avg/max]=2325/3585/78415 okgap_max_us=78426
  34.311  t=36s RTT mean=0 min=0 max=0 n=0 to=0 | cancels=0(+0/s) seqbad=0 len_bad=11382 disc=0(0x00) | tot_n=0 tot_to=0 maxever=0 >2ms=0 >5ms=0 >15ms=0 >20ms=0 >30ms=0 | probes=0 wrfail=0 down=0s maxout=0s
  36.270  BLASTC comp=277 exkBps=66 cgap_us[min/avg/max]=2388/3610/55820
  36.270  BLAST phy=2/2 att=277 ok=277 enomem=0 err=0 call_us[min/avg/max]=2304/3598/55809 okgap_max_us=55820
  36.325  t=37s RTT mean=0 min=0 max=0 n=0 to=0 | cancels=0(+0/s) seqbad=0 len_bad=11659 disc=0(0x00) | tot_n=0 tot_to=0 maxever=0 >2ms=0 >5ms=0 >15ms=0 >20ms=0 >30ms=0 | probes=0 wrfail=0 down=0s maxout=0s
  36.326  BLASTC comp=357 exkBps=85 cgap_us[min/avg/max]=2392/2801/28426
  36.326  BLAST phy=2/2 att=357 ok=357 enomem=0 err=0 call_us[min/avg/max]=2323/2789/28415 okgap_max_us=28426
  36.326  t=38s RTT mean=0 min=0 max=0 n=0 to=0 | cancels=0(+0/s) seqbad=0 len_bad=12016 disc=0(0x00) | tot_n=0 tot_to=0 maxever=0 >2ms=0 >5ms=0 >15ms=0 >20ms=0 >30ms=0 | probes=0 wrfail=0 down=0s maxout=0s
  38.279  BLASTC comp=352 exkBps=83 cgap_us[min/avg/max]=2388/2840/28425
  38.279  BLAST phy=2/2 att=352 ok=352 enomem=0 err=0 call_us[min/avg/max]=2302/2829/28414 okgap_max_us=28425
  38.279  t=39s RTT mean=0 min=0 max=0 n=0 to=0 | cancels=0(+0/s) seqbad=0 len_bad=12368 disc=0(0x00) | tot_n=0 tot_to=0 maxever=0 >2ms=0 >5ms=0 >15ms=0 >20ms=0 >30ms=0 | probes=0 wrfail=0 down=0s maxout=0s
  38.334  BLASTC comp=329 exkBps=78 cgap_us[min/avg/max]=2392/3039/28426
  38.334  BLAST phy=2/2 att=329 ok=329 enomem=0 err=0 call_us[min/avg/max]=2326/3028/28415 okgap_max_us=28426
  38.334  t=40s RTT mean=0 min=0 max=0 n=0 to=0 | cancels=0(+0/s) seqbad=0 len_bad=12697 disc=0(0x00) | tot_n=0 tot_to=0 maxever=0 >2ms=0 >5ms=0 >15ms=0 >20ms=0 >30ms=0 | probes=0 wrfail=0 down=0s maxout=0s
  40.297  BLASTC comp=353 exkBps=84 cgap_us[min/avg/max]=2388/2832/28426
  40.297  BLAST phy=2/2 att=353 ok=353 enomem=0 err=0 call_us[min/avg/max]=2304/2821/28415 okgap_max_us=28426
  40.297  t=41s RTT mean=0 min=0 max=0 n=0 to=0 | cancels=0(+0/s) seqbad=0 len_bad=13050 disc=0(0x00) | tot_n=0 tot_to=0 maxever=0 >2ms=0 >5ms=0 >15ms=0 >20ms=0 >30ms=0 | probes=0 wrfail=0 down=0s maxout=0s
  40.297  BLASTC comp=348 exkBps=82 cgap_us[min/avg/max]=2392/2873/28427
  40.297  BLAST phy=2/2 att=348 ok=348 enomem=0 err=0 call_us[min/avg/max]=2326/2862/28416 okgap_max_us=28427
  40.352  t=42s RTT mean=0 min=0 max=0 n=0 to=0 | cancels=0(+0/s) seqbad=0 len_bad=13398 disc=0(0x00) | tot_n=0 tot_to=0 maxever=0 >2ms=0 >5ms=0 >15ms=0 >20ms=0 >30ms=0 | probes=0 wrfail=0 down=0s maxout=0s
  42.298  BLASTC comp=328 exkBps=78 cgap_us[min/avg/max]=2388/3048/25000
  42.298  BLAST phy=2/2 att=328 ok=328 enomem=0 err=0 call_us[min/avg/max]=2304/3037/24989 okgap_max_us=25000
  42.298  t=43s RTT mean=0 min=0 max=0 n=0 to=0 | cancels=0(+0/s) seqbad=0 len_bad=13726 disc=0(0x00) | tot_n=0 tot_to=0 maxever=0 >2ms=0 >5ms=0 >15ms=0 >20ms=0 >30ms=0 | probes=0 wrfail=0 down=0s maxout=0s
  42.298  BLASTC comp=335 exkBps=79 cgap_us[min/avg/max]=2389/2985/33222
  42.298  BLAST phy=2/2 att=335 ok=335 enomem=0 err=0 call_us[min/avg/max]=2324/2973/33212 okgap_max_us=33223
  42.353  t=44s RTT mean=0 min=0 max=0 n=0 to=0 | cancels=0(+0/s) seqbad=0 len_bad=14062 disc=0(0x00) | tot_n=0 tot_to=0 maxever=0 >2ms=0 >5ms=0 >15ms=0 >20ms=0 >30ms=0 | probes=0 wrfail=0 down=0s maxout=0s
  44.252  BLASTC comp=354 exkBps=84 cgap_us[min/avg/max]=2388/2824/33222
  44.307  BLAST phy=2/2 att=354 ok=354 enomem=0 err=0 call_us[min/avg/max]=2303/2813/33212 okgap_max_us=33223
  44.307  t=45s RTT mean=0 min=0 max=0 n=0 to=0 | cancels=0(+0/s) seqbad=0 len_bad=14416 disc=0(0x00) | tot_n=0 tot_to=0 maxever=0 >2ms=0 >5ms=0 >15ms=0 >20ms=0 >30ms=0 | probes=0 wrfail=0 down=0s maxout=0s
  44.307  BLASTC comp=310 exkBps=73 cgap_us[min/avg/max]=2393/3225/40412
  44.307  BLAST phy=2/2 att=310 ok=310 enomem=0 err=0 call_us[min/avg/max]=2326/3214/40401 okgap_max_us=40412
  44.357  t=46s RTT mean=0 min=0 max=0 n=0 to=0 | cancels=0(+0/s) seqbad=0 len_bad=14726 disc=0(0x00) | tot_n=0 tot_to=0 maxever=0 >2ms=0 >5ms=0 >15ms=0 >20ms=0 >30ms=0 | probes=0 wrfail=0 down=0s maxout=0s
  46.275  BLASTC comp=367 exkBps=87 cgap_us[min/avg/max]=2388/2724/28426
  46.275  BLAST phy=2/2 att=367 ok=367 enomem=0 err=0 call_us[min/avg/max]=2304/2713/28415 okgap_max_us=28426
  46.275  t=47s RTT mean=0 min=0 max=0 n=0 to=0 | cancels=0(+0/s) seqbad=0 len_bad=15093 disc=0(0x00) | tot_n=0 tot_to=0 maxever=0 >2ms=0 >5ms=0 >15ms=0 >20ms=0 >30ms=0 | probes=0 wrfail=0 down=0s maxout=0s
  46.329  BLASTC comp=360 exkBps=85 cgap_us[min/avg/max]=2393/2777/47603
  46.329  BLAST phy=2/2 att=360 ok=360 enomem=0 err=0 call_us[min/avg/max]=2326/2766/47592 okgap_max_us=47603
  46.329  t=48s RTT mean=0 min=0 max=0 n=0 to=0 | cancels=0(+0/s) seqbad=0 len_bad=15453 disc=0(0x00) | tot_n=0 tot_to=0 maxever=0 >2ms=0 >5ms=0 >15ms=0 >20ms=0 >30ms=0 | probes=0 wrfail=0 down=0s maxout=0s
  48.263  BLASTC comp=350 exkBps=83 cgap_us[min/avg/max]=2388/2857/28425
  48.263  BLAST phy=2/2 att=350 ok=350 enomem=0 err=0 call_us[min/avg/max]=2304/2845/28414 okgap_max_us=28425
  48.318  t=49s RTT mean=0 min=0 max=0 n=0 to=0 | cancels=0(+0/s) seqbad=0 len_bad=15803 disc=0(0x00) | tot_n=0 tot_to=0 maxever=0 >2ms=0 >5ms=0 >15ms=0 >20ms=0 >30ms=0 | probes=0 wrfail=0 down=0s maxout=0s
  48.319  BLASTC comp=343 exkBps=81 cgap_us[min/avg/max]=2395/2915/28425
  48.319  BLAST phy=2/2 att=343 ok=343 enomem=0 err=0 call_us[min/avg/max]=2326/2904/28414 okgap_max_us=28425
  48.319  t=50s RTT mean=0 min=0 max=0 n=0 to=0 | cancels=0(+0/s) seqbad=0 len_bad=16146 disc=0(0x00) | tot_n=0 tot_to=0 maxever=0 >2ms=0 >5ms=0 >15ms=0 >20ms=0 >30ms=0 | probes=0 wrfail=0 down=0s maxout=0s
  50.272  BLASTC comp=363 exkBps=86 cgap_us[min/avg/max]=2386/2754/22605
  50.272  BLAST phy=2/2 att=363 ok=363 enomem=0 err=0 call_us[min/avg/max]=2302/2743/22594 okgap_max_us=22605
  50.323  t=51s RTT mean=0 min=0 max=0 n=0 to=0 | cancels=0(+0/s) seqbad=0 len_bad=16509 disc=0(0x00) | tot_n=0 tot_to=0 maxever=0 >2ms=0 >5ms=0 >15ms=0 >20ms=0 >30ms=0 | probes=0 wrfail=0 down=0s maxout=0s
  50.323  BLASTC comp=354 exkBps=84 cgap_us[min/avg/max]=2392/2824/25001
  50.323  BLAST phy=2/2 att=354 ok=354 enomem=0 err=0 call_us[min/avg/max]=2326/2813/24990 okgap_max_us=25001
  50.323  t=52s RTT mean=0 min=0 max=0 n=0 to=0 | cancels=0(+0/s) seqbad=0 len_bad=16863 disc=0(0x00) | tot_n=0 tot_to=0 maxever=0 >2ms=0 >5ms=0 >15ms=0 >20ms=0 >30ms=0 | probes=0 wrfail=0 down=0s maxout=0s
  52.271  BLASTC comp=357 exkBps=85 cgap_us[min/avg/max]=2386/2801/28426
  52.271  BLAST phy=2/2 att=357 ok=357 enomem=0 err=0 call_us[min/avg/max]=2302/2789/28415 okgap_max_us=28426
  52.327  t=53s RTT mean=0 min=0 max=0 n=0 to=0 | cancels=0(+0/s) seqbad=0 len_bad=17220 disc=0(0x00) | tot_n=0 tot_to=0 maxever=0 >2ms=0 >5ms=0 >15ms=0 >20ms=0 >30ms=0 | probes=0 wrfail=0 down=0s maxout=0s
  52.327  BLASTC comp=357 exkBps=85 cgap_us[min/avg/max]=2391/2801/28427
  52.327  BLAST phy=2/2 att=357 ok=357 enomem=0 err=0 call_us[min/avg/max]=2325/2789/28416 okgap_max_us=28427
  52.327  t=54s RTT mean=0 min=0 max=0 n=0 to=0 | cancels=0(+0/s) seqbad=0 len_bad=17577 disc=0(0x00) | tot_n=0 tot_to=0 maxever=0 >2ms=0 >5ms=0 >15ms=0 >20ms=0 >30ms=0 | probes=0 wrfail=0 down=0s maxout=0s
  54.280  BLASTC comp=327 exkBps=77 cgap_us[min/avg/max]=2387/3058/28426
  54.281  BLAST phy=2/2 att=327 ok=327 enomem=0 err=0 call_us[min/avg/max]=2304/3046/28415 okgap_max_us=28426
  54.281  t=55s RTT mean=0 min=0 max=0 n=0 to=0 | cancels=0(+0/s) seqbad=0 len_bad=17904 disc=0(0x00) | tot_n=0 tot_to=0 maxever=0 >2ms=0 >5ms=0 >15ms=0 >20ms=0 >30ms=0 | probes=0 wrfail=0 down=0s maxout=0s
  54.281  BLASTC comp=317 exkBps=75 cgap_us[min/avg/max]=2391/3154/28426
  54.333  BLAST phy=2/2 att=317 ok=317 enomem=0 err=0 call_us[min/avg/max]=2324/3143/28415 okgap_max_us=28426
  54.333  t=56s RTT mean=0 min=0 max=0 n=0 to=0 | cancels=0(+0/s) seqbad=0 len_bad=18219 disc=0(0x00) | tot_n=0 tot_to=0 maxever=0 >2ms=0 >5ms=0 >15ms=0 >20ms=0 >30ms=0 | probes=0 wrfail=0 down=0s maxout=0s
