   0.385  PHY tx=2 rx=2
   0.385  t=2s RTT mean=0 min=0 max=0 n=0 to=0 | cancels=0(+0/s) seqbad=0 len_bad=283 disc=0(0x00) | tot_n=0 tot_to=0 maxever=0 >2ms=0 >5ms=0 >15ms=0 >20ms=0 >30ms=0 | probes=0 wrfail=0 down=0s maxout=0s
   0.385  BLASTC comp=294 exkBps=67 cgap_us[min/avg/max]=123/3444/85343
   0.385  BLAST phy=2/2 att=304 ok=304 enomem=0 err=0 call_us[min/avg/max]=51/3319/84629 okgap_max_us=84641
   2.343  t=3s RTT mean=0 min=0 max=0 n=0 to=0 | cancels=0(+0/s) seqbad=0 len_bad=624 disc=0(0x00) | tot_n=0 tot_to=0 maxever=0 >2ms=0 >5ms=0 >15ms=0 >20ms=0 >30ms=0 | probes=0 wrfail=0 down=0s maxout=0s
   2.343  BLASTC comp=341 exkBps=81 cgap_us[min/avg/max]=2394/2932/25001
   2.343  BLAST phy=2/2 att=341 ok=341 enomem=0 err=0 call_us[min/avg/max]=2326/2920/24989 okgap_max_us=25001
   2.343  FSU: request [52..52] us (ACL both dirs, 1M+2M) rc=0
   2.398  t=4s RTT mean=0 min=0 max=0 n=0 to=0 | cancels=0(+0/s) seqbad=0 len_bad=969 disc=0(0x00) | tot_n=0 tot_to=0 maxever=0 >2ms=0 >5ms=0 >15ms=0 >20ms=0 >30ms=0 | probes=0 wrfail=0 down=0s maxout=0s
   2.398  BLASTC comp=345 exkBps=82 cgap_us[min/avg/max]=2393/2860/25002
   2.398  BLAST phy=2/2 att=345 ok=345 enomem=0 err=0 call_us[min/avg/max]=2327/2849/24990 okgap_max_us=25001
   2.398  FSU: updated status=0x00 spacing=52 us phys=0x3 types=0x3 initiator=0
   4.295  BLASTC comp=376 exkBps=89 cgap_us[min/avg/max]=1415/2656/43395
   4.349  BLAST phy=2/2 att=376 ok=376 enomem=0 err=0 call_us[min/avg/max]=1405/2645/43385 okgap_max_us=43396
   4.349  t=5s RTT mean=0 min=0 max=0 n=0 to=0 | cancels=0(+0/s) seqbad=0 len_bad=1345 disc=0(0x00) | tot_n=0 tot_to=0 maxever=0 >2ms=0 >5ms=0 >15ms=0 >20ms=0 >30ms=0 | probes=0 wrfail=0 down=0s maxout=0s
   4.349  BLASTC comp=388 exkBps=92 cgap_us[min/avg/max]=2199/2577/22799
   4.349  BLAST phy=2/2 att=388 ok=388 enomem=0 err=0 call_us[min/avg/max]=2119/2565/22788 okgap_max_us=22799
   4.405  t=6s RTT mean=0 min=0 max=0 n=0 to=0 | cancels=0(+0/s) seqbad=0 len_bad=1733 disc=0(0x00) | tot_n=0 tot_to=0 maxever=0 >2ms=0 >5ms=0 >15ms=0 >20ms=0 >30ms=0 | probes=0 wrfail=0 down=0s maxout=0s
   6.305  BLASTC comp=393 exkBps=93 cgap_us[min/avg/max]=2195/2544/27988
   6.306  BLAST phy=2/2 att=393 ok=393 enomem=0 err=0 call_us[min/avg/max]=2113/2532/27976 okgap_max_us=27988
   6.358  t=7s RTT mean=0 min=0 max=0 n=0 to=0 | cancels=0(+0/s) seqbad=0 len_bad=2126 disc=0(0x00) | tot_n=0 tot_to=0 maxever=0 >2ms=0 >5ms=0 >15ms=0 >20ms=0 >30ms=0 | probes=0 wrfail=0 down=0s maxout=0s
   6.358  t=8s RTT mean=0 min=0 max=0 n=0 to=0 | cancels=0(+0/s) seqbad=0 len_bad=2524 disc=0(0x00) | tot_n=0 tot_to=0 maxever=0 >2ms=0 >5ms=0 >15ms=0 >20ms=0 >30ms=0 | probes=0 wrfail=0 down=0s maxout=0s
   6.358  BLASTC comp=399 exkBps=95 cgap_us[min/avg/max]=2199/2541/27986
   6.358  BLAST phy=2/2 att=399 ok=399 enomem=0 err=0 call_us[min/avg/max]=2135/2529/27975 okgap_max_us=27986
   8.302  BLASTC comp=413 exkBps=98 cgap_us[min/avg/max]=2199/2387/20596
   8.302  BLAST phy=2/2 att=413 ok=413 enomem=0 err=0 call_us[min/avg/max]=2130/2375/20585 okgap_max_us=20656
   8.357  t=9s RTT mean=0 min=0 max=0 n=0 to=0 | cancels=0(+0/s) seqbad=0 len_bad=2938 disc=0(0x00) | tot_n=0 tot_to=0 maxever=0 >2ms=0 >5ms=0 >15ms=0 >20ms=0 >30ms=0 | probes=0 wrfail=0 down=0s maxout=0s
   8.357  BLASTC comp=404 exkBps=96 cgap_us[min/avg/max]=2198/2475/27988
   8.357  BLAST phy=2/2 att=404 ok=404 enomem=0 err=0 call_us[min/avg/max]=2131/2463/27976 okgap_max_us=27987
   8.357  t=10s RTT mean=0 min=0 max=0 n=0 to=0 | cancels=0(+0/s) seqbad=0 len_bad=3342 disc=0(0x00) | tot_n=0 tot_to=0 maxever=0 >2ms=0 >5ms=0 >15ms=0 >20ms=0 >30ms=0 | probes=0 wrfail=0 down=0s maxout=0s
  10.309  BLASTC comp=361 exkBps=86 cgap_us[min/avg/max]=2196/2770/27987
  10.309  BLAST phy=2/2 att=361 ok=361 enomem=0 err=0 call_us[min/avg/max]=2114/2758/27976 okgap_max_us=27987
  10.364  t=11s RTT mean=0 min=0 max=0 n=0 to=0 | cancels=0(+0/s) seqbad=0 len_bad=3703 disc=0(0x00) | tot_n=0 tot_to=0 maxever=0 >2ms=0 >5ms=0 >15ms=0 >20ms=0 >30ms=0 | probes=0 wrfail=0 down=0s maxout=0s
  10.364  t=12s RTT mean=0 min=0 max=0 n=0 to=0 | cancels=0(+0/s) seqbad=0 len_bad=4094 disc=0(0x00) | tot_n=0 tot_to=0 maxever=0 >2ms=0 >5ms=0 >15ms=0 >20ms=0 >30ms=0 | probes=0 wrfail=0 down=0s maxout=0s
  10.364  BLASTC comp=392 exkBps=93 cgap_us[min/avg/max]=2197/2586/30191
  10.364  BLAST phy=2/2 att=392 ok=392 enomem=0 err=0 call_us[min/avg/max]=2132/2575/30180 okgap_max_us=30191
  12.314  t=13s RTT mean=0 min=0 max=0 n=0 to=0 | cancels=0(+0/s) seqbad=0 len_bad=4458 disc=0(0x00) | tot_n=0 tot_to=0 maxever=0 >2ms=0 >5ms=0 >15ms=0 >20ms=0 >30ms=0 | probes=0 wrfail=0 down=0s maxout=0s
  12.315  BLASTC comp=364 exkBps=86 cgap_us[min/avg/max]=2197/2747/27987
  12.370  BLAST phy=2/2 att=364 ok=364 enomem=0 err=0 call_us[min/avg/max]=2130/2735/27975 okgap_max_us=27987
  12.370  t=14s RTT mean=0 min=0 max=0 n=0 to=0 | cancels=0(+0/s) seqbad=0 len_bad=4827 disc=0(0x00) | tot_n=0 tot_to=0 maxever=0 >2ms=0 >5ms=0 >15ms=0 >20ms=0 >30ms=0 | probes=0 wrfail=0 down=0s maxout=0s
  12.370  BLASTC comp=369 exkBps=87 cgap_us[min/avg/max]=2200/2710/27980
  12.370  BLAST phy=2/2 att=369 ok=369 enomem=0 err=0 call_us[min/avg/max]=2131/2698/27975 okgap_max_us=25000
  14.331  BLASTC comp=382 exkBps=91 cgap_us[min/avg/max]=2198/2581/27987
  14.331  BLAST phy=2/2 att=382 ok=382 enomem=0 err=0 call_us[min/avg/max]=2130/2569/27975 okgap_max_us=28046
  14.331  t=15s RTT mean=0 min=0 max=0 n=0 to=0 | cancels=0(+0/s) seqbad=0 len_bad=5210 disc=0(0x00) | tot_n=0 tot_to=0 maxever=0 >2ms=0 >5ms=0 >15ms=0 >20ms=0 >30ms=0 | probes=0 wrfail=0 down=0s maxout=0s
  14.386  t=16s RTT mean=0 min=0 max=0 n=0 to=0 | cancels=0(+0/s) seqbad=0 len_bad=5576 disc=0(0x00) | tot_n=0 tot_to=0 maxever=0 >2ms=0 >5ms=0 >15ms=0 >20ms=0 >30ms=0 | probes=0 wrfail=0 down=0s maxout=0s
  14.386  BLASTC comp=367 exkBps=87 cgap_us[min/avg/max]=2198/2762/52987
  14.386  BLAST phy=2/2 att=367 ok=367 enomem=0 err=0 call_us[min/avg/max]=2131/2751/52976 okgap_max_us=52987
  16.295  BLASTC comp=386 exkBps=91 cgap_us[min/avg/max]=2197/2554/27987
  16.347  BLAST phy=2/2 att=386 ok=386 enomem=0 err=0 call_us[min/avg/max]=2130/2542/27976 okgap_max_us=28048
  16.348  t=17s RTT mean=0 min=0 max=0 n=0 to=0 | cancels=0(+0/s) seqbad=0 len_bad=5963 disc=0(0x00) | tot_n=0 tot_to=0 maxever=0 >2ms=0 >5ms=0 >15ms=0 >20ms=0 >30ms=0 | probes=0 wrfail=0 down=0s maxout=0s
  16.348  t=18s RTT mean=0 min=0 max=0 n=0 to=0 | cancels=0(+0/s) seqbad=0 len_bad=6347 disc=0(0x00) | tot_n=0 tot_to=0 maxever=0 >2ms=0 >5ms=0 >15ms=0 >20ms=0 >30ms=0 | probes=0 wrfail=0 down=0s maxout=0s
  16.348  BLASTC comp=385 exkBps=91 cgap_us[min/avg/max]=2198/2603/27988
  16.401  BLAST phy=2/2 att=385 ok=385 enomem=0 err=0 call_us[min/avg/max]=2131/2591/27976 okgap_max_us=27988
  18.355  t=19s RTT mean=0 min=0 max=0 n=0 to=0 | cancels=0(+0/s) seqbad=0 len_bad=6753 disc=0(0x00) | tot_n=0 tot_to=0 maxever=0 >2ms=0 >5ms=0 >15ms=0 >20ms=0 >30ms=0 | probes=0 wrfail=0 down=0s maxout=0s
  18.355  BLASTC comp=406 exkBps=96 cgap_us[min/avg/max]=2197/2492/27991
  18.355  BLAST phy=2/2 att=406 ok=406 enomem=0 err=0 call_us[min/avg/max]=2089/2480/27973 okgap_max_us=27984
  18.355  BLASTC comp=400 exkBps=95 cgap_us[min/avg/max]=2200/2465/25000
  18.355  BLAST phy=2/2 att=400 ok=400 enomem=0 err=0 call_us[min/avg/max]=2130/2453/24982 okgap_max_us=24994
  18.411  t=20s RTT mean=0 min=0 max=0 n=0 to=0 | cancels=0(+0/s) seqbad=0 len_bad=7155 disc=0(0x00) | tot_n=0 tot_to=0 maxever=0 >2ms=0 >5ms=0 >15ms=0 >20ms=0 >30ms=0 | probes=0 wrfail=0 down=0s maxout=0s
  20.309  BLASTC comp=351 exkBps=83 cgap_us[min/avg/max]=2194/2849/47807
  20.309  BLAST phy=2/2 att=351 ok=351 enomem=0 err=0 call_us[min/avg/max]=2129/2837/47796 okgap_max_us=47807
  20.364  t=21s RTT mean=0 min=0 max=0 n=0 to=0 | cancels=0(+0/s) seqbad=0 len_bad=7506 disc=0(0x00) | tot_n=0 tot_to=0 maxever=0 >2ms=0 >5ms=0 >15ms=0 >20ms=0 >30ms=0 | probes=0 wrfail=0 down=0s maxout=0s
  20.364  BLASTC comp=363 exkBps=86 cgap_us[min/avg/max]=2199/2754/41195
  20.364  BLAST phy=2/2 att=363 ok=363 enomem=0 err=0 call_us[min/avg/max]=2123/2743/41185 okgap_max_us=41196
  20.364  t=22s RTT mean=0 min=0 max=0 n=0 to=0 | cancels=0(+0/s) seqbad=0 len_bad=7869 disc=0(0x00) | tot_n=0 tot_to=0 maxever=0 >2ms=0 >5ms=0 >15ms=0 >20ms=0 >30ms=0 | probes=0 wrfail=0 down=0s maxout=0s
  22.323  BLASTC comp=384 exkBps=91 cgap_us[min/avg/max]=2191/2604/27987
  22.323  BLAST phy=2/2 att=384 ok=384 enomem=0 err=0 call_us[min/avg/max]=2102/2592/27976 okgap_max_us=27987
  22.323  t=23s RTT mean=0 min=0 max=0 n=0 to=0 | cancels=0(+0/s) seqbad=0 len_bad=8253 disc=0(0x00) | tot_n=0 tot_to=0 maxever=0 >2ms=0 >5ms=0 >15ms=0 >20ms=0 >30ms=0 | probes=0 wrfail=0 down=0s maxout=0s
  22.378  BLASTC comp=374 exkBps=89 cgap_us[min/avg/max]=2198/2673/27988
  22.378  BLAST phy=2/2 att=374 ok=374 enomem=0 err=0 call_us[min/avg/max]=2123/2662/27976 okgap_max_us=27987
  22.378  t=24s RTT mean=0 min=0 max=0 n=0 to=0 | cancels=0(+0/s) seqbad=0 len_bad=8627 disc=0(0x00) | tot_n=0 tot_to=0 maxever=0 >2ms=0 >5ms=0 >15ms=0 >20ms=0 >30ms=0 | probes=0 wrfail=0 down=0s maxout=0s
  24.321  BLASTC comp=392 exkBps=93 cgap_us[min/avg/max]=2191/2551/27986
  24.321  BLAST phy=2/2 att=392 ok=392 enomem=0 err=0 call_us[min/avg/max]=2103/2539/27975 okgap_max_us=27986
  24.321  t=25s RTT mean=0 min=0 max=0 n=0 to=0 | cancels=0(+0/s) seqbad=0 len_bad=9019 disc=0(0x00) | tot_n=0 tot_to=0 maxever=0 >2ms=0 >5ms=0 >15ms=0 >20ms=0 >30ms=0 | probes=0 wrfail=0 down=0s maxout=0s
  24.376  BLASTC comp=414 exkBps=98 cgap_us[min/avg/max]=2197/2415/27988
  24.376  BLAST phy=2/2 att=414 ok=414 enomem=0 err=0 call_us[min/avg/max]=2123/2403/27977 okgap_max_us=27988
  24.376  t=26s RTT mean=0 min=0 max=0 n=0 to=0 | cancels=0(+0/s) seqbad=0 len_bad=9433 disc=0(0x00) | tot_n=0 tot_to=0 maxever=0 >2ms=0 >5ms=0 >15ms=0 >20ms=0 >30ms=0 | probes=0 wrfail=0 down=0s maxout=0s
  26.334  BLASTC comp=396 exkBps=94 cgap_us[min/avg/max]=2191/2525/27987
  26.334  BLAST phy=2/2 att=396 ok=396 enomem=0 err=0 call_us[min/avg/max]=2103/2513/27976 okgap_max_us=27987
  26.334  t=27s RTT mean=0 min=0 max=0 n=0 to=0 | cancels=0(+0/s) seqbad=0 len_bad=9829 disc=0(0x00) | tot_n=0 tot_to=0 maxever=0 >2ms=0 >5ms=0 >15ms=0 >20ms=0 >30ms=0 | probes=0 wrfail=0 down=0s maxout=0s
  26.334  BLASTC comp=382 exkBps=91 cgap_us[min/avg/max]=2197/2617/27988
  26.389  BLAST phy=2/2 att=382 ok=382 enomem=0 err=0 call_us[min/avg/max]=2123/2606/27976 okgap_max_us=27987
  26.389  t=28s RTT mean=0 min=0 max=0 n=0 to=0 | cancels=0(+0/s) seqbad=0 len_bad=10211 disc=0(0x00) | tot_n=0 tot_to=0 maxever=0 >2ms=0 >5ms=0 >15ms=0 >20ms=0 >30ms=0 | probes=0 wrfail=0 down=0s maxout=0s
  28.341  BLASTC comp=392 exkBps=93 cgap_us[min/avg/max]=2190/2551/39003
  28.341  BLAST phy=2/2 att=392 ok=392 enomem=0 err=0 call_us[min/avg/max]=2102/2539/38993 okgap_max_us=39004
  28.341  t=29s RTT mean=0 min=0 max=0 n=0 to=0 | cancels=0(+0/s) seqbad=0 len_bad=10603 disc=0(0x00) | tot_n=0 tot_to=0 maxever=0 >2ms=0 >5ms=0 >15ms=0 >20ms=0 >30ms=0 | probes=0 wrfail=0 down=0s maxout=0s
  28.341  BLASTC comp=387 exkBps=92 cgap_us[min/avg/max]=2198/2583/38993
  28.341  BLAST phy=2/2 att=387 ok=387 enomem=0 err=0 call_us[min/avg/max]=2123/2572/38983 okgap_max_us=38994
  28.393  t=30s RTT mean=0 min=0 max=0 n=0 to=0 | cancels=0(+0/s) seqbad=0 len_bad=10990 disc=0(0x00) | tot_n=0 tot_to=0 maxever=0 >2ms=0 >5ms=0 >15ms=0 >20ms=0 >30ms=0 | probes=0 wrfail=0 down=0s maxout=0s
  30.337  BLASTC comp=411 exkBps=97 cgap_us[min/avg/max]=2190/2433/20596
  30.337  BLAST phy=2/2 att=411 ok=411 enomem=0 err=0 call_us[min/avg/max]=2102/2421/20585 okgap_max_us=20597
  30.337  t=31s RTT mean=0 min=0 max=0 n=0 to=0 | cancels=0(+0/s) seqbad=0 len_bad=11401 disc=0(0x00) | tot_n=0 tot_to=0 maxever=0 >2ms=0 >5ms=0 >15ms=0 >20ms=0 >30ms=0 | probes=0 wrfail=0 down=0s maxout=0s
  30.337  BLASTC comp=409 exkBps=97 cgap_us[min/avg/max]=2198/2444/27987
  30.392  BLAST phy=2/2 att=409 ok=409 enomem=0 err=0 call_us[min/avg/max]=2123/2433/27977 okgap_max_us=27988
  30.392  t=32s RTT mean=0 min=0 max=0 n=0 to=0 | cancels=0(+0/s) seqbad=0 len_bad=11810 disc=0(0x00) | tot_n=0 tot_to=0 maxever=0 >2ms=0 >5ms=0 >15ms=0 >20ms=0 >30ms=0 | probes=0 wrfail=0 down=0s maxout=0s
  32.340  t=33s RTT mean=0 min=0 max=0 n=0 to=0 | cancels=0(+0/s) seqbad=0 len_bad=12215 disc=0(0x00) | tot_n=0 tot_to=0 maxever=0 >2ms=0 >5ms=0 >15ms=0 >20ms=0 >30ms=0 | probes=0 wrfail=0 down=0s maxout=0s
  32.340  BLASTC comp=407 exkBps=96 cgap_us[min/avg/max]=2190/2491/45598
  32.340  BLAST phy=2/2 att=407 ok=407 enomem=0 err=0 call_us[min/avg/max]=2102/2479/45587 okgap_max_us=27987
  32.340  BLASTC comp=378 exkBps=90 cgap_us[min/avg/max]=2200/2608/27987
  32.395  BLAST phy=2/2 att=378 ok=378 enomem=0 err=0 call_us[min/avg/max]=2130/2596/27976 okgap_max_us=45658
  32.395  t=34s RTT mean=0 min=0 max=0 n=0 to=0 | cancels=0(+0/s) seqbad=0 len_bad=12596 disc=0(0x00) | tot_n=0 tot_to=0 maxever=0 >2ms=0 >5ms=0 >15ms=0 >20ms=0 >30ms=0 | probes=0 wrfail=0 down=0s maxout=0s
  34.294  BLASTC comp=405 exkBps=96 cgap_us[min/avg/max]=2167/2469/20599
  34.349  BLAST phy=2/2 att=405 ok=405 enomem=0 err=0 call_us[min/avg/max]=2062/2457/20588 okgap_max_us=20600
  34.349  t=35s RTT mean=0 min=0 max=0 n=0 to=0 | cancels=0(+0/s) seqbad=0 len_bad=13001 disc=0(0x00) | tot_n=0 tot_to=0 maxever=0 >2ms=0 >5ms=0 >15ms=0 >20ms=0 >30ms=0 | probes=0 wrfail=0 down=0s maxout=0s
  34.349  BLASTC comp=375 exkBps=89 cgap_us[min/avg/max]=2199/2666/22799
  34.349  BLAST phy=2/2 att=375 ok=375 enomem=0 err=0 call_us[min/avg/max]=2123/2655/22788 okgap_max_us=22799
  34.404  t=36s RTT mean=0 min=0 max=0 n=0 to=0 | cancels=0(+0/s) seqbad=0 len_bad=13376 disc=0(0x00) | tot_n=0 tot_to=0 maxever=0 >2ms=0 >5ms=0 >15ms=0 >20ms=0 >30ms=0 | probes=0 wrfail=0 down=0s maxout=0s
  36.298  BLASTC comp=346 exkBps=82 cgap_us[min/avg/max]=2190/2890/41204
  36.353  BLAST phy=2/2 att=346 ok=346 enomem=0 err=0 call_us[min/avg/max]=2102/2878/41193 okgap_max_us=41204
  36.353  t=37s RTT mean=0 min=0 max=0 n=0 to=0 | cancels=0(+0/s) seqbad=0 len_bad=13722 disc=0(0x00) | tot_n=0 tot_to=0 maxever=0 >2ms=0 >5ms=0 >15ms=0 >20ms=0 >30ms=0 | probes=0 wrfail=0 down=0s maxout=0s
  36.353  BLASTC comp=382 exkBps=91 cgap_us[min/avg/max]=2199/2617/27988
  36.353  BLAST phy=2/2 att=382 ok=382 enomem=0 err=0 call_us[min/avg/max]=2123/2606/27976 okgap_max_us=27988
  36.408  t=38s RTT mean=0 min=0 max=0 n=0 to=0 | cancels=0(+0/s) seqbad=0 len_bad=14104 disc=0(0x00) | tot_n=0 tot_to=0 maxever=0 >2ms=0 >5ms=0 >15ms=0 >20ms=0 >30ms=0 | probes=0 wrfail=0 down=0s maxout=0s
  38.301  BLASTC comp=389 exkBps=92 cgap_us[min/avg/max]=2190/2570/27987
  38.302  BLAST phy=2/2 att=389 ok=389 enomem=0 err=0 call_us[min/avg/max]=2102/2559/27976 okgap_max_us=27987
  38.357  t=39s RTT mean=0 min=0 max=0 n=0 to=0 | cancels=0(+0/s) seqbad=0 len_bad=14493 disc=0(0x00) | tot_n=0 tot_to=0 maxever=0 >2ms=0 >5ms=0 >15ms=0 >20ms=0 >30ms=0 | probes=0 wrfail=0 down=0s maxout=0s
  38.357  BLASTC comp=415 exkBps=98 cgap_us[min/avg/max]=2199/2409/27987
  38.357  BLAST phy=2/2 att=415 ok=415 enomem=0 err=0 call_us[min/avg/max]=2124/2398/27976 okgap_max_us=27987
  38.412  t=40s RTT mean=0 min=0 max=0 n=0 to=0 | cancels=0(+0/s) seqbad=0 len_bad=14908 disc=0(0x00) | tot_n=0 tot_to=0 maxever=0 >2ms=0 >5ms=0 >15ms=0 >20ms=0 >30ms=0 | probes=0 wrfail=0 down=0s maxout=0s
  40.320  BLASTC comp=397 exkBps=94 cgap_us[min/avg/max]=2190/2518/25002
  40.320  BLAST phy=2/2 att=397 ok=397 enomem=0 err=0 call_us[min/avg/max]=2102/2507/24990 okgap_max_us=25002
  40.374  t=41s RTT mean=0 min=0 max=0 n=0 to=0 | cancels=0(+0/s) seqbad=0 len_bad=15303 disc=0(0x00) | tot_n=0 tot_to=0 maxever=0 >2ms=0 >5ms=0 >15ms=0 >20ms=0 >30ms=0 | probes=0 wrfail=0 down=0s maxout=0s
  40.374  BLASTC comp=389 exkBps=92 cgap_us[min/avg/max]=2200/2570/27988
  40.374  BLAST phy=2/2 att=389 ok=389 enomem=0 err=0 call_us[min/avg/max]=2184/2559/27976 okgap_max_us=27987
  40.374  t=42s RTT mean=0 min=0 max=0 n=0 to=0 | cancels=0(+0/s) seqbad=0 len_bad=15694 disc=0(0x00) | tot_n=0 tot_to=0 maxever=0 >2ms=0 >5ms=0 >15ms=0 >20ms=0 >30ms=0 | probes=0 wrfail=0 down=0s maxout=0s
  42.325  BLASTC comp=380 exkBps=90 cgap_us[min/avg/max]=2190/2631/27987
  42.326  BLAST phy=2/2 att=380 ok=380 enomem=0 err=0 call_us[min/avg/max]=2102/2619/27977 okgap_max_us=27988
  42.326  t=43s RTT mean=0 min=0 max=0 n=0 to=0 | cancels=0(+0/s) seqbad=0 len_bad=16074 disc=0(0x00) | tot_n=0 tot_to=0 maxever=0 >2ms=0 >5ms=0 >15ms=0 >20ms=0 >30ms=0 | probes=0 wrfail=0 down=0s maxout=0s
  42.380  BLASTC comp=409 exkBps=97 cgap_us[min/avg/max]=2198/2444/27988
  42.380  BLAST phy=2/2 att=409 ok=409 enomem=0 err=0 call_us[min/avg/max]=2124/2433/27976 okgap_max_us=27988
  42.380  t=44s RTT mean=0 min=0 max=0 n=0 to=0 | cancels=0(+0/s) seqbad=0 len_bad=16483 disc=0(0x00) | tot_n=0 tot_to=0 maxever=0 >2ms=0 >5ms=0 >15ms=0 >20ms=0 >30ms=0 | probes=0 wrfail=0 down=0s maxout=0s
  44.326  t=45s RTT mean=0 min=0 max=0 n=0 to=0 | cancels=0(+0/s) seqbad=0 len_bad=16792 disc=0(0x00) | tot_n=0 tot_to=0 maxever=0 >2ms=0 >5ms=0 >15ms=0 >20ms=0 >30ms=0 | probes=0 wrfail=0 down=0s maxout=0s
  44.326  BLASTC comp=312 exkBps=74 cgap_us[min/avg/max]=2190/3330/66195
  44.326  BLAST phy=2/2 att=312 ok=312 enomem=0 err=0 call_us[min/avg/max]=2102/3318/66185 okgap_max_us=66196
  44.381  t=46s RTT mean=0 min=0 max=0 n=0 to=0 | cancels=0(+0/s) seqbad=0 len_bad=17170 disc=0(0x00) | tot_n=0 tot_to=0 maxever=0 >2ms=0 >5ms=0 >15ms=0 >20ms=0 >30ms=0 | probes=0 wrfail=0 down=0s maxout=0s
  44.382  BLASTC comp=378 exkBps=90 cgap_us[min/avg/max]=2200/2579/22791
  44.382  BLAST phy=2/2 att=378 ok=378 enomem=0 err=0 call_us[min/avg/max]=2131/2567/22785 okgap_max_us=47865
  46.324  t=47s RTT mean=0 min=0 max=0 n=0 to=0 | cancels=0(+0/s) seqbad=0 len_bad=17577 disc=0(0x00) | tot_n=0 tot_to=0 maxever=0 >2ms=0 >5ms=0 >15ms=0 >20ms=0 >30ms=0 | probes=0 wrfail=0 down=0s maxout=0s
  46.324  BLASTC comp=407 exkBps=96 cgap_us[min/avg/max]=2198/2457/32392
  46.379  BLAST phy=2/2 att=407 ok=407 enomem=0 err=0 call_us[min/avg/max]=2130/2445/32381 okgap_max_us=22856
  46.380  BLASTC comp=368 exkBps=87 cgap_us[min/avg/max]=2200/2679/30185
  46.380  BLAST phy=2/2 att=368 ok=368 enomem=0 err=0 call_us[min/avg/max]=2131/2667/30174 okgap_max_us=32451
  46.380  t=48s RTT mean=0 min=0 max=0 n=0 to=0 | cancels=0(+0/s) seqbad=0 len_bad=17948 disc=0(0x00) | tot_n=0 tot_to=0 maxever=0 >2ms=0 >5ms=0 >15ms=0 >20ms=0 >30ms=0 | probes=0 wrfail=0 down=0s maxout=0s
  48.331  BLASTC comp=408 exkBps=97 cgap_us[min/avg/max]=2197/2450/22799
  48.331  BLAST phy=2/2 att=408 ok=408 enomem=0 err=0 call_us[min/avg/max]=2131/2439/22788 okgap_max_us=22799
  48.331  t=49s RTT mean=0 min=0 max=0 n=0 to=0 | cancels=0(+0/s) seqbad=0 len_bad=18357 disc=0(0x00) | tot_n=0 tot_to=0 maxever=0 >2ms=0 >5ms=0 >15ms=0 >20ms=0 >30ms=0 | probes=0 wrfail=0 down=0s maxout=0s
  48.331  BLASTC comp=390 exkBps=92 cgap_us[min/avg/max]=2192/2564/41195
  48.381  BLAST phy=2/2 att=390 ok=390 enomem=0 err=0 call_us[min/avg/max]=2123/2552/41183 okgap_max_us=41195
  48.381  t=50s RTT mean=0 min=0 max=0 n=0 to=0 | cancels=0(+0/s) seqbad=0 len_bad=18747 disc=0(0x00) | tot_n=0 tot_to=0 maxever=0 >2ms=0 >5ms=0 >15ms=0 >20ms=0 >30ms=0 | probes=0 wrfail=0 down=0s maxout=0s
  50.329  BLASTC comp=402 exkBps=95 cgap_us[min/avg/max]=2191/2487/27986
  50.329  BLAST phy=2/2 att=402 ok=402 enomem=0 err=0 call_us[min/avg/max]=2101/2475/27975 okgap_max_us=27986
  50.329  t=51s RTT mean=0 min=0 max=0 n=0 to=0 | cancels=0(+0/s) seqbad=0 len_bad=19149 disc=0(0x00) | tot_n=0 tot_to=0 maxever=0 >2ms=0 >5ms=0 >15ms=0 >20ms=0 >30ms=0 | probes=0 wrfail=0 down=0s maxout=0s
  50.329  BLASTC comp=398 exkBps=94 cgap_us[min/avg/max]=2200/2512/27992
  50.384  BLAST phy=2/2 att=398 ok=398 enomem=0 err=0 call_us[min/avg/max]=2123/2500/27981 okgap_max_us=27992
  50.384  t=52s RTT mean=0 min=0 max=0 n=0 to=0 | cancels=0(+0/s) seqbad=0 len_bad=19547 disc=0(0x00) | tot_n=0 tot_to=0 maxever=0 >2ms=0 >5ms=0 >15ms=0 >20ms=0 >30ms=0 | probes=0 wrfail=0 down=0s maxout=0s
  52.342  BLASTC comp=385 exkBps=91 cgap_us[min/avg/max]=2191/2597/25002
  52.342  BLAST phy=2/2 att=385 ok=385 enomem=0 err=0 call_us[min/avg/max]=2102/2585/24991 okgap_max_us=25002
  52.342  t=53s RTT mean=0 min=0 max=0 n=0 to=0 | cancels=0(+0/s) seqbad=0 len_bad=19932 disc=0(0x00) | tot_n=0 tot_to=0 maxever=0 >2ms=0 >5ms=0 >15ms=0 >20ms=0 >30ms=0 | probes=0 wrfail=0 down=0s maxout=0s
  52.342  BLASTC comp=387 exkBps=92 cgap_us[min/avg/max]=2200/2583/27988
  52.342  BLAST phy=2/2 att=387 ok=387 enomem=0 err=0 call_us[min/avg/max]=2123/2572/27976 okgap_max_us=27987
  52.397  t=54s RTT mean=0 min=0 max=0 n=0 to=0 | cancels=0(+0/s) seqbad=0 len_bad=20319 disc=0(0x00) | tot_n=0 tot_to=0 maxever=0 >2ms=0 >5ms=0 >15ms=0 >20ms=0 >30ms=0 | probes=0 wrfail=0 down=0s maxout=0s
  54.303  BLASTC comp=385 exkBps=91 cgap_us[min/avg/max]=2191/2597/32392
  54.303  BLAST phy=2/2 att=385 ok=385 enomem=0 err=0 call_us[min/avg/max]=2102/2585/32381 okgap_max_us=32392
  54.358  t=55s RTT mean=0 min=0 max=0 n=0 to=0 | cancels=0(+0/s) seqbad=0 len_bad=20704 disc=0(0x00) | tot_n=0 tot_to=0 maxever=0 >2ms=0 >5ms=0 >15ms=0 >20ms=0 >30ms=0 | probes=0 wrfail=0 down=0s maxout=0s
  54.359  BLASTC comp=398 exkBps=94 cgap_us[min/avg/max]=2200/2512/27988
  54.359  BLAST phy=2/2 att=398 ok=398 enomem=0 err=0 call_us[min/avg/max]=2123/2500/27976 okgap_max_us=27987
  54.359  t=56s RTT mean=0 min=0 max=0 n=0 to=0 | cancels=0(+0/s) seqbad=0 len_bad=21102 disc=0(0x00) | tot_n=0 tot_to=0 maxever=0 >2ms=0 >5ms=0 >15ms=0 >20ms=0 >30ms=0 | probes=0 wrfail=0 down=0s maxout=0s
