   0.374  *** Booting Zephyr OS build v4.4.1-15-g1772af7b563e ***
   0.374  
   0.374  === nRF52840 L2CAP CoC central (Zephyr 4.4.1) ===
   0.374  scan start rc=0
   0.374  found FC:BE:FF:FA:E6:8B (random) (rssi -31), connecting
   0.374  Q2CONN AA=27d95dae CRCINIT=487904 hop=15 chan_count=37 map=ffffffff1f
   0.429  GAP connected
   0.429  phy req rc=0
   0.539  PHY: tx=2 rx=2 (2=2M)
   0.540  dle req rc=0
   0.595  DLE: tx_max=251 rx_max=27
   0.595  l2cap_chan_connect rc=0
   0.649  L2CAP connected: tx.mtu=512 tx.mps=247 tx.credits=0 rx.mtu=245 rx.mps=247
   0.649  GATE conn: interval=12 (units 1.25ms) => 15.00 ms
   0.968  blasting 480-byte SDUs...
   9.445  *** Booting Zephyr OS build v4.4.1-15-g1772af7b563e ***
   9.445  
   9.445  === nRF52840 L2CAP CoC central (Zephyr 4.4.1) ===
   9.445  scan start rc=0
   9.445  found FC:BE:FF:FA:E6:8B (random) (rssi -31), connecting
   9.445  Q2CONN AA=48eef817 CRCINIT=0c8622 hop=10 chan_count=37 map=ffffffff1f
   9.500  GAP connected
   9.500  phy req rc=0
   9.606  PHY: tx=2 rx=2 (2=2M)
   9.606  dle req rc=0
   9.661  DLE: tx_max=251 rx_max=27
   9.661  l2cap_chan_connect rc=0
   9.714  L2CAP connected: tx.mtu=512 tx.mps=247 tx.credits=0 rx.mtu=245 rx.mps=247
   9.714  GATE conn: interval=12 (units 1.25ms) => 15.00 ms
  10.038  blasting 480-byte SDUs...
  19.800  RPT occ: events=685 mean_pkts/ev=9.35 max=10 nonempty_ev=685 fsu=0 | sender: sent=3284(+3284 SDU) eagain=0(+0) poolfail=0(+0)
  19.800  RPT stage2: host_pulls=+6442 pulls/ev=9.40
  29.781  RPT occ: events=668 mean_pkts/ev=9.68 max=10 nonempty_ev=659 fsu=0 | sender: sent=6516(+3232 SDU) eagain=0(+0) poolfail=0(+0)
  29.781  RPT stage2: host_pulls=+6464 pulls/ev=9.67
  39.838  RPT occ: events=668 mean_pkts/ev=9.69 max=10 nonempty_ev=655 fsu=0 | sender: sent=9751(+3235 SDU) eagain=0(+0) poolfail=0(+0)
  39.838  RPT stage2: host_pulls=+6470 pulls/ev=9.68
