   1.148  P t=3s rxkBps=0 blkkBps=0 pongs=0(+0/s) cancels=0(+0/s) notify=0 disc=0(0x00) | echo rx=0 tx=0 pend=0 stale=0
   1.148  GAP connected interval=7500
   1.148  PHY tx=2 rx=2
   1.148  CCC: notify ENABLED
   1.148  P t=4s rxkBps=6 blkkBps=0 pongs=28(+28/s) cancels=0(+0/s) notify=1 disc=0(0x00) | echo rx=0 tx=0 pend=0 stale=0
   3.162  P t=5s rxkBps=90 blkkBps=0 pongs=406(+378/s) cancels=0(+0/s) notify=1 disc=0(0x00) | echo rx=0 tx=0 pend=0 stale=0
   3.162  P t=6s rxkBps=85 blkkBps=0 pongs=766(+360/s) cancels=0(+0/s) notify=1 disc=0(0x00) | echo rx=0 tx=0 pend=0 stale=0
   5.136  P t=7s rxkBps=91 blkkBps=0 pongs=1150(+384/s) cancels=0(+0/s) notify=1 disc=0(0x00) | echo rx=0 tx=0 pend=0 stale=0
   5.136  P t=8s rxkBps=91 blkkBps=0 pongs=1532(+382/s) cancels=0(+0/s) notify=1 disc=0(0x00) | echo rx=0 tx=0 pend=0 stale=0
   7.158  P t=9s rxkBps=87 blkkBps=0 pongs=1899(+367/s) cancels=0(+0/s) notify=1 disc=0(0x00) | echo rx=0 tx=0 pend=0 stale=0
   7.158  P t=10s rxkBps=91 blkkBps=0 pongs=2283(+384/s) cancels=0(+0/s) notify=1 disc=0(0x00) | echo rx=0 tx=0 pend=0 stale=0
   9.132  P t=11s rxkBps=90 blkkBps=0 pongs=2663(+380/s) cancels=0(+0/s) notify=1 disc=0(0x00) | echo rx=0 tx=0 pend=0 stale=0
   9.187  P t=12s rxkBps=87 blkkBps=0 pongs=3029(+366/s) cancels=0(+0/s) notify=1 disc=0(0x00) | echo rx=0 tx=0 pend=0 stale=0
  11.152  P t=13s rxkBps=89 blkkBps=0 pongs=3404(+375/s) cancels=0(+0/s) notify=1 disc=0(0x00) | echo rx=0 tx=0 pend=0 stale=0
  11.152  P t=14s rxkBps=89 blkkBps=0 pongs=3781(+377/s) cancels=0(+0/s) notify=1 disc=0(0x00) | echo rx=0 tx=0 pend=0 stale=0
  13.127  P t=15s rxkBps=84 blkkBps=0 pongs=4136(+355/s) cancels=0(+0/s) notify=1 disc=0(0x00) | echo rx=0 tx=0 pend=0 stale=0
  13.182  P t=16s rxkBps=85 blkkBps=0 pongs=4493(+357/s) cancels=0(+0/s) notify=1 disc=0(0x00) | echo rx=0 tx=0 pend=0 stale=0
  15.149  P t=17s rxkBps=89 blkkBps=0 pongs=4868(+375/s) cancels=0(+0/s) notify=1 disc=0(0x00) | echo rx=0 tx=0 pend=0 stale=0
  15.149  P t=18s rxkBps=89 blkkBps=0 pongs=5244(+376/s) cancels=0(+0/s) notify=1 disc=0(0x00) | echo rx=0 tx=0 pend=0 stale=0
  17.162  P t=19s rxkBps=77 blkkBps=0 pongs=5571(+327/s) cancels=0(+0/s) notify=1 disc=0(0x00) | echo rx=0 tx=0 pend=0 stale=0
  17.162  P t=20s rxkBps=73 blkkBps=0 pongs=5881(+310/s) cancels=0(+0/s) notify=1 disc=0(0x00) | echo rx=0 tx=0 pend=0 stale=0
  19.131  P t=21s rxkBps=76 blkkBps=0 pongs=6200(+319/s) cancels=0(+0/s) notify=1 disc=0(0x00) | echo rx=0 tx=0 pend=0 stale=0
  19.187  P t=22s rxkBps=88 blkkBps=0 pongs=6570(+370/s) cancels=0(+0/s) notify=1 disc=0(0x00) | echo rx=0 tx=0 pend=0 stale=0
  21.164  P t=23s rxkBps=86 blkkBps=0 pongs=6934(+364/s) cancels=0(+0/s) notify=1 disc=0(0x00) | echo rx=0 tx=0 pend=0 stale=0
  21.164  P t=24s rxkBps=91 blkkBps=0 pongs=7316(+382/s) cancels=0(+0/s) notify=1 disc=0(0x00) | echo rx=0 tx=0 pend=0 stale=0
  23.135  P t=25s rxkBps=87 blkkBps=0 pongs=7685(+369/s) cancels=0(+0/s) notify=1 disc=0(0x00) | echo rx=0 tx=0 pend=0 stale=0
  23.190  P t=26s rxkBps=90 blkkBps=0 pongs=8063(+378/s) cancels=0(+0/s) notify=1 disc=0(0x00) | echo rx=0 tx=0 pend=0 stale=0
  25.166  P t=27s rxkBps=85 blkkBps=0 pongs=8422(+359/s) cancels=0(+0/s) notify=1 disc=0(0x00) | echo rx=0 tx=0 pend=0 stale=0
  25.166  P t=28s rxkBps=87 blkkBps=0 pongs=8790(+368/s) cancels=0(+0/s) notify=1 disc=0(0x00) | echo rx=0 tx=0 pend=0 stale=0
  27.129  P t=29s rxkBps=88 blkkBps=0 pongs=9160(+370/s) cancels=0(+0/s) notify=1 disc=0(0x00) | echo rx=0 tx=0 pend=0 stale=0
  27.184  P t=30s rxkBps=85 blkkBps=0 pongs=9518(+358/s) cancels=0(+0/s) notify=1 disc=0(0x00) | echo rx=0 tx=0 pend=0 stale=0
  29.155  P t=31s rxkBps=88 blkkBps=0 pongs=9889(+371/s) cancels=0(+0/s) notify=1 disc=0(0x00) | echo rx=0 tx=0 pend=0 stale=0
  29.155  P t=32s rxkBps=87 blkkBps=0 pongs=10257(+368/s) cancels=0(+0/s) notify=1 disc=0(0x00) | echo rx=0 tx=0 pend=0 stale=0
  31.128  P t=33s rxkBps=89 blkkBps=0 pongs=10632(+375/s) cancels=0(+0/s) notify=1 disc=0(0x00) | echo rx=0 tx=0 pend=0 stale=0
  31.183  P t=34s rxkBps=88 blkkBps=0 pongs=11003(+371/s) cancels=0(+0/s) notify=1 disc=0(0x00) | echo rx=0 tx=0 pend=0 stale=0
  33.142  P t=35s rxkBps=91 blkkBps=0 pongs=11385(+382/s) cancels=0(+0/s) notify=1 disc=0(0x00) | echo rx=0 tx=0 pend=0 stale=0
  33.142  P t=36s rxkBps=89 blkkBps=0 pongs=11761(+376/s) cancels=0(+0/s) notify=1 disc=0(0x00) | echo rx=0 tx=0 pend=0 stale=0
  35.173  P t=37s rxkBps=83 blkkBps=0 pongs=12111(+350/s) cancels=0(+0/s) notify=1 disc=0(0x00) | echo rx=0 tx=0 pend=0 stale=0
  35.173  P t=38s rxkBps=86 blkkBps=0 pongs=12475(+364/s) cancels=0(+0/s) notify=1 disc=0(0x00) | echo rx=0 tx=0 pend=0 stale=0
  37.132  P t=39s rxkBps=89 blkkBps=0 pongs=12851(+376/s) cancels=0(+0/s) notify=1 disc=0(0x00) | echo rx=0 tx=0 pend=0 stale=0
  37.187  P t=40s rxkBps=86 blkkBps=0 pongs=13215(+364/s) cancels=0(+0/s) notify=1 disc=0(0x00) | echo rx=0 tx=0 pend=0 stale=0
  39.144  P t=41s rxkBps=88 blkkBps=0 pongs=13588(+373/s) cancels=0(+0/s) notify=1 disc=0(0x00) | echo rx=0 tx=0 pend=0 stale=0
  39.144  P t=42s rxkBps=89 blkkBps=0 pongs=13962(+374/s) cancels=0(+0/s) notify=1 disc=0(0x00) | echo rx=0 tx=0 pend=0 stale=0
  41.167  P t=43s rxkBps=88 blkkBps=0 pongs=14334(+372/s) cancels=0(+0/s) notify=1 disc=0(0x00) | echo rx=0 tx=0 pend=0 stale=0
  41.168  P t=44s rxkBps=90 blkkBps=0 pongs=14715(+381/s) cancels=0(+0/s) notify=1 disc=0(0x00) | echo rx=0 tx=0 pend=0 stale=0
  43.138  P t=45s rxkBps=88 blkkBps=0 pongs=15088(+373/s) cancels=0(+0/s) notify=1 disc=0(0x00) | echo rx=0 tx=0 pend=0 stale=0
  43.193  P t=46s rxkBps=86 blkkBps=0 pongs=15453(+365/s) cancels=0(+0/s) notify=1 disc=0(0x00) | echo rx=0 tx=0 pend=0 stale=0
  45.154  P t=47s rxkBps=90 blkkBps=0 pongs=15831(+378/s) cancels=0(+0/s) notify=1 disc=0(0x00) | echo rx=0 tx=0 pend=0 stale=0
  45.154  P t=48s rxkBps=91 blkkBps=0 pongs=16213(+382/s) cancels=0(+0/s) notify=1 disc=0(0x00) | echo rx=0 tx=0 pend=0 stale=0
  47.170  P t=49s rxkBps=92 blkkBps=0 pongs=16602(+389/s) cancels=0(+0/s) notify=1 disc=0(0x00) | echo rx=0 tx=0 pend=0 stale=0
  47.170  P t=50s rxkBps=82 blkkBps=0 pongs=16950(+348/s) cancels=0(+0/s) notify=1 disc=0(0x00) | echo rx=0 tx=0 pend=0 stale=0
  49.138  P t=51s rxkBps=91 blkkBps=0 pongs=17332(+382/s) cancels=0(+0/s) notify=1 disc=0(0x00) | echo rx=0 tx=0 pend=0 stale=0
  49.193  P t=52s rxkBps=91 blkkBps=0 pongs=17717(+385/s) cancels=0(+0/s) notify=1 disc=0(0x00) | echo rx=0 tx=0 pend=0 stale=0
  51.169  P t=53s rxkBps=89 blkkBps=0 pongs=18094(+377/s) cancels=0(+0/s) notify=1 disc=0(0x00) | echo rx=0 tx=0 pend=0 stale=0
  51.169  P t=54s rxkBps=87 blkkBps=0 pongs=18463(+369/s) cancels=0(+0/s) notify=1 disc=0(0x00) | echo rx=0 tx=0 pend=0 stale=0
  53.141  P t=55s rxkBps=89 blkkBps=0 pongs=18838(+375/s) cancels=0(+0/s) notify=1 disc=0(0x00) | echo rx=0 tx=0 pend=0 stale=0
  53.192  P t=56s rxkBps=89 blkkBps=0 pongs=19212(+374/s) cancels=0(+0/s) notify=1 disc=0(0x00) | echo rx=0 tx=0 pend=0 stale=0
