   0.826  P t=3s rxkBps=0 blkkBps=0 pongs=0(+0/s) cancels=0(+0/s) notify=0 disc=0(0x00) | echo rx=0 tx=0 pend=0 stale=0
   0.826  GAP connected interval=12500
   0.826  PHY tx=2 rx=2
   0.826  P t=4s rxkBps=0 blkkBps=0 pongs=0(+0/s) cancels=0(+0/s) notify=0 disc=0(0x00) | echo rx=0 tx=0 pend=0 stale=0
   2.137  CCC: notify ENABLED
   2.192  P t=5s rxkBps=51 blkkBps=0 pongs=218(+218/s) cancels=0(+0/s) notify=1 disc=0(0x00) | echo rx=0 tx=0 pend=0 stale=0
   3.817  P t=6s rxkBps=73 blkkBps=0 pongs=526(+308/s) cancels=0(+0/s) notify=1 disc=0(0x00) | echo rx=0 tx=0 pend=0 stale=0
   3.817  P t=7s rxkBps=63 blkkBps=0 pongs=794(+268/s) cancels=0(+0/s) notify=1 disc=0(0x00) | echo rx=0 tx=0 pend=0 stale=0
   5.810  P t=8s rxkBps=72 blkkBps=0 pongs=1100(+306/s) cancels=0(+0/s) notify=1 disc=0(0x00) | echo rx=0 tx=0 pend=0 stale=0
   5.810  P t=9s rxkBps=86 blkkBps=0 pongs=1463(+363/s) cancels=0(+0/s) notify=1 disc=0(0x00) | echo rx=0 tx=0 pend=0 stale=0
   7.826  P t=10s rxkBps=84 blkkBps=0 pongs=1818(+355/s) cancels=0(+0/s) notify=1 disc=0(0x00) | echo rx=0 tx=0 pend=0 stale=0
   7.826  P t=11s rxkBps=88 blkkBps=0 pongs=2191(+373/s) cancels=0(+0/s) notify=1 disc=0(0x00) | echo rx=0 tx=0 pend=0 stale=0
   9.781  P t=12s rxkBps=89 blkkBps=0 pongs=2566(+375/s) cancels=0(+0/s) notify=1 disc=0(0x00) | echo rx=0 tx=0 pend=0 stale=0
   9.837  P t=13s rxkBps=90 blkkBps=0 pongs=2946(+380/s) cancels=0(+0/s) notify=1 disc=0(0x00) | echo rx=0 tx=0 pend=0 stale=0
  11.814  P t=14s rxkBps=84 blkkBps=0 pongs=3302(+356/s) cancels=0(+0/s) notify=1 disc=0(0x00) | echo rx=0 tx=0 pend=0 stale=0
  11.814  P t=15s rxkBps=85 blkkBps=0 pongs=3662(+360/s) cancels=0(+0/s) notify=1 disc=0(0x00) | echo rx=0 tx=0 pend=0 stale=0
  13.828  P t=16s rxkBps=88 blkkBps=0 pongs=4035(+373/s) cancels=0(+0/s) notify=1 disc=0(0x00) | echo rx=0 tx=0 pend=0 stale=0
  13.828  P t=17s rxkBps=86 blkkBps=0 pongs=4397(+362/s) cancels=0(+0/s) notify=1 disc=0(0x00) | echo rx=0 tx=0 pend=0 stale=0
  15.835  P t=18s rxkBps=88 blkkBps=0 pongs=4768(+371/s) cancels=0(+0/s) notify=1 disc=0(0x00) | echo rx=0 tx=0 pend=0 stale=0
  15.835  P t=19s rxkBps=84 blkkBps=0 pongs=5124(+356/s) cancels=0(+0/s) notify=1 disc=0(0x00) | echo rx=0 tx=0 pend=0 stale=0
  17.792  P t=20s rxkBps=86 blkkBps=0 pongs=5489(+365/s) cancels=0(+0/s) notify=1 disc=0(0x00) | echo rx=0 tx=0 pend=0 stale=0
  17.792  P t=21s rxkBps=88 blkkBps=0 pongs=5859(+370/s) cancels=0(+0/s) notify=1 disc=0(0x00) | echo rx=0 tx=0 pend=0 stale=0
  19.807  P t=22s rxkBps=87 blkkBps=0 pongs=6226(+367/s) cancels=0(+0/s) notify=1 disc=0(0x00) | echo rx=0 tx=0 pend=0 stale=0
  19.807  P t=23s rxkBps=86 blkkBps=0 pongs=6590(+364/s) cancels=0(+0/s) notify=1 disc=0(0x00) | echo rx=0 tx=0 pend=0 stale=0
  21.807  P t=24s rxkBps=88 blkkBps=0 pongs=6961(+371/s) cancels=0(+0/s) notify=1 disc=0(0x00) | echo rx=0 tx=0 pend=0 stale=0
  21.808  P t=25s rxkBps=86 blkkBps=0 pongs=7326(+365/s) cancels=0(+0/s) notify=1 disc=0(0x00) | echo rx=0 tx=0 pend=0 stale=0
  23.825  P t=26s rxkBps=92 blkkBps=0 pongs=7713(+387/s) cancels=0(+0/s) notify=1 disc=0(0x00) | echo rx=0 tx=0 pend=0 stale=0
  23.825  P t=27s rxkBps=87 blkkBps=0 pongs=8080(+367/s) cancels=0(+0/s) notify=1 disc=0(0x00) | echo rx=0 tx=0 pend=0 stale=0
  25.781  P t=28s rxkBps=90 blkkBps=0 pongs=8458(+378/s) cancels=0(+0/s) notify=1 disc=0(0x00) | echo rx=0 tx=0 pend=0 stale=0
  25.837  P t=29s rxkBps=91 blkkBps=0 pongs=8841(+383/s) cancels=0(+0/s) notify=1 disc=0(0x00) | echo rx=0 tx=0 pend=0 stale=0
  27.798  P t=30s rxkBps=90 blkkBps=0 pongs=9220(+379/s) cancels=0(+0/s) notify=1 disc=0(0x00) | echo rx=0 tx=0 pend=0 stale=0
  27.798  P t=31s rxkBps=87 blkkBps=0 pongs=9589(+369/s) cancels=0(+0/s) notify=1 disc=0(0x00) | echo rx=0 tx=0 pend=0 stale=0
  29.822  P t=32s rxkBps=88 blkkBps=0 pongs=9962(+373/s) cancels=0(+0/s) notify=1 disc=0(0x00) | echo rx=0 tx=0 pend=0 stale=0
  29.822  P t=33s rxkBps=86 blkkBps=0 pongs=10327(+365/s) cancels=0(+0/s) notify=1 disc=0(0x00) | echo rx=0 tx=0 pend=0 stale=0
  31.829  P t=34s rxkBps=87 blkkBps=0 pongs=10695(+368/s) cancels=0(+0/s) notify=1 disc=0(0x00) | echo rx=0 tx=0 pend=0 stale=0
  31.829  P t=35s rxkBps=86 blkkBps=0 pongs=11057(+362/s) cancels=0(+0/s) notify=1 disc=0(0x00) | echo rx=0 tx=0 pend=0 stale=0
  33.786  P t=36s rxkBps=85 blkkBps=0 pongs=11417(+360/s) cancels=0(+0/s) notify=1 disc=0(0x00) | echo rx=0 tx=0 pend=0 stale=0
  33.838  P t=37s rxkBps=88 blkkBps=0 pongs=11789(+372/s) cancels=0(+0/s) notify=1 disc=0(0x00) | echo rx=0 tx=0 pend=0 stale=0
  35.787  P t=38s rxkBps=87 blkkBps=0 pongs=12156(+367/s) cancels=0(+0/s) notify=1 disc=0(0x00) | echo rx=0 tx=0 pend=0 stale=0
  35.842  P t=39s rxkBps=87 blkkBps=0 pongs=12522(+366/s) cancels=0(+0/s) notify=1 disc=0(0x00) | echo rx=0 tx=0 pend=0 stale=0
  37.814  P t=40s rxkBps=85 blkkBps=0 pongs=12881(+359/s) cancels=0(+0/s) notify=1 disc=0(0x00) | echo rx=0 tx=0 pend=0 stale=0
  37.814  P t=41s rxkBps=89 blkkBps=0 pongs=13255(+374/s) cancels=0(+0/s) notify=1 disc=0(0x00) | echo rx=0 tx=0 pend=0 stale=0
  39.785  P t=42s rxkBps=87 blkkBps=0 pongs=13621(+366/s) cancels=0(+0/s) notify=1 disc=0(0x00) | echo rx=0 tx=0 pend=0 stale=0
  39.841  P t=43s rxkBps=86 blkkBps=0 pongs=13984(+363/s) cancels=0(+0/s) notify=1 disc=0(0x00) | echo rx=0 tx=0 pend=0 stale=0
  41.815  P t=44s rxkBps=88 blkkBps=0 pongs=14354(+370/s) cancels=0(+0/s) notify=1 disc=0(0x00) | echo rx=0 tx=0 pend=0 stale=0
  41.815  P t=45s rxkBps=91 blkkBps=0 pongs=14736(+382/s) cancels=0(+0/s) notify=1 disc=0(0x00) | echo rx=0 tx=0 pend=0 stale=0
  43.785  P t=46s rxkBps=86 blkkBps=0 pongs=15097(+361/s) cancels=0(+0/s) notify=1 disc=0(0x00) | echo rx=0 tx=0 pend=0 stale=0
  43.840  P t=47s rxkBps=88 blkkBps=0 pongs=15469(+372/s) cancels=0(+0/s) notify=1 disc=0(0x00) | echo rx=0 tx=0 pend=0 stale=0
  45.812  P t=48s rxkBps=86 blkkBps=0 pongs=15834(+365/s) cancels=0(+0/s) notify=1 disc=0(0x00) | echo rx=0 tx=0 pend=0 stale=0
  45.812  P t=49s rxkBps=89 blkkBps=0 pongs=16210(+376/s) cancels=0(+0/s) notify=1 disc=0(0x00) | echo rx=0 tx=0 pend=0 stale=0
  47.787  P t=50s rxkBps=89 blkkBps=0 pongs=16586(+376/s) cancels=0(+0/s) notify=1 disc=0(0x00) | echo rx=0 tx=0 pend=0 stale=0
  47.842  P t=51s rxkBps=85 blkkBps=0 pongs=16944(+358/s) cancels=0(+0/s) notify=1 disc=0(0x00) | echo rx=0 tx=0 pend=0 stale=0
  49.807  P t=52s rxkBps=86 blkkBps=0 pongs=17308(+364/s) cancels=0(+0/s) notify=1 disc=0(0x00) | echo rx=0 tx=0 pend=0 stale=0
  49.807  P t=53s rxkBps=85 blkkBps=0 pongs=17666(+358/s) cancels=0(+0/s) notify=1 disc=0(0x00) | echo rx=0 tx=0 pend=0 stale=0
  51.829  P t=54s rxkBps=87 blkkBps=0 pongs=18033(+367/s) cancels=0(+0/s) notify=1 disc=0(0x00) | echo rx=0 tx=0 pend=0 stale=0
  51.829  P t=55s rxkBps=84 blkkBps=0 pongs=18389(+356/s) cancels=0(+0/s) notify=1 disc=0(0x00) | echo rx=0 tx=0 pend=0 stale=0
  53.835  P t=56s rxkBps=86 blkkBps=0 pongs=18754(+365/s) cancels=0(+0/s) notify=1 disc=0(0x00) | echo rx=0 tx=0 pend=0 stale=0
  53.835  P t=57s rxkBps=89 blkkBps=0 pongs=19128(+374/s) cancels=0(+0/s) notify=1 disc=0(0x00) | echo rx=0 tx=0 pend=0 stale=0
