   0.331  *** Booting Zephyr OS build v4.4.1-14-g9999e0404460 ***
   0.331  [00:00:00.002,807] [0m<inf> bt_hci_core: HW Platform: Nordic Semiconductor (0x0002)[0m
   0.386  [00:00:00.002,819] [0m<inf> bt_hci_core: HW Variant: nRF54Lx (0x0005)[0m
   0.386  [00:00:00.002,831] [0m<inf> bt_hci_core: Firmware: Standard Bluetooth controller (0x00) Version 4.4 Build 1[0m
   0.386  [00:00:00.003,171] [0m<inf> bt_hci_core: HCI transport: Controller[0m
   0.386  [00:00:00.003,217] [0m<inf> bt_hci_core: Identity: D6:C7:60:B1:D3:0E (random)[0m
   0.386  [00:00:00.003,233] [0m<inf> bt_hci_core: HCI: version 5.4 (0x0d) revision 0x0000, manufacturer 0x05f1[0m
   0.386  [00:00:00.003,248] [0m<inf> bt_hci_core: LMP: version 5.4 (0x0d) subver 0xffff[0m
   0.386  
   0.386  === nRF54L15 RTT ping-pong CENTRAL ===
   0.386  scan rc=0
   0.386  Q2CONN AA=acf07c83 CRCINIT=96a574 hop=13 chan_count=37 map=ffffffff1f
   0.436  GAP connected interval=15000
   0.437  MTU err=0 mtu=23
   1.522  PHY tx=2 rx=2
   1.523  discovery start (post-PHY +500ms) interval=15000 phy2m=1
   1.523  SUBSCRIBED, vh=14
   1.578  t=1s RTT mean=26624 min=25463 max=26915 n=5 to=0 | cancels=0(+0/s) seqbad=0 len_bad=0 disc=0(0x00) | tot_n=5 tot_to=0 maxever=26915 >2ms=5 >5ms=5 >15ms=5 >20ms=5 >30ms=0 | probes=5 wrfail=0 down=0s maxout=0s
   3.375  t=2s RTT mean=27380 min=26817 max=41907 n=32 to=0 | cancels=0(+0/s) seqbad=0 len_bad=0 disc=0(0x00) | tot_n=37 tot_to=0 maxever=41907 >2ms=37 >5ms=37 >15ms=37 >20ms=37 >30ms=1 | probes=38 wrfail=0 down=0s maxout=0s
   3.375  t=3s RTT mean=26914 min=26911 max=26916 n=34 to=0 | cancels=0(+0/s) seqbad=0 len_bad=0 disc=0(0x00) | tot_n=71 tot_to=0 maxever=41907 >2ms=71 >5ms=71 >15ms=71 >20ms=71 >30ms=1 | probes=72 wrfail=0 down=0s maxout=0s
   5.377  t=4s RTT mean=27369 min=26912 max=41913 n=33 to=0 | cancels=0(+0/s) seqbad=0 len_bad=0 disc=0(0x00) | tot_n=104 tot_to=0 maxever=41913 >2ms=104 >5ms=104 >15ms=104 >20ms=104 >30ms=2 | probes=105 wrfail=0 down=0s maxout=0s
   5.377  t=5s RTT mean=29914 min=26911 max=56914 n=30 to=0 | cancels=0(+0/s) seqbad=0 len_bad=0 disc=0(0x00) | tot_n=134 tot_to=0 maxever=56914 >2ms=134 >5ms=134 >15ms=134 >20ms=134 >30ms=7 | probes=135 wrfail=0 down=0s maxout=0s
   7.378  t=6s RTT mean=27852 min=26912 max=41931 n=32 to=0 | cancels=0(+0/s) seqbad=0 len_bad=0 disc=0(0x00) | tot_n=166 tot_to=0 maxever=56914 >2ms=166 >5ms=166 >15ms=166 >20ms=166 >30ms=9 | probes=167 wrfail=0 down=0s maxout=0s
   7.378  t=7s RTT mean=26914 min=26912 max=26917 n=33 to=0 | cancels=0(+0/s) seqbad=0 len_bad=0 disc=0(0x00) | tot_n=199 tot_to=0 maxever=56914 >2ms=199 >5ms=199 >15ms=199 >20ms=199 >30ms=9 | probes=200 wrfail=0 down=0s maxout=0s
   9.386  t=8s RTT mean=27823 min=26911 max=41913 n=33 to=0 | cancels=0(+0/s) seqbad=0 len_bad=0 disc=0(0x00) | tot_n=232 tot_to=0 maxever=56914 >2ms=232 >5ms=232 >15ms=232 >20ms=232 >30ms=11 | probes=233 wrfail=0 down=0s maxout=0s
   9.386  t=9s RTT mean=27369 min=26912 max=41914 n=33 to=0 | cancels=0(+0/s) seqbad=0 len_bad=0 disc=0(0x00) | tot_n=265 tot_to=0 maxever=56914 >2ms=265 >5ms=265 >15ms=265 >20ms=265 >30ms=12 | probes=266 wrfail=0 down=0s maxout=0s
  11.388  t=10s RTT mean=26914 min=26912 max=26934 n=33 to=0 | cancels=0(+0/s) seqbad=0 len_bad=0 disc=0(0x00) | tot_n=298 tot_to=0 maxever=56914 >2ms=298 >5ms=298 >15ms=298 >20ms=298 >30ms=12 | probes=299 wrfail=0 down=0s maxout=0s
  11.389  t=11s RTT mean=27369 min=26912 max=41916 n=33 to=0 | cancels=0(+0/s) seqbad=0 len_bad=0 disc=0(0x00) | tot_n=331 tot_to=0 maxever=56914 >2ms=331 >5ms=331 >15ms=331 >20ms=331 >30ms=13 | probes=332 wrfail=0 down=0s maxout=0s
  13.347  t=12s RTT mean=27369 min=26911 max=41914 n=33 to=0 | cancels=0(+0/s) seqbad=0 len_bad=0 disc=0(0x00) | tot_n=364 tot_to=0 maxever=56914 >2ms=364 >5ms=364 >15ms=364 >20ms=364 >30ms=14 | probes=365 wrfail=0 down=0s maxout=0s
  13.402  t=13s RTT mean=27851 min=26912 max=41915 n=32 to=0 | cancels=0(+0/s) seqbad=0 len_bad=0 disc=0(0x00) | tot_n=396 tot_to=0 maxever=56914 >2ms=396 >5ms=396 >15ms=396 >20ms=396 >30ms=16 | probes=397 wrfail=0 down=0s maxout=0s
  15.369  t=14s RTT mean=27369 min=26911 max=41914 n=33 to=0 | cancels=0(+0/s) seqbad=0 len_bad=0 disc=0(0x00) | tot_n=429 tot_to=0 maxever=56914 >2ms=429 >5ms=429 >15ms=429 >20ms=429 >30ms=17 | probes=430 wrfail=0 down=0s maxout=0s
  15.369  t=15s RTT mean=31052 min=26912 max=86914 n=29 to=0 | cancels=0(+0/s) seqbad=0 len_bad=0 disc=0(0x00) | tot_n=458 tot_to=0 maxever=86914 >2ms=458 >5ms=458 >15ms=458 >20ms=458 >30ms=21 | probes=459 wrfail=0 down=0s maxout=0s
  17.389  t=16s RTT mean=27823 min=26908 max=41933 n=33 to=0 | cancels=0(+0/s) seqbad=0 len_bad=0 disc=0(0x00) | tot_n=491 tot_to=0 maxever=86914 >2ms=491 >5ms=491 >15ms=491 >20ms=491 >30ms=23 | probes=492 wrfail=0 down=0s maxout=0s
  17.389  t=17s RTT mean=26914 min=26911 max=26922 n=33 to=0 | cancels=0(+0/s) seqbad=0 len_bad=0 disc=0(0x00) | tot_n=524 tot_to=0 maxever=86914 >2ms=524 >5ms=524 >15ms=524 >20ms=524 >30ms=23 | probes=525 wrfail=0 down=0s maxout=0s
  19.348  t=18s RTT mean=27369 min=26911 max=41914 n=33 to=0 | cancels=0(+0/s) seqbad=0 len_bad=0 disc=0(0x00) | tot_n=557 tot_to=0 maxever=86914 >2ms=557 >5ms=557 >15ms=557 >20ms=557 >30ms=24 | probes=558 wrfail=0 down=0s maxout=0s
  19.403  t=19s RTT mean=27852 min=26913 max=41914 n=32 to=0 | cancels=0(+0/s) seqbad=0 len_bad=0 disc=0(0x00) | tot_n=589 tot_to=0 maxever=86914 >2ms=589 >5ms=589 >15ms=589 >20ms=589 >30ms=26 | probes=590 wrfail=0 down=0s maxout=0s
  21.377  t=20s RTT mean=27369 min=26908 max=41914 n=33 to=0 | cancels=0(+0/s) seqbad=0 len_bad=0 disc=0(0x00) | tot_n=622 tot_to=0 maxever=86914 >2ms=622 >5ms=622 >15ms=622 >20ms=622 >30ms=27 | probes=623 wrfail=0 down=0s maxout=0s
  21.377  t=21s RTT mean=28914 min=26912 max=41915 n=30 to=0 | cancels=0(+0/s) seqbad=0 len_bad=0 disc=0(0x00) | tot_n=652 tot_to=0 maxever=86914 >2ms=652 >5ms=652 >15ms=652 >20ms=652 >30ms=31 | probes=653 wrfail=0 down=0s maxout=0s
  23.336  t=22s RTT mean=27797 min=26912 max=56908 n=34 to=0 | cancels=0(+0/s) seqbad=0 len_bad=0 disc=0(0x00) | tot_n=686 tot_to=0 maxever=86914 >2ms=686 >5ms=686 >15ms=686 >20ms=686 >30ms=32 | probes=687 wrfail=0 down=0s maxout=0s
  23.392  t=23s RTT mean=26914 min=26911 max=26922 n=33 to=0 | cancels=0(+0/s) seqbad=0 len_bad=0 disc=0(0x00) | tot_n=719 tot_to=0 maxever=86914 >2ms=719 >5ms=719 >15ms=719 >20ms=719 >30ms=32 | probes=720 wrfail=0 down=0s maxout=0s
  25.359  t=24s RTT mean=27369 min=26911 max=41933 n=33 to=0 | cancels=0(+0/s) seqbad=0 len_bad=0 disc=0(0x00) | tot_n=752 tot_to=0 maxever=86914 >2ms=752 >5ms=752 >15ms=752 >20ms=752 >30ms=33 | probes=753 wrfail=0 down=0s maxout=0s
  25.359  t=25s RTT mean=26914 min=26912 max=26922 n=33 to=0 | cancels=0(+0/s) seqbad=0 len_bad=0 disc=0(0x00) | tot_n=785 tot_to=0 maxever=86914 >2ms=785 >5ms=785 >15ms=785 >20ms=785 >30ms=33 | probes=786 wrfail=0 down=0s maxout=0s
  27.369  t=26s RTT mean=26914 min=26908 max=26925 n=34 to=0 | cancels=0(+0/s) seqbad=0 len_bad=0 disc=0(0x00) | tot_n=819 tot_to=0 maxever=86914 >2ms=819 >5ms=819 >15ms=819 >20ms=819 >30ms=33 | probes=819 wrfail=0 down=0s maxout=0s
  27.369  t=27s RTT mean=26914 min=26911 max=26919 n=33 to=0 | cancels=0(+0/s) seqbad=0 len_bad=0 disc=0(0x00) | tot_n=852 tot_to=0 maxever=86914 >2ms=852 >5ms=852 >15ms=852 >20ms=852 >30ms=33 | probes=853 wrfail=0 down=0s maxout=0s
  29.391  t=28s RTT mean=26914 min=26911 max=26931 n=33 to=0 | cancels=0(+0/s) seqbad=0 len_bad=0 disc=0(0x00) | tot_n=885 tot_to=0 maxever=86914 >2ms=885 >5ms=885 >15ms=885 >20ms=885 >30ms=33 | probes=886 wrfail=0 down=0s maxout=0s
  29.391  t=29s RTT mean=27823 min=26913 max=41915 n=33 to=0 | cancels=0(+0/s) seqbad=0 len_bad=0 disc=0(0x00) | tot_n=918 tot_to=0 maxever=86914 >2ms=918 >5ms=918 >15ms=918 >20ms=918 >30ms=35 | probes=918 wrfail=0 down=0s maxout=0s
  31.362  t=30s RTT mean=26915 min=26911 max=26935 n=33 to=0 | cancels=0(+0/s) seqbad=0 len_bad=0 disc=0(0x00) | tot_n=951 tot_to=0 maxever=86914 >2ms=951 >5ms=951 >15ms=951 >20ms=951 >30ms=35 | probes=952 wrfail=0 down=0s maxout=0s
  31.362  t=31s RTT mean=27369 min=26911 max=41914 n=33 to=0 | cancels=0(+0/s) seqbad=0 len_bad=0 disc=0(0x00) | tot_n=984 tot_to=0 maxever=86914 >2ms=984 >5ms=984 >15ms=984 >20ms=984 >30ms=36 | probes=985 wrfail=0 down=0s maxout=0s
  33.380  t=32s RTT mean=27369 min=26912 max=41914 n=33 to=0 | cancels=0(+0/s) seqbad=0 len_bad=0 disc=0(0x00) | tot_n=1017 tot_to=0 maxever=86914 >2ms=1017 >5ms=1017 >15ms=1017 >20ms=1017 >30ms=37 | probes=1017 wrfail=0 down=0s maxout=0s
  33.380  t=33s RTT mean=26914 min=26912 max=26919 n=33 to=0 | cancels=0(+0/s) seqbad=0 len_bad=0 disc=0(0x00) | tot_n=1050 tot_to=0 maxever=86914 >2ms=1050 >5ms=1050 >15ms=1050 >20ms=1050 >30ms=37 | probes=1051 wrfail=0 down=0s maxout=0s
  35.352  t=34s RTT mean=27369 min=26912 max=41915 n=33 to=0 | cancels=0(+0/s) seqbad=0 len_bad=0 disc=0(0x00) | tot_n=1083 tot_to=0 maxever=86914 >2ms=1083 >5ms=1083 >15ms=1083 >20ms=1083 >30ms=38 | probes=1084 wrfail=0 down=0s maxout=0s
  35.407  t=35s RTT mean=26914 min=26912 max=26922 n=33 to=0 | cancels=0(+0/s) seqbad=0 len_bad=0 disc=0(0x00) | tot_n=1116 tot_to=0 maxever=86914 >2ms=1116 >5ms=1116 >15ms=1116 >20ms=1116 >30ms=38 | probes=1117 wrfail=0 down=0s maxout=0s
  37.367  t=36s RTT mean=26914 min=26912 max=26932 n=33 to=0 | cancels=0(+0/s) seqbad=0 len_bad=0 disc=0(0x00) | tot_n=1149 tot_to=0 maxever=86914 >2ms=1149 >5ms=1149 >15ms=1149 >20ms=1149 >30ms=38 | probes=1150 wrfail=0 down=0s maxout=0s
  37.367  t=37s RTT mean=28849 min=26913 max=41916 n=31 to=0 | cancels=0(+0/s) seqbad=0 len_bad=0 disc=0(0x00) | tot_n=1180 tot_to=0 maxever=86914 >2ms=1180 >5ms=1180 >15ms=1180 >20ms=1180 >30ms=42 | probes=1181 wrfail=0 down=0s maxout=0s
  39.381  t=38s RTT mean=31414 min=26911 max=56913 n=30 to=0 | cancels=0(+0/s) seqbad=0 len_bad=0 disc=0(0x00) | tot_n=1210 tot_to=0 maxever=86914 >2ms=1210 >5ms=1210 >15ms=1210 >20ms=1210 >30ms=50 | probes=1211 wrfail=0 down=0s maxout=0s
  39.381  t=39s RTT mean=27383 min=26912 max=41913 n=32 to=0 | cancels=0(+0/s) seqbad=0 len_bad=0 disc=0(0x00) | tot_n=1242 tot_to=0 maxever=86914 >2ms=1242 >5ms=1242 >15ms=1242 >20ms=1242 >30ms=51 | probes=1243 wrfail=0 down=0s maxout=0s
  41.352  t=40s RTT mean=28789 min=26908 max=56914 n=32 to=0 | cancels=0(+0/s) seqbad=0 len_bad=0 disc=0(0x00) | tot_n=1274 tot_to=0 maxever=86914 >2ms=1274 >5ms=1274 >15ms=1274 >20ms=1274 >30ms=54 | probes=1275 wrfail=0 down=0s maxout=0s
  41.407  t=41s RTT mean=29914 min=26911 max=41915 n=30 to=0 | cancels=0(+0/s) seqbad=0 len_bad=0 disc=0(0x00) | tot_n=1304 tot_to=0 maxever=86914 >2ms=1304 >5ms=1304 >15ms=1304 >20ms=1304 >30ms=60 | probes=1305 wrfail=0 down=0s maxout=0s
  43.375  t=42s RTT mean=29334 min=26911 max=41933 n=31 to=0 | cancels=0(+0/s) seqbad=0 len_bad=0 disc=0(0x00) | tot_n=1335 tot_to=0 maxever=86914 >2ms=1335 >5ms=1335 >15ms=1335 >20ms=1335 >30ms=65 | probes=1336 wrfail=0 down=0s maxout=0s
  43.375  t=43s RTT mean=28850 min=26912 max=41921 n=31 to=0 | cancels=0(+0/s) seqbad=0 len_bad=0 disc=0(0x00) | tot_n=1366 tot_to=0 maxever=86914 >2ms=1366 >5ms=1366 >15ms=1366 >20ms=1366 >30ms=69 | probes=1367 wrfail=0 down=0s maxout=0s
