   0.331  *** Booting Zephyr OS build v4.4.1-14-g9999e0404460 ***
   0.331  [00:00:00.002,808] [0m<inf> bt_hci_core: HW Platform: Nordic Semiconductor (0x0002)[0m
   0.331  [00:00:00.002,820] [0m<inf> bt_hci_core: HW Variant: nRF54Lx (0x0005)[0m
   0.386  [00:00:00.002,831] [0m<inf> bt_hci_core: Firmware: Standard Bluetooth controller (0x00) Version 4.4 Build 1[0m
   0.386  [00:00:00.003,172] [0m<inf> bt_hci_core: HCI transport: Controller[0m
   0.386  [00:00:00.003,218] [0m<inf> bt_hci_core: Identity: D6:C7:60:B1:D3:0E (random)[0m
   0.386  [00:00:00.003,234] [0m<inf> bt_hci_core: HCI: version 5.4 (0x0d) revision 0x0000, manufacturer 0x05f1[0m
   0.386  [00:00:00.003,249] [0m<inf> bt_hci_core: LMP: version 5.4 (0x0d) subver 0xffff[0m
   0.386  
   0.386  === nRF54L15 RTT ping-pong CENTRAL ===
   0.386  scan rc=0
   0.386  Q2CONN AA=8f2112aa CRCINIT=d5665b hop=16 chan_count=37 map=ffffffff1f
   0.386  GAP connected interval=20000
   1.417  MTU err=0 mtu=23
   1.417  PHY tx=2 rx=2
   1.417  discovery start (post-PHY +500ms) interval=20000 phy2m=1
   1.417  SUBSCRIBED, vh=14
   1.417  t=1s RTT mean=24412 min=24412 max=24412 n=1 to=0 | cancels=0(+0/s) seqbad=0 len_bad=0 disc=0(0x00) | tot_n=1 tot_to=0 maxever=24412 >2ms=1 >5ms=1 >15ms=1 >20ms=1 >30ms=0 | probes=2 wrfail=0 down=0s maxout=0s
   3.340  t=2s RTT mean=37714 min=36908 max=56912 n=25 to=0 | cancels=0(+0/s) seqbad=0 len_bad=0 disc=0(0x00) | tot_n=26 tot_to=0 maxever=56912 >2ms=26 >5ms=26 >15ms=26 >20ms=26 >30ms=25 | probes=27 wrfail=0 down=0s maxout=0s
   3.395  t=3s RTT mean=38653 min=36913 max=56914 n=23 to=0 | cancels=0(+0/s) seqbad=0 len_bad=0 disc=0(0x00) | tot_n=49 tot_to=0 maxever=56914 >2ms=49 >5ms=49 >15ms=49 >20ms=49 >30ms=48 | probes=50 wrfail=0 down=0s maxout=0s
   5.364  t=4s RTT mean=37714 min=36912 max=56908 n=25 to=0 | cancels=0(+0/s) seqbad=0 len_bad=0 disc=0(0x00) | tot_n=74 tot_to=0 maxever=56914 >2ms=74 >5ms=74 >15ms=74 >20ms=74 >30ms=73 | probes=75 wrfail=0 down=0s maxout=0s
   5.364  t=5s RTT mean=40392 min=36914 max=56915 n=23 to=0 | cancels=0(+0/s) seqbad=0 len_bad=0 disc=0(0x00) | tot_n=97 tot_to=0 maxever=56915 >2ms=97 >5ms=97 >15ms=97 >20ms=97 >30ms=96 | probes=98 wrfail=0 down=0s maxout=0s
   7.342  t=6s RTT mean=37714 min=36908 max=56914 n=25 to=0 | cancels=0(+0/s) seqbad=0 len_bad=0 disc=0(0x00) | tot_n=122 tot_to=0 maxever=56915 >2ms=122 >5ms=122 >15ms=122 >20ms=122 >30ms=121 | probes=123 wrfail=0 down=0s maxout=0s
   7.342  t=7s RTT mean=36914 min=36913 max=36922 n=24 to=0 | cancels=0(+0/s) seqbad=0 len_bad=0 disc=0(0x00) | tot_n=146 tot_to=0 maxever=56915 >2ms=146 >5ms=146 >15ms=146 >20ms=146 >30ms=145 | probes=147 wrfail=0 down=0s maxout=0s
   9.363  t=8s RTT mean=37714 min=36913 max=56907 n=25 to=0 | cancels=0(+0/s) seqbad=0 len_bad=0 disc=0(0x00) | tot_n=171 tot_to=0 maxever=56915 >2ms=171 >5ms=171 >15ms=171 >20ms=171 >30ms=170 | probes=172 wrfail=0 down=0s maxout=0s
   9.363  t=9s RTT mean=36914 min=36913 max=36917 n=25 to=0 | cancels=0(+0/s) seqbad=0 len_bad=0 disc=0(0x00) | tot_n=196 tot_to=0 maxever=56915 >2ms=196 >5ms=196 >15ms=196 >20ms=196 >30ms=195 | probes=197 wrfail=0 down=0s maxout=0s
  11.331  t=10s RTT mean=38581 min=36908 max=56914 n=24 to=0 | cancels=0(+0/s) seqbad=0 len_bad=0 disc=0(0x00) | tot_n=220 tot_to=0 maxever=56915 >2ms=220 >5ms=220 >15ms=220 >20ms=220 >30ms=219 | probes=221 wrfail=0 down=0s maxout=0s
  11.386  t=11s RTT mean=40392 min=36912 max=96914 n=23 to=0 | cancels=0(+0/s) seqbad=0 len_bad=0 disc=0(0x00) | tot_n=243 tot_to=0 maxever=96914 >2ms=243 >5ms=243 >15ms=243 >20ms=243 >30ms=242 | probes=244 wrfail=0 down=0s maxout=0s
  13.355  t=12s RTT mean=36914 min=36907 max=36933 n=25 to=0 | cancels=0(+0/s) seqbad=0 len_bad=0 disc=0(0x00) | tot_n=268 tot_to=0 maxever=96914 >2ms=268 >5ms=268 >15ms=268 >20ms=268 >30ms=267 | probes=269 wrfail=0 down=0s maxout=0s
  13.355  t=13s RTT mean=37714 min=36912 max=56916 n=25 to=0 | cancels=0(+0/s) seqbad=0 len_bad=0 disc=0(0x00) | tot_n=293 tot_to=0 maxever=96914 >2ms=293 >5ms=293 >15ms=293 >20ms=293 >30ms=292 | probes=294 wrfail=0 down=0s maxout=0s
  15.325  t=14s RTT mean=37748 min=36912 max=56913 n=24 to=0 | cancels=0(+0/s) seqbad=0 len_bad=0 disc=0(0x00) | tot_n=317 tot_to=0 maxever=96914 >2ms=317 >5ms=317 >15ms=317 >20ms=317 >30ms=316 | probes=318 wrfail=0 down=0s maxout=0s
  15.378  t=15s RTT mean=40392 min=36913 max=56915 n=23 to=0 | cancels=0(+0/s) seqbad=0 len_bad=0 disc=0(0x00) | tot_n=340 tot_to=0 maxever=96914 >2ms=340 >5ms=340 >15ms=340 >20ms=340 >30ms=339 | probes=341 wrfail=0 down=0s maxout=0s
  17.345  t=16s RTT mean=36914 min=36468 max=37360 n=25 to=0 | cancels=0(+0/s) seqbad=0 len_bad=0 disc=0(0x00) | tot_n=365 tot_to=0 maxever=96914 >2ms=365 >5ms=365 >15ms=365 >20ms=365 >30ms=364 | probes=366 wrfail=0 down=0s maxout=0s
  17.345  t=17s RTT mean=38581 min=36913 max=56915 n=24 to=0 | cancels=0(+0/s) seqbad=0 len_bad=0 disc=0(0x00) | tot_n=389 tot_to=0 maxever=96914 >2ms=389 >5ms=389 >15ms=389 >20ms=389 >30ms=388 | probes=390 wrfail=0 down=0s maxout=0s
  19.368  t=18s RTT mean=38581 min=36908 max=56914 n=24 to=0 | cancels=0(+0/s) seqbad=0 len_bad=0 disc=0(0x00) | tot_n=413 tot_to=0 maxever=96914 >2ms=413 >5ms=413 >15ms=413 >20ms=413 >30ms=412 | probes=414 wrfail=0 down=0s maxout=0s
  19.368  t=19s RTT mean=37747 min=36912 max=56914 n=24 to=0 | cancels=0(+0/s) seqbad=0 len_bad=0 disc=0(0x00) | tot_n=437 tot_to=0 maxever=96914 >2ms=437 >5ms=437 >15ms=437 >20ms=437 >30ms=436 | probes=438 wrfail=0 down=0s maxout=0s
  21.334  t=20s RTT mean=38514 min=36911 max=56914 n=25 to=0 | cancels=0(+0/s) seqbad=0 len_bad=0 disc=0(0x00) | tot_n=462 tot_to=0 maxever=96914 >2ms=462 >5ms=462 >15ms=462 >20ms=462 >30ms=461 | probes=463 wrfail=0 down=0s maxout=0s
  21.389  t=21s RTT mean=39523 min=36913 max=76914 n=23 to=0 | cancels=0(+0/s) seqbad=0 len_bad=0 disc=0(0x00) | tot_n=485 tot_to=0 maxever=96914 >2ms=485 >5ms=485 >15ms=485 >20ms=485 >30ms=484 | probes=486 wrfail=0 down=0s maxout=0s
  23.341  t=22s RTT mean=36914 min=36908 max=36934 n=25 to=0 | cancels=0(+0/s) seqbad=0 len_bad=0 disc=0(0x00) | tot_n=510 tot_to=0 maxever=96914 >2ms=510 >5ms=510 >15ms=510 >20ms=510 >30ms=509 | probes=511 wrfail=0 down=0s maxout=0s
  23.393  t=23s RTT mean=38581 min=36912 max=56914 n=24 to=0 | cancels=0(+0/s) seqbad=0 len_bad=0 disc=0(0x00) | tot_n=534 tot_to=0 maxever=96914 >2ms=534 >5ms=534 >15ms=534 >20ms=534 >30ms=533 | probes=535 wrfail=0 down=0s maxout=0s
  25.361  t=24s RTT mean=37714 min=36908 max=56914 n=25 to=0 | cancels=0(+0/s) seqbad=0 len_bad=0 disc=0(0x00) | tot_n=559 tot_to=0 maxever=96914 >2ms=559 >5ms=559 >15ms=559 >20ms=559 >30ms=558 | probes=560 wrfail=0 down=0s maxout=0s
  25.361  t=25s RTT mean=36914 min=36912 max=36922 n=25 to=0 | cancels=0(+0/s) seqbad=0 len_bad=0 disc=0(0x00) | tot_n=584 tot_to=0 maxever=96914 >2ms=584 >5ms=584 >15ms=584 >20ms=584 >30ms=583 | probes=585 wrfail=0 down=0s maxout=0s
  27.377  t=26s RTT mean=36914 min=36911 max=36933 n=25 to=0 | cancels=0(+0/s) seqbad=0 len_bad=0 disc=0(0x00) | tot_n=609 tot_to=0 maxever=96914 >2ms=609 >5ms=609 >15ms=609 >20ms=609 >30ms=608 | probes=610 wrfail=0 down=0s maxout=0s
  27.377  t=27s RTT mean=36914 min=36911 max=36922 n=25 to=0 | cancels=0(+0/s) seqbad=0 len_bad=0 disc=0(0x00) | tot_n=634 tot_to=0 maxever=96914 >2ms=634 >5ms=634 >15ms=634 >20ms=634 >30ms=633 | probes=635 wrfail=0 down=0s maxout=0s
  29.344  t=28s RTT mean=36915 min=36912 max=36934 n=25 to=0 | cancels=0(+0/s) seqbad=0 len_bad=0 disc=0(0x00) | tot_n=659 tot_to=0 maxever=96914 >2ms=659 >5ms=659 >15ms=659 >20ms=659 >30ms=658 | probes=660 wrfail=0 down=0s maxout=0s
  29.399  t=29s RTT mean=37747 min=36913 max=56913 n=24 to=0 | cancels=0(+0/s) seqbad=0 len_bad=0 disc=0(0x00) | tot_n=683 tot_to=0 maxever=96914 >2ms=683 >5ms=683 >15ms=683 >20ms=683 >30ms=682 | probes=684 wrfail=0 down=0s maxout=0s
  31.369  t=30s RTT mean=39414 min=36469 max=96934 n=24 to=0 | cancels=0(+0/s) seqbad=0 len_bad=0 disc=0(0x00) | tot_n=707 tot_to=0 maxever=96934 >2ms=707 >5ms=707 >15ms=707 >20ms=707 >30ms=706 | probes=708 wrfail=0 down=0s maxout=0s
  31.369  t=31s RTT mean=36914 min=36912 max=36922 n=25 to=0 | cancels=0(+0/s) seqbad=0 len_bad=0 disc=0(0x00) | tot_n=732 tot_to=0 maxever=96934 >2ms=732 >5ms=732 >15ms=732 >20ms=732 >30ms=731 | probes=733 wrfail=0 down=0s maxout=0s
  33.333  t=32s RTT mean=36915 min=36911 max=36934 n=25 to=0 | cancels=0(+0/s) seqbad=0 len_bad=0 disc=0(0x00) | tot_n=757 tot_to=0 maxever=96934 >2ms=757 >5ms=757 >15ms=757 >20ms=757 >30ms=756 | probes=758 wrfail=0 down=0s maxout=0s
  33.384  t=33s RTT mean=37747 min=36912 max=56913 n=24 to=0 | cancels=0(+0/s) seqbad=0 len_bad=0 disc=0(0x00) | tot_n=781 tot_to=0 maxever=96934 >2ms=781 >5ms=781 >15ms=781 >20ms=781 >30ms=780 | probes=782 wrfail=0 down=0s maxout=0s
  35.355  t=34s RTT mean=37714 min=36908 max=56913 n=25 to=0 | cancels=0(+0/s) seqbad=0 len_bad=0 disc=0(0x00) | tot_n=806 tot_to=0 maxever=96934 >2ms=806 >5ms=806 >15ms=806 >20ms=806 >30ms=805 | probes=807 wrfail=0 down=0s maxout=0s
  35.355  t=35s RTT mean=41460 min=36528 max=76914 n=22 to=0 | cancels=0(+0/s) seqbad=0 len_bad=0 disc=0(0x00) | tot_n=828 tot_to=0 maxever=96934 >2ms=828 >5ms=828 >15ms=828 >20ms=828 >30ms=827 | probes=829 wrfail=0 down=0s maxout=0s
  37.377  t=36s RTT mean=40393 min=36907 max=56915 n=23 to=0 | cancels=0(+0/s) seqbad=0 len_bad=0 disc=0(0x00) | tot_n=851 tot_to=0 maxever=96934 >2ms=851 >5ms=851 >15ms=851 >20ms=851 >30ms=850 | probes=852 wrfail=0 down=0s maxout=0s
  37.377  t=37s RTT mean=42368 min=36911 max=76914 n=22 to=0 | cancels=0(+0/s) seqbad=0 len_bad=0 disc=0(0x00) | tot_n=873 tot_to=0 maxever=96934 >2ms=873 >5ms=873 >15ms=873 >20ms=873 >30ms=872 | probes=874 wrfail=0 down=0s maxout=0s
  39.351  t=38s RTT mean=38581 min=36908 max=56914 n=24 to=0 | cancels=0(+0/s) seqbad=0 len_bad=0 disc=0(0x00) | tot_n=897 tot_to=0 maxever=96934 >2ms=897 >5ms=897 >15ms=897 >20ms=897 >30ms=896 | probes=898 wrfail=0 down=0s maxout=0s
  39.352  t=39s RTT mean=41262 min=36914 max=76911 n=23 to=0 | cancels=0(+0/s) seqbad=0 len_bad=0 disc=0(0x00) | tot_n=920 tot_to=0 maxever=96934 >2ms=920 >5ms=920 >15ms=920 >20ms=920 >30ms=919 | probes=921 wrfail=0 down=0s maxout=0s
  41.377  t=40s RTT mean=44533 min=36912 max=76914 n=21 to=0 | cancels=0(+0/s) seqbad=0 len_bad=0 disc=0(0x00) | tot_n=941 tot_to=0 maxever=96934 >2ms=941 >5ms=941 >15ms=941 >20ms=941 >30ms=940 | probes=942 wrfail=0 down=0s maxout=0s
  41.377  t=41s RTT mean=39523 min=36913 max=56921 n=23 to=0 | cancels=0(+0/s) seqbad=0 len_bad=0 disc=0(0x00) | tot_n=964 tot_to=0 maxever=96934 >2ms=964 >5ms=964 >15ms=964 >20ms=964 >30ms=963 | probes=965 wrfail=0 down=0s maxout=0s
  43.342  t=42s RTT mean=40392 min=36907 max=76913 n=23 to=0 | cancels=0(+0/s) seqbad=0 len_bad=0 disc=0(0x00) | tot_n=987 tot_to=0 maxever=96934 >2ms=987 >5ms=987 >15ms=987 >20ms=987 >30ms=986 | probes=988 wrfail=0 down=0s maxout=0s
  43.397  t=43s RTT mean=47914 min=36911 max=96914 n=20 to=0 | cancels=0(+0/s) seqbad=0 len_bad=0 disc=0(0x00) | tot_n=1007 tot_to=0 maxever=96934 >2ms=1007 >5ms=1007 >15ms=1007 >20ms=1007 >30ms=1006 | probes=1008 wrfail=0 down=0s maxout=0s
