   0.329  *** Booting Zephyr OS build v4.4.1-14-g9999e0404460 ***
   0.329  [00:00:00.002,919] [0m<inf> bt_hci_core: HW Platform: Nordic Semiconductor (0x0002)[0m
   0.329  [00:00:00.002,932] [0m<inf> bt_hci_core: HW Variant: nRF54Lx (0x0005)[0m
   0.329  [00:00:00.002,943] [0m<inf> bt_hci_core: Firmware: Standard Bluetooth controller (0x00) Version 4.4 Build 1[0m
   0.329  [00:00:00.003,284] [0m<inf> bt_hci_core: HCI transport: Controller[0m
   0.329  [00:00:00.003,331] [0m<inf> bt_hci_core: Identity: D6:C7:60:B1:D3:0E (random)[0m
   0.329  [00:00:00.003,347] [0m<inf> bt_hci_core: HCI: version 5.4 (0x0d) revision 0x0000, manufacturer 0x05f1[0m
   0.384  [00:00:00.003,362] [0m<inf> bt_hci_core: LMP: version 5.4 (0x0d) subver 0xffff[0m
   0.384  
   0.384  === nRF54L15 RTT ping-pong CENTRAL ===
   0.384  scan rc=0
   0.384  Q2CONN AA=ec4b3e6c CRCINIT=1efbce hop=12 chan_count=37 map=ffffffff1f
   0.384  GAP connected interval=50000
   1.421  MTU err=0 mtu=247
   1.421  PHY tx=2 rx=2
   1.421  t=1s RTT mean=0 min=0 max=0 n=0 to=0 | cancels=0(+0/s) seqbad=0 len_bad=0 disc=0(0x00) | tot_n=0 tot_to=0 maxever=0 >2ms=0 >5ms=0 >15ms=0 >20ms=0 >30ms=0 | probes=0 wrfail=0 down=1s maxout=1s
   1.421  discovery start (post-PHY +500ms) interval=50000 phy2m=1
   1.633  SUBSCRIBED, vh=14
   1.633  BLAST: phy_update->2M rc=0
   1.688  BLASTC comp=1 exkBps=0 cgap_us[min/avg/max]=4294967295/0/0
   1.688  BLAST phy=2/2 att=1 ok=1 enomem=0 err=0 call_us[min/avg/max]=124/124/124 okgap_max_us=0
   1.688  BLAST first16_call_us: 124 123 119 119 118 118 118 118 112 53 54 53 53 53 53 53
   2.828  PHY tx=2 rx=2
   2.828  BLASTC comp=256 exkBps=0 cgap_us[min/avg/max]=128/2526/197353
   2.828  BLAST phy=2/2 att=266 ok=266 enomem=0 err=0 call_us[min/avg/max]=53/2420/196635 okgap_max_us=196646
   2.828  t=2s RTT mean=0 min=0 max=0 n=0 to=0 | cancels=0(+0/s) seqbad=0 len_bad=0 disc=0(0x00) | tot_n=0 tot_to=0 maxever=0 >2ms=0 >5ms=0 >15ms=0 >20ms=0 >30ms=0 | probes=0 wrfail=0 down=1s maxout=1s
   4.293  BLASTC comp=539 exkBps=0 cgap_us[min/avg/max]=1390/1855/45823
   4.293  BLAST phy=2/2 att=539 ok=539 enomem=0 err=0 call_us[min/avg/max]=1376/1844/45814 okgap_max_us=45825
   4.348  t=3s RTT mean=0 min=0 max=0 n=0 to=0 | cancels=0(+0/s) seqbad=0 len_bad=0 disc=0(0x00) | tot_n=0 tot_to=0 maxever=0 >2ms=0 >5ms=0 >15ms=0 >20ms=0 >30ms=0 | probes=0 wrfail=0 down=1s maxout=1s
   4.348  t=4s RTT mean=0 min=0 max=0 n=0 to=0 | cancels=0(+0/s) seqbad=0 len_bad=0 disc=0(0x00) | tot_n=0 tot_to=0 maxever=0 >2ms=0 >5ms=0 >15ms=0 >20ms=0 >30ms=0 | probes=0 wrfail=0 down=1s maxout=1s
   4.348  BLASTC comp=502 exkBps=0 cgap_us[min/avg/max]=1390/1997/73535
   4.348  BLAST phy=2/2 att=502 ok=502 enomem=0 err=0 call_us[min/avg/max]=1378/1986/73524 okgap_max_us=73535
   6.307  BLASTC comp=603 exkBps=0 cgap_us[min/avg/max]=1389/1654/52637
   6.307  BLAST phy=2/2 att=603 ok=603 enomem=0 err=0 call_us[min/avg/max]=1321/1642/52627 okgap_max_us=52638
   6.359  t=5s RTT mean=0 min=0 max=0 n=0 to=0 | cancels=0(+0/s) seqbad=0 len_bad=0 disc=0(0x00) | tot_n=0 tot_to=0 maxever=0 >2ms=0 >5ms=0 >15ms=0 >20ms=0 >30ms=0 | probes=0 wrfail=0 down=1s maxout=1s
   6.359  BLASTC comp=623 exkBps=0 cgap_us[min/avg/max]=1391/1605/41643
   6.359  BLAST phy=2/2 att=623 ok=623 enomem=0 err=0 call_us[min/avg/max]=1375/1594/41634 okgap_max_us=41645
   6.359  t=6s RTT mean=0 min=0 max=0 n=0 to=0 | cancels=0(+0/s) seqbad=0 len_bad=0 disc=0(0x00) | tot_n=0 tot_to=0 maxever=0 >2ms=0 >5ms=0 >15ms=0 >20ms=0 >30ms=0 | probes=0 wrfail=0 down=1s maxout=1s
   8.305  BLASTC comp=561 exkBps=0 cgap_us[min/avg/max]=1388/1782/52637
   8.305  BLAST phy=2/2 att=561 ok=561 enomem=0 err=0 call_us[min/avg/max]=1376/1771/52627 okgap_max_us=52638
   8.305  t=7s RTT mean=0 min=0 max=0 n=0 to=0 | cancels=0(+0/s) seqbad=0 len_bad=0 disc=0(0x00) | tot_n=0 tot_to=0 maxever=0 >2ms=0 >5ms=0 >15ms=0 >20ms=0 >30ms=0 | probes=0 wrfail=0 down=1s maxout=1s
   8.357  BLASTC comp=572 exkBps=0 cgap_us[min/avg/max]=1390/1748/43037
   8.357  BLAST phy=2/2 att=572 ok=572 enomem=0 err=0 call_us[min/avg/max]=1375/1737/43027 okgap_max_us=43038
   8.357  t=8s RTT mean=0 min=0 max=0 n=0 to=0 | cancels=0(+0/s) seqbad=0 len_bad=0 disc=0(0x00) | tot_n=0 tot_to=0 maxever=0 >2ms=0 >5ms=0 >15ms=0 >20ms=0 >30ms=0 | probes=0 wrfail=0 down=1s maxout=1s
  10.317  t=9s RTT mean=0 min=0 max=0 n=0 to=0 | cancels=0(+0/s) seqbad=0 len_bad=0 disc=0(0x00) | tot_n=0 tot_to=0 maxever=0 >2ms=0 >5ms=0 >15ms=0 >20ms=0 >30ms=0 | probes=0 wrfail=0 down=1s maxout=1s
  10.317  BLASTC comp=489 exkBps=0 cgap_us[min/avg/max]=1389/2050/52638
  10.317  BLAST phy=2/2 att=489 ok=489 enomem=0 err=0 call_us[min/avg/max]=1377/2039/52627 okgap_max_us=52638
  10.317  BLASTC comp=633 exkBps=0 cgap_us[min/avg/max]=1389/1575/45823
  10.372  BLAST phy=2/2 att=633 ok=633 enomem=0 err=0 call_us[min/avg/max]=1323/1564/45812 okgap_max_us=52697
  10.372  t=10s RTT mean=0 min=0 max=0 n=0 to=0 | cancels=0(+0/s) seqbad=0 len_bad=0 disc=0(0x00) | tot_n=0 tot_to=0 maxever=0 >2ms=0 >5ms=0 >15ms=0 >20ms=0 >30ms=0 | probes=0 wrfail=0 down=1s maxout=1s
  12.330  t=11s RTT mean=0 min=0 max=0 n=0 to=0 | cancels=0(+0/s) seqbad=0 len_bad=0 disc=0(0x00) | tot_n=0 tot_to=0 maxever=0 >2ms=0 >5ms=0 >15ms=0 >20ms=0 >30ms=0 | probes=0 wrfail=0 down=1s maxout=1s
  12.331  BLASTC comp=486 exkBps=0 cgap_us[min/avg/max]=1389/2063/52644
  12.331  BLAST phy=2/2 att=486 ok=486 enomem=0 err=0 call_us[min/avg/max]=1375/2051/52634 okgap_max_us=52645
  12.331  BLASTC comp=553 exkBps=0 cgap_us[min/avg/max]=1390/1803/47216
  12.331  BLAST phy=2/2 att=553 ok=553 enomem=0 err=0 call_us[min/avg/max]=1323/1792/47206 okgap_max_us=47217
  12.386  t=12s RTT mean=0 min=0 max=0 n=0 to=0 | cancels=0(+0/s) seqbad=0 len_bad=0 disc=0(0x00) | tot_n=0 tot_to=0 maxever=0 >2ms=0 >5ms=0 >15ms=0 >20ms=0 >30ms=0 | probes=0 wrfail=0 down=1s maxout=1s
  14.293  BLASTC comp=599 exkBps=0 cgap_us[min/avg/max]=1389/1669/52636
  14.293  BLAST phy=2/2 att=599 ok=599 enomem=0 err=0 call_us[min/avg/max]=1375/1658/52626 okgap_max_us=52637
  14.348  t=13s RTT mean=0 min=0 max=0 n=0 to=0 | cancels=0(+0/s) seqbad=0 len_bad=0 disc=0(0x00) | tot_n=0 tot_to=0 maxever=0 >2ms=0 >5ms=0 >15ms=0 >20ms=0 >30ms=0 | probes=0 wrfail=0 down=1s maxout=1s
  14.348  BLASTC comp=509 exkBps=0 cgap_us[min/avg/max]=1391/1964/79106
  14.348  BLAST phy=2/2 att=509 ok=509 enomem=0 err=0 call_us[min/avg/max]=1376/1953/79097 okgap_max_us=79108
  14.348  t=14s RTT mean=0 min=0 max=0 n=0 to=0 | cancels=0(+0/s) seqbad=0 len_bad=0 disc=0(0x00) | tot_n=0 tot_to=0 maxever=0 >2ms=0 >5ms=0 >15ms=0 >20ms=0 >30ms=0 | probes=0 wrfail=0 down=1s maxout=1s
  16.307  BLASTC comp=518 exkBps=0 cgap_us[min/avg/max]=1389/1930/191644
  16.307  BLAST phy=2/2 att=518 ok=518 enomem=0 err=0 call_us[min/avg/max]=1376/1919/191635 okgap_max_us=191646
  16.307  t=15s RTT mean=0 min=0 max=0 n=0 to=0 | cancels=0(+0/s) seqbad=0 len_bad=0 disc=0(0x00) | tot_n=0 tot_to=0 maxever=0 >2ms=0 >5ms=0 >15ms=0 >20ms=0 >30ms=0 | probes=0 wrfail=0 down=1s maxout=1s
  16.359  BLASTC comp=525 exkBps=0 cgap_us[min/avg/max]=1389/1904/102637
  16.359  BLAST phy=2/2 att=525 ok=525 enomem=0 err=0 call_us[min/avg/max]=1375/1893/102627 okgap_max_us=102638
  16.359  t=16s RTT mean=0 min=0 max=0 n=0 to=0 | cancels=0(+0/s) seqbad=0 len_bad=0 disc=0(0x00) | tot_n=0 tot_to=0 maxever=0 >2ms=0 >5ms=0 >15ms=0 >20ms=0 >30ms=0 | probes=0 wrfail=0 down=1s maxout=1s
  18.317  BLASTC comp=392 exkBps=0 cgap_us[min/avg/max]=1390/2551/102636
  18.317  BLAST phy=2/2 att=392 ok=392 enomem=0 err=0 call_us[min/avg/max]=1376/2539/102626 okgap_max_us=102637
  18.317  t=17s RTT mean=0 min=0 max=0 n=0 to=0 | cancels=0(+0/s) seqbad=0 len_bad=0 disc=0(0x00) | tot_n=0 tot_to=0 maxever=0 >2ms=0 >5ms=0 >15ms=0 >20ms=0 >30ms=0 | probes=0 wrfail=0 down=1s maxout=1s
  18.317  BLASTC comp=445 exkBps=0 cgap_us[min/avg/max]=1391/2247/152642
  18.373  BLAST phy=2/2 att=445 ok=445 enomem=0 err=0 call_us[min/avg/max]=1371/2236/152632 okgap_max_us=152643
  18.373  t=18s RTT mean=0 min=0 max=0 n=0 to=0 | cancels=0(+0/s) seqbad=0 len_bad=0 disc=0(0x00) | tot_n=0 tot_to=0 maxever=0 >2ms=0 >5ms=0 >15ms=0 >20ms=0 >30ms=0 | probes=0 wrfail=0 down=1s maxout=1s
  20.326  BLASTC comp=473 exkBps=0 cgap_us[min/avg/max]=1389/2114/193036
  20.326  BLAST phy=2/2 att=473 ok=473 enomem=0 err=0 call_us[min/avg/max]=1376/2103/193026 okgap_max_us=193037
  20.326  t=19s RTT mean=0 min=0 max=0 n=0 to=0 | cancels=0(+0/s) seqbad=0 len_bad=0 disc=0(0x00) | tot_n=0 tot_to=0 maxever=0 >2ms=0 >5ms=0 >15ms=0 >20ms=0 >30ms=0 | probes=0 wrfail=0 down=1s maxout=1s
  20.326  BLASTC comp=485 exkBps=0 cgap_us[min/avg/max]=1389/2061/95823
  20.326  BLAST phy=2/2 att=485 ok=485 enomem=0 err=0 call_us[min/avg/max]=1376/2050/95812 okgap_max_us=95823
  20.378  t=20s RTT mean=0 min=0 max=0 n=0 to=0 | cancels=0(+0/s) seqbad=0 len_bad=0 disc=0(0x00) | tot_n=0 tot_to=0 maxever=0 >2ms=0 >5ms=0 >15ms=0 >20ms=0 >30ms=0 | probes=0 wrfail=0 down=1s maxout=1s
  22.330  BLASTC comp=465 exkBps=0 cgap_us[min/avg/max]=1387/2150/52637
  22.330  BLAST phy=2/2 att=465 ok=465 enomem=0 err=0 call_us[min/avg/max]=1375/2139/52627 okgap_max_us=52638
  22.330  t=21s RTT mean=0 min=0 max=0 n=0 to=0 | cancels=0(+0/s) seqbad=0 len_bad=0 disc=0(0x00) | tot_n=0 tot_to=0 maxever=0 >2ms=0 >5ms=0 >15ms=0 >20ms=0 >30ms=0 | probes=0 wrfail=0 down=1s maxout=1s
  22.330  BLASTC comp=494 exkBps=0 cgap_us[min/avg/max]=1389/2024/95822
  22.330  BLAST phy=2/2 att=494 ok=494 enomem=0 err=0 call_us[min/avg/max]=1376/2013/95813 okgap_max_us=95824
  22.381  t=22s RTT mean=0 min=0 max=0 n=0 to=0 | cancels=0(+0/s) seqbad=0 len_bad=0 disc=0(0x00) | tot_n=0 tot_to=0 maxever=0 >2ms=0 >5ms=0 >15ms=0 >20ms=0 >30ms=0 | probes=0 wrfail=0 down=1s maxout=1s
  24.284  BLASTC comp=489 exkBps=0 cgap_us[min/avg/max]=1390/2044/102647
  24.340  BLAST phy=2/2 att=489 ok=489 enomem=0 err=0 call_us[min/avg/max]=1376/2033/102637 okgap_max_us=102648
  24.340  t=23s RTT mean=0 min=0 max=0 n=0 to=0 | cancels=0(+0/s) seqbad=0 len_bad=0 disc=0(0x00) | tot_n=0 tot_to=0 maxever=0 >2ms=0 >5ms=0 >15ms=0 >20ms=0 >30ms=0 | probes=0 wrfail=0 down=1s maxout=1s
  24.340  BLASTC comp=450 exkBps=0 cgap_us[min/avg/max]=1388/2228/102637
  24.340  BLAST phy=2/2 att=450 ok=450 enomem=0 err=0 call_us[min/avg/max]=1378/2216/102627 okgap_max_us=102638
  24.391  t=24s RTT mean=0 min=0 max=0 n=0 to=0 | cancels=0(+0/s) seqbad=0 len_bad=0 disc=0(0x00) | tot_n=0 tot_to=0 maxever=0 >2ms=0 >5ms=0 >15ms=0 >20ms=0 >30ms=0 | probes=0 wrfail=0 down=1s maxout=1s
  26.303  BLASTC comp=545 exkBps=0 cgap_us[min/avg/max]=1389/1834/52645
  26.303  BLAST phy=2/2 att=545 ok=545 enomem=0 err=0 call_us[min/avg/max]=1332/1823/52636 okgap_max_us=52679
  26.358  t=25s RTT mean=0 min=0 max=0 n=0 to=0 | cancels=0(+0/s) seqbad=0 len_bad=0 disc=0(0x00) | tot_n=0 tot_to=0 maxever=0 >2ms=0 >5ms=0 >15ms=0 >20ms=0 >30ms=0 | probes=0 wrfail=0 down=1s maxout=1s
  26.358  t=26s RTT mean=0 min=0 max=0 n=0 to=0 | cancels=0(+0/s) seqbad=0 len_bad=0 disc=0(0x00) | tot_n=0 tot_to=0 maxever=0 >2ms=0 >5ms=0 >15ms=0 >20ms=0 >30ms=0 | probes=0 wrfail=0 down=1s maxout=1s
  27.375  BLASTC comp=546 exkBps=0 cgap_us[min/avg/max]=1390/1923/95823
  27.375  BLAST phy=2/2 att=546 ok=546 enomem=0 err=0 call_us[min/avg/max]=1328/1911/95813 okgap_max_us=95824
  27.375  BLASTC comp=470 exkBps=0 cgap_us[min/avg/max]=1390/2015/50001
  27.375  BLAST phy=2/2 att=470 ok=470 enomem=0 err=0 call_us[min/avg/max]=1318/2004/49990 okgap_max_us=65249
  27.375  t=27s RTT mean=0 min=0 max=0 n=0 to=0 | cancels=0(+0/s) seqbad=0 len_bad=0 disc=0(0x00) | tot_n=0 tot_to=0 maxever=0 >2ms=0 >5ms=0 >15ms=0 >20ms=0 >30ms=0 | probes=0 wrfail=0 down=1s maxout=1s
  29.281  BLASTC comp=478 exkBps=0 cgap_us[min/avg/max]=1384/2092/52637
  29.337  BLAST phy=2/2 att=478 ok=478 enomem=0 err=0 call_us[min/avg/max]=1277/2080/52627 okgap_max_us=52638
  29.337  t=28s RTT mean=0 min=0 max=0 n=0 to=0 | cancels=0(+0/s) seqbad=0 len_bad=0 disc=0(0x00) | tot_n=0 tot_to=0 maxever=0 >2ms=0 >5ms=0 >15ms=0 >20ms=0 >30ms=0 | probes=0 wrfail=0 down=1s maxout=1s
  29.337  BLASTC comp=506 exkBps=0 cgap_us[min/avg/max]=1390/1976/50002
  29.337  BLAST phy=2/2 att=506 ok=506 enomem=0 err=0 call_us[min/avg/max]=1375/1965/49997 okgap_max_us=50008
  29.392  t=29s RTT mean=0 min=0 max=0 n=0 to=0 | cancels=0(+0/s) seqbad=0 len_bad=0 disc=0(0x00) | tot_n=0 tot_to=0 maxever=0 >2ms=0 >5ms=0 >15ms=0 >20ms=0 >30ms=0 | probes=0 wrfail=0 down=1s maxout=1s
  31.290  BLASTC comp=328 exkBps=0 cgap_us[min/avg/max]=1390/3056/152637
  31.345  BLAST phy=2/2 att=328 ok=328 enomem=0 err=0 call_us[min/avg/max]=1378/3045/152620 okgap_max_us=88859
  31.345  t=30s RTT mean=0 min=0 max=0 n=0 to=0 | cancels=0(+0/s) seqbad=0 len_bad=0 disc=0(0x00) | tot_n=0 tot_to=0 maxever=0 >2ms=0 >5ms=0 >15ms=0 >20ms=0 >30ms=0 | probes=0 wrfail=0 down=1s maxout=1s
  31.345  BLASTC comp=568 exkBps=0 cgap_us[min/avg/max]=1389/1755/48609
  31.345  BLAST phy=2/2 att=568 ok=568 enomem=0 err=0 call_us[min/avg/max]=1320/1744/48599 okgap_max_us=152694
  31.345  t=31s RTT mean=0 min=0 max=0 n=0 to=0 | cancels=0(+0/s) seqbad=0 len_bad=0 disc=0(0x00) | tot_n=0 tot_to=0 maxever=0 >2ms=0 >5ms=0 >15ms=0 >20ms=0 >30ms=0 | probes=0 wrfail=0 down=1s maxout=1s
  33.315  BLASTC comp=510 exkBps=0 cgap_us[min/avg/max]=1381/1960/48613
  33.315  BLAST phy=2/2 att=510 ok=510 enomem=0 err=0 call_us[min/avg/max]=1369/1949/48609 okgap_max_us=48620
  33.315  t=32s RTT mean=0 min=0 max=0 n=0 to=0 | cancels=0(+0/s) seqbad=0 len_bad=0 disc=0(0x00) | tot_n=0 tot_to=0 maxever=0 >2ms=0 >5ms=0 >15ms=0 >20ms=0 >30ms=0 | probes=0 wrfail=0 down=1s maxout=1s
  33.370  BLASTC comp=623 exkBps=0 cgap_us[min/avg/max]=1389/1605/36072
  33.370  BLAST phy=2/2 att=623 ok=623 enomem=0 err=0 call_us[min/avg/max]=1376/1594/36062 okgap_max_us=36073
  33.370  t=33s RTT mean=0 min=0 max=0 n=0 to=0 | cancels=0(+0/s) seqbad=0 len_bad=0 disc=0(0x00) | tot_n=0 tot_to=0 maxever=0 >2ms=0 >5ms=0 >15ms=0 >20ms=0 >30ms=0 | probes=0 wrfail=0 down=1s maxout=1s
  35.290  BLASTC comp=516 exkBps=0 cgap_us[min/avg/max]=1390/1937/73535
  35.290  BLAST phy=2/2 att=516 ok=516 enomem=0 err=0 call_us[min/avg/max]=1375/1926/73525 okgap_max_us=73536
  35.345  t=34s RTT mean=0 min=0 max=0 n=0 to=0 | cancels=0(+0/s) seqbad=0 len_bad=0 disc=0(0x00) | tot_n=0 tot_to=0 maxever=0 >2ms=0 >5ms=0 >15ms=0 >20ms=0 >30ms=0 | probes=0 wrfail=0 down=1s maxout=1s
  35.345  BLASTC comp=515 exkBps=0 cgap_us[min/avg/max]=1387/1941/50000
  35.346  BLAST phy=2/2 att=515 ok=515 enomem=0 err=0 call_us[min/avg/max]=1376/1930/49989 okgap_max_us=50000
  35.346  t=35s RTT mean=0 min=0 max=0 n=0 to=0 | cancels=0(+0/s) seqbad=0 len_bad=0 disc=0(0x00) | tot_n=0 tot_to=0 maxever=0 >2ms=0 >5ms=0 >15ms=0 >20ms=0 >30ms=0 | probes=0 wrfail=0 down=1s maxout=1s
  37.320  BLASTC comp=639 exkBps=0 cgap_us[min/avg/max]=1389/1564/36072
  37.320  BLAST phy=2/2 att=639 ok=639 enomem=0 err=0 call_us[min/avg/max]=1315/1553/36062 okgap_max_us=36073
  37.320  t=36s RTT mean=0 min=0 max=0 n=0 to=0 | cancels=0(+0/s) seqbad=0 len_bad=0 disc=0(0x00) | tot_n=0 tot_to=0 maxever=0 >2ms=0 >5ms=0 >15ms=0 >20ms=0 >30ms=0 | probes=0 wrfail=0 down=1s maxout=1s
  37.320  BLASTC comp=548 exkBps=0 cgap_us[min/avg/max]=1388/1829/95823
  37.375  BLAST phy=2/2 att=548 ok=548 enomem=0 err=0 call_us[min/avg/max]=1378/1818/95814 okgap_max_us=95825
  37.375  t=37s RTT mean=0 min=0 max=0 n=0 to=0 | cancels=0(+0/s) seqbad=0 len_bad=0 disc=0(0x00) | tot_n=0 tot_to=0 maxever=0 >2ms=0 >5ms=0 >15ms=0 >20ms=0 >30ms=0 | probes=0 wrfail=0 down=1s maxout=1s
  39.294  BLASTC comp=552 exkBps=0 cgap_us[min/avg/max]=1388/1806/52637
  39.294  BLAST phy=2/2 att=552 ok=552 enomem=0 err=0 call_us[min/avg/max]=1322/1795/52627 okgap_max_us=52638
  39.349  t=38s RTT mean=0 min=0 max=0 n=0 to=0 | cancels=0(+0/s) seqbad=0 len_bad=0 disc=0(0x00) | tot_n=0 tot_to=0 maxever=0 >2ms=0 >5ms=0 >15ms=0 >20ms=0 >30ms=0 | probes=0 wrfail=0 down=1s maxout=1s
  39.349  BLASTC comp=519 exkBps=0 cgap_us[min/avg/max]=1389/1926/52638
  39.349  BLAST phy=2/2 att=519 ok=519 enomem=0 err=0 call_us[min/avg/max]=1376/1915/52627 okgap_max_us=52638
  39.349  t=39s RTT mean=0 min=0 max=0 n=0 to=0 | cancels=0(+0/s) seqbad=0 len_bad=0 disc=0(0x00) | tot_n=0 tot_to=0 maxever=0 >2ms=0 >5ms=0 >15ms=0 >20ms=0 >30ms=0 | probes=0 wrfail=0 down=1s maxout=1s
  41.311  BLASTC comp=546 exkBps=0 cgap_us[min/avg/max]=1389/1831/50001
  41.311  BLAST phy=2/2 att=546 ok=546 enomem=0 err=0 call_us[min/avg/max]=1376/1820/49991 okgap_max_us=50002
  41.311  t=40s RTT mean=0 min=0 max=0 n=0 to=0 | cancels=0(+0/s) seqbad=0 len_bad=0 disc=0(0x00) | tot_n=0 tot_to=0 maxever=0 >2ms=0 >5ms=0 >15ms=0 >20ms=0 >30ms=0 | probes=0 wrfail=0 down=1s maxout=1s
  41.365  BLASTC comp=553 exkBps=0 cgap_us[min/avg/max]=1389/1808/47216
  41.365  BLAST phy=2/2 att=553 ok=553 enomem=0 err=0 call_us[min/avg/max]=1376/1797/47205 okgap_max_us=47216
  41.365  t=41s RTT mean=0 min=0 max=0 n=0 to=0 | cancels=0(+0/s) seqbad=0 len_bad=0 disc=0(0x00) | tot_n=0 tot_to=0 maxever=0 >2ms=0 >5ms=0 >15ms=0 >20ms=0 >30ms=0 | probes=0 wrfail=0 down=1s maxout=1s
  43.318  BLASTC comp=596 exkBps=0 cgap_us[min/avg/max]=1389/1677/45832
  43.318  BLAST phy=2/2 att=596 ok=596 enomem=0 err=0 call_us[min/avg/max]=1375/1666/45823 okgap_max_us=45834
  43.318  t=42s RTT mean=0 min=0 max=0 n=0 to=0 | cancels=0(+0/s) seqbad=0 len_bad=0 disc=0(0x00) | tot_n=0 tot_to=0 maxever=0 >2ms=0 >5ms=0 >15ms=0 >20ms=0 >30ms=0 | probes=0 wrfail=0 down=1s maxout=1s
  43.318  BLASTC comp=533 exkBps=0 cgap_us[min/avg/max]=1388/1876/52638
  43.373  BLAST phy=2/2 att=533 ok=533 enomem=0 err=0 call_us[min/avg/max]=1376/1865/52628 okgap_max_us=52639
  43.373  t=43s RTT mean=0 min=0 max=0 n=0 to=0 | cancels=0(+0/s) seqbad=0 len_bad=0 disc=0(0x00) | tot_n=0 tot_to=0 maxever=0 >2ms=0 >5ms=0 >15ms=0 >20ms=0 >30ms=0 | probes=0 wrfail=0 down=1s maxout=1s
  45.318  BLASTC comp=540 exkBps=0 cgap_us[min/avg/max]=1388/1851/44430
  45.318  BLAST phy=2/2 att=540 ok=540 enomem=0 err=0 call_us[min/avg/max]=1376/1840/44420 okgap_max_us=44431
  45.318  t=44s RTT mean=0 min=0 max=0 n=0 to=0 | cancels=0(+0/s) seqbad=0 len_bad=0 disc=0(0x00) | tot_n=0 tot_to=0 maxever=0 >2ms=0 >5ms=0 >15ms=0 >20ms=0 >30ms=0 | probes=0 wrfail=0 down=1s maxout=1s
  45.318  BLASTC comp=645 exkBps=0 cgap_us[min/avg/max]=1384/1550/38858
  45.369  BLAST phy=2/2 att=645 ok=645 enomem=0 err=0 call_us[min/avg/max]=1275/1539/38848 okgap_max_us=38859
  45.369  t=45s RTT mean=0 min=0 max=0 n=0 to=0 | cancels=0(+0/s) seqbad=0 len_bad=0 disc=0(0x00) | tot_n=0 tot_to=0 maxever=0 >2ms=0 >5ms=0 >15ms=0 >20ms=0 >30ms=0 | probes=0 wrfail=0 down=1s maxout=1s
  47.328  BLASTC comp=506 exkBps=0 cgap_us[min/avg/max]=1389/1981/50001
  47.328  BLAST phy=2/2 att=506 ok=506 enomem=0 err=0 call_us[min/avg/max]=1377/1970/49991 okgap_max_us=50002
  47.328  t=46s RTT mean=0 min=0 max=0 n=0 to=0 | cancels=0(+0/s) seqbad=0 len_bad=0 disc=0(0x00) | tot_n=0 tot_to=0 maxever=0 >2ms=0 >5ms=0 >15ms=0 >20ms=0 >30ms=0 | probes=0 wrfail=0 down=1s maxout=1s
  47.328  BLASTC comp=592 exkBps=0 cgap_us[min/avg/max]=1388/1689/52636
  47.328  BLAST phy=2/2 att=592 ok=592 enomem=0 err=0 call_us[min/avg/max]=1319/1678/52626 okgap_max_us=52637
  47.382  t=47s RTT mean=0 min=0 max=0 n=0 to=0 | cancels=0(+0/s) seqbad=0 len_bad=0 disc=0(0x00) | tot_n=0 tot_to=0 maxever=0 >2ms=0 >5ms=0 >15ms=0 >20ms=0 >30ms=0 | probes=0 wrfail=0 down=1s maxout=1s
  49.285  BLASTC comp=634 exkBps=0 cgap_us[min/avg/max]=1382/1573/52647
  49.340  BLAST phy=2/2 att=634 ok=634 enomem=0 err=0 call_us[min/avg/max]=1296/1562/52638 okgap_max_us=52649
  49.340  t=48s RTT mean=0 min=0 max=0 n=0 to=0 | cancels=0(+0/s) seqbad=0 len_bad=0 disc=0(0x00) | tot_n=0 tot_to=0 maxever=0 >2ms=0 >5ms=0 >15ms=0 >20ms=0 >30ms=0 | probes=0 wrfail=0 down=1s maxout=1s
  49.340  BLASTC comp=585 exkBps=0 cgap_us[min/avg/max]=1389/1713/52637
  49.340  BLAST phy=2/2 att=585 ok=585 enomem=0 err=0 call_us[min/avg/max]=1375/1702/52627 okgap_max_us=52638
  49.340  t=49s RTT mean=0 min=0 max=0 n=0 to=0 | cancels=0(+0/s) seqbad=0 len_bad=0 disc=0(0x00) | tot_n=0 tot_to=0 maxever=0 >2ms=0 >5ms=0 >15ms=0 >20ms=0 >30ms=0 | probes=0 wrfail=0 down=1s maxout=1s
  51.285  BLASTC comp=555 exkBps=0 cgap_us[min/avg/max]=1388/1797/48609
  51.340  BLAST phy=2/2 att=555 ok=555 enomem=0 err=0 call_us[min/avg/max]=1321/1785/48599 okgap_max_us=48610
  51.340  t=50s RTT mean=0 min=0 max=0 n=0 to=0 | cancels=0(+0/s) seqbad=0 len_bad=0 disc=0(0x00) | tot_n=0 tot_to=0 maxever=0 >2ms=0 >5ms=0 >15ms=0 >20ms=0 >30ms=0 | probes=0 wrfail=0 down=1s maxout=1s
  51.340  BLASTC comp=548 exkBps=0 cgap_us[min/avg/max]=1389/1829/52637
  51.340  BLAST phy=2/2 att=548 ok=548 enomem=0 err=0 call_us[min/avg/max]=1378/1818/52627 okgap_max_us=52638
  51.395  t=51s RTT mean=0 min=0 max=0 n=0 to=0 | cancels=0(+0/s) seqbad=0 len_bad=0 disc=0(0x00) | tot_n=0 tot_to=0 maxever=0 >2ms=0 >5ms=0 >15ms=0 >20ms=0 >30ms=0 | probes=0 wrfail=0 down=1s maxout=1s
  53.306  BLASTC comp=630 exkBps=0 cgap_us[min/avg/max]=1389/1583/52638
  53.306  BLAST phy=2/2 att=630 ok=630 enomem=0 err=0 call_us[min/avg/max]=1321/1572/52628 okgap_max_us=52639
  53.362  t=52s RTT mean=0 min=0 max=0 n=0 to=0 | cancels=0(+0/s) seqbad=0 len_bad=0 disc=0(0x00) | tot_n=0 tot_to=0 maxever=0 >2ms=0 >5ms=0 >15ms=0 >20ms=0 >30ms=0 | probes=0 wrfail=0 down=1s maxout=1s
  53.362  BLASTC comp=629 exkBps=0 cgap_us[min/avg/max]=1387/1589/41644
  53.362  BLAST phy=2/2 att=629 ok=629 enomem=0 err=0 call_us[min/avg/max]=1336/1578/41634 okgap_max_us=41645
  53.362  t=53s RTT mean=0 min=0 max=0 n=0 to=0 | cancels=0(+0/s) seqbad=0 len_bad=0 disc=0(0x00) | tot_n=0 tot_to=0 maxever=0 >2ms=0 >5ms=0 >15ms=0 >20ms=0 >30ms=0 | probes=0 wrfail=0 down=1s maxout=1s
