   1.727  *** Booting Zephyr OS build v4.4.2-16-gfee9fbc62095 ***
   1.727  [00:12:05.963,577] [0m<inf> bt_hci_core: HW Platform: Nordic Semiconductor (0x0002)[0m
   1.727  [00:12:05.963,590] [0m<inf> bt_hci_core: HW Variant: nRF54Lx (0x0005)[0m
   1.727  [00:12:05.963,602] [0m<inf> bt_hci_core: Firmware: Standard Bluetooth controller (0x00) Version 4.4 Build 2[0m
   1.727  [00:12:05.963,952] [0m<inf> bt_hci_core: HCI transport: Controller[0m
   1.727  [00:12:05.963,998] [0m<inf> bt_hci_core: Identity: FC:BE:FF:FA:E6:8B (random)[0m
   1.727  [00:12:05.964,014] [0m<inf> bt_hci_core: HCI: version 5.4 (0x0d) revision 0x0000, manufacturer 0x05f1[0m
   1.727  [00:12:05.964,029] [0m<inf> bt_hci_core: LMP: version 5.4 (0x0d) subver 0xffff[0m
   1.779  
   1.779  === nRF54L15 RTT ping-pong PERIPHERAL (echo) ===
   1.779  advertising
   2.964  GAP connected interval=7500
   2.964  PHY tx=2 rx=2
   2.964  CCC: notify ENABLED
   3.019  P t=1s rxkBps=6 blkkBps=0 pongs=26(+26/s) cancels=0(+0/s) notify=1 disc=0(0x00) | echo rx=0 tx=0 pend=0 stale=0
   4.685  P t=2s rxkBps=157 blkkBps=0 pongs=688(+662/s) cancels=0(+0/s) notify=1 disc=0(0x00) | echo rx=0 tx=0 pend=0 stale=0
   4.740  P t=3s rxkBps=157 blkkBps=0 pongs=1350(+662/s) cancels=0(+0/s) notify=1 disc=0(0x00) | echo rx=0 tx=0 pend=0 stale=0
   6.690  P t=4s rxkBps=157 blkkBps=0 pongs=2009(+659/s) cancels=0(+0/s) notify=1 disc=0(0x00) | echo rx=0 tx=0 pend=0 stale=0
   6.746  P t=5s rxkBps=157 blkkBps=0 pongs=2671(+662/s) cancels=0(+0/s) notify=1 disc=0(0x00) | echo rx=0 tx=0 pend=0 stale=0
   8.688  P t=6s rxkBps=157 blkkBps=0 pongs=3334(+663/s) cancels=0(+0/s) notify=1 disc=0(0x00) | echo rx=0 tx=0 pend=0 stale=0
   8.740  P t=7s rxkBps=157 blkkBps=0 pongs=3993(+659/s) cancels=0(+0/s) notify=1 disc=0(0x00) | echo rx=0 tx=0 pend=0 stale=0
  10.722  P t=8s rxkBps=157 blkkBps=0 pongs=4653(+660/s) cancels=0(+0/s) notify=1 disc=0(0x00) | echo rx=0 tx=0 pend=0 stale=0
  10.722  P t=9s rxkBps=156 blkkBps=0 pongs=5310(+657/s) cancels=0(+0/s) notify=1 disc=0(0x00) | echo rx=0 tx=0 pend=0 stale=0
  12.733  P t=10s rxkBps=157 blkkBps=0 pongs=5972(+662/s) cancels=0(+0/s) notify=1 disc=0(0x00) | echo rx=0 tx=0 pend=0 stale=0
  12.733  P t=11s rxkBps=158 blkkBps=0 pongs=6637(+665/s) cancels=0(+0/s) notify=1 disc=0(0x00) | echo rx=0 tx=0 pend=0 stale=0
  14.732  P t=12s rxkBps=157 blkkBps=0 pongs=7300(+663/s) cancels=0(+0/s) notify=1 disc=0(0x00) | echo rx=0 tx=0 pend=0 stale=0
  14.732  P t=13s rxkBps=158 blkkBps=0 pongs=7965(+665/s) cancels=0(+0/s) notify=1 disc=0(0x00) | echo rx=0 tx=0 pend=0 stale=0
  16.695  P t=14s rxkBps=156 blkkBps=0 pongs=8622(+657/s) cancels=0(+0/s) notify=1 disc=0(0x00) | echo rx=0 tx=0 pend=0 stale=0
  16.695  P t=15s rxkBps=157 blkkBps=0 pongs=9285(+663/s) cancels=0(+0/s) notify=1 disc=0(0x00) | echo rx=0 tx=0 pend=0 stale=0
  18.714  P t=16s rxkBps=157 blkkBps=0 pongs=9947(+662/s) cancels=0(+0/s) notify=1 disc=0(0x00) | echo rx=0 tx=0 pend=0 stale=0
  18.714  P t=17s rxkBps=158 blkkBps=0 pongs=10611(+664/s) cancels=0(+0/s) notify=1 disc=0(0x00) | echo rx=0 tx=0 pend=0 stale=0
  20.712  P t=18s rxkBps=158 blkkBps=0 pongs=11277(+666/s) cancels=0(+0/s) notify=1 disc=0(0x00) | echo rx=0 tx=0 pend=0 stale=0
  20.712  P t=19s rxkBps=158 blkkBps=0 pongs=11943(+666/s) cancels=0(+0/s) notify=1 disc=0(0x00) | echo rx=0 tx=0 pend=0 stale=0
  22.710  P t=20s rxkBps=157 blkkBps=0 pongs=12606(+663/s) cancels=0(+0/s) notify=1 disc=0(0x00) | echo rx=0 tx=0 pend=0 stale=0
  22.710  P t=21s rxkBps=158 blkkBps=0 pongs=13271(+665/s) cancels=0(+0/s) notify=1 disc=0(0x00) | echo rx=0 tx=0 pend=0 stale=0
  24.700  P t=22s rxkBps=158 blkkBps=0 pongs=13938(+667/s) cancels=0(+0/s) notify=1 disc=0(0x00) | echo rx=0 tx=0 pend=0 stale=0
  24.700  P t=23s rxkBps=158 blkkBps=0 pongs=14604(+666/s) cancels=0(+0/s) notify=1 disc=0(0x00) | echo rx=0 tx=0 pend=0 stale=0
  26.703  P t=24s rxkBps=158 blkkBps=0 pongs=15268(+664/s) cancels=0(+0/s) notify=1 disc=0(0x00) | echo rx=0 tx=0 pend=0 stale=0
  26.704  P t=25s rxkBps=158 blkkBps=0 pongs=15932(+664/s) cancels=0(+0/s) notify=1 disc=0(0x00) | echo rx=0 tx=0 pend=0 stale=0
  28.705  P t=26s rxkBps=158 blkkBps=0 pongs=16596(+664/s) cancels=0(+0/s) notify=1 disc=0(0x00) | echo rx=0 tx=0 pend=0 stale=0
  28.705  P t=27s rxkBps=156 blkkBps=0 pongs=17254(+658/s) cancels=0(+0/s) notify=1 disc=0(0x00) | echo rx=0 tx=0 pend=0 stale=0
