   1.898  *** Booting Zephyr OS build v4.4.2-16-gfee9fbc62095 ***
   1.953  [00:16:31.293,733] [0m<inf> bt_hci_core: HW Platform: Nordic Semiconductor (0x0002)[0m
   1.953  [00:16:31.293,746] [0m<inf> bt_hci_core: HW Variant: nRF54Lx (0x0005)[0m
   1.953  [00:16:31.293,757] [0m<inf> bt_hci_core: Firmware: Standard Bluetooth controller (0x00) Version 4.4 Build 2[0m
   1.953  [00:16:31.294,097] [0m<inf> bt_hci_core: HCI transport: Controller[0m
   1.953  [00:16:31.294,144] [0m<inf> bt_hci_core: Identity: D6:C7:60:B1:D3:0E (random)[0m
   1.953  [00:16:31.294,160] [0m<inf> bt_hci_core: HCI: version 5.4 (0x0d) revision 0x0000, manufacturer 0x05f1[0m
   1.953  [00:16:31.294,175] [0m<inf> bt_hci_core: LMP: version 5.4 (0x0d) subver 0xffff[0m
   1.953  
   1.953  === nRF54L15 RTT ping-pong CENTRAL ===
   2.008  scan rc=0
   2.008  Q2CONN AA=25ccc6fd CRCINIT=3822f0 hop=6 chan_count=37 map=ffffffff1f
   2.008  GAP connected interval=7500
   2.008  MTU err=0 mtu=247
   2.605  PHY tx=2 rx=2
   2.605  discovery start (post-PHY +500ms) interval=7500 phy2m=1
   2.605  SUBSCRIBED, vh=14
   2.605  BLAST: phy_update->2M rc=0
   2.658  BLAST first16_call_us: 134 143 162 115 114 114 113 113 113 107 50 48 48 48 48 48
   3.627  PHY tx=2 rx=2
   3.627  BLASTC comp=191 exkBps=0 cgap_us[min/avg/max]=123/1569/21117
   3.679  BLAST phy=2/2 att=201 ok=201 enomem=0 err=0 call_us[min/avg/max]=48/1472/21092 okgap_max_us=21103
   3.679  t=1s RTT mean=0 min=0 max=0 n=0 to=0 | cancels=0(+0/s) seqbad=0 len_bad=0 disc=0(0x00) | tot_n=0 tot_to=0 maxever=0 >2ms=0 >5ms=0 >15ms=0 >20ms=0 >30ms=0 | probes=0 wrfail=0 down=0s maxout=0s
   4.921  t=2s RTT mean=0 min=0 max=0 n=0 to=0 | cancels=0(+0/s) seqbad=0 len_bad=0 disc=0(0x00) | tot_n=0 tot_to=0 maxever=0 >2ms=0 >5ms=0 >15ms=0 >20ms=0 >30ms=0 | probes=0 wrfail=0 down=0s maxout=0s
   4.921  BLASTC comp=666 exkBps=0 cgap_us[min/avg/max]=1331/1502/2787
   4.976  BLAST phy=2/2 att=666 ok=666 enomem=0 err=0 call_us[min/avg/max]=1271/1491/2777 okgap_max_us=2789
   4.976  t=3s RTT mean=0 min=0 max=0 n=0 to=0 | cancels=0(+0/s) seqbad=0 len_bad=0 disc=0(0x00) | tot_n=0 tot_to=0 maxever=0 >2ms=0 >5ms=0 >15ms=0 >20ms=0 >30ms=0 | probes=0 wrfail=0 down=0s maxout=0s
   4.976  BLASTC comp=664 exkBps=0 cgap_us[min/avg/max]=1332/1506/6109
   4.976  BLAST phy=2/2 att=664 ok=664 enomem=0 err=0 call_us[min/avg/max]=1261/1495/6101 okgap_max_us=6112
   6.929  BLASTC comp=666 exkBps=0 cgap_us[min/avg/max]=1330/1499/1939
   6.929  BLAST phy=2/2 att=666 ok=666 enomem=0 err=0 call_us[min/avg/max]=1286/1488/1929 okgap_max_us=1940
   6.929  t=4s RTT mean=0 min=0 max=0 n=0 to=0 | cancels=0(+0/s) seqbad=0 len_bad=0 disc=0(0x00) | tot_n=0 tot_to=0 maxever=0 >2ms=0 >5ms=0 >15ms=0 >20ms=0 >30ms=0 | probes=0 wrfail=0 down=0s maxout=0s
   6.984  BLASTC comp=667 exkBps=0 cgap_us[min/avg/max]=1332/1500/1934
   6.984  BLAST phy=2/2 att=667 ok=667 enomem=0 err=0 call_us[min/avg/max]=1318/1489/1925 okgap_max_us=1936
   6.984  t=5s RTT mean=0 min=0 max=0 n=0 to=0 | cancels=0(+0/s) seqbad=0 len_bad=0 disc=0(0x00) | tot_n=0 tot_to=0 maxever=0 >2ms=0 >5ms=0 >15ms=0 >20ms=0 >30ms=0 | probes=0 wrfail=0 down=0s maxout=0s
   8.931  BLASTC comp=667 exkBps=0 cgap_us[min/avg/max]=1329/1499/1934
   8.931  BLAST phy=2/2 att=667 ok=667 enomem=0 err=0 call_us[min/avg/max]=1316/1488/1925 okgap_max_us=1977
   8.931  t=6s RTT mean=0 min=0 max=0 n=0 to=0 | cancels=0(+0/s) seqbad=0 len_bad=0 disc=0(0x00) | tot_n=0 tot_to=0 maxever=0 >2ms=0 >5ms=0 >15ms=0 >20ms=0 >30ms=0 | probes=0 wrfail=0 down=0s maxout=0s
   8.931  BLASTC comp=661 exkBps=0 cgap_us[min/avg/max]=1327/1511/9430
   8.985  BLAST phy=2/2 att=661 ok=661 enomem=0 err=0 call_us[min/avg/max]=1314/1500/9421 okgap_max_us=9432
   8.986  t=7s RTT mean=0 min=0 max=0 n=0 to=0 | cancels=0(+0/s) seqbad=0 len_bad=0 disc=0(0x00) | tot_n=0 tot_to=0 maxever=0 >2ms=0 >5ms=0 >15ms=0 >20ms=0 >30ms=0 | probes=0 wrfail=0 down=0s maxout=0s
  10.941  BLASTC comp=660 exkBps=0 cgap_us[min/avg/max]=1322/1516/9429
  10.941  BLAST phy=2/2 att=660 ok=660 enomem=0 err=0 call_us[min/avg/max]=1249/1505/9421 okgap_max_us=9433
  10.941  t=8s RTT mean=0 min=0 max=0 n=0 to=0 | cancels=0(+0/s) seqbad=0 len_bad=0 disc=0(0x00) | tot_n=0 tot_to=0 maxever=0 >2ms=0 >5ms=0 >15ms=0 >20ms=0 >30ms=0 | probes=0 wrfail=0 down=0s maxout=0s
  10.941  BLASTC comp=663 exkBps=0 cgap_us[min/avg/max]=1331/1508/6109
  10.941  BLAST phy=2/2 att=663 ok=663 enomem=0 err=0 call_us[min/avg/max]=1312/1497/6100 okgap_max_us=6111
  10.997  t=9s RTT mean=0 min=0 max=0 n=0 to=0 | cancels=0(+0/s) seqbad=0 len_bad=0 disc=0(0x00) | tot_n=0 tot_to=0 maxever=0 >2ms=0 >5ms=0 >15ms=0 >20ms=0 >30ms=0 | probes=0 wrfail=0 down=0s maxout=0s
  12.945  BLASTC comp=646 exkBps=0 cgap_us[min/avg/max]=1330/1546/9430
  12.945  BLAST phy=2/2 att=646 ok=646 enomem=0 err=0 call_us[min/avg/max]=1245/1535/9421 okgap_max_us=9432
  12.945  t=10s RTT mean=0 min=0 max=0 n=0 to=0 | cancels=0(+0/s) seqbad=0 len_bad=0 disc=0(0x00) | tot_n=0 tot_to=0 maxever=0 >2ms=0 >5ms=0 >15ms=0 >20ms=0 >30ms=0 | probes=0 wrfail=0 down=0s maxout=0s
  12.945  BLASTC comp=656 exkBps=0 cgap_us[min/avg/max]=1332/1525/9430
  12.945  BLAST phy=2/2 att=656 ok=656 enomem=0 err=0 call_us[min/avg/max]=1260/1514/9421 okgap_max_us=9432
  13.000  t=11s RTT mean=0 min=0 max=0 n=0 to=0 | cancels=0(+0/s) seqbad=0 len_bad=0 disc=0(0x00) | tot_n=0 tot_to=0 maxever=0 >2ms=0 >5ms=0 >15ms=0 >20ms=0 >30ms=0 | probes=0 wrfail=0 down=0s maxout=0s
  14.902  BLASTC comp=664 exkBps=0 cgap_us[min/avg/max]=1329/1506/3319
  14.957  BLAST phy=2/2 att=664 ok=664 enomem=0 err=0 call_us[min/avg/max]=1316/1495/3310 okgap_max_us=3321
  14.957  t=12s RTT mean=0 min=0 max=0 n=0 to=0 | cancels=0(+0/s) seqbad=0 len_bad=0 disc=0(0x00) | tot_n=0 tot_to=0 maxever=0 >2ms=0 >5ms=0 >15ms=0 >20ms=0 >30ms=0 | probes=0 wrfail=0 down=0s maxout=0s
  14.957  BLASTC comp=649 exkBps=0 cgap_us[min/avg/max]=1331/1539/9430
  14.957  BLAST phy=2/2 att=649 ok=649 enomem=0 err=0 call_us[min/avg/max]=1318/1528/9421 okgap_max_us=9432
  15.012  t=13s RTT mean=0 min=0 max=0 n=0 to=0 | cancels=0(+0/s) seqbad=0 len_bad=0 disc=0(0x00) | tot_n=0 tot_to=0 maxever=0 >2ms=0 >5ms=0 >15ms=0 >20ms=0 >30ms=0 | probes=0 wrfail=0 down=0s maxout=0s
  16.910  BLASTC comp=659 exkBps=0 cgap_us[min/avg/max]=1322/1518/6110
  16.910  BLAST phy=2/2 att=659 ok=659 enomem=0 err=0 call_us[min/avg/max]=1249/1507/6100 okgap_max_us=6112
  16.962  t=14s RTT mean=0 min=0 max=0 n=0 to=0 | cancels=0(+0/s) seqbad=0 len_bad=0 disc=0(0x00) | tot_n=0 tot_to=0 maxever=0 >2ms=0 >5ms=0 >15ms=0 >20ms=0 >30ms=0 | probes=0 wrfail=0 down=0s maxout=0s
  16.962  BLASTC comp=663 exkBps=0 cgap_us[min/avg/max]=1329/1508/3319
  16.962  BLAST phy=2/2 att=663 ok=663 enomem=0 err=0 call_us[min/avg/max]=1313/1497/3309 okgap_max_us=3321
  16.962  t=15s RTT mean=0 min=0 max=0 n=0 to=0 | cancels=0(+0/s) seqbad=0 len_bad=0 disc=0(0x00) | tot_n=0 tot_to=0 maxever=0 >2ms=0 >5ms=0 >15ms=0 >20ms=0 >30ms=0 | probes=0 wrfail=0 down=0s maxout=0s
  18.925  BLASTC comp=662 exkBps=0 cgap_us[min/avg/max]=1331/1509/3319
  18.925  BLAST phy=2/2 att=662 ok=662 enomem=0 err=0 call_us[min/avg/max]=1317/1497/3310 okgap_max_us=3321
  18.925  t=16s RTT mean=0 min=0 max=0 n=0 to=0 | cancels=0(+0/s) seqbad=0 len_bad=0 disc=0(0x00) | tot_n=0 tot_to=0 maxever=0 >2ms=0 >5ms=0 >15ms=0 >20ms=0 >30ms=0 | probes=0 wrfail=0 down=0s maxout=0s
  18.976  BLASTC comp=604 exkBps=0 cgap_us[min/avg/max]=1332/1656/16930
  18.976  BLAST phy=2/2 att=604 ok=604 enomem=0 err=0 call_us[min/avg/max]=1259/1645/16921 okgap_max_us=16933
  18.976  t=17s RTT mean=0 min=0 max=0 n=0 to=0 | cancels=0(+0/s) seqbad=0 len_bad=0 disc=0(0x00) | tot_n=0 tot_to=0 maxever=0 >2ms=0 >5ms=0 >15ms=0 >20ms=0 >30ms=0 | probes=0 wrfail=0 down=0s maxout=0s
  20.923  BLASTC comp=649 exkBps=0 cgap_us[min/avg/max]=1330/1541/9431
  20.923  BLAST phy=2/2 att=649 ok=649 enomem=0 err=0 call_us[min/avg/max]=1316/1530/9422 okgap_max_us=9433
  20.978  t=18s RTT mean=0 min=0 max=0 n=0 to=0 | cancels=0(+0/s) seqbad=0 len_bad=0 disc=0(0x00) | tot_n=0 tot_to=0 maxever=0 >2ms=0 >5ms=0 >15ms=0 >20ms=0 >30ms=0 | probes=0 wrfail=0 down=0s maxout=0s
  20.978  BLASTC comp=663 exkBps=0 cgap_us[min/avg/max]=1327/1506/3319
  20.978  BLAST phy=2/2 att=663 ok=663 enomem=0 err=0 call_us[min/avg/max]=1314/1495/3310 okgap_max_us=3321
  20.978  t=19s RTT mean=0 min=0 max=0 n=0 to=0 | cancels=0(+0/s) seqbad=0 len_bad=0 disc=0(0x00) | tot_n=0 tot_to=0 maxever=0 >2ms=0 >5ms=0 >15ms=0 >20ms=0 >30ms=0 | probes=0 wrfail=0 down=0s maxout=0s
  22.928  BLASTC comp=661 exkBps=0 cgap_us[min/avg/max]=1322/1514/3323
  22.928  BLAST phy=2/2 att=661 ok=661 enomem=0 err=0 call_us[min/avg/max]=1249/1502/3409 okgap_max_us=3420
  22.928  t=20s RTT mean=0 min=0 max=0 n=0 to=0 | cancels=0(+0/s) seqbad=0 len_bad=0 disc=0(0x00) | tot_n=0 tot_to=0 maxever=0 >2ms=0 >5ms=0 >15ms=0 >20ms=0 >30ms=0 | probes=0 wrfail=0 down=0s maxout=0s
  22.983  BLASTC comp=660 exkBps=0 cgap_us[min/avg/max]=1320/1515/6109
  22.984  BLAST phy=2/2 att=660 ok=660 enomem=0 err=0 call_us[min/avg/max]=1211/1504/6100 okgap_max_us=6111
  22.984  t=21s RTT mean=0 min=0 max=0 n=0 to=0 | cancels=0(+0/s) seqbad=0 len_bad=0 disc=0(0x00) | tot_n=0 tot_to=0 maxever=0 >2ms=0 >5ms=0 >15ms=0 >20ms=0 >30ms=0 | probes=0 wrfail=0 down=0s maxout=0s
  24.934  BLASTC comp=663 exkBps=0 cgap_us[min/avg/max]=1330/1506/3321
  24.934  BLAST phy=2/2 att=663 ok=663 enomem=0 err=0 call_us[min/avg/max]=1313/1495/3312 okgap_max_us=3323
  24.934  t=22s RTT mean=0 min=0 max=0 n=0 to=0 | cancels=0(+0/s) seqbad=0 len_bad=0 disc=0(0x00) | tot_n=0 tot_to=0 maxever=0 >2ms=0 >5ms=0 >15ms=0 >20ms=0 >30ms=0 | probes=0 wrfail=0 down=0s maxout=0s
  24.934  BLASTC comp=664 exkBps=0 cgap_us[min/avg/max]=1332/1507/3319
  24.990  BLAST phy=2/2 att=664 ok=664 enomem=0 err=0 call_us[min/avg/max]=1259/1496/3310 okgap_max_us=3321
  24.990  t=23s RTT mean=0 min=0 max=0 n=0 to=0 | cancels=0(+0/s) seqbad=0 len_bad=0 disc=0(0x00) | tot_n=0 tot_to=0 maxever=0 >2ms=0 >5ms=0 >15ms=0 >20ms=0 >30ms=0 | probes=0 wrfail=0 down=0s maxout=0s
  26.928  BLASTC comp=660 exkBps=0 cgap_us[min/avg/max]=1328/1515/7501
  26.928  BLAST phy=2/2 att=660 ok=660 enomem=0 err=0 call_us[min/avg/max]=1315/1504/7489 okgap_max_us=7500
  26.928  t=24s RTT mean=0 min=0 max=0 n=0 to=0 | cancels=0(+0/s) seqbad=0 len_bad=0 disc=0(0x00) | tot_n=0 tot_to=0 maxever=0 >2ms=0 >5ms=0 >15ms=0 >20ms=0 >30ms=0 | probes=0 wrfail=0 down=0s maxout=0s
  26.983  BLASTC comp=657 exkBps=0 cgap_us[min/avg/max]=1328/1520/6110
  26.984  BLAST phy=2/2 att=657 ok=657 enomem=0 err=0 call_us[min/avg/max]=1273/1509/6100 okgap_max_us=6112
  26.984  t=25s RTT mean=0 min=0 max=0 n=0 to=0 | cancels=0(+0/s) seqbad=0 len_bad=0 disc=0(0x00) | tot_n=0 tot_to=0 maxever=0 >2ms=0 >5ms=0 >15ms=0 >20ms=0 >30ms=0 | probes=0 wrfail=0 down=0s maxout=0s
  28.935  BLASTC comp=661 exkBps=0 cgap_us[min/avg/max]=1322/1514/3319
  28.935  BLAST phy=2/2 att=661 ok=661 enomem=0 err=0 call_us[min/avg/max]=1249/1502/3310 okgap_max_us=3321
  28.935  t=26s RTT mean=0 min=0 max=0 n=0 to=0 | cancels=0(+0/s) seqbad=0 len_bad=0 disc=0(0x00) | tot_n=0 tot_to=0 maxever=0 >2ms=0 >5ms=0 >15ms=0 >20ms=0 >30ms=0 | probes=0 wrfail=0 down=0s maxout=0s
  28.935  BLASTC comp=661 exkBps=0 cgap_us[min/avg/max]=1332/1513/3319
  28.990  BLAST phy=2/2 att=661 ok=661 enomem=0 err=0 call_us[min/avg/max]=1312/1502/3309 okgap_max_us=3321
  28.991  t=27s RTT mean=0 min=0 max=0 n=0 to=0 | cancels=0(+0/s) seqbad=0 len_bad=0 disc=0(0x00) | tot_n=0 tot_to=0 maxever=0 >2ms=0 >5ms=0 >15ms=0 >20ms=0 >30ms=0 | probes=0 wrfail=0 down=0s maxout=0s
