   0.269  CENRX cum_total=1268312 B
   1.294  CENRX cum_total=1363228 B
   2.316  CENRX cum_total=1392996 B
   3.281  CENRX cum_total=1392996 B
   4.310  CENRX cum_total=1392996 B
   5.293  RPT occ: events=0 mean_pkts/ev=0.00 max=0 nonempty_ev=0 fsu=52 | sender: sent=2774(+1230 SDU) eagain=0(+0) poolfail=0(+0)
   5.293  CENRX cum_total=1392996 B
   5.622  L2CAP disconnected
   5.622  GAP disconnected 0x08
   5.622  scan start rc=0
   5.622  found D6:C7:60:B1:D3:0E (random) (rssi -34), connecting
   5.677  Q2CONN AA=b03ef6e1 CRCINIT=e29c0f hop=12 chan_count=37 map=ffffffff1f
   5.678  GAP connected
   5.678  phy req rc=0
   5.733  DLE: tx_max=27 rx_max=251
   5.733  PHY: tx=2 rx=2 (2=2M)
   5.733  dle req rc=0
   5.788  DLE: tx_max=251 rx_max=251
   5.788  l2cap_chan_connect rc=0
   5.788  L2CAP connected: tx.mtu=512 tx.mps=247 tx.credits=0 rx.mtu=512 rx.mps=247
   5.788  GATE conn: interval=6 (units 1.25ms) => 7.50 ms
   5.788  Q3FSU-REQ role=C auto min=52 max=150 phys=0x2 rc=0
   5.841  Q3FSU-DONE role=C status=0x00 spacing=52 types=0x3 phys=0x2 initiator=0
   6.115  blasting 480-byte SDUs...
   6.324  CENRX cum_total=1464000 B
   7.302  CENRX cum_total=1559160 B
   8.328  CENRX cum_total=1653344 B
   9.300  CENRX cum_total=1748260 B
  10.332  CENRX cum_total=1843664 B
  11.298  CENRX cum_total=1939068 B
  12.332  CENRX cum_total=2033984 B
  13.311  CENRX cum_total=2129388 B
  14.350  CENRX cum_total=2225036 B
  15.314  RPT occ: events=0 mean_pkts/ev=0.00 max=0 nonempty_ev=0 fsu=52 | sender: sent=4584(+1810 SDU) eagain=0(+0) poolfail=0(+0)
  15.314  CENRX cum_total=2318976 B
  16.341  CENRX cum_total=2413892 B
  17.315  CENRX cum_total=2509296 B
  18.336  CENRX cum_total=2603480 B
  19.319  CENRX cum_total=2698152 B
  20.342  CENRX cum_total=2793068 B
  21.366  CENRX cum_total=2887984 B
  22.345  CENRX cum_total=2983388 B
  23.369  CENRX cum_total=3078304 B
  24.351  CENRX cum_total=3172976 B
  25.323  RPT occ: events=0 mean_pkts/ev=0.00 max=0 nonempty_ev=0 fsu=52 | sender: sent=6532(+1948 SDU) eagain=0(+0) poolfail=0(+0)
  25.379  CENRX cum_total=3267160 B
  26.353  CENRX cum_total=3361832 B
  27.375  CENRX cum_total=3456748 B
  28.357  CENRX cum_total=3551420 B
  29.388  CENRX cum_total=3647068 B
  30.367  CENRX cum_total=3742472 B
  31.348  CENRX cum_total=3838120 B
  32.376  CENRX cum_total=3933524 B
  33.395  CENRX cum_total=4028928 B
  34.360  CENRX cum_total=4124576 B
  35.323  RPT occ: events=0 mean_pkts/ev=0.00 max=0 nonempty_ev=0 fsu=52 | sender: sent=8479(+1947 SDU) eagain=0(+0) poolfail=0(+0)
  35.378  CENRX cum_total=4219980 B
  36.353  CENRX cum_total=4314896 B
  37.383  CENRX cum_total=4410300 B
  38.360  CENRX cum_total=4505948 B
  39.389  CENRX cum_total=4601352 B
