   0.230  CENRX cum_total=4657472 B
   1.211  CENRX cum_total=4753120 B
   2.253  CENRX cum_total=4787768 B
   3.230  CENRX cum_total=4787768 B
   4.220  CENRX cum_total=4787768 B
   5.159  RPT occ: events=0 mean_pkts/ev=0.00 max=0 nonempty_ev=0 fsu=52 | sender: sent=9668(+1251 SDU) eagain=0(+0) poolfail=0(+0)
   5.220  CENRX cum_total=4787768 B
   5.571  L2CAP disconnected
   5.571  GAP disconnected 0x08
   5.571  scan start rc=0
   5.632  found D6:C7:60:B1:D3:0E (random) (rssi -34), connecting
   5.632  Q2CONN AA=48688550 CRCINIT=7f9455 hop=9 chan_count=37 map=ffffffff1f
   5.632  GAP connected
   5.632  phy req rc=0
   5.752  DLE: tx_max=27 rx_max=251
   5.753  PHY: tx=2 rx=2 (2=2M)
   5.811  dle req rc=0
   5.869  DLE: tx_max=251 rx_max=251
   5.870  l2cap_chan_connect rc=0
   5.870  L2CAP connected: tx.mtu=512 tx.mps=247 tx.credits=0 rx.mtu=512 rx.mps=247
   5.870  GATE conn: interval=12 (units 1.25ms) => 15.00 ms
   5.870  Q3FSU-REQ role=C auto min=52 max=150 phys=0x2 rc=0
   5.976  Q3FSU-DONE role=C status=0x00 spacing=52 types=0x3 phys=0x2 initiator=0
   6.213  blasting 480-byte SDUs...
   6.213  CENRX cum_total=4849744 B
   7.245  CENRX cum_total=4942220 B
   8.245  CENRX cum_total=5037868 B
   9.223  CENRX cum_total=5133516 B
  10.272  CENRX cum_total=5226236 B
  11.251  CENRX cum_total=5320420 B
  12.272  CENRX cum_total=5415824 B
  13.281  CENRX cum_total=5511472 B
  14.282  CENRX cum_total=5605168 B
  15.157  RPT occ: events=0 mean_pkts/ev=0.00 max=0 nonempty_ev=0 fsu=52 | sender: sent=11437(+1769 SDU) eagain=0(+0) poolfail=0(+0)
  15.267  CENRX cum_total=5701060 B
  16.242  CENRX cum_total=5796220 B
  17.242  CENRX cum_total=5890648 B
  18.280  CENRX cum_total=5986052 B
  19.278  CENRX cum_total=6080236 B
  20.301  CENRX cum_total=6175396 B
  21.287  CENRX cum_total=6271288 B
  22.268  CENRX cum_total=6366692 B
  23.255  CENRX cum_total=6460876 B
  24.311  CENRX cum_total=6556280 B
  25.185  RPT occ: events=0 mean_pkts/ev=0.00 max=0 nonempty_ev=0 fsu=52 | sender: sent=13385(+1948 SDU) eagain=0(+0) poolfail=0(+0)
  25.305  CENRX cum_total=6651928 B
  26.287  CENRX cum_total=6747088 B
  27.266  CENRX cum_total=6841272 B
  28.268  CENRX cum_total=6936920 B
  29.297  CENRX cum_total=7031348 B
  30.272  CENRX cum_total=7125044 B
  31.319  CENRX cum_total=7220692 B
  32.298  CENRX cum_total=7314388 B
  33.323  CENRX cum_total=7410280 B
  34.287  CENRX cum_total=7505684 B
  35.201  RPT occ: events=0 mean_pkts/ev=0.00 max=0 nonempty_ev=0 fsu=52 | sender: sent=15332(+1947 SDU) eagain=0(+0) poolfail=0(+0)
  35.317  CENRX cum_total=7599868 B
  36.303  CENRX cum_total=7692588 B
  37.289  CENRX cum_total=7787992 B
  38.316  CENRX cum_total=7883396 B
  39.351  CENRX cum_total=7979044 B
