   0.273  CENRX cum_total=4696024 B
   1.292  CENRX cum_total=4791672 B
   2.267  CENRX cum_total=4825100 B
   3.289  CENRX cum_total=4825100 B
   4.257  CENRX cum_total=4825100 B
   5.221  RPT occ: events=0 mean_pkts/ev=0.00 max=0 nonempty_ev=0 fsu=52 | sender: sent=9730(+1251 SDU) eagain=0(+0) poolfail=0(+0)
   5.277  CENRX cum_total=4825100 B
   5.601  L2CAP disconnected
   5.601  GAP disconnected 0x08
   5.601  scan start rc=0
   5.601  found D6:C7:60:B1:D3:0E (random) (rssi -34), connecting
   5.656  Q2CONN AA=a8a4cfc9 CRCINIT=64253b hop=7 chan_count=37 map=ffffffff1f
   5.656  GAP connected
   5.656  phy req rc=0
   5.711  DLE: tx_max=27 rx_max=251
   5.711  PHY: tx=2 rx=2 (2=2M)
   5.711  dle req rc=0
   5.762  DLE: tx_max=251 rx_max=251
   5.762  l2cap_chan_connect rc=0
   5.762  L2CAP connected: tx.mtu=512 tx.mps=247 tx.credits=0 rx.mtu=512 rx.mps=247
   5.762  GATE conn: interval=6 (units 1.25ms) => 7.50 ms
   5.762  Q3FSU-REQ role=C auto min=52 max=150 phys=0x2 rc=0
   5.873  Q3FSU-DONE role=C status=0x00 spacing=52 types=0x3 phys=0x2 initiator=0
   6.088  blasting 480-byte SDUs...
   6.252  CENRX cum_total=4896592 B
   7.267  CENRX cum_total=4991996 B
   8.294  CENRX cum_total=5086912 B
   9.267  CENRX cum_total=5182316 B
  10.292  CENRX cum_total=5277232 B
  11.311  CENRX cum_total=5371904 B
  12.290  CENRX cum_total=5467552 B
  13.275  CENRX cum_total=5562956 B
  14.297  CENRX cum_total=5657384 B
  15.222  RPT occ: events=0 mean_pkts/ev=0.00 max=0 nonempty_ev=0 fsu=52 | sender: sent=11540(+1810 SDU) eagain=0(+0) poolfail=0(+0)
  15.277  CENRX cum_total=5751568 B
  16.306  CENRX cum_total=5847216 B
  17.291  CENRX cum_total=5941400 B
  18.318  CENRX cum_total=6037048 B
  19.287  CENRX cum_total=6132452 B
  20.326  CENRX cum_total=6227368 B
  21.297  CENRX cum_total=6321308 B
  22.325  CENRX cum_total=6416956 B
  23.349  CENRX cum_total=6511140 B
  24.329  CENRX cum_total=6605568 B
  25.242  RPT occ: events=0 mean_pkts/ev=0.00 max=0 nonempty_ev=0 fsu=52 | sender: sent=13467(+1927 SDU) eagain=0(+0) poolfail=0(+0)
  25.346  CENRX cum_total=6700972 B
  26.327  CENRX cum_total=6796132 B
  27.363  CENRX cum_total=6891536 B
  28.341  CENRX cum_total=6986452 B
  29.358  CENRX cum_total=7081856 B
  30.331  CENRX cum_total=7176040 B
  31.369  CENRX cum_total=7270956 B
  32.343  CENRX cum_total=7364896 B
  33.373  CENRX cum_total=7459812 B
  34.347  CENRX cum_total=7554484 B
  35.213  RPT occ: events=0 mean_pkts/ev=0.00 max=0 nonempty_ev=0 fsu=52 | sender: sent=15415(+1948 SDU) eagain=0(+0) poolfail=0(+0)
  35.373  CENRX cum_total=7649400 B
  36.343  CENRX cum_total=7744804 B
  37.380  CENRX cum_total=7840452 B
  38.353  CENRX cum_total=7935856 B
  39.384  CENRX cum_total=8031260 B
