   0.175  CENRX cum_total=4692120 B
   1.164  CENRX cum_total=4786792 B
   2.175  CENRX cum_total=4828272 B
   3.205  CENRX cum_total=4828272 B
   4.195  CENRX cum_total=4828272 B
   5.085  RPT occ: events=0 mean_pkts/ev=0.00 max=0 nonempty_ev=0 fsu=52 | sender: sent=9750(+1271 SDU) eagain=0(+0) poolfail=0(+0)
   5.205  CENRX cum_total=4828272 B
   5.605  L2CAP disconnected
   5.605  GAP disconnected 0x08
   5.605  scan start rc=0
   5.662  found D6:C7:60:B1:D3:0E (random) (rssi -34), connecting
   5.662  Q2CONN AA=cc93e3b3 CRCINIT=bc7bd4 hop=7 chan_count=37 map=ffffffff1f
   5.662  GAP connected
   5.662  phy req rc=0
   5.720  DLE: tx_max=27 rx_max=251
   5.720  PHY: tx=2 rx=2 (2=2M)
   5.720  dle req rc=0
   5.781  DLE: tx_max=251 rx_max=251
   5.781  l2cap_chan_connect rc=0
   5.781  L2CAP connected: tx.mtu=512 tx.mps=247 tx.credits=0 rx.mtu=512 rx.mps=247
   5.781  GATE conn: interval=6 (units 1.25ms) => 7.50 ms
   5.781  Q3FSU-REQ role=C auto min=52 max=150 phys=0x2 rc=0
   5.841  Q3FSU-DONE role=C status=0x00 spacing=52 types=0x3 phys=0x2 initiator=0
   6.128  blasting 480-byte SDUs...
   6.187  CENRX cum_total=4890736 B
   7.173  CENRX cum_total=4983944 B
   8.208  CENRX cum_total=5078616 B
   9.183  CENRX cum_total=5173776 B
  10.195  CENRX cum_total=5269668 B
  11.195  CENRX cum_total=5364340 B
  12.221  CENRX cum_total=5459744 B
  13.192  CENRX cum_total=5555392 B
  14.222  CENRX cum_total=5651040 B
  15.141  RPT occ: events=0 mean_pkts/ev=0.00 max=0 nonempty_ev=0 fsu=52 | sender: sent=11540(+1790 SDU) eagain=0(+0) poolfail=0(+0)
  15.202  CENRX cum_total=5745712 B
  16.245  CENRX cum_total=5840628 B
  17.223  CENRX cum_total=5935788 B
  18.208  CENRX cum_total=6030948 B
  19.242  CENRX cum_total=6125620 B
  20.235  CENRX cum_total=6221268 B
  21.220  CENRX cum_total=6316672 B
  22.217  CENRX cum_total=6412320 B
  23.258  CENRX cum_total=6506992 B
  24.228  CENRX cum_total=6602640 B
  25.152  RPT occ: events=0 mean_pkts/ev=0.00 max=0 nonempty_ev=0 fsu=52 | sender: sent=13487(+1947 SDU) eagain=0(+0) poolfail=0(+0)
  25.271  CENRX cum_total=6697800 B
  26.247  CENRX cum_total=6793692 B
  27.277  CENRX cum_total=6888364 B
  28.264  CENRX cum_total=6983524 B
  29.242  CENRX cum_total=7078684 B
  30.239  CENRX cum_total=7174332 B
  31.258  CENRX cum_total=7269004 B
  32.255  CENRX cum_total=7363920 B
  33.291  CENRX cum_total=7459324 B
  34.246  CENRX cum_total=7554972 B
  35.168  RPT occ: events=0 mean_pkts/ev=0.00 max=0 nonempty_ev=0 fsu=52 | sender: sent=15435(+1948 SDU) eagain=0(+0) poolfail=0(+0)
  35.279  CENRX cum_total=7649888 B
  36.263  CENRX cum_total=7745292 B
  37.309  CENRX cum_total=7840208 B
  38.298  CENRX cum_total=7935612 B
  39.290  CENRX cum_total=8029796 B
