   0.055  SINK rx: 92 KB/s (94315 B / 1000 ms) fsu=52 | cum_total=1174086 B cum_segs=4893 | UP sent=18706 eagain=0 lasterr=-128 txcred=0 host_pulls=0
   1.037  SINK rx: 90 KB/s (92885 B / 1000 ms) fsu=52 | cum_total=1266971 B cum_segs=5280 | UP sent=19116 eagain=0 lasterr=-128 txcred=0 host_pulls=0
   1.685  *** Booting Zephyr OS build v4.4.2-16-gfee9fbc62095 ***
   1.685  
   1.685  === nRF52 L2CAP CoC SINK (Zephyr 4.4.1, seg_recv) ===
   1.685  L2CAP server on PSM 0x0080
   1.685  Advertising as 'zenoh-nrf-l2cap'
   5.695  GAP connected: interval=6
   5.695  DLE updated: tx_max=251 rx_max=27
   5.748  PHY updated: tx=2 rx=2
   5.799  DLE updated: tx_max=251 rx_max=251
   5.799  CoC up — seg_recv sink ready (RX_CREDITS=64, MPS=247)
   6.728  SINK rx: 59 KB/s (60731 B / 1000 ms) fsu=0 | cum_total=60731 B cum_segs=254 | UP sent=497 eagain=0 lasterr=0 txcred=0 host_pulls=0
   7.746  SINK rx: 90 KB/s (92160 B / 1000 ms) fsu=0 | cum_total=152891 B cum_segs=638 | UP sent=866 eagain=0 lasterr=0 txcred=0 host_pulls=0
   8.768  SINK rx: 92 KB/s (94315 B / 1000 ms) fsu=0 | cum_total=247206 B cum_segs=1031 | UP sent=1276 eagain=0 lasterr=0 txcred=0 host_pulls=0
   9.804  SINK rx: 91 KB/s (94080 B / 1000 ms) fsu=0 | cum_total=341286 B cum_segs=1423 | UP sent=1686 eagain=0 lasterr=0 txcred=0 host_pulls=0
  10.784  SINK rx: 92 KB/s (95040 B / 1000 ms) fsu=0 | cum_total=436326 B cum_segs=1819 | UP sent=2055 eagain=0 lasterr=0 txcred=0 host_pulls=0
  11.820  SINK rx: 92 KB/s (94805 B / 1000 ms) fsu=0 | cum_total=531131 B cum_segs=2214 | UP sent=2465 eagain=0 lasterr=0 txcred=0 host_pulls=0
  12.845  SINK rx: 92 KB/s (94795 B / 1000 ms) fsu=0 | cum_total=625926 B cum_segs=2609 | UP sent=2875 eagain=0 lasterr=0 txcred=0 host_pulls=0
  13.809  SINK rx: 91 KB/s (93600 B / 1000 ms) fsu=0 | cum_total=719526 B cum_segs=2999 | UP sent=3244 eagain=0 lasterr=0 txcred=0 host_pulls=0
  14.844  SINK rx: 92 KB/s (94805 B / 1000 ms) fsu=0 | cum_total=814331 B cum_segs=3394 | UP sent=3654 eagain=0 lasterr=0 txcred=0 host_pulls=0
  15.833  SINK rx: 92 KB/s (95040 B / 1000 ms) fsu=0 | cum_total=909371 B cum_segs=3790 | UP sent=4023 eagain=0 lasterr=0 txcred=0 host_pulls=0
  16.852  SINK rx: 92 KB/s (94795 B / 1000 ms) fsu=0 | cum_total=1004166 B cum_segs=4185 | UP sent=4433 eagain=0 lasterr=0 txcred=0 host_pulls=0
  17.874  SINK rx: 92 KB/s (94805 B / 1000 ms) fsu=0 | cum_total=1098971 B cum_segs=4580 | UP sent=4843 eagain=0 lasterr=0 txcred=0 host_pulls=0
  18.898  SINK rx: 92 KB/s (95040 B / 1000 ms) fsu=0 | cum_total=1194011 B cum_segs=4976 | UP sent=5212 eagain=0 lasterr=0 txcred=0 host_pulls=0
  19.931  SINK rx: 91 KB/s (94080 B / 1000 ms) fsu=0 | cum_total=1288091 B cum_segs=5368 | UP sent=5622 eagain=0 lasterr=0 txcred=0 host_pulls=0
  20.904  SINK rx: 91 KB/s (93600 B / 1000 ms) fsu=0 | cum_total=1381691 B cum_segs=5758 | UP sent=5991 eagain=0 lasterr=0 txcred=0 host_pulls=0
  21.951  SINK rx: 92 KB/s (94315 B / 1000 ms) fsu=0 | cum_total=1476006 B cum_segs=6151 | UP sent=6401 eagain=0 lasterr=0 txcred=0 host_pulls=0
  22.980  SINK rx: 92 KB/s (94805 B / 1000 ms) fsu=0 | cum_total=1570811 B cum_segs=6546 | UP sent=6811 eagain=0 lasterr=0 txcred=0 host_pulls=0
  23.972  SINK rx: 91 KB/s (93355 B / 1000 ms) fsu=0 | cum_total=1664166 B cum_segs=6935 | UP sent=7180 eagain=0 lasterr=0 txcred=0 host_pulls=0
  24.996  SINK rx: 91 KB/s (93600 B / 1000 ms) fsu=0 | cum_total=1757766 B cum_segs=7325 | UP sent=7590 eagain=0 lasterr=0 txcred=0 host_pulls=0
  25.962  SINK rx: 92 KB/s (94805 B / 1000 ms) fsu=0 | cum_total=1852571 B cum_segs=7720 | UP sent=7959 eagain=0 lasterr=0 txcred=0 host_pulls=0
  27.005  SINK rx: 93 KB/s (95275 B / 1000 ms) fsu=0 | cum_total=1947846 B cum_segs=8117 | UP sent=8369 eagain=0 lasterr=0 txcred=0 host_pulls=0
  28.039  SINK rx: 91 KB/s (93600 B / 1000 ms) fsu=0 | cum_total=2041446 B cum_segs=8507 | UP sent=8738 eagain=0 lasterr=0 txcred=0 host_pulls=0
  29.020  SINK rx: 91 KB/s (93600 B / 1000 ms) fsu=0 | cum_total=2135046 B cum_segs=8897 | UP sent=9148 eagain=0 lasterr=0 txcred=0 host_pulls=0
  30.067  SINK rx: 90 KB/s (92885 B / 1000 ms) fsu=0 | cum_total=2227931 B cum_segs=9284 | UP sent=9517 eagain=0 lasterr=0 txcred=0 host_pulls=0
  31.062  SINK rx: 91 KB/s (94080 B / 1000 ms) fsu=0 | cum_total=2322011 B cum_segs=9676 | UP sent=9927 eagain=0 lasterr=0 txcred=0 host_pulls=0
  32.062  SINK rx: 92 KB/s (94315 B / 1000 ms) fsu=0 | cum_total=2416326 B cum_segs=10069 | UP sent=10296 eagain=0 lasterr=0 txcred=0 host_pulls=0
  33.092  SINK rx: 92 KB/s (94325 B / 1000 ms) fsu=0 | cum_total=2510651 B cum_segs=10462 | UP sent=10706 eagain=0 lasterr=0 txcred=0 host_pulls=0
  34.110  SINK rx: 92 KB/s (94795 B / 1000 ms) fsu=0 | cum_total=2605446 B cum_segs=10857 | UP sent=11116 eagain=0 lasterr=0 txcred=0 host_pulls=0
  35.133  SINK rx: 92 KB/s (94325 B / 1000 ms) fsu=0 | cum_total=2699771 B cum_segs=11250 | UP sent=11485 eagain=0 lasterr=0 txcred=0 host_pulls=0
  36.126  SINK rx: 92 KB/s (94795 B / 1000 ms) fsu=0 | cum_total=2794566 B cum_segs=11645 | UP sent=11895 eagain=0 lasterr=0 txcred=0 host_pulls=0
  37.146  SINK rx: 92 KB/s (94560 B / 1000 ms) fsu=0 | cum_total=2889126 B cum_segs=12039 | UP sent=12305 eagain=0 lasterr=0 txcred=0 host_pulls=0
  38.148  SINK rx: 92 KB/s (94805 B / 1000 ms) fsu=0 | cum_total=2983931 B cum_segs=12434 | UP sent=12674 eagain=0 lasterr=0 txcred=0 host_pulls=0
  39.164  SINK rx: 91 KB/s (93835 B / 1000 ms) fsu=0 | cum_total=3077766 B cum_segs=12825 | UP sent=13084 eagain=0 lasterr=0 txcred=0 host_pulls=0
