   0.274  CENRX cum_total=4846572 B
   1.252  CENRX cum_total=4944172 B
   2.281  CENRX cum_total=4981016 B
   3.253  CENRX cum_total=4981016 B
   3.631  L2CAP disconnected
   5.629  GAP disconnected 0x08
   5.629  scan start rc=0
   5.683  found D6:C7:60:B1:D3:0E (random) (rssi -32), connecting
   5.683  Q2CONN AA=1521f2f5 CRCINIT=73ae98 hop=6 chan_count=37 map=ffffffff1f
   5.684  GAP connected
   5.684  phy req rc=0
   5.792  DLE: tx_max=27 rx_max=251
   5.900  PHY: tx=2 rx=2 (2=2M)
   5.900  dle req rc=0
   6.009  DLE: tx_max=251 rx_max=251
   6.009  l2cap_chan_connect rc=0
   6.064  L2CAP connected: tx.mtu=512 tx.mps=247 tx.credits=0 rx.mtu=512 rx.mps=247
   6.064  GATE conn: interval=20 (units 1.25ms) => 25.00 ms
   6.064  Q3FSU-REQ role=C auto min=52 max=150 phys=0x2 rc=0
   6.120  Q3FSU-DONE role=C status=0x00 spacing=52 types=0x3 phys=0x2 initiator=0
   6.281  CENRX cum_total=5020788 B
   6.389  blasting 480-byte SDUs...
   7.255  CENRX cum_total=5124732 B
   8.290  CENRX cum_total=5219892 B
   9.272  CENRX cum_total=5317004 B
  10.298  CENRX cum_total=5417288 B
  11.272  CENRX cum_total=5517816 B
  12.304  CENRX cum_total=5613464 B
  13.276  CENRX cum_total=5713748 B
  14.304  CENRX cum_total=5811348 B
  15.222  RPT occ: events=0 mean_pkts/ev=0.00 max=0 nonempty_ev=0 fsu=52 | sender: sent=11847(+3101 SDU) eagain=0(+0) poolfail=0(+0)
  15.277  CENRX cum_total=5908948 B
  16.309  CENRX cum_total=6004596 B
  17.288  CENRX cum_total=6102440 B
  18.310  CENRX cum_total=6199796 B
  19.294  CENRX cum_total=6300080 B
  20.319  CENRX cum_total=6397680 B
  21.291  CENRX cum_total=6498208 B
  22.316  CENRX cum_total=6596540 B
  23.297  CENRX cum_total=6694140 B
  24.326  CENRX cum_total=6794424 B
  25.195  RPT occ: events=0 mean_pkts/ev=0.00 max=0 nonempty_ev=0 fsu=52 | sender: sent=13856(+2009 SDU) eagain=0(+0) poolfail=0(+0)
  25.305  CENRX cum_total=6892024 B
  26.344  CENRX cum_total=6992308 B
  27.327  CENRX cum_total=7092836 B
  28.339  CENRX cum_total=7190192 B
  29.315  CENRX cum_total=7290476 B
  30.350  CENRX cum_total=7390760 B
  31.326  CENRX cum_total=7491288 B
  32.355  CENRX cum_total=7588888 B
  33.337  CENRX cum_total=7687220 B
  34.368  CENRX cum_total=7787504 B
  35.236  RPT occ: events=0 mean_pkts/ev=0.00 max=0 nonempty_ev=0 fsu=52 | sender: sent=15865(+2009 SDU) eagain=0(+0) poolfail=0(+0)
  35.343  CENRX cum_total=7875588 B
  36.322  CENRX cum_total=7975872 B
  37.353  CENRX cum_total=8075912 B
  38.333  CENRX cum_total=8173512 B
  39.369  CENRX cum_total=8271356 B
