   2.045  *** Booting Zephyr OS build v4.4.2-16-gfee9fbc62095 ***
   2.045  [00:51:14.426,018] [0m<inf> bt_hci_core: HW Platform: Nordic Semiconductor (0x0002)[0m
   2.105  [00:51:14.426,030] [0m<inf> bt_hci_core: HW Variant: nRF54Lx (0x0005)[0m
   2.105  [00:51:14.426,042] [0m<inf> bt_hci_core: Firmware: Standard Bluetooth controller (0x00) Version 4.4 Build 2[0m
   2.105  [00:51:14.426,401] [0m<inf> bt_hci_core: HCI transport: Controller[0m
   2.105  [00:51:14.426,449] [0m<inf> bt_hci_core: Identity: FC:BE:FF:FA:E6:8B (random)[0m
   2.105  [00:51:14.426,465] [0m<inf> bt_hci_core: HCI: version 5.4 (0x0d) revision 0x0000, manufacturer 0x05f1[0m
   2.105  [00:51:14.426,480] [0m<inf> bt_hci_core: LMP: version 5.4 (0x0d) subver 0xffff[0m
   2.105  
   2.105  === nRF54L15 RTT ping-pong CENTRAL ===
   2.105  scan rc=0
  12.995  Q2CONN AA=2a6a4c52 CRCINIT=c76bf3 hop=6 chan_count=37 map=ffffffff1f
  12.995  GAP connected interval=15000
  12.995  MTU err=0 mtu=247
  14.076  PHY tx=2 BLASTC comp=394 exkBps=93 cgap_us[min/avg/max]=2380/2536/18013
  14.076  BLAST phy=2/2 att=394 ok=394 enomem=0 err=0 call_us[min/avg/max]=2315/2525/18002 okgap_max_us=18013
  14.076  t=11s RTT mean=0 min=0 max=0 n=0 to=0 | cancels=0(+0/s) seqbad=0 len_bad=3895 disc=0(0x00) | tot_n=0 tot_to=0 maxever=0 >2ms=0 >5ms=0 >15ms=0 >20ms=0 >30ms=0 | probes=0 wrfail=0 down=0s maxout=0s
  14.076  BLASTC comp=391 exkBps=93 cgap_us[min/avg/max]=2396/2558/15002
  14.136  BLAST phy=2/2 att=391 ok=391 enomem=0 err=0 call_us[min/avg/max]=2331/2546/14990 okgap_max_us=15002
  14.136  t=12s RTT mean=0 min=0 max=0 n=0 to=0 | cancels=0(+0/s) seqbad=0 len_bad=4286 disc=0(0x00) | tot_n=0 tot_to=0 maxever=0 >2ms=0 >5ms=0 >15ms=0 >20ms=0 >30ms=0 | probes=0 wrfail=0 down=0s maxout=0s
  16.042  BLASTC comp=386 exkBps=91 cgap_us[min/avg/max]=2379/2591/18012
  16.103  BLAST phy=2/2 att=386 ok=386 enomem=0 err=0 call_us[min/avg/max]=2314/2579/18001 okgap_max_us=18012
  16.103  t=13s RTT mean=0 min=0 max=0 n=0 to=0 | cancels=0(+0/s) seqbad=0 len_bad=4672 disc=0(0x00) | tot_n=0 tot_to=0 maxever=0 >2ms=0 >5ms=0 >15ms=0 >20ms=0 >30ms=0 | probes=0 wrfail=0 down=0s maxout=0s
  16.103  t=14s RTT mean=0 min=0 max=0 n=0 to=0 | cancels=0(+0/s) seqbad=0 len_bad=5063 disc=0(0x00) | tot_n=0 tot_to=0 maxever=0 >2ms=0 >5ms=0 >15ms=0 >20ms=0 >30ms=0 | probes=0 wrfail=0 down=0s maxout=0s
  16.103  BLASTC comp=392 exkBps=93 cgap_us[min/avg/max]=2393/2563/12607
  16.158  BLAST phy=2/2 att=392 ok=392 enomem=0 err=0 call_us[min/avg/max]=2331/2552/12597 okgap_max_us=12608
  18.062  BLASTC comp=393 exkBps=93 cgap_us[min/avg/max]=2394/2531/5405
  18.062  BLAST phy=2/2 att=393 ok=393 enomem=0 err=0 call_us[min/avg/max]=2329/2519/5395 okgap_max_us=12661
  18.120  t=15s RTT mean=0 min=0 max=0 n=0 to=0 | cancels=0(+0/s) seqbad=0 len_bad=5458 disc=0(0x00) | tot_n=0 tot_to=0 maxever=0 >2ms=0 >5ms=0 >15ms=0 >20ms=0 >30ms=0 | probes=0 wrfail=0 down=0s maxout=0s
  18.121  BLASTC comp=387 exkBps=92 cgap_us[min/avg/max]=2381/2584/12603
  18.121  BLAST phy=2/2 att=387 ok=387 enomem=0 err=0 call_us[min/avg/max]=2277/2573/12592 okgap_max_us=12604
  18.121  t=16s RTT mean=0 min=0 max=0 n=0 to=0 | cancels=0(+0/s) seqbad=0 len_bad=5845 disc=0(0x00) | tot_n=0 tot_to=0 maxever=0 >2ms=0 >5ms=0 >15ms=0 >20ms=0 >30ms=0 | probes=0 wrfail=0 down=0s maxout=0s
  20.078  BLASTC comp=397 exkBps=94 cgap_us[min/avg/max]=2387/2517/5405
  20.078  BLAST phy=2/2 att=397 ok=397 enomem=0 err=0 call_us[min/avg/max]=2282/2506/5394 okgap_max_us=5405
  20.078  t=17s RTT mean=0 min=0 max=0 n=0 to=0 | cancels=0(+0/s) seqbad=0 len_bad=6242 disc=0(0x00) | tot_n=0 tot_to=0 maxever=0 >2ms=0 >5ms=0 >15ms=0 >20ms=0 >30ms=0 | probes=0 wrfail=0 down=0s maxout=0s
  20.078  BLASTC comp=396 exkBps=94 cgap_us[min/avg/max]=2395/2525/5411
  20.135  BLAST phy=2/2 att=396 ok=396 enomem=0 err=0 call_us[min/avg/max]=2323/2514/5401 okgap_max_us=5412
  20.135  t=18s RTT mean=0 min=0 max=0 n=0 to=0 | cancels=0(+0/s) seqbad=0 len_bad=6638 disc=0(0x00) | tot_n=0 tot_to=0 maxever=0 >2ms=0 >5ms=0 >15ms=0 >20ms=0 >30ms=0 | probes=0 wrfail=0 down=0s maxout=0s
  22.080  BLASTC comp=395 exkBps=94 cgap_us[min/avg/max]=2372/2532/5411
  22.080  BLAST phy=2/2 att=395 ok=395 enomem=0 err=0 call_us[min/avg/max]=2301/2520/5401 okgap_max_us=5412
  22.080  t=19s RTT mean=0 min=0 max=0 n=0 to=0 | cancels=0(+0/s) seqbad=0 len_bad=7033 disc=0(0x00) | tot_n=0 tot_to=0 maxever=0 >2ms=0 >5ms=0 >15ms=0 >20ms=0 >30ms=0 | probes=0 wrfail=0 down=0s maxout=0s
  22.080  BLASTC comp=398 exkBps=94 cgap_us[min/avg/max]=2394/2511/4791
  22.131  BLAST phy=2/2 att=398 ok=398 enomem=0 err=0 call_us[min/avg/max]=2323/2500/4779 okgap_max_us=4790
  22.131  t=20s RTT mean=0 min=0 max=0 n=0 to=0 | cancels=0(+0/s) seqbad=0 len_bad=7431 disc=0(0x00) | tot_n=0 tot_to=0 maxever=0 >2ms=0 >5ms=0 >15ms=0 >20ms=0 >30ms=0 | probes=0 wrfail=0 down=0s maxout=0s
  24.092  BLASTC comp=395 exkBps=94 cgap_us[min/avg/max]=2388/2532/5406
  24.092  BLAST phy=2/2 att=395 ok=395 enomem=0 err=0 call_us[min/avg/max]=2317/2520/5394 okgap_max_us=5406
  24.092  t=21s RTT mean=0 min=0 max=0 n=0 to=0 | cancels=0(+0/s) seqbad=0 len_bad=7826 disc=0(0x00) | tot_n=0 tot_to=0 maxever=0 >2ms=0 >5ms=0 >15ms=0 >20ms=0 >30ms=0 | probes=0 wrfail=0 down=0s maxout=0s
  24.092  BLASTC comp=396 exkBps=94 cgap_us[min/avg/max]=2396/2525/7809
  24.092  BLAST phy=2/2 att=396 ok=396 enomem=0 err=0 call_us[min/avg/max]=2321/2514/7798 okgap_max_us=7809
  24.147  t=22s RTT mean=0 min=0 max=0 n=0 to=0 | cancels=0(+0/s) seqbad=0 len_bad=8222 disc=0(0x00) | tot_n=0 tot_to=0 maxever=0 >2ms=0 >5ms=0 >15ms=0 >20ms=0 >30ms=0 | probes=0 wrfail=0 down=0s maxout=0s
  26.093  BLASTC comp=397 exkBps=94 cgap_us[min/avg/max]=2374/2517/5405
  26.094  BLAST phy=2/2 att=397 ok=397 enomem=0 err=0 call_us[min/avg/max]=2303/2506/5394 okgap_max_us=5405
  26.094  t=23s RTT mean=0 min=0 max=0 n=0 to=0 | cancels=0(+0/s) seqbad=0 len_bad=8619 disc=0(0x00) | tot_n=0 tot_to=0 maxever=0 >2ms=0 >5ms=0 >15ms=0 >20ms=0 >30ms=0 | probes=0 wrfail=0 down=0s maxout=0s
  26.094  BLASTC comp=400 exkBps=95 cgap_us[min/avg/max]=2395/2500/3017
  26.094  BLAST phy=2/2 att=400 ok=400 enomem=0 err=0 call_us[min/avg/max]=2323/2489/3008 okgap_max_us=3019
  26.146  t=24s RTT mean=0 min=0 max=0 n=0 to=0 | cancels=0(+0/s) seqbad=0 len_bad=9019 disc=0(0x00) | tot_n=0 tot_to=0 maxever=0 >2ms=0 >5ms=0 >15ms=0 >20ms=0 >30ms=0 | probes=0 wrfail=0 down=0s maxout=0s
  28.078  BLASTC comp=398 exkBps=94 cgap_us[min/avg/max]=2376/2513/5416
  28.078  BLAST phy=2/2 att=398 ok=398 enomem=0 err=0 call_us[min/avg/max]=2299/2501/5404 okgap_max_us=5415
  28.078  t=25s RTT mean=0 min=0 max=0 n=0 to=0 | cancels=0(+0/s) seqbad=0 len_bad=9417 disc=0(0x00) | tot_n=0 tot_to=0 maxever=0 >2ms=0 >5ms=0 >15ms=0 >20ms=0 >30ms=0 | probes=0 wrfail=0 down=0s maxout=0s
  28.078  BLASTC comp=395 exkBps=94 cgap_us[min/avg/max]=2392/2530/7809
  28.138  BLAST phy=2/2 att=395 ok=395 enomem=0 err=0 call_us[min/avg/max]=2322/2519/7798 okgap_max_us=7809
  28.138  t=26s RTT mean=0 min=0 max=0 n=0 to=0 | cancels=0(+0/s) seqbad=0 len_bad=9812 disc=0(0x00) | tot_n=0 tot_to=0 maxever=0 >2ms=0 >5ms=0 >15ms=0 >20ms=0 >30ms=0 | probes=0 wrfail=0 down=0s maxout=0s
  30.086  BLASTC comp=396 exkBps=94 cgap_us[min/avg/max]=2387/2525/5406
  30.086  BLAST phy=2/2 att=396 ok=396 enomem=0 err=0 call_us[min/avg/max]=2317/2514/5394 okgap_max_us=5405
  30.086  t=27s RTT mean=0 min=0 max=0 n=0 to=0 | cancels=0(+0/s) seqbad=0 len_bad=10208 disc=0(0x00) | tot_n=0 tot_to=0 maxever=0 >2ms=0 >5ms=0 >15ms=0 >20ms=0 >30ms=0 | probes=0 wrfail=0 down=0s maxout=0s
  30.086  BLASTC comp=399 exkBps=95 cgap_us[min/avg/max]=2395/2506/5412
  30.086  BLAST phy=2/2 att=399 ok=399 enomem=0 err=0 call_us[min/avg/max]=2321/2495/5400 okgap_max_us=5411
  30.142  t=28s RTT mean=0 min=0 max=0 n=0 to=0 | cancels=0(+0/s) seqbad=0 len_bad=10606 disc=0(0x00) | tot_n=0 tot_to=0 maxever=0 >2ms=0 >5ms=0 >15ms=0 >20ms=0 >30ms=0 | probes=0 wrfail=0 down=0s maxout=0s
  32.044  BLASTC comp=391 exkBps=93 cgap_us[min/avg/max]=2395/2556/14981
  32.104  BLAST phy=2/2 att=391 ok=391 enomem=0 err=0 call_us[min/avg/max]=2380/2545/14917 okgap_max_us=14928
  32.104  t=29s RTT mean=0 min=0 max=0 n=0 to=0 | cancels=0(+0/s) seqbad=0 len_bad=10998 disc=0(0x00) | tot_n=0 tot_to=0 maxever=0 >2ms=0 >5ms=0 >15ms=0 >20ms=0 >30ms=0 | probes=0 wrfail=0 down=0s maxout=0s
  32.104  BLASTC comp=395 exkBps=94 cgap_us[min/avg/max]=2395/2532/4795
  32.104  BLAST phy=2/2 att=395 ok=395 enomem=0 err=0 call_us[min/avg/max]=2323/2520/4784 okgap_max_us=4795
  32.104  t=30s RTT mean=0 min=0 max=0 n=0 to=0 | cancels=0(+0/s) seqbad=0 len_bad=11394 disc=0(0x00) | tot_n=0 tot_to=0 maxever=0 >2ms=0 >5ms=0 >15ms=0 >20ms=0 >30ms=0 | probes=0 wrfail=0 down=0s maxout=0s
  34.074  BLASTC comp=393 exkBps=93 cgap_us[min/avg/max]=2373/2545/5405
  34.075  BLAST phy=2/2 att=393 ok=393 enomem=0 err=0 call_us[min/avg/max]=2287/2533/5394 okgap_max_us=5405
  34.075  t=31s RTT mean=0 min=0 max=0 n=0 to=0 | cancels=0(+0/s) seqbad=0 len_bad=11787 disc=0(0x00) | tot_n=0 tot_to=0 maxever=0 >2ms=0 >5ms=0 >15ms=0 >20ms=0 >30ms=0 | probes=0 wrfail=0 down=0s maxout=0s
  34.075  BLASTC comp=398 exkBps=94 cgap_us[min/avg/max]=2386/2511/5405
  34.128  BLAST phy=2/2 att=398 ok=398 enomem=0 err=0 call_us[min/avg/max]=2281/2500/5394 okgap_max_us=5405
  34.128  t=32s RTT mean=0 min=0 max=0 n=0 to=0 | cancels=0(+0/s) seqbad=0 len_bad=12185 disc=0(0x00) | tot_n=0 tot_to=0 maxever=0 >2ms=0 >5ms=0 >15ms=0 >20ms=0 >30ms=0 | probes=0 wrfail=0 down=0s maxout=0s
  36.086  BLASTC comp=391 exkBps=93 cgap_us[min/avg/max]=2387/2558/15002
  36.086  BLAST phy=2/2 att=391 ok=391 enomem=0 err=0 call_us[min/avg/max]=2285/2546/14992 okgap_max_us=15003
  36.086  t=33s RTT mean=0 min=0 max=0 n=0 to=0 | cancels=0(+0/s) seqbad=0 len_bad=12576 disc=0(0x00) | tot_n=0 tot_to=0 maxever=0 >2ms=0 >5ms=0 >15ms=0 >20ms=0 >30ms=0 | probes=0 wrfail=0 down=0s maxout=0s
  36.086  BLASTC comp=382 exkBps=91 cgap_us[min/avg/max]=2396/2618/15016
  36.086  BLAST phy=2/2 att=382 ok=382 enomem=0 err=0 call_us[min/avg/max]=2321/2607/15005 okgap_max_us=12603
  36.137  t=34s RTT mean=0 min=0 max=0 n=0 to=0 | cancels=0(+0/s) seqbad=0 len_bad=12958 disc=0(0x00) | tot_n=0 tot_to=0 maxever=0 >2ms=0 >5ms=0 >15ms=0 >20ms=0 >30ms=0 | probes=0 wrfail=0 down=0s maxout=0s
  38.073  BLASTC comp=391 exkBps=93 cgap_us[min/avg/max]=2373/2556/10203
  38.073  BLAST phy=2/2 att=391 ok=391 enomem=0 err=0 call_us[min/avg/max]=2302/2545/10193 okgap_max_us=15075
  38.073  t=35s RTT mean=0 min=0 max=0 n=0 to=0 | cancels=0(+0/s) seqbad=0 len_bad=13349 disc=0(0x00) | tot_n=0 tot_to=0 maxever=0 >2ms=0 >5ms=0 >15ms=0 >20ms=0 >30ms=0 | probes=0 wrfail=0 down=0s maxout=0s
  38.134  BLASTC comp=397 exkBps=94 cgap_us[min/avg/max]=2395/2519/5405
  38.134  BLAST phy=2/2 att=397 ok=397 enomem=0 err=0 call_us[min/avg/max]=2323/2508/5395 okgap_max_us=5406
  38.134  t=36s RTT mean=0 min=0 max=0 n=0 to=0 | cancels=0(+0/s) seqbad=0 len_bad=13746 disc=0(0x00) | tot_n=0 tot_to=0 maxever=0 >2ms=0 >5ms=0 >15ms=0 >20ms=0 >30ms=0 | probes=0 wrfail=0 down=0s maxout=0s
  40.042  BLASTC comp=388 exkBps=92 cgap_us[min/avg/max]=2376/2577/10206
  40.102  BLAST phy=2/2 att=388 ok=388 enomem=0 err=0 call_us[min/avg/max]=2299/2566/10195 okgap_max_us=10206
  40.102  t=37s RTT mean=0 min=0 max=0 n=0 to=0 | cancels=0(+0/s) seqbad=0 len_bad=14134 disc=0(0x00) | tot_n=0 tot_to=0 maxever=0 >2ms=0 >5ms=0 >15ms=0 >20ms=0 >30ms=0 | probes=0 wrfail=0 down=0s maxout=0s
  40.102  BLASTC comp=396 exkBps=94 cgap_us[min/avg/max]=2393/2524/5406
  40.102  BLAST phy=2/2 att=396 ok=396 enomem=0 err=0 call_us[min/avg/max]=2322/2512/5394 okgap_max_us=5405
  40.153  t=38s RTT mean=0 min=0 max=0 n=0 to=0 | cancels=0(+0/s) seqbad=0 len_bad=14530 disc=0(0x00) | tot_n=0 tot_to=0 maxever=0 >2ms=0 >5ms=0 >15ms=0 >20ms=0 >30ms=0 | probes=0 wrfail=0 down=0s maxout=0s
  42.083  BLASTC comp=394 exkBps=93 cgap_us[min/avg/max]=2386/2538/5409
  42.083  BLAST phy=2/2 att=394 ok=394 enomem=0 err=0 call_us[min/avg/max]=2316/2527/5397 okgap_max_us=5409
  42.083  t=39s RTT mean=0 min=0 max=0 n=0 to=0 | cancels=0(+0/s) seqbad=0 len_bad=14923 disc=0(0x00) | tot_n=0 tot_to=0 maxever=0 >2ms=0 >5ms=0 >15ms=0 >20ms=0 >30ms=0 | probes=0 wrfail=0 down=0s maxout=0s
  42.134  t=40s RTT mean=0 min=0 max=0 n=0 to=0 | cancels=0(+0/s) seqbad=0 len_bad=15302 disc=0(0x00) | tot_n=0 tot_to=0 maxever=0 >2ms=0 >5ms=0 >15ms=0 >20ms=0 >30ms=0 | probes=0 wrfail=0 down=0s maxout=0s
  42.134  BLASTC comp=381 exkBps=90 cgap_us[min/avg/max]=2396/2664/18009
  42.134  BLAST phy=2/2 att=381 ok=381 enomem=0 err=0 call_us[min/avg/max]=2321/2653/18005 okgap_max_us=12604
  44.086  BLASTC comp=387 exkBps=92 cgap_us[min/avg/max]=2395/2544/15008
  44.087  BLAST phy=2/2 att=387 ok=387 enomem=0 err=0 call_us[min/avg/max]=2325/2532/14996 okgap_max_us=18076
  44.087  t=41s RTT mean=0 min=0 max=0 n=0 to=0 | cancels=0(+0/s) seqbad=0 len_bad=15692 disc=0(0x00) | tot_n=0 tot_to=0 maxever=0 >2ms=0 >5ms=0 >15ms=0 >20ms=0 >30ms=0 | probes=0 wrfail=0 down=0s maxout=0s
  44.087  BLASTC comp=394 exkBps=93 cgap_us[min/avg/max]=2393/2538/15001
  44.087  BLAST phy=2/2 att=394 ok=394 enomem=0 err=0 call_us[min/avg/max]=2323/2527/14990 okgap_max_us=15001
  44.143  t=42s RTT mean=0 min=0 max=0 n=0 to=0 | cancels=0(+0/s) seqbad=0 len_bad=16086 disc=0(0x00) | tot_n=0 tot_to=0 maxever=0 >2ms=0 >5ms=0 >15ms=0 >20ms=0 >30ms=0 | probes=0 wrfail=0 down=0s maxout=0s
