   1.249  P t=983s rxkBps=0 blkkBps=0 pongs=16614(+0/s) cancels=0(+0/s) notify=0 disc=1(0x08) | echo rx=0 tx=0 pend=0 stale=0
   1.249  P t=984s rxkBps=0 blkkBps=0 pongs=16614(+0/s) cancels=0(+0/s) notify=0 disc=1(0x08) | echo rx=0 tx=0 pend=0 stale=0
   1.697  *** Booting Zephyr OS build v4.4.2-16-gfee9fbc62095 ***
   1.697  [00:50:24.693,929] [0m<inf> bt_hci_core: HW Platform: Nordic Semiconductor (0x0002)[0m
   1.697  [00:50:24.693,942] [0m<inf> bt_hci_core: HW Variant: nRF54Lx (0x0005)[0m
   1.697  [00:50:24.693,953] [0m<inf> bt_hci_core: Firmware: Standard Bluetooth controller (0x00) Version 4.4 Build 2[0m
   1.697  [00:50:24.694,296] [0m<inf> bt_hci_core: HCI transport: Controller[0m
   1.697  [00:50:24.694,341] [0m<inf> bt_hci_core: Identity: D6:C7:60:B1:D3:0E (random)[0m
   1.748  [00:50:24.694,358] [0m<inf> bt_hci_core: HCI: version 5.4 (0x0d) revision 0x0000, manufacturer 0x05f1[0m
   1.748  [00:50:24.694,373] [0m<inf> bt_hci_core: LMP: version 5.4 (0x0d) subver 0xffff[0m
   1.748  
   1.748  === nRF54L15 RTT ping-pong PERIPHERAL (echo) ===
   1.748  advertising
   3.002  GAP connected interval=15000
   3.002  PHY tx=2 rx=2
   3.002  P t=1s rxkBps=0 blkkBps=0 pongs=0(+0/s) cancels=0(+0/s) notify=0 disc=0(0x00) | echo rx=0 tx=0 pend=0 stale=0
   3.002  CCC: notify ENABLED
   4.671  P t=2s rxkBps=80 blkkBps=0 pongs=336(+336/s) cancels=0(+0/s) notify=1 disc=0(0x00) | echo rx=0 tx=0 pend=0 stale=0
   4.732  P t=3s rxkBps=92 blkkBps=0 pongs=725(+389/s) cancels=0(+0/s) notify=1 disc=0(0x00) | echo rx=0 tx=0 pend=0 stale=0
   6.673  P t=4s rxkBps=90 blkkBps=0 pongs=1106(+381/s) cancels=0(+0/s) notify=1 disc=0(0x00) | echo rx=0 tx=0 pend=0 stale=0
   6.733  P t=5s rxkBps=92 blkkBps=0 pongs=1496(+390/s) cancels=0(+0/s) notify=1 disc=0(0x00) | echo rx=0 tx=0 pend=0 stale=0
   8.707  P t=6s rxkBps=93 blkkBps=0 pongs=1889(+393/s) cancels=0(+0/s) notify=1 disc=0(0x00) | echo rx=0 tx=0 pend=0 stale=0
   8.707  P t=7s rxkBps=94 blkkBps=0 pongs=2284(+395/s) cancels=0(+0/s) notify=1 disc=0(0x00) | echo rx=0 tx=0 pend=0 stale=0
  10.709  P t=8s rxkBps=93 blkkBps=0 pongs=2678(+394/s) cancels=0(+0/s) notify=1 disc=0(0x00) | echo rx=0 tx=0 pend=0 stale=0
  10.709  P t=9s rxkBps=93 blkkBps=0 pongs=3071(+393/s) cancels=0(+0/s) notify=1 disc=0(0x00) | echo rx=0 tx=0 pend=0 stale=0
  12.697  P t=10s rxkBps=93 blkkBps=0 pongs=3465(+394/s) cancels=0(+0/s) notify=1 disc=0(0x00) | echo rx=0 tx=0 pend=0 stale=0
  12.697  P t=11s rxkBps=89 blkkBps=0 pongs=3842(+377/s) cancels=0(+0/s) notify=1 disc=0(0x00) | echo rx=0 tx=0 pend=0 stale=0
  14.695  P t=12s rxkBps=94 blkkBps=0 pongs=4240(+398/s) cancels=0(+0/s) notify=1 disc=0(0x00) | echo rx=0 tx=0 pend=0 stale=0
  14.695  P t=13s rxkBps=94 blkkBps=0 pongs=4637(+397/s) cancels=0(+0/s) notify=1 disc=0(0x00) | echo rx=0 tx=0 pend=0 stale=0
  16.699  P t=14s rxkBps=87 blkkBps=0 pongs=5004(+367/s) cancels=0(+0/s) notify=1 disc=0(0x00) | echo rx=0 tx=0 pend=0 stale=0
  16.699  P t=15s rxkBps=90 blkkBps=0 pongs=5385(+381/s) cancels=0(+0/s) notify=1 disc=0(0x00) | echo rx=0 tx=0 pend=0 stale=0
  18.716  P t=16s rxkBps=93 blkkBps=0 pongs=5779(+394/s) cancels=0(+0/s) notify=1 disc=0(0x00) | echo rx=0 tx=0 pend=0 stale=0
  18.716  P t=17s rxkBps=88 blkkBps=0 pongs=6152(+373/s) cancels=0(+0/s) notify=1 disc=0(0x00) | echo rx=0 tx=0 pend=0 stale=0
  20.736  P t=18s rxkBps=93 blkkBps=0 pongs=6543(+391/s) cancels=0(+0/s) notify=1 disc=0(0x00) | echo rx=0 tx=0 pend=0 stale=0
  20.736  P t=19s rxkBps=91 blkkBps=0 pongs=6929(+386/s) cancels=0(+0/s) notify=1 disc=0(0x00) | echo rx=0 tx=0 pend=0 stale=0
  22.695  P t=20s rxkBps=92 blkkBps=0 pongs=7317(+388/s) cancels=0(+0/s) notify=1 disc=0(0x00) | echo rx=0 tx=0 pend=0 stale=0
  22.745  P t=21s rxkBps=93 blkkBps=0 pongs=7709(+392/s) cancels=0(+0/s) notify=1 disc=0(0x00) | echo rx=0 tx=0 pend=0 stale=0
  24.741  P t=22s rxkBps=92 blkkBps=0 pongs=8099(+390/s) cancels=0(+0/s) notify=1 disc=0(0x00) | echo rx=0 tx=0 pend=0 stale=0
  24.741  P t=23s rxkBps=91 blkkBps=0 pongs=8483(+384/s) cancels=0(+0/s) notify=1 disc=0(0x00) | echo rx=0 tx=0 pend=0 stale=0
  26.691  P t=24s rxkBps=93 blkkBps=0 pongs=8876(+393/s) cancels=0(+0/s) notify=1 disc=0(0x00) | echo rx=0 tx=0 pend=0 stale=0
  26.747  P t=25s rxkBps=89 blkkBps=0 pongs=9250(+374/s) cancels=0(+0/s) notify=1 disc=0(0x00) | echo rx=0 tx=0 pend=0 stale=0
  28.708  P t=26s rxkBps=92 blkkBps=0 pongs=9640(+390/s) cancels=0(+0/s) notify=1 disc=0(0x00) | echo rx=0 tx=0 pend=0 stale=0
  28.709  P t=27s rxkBps=94 blkkBps=0 pongs=10035(+395/s) cancels=0(+0/s) notify=1 disc=0(0x00) | echo rx=0 tx=0 pend=0 stale=0
  30.727  P t=28s rxkBps=91 blkkBps=0 pongs=10420(+385/s) cancels=0(+0/s) notify=1 disc=0(0x00) | echo rx=0 tx=0 pend=0 stale=0
  30.727  P t=29s rxkBps=93 blkkBps=0 pongs=10813(+393/s) cancels=0(+0/s) notify=1 disc=0(0x00) | echo rx=0 tx=0 pend=0 stale=0
  32.748  P t=30s rxkBps=94 blkkBps=0 pongs=11209(+396/s) cancels=0(+0/s) notify=1 disc=0(0x00) | echo rx=0 tx=0 pend=0 stale=0
  32.748  P t=31s rxkBps=94 blkkBps=0 pongs=11607(+398/s) cancels=0(+0/s) notify=1 disc=0(0x00) | echo rx=0 tx=0 pend=0 stale=0
  34.699  P t=32s rxkBps=93 blkkBps=0 pongs=12001(+394/s) cancels=0(+0/s) notify=1 disc=0(0x00) | echo rx=0 tx=0 pend=0 stale=0
  34.749  P t=33s rxkBps=93 blkkBps=0 pongs=12392(+391/s) cancels=0(+0/s) notify=1 disc=0(0x00) | echo rx=0 tx=0 pend=0 stale=0
  36.704  P t=34s rxkBps=94 blkkBps=0 pongs=12787(+395/s) cancels=0(+0/s) notify=1 disc=0(0x00) | echo rx=0 tx=0 pend=0 stale=0
  36.763  P t=35s rxkBps=93 blkkBps=0 pongs=13181(+394/s) cancels=0(+0/s) notify=1 disc=0(0x00) | echo rx=0 tx=0 pend=0 stale=0
  38.723  P t=36s rxkBps=93 blkkBps=0 pongs=13575(+394/s) cancels=0(+0/s) notify=1 disc=0(0x00) | echo rx=0 tx=0 pend=0 stale=0
  38.724  P t=37s rxkBps=92 blkkBps=0 pongs=13962(+387/s) cancels=0(+0/s) notify=1 disc=0(0x00) | echo rx=0 tx=0 pend=0 stale=0
  40.741  P t=38s rxkBps=95 blkkBps=0 pongs=14361(+399/s) cancels=0(+0/s) notify=1 disc=0(0x00) | echo rx=0 tx=0 pend=0 stale=0
  40.741  P t=39s rxkBps=92 blkkBps=0 pongs=14748(+387/s) cancels=0(+0/s) notify=1 disc=0(0x00) | echo rx=0 tx=0 pend=0 stale=0
  42.715  P t=40s rxkBps=94 blkkBps=0 pongs=15144(+396/s) cancels=0(+0/s) notify=1 disc=0(0x00) | echo rx=0 tx=0 pend=0 stale=0
  42.716  P t=41s rxkBps=92 blkkBps=0 pongs=15532(+388/s) cancels=0(+0/s) notify=1 disc=0(0x00) | echo rx=0 tx=0 pend=0 stale=0
  44.715  P t=42s rxkBps=93 blkkBps=0 pongs=15926(+394/s) cancels=0(+0/s) notify=1 disc=0(0x00) | echo rx=0 tx=0 pend=0 stale=0
  44.715  P t=43s rxkBps=94 blkkBps=0 pongs=16322(+396/s) cancels=0(+0/s) notify=1 disc=0(0x00) | echo rx=0 tx=0 pend=0 stale=0
