   0.647  P t=48s rxkBps=0 blkkBps=0 pongs=17825(+0/s) cancels=0(+0/s) notify=1 disc=0(0x00) | echo rx=0 tx=0 pend=0 stale=0
   0.647  P t=49s rxkBps=0 blkkBps=0 pongs=17825(+0/s) cancels=0(+0/s) notify=1 disc=0(0x00) | echo rx=0 tx=0 pend=0 stale=0
   1.709  *** Booting Zephyr OS build v4.4.2-16-gfee9fbc62095 ***
   1.709  [00:54:22.664,816] [0m<inf> bt_hci_core: HW Platform: Nordic Semiconductor (0x0002)[0m
   1.709  [00:54:22.664,829] [0m<inf> bt_hci_core: HW Variant: nRF54Lx (0x0005)[0m
   1.709  [00:54:22.664,841] [0m<inf> bt_hci_core: Firmware: Standard Bluetooth controller (0x00) Version 4.4 Build 2[0m
   1.709  [00:54:22.665,182] [0m<inf> bt_hci_core: HCI transport: Controller[0m
   1.767  [00:54:22.665,228] [0m<inf> bt_hci_core: Identity: D6:C7:60:B1:D3:0E (random)[0m
   1.767  [00:54:22.665,245] [0m<inf> bt_hci_core: HCI: version 5.4 (0x0d) revision 0x0000, manufacturer 0x05f1[0m
   1.767  [00:54:22.665,260] [0m<inf> bt_hci_core: LMP: version 5.4 (0x0d) subver 0xffff[0m
   1.767  
   1.767  === nRF54L15 RTT ping-pong PERIPHERAL (echo) ===
   1.767  advertising
   3.106  GAP connected interval=15000
   3.106  PHY tx=2 rx=2
   3.106  P t=1s rxkBps=0 blkkBps=0 pongs=0(+0/s) cancels=0(+0/s) notify=0 disc=0(0x00) | echo rx=0 tx=0 pend=0 stale=0
   3.106  CCC: notify ENABLED
   4.729  P t=2s rxkBps=74 blkkBps=0 pongs=313(+313/s) cancels=0(+0/s) notify=1 disc=0(0x00) | echo rx=0 tx=0 pend=0 stale=0
   4.729  P t=3s rxkBps=94 blkkBps=0 pongs=710(+397/s) cancels=0(+0/s) notify=1 disc=0(0x00) | echo rx=0 tx=0 pend=0 stale=0
   6.724  P t=4s rxkBps=94 blkkBps=0 pongs=1105(+395/s) cancels=0(+0/s) notify=1 disc=0(0x00) | echo rx=0 tx=0 pend=0 stale=0
   6.724  P t=5s rxkBps=94 blkkBps=0 pongs=1501(+396/s) cancels=0(+0/s) notify=1 disc=0(0x00) | echo rx=0 tx=0 pend=0 stale=0
   8.735  P t=6s rxkBps=94 blkkBps=0 pongs=1898(+397/s) cancels=0(+0/s) notify=1 disc=0(0x00) | echo rx=0 tx=0 pend=0 stale=0
   8.736  P t=7s rxkBps=94 blkkBps=0 pongs=2295(+397/s) cancels=0(+0/s) notify=1 disc=0(0x00) | echo rx=0 tx=0 pend=0 stale=0
  10.711  P t=8s rxkBps=93 blkkBps=0 pongs=2689(+394/s) cancels=0(+0/s) notify=1 disc=0(0x00) | echo rx=0 tx=0 pend=0 stale=0
  10.711  P t=9s rxkBps=93 blkkBps=0 pongs=3081(+392/s) cancels=0(+0/s) notify=1 disc=0(0x00) | echo rx=0 tx=0 pend=0 stale=0
  12.732  P t=10s rxkBps=92 blkkBps=0 pongs=3470(+389/s) cancels=0(+0/s) notify=1 disc=0(0x00) | echo rx=0 tx=0 pend=0 stale=0
  12.732  P t=11s rxkBps=93 blkkBps=0 pongs=3862(+392/s) cancels=0(+0/s) notify=1 disc=0(0x00) | echo rx=0 tx=0 pend=0 stale=0
  14.704  P t=12s rxkBps=93 blkkBps=0 pongs=4254(+392/s) cancels=0(+0/s) notify=1 disc=0(0x00) | echo rx=0 tx=0 pend=0 stale=0
  14.704  P t=13s rxkBps=94 blkkBps=0 pongs=4652(+398/s) cancels=0(+0/s) notify=1 disc=0(0x00) | echo rx=0 tx=0 pend=0 stale=0
  16.697  P t=14s rxkBps=91 blkkBps=0 pongs=5034(+382/s) cancels=0(+0/s) notify=1 disc=0(0x00) | echo rx=0 tx=0 pend=0 stale=0
  16.697  P t=15s rxkBps=92 blkkBps=0 pongs=5421(+387/s) cancels=0(+0/s) notify=1 disc=0(0x00) | echo rx=0 tx=0 pend=0 stale=0
  18.742  P t=16s rxkBps=94 blkkBps=0 pongs=5819(+398/s) cancels=0(+0/s) notify=1 disc=0(0x00) | echo rx=0 tx=0 pend=0 stale=0
  18.743  P t=17s rxkBps=92 blkkBps=0 pongs=6208(+389/s) cancels=0(+0/s) notify=1 disc=0(0x00) | echo rx=0 tx=0 pend=0 stale=0
  20.732  P t=18s rxkBps=93 blkkBps=0 pongs=6601(+393/s) cancels=0(+0/s) notify=1 disc=0(0x00) | echo rx=0 tx=0 pend=0 stale=0
  20.732  P t=19s rxkBps=93 blkkBps=0 pongs=6993(+392/s) cancels=0(+0/s) notify=1 disc=0(0x00) | echo rx=0 tx=0 pend=0 stale=0
  22.713  P t=20s rxkBps=94 blkkBps=0 pongs=7389(+396/s) cancels=0(+0/s) notify=1 disc=0(0x00) | echo rx=0 tx=0 pend=0 stale=0
  22.713  P t=21s rxkBps=94 blkkBps=0 pongs=7787(+398/s) cancels=0(+0/s) notify=1 disc=0(0x00) | echo rx=0 tx=0 pend=0 stale=0
  24.717  P t=22s rxkBps=93 blkkBps=0 pongs=8181(+394/s) cancels=0(+0/s) notify=1 disc=0(0x00) | echo rx=0 tx=0 pend=0 stale=0
  24.717  P t=23s rxkBps=92 blkkBps=0 pongs=8568(+387/s) cancels=0(+0/s) notify=1 disc=0(0x00) | echo rx=0 tx=0 pend=0 stale=0
  26.695  P t=24s rxkBps=85 blkkBps=0 pongs=8926(+358/s) cancels=0(+0/s) notify=1 disc=0(0x00) | echo rx=0 tx=0 pend=0 stale=0
  26.753  P t=25s rxkBps=90 blkkBps=0 pongs=9306(+380/s) cancels=0(+0/s) notify=1 disc=0(0x00) | echo rx=0 tx=0 pend=0 stale=0
  28.737  P t=26s rxkBps=89 blkkBps=0 pongs=9683(+377/s) cancels=0(+0/s) notify=1 disc=0(0x00) | echo rx=0 tx=0 pend=0 stale=0
  28.737  P t=27s rxkBps=93 blkkBps=0 pongs=10074(+391/s) cancels=0(+0/s) notify=1 disc=0(0x00) | echo rx=0 tx=0 pend=0 stale=0
  30.689  P t=28s rxkBps=94 blkkBps=0 pongs=10470(+396/s) cancels=0(+0/s) notify=1 disc=0(0x00) | echo rx=0 tx=0 pend=0 stale=0
  30.750  P t=29s rxkBps=94 blkkBps=0 pongs=10867(+397/s) cancels=0(+0/s) notify=1 disc=0(0x00) | echo rx=0 tx=0 pend=0 stale=0
  32.716  P t=30s rxkBps=92 blkkBps=0 pongs=11255(+388/s) cancels=0(+0/s) notify=1 disc=0(0x00) | echo rx=0 tx=0 pend=0 stale=0
  32.716  P t=31s rxkBps=93 blkkBps=0 pongs=11649(+394/s) cancels=0(+0/s) notify=1 disc=0(0x00) | echo rx=0 tx=0 pend=0 stale=0
  34.695  P t=32s rxkBps=93 blkkBps=0 pongs=12043(+394/s) cancels=0(+0/s) notify=1 disc=0(0x00) | echo rx=0 tx=0 pend=0 stale=0
  34.748  P t=33s rxkBps=92 blkkBps=0 pongs=12431(+388/s) cancels=0(+0/s) notify=1 disc=0(0x00) | echo rx=0 tx=0 pend=0 stale=0
  36.705  P t=34s rxkBps=94 blkkBps=0 pongs=12829(+398/s) cancels=0(+0/s) notify=1 disc=0(0x00) | echo rx=0 tx=0 pend=0 stale=0
  36.706  P t=35s rxkBps=92 blkkBps=0 pongs=13218(+389/s) cancels=0(+0/s) notify=1 disc=0(0x00) | echo rx=0 tx=0 pend=0 stale=0
  38.710  P t=36s rxkBps=94 blkkBps=0 pongs=13613(+395/s) cancels=0(+0/s) notify=1 disc=0(0x00) | echo rx=0 tx=0 pend=0 stale=0
  38.710  P t=37s rxkBps=93 blkkBps=0 pongs=14007(+394/s) cancels=0(+0/s) notify=1 disc=0(0x00) | echo rx=0 tx=0 pend=0 stale=0
  40.698  P t=38s rxkBps=94 blkkBps=0 pongs=14402(+395/s) cancels=0(+0/s) notify=1 disc=0(0x00) | echo rx=0 tx=0 pend=0 stale=0
  40.758  P t=39s rxkBps=93 blkkBps=0 pongs=14796(+394/s) cancels=0(+0/s) notify=1 disc=0(0x00) | echo rx=0 tx=0 pend=0 stale=0
  42.726  P t=40s rxkBps=94 blkkBps=0 pongs=15194(+398/s) cancels=0(+0/s) notify=1 disc=0(0x00) | echo rx=0 tx=0 pend=0 stale=0
  42.727  P t=41s rxkBps=91 blkkBps=0 pongs=15579(+385/s) cancels=0(+0/s) notify=1 disc=0(0x00) | echo rx=0 tx=0 pend=0 stale=0
  44.722  P t=42s rxkBps=92 blkkBps=0 pongs=15969(+390/s) cancels=0(+0/s) notify=1 disc=0(0x00) | echo rx=0 tx=0 pend=0 stale=0
  44.722  P t=43s rxkBps=94 blkkBps=0 pongs=16366(+397/s) cancels=0(+0/s) notify=1 disc=0(0x00) | echo rx=0 tx=0 pend=0 stale=0
