   0.530  PHY tx=2 rx=2
   0.530  discovery start (post-PHY +500ms) interval=7500 phy2m=1
   0.531  SUBSCRIBED, vh=14
   0.531  BLAST: phy_update->2M rc=0
   0.531  BLAST first16_call_us: 142 134 134 136 212 138 135 136 136 129 54 54 54 54 54 54
   1.552  PHY tx=2 rx=2
   1.552  t=1s RTT mean=0 min=0 max=0 n=0 to=0 | cancels=0(+0/s) seqbad=0 len_bad=0 disc=0(0x00) | tot_n=0 tot_to=0 maxever=0 >2ms=0 >5ms=0 >15ms=0 >20ms=0 >30ms=0 | probes=0 wrfail=0 down=0s maxout=0s
   1.552  BLASTC comp=197 exkBps=0 cgap_us[min/avg/max]=144/1525/19721
   1.612  BLAST phy=2/2 att=207 ok=207 enomem=0 err=0 call_us[min/avg/max]=54/1433/19695 okgap_max_us=19706
   2.011  *** Booting Zephyr OS build v4.4.2-16-gfee9fbc62095 ***
   2.011  [00:57:24.789,031] [0m<inf> bt_hci_core: HW Platform: Nordic Semiconductor (0x0002)[0m
   2.011  [00:57:24.789,043] [0m<inf> bt_hci_core: HW Variant: nRF54Lx (0x0005)[0m
   2.064  [00:57:24.789,055] [0m<inf> bt_hci_core: Firmware: Standard Bluetooth controller (0x00) Version 4.4 Build 2[0m
   2.065  [00:57:24.789,413] [0m<inf> bt_hci_core: HCI transport: Controller[0m
   2.065  [00:57:24.789,462] [0m<inf> bt_hci_core: Identity: FC:BE:FF:FA:E6:8B (random)[0m
   2.065  [00:57:24.789,477] [0m<inf> bt_hci_core: HCI: version 5.4 (0x0d) revision 0x0000, manufacturer 0x05f1[0m
   2.065  [00:57:24.789,492] [0m<inf> bt_hci_core: LMP: version 5.4 (0x0d) subver 0xffff[0m
   2.065  
   2.065  === nRF54L15 RTT ping-pong CENTRAL ===
   2.065  scan rc=0
   2.065  Q2CONN AA=ed32d4d0 CRCINIT=84e19f hop=10 chan_count=37 map=ffffffff1f
   2.065  GAP connected interval=7500
   2.065  MTU err=0 mtu=247
   2.709  PHY tx=2 rx=2
   2.709  discovery start (post-PHY +500ms) interval=7500 phy2m=1
   2.709  SUBSCRIBED, vh=14
   2.709  BLAST: phy_update->2M rc=0
   2.709  BLAST first16_call_us: 147 142 134 136 135 136 136 136 135 209 55 54 54 54 54 54
   3.737  PHY tx=2 rx=2
   3.737  BLASTC comp=196 exkBps=0 cgap_us[min/avg/max]=146/1529/19721
   3.737  BLAST phy=2/2 att=206 ok=206 enomem=0 err=0 call_us[min/avg/max]=54/1436/19694 okgap_max_us=19705
   3.798  t=1s RTT mean=0 min=0 max=0 n=0 to=0 | cancels=0(+0/s) seqbad=0 len_bad=0 disc=0(0x00) | tot_n=0 tot_to=0 maxever=0 >2ms=0 >5ms=0 >15ms=0 >20ms=0 >30ms=0 | probes=0 wrfail=0 down=0s maxout=0s
   4.999  BLASTC comp=658 exkBps=0 cgap_us[min/avg/max]=1328/1520/9428
   5.059  BLAST phy=2/2 att=658 ok=658 enomem=0 err=0 call_us[min/avg/max]=1314/1508/9418 okgap_max_us=9429
   5.059  t=2s RTT mean=0 min=0 max=0 n=0 to=0 | cancels=0(+0/s) seqbad=0 len_bad=0 disc=0(0x00) | tot_n=0 tot_to=0 maxever=0 >2ms=0 >5ms=0 >15ms=0 >20ms=0 >30ms=0 | probes=0 wrfail=0 down=0s maxout=0s
   5.059  BLASTC comp=661 exkBps=0 cgap_us[min/avg/max]=1329/1511/9428
   5.059  BLAST phy=2/2 att=661 ok=661 enomem=0 err=0 call_us[min/avg/max]=1316/1500/9418 okgap_max_us=9429
   5.059  t=3s RTT mean=0 min=0 max=0 n=0 to=0 | cancels=0(+0/s) seqbad=0 len_bad=0 disc=0(0x00) | tot_n=0 tot_to=0 maxever=0 >2ms=0 >5ms=0 >15ms=0 >20ms=0 >30ms=0 | probes=0 wrfail=0 down=0s maxout=0s
   6.698  FSU: request [52..52] us (ACL both dirs, 1M+2M) rc=0
   6.698  FSU: updated status=0x00 spacing=52 us phys=0x3 types=0x3 initiator=0
   6.698  BLASTC comp=703 exkBps=0 cgap_us[min/avg/max]=1195/1423/7502
   6.698  BLAST phy=2/2 att=703 ok=703 enomem=0 err=0 call_us[min/avg/max]=1184/1412/7491 okgap_max_us=7502
   6.698  t=4s RTT mean=0 min=0 max=0 n=0 to=0 | cancels=0(+0/s) seqbad=0 len_bad=0 disc=0(0x00) | tot_n=0 tot_to=0 maxever=0 >2ms=0 >5ms=0 >15ms=0 >20ms=0 >30ms=0 | probes=0 wrfail=0 down=0s maxout=0s
   8.003  BLASTC comp=800 exkBps=0 cgap_us[min/avg/max]=1190/1249/1428
   8.003  BLAST phy=2/2 att=800 ok=800 enomem=0 err=0 call_us[min/avg/max]=1135/1238/1416 okgap_max_us=1427
   8.058  t=5s RTT mean=0 min=0 max=0 n=0 to=0 | cancels=0(+0/s) seqbad=0 len_bad=0 disc=0(0x00) | tot_n=0 tot_to=0 maxever=0 >2ms=0 >5ms=0 >15ms=0 >20ms=0 >30ms=0 | probes=0 wrfail=0 down=0s maxout=0s
   8.058  BLASTC comp=788 exkBps=0 cgap_us[min/avg/max]=1194/1269/8923
   8.058  BLAST phy=2/2 att=788 ok=788 enomem=0 err=0 call_us[min/avg/max]=1182/1257/8913 okgap_max_us=8924
   8.113  t=6s RTT mean=0 min=0 max=0 n=0 to=0 | cancels=0(+0/s) seqbad=0 len_bad=0 disc=0(0x00) | tot_n=0 tot_to=0 maxever=0 >2ms=0 >5ms=0 >15ms=0 >20ms=0 >30ms=0 | probes=0 wrfail=0 down=0s maxout=0s
  10.020  BLASTC comp=791 exkBps=0 cgap_us[min/avg/max]=1177/1264/6304
  10.020  BLAST phy=2/2 att=791 ok=791 enomem=0 err=0 call_us[min/avg/max]=1113/1252/6295 okgap_max_us=6306
  10.078  t=7s RTT mean=0 min=0 max=0 n=0 to=0 | cancels=0(+0/s) seqbad=0 len_bad=0 disc=0(0x00) | tot_n=0 tot_to=0 maxever=0 >2ms=0 >5ms=0 >15ms=0 >20ms=0 >30ms=0 | probes=0 wrfail=0 down=0s maxout=0s
  10.078  BLASTC comp=793 exkBps=0 cgap_us[min/avg/max]=1195/1261/8923
  10.078  BLAST phy=2/2 att=793 ok=793 enomem=0 err=0 call_us[min/avg/max]=1131/1249/8912 okgap_max_us=8923
  10.078  t=8s RTT mean=0 min=0 max=0 n=0 to=0 | cancels=0(+0/s) seqbad=0 len_bad=0 disc=0(0x00) | tot_n=0 tot_to=0 maxever=0 >2ms=0 >5ms=0 >15ms=0 >20ms=0 >30ms=0 | probes=0 wrfail=0 down=0s maxout=0s
  12.014  BLASTC comp=787 exkBps=0 cgap_us[min/avg/max]=1194/1270/8923
  12.014  BLAST phy=2/2 att=787 ok=787 enomem=0 err=0 call_us[min/avg/max]=1182/1259/8913 okgap_max_us=8924
  12.074  t=9s RTT mean=0 min=0 max=0 n=0 to=0 | cancels=0(+0/s) seqbad=0 len_bad=0 disc=0(0x00) | tot_n=0 tot_to=0 maxever=0 >2ms=0 >5ms=0 >15ms=0 >20ms=0 >30ms=0 | probes=0 wrfail=0 down=0s maxout=0s
  12.074  BLASTC comp=788 exkBps=0 cgap_us[min/avg/max]=1194/1268/8923
  12.074  BLAST phy=2/2 att=788 ok=788 enomem=0 err=0 call_us[min/avg/max]=1128/1257/8912 okgap_max_us=8924
  12.074  t=10s RTT mean=0 min=0 max=0 n=0 to=0 | cancels=0(+0/s) seqbad=0 len_bad=0 disc=0(0x00) | tot_n=0 tot_to=0 maxever=0 >2ms=0 >5ms=0 >15ms=0 >20ms=0 >30ms=0 | probes=0 wrfail=0 down=0s maxout=0s
  14.001  BLASTC comp=800 exkBps=0 cgap_us[min/avg/max]=1194/1249/1428
  14.001  BLAST phy=2/2 att=800 ok=800 enomem=0 err=0 call_us[min/avg/max]=1178/1238/1416 okgap_max_us=1427
  14.060  t=11s RTT mean=0 min=0 max=0 n=0 to=0 | cancels=0(+0/s) seqbad=0 len_bad=0 disc=0(0x00) | tot_n=0 tot_to=0 maxever=0 >2ms=0 >5ms=0 >15ms=0 >20ms=0 >30ms=0 | probes=0 wrfail=0 down=0s maxout=0s
  14.060  BLASTC comp=791 exkBps=0 cgap_us[min/avg/max]=1184/1264/8923
  14.060  BLAST phy=2/2 att=791 ok=791 enomem=0 err=0 call_us[min/avg/max]=1079/1253/8912 okgap_max_us=8923
  14.120  t=12s RTT mean=0 min=0 max=0 n=0 to=0 | cancels=0(+0/s) seqbad=0 len_bad=0 disc=0(0x00) | tot_n=0 tot_to=0 maxever=0 >2ms=0 >5ms=0 >15ms=0 >20ms=0 >30ms=0 | probes=0 wrfail=0 down=0s maxout=0s
  16.048  BLASTC comp=763 exkBps=0 cgap_us[min/avg/max]=1173/1310/16423
  16.048  BLAST phy=2/2 att=763 ok=763 enomem=0 err=0 call_us[min/avg/max]=1102/1299/16412 okgap_max_us=16423
  16.048  t=13s RTT mean=0 min=0 max=0 n=0 to=0 | cancels=0(+0/s) seqbad=0 len_bad=0 disc=0(0x00) | tot_n=0 tot_to=0 maxever=0 >2ms=0 >5ms=0 >15ms=0 >20ms=0 >30ms=0 | probes=0 wrfail=0 down=0s maxout=0s
  16.048  BLASTC comp=788 exkBps=0 cgap_us[min/avg/max]=1195/1269/8924
  16.048  BLAST phy=2/2 att=788 ok=788 enomem=0 err=0 call_us[min/avg/max]=1121/1257/8912 okgap_max_us=8923
  16.099  t=14s RTT mean=0 min=0 max=0 n=0 to=0 | cancels=0(+0/s) seqbad=0 len_bad=0 disc=0(0x00) | tot_n=0 tot_to=0 maxever=0 >2ms=0 >5ms=0 >15ms=0 >20ms=0 >30ms=0 | probes=0 wrfail=0 down=0s maxout=0s
  18.031  BLASTC comp=800 exkBps=0 cgap_us[min/avg/max]=1194/1250/1427
  18.031  BLAST phy=2/2 att=800 ok=800 enomem=0 err=0 call_us[min/avg/max]=1182/1238/1415 okgap_max_us=1426
  18.031  t=15s RTT mean=0 min=0 max=0 n=0 to=0 | cancels=0(+0/s) seqbad=0 len_bad=0 disc=0(0x00) | tot_n=0 tot_to=0 maxever=0 >2ms=0 >5ms=0 >15ms=0 >20ms=0 >30ms=0 | probes=0 wrfail=0 down=0s maxout=0s
  18.031  BLASTC comp=790 exkBps=0 cgap_us[min/avg/max]=1195/1265/8924
  18.091  BLAST phy=2/2 att=790 ok=790 enomem=0 err=0 call_us[min/avg/max]=1121/1254/8912 okgap_max_us=8923
  18.091  t=16s RTT mean=0 min=0 max=0 n=0 to=0 | cancels=0(+0/s) seqbad=0 len_bad=0 disc=0(0x00) | tot_n=0 tot_to=0 maxever=0 >2ms=0 >5ms=0 >15ms=0 >20ms=0 >30ms=0 | probes=0 wrfail=0 down=0s maxout=0s
  19.993  BLASTC comp=797 exkBps=0 cgap_us[min/avg/max]=1186/1254/5107
  20.053  BLAST phy=2/2 att=797 ok=797 enomem=0 err=0 call_us[min/avg/max]=1115/1243/5098 okgap_max_us=5109
  20.053  t=17s RTT mean=0 min=0 max=0 n=0 to=0 | cancels=0(+0/s) seqbad=0 len_bad=0 disc=0(0x00) | tot_n=0 tot_to=0 maxever=0 >2ms=0 >5ms=0 >15ms=0 >20ms=0 >30ms=0 | probes=0 wrfail=0 down=0s maxout=0s
  20.053  BLASTC comp=782 exkBps=0 cgap_us[min/avg/max]=1186/1278/8924
  20.053  BLAST phy=2/2 att=782 ok=782 enomem=0 err=0 call_us[min/avg/max]=1081/1267/8912 okgap_max_us=8923
  20.113  t=18s RTT mean=0 min=0 max=0 n=0 to=0 | cancels=0(+0/s) seqbad=0 len_bad=0 disc=0(0x00) | tot_n=0 tot_to=0 maxever=0 >2ms=0 >5ms=0 >15ms=0 >20ms=0 >30ms=0 | probes=0 wrfail=0 down=0s maxout=0s
  21.994  BLASTC comp=792 exkBps=0 cgap_us[min/avg/max]=1172/1262/8924
  22.046  BLAST phy=2/2 att=792 ok=792 enomem=0 err=0 call_us[min/avg/max]=1102/1251/8912 okgap_max_us=8923
  22.046  t=19s RTT mean=0 min=0 max=0 n=0 to=0 | cancels=0(+0/s) seqbad=0 len_bad=0 disc=0(0x00) | tot_n=0 tot_to=0 maxever=0 >2ms=0 >5ms=0 >15ms=0 >20ms=0 >30ms=0 | probes=0 wrfail=0 down=0s maxout=0s
  22.046  BLASTC comp=791 exkBps=0 cgap_us[min/avg/max]=1194/1264/8923
  22.046  BLAST phy=2/2 att=791 ok=791 enomem=0 err=0 call_us[min/avg/max]=1122/1252/8912 okgap_max_us=8923
  22.101  t=20s RTT mean=0 min=0 max=0 n=0 to=0 | cancels=0(+0/s) seqbad=0 len_bad=0 disc=0(0x00) | tot_n=0 tot_to=0 maxever=0 >2ms=0 >5ms=0 >15ms=0 >20ms=0 >30ms=0 | probes=0 wrfail=0 down=0s maxout=0s
  24.001  BLASTC comp=795 exkBps=0 cgap_us[min/avg/max]=1194/1258/5106
  24.059  BLAST phy=2/2 att=795 ok=795 enomem=0 err=0 call_us[min/avg/max]=1183/1246/5095 okgap_max_us=5106
  24.059  t=21s RTT mean=0 min=0 max=0 n=0 to=0 | cancels=0(+0/s) seqbad=0 len_bad=0 disc=0(0x00) | tot_n=0 tot_to=0 maxever=0 >2ms=0 >5ms=0 >15ms=0 >20ms=0 >30ms=0 | probes=0 wrfail=0 down=0s maxout=0s
  24.059  BLASTC comp=796 exkBps=0 cgap_us[min/avg/max]=1195/1256/6305
  24.059  BLAST phy=2/2 att=796 ok=796 enomem=0 err=0 call_us[min/avg/max]=1122/1244/6294 okgap_max_us=6305
  24.120  t=22s RTT mean=0 min=0 max=0 n=0 to=0 | cancels=0(+0/s) seqbad=0 len_bad=0 disc=0(0x00) | tot_n=0 tot_to=0 maxever=0 >2ms=0 >5ms=0 >15ms=0 >20ms=0 >30ms=0 | probes=0 wrfail=0 down=0s maxout=0s
  26.036  BLASTC comp=796 exkBps=0 cgap_us[min/avg/max]=1185/1256/6305
  26.036  BLAST phy=2/2 att=796 ok=796 enomem=0 err=0 call_us[min/avg/max]=1114/1245/6294 okgap_max_us=6305
  26.036  t=23s RTT mean=0 min=0 max=0 n=0 to=0 | cancels=0(+0/s) seqbad=0 len_bad=0 disc=0(0x00) | tot_n=0 tot_to=0 maxever=0 >2ms=0 >5ms=0 >15ms=0 >20ms=0 >30ms=0 | probes=0 wrfail=0 down=0s maxout=0s
  26.036  BLASTC comp=774 exkBps=0 cgap_us[min/avg/max]=1194/1292/16423
  26.086  BLAST phy=2/2 att=774 ok=774 enomem=0 err=0 call_us[min/avg/max]=1182/1280/16412 okgap_max_us=16423
  26.087  t=24s RTT mean=0 min=0 max=0 n=0 to=0 | cancels=0(+0/s) seqbad=0 len_bad=0 disc=0(0x00) | tot_n=0 tot_to=0 maxever=0 >2ms=0 >5ms=0 >15ms=0 >20ms=0 >30ms=0 | probes=0 wrfail=0 down=0s maxout=0s
  28.039  BLASTC comp=800 exkBps=0 cgap_us[min/avg/max]=1173/1249/1428
  28.040  BLAST phy=2/2 att=800 ok=800 enomem=0 err=0 call_us[min/avg/max]=1102/1238/1415 okgap_max_us=1426
  28.040  t=25s RTT mean=0 min=0 max=0 n=0 to=0 | cancels=0(+0/s) seqbad=0 len_bad=0 disc=0(0x00) | tot_n=0 tot_to=0 maxever=0 >2ms=0 >5ms=0 >15ms=0 >20ms=0 >30ms=0 | probes=0 wrfail=0 down=0s maxout=0s
  28.040  BLASTC comp=797 exkBps=0 cgap_us[min/avg/max]=1184/1254/5108
  28.040  BLAST phy=2/2 att=797 ok=797 enomem=0 err=0 call_us[min/avg/max]=1078/1243/5097 okgap_max_us=5108
  28.100  t=26s RTT mean=0 min=0 max=0 n=0 to=0 | cancels=0(+0/s) seqbad=0 len_bad=0 disc=0(0x00) | tot_n=0 tot_to=0 maxever=0 >2ms=0 >5ms=0 >15ms=0 >20ms=0 >30ms=0 | probes=0 wrfail=0 down=0s maxout=0s
  30.006  BLASTC comp=793 exkBps=0 cgap_us[min/avg/max]=1194/1261/6303
  30.006  BLAST phy=2/2 att=793 ok=793 enomem=0 err=0 call_us[min/avg/max]=1178/1249/6293 okgap_max_us=6304
  30.061  t=27s RTT mean=0 min=0 max=0 n=0 to=0 | cancels=0(+0/s) seqbad=0 len_bad=0 disc=0(0x00) | tot_n=0 tot_to=0 maxever=0 >2ms=0 >5ms=0 >15ms=0 >20ms=0 >30ms=0 | probes=0 wrfail=0 down=0s maxout=0s
  30.061  BLASTC comp=791 exkBps=0 cgap_us[min/avg/max]=1195/1264/8923
  30.061  BLAST phy=2/2 att=791 ok=791 enomem=0 err=0 call_us[min/avg/max]=1121/1252/8912 okgap_max_us=8923
  30.061  t=28s RTT mean=0 min=0 max=0 n=0 to=0 | cancels=0(+0/s) seqbad=0 len_bad=0 disc=0(0x00) | tot_n=0 tot_to=0 maxever=0 >2ms=0 >5ms=0 >15ms=0 >20ms=0 >30ms=0 | probes=0 wrfail=0 down=0s maxout=0s
