   0.920  MTU err=0 mtu=247
   0.920  PHY tx=2 rx=2
   0.971  t=1s RTT mean=0 min=0 max=0 n=0 to=0 | cancels=0(+0/s) seqbad=0 len_bad=0 disc=0(0x00) | tot_n=0 tot_to=0 maxever=0 >2ms=0 >5ms=0 >15ms=0 >20ms=0 >30ms=0 | probes=0 wrfail=0 down=1s maxout=1s
   0.971  discovery start (post-PHY +500ms) interval=50000 phy2m=1
   1.268  SUBSCRIBED, vh=14
   1.269  BLAST: phy_update->2M rc=0
   1.269  BLASTC comp=1 exkBps=0 cgap_us[min/avg/max]=4294967295/0/0
   1.269  BLAST phy=2/2 att=1 ok=1 enomem=0 err=0 call_us[min/avg/max]=148/148/148 okgap_max_us=0
   1.269  BLAST first16_call_us: 148 139 137 137 136 137 137 217 137 155 211 138 137 136 137 137
   2.016  *** Booting Zephyr OS build v4.4.2-16-gfee9fbc62095 ***
   2.076  [01:10:46.807,719] [0m<inf> bt_hci_core: HW Platform: Nordic Semiconductor (0x0002)[0m
   2.076  [01:10:46.807,732] [0m<inf> bt_hci_core: HW Variant: nRF54Lx (0x0005)[0m
   2.076  [01:10:46.807,743] [0m<inf> bt_hci_core: Firmware: Standard Bluetooth controller (0x00) Version 4.4 Build 2[0m
   2.076  [01:10:46.808,110] [0m<inf> bt_hci_core: HCI transport: Controller[0m
   2.076  [01:10:46.808,158] [0m<inf> bt_hci_core: Identity: FC:BE:FF:FA:E6:8B (random)[0m
   2.076  [01:10:46.808,174] [0m<inf> bt_hci_core: HCI: version 5.4 (0x0d) revision 0x0000, manufacturer 0x05f1[0m
   2.076  [01:10:46.808,189] [0m<inf> bt_hci_core: LMP: version 5.4 (0x0d) subver 0xffff[0m
   2.076  
   2.076  === nRF54L15 RTT ping-pong CENTRAL ===
   2.076  scan rc=0
   2.134  Q2CONN AA=b4cf0ddc CRCINIT=041eaf hop=5 chan_count=37 map=ffffffff1f
   2.134  GAP connected interval=50000
   3.154  MTU err=0 mtu=247
   3.154  PHY tx=2 rx=2
   3.155  t=1s RTT mean=0 min=0 max=0 n=0 to=0 | cancels=0(+0/s) seqbad=0 len_bad=0 disc=0(0x00) | tot_n=0 tot_to=0 maxever=0 >2ms=0 >5ms=0 >15ms=0 >20ms=0 >30ms=0 | probes=0 wrfail=0 down=1s maxout=1s
   3.155  discovery start (post-PHY +500ms) interval=50000 phy2m=1
   3.446  SUBSCRIBED, vh=14
   3.446  BLAST: phy_update->2M rc=0
   3.446  BLASTC comp=1 exkBps=0 cgap_us[min/avg/max]=4294967295/0/0
   3.446  BLAST phy=2/2 att=1 ok=1 enomem=0 err=0 call_us[min/avg/max]=143/143/143 okgap_max_us=0
   3.446  BLAST first16_call_us: 143 156 227 124 120 120 120 120 120 121 121 121 120 120 120 120
   4.598  PHY tx=2 rx=2
   4.598  t=2s RTT mean=0 min=0 max=0 n=0 to=0 | cancels=0(+0/s) seqbad=0 len_bad=0 disc=0(0x00) | tot_n=0 tot_to=0 maxever=0 >2ms=0 >5ms=0 >15ms=0 >20ms=0 >30ms=0 | probes=0 wrfail=0 down=1s maxout=1s
   4.598  BLASTC comp=301 exkBps=0 cgap_us[min/avg/max]=130/1984/147197
   4.598  BLAST phy=2/2 att=321 ok=321 enomem=0 err=0 call_us[min/avg/max]=53/1850/147171 okgap_max_us=147182
   6.038  BLASTC comp=686 exkBps=0 cgap_us[min/avg/max]=1382/1457/20747
   6.038  BLAST phy=2/2 att=686 ok=686 enomem=0 err=0 call_us[min/avg/max]=1217/1446/20737 okgap_max_us=20748
   6.098  t=3s RTT mean=0 min=0 max=0 n=0 to=0 | cancels=0(+0/s) seqbad=0 len_bad=0 disc=0(0x00) | tot_n=0 tot_to=0 maxever=0 >2ms=0 >5ms=0 >15ms=0 >20ms=0 >30ms=0 | probes=0 wrfail=0 down=1s maxout=1s
   6.098  BLASTC comp=667 exkBps=0 cgap_us[min/avg/max]=1392/1499/48608
   6.098  BLAST phy=2/2 att=667 ok=667 enomem=0 err=0 call_us[min/avg/max]=1325/1487/48598 okgap_max_us=48609
   6.098  t=4s RTT mean=0 min=0 max=0 n=0 to=0 | cancels=0(+0/s) seqbad=0 len_bad=0 disc=0(0x00) | tot_n=0 tot_to=0 maxever=0 >2ms=0 >5ms=0 >15ms=0 >20ms=0 >30ms=0 | probes=0 wrfail=0 down=1s maxout=1s
   7.424  FSU: request [52..52] us (ACL both dirs, 1M+2M) rc=0
   7.424  FSU: updated status=0x00 spacing=52 us phys=0x3 types=0x3 initiator=0
   7.424  BLASTC comp=759 exkBps=0 cgap_us[min/avg/max]=1196/1316/10499
   7.424  BLAST phy=2/2 att=759 ok=759 enomem=0 err=0 call_us[min/avg/max]=1119/1305/10489 okgap_max_us=10500
   7.424  t=5s RTT mean=0 min=0 max=0 n=0 to=0 | cancels=0(+0/s) seqbad=0 len_bad=0 disc=0(0x00) | tot_n=0 tot_to=0 maxever=0 >2ms=0 >5ms=0 >15ms=0 >20ms=0 >30ms=0 | probes=0 wrfail=0 down=1s maxout=1s
   9.048  BLASTC comp=819 exkBps=0 cgap_us[min/avg/max]=1190/1221/2390
   9.048  BLAST phy=2/2 att=819 ok=819 enomem=0 err=0 call_us[min/avg/max]=1035/1209/2378 okgap_max_us=2389
   9.048  t=6s RTT mean=0 min=0 max=0 n=0 to=0 | cancels=0(+0/s) seqbad=0 len_bad=0 disc=0(0x00) | tot_n=0 tot_to=0 maxever=0 >2ms=0 >5ms=0 >15ms=0 >20ms=0 >30ms=0 | probes=0 wrfail=0 down=1s maxout=1s
   9.103  BLASTC comp=796 exkBps=0 cgap_us[min/avg/max]=1196/1256/30849
   9.103  BLAST phy=2/2 att=796 ok=796 enomem=0 err=0 call_us[min/avg/max]=1119/1244/30839 okgap_max_us=30850
   9.103  t=7s RTT mean=0 min=0 max=0 n=0 to=0 | cancels=0(+0/s) seqbad=0 len_bad=0 disc=0(0x00) | tot_n=0 tot_to=0 maxever=0 >2ms=0 >5ms=0 >15ms=0 >20ms=0 >30ms=0 | probes=0 wrfail=0 down=1s maxout=1s
  11.052  BLASTC comp=779 exkBps=0 cgap_us[min/avg/max]=1188/1283/52119
  11.053  BLAST phy=2/2 att=779 ok=779 enomem=0 err=0 call_us[min/avg/max]=1119/1272/52109 okgap_max_us=52120
  11.053  t=8s RTT mean=0 min=0 max=0 n=0 to=0 | cancels=0(+0/s) seqbad=0 len_bad=0 disc=0(0x00) | tot_n=0 tot_to=0 maxever=0 >2ms=0 >5ms=0 >15ms=0 >20ms=0 >30ms=0 | probes=0 wrfail=0 down=1s maxout=1s
  11.112  t=9s RTT mean=0 min=0 max=0 n=0 to=0 | cancels=0(+0/s) seqbad=0 len_bad=0 disc=0(0x00) | tot_n=0 tot_to=0 maxever=0 >2ms=0 >5ms=0 >15ms=0 >20ms=0 >30ms=0 | probes=0 wrfail=0 down=1s maxout=1s
  11.112  BLASTC comp=800 exkBps=0 cgap_us[min/avg/max]=1196/1255/16485
  11.112  BLAST phy=2/2 att=800 ok=800 enomem=0 err=0 call_us[min/avg/max]=1119/1244/16474 okgap_max_us=16485
  13.017  BLASTC comp=811 exkBps=0 cgap_us[min/avg/max]=1195/1227/9302
  13.072  BLAST phy=2/2 att=811 ok=811 enomem=0 err=0 call_us[min/avg/max]=1119/1216/9292 okgap_max_us=15352
  13.072  t=10s RTT mean=0 min=0 max=0 n=0 to=0 | cancels=0(+0/s) seqbad=0 len_bad=0 disc=0(0x00) | tot_n=0 tot_to=0 maxever=0 >2ms=0 >5ms=0 >15ms=0 >20ms=0 >30ms=0 | probes=0 wrfail=0 down=1s maxout=1s
  13.072  BLASTC comp=769 exkBps=0 cgap_us[min/avg/max]=1196/1300/47607
  13.073  BLAST phy=2/2 att=769 ok=769 enomem=0 err=0 call_us[min/avg/max]=1119/1289/47596 okgap_max_us=47607
  13.131  t=11s RTT mean=0 min=0 max=0 n=0 to=0 | cancels=0(+0/s) seqbad=0 len_bad=0 disc=0(0x00) | tot_n=0 tot_to=0 maxever=0 >2ms=0 >5ms=0 >15ms=0 >20ms=0 >30ms=0 | probes=0 wrfail=0 down=1s maxout=1s
  15.048  BLASTC comp=780 exkBps=0 cgap_us[min/avg/max]=1187/1282/27258
  15.048  BLAST phy=2/2 att=780 ok=780 enomem=0 err=0 call_us[min/avg/max]=1119/1270/27247 okgap_max_us=27258
  15.048  t=12s RTT mean=0 min=0 max=0 n=0 to=0 | cancels=0(+0/s) seqbad=0 len_bad=0 disc=0(0x00) | tot_n=0 tot_to=0 maxever=0 >2ms=0 >5ms=0 >15ms=0 >20ms=0 >30ms=0 | probes=0 wrfail=0 down=1s maxout=1s
  15.103  BLASTC comp=820 exkBps=0 cgap_us[min/avg/max]=1196/1219/2130
  15.103  BLAST phy=2/2 att=820 ok=820 enomem=0 err=0 call_us[min/avg/max]=1119/1208/2119 okgap_max_us=2130
  15.103  t=13s RTT mean=0 min=0 max=0 n=0 to=0 | cancels=0(+0/s) seqbad=0 len_bad=0 disc=0(0x00) | tot_n=0 tot_to=0 maxever=0 >2ms=0 >5ms=0 >15ms=0 >20ms=0 >30ms=0 | probes=0 wrfail=0 down=1s maxout=1s
  17.038  BLASTC comp=817 exkBps=0 cgap_us[min/avg/max]=1187/1223/5711
  17.038  BLAST phy=2/2 att=817 ok=817 enomem=0 err=0 call_us[min/avg/max]=1119/1212/5701 okgap_max_us=5712
  17.098  t=14s RTT mean=0 min=0 max=0 n=0 to=0 | cancels=0(+0/s) seqbad=0 len_bad=0 disc=0(0x00) | tot_n=0 tot_to=0 maxever=0 >2ms=0 >5ms=0 >15ms=0 >20ms=0 >30ms=0 | probes=0 wrfail=0 down=1s maxout=1s
  17.098  BLASTC comp=812 exkBps=0 cgap_us[min/avg/max]=1195/1231/11697
  17.098  BLAST phy=2/2 att=812 ok=812 enomem=0 err=0 call_us[min/avg/max]=1119/1220/11687 okgap_max_us=11698
  17.098  t=15s RTT mean=0 min=0 max=0 n=0 to=0 | cancels=0(+0/s) seqbad=0 len_bad=0 disc=0(0x00) | tot_n=0 tot_to=0 maxever=0 >2ms=0 >5ms=0 >15ms=0 >20ms=0 >30ms=0 | probes=0 wrfail=0 down=1s maxout=1s
  19.024  BLASTC comp=820 exkBps=0 cgap_us[min/avg/max]=1187/1219/2127
  19.024  BLAST phy=2/2 att=820 ok=820 enomem=0 err=0 call_us[min/avg/max]=1119/1208/2118 okgap_max_us=2129
  19.084  t=16s RTT mean=0 min=0 max=0 n=0 to=0 | cancels=0(+0/s) seqbad=0 len_bad=0 disc=0(0x00) | tot_n=0 tot_to=0 maxever=0 >2ms=0 >5ms=0 >15ms=0 >20ms=0 >30ms=0 | probes=0 wrfail=0 down=1s maxout=1s
  19.084  BLASTC comp=789 exkBps=0 cgap_us[min/avg/max]=1193/1267/28455
  19.084  BLAST phy=2/2 att=789 ok=789 enomem=0 err=0 call_us[min/avg/max]=1119/1256/28445 okgap_max_us=28456
  19.084  t=17s RTT mean=0 min=0 max=0 n=0 to=0 | cancels=0(+0/s) seqbad=0 len_bad=0 disc=0(0x00) | tot_n=0 tot_to=0 maxever=0 >2ms=0 >5ms=0 >15ms=0 >20ms=0 >30ms=0 | probes=0 wrfail=0 down=1s maxout=1s
  21.038  BLASTC comp=800 exkBps=0 cgap_us[min/avg/max]=1187/1250/23667
  21.038  BLAST phy=2/2 att=800 ok=800 enomem=0 err=0 call_us[min/avg/max]=1119/1238/23656 okgap_max_us=23667
  21.098  t=18s RTT mean=0 min=0 max=0 n=0 to=0 | cancels=0(+0/s) seqbad=0 len_bad=0 disc=0(0x00) | tot_n=0 tot_to=0 maxever=0 >2ms=0 >5ms=0 >15ms=0 >20ms=0 >30ms=0 | probes=0 wrfail=0 down=1s maxout=1s
  21.098  t=19s RTT mean=0 min=0 max=0 n=0 to=0 | cancels=0(+0/s) seqbad=0 len_bad=0 disc=0(0x00) | tot_n=0 tot_to=0 maxever=0 >2ms=0 >5ms=0 >15ms=0 >20ms=0 >30ms=0 | probes=0 wrfail=0 down=1s maxout=1s
  21.098  BLASTC comp=797 exkBps=0 cgap_us[min/avg/max]=1193/1260/33238
  21.098  BLAST phy=2/2 att=797 ok=797 enomem=0 err=0 call_us[min/avg/max]=1119/1249/33226 okgap_max_us=2129
  23.065  BLASTC comp=797 exkBps=0 cgap_us[min/avg/max]=1195/1249/26060
  23.065  BLAST phy=2/2 att=797 ok=797 enomem=0 err=0 call_us[min/avg/max]=1119/1237/26050 okgap_max_us=33298
  23.065  t=20s RTT mean=0 min=0 max=0 n=0 to=0 | cancels=0(+0/s) seqbad=0 len_bad=0 disc=0(0x00) | tot_n=0 tot_to=0 maxever=0 >2ms=0 >5ms=0 >15ms=0 >20ms=0 >30ms=0 | probes=0 wrfail=0 down=1s maxout=1s
  23.065  BLASTC comp=750 exkBps=0 cgap_us[min/avg/max]=1193/1333/41623
  23.065  BLAST phy=2/2 att=750 ok=750 enomem=0 err=0 call_us[min/avg/max]=1119/1321/41613 okgap_max_us=41624
  23.122  t=21s RTT mean=0 min=0 max=0 n=0 to=0 | cancels=0(+0/s) seqbad=0 len_bad=0 disc=0(0x00) | tot_n=0 tot_to=0 maxever=0 >2ms=0 >5ms=0 >15ms=0 >20ms=0 >30ms=0 | probes=0 wrfail=0 down=1s maxout=1s
  25.018  BLASTC comp=820 exkBps=0 cgap_us[min/avg/max]=1188/1219/2129
  25.073  BLAST phy=2/2 att=820 ok=820 enomem=0 err=0 call_us[min/avg/max]=1119/1208/2120 okgap_max_us=2131
  25.073  t=22s RTT mean=0 min=0 max=0 n=0 to=0 | cancels=0(+0/s) seqbad=0 len_bad=0 disc=0(0x00) | tot_n=0 tot_to=0 maxever=0 >2ms=0 >5ms=0 >15ms=0 >20ms=0 >30ms=0 | probes=0 wrfail=0 down=1s maxout=1s
  25.073  BLASTC comp=802 exkBps=0 cgap_us[min/avg/max]=1193/1246/23667
  25.073  BLAST phy=2/2 att=802 ok=802 enomem=0 err=0 call_us[min/avg/max]=1119/1235/23656 okgap_max_us=23667
  25.133  t=23s RTT mean=0 min=0 max=0 n=0 to=0 | cancels=0(+0/s) seqbad=0 len_bad=0 disc=0(0x00) | tot_n=0 tot_to=0 maxever=0 >2ms=0 >5ms=0 >15ms=0 >20ms=0 >30ms=0 | probes=0 wrfail=0 down=1s maxout=1s
  27.031  BLASTC comp=803 exkBps=0 cgap_us[min/avg/max]=1188/1245/22470
  27.031  BLAST phy=2/2 att=803 ok=803 enomem=0 err=0 call_us[min/avg/max]=1119/1233/22460 okgap_max_us=22471
  27.091  t=24s RTT mean=0 min=0 max=0 n=0 to=0 | cancels=0(+0/s) seqbad=0 len_bad=0 disc=0(0x00) | tot_n=0 tot_to=0 maxever=0 >2ms=0 >5ms=0 >15ms=0 >20ms=0 >30ms=0 | probes=0 wrfail=0 down=1s maxout=1s
  27.092  BLASTC comp=820 exkBps=0 cgap_us[min/avg/max]=1193/1219/2131
  27.092  BLAST phy=2/2 att=820 ok=820 enomem=0 err=0 call_us[min/avg/max]=1119/1208/2126 okgap_max_us=2138
  27.092  t=25s RTT mean=0 min=0 max=0 n=0 to=0 | cancels=0(+0/s) seqbad=0 len_bad=0 disc=0(0x00) | tot_n=0 tot_to=0 maxever=0 >2ms=0 >5ms=0 >15ms=0 >20ms=0 >30ms=0 | probes=0 wrfail=0 down=1s maxout=1s
  29.026  BLASTC comp=793 exkBps=0 cgap_us[min/avg/max]=1188/1261/30849
  29.027  BLAST phy=2/2 att=793 ok=793 enomem=0 err=0 call_us[min/avg/max]=1119/1249/30838 okgap_max_us=30849
  29.083  t=26s RTT mean=0 min=0 max=0 n=0 to=0 | cancels=0(+0/s) seqbad=0 len_bad=0 disc=0(0x00) | tot_n=0 tot_to=0 maxever=0 >2ms=0 >5ms=0 >15ms=0 >20ms=0 >30ms=0 | probes=0 wrfail=0 down=1s maxout=1s
  29.083  BLASTC comp=770 exkBps=0 cgap_us[min/avg/max]=1195/1304/39215
  29.083  BLAST phy=2/2 att=770 ok=770 enomem=0 err=0 call_us[min/avg/max]=1119/1293/39198 okgap_max_us=27258
  29.084  t=27s RTT mean=0 min=0 max=0 n=0 to=0 | cancels=0(+0/s) seqbad=0 len_bad=0 disc=0(0x00) | tot_n=0 tot_to=0 maxever=0 >2ms=0 >5ms=0 >15ms=0 >20ms=0 >30ms=0 | probes=0 wrfail=0 down=1s maxout=1s
  31.019  BLASTC comp=817 exkBps=0 cgap_us[min/avg/max]=1195/1218/2130
  31.080  BLAST phy=2/2 att=817 ok=817 enomem=0 err=0 call_us[min/avg/max]=1119/1207/2120 okgap_max_us=39270
  31.080  t=28s RTT mean=0 min=0 max=0 n=0 to=0 | cancels=0(+0/s) seqbad=0 len_bad=0 disc=0(0x00) | tot_n=0 tot_to=0 maxever=0 >2ms=0 >5ms=0 >15ms=0 >20ms=0 >30ms=0 | probes=0 wrfail=0 down=1s maxout=1s
  31.080  BLASTC comp=818 exkBps=0 cgap_us[min/avg/max]=1195/1222/3317
  31.080  BLAST phy=2/2 att=818 ok=818 enomem=0 err=0 call_us[min/avg/max]=1119/1211/3238 okgap_max_us=3249
  31.135  t=29s RTT mean=0 min=0 max=0 n=0 to=0 | cancels=0(+0/s) seqbad=0 len_bad=0 disc=0(0x00) | tot_n=0 tot_to=0 maxever=0 >2ms=0 >5ms=0 >15ms=0 >20ms=0 >30ms=0 | probes=0 wrfail=0 down=1s maxout=1s
