   0.688  PHY tx=2 rx=2
   0.688  discovery start (post-PHY +500ms) interval=7500 phy2m=1
   0.688  SUBSCRIBED, vh=14
   0.688  BLAST: phy_update->2M rc=0
   0.688  BLAST first16_call_us: 142 143 135 137 136 137 137 136 210 139 137 136 137 136 137 137
   1.673  PHY tx=2 rx=2
   1.733  BLASTC comp=206 exkBps=0 cgap_us[min/avg/max]=146/1454/19716
   1.733  BLAST phy=2/2 att=226 ok=226 enomem=0 err=0 call_us[min/avg/max]=53/1308/19690 okgap_max_us=19701
   1.733  t=1s RTT mean=0 min=0 max=0 n=0 to=0 | cancels=0(+0/s) seqbad=0 len_bad=0 disc=0(0x00) | tot_n=0 tot_to=0 maxever=0 >2ms=0 >5ms=0 >15ms=0 >20ms=0 >30ms=0 | probes=0 wrfail=0 down=0s maxout=0s
   2.069  *** Booting Zephyr OS build v4.4.2-16-gfee9fbc62095 ***
   2.069  [00:04:04.480,224] [0m<inf> bt_hci_core: HW Platform: Nordic Semiconductor (0x0002)[0m
   2.069  [00:04:04.480,237] [0m<inf> bt_hci_core: HW Variant: nRF54Lx (0x0005)[0m
   2.069  [00:04:04.480,249] [0m<inf> bt_hci_core: Firmware: Standard Bluetooth controller (0x00) Version 4.4 Build 2[0m
   2.129  [00:04:04.480,615] [0m<inf> bt_hci_core: HCI transport: Controller[0m
   2.129  [00:04:04.480,663] [0m<inf> bt_hci_core: Identity: FC:BE:FF:FA:E6:8B (random)[0m
   2.129  [00:04:04.480,679] [0m<inf> bt_hci_core: HCI: version 5.4 (0x0d) revision 0x0000, manufacturer 0x05f1[0m
   2.129  [00:04:04.480,694] [0m<inf> bt_hci_core: LMP: version 5.4 (0x0d) subver 0xffff[0m
   2.129  
   2.129  === nRF54L15 RTT ping-pong CENTRAL ===
   2.129  scan rc=0
   2.129  Q2CONN AA=d69e3445 CRCINIT=1ea4d7 hop=8 chan_count=37 map=ffffffff1f
   2.130  GAP connected interval=7500
   2.130  MTU err=0 mtu=247
   2.798  PHY tx=2 rx=2
   2.798  discovery start (post-PHY +500ms) interval=7500 phy2m=1
   2.798  SUBSCRIBED, vh=14
   2.798  BLAST: phy_update->2M rc=0
   2.798  BLAST first16_call_us: 142 135 135 137 137 136 215 138 137 136 137 136 137 136 137 154
   3.797  PHY tx=2 rx=2
   3.854  t=1s RTT mean=0 min=0 max=0 n=0 to=0 | cancels=0(+0/s) seqbad=0 len_bad=0 disc=0(0x00) | tot_n=0 tot_to=0 maxever=0 >2ms=0 >5ms=0 >15ms=0 >20ms=0 >30ms=0 | probes=0 wrfail=0 down=0s maxout=0s
   3.854  BLASTC comp=207 exkBps=0 cgap_us[min/avg/max]=146/1452/19718
   3.854  BLAST phy=2/2 att=227 ok=227 enomem=0 err=0 call_us[min/avg/max]=53/1307/19691 okgap_max_us=19703
   5.071  BLASTC comp=664 exkBps=0 cgap_us[min/avg/max]=1329/1504/4715
   5.071  BLAST phy=2/2 att=664 ok=664 enomem=0 err=0 call_us[min/avg/max]=1256/1492/4705 okgap_max_us=4716
   5.071  t=2s RTT mean=0 min=0 max=0 n=0 to=0 | cancels=0(+0/s) seqbad=0 len_bad=0 disc=0(0x00) | tot_n=0 tot_to=0 maxever=0 >2ms=0 >5ms=0 >15ms=0 >20ms=0 >30ms=0 | probes=0 wrfail=0 down=0s maxout=0s
   5.130  t=3s RTT mean=0 min=0 max=0 n=0 to=0 | cancels=0(+0/s) seqbad=0 len_bad=0 disc=0(0x00) | tot_n=0 tot_to=0 maxever=0 >2ms=0 >5ms=0 >15ms=0 >20ms=0 >30ms=0 | probes=0 wrfail=0 down=0s maxout=0s
   5.131  BLASTC comp=661 exkBps=0 cgap_us[min/avg/max]=1330/1514/9428
   5.131  BLAST phy=2/2 att=661 ok=661 enomem=0 err=0 call_us[min/avg/max]=1317/1502/9418 okgap_max_us=9429
   6.762  FSU: request [52..52] us (ACL both dirs, 1M+2M) rc=0
   6.762  FSU: updated status=0x00 spacing=52 us phys=0x3 types=0x3 initiator=0
   6.762  BLASTC comp=704 exkBps=0 cgap_us[min/avg/max]=1195/1419/1932
   6.762  BLAST phy=2/2 att=704 ok=704 enomem=0 err=0 call_us[min/avg/max]=1184/1408/1924 okgap_max_us=1936
   6.821  t=4s RTT mean=0 min=0 max=0 n=0 to=0 | cancels=0(+0/s) seqbad=0 len_bad=0 disc=0(0x00) | tot_n=0 tot_to=0 maxever=0 >2ms=0 >5ms=0 >15ms=0 >20ms=0 >30ms=0 | probes=0 wrfail=0 down=0s maxout=0s
   8.089  BLASTC comp=800 exkBps=0 cgap_us[min/avg/max]=1190/1249/1426
   8.089  BLAST phy=2/2 att=800 ok=800 enomem=0 err=0 call_us[min/avg/max]=1137/1238/1414 okgap_max_us=1426
   8.089  t=5s RTT mean=0 min=0 max=0 n=0 to=0 | cancels=0(+0/s) seqbad=0 len_bad=0 disc=0(0x00) | tot_n=0 tot_to=0 maxever=0 >2ms=0 >5ms=0 >15ms=0 >20ms=0 >30ms=0 | probes=0 wrfail=0 down=0s maxout=0s
   8.089  BLASTC comp=795 exkBps=0 cgap_us[min/avg/max]=1194/1258/7501
   8.149  BLAST phy=2/2 att=795 ok=795 enomem=0 err=0 call_us[min/avg/max]=1182/1246/7491 okgap_max_us=7502
   8.149  t=6s RTT mean=0 min=0 max=0 n=0 to=0 | cancels=0(+0/s) seqbad=0 len_bad=0 disc=0(0x00) | tot_n=0 tot_to=0 maxever=0 >2ms=0 >5ms=0 >15ms=0 >20ms=0 >30ms=0 | probes=0 wrfail=0 down=0s maxout=0s
  10.048  BLASTC comp=798 exkBps=0 cgap_us[min/avg/max]=1177/1252/3910
  10.106  BLAST phy=2/2 att=798 ok=798 enomem=0 err=0 call_us[min/avg/max]=1113/1241/3900 okgap_max_us=3911
  10.107  t=7s RTT mean=0 min=0 max=0 n=0 to=0 | cancels=0(+0/s) seqbad=0 len_bad=0 disc=0(0x00) | tot_n=0 tot_to=0 maxever=0 >2ms=0 >5ms=0 >15ms=0 >20ms=0 >30ms=0 | probes=0 wrfail=0 down=0s maxout=0s
  10.107  BLASTC comp=797 exkBps=0 cgap_us[min/avg/max]=1195/1254/5107
  10.107  BLAST phy=2/2 att=797 ok=797 enomem=0 err=0 call_us[min/avg/max]=1172/1243/5097 okgap_max_us=5108
  10.159  t=8s RTT mean=0 min=0 max=0 n=0 to=0 | cancels=0(+0/s) seqbad=0 len_bad=0 disc=0(0x00) | tot_n=0 tot_to=0 maxever=0 >2ms=0 >5ms=0 >15ms=0 >20ms=0 >30ms=0 | probes=0 wrfail=0 down=0s maxout=0s
  12.095  BLASTC comp=794 exkBps=0 cgap_us[min/avg/max]=1185/1259/7501
  12.095  BLAST phy=2/2 att=794 ok=794 enomem=0 err=0 call_us[min/avg/max]=1080/1248/7490 okgap_max_us=7502
  12.095  t=9s RTT mean=0 min=0 max=0 n=0 to=0 | cancels=0(+0/s) seqbad=0 len_bad=0 disc=0(0x00) | tot_n=0 tot_to=0 maxever=0 >2ms=0 >5ms=0 >15ms=0 >20ms=0 >30ms=0 | probes=0 wrfail=0 down=0s maxout=0s
  12.095  BLASTC comp=799 exkBps=0 cgap_us[min/avg/max]=1196/1251/2711
  12.096  BLAST phy=2/2 att=799 ok=799 enomem=0 err=0 call_us[min/avg/max]=1122/1240/2700 okgap_max_us=2711
  12.153  t=10s RTT mean=0 min=0 max=0 n=0 to=0 | cancels=0(+0/s) seqbad=0 len_bad=0 disc=0(0x00) | tot_n=0 tot_to=0 maxever=0 >2ms=0 >5ms=0 >15ms=0 >20ms=0 >30ms=0 | probes=0 wrfail=0 down=0s maxout=0s
  14.074  BLASTC comp=795 exkBps=0 cgap_us[min/avg/max]=1187/1257/7501
  14.075  BLAST phy=2/2 att=795 ok=795 enomem=0 err=0 call_us[min/avg/max]=1115/1246/7490 okgap_max_us=7501
  14.075  t=11s RTT mean=0 min=0 max=0 n=0 to=0 | cancels=0(+0/s) seqbad=0 len_bad=0 disc=0(0x00) | tot_n=0 tot_to=0 maxever=0 >2ms=0 >5ms=0 >15ms=0 >20ms=0 >30ms=0 | probes=0 wrfail=0 down=0s maxout=0s
  14.135  BLASTC comp=796 exkBps=0 cgap_us[min/avg/max]=1194/1256/6305
  14.135  BLAST phy=2/2 att=796 ok=796 enomem=0 err=0 call_us[min/avg/max]=1181/1245/6294 okgap_max_us=6305
  14.135  t=12s RTT mean=0 min=0 max=0 n=0 to=0 | cancels=0(+0/s) seqbad=0 len_bad=0 disc=0(0x00) | tot_n=0 tot_to=0 maxever=0 >2ms=0 >5ms=0 >15ms=0 >20ms=0 >30ms=0 | probes=0 wrfail=0 down=0s maxout=0s
  16.054  BLASTC comp=799 exkBps=0 cgap_us[min/avg/max]=1173/1251/2711
  16.054  BLAST phy=2/2 att=799 ok=799 enomem=0 err=0 call_us[min/avg/max]=1102/1240/2700 okgap_max_us=2711
  16.115  t=13s RTT mean=0 min=0 max=0 n=0 to=0 | cancels=0(+0/s) seqbad=0 len_bad=0 disc=0(0x00) | tot_n=0 tot_to=0 maxever=0 >2ms=0 >5ms=0 >15ms=0 >20ms=0 >30ms=0 | probes=0 wrfail=0 down=0s maxout=0s
  16.115  BLASTC comp=796 exkBps=0 cgap_us[min/avg/max]=1195/1256/6304
  16.115  BLAST phy=2/2 att=796 ok=796 enomem=0 err=0 call_us[min/avg/max]=1122/1244/6293 okgap_max_us=6305
  16.115  t=14s RTT mean=0 min=0 max=0 n=0 to=0 | cancels=0(+0/s) seqbad=0 len_bad=0 disc=0(0x00) | tot_n=0 tot_to=0 maxever=0 >2ms=0 >5ms=0 >15ms=0 >20ms=0 >30ms=0 | probes=0 wrfail=0 down=0s maxout=0s
  18.079  BLASTC comp=800 exkBps=0 cgap_us[min/avg/max]=1189/1250/1427
  18.079  BLAST phy=2/2 att=800 ok=800 enomem=0 err=0 call_us[min/avg/max]=1084/1238/1415 okgap_max_us=1427
  18.079  t=15s RTT mean=0 min=0 max=0 n=0 to=0 | cancels=0(+0/s) seqbad=0 len_bad=0 disc=0(0x00) | tot_n=0 tot_to=0 maxever=0 >2ms=0 >5ms=0 >15ms=0 >20ms=0 >30ms=0 | probes=0 wrfail=0 down=0s maxout=0s
  18.134  BLASTC comp=800 exkBps=0 cgap_us[min/avg/max]=1195/1249/1427
  18.134  BLAST phy=2/2 att=800 ok=800 enomem=0 err=0 call_us[min/avg/max]=1121/1238/1415 okgap_max_us=1427
  18.135  t=16s RTT mean=0 min=0 max=0 n=0 to=0 | cancels=0(+0/s) seqbad=0 len_bad=0 disc=0(0x00) | tot_n=0 tot_to=0 maxever=0 >2ms=0 >5ms=0 >15ms=0 >20ms=0 >30ms=0 | probes=0 wrfail=0 down=0s maxout=0s
  20.054  BLASTC comp=797 exkBps=0 cgap_us[min/avg/max]=1186/1254/5108
  20.054  BLAST phy=2/2 att=797 ok=797 enomem=0 err=0 call_us[min/avg/max]=1115/1243/5097 okgap_max_us=5108
  20.115  t=17s RTT mean=0 min=0 max=0 n=0 to=0 | cancels=0(+0/s) seqbad=0 len_bad=0 disc=0(0x00) | tot_n=0 tot_to=0 maxever=0 >2ms=0 >5ms=0 >15ms=0 >20ms=0 >30ms=0 | probes=0 wrfail=0 down=0s maxout=0s
  20.115  BLASTC comp=790 exkBps=0 cgap_us[min/avg/max]=1194/1265/7501
  20.115  BLAST phy=2/2 att=790 ok=790 enomem=0 err=0 call_us[min/avg/max]=1181/1254/7490 okgap_max_us=7502
  20.115  t=18s RTT mean=0 min=0 max=0 n=0 to=0 | cancels=0(+0/s) seqbad=0 len_bad=0 disc=0(0x00) | tot_n=0 tot_to=0 maxever=0 >2ms=0 >5ms=0 >15ms=0 >20ms=0 >30ms=0 | probes=0 wrfail=0 down=0s maxout=0s
  22.047  BLASTC comp=800 exkBps=0 cgap_us[min/avg/max]=1173/1249/1426
  22.104  BLAST phy=2/2 att=800 ok=800 enomem=0 err=0 call_us[min/avg/max]=1102/1238/1415 okgap_max_us=1426
  22.104  t=19s RTT mean=0 min=0 max=0 n=0 to=0 | cancels=0(+0/s) seqbad=0 len_bad=0 disc=0(0x00) | tot_n=0 tot_to=0 maxever=0 >2ms=0 >5ms=0 >15ms=0 >20ms=0 >30ms=0 | probes=0 wrfail=0 down=0s maxout=0s
  22.104  BLASTC comp=799 exkBps=0 cgap_us[min/avg/max]=1194/1251/2390
  22.104  BLAST phy=2/2 att=799 ok=799 enomem=0 err=0 call_us[min/avg/max]=1123/1240/2379 okgap_max_us=2390
  22.160  t=20s RTT mean=0 min=0 max=0 n=0 to=0 | cancels=0(+0/s) seqbad=0 len_bad=0 disc=0(0x00) | tot_n=0 tot_to=0 maxever=0 >2ms=0 >5ms=0 >15ms=0 >20ms=0 >30ms=0 | probes=0 wrfail=0 down=0s maxout=0s
  24.056  BLASTC comp=795 exkBps=0 cgap_us[min/avg/max]=1193/1258/7500
  24.056  BLAST phy=2/2 att=795 ok=795 enomem=0 err=0 call_us[min/avg/max]=1182/1246/7490 okgap_max_us=7501
  24.117  t=21s RTT mean=0 min=0 max=0 n=0 to=0 | cancels=0(+0/s) seqbad=0 len_bad=0 disc=0(0x00) | tot_n=0 tot_to=0 maxever=0 >2ms=0 >5ms=0 >15ms=0 >20ms=0 >30ms=0 | probes=0 wrfail=0 down=0s maxout=0s
  24.117  BLASTC comp=800 exkBps=0 cgap_us[min/avg/max]=1195/1249/1427
  24.117  BLAST phy=2/2 att=800 ok=800 enomem=0 err=0 call_us[min/avg/max]=1122/1238/1416 okgap_max_us=1427
  24.117  t=22s RTT mean=0 min=0 max=0 n=0 to=0 | cancels=0(+0/s) seqbad=0 len_bad=0 disc=0(0x00) | tot_n=0 tot_to=0 maxever=0 >2ms=0 >5ms=0 >15ms=0 >20ms=0 >30ms=0 | probes=0 wrfail=0 down=0s maxout=0s
  26.047  BLASTC comp=795 exkBps=0 cgap_us[min/avg/max]=1187/1257/7501
  26.106  BLAST phy=2/2 att=795 ok=795 enomem=0 err=0 call_us[min/avg/max]=1081/1246/7490 okgap_max_us=7501
  26.106  t=23s RTT mean=0 min=0 max=0 n=0 to=0 | cancels=0(+0/s) seqbad=0 len_bad=0 disc=0(0x00) | tot_n=0 tot_to=0 maxever=0 >2ms=0 >5ms=0 >15ms=0 >20ms=0 >30ms=0 | probes=0 wrfail=0 down=0s maxout=0s
  26.106  BLASTC comp=800 exkBps=0 cgap_us[min/avg/max]=1194/1250/1427
  26.106  BLAST phy=2/2 att=800 ok=800 enomem=0 err=0 call_us[min/avg/max]=1181/1238/1416 okgap_max_us=1427
  26.167  t=24s RTT mean=0 min=0 max=0 n=0 to=0 | cancels=0(+0/s) seqbad=0 len_bad=0 disc=0(0x00) | tot_n=0 tot_to=0 maxever=0 >2ms=0 >5ms=0 >15ms=0 >20ms=0 >30ms=0 | probes=0 wrfail=0 down=0s maxout=0s
  28.068  BLASTC comp=793 exkBps=0 cgap_us[min/avg/max]=1174/1260/8922
  28.068  BLAST phy=2/2 att=793 ok=793 enomem=0 err=0 call_us[min/avg/max]=1102/1249/8911 okgap_max_us=8922
  28.128  t=25s RTT mean=0 min=0 max=0 n=0 to=0 | cancels=0(+0/s) seqbad=0 len_bad=0 disc=0(0x00) | tot_n=0 tot_to=0 maxever=0 >2ms=0 >5ms=0 >15ms=0 >20ms=0 >30ms=0 | probes=0 wrfail=0 down=0s maxout=0s
  28.129  BLASTC comp=800 exkBps=0 cgap_us[min/avg/max]=1195/1249/1427
  28.129  BLAST phy=2/2 att=800 ok=800 enomem=0 err=0 call_us[min/avg/max]=1122/1238/1416 okgap_max_us=1427
  28.129  t=26s RTT mean=0 min=0 max=0 n=0 to=0 | cancels=0(+0/s) seqbad=0 len_bad=0 disc=0(0x00) | tot_n=0 tot_to=0 maxever=0 >2ms=0 >5ms=0 >15ms=0 >20ms=0 >30ms=0 | probes=0 wrfail=0 down=0s maxout=0s
  30.066  BLASTC comp=800 exkBps=0 cgap_us[min/avg/max]=1194/1250/1427
  30.066  BLAST phy=2/2 att=800 ok=800 enomem=0 err=0 call_us[min/avg/max]=1179/1238/1415 okgap_max_us=1427
  30.126  t=27s RTT mean=0 min=0 max=0 n=0 to=0 | cancels=0(+0/s) seqbad=0 len_bad=0 disc=0(0x00) | tot_n=0 tot_to=0 maxever=0 >2ms=0 >5ms=0 >15ms=0 >20ms=0 >30ms=0 | probes=0 wrfail=0 down=0s maxout=0s
  30.126  BLASTC comp=800 exkBps=0 cgap_us[min/avg/max]=1195/1249/1427
  30.126  BLAST phy=2/2 att=800 ok=800 enomem=0 err=0 call_us[min/avg/max]=1122/1238/1414 okgap_max_us=1426
  30.126  t=28s RTT mean=0 min=0 max=0 n=0 to=0 | cancels=0(+0/s) seqbad=0 len_bad=0 disc=0(0x00) | tot_n=0 tot_to=0 maxever=0 >2ms=0 >5ms=0 >15ms=0 >20ms=0 >30ms=0 | probes=0 wrfail=0 down=0s maxout=0s
