   0.060  Q3FSU-DONE role=P status=0x00 spacing=52 types=0x3 phys=0x2 initiator=2
   0.657  SINK rx: 47 KB/s (48251 B / 1000 ms) fsu=52 | cum_total=48251 B cum_segs=202
   1.707  *** Booting Zephyr OS build v4.4.2-16-gfee9fbc62095 ***
   1.707  
   1.707  === nRF52 L2CAP CoC SINK (Zephyr 4.4.1, seg_recv) ===
   1.707  L2CAP server on PSM 0x0080
   1.707  Advertising as 'zenoh-nrf-l2cap'
   1.990  GAP connected: interval=6
   2.048  PHY updated: tx=2 rx=2
   2.109  DLE updated: tx_max=27 rx_max=251
   2.109  CoC up — seg_recv sink ready (RX_CREDITS=64, MPS=247)
   2.169  Q3FSU-DONE role=P status=0x00 spacing=52 types=0x3 phys=0x2 initiator=2
   2.743  SINK rx: 43 KB/s (44891 B / 1000 ms) fsu=52 | cum_total=44891 B cum_segs=188
   3.760  SINK rx: 156 KB/s (160555 B / 1000 ms) fsu=52 | cum_total=205446 B cum_segs=857
   4.790  SINK rx: 156 KB/s (160565 B / 1000 ms) fsu=52 | cum_total=366011 B cum_segs=1526
   5.788  SINK rx: 157 KB/s (161515 B / 1000 ms) fsu=52 | cum_total=527526 B cum_segs=2199
   6.777  SINK rx: 157 KB/s (161280 B / 1000 ms) fsu=52 | cum_total=688806 B cum_segs=2871
   7.816  SINK rx: 156 KB/s (160085 B / 1000 ms) fsu=52 | cum_total=848891 B cum_segs=3538
   8.812  SINK rx: 157 KB/s (161515 B / 1000 ms) fsu=52 | cum_total=1010406 B cum_segs=4211
   9.789  SINK rx: 156 KB/s (159840 B / 1000 ms) fsu=52 | cum_total=1170246 B cum_segs=4877
  10.818  SINK rx: 156 KB/s (159840 B / 1000 ms) fsu=52 | cum_total=1330086 B cum_segs=5543
  11.810  SINK rx: 156 KB/s (159840 B / 1000 ms) fsu=52 | cum_total=1489926 B cum_segs=6209
  12.823  SINK rx: 156 KB/s (160085 B / 1000 ms) fsu=52 | cum_total=1650011 B cum_segs=6876
  13.812  SINK rx: 157 KB/s (160800 B / 1000 ms) fsu=52 | cum_total=1810811 B cum_segs=7546
  14.854  SINK rx: 157 KB/s (161035 B / 1000 ms) fsu=52 | cum_total=1971846 B cum_segs=8217
  15.849  SINK rx: 157 KB/s (161280 B / 1000 ms) fsu=52 | cum_total=2133126 B cum_segs=8889
  16.885  SINK rx: 155 KB/s (159360 B / 1000 ms) fsu=52 | cum_total=2292486 B cum_segs=9553
  17.875  SINK rx: 157 KB/s (161280 B / 1000 ms) fsu=52 | cum_total=2453766 B cum_segs=10225
  18.893  SINK rx: 157 KB/s (161525 B / 1000 ms) fsu=52 | cum_total=2615291 B cum_segs=10898
  19.871  SINK rx: 156 KB/s (159840 B / 1000 ms) fsu=52 | cum_total=2775131 B cum_segs=11564
  20.906  SINK rx: 157 KB/s (161515 B / 1000 ms) fsu=52 | cum_total=2936646 B cum_segs=12237
  21.895  SINK rx: 155 KB/s (159605 B / 1000 ms) fsu=52 | cum_total=3096251 B cum_segs=12902
  22.946  SINK rx: 157 KB/s (160800 B / 1000 ms) fsu=52 | cum_total=3257051 B cum_segs=13572
  23.926  SINK rx: 155 KB/s (159595 B / 1000 ms) fsu=52 | cum_total=3416646 B cum_segs=14237
  24.963  SINK rx: 157 KB/s (161525 B / 1000 ms) fsu=52 | cum_total=3578171 B cum_segs=14910
  25.952  SINK rx: 157 KB/s (161280 B / 1000 ms) fsu=52 | cum_total=3739451 B cum_segs=15582
  26.933  SINK rx: 155 KB/s (159360 B / 1000 ms) fsu=52 | cum_total=3898811 B cum_segs=16246
  27.952  SINK rx: 157 KB/s (161280 B / 1000 ms) fsu=52 | cum_total=4060091 B cum_segs=16918
  28.989  SINK rx: 157 KB/s (160800 B / 1000 ms) fsu=52 | cum_total=4220891 B cum_segs=17588
  29.975  SINK rx: 157 KB/s (161280 B / 1000 ms) fsu=52 | cum_total=4382171 B cum_segs=18260
  30.969  SINK rx: 157 KB/s (161515 B / 1000 ms) fsu=52 | cum_total=4543686 B cum_segs=18933
