   0.060  Q3FSU-DONE role=P status=0x00 spacing=65 types=0x3 phys=0x2 initiator=2
   0.527  SINK rx: 20 KB/s (21371 B / 1000 ms) fsu=65 | cum_total=21371 B cum_segs=90
   1.555  SINK rx: 125 KB/s (128875 B / 1000 ms) fsu=65 | cum_total=150246 B cum_segs=627
   1.722  *** Booting nRF Connect SDK v3.4.0-99553055607b ***
   1.722  *** Using Zephyr OS v4.4.0-bf801e4e3d19 ***
   1.722  
   1.722  === nRF52 L2CAP CoC SINK (Zephyr 4.4.1, seg_recv) ===
   1.722  L2CAP server on PSM 0x0080
   1.722  Advertising as 'zenoh-nrf-l2cap'
   2.113  GAP connected: interval=6
   2.168  PHY updated: tx=2 rx=2
   2.229  DLE updated: tx_max=251 rx_max=251
   2.229  CoC up — seg_recv sink ready (RX_CREDITS=64, MPS=247)
   2.289  Q3FSU-DONE role=P status=0x00 spacing=65 types=0x3 phys=0x2 initiator=2
   2.747  SINK rx: 21 KB/s (22331 B / 1000 ms) fsu=65 | cum_total=22331 B cum_segs=94
   3.737  SINK rx: 125 KB/s (128640 B / 1000 ms) fsu=65 | cum_total=150971 B cum_segs=630
   4.754  SINK rx: 126 KB/s (129355 B / 1000 ms) fsu=65 | cum_total=280326 B cum_segs=1169
   5.739  SINK rx: 125 KB/s (128885 B / 1000 ms) fsu=65 | cum_total=409211 B cum_segs=1706
   6.789  SINK rx: 126 KB/s (129120 B / 1000 ms) fsu=65 | cum_total=538331 B cum_segs=2244
   7.787  SINK rx: 126 KB/s (129120 B / 1000 ms) fsu=65 | cum_total=667451 B cum_segs=2782
   8.781  SINK rx: 126 KB/s (129120 B / 1000 ms) fsu=65 | cum_total=796571 B cum_segs=3320
   9.768  SINK rx: 126 KB/s (129120 B / 1000 ms) fsu=65 | cum_total=925691 B cum_segs=3858
  10.818  SINK rx: 125 KB/s (128875 B / 1000 ms) fsu=65 | cum_total=1054566 B cum_segs=4395
  11.810  SINK rx: 126 KB/s (129365 B / 1000 ms) fsu=65 | cum_total=1183931 B cum_segs=4934
  12.822  SINK rx: 125 KB/s (128875 B / 1000 ms) fsu=65 | cum_total=1312806 B cum_segs=5471
  13.804  SINK rx: 126 KB/s (129120 B / 1000 ms) fsu=65 | cum_total=1441926 B cum_segs=6009
  14.834  SINK rx: 125 KB/s (128885 B / 1000 ms) fsu=65 | cum_total=1570811 B cum_segs=6546
  15.851  SINK rx: 126 KB/s (129355 B / 1000 ms) fsu=65 | cum_total=1700166 B cum_segs=7085
  16.826  SINK rx: 125 KB/s (128885 B / 1000 ms) fsu=65 | cum_total=1829051 B cum_segs=7622
  17.853  SINK rx: 126 KB/s (129355 B / 1000 ms) fsu=65 | cum_total=1958406 B cum_segs=8161
  18.841  SINK rx: 125 KB/s (128885 B / 1000 ms) fsu=65 | cum_total=2087291 B cum_segs=8698
  19.891  SINK rx: 126 KB/s (129355 B / 1000 ms) fsu=65 | cum_total=2216646 B cum_segs=9237
  20.881  SINK rx: 125 KB/s (128885 B / 1000 ms) fsu=65 | cum_total=2345531 B cum_segs=9774
  21.920  SINK rx: 126 KB/s (129355 B / 1000 ms) fsu=65 | cum_total=2474886 B cum_segs=10313
  22.900  SINK rx: 125 KB/s (128885 B / 1000 ms) fsu=65 | cum_total=2603771 B cum_segs=10850
  23.921  SINK rx: 126 KB/s (129120 B / 1000 ms) fsu=65 | cum_total=2732891 B cum_segs=11388
  24.930  SINK rx: 126 KB/s (129120 B / 1000 ms) fsu=65 | cum_total=2862011 B cum_segs=11926
  25.953  SINK rx: 126 KB/s (129120 B / 1000 ms) fsu=65 | cum_total=2991131 B cum_segs=12464
  26.936  SINK rx: 126 KB/s (129120 B / 1000 ms) fsu=65 | cum_total=3120251 B cum_segs=13002
  27.955  SINK rx: 126 KB/s (129120 B / 1000 ms) fsu=65 | cum_total=3249371 B cum_segs=13540
  28.934  SINK rx: 126 KB/s (129120 B / 1000 ms) fsu=65 | cum_total=3378491 B cum_segs=14078
  29.960  SINK rx: 126 KB/s (129120 B / 1000 ms) fsu=65 | cum_total=3507611 B cum_segs=14616
  30.982  SINK rx: 126 KB/s (129120 B / 1000 ms) fsu=65 | cum_total=3636731 B cum_segs=15154
  31.976  SINK rx: 126 KB/s (129120 B / 1000 ms) fsu=65 | cum_total=3765851 B cum_segs=15692
