   0.060  PHY: tx=2 rx=2 (2=2M)
   0.060  dle req rc=0
   0.120  DLE: tx_max=251 rx_max=27
   0.120  l2cap_chan_connect rc=0
   0.120  L2CAP connected: tx.mtu=512 tx.mps=247 tx.credits=0 rx.mtu=245 rx.mps=247
   0.120  GATE conn: interval=6 (units 1.25ms) => 7.50 ms
   0.120  Q3FSU-REQ role=C auto min=52 max=150 phys=0x2 rc=0
   0.181  Q3FSU-DONE role=C status=0x00 spacing=52 types=0x3 phys=0x2 initiator=0
   0.468  blasting 480-byte SDUs...
   2.064  *** Booting Zephyr OS build v4.4.2-16-gfee9fbc62095 ***
   2.064  
   2.064  === nRF52840 L2CAP CoC central (Zephyr 4.4.1) ===
   2.064  scan start rc=0
   2.064  found D6:C7:60:B1:D3:0E (random) (rssi -33), connecting
   2.064  Q2CONN AA=140f0927 CRCINIT=2899ca hop=5 chan_count=37 map=ffffffff1f
   2.122  GAP connected
   2.122  phy req rc=0
   2.182  PHY: tx=2 rx=2 (2=2M)
   2.182  dle req rc=0
   2.182  DLE: tx_max=251 rx_max=27
   2.182  l2cap_chan_connect rc=0
   2.232  L2CAP connected: tx.mtu=512 tx.mps=247 tx.credits=0 rx.mtu=245 rx.mps=247
   2.233  GATE conn: interval=6 (units 1.25ms) => 7.50 ms
   2.233  Q3FSU-REQ role=C auto min=52 max=150 phys=0x2 rc=0
   2.233  Q3FSU-DONE role=C status=0x00 spacing=52 types=0x3 phys=0x2 initiator=0
   2.579  blasting 480-byte SDUs...
  12.402  RPT occ: events=0 mean_pkts/ev=0.00 max=0 nonempty_ev=0 fsu=52 | sender: sent=3362(+3362 SDU) eagain=0(+0) poolfail=0(+0)
  22.458  RPT occ: events=0 mean_pkts/ev=0.00 max=0 nonempty_ev=0 fsu=52 | sender: sent=6693(+3331 SDU) eagain=0(+0) poolfail=0(+0)
