   0.120  PHY: tx=2 rx=2 (2=2M)
   0.120  dle req rc=0
   0.120  DLE: tx_max=251 rx_max=251
   0.120  l2cap_chan_connect rc=0
   0.120  L2CAP connected: tx.mtu=512 tx.mps=247 tx.credits=0 rx.mtu=245 rx.mps=247
   0.174  GATE conn: interval=6 (units 1.25ms) => 7.50 ms
   0.175  Q3FSU-REQ role=C auto min=52 max=52 phys=0x2 rc=0
   0.175  Q3FSU-DONE role=C status=0x00 spacing=65 types=0x3 phys=0x2 initiator=0
   0.459  blasting 480-byte SDUs...
   2.056  *** Booting nRF Connect SDK v3.4.0-99553055607b ***
   2.056  *** Using Zephyr OS v4.4.0-bf801e4e3d19 ***
   2.056  
   2.056  === nRF52840 L2CAP CoC central (Zephyr 4.4.1) ===
   2.056  scan start rc=0
   2.116  found D6:C7:60:B1:D3:0E (random) (rssi -33), connecting
   2.116  GAP connected
   2.116  phy req rc=0
   2.176  PHY: tx=2 rx=2 (2=2M)
   2.176  dle req rc=0
   2.235  DLE: tx_max=251 rx_max=251
   2.235  l2cap_chan_connect rc=0
   2.235  L2CAP connected: tx.mtu=512 tx.mps=247 tx.credits=0 rx.mtu=245 rx.mps=247
   2.235  GATE conn: interval=6 (units 1.25ms) => 7.50 ms
   2.235  Q3FSU-REQ role=C auto min=52 max=52 phys=0x2 rc=0
   2.293  Q3FSU-DONE role=C status=0x00 spacing=65 types=0x3 phys=0x2 initiator=0
   2.577  blasting 480-byte SDUs...
  12.084  RPT occ: (SDC no-occ) fsu=65 | sender: sent=2612(+2612 SDU) eagain=0(+0) poolfail=0(+0)
  22.121  RPT occ: (SDC no-occ) fsu=65 | sender: sent=5280(+2668 SDU) eagain=0(+0) poolfail=0(+0)
