   0.352  PHY updated: tx=2 rx=2
   0.533  CoC up — seg_recv sink ready (RX_CREDITS=64, MPS=247)
   0.533  DLE updated: tx_max=251 rx_max=251
   0.762  Q3FSU-DONE role=P status=0x00 spacing=65 types=0x3 phys=0x2 initiator=2
   1.336  SINK rx: 67 KB/s (68646 B / 1000 ms) fsu=65 | cum_total=68646 B cum_segs=287
   1.734  *** Booting nRF Connect SDK v3.4.0-99553055607b ***
   1.734  *** Using Zephyr OS v4.4.0-bf801e4e3d19 ***
   1.734  
   1.734  === nRF52 L2CAP CoC SINK (Zephyr 4.4.1, seg_recv) ===
   1.734  L2CAP server on PSM 0x0080
   1.734  Advertising as 'zenoh-nrf-l2cap'
   2.120  GAP connected: interval=40
   2.589  PHY updated: tx=2 rx=2
   2.710  CoC up — seg_recv sink ready (RX_CREDITS=64, MPS=247)
   2.770  DLE updated: tx_max=251 rx_max=251
   2.993  Q3FSU-DONE role=P status=0x00 spacing=65 types=0x3 phys=0x2 initiator=2
   3.728  SINK rx: 100 KB/s (102971 B / 1000 ms) fsu=65 | cum_total=102971 B cum_segs=430
   4.779  SINK rx: 184 KB/s (188875 B / 1000 ms) fsu=65 | cum_total=291846 B cum_segs=1217
   5.731  SINK rx: 184 KB/s (188885 B / 1000 ms) fsu=65 | cum_total=480731 B cum_segs=2004
   6.748  SINK rx: 175 KB/s (179755 B / 1000 ms) fsu=65 | cum_total=660486 B cum_segs=2753
   7.784  SINK rx: 183 KB/s (187680 B / 1000 ms) fsu=65 | cum_total=848166 B cum_segs=3535
   8.758  SINK rx: 168 KB/s (173045 B / 1000 ms) fsu=65 | cum_total=1021211 B cum_segs=4256
   9.806  SINK rx: 184 KB/s (188640 B / 1000 ms) fsu=65 | cum_total=1209851 B cum_segs=5042
  10.790  SINK rx: 179 KB/s (183360 B / 1000 ms) fsu=65 | cum_total=1393211 B cum_segs=5806
  11.828  SINK rx: 184 KB/s (188875 B / 1000 ms) fsu=65 | cum_total=1582086 B cum_segs=6593
  12.853  SINK rx: 176 KB/s (180960 B / 1000 ms) fsu=65 | cum_total=1763046 B cum_segs=7347
  13.828  SINK rx: 184 KB/s (189120 B / 1000 ms) fsu=65 | cum_total=1952166 B cum_segs=8135
  14.865  SINK rx: 182 KB/s (186720 B / 1000 ms) fsu=65 | cum_total=2138886 B cum_segs=8913
  15.845  SINK rx: 181 KB/s (185760 B / 1000 ms) fsu=65 | cum_total=2324646 B cum_segs=9687
  16.836  SINK rx: 183 KB/s (187445 B / 1000 ms) fsu=65 | cum_total=2512091 B cum_segs=10468
  17.874  SINK rx: 181 KB/s (185515 B / 1000 ms) fsu=65 | cum_total=2697606 B cum_segs=11241
  18.864  SINK rx: 176 KB/s (180960 B / 1000 ms) fsu=65 | cum_total=2878566 B cum_segs=11995
  19.878  SINK rx: 170 KB/s (174485 B / 1000 ms) fsu=65 | cum_total=3053051 B cum_segs=12722
  20.906  SINK rx: 183 KB/s (187435 B / 1000 ms) fsu=65 | cum_total=3240486 B cum_segs=13503
  21.878  SINK rx: 181 KB/s (185525 B / 1000 ms) fsu=65 | cum_total=3426011 B cum_segs=14276
  22.894  SINK rx: 184 KB/s (188875 B / 1000 ms) fsu=65 | cum_total=3614886 B cum_segs=15063
  23.943  SINK rx: 184 KB/s (189120 B / 1000 ms) fsu=65 | cum_total=3804006 B cum_segs=15851
  24.916  SINK rx: 179 KB/s (183605 B / 1000 ms) fsu=65 | cum_total=3987611 B cum_segs=16616
  25.936  SINK rx: 180 KB/s (185280 B / 1000 ms) fsu=65 | cum_total=4172891 B cum_segs=17388
  26.924  SINK rx: 184 KB/s (188640 B / 1000 ms) fsu=65 | cum_total=4361531 B cum_segs=18174
  27.951  SINK rx: 175 KB/s (179275 B / 1000 ms) fsu=65 | cum_total=4540806 B cum_segs=18921
  28.992  SINK rx: 184 KB/s (188885 B / 1000 ms) fsu=65 | cum_total=4729691 B cum_segs=19708
  29.962  SINK rx: 174 KB/s (178560 B / 1000 ms) fsu=65 | cum_total=4908251 B cum_segs=20452
  30.992  SINK rx: 178 KB/s (182635 B / 1000 ms) fsu=65 | cum_total=5090886 B cum_segs=21213
