   0.574  GAP connected interval=7500
   0.574  MTU err=0 mtu=247
   0.574  PHY tx=2 rx=2
   0.630  discovery start (post-PHY +500ms) interval=7500 phy2m=1
   0.630  SUBSCRIBED, vh=14
   0.630  BLAST: phy_update->2M rc=0
   0.630  BLAST first16_call_us: 127 119 119 120 121 121 120 120 120 120 120 121 120 120 120 120
   0.630  PHY tx=2 rx=2
   1.867  t=1s RTT mean=0 min=0 max=0 n=0 to=0 | cancels=0(+0/s) seqbad=0 len_bad=0 disc=0(0x00) | tot_n=0 tot_to=0 maxever=0 >2ms=0 >5ms=0 >15ms=0 >20ms=0 >30ms=0 | probes=0 wrfail=0 down=0s maxout=0s
   1.867  BLASTC comp=159 exkBps=0 cgap_us[min/avg/max]=129/1575/27433
   1.867  BLAST phy=2/2 att=179 ok=179 enomem=0 err=0 call_us[min/avg/max]=53/1380/26252 okgap_max_us=26263
   1.867  t=2s RTT mean=0 min=0 max=0 n=0 to=0 | cancels=0(+0/s) seqbad=0 len_bad=0 disc=0(0x00) | tot_n=0 tot_to=0 maxever=0 >2ms=0 >5ms=0 >15ms=0 >20ms=0 >30ms=0 | probes=0 wrfail=0 down=0s maxout=0s
   2.029  *** Booting Zephyr OS build v4.4.2-16-gfee9fbc62095 ***
   2.029  [00:58:01.004,084] [0m<inf> bt_hci_core: HW Platform: Nordic Semiconductor (0x0002)[0m
   2.029  [00:58:01.004,097] [0m<inf> bt_hci_core: HW Variant: nRF54Lx (0x0005)[0m
   2.089  [00:58:01.004,109] [0m<inf> bt_hci_core: Firmware: Standard Bluetooth controller (0x00) Version 4.4 Build 2[0m
   2.089  [00:58:01.004,475] [0m<inf> bt_hci_core: HCI transport: Controller[0m
   2.089  [00:58:01.004,523] [0m<inf> bt_hci_core: Identity: FC:BE:FF:FA:E6:8B (random)[0m
   2.089  [00:58:01.004,539] [0m<inf> bt_hci_core: HCI: version 5.4 (0x0d) revision 0x0000, manufacturer 0x05f1[0m
   2.089  [00:58:01.004,554] [0m<inf> bt_hci_core: LMP: version 5.4 (0x0d) subver 0xffff[0m
   2.089  
   2.089  === nRF54L15 RTT ping-pong CENTRAL ===
   2.089  scan rc=0
   2.089  Q2CONN AA=177ac392 CRCINIT=54bf8b hop=7 chan_count=37 map=ffffffff1f
   2.089  GAP connected interval=7500
   2.089  MTU err=0 mtu=247
   2.724  PHY tx=2 rx=2
   2.724  discovery start (post-PHY +500ms) interval=7500 phy2m=1
   2.724  SUBSCRIBED, vh=14
   2.724  BLAST: phy_update->2M rc=0
   2.783  BLAST first16_call_us: 127 119 119 120 120 120 120 120 120 120 120 120 120 120 120 121
   2.783  PHY tx=2 rx=2
   4.054  t=1s RTT mean=0 min=0 max=0 n=0 to=0 | cancels=0(+0/s) seqbad=0 len_bad=0 disc=0(0x00) | tot_n=0 tot_to=0 maxever=0 >2ms=0 >5ms=0 >15ms=0 >20ms=0 >30ms=0 | probes=0 wrfail=0 down=0s maxout=0s
   4.055  BLASTC comp=201 exkBps=0 cgap_us[min/avg/max]=129/1498/27175
   4.055  BLAST phy=2/2 att=221 ok=221 enomem=0 err=0 call_us[min/avg/max]=52/1345/25993 okgap_max_us=26005
   4.055  BLASTC comp=651 exkBps=0 cgap_us[min/avg/max]=1329/1534/9428
   4.115  BLAST phy=2/2 att=651 ok=651 enomem=0 err=0 call_us[min/avg/max]=1316/1523/9417 okgap_max_us=9428
   4.115  t=2s RTT mean=0 min=0 max=0 n=0 to=0 | cancels=0(+0/s) seqbad=0 len_bad=0 disc=0(0x00) | tot_n=0 tot_to=0 maxever=0 >2ms=0 >5ms=0 >15ms=0 >20ms=0 >30ms=0 | probes=0 wrfail=0 down=0s maxout=0s
   6.062  t=3s RTT mean=0 min=0 max=0 n=0 to=0 | cancels=0(+0/s) seqbad=0 len_bad=0 disc=0(0x00) | tot_n=0 tot_to=0 maxever=0 >2ms=0 >5ms=0 >15ms=0 >20ms=0 >30ms=0 | probes=0 wrfail=0 down=0s maxout=0s
   6.062  BLASTC comp=666 exkBps=0 cgap_us[min/avg/max]=1329/1502/3258
   6.062  BLAST phy=2/2 att=666 ok=666 enomem=0 err=0 call_us[min/avg/max]=1297/1490/3245 okgap_max_us=3257
   6.062  FSU: request [52..52] us (ACL both dirs, 1M+2M) rc=0
   6.062  FSU: updated status=0x00 spacing=52 us phys=0x3 types=0x3 initiator=0
   6.122  BLASTC comp=699 exkBps=0 cgap_us[min/avg/max]=1195/1429/9428
   6.122  BLAST phy=2/2 att=699 ok=699 enomem=0 err=0 call_us[min/avg/max]=1150/1418/9418 okgap_max_us=9429
   6.122  t=4s RTT mean=0 min=0 max=0 n=0 to=0 | cancels=0(+0/s) seqbad=0 len_bad=0 disc=0(0x00) | tot_n=0 tot_to=0 maxever=0 >2ms=0 >5ms=0 >15ms=0 >20ms=0 >30ms=0 | probes=0 wrfail=0 down=0s maxout=0s
   8.027  BLASTC comp=737 exkBps=0 cgap_us[min/avg/max]=1195/1357/23927
   8.027  BLAST phy=2/2 att=737 ok=737 enomem=0 err=0 call_us[min/avg/max]=1181/1345/23916 okgap_max_us=23927
   8.087  t=5s RTT mean=0 min=0 max=0 n=0 to=0 | cancels=0(+0/s) seqbad=0 len_bad=0 disc=0(0x00) | tot_n=0 tot_to=0 maxever=0 >2ms=0 >5ms=0 >15ms=0 >20ms=0 >30ms=0 | probes=0 wrfail=0 down=0s maxout=0s
   8.087  BLASTC comp=800 exkBps=0 cgap_us[min/avg/max]=1191/1249/1426
   8.087  BLAST phy=2/2 att=800 ok=800 enomem=0 err=0 call_us[min/avg/max]=1151/1238/1414 okgap_max_us=1426
   8.087  t=6s RTT mean=0 min=0 max=0 n=0 to=0 | cancels=0(+0/s) seqbad=0 len_bad=0 disc=0(0x00) | tot_n=0 tot_to=0 maxever=0 >2ms=0 >5ms=0 >15ms=0 >20ms=0 >30ms=0 | probes=0 wrfail=0 down=0s maxout=0s
  10.067  BLASTC comp=782 exkBps=0 cgap_us[min/avg/max]=1186/1278/8923
  10.067  BLAST phy=2/2 att=782 ok=782 enomem=0 err=0 call_us[min/avg/max]=1115/1267/8912 okgap_max_us=8923
  10.067  t=7s RTT mean=0 min=0 max=0 n=0 to=0 | cancels=0(+0/s) seqbad=0 len_bad=0 disc=0(0x00) | tot_n=0 tot_to=0 maxever=0 >2ms=0 >5ms=0 >15ms=0 >20ms=0 >30ms=0 | probes=0 wrfail=0 down=0s maxout=0s
  10.067  BLASTC comp=798 exkBps=0 cgap_us[min/avg/max]=1195/1253/3910
  10.067  BLAST phy=2/2 att=798 ok=798 enomem=0 err=0 call_us[min/avg/max]=1182/1241/3899 okgap_max_us=3910
  10.124  t=8s RTT mean=0 min=0 max=0 n=0 to=0 | cancels=0(+0/s) seqbad=0 len_bad=0 disc=0(0x00) | tot_n=0 tot_to=0 maxever=0 >2ms=0 >5ms=0 >15ms=0 >20ms=0 >30ms=0 | probes=0 wrfail=0 down=0s maxout=0s
  12.042  BLASTC comp=793 exkBps=0 cgap_us[min/avg/max]=1173/1260/8927
  12.042  BLAST phy=2/2 att=793 ok=793 enomem=0 err=0 call_us[min/avg/max]=1100/1249/8916 okgap_max_us=8927
  12.102  t=9s RTT mean=0 min=0 max=0 n=0 to=0 | cancels=0(+0/s) seqbad=0 len_bad=0 disc=0(0x00) | tot_n=0 tot_to=0 maxever=0 >2ms=0 >5ms=0 >15ms=0 >20ms=0 >30ms=0 | probes=0 wrfail=0 down=0s maxout=0s
  12.102  BLASTC comp=799 exkBps=0 cgap_us[min/avg/max]=1196/1251/2710
  12.102  BLAST phy=2/2 att=799 ok=799 enomem=0 err=0 call_us[min/avg/max]=1122/1240/2699 okgap_max_us=2710
  12.102  t=10s RTT mean=0 min=0 max=0 n=0 to=0 | cancels=0(+0/s) seqbad=0 len_bad=0 disc=0(0x00) | tot_n=0 tot_to=0 maxever=0 >2ms=0 >5ms=0 >15ms=0 >20ms=0 >30ms=0 | probes=0 wrfail=0 down=0s maxout=0s
  14.053  BLASTC comp=798 exkBps=0 cgap_us[min/avg/max]=1194/1253/3911
  14.053  BLAST phy=2/2 att=798 ok=798 enomem=0 err=0 call_us[min/avg/max]=1182/1241/3900 okgap_max_us=3912
  14.053  t=11s RTT mean=0 min=0 max=0 n=0 to=0 | cancels=0(+0/s) seqbad=0 len_bad=0 disc=0(0x00) | tot_n=0 tot_to=0 maxever=0 >2ms=0 >5ms=0 >15ms=0 >20ms=0 >30ms=0 | probes=0 wrfail=0 down=0s maxout=0s
  14.053  BLASTC comp=793 exkBps=0 cgap_us[min/avg/max]=1196/1260/6304
  14.113  BLAST phy=2/2 att=793 ok=793 enomem=0 err=0 call_us[min/avg/max]=1122/1249/6294 okgap_max_us=6305
  14.113  t=12s RTT mean=0 min=0 max=0 n=0 to=0 | cancels=0(+0/s) seqbad=0 len_bad=0 disc=0(0x00) | tot_n=0 tot_to=0 maxever=0 >2ms=0 >5ms=0 >15ms=0 >20ms=0 >30ms=0 | probes=0 wrfail=0 down=0s maxout=0s
  16.021  BLASTC comp=672 exkBps=0 cgap_us[min/avg/max]=1187/1488/16423
  16.082  BLAST phy=2/2 att=672 ok=672 enomem=0 err=0 call_us[min/avg/max]=1115/1476/16411 okgap_max_us=16422
  16.082  t=13s RTT mean=0 min=0 max=0 n=0 to=0 | cancels=0(+0/s) seqbad=0 len_bad=0 disc=0(0x00) | tot_n=0 tot_to=0 maxever=0 >2ms=0 >5ms=0 >15ms=0 >20ms=0 >30ms=0 | probes=0 wrfail=0 down=0s maxout=0s
  16.082  BLASTC comp=621 exkBps=0 cgap_us[min/avg/max]=1194/1610/16427
  16.082  BLAST phy=2/2 att=621 ok=621 enomem=0 err=0 call_us[min/avg/max]=1181/1599/16416 okgap_max_us=16427
  16.133  t=14s RTT mean=0 min=0 max=0 n=0 to=0 | cancels=0(+0/s) seqbad=0 len_bad=0 disc=0(0x00) | tot_n=0 tot_to=0 maxever=0 >2ms=0 >5ms=0 >15ms=0 >20ms=0 >30ms=0 | probes=0 wrfail=0 down=0s maxout=0s
  18.021  BLASTC comp=786 exkBps=0 cgap_us[min/avg/max]=1173/1272/8922
  18.076  BLAST phy=2/2 att=786 ok=786 enomem=0 err=0 call_us[min/avg/max]=1102/1260/8911 okgap_max_us=8922
  18.076  t=15s RTT mean=0 min=0 max=0 n=0 to=0 | cancels=0(+0/s) seqbad=0 len_bad=0 disc=0(0x00) | tot_n=0 tot_to=0 maxever=0 >2ms=0 >5ms=0 >15ms=0 >20ms=0 >30ms=0 | probes=0 wrfail=0 down=0s maxout=0s
  18.076  BLASTC comp=794 exkBps=0 cgap_us[min/avg/max]=1194/1259/6304
  18.076  BLAST phy=2/2 att=794 ok=794 enomem=0 err=0 call_us[min/avg/max]=1123/1248/6293 okgap_max_us=6304
  18.136  t=16s RTT mean=0 min=0 max=0 n=0 to=0 | cancels=0(+0/s) seqbad=0 len_bad=0 disc=0(0x00) | tot_n=0 tot_to=0 maxever=0 >2ms=0 >5ms=0 >15ms=0 >20ms=0 >30ms=0 | probes=0 wrfail=0 down=0s maxout=0s
  20.026  BLASTC comp=792 exkBps=0 cgap_us[min/avg/max]=1193/1262/7500
  20.026  BLAST phy=2/2 att=792 ok=792 enomem=0 err=0 call_us[min/avg/max]=1181/1251/7490 okgap_max_us=7502
  20.087  t=17s RTT mean=0 min=0 max=0 n=0 to=0 | cancels=0(+0/s) seqbad=0 len_bad=0 disc=0(0x00) | tot_n=0 tot_to=0 maxever=0 >2ms=0 >5ms=0 >15ms=0 >20ms=0 >30ms=0 | probes=0 wrfail=0 down=0s maxout=0s
  20.087  BLASTC comp=798 exkBps=0 cgap_us[min/avg/max]=1195/1252/3910
  20.087  BLAST phy=2/2 att=798 ok=798 enomem=0 err=0 call_us[min/avg/max]=1122/1241/3899 okgap_max_us=3910
  20.087  t=18s RTT mean=0 min=0 max=0 n=0 to=0 | cancels=0(+0/s) seqbad=0 len_bad=0 disc=0(0x00) | tot_n=0 tot_to=0 maxever=0 >2ms=0 >5ms=0 >15ms=0 >20ms=0 >30ms=0 | probes=0 wrfail=0 down=0s maxout=0s
  22.051  BLASTC comp=780 exkBps=0 cgap_us[min/avg/max]=1187/1282/16423
  22.051  BLAST phy=2/2 att=780 ok=780 enomem=0 err=0 call_us[min/avg/max]=1116/1270/16412 okgap_max_us=16423
  22.051  t=19s RTT mean=0 min=0 max=0 n=0 to=0 | cancels=0(+0/s) seqbad=0 len_bad=0 disc=0(0x00) | tot_n=0 tot_to=0 maxever=0 >2ms=0 >5ms=0 >15ms=0 >20ms=0 >30ms=0 | probes=0 wrfail=0 down=0s maxout=0s
  22.111  BLASTC comp=794 exkBps=0 cgap_us[min/avg/max]=1194/1259/8922
  22.111  BLAST phy=2/2 att=794 ok=794 enomem=0 err=0 call_us[min/avg/max]=1181/1248/8911 okgap_max_us=8922
  22.111  t=20s RTT mean=0 min=0 max=0 n=0 to=0 | cancels=0(+0/s) seqbad=0 len_bad=0 disc=0(0x00) | tot_n=0 tot_to=0 maxever=0 >2ms=0 >5ms=0 >15ms=0 >20ms=0 >30ms=0 | probes=0 wrfail=0 down=0s maxout=0s
  24.016  BLASTC comp=800 exkBps=0 cgap_us[min/avg/max]=1174/1249/1427
  24.076  BLAST phy=2/2 att=800 ok=800 enomem=0 err=0 call_us[min/avg/max]=1102/1238/1415 okgap_max_us=1427
  24.076  t=21s RTT mean=0 min=0 max=0 n=0 to=0 | cancels=0(+0/s) seqbad=0 len_bad=0 disc=0(0x00) | tot_n=0 tot_to=0 maxever=0 >2ms=0 >5ms=0 >15ms=0 >20ms=0 >30ms=0 | probes=0 wrfail=0 down=0s maxout=0s
  24.076  BLASTC comp=800 exkBps=0 cgap_us[min/avg/max]=1184/1249/1436
  24.076  BLAST phy=2/2 att=800 ok=800 enomem=0 err=0 call_us[min/avg/max]=1078/1238/1525 okgap_max_us=1536
  24.136  t=22s RTT mean=0 min=0 max=0 n=0 to=0 | cancels=0(+0/s) seqbad=0 len_bad=0 disc=0(0x00) | tot_n=0 tot_to=0 maxever=0 >2ms=0 >5ms=0 >15ms=0 >20ms=0 >30ms=0 | probes=0 wrfail=0 down=0s maxout=0s
  26.056  BLASTC comp=799 exkBps=0 cgap_us[min/avg/max]=1193/1251/2712
  26.056  BLAST phy=2/2 att=799 ok=799 enomem=0 err=0 call_us[min/avg/max]=1178/1240/2701 okgap_max_us=2712
  26.056  t=23s RTT mean=0 min=0 max=0 n=0 to=0 | cancels=0(+0/s) seqbad=0 len_bad=0 disc=0(0x00) | tot_n=0 tot_to=0 maxever=0 >2ms=0 >5ms=0 >15ms=0 >20ms=0 >30ms=0 | probes=0 wrfail=0 down=0s maxout=0s
  26.056  BLASTC comp=799 exkBps=0 cgap_us[min/avg/max]=1195/1251/2711
  26.112  BLAST phy=2/2 att=799 ok=799 enomem=0 err=0 call_us[min/avg/max]=1121/1240/2700 okgap_max_us=2711
  26.112  t=24s RTT mean=0 min=0 max=0 n=0 to=0 | cancels=0(+0/s) seqbad=0 len_bad=0 disc=0(0x00) | tot_n=0 tot_to=0 maxever=0 >2ms=0 >5ms=0 >15ms=0 >20ms=0 >30ms=0 | probes=0 wrfail=0 down=0s maxout=0s
  28.053  BLASTC comp=800 exkBps=0 cgap_us[min/avg/max]=1186/1249/1427
  28.053  BLAST phy=2/2 att=800 ok=800 enomem=0 err=0 call_us[min/avg/max]=1115/1238/1415 okgap_max_us=1427
  28.053  t=25s RTT mean=0 min=0 max=0 n=0 to=0 | cancels=0(+0/s) seqbad=0 len_bad=0 disc=0(0x00) | tot_n=0 tot_to=0 maxever=0 >2ms=0 >5ms=0 >15ms=0 >20ms=0 >30ms=0 | probes=0 wrfail=0 down=0s maxout=0s
  28.053  BLASTC comp=800 exkBps=0 cgap_us[min/avg/max]=1194/1250/1427
  28.113  BLAST phy=2/2 att=800 ok=800 enomem=0 err=0 call_us[min/avg/max]=1182/1238/1416 okgap_max_us=1427
  28.113  t=26s RTT mean=0 min=0 max=0 n=0 to=0 | cancels=0(+0/s) seqbad=0 len_bad=0 disc=0(0x00) | tot_n=0 tot_to=0 maxever=0 >2ms=0 >5ms=0 >15ms=0 >20ms=0 >30ms=0 | probes=0 wrfail=0 down=0s maxout=0s
  30.049  BLASTC comp=799 exkBps=0 cgap_us[min/avg/max]=1173/1251/2710
  30.049  BLAST phy=2/2 att=799 ok=799 enomem=0 err=0 call_us[min/avg/max]=1101/1240/2699 okgap_max_us=2711
  30.049  t=27s RTT mean=0 min=0 max=0 n=0 to=0 | cancels=0(+0/s) seqbad=0 len_bad=0 disc=0(0x00) | tot_n=0 tot_to=0 maxever=0 >2ms=0 >5ms=0 >15ms=0 >20ms=0 >30ms=0 | probes=0 wrfail=0 down=0s maxout=0s
  30.109  BLASTC comp=669 exkBps=0 cgap_us[min/avg/max]=1194/1494/16423
  30.109  BLAST phy=2/2 att=669 ok=669 enomem=0 err=0 call_us[min/avg/max]=1123/1483/16411 okgap_max_us=16422
  30.109  t=28s RTT mean=0 min=0 max=0 n=0 to=0 | cancels=0(+0/s) seqbad=0 len_bad=0 disc=0(0x00) | tot_n=0 tot_to=0 maxever=0 >2ms=0 >5ms=0 >15ms=0 >20ms=0 >30ms=0 | probes=0 wrfail=0 down=0s maxout=0s
