   1.726  found D6:C7:60:B1:D3:0E (random) (rssi -35), connecting
   1.785  GAP connected
   1.785  phy req rc=0
   1.956  *** Booting nRF Connect SDK v3.4.0-99553055607b ***
   1.956  *** Using Zephyr OS v4.4.0-bf801e4e3d19 ***
   1.956  
   1.956  === nRF52840 L2CAP CoC central (Zephyr 4.4.1) ===
   1.956  scan start rc=0
   5.878  found D6:C7:60:B1:D3:0E (random) (rssi -33), connecting
   5.878  GAP connected
   5.938  phy req rc=0
   6.177  GAP disconnected 0x3e
   6.177  scan start rc=0
   6.177  found D6:C7:60:B1:D3:0E (random) (rssi -35), connecting
   6.237  GAP connected
   6.238  phy req rc=0
   6.650  PHY: tx=2 rx=2 (2=2M)
   6.650  dle req rc=0
   6.709  l2cap_chan_connect rc=0
   6.886  DLE: tx_max=251 rx_max=251
   6.946  L2CAP connected: tx.mtu=512 tx.mps=247 tx.credits=0 rx.mtu=245 rx.mps=247
   6.946  GATE conn: interval=40 (units 1.25ms) => 50.00 ms
   6.946  Q3FSU-REQ role=C auto min=52 max=52 phys=0x2 rc=0
   7.066  Q3FSU-DONE role=C status=0x00 spacing=65 types=0x3 phys=0x2 initiator=0
   7.236  blasting 480-byte SDUs...
  11.960  RPT occ: (SDC no-occ) fsu=65 | sender: sent=1890(+1890 SDU) eagain=0(+0) poolfail=0(+0)
  21.986  RPT occ: (SDC no-occ) fsu=65 | sender: sent=5742(+3852 SDU) eagain=0(+0) poolfail=0(+0)
  31.964  RPT occ: (SDC no-occ) fsu=65 | sender: sent=9615(+3873 SDU) eagain=0(+0) poolfail=0(+0)
