   0.060  ci_core: Identity: FC:BE:FF:FA:E6:8B (random)[0m
   0.060  [00:16:18.928,205] [0m<inf> bt_hci_core: HCI: version 6.3 (0x11) revision 0x3039, manufacturer 0x0059[0m
   0.060  [00:16:18.928,221] [0m<inf> bt_hci_core: LMP: version 6.3 (0x11) subver 0x3039[0m
   0.060  
   0.060  === nRF54L15 RTT ping-pong CENTRAL ===
   0.060  scan rc=0
   0.060  GAP connected interval=25000
   1.054  MTU err=0 mtu=247
   1.054  PHY tx=2 rx=2
   1.054  discovery start (post-PHY +500ms) interval=25000 phy2m=1
   1.115  t=1s RTT mean=0 min=0 max=0 n=0 to=0 | cancels=0(+0/s) seqbad=0 len_bad=0 disc=0(0x00) | tot_n=0 tot_to=0 maxever=0 >2ms=0 >5ms=0 >15ms=0 >20ms=0 >30ms=0 | probes=0 wrfail=0 down=1s maxout=1s
   1.115  SUBSCRIBED, vh=18
   1.115  BLAST: phy_update->2M rc=0
   1.115  BLASTC comp=1 exkBps=0 cgap_us[min/avg/max]=4294967295/0/0
   1.115  BLAST phy=2/2 att=1 ok=1 enomem=0 err=0 call_us[min/avg/max]=117/117/117 okgap_max_us=0
   1.115  BLAST first16_call_us: 117 115 194 115 112 112 111 112 131 119 118 153 305 122 118 119
   1.115  PHY tx=2 rx=2
   2.035  *** Booting nRF Connect SDK v3.4.0-99553055607b ***
   2.035  *** Using Zephyr OS v4.4.0-bf801e4e3d19 ***
   2.090  [00:16:21.019,448] [0m<inf> bt_sdc_hci_driver: SoftDevice Controller build revision:
   2.090                                              c8 da 30 98 f9 f0 34 a4  4b 6e ba d3 08 19 cc 0c |..0...4. Kn......
   2.090                                              ea 51 da 47                                      |.Q.G             [0m
   2.090  [00:16:21.020,664] [0m<inf> bt_hci_core: HW Platform: Nordic Semiconductor (0x0002)[0m
   2.090  [00:16:21.020,677] [0m<inf> bt_hci_core: HW Variant: nRF54Lx (0x0005)[0m
   2.090  [00:16:21.020,688] [0m<inf> bt_hci_core: Firmware: Standard Bluetooth controller (0x00) Version 200.12506 Build 888207768[0m
   2.150  [00:16:21.021,099] [0m<inf> bt_hci_core: HCI transport: SDC[0m
   2.150  [00:16:21.021,147] [0m<inf> bt_hci_core: Identity: FC:BE:FF:FA:E6:8B (random)[0m
   2.150  [00:16:21.021,163] [0m<inf> bt_hci_core: HCI: version 6.3 (0x11) revision 0x3039, manufacturer 0x0059[0m
   2.150  [00:16:21.021,179] [0m<inf> bt_hci_core: LMP: version 6.3 (0x11) subver 0x3039[0m
   2.150  
   2.150  === nRF54L15 RTT ping-pong CENTRAL ===
   2.150  scan rc=0
   2.150  GAP connected interval=25000
   3.154  MTU err=0 mtu=247
   3.154  PHY tx=2 rx=2
   3.154  discovery start (post-PHY +500ms) interval=25000 phy2m=1
   3.215  t=1s RTT mean=0 min=0 max=0 n=0 to=0 | cancels=0(+0/s) seqbad=0 len_bad=0 disc=0(0x00) | tot_n=0 tot_to=0 maxever=0 >2ms=0 >5ms=0 >15ms=0 >20ms=0 >30ms=0 | probes=0 wrfail=0 down=1s maxout=1s
   3.215  SUBSCRIBED, vh=18
   3.215  BLAST: phy_update->2M rc=0
   3.215  BLASTC comp=1 exkBps=0 cgap_us[min/avg/max]=4294967295/0/0
   3.215  BLAST phy=2/2 att=1 ok=1 enomem=0 err=0 call_us[min/avg/max]=117/117/117 okgap_max_us=0
   3.215  BLAST first16_call_us: 117 115 109 112 112 112 112 112 112 112 112 121 112 112 111 112
   3.215  PHY tx=2 rx=2
   5.062  BLASTC comp=628 exkBps=0 cgap_us[min/avg/max]=119/1429/2699
   5.063  BLAST phy=2/2 att=648 ok=648 enomem=0 err=0 call_us[min/avg/max]=49/1374/2689 okgap_max_us=2699
   5.063  t=2s RTT mean=0 min=0 max=0 n=0 to=0 | cancels=0(+0/s) seqbad=0 len_bad=0 disc=0(0x00) | tot_n=0 tot_to=0 maxever=0 >2ms=0 >5ms=0 >15ms=0 >20ms=0 >30ms=0 | probes=0 wrfail=0 down=1s maxout=1s
   5.115  BLASTC comp=679 exkBps=0 cgap_us[min/avg/max]=1390/1472/2780
   5.115  BLAST phy=2/2 att=679 ok=679 enomem=0 err=0 call_us[min/avg/max]=1330/1461/2769 okgap_max_us=2780
   5.115  t=3s RTT mean=0 min=0 max=0 n=0 to=0 | cancels=0(+0/s) seqbad=0 len_bad=0 disc=0(0x00) | tot_n=0 tot_to=0 maxever=0 >2ms=0 >5ms=0 >15ms=0 >20ms=0 >30ms=0 | probes=0 wrfail=0 down=1s maxout=1s
   7.044  BLASTC comp=680 exkBps=0 cgap_us[min/avg/max]=1387/1470/2699
   7.044  BLAST phy=2/2 att=680 ok=680 enomem=0 err=0 call_us[min/avg/max]=1325/1459/2688 okgap_max_us=2699
   7.104  t=4s RTT mean=0 min=0 max=0 n=0 to=0 | cancels=0(+0/s) seqbad=0 len_bad=0 disc=0(0x00) | tot_n=0 tot_to=0 maxever=0 >2ms=0 >5ms=0 >15ms=0 >20ms=0 >30ms=0 | probes=0 wrfail=0 down=1s maxout=1s
   7.104  BLASTC comp=680 exkBps=0 cgap_us[min/avg/max]=1390/1470/2697
   7.104  BLAST phy=2/2 att=680 ok=680 enomem=0 err=0 call_us[min/avg/max]=1328/1459/2687 okgap_max_us=2698
   7.104  t=5s RTT mean=0 min=0 max=0 n=0 to=0 | cancels=0(+0/s) seqbad=0 len_bad=0 disc=0(0x00) | tot_n=0 tot_to=0 maxever=0 >2ms=0 >5ms=0 >15ms=0 >20ms=0 >30ms=0 | probes=0 wrfail=0 down=1s maxout=1s
   9.082  BLASTC comp=679 exkBps=0 cgap_us[min/avg/max]=1385/1472/2780
   9.082  BLAST phy=2/2 att=679 ok=679 enomem=0 err=0 call_us[min/avg/max]=1325/1461/2769 okgap_max_us=2779
   9.082  t=6s RTT mean=0 min=0 max=0 n=0 to=0 | cancels=0(+0/s) seqbad=0 len_bad=0 disc=0(0x00) | tot_n=0 tot_to=0 maxever=0 >2ms=0 >5ms=0 >15ms=0 >20ms=0 >30ms=0 | probes=0 wrfail=0 down=1s maxout=1s
   9.082  BLASTC comp=680 exkBps=0 cgap_us[min/avg/max]=1390/1470/2698
   9.082  BLAST phy=2/2 att=680 ok=680 enomem=0 err=0 call_us[min/avg/max]=1331/1459/2687 okgap_max_us=2698
   9.135  t=7s RTT mean=0 min=0 max=0 n=0 to=0 | cancels=0(+0/s) seqbad=0 len_bad=0 disc=0(0x00) | tot_n=0 tot_to=0 maxever=0 >2ms=0 >5ms=0 >15ms=0 >20ms=0 >30ms=0 | probes=0 wrfail=0 down=1s maxout=1s
  11.065  BLASTC comp=672 exkBps=0 cgap_us[min/avg/max]=1385/1488/13858
  11.065  BLAST phy=2/2 att=672 ok=672 enomem=0 err=0 call_us[min/avg/max]=1328/1477/13847 okgap_max_us=13858
  11.065  t=8s RTT mean=0 min=0 max=0 n=0 to=0 | cancels=0(+0/s) seqbad=0 len_bad=0 disc=0(0x00) | tot_n=0 tot_to=0 maxever=0 >2ms=0 >5ms=0 >15ms=0 >20ms=0 >30ms=0 | probes=0 wrfail=0 down=1s maxout=1s
  11.125  BLASTC comp=680 exkBps=0 cgap_us[min/avg/max]=1384/1470/2699
  11.125  BLAST phy=2/2 att=680 ok=680 enomem=0 err=0 call_us[min/avg/max]=1349/1459/2688 okgap_max_us=2699
  11.125  t=9s RTT mean=0 min=0 max=0 n=0 to=0 | cancels=0(+0/s) seqbad=0 len_bad=0 disc=0(0x00) | tot_n=0 tot_to=0 maxever=0 >2ms=0 >5ms=0 >15ms=0 >20ms=0 >30ms=0 | probes=0 wrfail=0 down=1s maxout=1s
  13.067  BLASTC comp=671 exkBps=0 cgap_us[min/avg/max]=1386/1490/15251
  13.067  BLAST phy=2/2 att=671 ok=671 enomem=0 err=0 call_us[min/avg/max]=1315/1479/15240 okgap_max_us=15251
  13.067  t=10s RTT mean=0 min=0 max=0 n=0 to=0 | cancels=0(+0/s) seqbad=0 len_bad=0 disc=0(0x00) | tot_n=0 tot_to=0 maxever=0 >2ms=0 >5ms=0 >15ms=0 >20ms=0 >30ms=0 | probes=0 wrfail=0 down=1s maxout=1s
  13.125  BLASTC comp=645 exkBps=0 cgap_us[min/avg/max]=1390/1550/23610
  13.126  BLAST phy=2/2 att=645 ok=645 enomem=0 err=0 call_us[min/avg/max]=1321/1539/23599 okgap_max_us=23610
  13.126  t=11s RTT mean=0 min=0 max=0 n=0 to=0 | cancels=0(+0/s) seqbad=0 len_bad=0 disc=0(0x00) | tot_n=0 tot_to=0 maxever=0 >2ms=0 >5ms=0 >15ms=0 >20ms=0 >30ms=0 | probes=0 wrfail=0 down=1s maxout=1s
  15.076  BLASTC comp=670 exkBps=0 cgap_us[min/avg/max]=1386/1492/16644
  15.076  BLAST phy=2/2 att=670 ok=670 enomem=0 err=0 call_us[min/avg/max]=1315/1481/16634 okgap_max_us=16644
  15.077  t=12s RTT mean=0 min=0 max=0 n=0 to=0 | cancels=0(+0/s) seqbad=0 len_bad=0 disc=0(0x00) | tot_n=0 tot_to=0 maxever=0 >2ms=0 >5ms=0 >15ms=0 >20ms=0 >30ms=0 | probes=0 wrfail=0 down=1s maxout=1s
  15.077  BLASTC comp=666 exkBps=0 cgap_us[min/avg/max]=1390/1501/22216
  15.132  BLAST phy=2/2 att=666 ok=666 enomem=0 err=0 call_us[min/avg/max]=1322/1490/22206 okgap_max_us=22216
  15.132  t=13s RTT mean=0 min=0 max=0 n=0 to=0 | cancels=0(+0/s) seqbad=0 len_bad=0 disc=0(0x00) | tot_n=0 tot_to=0 maxever=0 >2ms=0 >5ms=0 >15ms=0 >20ms=0 >30ms=0 | probes=0 wrfail=0 down=1s maxout=1s
  15.132  FSU: request [52..52] us (ACL both dirs, 1M+2M) rc=0
  16.164  FSU: updated status=0x00 spacing=70 us phys=0x3 types=0x3 initiator=0
  16.164  BLASTC comp=699 exkBps=0 cgap_us[min/avg/max]=1229/1431/27739
  16.165  BLAST phy=2/2 att=699 ok=699 enomem=0 err=0 call_us[min/avg/max]=1212/1420/27729 okgap_max_us=27740
  16.225  t=14s RTT mean=0 min=0 max=0 n=0 to=0 | cancels=0(+0/s) seqbad=0 len_bad=0 disc=0(0x00) | tot_n=0 tot_to=0 maxever=0 >2ms=0 >5ms=0 >15ms=0 >20ms=0 >30ms=0 | probes=0 wrfail=0 down=1s maxout=1s
  18.053  BLASTC comp=759 exkBps=0 cgap_us[min/avg/max]=1225/1317/2798
  18.053  BLAST phy=2/2 att=759 ok=759 enomem=0 err=0 call_us[min/avg/max]=1165/1306/2788 okgap_max_us=2798
  18.113  t=15s RTT mean=0 min=0 max=0 n=0 to=0 | cancels=0(+0/s) seqbad=0 len_bad=0 disc=0(0x00) | tot_n=0 tot_to=0 maxever=0 >2ms=0 >5ms=0 >15ms=0 >20ms=0 >30ms=0 | probes=0 wrfail=0 down=1s maxout=1s
  18.113  BLASTC comp=760 exkBps=0 cgap_us[min/avg/max]=1228/1315/2798
  18.113  BLAST phy=2/2 att=760 ok=760 enomem=0 err=0 call_us[min/avg/max]=1161/1304/2787 okgap_max_us=2798
  18.113  t=16s RTT mean=0 min=0 max=0 n=0 to=0 | cancels=0(+0/s) seqbad=0 len_bad=0 disc=0(0x00) | tot_n=0 tot_to=0 maxever=0 >2ms=0 >5ms=0 >15ms=0 >20ms=0 >30ms=0 | probes=0 wrfail=0 down=1s maxout=1s
  20.071  BLASTC comp=760 exkBps=0 cgap_us[min/avg/max]=1224/1315/2797
  20.071  BLAST phy=2/2 att=760 ok=760 enomem=0 err=0 call_us[min/avg/max]=1153/1304/2787 okgap_max_us=2797
  20.071  t=17s RTT mean=0 min=0 max=0 n=0 to=0 | cancels=0(+0/s) seqbad=0 len_bad=0 disc=0(0x00) | tot_n=0 tot_to=0 maxever=0 >2ms=0 >5ms=0 >15ms=0 >20ms=0 >30ms=0 | probes=0 wrfail=0 down=1s maxout=1s
  20.071  BLASTC comp=760 exkBps=0 cgap_us[min/avg/max]=1228/1315/2797
  20.131  BLAST phy=2/2 att=760 ok=760 enomem=0 err=0 call_us[min/avg/max]=1161/1304/2787 okgap_max_us=2797
  20.131  t=18s RTT mean=0 min=0 max=0 n=0 to=0 | cancels=0(+0/s) seqbad=0 len_bad=0 disc=0(0x00) | tot_n=0 tot_to=0 maxever=0 >2ms=0 >5ms=0 >15ms=0 >20ms=0 >30ms=0 | probes=0 wrfail=0 down=1s maxout=1s
  22.048  BLASTC comp=746 exkBps=0 cgap_us[min/avg/max]=1225/1340/20076
  22.048  BLAST phy=2/2 att=746 ok=746 enomem=0 err=0 call_us[min/avg/max]=1155/1329/20065 okgap_max_us=20076
  22.108  t=19s RTT mean=0 min=0 max=0 n=0 to=0 | cancels=0(+0/s) seqbad=0 len_bad=0 disc=0(0x00) | tot_n=0 tot_to=0 maxever=0 >2ms=0 >5ms=0 >15ms=0 >20ms=0 >30ms=0 | probes=0 wrfail=0 down=1s maxout=1s
  22.108  BLASTC comp=749 exkBps=0 cgap_us[min/avg/max]=1229/1335/16373
  22.108  BLAST phy=2/2 att=749 ok=749 enomem=0 err=0 call_us[min/avg/max]=1161/1324/16362 okgap_max_us=16373
  22.108  t=20s RTT mean=0 min=0 max=0 n=0 to=0 | cancels=0(+0/s) seqbad=0 len_bad=0 disc=0(0x00) | tot_n=0 tot_to=0 maxever=0 >2ms=0 >5ms=0 >15ms=0 >20ms=0 >30ms=0 | probes=0 wrfail=0 down=1s maxout=1s
  24.086  BLASTC comp=755 exkBps=0 cgap_us[min/avg/max]=1224/1324/8988
  24.086  BLAST phy=2/2 att=755 ok=755 enomem=0 err=0 call_us[min/avg/max]=1154/1313/8977 okgap_max_us=8988
  24.086  t=21s RTT mean=0 min=0 max=0 n=0 to=0 | cancels=0(+0/s) seqbad=0 len_bad=0 disc=0(0x00) | tot_n=0 tot_to=0 maxever=0 >2ms=0 >5ms=0 >15ms=0 >20ms=0 >30ms=0 | probes=0 wrfail=0 down=1s maxout=1s
  24.086  BLASTC comp=750 exkBps=0 cgap_us[min/avg/max]=1228/1333/10208
  24.086  BLAST phy=2/2 att=750 ok=750 enomem=0 err=0 call_us[min/avg/max]=1161/1322/10197 okgap_max_us=10208
  24.144  t=22s RTT mean=0 min=0 max=0 n=0 to=0 | cancels=0(+0/s) seqbad=0 len_bad=0 disc=0(0x00) | tot_n=0 tot_to=0 maxever=0 >2ms=0 >5ms=0 >15ms=0 >20ms=0 >30ms=0 | probes=0 wrfail=0 down=1s maxout=1s
  26.044  BLASTC comp=758 exkBps=0 cgap_us[min/avg/max]=1224/1319/5274
  26.044  BLAST phy=2/2 att=758 ok=758 enomem=0 err=0 call_us[min/avg/max]=1154/1308/5263 okgap_max_us=5274
  26.101  t=23s RTT mean=0 min=0 max=0 n=0 to=0 | cancels=0(+0/s) seqbad=0 len_bad=0 disc=0(0x00) | tot_n=0 tot_to=0 maxever=0 >2ms=0 >5ms=0 >15ms=0 >20ms=0 >30ms=0 | probes=0 wrfail=0 down=1s maxout=1s
  26.101  BLASTC comp=760 exkBps=0 cgap_us[min/avg/max]=1228/1315/2797
  26.101  BLAST phy=2/2 att=760 ok=760 enomem=0 err=0 call_us[min/avg/max]=1161/1304/2787 okgap_max_us=2797
  26.101  t=24s RTT mean=0 min=0 max=0 n=0 to=0 | cancels=0(+0/s) seqbad=0 len_bad=0 disc=0(0x00) | tot_n=0 tot_to=0 maxever=0 >2ms=0 >5ms=0 >15ms=0 >20ms=0 >30ms=0 | probes=0 wrfail=0 down=1s maxout=1s
  28.069  BLASTC comp=760 exkBps=0 cgap_us[min/avg/max]=1224/1315/2798
  28.070  BLAST phy=2/2 att=760 ok=760 enomem=0 err=0 call_us[min/avg/max]=1154/1304/2787 okgap_max_us=2798
  28.070  t=25s RTT mean=0 min=0 max=0 n=0 to=0 | cancels=0(+0/s) seqbad=0 len_bad=0 disc=0(0x00) | tot_n=0 tot_to=0 maxever=0 >2ms=0 >5ms=0 >15ms=0 >20ms=0 >30ms=0 | probes=0 wrfail=0 down=1s maxout=1s
  28.070  BLASTC comp=759 exkBps=0 cgap_us[min/avg/max]=1229/1317/2797
  28.130  BLAST phy=2/2 att=759 ok=759 enomem=0 err=0 call_us[min/avg/max]=1161/1306/2787 okgap_max_us=2797
  28.130  t=26s RTT mean=0 min=0 max=0 n=0 to=0 | cancels=0(+0/s) seqbad=0 len_bad=0 disc=0(0x00) | tot_n=0 tot_to=0 maxever=0 >2ms=0 >5ms=0 >15ms=0 >20ms=0 >30ms=0 | probes=0 wrfail=0 down=1s maxout=1s
  30.074  BLASTC comp=760 exkBps=0 cgap_us[min/avg/max]=1224/1315/2797
  30.074  BLAST phy=2/2 att=760 ok=760 enomem=0 err=0 call_us[min/avg/max]=1154/1304/2787 okgap_max_us=2797
  30.074  t=27s RTT mean=0 min=0 max=0 n=0 to=0 | cancels=0(+0/s) seqbad=0 len_bad=0 disc=0(0x00) | tot_n=0 tot_to=0 maxever=0 >2ms=0 >5ms=0 >15ms=0 >20ms=0 >30ms=0 | probes=0 wrfail=0 down=1s maxout=1s
  30.074  BLASTC comp=760 exkBps=0 cgap_us[min/avg/max]=1229/1315/2797
  30.133  BLAST phy=2/2 att=760 ok=760 enomem=0 err=0 call_us[min/avg/max]=1161/1304/2787 okgap_max_us=2797
  30.134  t=28s RTT mean=0 min=0 max=0 n=0 to=0 | cancels=0(+0/s) seqbad=0 len_bad=0 disc=0(0x00) | tot_n=0 tot_to=0 maxever=0 >2ms=0 >5ms=0 >15ms=0 >20ms=0 >30ms=0 | probes=0 wrfail=0 down=1s maxout=1s
