   1.733  found D6:C7:60:B1:D3:0E (random) (rssi -35), connecting
   1.791  GAP connected
   1.791  phy req rc=0
   2.078  *** Booting nRF Connect SDK v3.4.0-99553055607b ***
   2.078  *** Using Zephyr OS v4.4.0-bf801e4e3d19 ***
   2.078  
   2.078  === nRF52840 L2CAP CoC central (Zephyr 4.4.1) ===
   2.078  scan start rc=0
   6.012  found D6:C7:60:B1:D3:0E (random) (rssi -33), connecting
   6.012  GAP connected
   6.012  phy req rc=0
   6.243  PHY: tx=2 rx=2 (2=2M)
   6.243  dle req rc=0
   6.357  DLE: tx_max=251 rx_max=251
   6.357  l2cap_chan_connect rc=0
   6.417  L2CAP connected: tx.mtu=512 tx.mps=247 tx.credits=0 rx.mtu=245 rx.mps=247
   6.417  GATE conn: interval=20 (units 1.25ms) => 25.00 ms
   6.417  Q3FSU-REQ role=C auto min=52 max=52 phys=0x2 rc=0
   6.477  Q3FSU-DONE role=C status=0x00 spacing=65 types=0x3 phys=0x2 initiator=0
   6.708  blasting 480-byte SDUs...
  12.103  RPT occ: (SDC no-occ) fsu=65 | sender: sent=2094(+2094 SDU) eagain=0(+0) poolfail=0(+0)
  22.103  RPT occ: (SDC no-occ) fsu=65 | sender: sent=5872(+3778 SDU) eagain=0(+0) poolfail=0(+0)
