   0.179  PHY updated: tx=2 rx=2
   0.179  DLE updated: tx_max=251 rx_max=251
   0.239  CoC up — seg_recv sink ready (RX_CREDITS=64, MPS=247)
   0.590  SINK rx: 1 KB/s (1211 B / 1000 ms) fsu=0 | cum_total=1211 B cum_segs=6
   1.575  SINK rx: 141 KB/s (145195 B / 1000 ms) fsu=0 | cum_total=146406 B cum_segs=611
   1.742  *** Booting nRF Connect SDK v3.4.0-99553055607b ***
   1.742  *** Using Zephyr OS v4.4.0-bf801e4e3d19 ***
   1.742  
   1.742  === nRF52 L2CAP CoC SINK (Zephyr 4.4.1, seg_recv) ===
   1.742  L2CAP server on PSM 0x0080
   1.742  Advertising as 'zenoh-nrf-l2cap'
   2.037  GAP connected: interval=12
   2.217  PHY updated: tx=2 rx=2
   2.217  DLE updated: tx_max=251 rx_max=251
   2.276  CoC up — seg_recv sink ready (RX_CREDITS=64, MPS=247)
   2.736  SINK rx: 18 KB/s (19206 B / 1000 ms) fsu=0 | cum_total=19206 B cum_segs=81
   3.773  SINK rx: 140 KB/s (144000 B / 1000 ms) fsu=0 | cum_total=163206 B cum_segs=681
   4.753  SINK rx: 141 KB/s (144960 B / 1000 ms) fsu=0 | cum_total=308166 B cum_segs=1285
   5.784  SINK rx: 139 KB/s (143285 B / 1000 ms) fsu=0 | cum_total=451451 B cum_segs=1882
   6.768  SINK rx: 142 KB/s (145440 B / 1000 ms) fsu=0 | cum_total=596891 B cum_segs=2488
   7.765  SINK rx: 141 KB/s (145195 B / 1000 ms) fsu=0 | cum_total=742086 B cum_segs=3093
   8.790  SINK rx: 141 KB/s (144960 B / 1000 ms) fsu=0 | cum_total=887046 B cum_segs=3697
   9.804  SINK rx: 139 KB/s (143040 B / 1000 ms) fsu=0 | cum_total=1030086 B cum_segs=4293
  10.844  SINK rx: 142 KB/s (145440 B / 1000 ms) fsu=0 | cum_total=1175526 B cum_segs=4899
  11.841  SINK rx: 141 KB/s (145205 B / 1000 ms) fsu=0 | cum_total=1320731 B cum_segs=5504
  12.839  SINK rx: 140 KB/s (144000 B / 1000 ms) fsu=0 | cum_total=1464731 B cum_segs=6104
  13.857  SINK rx: 142 KB/s (145440 B / 1000 ms) fsu=0 | cum_total=1610171 B cum_segs=6710
  14.862  SINK rx: 140 KB/s (143755 B / 1000 ms) fsu=0 | cum_total=1753926 B cum_segs=7309
  15.857  SINK rx: 135 KB/s (138965 B / 1000 ms) fsu=0 | cum_total=1892891 B cum_segs=7888
  16.857  SINK rx: 140 KB/s (143520 B / 1000 ms) fsu=0 | cum_total=2036411 B cum_segs=8486
  17.895  SINK rx: 142 KB/s (145440 B / 1000 ms) fsu=0 | cum_total=2181851 B cum_segs=9092
  18.902  SINK rx: 138 KB/s (142315 B / 1000 ms) fsu=0 | cum_total=2324166 B cum_segs=9685
  19.917  SINK rx: 142 KB/s (145440 B / 1000 ms) fsu=0 | cum_total=2469606 B cum_segs=10291
  20.909  SINK rx: 140 KB/s (143765 B / 1000 ms) fsu=0 | cum_total=2613371 B cum_segs=10890
  21.932  SINK rx: 142 KB/s (145440 B / 1000 ms) fsu=0 | cum_total=2758811 B cum_segs=11496
  22.902  SINK rx: 140 KB/s (144235 B / 1000 ms) fsu=0 | cum_total=2903046 B cum_segs=12097
  23.959  SINK rx: 140 KB/s (143520 B / 1000 ms) fsu=0 | cum_total=3046566 B cum_segs=12695
  24.925  SINK rx: 141 KB/s (144960 B / 1000 ms) fsu=0 | cum_total=3191526 B cum_segs=13299
  25.959  SINK rx: 142 KB/s (145440 B / 1000 ms) fsu=0 | cum_total=3336966 B cum_segs=13905
  26.947  SINK rx: 140 KB/s (143765 B / 1000 ms) fsu=0 | cum_total=3480731 B cum_segs=14504
  27.990  SINK rx: 141 KB/s (144480 B / 1000 ms) fsu=0 | cum_total=3625211 B cum_segs=15106
  28.992  SINK rx: 136 KB/s (139435 B / 1000 ms) fsu=0 | cum_total=3764646 B cum_segs=15687
  29.985  SINK rx: 141 KB/s (145205 B / 1000 ms) fsu=0 | cum_total=3909851 B cum_segs=16292
  30.993  SINK rx: 142 KB/s (145440 B / 1000 ms) fsu=0 | cum_total=4055291 B cum_segs=16898
