   1.042  MTU err=0 mtu=247
   1.042  PHY tx=2 rx=2
   1.042  t=1s RTT mean=0 min=0 max=0 n=0 to=0 | cancels=0(+0/s) seqbad=0 len_bad=0 disc=0(0x00) | tot_n=0 tot_to=0 maxever=0 >2ms=0 >5ms=0 >15ms=0 >20ms=0 >30ms=0 | probes=0 wrfail=0 down=1s maxout=1s
   1.446  discovery start (post-PHY +500ms) interval=50000 phy2m=1
   1.446  SUBSCRIBED, vh=18
   1.446  BLAST: phy_update->2M rc=0
   1.446  BLASTC comp=1 exkBps=0 cgap_us[min/avg/max]=4294967295/0/0
   1.506  BLAST phy=2/2 att=1 ok=1 enomem=0 err=0 call_us[min/avg/max]=122/122/122 okgap_max_us=0
   1.506  BLAST first16_call_us: 122 121 117 118 118 118 117 119 117 118 118 118 118 117 118 118
   2.063  *** Booting nRF Connect SDK v3.4.0-99553055607b ***
   2.063  *** Using Zephyr OS v4.4.0-bf801e4e3d19 ***
   2.063  [00:06:52.989,891] [0m<inf> bt_sdc_hci_driver: SoftDevice Controller build revision:
   2.063                                              c8 da 30 98 f9 f0 34 a4  4b 6e ba d3 08 19 cc 0c |..0...4. Kn......
   2.063                                              ea 51 da 47                                      |.Q.G             [0m
   2.123  [00:06:52.991,108] [0m<inf> bt_hci_core: HW Platform: Nordic Semiconductor (0x0002)[0m
   2.123  [00:06:52.991,121] [0m<inf> bt_hci_core: HW Variant: nRF54Lx (0x0005)[0m
   2.123  [00:06:52.991,132] [0m<inf> bt_hci_core: Firmware: Standard Bluetooth controller (0x00) Version 200.12506 Build 888207768[0m
   2.123  [00:06:52.991,543] [0m<inf> bt_hci_core: HCI transport: SDC[0m
   2.123  [00:06:52.991,591] [0m<inf> bt_hci_core: Identity: FC:BE:FF:FA:E6:8B (random)[0m
   2.123  [00:06:52.991,608] [0m<inf> bt_hci_core: HCI: version 6.3 (0x11) revision 0x3039, manufacturer 0x0059[0m
   2.123  [00:06:52.991,623] [0m<inf> bt_hci_core: LMP: version 6.3 (0x11) subver 0x3039[0m
   2.123  
   2.123  === nRF54L15 RTT ping-pong CENTRAL ===
   2.123  scan rc=0
   2.123  GAP connected interval=50000
   3.194  MTU err=0 mtu=247
   3.194  PHY tx=2 rx=2
   3.194  t=1s RTT mean=0 min=0 max=0 n=0 to=0 | cancels=0(+0/s) seqbad=0 len_bad=0 disc=0(0x00) | tot_n=0 tot_to=0 maxever=0 >2ms=0 >5ms=0 >15ms=0 >20ms=0 >30ms=0 | probes=0 wrfail=0 down=1s maxout=1s
   3.594  discovery start (post-PHY +500ms) interval=50000 phy2m=1
   3.594  SUBSCRIBED, vh=18
   3.594  BLAST: phy_update->2M rc=0
   3.594  BLASTC comp=1 exkBps=0 cgap_us[min/avg/max]=4294967295/0/0
   3.652  BLAST phy=2/2 att=1 ok=1 enomem=0 err=0 call_us[min/avg/max]=123/123/123 okgap_max_us=0
   3.652  BLAST first16_call_us: 123 122 118 118 118 118 117 118 119 117 118 118 118 118 118 118
   4.690  PHY tx=2 rx=2
   4.690  BLASTC comp=296 exkBps=0 cgap_us[min/avg/max]=127/1510/40994
   4.690  BLAST phy=2/2 att=316 ok=316 enomem=0 err=0 call_us[min/avg/max]=49/1404/39881 okgap_max_us=39892
   4.751  t=2s RTT mean=0 min=0 max=0 n=0 to=0 | cancels=0(+0/s) seqbad=0 len_bad=0 disc=0(0x00) | tot_n=0 tot_to=0 maxever=0 >2ms=0 >5ms=0 >15ms=0 >20ms=0 >30ms=0 | probes=0 wrfail=0 down=1s maxout=1s
   6.045  BLASTC comp=685 exkBps=0 cgap_us[min/avg/max]=1386/1459/4033
   6.045  BLAST phy=2/2 att=685 ok=685 enomem=0 err=0 call_us[min/avg/max]=1312/1448/4023 okgap_max_us=4034
   6.105  t=3s RTT mean=0 min=0 max=0 n=0 to=0 | cancels=0(+0/s) seqbad=0 len_bad=0 disc=0(0x00) | tot_n=0 tot_to=0 maxever=0 >2ms=0 >5ms=0 >15ms=0 >20ms=0 >30ms=0 | probes=0 wrfail=0 down=1s maxout=1s
   6.105  BLASTC comp=662 exkBps=0 cgap_us[min/avg/max]=1389/1510/37469
   6.105  BLAST phy=2/2 att=662 ok=662 enomem=0 err=0 call_us[min/avg/max]=1330/1499/37458 okgap_max_us=37469
   6.105  t=4s RTT mean=0 min=0 max=0 n=0 to=0 | cancels=0(+0/s) seqbad=0 len_bad=0 disc=0(0x00) | tot_n=0 tot_to=0 maxever=0 >2ms=0 >5ms=0 >15ms=0 >20ms=0 >30ms=0 | probes=0 wrfail=0 down=1s maxout=1s
   8.069  BLASTC comp=686 exkBps=0 cgap_us[min/avg/max]=1386/1457/4034
   8.069  BLAST phy=2/2 att=686 ok=686 enomem=0 err=0 call_us[min/avg/max]=1321/1446/4023 okgap_max_us=4034
   8.069  t=5s RTT mean=0 min=0 max=0 n=0 to=0 | cancels=0(+0/s) seqbad=0 len_bad=0 disc=0(0x00) | tot_n=0 tot_to=0 maxever=0 >2ms=0 >5ms=0 >15ms=0 >20ms=0 >30ms=0 | probes=0 wrfail=0 down=1s maxout=1s
   8.069  BLASTC comp=686 exkBps=0 cgap_us[min/avg/max]=1389/1457/4034
   8.127  BLAST phy=2/2 att=686 ok=686 enomem=0 err=0 call_us[min/avg/max]=1330/1446/4024 okgap_max_us=4034
   8.127  t=6s RTT mean=0 min=0 max=0 n=0 to=0 | cancels=0(+0/s) seqbad=0 len_bad=0 disc=0(0x00) | tot_n=0 tot_to=0 maxever=0 >2ms=0 >5ms=0 >15ms=0 >20ms=0 >30ms=0 | probes=0 wrfail=0 down=1s maxout=1s
  10.043  BLASTC comp=683 exkBps=0 cgap_us[min/avg/max]=1387/1464/9605
  10.043  BLAST phy=2/2 att=683 ok=683 enomem=0 err=0 call_us[min/avg/max]=1323/1453/9595 okgap_max_us=9605
  10.103  t=7s RTT mean=0 min=0 max=0 n=0 to=0 | cancels=0(+0/s) seqbad=0 len_bad=0 disc=0(0x00) | tot_n=0 tot_to=0 maxever=0 >2ms=0 >5ms=0 >15ms=0 >20ms=0 >30ms=0 | probes=0 wrfail=0 down=1s maxout=1s
  10.104  BLASTC comp=686 exkBps=0 cgap_us[min/avg/max]=1390/1457/4034
  10.104  BLAST phy=2/2 att=686 ok=686 enomem=0 err=0 call_us[min/avg/max]=1330/1446/4024 okgap_max_us=4034
  10.104  t=8s RTT mean=0 min=0 max=0 n=0 to=0 | cancels=0(+0/s) seqbad=0 len_bad=0 disc=0(0x00) | tot_n=0 tot_to=0 maxever=0 >2ms=0 >5ms=0 >15ms=0 >20ms=0 >30ms=0 | probes=0 wrfail=0 down=1s maxout=1s
  12.051  BLASTC comp=686 exkBps=0 cgap_us[min/avg/max]=1386/1457/4034
  12.051  BLAST phy=2/2 att=686 ok=686 enomem=0 err=0 call_us[min/avg/max]=1325/1446/4023 okgap_max_us=4034
  12.111  t=9s RTT mean=0 min=0 max=0 n=0 to=0 | cancels=0(+0/s) seqbad=0 len_bad=0 disc=0(0x00) | tot_n=0 tot_to=0 maxever=0 >2ms=0 >5ms=0 >15ms=0 >20ms=0 >30ms=0 | probes=0 wrfail=0 down=1s maxout=1s
  12.111  BLASTC comp=657 exkBps=0 cgap_us[min/avg/max]=1387/1522/44430
  12.111  BLAST phy=2/2 att=657 ok=657 enomem=0 err=0 call_us[min/avg/max]=1333/1511/44419 okgap_max_us=44430
  12.111  t=10s RTT mean=0 min=0 max=0 n=0 to=0 | cancels=0(+0/s) seqbad=0 len_bad=0 disc=0(0x00) | tot_n=0 tot_to=0 maxever=0 >2ms=0 >5ms=0 >15ms=0 >20ms=0 >30ms=0 | probes=0 wrfail=0 down=1s maxout=1s
  14.028  BLASTC comp=685 exkBps=0 cgap_us[min/avg/max]=1380/1459/4034
  14.088  BLAST phy=2/2 att=685 ok=685 enomem=0 err=0 call_us[min/avg/max]=1274/1448/4023 okgap_max_us=4034
  14.089  t=11s RTT mean=0 min=0 max=0 n=0 to=0 | cancels=0(+0/s) seqbad=0 len_bad=0 disc=0(0x00) | tot_n=0 tot_to=0 maxever=0 >2ms=0 >5ms=0 >15ms=0 >20ms=0 >30ms=0 | probes=0 wrfail=0 down=1s maxout=1s
  14.089  BLASTC comp=659 exkBps=0 cgap_us[min/avg/max]=1389/1517/40251
  14.089  BLAST phy=2/2 att=659 ok=659 enomem=0 err=0 call_us[min/avg/max]=1321/1506/40240 okgap_max_us=40251
  14.140  t=12s RTT mean=0 min=0 max=0 n=0 to=0 | cancels=0(+0/s) seqbad=0 len_bad=0 disc=0(0x00) | tot_n=0 tot_to=0 maxever=0 >2ms=0 >5ms=0 >15ms=0 >20ms=0 >30ms=0 | probes=0 wrfail=0 down=1s maxout=1s
  16.056  BLASTC comp=684 exkBps=0 cgap_us[min/avg/max]=1387/1461/4034
  16.057  BLAST phy=2/2 att=684 ok=684 enomem=0 err=0 call_us[min/avg/max]=1313/1451/4024 okgap_max_us=4035
  16.116  t=13s RTT mean=0 min=0 max=0 n=0 to=0 | cancels=0(+0/s) seqbad=0 len_bad=0 disc=0(0x00) | tot_n=0 tot_to=0 maxever=0 >2ms=0 >5ms=0 >15ms=0 >20ms=0 >30ms=0 | probes=0 wrfail=0 down=1s maxout=1s
  16.116  FSU: request [52..52] us (ACL both dirs, 1M+2M) rc=0
  16.116  FSU: updated status=0x00 spacing=70 us phys=0x3 types=0x3 initiator=0
  16.116  BLASTC comp=609 exkBps=0 cgap_us[min/avg/max]=1228/1641/52676
  16.116  BLAST phy=2/2 att=609 ok=609 enomem=0 err=0 call_us[min/avg/max]=1215/1630/52665 okgap_max_us=52676
  16.116  t=14s RTT mean=0 min=0 max=0 n=0 to=0 | cancels=0(+0/s) seqbad=0 len_bad=0 disc=0(0x00) | tot_n=0 tot_to=0 maxever=0 >2ms=0 >5ms=0 >15ms=0 >20ms=0 >30ms=0 | probes=0 wrfail=0 down=1s maxout=1s
  18.083  BLASTC comp=780 exkBps=0 cgap_us[min/avg/max]=1218/1282/3158
  18.083  BLAST phy=2/2 att=780 ok=780 enomem=0 err=0 call_us[min/avg/max]=1111/1271/3147 okgap_max_us=3158
  18.083  t=15s RTT mean=0 min=0 max=0 n=0 to=0 | cancels=0(+0/s) seqbad=0 len_bad=0 disc=0(0x00) | tot_n=0 tot_to=0 maxever=0 >2ms=0 >5ms=0 >15ms=0 >20ms=0 >30ms=0 | probes=0 wrfail=0 down=1s maxout=1s
  18.084  BLASTC comp=780 exkBps=0 cgap_us[min/avg/max]=1228/1282/3157
  18.084  BLAST phy=2/2 att=780 ok=780 enomem=0 err=0 call_us[min/avg/max]=1161/1271/3147 okgap_max_us=3157
  18.143  t=16s RTT mean=0 min=0 max=0 n=0 to=0 | cancels=0(+0/s) seqbad=0 len_bad=0 disc=0(0x00) | tot_n=0 tot_to=0 maxever=0 >2ms=0 >5ms=0 >15ms=0 >20ms=0 >30ms=0 | probes=0 wrfail=0 down=1s maxout=1s
  20.039  BLASTC comp=780 exkBps=0 cgap_us[min/avg/max]=1228/1282/3157
  20.039  BLAST phy=2/2 att=780 ok=780 enomem=0 err=0 call_us[min/avg/max]=1152/1271/3147 okgap_max_us=3158
  20.097  t=17s RTT mean=0 min=0 max=0 n=0 to=0 | cancels=0(+0/s) seqbad=0 len_bad=0 disc=0(0x00) | tot_n=0 tot_to=0 maxever=0 >2ms=0 >5ms=0 >15ms=0 >20ms=0 >30ms=0 | probes=0 wrfail=0 down=1s maxout=1s
  20.097  BLASTC comp=780 exkBps=0 cgap_us[min/avg/max]=1228/1282/3157
  20.097  BLAST phy=2/2 att=780 ok=780 enomem=0 err=0 call_us[min/avg/max]=1160/1271/3146 okgap_max_us=3157
  20.097  t=18s RTT mean=0 min=0 max=0 n=0 to=0 | cancels=0(+0/s) seqbad=0 len_bad=0 disc=0(0x00) | tot_n=0 tot_to=0 maxever=0 >2ms=0 >5ms=0 >15ms=0 >20ms=0 >30ms=0 | probes=0 wrfail=0 down=1s maxout=1s
  22.067  BLASTC comp=780 exkBps=0 cgap_us[min/avg/max]=1226/1282/3157
  22.067  BLAST phy=2/2 att=780 ok=780 enomem=0 err=0 call_us[min/avg/max]=1153/1271/3146 okgap_max_us=3157
  22.067  t=19s RTT mean=0 min=0 max=0 n=0 to=0 | cancels=0(+0/s) seqbad=0 len_bad=0 disc=0(0x00) | tot_n=0 tot_to=0 maxever=0 >2ms=0 >5ms=0 >15ms=0 >20ms=0 >30ms=0 | probes=0 wrfail=0 down=1s maxout=1s
  22.067  BLASTC comp=779 exkBps=0 cgap_us[min/avg/max]=1228/1283/3157
  22.121  BLAST phy=2/2 att=779 ok=779 enomem=0 err=0 call_us[min/avg/max]=1160/1272/3146 okgap_max_us=3157
  22.121  t=20s RTT mean=0 min=0 max=0 n=0 to=0 | cancels=0(+0/s) seqbad=0 len_bad=0 disc=0(0x00) | tot_n=0 tot_to=0 maxever=0 >2ms=0 >5ms=0 >15ms=0 >20ms=0 >30ms=0 | probes=0 wrfail=0 down=1s maxout=1s
  24.069  BLASTC comp=780 exkBps=0 cgap_us[min/avg/max]=1227/1282/3157
  24.070  BLAST phy=2/2 att=780 ok=780 enomem=0 err=0 call_us[min/avg/max]=1152/1271/3146 okgap_max_us=3157
  24.070  t=21s RTT mean=0 min=0 max=0 n=0 to=0 | cancels=0(+0/s) seqbad=0 len_bad=0 disc=0(0x00) | tot_n=0 tot_to=0 maxever=0 >2ms=0 >5ms=0 >15ms=0 >20ms=0 >30ms=0 | probes=0 wrfail=0 down=1s maxout=1s
  24.070  BLASTC comp=778 exkBps=0 cgap_us[min/avg/max]=1226/1285/3157
  24.126  BLAST phy=2/2 att=778 ok=778 enomem=0 err=0 call_us[min/avg/max]=1131/1274/3147 okgap_max_us=3157
  24.126  t=22s RTT mean=0 min=0 max=0 n=0 to=0 | cancels=0(+0/s) seqbad=0 len_bad=0 disc=0(0x00) | tot_n=0 tot_to=0 maxever=0 >2ms=0 >5ms=0 >15ms=0 >20ms=0 >30ms=0 | probes=0 wrfail=0 down=1s maxout=1s
  26.045  BLASTC comp=779 exkBps=0 cgap_us[min/avg/max]=1227/1283/3157
  26.045  BLAST phy=2/2 att=779 ok=779 enomem=0 err=0 call_us[min/avg/max]=1153/1272/3146 okgap_max_us=3157
  26.095  t=23s RTT mean=0 min=0 max=0 n=0 to=0 | cancels=0(+0/s) seqbad=0 len_bad=0 disc=0(0x00) | tot_n=0 tot_to=0 maxever=0 >2ms=0 >5ms=0 >15ms=0 >20ms=0 >30ms=0 | probes=0 wrfail=0 down=1s maxout=1s
  26.096  BLASTC comp=751 exkBps=0 cgap_us[min/avg/max]=1228/1331/38907
  26.096  BLAST phy=2/2 att=751 ok=751 enomem=0 err=0 call_us[min/avg/max]=1160/1320/38896 okgap_max_us=38907
  26.096  t=24s RTT mean=0 min=0 max=0 n=0 to=0 | cancels=0(+0/s) seqbad=0 len_bad=0 disc=0(0x00) | tot_n=0 tot_to=0 maxever=0 >2ms=0 >5ms=0 >15ms=0 >20ms=0 >30ms=0 | probes=0 wrfail=0 down=1s maxout=1s
  28.077  BLASTC comp=780 exkBps=0 cgap_us[min/avg/max]=1227/1282/3157
  28.077  BLAST phy=2/2 att=780 ok=780 enomem=0 err=0 call_us[min/avg/max]=1153/1271/3146 okgap_max_us=3157
  28.077  t=25s RTT mean=0 min=0 max=0 n=0 to=0 | cancels=0(+0/s) seqbad=0 len_bad=0 disc=0(0x00) | tot_n=0 tot_to=0 maxever=0 >2ms=0 >5ms=0 >15ms=0 >20ms=0 >30ms=0 | probes=0 wrfail=0 down=1s maxout=1s
  28.077  BLASTC comp=780 exkBps=0 cgap_us[min/avg/max]=1228/1282/3157
  28.077  BLAST phy=2/2 att=780 ok=780 enomem=0 err=0 call_us[min/avg/max]=1160/1271/3146 okgap_max_us=3157
  28.135  t=26s RTT mean=0 min=0 max=0 n=0 to=0 | cancels=0(+0/s) seqbad=0 len_bad=0 disc=0(0x00) | tot_n=0 tot_to=0 maxever=0 >2ms=0 >5ms=0 >15ms=0 >20ms=0 >30ms=0 | probes=0 wrfail=0 down=1s maxout=1s
  30.083  BLASTC comp=780 exkBps=0 cgap_us[min/avg/max]=1226/1282/3157
  30.083  BLAST phy=2/2 att=780 ok=780 enomem=0 err=0 call_us[min/avg/max]=1154/1271/3147 okgap_max_us=3157
  30.083  t=27s RTT mean=0 min=0 max=0 n=0 to=0 | cancels=0(+0/s) seqbad=0 len_bad=0 disc=0(0x00) | tot_n=0 tot_to=0 maxever=0 >2ms=0 >5ms=0 >15ms=0 >20ms=0 >30ms=0 | probes=0 wrfail=0 down=1s maxout=1s
  30.083  BLASTC comp=780 exkBps=0 cgap_us[min/avg/max]=1228/1282/3157
  30.083  BLAST phy=2/2 att=780 ok=780 enomem=0 err=0 call_us[min/avg/max]=1160/1271/3147 okgap_max_us=3157
  30.143  t=28s RTT mean=0 min=0 max=0 n=0 to=0 | cancels=0(+0/s) seqbad=0 len_bad=0 disc=0(0x00) | tot_n=0 tot_to=0 maxever=0 >2ms=0 >5ms=0 >15ms=0 >20ms=0 >30ms=0 | probes=0 wrfail=0 down=1s maxout=1s
