   0.465  PHY: tx=2 rx=2 (2=2M)
   0.465  dle req rc=0
   0.523  l2cap_chan_connect rc=0
   0.642  DLE: tx_max=251 rx_max=251
   0.699  L2CAP connected: tx.mtu=512 tx.mps=247 tx.credits=0 rx.mtu=245 rx.mps=247
   0.700  GATE conn: interval=40 (units 1.25ms) => 50.00 ms
   0.756  Q3FSU-REQ role=C auto min=150 max=150 phys=0x2 rc=0
   0.867  Q3FSU-DONE role=C status=0x00 spacing=150 types=0x0 phys=0x0 initiator=0
   1.037  blasting 480-byte SDUs...
   2.046  *** Booting nRF Connect SDK v3.4.0-99553055607b ***
   2.046  *** Using Zephyr OS v4.4.0-bf801e4e3d19 ***
   2.046  
   2.106  === nRF52840 L2CAP CoC central (Zephyr 4.4.1) ===
   2.106  scan start rc=0
   2.106  found D6:C7:60:B1:D3:0E (random) (rssi -33), connecting
   2.106  GAP connected
   2.106  phy req rc=0
   2.559  PHY: tx=2 rx=2 (2=2M)
   2.559  dle req rc=0
   2.618  l2cap_chan_connect rc=0
   2.790  DLE: tx_max=251 rx_max=251
   2.848  L2CAP connected: tx.mtu=512 tx.mps=247 tx.credits=0 rx.mtu=245 rx.mps=247
   2.848  GATE conn: interval=40 (units 1.25ms) => 50.00 ms
   2.848  Q3FSU-REQ role=C auto min=150 max=150 phys=0x2 rc=0
   2.959  Q3FSU-DONE role=C status=0x00 spacing=150 types=0x0 phys=0x0 initiator=0
   3.125  blasting 480-byte SDUs...
  12.073  RPT occ: (SDC no-occ) fsu=150 | sender: sent=3018(+3018 SDU) eagain=0(+0) poolfail=0(+0)
  22.118  RPT occ: (SDC no-occ) fsu=150 | sender: sent=6323(+3305 SDU) eagain=0(+0) poolfail=0(+0)
