   0.635  P t=30s rxkBps=158 blkkBps=0 pongs=16638(+667/s) cancels=0(+0/s) notify=1 disc=1(0x08) | echo rx=0 tx=0 pend=0 stale=0
   0.635  P t=31s rxkBps=157 blkkBps=0 pongs=17300(+662/s) cancels=0(+0/s) notify=1 disc=1(0x08) | echo rx=0 tx=0 pend=0 stale=0
   1.722  *** Booting Zephyr OS build v4.4.2-16-gfee9fbc62095 ***
   1.722  [00:52:27.115,118] [0m<inf> bt_hci_core: HW Platform: Nordic Semiconductor (0x0002)[0m
   1.722  [00:52:27.115,131] [0m<inf> bt_hci_core: HW Variant: nRF54Lx (0x0005)[0m
   1.722  [00:52:27.115,142] [0m<inf> bt_hci_core: Firmware: Standard Bluetooth controller (0x00) Version 4.4 Build 2[0m
   1.722  [00:52:27.115,488] [0m<inf> bt_hci_core: HCI transport: Controller[0m
   1.722  [00:52:27.115,533] [0m<inf> bt_hci_core: Identity: D6:C7:60:B1:D3:0E (random)[0m
   1.780  [00:52:27.115,550] [0m<inf> bt_hci_core: HCI: version 5.4 (0x0d) revision 0x0000, manufacturer 0x05f1[0m
   1.781  [00:52:27.115,564] [0m<inf> bt_hci_core: LMP: version 5.4 (0x0d) subver 0xffff[0m
   1.781  
   1.781  === nRF54L15 RTT ping-pong PERIPHERAL (echo) ===
   1.781  advertising
   3.128  GAP connected interval=7500
   3.129  PHY tx=2 rx=2
   3.129  P t=1s rxkBps=0 blkkBps=0 pongs=0(+0/s) cancels=0(+0/s) notify=0 disc=0(0x00) | echo rx=0 tx=0 pend=0 stale=0
   3.129  CCC: notify ENABLED
   4.722  P t=2s rxkBps=146 blkkBps=0 pongs=614(+614/s) cancels=0(+0/s) notify=1 disc=0(0x00) | echo rx=0 tx=0 pend=0 stale=0
   4.722  P t=3s rxkBps=157 blkkBps=0 pongs=1275(+661/s) cancels=0(+0/s) notify=1 disc=0(0x00) | echo rx=0 tx=0 pend=0 stale=0
   6.704  P t=4s rxkBps=158 blkkBps=0 pongs=1942(+667/s) cancels=0(+0/s) notify=1 disc=0(0x00) | echo rx=0 tx=0 pend=0 stale=0
   6.704  P t=5s rxkBps=158 blkkBps=0 pongs=2608(+666/s) cancels=0(+0/s) notify=1 disc=0(0x00) | echo rx=0 tx=0 pend=0 stale=0
   8.700  P t=6s rxkBps=158 blkkBps=0 pongs=3274(+666/s) cancels=0(+0/s) notify=1 disc=0(0x00) | echo rx=0 tx=0 pend=0 stale=0
   8.700  P t=7s rxkBps=158 blkkBps=0 pongs=3941(+667/s) cancels=0(+0/s) notify=1 disc=0(0x00) | echo rx=0 tx=0 pend=0 stale=0
  10.745  P t=8s rxkBps=158 blkkBps=0 pongs=4608(+667/s) cancels=0(+0/s) notify=1 disc=0(0x00) | echo rx=0 tx=0 pend=0 stale=0
  10.745  P t=9s rxkBps=158 blkkBps=0 pongs=5275(+667/s) cancels=0(+0/s) notify=1 disc=0(0x00) | echo rx=0 tx=0 pend=0 stale=0
  12.695  P t=10s rxkBps=158 blkkBps=0 pongs=5942(+667/s) cancels=0(+0/s) notify=1 disc=0(0x00) | echo rx=0 tx=0 pend=0 stale=0
  12.755  P t=11s rxkBps=158 blkkBps=0 pongs=6608(+666/s) cancels=0(+0/s) notify=1 disc=0(0x00) | echo rx=0 tx=0 pend=0 stale=0
  14.730  P t=12s rxkBps=158 blkkBps=0 pongs=7272(+664/s) cancels=0(+0/s) notify=1 disc=0(0x00) | echo rx=0 tx=0 pend=0 stale=0
  14.731  P t=13s rxkBps=158 blkkBps=0 pongs=7939(+667/s) cancels=0(+0/s) notify=1 disc=0(0x00) | echo rx=0 tx=0 pend=0 stale=0
  16.702  P t=14s rxkBps=157 blkkBps=0 pongs=8599(+660/s) cancels=0(+0/s) notify=1 disc=0(0x00) | echo rx=0 tx=0 pend=0 stale=0
  16.702  P t=15s rxkBps=158 blkkBps=0 pongs=9265(+666/s) cancels=0(+0/s) notify=1 disc=0(0x00) | echo rx=0 tx=0 pend=0 stale=0
  18.730  P t=16s rxkBps=158 blkkBps=0 pongs=9932(+667/s) cancels=0(+0/s) notify=1 disc=0(0x00) | echo rx=0 tx=0 pend=0 stale=0
  18.730  P t=17s rxkBps=158 blkkBps=0 pongs=10599(+667/s) cancels=0(+0/s) notify=1 disc=0(0x00) | echo rx=0 tx=0 pend=0 stale=0
  20.735  P t=18s rxkBps=158 blkkBps=0 pongs=11266(+667/s) cancels=0(+0/s) notify=1 disc=0(0x00) | echo rx=0 tx=0 pend=0 stale=0
  20.735  P t=19s rxkBps=158 blkkBps=0 pongs=11933(+667/s) cancels=0(+0/s) notify=1 disc=0(0x00) | echo rx=0 tx=0 pend=0 stale=0
  22.703  P t=20s rxkBps=158 blkkBps=0 pongs=12599(+666/s) cancels=0(+0/s) notify=1 disc=0(0x00) | echo rx=0 tx=0 pend=0 stale=0
  22.703  P t=21s rxkBps=157 blkkBps=0 pongs=13260(+661/s) cancels=0(+0/s) notify=1 disc=0(0x00) | echo rx=0 tx=0 pend=0 stale=0
  24.704  P t=22s rxkBps=158 blkkBps=0 pongs=13925(+665/s) cancels=0(+0/s) notify=1 disc=0(0x00) | echo rx=0 tx=0 pend=0 stale=0
  24.704  P t=23s rxkBps=158 blkkBps=0 pongs=14592(+667/s) cancels=0(+0/s) notify=1 disc=0(0x00) | echo rx=0 tx=0 pend=0 stale=0
  26.736  P t=24s rxkBps=158 blkkBps=0 pongs=15259(+667/s) cancels=0(+0/s) notify=1 disc=0(0x00) | echo rx=0 tx=0 pend=0 stale=0
  26.736  P t=25s rxkBps=158 blkkBps=0 pongs=15925(+666/s) cancels=0(+0/s) notify=1 disc=0(0x00) | echo rx=0 tx=0 pend=0 stale=0
  28.696  P t=26s rxkBps=158 blkkBps=0 pongs=16592(+667/s) cancels=0(+0/s) notify=1 disc=0(0x00) | echo rx=0 tx=0 pend=0 stale=0
  28.756  P t=27s rxkBps=158 blkkBps=0 pongs=17259(+667/s) cancels=0(+0/s) notify=1 disc=0(0x00) | echo rx=0 tx=0 pend=0 stale=0
  30.725  P t=28s rxkBps=158 blkkBps=0 pongs=17925(+666/s) cancels=0(+0/s) notify=1 disc=0(0x00) | echo rx=0 tx=0 pend=0 stale=0
  30.725  P t=29s rxkBps=158 blkkBps=0 pongs=18591(+666/s) cancels=0(+0/s) notify=1 disc=0(0x00) | echo rx=0 tx=0 pend=0 stale=0
