   1.740  found D6:C7:60:B1:D3:0E (random) (rssi -33), connecting
   1.740  Q2CONN AA=8b79020f CRCINIT=209ce6 hop=5 chan_count=37 map=ffffffff1f
   1.740  GAP connected
   1.740  phy req rc=0
   2.078  *** Booting Zephyr OS build v4.4.2-16-gfee9fbc62095 ***
   2.078  
   2.078  === nRF52840 L2CAP CoC central (Zephyr 4.4.1) ===
   2.078  scan start rc=0
   6.010  found D6:C7:60:B1:D3:0E (random) (rssi -33), connecting
   6.070  Q2CONN AA=664d8952 CRCINIT=702cf7 hop=13 chan_count=37 map=ffffffff1f
   6.070  GAP connected
   6.070  phy req rc=0
   6.350  PHY: tx=2 rx=2 (2=2M)
   6.350  dle req rc=0
   6.521  DLE: tx_max=251 rx_max=27
   6.521  l2cap_chan_connect rc=0
   6.634  L2CAP connected: tx.mtu=512 tx.mps=247 tx.credits=0 rx.mtu=245 rx.mps=247
   6.634  GATE conn: interval=30 (units 1.25ms) => 37.50 ms
   6.634  Q3FSU-REQ role=C auto min=150 max=150 phys=0x2 rc=0
   6.935  blasting 480-byte SDUs...
  12.372  RPT occ: events=0 mean_pkts/ev=0.00 max=0 nonempty_ev=0 fsu=0 | sender: sent=1940(+1940 SDU) eagain=0(+0) poolfail=0(+0)
  22.369  RPT occ: events=0 mean_pkts/ev=0.00 max=0 nonempty_ev=0 fsu=0 | sender: sent=5400(+3460 SDU) eagain=0(+0) poolfail=0(+0)
