   0.280  PHY: tx=2 rx=2 (2=2M)
   0.281  dle req rc=0
   0.397  l2cap_chan_connect rc=0
   0.516  DLE: tx_max=251 rx_max=27
   0.627  L2CAP connected: tx.mtu=512 tx.mps=247 tx.credits=0 rx.mtu=245 rx.mps=247
   0.627  GATE conn: interval=40 (units 1.25ms) => 50.00 ms
   0.627  Q3FSU-REQ role=C auto min=52 max=150 phys=0x2 rc=0
   0.687  Q3FSU-DONE role=C status=0x00 spacing=52 types=0x3 phys=0x2 initiator=0
   0.916  blasting 480-byte SDUs...
   2.013  *** Booting Zephyr OS build v4.4.2-16-gfee9fbc62095 ***
   2.013  
   2.073  === nRF52840 L2CAP CoC central (Zephyr 4.4.1) ===
   2.073  scan start rc=0
   2.073  found D6:C7:60:B1:D3:0E (random) (rssi -33), connecting
   2.073  Q2CONN AA=cee84a28 CRCINIT=6f16db hop=11 chan_count=37 map=ffffffff1f
   2.127  GAP connected
   2.128  phy req rc=0
   2.522  PHY: tx=2 rx=2 (2=2M)
   2.523  dle req rc=0
   2.580  l2cap_chan_connect rc=0
   2.693  DLE: tx_max=251 rx_max=27
   2.805  L2CAP connected: tx.mtu=512 tx.mps=247 tx.credits=0 rx.mtu=245 rx.mps=247
   2.805  GATE conn: interval=40 (units 1.25ms) => 50.00 ms
   2.805  Q3FSU-REQ role=C auto min=52 max=150 phys=0x2 rc=0
   2.922  Q3FSU-DONE role=C status=0x00 spacing=52 types=0x3 phys=0x2 initiator=0
   3.149  blasting 480-byte SDUs...
  12.335  RPT occ: events=0 mean_pkts/ev=0.00 max=0 nonempty_ev=0 fsu=52 | sender: sent=3644(+3644 SDU) eagain=0(+0) poolfail=0(+0)
  22.358  RPT occ: events=0 mean_pkts/ev=0.00 max=0 nonempty_ev=0 fsu=52 | sender: sent=7453(+3809 SDU) eagain=0(+0) poolfail=0(+0)
