   0.060  GAP connected: interval=6
   0.121  PHY updated: tx=2 rx=2
   0.179  DLE updated: tx_max=27 rx_max=251
   0.179  CoC up — seg_recv sink ready (RX_CREDITS=64, MPS=247)
   0.239  Q3FSU-DONE role=P status=0x00 spacing=52 types=0x3 phys=0x2 initiator=2
   0.799  SINK rx: 42 KB/s (43451 B / 1000 ms) fsu=52 | cum_total=43451 B cum_segs=182
   1.731  *** Booting Zephyr OS build v4.4.2-16-gfee9fbc62095 ***
   1.731  
   1.731  === nRF52 L2CAP CoC SINK (Zephyr 4.4.1, seg_recv) ===
   1.731  L2CAP server on PSM 0x0080
   1.731  Advertising as 'zenoh-nrf-l2cap'
   2.191  GAP connected: interval=6
   2.248  PHY updated: tx=2 rx=2
   2.248  DLE updated: tx_max=27 rx_max=251
   2.301  CoC up — seg_recv sink ready (RX_CREDITS=64, MPS=247)
   2.301  Q3FSU-DONE role=P status=0x00 spacing=52 types=0x3 phys=0x2 initiator=2
   2.754  SINK rx: 16 KB/s (17051 B / 1000 ms) fsu=52 | cum_total=17051 B cum_segs=72
   3.735  SINK rx: 153 KB/s (157440 B / 1000 ms) fsu=52 | cum_total=174491 B cum_segs=728
   4.771  SINK rx: 157 KB/s (160800 B / 1000 ms) fsu=52 | cum_total=335291 B cum_segs=1398
   5.754  SINK rx: 157 KB/s (161280 B / 1000 ms) fsu=52 | cum_total=496571 B cum_segs=2070
   6.803  SINK rx: 157 KB/s (161280 B / 1000 ms) fsu=52 | cum_total=657851 B cum_segs=2742
   7.767  SINK rx: 157 KB/s (161280 B / 1000 ms) fsu=52 | cum_total=819131 B cum_segs=3414
   8.805  SINK rx: 156 KB/s (160320 B / 1000 ms) fsu=52 | cum_total=979451 B cum_segs=4082
   9.800  SINK rx: 157 KB/s (161280 B / 1000 ms) fsu=52 | cum_total=1140731 B cum_segs=4754
  10.840  SINK rx: 155 KB/s (159595 B / 1000 ms) fsu=52 | cum_total=1300326 B cum_segs=5419
  11.821  SINK rx: 156 KB/s (160085 B / 1000 ms) fsu=52 | cum_total=1460411 B cum_segs=6086
  12.818  SINK rx: 157 KB/s (161515 B / 1000 ms) fsu=52 | cum_total=1621926 B cum_segs=6759
  13.854  SINK rx: 156 KB/s (160565 B / 1000 ms) fsu=52 | cum_total=1782491 B cum_segs=7428
  14.845  SINK rx: 155 KB/s (158880 B / 1000 ms) fsu=52 | cum_total=1941371 B cum_segs=8090
  15.874  SINK rx: 156 KB/s (159840 B / 1000 ms) fsu=52 | cum_total=2101211 B cum_segs=8756
  16.893  SINK rx: 156 KB/s (160320 B / 1000 ms) fsu=52 | cum_total=2261531 B cum_segs=9424
  17.895  SINK rx: 157 KB/s (161515 B / 1000 ms) fsu=52 | cum_total=2423046 B cum_segs=10097
  18.879  SINK rx: 157 KB/s (161280 B / 1000 ms) fsu=52 | cum_total=2584326 B cum_segs=10769
  19.872  SINK rx: 157 KB/s (161525 B / 1000 ms) fsu=52 | cum_total=2745851 B cum_segs=11442
  20.903  SINK rx: 157 KB/s (161280 B / 1000 ms) fsu=52 | cum_total=2907131 B cum_segs=12114
  21.917  SINK rx: 156 KB/s (160075 B / 1000 ms) fsu=52 | cum_total=3067206 B cum_segs=12781
  22.911  SINK rx: 157 KB/s (161280 B / 1000 ms) fsu=52 | cum_total=3228486 B cum_segs=13453
  23.948  SINK rx: 157 KB/s (160800 B / 1000 ms) fsu=52 | cum_total=3389286 B cum_segs=14123
  24.953  SINK rx: 157 KB/s (161280 B / 1000 ms) fsu=52 | cum_total=3550566 B cum_segs=14795
  25.932  SINK rx: 157 KB/s (161525 B / 1000 ms) fsu=52 | cum_total=3712091 B cum_segs=15468
  26.968  SINK rx: 156 KB/s (160075 B / 1000 ms) fsu=52 | cum_total=3872166 B cum_segs=16135
  27.959  SINK rx: 157 KB/s (161525 B / 1000 ms) fsu=52 | cum_total=4033691 B cum_segs=16808
  28.992  SINK rx: 157 KB/s (161280 B / 1000 ms) fsu=52 | cum_total=4194971 B cum_segs=17480
  29.959  SINK rx: 157 KB/s (161515 B / 1000 ms) fsu=52 | cum_total=4356486 B cum_segs=18153
  30.995  SINK rx: 156 KB/s (160320 B / 1000 ms) fsu=52 | cum_total=4516806 B cum_segs=18821
  31.998  SINK rx: 156 KB/s (160320 B / 1000 ms) fsu=52 | cum_total=4677126 B cum_segs=19489
