   0.892  GAP connected interval=37500
   0.892  PHY tx=2 rx=2
   0.892  P t=3s rxkBps=0 blkkBps=0 pongs=0(+0/s) cancels=0(+0/s) notify=0 disc=0(0x00) | echo rx=0 tx=0 pend=0 stale=0
   1.715  *** Booting Zephyr OS build v4.4.2-16-gfee9fbc62095 ***
   1.715  [00:19:26.744,055] [0m<inf> bt_hci_core: HW Platform: Nordic Semiconductor (0x0002)[0m
   1.715  [00:19:26.744,068] [0m<inf> bt_hci_core: HW Variant: nRF54Lx (0x0005)[0m
   1.715  [00:19:26.744,079] [0m<inf> bt_hci_core: Firmware: Standard Bluetooth controller (0x00) Version 4.4 Build 2[0m
   1.715  [00:19:26.744,426] [0m<inf> bt_hci_core: HCI transport: Controller[0m
   1.769  [00:19:26.744,471] [0m<inf> bt_hci_core: Identity: D6:C7:60:B1:D3:0E (random)[0m
   1.769  [00:19:26.744,487] [0m<inf> bt_hci_core: HCI: version 5.4 (0x0d) revision 0x0000, manufacturer 0x05f1[0m
   1.769  [00:19:26.744,502] [0m<inf> bt_hci_core: LMP: version 5.4 (0x0d) subver 0xffff[0m
   1.769  
   1.769  === nRF54L15 RTT ping-pong PERIPHERAL (echo) ===
   1.769  advertising
   3.130  GAP connected interval=37500
   3.131  PHY tx=2 rx=2
   3.131  P t=1s rxkBps=0 blkkBps=0 pongs=0(+0/s) cancels=0(+0/s) notify=0 disc=0(0x00) | echo rx=0 tx=0 pend=0 stale=0
   4.347  CCC: notify ENABLED
   4.347  P t=2s rxkBps=54 blkkBps=0 pongs=230(+230/s) cancels=0(+0/s) notify=1 disc=0(0x00) | echo rx=0 tx=0 pend=0 stale=0
   5.726  P t=3s rxkBps=161 blkkBps=0 pongs=906(+676/s) cancels=0(+0/s) notify=1 disc=0(0x00) | echo rx=0 tx=0 pend=0 stale=0
   5.726  P t=4s rxkBps=165 blkkBps=0 pongs=1600(+694/s) cancels=0(+0/s) notify=1 disc=0(0x00) | echo rx=0 tx=0 pend=0 stale=0
   7.739  P t=5s rxkBps=165 blkkBps=0 pongs=2293(+693/s) cancels=0(+0/s) notify=1 disc=0(0x00) | echo rx=0 tx=0 pend=0 stale=0
   7.739  P t=6s rxkBps=165 blkkBps=0 pongs=2986(+693/s) cancels=0(+0/s) notify=1 disc=0(0x00) | echo rx=0 tx=0 pend=0 stale=0
   9.743  P t=7s rxkBps=161 blkkBps=0 pongs=3664(+678/s) cancels=0(+0/s) notify=1 disc=0(0x00) | echo rx=0 tx=0 pend=0 stale=0
   9.743  P t=8s rxkBps=161 blkkBps=0 pongs=4341(+677/s) cancels=0(+0/s) notify=1 disc=0(0x00) | echo rx=0 tx=0 pend=0 stale=0
  11.707  P t=9s rxkBps=165 blkkBps=0 pongs=5034(+693/s) cancels=0(+0/s) notify=1 disc=0(0x00) | echo rx=0 tx=0 pend=0 stale=0
  11.707  P t=10s rxkBps=165 blkkBps=0 pongs=5727(+693/s) cancels=0(+0/s) notify=1 disc=0(0x00) | echo rx=0 tx=0 pend=0 stale=0
  13.723  P t=11s rxkBps=156 blkkBps=0 pongs=6383(+656/s) cancels=0(+0/s) notify=1 disc=0(0x00) | echo rx=0 tx=0 pend=0 stale=0
  13.723  P t=12s rxkBps=162 blkkBps=0 pongs=7067(+684/s) cancels=0(+0/s) notify=1 disc=0(0x00) | echo rx=0 tx=0 pend=0 stale=0
  15.705  P t=13s rxkBps=165 blkkBps=0 pongs=7761(+694/s) cancels=0(+0/s) notify=1 disc=0(0x00) | echo rx=0 tx=0 pend=0 stale=0
  15.706  P t=14s rxkBps=160 blkkBps=0 pongs=8434(+673/s) cancels=0(+0/s) notify=1 disc=0(0x00) | echo rx=0 tx=0 pend=0 stale=0
  17.715  P t=15s rxkBps=158 blkkBps=0 pongs=9100(+666/s) cancels=0(+0/s) notify=1 disc=0(0x00) | echo rx=0 tx=0 pend=0 stale=0
  17.715  P t=16s rxkBps=164 blkkBps=0 pongs=9792(+692/s) cancels=0(+0/s) notify=1 disc=0(0x00) | echo rx=0 tx=0 pend=0 stale=0
  19.735  P t=17s rxkBps=160 blkkBps=0 pongs=10464(+672/s) cancels=0(+0/s) notify=1 disc=0(0x00) | echo rx=0 tx=0 pend=0 stale=0
  19.735  P t=18s rxkBps=165 blkkBps=0 pongs=11157(+693/s) cancels=0(+0/s) notify=1 disc=0(0x00) | echo rx=0 tx=0 pend=0 stale=0
  21.700  P t=19s rxkBps=165 blkkBps=0 pongs=11851(+694/s) cancels=0(+0/s) notify=1 disc=0(0x00) | echo rx=0 tx=0 pend=0 stale=0
  21.760  P t=20s rxkBps=165 blkkBps=0 pongs=12544(+693/s) cancels=0(+0/s) notify=1 disc=0(0x00) | echo rx=0 tx=0 pend=0 stale=0
  23.738  P t=21s rxkBps=159 blkkBps=0 pongs=13215(+671/s) cancels=0(+0/s) notify=1 disc=0(0x00) | echo rx=0 tx=0 pend=0 stale=0
  23.738  P t=22s rxkBps=165 blkkBps=0 pongs=13909(+694/s) cancels=0(+0/s) notify=1 disc=0(0x00) | echo rx=0 tx=0 pend=0 stale=0
  25.745  P t=23s rxkBps=163 blkkBps=0 pongs=14594(+685/s) cancels=0(+0/s) notify=1 disc=0(0x00) | echo rx=0 tx=0 pend=0 stale=0
  25.746  P t=24s rxkBps=160 blkkBps=0 pongs=15267(+673/s) cancels=0(+0/s) notify=1 disc=0(0x00) | echo rx=0 tx=0 pend=0 stale=0
  27.749  P t=25s rxkBps=165 blkkBps=0 pongs=15962(+695/s) cancels=0(+0/s) notify=1 disc=0(0x00) | echo rx=0 tx=0 pend=0 stale=0
  27.749  P t=26s rxkBps=165 blkkBps=0 pongs=16655(+693/s) cancels=0(+0/s) notify=1 disc=0(0x00) | echo rx=0 tx=0 pend=0 stale=0
  29.715  P t=27s rxkBps=163 blkkBps=0 pongs=17341(+686/s) cancels=0(+0/s) notify=1 disc=0(0x00) | echo rx=0 tx=0 pend=0 stale=0
  29.715  P t=28s rxkBps=162 blkkBps=0 pongs=18025(+684/s) cancels=0(+0/s) notify=1 disc=0(0x00) | echo rx=0 tx=0 pend=0 stale=0
  31.715  P t=29s rxkBps=164 blkkBps=0 pongs=18714(+689/s) cancels=0(+0/s) notify=1 disc=0(0x00) | echo rx=0 tx=0 pend=0 stale=0
  31.715  P t=30s rxkBps=159 blkkBps=0 pongs=19382(+668/s) cancels=0(+0/s) notify=1 disc=0(0x00) | echo rx=0 tx=0 pend=0 stale=0
