   1.109  P t=33s rxkBps=0 blkkBps=0 pongs=19770(+0/s) cancels=0(+0/s) notify=1 disc=0(0x00) | echo rx=0 tx=0 pend=0 stale=0
   1.109  P t=34s rxkBps=0 blkkBps=0 pongs=19770(+0/s) cancels=0(+0/s) notify=1 disc=0(0x00) | echo rx=0 tx=0 pend=0 stale=0
   1.717  *** Booting nRF Connect SDK v3.4.0-99553055607b ***
   1.718  *** Using Zephyr OS v4.4.0-bf801e4e3d19 ***
   1.718  [01:08:24.848,502] [0m<inf> bt_sdc_hci_driver: SoftDevice Controller build revision:
   1.778                                              c8 da 30 98 f9 f0 34 a4  4b 6e ba d3 08 19 cc 0c |..0...4. Kn......
   1.778                                              ea 51 da 47                                      |.Q.G             [0m
   1.778  [01:08:24.849,287] [1;33m<wrn> bt_hci_core: Num of Controller's ACL packets != ACL bt_conn_tx contexts (20 != 3)[0m
   1.778  [01:08:24.849,930] [0m<inf> bt_hci_core: HW Platform: Nordic Semiconductor (0x0002)[0m
   1.778  [01:08:24.849,942] [0m<inf> bt_hci_core: HW Variant: nRF54Lx (0x0005)[0m
   1.778  [01:08:24.849,952] [0m<inf> bt_hci_core: Firmware: Standard Bluetooth controller (0x00) Version 200.12506 Build 888207768[0m
   1.778  [01:08:24.850,343] [0m<inf> bt_hci_core: HCI transport: SDC[0m
   1.778  [01:08:24.850,389] [0m<inf> bt_hci_core: Identity: D6:C7:60:B1:D3:0E (random)[0m
   1.829  [01:08:24.850,405] [0m<inf> bt_hci_core: HCI: version 6.3 (0x11) revision 0x3039, manufacturer 0x0059[0m
   1.829  [01:08:24.850,421] [0m<inf> bt_hci_core: LMP: version 6.3 (0x11) subver 0x3039[0m
   1.829  
   1.829  === nRF54L15 RTT ping-pong PERIPHERAL (echo) ===
   1.829  advertising
   1.829  GAP connected interval=37500
   3.732  P t=1s rxkBps=0 blkkBps=0 pongs=0(+0/s) cancels=0(+0/s) notify=0 disc=0(0x00) | echo rx=0 tx=0 pend=0 stale=0
   3.732  P t=2s rxkBps=0 blkkBps=0 pongs=0(+0/s) cancels=0(+0/s) notify=0 disc=0(0x00) | echo rx=0 tx=0 pend=0 stale=0
   5.729  P t=3s rxkBps=0 blkkBps=0 pongs=0(+0/s) cancels=0(+0/s) notify=0 disc=0(0x00) | echo rx=0 tx=0 pend=0 stale=0
   5.730  P t=4s rxkBps=0 blkkBps=0 pongs=0(+0/s) cancels=0(+0/s) notify=0 disc=0(0x00) | echo rx=0 tx=0 pend=0 stale=0
   6.957  GAP disconnected 0x08  lifetime=-1ms pongs_in_conn=0
   6.957  advertising
   6.957  GAP connected interval=37500
   6.957  PHY tx=2 rx=2
   6.957  P t=5s rxkBps=0 blkkBps=0 pongs=0(+0/s) cancels=0(+0/s) notify=0 disc=1(0x08) | echo rx=0 tx=0 pend=0 stale=0
   8.404  CCC: notify ENABLED
   8.404  P t=6s rxkBps=46 blkkBps=0 pongs=197(+197/s) cancels=0(+0/s) notify=1 disc=1(0x08) | echo rx=0 tx=0 pend=0 stale=0
   9.736  P t=7s rxkBps=165 blkkBps=0 pongs=890(+693/s) cancels=0(+0/s) notify=1 disc=1(0x08) | echo rx=0 tx=0 pend=0 stale=0
   9.736  P t=8s rxkBps=163 blkkBps=0 pongs=1578(+688/s) cancels=0(+0/s) notify=1 disc=1(0x08) | echo rx=0 tx=0 pend=0 stale=0
  11.734  P t=9s rxkBps=162 blkkBps=0 pongs=2262(+684/s) cancels=0(+0/s) notify=1 disc=1(0x08) | echo rx=0 tx=0 pend=0 stale=0
  11.734  P t=10s rxkBps=165 blkkBps=0 pongs=2955(+693/s) cancels=0(+0/s) notify=1 disc=1(0x08) | echo rx=0 tx=0 pend=0 stale=0
  13.715  P t=11s rxkBps=163 blkkBps=0 pongs=3643(+688/s) cancels=0(+0/s) notify=1 disc=1(0x08) | echo rx=0 tx=0 pend=0 stale=0
  13.715  P t=12s rxkBps=160 blkkBps=0 pongs=4316(+673/s) cancels=0(+0/s) notify=1 disc=1(0x08) | echo rx=0 tx=0 pend=0 stale=0
  15.731  P t=13s rxkBps=165 blkkBps=0 pongs=5009(+693/s) cancels=0(+0/s) notify=1 disc=1(0x08) | echo rx=0 tx=0 pend=0 stale=0
  15.731  P t=14s rxkBps=165 blkkBps=0 pongs=5703(+694/s) cancels=0(+0/s) notify=1 disc=1(0x08) | echo rx=0 tx=0 pend=0 stale=0
  17.728  P t=15s rxkBps=165 blkkBps=0 pongs=6396(+693/s) cancels=0(+0/s) notify=1 disc=1(0x08) | echo rx=0 tx=0 pend=0 stale=0
  17.728  P t=16s rxkBps=163 blkkBps=0 pongs=7083(+687/s) cancels=0(+0/s) notify=1 disc=1(0x08) | echo rx=0 tx=0 pend=0 stale=0
  19.753  P t=17s rxkBps=165 blkkBps=0 pongs=7777(+694/s) cancels=0(+0/s) notify=1 disc=1(0x08) | echo rx=0 tx=0 pend=0 stale=0
  19.753  P t=18s rxkBps=147 blkkBps=0 pongs=8398(+621/s) cancels=0(+0/s) notify=1 disc=1(0x08) | echo rx=0 tx=0 pend=0 stale=0
  21.713  P t=19s rxkBps=184 blkkBps=0 pongs=9171(+773/s) cancels=0(+0/s) notify=1 disc=1(0x08) | echo rx=0 tx=0 pend=0 stale=0
  21.772  P t=20s rxkBps=184 blkkBps=0 pongs=9945(+774/s) cancels=0(+0/s) notify=1 disc=1(0x08) | echo rx=0 tx=0 pend=0 stale=0
  23.763  P t=21s rxkBps=184 blkkBps=0 pongs=10718(+773/s) cancels=0(+0/s) notify=1 disc=1(0x08) | echo rx=0 tx=0 pend=0 stale=0
  23.763  P t=22s rxkBps=184 blkkBps=0 pongs=11491(+773/s) cancels=0(+0/s) notify=1 disc=1(0x08) | echo rx=0 tx=0 pend=0 stale=0
  25.733  P t=23s rxkBps=180 blkkBps=0 pongs=12247(+756/s) cancels=0(+0/s) notify=1 disc=1(0x08) | echo rx=0 tx=0 pend=0 stale=0
  25.733  P t=24s rxkBps=184 blkkBps=0 pongs=13020(+773/s) cancels=0(+0/s) notify=1 disc=1(0x08) | echo rx=0 tx=0 pend=0 stale=0
  27.737  P t=25s rxkBps=184 blkkBps=0 pongs=13793(+773/s) cancels=0(+0/s) notify=1 disc=1(0x08) | echo rx=0 tx=0 pend=0 stale=0
  27.737  P t=26s rxkBps=183 blkkBps=0 pongs=14565(+772/s) cancels=0(+0/s) notify=1 disc=1(0x08) | echo rx=0 tx=0 pend=0 stale=0
  29.728  P t=27s rxkBps=183 blkkBps=0 pongs=15337(+772/s) cancels=0(+0/s) notify=1 disc=1(0x08) | echo rx=0 tx=0 pend=0 stale=0
  29.728  P t=28s rxkBps=184 blkkBps=0 pongs=16110(+773/s) cancels=0(+0/s) notify=1 disc=1(0x08) | echo rx=0 tx=0 pend=0 stale=0
  31.711  P t=29s rxkBps=183 blkkBps=0 pongs=16881(+771/s) cancels=0(+0/s) notify=1 disc=1(0x08) | echo rx=0 tx=0 pend=0 stale=0
  31.772  P t=30s rxkBps=174 blkkBps=0 pongs=17612(+731/s) cancels=0(+0/s) notify=1 disc=1(0x08) | echo rx=0 tx=0 pend=0 stale=0
