   0.345  PHY updated: tx=2 rx=2
   0.519  CoC up — seg_recv sink ready (RX_CREDITS=64, MPS=247)
   0.520  DLE updated: tx_max=251 rx_max=251
   1.438  SINK rx: 72 KB/s (74406 B / 1000 ms) fsu=0 | cum_total=74406 B cum_segs=311
   1.725  *** Booting nRF Connect SDK v3.4.0-99553055607b ***
   1.725  *** Using Zephyr OS v4.4.0-bf801e4e3d19 ***
   1.725  
   1.725  === nRF52 L2CAP CoC SINK (Zephyr 4.4.1, seg_recv) ===
   1.725  L2CAP server on PSM 0x0080
   1.725  Advertising as 'zenoh-nrf-l2cap'
   2.119  GAP connected: interval=40
   2.596  PHY updated: tx=2 rx=2
   2.766  CoC up — seg_recv sink ready (RX_CREDITS=64, MPS=247)
   2.766  DLE updated: tx_max=251 rx_max=251
   3.734  SINK rx: 83 KB/s (85211 B / 1000 ms) fsu=0 | cum_total=85211 B cum_segs=356
   4.734  SINK rx: 160 KB/s (164640 B / 1000 ms) fsu=0 | cum_total=249851 B cum_segs=1042
   5.728  SINK rx: 158 KB/s (161995 B / 1000 ms) fsu=0 | cum_total=411846 B cum_segs=1717
   6.755  SINK rx: 160 KB/s (164640 B / 1000 ms) fsu=0 | cum_total=576486 B cum_segs=2403
   7.790  SINK rx: 150 KB/s (154325 B / 1000 ms) fsu=0 | cum_total=730811 B cum_segs=3046
   8.797  SINK rx: 160 KB/s (164640 B / 1000 ms) fsu=0 | cum_total=895451 B cum_segs=3732
   9.785  SINK rx: 158 KB/s (162475 B / 1000 ms) fsu=0 | cum_total=1057926 B cum_segs=4409
  10.805  SINK rx: 159 KB/s (163200 B / 1000 ms) fsu=0 | cum_total=1221126 B cum_segs=5089
  11.794  SINK rx: 155 KB/s (158880 B / 1000 ms) fsu=0 | cum_total=1380006 B cum_segs=5751
  12.827  SINK rx: 161 KB/s (164885 B / 1000 ms) fsu=0 | cum_total=1544891 B cum_segs=6438
  13.807  SINK rx: 156 KB/s (160320 B / 1000 ms) fsu=0 | cum_total=1705211 B cum_segs=7106
  14.844  SINK rx: 160 KB/s (164640 B / 1000 ms) fsu=0 | cum_total=1869851 B cum_segs=7792
  15.866  SINK rx: 145 KB/s (148555 B / 1000 ms) fsu=0 | cum_total=2018406 B cum_segs=8411
  16.870  SINK rx: 154 KB/s (158165 B / 1000 ms) fsu=0 | cum_total=2176571 B cum_segs=9070
  17.848  SINK rx: 160 KB/s (164640 B / 1000 ms) fsu=0 | cum_total=2341211 B cum_segs=9756
  18.854  SINK rx: 156 KB/s (160075 B / 1000 ms) fsu=0 | cum_total=2501286 B cum_segs=10423
  19.896  SINK rx: 154 KB/s (158165 B / 1000 ms) fsu=0 | cum_total=2659451 B cum_segs=11082
  20.871  SINK rx: 156 KB/s (160320 B / 1000 ms) fsu=0 | cum_total=2819771 B cum_segs=11750
  21.923  SINK rx: 153 KB/s (157675 B / 1000 ms) fsu=0 | cum_total=2977446 B cum_segs=12407
  22.911  SINK rx: 155 KB/s (159605 B / 1000 ms) fsu=0 | cum_total=3137051 B cum_segs=13072
  23.934  SINK rx: 160 KB/s (164395 B / 1000 ms) fsu=0 | cum_total=3301446 B cum_segs=13757
  24.913  SINK rx: 156 KB/s (160085 B / 1000 ms) fsu=0 | cum_total=3461531 B cum_segs=14424
  25.934  SINK rx: 154 KB/s (157920 B / 1000 ms) fsu=0 | cum_total=3619451 B cum_segs=15082
  26.921  SINK rx: 160 KB/s (164640 B / 1000 ms) fsu=0 | cum_total=3784091 B cum_segs=15768
  27.968  SINK rx: 157 KB/s (161760 B / 1000 ms) fsu=0 | cum_total=3945851 B cum_segs=16442
  28.972  SINK rx: 160 KB/s (164640 B / 1000 ms) fsu=0 | cum_total=4110491 B cum_segs=17128
  29.960  SINK rx: 156 KB/s (160555 B / 1000 ms) fsu=0 | cum_total=4271046 B cum_segs=17797
  31.003  SINK rx: 153 KB/s (156960 B / 1000 ms) fsu=0 | cum_total=4428006 B cum_segs=18451
  31.987  SINK rx: 156 KB/s (160565 B / 1000 ms) fsu=0 | cum_total=4588571 B cum_segs=19120
