   0.352  PHY updated: tx=2 rx=2
   0.472  DLE updated: tx_max=251 rx_max=251
   0.529  CoC up — seg_recv sink ready (RX_CREDITS=64, MPS=247)
   0.582  SINK rx: 0 KB/s (0 B / 1000 ms) fsu=0 | cum_total=0 B cum_segs=0
   0.700  Q3FSU-DONE role=P status=0x00 spacing=65 types=0x3 phys=0x2 initiator=2
   1.585  SINK rx: 118 KB/s (121446 B / 1000 ms) fsu=65 | cum_total=121446 B cum_segs=507
   1.759  *** Booting nRF Connect SDK v3.4.0-99553055607b ***
   1.759  *** Using Zephyr OS v4.4.0-bf801e4e3d19 ***
   1.759  
   1.759  === nRF52 L2CAP CoC SINK (Zephyr 4.4.1, seg_recv) ===
   1.759  L2CAP server on PSM 0x0080
   1.759  Advertising as 'zenoh-nrf-l2cap'
   2.043  GAP connected: interval=30
   2.395  PHY updated: tx=2 rx=2
   2.454  DLE updated: tx_max=251 rx_max=251
   2.566  CoC up — seg_recv sink ready (RX_CREDITS=64, MPS=247)
   2.726  Q3FSU-DONE role=P status=0x00 spacing=65 types=0x3 phys=0x2 initiator=2
   2.726  SINK rx: 0 KB/s (6 B / 1000 ms) fsu=65 | cum_total=6 B cum_segs=1
   3.775  SINK rx: 149 KB/s (152885 B / 1000 ms) fsu=65 | cum_total=152891 B cum_segs=638
   4.750  SINK rx: 182 KB/s (187200 B / 1000 ms) fsu=65 | cum_total=340091 B cum_segs=1418
   5.777  SINK rx: 182 KB/s (186955 B / 1000 ms) fsu=65 | cum_total=527046 B cum_segs=2197
   6.763  SINK rx: 182 KB/s (187200 B / 1000 ms) fsu=65 | cum_total=714246 B cum_segs=2977
   7.816  SINK rx: 182 KB/s (187200 B / 1000 ms) fsu=65 | cum_total=901446 B cum_segs=3757
   8.801  SINK rx: 182 KB/s (187200 B / 1000 ms) fsu=65 | cum_total=1088646 B cum_segs=4537
   9.796  SINK rx: 182 KB/s (187200 B / 1000 ms) fsu=65 | cum_total=1275846 B cum_segs=5317
  10.812  SINK rx: 182 KB/s (187200 B / 1000 ms) fsu=65 | cum_total=1463046 B cum_segs=6097
  11.858  SINK rx: 182 KB/s (187200 B / 1000 ms) fsu=65 | cum_total=1650246 B cum_segs=6877
  12.845  SINK rx: 183 KB/s (187445 B / 1000 ms) fsu=65 | cum_total=1837691 B cum_segs=7658
  13.822  SINK rx: 182 KB/s (187200 B / 1000 ms) fsu=65 | cum_total=2024891 B cum_segs=8438
  14.861  SINK rx: 183 KB/s (187435 B / 1000 ms) fsu=65 | cum_total=2212326 B cum_segs=9219
  15.875  SINK rx: 182 KB/s (187200 B / 1000 ms) fsu=65 | cum_total=2399526 B cum_segs=9999
  16.848  SINK rx: 182 KB/s (187200 B / 1000 ms) fsu=65 | cum_total=2586726 B cum_segs=10779
  17.899  SINK rx: 183 KB/s (187445 B / 1000 ms) fsu=65 | cum_total=2774171 B cum_segs=11560
  18.882  SINK rx: 182 KB/s (187200 B / 1000 ms) fsu=65 | cum_total=2961371 B cum_segs=12340
  19.922  SINK rx: 183 KB/s (187435 B / 1000 ms) fsu=65 | cum_total=3148806 B cum_segs=13121
  20.933  SINK rx: 178 KB/s (182645 B / 1000 ms) fsu=65 | cum_total=3331451 B cum_segs=13882
  21.899  SINK rx: 183 KB/s (187435 B / 1000 ms) fsu=65 | cum_total=3518886 B cum_segs=14663
  22.923  SINK rx: 182 KB/s (187200 B / 1000 ms) fsu=65 | cum_total=3706086 B cum_segs=15443
  23.925  SINK rx: 179 KB/s (183360 B / 1000 ms) fsu=65 | cum_total=3889446 B cum_segs=16207
  24.936  SINK rx: 180 KB/s (184320 B / 1000 ms) fsu=65 | cum_total=4073766 B cum_segs=16975
  25.931  SINK rx: 181 KB/s (185525 B / 1000 ms) fsu=65 | cum_total=4259291 B cum_segs=17748
  26.939  SINK rx: 182 KB/s (187200 B / 1000 ms) fsu=65 | cum_total=4446491 B cum_segs=18528
  27.980  SINK rx: 181 KB/s (185760 B / 1000 ms) fsu=65 | cum_total=4632251 B cum_segs=19302
  28.971  SINK rx: 182 KB/s (187200 B / 1000 ms) fsu=65 | cum_total=4819451 B cum_segs=20082
  30.006  SINK rx: 174 KB/s (178560 B / 1000 ms) fsu=65 | cum_total=4998011 B cum_segs=20826
  31.026  SINK rx: 183 KB/s (187435 B / 1000 ms) fsu=65 | cum_total=5185446 B cum_segs=21607
