   0.936  GAP connected interval=37500
   0.937  P t=3s rxkBps=0 blkkBps=0 pongs=0(+0/s) cancels=0(+0/s) notify=0 disc=0(0x00) | echo rx=0 tx=0 pend=0 stale=0
   0.937  PHY tx=2 rx=2
   1.734  *** Booting nRF Connect SDK v3.4.0-99553055607b ***
   1.734  *** Using Zephyr OS v4.4.0-bf801e4e3d19 ***
   1.734  [00:35:57.599,392] [0m<inf> bt_sdc_hci_driver: SoftDevice Controller build revision:
   1.735                                              c8 da 30 98 f9 f0 34 a4  4b 6e ba d3 08 19 cc 0c |..0...4. Kn......
   1.735                                              ea 51 da 47                                      |.Q.G             [0m
   1.735  [00:35:57.600,177] [1;33m<wrn> bt_hci_core: Num of Controller's ACL packets != ACL bt_conn_tx contexts (20 != 3)[0m
   1.793  [00:35:57.600,821] [0m<inf> bt_hci_core: HW Platform: Nordic Semiconductor (0x0002)[0m
   1.793  [00:35:57.600,832] [0m<inf> bt_hci_core: HW Variant: nRF54Lx (0x0005)[0m
   1.793  [00:35:57.600,843] [0m<inf> bt_hci_core: Firmware: Standard Bluetooth controller (0x00) Version 200.12506 Build 888207768[0m
   1.793  [00:35:57.601,234] [0m<inf> bt_hci_core: HCI transport: SDC[0m
   1.793  [00:35:57.601,279] [0m<inf> bt_hci_core: Identity: D6:C7:60:B1:D3:0E (random)[0m
   1.793  [00:35:57.601,296] [0m<inf> bt_hci_core: HCI: version 6.3 (0x11) revision 0x3039, manufacturer 0x0059[0m
   1.793  [00:35:57.601,312] [0m<inf> bt_hci_core: LMP: version 6.3 (0x11) subver 0x3039[0m
   1.793  
   1.793  === nRF54L15 RTT ping-pong PERIPHERAL (echo) ===
   1.793  advertising
   3.135  GAP connected interval=37500
   3.135  PHY tx=2 rx=2
   3.135  P t=1s rxkBps=0 blkkBps=0 pongs=0(+0/s) cancels=0(+0/s) notify=0 disc=0(0x00) | echo rx=0 tx=0 pend=0 stale=0
   4.455  CCC: notify ENABLED
   4.455  P t=2s rxkBps=46 blkkBps=0 pongs=195(+195/s) cancels=0(+0/s) notify=1 disc=0(0x00) | echo rx=0 tx=0 pend=0 stale=0
   5.729  P t=3s rxkBps=164 blkkBps=0 pongs=887(+692/s) cancels=0(+0/s) notify=1 disc=0(0x00) | echo rx=0 tx=0 pend=0 stale=0
   5.729  P t=4s rxkBps=163 blkkBps=0 pongs=1574(+687/s) cancels=0(+0/s) notify=1 disc=0(0x00) | echo rx=0 tx=0 pend=0 stale=0
   7.703  P t=5s rxkBps=161 blkkBps=0 pongs=2251(+677/s) cancels=0(+0/s) notify=1 disc=0(0x00) | echo rx=0 tx=0 pend=0 stale=0
   7.761  P t=6s rxkBps=157 blkkBps=0 pongs=2911(+660/s) cancels=0(+0/s) notify=1 disc=0(0x00) | echo rx=0 tx=0 pend=0 stale=0
   9.710  P t=7s rxkBps=150 blkkBps=0 pongs=3543(+632/s) cancels=0(+0/s) notify=1 disc=0(0x00) | echo rx=0 tx=0 pend=0 stale=0
   9.710  P t=8s rxkBps=165 blkkBps=0 pongs=4237(+694/s) cancels=0(+0/s) notify=1 disc=0(0x00) | echo rx=0 tx=0 pend=0 stale=0
  11.745  P t=9s rxkBps=160 blkkBps=0 pongs=4910(+673/s) cancels=0(+0/s) notify=1 disc=0(0x00) | echo rx=0 tx=0 pend=0 stale=0
  11.745  P t=10s rxkBps=162 blkkBps=0 pongs=5593(+683/s) cancels=0(+0/s) notify=1 disc=0(0x00) | echo rx=0 tx=0 pend=0 stale=0
  13.699  P t=11s rxkBps=165 blkkBps=0 pongs=6287(+694/s) cancels=0(+0/s) notify=1 disc=0(0x00) | echo rx=0 tx=0 pend=0 stale=0
  13.756  P t=12s rxkBps=165 blkkBps=0 pongs=6980(+693/s) cancels=0(+0/s) notify=1 disc=0(0x00) | echo rx=0 tx=0 pend=0 stale=0
  15.746  P t=13s rxkBps=161 blkkBps=0 pongs=7658(+678/s) cancels=0(+0/s) notify=1 disc=0(0x00) | echo rx=0 tx=0 pend=0 stale=0
  15.746  P t=14s rxkBps=143 blkkBps=0 pongs=8262(+604/s) cancels=0(+0/s) notify=1 disc=0(0x00) | echo rx=0 tx=0 pend=0 stale=0
  17.713  P t=15s rxkBps=184 blkkBps=0 pongs=9035(+773/s) cancels=0(+0/s) notify=1 disc=0(0x00) | echo rx=0 tx=0 pend=0 stale=0
  17.713  P t=16s rxkBps=183 blkkBps=0 pongs=9807(+772/s) cancels=0(+0/s) notify=1 disc=0(0x00) | echo rx=0 tx=0 pend=0 stale=0
  19.750  P t=17s rxkBps=179 blkkBps=0 pongs=10561(+754/s) cancels=0(+0/s) notify=1 disc=0(0x00) | echo rx=0 tx=0 pend=0 stale=0
  19.750  P t=18s rxkBps=184 blkkBps=0 pongs=11334(+773/s) cancels=0(+0/s) notify=1 disc=0(0x00) | echo rx=0 tx=0 pend=0 stale=0
  21.709  P t=19s rxkBps=178 blkkBps=0 pongs=12084(+750/s) cancels=0(+0/s) notify=1 disc=0(0x00) | echo rx=0 tx=0 pend=0 stale=0
  21.769  P t=20s rxkBps=174 blkkBps=0 pongs=12817(+733/s) cancels=0(+0/s) notify=1 disc=0(0x00) | echo rx=0 tx=0 pend=0 stale=0
  23.701  P t=21s rxkBps=182 blkkBps=0 pongs=13581(+764/s) cancels=0(+0/s) notify=1 disc=0(0x00) | echo rx=0 tx=0 pend=0 stale=0
  23.756  P t=22s rxkBps=183 blkkBps=0 pongs=14353(+772/s) cancels=0(+0/s) notify=1 disc=0(0x00) | echo rx=0 tx=0 pend=0 stale=0
  25.754  P t=23s rxkBps=184 blkkBps=0 pongs=15127(+774/s) cancels=0(+0/s) notify=1 disc=0(0x00) | echo rx=0 tx=0 pend=0 stale=0
  25.754  P t=24s rxkBps=182 blkkBps=0 pongs=15894(+767/s) cancels=0(+0/s) notify=1 disc=0(0x00) | echo rx=0 tx=0 pend=0 stale=0
  27.724  P t=25s rxkBps=184 blkkBps=0 pongs=16667(+773/s) cancels=0(+0/s) notify=1 disc=0(0x00) | echo rx=0 tx=0 pend=0 stale=0
  27.724  P t=26s rxkBps=184 blkkBps=0 pongs=17441(+774/s) cancels=0(+0/s) notify=1 disc=0(0x00) | echo rx=0 tx=0 pend=0 stale=0
  29.734  P t=27s rxkBps=184 blkkBps=0 pongs=18214(+773/s) cancels=0(+0/s) notify=1 disc=0(0x00) | echo rx=0 tx=0 pend=0 stale=0
  29.734  P t=28s rxkBps=179 blkkBps=0 pongs=18966(+752/s) cancels=0(+0/s) notify=1 disc=0(0x00) | echo rx=0 tx=0 pend=0 stale=0
  31.736  P t=29s rxkBps=184 blkkBps=0 pongs=19741(+775/s) cancels=0(+0/s) notify=1 disc=0(0x00) | echo rx=0 tx=0 pend=0 stale=0
  31.736  P t=30s rxkBps=184 blkkBps=0 pongs=20514(+773/s) cancels=0(+0/s) notify=1 disc=0(0x00) | echo rx=0 tx=0 pend=0 stale=0
