   1.743  found D6:C7:60:B1:D3:0E (random) (rssi -33), connecting
   1.744  Q2CONN AA=4ee8bed7 CRCINIT=8ea8de hop=10 chan_count=37 map=ffffffff1f
   1.744  GAP connected
   1.744  phy req rc=0
   2.036  *** Booting Zephyr OS build v4.4.2-16-gfee9fbc62095 ***
   2.036  
   2.036  === nRF52840 L2CAP CoC central (Zephyr 4.4.1) ===
   2.036  scan start rc=0
   5.901  found D6:C7:60:B1:D3:0E (random) (rssi -33), connecting
   5.901  Q2CONN AA=8a86ac25 CRCINIT=89a6cc hop=9 chan_count=37 map=ffffffff1f
   5.959  GAP connected
   5.959  phy req rc=0
   6.353  PHY: tx=2 rx=2 (2=2M)
   6.353  dle req rc=0
   6.474  l2cap_chan_connect rc=0
   6.534  DLE: tx_max=251 rx_max=27
   6.637  L2CAP connected: tx.mtu=512 tx.mps=247 tx.credits=0 rx.mtu=245 rx.mps=247
   6.637  GATE conn: interval=40 (units 1.25ms) => 50.00 ms
   6.637  Q3FSU-REQ role=C auto min=52 max=150 phys=0x2 rc=0
   6.757  Q3FSU-DONE role=C status=0x00 spacing=52 types=0x3 phys=0x2 initiator=0
   6.991  blasting 480-byte SDUs...
  12.375  RPT occ: events=0 mean_pkts/ev=0.00 max=0 nonempty_ev=0 fsu=52 | sender: sent=2197(+2197 SDU) eagain=0(+0) poolfail=0(+0)
  22.346  RPT occ: events=0 mean_pkts/ev=0.00 max=0 nonempty_ev=0 fsu=52 | sender: sent=6112(+3915 SDU) eagain=0(+0) poolfail=0(+0)
