   0.342  SINK rx: 0 KB/s (0 B / 1000 ms) fsu=65 | cum_total=4716966 B cum_segs=19655
   1.324  SINK rx: 0 KB/s (0 B / 1000 ms) fsu=65 | cum_total=4716966 B cum_segs=19655
   1.604  CoC down
   1.604  GAP disconnected (0x08)
   1.604  Advertising as 'zenoh-nrf-l2cap'
   1.717  *** Booting nRF Connect SDK v3.4.0-99553055607b ***
   1.717  *** Using Zephyr OS v4.4.0-bf801e4e3d19 ***
   1.717  
   1.717  === nRF52 L2CAP CoC SINK (Zephyr 4.4.1, seg_recv) ===
   1.717  L2CAP server on PSM 0x0080
   1.717  Advertising as 'zenoh-nrf-l2cap'
   1.777  GAP connected: interval=12
   1.897  PHY updated: tx=2 rx=2
   1.957  DLE updated: tx_max=251 rx_max=251
   5.962  GAP disconnected (0x08)
   5.962  Advertising as 'zenoh-nrf-l2cap'
   6.015  GAP connected: interval=12
   6.195  PHY updated: tx=2 rx=2
   6.195  DLE updated: tx_max=251 rx_max=251
   6.248  CoC up — seg_recv sink ready (RX_CREDITS=64, MPS=247)
   6.773  SINK rx: 20 KB/s (20646 B / 1000 ms) fsu=0 | cum_total=20646 B cum_segs=87
   7.762  SINK rx: 141 KB/s (145205 B / 1000 ms) fsu=0 | cum_total=165851 B cum_segs=692
   8.784  SINK rx: 141 KB/s (144715 B / 1000 ms) fsu=0 | cum_total=310566 B cum_segs=1295
   9.776  SINK rx: 141 KB/s (144960 B / 1000 ms) fsu=0 | cum_total=455526 B cum_segs=1899
  10.768  SINK rx: 141 KB/s (145205 B / 1000 ms) fsu=0 | cum_total=600731 B cum_segs=2504
  11.797  SINK rx: 142 KB/s (145440 B / 1000 ms) fsu=0 | cum_total=746171 B cum_segs=3110
  12.791  SINK rx: 141 KB/s (145195 B / 1000 ms) fsu=0 | cum_total=891366 B cum_segs=3715
  13.828  SINK rx: 140 KB/s (144000 B / 1000 ms) fsu=0 | cum_total=1035366 B cum_segs=4315
  14.817  SINK rx: 142 KB/s (145440 B / 1000 ms) fsu=0 | cum_total=1180806 B cum_segs=4921
  15.799  SINK rx: 141 KB/s (145205 B / 1000 ms) fsu=0 | cum_total=1326011 B cum_segs=5526
  16.832  SINK rx: 141 KB/s (144960 B / 1000 ms) fsu=0 | cum_total=1470971 B cum_segs=6130
  17.817  SINK rx: 141 KB/s (144480 B / 1000 ms) fsu=0 | cum_total=1615451 B cum_segs=6732
  18.850  SINK rx: 139 KB/s (143275 B / 1000 ms) fsu=0 | cum_total=1758726 B cum_segs=7329
  19.828  SINK rx: 141 KB/s (145205 B / 1000 ms) fsu=0 | cum_total=1903931 B cum_segs=7934
  20.877  SINK rx: 141 KB/s (145195 B / 1000 ms) fsu=0 | cum_total=2049126 B cum_segs=8539
  21.843  SINK rx: 141 KB/s (144960 B / 1000 ms) fsu=0 | cum_total=2194086 B cum_segs=9143
  22.897  SINK rx: 141 KB/s (144960 B / 1000 ms) fsu=0 | cum_total=2339046 B cum_segs=9747
  23.904  SINK rx: 142 KB/s (145440 B / 1000 ms) fsu=0 | cum_total=2484486 B cum_segs=10353
  24.901  SINK rx: 142 KB/s (145440 B / 1000 ms) fsu=0 | cum_total=2629926 B cum_segs=10959
  25.897  SINK rx: 139 KB/s (143285 B / 1000 ms) fsu=0 | cum_total=2773211 B cum_segs=11556
  26.946  SINK rx: 140 KB/s (143755 B / 1000 ms) fsu=0 | cum_total=2916966 B cum_segs=12155
  27.917  SINK rx: 141 KB/s (144960 B / 1000 ms) fsu=0 | cum_total=3061926 B cum_segs=12759
  28.944  SINK rx: 142 KB/s (145440 B / 1000 ms) fsu=0 | cum_total=3207366 B cum_segs=13365
  29.972  SINK rx: 141 KB/s (144960 B / 1000 ms) fsu=0 | cum_total=3352326 B cum_segs=13969
  30.962  SINK rx: 139 KB/s (143285 B / 1000 ms) fsu=0 | cum_total=3495611 B cum_segs=14566
  31.983  SINK rx: 142 KB/s (145440 B / 1000 ms) fsu=0 | cum_total=3641051 B cum_segs=15172
