   0.060  PHY: tx=2 rx=2 (2=2M)
   0.060  dle req rc=0
   0.120  DLE: tx_max=251 rx_max=251
   0.120  l2cap_chan_connect rc=0
   0.121  L2CAP connected: tx.mtu=512 tx.mps=247 tx.credits=0 rx.mtu=245 rx.mps=247
   0.121  GATE conn: interval=12 (units 1.25ms) => 15.00 ms
   0.172  Q3FSU-REQ role=C auto min=150 max=150 phys=0x2 rc=0
   0.172  Q3FSU-DONE role=C status=0x00 spacing=150 types=0x0 phys=0x0 initiator=0
   0.462  blasting 480-byte SDUs...
   2.056  *** Booting nRF Connect SDK v3.4.0-99553055607b ***
   2.056  *** Using Zephyr OS v4.4.0-bf801e4e3d19 ***
   2.056  
   2.056  === nRF52840 L2CAP CoC central (Zephyr 4.4.1) ===
   2.056  scan start rc=0
   2.056  found D6:C7:60:B1:D3:0E (random) (rssi -33), connecting
   2.116  GAP connected
   2.116  phy req rc=0
   2.235  PHY: tx=2 rx=2 (2=2M)
   2.235  dle req rc=0
   2.289  DLE: tx_max=251 rx_max=251
   2.289  l2cap_chan_connect rc=0
   2.349  L2CAP connected: tx.mtu=512 tx.mps=247 tx.credits=0 rx.mtu=245 rx.mps=247
   2.349  GATE conn: interval=12 (units 1.25ms) => 15.00 ms
   2.349  Q3FSU-REQ role=C auto min=150 max=150 phys=0x2 rc=0
   2.409  Q3FSU-DONE role=C status=0x00 spacing=150 types=0x0 phys=0x0 initiator=0
   2.649  blasting 480-byte SDUs...
  12.102  RPT occ: (SDC no-occ) fsu=150 | sender: sent=2884(+2884 SDU) eagain=0(+0) poolfail=0(+0)
  22.101  RPT occ: (SDC no-occ) fsu=150 | sender: sent=5877(+2993 SDU) eagain=0(+0) poolfail=0(+0)
