   1.904  *** Booting Zephyr OS build v4.4.2-16-gfee9fbc62095 ***
   1.964  [00:33:01.221,450] [0m<inf> bt_hci_core: HW Platform: Nordic Semiconductor (0x0002)[0m
   1.964  [00:33:01.221,462] [0m<inf> bt_hci_core: HW Variant: nRF54Lx (0x0005)[0m
   1.964  [00:33:01.221,474] [0m<inf> bt_hci_core: Firmware: Standard Bluetooth controller (0x00) Version 4.4 Build 2[0m
   1.964  [00:33:01.221,841] [0m<inf> bt_hci_core: HCI transport: Controller[0m
   1.964  [00:33:01.221,889] [0m<inf> bt_hci_core: Identity: FC:BE:FF:FA:E6:8B (random)[0m
   1.964  [00:33:01.221,905] [0m<inf> bt_hci_core: HCI: version 5.4 (0x0d) revision 0x0000, manufacturer 0x05f1[0m
   1.964  [00:33:01.221,920] [0m<inf> bt_hci_core: LMP: version 5.4 (0x0d) subver 0xffff[0m
   1.964  
   1.964  === nRF54L15 RTT ping-pong CENTRAL ===
   1.964  scan rc=0
   3.935  t=1s RTT mean=0 min=0 max=0 n=0 to=0 | cancels=0(+0/s) seqbad=0 len_bad=0 disc=0(0x00) | tot_n=0 tot_to=0 maxever=0 >2ms=0 >5ms=0 >15ms=0 >20ms=0 >30ms=0 | probes=0 wrfail=0 down=1s maxout=1s
   3.935  t=2s RTT mean=0 min=0 max=0 n=0 to=0 | cancels=0(+0/s) seqbad=0 len_bad=0 disc=0(0x00) | tot_n=0 tot_to=0 maxever=0 >2ms=0 >5ms=0 >15ms=0 >20ms=0 >30ms=0 | probes=0 wrfail=0 down=2s maxout=2s
   5.953  t=3s RTT mean=0 min=0 max=0 n=0 to=0 | cancels=0(+0/s) seqbad=0 len_bad=0 disc=0(0x00) | tot_n=0 tot_to=0 maxever=0 >2ms=0 >5ms=0 >15ms=0 >20ms=0 >30ms=0 | probes=0 wrfail=0 down=3s maxout=3s
   5.953  Q2CONN AA=eeec816a CRCINIT=e55072 hop=10 chan_count=37 map=ffffffff1f
   5.953  GAP connected interval=50000
   5.953  MTU err=0 mtu=247
   5.953  t=4s RTT mean=0 min=0 max=0 n=0 to=0 | cancels=0(+0/s) seqbad=0 len_bad=0 disc=0(0x00) | tot_n=0 tot_to=0 maxever=0 >2ms=0 >5ms=0 >15ms=0 >20ms=0 >30ms=0 | probes=0 wrfail=0 down=4s maxout=4s
   7.121  BLASTC comp=1 exkBps=0 cgap_us[min/avg/max]=193/193/193
   7.121  [1;31m--- 7 messages dropped ---
   7.174  [0mBLAST phy=2/2 att=1 ok=1 enomem=0 err=0 call_us[min/avg/max]=124/124/124 okgap_max_us=194
   7.174  BLASTC comp=1 exkBps=0 cgap_us[min/avg/max]=194/194/194
   7.174  BLAST phy=2/2 att=1 ok=1 enomem=0 err=0 call_us[min/avg/max]=126/126/126 okgap_max_us=192
   7.174  BLASTC comp=1 exkBps=0 cgap_us[min/avg/max]=200/200/200
   7.174  BLAST phy=2/2 att=1 ok=1 enomem=0 err=0 call_us[min/avg/max]=126/126/126 okgap_max_us=200
   7.174  BLASTC comp=1 exkBps=0 cgap_us[min/avg/max]=194/194/194
   7.174  BLAST phy=2/2 att=1 ok=1 enomem=0 err=0 call_us[min/avg/max]=125/125/125 okgap_max_us=194
   7.174  BLAST first16_call_us: 125 124 126 126 125 125 120 120 120 120 121 120 120 120 120 120
   8.301  PHY tx=2 rx=2
   8.301  BLASTC comp=432 exkBps=0 cgap_us[min/avg/max]=130/1829/194029
   8.301  BLAST phy=2/2 att=452 ok=452 enomem=0 err=0 call_us[min/avg/max]=52/1736/192848 okgap_max_us=192859
   8.301  t=6s RTT mean=0 min=0 max=0 n=0 to=0 | cancels=0(+0/s) seqbad=0 len_bad=0 disc=0(0x00) | tot_n=0 tot_to=0 maxever=0 >2ms=0 >5ms=0 >15ms=0 >20ms=0 >30ms=0 | probes=0 wrfail=0 down=5s maxout=5s
   9.954  BLASTC comp=684 exkBps=0 cgap_us[min/avg/max]=1390/1461/24927
   9.955  BLAST phy=2/2 att=684 ok=684 enomem=0 err=0 call_us[min/avg/max]=1331/1450/24916 okgap_max_us=24928
   9.955  t=7s RTT mean=0 min=0 max=0 n=0 to=0 | cancels=0(+0/s) seqbad=0 len_bad=0 disc=0(0x00) | tot_n=0 tot_to=0 maxever=0 >2ms=0 >5ms=0 >15ms=0 >20ms=0 >30ms=0 | probes=0 wrfail=0 down=5s maxout=5s
   9.955  BLASTC comp=676 exkBps=0 cgap_us[min/avg/max]=1390/1479/36071
   9.955  BLAST phy=2/2 att=676 ok=676 enomem=0 err=0 call_us[min/avg/max]=1325/1467/36060 okgap_max_us=36071
  10.015  t=8s RTT mean=0 min=0 max=0 n=0 to=0 | cancels=0(+0/s) seqbad=0 len_bad=0 disc=0(0x00) | tot_n=0 tot_to=0 maxever=0 >2ms=0 >5ms=0 >15ms=0 >20ms=0 >30ms=0 | probes=0 wrfail=0 down=5s maxout=5s
  11.148  FSU: request [150..150] us (ACL both dirs, 1M+2M) rc=0
  11.148  BLASTC comp=700 exkBps=0 cgap_us[min/avg/max]=1389/1428/2648
  11.148  BLAST phy=2/2 att=700 ok=700 enomem=0 err=0 call_us[min/avg/max]=1310/1417/2637 okgap_max_us=2648
  11.148  t=9s RTT mean=0 min=0 max=0 n=0 to=0 | cancels=0(+0/s) seqbad=0 len_bad=0 disc=0(0x00) | tot_n=0 tot_to=0 maxever=0 >2ms=0 >5ms=0 >15ms=0 >20ms=0 >30ms=0 | probes=0 wrfail=0 down=5s maxout=5s
  12.913  BLASTC comp=700 exkBps=0 cgap_us[min/avg/max]=1390/1428/2648
  12.913  BLAST phy=2/2 att=700 ok=700 enomem=0 err=0 call_us[min/avg/max]=1331/1417/2637 okgap_max_us=2648
  12.973  t=10s RTT mean=0 min=0 max=0 n=0 to=0 | cancels=0(+0/s) seqbad=0 len_bad=0 disc=0(0x00) | tot_n=0 tot_to=0 maxever=0 >2ms=0 >5ms=0 >15ms=0 >20ms=0 >30ms=0 | probes=0 wrfail=0 down=5s maxout=5s
  12.973  BLASTC comp=700 exkBps=0 cgap_us[min/avg/max]=1390/1428/2647
  12.973  BLAST phy=2/2 att=700 ok=700 enomem=0 err=0 call_us[min/avg/max]=1325/1417/2636 okgap_max_us=2648
  12.974  t=11s RTT mean=0 min=0 max=0 n=0 to=0 | cancels=0(+0/s) seqbad=0 len_bad=0 disc=0(0x00) | tot_n=0 tot_to=0 maxever=0 >2ms=0 >5ms=0 >15ms=0 >20ms=0 >30ms=0 | probes=0 wrfail=0 down=5s maxout=5s
  14.938  BLASTC comp=700 exkBps=0 cgap_us[min/avg/max]=1387/1428/2647
  14.938  BLAST phy=2/2 att=700 ok=700 enomem=0 err=0 call_us[min/avg/max]=1311/1417/2636 okgap_max_us=2648
  14.938  t=12s RTT mean=0 min=0 max=0 n=0 to=0 | cancels=0(+0/s) seqbad=0 len_bad=0 disc=0(0x00) | tot_n=0 tot_to=0 maxever=0 >2ms=0 >5ms=0 >15ms=0 >20ms=0 >30ms=0 | probes=0 wrfail=0 down=5s maxout=5s
  14.938  BLASTC comp=671 exkBps=0 cgap_us[min/avg/max]=1387/1490/43036
  14.999  BLAST phy=2/2 att=671 ok=671 enomem=0 err=0 call_us[min/avg/max]=1346/1478/43025 okgap_max_us=43036
  14.999  t=13s RTT mean=0 min=0 max=0 n=0 to=0 | cancels=0(+0/s) seqbad=0 len_bad=0 disc=0(0x00) | tot_n=0 tot_to=0 maxever=0 >2ms=0 >5ms=0 >15ms=0 >20ms=0 >30ms=0 | probes=0 wrfail=0 down=5s maxout=5s
  16.941  BLASTC comp=700 exkBps=0 cgap_us[min/avg/max]=1385/1428/2643
  16.941  BLAST phy=2/2 att=700 ok=700 enomem=0 err=0 call_us[min/avg/max]=1299/1417/2632 okgap_max_us=2644
  16.941  t=14s RTT mean=0 min=0 max=0 n=0 to=0 | cancels=0(+0/s) seqbad=0 len_bad=0 disc=0(0x00) | tot_n=0 tot_to=0 maxever=0 >2ms=0 >5ms=0 >15ms=0 >20ms=0 >30ms=0 | probes=0 wrfail=0 down=5s maxout=5s
  16.941  BLASTC comp=699 exkBps=0 cgap_us[min/avg/max]=1392/1430/2782
  16.994  BLAST phy=2/2 att=699 ok=699 enomem=0 err=0 call_us[min/avg/max]=1318/1419/2770 okgap_max_us=2782
  16.994  t=15s RTT mean=0 min=0 max=0 n=0 to=0 | cancels=0(+0/s) seqbad=0 len_bad=0 disc=0(0x00) | tot_n=0 tot_to=0 maxever=0 >2ms=0 >5ms=0 >15ms=0 >20ms=0 >30ms=0 | probes=0 wrfail=0 down=5s maxout=5s
  18.912  BLASTC comp=698 exkBps=0 cgap_us[min/avg/max]=1385/1432/2782
  18.912  BLAST phy=2/2 att=698 ok=698 enomem=0 err=0 call_us[min/avg/max]=1299/1421/2771 okgap_max_us=2782
  18.972  t=16s RTT mean=0 min=0 max=0 n=0 to=0 | cancels=0(+0/s) seqbad=0 len_bad=0 disc=0(0x00) | tot_n=0 tot_to=0 maxever=0 >2ms=0 >5ms=0 >15ms=0 >20ms=0 >30ms=0 | probes=0 wrfail=0 down=5s maxout=5s
  18.972  BLASTC comp=700 exkBps=0 cgap_us[min/avg/max]=1392/1428/2649
  18.972  BLAST phy=2/2 att=700 ok=700 enomem=0 err=0 call_us[min/avg/max]=1318/1417/2638 okgap_max_us=2649
  18.972  t=17s RTT mean=0 min=0 max=0 n=0 to=0 | cancels=0(+0/s) seqbad=0 len_bad=0 disc=0(0x00) | tot_n=0 tot_to=0 maxever=0 >2ms=0 >5ms=0 >15ms=0 >20ms=0 >30ms=0 | probes=0 wrfail=0 down=5s maxout=5s
  20.912  BLASTC comp=700 exkBps=0 cgap_us[min/avg/max]=1385/1428/2647
  20.912  BLAST phy=2/2 att=700 ok=700 enomem=0 err=0 call_us[min/avg/max]=1299/1417/2636 okgap_max_us=2647
  20.973  t=18s RTT mean=0 min=0 max=0 n=0 to=0 | cancels=0(+0/s) seqbad=0 len_bad=0 disc=0(0x00) | tot_n=0 tot_to=0 maxever=0 >2ms=0 >5ms=0 >15ms=0 >20ms=0 >30ms=0 | probes=0 wrfail=0 down=5s maxout=5s
  20.973  BLASTC comp=700 exkBps=0 cgap_us[min/avg/max]=1391/1428/2646
  20.973  BLAST phy=2/2 att=700 ok=700 enomem=0 err=0 call_us[min/avg/max]=1318/1417/2635 okgap_max_us=2647
  20.973  t=19s RTT mean=0 min=0 max=0 n=0 to=0 | cancels=0(+0/s) seqbad=0 len_bad=0 disc=0(0x00) | tot_n=0 tot_to=0 maxever=0 >2ms=0 >5ms=0 >15ms=0 >20ms=0 >30ms=0 | probes=0 wrfail=0 down=5s maxout=5s
  22.929  BLASTC comp=697 exkBps=0 cgap_us[min/avg/max]=1385/1434/5435
  22.930  BLAST phy=2/2 att=697 ok=697 enomem=0 err=0 call_us[min/avg/max]=1299/1423/5424 okgap_max_us=5435
  22.985  t=20s RTT mean=0 min=0 max=0 n=0 to=0 | cancels=0(+0/s) seqbad=0 len_bad=0 disc=0(0x00) | tot_n=0 tot_to=0 maxever=0 >2ms=0 >5ms=0 >15ms=0 >20ms=0 >30ms=0 | probes=0 wrfail=0 down=5s maxout=5s
  22.985  BLASTC comp=700 exkBps=0 cgap_us[min/avg/max]=1390/1428/2647
  22.985  BLAST phy=2/2 att=700 ok=700 enomem=0 err=0 call_us[min/avg/max]=1318/1417/2636 okgap_max_us=2647
  22.985  t=21s RTT mean=0 min=0 max=0 n=0 to=0 | cancels=0(+0/s) seqbad=0 len_bad=0 disc=0(0x00) | tot_n=0 tot_to=0 maxever=0 >2ms=0 >5ms=0 >15ms=0 >20ms=0 >30ms=0 | probes=0 wrfail=0 down=5s maxout=5s
  24.955  BLASTC comp=700 exkBps=0 cgap_us[min/avg/max]=1386/1428/2647
  24.955  BLAST phy=2/2 att=700 ok=700 enomem=0 err=0 call_us[min/avg/max]=1298/1417/2636 okgap_max_us=2647
  24.955  t=22s RTT mean=0 min=0 max=0 n=0 to=0 | cancels=0(+0/s) seqbad=0 len_bad=0 disc=0(0x00) | tot_n=0 tot_to=0 maxever=0 >2ms=0 >5ms=0 >15ms=0 >20ms=0 >30ms=0 | probes=0 wrfail=0 down=5s maxout=5s
  24.955  BLASTC comp=699 exkBps=0 cgap_us[min/avg/max]=1391/1430/4030
  24.955  BLAST phy=2/2 att=699 ok=699 enomem=0 err=0 call_us[min/avg/max]=1318/1419/4019 okgap_max_us=4031
  25.008  t=23s RTT mean=0 min=0 max=0 n=0 to=0 | cancels=0(+0/s) seqbad=0 len_bad=0 disc=0(0x00) | tot_n=0 tot_to=0 maxever=0 >2ms=0 >5ms=0 >15ms=0 >20ms=0 >30ms=0 | probes=0 wrfail=0 down=5s maxout=5s
  26.909  BLASTC comp=700 exkBps=0 cgap_us[min/avg/max]=1385/1428/2646
  26.962  BLAST phy=2/2 att=700 ok=700 enomem=0 err=0 call_us[min/avg/max]=1298/1417/2635 okgap_max_us=2646
  26.962  t=24s RTT mean=0 min=0 max=0 n=0 to=0 | cancels=0(+0/s) seqbad=0 len_bad=0 disc=0(0x00) | tot_n=0 tot_to=0 maxever=0 >2ms=0 >5ms=0 >15ms=0 >20ms=0 >30ms=0 | probes=0 wrfail=0 down=5s maxout=5s
  26.962  BLASTC comp=700 exkBps=0 cgap_us[min/avg/max]=1391/1428/2646
  26.962  BLAST phy=2/2 att=700 ok=700 enomem=0 err=0 call_us[min/avg/max]=1318/1417/2635 okgap_max_us=2646
  27.023  t=25s RTT mean=0 min=0 max=0 n=0 to=0 | cancels=0(+0/s) seqbad=0 len_bad=0 disc=0(0x00) | tot_n=0 tot_to=0 maxever=0 >2ms=0 >5ms=0 >15ms=0 >20ms=0 >30ms=0 | probes=0 wrfail=0 down=5s maxout=5s
  28.913  BLASTC comp=700 exkBps=0 cgap_us[min/avg/max]=1385/1428/2647
  28.913  BLAST phy=2/2 att=700 ok=700 enomem=0 err=0 call_us[min/avg/max]=1298/1417/2636 okgap_max_us=2648
  28.973  t=26s RTT mean=0 min=0 max=0 n=0 to=0 | cancels=0(+0/s) seqbad=0 len_bad=0 disc=0(0x00) | tot_n=0 tot_to=0 maxever=0 >2ms=0 >5ms=0 >15ms=0 >20ms=0 >30ms=0 | probes=0 wrfail=0 down=5s maxout=5s
  28.973  BLASTC comp=700 exkBps=0 cgap_us[min/avg/max]=1391/1428/2650
  28.973  BLAST phy=2/2 att=700 ok=700 enomem=0 err=0 call_us[min/avg/max]=1318/1417/2639 okgap_max_us=2651
  28.973  t=27s RTT mean=0 min=0 max=0 n=0 to=0 | cancels=0(+0/s) seqbad=0 len_bad=0 disc=0(0x00) | tot_n=0 tot_to=0 maxever=0 >2ms=0 >5ms=0 >15ms=0 >20ms=0 >30ms=0 | probes=0 wrfail=0 down=5s maxout=5s
  30.908  BLASTC comp=667 exkBps=0 cgap_us[min/avg/max]=1385/1499/48608
  30.962  BLAST phy=2/2 att=667 ok=667 enomem=0 err=0 call_us[min/avg/max]=1298/1487/48598 okgap_max_us=48609
  30.962  t=28s RTT mean=0 min=0 max=0 n=0 to=0 | cancels=0(+0/s) seqbad=0 len_bad=0 disc=0(0x00) | tot_n=0 tot_to=0 maxever=0 >2ms=0 >5ms=0 >15ms=0 >20ms=0 >30ms=0 | probes=0 wrfail=0 down=5s maxout=5s
  30.962  BLASTC comp=700 exkBps=0 cgap_us[min/avg/max]=1391/1428/2646
  30.962  BLAST phy=2/2 att=700 ok=700 enomem=0 err=0 call_us[min/avg/max]=1318/1417/2635 okgap_max_us=2647
  31.022  t=29s RTT mean=0 min=0 max=0 n=0 to=0 | cancels=0(+0/s) seqbad=0 len_bad=0 disc=0(0x00) | tot_n=0 tot_to=0 maxever=0 >2ms=0 >5ms=0 >15ms=0 >20ms=0 >30ms=0 | probes=0 wrfail=0 down=5s maxout=5s
