   0.233  PHY: tx=2 rx=2 (2=2M)
   0.233  dle req rc=0
   0.349  DLE: tx_max=251 rx_max=27
   0.350  l2cap_chan_connect rc=0
   0.454  L2CAP connected: tx.mtu=512 tx.mps=247 tx.credits=0 rx.mtu=245 rx.mps=247
   0.454  GATE conn: interval=30 (units 1.25ms) => 37.50 ms
   0.454  Q3FSU-REQ role=C auto min=150 max=150 phys=0x2 rc=0
   0.745  blasting 480-byte SDUs...
   2.083  *** Booting Zephyr OS build v4.4.2-16-gfee9fbc62095 ***
   2.083  
   2.083  === nRF52840 L2CAP CoC central (Zephyr 4.4.1) ===
   2.083  scan start rc=0
   2.083  found D6:C7:60:B1:D3:0E (random) (rssi -33), connecting
   2.083  Q2CONN AA=1232dda4 CRCINIT=bf4ac3 hop=12 chan_count=37 map=ffffffff1f
   2.143  GAP connected
   2.143  phy req rc=0
   2.432  PHY: tx=2 rx=2 (2=2M)
   2.432  dle req rc=0
   2.553  DLE: tx_max=251 rx_max=27
   2.553  l2cap_chan_connect rc=0
   2.665  L2CAP connected: tx.mtu=512 tx.mps=247 tx.credits=0 rx.mtu=245 rx.mps=247
   2.665  GATE conn: interval=30 (units 1.25ms) => 37.50 ms
   2.665  Q3FSU-REQ role=C auto min=150 max=150 phys=0x2 rc=0
   2.954  blasting 480-byte SDUs...
  12.361  RPT occ: events=0 mean_pkts/ev=0.00 max=0 nonempty_ev=0 fsu=0 | sender: sent=3260(+3260 SDU) eagain=0(+0) poolfail=0(+0)
  22.378  RPT occ: events=0 mean_pkts/ev=0.00 max=0 nonempty_ev=0 fsu=0 | sender: sent=6706(+3446 SDU) eagain=0(+0) poolfail=0(+0)
