   0.810  PHY tx=2 rx=2
   0.810  discovery start (post-PHY +500ms) interval=25000 phy2m=1
   0.810  SUBSCRIBED, vh=14
   0.810  BLAST: phy_update->2M rc=0
   0.810  BLAST first16_call_us: 125 119 120 120 120 121 120 120 120 120 121 121 120 120 120 120
   1.883  t=1s RTT mean=0 min=0 max=0 n=0 to=0 | cancels=0(+0/s) seqbad=0 len_bad=0 disc=0(0x00) | tot_n=0 tot_to=0 maxever=0 >2ms=0 >5ms=0 >15ms=0 >20ms=0 >30ms=0 | probes=0 wrfail=0 down=0s maxout=0s
   1.883  PHY tx=2 rx=2
   1.883  BLASTC comp=20 exkBps=0 cgap_us[min/avg/max]=130/5015/92812
   1.883  BLAST phy=2/2 att=40 ok=40 enomem=0 err=0 call_us[min/avg/max]=53/2374/91631 okgap_max_us=270
   1.883  t=2s RTT mean=0 min=0 max=0 n=0 to=0 | cancels=0(+0/s) seqbad=0 len_bad=0 disc=0(0x00) | tot_n=0 tot_to=0 maxever=0 >2ms=0 >5ms=0 >15ms=0 >20ms=0 >30ms=0 | probes=0 wrfail=0 down=0s maxout=0s
   2.054  *** Booting Zephyr OS build v4.4.2-16-gfee9fbc62095 ***
   2.054  [00:41:55.471,344] [0m<inf> bt_hci_core: HW Platform: Nordic Semiconductor (0x0002)[0m
   2.054  [00:41:55.471,357] [0m<inf> bt_hci_core: HW Variant: nRF54Lx (0x0005)[0m
   2.054  [00:41:55.471,368] [0m<inf> bt_hci_core: Firmware: Standard Bluetooth controller (0x00) Version 4.4 Build 2[0m
   2.108  [00:41:55.471,735] [0m<inf> bt_hci_core: HCI transport: Controller[0m
   2.108  [00:41:55.471,783] [0m<inf> bt_hci_core: Identity: FC:BE:FF:FA:E6:8B (random)[0m
   2.108  [00:41:55.471,799] [0m<inf> bt_hci_core: HCI: version 5.4 (0x0d) revision 0x0000, manufacturer 0x05f1[0m
   2.108  [00:41:55.471,814] [0m<inf> bt_hci_core: LMP: version 5.4 (0x0d) subver 0xffff[0m
   2.108  
   2.108  === nRF54L15 RTT ping-pong CENTRAL ===
   2.108  scan rc=0
   3.080  GAP connected interval=25000
   3.080  [1;31m--- 1 messages dropped ---
   3.080  [0mMTU err=0 mtu=247
   3.080  PHY tx=2 rx=2
   3.080  discovery start (post-PHY +500ms) interval=25000 phy2m=1
   3.080  t=1s RTT mean=0 min=0 max=0 n=0 to=0 | cancels=0(+0/s) seqbad=0 len_bad=0 disc=0(0x00) | tot_n=0 tot_to=0 maxever=0 >2ms=0 >5ms=0 >15ms=0 >20ms=0 >30ms=0 | probes=0 wrfail=0 down=1s maxout=1s
   3.080  SUBSCRIBED, vh=14
   3.080  BLAST: phy_update->2M rc=0
   3.080  BLASTC comp=1 exkBps=0 cgap_us[min/avg/max]=4294967295/0/0
   3.080  BLAST phy=2/2 att=1 ok=1 enomem=0 err=0 call_us[min/avg/max]=126/126/126 okgap_max_us=0
   3.140  BLAST first16_call_us: 126 124 121 120 120 120 120 120 121 120 120 120 120 120 120 120
   4.142  PHY tx=2 rx=2
   4.142  t=2s RTT mean=0 min=0 max=0 n=0 to=0 | cancels=0(+0/s) seqbad=0 len_bad=0 disc=0(0x00) | tot_n=0 tot_to=0 maxever=0 >2ms=0 >5ms=0 >15ms=0 >20ms=0 >30ms=0 | probes=0 wrfail=0 down=1s maxout=1s
   4.142  BLASTC comp=632 exkBps=0 cgap_us[min/avg/max]=130/1582/96417
   4.142  BLAST phy=2/2 att=652 ok=652 enomem=0 err=0 call_us[min/avg/max]=52/1522/95236 okgap_max_us=95247
   6.049  t=3s RTT mean=0 min=0 max=0 n=0 to=0 | cancels=0(+0/s) seqbad=0 len_bad=0 disc=0(0x00) | tot_n=0 tot_to=0 maxever=0 >2ms=0 >5ms=0 >15ms=0 >20ms=0 >30ms=0 | probes=0 wrfail=0 down=1s maxout=1s
   6.049  BLASTC comp=661 exkBps=0 cgap_us[min/avg/max]=1391/1512/25001
   6.109  BLAST phy=2/2 att=661 ok=661 enomem=0 err=0 call_us[min/avg/max]=1318/1501/24990 okgap_max_us=25001
   6.109  t=4s RTT mean=0 min=0 max=0 n=0 to=0 | cancels=0(+0/s) seqbad=0 len_bad=0 disc=0(0x00) | tot_n=0 tot_to=0 maxever=0 >2ms=0 >5ms=0 >15ms=0 >20ms=0 >30ms=0 | probes=0 wrfail=0 down=1s maxout=1s
   6.109  FSU: request [52..52] us (ACL both dirs, 1M+2M) rc=0
   6.109  BLASTC comp=680 exkBps=0 cgap_us[min/avg/max]=1390/1470/2720
   6.109  BLAST phy=2/2 att=680 ok=680 enomem=0 err=0 call_us[min/avg/max]=1317/1459/2710 okgap_max_us=2790
   6.109  FSU: updated status=0x00 spacing=52 us phys=0x3 types=0x3 initiator=0
   8.058  BLASTC comp=786 exkBps=0 cgap_us[min/avg/max]=1195/1269/7046
   8.058  BLAST phy=2/2 att=786 ok=786 enomem=0 err=0 call_us[min/avg/max]=1179/1257/7035 okgap_max_us=7046
   8.058  t=5s RTT mean=0 min=0 max=0 n=0 to=0 | cancels=0(+0/s) seqbad=0 len_bad=0 disc=0(0x00) | tot_n=0 tot_to=0 maxever=0 >2ms=0 >5ms=0 >15ms=0 >20ms=0 >30ms=0 | probes=0 wrfail=0 down=1s maxout=1s
   8.113  BLASTC comp=800 exkBps=0 cgap_us[min/avg/max]=1193/1250/2265
   8.114  BLAST phy=2/2 att=800 ok=800 enomem=0 err=0 call_us[min/avg/max]=1179/1238/2254 okgap_max_us=2265
   8.114  t=6s RTT mean=0 min=0 max=0 n=0 to=0 | cancels=0(+0/s) seqbad=0 len_bad=0 disc=0(0x00) | tot_n=0 tot_to=0 maxever=0 >2ms=0 >5ms=0 >15ms=0 >20ms=0 >30ms=0 | probes=0 wrfail=0 down=1s maxout=1s
  10.035  BLASTC comp=782 exkBps=0 cgap_us[min/avg/max]=1192/1278/23804
  10.095  BLAST phy=2/2 att=782 ok=782 enomem=0 err=0 call_us[min/avg/max]=1179/1267/23794 okgap_max_us=23805
  10.096  t=7s RTT mean=0 min=0 max=0 n=0 to=0 | cancels=0(+0/s) seqbad=0 len_bad=0 disc=0(0x00) | tot_n=0 tot_to=0 maxever=0 >2ms=0 >5ms=0 >15ms=0 >20ms=0 >30ms=0 | probes=0 wrfail=0 down=1s maxout=1s
  10.096  BLASTC comp=800 exkBps=0 cgap_us[min/avg/max]=1193/1250/2268
  10.096  BLAST phy=2/2 att=800 ok=800 enomem=0 err=0 call_us[min/avg/max]=1179/1238/2257 okgap_max_us=2269
  10.156  t=8s RTT mean=0 min=0 max=0 n=0 to=0 | cancels=0(+0/s) seqbad=0 len_bad=0 disc=0(0x00) | tot_n=0 tot_to=0 maxever=0 >2ms=0 >5ms=0 >15ms=0 >20ms=0 >30ms=0 | probes=0 wrfail=0 down=1s maxout=1s
  12.055  BLASTC comp=799 exkBps=0 cgap_us[min/avg/max]=1192/1251/2390
  12.055  BLAST phy=2/2 att=799 ok=799 enomem=0 err=0 call_us[min/avg/max]=1179/1240/2379 okgap_max_us=2390
  12.113  t=9s RTT mean=0 min=0 max=0 n=0 to=0 | cancels=0(+0/s) seqbad=0 len_bad=0 disc=0(0x00) | tot_n=0 tot_to=0 maxever=0 >2ms=0 >5ms=0 >15ms=0 >20ms=0 >30ms=0 | probes=0 wrfail=0 down=1s maxout=1s
  12.114  BLASTC comp=782 exkBps=0 cgap_us[min/avg/max]=1193/1278/23805
  12.114  BLAST phy=2/2 att=782 ok=782 enomem=0 err=0 call_us[min/avg/max]=1179/1267/23795 okgap_max_us=23806
  12.114  t=10s RTT mean=0 min=0 max=0 n=0 to=0 | cancels=0(+0/s) seqbad=0 len_bad=0 disc=0(0x00) | tot_n=0 tot_to=0 maxever=0 >2ms=0 >5ms=0 >15ms=0 >20ms=0 >30ms=0 | probes=0 wrfail=0 down=1s maxout=1s
  14.076  BLASTC comp=788 exkBps=0 cgap_us[min/avg/max]=1194/1269/16623
  14.076  BLAST phy=2/2 att=788 ok=788 enomem=0 err=0 call_us[min/avg/max]=1179/1257/16611 okgap_max_us=16623
  14.076  t=11s RTT mean=0 min=0 max=0 n=0 to=0 | cancels=0(+0/s) seqbad=0 len_bad=0 disc=0(0x00) | tot_n=0 tot_to=0 maxever=0 >2ms=0 >5ms=0 >15ms=0 >20ms=0 >30ms=0 | probes=0 wrfail=0 down=1s maxout=1s
  14.076  BLASTC comp=771 exkBps=0 cgap_us[min/avg/max]=1195/1297/22607
  14.076  BLAST phy=2/2 att=771 ok=771 enomem=0 err=0 call_us[min/avg/max]=1179/1285/22597 okgap_max_us=22608
  14.136  t=12s RTT mean=0 min=0 max=0 n=0 to=0 | cancels=0(+0/s) seqbad=0 len_bad=0 disc=0(0x00) | tot_n=0 tot_to=0 maxever=0 >2ms=0 >5ms=0 >15ms=0 >20ms=0 >30ms=0 | probes=0 wrfail=0 down=1s maxout=1s
  16.043  BLASTC comp=768 exkBps=0 cgap_us[min/avg/max]=1188/1302/23805
  16.043  BLAST phy=2/2 att=768 ok=768 enomem=0 err=0 call_us[min/avg/max]=1081/1290/23794 okgap_max_us=23805
  16.096  t=13s RTT mean=0 min=0 max=0 n=0 to=0 | cancels=0(+0/s) seqbad=0 len_bad=0 disc=0(0x00) | tot_n=0 tot_to=0 maxever=0 >2ms=0 >5ms=0 >15ms=0 >20ms=0 >30ms=0 | probes=0 wrfail=0 down=1s maxout=1s
  16.096  BLASTC comp=800 exkBps=0 cgap_us[min/avg/max]=1194/1250/2267
  16.096  BLAST phy=2/2 att=800 ok=800 enomem=0 err=0 call_us[min/avg/max]=1179/1238/2256 okgap_max_us=2267
  16.096  t=14s RTT mean=0 min=0 max=0 n=0 to=0 | cancels=0(+0/s) seqbad=0 len_bad=0 disc=0(0x00) | tot_n=0 tot_to=0 maxever=0 >2ms=0 >5ms=0 >15ms=0 >20ms=0 >30ms=0 | probes=0 wrfail=0 down=1s maxout=1s
  18.032  BLASTC comp=779 exkBps=0 cgap_us[min/avg/max]=1193/1283/22608
  18.091  BLAST phy=2/2 att=779 ok=779 enomem=0 err=0 call_us[min/avg/max]=1179/1272/22597 okgap_max_us=22608
  18.091  t=15s RTT mean=0 min=0 max=0 n=0 to=0 | cancels=0(+0/s) seqbad=0 len_bad=0 disc=0(0x00) | tot_n=0 tot_to=0 maxever=0 >2ms=0 >5ms=0 >15ms=0 >20ms=0 >30ms=0 | probes=0 wrfail=0 down=1s maxout=1s
  18.091  BLASTC comp=800 exkBps=0 cgap_us[min/avg/max]=1194/1250/2266
  18.091  BLAST phy=2/2 att=800 ok=800 enomem=0 err=0 call_us[min/avg/max]=1179/1238/2255 okgap_max_us=2267
  18.143  t=16s RTT mean=0 min=0 max=0 n=0 to=0 | cancels=0(+0/s) seqbad=0 len_bad=0 disc=0(0x00) | tot_n=0 tot_to=0 maxever=0 >2ms=0 >5ms=0 >15ms=0 >20ms=0 >30ms=0 | probes=0 wrfail=0 down=1s maxout=1s
  20.058  BLASTC comp=800 exkBps=0 cgap_us[min/avg/max]=1194/1250/2267
  20.059  BLAST phy=2/2 att=800 ok=800 enomem=0 err=0 call_us[min/avg/max]=1179/1238/2256 okgap_max_us=2268
  20.059  t=17s RTT mean=0 min=0 max=0 n=0 to=0 | cancels=0(+0/s) seqbad=0 len_bad=0 disc=0(0x00) | tot_n=0 tot_to=0 maxever=0 >2ms=0 >5ms=0 >15ms=0 >20ms=0 >30ms=0 | probes=0 wrfail=0 down=1s maxout=1s
  20.119  BLASTC comp=787 exkBps=0 cgap_us[min/avg/max]=1195/1270/17825
  20.119  BLAST phy=2/2 att=787 ok=787 enomem=0 err=0 call_us[min/avg/max]=1180/1259/17815 okgap_max_us=17826
  20.119  t=18s RTT mean=0 min=0 max=0 n=0 to=0 | cancels=0(+0/s) seqbad=0 len_bad=0 disc=0(0x00) | tot_n=0 tot_to=0 maxever=0 >2ms=0 >5ms=0 >15ms=0 >20ms=0 >30ms=0 | probes=0 wrfail=0 down=1s maxout=1s
  22.063  BLASTC comp=773 exkBps=0 cgap_us[min/avg/max]=1194/1293/19020
  22.064  BLAST phy=2/2 att=773 ok=773 enomem=0 err=0 call_us[min/avg/max]=1181/1282/19010 okgap_max_us=19021
  22.064  t=19s RTT mean=0 min=0 max=0 n=0 to=0 | cancels=0(+0/s) seqbad=0 len_bad=0 disc=0(0x00) | tot_n=0 tot_to=0 maxever=0 >2ms=0 >5ms=0 >15ms=0 >20ms=0 >30ms=0 | probes=0 wrfail=0 down=1s maxout=1s
  22.121  BLASTC comp=800 exkBps=0 cgap_us[min/avg/max]=1186/1250/2266
  22.121  BLAST phy=2/2 att=800 ok=800 enomem=0 err=0 call_us[min/avg/max]=1078/1238/2255 okgap_max_us=2266
  22.121  t=20s RTT mean=0 min=0 max=0 n=0 to=0 | cancels=0(+0/s) seqbad=0 len_bad=0 disc=0(0x00) | tot_n=0 tot_to=0 maxever=0 >2ms=0 >5ms=0 >15ms=0 >20ms=0 >30ms=0 | probes=0 wrfail=0 down=1s maxout=1s
  24.057  BLASTC comp=780 exkBps=0 cgap_us[min/avg/max]=1194/1282/24999
  24.057  BLAST phy=2/2 att=780 ok=780 enomem=0 err=0 call_us[min/avg/max]=1178/1270/24988 okgap_max_us=24999
  24.111  t=21s RTT mean=0 min=0 max=0 n=0 to=0 | cancels=0(+0/s) seqbad=0 len_bad=0 disc=0(0x00) | tot_n=0 tot_to=0 maxever=0 >2ms=0 >5ms=0 >15ms=0 >20ms=0 >30ms=0 | probes=0 wrfail=0 down=1s maxout=1s
  24.111  BLASTC comp=797 exkBps=0 cgap_us[min/avg/max]=1195/1254/5849
  24.111  BLAST phy=2/2 att=797 ok=797 enomem=0 err=0 call_us[min/avg/max]=1179/1243/5838 okgap_max_us=5849
  24.111  t=22s RTT mean=0 min=0 max=0 n=0 to=0 | cancels=0(+0/s) seqbad=0 len_bad=0 disc=0(0x00) | tot_n=0 tot_to=0 maxever=0 >2ms=0 >5ms=0 >15ms=0 >20ms=0 >30ms=0 | probes=0 wrfail=0 down=1s maxout=1s
  26.044  BLASTC comp=783 exkBps=0 cgap_us[min/avg/max]=1194/1277/22610
  26.044  BLAST phy=2/2 att=783 ok=783 enomem=0 err=0 call_us[min/avg/max]=1179/1265/22600 okgap_max_us=22611
  26.103  t=23s RTT mean=0 min=0 max=0 n=0 to=0 | cancels=0(+0/s) seqbad=0 len_bad=0 disc=0(0x00) | tot_n=0 tot_to=0 maxever=0 >2ms=0 >5ms=0 >15ms=0 >20ms=0 >30ms=0 | probes=0 wrfail=0 down=1s maxout=1s
  26.103  BLASTC comp=783 exkBps=0 cgap_us[min/avg/max]=1195/1277/20214
  26.103  BLAST phy=2/2 att=783 ok=783 enomem=0 err=0 call_us[min/avg/max]=1179/1265/20203 okgap_max_us=20214
  26.103  t=24s RTT mean=0 min=0 max=0 n=0 to=0 | cancels=0(+0/s) seqbad=0 len_bad=0 disc=0(0x00) | tot_n=0 tot_to=0 maxever=0 >2ms=0 >5ms=0 >15ms=0 >20ms=0 >30ms=0 | probes=0 wrfail=0 down=1s maxout=1s
  28.039  BLASTC comp=784 exkBps=0 cgap_us[min/avg/max]=1194/1275/21410
  28.039  BLAST phy=2/2 att=784 ok=784 enomem=0 err=0 call_us[min/avg/max]=1179/1264/21400 okgap_max_us=21411
  28.100  t=25s RTT mean=0 min=0 max=0 n=0 to=0 | cancels=0(+0/s) seqbad=0 len_bad=0 disc=0(0x00) | tot_n=0 tot_to=0 maxever=0 >2ms=0 >5ms=0 >15ms=0 >20ms=0 >30ms=0 | probes=0 wrfail=0 down=1s maxout=1s
  28.100  BLASTC comp=780 exkBps=0 cgap_us[min/avg/max]=1194/1282/27256
  28.100  BLAST phy=2/2 att=780 ok=780 enomem=0 err=0 call_us[min/avg/max]=1179/1270/27246 okgap_max_us=27257
  28.100  t=26s RTT mean=0 min=0 max=0 n=0 to=0 | cancels=0(+0/s) seqbad=0 len_bad=0 disc=0(0x00) | tot_n=0 tot_to=0 maxever=0 >2ms=0 >5ms=0 >15ms=0 >20ms=0 >30ms=0 | probes=0 wrfail=0 down=1s maxout=1s
  30.058  BLASTC comp=796 exkBps=0 cgap_us[min/avg/max]=1193/1256/7046
  30.058  BLAST phy=2/2 att=796 ok=796 enomem=0 err=0 call_us[min/avg/max]=1088/1244/7036 okgap_max_us=7047
  30.058  t=27s RTT mean=0 min=0 max=0 n=0 to=0 | cancels=0(+0/s) seqbad=0 len_bad=0 disc=0(0x00) | tot_n=0 tot_to=0 maxever=0 >2ms=0 >5ms=0 >15ms=0 >20ms=0 >30ms=0 | probes=0 wrfail=0 down=1s maxout=1s
  30.113  BLASTC comp=782 exkBps=0 cgap_us[min/avg/max]=1194/1278/20213
  30.114  BLAST phy=2/2 att=782 ok=782 enomem=0 err=0 call_us[min/avg/max]=1178/1267/20202 okgap_max_us=20213
  30.114  t=28s RTT mean=0 min=0 max=0 n=0 to=0 | cancels=0(+0/s) seqbad=0 len_bad=0 disc=0(0x00) | tot_n=0 tot_to=0 maxever=0 >2ms=0 >5ms=0 >15ms=0 >20ms=0 >30ms=0 | probes=0 wrfail=0 down=1s maxout=1s
