   0.811  SINK rx: 183 KB/s (187435 B / 1000 ms) fsu=65 | cum_total=4808166 B cum_segs=20035
   1.725  *** Booting nRF Connect SDK v3.4.0-99553055607b ***
   1.725  *** Using Zephyr OS v4.4.0-bf801e4e3d19 ***
   1.725  
   1.725  === nRF52 L2CAP CoC SINK (Zephyr 4.4.1, seg_recv) ===
   1.725  L2CAP server on PSM 0x0080
   1.725  Advertising as 'zenoh-nrf-l2cap'
   2.134  GAP connected: interval=40
   2.595  PHY updated: tx=2 rx=2
   2.713  CoC up — seg_recv sink ready (RX_CREDITS=64, MPS=247)
   2.713  DLE updated: tx_max=251 rx_max=251
   2.774  SINK rx: 0 KB/s (0 B / 1000 ms) fsu=0 | cum_total=0 B cum_segs=0
   2.999  Q3FSU-DONE role=P status=0x00 spacing=65 types=0x3 phys=0x2 initiator=2
   3.738  SINK rx: 96 KB/s (98886 B / 1000 ms) fsu=65 | cum_total=98886 B cum_segs=413
   4.786  SINK rx: 177 KB/s (181920 B / 1000 ms) fsu=65 | cum_total=280806 B cum_segs=1171
   5.783  SINK rx: 184 KB/s (189120 B / 1000 ms) fsu=65 | cum_total=469926 B cum_segs=1959
   6.780  SINK rx: 183 KB/s (187445 B / 1000 ms) fsu=65 | cum_total=657371 B cum_segs=2740
   7.777  SINK rx: 176 KB/s (181195 B / 1000 ms) fsu=65 | cum_total=838566 B cum_segs=3495
   8.802  SINK rx: 177 KB/s (182165 B / 1000 ms) fsu=65 | cum_total=1020731 B cum_segs=4254
   9.833  SINK rx: 179 KB/s (183840 B / 1000 ms) fsu=65 | cum_total=1204571 B cum_segs=5020
  10.804  SINK rx: 184 KB/s (189120 B / 1000 ms) fsu=65 | cum_total=1393691 B cum_segs=5808
  11.800  SINK rx: 184 KB/s (188875 B / 1000 ms) fsu=65 | cum_total=1582566 B cum_segs=6595
  12.838  SINK rx: 184 KB/s (188885 B / 1000 ms) fsu=65 | cum_total=1771451 B cum_segs=7382
  13.863  SINK rx: 183 KB/s (187680 B / 1000 ms) fsu=65 | cum_total=1959131 B cum_segs=8164
  14.844  SINK rx: 178 KB/s (182400 B / 1000 ms) fsu=65 | cum_total=2141531 B cum_segs=8924
  15.884  SINK rx: 178 KB/s (182400 B / 1000 ms) fsu=65 | cum_total=2323931 B cum_segs=9684
  16.869  SINK rx: 184 KB/s (188875 B / 1000 ms) fsu=65 | cum_total=2512806 B cum_segs=10471
  17.866  SINK rx: 184 KB/s (189120 B / 1000 ms) fsu=65 | cum_total=2701926 B cum_segs=11259
  18.886  SINK rx: 180 KB/s (184800 B / 1000 ms) fsu=65 | cum_total=2886726 B cum_segs=12029
  19.894  SINK rx: 184 KB/s (188885 B / 1000 ms) fsu=65 | cum_total=3075611 B cum_segs=12816
  20.924  SINK rx: 176 KB/s (180480 B / 1000 ms) fsu=65 | cum_total=3256091 B cum_segs=13568
  21.916  SINK rx: 182 KB/s (186955 B / 1000 ms) fsu=65 | cum_total=3443046 B cum_segs=14347
  22.958  SINK rx: 180 KB/s (185280 B / 1000 ms) fsu=65 | cum_total=3628326 B cum_segs=15119
  23.961  SINK rx: 182 KB/s (186965 B / 1000 ms) fsu=65 | cum_total=3815291 B cum_segs=15898
  24.950  SINK rx: 172 KB/s (176160 B / 1000 ms) fsu=65 | cum_total=3991451 B cum_segs=16632
  25.966  SINK rx: 180 KB/s (185035 B / 1000 ms) fsu=65 | cum_total=4176486 B cum_segs=17403
  26.937  SINK rx: 177 KB/s (182165 B / 1000 ms) fsu=65 | cum_total=4358651 B cum_segs=18162
  27.983  SINK rx: 184 KB/s (188875 B / 1000 ms) fsu=65 | cum_total=4547526 B cum_segs=18949
  29.005  SINK rx: 184 KB/s (188640 B / 1000 ms) fsu=65 | cum_total=4736166 B cum_segs=19735
  29.992  SINK rx: 182 KB/s (187200 B / 1000 ms) fsu=65 | cum_total=4923366 B cum_segs=20515
  31.031  SINK rx: 178 KB/s (183125 B / 1000 ms) fsu=65 | cum_total=5106491 B cum_segs=21278
