   0.927  GAP connected interval=7500
   0.927  PHY tx=2 rx=2
   0.927  P t=3s rxkBps=0 blkkBps=0 pongs=0(+0/s) cancels=0(+0/s) notify=0 disc=0(0x00) | echo rx=0 tx=0 pend=0 stale=0
   0.927  CCC: notify ENABLED
   1.675  *** Booting nRF Connect SDK v3.4.0-99553055607b ***
   1.735  *** Using Zephyr OS v4.4.0-bf801e4e3d19 ***
   1.735  [00:53:38.014,138] [0m<inf> bt_sdc_hci_driver: SoftDevice Controller build revision:
   1.735                                              c8 da 30 98 f9 f0 34 a4  4b 6e ba d3 08 19 cc 0c |..0...4. Kn......
   1.735                                              ea 51 da 47                                      |.Q.G             [0m
   1.735  [00:53:38.014,932] [1;33m<wrn> bt_hci_core: Num of Controller's ACL packets != ACL bt_conn_tx contexts (20 != 3)[0m
   1.735  [00:53:38.015,583] [0m<inf> bt_hci_core: HW Platform: Nordic Semiconductor (0x0002)[0m
   1.735  [00:53:38.015,594] [0m<inf> bt_hci_core: HW Variant: nRF54Lx (0x0005)[0m
   1.792  [00:53:38.015,605] [0m<inf> bt_hci_core: Firmware: Standard Bluetooth controller (0x00) Version 200.12506 Build 888207768[0m
   1.793  [00:53:38.016,001] [0m<inf> bt_hci_core: HCI transport: SDC[0m
   1.793  [00:53:38.016,047] [0m<inf> bt_hci_core: Identity: D6:C7:60:B1:D3:0E (random)[0m
   1.793  [00:53:38.016,064] [0m<inf> bt_hci_core: HCI: version 6.3 (0x11) revision 0x3039, manufacturer 0x0059[0m
   1.793  [00:53:38.016,080] [0m<inf> bt_hci_core: LMP: version 6.3 (0x11) subver 0x3039[0m
   1.793  
   1.793  === nRF54L15 RTT ping-pong PERIPHERAL (echo) ===
   1.793  advertising
   3.110  GAP connected interval=7500
   3.111  PHY tx=2 rx=2
   3.169  P t=1s rxkBps=0 blkkBps=0 pongs=0(+0/s) cancels=0(+0/s) notify=0 disc=0(0x00) | echo rx=0 tx=0 pend=0 stale=0
   3.169  CCC: notify ENABLED
   4.713  P t=2s rxkBps=116 blkkBps=0 pongs=487(+487/s) cancels=0(+0/s) notify=1 disc=0(0x00) | echo rx=0 tx=0 pend=0 stale=0
   4.713  P t=3s rxkBps=127 blkkBps=0 pongs=1020(+533/s) cancels=0(+0/s) notify=1 disc=0(0x00) | echo rx=0 tx=0 pend=0 stale=0
   6.730  P t=4s rxkBps=126 blkkBps=0 pongs=1552(+532/s) cancels=0(+0/s) notify=1 disc=0(0x00) | echo rx=0 tx=0 pend=0 stale=0
   6.730  P t=5s rxkBps=127 blkkBps=0 pongs=2086(+534/s) cancels=0(+0/s) notify=1 disc=0(0x00) | echo rx=0 tx=0 pend=0 stale=0
   8.738  P t=6s rxkBps=126 blkkBps=0 pongs=2615(+529/s) cancels=0(+0/s) notify=1 disc=0(0x00) | echo rx=0 tx=0 pend=0 stale=0
   8.738  P t=7s rxkBps=126 blkkBps=0 pongs=3146(+531/s) cancels=0(+0/s) notify=1 disc=0(0x00) | echo rx=0 tx=0 pend=0 stale=0
  10.724  P t=8s rxkBps=127 blkkBps=0 pongs=3680(+534/s) cancels=0(+0/s) notify=1 disc=0(0x00) | echo rx=0 tx=0 pend=0 stale=0
  10.724  P t=9s rxkBps=127 blkkBps=0 pongs=4213(+533/s) cancels=0(+0/s) notify=1 disc=0(0x00) | echo rx=0 tx=0 pend=0 stale=0
  12.735  P t=10s rxkBps=127 blkkBps=0 pongs=4747(+534/s) cancels=0(+0/s) notify=1 disc=0(0x00) | echo rx=0 tx=0 pend=0 stale=0
  12.736  P t=11s rxkBps=127 blkkBps=0 pongs=5281(+534/s) cancels=0(+0/s) notify=1 disc=0(0x00) | echo rx=0 tx=0 pend=0 stale=0
  14.688  P t=12s rxkBps=126 blkkBps=0 pongs=5813(+532/s) cancels=0(+0/s) notify=1 disc=0(0x00) | echo rx=0 tx=0 pend=0 stale=0
  14.746  P t=13s rxkBps=127 blkkBps=0 pongs=6347(+534/s) cancels=0(+0/s) notify=1 disc=0(0x00) | echo rx=0 tx=0 pend=0 stale=0
  16.730  P t=14s rxkBps=124 blkkBps=0 pongs=6871(+524/s) cancels=0(+0/s) notify=1 disc=0(0x00) | echo rx=0 tx=0 pend=0 stale=0
  16.730  P t=15s rxkBps=126 blkkBps=0 pongs=7402(+531/s) cancels=0(+0/s) notify=1 disc=0(0x00) | echo rx=0 tx=0 pend=0 stale=0
  18.685  P t=16s rxkBps=127 blkkBps=0 pongs=7936(+534/s) cancels=0(+0/s) notify=1 disc=0(0x00) | echo rx=0 tx=0 pend=0 stale=0
  18.745  P t=17s rxkBps=127 blkkBps=0 pongs=8470(+534/s) cancels=0(+0/s) notify=1 disc=0(0x00) | echo rx=0 tx=0 pend=0 stale=0
  20.709  P t=18s rxkBps=127 blkkBps=0 pongs=9003(+533/s) cancels=0(+0/s) notify=1 disc=0(0x00) | echo rx=0 tx=0 pend=0 stale=0
  20.709  P t=19s rxkBps=127 blkkBps=0 pongs=9537(+534/s) cancels=0(+0/s) notify=1 disc=0(0x00) | echo rx=0 tx=0 pend=0 stale=0
  22.697  P t=20s rxkBps=127 blkkBps=0 pongs=10070(+533/s) cancels=0(+0/s) notify=1 disc=0(0x00) | echo rx=0 tx=0 pend=0 stale=0
  22.697  P t=21s rxkBps=127 blkkBps=0 pongs=10603(+533/s) cancels=0(+0/s) notify=1 disc=0(0x00) | echo rx=0 tx=0 pend=0 stale=0
  24.724  P t=22s rxkBps=127 blkkBps=0 pongs=11137(+534/s) cancels=0(+0/s) notify=1 disc=0(0x00) | echo rx=0 tx=0 pend=0 stale=0
  24.724  P t=23s rxkBps=127 blkkBps=0 pongs=11670(+533/s) cancels=0(+0/s) notify=1 disc=0(0x00) | echo rx=0 tx=0 pend=0 stale=0
  26.693  P t=24s rxkBps=127 blkkBps=0 pongs=12203(+533/s) cancels=0(+0/s) notify=1 disc=0(0x00) | echo rx=0 tx=0 pend=0 stale=0
  26.749  P t=25s rxkBps=127 blkkBps=0 pongs=12737(+534/s) cancels=0(+0/s) notify=1 disc=0(0x00) | echo rx=0 tx=0 pend=0 stale=0
  28.708  P t=26s rxkBps=127 blkkBps=0 pongs=13270(+533/s) cancels=0(+0/s) notify=1 disc=0(0x00) | echo rx=0 tx=0 pend=0 stale=0
  28.708  P t=27s rxkBps=127 blkkBps=0 pongs=13804(+534/s) cancels=0(+0/s) notify=1 disc=0(0x00) | echo rx=0 tx=0 pend=0 stale=0
  30.692  P t=28s rxkBps=127 blkkBps=0 pongs=14338(+534/s) cancels=0(+0/s) notify=1 disc=0(0x00) | echo rx=0 tx=0 pend=0 stale=0
  30.752  P t=29s rxkBps=126 blkkBps=0 pongs=14870(+532/s) cancels=0(+0/s) notify=1 disc=0(0x00) | echo rx=0 tx=0 pend=0 stale=0
