   1.056  GAP connected interval=7500
   1.056  PHY tx=2 rx=2
   1.056  P t=3s rxkBps=0 blkkBps=0 pongs=0(+0/s) cancels=0(+0/s) notify=0 disc=0(0x00) | echo rx=0 tx=0 pend=0 stale=0
   1.056  CCC: notify ENABLED
   1.741  *** Booting nRF Connect SDK v3.4.0-99553055607b ***
   1.741  *** Using Zephyr OS v4.4.0-bf801e4e3d19 ***
   1.741  [00:50:10.011,403] [0m<inf> bt_sdc_hci_driver: SoftDevice Controller build revision:
   1.741                                              c8 da 30 98 f9 f0 34 a4  4b 6e ba d3 08 19 cc 0c |..0...4. Kn......
   1.742                                              ea 51 da 47                                      |.Q.G             [0m
   1.802  [00:50:10.012,188] [1;33m<wrn> bt_hci_core: Num of Controller's ACL packets != ACL bt_conn_tx contexts (20 != 3)[0m
   1.802  [00:50:10.012,831] [0m<inf> bt_hci_core: HW Platform: Nordic Semiconductor (0x0002)[0m
   1.802  [00:50:10.012,842] [0m<inf> bt_hci_core: HW Variant: nRF54Lx (0x0005)[0m
   1.802  [00:50:10.012,853] [0m<inf> bt_hci_core: Firmware: Standard Bluetooth controller (0x00) Version 200.12506 Build 888207768[0m
   1.802  [00:50:10.013,244] [0m<inf> bt_hci_core: HCI transport: SDC[0m
   1.802  [00:50:10.013,289] [0m<inf> bt_hci_core: Identity: D6:C7:60:B1:D3:0E (random)[0m
   1.802  [00:50:10.013,306] [0m<inf> bt_hci_core: HCI: version 6.3 (0x11) revision 0x3039, manufacturer 0x0059[0m
   1.802  [00:50:10.013,321] [0m<inf> bt_hci_core: LMP: version 6.3 (0x11) subver 0x3039[0m
   1.802  
   1.802  === nRF54L15 RTT ping-pong PERIPHERAL (echo) ===
   1.862  advertising
   3.142  GAP connected interval=7500
   3.142  PHY tx=2 rx=2
   3.143  P t=1s rxkBps=0 blkkBps=0 pongs=0(+0/s) cancels=0(+0/s) notify=0 disc=0(0x00) | echo rx=0 tx=0 pend=0 stale=0
   3.143  CCC: notify ENABLED
   4.734  P t=2s rxkBps=115 blkkBps=0 pongs=486(+486/s) cancels=0(+0/s) notify=1 disc=0(0x00) | echo rx=0 tx=0 pend=0 stale=0
   4.735  P t=3s rxkBps=126 blkkBps=0 pongs=1018(+532/s) cancels=0(+0/s) notify=1 disc=0(0x00) | echo rx=0 tx=0 pend=0 stale=0
   6.751  P t=4s rxkBps=125 blkkBps=0 pongs=1546(+528/s) cancels=0(+0/s) notify=1 disc=0(0x00) | echo rx=0 tx=0 pend=0 stale=0
   6.751  P t=5s rxkBps=127 blkkBps=0 pongs=2080(+534/s) cancels=0(+0/s) notify=1 disc=0(0x00) | echo rx=0 tx=0 pend=0 stale=0
   8.715  P t=6s rxkBps=126 blkkBps=0 pongs=2612(+532/s) cancels=0(+0/s) notify=1 disc=0(0x00) | echo rx=0 tx=0 pend=0 stale=0
   8.775  P t=7s rxkBps=126 blkkBps=0 pongs=3144(+532/s) cancels=0(+0/s) notify=1 disc=0(0x00) | echo rx=0 tx=0 pend=0 stale=0
  10.744  P t=8s rxkBps=127 blkkBps=0 pongs=3677(+533/s) cancels=0(+0/s) notify=1 disc=0(0x00) | echo rx=0 tx=0 pend=0 stale=0
  10.744  P t=9s rxkBps=126 blkkBps=0 pongs=4207(+530/s) cancels=0(+0/s) notify=1 disc=0(0x00) | echo rx=0 tx=0 pend=0 stale=0
  12.767  P t=10s rxkBps=126 blkkBps=0 pongs=4739(+532/s) cancels=0(+0/s) notify=1 disc=0(0x00) | echo rx=0 tx=0 pend=0 stale=0
  12.767  P t=11s rxkBps=127 blkkBps=0 pongs=5272(+533/s) cancels=0(+0/s) notify=1 disc=0(0x00) | echo rx=0 tx=0 pend=0 stale=0
  14.748  P t=12s rxkBps=126 blkkBps=0 pongs=5803(+531/s) cancels=0(+0/s) notify=1 disc=0(0x00) | echo rx=0 tx=0 pend=0 stale=0
  14.748  P t=13s rxkBps=127 blkkBps=0 pongs=6337(+534/s) cancels=0(+0/s) notify=1 disc=0(0x00) | echo rx=0 tx=0 pend=0 stale=0
  16.733  P t=14s rxkBps=154 blkkBps=0 pongs=6984(+647/s) cancels=0(+0/s) notify=1 disc=0(0x00) | echo rx=0 tx=0 pend=0 stale=0
  16.733  P t=15s rxkBps=158 blkkBps=0 pongs=7651(+667/s) cancels=0(+0/s) notify=1 disc=0(0x00) | echo rx=0 tx=0 pend=0 stale=0
  18.711  P t=16s rxkBps=158 blkkBps=0 pongs=8318(+667/s) cancels=0(+0/s) notify=1 disc=0(0x00) | echo rx=0 tx=0 pend=0 stale=0
  18.764  P t=17s rxkBps=158 blkkBps=0 pongs=8984(+666/s) cancels=0(+0/s) notify=1 disc=0(0x00) | echo rx=0 tx=0 pend=0 stale=0
  20.711  P t=18s rxkBps=158 blkkBps=0 pongs=9651(+667/s) cancels=0(+0/s) notify=1 disc=0(0x00) | echo rx=0 tx=0 pend=0 stale=0
  20.771  P t=19s rxkBps=158 blkkBps=0 pongs=10318(+667/s) cancels=0(+0/s) notify=1 disc=0(0x00) | echo rx=0 tx=0 pend=0 stale=0
  22.751  P t=20s rxkBps=158 blkkBps=0 pongs=10984(+666/s) cancels=0(+0/s) notify=1 disc=0(0x00) | echo rx=0 tx=0 pend=0 stale=0
  22.751  P t=21s rxkBps=158 blkkBps=0 pongs=11651(+667/s) cancels=0(+0/s) notify=1 disc=0(0x00) | echo rx=0 tx=0 pend=0 stale=0
  24.714  P t=22s rxkBps=158 blkkBps=0 pongs=12318(+667/s) cancels=0(+0/s) notify=1 disc=0(0x00) | echo rx=0 tx=0 pend=0 stale=0
  24.773  P t=23s rxkBps=158 blkkBps=0 pongs=12984(+666/s) cancels=0(+0/s) notify=1 disc=0(0x00) | echo rx=0 tx=0 pend=0 stale=0
  26.734  P t=24s rxkBps=158 blkkBps=0 pongs=13651(+667/s) cancels=0(+0/s) notify=1 disc=0(0x00) | echo rx=0 tx=0 pend=0 stale=0
  26.735  P t=25s rxkBps=159 blkkBps=0 pongs=14319(+668/s) cancels=0(+0/s) notify=1 disc=0(0x00) | echo rx=0 tx=0 pend=0 stale=0
  28.749  P t=26s rxkBps=158 blkkBps=0 pongs=14985(+666/s) cancels=0(+0/s) notify=1 disc=0(0x00) | echo rx=0 tx=0 pend=0 stale=0
  28.749  P t=27s rxkBps=158 blkkBps=0 pongs=15652(+667/s) cancels=0(+0/s) notify=1 disc=0(0x00) | echo rx=0 tx=0 pend=0 stale=0
  30.754  P t=28s rxkBps=158 blkkBps=0 pongs=16319(+667/s) cancels=0(+0/s) notify=1 disc=0(0x00) | echo rx=0 tx=0 pend=0 stale=0
  30.754  P t=29s rxkBps=158 blkkBps=0 pongs=16985(+666/s) cancels=0(+0/s) notify=1 disc=0(0x00) | echo rx=0 tx=0 pend=0 stale=0
