   0.933  MTU err=0 mtu=247
   0.933  PHY tx=2 rx=2
   0.933  t=1s RTT mean=0 min=0 max=0 n=0 to=0 | cancels=0(+0/s) seqbad=0 len_bad=0 disc=0(0x00) | tot_n=0 tot_to=0 maxever=0 >2ms=0 >5ms=0 >15ms=0 >20ms=0 >30ms=0 | probes=0 wrfail=0 down=1s maxout=1s
   0.933  discovery start (post-PHY +500ms) interval=50000 phy2m=1
   1.224  SUBSCRIBED, vh=14
   1.224  BLAST: phy_update->2M rc=0
   1.224  BLASTC comp=1 exkBps=0 cgap_us[min/avg/max]=4294967295/0/0
   1.224  BLAST phy=2/2 att=1 ok=1 enomem=0 err=0 call_us[min/avg/max]=125/125/125 okgap_max_us=0
   1.224  BLAST first16_call_us: 125 124 120 120 120 120 120 120 120 120 120 120 120 120 120 120
   1.923  *** Booting Zephyr OS build v4.4.2-16-gfee9fbc62095 ***
   1.923  [01:11:25.947,707] [0m<inf> bt_hci_core: HW Platform: Nordic Semiconductor (0x0002)[0m
   1.923  [01:11:25.947,720] [0m<inf> bt_hci_core: HW Variant: nRF54Lx (0x0005)[0m
   1.923  [01:11:25.947,732] [0m<inf> bt_hci_core: Firmware: Standard Bluetooth controller (0x00) Version 4.4 Build 2[0m
   1.981  [01:11:25.948,098] [0m<inf> bt_hci_core: HCI transport: Controller[0m
   1.981  [01:11:25.948,146] [0m<inf> bt_hci_core: Identity: FC:BE:FF:FA:E6:8B (random)[0m
   1.981  [01:11:25.948,162] [0m<inf> bt_hci_core: HCI: version 5.4 (0x0d) revision 0x0000, manufacturer 0x05f1[0m
   1.981  [01:11:25.948,177] [0m<inf> bt_hci_core: LMP: version 5.4 (0x0d) subver 0xffff[0m
   1.981  
   1.981  === nRF54L15 RTT ping-pong CENTRAL ===
   1.981  scan rc=0
   1.981  Q2CONN AA=bb7d4084 CRCINIT=fb130c hop=12 chan_count=37 map=ffffffff1f
   1.981  GAP connected interval=50000
   3.027  MTU err=0 mtu=247
   3.027  PHY tx=2 rx=2
   3.027  t=1s RTT mean=0 min=0 max=0 n=0 to=0 | cancels=0(+0/s) seqbad=0 len_bad=0 disc=0(0x00) | tot_n=0 tot_to=0 maxever=0 >2ms=0 >5ms=0 >15ms=0 >20ms=0 >30ms=0 | probes=0 wrfail=0 down=1s maxout=1s
   3.027  discovery start (post-PHY +500ms) interval=50000 phy2m=1
   3.325  SUBSCRIBED, vh=14
   3.325  BLAST: phy_update->2M rc=0
   3.325  BLASTC comp=1 exkBps=0 cgap_us[min/avg/max]=4294967295/0/0
   3.325  BLAST phy=2/2 att=1 ok=1 enomem=0 err=0 call_us[min/avg/max]=126/126/126 okgap_max_us=0
   3.325  BLAST first16_call_us: 126 123 120 120 120 120 120 120 120 120 120 120 121 121 120 120
   4.426  PHY tx=2 rx=2
   4.427  BLASTC comp=328 exkBps=0 cgap_us[min/avg/max]=130/1820/154644
   4.427  BLAST phy=2/2 att=348 ok=348 enomem=0 err=0 call_us[min/avg/max]=52/1704/153464 okgap_max_us=153475
   4.486  t=2s RTT mean=0 min=0 max=0 n=0 to=0 | cancels=0(+0/s) seqbad=0 len_bad=0 disc=0(0x00) | tot_n=0 tot_to=0 maxever=0 >2ms=0 >5ms=0 >15ms=0 >20ms=0 >30ms=0 | probes=0 wrfail=0 down=1s maxout=1s
   5.931  BLASTC comp=691 exkBps=0 cgap_us[min/avg/max]=1390/1447/15184
   5.931  BLAST phy=2/2 att=691 ok=691 enomem=0 err=0 call_us[min/avg/max]=1331/1435/15173 okgap_max_us=15184
   5.932  t=3s RTT mean=0 min=0 max=0 n=0 to=0 | cancels=0(+0/s) seqbad=0 len_bad=0 disc=0(0x00) | tot_n=0 tot_to=0 maxever=0 >2ms=0 >5ms=0 >15ms=0 >20ms=0 >30ms=0 | probes=0 wrfail=0 down=1s maxout=1s
   5.932  BLASTC comp=663 exkBps=0 cgap_us[min/avg/max]=1390/1508/34678
   5.990  BLAST phy=2/2 att=663 ok=663 enomem=0 err=0 call_us[min/avg/max]=1325/1496/34667 okgap_max_us=34678
   5.990  t=4s RTT mean=0 min=0 max=0 n=0 to=0 | cancels=0(+0/s) seqbad=0 len_bad=0 disc=0(0x00) | tot_n=0 tot_to=0 maxever=0 >2ms=0 >5ms=0 >15ms=0 >20ms=0 >30ms=0 | probes=0 wrfail=0 down=1s maxout=1s
   7.295  FSU: request [150..150] us (ACL both dirs, 1M+2M) rc=0
   7.295  BLASTC comp=673 exkBps=0 cgap_us[min/avg/max]=1389/1485/40258
   7.295  BLAST phy=2/2 att=673 ok=673 enomem=0 err=0 call_us[min/avg/max]=1307/1474/40247 okgap_max_us=40258
   7.295  t=5s RTT mean=0 min=0 max=0 n=0 to=0 | cancels=0(+0/s) seqbad=0 len_bad=0 disc=0(0x00) | tot_n=0 tot_to=0 maxever=0 >2ms=0 >5ms=0 >15ms=0 >20ms=0 >30ms=0 | probes=0 wrfail=0 down=1s maxout=1s
   8.918  BLASTC comp=700 exkBps=0 cgap_us[min/avg/max]=1390/1428/2645
   8.918  BLAST phy=2/2 att=700 ok=700 enomem=0 err=0 call_us[min/avg/max]=1331/1417/2634 okgap_max_us=2646
   8.978  t=6s RTT mean=0 min=0 max=0 n=0 to=0 | cancels=0(+0/s) seqbad=0 len_bad=0 disc=0(0x00) | tot_n=0 tot_to=0 maxever=0 >2ms=0 >5ms=0 >15ms=0 >20ms=0 >30ms=0 | probes=0 wrfail=0 down=1s maxout=1s
   8.978  BLASTC comp=684 exkBps=0 cgap_us[min/avg/max]=1390/1461/24927
   8.978  BLAST phy=2/2 att=684 ok=684 enomem=0 err=0 call_us[min/avg/max]=1325/1450/24916 okgap_max_us=24928
   8.978  t=7s RTT mean=0 min=0 max=0 n=0 to=0 | cancels=0(+0/s) seqbad=0 len_bad=0 disc=0(0x00) | tot_n=0 tot_to=0 maxever=0 >2ms=0 >5ms=0 >15ms=0 >20ms=0 >30ms=0 | probes=0 wrfail=0 down=1s maxout=1s
  10.939  BLASTC comp=665 exkBps=0 cgap_us[min/avg/max]=1388/1503/52637
  10.939  BLAST phy=2/2 att=665 ok=665 enomem=0 err=0 call_us[min/avg/max]=1311/1492/52626 okgap_max_us=52638
  10.939  t=8s RTT mean=0 min=0 max=0 n=0 to=0 | cancels=0(+0/s) seqbad=0 len_bad=0 disc=0(0x00) | tot_n=0 tot_to=0 maxever=0 >2ms=0 >5ms=0 >15ms=0 >20ms=0 >30ms=0 | probes=0 wrfail=0 down=1s maxout=1s
  10.939  BLASTC comp=700 exkBps=0 cgap_us[min/avg/max]=1385/1428/2647
  11.000  BLAST phy=2/2 att=700 ok=700 enomem=0 err=0 call_us[min/avg/max]=1300/1417/2636 okgap_max_us=2648
  11.000  t=9s RTT mean=0 min=0 max=0 n=0 to=0 | cancels=0(+0/s) seqbad=0 len_bad=0 disc=0(0x00) | tot_n=0 tot_to=0 maxever=0 >2ms=0 >5ms=0 >15ms=0 >20ms=0 >30ms=0 | probes=0 wrfail=0 down=1s maxout=1s
  12.924  BLASTC comp=700 exkBps=0 cgap_us[min/avg/max]=1385/1428/2646
  12.924  BLAST phy=2/2 att=700 ok=700 enomem=0 err=0 call_us[min/avg/max]=1299/1417/2635 okgap_max_us=2646
  12.924  t=10s RTT mean=0 min=0 max=0 n=0 to=0 | cancels=0(+0/s) seqbad=0 len_bad=0 disc=0(0x00) | tot_n=0 tot_to=0 maxever=0 >2ms=0 >5ms=0 >15ms=0 >20ms=0 >30ms=0 | probes=0 wrfail=0 down=1s maxout=1s
  12.977  BLASTC comp=683 exkBps=0 cgap_us[min/avg/max]=1391/1464/20748
  12.977  BLAST phy=2/2 att=683 ok=683 enomem=0 err=0 call_us[min/avg/max]=1317/1452/20737 okgap_max_us=20748
  12.977  t=11s RTT mean=0 min=0 max=0 n=0 to=0 | cancels=0(+0/s) seqbad=0 len_bad=0 disc=0(0x00) | tot_n=0 tot_to=0 maxever=0 >2ms=0 >5ms=0 >15ms=0 >20ms=0 >30ms=0 | probes=0 wrfail=0 down=1s maxout=1s
  14.896  BLASTC comp=687 exkBps=0 cgap_us[min/avg/max]=1385/1455/20748
  14.957  BLAST phy=2/2 att=687 ok=687 enomem=0 err=0 call_us[min/avg/max]=1299/1444/20738 okgap_max_us=20749
  14.957  t=12s RTT mean=0 min=0 max=0 n=0 to=0 | cancels=0(+0/s) seqbad=0 len_bad=0 disc=0(0x00) | tot_n=0 tot_to=0 maxever=0 >2ms=0 >5ms=0 >15ms=0 >20ms=0 >30ms=0 | probes=0 wrfail=0 down=1s maxout=1s
  14.957  BLASTC comp=700 exkBps=0 cgap_us[min/avg/max]=1391/1428/2649
  14.957  BLAST phy=2/2 att=700 ok=700 enomem=0 err=0 call_us[min/avg/max]=1318/1417/2638 okgap_max_us=2649
  15.014  t=13s RTT mean=0 min=0 max=0 n=0 to=0 | cancels=0(+0/s) seqbad=0 len_bad=0 disc=0(0x00) | tot_n=0 tot_to=0 maxever=0 >2ms=0 >5ms=0 >15ms=0 >20ms=0 >30ms=0 | probes=0 wrfail=0 down=1s maxout=1s
  16.916  t=14s RTT mean=0 min=0 max=0 n=0 to=0 | cancels=0(+0/s) seqbad=0 len_bad=0 disc=0(0x00) | tot_n=0 tot_to=0 maxever=0 >2ms=0 >5ms=0 >15ms=0 >20ms=0 >30ms=0 | probes=0 wrfail=0 down=1s maxout=1s
  16.916  BLASTC comp=689 exkBps=0 cgap_us[min/avg/max]=1385/1467/27713
  16.974  BLAST phy=2/2 att=689 ok=689 enomem=0 err=0 call_us[min/avg/max]=1298/1455/27709 okgap_max_us=2647
  16.974  BLASTC comp=693 exkBps=0 cgap_us[min/avg/max]=1392/1427/2649
  16.974  BLAST phy=2/2 att=693 ok=693 enomem=0 err=0 call_us[min/avg/max]=1321/1415/2638 okgap_max_us=27780
  16.974  t=15s RTT mean=0 min=0 max=0 n=0 to=0 | cancels=0(+0/s) seqbad=0 len_bad=0 disc=0(0x00) | tot_n=0 tot_to=0 maxever=0 >2ms=0 >5ms=0 >15ms=0 >20ms=0 >30ms=0 | probes=0 wrfail=0 down=1s maxout=1s
  18.924  BLASTC comp=700 exkBps=0 cgap_us[min/avg/max]=1388/1428/2647
  18.924  BLAST phy=2/2 att=700 ok=700 enomem=0 err=0 call_us[min/avg/max]=1324/1417/2636 okgap_max_us=2648
  18.925  t=16s RTT mean=0 min=0 max=0 n=0 to=0 | cancels=0(+0/s) seqbad=0 len_bad=0 disc=0(0x00) | tot_n=0 tot_to=0 maxever=0 >2ms=0 >5ms=0 >15ms=0 >20ms=0 >30ms=0 | probes=0 wrfail=0 down=1s maxout=1s
  18.983  BLASTC comp=682 exkBps=0 cgap_us[min/avg/max]=1383/1466/27713
  18.983  BLAST phy=2/2 att=682 ok=682 enomem=0 err=0 call_us[min/avg/max]=1317/1454/27703 okgap_max_us=27714
  18.983  t=17s RTT mean=0 min=0 max=0 n=0 to=0 | cancels=0(+0/s) seqbad=0 len_bad=0 disc=0(0x00) | tot_n=0 tot_to=0 maxever=0 >2ms=0 >5ms=0 >15ms=0 >20ms=0 >30ms=0 | probes=0 wrfail=0 down=1s maxout=1s
  20.950  BLASTC comp=700 exkBps=0 cgap_us[min/avg/max]=1385/1428/2648
  20.950  BLAST phy=2/2 att=700 ok=700 enomem=0 err=0 call_us[min/avg/max]=1298/1417/2637 okgap_max_us=2649
  20.950  t=18s RTT mean=0 min=0 max=0 n=0 to=0 | cancels=0(+0/s) seqbad=0 len_bad=0 disc=0(0x00) | tot_n=0 tot_to=0 maxever=0 >2ms=0 >5ms=0 >15ms=0 >20ms=0 >30ms=0 | probes=0 wrfail=0 down=1s maxout=1s
  20.950  BLASTC comp=700 exkBps=0 cgap_us[min/avg/max]=1391/1428/2649
  20.950  BLAST phy=2/2 att=700 ok=700 enomem=0 err=0 call_us[min/avg/max]=1317/1417/2638 okgap_max_us=2649
  21.009  t=19s RTT mean=0 min=0 max=0 n=0 to=0 | cancels=0(+0/s) seqbad=0 len_bad=0 disc=0(0x00) | tot_n=0 tot_to=0 maxever=0 >2ms=0 >5ms=0 >15ms=0 >20ms=0 >30ms=0 | probes=0 wrfail=0 down=1s maxout=1s
  22.923  BLASTC comp=700 exkBps=0 cgap_us[min/avg/max]=1385/1428/2648
  22.923  BLAST phy=2/2 att=700 ok=700 enomem=0 err=0 call_us[min/avg/max]=1299/1417/2637 okgap_max_us=2648
  22.983  t=20s RTT mean=0 min=0 max=0 n=0 to=0 | cancels=0(+0/s) seqbad=0 len_bad=0 disc=0(0x00) | tot_n=0 tot_to=0 maxever=0 >2ms=0 >5ms=0 >15ms=0 >20ms=0 >30ms=0 | probes=0 wrfail=0 down=1s maxout=1s
  22.983  BLASTC comp=700 exkBps=0 cgap_us[min/avg/max]=1391/1428/2648
  22.983  BLAST phy=2/2 att=700 ok=700 enomem=0 err=0 call_us[min/avg/max]=1317/1417/2637 okgap_max_us=2648
  22.983  t=21s RTT mean=0 min=0 max=0 n=0 to=0 | cancels=0(+0/s) seqbad=0 len_bad=0 disc=0(0x00) | tot_n=0 tot_to=0 maxever=0 >2ms=0 >5ms=0 >15ms=0 >20ms=0 >30ms=0 | probes=0 wrfail=0 down=1s maxout=1s
  24.928  BLASTC comp=700 exkBps=0 cgap_us[min/avg/max]=1385/1428/2648
  24.928  BLAST phy=2/2 att=700 ok=700 enomem=0 err=0 call_us[min/avg/max]=1299/1417/2637 okgap_max_us=2648
  24.928  t=22s RTT mean=0 min=0 max=0 n=0 to=0 | cancels=0(+0/s) seqbad=0 len_bad=0 disc=0(0x00) | tot_n=0 tot_to=0 maxever=0 >2ms=0 >5ms=0 >15ms=0 >20ms=0 >30ms=0 | probes=0 wrfail=0 down=1s maxout=1s
  24.988  BLASTC comp=644 exkBps=0 cgap_us[min/avg/max]=1391/1552/52637
  24.989  BLAST phy=2/2 att=644 ok=644 enomem=0 err=0 call_us[min/avg/max]=1317/1541/52626 okgap_max_us=52637
  24.989  t=23s RTT mean=0 min=0 max=0 n=0 to=0 | cancels=0(+0/s) seqbad=0 len_bad=0 disc=0(0x00) | tot_n=0 tot_to=0 maxever=0 >2ms=0 >5ms=0 >15ms=0 >20ms=0 >30ms=0 | probes=0 wrfail=0 down=1s maxout=1s
  26.919  t=24s RTT mean=0 min=0 max=0 n=0 to=0 | cancels=0(+0/s) seqbad=0 len_bad=0 disc=0(0x00) | tot_n=0 tot_to=0 maxever=0 >2ms=0 >5ms=0 >15ms=0 >20ms=0 >30ms=0 | probes=0 wrfail=0 down=1s maxout=1s
  26.919  BLASTC comp=691 exkBps=0 cgap_us[min/avg/max]=1385/1463/24927
  26.978  BLAST phy=2/2 att=691 ok=691 enomem=0 err=0 call_us[min/avg/max]=1299/1451/24924 okgap_max_us=2649
  26.978  BLASTC comp=692 exkBps=0 cgap_us[min/avg/max]=1391/1429/2780
  26.978  BLAST phy=2/2 att=692 ok=692 enomem=0 err=0 call_us[min/avg/max]=1321/1417/2769 okgap_max_us=24995
  26.978  t=25s RTT mean=0 min=0 max=0 n=0 to=0 | cancels=0(+0/s) seqbad=0 len_bad=0 disc=0(0x00) | tot_n=0 tot_to=0 maxever=0 >2ms=0 >5ms=0 >15ms=0 >20ms=0 >30ms=0 | probes=0 wrfail=0 down=1s maxout=1s
  28.895  BLASTC comp=700 exkBps=0 cgap_us[min/avg/max]=1387/1428/2647
  28.955  BLAST phy=2/2 att=700 ok=700 enomem=0 err=0 call_us[min/avg/max]=1323/1417/2636 okgap_max_us=2648
  28.955  t=26s RTT mean=0 min=0 max=0 n=0 to=0 | cancels=0(+0/s) seqbad=0 len_bad=0 disc=0(0x00) | tot_n=0 tot_to=0 maxever=0 >2ms=0 >5ms=0 >15ms=0 >20ms=0 >30ms=0 | probes=0 wrfail=0 down=1s maxout=1s
  28.955  BLASTC comp=679 exkBps=0 cgap_us[min/avg/max]=1390/1472/31892
  28.955  BLAST phy=2/2 att=679 ok=679 enomem=0 err=0 call_us[min/avg/max]=1317/1461/31881 okgap_max_us=31893
  29.015  t=27s RTT mean=0 min=0 max=0 n=0 to=0 | cancels=0(+0/s) seqbad=0 len_bad=0 disc=0(0x00) | tot_n=0 tot_to=0 maxever=0 >2ms=0 >5ms=0 >15ms=0 >20ms=0 >30ms=0 | probes=0 wrfail=0 down=1s maxout=1s
  30.945  BLASTC comp=699 exkBps=0 cgap_us[min/avg/max]=1385/1430/2782
  30.945  BLAST phy=2/2 att=699 ok=699 enomem=0 err=0 call_us[min/avg/max]=1299/1419/2769 okgap_max_us=2780
  30.945  t=28s RTT mean=0 min=0 max=0 n=0 to=0 | cancels=0(+0/s) seqbad=0 len_bad=0 disc=0(0x00) | tot_n=0 tot_to=0 maxever=0 >2ms=0 >5ms=0 >15ms=0 >20ms=0 >30ms=0 | probes=0 wrfail=0 down=1s maxout=1s
  30.945  BLASTC comp=687 exkBps=0 cgap_us[min/avg/max]=1391/1455/20756
  30.945  BLAST phy=2/2 att=687 ok=687 enomem=0 err=0 call_us[min/avg/max]=1317/1444/20745 okgap_max_us=20756
  31.006  t=29s RTT mean=0 min=0 max=0 n=0 to=0 | cancels=0(+0/s) seqbad=0 len_bad=0 disc=0(0x00) | tot_n=0 tot_to=0 maxever=0 >2ms=0 >5ms=0 >15ms=0 >20ms=0 >30ms=0 | probes=0 wrfail=0 down=1s maxout=1s
