   0.528  P t=32s rxkBps=0 blkkBps=0 pongs=23033(+0/s) cancels=0(+0/s) notify=1 disc=0(0x00) | echo rx=0 tx=0 pend=0 stale=0
   0.528  P t=33s rxkBps=0 blkkBps=0 pongs=23033(+0/s) cancels=0(+0/s) notify=1 disc=0(0x00) | echo rx=0 tx=0 pend=0 stale=0
   1.721  *** Booting Zephyr OS build v4.4.2-16-gfee9fbc62095 ***
   1.721  [00:22:47.764,125] [0m<inf> bt_hci_core: HW Platform: Nordic Semiconductor (0x0002)[0m
   1.721  [00:22:47.764,138] [0m<inf> bt_hci_core: HW Variant: nRF54Lx (0x0005)[0m
   1.721  [00:22:47.764,149] [0m<inf> bt_hci_core: Firmware: Standard Bluetooth controller (0x00) Version 4.4 Build 2[0m
   1.721  [00:22:47.764,495] [0m<inf> bt_hci_core: HCI transport: Controller[0m
   1.721  [00:22:47.764,540] [0m<inf> bt_hci_core: Identity: D6:C7:60:B1:D3:0E (random)[0m
   1.776  [00:22:47.764,557] [0m<inf> bt_hci_core: HCI: version 5.4 (0x0d) revision 0x0000, manufacturer 0x05f1[0m
   1.776  [00:22:47.764,571] [0m<inf> bt_hci_core: LMP: version 5.4 (0x0d) subver 0xffff[0m
   1.776  
   1.776  === nRF54L15 RTT ping-pong PERIPHERAL (echo) ===
   1.776  advertising
   1.776  GAP connected interval=15000
   2.890  PHY tx=2 rx=2
   2.890  P t=1s rxkBps=0 blkkBps=0 pongs=0(+0/s) cancels=0(+0/s) notify=0 disc=0(0x00) | echo rx=0 tx=0 pend=0 stale=0
   4.682  P t=2s rxkBps=0 blkkBps=0 pongs=0(+0/s) cancels=0(+0/s) notify=0 disc=0(0x00) | echo rx=0 tx=0 pend=0 stale=0
   4.740  P t=3s rxkBps=0 blkkBps=0 pongs=0(+0/s) cancels=0(+0/s) notify=0 disc=0(0x00) | echo rx=0 tx=0 pend=0 stale=0
   6.715  P t=4s rxkBps=0 blkkBps=0 pongs=0(+0/s) cancels=0(+0/s) notify=0 disc=0(0x00) | echo rx=0 tx=0 pend=0 stale=0
   6.715  GAP disconnected 0x08  lifetime=-1ms pongs_in_conn=0
   6.716  advertising
   6.716  GAP connected interval=15000
   6.716  PHY tx=2 rx=2
   6.716  CCC: notify ENABLED
   6.716  P t=5s rxkBps=3 blkkBps=0 pongs=14(+14/s) cancels=0(+0/s) notify=1 disc=1(0x08) | echo rx=0 tx=0 pend=0 stale=0
   8.695  P t=6s rxkBps=157 blkkBps=0 pongs=674(+660/s) cancels=0(+0/s) notify=1 disc=1(0x08) | echo rx=0 tx=0 pend=0 stale=0
   8.695  P t=7s rxkBps=158 blkkBps=0 pongs=1341(+667/s) cancels=0(+0/s) notify=1 disc=1(0x08) | echo rx=0 tx=0 pend=0 stale=0
  10.685  P t=8s rxkBps=158 blkkBps=0 pongs=2008(+667/s) cancels=0(+0/s) notify=1 disc=1(0x08) | echo rx=0 tx=0 pend=0 stale=0
  10.746  P t=9s rxkBps=158 blkkBps=0 pongs=2674(+666/s) cancels=0(+0/s) notify=1 disc=1(0x08) | echo rx=0 tx=0 pend=0 stale=0
  12.707  P t=10s rxkBps=159 blkkBps=0 pongs=3342(+668/s) cancels=0(+0/s) notify=1 disc=1(0x08) | echo rx=0 tx=0 pend=0 stale=0
  12.707  P t=11s rxkBps=158 blkkBps=0 pongs=4008(+666/s) cancels=0(+0/s) notify=1 disc=1(0x08) | echo rx=0 tx=0 pend=0 stale=0
  14.685  P t=12s rxkBps=158 blkkBps=0 pongs=4675(+667/s) cancels=0(+0/s) notify=1 disc=1(0x08) | echo rx=0 tx=0 pend=0 stale=0
  14.744  P t=13s rxkBps=157 blkkBps=0 pongs=5338(+663/s) cancels=0(+0/s) notify=1 disc=1(0x08) | echo rx=0 tx=0 pend=0 stale=0
  16.722  P t=14s rxkBps=157 blkkBps=0 pongs=5997(+659/s) cancels=0(+0/s) notify=1 disc=1(0x08) | echo rx=0 tx=0 pend=0 stale=0
  16.722  P t=15s rxkBps=158 blkkBps=0 pongs=6664(+667/s) cancels=0(+0/s) notify=1 disc=1(0x08) | echo rx=0 tx=0 pend=0 stale=0
  18.715  P t=16s rxkBps=158 blkkBps=0 pongs=7331(+667/s) cancels=0(+0/s) notify=1 disc=1(0x08) | echo rx=0 tx=0 pend=0 stale=0
  18.715  P t=17s rxkBps=158 blkkBps=0 pongs=7998(+667/s) cancels=0(+0/s) notify=1 disc=1(0x08) | echo rx=0 tx=0 pend=0 stale=0
  20.724  P t=18s rxkBps=157 blkkBps=0 pongs=8657(+659/s) cancels=0(+0/s) notify=1 disc=1(0x08) | echo rx=0 tx=0 pend=0 stale=0
  20.724  P t=19s rxkBps=158 blkkBps=0 pongs=9324(+667/s) cancels=0(+0/s) notify=1 disc=1(0x08) | echo rx=0 tx=0 pend=0 stale=0
  22.732  P t=20s rxkBps=158 blkkBps=0 pongs=9989(+665/s) cancels=0(+0/s) notify=1 disc=1(0x08) | echo rx=0 tx=0 pend=0 stale=0
  22.732  P t=21s rxkBps=157 blkkBps=0 pongs=10648(+659/s) cancels=0(+0/s) notify=1 disc=1(0x08) | echo rx=0 tx=0 pend=0 stale=0
  24.713  P t=22s rxkBps=159 blkkBps=0 pongs=11316(+668/s) cancels=0(+0/s) notify=1 disc=1(0x08) | echo rx=0 tx=0 pend=0 stale=0
  24.713  P t=23s rxkBps=158 blkkBps=0 pongs=11982(+666/s) cancels=0(+0/s) notify=1 disc=1(0x08) | echo rx=0 tx=0 pend=0 stale=0
  26.729  P t=24s rxkBps=158 blkkBps=0 pongs=12649(+667/s) cancels=0(+0/s) notify=1 disc=1(0x08) | echo rx=0 tx=0 pend=0 stale=0
  26.729  P t=25s rxkBps=158 blkkBps=0 pongs=13316(+667/s) cancels=0(+0/s) notify=1 disc=1(0x08) | echo rx=0 tx=0 pend=0 stale=0
  28.730  P t=26s rxkBps=158 blkkBps=0 pongs=13980(+664/s) cancels=0(+0/s) notify=1 disc=1(0x08) | echo rx=0 tx=0 pend=0 stale=0
  28.730  P t=27s rxkBps=155 blkkBps=0 pongs=14632(+652/s) cancels=0(+0/s) notify=1 disc=1(0x08) | echo rx=0 tx=0 pend=0 stale=0
  30.716  P t=28s rxkBps=156 blkkBps=0 pongs=15290(+658/s) cancels=0(+0/s) notify=1 disc=1(0x08) | echo rx=0 tx=0 pend=0 stale=0
  30.716  P t=29s rxkBps=158 blkkBps=0 pongs=15955(+665/s) cancels=0(+0/s) notify=1 disc=1(0x08) | echo rx=0 tx=0 pend=0 stale=0
