   1.904  t=1s RTT mean=0 min=0 max=0 n=0 to=0 | cancels=0(+0/s) seqbad=0 len_bad=0 disc=0(0x00) | tot_n=0 tot_to=0 maxever=0 >2ms=0 >5ms=0 >15ms=0 >20ms=0 >30ms=0 | probes=0 wrfail=0 down=1s maxout=1s
   1.905  GAP connected interval=25000
   1.905  MTU err=0 mtu=247
   1.905  t=2s RTT mean=0 min=0 max=0 n=0 to=0 | cancels=0(+0/s) seqbad=0 len_bad=0 disc=0(0x00) | tot_n=0 tot_to=0 maxever=0 >2ms=0 >5ms=0 >15ms=0 >20ms=0 >30ms=0 | probes=0 wrfail=0 down=2s maxout=2s
   2.025  *** Booting nRF Connect SDK v3.4.0-99553055607b ***
   2.082  *** Using Zephyr OS v4.4.0-bf801e4e3d19 ***
   2.082  [00:16:55.642,644] [0m<inf> bt_sdc_hci_driver: SoftDevice Controller build revision:
   2.082                                              c8 da 30 98 f9 f0 34 a4  4b 6e ba d3 08 19 cc 0c |..0...4. Kn......
   2.082                                              ea 51 da 47                                      |.Q.G             [0m
   2.082  [00:16:55.643,846] [0m<inf> bt_hci_core: HW Platform: Nordic Semiconductor (0x0002)[0m
   2.082  [00:16:55.643,858] [0m<inf> bt_hci_core: HW Variant: nRF54Lx (0x0005)[0m
   2.082  [00:16:55.643,870] [0m<inf> bt_hci_core: Firmware: Standard Bluetooth controller (0x00) Version 200.12506 Build 888207768[0m
   2.132  [00:16:55.644,275] [0m<inf> bt_hci_core: HCI transport: SDC[0m
   2.133  [00:16:55.644,323] [0m<inf> bt_hci_core: Identity: FC:BE:FF:FA:E6:8B (random)[0m
   2.133  [00:16:55.644,339] [0m<inf> bt_hci_core: HCI: version 6.3 (0x11) revision 0x3039, manufacturer 0x0059[0m
   2.133  [00:16:55.644,354] [0m<inf> bt_hci_core: LMP: version 6.3 (0x11) subver 0x3039[0m
   2.133  
   2.133  === nRF54L15 RTT ping-pong CENTRAL ===
   2.133  scan rc=0
   4.083  t=1s RTT mean=0 min=0 max=0 n=0 to=0 | cancels=0(+0/s) seqbad=0 len_bad=0 disc=0(0x00) | tot_n=0 tot_to=0 maxever=0 >2ms=0 >5ms=0 >15ms=0 >20ms=0 >30ms=0 | probes=0 wrfail=0 down=1s maxout=1s
   4.083  t=2s RTT mean=0 min=0 max=0 n=0 to=0 | cancels=0(+0/s) seqbad=0 len_bad=0 disc=0(0x00) | tot_n=0 tot_to=0 maxever=0 >2ms=0 >5ms=0 >15ms=0 >20ms=0 >30ms=0 | probes=0 wrfail=0 down=2s maxout=2s
   6.067  t=3s RTT mean=0 min=0 max=0 n=0 to=0 | cancels=0(+0/s) seqbad=0 len_bad=0 disc=0(0x00) | tot_n=0 tot_to=0 maxever=0 >2ms=0 >5ms=0 >15ms=0 >20ms=0 >30ms=0 | probes=0 wrfail=0 down=3s maxout=3s
   6.067  GAP connected interval=25000
   6.067  MTU err=0 mtu=247
   6.067  t=4s RTT mean=0 min=0 max=0 n=0 to=0 | cancels=0(+0/s) seqbad=0 len_bad=0 disc=0(0x00) | tot_n=0 tot_to=0 maxever=0 >2ms=0 >5ms=0 >15ms=0 >20ms=0 >30ms=0 | probes=0 wrfail=0 down=4s maxout=4s
   7.042  BLASTC comp=1 exkBps=0 cgap_us[min/avg/max]=4294967295/0/0
   7.042  [1;31m--- 4 messages dropped ---
   7.042  [0mBLAST phy=2/2 att=1 ok=1 enomem=0 err=0 call_us[min/avg/max]=121/121/121 okgap_max_us=0
   7.042  BLASTC comp=1 exkBps=0 cgap_us[min/avg/max]=186/186/186
   7.042  BLAST phy=2/2 att=1 ok=1 enomem=0 err=0 call_us[min/avg/max]=120/120/120 okgap_max_us=188
   7.042  BLASTC comp=1 exkBps=0 cgap_us[min/avg/max]=189/189/189
   7.042  [1;31m--- 3 messages dropped ---
   7.042  [0mBLAST first16_call_us: 121 120 122 122 122 116 116 117 117 116 116 117 117 116 116 117
   7.042  PHY tx=2 rx=2
   7.096  BLASTC comp=38 exkBps=0 cgap_us[min/avg/max]=125/1078/5936
   7.096  BLAST phy=2/2 att=58 ok=58 enomem=0 err=0 call_us[min/avg/max]=48/693/4838 okgap_max_us=4848
   7.096  t=5s RTT mean=0 min=0 max=0 n=0 to=0 | cancels=0(+0/s) seqbad=0 len_bad=0 disc=0(0x00) | tot_n=0 tot_to=0 maxever=0 >2ms=0 >5ms=0 >15ms=0 >20ms=0 >30ms=0 | probes=0 wrfail=0 down=4s maxout=4s
   9.073  BLASTC comp=680 exkBps=0 cgap_us[min/avg/max]=1387/1470/2699
   9.074  BLAST phy=2/2 att=680 ok=680 enomem=0 err=0 call_us[min/avg/max]=1335/1459/2689 okgap_max_us=2699
   9.074  t=6s RTT mean=0 min=0 max=0 n=0 to=0 | cancels=0(+0/s) seqbad=0 len_bad=0 disc=0(0x00) | tot_n=0 tot_to=0 maxever=0 >2ms=0 >5ms=0 >15ms=0 >20ms=0 >30ms=0 | probes=0 wrfail=0 down=4s maxout=4s
   9.074  BLASTC comp=680 exkBps=0 cgap_us[min/avg/max]=1389/1470/2698
   9.124  BLAST phy=2/2 att=680 ok=680 enomem=0 err=0 call_us[min/avg/max]=1330/1459/2687 okgap_max_us=2697
   9.124  t=7s RTT mean=0 min=0 max=0 n=0 to=0 | cancels=0(+0/s) seqbad=0 len_bad=0 disc=0(0x00) | tot_n=0 tot_to=0 maxever=0 >2ms=0 >5ms=0 >15ms=0 >20ms=0 >30ms=0 | probes=0 wrfail=0 down=4s maxout=4s
  11.037  BLASTC comp=677 exkBps=0 cgap_us[min/avg/max]=1386/1477/6894
  11.037  BLAST phy=2/2 att=677 ok=677 enomem=0 err=0 call_us[min/avg/max]=1323/1466/6884 okgap_max_us=6895
  11.095  t=8s RTT mean=0 min=0 max=0 n=0 to=0 | cancels=0(+0/s) seqbad=0 len_bad=0 disc=0(0x00) | tot_n=0 tot_to=0 maxever=0 >2ms=0 >5ms=0 >15ms=0 >20ms=0 >30ms=0 | probes=0 wrfail=0 down=4s maxout=4s
  11.095  BLASTC comp=664 exkBps=0 cgap_us[min/avg/max]=1390/1506/23609
  11.095  BLAST phy=2/2 att=664 ok=664 enomem=0 err=0 call_us[min/avg/max]=1327/1495/23599 okgap_max_us=23609
  11.095  t=9s RTT mean=0 min=0 max=0 n=0 to=0 | cancels=0(+0/s) seqbad=0 len_bad=0 disc=0(0x00) | tot_n=0 tot_to=0 maxever=0 >2ms=0 >5ms=0 >15ms=0 >20ms=0 >30ms=0 | probes=0 wrfail=0 down=4s maxout=4s
  13.057  BLASTC comp=678 exkBps=0 cgap_us[min/avg/max]=1386/1474/5500
  13.057  BLAST phy=2/2 att=678 ok=678 enomem=0 err=0 call_us[min/avg/max]=1323/1464/5490 okgap_max_us=5500
  13.116  t=10s RTT mean=0 min=0 max=0 n=0 to=0 | cancels=0(+0/s) seqbad=0 len_bad=0 disc=0(0x00) | tot_n=0 tot_to=0 maxever=0 >2ms=0 >5ms=0 >15ms=0 >20ms=0 >30ms=0 | probes=0 wrfail=0 down=4s maxout=4s
  13.117  BLASTC comp=673 exkBps=0 cgap_us[min/avg/max]=1390/1485/11072
  13.117  BLAST phy=2/2 att=673 ok=673 enomem=0 err=0 call_us[min/avg/max]=1330/1475/11061 okgap_max_us=11072
  13.117  t=11s RTT mean=0 min=0 max=0 n=0 to=0 | cancels=0(+0/s) seqbad=0 len_bad=0 disc=0(0x00) | tot_n=0 tot_to=0 maxever=0 >2ms=0 >5ms=0 >15ms=0 >20ms=0 >30ms=0 | probes=0 wrfail=0 down=4s maxout=4s
  15.057  BLASTC comp=680 exkBps=0 cgap_us[min/avg/max]=1386/1470/2698
  15.057  BLAST phy=2/2 att=680 ok=680 enomem=0 err=0 call_us[min/avg/max]=1324/1459/2688 okgap_max_us=2699
  15.117  t=12s RTT mean=0 min=0 max=0 n=0 to=0 | cancels=0(+0/s) seqbad=0 len_bad=0 disc=0(0x00) | tot_n=0 tot_to=0 maxever=0 >2ms=0 >5ms=0 >15ms=0 >20ms=0 >30ms=0 | probes=0 wrfail=0 down=4s maxout=4s
  15.117  BLASTC comp=680 exkBps=0 cgap_us[min/avg/max]=1388/1470/2700
  15.117  BLAST phy=2/2 att=680 ok=680 enomem=0 err=0 call_us[min/avg/max]=1332/1459/2690 okgap_max_us=2701
  15.117  t=13s RTT mean=0 min=0 max=0 n=0 to=0 | cancels=0(+0/s) seqbad=0 len_bad=0 disc=0(0x00) | tot_n=0 tot_to=0 maxever=0 >2ms=0 >5ms=0 >15ms=0 >20ms=0 >30ms=0 | probes=0 wrfail=0 down=4s maxout=4s
  17.079  BLASTC comp=673 exkBps=0 cgap_us[min/avg/max]=1383/1485/12466
  17.080  BLAST phy=2/2 att=673 ok=673 enomem=0 err=0 call_us[min/avg/max]=1277/1475/12455 okgap_max_us=12466
  17.080  t=14s RTT mean=0 min=0 max=0 n=0 to=0 | cancels=0(+0/s) seqbad=0 len_bad=0 disc=0(0x00) | tot_n=0 tot_to=0 maxever=0 >2ms=0 >5ms=0 >15ms=0 >20ms=0 >30ms=0 | probes=0 wrfail=0 down=4s maxout=4s
  17.080  BLASTC comp=674 exkBps=0 cgap_us[min/avg/max]=1389/1483/11072
  17.080  BLAST phy=2/2 att=674 ok=674 enomem=0 err=0 call_us[min/avg/max]=1321/1472/11061 okgap_max_us=11072
  17.140  t=15s RTT mean=0 min=0 max=0 n=0 to=0 | cancels=0(+0/s) seqbad=0 len_bad=0 disc=0(0x00) | tot_n=0 tot_to=0 maxever=0 >2ms=0 >5ms=0 >15ms=0 >20ms=0 >30ms=0 | probes=0 wrfail=0 down=4s maxout=4s
  19.030  BLASTC comp=664 exkBps=0 cgap_us[min/avg/max]=1386/1506/25001
  19.090  BLAST phy=2/2 att=664 ok=664 enomem=0 err=0 call_us[min/avg/max]=1314/1495/24990 okgap_max_us=25001
  19.090  t=16s RTT mean=0 min=0 max=0 n=0 to=0 | cancels=0(+0/s) seqbad=0 len_bad=0 disc=0(0x00) | tot_n=0 tot_to=0 maxever=0 >2ms=0 >5ms=0 >15ms=0 >20ms=0 >30ms=0 | probes=0 wrfail=0 down=4s maxout=4s
  19.090  FSU: request [150..150] us (ACL both dirs, 1M+2M) rc=0
  19.090  FSU: updated status=0x00 spacing=150 us phys=0x0 types=0x0 initiator=0
  19.090  t=17s RTT mean=0 min=0 max=0 n=0 to=0 | cancels=0(+0/s) seqbad=0 len_bad=0 disc=0(0x00) | tot_n=0 tot_to=0 maxever=0 >2ms=0 >5ms=0 >15ms=0 >20ms=0 >30ms=0 | probes=0 wrfail=0 down=4s maxout=4s
  19.090  BLASTC comp=659 exkBps=0 cgap_us[min/avg/max]=1390/1544/27817
  19.145  BLAST phy=2/2 att=659 ok=659 enomem=0 err=0 call_us[min/avg/max]=1321/1534/27798 okgap_max_us=27809
  21.042  BLASTC comp=649 exkBps=0 cgap_us[min/avg/max]=1389/1512/24971
  21.042  BLAST phy=2/2 att=649 ok=649 enomem=0 err=0 call_us[min/avg/max]=1375/1502/24903 okgap_max_us=24962
  21.095  t=18s RTT mean=0 min=0 max=0 n=0 to=0 | cancels=0(+0/s) seqbad=0 len_bad=0 disc=0(0x00) | tot_n=0 tot_to=0 maxever=0 >2ms=0 >5ms=0 >15ms=0 >20ms=0 >30ms=0 | probes=0 wrfail=0 down=4s maxout=4s
  21.096  BLASTC comp=680 exkBps=0 cgap_us[min/avg/max]=1390/1470/2698
  21.096  BLAST phy=2/2 att=680 ok=680 enomem=0 err=0 call_us[min/avg/max]=1322/1459/2688 okgap_max_us=2698
  21.096  t=19s RTT mean=0 min=0 max=0 n=0 to=0 | cancels=0(+0/s) seqbad=0 len_bad=0 disc=0(0x00) | tot_n=0 tot_to=0 maxever=0 >2ms=0 >5ms=0 >15ms=0 >20ms=0 >30ms=0 | probes=0 wrfail=0 down=4s maxout=4s
  23.061  BLASTC comp=680 exkBps=0 cgap_us[min/avg/max]=1386/1470/2699
  23.061  BLAST phy=2/2 att=680 ok=680 enomem=0 err=0 call_us[min/avg/max]=1314/1459/2688 okgap_max_us=2698
  23.062  t=20s RTT mean=0 min=0 max=0 n=0 to=0 | cancels=0(+0/s) seqbad=0 len_bad=0 disc=0(0x00) | tot_n=0 tot_to=0 maxever=0 >2ms=0 >5ms=0 >15ms=0 >20ms=0 >30ms=0 | probes=0 wrfail=0 down=4s maxout=4s
  23.120  BLASTC comp=654 exkBps=0 cgap_us[min/avg/max]=1390/1529/23610
  23.120  BLAST phy=2/2 att=654 ok=654 enomem=0 err=0 call_us[min/avg/max]=1320/1518/23599 okgap_max_us=23610
  23.120  t=21s RTT mean=0 min=0 max=0 n=0 to=0 | cancels=0(+0/s) seqbad=0 len_bad=0 disc=0(0x00) | tot_n=0 tot_to=0 maxever=0 >2ms=0 >5ms=0 >15ms=0 >20ms=0 >30ms=0 | probes=0 wrfail=0 down=4s maxout=4s
  25.054  BLASTC comp=642 exkBps=0 cgap_us[min/avg/max]=1386/1557/41648
  25.055  BLAST phy=2/2 att=642 ok=642 enomem=0 err=0 call_us[min/avg/max]=1313/1546/41638 okgap_max_us=41649
  25.115  t=22s RTT mean=0 min=0 max=0 n=0 to=0 | cancels=0(+0/s) seqbad=0 len_bad=0 disc=0(0x00) | tot_n=0 tot_to=0 maxever=0 >2ms=0 >5ms=0 >15ms=0 >20ms=0 >30ms=0 | probes=0 wrfail=0 down=4s maxout=4s
  25.115  BLASTC comp=653 exkBps=0 cgap_us[min/avg/max]=1388/1531/20823
  25.115  BLAST phy=2/2 att=653 ok=653 enomem=0 err=0 call_us[min/avg/max]=1283/1520/20813 okgap_max_us=20823
  25.115  t=23s RTT mean=0 min=0 max=0 n=0 to=0 | cancels=0(+0/s) seqbad=0 len_bad=0 disc=0(0x00) | tot_n=0 tot_to=0 maxever=0 >2ms=0 >5ms=0 >15ms=0 >20ms=0 >30ms=0 | probes=0 wrfail=0 down=4s maxout=4s
  27.070  BLASTC comp=670 exkBps=0 cgap_us[min/avg/max]=1387/1492/16643
  27.070  BLAST phy=2/2 att=670 ok=670 enomem=0 err=0 call_us[min/avg/max]=1314/1481/16632 okgap_max_us=16642
  27.070  t=24s RTT mean=0 min=0 max=0 n=0 to=0 | cancels=0(+0/s) seqbad=0 len_bad=0 disc=0(0x00) | tot_n=0 tot_to=0 maxever=0 >2ms=0 >5ms=0 >15ms=0 >20ms=0 >30ms=0 | probes=0 wrfail=0 down=4s maxout=4s
  27.070  BLASTC comp=678 exkBps=0 cgap_us[min/avg/max]=1390/1474/5500
  27.123  BLAST phy=2/2 att=678 ok=678 enomem=0 err=0 call_us[min/avg/max]=1321/1464/5490 okgap_max_us=5501
  27.123  t=25s RTT mean=0 min=0 max=0 n=0 to=0 | cancels=0(+0/s) seqbad=0 len_bad=0 disc=0(0x00) | tot_n=0 tot_to=0 maxever=0 >2ms=0 >5ms=0 >15ms=0 >20ms=0 >30ms=0 | probes=0 wrfail=0 down=4s maxout=4s
  29.053  BLASTC comp=669 exkBps=0 cgap_us[min/avg/max]=1387/1494/13860
  29.053  BLAST phy=2/2 att=669 ok=669 enomem=0 err=0 call_us[min/avg/max]=1314/1483/13849 okgap_max_us=13860
  29.108  t=26s RTT mean=0 min=0 max=0 n=0 to=0 | cancels=0(+0/s) seqbad=0 len_bad=0 disc=0(0x00) | tot_n=0 tot_to=0 maxever=0 >2ms=0 >5ms=0 >15ms=0 >20ms=0 >30ms=0 | probes=0 wrfail=0 down=4s maxout=4s
  29.108  BLASTC comp=674 exkBps=0 cgap_us[min/avg/max]=1390/1483/11072
  29.108  BLAST phy=2/2 att=674 ok=674 enomem=0 err=0 call_us[min/avg/max]=1321/1472/11062 okgap_max_us=11072
  29.108  t=27s RTT mean=0 min=0 max=0 n=0 to=0 | cancels=0(+0/s) seqbad=0 len_bad=0 disc=0(0x00) | tot_n=0 tot_to=0 maxever=0 >2ms=0 >5ms=0 >15ms=0 >20ms=0 >30ms=0 | probes=0 wrfail=0 down=4s maxout=4s
  31.036  BLASTC comp=680 exkBps=0 cgap_us[min/avg/max]=1386/1470/2697
  31.036  BLAST phy=2/2 att=680 ok=680 enomem=0 err=0 call_us[min/avg/max]=1314/1459/2686 okgap_max_us=2697
  31.095  t=28s RTT mean=0 min=0 max=0 n=0 to=0 | cancels=0(+0/s) seqbad=0 len_bad=0 disc=0(0x00) | tot_n=0 tot_to=0 maxever=0 >2ms=0 >5ms=0 >15ms=0 >20ms=0 >30ms=0 | probes=0 wrfail=0 down=4s maxout=4s
  31.095  BLASTC comp=680 exkBps=0 cgap_us[min/avg/max]=1390/1470/2699
  31.095  BLAST phy=2/2 att=680 ok=680 enomem=0 err=0 call_us[min/avg/max]=1322/1459/2688 okgap_max_us=2699
  31.095  t=29s RTT mean=0 min=0 max=0 n=0 to=0 | cancels=0(+0/s) seqbad=0 len_bad=0 disc=0(0x00) | tot_n=0 tot_to=0 maxever=0 >2ms=0 >5ms=0 >15ms=0 >20ms=0 >30ms=0 | probes=0 wrfail=0 down=4s maxout=4s
