   1.056  GAP connected interval=7500
   1.056  PHY tx=2 rx=2
   1.056  CCC: notify ENABLED
   1.056  P t=3s rxkBps=26 blkkBps=0 pongs=110(+110/s) cancels=0(+0/s) notify=1 disc=0(0x00) | echo rx=0 tx=0 pend=0 stale=0
   1.703  *** Booting Zephyr OS build v4.4.2-16-gfee9fbc62095 ***
   1.703  [00:05:14.053,473] [0m<inf> bt_hci_core: HW Platform: Nordic Semiconductor (0x0002)[0m
   1.757  [00:05:14.053,486] [0m<inf> bt_hci_core: HW Variant: nRF54Lx (0x0005)[0m
   1.757  [00:05:14.053,497] [0m<inf> bt_hci_core: Firmware: Standard Bluetooth controller (0x00) Version 4.4 Build 2[0m
   1.757  [00:05:14.053,843] [0m<inf> bt_hci_core: HCI transport: Controller[0m
   1.757  [00:05:14.053,888] [0m<inf> bt_hci_core: Identity: D6:C7:60:B1:D3:0E (random)[0m
   1.757  [00:05:14.053,905] [0m<inf> bt_hci_core: HCI: version 5.4 (0x0d) revision 0x0000, manufacturer 0x05f1[0m
   1.758  [00:05:14.053,919] [0m<inf> bt_hci_core: LMP: version 5.4 (0x0d) subver 0xffff[0m
   1.758  
   1.758  === nRF54L15 RTT ping-pong PERIPHERAL (echo) ===
   1.758  advertising
   3.003  GAP connected interval=7500
   3.003  PHY tx=2 rx=2
   3.003  CCC: notify ENABLED
   3.003  P t=1s rxkBps=8 blkkBps=0 pongs=35(+35/s) cancels=0(+0/s) notify=1 disc=0(0x00) | echo rx=0 tx=0 pend=0 stale=0
   4.739  P t=2s rxkBps=158 blkkBps=0 pongs=702(+667/s) cancels=0(+0/s) notify=1 disc=0(0x00) | echo rx=0 tx=0 pend=0 stale=0
   4.739  P t=3s rxkBps=157 blkkBps=0 pongs=1365(+663/s) cancels=0(+0/s) notify=1 disc=0(0x00) | echo rx=0 tx=0 pend=0 stale=0
   6.717  P t=4s rxkBps=158 blkkBps=0 pongs=2030(+665/s) cancels=0(+0/s) notify=1 disc=0(0x00) | echo rx=0 tx=0 pend=0 stale=0
   6.717  P t=5s rxkBps=156 blkkBps=0 pongs=2688(+658/s) cancels=0(+0/s) notify=1 disc=0(0x00) | echo rx=0 tx=0 pend=0 stale=0
   8.738  P t=6s rxkBps=157 blkkBps=0 pongs=3350(+662/s) cancels=0(+0/s) notify=1 disc=0(0x00) | echo rx=0 tx=0 pend=0 stale=0
   8.739  P t=7s rxkBps=158 blkkBps=0 pongs=4015(+665/s) cancels=0(+0/s) notify=1 disc=0(0x00) | echo rx=0 tx=0 pend=0 stale=0
  10.738  P t=8s rxkBps=157 blkkBps=0 pongs=4678(+663/s) cancels=0(+0/s) notify=1 disc=0(0x00) | echo rx=0 tx=0 pend=0 stale=0
  10.738  P t=9s rxkBps=142 blkkBps=0 pongs=5278(+600/s) cancels=0(+0/s) notify=1 disc=0(0x00) | echo rx=0 tx=0 pend=0 stale=0
  12.713  P t=10s rxkBps=145 blkkBps=0 pongs=5888(+610/s) cancels=0(+0/s) notify=1 disc=0(0x00) | echo rx=0 tx=0 pend=0 stale=0
  12.713  P t=11s rxkBps=137 blkkBps=0 pongs=6467(+579/s) cancels=0(+0/s) notify=1 disc=0(0x00) | echo rx=0 tx=0 pend=0 stale=0
  14.714  P t=12s rxkBps=157 blkkBps=0 pongs=7127(+660/s) cancels=0(+0/s) notify=1 disc=0(0x00) | echo rx=0 tx=0 pend=0 stale=0
  14.714  P t=13s rxkBps=157 blkkBps=0 pongs=7789(+662/s) cancels=0(+0/s) notify=1 disc=0(0x00) | echo rx=0 tx=0 pend=0 stale=0
  16.712  P t=14s rxkBps=158 blkkBps=0 pongs=8456(+667/s) cancels=0(+0/s) notify=1 disc=0(0x00) | echo rx=0 tx=0 pend=0 stale=0
  16.712  P t=15s rxkBps=158 blkkBps=0 pongs=9123(+667/s) cancels=0(+0/s) notify=1 disc=0(0x00) | echo rx=0 tx=0 pend=0 stale=0
  18.735  P t=16s rxkBps=158 blkkBps=0 pongs=9787(+664/s) cancels=0(+0/s) notify=1 disc=0(0x00) | echo rx=0 tx=0 pend=0 stale=0
  18.735  P t=17s rxkBps=154 blkkBps=0 pongs=10437(+650/s) cancels=0(+0/s) notify=1 disc=0(0x00) | echo rx=0 tx=0 pend=0 stale=0
  20.733  P t=18s rxkBps=153 blkkBps=0 pongs=11081(+644/s) cancels=0(+0/s) notify=1 disc=0(0x00) | echo rx=0 tx=0 pend=0 stale=0
  20.733  P t=19s rxkBps=150 blkkBps=0 pongs=11713(+632/s) cancels=0(+0/s) notify=1 disc=0(0x00) | echo rx=0 tx=0 pend=0 stale=0
  22.740  P t=20s rxkBps=151 blkkBps=0 pongs=12347(+634/s) cancels=0(+0/s) notify=1 disc=0(0x00) | echo rx=0 tx=0 pend=0 stale=0
  22.740  P t=21s rxkBps=149 blkkBps=0 pongs=12973(+626/s) cancels=0(+0/s) notify=1 disc=0(0x00) | echo rx=0 tx=0 pend=0 stale=0
  24.712  P t=22s rxkBps=142 blkkBps=0 pongs=13571(+598/s) cancels=0(+0/s) notify=1 disc=0(0x00) | echo rx=0 tx=0 pend=0 stale=0
  24.712  P t=23s rxkBps=147 blkkBps=0 pongs=14188(+617/s) cancels=0(+0/s) notify=1 disc=0(0x00) | echo rx=0 tx=0 pend=0 stale=0
  26.741  P t=24s rxkBps=158 blkkBps=0 pongs=14855(+667/s) cancels=0(+0/s) notify=1 disc=0(0x00) | echo rx=0 tx=0 pend=0 stale=0
  26.741  P t=25s rxkBps=158 blkkBps=0 pongs=15519(+664/s) cancels=0(+0/s) notify=1 disc=0(0x00) | echo rx=0 tx=0 pend=0 stale=0
  28.751  P t=26s rxkBps=158 blkkBps=0 pongs=16183(+664/s) cancels=0(+0/s) notify=1 disc=0(0x00) | echo rx=0 tx=0 pend=0 stale=0
  28.751  P t=27s rxkBps=158 blkkBps=0 pongs=16850(+667/s) cancels=0(+0/s) notify=1 disc=0(0x00) | echo rx=0 tx=0 pend=0 stale=0
  30.716  P t=28s rxkBps=158 blkkBps=0 pongs=17517(+667/s) cancels=0(+0/s) notify=1 disc=0(0x00) | echo rx=0 tx=0 pend=0 stale=0
  30.716  P t=29s rxkBps=158 blkkBps=0 pongs=18184(+667/s) cancels=0(+0/s) notify=1 disc=0(0x00) | echo rx=0 tx=0 pend=0 stale=0
