   1.835  t=1s RTT mean=0 min=0 max=0 n=0 to=0 | cancels=0(+0/s) seqbad=0 len_bad=0 disc=0(0x00) | tot_n=0 tot_to=0 maxever=0 >2ms=0 >5ms=0 >15ms=0 >20ms=0 >30ms=0 | probes=0 wrfail=0 down=1s maxout=1s
   1.835  Q2CONN AA=573f3d65 CRCINIT=c0c2ff hop=15 chan_count=37 map=ffffffff1f
   1.835  GAP connected interval=25000
   1.895  MTU err=0 mtu=247
   1.895  t=2s RTT mean=0 min=0 max=0 n=0 to=0 | cancels=0(+0/s) seqbad=0 len_bad=0 disc=0(0x00) | tot_n=0 tot_to=0 maxever=0 >2ms=0 >5ms=0 >15ms=0 >20ms=0 >30ms=0 | probes=0 wrfail=0 down=2s maxout=2s
   2.066  *** Booting Zephyr OS build v4.4.2-16-gfee9fbc62095 ***
   2.066  [00:15:19.383,224] [0m<inf> bt_hci_core: HW Platform: Nordic Semiconductor (0x0002)[0m
   2.066  [00:15:19.383,237] [0m<inf> bt_hci_core: HW Variant: nRF54Lx (0x0005)[0m
   2.066  [00:15:19.383,249] [0m<inf> bt_hci_core: Firmware: Standard Bluetooth controller (0x00) Version 4.4 Build 2[0m
   2.066  [00:15:19.383,615] [0m<inf> bt_hci_core: HCI transport: Controller[0m
   2.066  [00:15:19.383,663] [0m<inf> bt_hci_core: Identity: FC:BE:FF:FA:E6:8B (random)[0m
   2.122  [00:15:19.383,679] [0m<inf> bt_hci_core: HCI: version 5.4 (0x0d) revision 0x0000, manufacturer 0x05f1[0m
   2.122  [00:15:19.383,694] [0m<inf> bt_hci_core: LMP: version 5.4 (0x0d) subver 0xffff[0m
   2.123  
   2.123  === nRF54L15 RTT ping-pong CENTRAL ===
   2.123  scan rc=0
   4.050  t=1s RTT mean=0 min=0 max=0 n=0 to=0 | cancels=0(+0/s) seqbad=0 len_bad=0 disc=0(0x00) | tot_n=0 tot_to=0 maxever=0 >2ms=0 >5ms=0 >15ms=0 >20ms=0 >30ms=0 | probes=0 wrfail=0 down=1s maxout=1s
   4.108  t=2s RTT mean=0 min=0 max=0 n=0 to=0 | cancels=0(+0/s) seqbad=0 len_bad=0 disc=0(0x00) | tot_n=0 tot_to=0 maxever=0 >2ms=0 >5ms=0 >15ms=0 >20ms=0 >30ms=0 | probes=0 wrfail=0 down=2s maxout=2s
   6.079  t=3s RTT mean=0 min=0 max=0 n=0 to=0 | cancels=0(+0/s) seqbad=0 len_bad=0 disc=0(0x00) | tot_n=0 tot_to=0 maxever=0 >2ms=0 >5ms=0 >15ms=0 >20ms=0 >30ms=0 | probes=0 wrfail=0 down=3s maxout=3s
   6.079  Q2CONN AA=65d5dad3 CRCINIT=4a0e85 hop=9 chan_count=37 map=ffffffff1f
   6.079  t=4s RTT mean=0 min=0 max=0 n=0 to=0 | cancels=0(+0/s) seqbad=0 len_bad=0 disc=0(0x00) | tot_n=0 tot_to=0 maxever=0 >2ms=0 >5ms=0 >15ms=0 >20ms=0 >30ms=0 | probes=0 wrfail=0 down=4s maxout=4s
   6.079  GAP connected interval=25000
   6.079  MTU err=0 mtu=247
   6.950  BLASTC comp=1 exkBps=0 cgap_us[min/avg/max]=4294967295/0/0
   6.950  [1;31m--- 4 messages dropped ---
   6.950  [0mBLAST phy=2/2 att=1 ok=1 enomem=0 err=0 call_us[min/avg/max]=126/126/126 okgap_max_us=0
   7.011  BLASTC comp=1 exkBps=0 cgap_us[min/avg/max]=193/193/193
   7.011  BLAST phy=2/2 att=1 ok=1 enomem=0 err=0 call_us[min/avg/max]=124/124/124 okgap_max_us=195
   7.011  BLASTC comp=1 exkBps=0 cgap_us[min/avg/max]=194/194/194
   7.011  BLAST phy=2/2 att=1 ok=1 enomem=0 err=0 call_us[min/avg/max]=126/126/126 okgap_max_us=192
   7.011  BLASTC comp=1 exkBps=0 cgap_us[min/avg/max]=198/198/198
   7.011  BLAST phy=2/2 att=1 ok=1 enomem=0 err=0 call_us[min/avg/max]=125/125/125 okgap_max_us=199
   7.011  BLAST first16_call_us: 126 124 126 125 125 121 120 120 120 120 120 120 121 120 120 120
   8.020  PHY tx=2 rx=2
   8.020  t=5s RTT mean=0 min=0 max=0 n=0 to=0 | cancels=0(+0/s) seqbad=0 len_bad=0 disc=0(0x00) | tot_n=0 tot_to=0 maxever=0 >2ms=0 >5ms=0 >15ms=0 >20ms=0 >30ms=0 | probes=0 wrfail=0 down=4s maxout=4s
   8.070  BLASTC comp=16 exkBps=0 cgap_us[min/avg/max]=130/5846/91374
   8.070  BLAST phy=2/2 att=36 ok=36 enomem=0 err=0 call_us[min/avg/max]=53/2584/90193 okgap_max_us=283
   8.070  BLASTC comp=679 exkBps=0 cgap_us[min/avg/max]=1315/1468/2718
   8.070  BLAST phy=2/2 att=679 ok=679 enomem=0 err=0 call_us[min/avg/max]=1309/1456/2707 okgap_max_us=90264
   8.070  t=6s RTT mean=0 min=0 max=0 n=0 to=0 | cancels=0(+0/s) seqbad=0 len_bad=0 disc=0(0x00) | tot_n=0 tot_to=0 maxever=0 >2ms=0 >5ms=0 >15ms=0 >20ms=0 >30ms=0 | probes=0 wrfail=0 down=4s maxout=4s
  10.046  BLASTC comp=679 exkBps=0 cgap_us[min/avg/max]=1391/1472/4100
  10.046  BLAST phy=2/2 att=679 ok=679 enomem=0 err=0 call_us[min/avg/max]=1335/1461/4089 okgap_max_us=4100
  10.106  t=7s RTT mean=0 min=0 max=0 n=0 to=0 | cancels=0(+0/s) seqbad=0 len_bad=0 disc=0(0x00) | tot_n=0 tot_to=0 maxever=0 >2ms=0 >5ms=0 >15ms=0 >20ms=0 >30ms=0 | probes=0 wrfail=0 down=4s maxout=4s
  10.107  FSU: request [52..52] us (ACL both dirs, 1M+2M) rc=0
  10.107  FSU: updated status=0x00 spacing=52 us phys=0x3 types=0x3 initiator=0
  10.107  BLASTC comp=684 exkBps=0 cgap_us[min/avg/max]=1187/1462/2719
  10.107  BLAST phy=2/2 att=684 ok=684 enomem=0 err=0 call_us[min/avg/max]=1175/1451/2712 okgap_max_us=2723
  10.107  t=8s RTT mean=0 min=0 max=0 n=0 to=0 | cancels=0(+0/s) seqbad=0 len_bad=0 disc=0(0x00) | tot_n=0 tot_to=0 maxever=0 >2ms=0 >5ms=0 >15ms=0 >20ms=0 >30ms=0 | probes=0 wrfail=0 down=4s maxout=4s
  12.074  BLASTC comp=793 exkBps=0 cgap_us[min/avg/max]=1194/1261/10637
  12.074  BLAST phy=2/2 att=793 ok=793 enomem=0 err=0 call_us[min/avg/max]=1139/1249/10626 okgap_max_us=10637
  12.074  t=9s RTT mean=0 min=0 max=0 n=0 to=0 | cancels=0(+0/s) seqbad=0 len_bad=0 disc=0(0x00) | tot_n=0 tot_to=0 maxever=0 >2ms=0 >5ms=0 >15ms=0 >20ms=0 >30ms=0 | probes=0 wrfail=0 down=4s maxout=4s
  12.074  BLASTC comp=799 exkBps=0 cgap_us[min/avg/max]=1196/1251/2388
  12.074  BLAST phy=2/2 att=799 ok=799 enomem=0 err=0 call_us[min/avg/max]=1133/1240/2377 okgap_max_us=2388
  12.134  t=10s RTT mean=0 min=0 max=0 n=0 to=0 | cancels=0(+0/s) seqbad=0 len_bad=0 disc=0(0x00) | tot_n=0 tot_to=0 maxever=0 >2ms=0 >5ms=0 >15ms=0 >20ms=0 >30ms=0 | probes=0 wrfail=0 down=4s maxout=4s
  14.041  BLASTC comp=791 exkBps=0 cgap_us[min/avg/max]=1195/1264/13031
  14.041  BLAST phy=2/2 att=791 ok=791 enomem=0 err=0 call_us[min/avg/max]=1179/1252/13021 okgap_max_us=13032
  14.094  t=11s RTT mean=0 min=0 max=0 n=0 to=0 | cancels=0(+0/s) seqbad=0 len_bad=0 disc=0(0x00) | tot_n=0 tot_to=0 maxever=0 >2ms=0 >5ms=0 >15ms=0 >20ms=0 >30ms=0 | probes=0 wrfail=0 down=4s maxout=4s
  14.094  BLASTC comp=800 exkBps=0 cgap_us[min/avg/max]=1196/1250/2264
  14.094  BLAST phy=2/2 att=800 ok=800 enomem=0 err=0 call_us[min/avg/max]=1123/1238/2252 okgap_max_us=2264
  14.154  t=12s RTT mean=0 min=0 max=0 n=0 to=0 | cancels=0(+0/s) seqbad=0 len_bad=0 disc=0(0x00) | tot_n=0 tot_to=0 maxever=0 >2ms=0 >5ms=0 >15ms=0 >20ms=0 >30ms=0 | probes=0 wrfail=0 down=4s maxout=4s
  16.026  BLASTC comp=800 exkBps=0 cgap_us[min/avg/max]=1187/1250/2266
  16.079  BLAST phy=2/2 att=800 ok=800 enomem=0 err=0 call_us[min/avg/max]=1100/1238/2256 okgap_max_us=2267
  16.079  t=13s RTT mean=0 min=0 max=0 n=0 to=0 | cancels=0(+0/s) seqbad=0 len_bad=0 disc=0(0x00) | tot_n=0 tot_to=0 maxever=0 >2ms=0 >5ms=0 >15ms=0 >20ms=0 >30ms=0 | probes=0 wrfail=0 down=4s maxout=4s
  16.079  BLASTC comp=800 exkBps=0 cgap_us[min/avg/max]=1196/1250/2265
  16.079  BLAST phy=2/2 att=800 ok=800 enomem=0 err=0 call_us[min/avg/max]=1123/1238/2254 okgap_max_us=2265
  16.139  t=14s RTT mean=0 min=0 max=0 n=0 to=0 | cancels=0(+0/s) seqbad=0 len_bad=0 disc=0(0x00) | tot_n=0 tot_to=0 maxever=0 >2ms=0 >5ms=0 >15ms=0 >20ms=0 >30ms=0 | probes=0 wrfail=0 down=4s maxout=4s
  18.036  BLASTC comp=800 exkBps=0 cgap_us[min/avg/max]=1187/1250/2264
  18.036  BLAST phy=2/2 att=800 ok=800 enomem=0 err=0 call_us[min/avg/max]=1100/1238/2259 okgap_max_us=2270
  18.095  t=15s RTT mean=0 min=0 max=0 n=0 to=0 | cancels=0(+0/s) seqbad=0 len_bad=0 disc=0(0x00) | tot_n=0 tot_to=0 maxever=0 >2ms=0 >5ms=0 >15ms=0 >20ms=0 >30ms=0 | probes=0 wrfail=0 down=4s maxout=4s
  18.096  BLASTC comp=800 exkBps=0 cgap_us[min/avg/max]=1193/1250/2266
  18.096  BLAST phy=2/2 att=800 ok=800 enomem=0 err=0 call_us[min/avg/max]=1122/1238/2255 okgap_max_us=2266
  18.096  t=16s RTT mean=0 min=0 max=0 n=0 to=0 | cancels=0(+0/s) seqbad=0 len_bad=0 disc=0(0x00) | tot_n=0 tot_to=0 maxever=0 >2ms=0 >5ms=0 >15ms=0 >20ms=0 >30ms=0 | probes=0 wrfail=0 down=4s maxout=4s
  20.071  BLASTC comp=799 exkBps=0 cgap_us[min/avg/max]=1187/1251/3462
  20.072  BLAST phy=2/2 att=799 ok=799 enomem=0 err=0 call_us[min/avg/max]=1100/1240/3452 okgap_max_us=3463
  20.072  t=17s RTT mean=0 min=0 max=0 n=0 to=0 | cancels=0(+0/s) seqbad=0 len_bad=0 disc=0(0x00) | tot_n=0 tot_to=0 maxever=0 >2ms=0 >5ms=0 >15ms=0 >20ms=0 >30ms=0 | probes=0 wrfail=0 down=4s maxout=4s
  20.072  BLASTC comp=792 exkBps=0 cgap_us[min/avg/max]=1193/1262/11834
  20.132  BLAST phy=2/2 att=792 ok=792 enomem=0 err=0 call_us[min/avg/max]=1122/1251/11823 okgap_max_us=11834
  20.132  t=18s RTT mean=0 min=0 max=0 n=0 to=0 | cancels=0(+0/s) seqbad=0 len_bad=0 disc=0(0x00) | tot_n=0 tot_to=0 maxever=0 >2ms=0 >5ms=0 >15ms=0 >20ms=0 >30ms=0 | probes=0 wrfail=0 down=4s maxout=4s
  22.043  BLASTC comp=800 exkBps=0 cgap_us[min/avg/max]=1187/1250/2264
  22.043  BLAST phy=2/2 att=800 ok=800 enomem=0 err=0 call_us[min/avg/max]=1100/1238/2259 okgap_max_us=2270
  22.103  t=19s RTT mean=0 min=0 max=0 n=0 to=0 | cancels=0(+0/s) seqbad=0 len_bad=0 disc=0(0x00) | tot_n=0 tot_to=0 maxever=0 >2ms=0 >5ms=0 >15ms=0 >20ms=0 >30ms=0 | probes=0 wrfail=0 down=4s maxout=4s
  22.103  BLASTC comp=800 exkBps=0 cgap_us[min/avg/max]=1193/1250/2265
  22.103  BLAST phy=2/2 att=800 ok=800 enomem=0 err=0 call_us[min/avg/max]=1123/1238/2254 okgap_max_us=2265
  22.103  t=20s RTT mean=0 min=0 max=0 n=0 to=0 | cancels=0(+0/s) seqbad=0 len_bad=0 disc=0(0x00) | tot_n=0 tot_to=0 maxever=0 >2ms=0 >5ms=0 >15ms=0 >20ms=0 >30ms=0 | probes=0 wrfail=0 down=4s maxout=4s
  24.080  BLASTC comp=800 exkBps=0 cgap_us[min/avg/max]=1187/1250/2266
  24.080  BLAST phy=2/2 att=800 ok=800 enomem=0 err=0 call_us[min/avg/max]=1100/1238/2259 okgap_max_us=2270
  24.080  t=21s RTT mean=0 min=0 max=0 n=0 to=0 | cancels=0(+0/s) seqbad=0 len_bad=0 disc=0(0x00) | tot_n=0 tot_to=0 maxever=0 >2ms=0 >5ms=0 >15ms=0 >20ms=0 >30ms=0 | probes=0 wrfail=0 down=4s maxout=4s
  24.080  BLASTC comp=800 exkBps=0 cgap_us[min/avg/max]=1193/1250/2265
  24.080  BLAST phy=2/2 att=800 ok=800 enomem=0 err=0 call_us[min/avg/max]=1122/1238/2254 okgap_max_us=2265
  24.140  t=22s RTT mean=0 min=0 max=0 n=0 to=0 | cancels=0(+0/s) seqbad=0 len_bad=0 disc=0(0x00) | tot_n=0 tot_to=0 maxever=0 >2ms=0 >5ms=0 >15ms=0 >20ms=0 >30ms=0 | probes=0 wrfail=0 down=4s maxout=4s
  26.076  BLASTC comp=788 exkBps=0 cgap_us[min/avg/max]=1187/1269/16622
  26.076  BLAST phy=2/2 att=788 ok=788 enomem=0 err=0 call_us[min/avg/max]=1100/1257/16612 okgap_max_us=16623
  26.076  t=23s RTT mean=0 min=0 max=0 n=0 to=0 | cancels=0(+0/s) seqbad=0 len_bad=0 disc=0(0x00) | tot_n=0 tot_to=0 maxever=0 >2ms=0 >5ms=0 >15ms=0 >20ms=0 >30ms=0 | probes=0 wrfail=0 down=4s maxout=4s
  26.076  BLASTC comp=800 exkBps=0 cgap_us[min/avg/max]=1196/1250/2266
  26.076  BLAST phy=2/2 att=800 ok=800 enomem=0 err=0 call_us[min/avg/max]=1122/1238/2285 okgap_max_us=2295
  26.136  t=24s RTT mean=0 min=0 max=0 n=0 to=0 | cancels=0(+0/s) seqbad=0 len_bad=0 disc=0(0x00) | tot_n=0 tot_to=0 maxever=0 >2ms=0 >5ms=0 >15ms=0 >20ms=0 >30ms=0 | probes=0 wrfail=0 down=4s maxout=4s
  28.048  BLASTC comp=800 exkBps=0 cgap_us[min/avg/max]=1187/1250/2265
  28.048  BLAST phy=2/2 att=800 ok=800 enomem=0 err=0 call_us[min/avg/max]=1101/1238/2254 okgap_max_us=2266
  28.104  t=25s RTT mean=0 min=0 max=0 n=0 to=0 | cancels=0(+0/s) seqbad=0 len_bad=0 disc=0(0x00) | tot_n=0 tot_to=0 maxever=0 >2ms=0 >5ms=0 >15ms=0 >20ms=0 >30ms=0 | probes=0 wrfail=0 down=4s maxout=4s
  28.104  BLASTC comp=800 exkBps=0 cgap_us[min/avg/max]=1194/1250/2266
  28.104  BLAST phy=2/2 att=800 ok=800 enomem=0 err=0 call_us[min/avg/max]=1122/1238/2255 okgap_max_us=2266
  28.104  t=26s RTT mean=0 min=0 max=0 n=0 to=0 | cancels=0(+0/s) seqbad=0 len_bad=0 disc=0(0x00) | tot_n=0 tot_to=0 maxever=0 >2ms=0 >5ms=0 >15ms=0 >20ms=0 >30ms=0 | probes=0 wrfail=0 down=4s maxout=4s
  30.028  BLASTC comp=800 exkBps=0 cgap_us[min/avg/max]=1187/1250/2265
  30.085  BLAST phy=2/2 att=800 ok=800 enomem=0 err=0 call_us[min/avg/max]=1101/1238/2254 okgap_max_us=2265
  30.085  t=27s RTT mean=0 min=0 max=0 n=0 to=0 | cancels=0(+0/s) seqbad=0 len_bad=0 disc=0(0x00) | tot_n=0 tot_to=0 maxever=0 >2ms=0 >5ms=0 >15ms=0 >20ms=0 >30ms=0 | probes=0 wrfail=0 down=4s maxout=4s
  30.085  BLASTC comp=798 exkBps=0 cgap_us[min/avg/max]=1195/1253/4652
  30.085  BLAST phy=2/2 att=798 ok=798 enomem=0 err=0 call_us[min/avg/max]=1122/1241/4641 okgap_max_us=4653
  30.144  t=28s RTT mean=0 min=0 max=0 n=0 to=0 | cancels=0(+0/s) seqbad=0 len_bad=0 disc=0(0x00) | tot_n=0 tot_to=0 maxever=0 >2ms=0 >5ms=0 >15ms=0 >20ms=0 >30ms=0 | probes=0 wrfail=0 down=4s maxout=4s
