   0.060  P t=32s rxkBps=0 blkkBps=0 pongs=17533(+0/s) cancels=0(+0/s) notify=1 disc=0(0x00) | echo rx=0 tx=0 pend=0 stale=0
   0.060  P t=33s rxkBps=0 blkkBps=0 pongs=17533(+0/s) cancels=0(+0/s) notify=1 disc=0(0x00) | echo rx=0 tx=0 pend=0 stale=0
   1.719  *** Booting nRF Connect SDK v3.4.0-99553055607b ***
   1.719  *** Using Zephyr OS v4.4.0-bf801e4e3d19 ***
   1.719  [00:58:56.243,864] [0m<inf> bt_sdc_hci_driver: SoftDevice Controller build revision:
   1.719                                              c8 da 30 98 f9 f0 34 a4  4b 6e ba d3 08 19 cc 0c |..0...4. Kn......
   1.719                                              ea 51 da 47                                      |.Q.G             [0m
   1.779  [00:58:56.244,659] [1;33m<wrn> bt_hci_core: Num of Controller's ACL packets != ACL bt_conn_tx contexts (20 != 3)[0m
   1.779  [00:58:56.245,310] [0m<inf> bt_hci_core: HW Platform: Nordic Semiconductor (0x0002)[0m
   1.779  [00:58:56.245,322] [0m<inf> bt_hci_core: HW Variant: nRF54Lx (0x0005)[0m
   1.779  [00:58:56.245,333] [0m<inf> bt_hci_core: Firmware: Standard Bluetooth controller (0x00) Version 200.12506 Build 888207768[0m
   1.779  [00:58:56.245,728] [0m<inf> bt_hci_core: HCI transport: SDC[0m
   1.779  [00:58:56.245,774] [0m<inf> bt_hci_core: Identity: D6:C7:60:B1:D3:0E (random)[0m
   1.779  [00:58:56.245,791] [0m<inf> bt_hci_core: HCI: version 6.3 (0x11) revision 0x3039, manufacturer 0x0059[0m
   1.779  [00:58:56.245,807] [0m<inf> bt_hci_core: LMP: version 6.3 (0x11) subver 0x3039[0m
   1.779  
   1.832  === nRF54L15 RTT ping-pong PERIPHERAL (echo) ===
   1.832  advertising
   2.803  GAP connected interval=15000
   2.803  P t=1s rxkBps=0 blkkBps=0 pongs=0(+0/s) cancels=0(+0/s) notify=0 disc=0(0x00) | echo rx=0 tx=0 pend=0 stale=0
   4.701  P t=2s rxkBps=0 blkkBps=0 pongs=0(+0/s) cancels=0(+0/s) notify=0 disc=0(0x00) | echo rx=0 tx=0 pend=0 stale=0
   4.701  P t=3s rxkBps=0 blkkBps=0 pongs=0(+0/s) cancels=0(+0/s) notify=0 disc=0(0x00) | echo rx=0 tx=0 pend=0 stale=0
   6.737  P t=4s rxkBps=0 blkkBps=0 pongs=0(+0/s) cancels=0(+0/s) notify=0 disc=0(0x00) | echo rx=0 tx=0 pend=0 stale=0
   6.737  GAP disconnected 0x08  lifetime=-1ms pongs_in_conn=0
   6.737  advertising
   6.737  GAP connected interval=15000
   6.737  PHY tx=2 rx=2
   6.737  CCC: notify ENABLED
   6.737  P t=5s rxkBps=3 blkkBps=0 pongs=13(+13/s) cancels=0(+0/s) notify=1 disc=1(0x08) | echo rx=0 tx=0 pend=0 stale=0
   8.695  P t=6s rxkBps=142 blkkBps=0 pongs=611(+598/s) cancels=0(+0/s) notify=1 disc=1(0x08) | echo rx=0 tx=0 pend=0 stale=0
   8.755  P t=7s rxkBps=142 blkkBps=0 pongs=1208(+597/s) cancels=0(+0/s) notify=1 disc=1(0x08) | echo rx=0 tx=0 pend=0 stale=0
  10.722  P t=8s rxkBps=142 blkkBps=0 pongs=1808(+600/s) cancels=0(+0/s) notify=1 disc=1(0x08) | echo rx=0 tx=0 pend=0 stale=0
  10.722  P t=9s rxkBps=142 blkkBps=0 pongs=2407(+599/s) cancels=0(+0/s) notify=1 disc=1(0x08) | echo rx=0 tx=0 pend=0 stale=0
  12.715  P t=10s rxkBps=143 blkkBps=0 pongs=3008(+601/s) cancels=0(+0/s) notify=1 disc=1(0x08) | echo rx=0 tx=0 pend=0 stale=0
  12.715  P t=11s rxkBps=142 blkkBps=0 pongs=3608(+600/s) cancels=0(+0/s) notify=1 disc=1(0x08) | echo rx=0 tx=0 pend=0 stale=0
  14.694  P t=12s rxkBps=142 blkkBps=0 pongs=4207(+599/s) cancels=0(+0/s) notify=1 disc=1(0x08) | echo rx=0 tx=0 pend=0 stale=0
  14.754  P t=13s rxkBps=143 blkkBps=0 pongs=4809(+602/s) cancels=0(+0/s) notify=1 disc=1(0x08) | echo rx=0 tx=0 pend=0 stale=0
  16.729  P t=14s rxkBps=142 blkkBps=0 pongs=5408(+599/s) cancels=0(+0/s) notify=1 disc=1(0x08) | echo rx=0 tx=0 pend=0 stale=0
  16.730  P t=15s rxkBps=142 blkkBps=0 pongs=6004(+596/s) cancels=0(+0/s) notify=1 disc=1(0x08) | echo rx=0 tx=0 pend=0 stale=0
  18.740  P t=16s rxkBps=143 blkkBps=0 pongs=6605(+601/s) cancels=0(+0/s) notify=1 disc=1(0x08) | echo rx=0 tx=0 pend=0 stale=0
  18.740  P t=17s rxkBps=139 blkkBps=0 pongs=7191(+586/s) cancels=0(+0/s) notify=1 disc=1(0x08) | echo rx=0 tx=0 pend=0 stale=0
  20.699  P t=18s rxkBps=171 blkkBps=0 pongs=7909(+718/s) cancels=0(+0/s) notify=1 disc=1(0x08) | echo rx=0 tx=0 pend=0 stale=0
  20.759  P t=19s rxkBps=174 blkkBps=0 pongs=8643(+734/s) cancels=0(+0/s) notify=1 disc=1(0x08) | echo rx=0 tx=0 pend=0 stale=0
  22.729  P t=20s rxkBps=174 blkkBps=0 pongs=9375(+732/s) cancels=0(+0/s) notify=1 disc=1(0x08) | echo rx=0 tx=0 pend=0 stale=0
  22.729  P t=21s rxkBps=174 blkkBps=0 pongs=10108(+733/s) cancels=0(+0/s) notify=1 disc=1(0x08) | echo rx=0 tx=0 pend=0 stale=0
  24.718  P t=22s rxkBps=175 blkkBps=0 pongs=10843(+735/s) cancels=0(+0/s) notify=1 disc=1(0x08) | echo rx=0 tx=0 pend=0 stale=0
  24.719  P t=23s rxkBps=174 blkkBps=0 pongs=11576(+733/s) cancels=0(+0/s) notify=1 disc=1(0x08) | echo rx=0 tx=0 pend=0 stale=0
  26.717  P t=24s rxkBps=174 blkkBps=0 pongs=12309(+733/s) cancels=0(+0/s) notify=1 disc=1(0x08) | echo rx=0 tx=0 pend=0 stale=0
  26.717  P t=25s rxkBps=174 blkkBps=0 pongs=13043(+734/s) cancels=0(+0/s) notify=1 disc=1(0x08) | echo rx=0 tx=0 pend=0 stale=0
  28.743  P t=26s rxkBps=174 blkkBps=0 pongs=13776(+733/s) cancels=0(+0/s) notify=1 disc=1(0x08) | echo rx=0 tx=0 pend=0 stale=0
  28.743  P t=27s rxkBps=173 blkkBps=0 pongs=14503(+727/s) cancels=0(+0/s) notify=1 disc=1(0x08) | echo rx=0 tx=0 pend=0 stale=0
  30.727  P t=28s rxkBps=174 blkkBps=0 pongs=15237(+734/s) cancels=0(+0/s) notify=1 disc=1(0x08) | echo rx=0 tx=0 pend=0 stale=0
  30.727  P t=29s rxkBps=174 blkkBps=0 pongs=15970(+733/s) cancels=0(+0/s) notify=1 disc=1(0x08) | echo rx=0 tx=0 pend=0 stale=0
