   0.401  SINK rx: 0 KB/s (0 B / 1000 ms) fsu=65 | cum_total=4718406 B cum_segs=19661
   1.444  SINK rx: 0 KB/s (0 B / 1000 ms) fsu=65 | cum_total=4718406 B cum_segs=19661
   1.615  CoC down
   1.616  GAP disconnected (0x08)
   1.728  Adverti*** Booting nRF Connect SDK v3.4.0-99553055607b ***
   1.728  *** Using Zephyr OS v4.4.0-bf801e4e3d19 ***
   1.728  
   1.728  === nRF52 L2CAP CoC SINK (Zephyr 4.4.1, seg_recv) ===
   1.728  L2CAP server on PSM 0x0080
   1.728  Advertising as 'zenoh-nrf-l2cap'
   1.783  GAP connected: interval=12
   1.894  PHY updated: tx=2 rx=2
   5.841  GAP disconnected (0x08)
   5.842  Advertising as 'zenoh-nrf-l2cap'
   5.894  GAP connected: interval=12
   6.068  PHY updated: tx=2 rx=2
   6.068  DLE updated: tx_max=251 rx_max=251
   6.122  CoC up — seg_recv sink ready (RX_CREDITS=64, MPS=247)
   6.752  SINK rx: 37 KB/s (38886 B / 1000 ms) fsu=0 | cum_total=38886 B cum_segs=163
   7.764  SINK rx: 141 KB/s (145205 B / 1000 ms) fsu=0 | cum_total=184091 B cum_segs=768
   8.785  SINK rx: 141 KB/s (144960 B / 1000 ms) fsu=0 | cum_total=329051 B cum_segs=1372
   9.770  SINK rx: 142 KB/s (145440 B / 1000 ms) fsu=0 | cum_total=474491 B cum_segs=1978
  10.745  SINK rx: 141 KB/s (145195 B / 1000 ms) fsu=0 | cum_total=619686 B cum_segs=2583
  11.791  SINK rx: 141 KB/s (144960 B / 1000 ms) fsu=0 | cum_total=764646 B cum_segs=3187
  12.794  SINK rx: 141 KB/s (145205 B / 1000 ms) fsu=0 | cum_total=909851 B cum_segs=3792
  13.791  SINK rx: 139 KB/s (143275 B / 1000 ms) fsu=0 | cum_total=1053126 B cum_segs=4389
  14.826  SINK rx: 141 KB/s (145205 B / 1000 ms) fsu=0 | cum_total=1198331 B cum_segs=4994
  15.819  SINK rx: 140 KB/s (143755 B / 1000 ms) fsu=0 | cum_total=1342086 B cum_segs=5593
  16.810  SINK rx: 142 KB/s (145440 B / 1000 ms) fsu=0 | cum_total=1487526 B cum_segs=6199
  17.832  SINK rx: 142 KB/s (145440 B / 1000 ms) fsu=0 | cum_total=1632966 B cum_segs=6805
  18.865  SINK rx: 141 KB/s (145205 B / 1000 ms) fsu=0 | cum_total=1778171 B cum_segs=7410
  19.861  SINK rx: 140 KB/s (143755 B / 1000 ms) fsu=0 | cum_total=1921926 B cum_segs=8009
  20.833  SINK rx: 142 KB/s (145440 B / 1000 ms) fsu=0 | cum_total=2067366 B cum_segs=8615
  21.878  SINK rx: 142 KB/s (145440 B / 1000 ms) fsu=0 | cum_total=2212806 B cum_segs=9221
  22.854  SINK rx: 139 KB/s (143040 B / 1000 ms) fsu=0 | cum_total=2355846 B cum_segs=9817
  23.899  SINK rx: 139 KB/s (142805 B / 1000 ms) fsu=0 | cum_total=2498651 B cum_segs=10412
  24.886  SINK rx: 140 KB/s (144235 B / 1000 ms) fsu=0 | cum_total=2642886 B cum_segs=11013
  25.893  SINK rx: 142 KB/s (145440 B / 1000 ms) fsu=0 | cum_total=2788326 B cum_segs=11619
  26.914  SINK rx: 141 KB/s (144960 B / 1000 ms) fsu=0 | cum_total=2933286 B cum_segs=12223
  27.891  SINK rx: 141 KB/s (144960 B / 1000 ms) fsu=0 | cum_total=3078246 B cum_segs=12827
  28.934  SINK rx: 142 KB/s (145440 B / 1000 ms) fsu=0 | cum_total=3223686 B cum_segs=13433
  29.920  SINK rx: 142 KB/s (145440 B / 1000 ms) fsu=0 | cum_total=3369126 B cum_segs=14039
  30.944  SINK rx: 141 KB/s (144960 B / 1000 ms) fsu=0 | cum_total=3514086 B cum_segs=14643
  31.967  SINK rx: 141 KB/s (144960 B / 1000 ms) fsu=0 | cum_total=3659046 B cum_segs=15247
