   0.933  Q2CONN AA=eb8d118c CRCINIT=888580 hop=13 chan_count=37 map=ffffffff1f
   0.933  GAP connected interval=50000
   0.933  MTU err=0 mtu=247
   0.933  PHY tx=2 rx=2
   0.933  t=1s RTT mean=0 min=0 max=0 n=0 to=0 | cancels=0(+0/s) seqbad=0 len_bad=0 disc=0(0x00) | tot_n=0 tot_to=0 maxever=0 >2ms=0 >5ms=0 >15ms=0 >20ms=0 >30ms=0 | probes=0 wrfail=0 down=1s maxout=1s
   1.338  discovery start (post-PHY +500ms) interval=50000 phy2m=1
   1.338  SUBSCRIBED, vh=14
   1.338  BLAST: phy_update->2M rc=0
   1.338  BLASTC comp=1 exkBps=0 cgap_us[min/avg/max]=4294967295/0/0
   1.338  BLAST phy=2/2 att=1 ok=1 enomem=0 err=0 call_us[min/avg/max]=125/125/125 okgap_max_us=0
   1.338  BLAST first16_call_us: 125 124 120 120 121 121 120 120 120 120 120 121 120 120 120 120
   2.088  *** Booting Zephyr OS build v4.4.2-16-gfee9fbc62095 ***
   2.088  [00:08:03.993,550] [0m<inf> bt_hci_core: HW Platform: Nordic Semiconductor (0x0002)[0m
   2.088  [00:08:03.993,562] [0m<inf> bt_hci_core: HW Variant: nRF54Lx (0x0005)[0m
   2.088  [00:08:03.993,574] [0m<inf> bt_hci_core: Firmware: Standard Bluetooth controller (0x00) Version 4.4 Build 2[0m
   2.088  [00:08:03.993,941] [0m<inf> bt_hci_core: HCI transport: Controller[0m
   2.088  [00:08:03.993,989] [0m<inf> bt_hci_core: Identity: FC:BE:FF:FA:E6:8B (random)[0m
   2.088  [00:08:03.994,005] [0m<inf> bt_hci_core: HCI: version 5.4 (0x0d) revision 0x0000, manufacturer 0x05f1[0m
   2.141  [00:08:03.994,020] [0m<inf> bt_hci_core: LMP: version 5.4 (0x0d) subver 0xffff[0m
   2.141  
   2.141  === nRF54L15 RTT ping-pong CENTRAL ===
   2.141  scan rc=0
   3.119  Q2CONN AA=ca53ede3 CRCINIT=593aa6 hop=14 chan_count=37 map=ffffffff1f
   3.119  GAP connected interval=50000
   3.119  MTU err=0 mtu=247
   3.119  PHY tx=2 rx=2
   3.172  t=1s RTT mean=0 min=0 max=0 n=0 to=0 | cancels=0(+0/s) seqbad=0 len_bad=0 disc=0(0x00) | tot_n=0 tot_to=0 maxever=0 >2ms=0 >5ms=0 >15ms=0 >20ms=0 >30ms=0 | probes=0 wrfail=0 down=1s maxout=1s
   3.520  discovery start (post-PHY +500ms) interval=50000 phy2m=1
   3.520  SUBSCRIBED, vh=14
   3.520  BLAST: phy_update->2M rc=0
   3.520  BLASTC comp=1 exkBps=0 cgap_us[min/avg/max]=4294967295/0/0
   3.520  BLAST phy=2/2 att=1 ok=1 enomem=0 err=0 call_us[min/avg/max]=125/125/125 okgap_max_us=0
   3.520  BLAST first16_call_us: 125 144 141 143 138 136 135 136 136 135 136 216 137 153 187 124
   4.628  PHY tx=2 rx=2
   4.628  t=2s RTT mean=0 min=0 max=0 n=0 to=0 | cancels=0(+0/s) seqbad=0 len_bad=0 disc=0(0x00) | tot_n=0 tot_to=0 maxever=0 >2ms=0 >5ms=0 >15ms=0 >20ms=0 >30ms=0 | probes=0 wrfail=0 down=1s maxout=1s
   4.628  BLASTC comp=289 exkBps=0 cgap_us[min/avg/max]=130/1896/149424
   4.628  BLAST phy=2/2 att=309 ok=309 enomem=0 err=0 call_us[min/avg/max]=52/1761/148243 okgap_max_us=148255
   6.062  t=3s RTT mean=0 min=0 max=0 n=0 to=0 | cancels=0(+0/s) seqbad=0 len_bad=0 disc=0(0x00) | tot_n=0 tot_to=0 maxever=0 >2ms=0 >5ms=0 >15ms=0 >20ms=0 >30ms=0 | probes=0 wrfail=0 down=1s maxout=1s
   6.062  BLASTC comp=700 exkBps=0 cgap_us[min/avg/max]=1390/1428/2644
   6.117  BLAST phy=2/2 att=700 ok=700 enomem=0 err=0 call_us[min/avg/max]=1321/1417/2633 okgap_max_us=2644
   6.117  t=4s RTT mean=0 min=0 max=0 n=0 to=0 | cancels=0(+0/s) seqbad=0 len_bad=0 disc=0(0x00) | tot_n=0 tot_to=0 maxever=0 >2ms=0 >5ms=0 >15ms=0 >20ms=0 >30ms=0 | probes=0 wrfail=0 down=1s maxout=1s
   6.117  BLASTC comp=700 exkBps=0 cgap_us[min/avg/max]=1387/1428/2645
   6.117  BLAST phy=2/2 att=700 ok=700 enomem=0 err=0 call_us[min/avg/max]=1320/1417/2634 okgap_max_us=2645
   7.461  FSU: request [52..52] us (ACL both dirs, 1M+2M) rc=0
   7.461  FSU: updated status=0x00 spacing=52 us phys=0x3 types=0x3 initiator=0
   7.461  BLASTC comp=729 exkBps=0 cgap_us[min/avg/max]=1196/1371/45824
   7.522  BLAST phy=2/2 att=729 ok=729 enomem=0 err=0 call_us[min/avg/max]=1119/1359/45814 okgap_max_us=45825
   7.522  t=5s RTT mean=0 min=0 max=0 n=0 to=0 | cancels=0(+0/s) seqbad=0 len_bad=0 disc=0(0x00) | tot_n=0 tot_to=0 maxever=0 >2ms=0 >5ms=0 >15ms=0 >20ms=0 >30ms=0 | probes=0 wrfail=0 down=1s maxout=1s
   9.067  BLASTC comp=750 exkBps=0 cgap_us[min/avg/max]=1195/1333/39238
   9.067  BLAST phy=2/2 att=750 ok=750 enomem=0 err=0 call_us[min/avg/max]=1119/1321/39228 okgap_max_us=39239
   9.128  t=6s RTT mean=0 min=0 max=0 n=0 to=0 | cancels=0(+0/s) seqbad=0 len_bad=0 disc=0(0x00) | tot_n=0 tot_to=0 maxever=0 >2ms=0 >5ms=0 >15ms=0 >20ms=0 >30ms=0 | probes=0 wrfail=0 down=1s maxout=1s
   9.128  BLASTC comp=810 exkBps=0 cgap_us[min/avg/max]=1195/1234/14090
   9.128  BLAST phy=2/2 att=810 ok=810 enomem=0 err=0 call_us[min/avg/max]=1119/1223/14080 okgap_max_us=14092
   9.128  t=7s RTT mean=0 min=0 max=0 n=0 to=0 | cancels=0(+0/s) seqbad=0 len_bad=0 disc=0(0x00) | tot_n=0 tot_to=0 maxever=0 >2ms=0 >5ms=0 >15ms=0 >20ms=0 >30ms=0 | probes=0 wrfail=0 down=1s maxout=1s
  11.057  BLASTC comp=802 exkBps=0 cgap_us[min/avg/max]=1191/1246/23667
  11.058  BLAST phy=2/2 att=802 ok=802 enomem=0 err=0 call_us[min/avg/max]=1112/1235/23657 okgap_max_us=23668
  11.118  t=8s RTT mean=0 min=0 max=0 n=0 to=0 | cancels=0(+0/s) seqbad=0 len_bad=0 disc=0(0x00) | tot_n=0 tot_to=0 maxever=0 >2ms=0 >5ms=0 >15ms=0 >20ms=0 >30ms=0 | probes=0 wrfail=0 down=1s maxout=1s
  11.118  BLASTC comp=786 exkBps=0 cgap_us[min/avg/max]=1191/1272/42819
  11.118  BLAST phy=2/2 att=786 ok=786 enomem=0 err=0 call_us[min/avg/max]=1119/1260/42809 okgap_max_us=42820
  11.118  t=9s RTT mean=0 min=0 max=0 n=0 to=0 | cancels=0(+0/s) seqbad=0 len_bad=0 disc=0(0x00) | tot_n=0 tot_to=0 maxever=0 >2ms=0 >5ms=0 >15ms=0 >20ms=0 >30ms=0 | probes=0 wrfail=0 down=1s maxout=1s
  13.087  BLASTC comp=820 exkBps=0 cgap_us[min/avg/max]=1187/1219/2128
  13.087  BLAST phy=2/2 att=820 ok=820 enomem=0 err=0 call_us[min/avg/max]=1100/1208/2117 okgap_max_us=2129
  13.087  t=10s RTT mean=0 min=0 max=0 n=0 to=0 | cancels=0(+0/s) seqbad=0 len_bad=0 disc=0(0x00) | tot_n=0 tot_to=0 maxever=0 >2ms=0 >5ms=0 >15ms=0 >20ms=0 >30ms=0 | probes=0 wrfail=0 down=1s maxout=1s
  13.087  BLASTC comp=809 exkBps=0 cgap_us[min/avg/max]=1196/1236/15287
  13.147  BLAST phy=2/2 att=809 ok=809 enomem=0 err=0 call_us[min/avg/max]=1118/1224/15277 okgap_max_us=15289
  13.147  t=11s RTT mean=0 min=0 max=0 n=0 to=0 | cancels=0(+0/s) seqbad=0 len_bad=0 disc=0(0x00) | tot_n=0 tot_to=0 maxever=0 >2ms=0 >5ms=0 >15ms=0 >20ms=0 >30ms=0 | probes=0 wrfail=0 down=1s maxout=1s
  15.067  BLASTC comp=817 exkBps=0 cgap_us[min/avg/max]=1188/1223/5712
  15.067  BLAST phy=2/2 att=817 ok=817 enomem=0 err=0 call_us[min/avg/max]=1101/1212/5702 okgap_max_us=5713
  15.120  t=12s RTT mean=0 min=0 max=0 n=0 to=0 | cancels=0(+0/s) seqbad=0 len_bad=0 disc=0(0x00) | tot_n=0 tot_to=0 maxever=0 >2ms=0 >5ms=0 >15ms=0 >20ms=0 >30ms=0 | probes=0 wrfail=0 down=1s maxout=1s
  15.120  BLASTC comp=820 exkBps=0 cgap_us[min/avg/max]=1196/1219/2130
  15.120  BLAST phy=2/2 att=820 ok=820 enomem=0 err=0 call_us[min/avg/max]=1118/1208/2119 okgap_max_us=2131
  15.120  t=13s RTT mean=0 min=0 max=0 n=0 to=0 | cancels=0(+0/s) seqbad=0 len_bad=0 disc=0(0x00) | tot_n=0 tot_to=0 maxever=0 >2ms=0 >5ms=0 >15ms=0 >20ms=0 >30ms=0 | probes=0 wrfail=0 down=1s maxout=1s
  17.098  BLASTC comp=775 exkBps=0 cgap_us[min/avg/max]=1188/1290/41622
  17.098  BLAST phy=2/2 att=775 ok=775 enomem=0 err=0 call_us[min/avg/max]=1101/1278/41611 okgap_max_us=41622
  17.098  t=14s RTT mean=0 min=0 max=0 n=0 to=0 | cancels=0(+0/s) seqbad=0 len_bad=0 disc=0(0x00) | tot_n=0 tot_to=0 maxever=0 >2ms=0 >5ms=0 >15ms=0 >20ms=0 >30ms=0 | probes=0 wrfail=0 down=1s maxout=1s
  17.098  BLASTC comp=806 exkBps=0 cgap_us[min/avg/max]=1196/1240/18878
  17.098  BLAST phy=2/2 att=806 ok=806 enomem=0 err=0 call_us[min/avg/max]=1118/1229/18868 okgap_max_us=18880
  17.158  t=15s RTT mean=0 min=0 max=0 n=0 to=0 | cancels=0(+0/s) seqbad=0 len_bad=0 disc=0(0x00) | tot_n=0 tot_to=0 maxever=0 >2ms=0 >5ms=0 >15ms=0 >20ms=0 >30ms=0 | probes=0 wrfail=0 down=1s maxout=1s
  19.075  BLASTC comp=788 exkBps=0 cgap_us[min/avg/max]=1188/1269/39228
  19.075  BLAST phy=2/2 att=788 ok=788 enomem=0 err=0 call_us[min/avg/max]=1100/1257/39217 okgap_max_us=39229
  19.075  t=16s RTT mean=0 min=0 max=0 n=0 to=0 | cancels=0(+0/s) seqbad=0 len_bad=0 disc=0(0x00) | tot_n=0 tot_to=0 maxever=0 >2ms=0 >5ms=0 >15ms=0 >20ms=0 >30ms=0 | probes=0 wrfail=0 down=1s maxout=1s
  19.134  BLASTC comp=797 exkBps=0 cgap_us[min/avg/max]=1187/1254/29655
  19.134  BLAST phy=2/2 att=797 ok=797 enomem=0 err=0 call_us[min/avg/max]=1038/1243/29645 okgap_max_us=29656
  19.134  t=17s RTT mean=0 min=0 max=0 n=0 to=0 | cancels=0(+0/s) seqbad=0 len_bad=0 disc=0(0x00) | tot_n=0 tot_to=0 maxever=0 >2ms=0 >5ms=0 >15ms=0 >20ms=0 >30ms=0 | probes=0 wrfail=0 down=1s maxout=1s
  21.090  BLASTC comp=819 exkBps=0 cgap_us[min/avg/max]=1188/1221/2390
  21.090  BLAST phy=2/2 att=819 ok=819 enomem=0 err=0 call_us[min/avg/max]=1100/1209/2379 okgap_max_us=2390
  21.090  t=18s RTT mean=0 min=0 max=0 n=0 to=0 | cancels=0(+0/s) seqbad=0 len_bad=0 disc=0(0x00) | tot_n=0 tot_to=0 maxever=0 >2ms=0 >5ms=0 >15ms=0 >20ms=0 >30ms=0 | probes=0 wrfail=0 down=1s maxout=1s
  21.090  BLASTC comp=766 exkBps=0 cgap_us[min/avg/max]=1195/1305/46410
  21.090  BLAST phy=2/2 att=766 ok=766 enomem=0 err=0 call_us[min/avg/max]=1119/1294/46400 okgap_max_us=46411
  21.144  t=19s RTT mean=0 min=0 max=0 n=0 to=0 | cancels=0(+0/s) seqbad=0 len_bad=0 disc=0(0x00) | tot_n=0 tot_to=0 maxever=0 >2ms=0 >5ms=0 >15ms=0 >20ms=0 >30ms=0 | probes=0 wrfail=0 down=1s maxout=1s
  23.047  BLASTC comp=800 exkBps=0 cgap_us[min/avg/max]=1188/1250/22469
  23.106  BLAST phy=2/2 att=800 ok=800 enomem=0 err=0 call_us[min/avg/max]=1100/1238/22458 okgap_max_us=22470
  23.106  t=20s RTT mean=0 min=0 max=0 n=0 to=0 | cancels=0(+0/s) seqbad=0 len_bad=0 disc=0(0x00) | tot_n=0 tot_to=0 maxever=0 >2ms=0 >5ms=0 >15ms=0 >20ms=0 >30ms=0 | probes=0 wrfail=0 down=1s maxout=1s
  23.106  BLASTC comp=820 exkBps=0 cgap_us[min/avg/max]=1195/1219/2129
  23.106  BLAST phy=2/2 att=820 ok=820 enomem=0 err=0 call_us[min/avg/max]=1119/1208/2118 okgap_max_us=2129
  23.158  t=21s RTT mean=0 min=0 max=0 n=0 to=0 | cancels=0(+0/s) seqbad=0 len_bad=0 disc=0(0x00) | tot_n=0 tot_to=0 maxever=0 >2ms=0 >5ms=0 >15ms=0 >20ms=0 >30ms=0 | probes=0 wrfail=0 down=1s maxout=1s
  25.085  BLASTC comp=820 exkBps=0 cgap_us[min/avg/max]=1188/1219/2129
  25.085  BLAST phy=2/2 att=820 ok=820 enomem=0 err=0 call_us[min/avg/max]=1101/1208/2117 okgap_max_us=2129
  25.085  t=22s RTT mean=0 min=0 max=0 n=0 to=0 | cancels=0(+0/s) seqbad=0 len_bad=0 disc=0(0x00) | tot_n=0 tot_to=0 maxever=0 >2ms=0 >5ms=0 >15ms=0 >20ms=0 >30ms=0 | probes=0 wrfail=0 down=1s maxout=1s
  25.085  BLASTC comp=814 exkBps=0 cgap_us[min/avg/max]=1192/1228/8106
  25.145  BLAST phy=2/2 att=814 ok=814 enomem=0 err=0 call_us[min/avg/max]=1119/1217/8095 okgap_max_us=8107
  25.145  t=23s RTT mean=0 min=0 max=0 n=0 to=0 | cancels=0(+0/s) seqbad=0 len_bad=0 disc=0(0x00) | tot_n=0 tot_to=0 maxever=0 >2ms=0 >5ms=0 >15ms=0 >20ms=0 >30ms=0 | probes=0 wrfail=0 down=1s maxout=1s
  27.076  BLASTC comp=820 exkBps=0 cgap_us[min/avg/max]=1188/1219/2129
  27.077  BLAST phy=2/2 att=820 ok=820 enomem=0 err=0 call_us[min/avg/max]=1100/1208/2118 okgap_max_us=2129
  27.077  t=24s RTT mean=0 min=0 max=0 n=0 to=0 | cancels=0(+0/s) seqbad=0 len_bad=0 disc=0(0x00) | tot_n=0 tot_to=0 maxever=0 >2ms=0 >5ms=0 >15ms=0 >20ms=0 >30ms=0 | probes=0 wrfail=0 down=1s maxout=1s
  27.136  BLASTC comp=820 exkBps=0 cgap_us[min/avg/max]=1195/1219/2128
  27.137  BLAST phy=2/2 att=820 ok=820 enomem=0 err=0 call_us[min/avg/max]=1119/1208/2117 okgap_max_us=2129
  27.137  t=25s RTT mean=0 min=0 max=0 n=0 to=0 | cancels=0(+0/s) seqbad=0 len_bad=0 disc=0(0x00) | tot_n=0 tot_to=0 maxever=0 >2ms=0 >5ms=0 >15ms=0 >20ms=0 >30ms=0 | probes=0 wrfail=0 down=1s maxout=1s
  29.067  BLASTC comp=788 exkBps=0 cgap_us[min/avg/max]=1187/1269/21274
  29.067  BLAST phy=2/2 att=788 ok=788 enomem=0 err=0 call_us[min/avg/max]=1101/1257/21263 okgap_max_us=21274
  29.119  t=26s RTT mean=0 min=0 max=0 n=0 to=0 | cancels=0(+0/s) seqbad=0 len_bad=0 disc=0(0x00) | tot_n=0 tot_to=0 maxever=0 >2ms=0 >5ms=0 >15ms=0 >20ms=0 >30ms=0 | probes=0 wrfail=0 down=1s maxout=1s
  29.119  BLASTC comp=766 exkBps=0 cgap_us[min/avg/max]=1193/1305/52119
  29.119  BLAST phy=2/2 att=766 ok=766 enomem=0 err=0 call_us[min/avg/max]=1119/1294/52109 okgap_max_us=52120
  29.120  t=27s RTT mean=0 min=0 max=0 n=0 to=0 | cancels=0(+0/s) seqbad=0 len_bad=0 disc=0(0x00) | tot_n=0 tot_to=0 maxever=0 >2ms=0 >5ms=0 >15ms=0 >20ms=0 >30ms=0 | probes=0 wrfail=0 down=1s maxout=1s
  31.089  BLASTC comp=761 exkBps=0 cgap_us[min/avg/max]=1188/1314/41622
  31.089  BLAST phy=2/2 att=761 ok=761 enomem=0 err=0 call_us[min/avg/max]=1101/1302/41611 okgap_max_us=41623
  31.089  t=28s RTT mean=0 min=0 max=0 n=0 to=0 | cancels=0(+0/s) seqbad=0 len_bad=0 disc=0(0x00) | tot_n=0 tot_to=0 maxever=0 >2ms=0 >5ms=0 >15ms=0 >20ms=0 >30ms=0 | probes=0 wrfail=0 down=1s maxout=1s
  31.089  BLASTC comp=820 exkBps=0 cgap_us[min/avg/max]=1193/1219/2129
  31.089  BLAST phy=2/2 att=820 ok=820 enomem=0 err=0 call_us[min/avg/max]=1119/1208/2118 okgap_max_us=2129
  31.149  t=29s RTT mean=0 min=0 max=0 n=0 to=0 | cancels=0(+0/s) seqbad=0 len_bad=0 disc=0(0x00) | tot_n=0 tot_to=0 maxever=0 >2ms=0 >5ms=0 >15ms=0 >20ms=0 >30ms=0 | probes=0 wrfail=0 down=1s maxout=1s
