   0.060  PHY: tx=2 rx=2 (2=2M)
   0.060  dle req rc=0
   0.120  DLE: tx_max=251 rx_max=251
   0.120  l2cap_chan_connect rc=0
   0.181  L2CAP connected: tx.mtu=512 tx.mps=247 tx.credits=0 rx.mtu=245 rx.mps=247
   0.181  GATE conn: interval=12 (units 1.25ms) => 15.00 ms
   0.181  Q3FSU-REQ role=C auto min=52 max=52 phys=0x2 rc=0
   0.181  Q3FSU-DONE role=C status=0x00 spacing=65 types=0x3 phys=0x2 initiator=0
   0.457  blasting 480-byte SDUs...
   2.041  *** Booting nRF Connect SDK v3.4.0-99553055607b ***
   2.041  *** Using Zephyr OS v4.4.0-bf801e4e3d19 ***
   2.041  
   2.101  === nRF52840 L2CAP CoC central (Zephyr 4.4.1) ===
   2.101  scan start rc=0
   2.161  found D6:C7:60:B1:D3:0E (random) (rssi -35), connecting
   2.161  GAP connected
   2.161  phy req rc=0
   2.334  PHY: tx=2 rx=2 (2=2M)
   2.335  dle req rc=0
   2.394  DLE: tx_max=251 rx_max=251
   2.394  l2cap_chan_connect rc=0
   2.395  L2CAP connected: tx.mtu=512 tx.mps=247 tx.credits=0 rx.mtu=245 rx.mps=247
   2.395  GATE conn: interval=12 (units 1.25ms) => 15.00 ms
   2.455  Q3FSU-REQ role=C auto min=52 max=52 phys=0x2 rc=0
   2.455  Q3FSU-DONE role=C status=0x00 spacing=65 types=0x3 phys=0x2 initiator=0
   2.749  blasting 480-byte SDUs...
  12.086  RPT occ: (SDC no-occ) fsu=65 | sender: sent=3183(+3183 SDU) eagain=0(+0) poolfail=0(+0)
  22.094  RPT occ: (SDC no-occ) fsu=65 | sender: sent=6518(+3335 SDU) eagain=0(+0) poolfail=0(+0)
