   1.770  found D6:C7:60:B1:D3:0E (random) (rssi -35), connecting
   1.770  GAP connected
   1.770  phy req rc=0
   2.063  *** Booting nRF Connect SDK v3.4.0-99553055607b ***
   2.063  *** Using Zephyr OS v4.4.0-bf801e4e3d19 ***
   2.063  
   2.063  === nRF52840 L2CAP CoC central (Zephyr 4.4.1) ===
   2.063  scan start rc=0
   5.985  found D6:C7:60:B1:D3:0E (random) (rssi -33), connecting
   5.985  GAP connected
   6.042  phy req rc=0
   6.337  PHY: tx=2 rx=2 (2=2M)
   6.337  dle req rc=0
   6.512  DLE: tx_max=251 rx_max=251
   6.512  l2cap_chan_connect rc=0
   6.572  L2CAP connected: tx.mtu=512 tx.mps=247 tx.credits=0 rx.mtu=245 rx.mps=247
   6.572  GATE conn: interval=30 (units 1.25ms) => 37.50 ms
   6.572  Q3FSU-REQ role=C auto min=150 max=150 phys=0x2 rc=0
   6.692  Q3FSU-DONE role=C status=0x00 spacing=150 types=0x0 phys=0x0 initiator=0
   6.916  blasting 480-byte SDUs...
  12.047  RPT occ: (SDC no-occ) fsu=150 | sender: sent=1776(+1776 SDU) eagain=0(+0) poolfail=0(+0)
  22.094  RPT occ: (SDC no-occ) fsu=150 | sender: sent=5067(+3291 SDU) eagain=0(+0) poolfail=0(+0)
