   0.453  P t=450s rxkBps=0 blkkBps=0 pongs=17113(+0/s) cancels=0(+0/s) notify=1 disc=1(0x08) | echo rx=0 tx=0 pend=0 stale=0
   0.513  P t=451s rxkBps=0 blkkBps=0 pongs=17113(+0/s) cancels=0(+0/s) notify=1 disc=1(0x08) | echo rx=0 tx=0 pend=0 stale=0
   1.733  *** Booting Zephyr OS build v4.4.2-16-gfee9fbc62095 ***
   1.733  [01:11:02.967,903] [0m<inf> bt_hci_core: HW Platform: Nordic Semiconductor (0x0002)[0m
   1.733  [01:11:02.967,915] [0m<inf> bt_hci_core: HW Variant: nRF54Lx (0x0005)[0m
   1.733  [01:11:02.967,927] [0m<inf> bt_hci_core: Firmware: Standard Bluetooth controller (0x00) Version 4.4 Build 2[0m
   1.733  [01:11:02.968,269] [0m<inf> bt_hci_core: HCI transport: Controller[0m
   1.733  [01:11:02.968,315] [0m<inf> bt_hci_core: Identity: D6:C7:60:B1:D3:0E (random)[0m
   1.733  [01:11:02.968,331] [0m<inf> bt_hci_core: HCI: version 5.4 (0x0d) revision 0x0000, manufacturer 0x05f1[0m
   1.793  [01:11:02.968,346] [0m<inf> bt_hci_core: LMP: version 5.4 (0x0d) subver 0xffff[0m
   1.793  
   1.793  === nRF54L15 RTT ping-pong PERIPHERAL (echo) ===
   1.793  advertising
   1.793  GAP connected interval=7500
   2.837  PHY tx=2 rx=2
   2.837  P t=1s rxkBps=0 blkkBps=0 pongs=0(+0/s) cancels=0(+0/s) notify=0 disc=0(0x00) | echo rx=0 tx=0 pend=0 stale=0
   4.684  P t=2s rxkBps=0 blkkBps=0 pongs=0(+0/s) cancels=0(+0/s) notify=0 disc=0(0x00) | echo rx=0 tx=0 pend=0 stale=0
   4.744  P t=3s rxkBps=0 blkkBps=0 pongs=0(+0/s) cancels=0(+0/s) notify=0 disc=0(0x00) | echo rx=0 tx=0 pend=0 stale=0
   6.732  P t=4s rxkBps=0 blkkBps=0 pongs=0(+0/s) cancels=0(+0/s) notify=0 disc=0(0x00) | echo rx=0 tx=0 pend=0 stale=0
   6.732  GAP disconnected 0x08  lifetime=-1ms pongs_in_conn=0
   6.732  advertising
   6.732  GAP connected interval=7500
   6.732  PHY tx=2 rx=2
   6.732  CCC: notify ENABLED
   6.732  P t=5s rxkBps=0 blkkBps=0 pongs=5(+5/s) cancels=0(+0/s) notify=1 disc=1(0x08) | echo rx=0 tx=0 pend=0 stale=0
   8.715  P t=6s rxkBps=0 blkkBps=0 pongs=69(+64/s) cancels=0(+0/s) notify=1 disc=1(0x08) | echo rx=0 tx=0 pend=0 stale=0
   8.716  P t=7s rxkBps=0 blkkBps=0 pongs=135(+66/s) cancels=0(+0/s) notify=1 disc=1(0x08) | echo rx=0 tx=0 pend=0 stale=0
  10.710  P t=8s rxkBps=0 blkkBps=0 pongs=197(+62/s) cancels=0(+0/s) notify=1 disc=1(0x08) | echo rx=0 tx=0 pend=0 stale=0
  10.710  P t=9s rxkBps=0 blkkBps=0 pongs=262(+65/s) cancels=0(+0/s) notify=1 disc=1(0x08) | echo rx=0 tx=0 pend=0 stale=0
  12.726  P t=10s rxkBps=0 blkkBps=0 pongs=329(+67/s) cancels=0(+0/s) notify=1 disc=1(0x08) | echo rx=0 tx=0 pend=0 stale=0
  12.726  P t=11s rxkBps=0 blkkBps=0 pongs=395(+66/s) cancels=0(+0/s) notify=1 disc=1(0x08) | echo rx=0 tx=0 pend=0 stale=0
  14.720  P t=12s rxkBps=0 blkkBps=0 pongs=461(+66/s) cancels=0(+0/s) notify=1 disc=1(0x08) | echo rx=0 tx=0 pend=0 stale=0
  14.721  P t=13s rxkBps=0 blkkBps=0 pongs=528(+67/s) cancels=0(+0/s) notify=1 disc=1(0x08) | echo rx=0 tx=0 pend=0 stale=0
  16.704  P t=14s rxkBps=0 blkkBps=0 pongs=594(+66/s) cancels=0(+0/s) notify=1 disc=1(0x08) | echo rx=0 tx=0 pend=0 stale=0
  16.704  P t=15s rxkBps=0 blkkBps=0 pongs=659(+65/s) cancels=0(+0/s) notify=1 disc=1(0x08) | echo rx=0 tx=0 pend=0 stale=0
  18.718  P t=16s rxkBps=0 blkkBps=0 pongs=726(+67/s) cancels=0(+0/s) notify=1 disc=1(0x08) | echo rx=0 tx=0 pend=0 stale=0
  18.718  P t=17s rxkBps=0 blkkBps=0 pongs=790(+64/s) cancels=0(+0/s) notify=1 disc=1(0x08) | echo rx=0 tx=0 pend=0 stale=0
  20.716  P t=18s rxkBps=0 blkkBps=0 pongs=856(+66/s) cancels=0(+0/s) notify=1 disc=1(0x08) | echo rx=0 tx=0 pend=0 stale=0
  20.716  P t=19s rxkBps=0 blkkBps=0 pongs=922(+66/s) cancels=0(+0/s) notify=1 disc=1(0x08) | echo rx=0 tx=0 pend=0 stale=0
  22.724  P t=20s rxkBps=0 blkkBps=0 pongs=987(+65/s) cancels=0(+0/s) notify=1 disc=1(0x08) | echo rx=0 tx=0 pend=0 stale=0
  22.724  P t=21s rxkBps=0 blkkBps=0 pongs=1052(+65/s) cancels=0(+0/s) notify=1 disc=1(0x08) | echo rx=0 tx=0 pend=0 stale=0
  24.713  P t=22s rxkBps=0 blkkBps=0 pongs=1119(+67/s) cancels=0(+0/s) notify=1 disc=1(0x08) | echo rx=0 tx=0 pend=0 stale=0
  24.713  P t=23s rxkBps=0 blkkBps=0 pongs=1184(+65/s) cancels=0(+0/s) notify=1 disc=1(0x08) | echo rx=0 tx=0 pend=0 stale=0
  26.746  P t=24s rxkBps=0 blkkBps=0 pongs=1251(+67/s) cancels=0(+0/s) notify=1 disc=1(0x08) | echo rx=0 tx=0 pend=0 stale=0
  26.746  P t=25s rxkBps=0 blkkBps=0 pongs=1316(+65/s) cancels=0(+0/s) notify=1 disc=1(0x08) | echo rx=0 tx=0 pend=0 stale=0
  28.701  P t=26s rxkBps=0 blkkBps=0 pongs=1379(+63/s) cancels=0(+0/s) notify=1 disc=1(0x08) | echo rx=0 tx=0 pend=0 stale=0
  28.701  P t=27s rxkBps=0 blkkBps=0 pongs=1444(+65/s) cancels=0(+0/s) notify=1 disc=1(0x08) | echo rx=0 tx=0 pend=0 stale=0
  30.735  P t=28s rxkBps=0 blkkBps=0 pongs=1509(+65/s) cancels=0(+0/s) notify=1 disc=1(0x08) | echo rx=0 tx=0 pend=0 stale=0
  30.736  P t=29s rxkBps=0 blkkBps=0 pongs=1573(+64/s) cancels=0(+0/s) notify=1 disc=1(0x08) | echo rx=0 tx=0 pend=0 stale=0
  32.690  P t=30s rxkBps=0 blkkBps=0 pongs=1638(+65/s) cancels=0(+0/s) notify=1 disc=1(0x08) | echo rx=0 tx=0 pend=0 stale=0
  32.751  P t=31s rxkBps=0 blkkBps=0 pongs=1702(+64/s) cancels=0(+0/s) notify=1 disc=1(0x08) | echo rx=0 tx=0 pend=0 stale=0
  34.724  P t=32s rxkBps=0 blkkBps=0 pongs=1767(+65/s) cancels=0(+0/s) notify=1 disc=1(0x08) | echo rx=0 tx=0 pend=0 stale=0
  34.724  P t=33s rxkBps=0 blkkBps=0 pongs=1834(+67/s) cancels=0(+0/s) notify=1 disc=1(0x08) | echo rx=0 tx=0 pend=0 stale=0
  36.693  P t=34s rxkBps=0 blkkBps=0 pongs=1898(+64/s) cancels=0(+0/s) notify=1 disc=1(0x08) | echo rx=0 tx=0 pend=0 stale=0
  36.754  P t=35s rxkBps=0 blkkBps=0 pongs=1964(+66/s) cancels=0(+0/s) notify=1 disc=1(0x08) | echo rx=0 tx=0 pend=0 stale=0
  38.695  P t=36s rxkBps=0 blkkBps=0 pongs=2028(+64/s) cancels=0(+0/s) notify=1 disc=1(0x08) | echo rx=0 tx=0 pend=0 stale=0
  38.755  P t=37s rxkBps=0 blkkBps=0 pongs=2093(+65/s) cancels=0(+0/s) notify=1 disc=1(0x08) | echo rx=0 tx=0 pend=0 stale=0
  40.744  P t=38s rxkBps=0 blkkBps=0 pongs=2158(+65/s) cancels=0(+0/s) notify=1 disc=1(0x08) | echo rx=0 tx=0 pend=0 stale=0
  40.744  P t=39s rxkBps=0 blkkBps=0 pongs=2224(+66/s) cancels=0(+0/s) notify=1 disc=1(0x08) | echo rx=0 tx=0 pend=0 stale=0
  42.737  P t=40s rxkBps=0 blkkBps=0 pongs=2289(+65/s) cancels=0(+0/s) notify=1 disc=1(0x08) | echo rx=0 tx=0 pend=0 stale=0
  42.737  P t=41s rxkBps=0 blkkBps=0 pongs=2353(+64/s) cancels=0(+0/s) notify=1 disc=1(0x08) | echo rx=0 tx=0 pend=0 stale=0
  44.741  P t=42s rxkBps=0 blkkBps=0 pongs=2418(+65/s) cancels=0(+0/s) notify=1 disc=1(0x08) | echo rx=0 tx=0 pend=0 stale=0
  44.741  P t=43s rxkBps=0 blkkBps=0 pongs=2483(+65/s) cancels=0(+0/s) notify=1 disc=1(0x08) | echo rx=0 tx=0 pend=0 stale=0
  46.730  P t=44s rxkBps=0 blkkBps=0 pongs=2547(+64/s) cancels=0(+0/s) notify=1 disc=1(0x08) | echo rx=0 tx=0 pend=0 stale=0
  46.731  P t=45s rxkBps=0 blkkBps=0 pongs=2612(+65/s) cancels=0(+0/s) notify=1 disc=1(0x08) | echo rx=0 tx=0 pend=0 stale=0
  48.699  P t=46s rxkBps=0 blkkBps=0 pongs=2676(+64/s) cancels=0(+0/s) notify=1 disc=1(0x08) | echo rx=0 tx=0 pend=0 stale=0
  48.759  P t=47s rxkBps=0 blkkBps=0 pongs=2742(+66/s) cancels=0(+0/s) notify=1 disc=1(0x08) | echo rx=0 tx=0 pend=0 stale=0
  50.733  P t=48s rxkBps=0 blkkBps=0 pongs=2807(+65/s) cancels=0(+0/s) notify=1 disc=1(0x08) | echo rx=0 tx=0 pend=0 stale=0
  50.733  P t=49s rxkBps=0 blkkBps=0 pongs=2872(+65/s) cancels=0(+0/s) notify=1 disc=1(0x08) | echo rx=0 tx=0 pend=0 stale=0
  52.712  P t=50s rxkBps=0 blkkBps=0 pongs=2937(+65/s) cancels=0(+0/s) notify=1 disc=1(0x08) | echo rx=0 tx=0 pend=0 stale=0
  52.712  P t=51s rxkBps=0 blkkBps=0 pongs=3003(+66/s) cancels=0(+0/s) notify=1 disc=1(0x08) | echo rx=0 tx=0 pend=0 stale=0
  54.709  P t=52s rxkBps=0 blkkBps=0 pongs=3067(+64/s) cancels=0(+0/s) notify=1 disc=1(0x08) | echo rx=0 tx=0 pend=0 stale=0
  54.709  P t=53s rxkBps=0 blkkBps=0 pongs=3133(+66/s) cancels=0(+0/s) notify=1 disc=1(0x08) | echo rx=0 tx=0 pend=0 stale=0
  56.700  P t=54s rxkBps=0 blkkBps=0 pongs=3198(+65/s) cancels=0(+0/s) notify=1 disc=1(0x08) | echo rx=0 tx=0 pend=0 stale=0
  56.760  P t=55s rxkBps=0 blkkBps=0 pongs=3262(+64/s) cancels=0(+0/s) notify=1 disc=1(0x08) | echo rx=0 tx=0 pend=0 stale=0
  58.699  P t=56s rxkBps=0 blkkBps=0 pongs=3328(+66/s) cancels=0(+0/s) notify=1 disc=1(0x08) | echo rx=0 tx=0 pend=0 stale=0
  58.754  P t=57s rxkBps=0 blkkBps=0 pongs=3394(+66/s) cancels=0(+0/s) notify=1 disc=1(0x08) | echo rx=0 tx=0 pend=0 stale=0
  60.701  P t=58s rxkBps=0 blkkBps=0 pongs=3460(+66/s) cancels=0(+0/s) notify=1 disc=1(0x08) | echo rx=0 tx=0 pend=0 stale=0
  60.757  P t=59s rxkBps=0 blkkBps=0 pongs=3526(+66/s) cancels=0(+0/s) notify=1 disc=1(0x08) | echo rx=0 tx=0 pend=0 stale=0
  62.750  P t=60s rxkBps=0 blkkBps=0 pongs=3590(+64/s) cancels=0(+0/s) notify=1 disc=1(0x08) | echo rx=0 tx=0 pend=0 stale=0
  62.751  P t=61s rxkBps=0 blkkBps=0 pongs=3656(+66/s) cancels=0(+0/s) notify=1 disc=1(0x08) | echo rx=0 tx=0 pend=0 stale=0
  64.743  P t=62s rxkBps=0 blkkBps=0 pongs=3721(+65/s) cancels=0(+0/s) notify=1 disc=1(0x08) | echo rx=0 tx=0 pend=0 stale=0
  64.743  P t=63s rxkBps=0 blkkBps=0 pongs=3787(+66/s) cancels=0(+0/s) notify=1 disc=1(0x08) | echo rx=0 tx=0 pend=0 stale=0
  66.702  P t=64s rxkBps=0 blkkBps=0 pongs=3853(+66/s) cancels=0(+0/s) notify=1 disc=1(0x08) | echo rx=0 tx=0 pend=0 stale=0
  66.703  P t=65s rxkBps=0 blkkBps=0 pongs=3918(+65/s) cancels=0(+0/s) notify=1 disc=1(0x08) | echo rx=0 tx=0 pend=0 stale=0
  68.743  P t=66s rxkBps=0 blkkBps=139 pongs=3953(+35/s) cancels=0(+0/s) notify=1 disc=1(0x08) | echo rx=0 tx=0 pend=0 stale=0
  68.743  P t=67s rxkBps=0 blkkBps=139 pongs=3987(+34/s) cancels=0(+0/s) notify=1 disc=1(0x08) | echo rx=0 tx=0 pend=0 stale=0
  70.712  P t=68s rxkBps=0 blkkBps=139 pongs=4023(+36/s) cancels=0(+0/s) notify=1 disc=1(0x08) | echo rx=0 tx=0 pend=0 stale=0
  70.713  P t=69s rxkBps=0 blkkBps=139 pongs=4059(+36/s) cancels=0(+0/s) notify=1 disc=1(0x08) | echo rx=0 tx=0 pend=0 stale=0
  72.740  P t=70s rxkBps=0 blkkBps=139 pongs=4096(+37/s) cancels=0(+0/s) notify=1 disc=1(0x08) | echo rx=0 tx=0 pend=0 stale=0
  72.740  P t=71s rxkBps=0 blkkBps=139 pongs=4130(+34/s) cancels=0(+0/s) notify=1 disc=1(0x08) | echo rx=0 tx=0 pend=0 stale=0
  74.702  P t=72s rxkBps=0 blkkBps=139 pongs=4168(+38/s) cancels=0(+0/s) notify=1 disc=1(0x08) | echo rx=0 tx=0 pend=0 stale=0
  74.759  P t=73s rxkBps=0 blkkBps=139 pongs=4205(+37/s) cancels=0(+0/s) notify=1 disc=1(0x08) | echo rx=0 tx=0 pend=0 stale=0
  76.747  P t=74s rxkBps=0 blkkBps=139 pongs=4242(+37/s) cancels=0(+0/s) notify=1 disc=1(0x08) | echo rx=0 tx=0 pend=0 stale=0
  76.748  P t=75s rxkBps=0 blkkBps=139 pongs=4280(+38/s) cancels=0(+0/s) notify=1 disc=1(0x08) | echo rx=0 tx=0 pend=0 stale=0
  78.761  P t=76s rxkBps=0 blkkBps=139 pongs=4318(+38/s) cancels=0(+0/s) notify=1 disc=1(0x08) | echo rx=0 tx=0 pend=0 stale=0
  78.761  P t=77s rxkBps=0 blkkBps=139 pongs=4355(+37/s) cancels=0(+0/s) notify=1 disc=1(0x08) | echo rx=0 tx=0 pend=0 stale=0
  80.742  P t=78s rxkBps=0 blkkBps=139 pongs=4392(+37/s) cancels=0(+0/s) notify=1 disc=1(0x08) | echo rx=0 tx=0 pend=0 stale=0
  80.742  P t=79s rxkBps=0 blkkBps=139 pongs=4429(+37/s) cancels=0(+0/s) notify=1 disc=1(0x08) | echo rx=0 tx=0 pend=0 stale=0
  82.757  P t=80s rxkBps=0 blkkBps=139 pongs=4465(+36/s) cancels=0(+0/s) notify=1 disc=1(0x08) | echo rx=0 tx=0 pend=0 stale=0
  82.757  P t=81s rxkBps=0 blkkBps=139 pongs=4503(+38/s) cancels=0(+0/s) notify=1 disc=1(0x08) | echo rx=0 tx=0 pend=0 stale=0
  84.767  P t=82s rxkBps=0 blkkBps=139 pongs=4540(+37/s) cancels=0(+0/s) notify=1 disc=1(0x08) | echo rx=0 tx=0 pend=0 stale=0
  84.767  P t=83s rxkBps=0 blkkBps=139 pongs=4578(+38/s) cancels=0(+0/s) notify=1 disc=1(0x08) | echo rx=0 tx=0 pend=0 stale=0
  86.767  P t=84s rxkBps=0 blkkBps=139 pongs=4616(+38/s) cancels=0(+0/s) notify=1 disc=1(0x08) | echo rx=0 tx=0 pend=0 stale=0
  86.767  P t=85s rxkBps=0 blkkBps=139 pongs=4654(+38/s) cancels=0(+0/s) notify=1 disc=1(0x08) | echo rx=0 tx=0 pend=0 stale=0
  88.759  P t=86s rxkBps=0 blkkBps=139 pongs=4692(+38/s) cancels=0(+0/s) notify=1 disc=1(0x08) | echo rx=0 tx=0 pend=0 stale=0
  88.759  P t=87s rxkBps=0 blkkBps=139 pongs=4730(+38/s) cancels=0(+0/s) notify=1 disc=1(0x08) | echo rx=0 tx=0 pend=0 stale=0
  90.751  P t=88s rxkBps=0 blkkBps=139 pongs=4767(+37/s) cancels=0(+0/s) notify=1 disc=1(0x08) | echo rx=0 tx=0 pend=0 stale=0
  90.751  P t=89s rxkBps=0 blkkBps=139 pongs=4804(+37/s) cancels=0(+0/s) notify=1 disc=1(0x08) | echo rx=0 tx=0 pend=0 stale=0
  92.727  P t=90s rxkBps=0 blkkBps=139 pongs=4843(+39/s) cancels=0(+0/s) notify=1 disc=1(0x08) | echo rx=0 tx=0 pend=0 stale=0
  92.727  P t=91s rxkBps=0 blkkBps=139 pongs=4878(+35/s) cancels=0(+0/s) notify=1 disc=1(0x08) | echo rx=0 tx=0 pend=0 stale=0
  94.752  P t=92s rxkBps=0 blkkBps=139 pongs=4915(+37/s) cancels=0(+0/s) notify=1 disc=1(0x08) | echo rx=0 tx=0 pend=0 stale=0
  94.752  P t=93s rxkBps=0 blkkBps=139 pongs=4954(+39/s) cancels=0(+0/s) notify=1 disc=1(0x08) | echo rx=0 tx=0 pend=0 stale=0
  96.724  P t=94s rxkBps=0 blkkBps=139 pongs=4991(+37/s) cancels=0(+0/s) notify=1 disc=1(0x08) | echo rx=0 tx=0 pend=0 stale=0
  96.778  P t=95s rxkBps=0 blkkBps=139 pongs=5027(+36/s) cancels=0(+0/s) notify=1 disc=1(0x08) | echo rx=0 tx=0 pend=0 stale=0
  98.761  P t=96s rxkBps=0 blkkBps=139 pongs=5065(+38/s) cancels=0(+0/s) notify=1 disc=1(0x08) | echo rx=0 tx=0 pend=0 stale=0
  98.761  P t=97s rxkBps=0 blkkBps=139 pongs=5099(+34/s) cancels=0(+0/s) notify=1 disc=1(0x08) | echo rx=0 tx=0 pend=0 stale=0
 100.771  P t=98s rxkBps=0 blkkBps=139 pongs=5137(+38/s) cancels=0(+0/s) notify=1 disc=1(0x08) | echo rx=0 tx=0 pend=0 stale=0
 100.771  P t=99s rxkBps=0 blkkBps=139 pongs=5174(+37/s) cancels=0(+0/s) notify=1 disc=1(0x08) | echo rx=0 tx=0 pend=0 stale=0
 102.737  P t=100s rxkBps=0 blkkBps=139 pongs=5212(+38/s) cancels=0(+0/s) notify=1 disc=1(0x08) | echo rx=0 tx=0 pend=0 stale=0
 102.737  P t=101s rxkBps=0 blkkBps=139 pongs=5251(+39/s) cancels=0(+0/s) notify=1 disc=1(0x08) | echo rx=0 tx=0 pend=0 stale=0
 104.724  P t=102s rxkBps=0 blkkBps=139 pongs=5289(+38/s) cancels=0(+0/s) notify=1 disc=1(0x08) | echo rx=0 tx=0 pend=0 stale=0
 104.779  P t=103s rxkBps=0 blkkBps=139 pongs=5325(+36/s) cancels=0(+0/s) notify=1 disc=1(0x08) | echo rx=0 tx=0 pend=0 stale=0
 106.741  P t=104s rxkBps=0 blkkBps=139 pongs=5362(+37/s) cancels=0(+0/s) notify=1 disc=1(0x08) | echo rx=0 tx=0 pend=0 stale=0
 106.741  P t=105s rxkBps=0 blkkBps=139 pongs=5398(+36/s) cancels=0(+0/s) notify=1 disc=1(0x08) | echo rx=0 tx=0 pend=0 stale=0
 108.762  P t=106s rxkBps=0 blkkBps=139 pongs=5433(+35/s) cancels=0(+0/s) notify=1 disc=1(0x08) | echo rx=0 tx=0 pend=0 stale=0
 108.763  P t=107s rxkBps=0 blkkBps=139 pongs=5468(+35/s) cancels=0(+0/s) notify=1 disc=1(0x08) | echo rx=0 tx=0 pend=0 stale=0
 110.733  P t=108s rxkBps=0 blkkBps=136 pongs=5497(+29/s) cancels=0(+0/s) notify=1 disc=1(0x08) | echo rx=0 tx=0 pend=0 stale=0
 110.733  P t=109s rxkBps=0 blkkBps=142 pongs=5528(+31/s) cancels=0(+0/s) notify=1 disc=1(0x08) | echo rx=0 tx=0 pend=0 stale=0
 112.775  P t=110s rxkBps=0 blkkBps=139 pongs=5563(+35/s) cancels=0(+0/s) notify=1 disc=1(0x08) | echo rx=0 tx=0 pend=0 stale=0
 112.775  P t=111s rxkBps=0 blkkBps=139 pongs=5599(+36/s) cancels=0(+0/s) notify=1 disc=1(0x08) | echo rx=0 tx=0 pend=0 stale=0
 114.724  P t=112s rxkBps=0 blkkBps=139 pongs=5635(+36/s) cancels=0(+0/s) notify=1 disc=1(0x08) | echo rx=0 tx=0 pend=0 stale=0
 114.784  P t=113s rxkBps=0 blkkBps=139 pongs=5670(+35/s) cancels=0(+0/s) notify=1 disc=1(0x08) | echo rx=0 tx=0 pend=0 stale=0
 116.770  P t=114s rxkBps=0 blkkBps=139 pongs=5707(+37/s) cancels=0(+0/s) notify=1 disc=1(0x08) | echo rx=0 tx=0 pend=0 stale=0
 116.770  P t=115s rxkBps=0 blkkBps=139 pongs=5744(+37/s) cancels=0(+0/s) notify=1 disc=1(0x08) | echo rx=0 tx=0 pend=0 stale=0
 118.742  P t=116s rxkBps=0 blkkBps=139 pongs=5779(+35/s) cancels=0(+0/s) notify=1 disc=1(0x08) | echo rx=0 tx=0 pend=0 stale=0
 118.742  P t=117s rxkBps=0 blkkBps=139 pongs=5816(+37/s) cancels=0(+0/s) notify=1 disc=1(0x08) | echo rx=0 tx=0 pend=0 stale=0
 120.775  P t=118s rxkBps=0 blkkBps=139 pongs=5854(+38/s) cancels=0(+0/s) notify=1 disc=1(0x08) | echo rx=0 tx=0 pend=0 stale=0
 120.775  P t=119s rxkBps=0 blkkBps=139 pongs=5887(+33/s) cancels=0(+0/s) notify=1 disc=1(0x08) | echo rx=0 tx=0 pend=0 stale=0
 122.730  P t=120s rxkBps=0 blkkBps=139 pongs=5925(+38/s) cancels=0(+0/s) notify=1 disc=1(0x08) | echo rx=0 tx=0 pend=0 stale=0
 122.788  P t=121s rxkBps=0 blkkBps=139 pongs=5961(+36/s) cancels=0(+0/s) notify=1 disc=1(0x08) | echo rx=0 tx=0 pend=0 stale=0
 124.764  P t=122s rxkBps=0 blkkBps=139 pongs=5999(+38/s) cancels=0(+0/s) notify=1 disc=1(0x08) | echo rx=0 tx=0 pend=0 stale=0
 124.765  P t=123s rxkBps=0 blkkBps=139 pongs=6037(+38/s) cancels=0(+0/s) notify=1 disc=1(0x08) | echo rx=0 tx=0 pend=0 stale=0
 126.742  P t=124s rxkBps=0 blkkBps=139 pongs=6074(+37/s) cancels=0(+0/s) notify=1 disc=1(0x08) | echo rx=0 tx=0 pend=0 stale=0
 126.742  P t=125s rxkBps=0 blkkBps=139 pongs=6111(+37/s) cancels=0(+0/s) notify=1 disc=1(0x08) | echo rx=0 tx=0 pend=0 stale=0
 128.776  P t=126s rxkBps=0 blkkBps=149 pongs=6148(+37/s) cancels=0(+0/s) notify=1 disc=1(0x08) | echo rx=0 tx=0 pend=0 stale=0
 128.777  P t=127s rxkBps=0 blkkBps=149 pongs=6181(+33/s) cancels=0(+0/s) notify=1 disc=1(0x08) | echo rx=0 tx=0 pend=0 stale=0
 130.775  P t=128s rxkBps=0 blkkBps=149 pongs=6216(+35/s) cancels=0(+0/s) notify=1 disc=1(0x08) | echo rx=0 tx=0 pend=0 stale=0
 130.775  P t=129s rxkBps=0 blkkBps=149 pongs=6250(+34/s) cancels=0(+0/s) notify=1 disc=1(0x08) | echo rx=0 tx=0 pend=0 stale=0
 132.740  P t=130s rxkBps=0 blkkBps=149 pongs=6285(+35/s) cancels=0(+0/s) notify=1 disc=1(0x08) | echo rx=0 tx=0 pend=0 stale=0
 132.740  P t=131s rxkBps=0 blkkBps=149 pongs=6320(+35/s) cancels=0(+0/s) notify=1 disc=1(0x08) | echo rx=0 tx=0 pend=0 stale=0
 134.736  P t=132s rxkBps=0 blkkBps=149 pongs=6351(+31/s) cancels=0(+0/s) notify=1 disc=1(0x08) | echo rx=0 tx=0 pend=0 stale=0
 134.792  P t=133s rxkBps=0 blkkBps=149 pongs=6387(+36/s) cancels=0(+0/s) notify=1 disc=1(0x08) | echo rx=0 tx=0 pend=0 stale=0
 136.762  P t=134s rxkBps=0 blkkBps=149 pongs=6419(+32/s) cancels=0(+0/s) notify=1 disc=1(0x08) | echo rx=0 tx=0 pend=0 stale=0
 136.762  P t=135s rxkBps=0 blkkBps=149 pongs=6455(+36/s) cancels=0(+0/s) notify=1 disc=1(0x08) | echo rx=0 tx=0 pend=0 stale=0
 138.766  P t=136s rxkBps=0 blkkBps=149 pongs=6492(+37/s) cancels=0(+0/s) notify=1 disc=1(0x08) | echo rx=0 tx=0 pend=0 stale=0
 138.766  P t=137s rxkBps=0 blkkBps=149 pongs=6529(+37/s) cancels=0(+0/s) notify=1 disc=1(0x08) | echo rx=0 tx=0 pend=0 stale=0
 140.733  P t=138s rxkBps=0 blkkBps=149 pongs=6565(+36/s) cancels=0(+0/s) notify=1 disc=1(0x08) | echo rx=0 tx=0 pend=0 stale=0
 140.794  P t=139s rxkBps=0 blkkBps=149 pongs=6598(+33/s) cancels=0(+0/s) notify=1 disc=1(0x08) | echo rx=0 tx=0 pend=0 stale=0
 142.748  P t=140s rxkBps=0 blkkBps=149 pongs=6631(+33/s) cancels=0(+0/s) notify=1 disc=1(0x08) | echo rx=0 tx=0 pend=0 stale=0
 142.748  P t=141s rxkBps=0 blkkBps=149 pongs=6664(+33/s) cancels=0(+0/s) notify=1 disc=1(0x08) | echo rx=0 tx=0 pend=0 stale=0
 144.780  P t=142s rxkBps=0 blkkBps=149 pongs=6696(+32/s) cancels=0(+0/s) notify=1 disc=1(0x08) | echo rx=0 tx=0 pend=0 stale=0
 144.780  P t=143s rxkBps=0 blkkBps=147 pongs=6725(+29/s) cancels=0(+0/s) notify=1 disc=1(0x08) | echo rx=0 tx=0 pend=0 stale=0
 146.742  P t=144s rxkBps=0 blkkBps=152 pongs=6758(+33/s) cancels=0(+0/s) notify=1 disc=1(0x08) | echo rx=0 tx=0 pend=0 stale=0
 146.742  P t=145s rxkBps=0 blkkBps=149 pongs=6791(+33/s) cancels=0(+0/s) notify=1 disc=1(0x08) | echo rx=0 tx=0 pend=0 stale=0
 148.765  P t=146s rxkBps=0 blkkBps=149 pongs=6826(+35/s) cancels=0(+0/s) notify=1 disc=1(0x08) | echo rx=0 tx=0 pend=0 stale=0
 148.765  P t=147s rxkBps=0 blkkBps=149 pongs=6860(+34/s) cancels=0(+0/s) notify=1 disc=1(0x08) | echo rx=0 tx=0 pend=0 stale=0
 150.744  P t=148s rxkBps=0 blkkBps=149 pongs=6895(+35/s) cancels=0(+0/s) notify=1 disc=1(0x08) | echo rx=0 tx=0 pend=0 stale=0
 150.745  P t=149s rxkBps=0 blkkBps=149 pongs=6931(+36/s) cancels=0(+0/s) notify=1 disc=1(0x08) | echo rx=0 tx=0 pend=0 stale=0
 152.763  P t=150s rxkBps=0 blkkBps=149 pongs=6966(+35/s) cancels=0(+0/s) notify=1 disc=1(0x08) | echo rx=0 tx=0 pend=0 stale=0
 152.763  P t=151s rxkBps=0 blkkBps=149 pongs=6999(+33/s) cancels=0(+0/s) notify=1 disc=1(0x08) | echo rx=0 tx=0 pend=0 stale=0
 154.784  P t=152s rxkBps=0 blkkBps=149 pongs=7034(+35/s) cancels=0(+0/s) notify=1 disc=1(0x08) | echo rx=0 tx=0 pend=0 stale=0
 154.784  P t=153s rxkBps=0 blkkBps=149 pongs=7068(+34/s) cancels=0(+0/s) notify=1 disc=1(0x08) | echo rx=0 tx=0 pend=0 stale=0
 156.743  P t=154s rxkBps=0 blkkBps=149 pongs=7104(+36/s) cancels=0(+0/s) notify=1 disc=1(0x08) | echo rx=0 tx=0 pend=0 stale=0
 156.743  P t=155s rxkBps=0 blkkBps=149 pongs=7140(+36/s) cancels=0(+0/s) notify=1 disc=1(0x08) | echo rx=0 tx=0 pend=0 stale=0
 158.769  P t=156s rxkBps=0 blkkBps=149 pongs=7175(+35/s) cancels=0(+0/s) notify=1 disc=1(0x08) | echo rx=0 tx=0 pend=0 stale=0
 158.769  P t=157s rxkBps=0 blkkBps=149 pongs=7209(+34/s) cancels=0(+0/s) notify=1 disc=1(0x08) | echo rx=0 tx=0 pend=0 stale=0
 160.784  P t=158s rxkBps=0 blkkBps=149 pongs=7245(+36/s) cancels=0(+0/s) notify=1 disc=1(0x08) | echo rx=0 tx=0 pend=0 stale=0
 160.784  P t=159s rxkBps=0 blkkBps=149 pongs=7280(+35/s) cancels=0(+0/s) notify=1 disc=1(0x08) | echo rx=0 tx=0 pend=0 stale=0
 162.753  P t=160s rxkBps=0 blkkBps=149 pongs=7315(+35/s) cancels=0(+0/s) notify=1 disc=1(0x08) | echo rx=0 tx=0 pend=0 stale=0
 162.753  P t=161s rxkBps=0 blkkBps=149 pongs=7350(+35/s) cancels=0(+0/s) notify=1 disc=1(0x08) | echo rx=0 tx=0 pend=0 stale=0
 164.769  P t=162s rxkBps=0 blkkBps=149 pongs=7383(+33/s) cancels=0(+0/s) notify=1 disc=1(0x08) | echo rx=0 tx=0 pend=0 stale=0
 164.770  P t=163s rxkBps=0 blkkBps=149 pongs=7418(+35/s) cancels=0(+0/s) notify=1 disc=1(0x08) | echo rx=0 tx=0 pend=0 stale=0
 166.775  P t=164s rxkBps=0 blkkBps=149 pongs=7453(+35/s) cancels=0(+0/s) notify=1 disc=1(0x08) | echo rx=0 tx=0 pend=0 stale=0
 166.775  P t=165s rxkBps=0 blkkBps=149 pongs=7486(+33/s) cancels=0(+0/s) notify=1 disc=1(0x08) | echo rx=0 tx=0 pend=0 stale=0
 168.762  P t=166s rxkBps=0 blkkBps=149 pongs=7520(+34/s) cancels=0(+0/s) notify=1 disc=1(0x08) | echo rx=0 tx=0 pend=0 stale=0
 168.763  P t=167s rxkBps=0 blkkBps=149 pongs=7554(+34/s) cancels=0(+0/s) notify=1 disc=1(0x08) | echo rx=0 tx=0 pend=0 stale=0
 170.791  P t=168s rxkBps=0 blkkBps=149 pongs=7590(+36/s) cancels=0(+0/s) notify=1 disc=1(0x08) | echo rx=0 tx=0 pend=0 stale=0
 170.791  P t=169s rxkBps=0 blkkBps=149 pongs=7624(+34/s) cancels=0(+0/s) notify=1 disc=1(0x08) | echo rx=0 tx=0 pend=0 stale=0
 172.746  P t=170s rxkBps=0 blkkBps=149 pongs=7658(+34/s) cancels=0(+0/s) notify=1 disc=1(0x08) | echo rx=0 tx=0 pend=0 stale=0
 172.746  P t=171s rxkBps=0 blkkBps=149 pongs=7689(+31/s) cancels=0(+0/s) notify=1 disc=1(0x08) | echo rx=0 tx=0 pend=0 stale=0
 174.733  P t=172s rxkBps=0 blkkBps=149 pongs=7724(+35/s) cancels=0(+0/s) notify=1 disc=1(0x08) | echo rx=0 tx=0 pend=0 stale=0
 174.792  P t=173s rxkBps=0 blkkBps=149 pongs=7760(+36/s) cancels=0(+0/s) notify=1 disc=1(0x08) | echo rx=0 tx=0 pend=0 stale=0
 176.752  P t=174s rxkBps=0 blkkBps=149 pongs=7795(+35/s) cancels=0(+0/s) notify=1 disc=1(0x08) | echo rx=0 tx=0 pend=0 stale=0
 176.752  P t=175s rxkBps=0 blkkBps=147 pongs=7826(+31/s) cancels=0(+0/s) notify=1 disc=1(0x08) | echo rx=0 tx=0 pend=0 stale=0
 178.775  P t=176s rxkBps=0 blkkBps=151 pongs=7860(+34/s) cancels=0(+0/s) notify=1 disc=1(0x08) | echo rx=0 tx=0 pend=0 stale=0
 178.775  P t=177s rxkBps=0 blkkBps=148 pongs=7891(+31/s) cancels=0(+0/s) notify=1 disc=1(0x08) | echo rx=0 tx=0 pend=0 stale=0
 180.778  P t=178s rxkBps=0 blkkBps=150 pongs=7925(+34/s) cancels=0(+0/s) notify=1 disc=1(0x08) | echo rx=0 tx=0 pend=0 stale=0
 180.778  P t=179s rxkBps=0 blkkBps=149 pongs=7959(+34/s) cancels=0(+0/s) notify=1 disc=1(0x08) | echo rx=0 tx=0 pend=0 stale=0
 182.769  P t=180s rxkBps=0 blkkBps=149 pongs=7990(+31/s) cancels=0(+0/s) notify=1 disc=1(0x08) | echo rx=0 tx=0 pend=0 stale=0
 182.769  P t=181s rxkBps=0 blkkBps=149 pongs=8025(+35/s) cancels=0(+0/s) notify=1 disc=1(0x08) | echo rx=0 tx=0 pend=0 stale=0
 184.788  P t=182s rxkBps=0 blkkBps=149 pongs=8059(+34/s) cancels=0(+0/s) notify=1 disc=1(0x08) | echo rx=0 tx=0 pend=0 stale=0
 184.789  P t=183s rxkBps=0 blkkBps=149 pongs=8095(+36/s) cancels=0(+0/s) notify=1 disc=1(0x08) | echo rx=0 tx=0 pend=0 stale=0
 186.743  P t=184s rxkBps=0 blkkBps=149 pongs=8128(+33/s) cancels=0(+0/s) notify=1 disc=1(0x08) | echo rx=0 tx=0 pend=0 stale=0
 186.797  P t=185s rxkBps=0 blkkBps=149 pongs=8163(+35/s) cancels=0(+0/s) notify=1 disc=1(0x08) | echo rx=0 tx=0 pend=0 stale=0
 188.746  P t=186s rxkBps=0 blkkBps=157 pongs=8195(+32/s) cancels=0(+0/s) notify=1 disc=1(0x08) | echo rx=0 tx=0 pend=0 stale=0
 188.747  P t=187s rxkBps=0 blkkBps=161 pongs=8228(+33/s) cancels=0(+0/s) notify=1 disc=1(0x08) | echo rx=0 tx=0 pend=0 stale=0
 190.779  P t=188s rxkBps=0 blkkBps=157 pongs=8260(+32/s) cancels=0(+0/s) notify=1 disc=1(0x08) | echo rx=0 tx=0 pend=0 stale=0
 190.779  P t=189s rxkBps=0 blkkBps=157 pongs=8292(+32/s) cancels=0(+0/s) notify=1 disc=1(0x08) | echo rx=0 tx=0 pend=0 stale=0
 192.746  P t=190s rxkBps=0 blkkBps=164 pongs=8325(+33/s) cancels=0(+0/s) notify=1 disc=1(0x08) | echo rx=0 tx=0 pend=0 stale=0
 192.806  P t=191s rxkBps=0 blkkBps=153 pongs=8356(+31/s) cancels=0(+0/s) notify=1 disc=1(0x08) | echo rx=0 tx=0 pend=0 stale=0
 194.769  P t=192s rxkBps=0 blkkBps=166 pongs=8389(+33/s) cancels=0(+0/s) notify=1 disc=1(0x08) | echo rx=0 tx=0 pend=0 stale=0
 194.769  P t=193s rxkBps=0 blkkBps=159 pongs=8424(+35/s) cancels=0(+0/s) notify=1 disc=1(0x08) | echo rx=0 tx=0 pend=0 stale=0
 196.739  P t=194s rxkBps=0 blkkBps=157 pongs=8456(+32/s) cancels=0(+0/s) notify=1 disc=1(0x08) | echo rx=0 tx=0 pend=0 stale=0
 196.795  P t=195s rxkBps=0 blkkBps=162 pongs=8489(+33/s) cancels=0(+0/s) notify=1 disc=1(0x08) | echo rx=0 tx=0 pend=0 stale=0
 198.791  P t=196s rxkBps=0 blkkBps=159 pongs=8521(+32/s) cancels=0(+0/s) notify=1 disc=1(0x08) | echo rx=0 tx=0 pend=0 stale=0
 198.791  P t=197s rxkBps=0 blkkBps=158 pongs=8554(+33/s) cancels=0(+0/s) notify=1 disc=1(0x08) | echo rx=0 tx=0 pend=0 stale=0
 200.746  P t=198s rxkBps=0 blkkBps=150 pongs=8585(+31/s) cancels=0(+0/s) notify=1 disc=1(0x08) | echo rx=0 tx=0 pend=0 stale=0
 200.798  P t=199s rxkBps=0 blkkBps=167 pongs=8616(+31/s) cancels=0(+0/s) notify=1 disc=1(0x08) | echo rx=0 tx=0 pend=0 stale=0
 202.751  P t=200s rxkBps=0 blkkBps=160 pongs=8647(+31/s) cancels=0(+0/s) notify=1 disc=1(0x08) | echo rx=0 tx=0 pend=0 stale=0
 202.751  P t=201s rxkBps=0 blkkBps=162 pongs=8682(+35/s) cancels=0(+0/s) notify=1 disc=1(0x08) | echo rx=0 tx=0 pend=0 stale=0
 204.776  P t=202s rxkBps=0 blkkBps=159 pongs=8715(+33/s) cancels=0(+0/s) notify=1 disc=1(0x08) | echo rx=0 tx=0 pend=0 stale=0
 204.776  P t=203s rxkBps=0 blkkBps=157 pongs=8748(+33/s) cancels=0(+0/s) notify=1 disc=1(0x08) | echo rx=0 tx=0 pend=0 stale=0
 206.761  P t=204s rxkBps=0 blkkBps=156 pongs=8779(+31/s) cancels=0(+0/s) notify=1 disc=1(0x08) | echo rx=0 tx=0 pend=0 stale=0
 206.761  P t=205s rxkBps=0 blkkBps=163 pongs=8811(+32/s) cancels=0(+0/s) notify=1 disc=1(0x08) | echo rx=0 tx=0 pend=0 stale=0
 208.761  P t=206s rxkBps=0 blkkBps=162 pongs=8846(+35/s) cancels=0(+0/s) notify=1 disc=1(0x08) | echo rx=0 tx=0 pend=0 stale=0
 208.761  P t=207s rxkBps=0 blkkBps=156 pongs=8878(+32/s) cancels=0(+0/s) notify=1 disc=1(0x08) | echo rx=0 tx=0 pend=0 stale=0
 210.784  P t=208s rxkBps=0 blkkBps=161 pongs=8910(+32/s) cancels=0(+0/s) notify=1 disc=1(0x08) | echo rx=0 tx=0 pend=0 stale=0
 210.784  P t=209s rxkBps=0 blkkBps=161 pongs=8944(+34/s) cancels=0(+0/s) notify=1 disc=1(0x08) | echo rx=0 tx=0 pend=0 stale=0
 212.789  P t=210s rxkBps=0 blkkBps=159 pongs=8979(+35/s) cancels=0(+0/s) notify=1 disc=1(0x08) | echo rx=0 tx=0 pend=0 stale=0
 212.790  P t=211s rxkBps=0 blkkBps=158 pongs=9011(+32/s) cancels=0(+0/s) notify=1 disc=1(0x08) | echo rx=0 tx=0 pend=0 stale=0
 214.770  P t=212s rxkBps=0 blkkBps=160 pongs=9044(+33/s) cancels=0(+0/s) notify=1 disc=1(0x08) | echo rx=0 tx=0 pend=0 stale=0
 214.771  P t=213s rxkBps=0 blkkBps=152 pongs=9075(+31/s) cancels=0(+0/s) notify=1 disc=1(0x08) | echo rx=0 tx=0 pend=0 stale=0
 216.797  P t=214s rxkBps=0 blkkBps=154 pongs=9105(+30/s) cancels=0(+0/s) notify=1 disc=1(0x08) | echo rx=0 tx=0 pend=0 stale=0
 216.797  P t=215s rxkBps=0 blkkBps=165 pongs=9135(+30/s) cancels=0(+0/s) notify=1 disc=1(0x08) | echo rx=0 tx=0 pend=0 stale=0
 218.751  P t=216s rxkBps=0 blkkBps=152 pongs=9164(+29/s) cancels=0(+0/s) notify=1 disc=1(0x08) | echo rx=0 tx=0 pend=0 stale=0
 218.751  P t=217s rxkBps=0 blkkBps=163 pongs=9195(+31/s) cancels=0(+0/s) notify=1 disc=1(0x08) | echo rx=0 tx=0 pend=0 stale=0
 220.776  P t=218s rxkBps=0 blkkBps=149 pongs=9222(+27/s) cancels=0(+0/s) notify=1 disc=1(0x08) | echo rx=0 tx=0 pend=0 stale=0
 220.776  P t=219s rxkBps=0 blkkBps=156 pongs=9252(+30/s) cancels=0(+0/s) notify=1 disc=1(0x08) | echo rx=0 tx=0 pend=0 stale=0
 222.787  P t=220s rxkBps=0 blkkBps=169 pongs=9283(+31/s) cancels=0(+0/s) notify=1 disc=1(0x08) | echo rx=0 tx=0 pend=0 stale=0
 222.787  P t=221s rxkBps=0 blkkBps=162 pongs=9316(+33/s) cancels=0(+0/s) notify=1 disc=1(0x08) | echo rx=0 tx=0 pend=0 stale=0
 224.786  P t=222s rxkBps=0 blkkBps=155 pongs=9348(+32/s) cancels=0(+0/s) notify=1 disc=1(0x08) | echo rx=0 tx=0 pend=0 stale=0
 224.786  P t=223s rxkBps=0 blkkBps=164 pongs=9382(+34/s) cancels=0(+0/s) notify=1 disc=1(0x08) | echo rx=0 tx=0 pend=0 stale=0
 226.762  P t=224s rxkBps=0 blkkBps=159 pongs=9416(+34/s) cancels=0(+0/s) notify=1 disc=1(0x08) | echo rx=0 tx=0 pend=0 stale=0
 226.762  P t=225s rxkBps=0 blkkBps=157 pongs=9447(+31/s) cancels=0(+0/s) notify=1 disc=1(0x08) | echo rx=0 tx=0 pend=0 stale=0
 228.790  P t=226s rxkBps=0 blkkBps=162 pongs=9481(+34/s) cancels=0(+0/s) notify=1 disc=1(0x08) | echo rx=0 tx=0 pend=0 stale=0
 228.790  P t=227s rxkBps=0 blkkBps=159 pongs=9514(+33/s) cancels=0(+0/s) notify=1 disc=1(0x08) | echo rx=0 tx=0 pend=0 stale=0
 230.772  P t=228s rxkBps=0 blkkBps=156 pongs=9546(+32/s) cancels=0(+0/s) notify=1 disc=1(0x08) | echo rx=0 tx=0 pend=0 stale=0
 230.773  P t=229s rxkBps=0 blkkBps=155 pongs=9578(+32/s) cancels=0(+0/s) notify=1 disc=1(0x08) | echo rx=0 tx=0 pend=0 stale=0
 232.743  P t=230s rxkBps=0 blkkBps=165 pongs=9609(+31/s) cancels=0(+0/s) notify=1 disc=1(0x08) | echo rx=0 tx=0 pend=0 stale=0
 232.801  P t=231s rxkBps=0 blkkBps=159 pongs=9640(+31/s) cancels=0(+0/s) notify=1 disc=1(0x08) | echo rx=0 tx=0 pend=0 stale=0
 234.778  P t=232s rxkBps=0 blkkBps=162 pongs=9674(+34/s) cancels=0(+0/s) notify=1 disc=1(0x08) | echo rx=0 tx=0 pend=0 stale=0
 234.778  P t=233s rxkBps=0 blkkBps=156 pongs=9706(+32/s) cancels=0(+0/s) notify=1 disc=1(0x08) | echo rx=0 tx=0 pend=0 stale=0
 236.780  P t=234s rxkBps=0 blkkBps=162 pongs=9740(+34/s) cancels=0(+0/s) notify=1 disc=1(0x08) | echo rx=0 tx=0 pend=0 stale=0
 236.780  P t=235s rxkBps=0 blkkBps=154 pongs=9771(+31/s) cancels=0(+0/s) notify=1 disc=1(0x08) | echo rx=0 tx=0 pend=0 stale=0
 238.788  P t=236s rxkBps=0 blkkBps=159 pongs=9802(+31/s) cancels=0(+0/s) notify=1 disc=1(0x08) | echo rx=0 tx=0 pend=0 stale=0
 238.788  P t=237s rxkBps=0 blkkBps=165 pongs=9834(+32/s) cancels=0(+0/s) notify=1 disc=1(0x08) | echo rx=0 tx=0 pend=0 stale=0
 240.753  P t=238s rxkBps=0 blkkBps=160 pongs=9868(+34/s) cancels=0(+0/s) notify=1 disc=1(0x08) | echo rx=0 tx=0 pend=0 stale=0
 240.753  P t=239s rxkBps=0 blkkBps=159 pongs=9901(+33/s) cancels=0(+0/s) notify=1 disc=1(0x08) | echo rx=0 tx=0 pend=0 stale=0
 242.780  P t=240s rxkBps=0 blkkBps=158 pongs=9934(+33/s) cancels=0(+0/s) notify=1 disc=1(0x08) | echo rx=0 tx=0 pend=0 stale=0
 242.780  P t=241s rxkBps=0 blkkBps=160 pongs=9967(+33/s) cancels=0(+0/s) notify=1 disc=1(0x08) | echo rx=0 tx=0 pend=0 stale=0
 244.796  P t=242s rxkBps=0 blkkBps=156 pongs=10000(+33/s) cancels=0(+0/s) notify=1 disc=1(0x08) | echo rx=0 tx=0 pend=0 stale=0
 244.797  P t=243s rxkBps=0 blkkBps=163 pongs=10034(+34/s) cancels=0(+0/s) notify=1 disc=1(0x08) | echo rx=0 tx=0 pend=0 stale=0
 246.773  P t=244s rxkBps=0 blkkBps=159 pongs=10067(+33/s) cancels=0(+0/s) notify=1 disc=1(0x08) | echo rx=0 tx=0 pend=0 stale=0
 246.773  P t=245s rxkBps=0 blkkBps=156 pongs=10099(+32/s) cancels=0(+0/s) notify=1 disc=1(0x08) | echo rx=0 tx=0 pend=0 stale=0
 248.798  P t=246s rxkBps=0 blkkBps=161 pongs=10132(+33/s) cancels=0(+0/s) notify=1 disc=1(0x08) | echo rx=0 tx=0 pend=0 stale=0
 248.798  P t=247s rxkBps=0 blkkBps=162 pongs=10162(+30/s) cancels=0(+0/s) notify=1 disc=1(0x08) | echo rx=0 tx=0 pend=0 stale=0
 250.796  P t=248s rxkBps=0 blkkBps=167 pongs=10193(+31/s) cancels=0(+0/s) notify=1 disc=1(0x08) | echo rx=0 tx=0 pend=0 stale=0
 250.796  P t=249s rxkBps=0 blkkBps=167 pongs=10224(+31/s) cancels=0(+0/s) notify=1 disc=1(0x08) | echo rx=0 tx=0 pend=0 stale=0
 252.795  P t=250s rxkBps=0 blkkBps=163 pongs=10255(+31/s) cancels=0(+0/s) notify=1 disc=1(0x08) | echo rx=0 tx=0 pend=0 stale=0
 252.795  P t=251s rxkBps=0 blkkBps=166 pongs=10286(+31/s) cancels=0(+0/s) notify=1 disc=1(0x08) | echo rx=0 tx=0 pend=0 stale=0
 254.756  P t=252s rxkBps=0 blkkBps=159 pongs=10315(+29/s) cancels=0(+0/s) notify=1 disc=1(0x08) | echo rx=0 tx=0 pend=0 stale=0
 254.756  P t=253s rxkBps=0 blkkBps=164 pongs=10346(+31/s) cancels=0(+0/s) notify=1 disc=1(0x08) | echo rx=0 tx=0 pend=0 stale=0
 256.763  P t=254s rxkBps=0 blkkBps=162 pongs=10376(+30/s) cancels=0(+0/s) notify=1 disc=1(0x08) | echo rx=0 tx=0 pend=0 stale=0
 256.763  P t=255s rxkBps=0 blkkBps=155 pongs=10405(+29/s) cancels=0(+0/s) notify=1 disc=1(0x08) | echo rx=0 tx=0 pend=0 stale=0
 258.768  P t=256s rxkBps=0 blkkBps=164 pongs=10436(+31/s) cancels=0(+0/s) notify=1 disc=1(0x08) | echo rx=0 tx=0 pend=0 stale=0
 258.768  P t=257s rxkBps=0 blkkBps=162 pongs=10465(+29/s) cancels=0(+0/s) notify=1 disc=1(0x08) | echo rx=0 tx=0 pend=0 stale=0
 260.790  P t=258s rxkBps=0 blkkBps=162 pongs=10495(+30/s) cancels=0(+0/s) notify=1 disc=1(0x08) | echo rx=0 tx=0 pend=0 stale=0
 260.790  P t=259s rxkBps=0 blkkBps=163 pongs=10526(+31/s) cancels=0(+0/s) notify=1 disc=1(0x08) | echo rx=0 tx=0 pend=0 stale=0
 262.770  P t=260s rxkBps=0 blkkBps=164 pongs=10556(+30/s) cancels=0(+0/s) notify=1 disc=1(0x08) | echo rx=0 tx=0 pend=0 stale=0
 262.770  P t=261s rxkBps=0 blkkBps=174 pongs=10588(+32/s) cancels=0(+0/s) notify=1 disc=1(0x08) | echo rx=0 tx=0 pend=0 stale=0
 264.784  P t=262s rxkBps=0 blkkBps=167 pongs=10620(+32/s) cancels=0(+0/s) notify=1 disc=1(0x08) | echo rx=0 tx=0 pend=0 stale=0
 264.785  P t=263s rxkBps=0 blkkBps=163 pongs=10650(+30/s) cancels=0(+0/s) notify=1 disc=1(0x08) | echo rx=0 tx=0 pend=0 stale=0
 266.786  P t=264s rxkBps=0 blkkBps=169 pongs=10682(+32/s) cancels=0(+0/s) notify=1 disc=1(0x08) | echo rx=0 tx=0 pend=0 stale=0
 266.786  P t=265s rxkBps=0 blkkBps=172 pongs=10714(+32/s) cancels=0(+0/s) notify=1 disc=1(0x08) | echo rx=0 tx=0 pend=0 stale=0
 268.784  P t=266s rxkBps=0 blkkBps=169 pongs=10745(+31/s) cancels=0(+0/s) notify=1 disc=1(0x08) | echo rx=0 tx=0 pend=0 stale=0
 268.784  P t=267s rxkBps=0 blkkBps=164 pongs=10776(+31/s) cancels=0(+0/s) notify=1 disc=1(0x08) | echo rx=0 tx=0 pend=0 stale=0
 270.759  P t=268s rxkBps=0 blkkBps=162 pongs=10806(+30/s) cancels=0(+0/s) notify=1 disc=1(0x08) | echo rx=0 tx=0 pend=0 stale=0
 270.759  P t=269s rxkBps=0 blkkBps=168 pongs=10838(+32/s) cancels=0(+0/s) notify=1 disc=1(0x08) | echo rx=0 tx=0 pend=0 stale=0
 272.776  P t=270s rxkBps=0 blkkBps=165 pongs=10868(+30/s) cancels=0(+0/s) notify=1 disc=1(0x08) | echo rx=0 tx=0 pend=0 stale=0
 272.776  P t=271s rxkBps=0 blkkBps=166 pongs=10899(+31/s) cancels=0(+0/s) notify=1 disc=1(0x08) | echo rx=0 tx=0 pend=0 stale=0
 274.768  P t=272s rxkBps=0 blkkBps=174 pongs=10931(+32/s) cancels=0(+0/s) notify=1 disc=1(0x08) | echo rx=0 tx=0 pend=0 stale=0
 274.768  P t=273s rxkBps=0 blkkBps=162 pongs=10962(+31/s) cancels=0(+0/s) notify=1 disc=1(0x08) | echo rx=0 tx=0 pend=0 stale=0
 276.770  P t=274s rxkBps=0 blkkBps=159 pongs=10992(+30/s) cancels=0(+0/s) notify=1 disc=1(0x08) | echo rx=0 tx=0 pend=0 stale=0
 276.770  P t=275s rxkBps=0 blkkBps=162 pongs=11022(+30/s) cancels=0(+0/s) notify=1 disc=1(0x08) | echo rx=0 tx=0 pend=0 stale=0
 278.752  P t=276s rxkBps=0 blkkBps=171 pongs=11053(+31/s) cancels=0(+0/s) notify=1 disc=1(0x08) | echo rx=0 tx=0 pend=0 stale=0
 278.812  P t=277s rxkBps=0 blkkBps=165 pongs=11084(+31/s) cancels=0(+0/s) notify=1 disc=1(0x08) | echo rx=0 tx=0 pend=0 stale=0
 280.770  P t=278s rxkBps=0 blkkBps=159 pongs=11114(+30/s) cancels=0(+0/s) notify=1 disc=1(0x08) | echo rx=0 tx=0 pend=0 stale=0
 280.770  P t=279s rxkBps=0 blkkBps=167 pongs=11145(+31/s) cancels=0(+0/s) notify=1 disc=1(0x08) | echo rx=0 tx=0 pend=0 stale=0
 282.794  P t=280s rxkBps=0 blkkBps=167 pongs=11176(+31/s) cancels=0(+0/s) notify=1 disc=1(0x08) | echo rx=0 tx=0 pend=0 stale=0
 282.795  P t=281s rxkBps=0 blkkBps=172 pongs=11208(+32/s) cancels=0(+0/s) notify=1 disc=1(0x08) | echo rx=0 tx=0 pend=0 stale=0
 284.756  P t=282s rxkBps=0 blkkBps=172 pongs=11240(+32/s) cancels=0(+0/s) notify=1 disc=1(0x08) | echo rx=0 tx=0 pend=0 stale=0
 284.817  P t=283s rxkBps=0 blkkBps=156 pongs=11271(+31/s) cancels=0(+0/s) notify=1 disc=1(0x08) | echo rx=0 tx=0 pend=0 stale=0
 286.780  P t=284s rxkBps=0 blkkBps=168 pongs=11302(+31/s) cancels=0(+0/s) notify=1 disc=1(0x08) | echo rx=0 tx=0 pend=0 stale=0
 286.780  P t=285s rxkBps=0 blkkBps=170 pongs=11334(+32/s) cancels=0(+0/s) notify=1 disc=1(0x08) | echo rx=0 tx=0 pend=0 stale=0
 288.803  P t=286s rxkBps=0 blkkBps=167 pongs=11365(+31/s) cancels=0(+0/s) notify=1 disc=1(0x08) | echo rx=0 tx=0 pend=0 stale=0
 288.803  P t=287s rxkBps=0 blkkBps=162 pongs=11395(+30/s) cancels=0(+0/s) notify=1 disc=1(0x08) | echo rx=0 tx=0 pend=0 stale=0
 290.762  P t=288s rxkBps=0 blkkBps=169 pongs=11427(+32/s) cancels=0(+0/s) notify=1 disc=1(0x08) | echo rx=0 tx=0 pend=0 stale=0
 290.762  P t=289s rxkBps=0 blkkBps=169 pongs=11458(+31/s) cancels=0(+0/s) notify=1 disc=1(0x08) | echo rx=0 tx=0 pend=0 stale=0
 292.778  P t=290s rxkBps=0 blkkBps=161 pongs=11488(+30/s) cancels=0(+0/s) notify=1 disc=1(0x08) | echo rx=0 tx=0 pend=0 stale=0
 292.778  P t=291s rxkBps=0 blkkBps=160 pongs=11518(+30/s) cancels=0(+0/s) notify=1 disc=1(0x08) | echo rx=0 tx=0 pend=0 stale=0
 294.788  P t=292s rxkBps=0 blkkBps=167 pongs=11549(+31/s) cancels=0(+0/s) notify=1 disc=1(0x08) | echo rx=0 tx=0 pend=0 stale=0
 294.788  P t=293s rxkBps=0 blkkBps=163 pongs=11579(+30/s) cancels=0(+0/s) notify=1 disc=1(0x08) | echo rx=0 tx=0 pend=0 stale=0
 296.772  P t=294s rxkBps=0 blkkBps=162 pongs=11609(+30/s) cancels=0(+0/s) notify=1 disc=1(0x08) | echo rx=0 tx=0 pend=0 stale=0
 296.772  P t=295s rxkBps=0 blkkBps=165 pongs=11640(+31/s) cancels=0(+0/s) notify=1 disc=1(0x08) | echo rx=0 tx=0 pend=0 stale=0
 298.770  P t=296s rxkBps=0 blkkBps=168 pongs=11671(+31/s) cancels=0(+0/s) notify=1 disc=1(0x08) | echo rx=0 tx=0 pend=0 stale=0
 298.770  P t=297s rxkBps=0 blkkBps=170 pongs=11703(+32/s) cancels=0(+0/s) notify=1 disc=1(0x08) | echo rx=0 tx=0 pend=0 stale=0
 300.771  P t=298s rxkBps=0 blkkBps=171 pongs=11735(+32/s) cancels=0(+0/s) notify=1 disc=1(0x08) | echo rx=0 tx=0 pend=0 stale=0
 300.771  P t=299s rxkBps=0 blkkBps=171 pongs=11767(+32/s) cancels=0(+0/s) notify=1 disc=1(0x08) | echo rx=0 tx=0 pend=0 stale=0
 302.771  P t=300s rxkBps=0 blkkBps=168 pongs=11798(+31/s) cancels=0(+0/s) notify=1 disc=1(0x08) | echo rx=0 tx=0 pend=0 stale=0
 302.771  P t=301s rxkBps=0 blkkBps=166 pongs=11829(+31/s) cancels=0(+0/s) notify=1 disc=1(0x08) | echo rx=0 tx=0 pend=0 stale=0
 304.807  P t=302s rxkBps=0 blkkBps=167 pongs=11860(+31/s) cancels=0(+0/s) notify=1 disc=1(0x08) | echo rx=0 tx=0 pend=0 stale=0
 304.807  P t=303s rxkBps=0 blkkBps=168 pongs=11892(+32/s) cancels=0(+0/s) notify=1 disc=1(0x08) | echo rx=0 tx=0 pend=0 stale=0
 306.793  P t=304s rxkBps=0 blkkBps=170 pongs=11924(+32/s) cancels=0(+0/s) notify=1 disc=1(0x08) | echo rx=0 tx=0 pend=0 stale=0
 306.793  P t=305s rxkBps=0 blkkBps=171 pongs=11956(+32/s) cancels=0(+0/s) notify=1 disc=1(0x08) | echo rx=0 tx=0 pend=0 stale=0
 308.768  P t=306s rxkBps=0 blkkBps=167 pongs=11987(+31/s) cancels=0(+0/s) notify=1 disc=1(0x08) | echo rx=0 tx=0 pend=0 stale=0
 308.768  P t=307s rxkBps=0 blkkBps=167 pongs=12018(+31/s) cancels=0(+0/s) notify=1 disc=1(0x08) | echo rx=0 tx=0 pend=0 stale=0
 310.761  P t=308s rxkBps=0 blkkBps=173 pongs=12050(+32/s) cancels=0(+0/s) notify=1 disc=1(0x08) | echo rx=0 tx=0 pend=0 stale=0
 310.813  P t=309s rxkBps=0 blkkBps=164 pongs=12081(+31/s) cancels=0(+0/s) notify=1 disc=1(0x08) | echo rx=0 tx=0 pend=0 stale=0
 312.764  P t=310s rxkBps=0 blkkBps=172 pongs=12113(+32/s) cancels=0(+0/s) notify=1 disc=1(0x08) | echo rx=0 tx=0 pend=0 stale=0
 312.764  P t=311s rxkBps=0 blkkBps=168 pongs=12144(+31/s) cancels=0(+0/s) notify=1 disc=1(0x08) | echo rx=0 tx=0 pend=0 stale=0
 314.781  P t=312s rxkBps=0 blkkBps=172 pongs=12176(+32/s) cancels=0(+0/s) notify=1 disc=1(0x08) | echo rx=0 tx=0 pend=0 stale=0
 314.781  P t=313s rxkBps=0 blkkBps=167 pongs=12207(+31/s) cancels=0(+0/s) notify=1 disc=1(0x08) | echo rx=0 tx=0 pend=0 stale=0
 316.795  P t=314s rxkBps=0 blkkBps=167 pongs=12238(+31/s) cancels=0(+0/s) notify=1 disc=1(0x08) | echo rx=0 tx=0 pend=0 stale=0
 316.795  P t=315s rxkBps=0 blkkBps=169 pongs=12270(+32/s) cancels=0(+0/s) notify=1 disc=1(0x08) | echo rx=0 tx=0 pend=0 stale=0
 318.801  P t=316s rxkBps=0 blkkBps=169 pongs=12301(+31/s) cancels=0(+0/s) notify=1 disc=1(0x08) | echo rx=0 tx=0 pend=0 stale=0
 318.801  P t=317s rxkBps=0 blkkBps=167 pongs=12332(+31/s) cancels=0(+0/s) notify=1 disc=1(0x08) | echo rx=0 tx=0 pend=0 stale=0
 320.777  P t=318s rxkBps=0 blkkBps=170 pongs=12364(+32/s) cancels=0(+0/s) notify=1 disc=1(0x08) | echo rx=0 tx=0 pend=0 stale=0
 320.777  P t=319s rxkBps=0 blkkBps=170 pongs=12395(+31/s) cancels=0(+0/s) notify=1 disc=1(0x08) | echo rx=0 tx=0 pend=0 stale=0
 322.765  P t=320s rxkBps=0 blkkBps=171 pongs=12427(+32/s) cancels=0(+0/s) notify=1 disc=1(0x08) | echo rx=0 tx=0 pend=0 stale=0
 322.766  P t=321s rxkBps=0 blkkBps=170 pongs=12459(+32/s) cancels=0(+0/s) notify=1 disc=1(0x08) | echo rx=0 tx=0 pend=0 stale=0
 324.788  P t=322s rxkBps=0 blkkBps=166 pongs=12489(+30/s) cancels=0(+0/s) notify=1 disc=1(0x08) | echo rx=0 tx=0 pend=0 stale=0
 324.788  P t=323s rxkBps=0 blkkBps=167 pongs=12520(+31/s) cancels=0(+0/s) notify=1 disc=1(0x08) | echo rx=0 tx=0 pend=0 stale=0
 326.776  P t=324s rxkBps=0 blkkBps=165 pongs=12551(+31/s) cancels=0(+0/s) notify=1 disc=1(0x08) | echo rx=0 tx=0 pend=0 stale=0
 326.776  P t=325s rxkBps=0 blkkBps=168 pongs=12582(+31/s) cancels=0(+0/s) notify=1 disc=1(0x08) | echo rx=0 tx=0 pend=0 stale=0
 328.780  P t=326s rxkBps=0 blkkBps=168 pongs=12614(+32/s) cancels=0(+0/s) notify=1 disc=1(0x08) | echo rx=0 tx=0 pend=0 stale=0
 328.780  P t=327s rxkBps=0 blkkBps=167 pongs=12645(+31/s) cancels=0(+0/s) notify=1 disc=1(0x08) | echo rx=0 tx=0 pend=0 stale=0
 330.805  P t=328s rxkBps=0 blkkBps=163 pongs=12675(+30/s) cancels=0(+0/s) notify=1 disc=1(0x08) | echo rx=0 tx=0 pend=0 stale=0
 330.805  P t=329s rxkBps=0 blkkBps=161 pongs=12705(+30/s) cancels=0(+0/s) notify=1 disc=1(0x08) | echo rx=0 tx=0 pend=0 stale=0
 332.762  P t=330s rxkBps=0 blkkBps=171 pongs=12737(+32/s) cancels=0(+0/s) notify=1 disc=1(0x08) | echo rx=0 tx=0 pend=0 stale=0
 332.821  P t=331s rxkBps=0 blkkBps=174 pongs=12770(+33/s) cancels=0(+0/s) notify=1 disc=1(0x08) | echo rx=0 tx=0 pend=0 stale=0
 334.768  P t=332s rxkBps=0 blkkBps=174 pongs=12802(+32/s) cancels=0(+0/s) notify=1 disc=1(0x08) | echo rx=0 tx=0 pend=0 stale=0
 334.768  P t=333s rxkBps=0 blkkBps=165 pongs=12833(+31/s) cancels=0(+0/s) notify=1 disc=1(0x08) | echo rx=0 tx=0 pend=0 stale=0
 336.780  P t=334s rxkBps=0 blkkBps=167 pongs=12864(+31/s) cancels=0(+0/s) notify=1 disc=1(0x08) | echo rx=0 tx=0 pend=0 stale=0
 336.780  P t=335s rxkBps=0 blkkBps=169 pongs=12895(+31/s) cancels=0(+0/s) notify=1 disc=1(0x08) | echo rx=0 tx=0 pend=0 stale=0
 338.787  P t=336s rxkBps=0 blkkBps=171 pongs=12926(+31/s) cancels=0(+0/s) notify=1 disc=1(0x08) | echo rx=0 tx=0 pend=0 stale=0
 338.787  P t=337s rxkBps=0 blkkBps=167 pongs=12957(+31/s) cancels=0(+0/s) notify=1 disc=1(0x08) | echo rx=0 tx=0 pend=0 stale=0
 340.801  P t=338s rxkBps=0 blkkBps=169 pongs=12989(+32/s) cancels=0(+0/s) notify=1 disc=1(0x08) | echo rx=0 tx=0 pend=0 stale=0
 340.801  P t=339s rxkBps=0 blkkBps=165 pongs=13020(+31/s) cancels=0(+0/s) notify=1 disc=1(0x08) | echo rx=0 tx=0 pend=0 stale=0
 342.759  P t=340s rxkBps=0 blkkBps=167 pongs=13050(+30/s) cancels=0(+0/s) notify=1 disc=1(0x08) | echo rx=0 tx=0 pend=0 stale=0
 342.814  P t=341s rxkBps=0 blkkBps=167 pongs=13081(+31/s) cancels=0(+0/s) notify=1 disc=1(0x08) | echo rx=0 tx=0 pend=0 stale=0
 344.776  P t=342s rxkBps=0 blkkBps=161 pongs=13111(+30/s) cancels=0(+0/s) notify=1 disc=1(0x08) | echo rx=0 tx=0 pend=0 stale=0
 344.776  P t=343s rxkBps=0 blkkBps=176 pongs=13143(+32/s) cancels=0(+0/s) notify=1 disc=1(0x08) | echo rx=0 tx=0 pend=0 stale=0
 346.760  P t=344s rxkBps=0 blkkBps=165 pongs=13174(+31/s) cancels=0(+0/s) notify=1 disc=1(0x08) | echo rx=0 tx=0 pend=0 stale=0
 346.816  P t=345s rxkBps=0 blkkBps=167 pongs=13205(+31/s) cancels=0(+0/s) notify=1 disc=1(0x08) | echo rx=0 tx=0 pend=0 stale=0
 348.783  P t=346s rxkBps=0 blkkBps=162 pongs=13235(+30/s) cancels=0(+0/s) notify=1 disc=1(0x08) | echo rx=0 tx=0 pend=0 stale=0
 348.783  P t=347s rxkBps=0 blkkBps=167 pongs=13266(+31/s) cancels=0(+0/s) notify=1 disc=1(0x08) | echo rx=0 tx=0 pend=0 stale=0
 350.772  P t=348s rxkBps=0 blkkBps=160 pongs=13296(+30/s) cancels=0(+0/s) notify=1 disc=1(0x08) | echo rx=0 tx=0 pend=0 stale=0
 350.772  P t=349s rxkBps=0 blkkBps=169 pongs=13327(+31/s) cancels=0(+0/s) notify=1 disc=1(0x08) | echo rx=0 tx=0 pend=0 stale=0
 352.785  P t=350s rxkBps=0 blkkBps=172 pongs=13359(+32/s) cancels=0(+0/s) notify=1 disc=1(0x08) | echo rx=0 tx=0 pend=0 stale=0
 352.785  P t=351s rxkBps=0 blkkBps=165 pongs=13390(+31/s) cancels=0(+0/s) notify=1 disc=1(0x08) | echo rx=0 tx=0 pend=0 stale=0
 354.787  P t=352s rxkBps=0 blkkBps=165 pongs=13420(+30/s) cancels=0(+0/s) notify=1 disc=1(0x08) | echo rx=0 tx=0 pend=0 stale=0
 354.787  P t=353s rxkBps=0 blkkBps=172 pongs=13452(+32/s) cancels=0(+0/s) notify=1 disc=1(0x08) | echo rx=0 tx=0 pend=0 stale=0
 356.803  P t=354s rxkBps=0 blkkBps=165 pongs=13483(+31/s) cancels=0(+0/s) notify=1 disc=1(0x08) | echo rx=0 tx=0 pend=0 stale=0
 356.804  P t=355s rxkBps=0 blkkBps=165 pongs=13513(+30/s) cancels=0(+0/s) notify=1 disc=1(0x08) | echo rx=0 tx=0 pend=0 stale=0
 358.807  P t=356s rxkBps=0 blkkBps=167 pongs=13544(+31/s) cancels=0(+0/s) notify=1 disc=1(0x08) | echo rx=0 tx=0 pend=0 stale=0
 358.808  P t=357s rxkBps=0 blkkBps=168 pongs=13576(+32/s) cancels=0(+0/s) notify=1 disc=1(0x08) | echo rx=0 tx=0 pend=0 stale=0
 360.803  P t=358s rxkBps=0 blkkBps=168 pongs=13607(+31/s) cancels=0(+0/s) notify=1 disc=1(0x08) | echo rx=0 tx=0 pend=0 stale=0
 360.804  P t=359s rxkBps=0 blkkBps=167 pongs=13638(+31/s) cancels=0(+0/s) notify=1 disc=1(0x08) | echo rx=0 tx=0 pend=0 stale=0
 362.763  P t=360s rxkBps=0 blkkBps=160 pongs=13668(+30/s) cancels=0(+0/s) notify=1 disc=1(0x08) | echo rx=0 tx=0 pend=0 stale=0
 362.823  P t=361s rxkBps=0 blkkBps=169 pongs=13699(+31/s) cancels=0(+0/s) notify=1 disc=1(0x08) | echo rx=0 tx=0 pend=0 stale=0
 364.778  P t=362s rxkBps=0 blkkBps=170 pongs=13731(+32/s) cancels=0(+0/s) notify=1 disc=1(0x08) | echo rx=0 tx=0 pend=0 stale=0
 364.778  P t=363s rxkBps=0 blkkBps=172 pongs=13763(+32/s) cancels=0(+0/s) notify=1 disc=1(0x08) | echo rx=0 tx=0 pend=0 stale=0
 366.773  P t=364s rxkBps=0 blkkBps=170 pongs=13794(+31/s) cancels=0(+0/s) notify=1 disc=1(0x08) | echo rx=0 tx=0 pend=0 stale=0
 366.773  P t=365s rxkBps=0 blkkBps=167 pongs=13825(+31/s) cancels=0(+0/s) notify=1 disc=1(0x08) | echo rx=0 tx=0 pend=0 stale=0
 368.795  P t=366s rxkBps=0 blkkBps=164 pongs=13856(+31/s) cancels=0(+0/s) notify=1 disc=1(0x08) | echo rx=0 tx=0 pend=0 stale=0
 368.795  P t=367s rxkBps=0 blkkBps=169 pongs=13887(+31/s) cancels=0(+0/s) notify=1 disc=1(0x08) | echo rx=0 tx=0 pend=0 stale=0
 370.793  P t=368s rxkBps=0 blkkBps=166 pongs=13918(+31/s) cancels=0(+0/s) notify=1 disc=1(0x08) | echo rx=0 tx=0 pend=0 stale=0
 370.793  P t=369s rxkBps=0 blkkBps=165 pongs=13949(+31/s) cancels=0(+0/s) notify=1 disc=1(0x08) | echo rx=0 tx=0 pend=0 stale=0
 372.778  P t=370s rxkBps=0 blkkBps=169 pongs=13980(+31/s) cancels=0(+0/s) notify=1 disc=1(0x08) | echo rx=0 tx=0 pend=0 stale=0
 372.778  P t=371s rxkBps=0 blkkBps=170 pongs=14012(+32/s) cancels=0(+0/s) notify=1 disc=1(0x08) | echo rx=0 tx=0 pend=0 stale=0
 374.783  P t=372s rxkBps=0 blkkBps=164 pongs=14042(+30/s) cancels=0(+0/s) notify=1 disc=1(0x08) | echo rx=0 tx=0 pend=0 stale=0
 374.784  P t=373s rxkBps=0 blkkBps=169 pongs=14073(+31/s) cancels=0(+0/s) notify=1 disc=1(0x08) | echo rx=0 tx=0 pend=0 stale=0
 376.765  P t=374s rxkBps=0 blkkBps=162 pongs=14103(+30/s) cancels=0(+0/s) notify=1 disc=1(0x08) | echo rx=0 tx=0 pend=0 stale=0
 376.818  P t=375s rxkBps=0 blkkBps=163 pongs=14134(+31/s) cancels=0(+0/s) notify=1 disc=1(0x08) | echo rx=0 tx=0 pend=0 stale=0
 378.788  P t=376s rxkBps=0 blkkBps=161 pongs=14163(+29/s) cancels=0(+0/s) notify=1 disc=1(0x08) | echo rx=0 tx=0 pend=0 stale=0
 378.788  P t=377s rxkBps=0 blkkBps=152 pongs=14191(+28/s) cancels=0(+0/s) notify=1 disc=1(0x08) | echo rx=0 tx=0 pend=0 stale=0
 380.815  P t=378s rxkBps=0 blkkBps=162 pongs=14221(+30/s) cancels=0(+0/s) notify=1 disc=1(0x08) | echo rx=0 tx=0 pend=0 stale=0
 380.815  P t=379s rxkBps=0 blkkBps=159 pongs=14251(+30/s) cancels=0(+0/s) notify=1 disc=1(0x08) | echo rx=0 tx=0 pend=0 stale=0
 382.776  P t=380s rxkBps=0 blkkBps=167 pongs=14282(+31/s) cancels=0(+0/s) notify=1 disc=1(0x08) | echo rx=0 tx=0 pend=0 stale=0
 382.776  P t=381s rxkBps=0 blkkBps=171 pongs=14313(+31/s) cancels=0(+0/s) notify=1 disc=1(0x08) | echo rx=0 tx=0 pend=0 stale=0
 384.803  P t=382s rxkBps=0 blkkBps=162 pongs=14344(+31/s) cancels=0(+0/s) notify=1 disc=1(0x08) | echo rx=0 tx=0 pend=0 stale=0
 384.803  P t=383s rxkBps=0 blkkBps=169 pongs=14375(+31/s) cancels=0(+0/s) notify=1 disc=1(0x08) | echo rx=0 tx=0 pend=0 stale=0
 386.811  P t=384s rxkBps=0 blkkBps=158 pongs=14404(+29/s) cancels=0(+0/s) notify=1 disc=1(0x08) | echo rx=0 tx=0 pend=0 stale=0
 386.811  P t=385s rxkBps=0 blkkBps=164 pongs=14435(+31/s) cancels=0(+0/s) notify=1 disc=1(0x08) | echo rx=0 tx=0 pend=0 stale=0
 388.799  P t=386s rxkBps=0 blkkBps=165 pongs=14465(+30/s) cancels=0(+0/s) notify=1 disc=1(0x08) | echo rx=0 tx=0 pend=0 stale=0
 388.800  P t=387s rxkBps=0 blkkBps=155 pongs=14494(+29/s) cancels=0(+0/s) notify=1 disc=1(0x08) | echo rx=0 tx=0 pend=0 stale=0
 390.798  P t=388s rxkBps=0 blkkBps=167 pongs=14525(+31/s) cancels=0(+0/s) notify=1 disc=1(0x08) | echo rx=0 tx=0 pend=0 stale=0
 390.798  P t=389s rxkBps=0 blkkBps=169 pongs=14556(+31/s) cancels=0(+0/s) notify=1 disc=1(0x08) | echo rx=0 tx=0 pend=0 stale=0
 392.820  P t=390s rxkBps=0 blkkBps=170 pongs=14588(+32/s) cancels=0(+0/s) notify=1 disc=1(0x08) | echo rx=0 tx=0 pend=0 stale=0
 392.820  P t=391s rxkBps=0 blkkBps=163 pongs=14618(+30/s) cancels=0(+0/s) notify=1 disc=1(0x08) | echo rx=0 tx=0 pend=0 stale=0
 394.795  P t=392s rxkBps=0 blkkBps=174 pongs=14651(+33/s) cancels=0(+0/s) notify=1 disc=1(0x08) | echo rx=0 tx=0 pend=0 stale=0
 394.795  P t=393s rxkBps=0 blkkBps=160 pongs=14680(+29/s) cancels=0(+0/s) notify=1 disc=1(0x08) | echo rx=0 tx=0 pend=0 stale=0
 396.795  P t=394s rxkBps=0 blkkBps=166 pongs=14711(+31/s) cancels=0(+0/s) notify=1 disc=1(0x08) | echo rx=0 tx=0 pend=0 stale=0
 396.795  P t=395s rxkBps=0 blkkBps=163 pongs=14742(+31/s) cancels=0(+0/s) notify=1 disc=1(0x08) | echo rx=0 tx=0 pend=0 stale=0
 398.779  P t=396s rxkBps=0 blkkBps=165 pongs=14772(+30/s) cancels=0(+0/s) notify=1 disc=1(0x08) | echo rx=0 tx=0 pend=0 stale=0
 398.779  P t=397s rxkBps=0 blkkBps=170 pongs=14803(+31/s) cancels=0(+0/s) notify=1 disc=1(0x08) | echo rx=0 tx=0 pend=0 stale=0
 400.786  P t=398s rxkBps=0 blkkBps=167 pongs=14835(+32/s) cancels=0(+0/s) notify=1 disc=1(0x08) | echo rx=0 tx=0 pend=0 stale=0
 400.786  P t=399s rxkBps=0 blkkBps=169 pongs=14866(+31/s) cancels=0(+0/s) notify=1 disc=1(0x08) | echo rx=0 tx=0 pend=0 stale=0
 402.767  P t=400s rxkBps=0 blkkBps=171 pongs=14898(+32/s) cancels=0(+0/s) notify=1 disc=1(0x08) | echo rx=0 tx=0 pend=0 stale=0
 402.826  P t=401s rxkBps=0 blkkBps=164 pongs=14928(+30/s) cancels=0(+0/s) notify=1 disc=1(0x08) | echo rx=0 tx=0 pend=0 stale=0
 404.770  P t=402s rxkBps=0 blkkBps=167 pongs=14959(+31/s) cancels=0(+0/s) notify=1 disc=1(0x08) | echo rx=0 tx=0 pend=0 stale=0
 404.829  P t=403s rxkBps=0 blkkBps=160 pongs=14989(+30/s) cancels=0(+0/s) notify=1 disc=1(0x08) | echo rx=0 tx=0 pend=0 stale=0
 406.809  P t=404s rxkBps=0 blkkBps=169 pongs=15020(+31/s) cancels=0(+0/s) notify=1 disc=1(0x08) | echo rx=0 tx=0 pend=0 stale=0
 406.809  P t=405s rxkBps=0 blkkBps=166 pongs=15051(+31/s) cancels=0(+0/s) notify=1 disc=1(0x08) | echo rx=0 tx=0 pend=0 stale=0
 408.817  P t=406s rxkBps=0 blkkBps=162 pongs=15081(+30/s) cancels=0(+0/s) notify=1 disc=1(0x08) | echo rx=0 tx=0 pend=0 stale=0
 408.817  P t=407s rxkBps=0 blkkBps=164 pongs=15112(+31/s) cancels=0(+0/s) notify=1 disc=1(0x08) | echo rx=0 tx=0 pend=0 stale=0
 410.771  P t=408s rxkBps=0 blkkBps=161 pongs=15142(+30/s) cancels=0(+0/s) notify=1 disc=1(0x08) | echo rx=0 tx=0 pend=0 stale=0
 410.822  P t=409s rxkBps=0 blkkBps=155 pongs=15170(+28/s) cancels=0(+0/s) notify=1 disc=1(0x08) | echo rx=0 tx=0 pend=0 stale=0
 412.817  P t=410s rxkBps=0 blkkBps=158 pongs=15200(+30/s) cancels=0(+0/s) notify=1 disc=1(0x08) | echo rx=0 tx=0 pend=0 stale=0
 412.817  P t=411s rxkBps=0 blkkBps=161 pongs=15229(+29/s) cancels=0(+0/s) notify=1 disc=1(0x08) | echo rx=0 tx=0 pend=0 stale=0
 414.777  P t=412s rxkBps=0 blkkBps=149 pongs=15257(+28/s) cancels=0(+0/s) notify=1 disc=1(0x08) | echo rx=0 tx=0 pend=0 stale=0
 414.831  P t=413s rxkBps=0 blkkBps=164 pongs=15287(+30/s) cancels=0(+0/s) notify=1 disc=1(0x08) | echo rx=0 tx=0 pend=0 stale=0
 416.787  P t=414s rxkBps=0 blkkBps=172 pongs=15319(+32/s) cancels=0(+0/s) notify=1 disc=1(0x08) | echo rx=0 tx=0 pend=0 stale=0
 416.788  P t=415s rxkBps=0 blkkBps=170 pongs=15351(+32/s) cancels=0(+0/s) notify=1 disc=1(0x08) | echo rx=0 tx=0 pend=0 stale=0
 418.790  P t=416s rxkBps=0 blkkBps=162 pongs=15381(+30/s) cancels=0(+0/s) notify=1 disc=1(0x08) | echo rx=0 tx=0 pend=0 stale=0
 418.790  P t=417s rxkBps=0 blkkBps=169 pongs=15412(+31/s) cancels=0(+0/s) notify=1 disc=1(0x08) | echo rx=0 tx=0 pend=0 stale=0
 420.792  P t=418s rxkBps=0 blkkBps=167 pongs=15443(+31/s) cancels=0(+0/s) notify=1 disc=1(0x08) | echo rx=0 tx=0 pend=0 stale=0
 420.792  P t=419s rxkBps=0 blkkBps=168 pongs=15474(+31/s) cancels=0(+0/s) notify=1 disc=1(0x08) | echo rx=0 tx=0 pend=0 stale=0
 422.769  P t=420s rxkBps=0 blkkBps=156 pongs=15503(+29/s) cancels=0(+0/s) notify=1 disc=1(0x08) | echo rx=0 tx=0 pend=0 stale=0
 422.822  P t=421s rxkBps=0 blkkBps=163 pongs=15534(+31/s) cancels=0(+0/s) notify=1 disc=1(0x08) | echo rx=0 tx=0 pend=0 stale=0
 424.824  P t=422s rxkBps=0 blkkBps=164 pongs=15564(+30/s) cancels=0(+0/s) notify=1 disc=1(0x08) | echo rx=0 tx=0 pend=0 stale=0
 424.824  P t=423s rxkBps=0 blkkBps=164 pongs=15595(+31/s) cancels=0(+0/s) notify=1 disc=1(0x08) | echo rx=0 tx=0 pend=0 stale=0
 426.802  P t=424s rxkBps=0 blkkBps=167 pongs=15626(+31/s) cancels=0(+0/s) notify=1 disc=1(0x08) | echo rx=0 tx=0 pend=0 stale=0
 426.802  P t=425s rxkBps=0 blkkBps=169 pongs=15658(+32/s) cancels=0(+0/s) notify=1 disc=1(0x08) | echo rx=0 tx=0 pend=0 stale=0
 428.768  P t=426s rxkBps=0 blkkBps=25 pongs=15718(+60/s) cancels=0(+0/s) notify=1 disc=1(0x08) | echo rx=0 tx=0 pend=0 stale=0
 428.826  P t=427s rxkBps=0 blkkBps=0 pongs=15784(+66/s) cancels=0(+0/s) notify=1 disc=1(0x08) | echo rx=0 tx=0 pend=0 stale=0
 430.799  P t=428s rxkBps=0 blkkBps=0 pongs=15849(+65/s) cancels=0(+0/s) notify=1 disc=1(0x08) | echo rx=0 tx=0 pend=0 stale=0
 430.799  P t=429s rxkBps=0 blkkBps=0 pongs=15915(+66/s) cancels=0(+0/s) notify=1 disc=1(0x08) | echo rx=0 tx=0 pend=0 stale=0
 432.783  P t=430s rxkBps=0 blkkBps=0 pongs=15981(+66/s) cancels=0(+0/s) notify=1 disc=1(0x08) | echo rx=0 tx=0 pend=0 stale=0
 432.783  P t=431s rxkBps=0 blkkBps=0 pongs=16047(+66/s) cancels=0(+0/s) notify=1 disc=1(0x08) | echo rx=0 tx=0 pend=0 stale=0
 434.777  P t=432s rxkBps=0 blkkBps=0 pongs=16112(+65/s) cancels=0(+0/s) notify=1 disc=1(0x08) | echo rx=0 tx=0 pend=0 stale=0
 434.838  P t=433s rxkBps=0 blkkBps=0 pongs=16177(+65/s) cancels=0(+0/s) notify=1 disc=1(0x08) | echo rx=0 tx=0 pend=0 stale=0
 436.822  P t=434s rxkBps=0 blkkBps=0 pongs=16244(+67/s) cancels=0(+0/s) notify=1 disc=1(0x08) | echo rx=0 tx=0 pend=0 stale=0
 436.823  P t=435s rxkBps=0 blkkBps=0 pongs=16310(+66/s) cancels=0(+0/s) notify=1 disc=1(0x08) | echo rx=0 tx=0 pend=0 stale=0
 438.784  P t=436s rxkBps=0 blkkBps=0 pongs=16375(+65/s) cancels=0(+0/s) notify=1 disc=1(0x08) | echo rx=0 tx=0 pend=0 stale=0
 438.784  P t=437s rxkBps=0 blkkBps=0 pongs=16440(+65/s) cancels=0(+0/s) notify=1 disc=1(0x08) | echo rx=0 tx=0 pend=0 stale=0
 440.773  P t=438s rxkBps=0 blkkBps=0 pongs=16505(+65/s) cancels=0(+0/s) notify=1 disc=1(0x08) | echo rx=0 tx=0 pend=0 stale=0
 440.829  P t=439s rxkBps=0 blkkBps=0 pongs=16571(+66/s) cancels=0(+0/s) notify=1 disc=1(0x08) | echo rx=0 tx=0 pend=0 stale=0
 442.776  P t=440s rxkBps=0 blkkBps=0 pongs=16637(+66/s) cancels=0(+0/s) notify=1 disc=1(0x08) | echo rx=0 tx=0 pend=0 stale=0
 442.835  P t=441s rxkBps=0 blkkBps=0 pongs=16701(+64/s) cancels=0(+0/s) notify=1 disc=1(0x08) | echo rx=0 tx=0 pend=0 stale=0
 444.813  P t=442s rxkBps=0 blkkBps=0 pongs=16767(+66/s) cancels=0(+0/s) notify=1 disc=1(0x08) | echo rx=0 tx=0 pend=0 stale=0
 444.813  P t=443s rxkBps=0 blkkBps=0 pongs=16831(+64/s) cancels=0(+0/s) notify=1 disc=1(0x08) | echo rx=0 tx=0 pend=0 stale=0
 446.782  P t=444s rxkBps=0 blkkBps=0 pongs=16897(+66/s) cancels=0(+0/s) notify=1 disc=1(0x08) | echo rx=0 tx=0 pend=0 stale=0
 446.782  P t=445s rxkBps=0 blkkBps=0 pongs=16963(+66/s) cancels=0(+0/s) notify=1 disc=1(0x08) | echo rx=0 tx=0 pend=0 stale=0
 448.819  P t=446s rxkBps=0 blkkBps=0 pongs=17029(+66/s) cancels=0(+0/s) notify=1 disc=1(0x08) | echo rx=0 tx=0 pend=0 stale=0
 448.819  P t=447s rxkBps=0 blkkBps=0 pongs=17094(+65/s) cancels=0(+0/s) notify=1 disc=1(0x08) | echo rx=0 tx=0 pend=0 stale=0
