   0.120  SINK rx: 66 KB/s (67680 B / 1000 ms) fsu=52 | cum_total=2199611 B cum_segs=9166 | UP sent=18864 eagain=0 lasterr=0 txcred=24 host_pulls=0
   1.143  SINK rx: 63 KB/s (64800 B / 1000 ms) fsu=52 | cum_total=2264411 B cum_segs=9436 | UP sent=19408 eagain=0 lasterr=0 txcred=13 host_pulls=0
   1.725  *** Booting Zephyr OS build v4.4.2-16-gfee9fbc62095 ***
   1.725  
   1.725  === nRF52 L2CAP CoC SINK (Zephyr 4.4.1, seg_recv) ===
   1.725  L2CAP server on PSM 0x0080
   1.725  Advertising as 'zenoh-nrf-l2cap'
   5.682  GAP connected: interval=20
   5.796  DLE updated: tx_max=251 rx_max=27
   5.850  PHY updated: tx=2 rx=2
   6.017  DLE updated: tx_max=251 rx_max=251
   6.017  CoC up — seg_recv sink ready (RX_CREDITS=64, MPS=247)
   6.135  Q3FSU-DONE role=P status=0x00 spacing=52 types=0x3 phys=0x2 initiator=2
   6.768  SINK rx: 30 KB/s (30971 B / 1000 ms) fsu=52 | cum_total=30971 B cum_segs=130 | UP sent=566 eagain=0 lasterr=0 txcred=71 host_pulls=0
   7.792  SINK rx: 63 KB/s (65280 B / 1000 ms) fsu=52 | cum_total=96251 B cum_segs=402 | UP sent=1133 eagain=0 lasterr=0 txcred=78 host_pulls=0
   8.800  SINK rx: 65 KB/s (66955 B / 1000 ms) fsu=52 | cum_total=163206 B cum_segs=681 | UP sent=1706 eagain=0 lasterr=0 txcred=120 host_pulls=0
   9.798  SINK rx: 66 KB/s (68405 B / 1000 ms) fsu=52 | cum_total=231611 B cum_segs=966 | UP sent=2242 eagain=0 lasterr=0 txcred=76 host_pulls=0
  10.791  SINK rx: 64 KB/s (66240 B / 1000 ms) fsu=52 | cum_total=297851 B cum_segs=1242 | UP sent=2812 eagain=0 lasterr=0 txcred=80 host_pulls=0
  11.852  SINK rx: 60 KB/s (61675 B / 1000 ms) fsu=52 | cum_total=359526 B cum_segs=1499 | UP sent=3334 eagain=0 lasterr=0 txcred=91 host_pulls=0
  12.825  SINK rx: 64 KB/s (66485 B / 1000 ms) fsu=52 | cum_total=426011 B cum_segs=1776 | UP sent=3892 eagain=0 lasterr=0 txcred=66 host_pulls=0
  13.852  SINK rx: 62 KB/s (63595 B / 1000 ms) fsu=52 | cum_total=489606 B cum_segs=2041 | UP sent=4452 eagain=0 lasterr=0 txcred=80 host_pulls=0
  14.843  SINK rx: 65 KB/s (66720 B / 1000 ms) fsu=52 | cum_total=556326 B cum_segs=2319 | UP sent=4999 eagain=0 lasterr=0 txcred=107 host_pulls=0
  15.886  SINK rx: 67 KB/s (68640 B / 1000 ms) fsu=52 | cum_total=624966 B cum_segs=2605 | UP sent=5561 eagain=0 lasterr=0 txcred=78 host_pulls=0
  16.879  SINK rx: 66 KB/s (67925 B / 1000 ms) fsu=52 | cum_total=692891 B cum_segs=2888 | UP sent=6138 eagain=0 lasterr=0 txcred=75 host_pulls=0
  17.927  SINK rx: 63 KB/s (64800 B / 1000 ms) fsu=52 | cum_total=757691 B cum_segs=3158 | UP sent=6703 eagain=0 lasterr=0 txcred=84 host_pulls=0
  18.930  SINK rx: 63 KB/s (65035 B / 1000 ms) fsu=52 | cum_total=822726 B cum_segs=3429 | UP sent=7267 eagain=0 lasterr=0 txcred=93 host_pulls=0
  19.963  SINK rx: 66 KB/s (68160 B / 1000 ms) fsu=52 | cum_total=890886 B cum_segs=3713 | UP sent=7805 eagain=0 lasterr=0 txcred=88 host_pulls=0
  20.950  SINK rx: 63 KB/s (64800 B / 1000 ms) fsu=52 | cum_total=955686 B cum_segs=3983 | UP sent=8367 eagain=0 lasterr=0 txcred=101 host_pulls=0
  21.983  SINK rx: 64 KB/s (65760 B / 1000 ms) fsu=52 | cum_total=1021446 B cum_segs=4257 | UP sent=8935 eagain=0 lasterr=0 txcred=106 host_pulls=0
  22.955  SINK rx: 60 KB/s (62165 B / 1000 ms) fsu=52 | cum_total=1083611 B cum_segs=4516 | UP sent=9446 eagain=0 lasterr=0 txcred=88 host_pulls=0
  24.010  SINK rx: 61 KB/s (63115 B / 1000 ms) fsu=52 | cum_total=1146726 B cum_segs=4779 | UP sent=9971 eagain=0 lasterr=0 txcred=96 host_pulls=0
  25.015  SINK rx: 65 KB/s (66720 B / 1000 ms) fsu=52 | cum_total=1213446 B cum_segs=5057 | UP sent=10533 eagain=0 lasterr=0 txcred=67 host_pulls=0
  26.003  SINK rx: 63 KB/s (65525 B / 1000 ms) fsu=52 | cum_total=1278971 B cum_segs=5330 | UP sent=11101 eagain=0 lasterr=0 txcred=73 host_pulls=0
  27.046  SINK rx: 63 KB/s (64555 B / 1000 ms) fsu=52 | cum_total=1343526 B cum_segs=5599 | UP sent=11654 eagain=0 lasterr=0 txcred=93 host_pulls=0
  28.017  SINK rx: 67 KB/s (68885 B / 1000 ms) fsu=52 | cum_total=1412411 B cum_segs=5886 | UP sent=12219 eagain=0 lasterr=0 txcred=103 host_pulls=0
  29.060  SINK rx: 67 KB/s (68640 B / 1000 ms) fsu=52 | cum_total=1481051 B cum_segs=6172 | UP sent=12782 eagain=0 lasterr=0 txcred=73 host_pulls=0
  30.068  SINK rx: 62 KB/s (63840 B / 1000 ms) fsu=52 | cum_total=1544891 B cum_segs=6438 | UP sent=13343 eagain=0 lasterr=0 txcred=86 host_pulls=0
  31.066  SINK rx: 62 KB/s (64320 B / 1000 ms) fsu=52 | cum_total=1609211 B cum_segs=6706 | UP sent=13903 eagain=0 lasterr=0 txcred=99 host_pulls=0
  32.072  SINK rx: 67 KB/s (68875 B / 1000 ms) fsu=52 | cum_total=1678086 B cum_segs=6993 | UP sent=14447 eagain=0 lasterr=0 txcred=89 host_pulls=0
  33.104  SINK rx: 62 KB/s (64085 B / 1000 ms) fsu=52 | cum_total=1742171 B cum_segs=7260 | UP sent=15004 eagain=0 lasterr=0 txcred=106 host_pulls=0
  34.155  SINK rx: 63 KB/s (65280 B / 1000 ms) fsu=52 | cum_total=1807451 B cum_segs=7532 | UP sent=15571 eagain=0 lasterr=0 txcred=113 host_pulls=0
  35.162  SINK rx: 65 KB/s (67435 B / 1000 ms) fsu=52 | cum_total=1874886 B cum_segs=7813 | UP sent=16117 eagain=0 lasterr=0 txcred=100 host_pulls=0
  36.146  SINK rx: 63 KB/s (65280 B / 1000 ms) fsu=52 | cum_total=1940166 B cum_segs=8085 | UP sent=16669 eagain=0 lasterr=0 txcred=81 host_pulls=0
  37.185  SINK rx: 63 KB/s (65045 B / 1000 ms) fsu=52 | cum_total=2005211 B cum_segs=8356 | UP sent=17235 eagain=0 lasterr=0 txcred=89 host_pulls=0
  38.184  SINK rx: 65 KB/s (67435 B / 1000 ms) fsu=52 | cum_total=2072646 B cum_segs=8637 | UP sent=17810 eagain=0 lasterr=0 txcred=88 host_pulls=0
  39.213  SINK rx: 66 KB/s (67925 B / 1000 ms) fsu=52 | cum_total=2140571 B cum_segs=8920 | UP sent=18369 eagain=0 lasterr=0 txcred=102 host_pulls=0
