   0.053  SINK rx: 195 KB/s (199680 B / 1000 ms) fsu=52 | cum_total=2415846 B cum_segs=10067 | UP sent=16879 eagain=0 lasterr=-128 txcred=64 host_pulls=0
   1.083  SINK rx: 198 KB/s (202805 B / 1000 ms) fsu=52 | cum_total=2618651 B cum_segs=10912 | UP sent=16879 eagain=0 lasterr=-128 txcred=64 host_pulls=0
   1.715  *** Booting Zephyr OS build v4.4.2-16-gfee9fbc62095 ***
   1.715  
   1.715  === nRF52 L2CAP CoC SINK (Zephyr 4.4.1, seg_recv) ===
   1.715  L2CAP server on PSM 0x0080
   1.715  Advertising as 'zenoh-nrf-l2cap'
   5.623  GAP connected: interval=20
   5.741  DLE updated: tx_max=251 rx_max=27
   5.854  PHY updated: tx=2 rx=2
   5.964  DLE updated: tx_max=251 rx_max=251
   5.964  CoC up — seg_recv sink ready (RX_CREDITS=64, MPS=247)
   6.136  Q3FSU-DONE role=P status=0x00 spacing=52 types=0x3 phys=0x2 initiator=2
   6.723  SINK rx: 32 KB/s (33371 B / 1000 ms) fsu=52 | cum_total=33371 B cum_segs=140 | UP sent=578 eagain=0 lasterr=0 txcred=24 host_pulls=0
   7.764  SINK rx: 59 KB/s (60960 B / 1000 ms) fsu=52 | cum_total=94331 B cum_segs=394 | UP sent=1127 eagain=0 lasterr=0 txcred=49 host_pulls=0
   8.798  SINK rx: 66 KB/s (68160 B / 1000 ms) fsu=52 | cum_total=162491 B cum_segs=678 | UP sent=1661 eagain=0 lasterr=0 txcred=6 host_pulls=0
   9.773  SINK rx: 61 KB/s (62880 B / 1000 ms) fsu=52 | cum_total=225371 B cum_segs=940 | UP sent=2219 eagain=0 lasterr=0 txcred=23 host_pulls=0
  10.773  SINK rx: 63 KB/s (65515 B / 1000 ms) fsu=52 | cum_total=290886 B cum_segs=1213 | UP sent=2786 eagain=0 lasterr=0 txcred=30 host_pulls=0
  11.806  SINK rx: 66 KB/s (68160 B / 1000 ms) fsu=52 | cum_total=359046 B cum_segs=1497 | UP sent=3308 eagain=0 lasterr=0 txcred=0 host_pulls=0
  12.847  SINK rx: 65 KB/s (67200 B / 1000 ms) fsu=52 | cum_total=426246 B cum_segs=1777 | UP sent=3895 eagain=0 lasterr=0 txcred=28 host_pulls=0
  13.840  SINK rx: 63 KB/s (64800 B / 1000 ms) fsu=52 | cum_total=491046 B cum_segs=2047 | UP sent=4460 eagain=0 lasterr=0 txcred=37 host_pulls=0
  14.862  SINK rx: 63 KB/s (65280 B / 1000 ms) fsu=52 | cum_total=556326 B cum_segs=2319 | UP sent=5016 eagain=0 lasterr=0 txcred=55 host_pulls=0
  15.849  SINK rx: 62 KB/s (63840 B / 1000 ms) fsu=52 | cum_total=620166 B cum_segs=2585 | UP sent=5543 eagain=0 lasterr=0 txcred=20 host_pulls=0
  16.897  SINK rx: 63 KB/s (65280 B / 1000 ms) fsu=52 | cum_total=685446 B cum_segs=2857 | UP sent=6110 eagain=0 lasterr=0 txcred=27 host_pulls=0
  17.885  SINK rx: 66 KB/s (67680 B / 1000 ms) fsu=52 | cum_total=753126 B cum_segs=3139 | UP sent=6651 eagain=0 lasterr=0 txcred=60 host_pulls=0
  18.907  SINK rx: 61 KB/s (62880 B / 1000 ms) fsu=52 | cum_total=816006 B cum_segs=3401 | UP sent=7200 eagain=0 lasterr=0 txcred=44 host_pulls=0
  19.897  SINK rx: 63 KB/s (65045 B / 1000 ms) fsu=52 | cum_total=881051 B cum_segs=3672 | UP sent=7751 eagain=0 lasterr=0 txcred=26 host_pulls=0
  20.933  SINK rx: 67 KB/s (68875 B / 1000 ms) fsu=52 | cum_total=949926 B cum_segs=3959 | UP sent=8319 eagain=0 lasterr=0 txcred=32 host_pulls=0
  21.933  SINK rx: 67 KB/s (68885 B / 1000 ms) fsu=52 | cum_total=1018811 B cum_segs=4246 | UP sent=8886 eagain=0 lasterr=0 txcred=39 host_pulls=0
  22.985  SINK rx: 57 KB/s (59275 B / 1000 ms) fsu=52 | cum_total=1078086 B cum_segs=4493 | UP sent=9426 eagain=0 lasterr=0 txcred=32 host_pulls=0
  23.956  SINK rx: 61 KB/s (62880 B / 1000 ms) fsu=52 | cum_total=1140966 B cum_segs=4755 | UP sent=9940 eagain=0 lasterr=0 txcred=10 host_pulls=0
  25.018  SINK rx: 65 KB/s (66965 B / 1000 ms) fsu=52 | cum_total=1207931 B cum_segs=5034 | UP sent=10513 eagain=0 lasterr=0 txcred=52 host_pulls=0
  25.985  SINK rx: 65 KB/s (66720 B / 1000 ms) fsu=52 | cum_total=1274651 B cum_segs=5312 | UP sent=11064 eagain=0 lasterr=0 txcred=33 host_pulls=0
  26.994  SINK rx: 66 KB/s (67915 B / 1000 ms) fsu=52 | cum_total=1342566 B cum_segs=5595 | UP sent=11619 eagain=0 lasterr=0 txcred=12 host_pulls=0
  28.022  SINK rx: 61 KB/s (62880 B / 1000 ms) fsu=52 | cum_total=1405446 B cum_segs=5857 | UP sent=12176 eagain=0 lasterr=0 txcred=29 host_pulls=0
  29.050  SINK rx: 64 KB/s (66005 B / 1000 ms) fsu=52 | cum_total=1471451 B cum_segs=6132 | UP sent=12737 eagain=0 lasterr=0 txcred=42 host_pulls=0
  30.082  SINK rx: 67 KB/s (68875 B / 1000 ms) fsu=52 | cum_total=1540326 B cum_segs=6419 | UP sent=13308 eagain=0 lasterr=0 txcred=45 host_pulls=0
  31.053  SINK rx: 67 KB/s (68885 B / 1000 ms) fsu=52 | cum_total=1609211 B cum_segs=6706 | UP sent=13868 eagain=0 lasterr=0 txcred=59 host_pulls=0
  32.064  SINK rx: 63 KB/s (64555 B / 1000 ms) fsu=52 | cum_total=1673766 B cum_segs=6975 | UP sent=14427 eagain=0 lasterr=0 txcred=33 host_pulls=0
  33.095  SINK rx: 65 KB/s (67200 B / 1000 ms) fsu=52 | cum_total=1740966 B cum_segs=7255 | UP sent=15002 eagain=0 lasterr=0 txcred=32 host_pulls=0
  34.092  SINK rx: 63 KB/s (65280 B / 1000 ms) fsu=52 | cum_total=1806246 B cum_segs=7527 | UP sent=15568 eagain=0 lasterr=0 txcred=40 host_pulls=0
  35.118  SINK rx: 67 KB/s (68640 B / 1000 ms) fsu=52 | cum_total=1874886 B cum_segs=7813 | UP sent=16120 eagain=0 lasterr=0 txcred=62 host_pulls=0
  36.116  SINK rx: 62 KB/s (63605 B / 1000 ms) fsu=52 | cum_total=1938491 B cum_segs=8078 | UP sent=16664 eagain=0 lasterr=0 txcred=9 host_pulls=0
  37.164  SINK rx: 62 KB/s (64320 B / 1000 ms) fsu=52 | cum_total=2002811 B cum_segs=8346 | UP sent=17211 eagain=0 lasterr=0 txcred=37 host_pulls=0
  38.174  SINK rx: 67 KB/s (68875 B / 1000 ms) fsu=52 | cum_total=2071686 B cum_segs=8633 | UP sent=17764 eagain=0 lasterr=0 txcred=16 host_pulls=0
  39.152  SINK rx: 61 KB/s (62645 B / 1000 ms) fsu=52 | cum_total=2134331 B cum_segs=8894 | UP sent=18321 eagain=0 lasterr=0 txcred=34 host_pulls=0
