   0.060  SINK rx: 59 KB/s (60480 B / 1000 ms) fsu=0 | cum_total=1976891 B cum_segs=8238 | UP sent=16973 eagain=0 lasterr=0 txcred=29 host_pulls=0
   1.053  SINK rx: 57 KB/s (58560 B / 1000 ms) fsu=0 | cum_total=2035451 B cum_segs=8482 | UP sent=17469 eagain=0 lasterr=0 txcred=25 host_pulls=0
   1.733  *** Booting Zephyr OS build v4.4.2-16-gfee9fbc62095 ***
   1.733  
   1.733  === nRF52 L2CAP CoC SINK (Zephyr 4.4.1, seg_recv) ===
   1.733  L2CAP server on PSM 0x0080
   1.733  Advertising as 'zenoh-nrf-l2cap'
   5.688  GAP connected: interval=20
   5.748  DLE updated: tx_max=251 rx_max=27
   5.864  PHY updated: tx=2 rx=2
   5.982  DLE updated: tx_max=251 rx_max=251
   5.982  CoC up — seg_recv sink ready (RX_CREDITS=64, MPS=247)
   6.763  SINK rx: 27 KB/s (27846 B / 1000 ms) fsu=0 | cum_total=27846 B cum_segs=117 | UP sent=536 eagain=0 lasterr=0 txcred=105 host_pulls=0
   7.792  SINK rx: 57 KB/s (59285 B / 1000 ms) fsu=0 | cum_total=87131 B cum_segs=364 | UP sent=1035 eagain=0 lasterr=0 txcred=98 host_pulls=0
   8.776  SINK rx: 58 KB/s (60000 B / 1000 ms) fsu=0 | cum_total=147131 B cum_segs=614 | UP sent=1537 eagain=0 lasterr=0 txcred=88 host_pulls=0
   9.813  SINK rx: 56 KB/s (57600 B / 1000 ms) fsu=0 | cum_total=204731 B cum_segs=854 | UP sent=2029 eagain=0 lasterr=0 txcred=88 host_pulls=0
  10.791  SINK rx: 59 KB/s (60960 B / 1000 ms) fsu=0 | cum_total=265691 B cum_segs=1108 | UP sent=2535 eagain=0 lasterr=0 txcred=74 host_pulls=0
  11.830  SINK rx: 57 KB/s (59040 B / 1000 ms) fsu=0 | cum_total=324731 B cum_segs=1354 | UP sent=3033 eagain=0 lasterr=0 txcred=109 host_pulls=0
  12.813  SINK rx: 57 KB/s (59275 B / 1000 ms) fsu=0 | cum_total=384006 B cum_segs=1601 | UP sent=3531 eagain=0 lasterr=0 txcred=103 host_pulls=0
  13.846  SINK rx: 53 KB/s (54485 B / 1000 ms) fsu=0 | cum_total=438491 B cum_segs=1828 | UP sent=4011 eagain=0 lasterr=0 txcred=115 host_pulls=0
  14.880  SINK rx: 57 KB/s (58795 B / 1000 ms) fsu=0 | cum_total=497286 B cum_segs=2073 | UP sent=4466 eagain=0 lasterr=0 txcred=110 host_pulls=0
  15.862  SINK rx: 57 KB/s (59040 B / 1000 ms) fsu=0 | cum_total=556326 B cum_segs=2319 | UP sent=4977 eagain=0 lasterr=0 txcred=92 host_pulls=0
  16.913  SINK rx: 54 KB/s (55445 B / 1000 ms) fsu=0 | cum_total=611771 B cum_segs=2550 | UP sent=5446 eagain=0 lasterr=0 txcred=74 host_pulls=0
  17.875  SINK rx: 56 KB/s (58080 B / 1000 ms) fsu=0 | cum_total=669851 B cum_segs=2792 | UP sent=5940 eagain=0 lasterr=0 txcred=72 host_pulls=0
  18.924  SINK rx: 56 KB/s (57835 B / 1000 ms) fsu=0 | cum_total=727686 B cum_segs=3033 | UP sent=6434 eagain=0 lasterr=0 txcred=111 host_pulls=0
  19.905  SINK rx: 57 KB/s (59285 B / 1000 ms) fsu=0 | cum_total=786971 B cum_segs=3280 | UP sent=6933 eagain=0 lasterr=0 txcred=104 host_pulls=0
  20.946  SINK rx: 59 KB/s (60715 B / 1000 ms) fsu=0 | cum_total=847686 B cum_segs=3533 | UP sent=7437 eagain=0 lasterr=0 txcred=92 host_pulls=0
  21.932  SINK rx: 55 KB/s (56885 B / 1000 ms) fsu=0 | cum_total=904571 B cum_segs=3770 | UP sent=7927 eagain=0 lasterr=0 txcred=94 host_pulls=0
  22.963  SINK rx: 57 KB/s (59275 B / 1000 ms) fsu=0 | cum_total=963846 B cum_segs=4017 | UP sent=8426 eagain=0 lasterr=0 txcred=87 host_pulls=0
  24.002  SINK rx: 56 KB/s (58080 B / 1000 ms) fsu=0 | cum_total=1021926 B cum_segs=4259 | UP sent=8920 eagain=0 lasterr=0 txcred=85 host_pulls=0
  25.009  SINK rx: 59 KB/s (60960 B / 1000 ms) fsu=0 | cum_total=1082886 B cum_segs=4513 | UP sent=9425 eagain=0 lasterr=0 txcred=72 host_pulls=0
  25.980  SINK rx: 56 KB/s (57600 B / 1000 ms) fsu=0 | cum_total=1140486 B cum_segs=4753 | UP sent=9918 eagain=0 lasterr=0 txcred=112 host_pulls=0
  27.038  SINK rx: 59 KB/s (60480 B / 1000 ms) fsu=0 | cum_total=1200966 B cum_segs=5005 | UP sent=10421 eagain=0 lasterr=0 txcred=101 host_pulls=0
  28.006  SINK rx: 58 KB/s (60245 B / 1000 ms) fsu=0 | cum_total=1261211 B cum_segs=5256 | UP sent=10924 eagain=0 lasterr=0 txcred=90 host_pulls=0
  29.032  SINK rx: 59 KB/s (60480 B / 1000 ms) fsu=0 | cum_total=1321691 B cum_segs=5508 | UP sent=11428 eagain=0 lasterr=0 txcred=78 host_pulls=0
  30.069  SINK rx: 59 KB/s (60960 B / 1000 ms) fsu=0 | cum_total=1382651 B cum_segs=5762 | UP sent=11934 eagain=0 lasterr=0 txcred=64 host_pulls=0
  31.058  SINK rx: 57 KB/s (59275 B / 1000 ms) fsu=0 | cum_total=1441926 B cum_segs=6009 | UP sent=12443 eagain=0 lasterr=0 txcred=88 host_pulls=0
  32.101  SINK rx: 57 KB/s (59040 B / 1000 ms) fsu=0 | cum_total=1500966 B cum_segs=6255 | UP sent=12941 eagain=0 lasterr=0 txcred=123 host_pulls=0
  33.127  SINK rx: 57 KB/s (59040 B / 1000 ms) fsu=0 | cum_total=1560006 B cum_segs=6501 | UP sent=13434 eagain=0 lasterr=0 txcred=122 host_pulls=0
  34.093  SINK rx: 57 KB/s (59040 B / 1000 ms) fsu=0 | cum_total=1619046 B cum_segs=6747 | UP sent=13943 eagain=0 lasterr=0 txcred=105 host_pulls=0
  35.135  SINK rx: 55 KB/s (56885 B / 1000 ms) fsu=0 | cum_total=1675931 B cum_segs=6984 | UP sent=14416 eagain=0 lasterr=0 txcred=83 host_pulls=0
  36.119  SINK rx: 57 KB/s (58795 B / 1000 ms) fsu=0 | cum_total=1734726 B cum_segs=7229 | UP sent=14913 eagain=0 lasterr=0 txcred=78 host_pulls=0
  37.132  SINK rx: 57 KB/s (59285 B / 1000 ms) fsu=0 | cum_total=1794011 B cum_segs=7476 | UP sent=15411 eagain=0 lasterr=0 txcred=71 host_pulls=0
  38.176  SINK rx: 56 KB/s (58080 B / 1000 ms) fsu=0 | cum_total=1852091 B cum_segs=7718 | UP sent=15906 eagain=0 lasterr=0 txcred=69 host_pulls=0
  39.188  SINK rx: 57 KB/s (58795 B / 1000 ms) fsu=0 | cum_total=1910886 B cum_segs=7963 | UP sent=16403 eagain=0 lasterr=0 txcred=64 host_pulls=0
