   1.713  *** Booting Zephyr OS build v4.4.1-15-g1772af7b563e ***
   1.713  [00:24:52.050,019] [0m<inf> bt_hci_core: HW Platform: Nordic Semiconductor (0x0002)[0m
   1.713  [00:24:52.050,032] [0m<inf> bt_hci_core: HW Variant: nRF54Lx (0x0005)[0m
   1.713  [00:24:52.050,044] [0m<inf> bt_hci_core: Firmware: Standard Bluetooth controller (0x00) Version 4.4 Build 1[0m
   1.713  [00:24:52.050,395] [0m<inf> bt_hci_core: HCI transport: Controller[0m
   1.713  [00:24:52.050,442] [0m<inf> bt_hci_core: Identity: FC:BE:FF:FA:E6:8B (random)[0m
   1.713  [00:24:52.050,458] [0m<inf> bt_hci_core: HCI: version 5.4 (0x0d) revision 0x0000, manufacturer 0x05f1[0m
   1.765  [00:24:52.050,473] [0m<inf> bt_hci_core: LMP: version 5.4 (0x0d) subver 0xffff[0m
   1.765  
   1.765  === nRF54L15 RTT ping-pong PERIPHERAL (echo) ===
   1.766  advertising
   3.053  GAP connected interval=7500
   3.053  PHY tx=2 rx=2
   3.053  CCC: notify ENABLED
   3.053  P t=1s rxkBps=0 blkkBps=0 pongs=0(+0/s) cancels=0(+0/s) notify=1 disc=0(0x00) | echo rx=0 tx=0 pend=0 stale=0
   4.678  P t=2s rxkBps=147 blkkBps=0 pongs=617(+617/s) cancels=0(+0/s) notify=1 disc=0(0x00) | echo rx=0 tx=0 pend=0 stale=0
   4.733  P t=3s rxkBps=157 blkkBps=0 pongs=1276(+659/s) cancels=0(+0/s) notify=1 disc=0(0x00) | echo rx=0 tx=0 pend=0 stale=0
   6.690  P t=4s rxkBps=157 blkkBps=0 pongs=1939(+663/s) cancels=0(+0/s) notify=1 disc=0(0x00) | echo rx=0 tx=0 pend=0 stale=0
   6.690  P t=5s rxkBps=154 blkkBps=0 pongs=2586(+647/s) cancels=0(+0/s) notify=1 disc=0(0x00) | echo rx=0 tx=0 pend=0 stale=0
   8.726  P t=6s rxkBps=156 blkkBps=0 pongs=3243(+657/s) cancels=0(+0/s) notify=1 disc=0(0x00) | echo rx=0 tx=0 pend=0 stale=0
   8.726  P t=7s rxkBps=153 blkkBps=0 pongs=3888(+645/s) cancels=0(+0/s) notify=1 disc=0(0x00) | echo rx=0 tx=0 pend=0 stale=0
  10.710  P t=8s rxkBps=158 blkkBps=0 pongs=4555(+667/s) cancels=0(+0/s) notify=1 disc=0(0x00) | echo rx=0 tx=0 pend=0 stale=0
  10.710  P t=9s rxkBps=157 blkkBps=0 pongs=5215(+660/s) cancels=0(+0/s) notify=1 disc=0(0x00) | echo rx=0 tx=0 pend=0 stale=0
  12.689  P t=10s rxkBps=158 blkkBps=0 pongs=5882(+667/s) cancels=0(+0/s) notify=1 disc=0(0x00) | echo rx=0 tx=0 pend=0 stale=0
  12.689  P t=11s rxkBps=156 blkkBps=0 pongs=6537(+655/s) cancels=0(+0/s) notify=1 disc=0(0x00) | echo rx=0 tx=0 pend=0 stale=0
  14.717  P t=12s rxkBps=156 blkkBps=0 pongs=7195(+658/s) cancels=0(+0/s) notify=1 disc=0(0x00) | echo rx=0 tx=0 pend=0 stale=0
  14.717  P t=13s rxkBps=156 blkkBps=0 pongs=7852(+657/s) cancels=0(+0/s) notify=1 disc=0(0x00) | echo rx=0 tx=0 pend=0 stale=0
  16.701  P t=14s rxkBps=158 blkkBps=0 pongs=8516(+664/s) cancels=0(+0/s) notify=1 disc=0(0x00) | echo rx=0 tx=0 pend=0 stale=0
  16.701  P t=15s rxkBps=157 blkkBps=0 pongs=9176(+660/s) cancels=0(+0/s) notify=1 disc=0(0x00) | echo rx=0 tx=0 pend=0 stale=0
  18.699  P t=16s rxkBps=157 blkkBps=0 pongs=9836(+660/s) cancels=0(+0/s) notify=1 disc=0(0x00) | echo rx=0 tx=0 pend=0 stale=0
  18.699  P t=17s rxkBps=157 blkkBps=0 pongs=10498(+662/s) cancels=0(+0/s) notify=1 disc=0(0x00) | echo rx=0 tx=0 pend=0 stale=0
  20.690  P t=18s rxkBps=157 blkkBps=0 pongs=11160(+662/s) cancels=0(+0/s) notify=1 disc=0(0x00) | echo rx=0 tx=0 pend=0 stale=0
  20.691  P t=19s rxkBps=156 blkkBps=0 pongs=11818(+658/s) cancels=0(+0/s) notify=1 disc=0(0x00) | echo rx=0 tx=0 pend=0 stale=0
  22.676  P t=20s rxkBps=158 blkkBps=0 pongs=12485(+667/s) cancels=0(+0/s) notify=1 disc=0(0x00) | echo rx=0 tx=0 pend=0 stale=0
  22.731  P t=21s rxkBps=156 blkkBps=0 pongs=13140(+655/s) cancels=0(+0/s) notify=1 disc=0(0x00) | echo rx=0 tx=0 pend=0 stale=0
  24.719  P t=22s rxkBps=158 blkkBps=0 pongs=13807(+667/s) cancels=0(+0/s) notify=1 disc=0(0x00) | echo rx=0 tx=0 pend=0 stale=0
  24.719  P t=23s rxkBps=158 blkkBps=0 pongs=14474(+667/s) cancels=0(+0/s) notify=1 disc=0(0x00) | echo rx=0 tx=0 pend=0 stale=0
  26.717  P t=24s rxkBps=157 blkkBps=0 pongs=15137(+663/s) cancels=0(+0/s) notify=1 disc=0(0x00) | echo rx=0 tx=0 pend=0 stale=0
  26.717  P t=25s rxkBps=157 blkkBps=0 pongs=15799(+662/s) cancels=0(+0/s) notify=1 disc=0(0x00) | echo rx=0 tx=0 pend=0 stale=0
  28.699  P t=26s rxkBps=158 blkkBps=0 pongs=16466(+667/s) cancels=0(+0/s) notify=1 disc=0(0x00) | echo rx=0 tx=0 pend=0 stale=0
  28.699  P t=27s rxkBps=156 blkkBps=0 pongs=17124(+658/s) cancels=0(+0/s) notify=1 disc=0(0x00) | echo rx=0 tx=0 pend=0 stale=0
