   1.667  *** Booting Zephyr OS build v4.4.1-15-g1772af7b563e ***
   1.718  [00:37:46.739,380] [0m<inf> bt_hci_core: HW Platform: Nordic Semiconductor (0x0002)[0m
   1.718  [00:37:46.739,393] [0m<inf> bt_hci_core: HW Variant: nRF54Lx (0x0005)[0m
   1.718  [00:37:46.739,405] [0m<inf> bt_hci_core: Firmware: Standard Bluetooth controller (0x00) Version 4.4 Build 1[0m
   1.718  [00:37:46.739,756] [0m<inf> bt_hci_core: HCI transport: Controller[0m
   1.718  [00:37:46.739,802] [0m<inf> bt_hci_core: Identity: FC:BE:FF:FA:E6:8B (random)[0m
   1.718  [00:37:46.739,819] [0m<inf> bt_hci_core: HCI: version 5.4 (0x0d) revision 0x0000, manufacturer 0x05f1[0m
   1.718  [00:37:46.739,834] [0m<inf> bt_hci_core: LMP: version 5.4 (0x0d) subver 0xffff[0m
   1.718  
   1.770  === nRF54L15 RTT ping-pong PERIPHERAL (echo) ===
   1.770  advertising
   3.003  GAP connected interval=7500
   3.003  PHY tx=2 rx=2
   3.003  CCC: notify ENABLED
   3.003  P t=1s rxkBps=5 blkkBps=0 pongs=24(+24/s) cancels=0(+0/s) notify=1 disc=0(0x00) | echo rx=0 tx=0 pend=0 stale=0
   4.687  P t=2s rxkBps=156 blkkBps=0 pongs=680(+656/s) cancels=0(+0/s) notify=1 disc=0(0x00) | echo rx=0 tx=0 pend=0 stale=0
   4.687  P t=3s rxkBps=157 blkkBps=0 pongs=1340(+660/s) cancels=0(+0/s) notify=1 disc=0(0x00) | echo rx=0 tx=0 pend=0 stale=0
   6.676  P t=4s rxkBps=155 blkkBps=0 pongs=1991(+651/s) cancels=0(+0/s) notify=1 disc=0(0x00) | echo rx=0 tx=0 pend=0 stale=0
   6.731  P t=5s rxkBps=154 blkkBps=0 pongs=2640(+649/s) cancels=0(+0/s) notify=1 disc=0(0x00) | echo rx=0 tx=0 pend=0 stale=0
   8.683  P t=6s rxkBps=157 blkkBps=0 pongs=3302(+662/s) cancels=0(+0/s) notify=1 disc=0(0x00) | echo rx=0 tx=0 pend=0 stale=0
   8.683  P t=7s rxkBps=156 blkkBps=0 pongs=3960(+658/s) cancels=0(+0/s) notify=1 disc=0(0x00) | echo rx=0 tx=0 pend=0 stale=0
  10.726  P t=8s rxkBps=157 blkkBps=0 pongs=4619(+659/s) cancels=0(+0/s) notify=1 disc=0(0x00) | echo rx=0 tx=0 pend=0 stale=0
  10.726  P t=9s rxkBps=156 blkkBps=0 pongs=5274(+655/s) cancels=0(+0/s) notify=1 disc=0(0x00) | echo rx=0 tx=0 pend=0 stale=0
  12.678  P t=10s rxkBps=157 blkkBps=0 pongs=5936(+662/s) cancels=0(+0/s) notify=1 disc=0(0x00) | echo rx=0 tx=0 pend=0 stale=0
  12.732  P t=11s rxkBps=155 blkkBps=0 pongs=6590(+654/s) cancels=0(+0/s) notify=1 disc=0(0x00) | echo rx=0 tx=0 pend=0 stale=0
  14.682  P t=12s rxkBps=152 blkkBps=0 pongs=7231(+641/s) cancels=0(+0/s) notify=1 disc=0(0x00) | echo rx=0 tx=0 pend=0 stale=0
  14.737  P t=13s rxkBps=153 blkkBps=0 pongs=7877(+646/s) cancels=0(+0/s) notify=1 disc=0(0x00) | echo rx=0 tx=0 pend=0 stale=0
  16.676  P t=14s rxkBps=148 blkkBps=0 pongs=8500(+623/s) cancels=0(+0/s) notify=1 disc=0(0x00) | echo rx=0 tx=0 pend=0 stale=0
  16.727  P t=15s rxkBps=157 blkkBps=0 pongs=9159(+659/s) cancels=0(+0/s) notify=1 disc=0(0x00) | echo rx=0 tx=0 pend=0 stale=0
  18.713  P t=16s rxkBps=157 blkkBps=0 pongs=9819(+660/s) cancels=0(+0/s) notify=1 disc=0(0x00) | echo rx=0 tx=0 pend=0 stale=0
  18.713  P t=17s rxkBps=156 blkkBps=0 pongs=10476(+657/s) cancels=0(+0/s) notify=1 disc=0(0x00) | echo rx=0 tx=0 pend=0 stale=0
  20.707  P t=18s rxkBps=158 blkkBps=0 pongs=11142(+666/s) cancels=0(+0/s) notify=1 disc=0(0x00) | echo rx=0 tx=0 pend=0 stale=0
  20.707  P t=19s rxkBps=158 blkkBps=0 pongs=11809(+667/s) cancels=0(+0/s) notify=1 disc=0(0x00) | echo rx=0 tx=0 pend=0 stale=0
  22.709  P t=20s rxkBps=157 blkkBps=0 pongs=12471(+662/s) cancels=0(+0/s) notify=1 disc=0(0x00) | echo rx=0 tx=0 pend=0 stale=0
  22.709  P t=21s rxkBps=157 blkkBps=0 pongs=13133(+662/s) cancels=0(+0/s) notify=1 disc=0(0x00) | echo rx=0 tx=0 pend=0 stale=0
  24.710  P t=22s rxkBps=157 blkkBps=0 pongs=13793(+660/s) cancels=0(+0/s) notify=1 disc=0(0x00) | echo rx=0 tx=0 pend=0 stale=0
  24.710  P t=23s rxkBps=158 blkkBps=0 pongs=14459(+666/s) cancels=0(+0/s) notify=1 disc=0(0x00) | echo rx=0 tx=0 pend=0 stale=0
  26.702  P t=24s rxkBps=158 blkkBps=0 pongs=15125(+666/s) cancels=0(+0/s) notify=1 disc=0(0x00) | echo rx=0 tx=0 pend=0 stale=0
  26.702  P t=25s rxkBps=156 blkkBps=0 pongs=15783(+658/s) cancels=0(+0/s) notify=1 disc=0(0x00) | echo rx=0 tx=0 pend=0 stale=0
  28.707  P t=26s rxkBps=157 blkkBps=0 pongs=16444(+661/s) cancels=0(+0/s) notify=1 disc=0(0x00) | echo rx=0 tx=0 pend=0 stale=0
  28.707  P t=27s rxkBps=157 blkkBps=0 pongs=17103(+659/s) cancels=0(+0/s) notify=1 disc=0(0x00) | echo rx=0 tx=0 pend=0 stale=0
