   1.933  *** Booting Zephyr OS build v4.4.1-15-g1772af7b563e ***
   1.933  [00:10:47.570,932] [0m<inf> bt_hci_core: HW Platform: Nordic Semiconductor (0x0002)[0m
   1.933  [00:10:47.570,945] [0m<inf> bt_hci_core: HW Variant: nRF54Lx (0x0005)[0m
   1.933  [00:10:47.570,956] [0m<inf> bt_hci_core: Firmware: Standard Bluetooth controller (0x00) Version 4.4 Build 1[0m
   1.933  [00:10:47.571,291] [0m<inf> bt_hci_core: HCI transport: Controller[0m
   1.985  [00:10:47.571,338] [0m<inf> bt_hci_core: Identity: D6:C7:60:B1:D3:0E (random)[0m
   1.985  [00:10:47.571,355] [0m<inf> bt_hci_core: HCI: version 5.4 (0x0d) revision 0x0000, manufacturer 0x05f1[0m
   1.985  [00:10:47.571,369] [0m<inf> bt_hci_core: LMP: version 5.4 (0x0d) subver 0xffff[0m
   1.985  
   1.985  === nRF54L15 RTT ping-pong CENTRAL ===
   1.985  scan rc=0
   1.985  Q2CONN AA=34705995 CRCINIT=f2f4fe hop=14 chan_count=37 map=ffffffff1f
   1.985  GAP connected interval=7500
   1.985  MTU err=0 mtu=247
   2.628  PHY tx=2 rx=2
   2.628  discovery start (post-PHY +500ms) interval=7500 phy2m=1
   2.628  SUBSCRIBED, vh=14
   2.628  BLAST: phy_update->2M rc=0
   2.628  BLAST first16_call_us: 141 136 136 137 145 137 136 137 136 130 56 54 54 53 53 53
   3.645  PHY tx=2 rx=2
   3.696  t=1s RTT mean=0 min=0 max=0 n=0 to=0 | cancels=0(+0/s) seqbad=0 len_bad=0 disc=0(0x00) | tot_n=0 tot_to=0 maxever=0 >2ms=0 >5ms=0 >15ms=0 >20ms=0 >30ms=0 | probes=0 wrfail=0 down=0s maxout=0s
   3.696  BLASTC comp=192 exkBps=0 cgap_us[min/avg/max]=146/1565/19723
   3.696  BLAST phy=2/2 att=202 ok=202 enomem=0 err=0 call_us[min/avg/max]=53/1469/19698 okgap_max_us=19709
   4.932  t=2s RTT mean=0 min=0 max=0 n=0 to=0 | cancels=0(+0/s) seqbad=0 len_bad=0 disc=0(0x00) | tot_n=0 tot_to=0 maxever=0 >2ms=0 >5ms=0 >15ms=0 >20ms=0 >30ms=0 | probes=0 wrfail=0 down=0s maxout=0s
   4.932  BLASTC comp=649 exkBps=0 cgap_us[min/avg/max]=1331/1542/9428
   4.986  BLAST phy=2/2 att=649 ok=649 enomem=0 err=0 call_us[min/avg/max]=1228/1531/9419 okgap_max_us=9430
   4.986  BLASTC comp=654 exkBps=0 cgap_us[min/avg/max]=1331/1527/6108
   4.986  BLAST phy=2/2 att=654 ok=654 enomem=0 err=0 call_us[min/avg/max]=1318/1516/6099 okgap_max_us=6110
   4.986  t=3s RTT mean=0 min=0 max=0 n=0 to=0 | cancels=0(+0/s) seqbad=0 len_bad=0 disc=0(0x00) | tot_n=0 tot_to=0 maxever=0 >2ms=0 >5ms=0 >15ms=0 >20ms=0 >30ms=0 | probes=0 wrfail=0 down=0s maxout=0s
   6.909  BLASTC comp=656 exkBps=0 cgap_us[min/avg/max]=1325/1524/9431
   6.959  BLAST phy=2/2 att=656 ok=656 enomem=0 err=0 call_us[min/avg/max]=1313/1514/9421 okgap_max_us=9432
   6.960  t=4s RTT mean=0 min=0 max=0 n=0 to=0 | cancels=0(+0/s) seqbad=0 len_bad=0 disc=0(0x00) | tot_n=0 tot_to=0 maxever=0 >2ms=0 >5ms=0 >15ms=0 >20ms=0 >30ms=0 | probes=0 wrfail=0 down=0s maxout=0s
   6.960  t=5s RTT mean=0 min=0 max=0 n=0 to=0 | cancels=0(+0/s) seqbad=0 len_bad=0 disc=0(0x00) | tot_n=0 tot_to=0 maxever=0 >2ms=0 >5ms=0 >15ms=0 >20ms=0 >30ms=0 | probes=0 wrfail=0 down=0s maxout=0s
   6.960  BLASTC comp=610 exkBps=0 cgap_us[min/avg/max]=1330/1652/13608
   7.014  BLAST phy=2/2 att=610 ok=610 enomem=0 err=0 call_us[min/avg/max]=1264/1642/13598 okgap_max_us=13609
   8.944  BLASTC comp=644 exkBps=0 cgap_us[min/avg/max]=1330/1539/9431
   8.944  BLAST phy=2/2 att=644 ok=644 enomem=0 err=0 call_us[min/avg/max]=1313/1528/9422 okgap_max_us=9486
   8.944  t=6s RTT mean=0 min=0 max=0 n=0 to=0 | cancels=0(+0/s) seqbad=0 len_bad=0 disc=0(0x00) | tot_n=0 tot_to=0 maxever=0 >2ms=0 >5ms=0 >15ms=0 >20ms=0 >30ms=0 | probes=0 wrfail=0 down=0s maxout=0s
   8.944  BLASTC comp=649 exkBps=0 cgap_us[min/avg/max]=1330/1541/9429
   8.999  BLAST phy=2/2 att=649 ok=649 enomem=0 err=0 call_us[min/avg/max]=1318/1530/9419 okgap_max_us=9430
   8.999  t=7s RTT mean=0 min=0 max=0 n=0 to=0 | cancels=0(+0/s) seqbad=0 len_bad=0 disc=0(0x00) | tot_n=0 tot_to=0 maxever=0 >2ms=0 >5ms=0 >15ms=0 >20ms=0 >30ms=0 | probes=0 wrfail=0 down=0s maxout=0s
  10.940  BLASTC comp=664 exkBps=0 cgap_us[min/avg/max]=1330/1507/4715
  10.940  BLAST phy=2/2 att=664 ok=664 enomem=0 err=0 call_us[min/avg/max]=1264/1496/4706 okgap_max_us=4717
  10.940  t=8s RTT mean=0 min=0 max=0 n=0 to=0 | cancels=0(+0/s) seqbad=0 len_bad=0 disc=0(0x00) | tot_n=0 tot_to=0 maxever=0 >2ms=0 >5ms=0 >15ms=0 >20ms=0 >30ms=0 | probes=0 wrfail=0 down=0s maxout=0s
  10.995  BLASTC comp=658 exkBps=0 cgap_us[min/avg/max]=1331/1518/7501
  10.995  BLAST phy=2/2 att=658 ok=658 enomem=0 err=0 call_us[min/avg/max]=1313/1507/7490 okgap_max_us=7501
  10.995  t=9s RTT mean=0 min=0 max=0 n=0 to=0 | cancels=0(+0/s) seqbad=0 len_bad=0 disc=0(0x00) | tot_n=0 tot_to=0 maxever=0 >2ms=0 >5ms=0 >15ms=0 >20ms=0 >30ms=0 | probes=0 wrfail=0 down=0s maxout=0s
  12.941  BLASTC comp=657 exkBps=0 cgap_us[min/avg/max]=1330/1522/9428
  12.941  BLAST phy=2/2 att=657 ok=657 enomem=0 err=0 call_us[min/avg/max]=1317/1511/9419 okgap_max_us=9430
  12.941  t=10s RTT mean=0 min=0 max=0 n=0 to=0 | cancels=0(+0/s) seqbad=0 len_bad=0 disc=0(0x00) | tot_n=0 tot_to=0 maxever=0 >2ms=0 >5ms=0 >15ms=0 >20ms=0 >30ms=0 | probes=0 wrfail=0 down=0s maxout=0s
  12.941  BLASTC comp=611 exkBps=0 cgap_us[min/avg/max]=1331/1637/24416
  12.993  BLAST phy=2/2 att=611 ok=611 enomem=0 err=0 call_us[min/avg/max]=1318/1626/24310 okgap_max_us=24321
  12.993  t=11s RTT mean=0 min=0 max=0 n=0 to=0 | cancels=0(+0/s) seqbad=0 len_bad=0 disc=0(0x00) | tot_n=0 tot_to=0 maxever=0 >2ms=0 >5ms=0 >15ms=0 >20ms=0 >30ms=0 | probes=0 wrfail=0 down=0s maxout=0s
  14.918  BLASTC comp=656 exkBps=0 cgap_us[min/avg/max]=1327/1522/7502
  14.918  BLAST phy=2/2 att=656 ok=656 enomem=0 err=0 call_us[min/avg/max]=1314/1511/7491 okgap_max_us=7502
  14.974  t=12s RTT mean=0 min=0 max=0 n=0 to=0 | cancels=0(+0/s) seqbad=0 len_bad=0 disc=0(0x00) | tot_n=0 tot_to=0 maxever=0 >2ms=0 >5ms=0 >15ms=0 >20ms=0 >30ms=0 | probes=0 wrfail=0 down=0s maxout=0s
  14.974  BLASTC comp=660 exkBps=0 cgap_us[min/avg/max]=1329/1515/9428
  14.974  BLAST phy=2/2 att=660 ok=660 enomem=0 err=0 call_us[min/avg/max]=1315/1504/9419 okgap_max_us=9430
  14.974  t=13s RTT mean=0 min=0 max=0 n=0 to=0 | cancels=0(+0/s) seqbad=0 len_bad=0 disc=0(0x00) | tot_n=0 tot_to=0 maxever=0 >2ms=0 >5ms=0 >15ms=0 >20ms=0 >30ms=0 | probes=0 wrfail=0 down=0s maxout=0s
  16.919  BLASTC comp=649 exkBps=0 cgap_us[min/avg/max]=1328/1542/9429
  16.919  BLAST phy=2/2 att=649 ok=649 enomem=0 err=0 call_us[min/avg/max]=1256/1531/9419 okgap_max_us=9430
  16.974  t=14s RTT mean=0 min=0 max=0 n=0 to=0 | cancels=0(+0/s) seqbad=0 len_bad=0 disc=0(0x00) | tot_n=0 tot_to=0 maxever=0 >2ms=0 >5ms=0 >15ms=0 >20ms=0 >30ms=0 | probes=0 wrfail=0 down=0s maxout=0s
  16.974  BLASTC comp=652 exkBps=0 cgap_us[min/avg/max]=1331/1532/9429
  16.974  BLAST phy=2/2 att=652 ok=652 enomem=0 err=0 call_us[min/avg/max]=1312/1521/9419 okgap_max_us=9430
  16.974  t=15s RTT mean=0 min=0 max=0 n=0 to=0 | cancels=0(+0/s) seqbad=0 len_bad=0 disc=0(0x00) | tot_n=0 tot_to=0 maxever=0 >2ms=0 >5ms=0 >15ms=0 >20ms=0 >30ms=0 | probes=0 wrfail=0 down=0s maxout=0s
  18.913  BLASTC comp=657 exkBps=0 cgap_us[min/avg/max]=1320/1522/9428
  18.968  BLAST phy=2/2 att=657 ok=657 enomem=0 err=0 call_us[min/avg/max]=1211/1511/9419 okgap_max_us=9430
  18.968  t=16s RTT mean=0 min=0 max=0 n=0 to=0 | cancels=0(+0/s) seqbad=0 len_bad=0 disc=0(0x00) | tot_n=0 tot_to=0 maxever=0 >2ms=0 >5ms=0 >15ms=0 >20ms=0 >30ms=0 | probes=0 wrfail=0 down=0s maxout=0s
  18.968  BLASTC comp=647 exkBps=0 cgap_us[min/avg/max]=1330/1546/9429
  18.968  BLAST phy=2/2 att=647 ok=647 enomem=0 err=0 call_us[min/avg/max]=1257/1535/9419 okgap_max_us=9430
  18.968  t=17s RTT mean=0 min=0 max=0 n=0 to=0 | cancels=0(+0/s) seqbad=0 len_bad=0 disc=0(0x00) | tot_n=0 tot_to=0 maxever=0 >2ms=0 >5ms=0 >15ms=0 >20ms=0 >30ms=0 | probes=0 wrfail=0 down=0s maxout=0s
  20.908  BLASTC comp=627 exkBps=0 cgap_us[min/avg/max]=1331/1593/15001
  20.961  BLAST phy=2/2 att=627 ok=627 enomem=0 err=0 call_us[min/avg/max]=1317/1582/14990 okgap_max_us=15001
  20.961  t=18s RTT mean=0 min=0 max=0 n=0 to=0 | cancels=0(+0/s) seqbad=0 len_bad=0 disc=0(0x00) | tot_n=0 tot_to=0 maxever=0 >2ms=0 >5ms=0 >15ms=0 >20ms=0 >30ms=0 | probes=0 wrfail=0 down=0s maxout=0s
  20.961  BLASTC comp=634 exkBps=0 cgap_us[min/avg/max]=1330/1577/10815
  20.961  BLAST phy=2/2 att=634 ok=634 enomem=0 err=0 call_us[min/avg/max]=1318/1566/10806 okgap_max_us=10817
  21.014  t=19s RTT mean=0 min=0 max=0 n=0 to=0 | cancels=0(+0/s) seqbad=0 len_bad=0 disc=0(0x00) | tot_n=0 tot_to=0 maxever=0 >2ms=0 >5ms=0 >15ms=0 >20ms=0 >30ms=0 | probes=0 wrfail=0 down=0s maxout=0s
  22.942  BLASTC comp=643 exkBps=0 cgap_us[min/avg/max]=1328/1556/10821
  22.942  BLAST phy=2/2 att=643 ok=643 enomem=0 err=0 call_us[min/avg/max]=1256/1545/10812 okgap_max_us=10823
  22.942  t=20s RTT mean=0 min=0 max=0 n=0 to=0 | cancels=0(+0/s) seqbad=0 len_bad=0 disc=0(0x00) | tot_n=0 tot_to=0 maxever=0 >2ms=0 >5ms=0 >15ms=0 >20ms=0 >30ms=0 | probes=0 wrfail=0 down=0s maxout=0s
  22.942  BLASTC comp=659 exkBps=0 cgap_us[min/avg/max]=1329/1515/6108
  22.993  BLAST phy=2/2 att=659 ok=659 enomem=0 err=0 call_us[min/avg/max]=1313/1504/6099 okgap_max_us=6110
  22.993  t=21s RTT mean=0 min=0 max=0 n=0 to=0 | cancels=0(+0/s) seqbad=0 len_bad=0 disc=0(0x00) | tot_n=0 tot_to=0 maxever=0 >2ms=0 >5ms=0 >15ms=0 >20ms=0 >30ms=0 | probes=0 wrfail=0 down=0s maxout=0s
  24.911  BLASTC comp=635 exkBps=0 cgap_us[min/avg/max]=1330/1575/9429
  24.962  BLAST phy=2/2 att=635 ok=635 enomem=0 err=0 call_us[min/avg/max]=1317/1564/9419 okgap_max_us=9430
  24.962  t=22s RTT mean=0 min=0 max=0 n=0 to=0 | cancels=0(+0/s) seqbad=0 len_bad=0 disc=0(0x00) | tot_n=0 tot_to=0 maxever=0 >2ms=0 >5ms=0 >15ms=0 >20ms=0 >30ms=0 | probes=0 wrfail=0 down=0s maxout=0s
  24.962  BLASTC comp=663 exkBps=0 cgap_us[min/avg/max]=1330/1509/7501
  24.962  BLAST phy=2/2 att=663 ok=663 enomem=0 err=0 call_us[min/avg/max]=1257/1498/7490 okgap_max_us=7501
  25.018  t=23s RTT mean=0 min=0 max=0 n=0 to=0 | cancels=0(+0/s) seqbad=0 len_bad=0 disc=0(0x00) | tot_n=0 tot_to=0 maxever=0 >2ms=0 >5ms=0 >15ms=0 >20ms=0 >30ms=0 | probes=0 wrfail=0 down=0s maxout=0s
  26.942  BLASTC comp=666 exkBps=0 cgap_us[min/avg/max]=1326/1499/1933
  26.942  BLAST phy=2/2 att=666 ok=666 enomem=0 err=0 call_us[min/avg/max]=1313/1489/1923 okgap_max_us=1975
  26.942  t=24s RTT mean=0 min=0 max=0 n=0 to=0 | cancels=0(+0/s) seqbad=0 len_bad=0 disc=0(0x00) | tot_n=0 tot_to=0 maxever=0 >2ms=0 >5ms=0 >15ms=0 >20ms=0 >30ms=0 | probes=0 wrfail=0 down=0s maxout=0s
  26.942  BLASTC comp=616 exkBps=0 cgap_us[min/avg/max]=1330/1623/16929
  26.995  BLAST phy=2/2 att=616 ok=616 enomem=0 err=0 call_us[min/avg/max]=1317/1613/16918 okgap_max_us=16929
  26.995  t=25s RTT mean=0 min=0 max=0 n=0 to=0 | cancels=0(+0/s) seqbad=0 len_bad=0 disc=0(0x00) | tot_n=0 tot_to=0 maxever=0 >2ms=0 >5ms=0 >15ms=0 >20ms=0 >30ms=0 | probes=0 wrfail=0 down=0s maxout=0s
  28.968  t=26s RTT mean=0 min=0 max=0 n=0 to=0 | cancels=0(+0/s) seqbad=0 len_bad=0 disc=0(0x00) | tot_n=0 tot_to=0 maxever=0 >2ms=0 >5ms=0 >15ms=0 >20ms=0 >30ms=0 | probes=0 wrfail=0 down=0s maxout=0s
  28.968  BLASTC comp=632 exkBps=0 cgap_us[min/avg/max]=1328/1595/13609
  28.968  BLAST phy=2/2 att=632 ok=632 enomem=0 err=0 call_us[min/avg/max]=1256/1584/13598 okgap_max_us=13609
  28.968  BLASTC comp=613 exkBps=0 cgap_us[min/avg/max]=1331/1617/31929
  28.968  BLAST phy=2/2 att=613 ok=613 enomem=0 err=0 call_us[min/avg/max]=1318/1606/31918 okgap_max_us=31929
  29.021  t=27s RTT mean=0 min=0 max=0 n=0 to=0 | cancels=0(+0/s) seqbad=0 len_bad=0 disc=0(0x00) | tot_n=0 tot_to=0 maxever=0 >2ms=0 >5ms=0 >15ms=0 >20ms=0 >30ms=0 | probes=0 wrfail=0 down=0s maxout=0s
