   1.722  *** Booting Zephyr OS build v4.4.1-15-g1772af7b563e ***
   1.722  [00:34:24.379,241] [0m<inf> bt_hci_core: HW Platform: Nordic Semiconductor (0x0002)[0m
   1.722  [00:34:24.379,254] [0m<inf> bt_hci_core: HW Variant: nRF54Lx (0x0005)[0m
   1.722  [00:34:24.379,266] [0m<inf> bt_hci_core: Firmware: Standard Bluetooth controller (0x00) Version 4.4 Build 1[0m
   1.722  [00:34:24.379,617] [0m<inf> bt_hci_core: HCI transport: Controller[0m
   1.722  [00:34:24.379,664] [0m<inf> bt_hci_core: Identity: FC:BE:FF:FA:E6:8B (random)[0m
   1.777  [00:34:24.379,680] [0m<inf> bt_hci_core: HCI: version 5.4 (0x0d) revision 0x0000, manufacturer 0x05f1[0m
   1.777  [00:34:24.379,695] [0m<inf> bt_hci_core: LMP: version 5.4 (0x0d) subver 0xffff[0m
   1.777  
   1.777  === nRF54L15 RTT ping-pong PERIPHERAL (echo) ===
   1.777  advertising
   3.075  GAP connected interval=7500
   3.075  PHY tx=2 rx=2
   3.075  CCC: notify ENABLED
   3.075  P t=1s rxkBps=0 blkkBps=0 pongs=0(+0/s) cancels=0(+0/s) notify=1 disc=0(0x00) | echo rx=0 tx=0 pend=0 stale=0
   4.734  P t=2s rxkBps=151 blkkBps=0 pongs=634(+634/s) cancels=0(+0/s) notify=1 disc=0(0x00) | echo rx=0 tx=0 pend=0 stale=0
   4.734  P t=3s rxkBps=158 blkkBps=0 pongs=1300(+666/s) cancels=0(+0/s) notify=1 disc=0(0x00) | echo rx=0 tx=0 pend=0 stale=0
   6.731  P t=4s rxkBps=158 blkkBps=0 pongs=1967(+667/s) cancels=0(+0/s) notify=1 disc=0(0x00) | echo rx=0 tx=0 pend=0 stale=0
   6.731  P t=5s rxkBps=188 blkkBps=0 pongs=2759(+792/s) cancels=0(+0/s) notify=1 disc=0(0x00) | echo rx=0 tx=0 pend=0 stale=0
   8.734  P t=6s rxkBps=189 blkkBps=0 pongs=3554(+795/s) cancels=0(+0/s) notify=1 disc=0(0x00) | echo rx=0 tx=0 pend=0 stale=0
   8.734  P t=7s rxkBps=186 blkkBps=0 pongs=4336(+782/s) cancels=0(+0/s) notify=1 disc=0(0x00) | echo rx=0 tx=0 pend=0 stale=0
  10.694  P t=8s rxkBps=188 blkkBps=0 pongs=5129(+793/s) cancels=0(+0/s) notify=1 disc=0(0x00) | echo rx=0 tx=0 pend=0 stale=0
  10.694  P t=9s rxkBps=187 blkkBps=0 pongs=5917(+788/s) cancels=0(+0/s) notify=1 disc=0(0x00) | echo rx=0 tx=0 pend=0 stale=0
  12.726  P t=10s rxkBps=187 blkkBps=0 pongs=6703(+786/s) cancels=0(+0/s) notify=1 disc=0(0x00) | echo rx=0 tx=0 pend=0 stale=0
  12.726  P t=11s rxkBps=187 blkkBps=0 pongs=7488(+785/s) cancels=0(+0/s) notify=1 disc=0(0x00) | echo rx=0 tx=0 pend=0 stale=0
  14.697  P t=12s rxkBps=189 blkkBps=0 pongs=8285(+797/s) cancels=0(+0/s) notify=1 disc=0(0x00) | echo rx=0 tx=0 pend=0 stale=0
  14.697  P t=13s rxkBps=189 blkkBps=0 pongs=9082(+797/s) cancels=0(+0/s) notify=1 disc=0(0x00) | echo rx=0 tx=0 pend=0 stale=0
  16.712  P t=14s rxkBps=190 blkkBps=0 pongs=9880(+798/s) cancels=0(+0/s) notify=1 disc=0(0x00) | echo rx=0 tx=0 pend=0 stale=0
  16.712  P t=15s rxkBps=189 blkkBps=0 pongs=10676(+796/s) cancels=0(+0/s) notify=1 disc=0(0x00) | echo rx=0 tx=0 pend=0 stale=0
  18.712  P t=16s rxkBps=190 blkkBps=0 pongs=11474(+798/s) cancels=0(+0/s) notify=1 disc=0(0x00) | echo rx=0 tx=0 pend=0 stale=0
  18.712  P t=17s rxkBps=190 blkkBps=0 pongs=12273(+799/s) cancels=0(+0/s) notify=1 disc=0(0x00) | echo rx=0 tx=0 pend=0 stale=0
  20.708  P t=18s rxkBps=189 blkkBps=0 pongs=13070(+797/s) cancels=0(+0/s) notify=1 disc=0(0x00) | echo rx=0 tx=0 pend=0 stale=0
  20.708  P t=19s rxkBps=189 blkkBps=0 pongs=13867(+797/s) cancels=0(+0/s) notify=1 disc=0(0x00) | echo rx=0 tx=0 pend=0 stale=0
  22.699  P t=20s rxkBps=189 blkkBps=0 pongs=14663(+796/s) cancels=0(+0/s) notify=1 disc=0(0x00) | echo rx=0 tx=0 pend=0 stale=0
  22.699  P t=21s rxkBps=190 blkkBps=0 pongs=15461(+798/s) cancels=0(+0/s) notify=1 disc=0(0x00) | echo rx=0 tx=0 pend=0 stale=0
  24.699  P t=22s rxkBps=189 blkkBps=0 pongs=16258(+797/s) cancels=0(+0/s) notify=1 disc=0(0x00) | echo rx=0 tx=0 pend=0 stale=0
  24.699  P t=23s rxkBps=187 blkkBps=0 pongs=17046(+788/s) cancels=0(+0/s) notify=1 disc=0(0x00) | echo rx=0 tx=0 pend=0 stale=0
  26.700  P t=24s rxkBps=187 blkkBps=0 pongs=17834(+788/s) cancels=0(+0/s) notify=1 disc=0(0x00) | echo rx=0 tx=0 pend=0 stale=0
  26.700  P t=25s rxkBps=181 blkkBps=0 pongs=18597(+763/s) cancels=0(+0/s) notify=1 disc=0(0x00) | echo rx=0 tx=0 pend=0 stale=0
  28.698  P t=26s rxkBps=172 blkkBps=0 pongs=19319(+722/s) cancels=0(+0/s) notify=1 disc=0(0x00) | echo rx=0 tx=0 pend=0 stale=0
  28.698  P t=27s rxkBps=187 blkkBps=0 pongs=20107(+788/s) cancels=0(+0/s) notify=1 disc=0(0x00) | echo rx=0 tx=0 pend=0 stale=0
