   1.672  *** Booting Zephyr OS build v4.4.1-15-g1772af7b563e ***
   1.726  [00:19:15.384,797] [0m<inf> bt_hci_core: HW Platform: Nordic Semiconductor (0x0002)[0m
   1.726  [00:19:15.384,810] [0m<inf> bt_hci_core: HW Variant: nRF54Lx (0x0005)[0m
   1.726  [00:19:15.384,822] [0m<inf> bt_hci_core: Firmware: Standard Bluetooth controller (0x00) Version 4.4 Build 1[0m
   1.726  [00:19:15.385,173] [0m<inf> bt_hci_core: HCI transport: Controller[0m
   1.726  [00:19:15.385,220] [0m<inf> bt_hci_core: Identity: FC:BE:FF:FA:E6:8B (random)[0m
   1.726  [00:19:15.385,236] [0m<inf> bt_hci_core: HCI: version 5.4 (0x0d) revision 0x0000, manufacturer 0x05f1[0m
   1.726  [00:19:15.385,251] [0m<inf> bt_hci_core: LMP: version 5.4 (0x0d) subver 0xffff[0m
   1.726  
   1.726  === nRF54L15 RTT ping-pong PERIPHERAL (echo) ===
   1.781  advertising
   2.962  GAP connected interval=7500
   2.962  PHY tx=2 rx=2
   2.962  CCC: notify ENABLED
   2.962  P t=1s rxkBps=7 blkkBps=0 pongs=30(+30/s) cancels=0(+0/s) notify=1 disc=0(0x00) | echo rx=0 tx=0 pend=0 stale=0
   4.696  P t=2s rxkBps=158 blkkBps=0 pongs=695(+665/s) cancels=0(+0/s) notify=1 disc=0(0x00) | echo rx=0 tx=0 pend=0 stale=0
   4.696  P t=3s rxkBps=157 blkkBps=0 pongs=1358(+663/s) cancels=0(+0/s) notify=1 disc=0(0x00) | echo rx=0 tx=0 pend=0 stale=0
   6.701  P t=4s rxkBps=158 blkkBps=0 pongs=2025(+667/s) cancels=0(+0/s) notify=1 disc=0(0x00) | echo rx=0 tx=0 pend=0 stale=0
   6.701  P t=5s rxkBps=188 blkkBps=0 pongs=2814(+789/s) cancels=0(+0/s) notify=1 disc=0(0x00) | echo rx=0 tx=0 pend=0 stale=0
   8.689  P t=6s rxkBps=188 blkkBps=0 pongs=3607(+793/s) cancels=0(+0/s) notify=1 disc=0(0x00) | echo rx=0 tx=0 pend=0 stale=0
   8.689  P t=7s rxkBps=189 blkkBps=0 pongs=4404(+797/s) cancels=0(+0/s) notify=1 disc=0(0x00) | echo rx=0 tx=0 pend=0 stale=0
  10.692  P t=8s rxkBps=190 blkkBps=0 pongs=5202(+798/s) cancels=0(+0/s) notify=1 disc=0(0x00) | echo rx=0 tx=0 pend=0 stale=0
  10.692  P t=9s rxkBps=188 blkkBps=0 pongs=5995(+793/s) cancels=0(+0/s) notify=1 disc=0(0x00) | echo rx=0 tx=0 pend=0 stale=0
  12.699  P t=10s rxkBps=190 blkkBps=0 pongs=6793(+798/s) cancels=0(+0/s) notify=1 disc=0(0x00) | echo rx=0 tx=0 pend=0 stale=0
  12.699  P t=11s rxkBps=190 blkkBps=0 pongs=7591(+798/s) cancels=0(+0/s) notify=1 disc=0(0x00) | echo rx=0 tx=0 pend=0 stale=0
  14.691  P t=12s rxkBps=189 blkkBps=0 pongs=8386(+795/s) cancels=0(+0/s) notify=1 disc=0(0x00) | echo rx=0 tx=0 pend=0 stale=0
  14.691  P t=13s rxkBps=189 blkkBps=0 pongs=9180(+794/s) cancels=0(+0/s) notify=1 disc=0(0x00) | echo rx=0 tx=0 pend=0 stale=0
  16.691  P t=14s rxkBps=189 blkkBps=0 pongs=9974(+794/s) cancels=0(+0/s) notify=1 disc=0(0x00) | echo rx=0 tx=0 pend=0 stale=0
  16.691  P t=15s rxkBps=189 blkkBps=0 pongs=10768(+794/s) cancels=0(+0/s) notify=1 disc=0(0x00) | echo rx=0 tx=0 pend=0 stale=0
  18.727  P t=16s rxkBps=190 blkkBps=0 pongs=11566(+798/s) cancels=0(+0/s) notify=1 disc=0(0x00) | echo rx=0 tx=0 pend=0 stale=0
  18.727  P t=17s rxkBps=190 blkkBps=0 pongs=12365(+799/s) cancels=0(+0/s) notify=1 disc=0(0x00) | echo rx=0 tx=0 pend=0 stale=0
  20.719  P t=18s rxkBps=190 blkkBps=0 pongs=13165(+800/s) cancels=0(+0/s) notify=1 disc=0(0x00) | echo rx=0 tx=0 pend=0 stale=0
  20.719  P t=19s rxkBps=190 blkkBps=0 pongs=13965(+800/s) cancels=0(+0/s) notify=1 disc=0(0x00) | echo rx=0 tx=0 pend=0 stale=0
  22.712  P t=20s rxkBps=189 blkkBps=0 pongs=14759(+794/s) cancels=0(+0/s) notify=1 disc=0(0x00) | echo rx=0 tx=0 pend=0 stale=0
  22.712  P t=21s rxkBps=190 blkkBps=0 pongs=15559(+800/s) cancels=0(+0/s) notify=1 disc=0(0x00) | echo rx=0 tx=0 pend=0 stale=0
  24.686  P t=22s rxkBps=188 blkkBps=0 pongs=16349(+790/s) cancels=0(+0/s) notify=1 disc=0(0x00) | echo rx=0 tx=0 pend=0 stale=0
  24.743  P t=23s rxkBps=185 blkkBps=0 pongs=17129(+780/s) cancels=0(+0/s) notify=1 disc=0(0x00) | echo rx=0 tx=0 pend=0 stale=0
  26.694  P t=24s rxkBps=186 blkkBps=0 pongs=17913(+784/s) cancels=0(+0/s) notify=1 disc=0(0x00) | echo rx=0 tx=0 pend=0 stale=0
  26.694  P t=25s rxkBps=188 blkkBps=0 pongs=18705(+792/s) cancels=0(+0/s) notify=1 disc=0(0x00) | echo rx=0 tx=0 pend=0 stale=0
  28.684  P t=26s rxkBps=184 blkkBps=0 pongs=19478(+773/s) cancels=0(+0/s) notify=1 disc=0(0x00) | echo rx=0 tx=0 pend=0 stale=0
  28.740  P t=27s rxkBps=186 blkkBps=0 pongs=20260(+782/s) cancels=0(+0/s) notify=1 disc=0(0x00) | echo rx=0 tx=0 pend=0 stale=0
