*** Booting Zephyr OS build v4.4.1-4-g6a2245e1dc81 ***
[00:00:00.002,898] [0m<inf> bt_hci_core: HW Platform: Nordic Semiconductor (0x0002)[0m
[00:00:00.002,910] [0m<inf> bt_hci_core: HW Variant: nRF54Lx (0x0005)[0m
[00:00:00.002,922] [0m<inf> bt_hci_core: Firmware: Standard Bluetooth controller (0x00) Version 4.4 Build 1[0m
[00:00:00.003,243] [0m<inf> bt_hci_core: HCI transport: Controller[0m
[00:00:00.003,291] [0m<inf> bt_hci_core: Identity: FC:BE:FF:FA:E6:8B (random)[0m
[00:00:00.003,307] [0m<inf> bt_hci_core: HCI: version 5.4 (0x0d) revision 0x0000, manufacturer 0x05f1[0m
[00:00:00.003,322] [0m<inf> bt_hci_core: LMP: version 5.4 (0x0d) subver 0xffff[0m

=== nRF54L15 RTT ping-pong CENTRAL ===
scan rc=0
GAP connected interval=7500
[00:00:00.043,347] [1;33m<wrn> bt_conn: PHY 0x02 not supported[0m
MTU err=0 mtu=247
*** Booting Zephyr OS build v4.4.1-4-g6a2245e1dc81 ***
[00:00:00.165,519] [0m<inf> bt_hci_core: HW Platform: Nordic Semiconductor (0x0002)[0m
[00:00:00.165,532] [0m<inf> bt_hci_core: HW Variant: nRF54Lx (0x0005)[0m
[00:00:00.165,543] [0m<inf> bt_hci_core: Firmware: Standard Bluetooth controller (0x00) Version 4.4 Build 1[0m
[00:00:00.165,864] [0m<inf> bt_hci_core: HCI transport: Controller[0m
[00:00:00.165,912] [0m<inf> bt_hci_core: Identity: FC:BE:FF:FA:E6:8B (random)[0m
[00:00:00.165,928] [0m<inf> bt_hci_core: HCI: version 5.4 (0x0d) revision 0x0000, manufacturer 0x05f1[0m
[00:00:00.165,943] [0m<inf> bt_hci_core: LMP: version 5.4 (0x0d) subver 0xffff[0m

=== nRF54L15 RTT ping-pong CENTRAL ===
scan rc=0
t=1s RTT mean=0 min=0 max=0 n=0 to=0 | cancels=0(+0/s) seqbad=0 len_bad=0 disc=0(0x00) | tot_n=0 tot_to=0 maxever=0 >2ms=0 >5ms=0 >15ms=0 >20ms=0 >30ms=0 | probes=0 wrfail=0 down=1s maxout=1s
t=2s RTT mean=0 min=0 max=0 n=0 to=0 | cancels=0(+0/s) seqbad=0 len_bad=0 disc=0(0x00) | tot_n=0 tot_to=0 maxever=0 >2ms=0 >5ms=0 >15ms=0 >20ms=0 >30ms=0 | probes=0 wrfail=0 down=2s maxout=2s
t=3s RTT mean=0 min=0 max=0 n=0 to=0 | cancels=0(+0/s) seqbad=0 len_bad=0 disc=0(0x00) | tot_n=0 tot_to=0 maxever=0 >2ms=0 >5ms=0 >15ms=0 >20ms=0 >30ms=0 | probes=0 wrfail=0 down=3s maxout=3s
GAP connected interval=7500
[00:00:04.121,837] [1;33m<wrn> bt_conn: PHY 0x02 not supported[0m
MTU err=0 mtu=247
t=4s RTT mean=0 min=0 max=0 n=0 to=0 | cancels=0(+0/s) seqbad=0 len_bad=0 disc=0(0x00) | tot_n=0 tot_to=0 maxever=0 >2ms=0 >5ms=0 >15ms=0 >20ms=0 >30ms=0 | probes=0 wrfail=0 down=4s maxout=4s
BLASTC comp=1 exkBps=0 cgap_us[min/avg/max]=4294967295/0/0
[1;31m--- 4 messages dropped ---
[0mBLAST phy=1/1 att=1 ok=1 enomem=0 err=0 call_us[min/avg/max]=119/119/119 okgap_max_us=0
BLASTC comp=1 exkBps=0 cgap_us[min/avg/max]=180/180/180
BLAST phy=1/1 att=1 ok=1 enomem=0 err=0 call_us[min/avg/max]=114/114/114 okgap_max_us=185
BLASTC comp=1 exkBps=0 cgap_us[min/avg/max]=182/182/182
BLAST phy=1/1 att=1 ok=1 enomem=0 err=0 call_us[min/avg/max]=115/115/115 okgap_max_us=181
BLASTC comp=1 exkBps=0 cgap_us[min/avg/max]=188/188/188
BLAST phy=1/1 att=1 ok=1 enomem=0 err=0 call_us[min/avg/max]=116/116/116 okgap_max_us=187
BLAST first16_call_us: 119 114 115 116 115 109 110 109 103 136 51 50 50 55 51 50
t=5s RTT mean=0 min=0 max=0 n=0 to=0 | cancels=64(+64/s) seqbad=0 len_bad=0 disc=0(0x00) | tot_n=0 tot_to=0 maxever=0 >2ms=0 >5ms=0 >15ms=0 >20ms=0 >30ms=0 | probes=0 wrfail=0 down=4s maxout=4s
BLASTC comp=135 exkBps=0 cgap_us[min/avg/max]=119/3649/12533
BLAST phy=1/1 att=145 ok=145 enomem=0 err=0 call_us[min/avg/max]=50/3385/12524 okgap_max_us=12535
t=6s RTT mean=0 min=0 max=0 n=0 to=0 | cancels=197(+133/s) seqbad=0 len_bad=0 disc=0(0x00) | tot_n=0 tot_to=0 maxever=0 >2ms=0 >5ms=0 >15ms=0 >20ms=0 >30ms=0 | probes=0 wrfail=0 down=4s maxout=4s
BLASTC comp=267 exkBps=0 cgap_us[min/avg/max]=2462/3745/5033
BLAST phy=1/1 att=267 ok=267 enomem=0 err=0 call_us[min/avg/max]=2399/3734/5025 okgap_max_us=5100
t=7s RTT mean=0 min=0 max=0 n=0 to=0 | cancels=323(+126/s) seqbad=0 len_bad=0 disc=0(0x00) | tot_n=0 tot_to=0 maxever=0 >2ms=0 >5ms=0 >15ms=0 >20ms=0 >30ms=0 | probes=0 wrfail=0 down=4s maxout=4s
BLASTC comp=253 exkBps=0 cgap_us[min/avg/max]=2466/3962/12534
BLAST phy=1/1 att=253 ok=253 enomem=0 err=0 call_us[min/avg/max]=2454/3951/12525 okgap_max_us=12535
t=8s RTT mean=0 min=0 max=0 n=0 to=0 | cancels=455(+132/s) seqbad=0 len_bad=0 disc=0(0x00) | tot_n=0 tot_to=0 maxever=0 >2ms=0 >5ms=0 >15ms=0 >20ms=0 >30ms=0 | probes=0 wrfail=0 down=4s maxout=4s
BLASTC comp=262 exkBps=0 cgap_us[min/avg/max]=2466/3807/12533
BLAST phy=1/1 att=262 ok=262 enomem=0 err=0 call_us[min/avg/max]=2399/3796/12525 okgap_max_us=12536
t=9s RTT mean=0 min=0 max=0 n=0 to=0 | cancels=586(+131/s) seqbad=0 len_bad=0 disc=0(0x00) | tot_n=0 tot_to=0 maxever=0 >2ms=0 >5ms=0 >15ms=0 >20ms=0 >30ms=0 | probes=0 wrfail=0 down=4s maxout=4s
BLASTC comp=263 exkBps=0 cgap_us[min/avg/max]=2362/3802/12533
BLAST phy=1/1 att=263 ok=263 enomem=0 err=0 call_us[min/avg/max]=2349/3791/12524 okgap_max_us=12535
>>> interval now 24 (units) — pinging (delay=500ms)
BLASTC comp=363 exkBps=0 cgap_us[min/avg/max]=2467/2754/32840
BLAST phy=1/1 att=363 ok=363 enomem=0 err=0 call_us[min/avg/max]=2454/2743/32729 okgap_max_us=32739
t=10s RTT mean=0 min=0 max=0 n=0 to=0 | cancels=619(+33/s) seqbad=0 len_bad=0 disc=0(0x00) | tot_n=0 tot_to=0 maxever=0 >2ms=0 >5ms=0 >15ms=0 >20ms=0 >30ms=0 | probes=0 wrfail=0 down=4s maxout=4s
BLASTC comp=377 exkBps=0 cgap_us[min/avg/max]=2464/2653/32841
BLAST phy=1/1 att=377 ok=377 enomem=0 err=0 call_us[min/avg/max]=2400/2642/32730 okgap_max_us=32741
t=11s RTT mean=0 min=0 max=0 n=0 to=0 | cancels=651(+32/s) seqbad=0 len_bad=0 disc=0(0x00) | tot_n=0 tot_to=0 maxever=0 >2ms=0 >5ms=0 >15ms=0 >20ms=0 >30ms=0 | probes=0 wrfail=0 down=4s maxout=4s
BLASTC comp=387 exkBps=0 cgap_us[min/avg/max]=2465/2583/32832
BLAST phy=1/1 att=387 ok=387 enomem=0 err=0 call_us[min/avg/max]=2403/2572/32721 okgap_max_us=32732
t=12s RTT mean=0 min=0 max=0 n=0 to=0 | cancels=683(+32/s) seqbad=0 len_bad=0 disc=0(0x00) | tot_n=0 tot_to=0 maxever=0 >2ms=0 >5ms=0 >15ms=0 >20ms=0 >30ms=0 | probes=0 wrfail=0 down=4s maxout=4s
BLASTC comp=389 exkBps=0 cgap_us[min/avg/max]=2465/2570/27533
BLAST phy=1/1 att=389 ok=389 enomem=0 err=0 call_us[min/avg/max]=2400/2559/27524 okgap_max_us=27535
t=13s RTT mean=0 min=0 max=0 n=0 to=0 | cancels=715(+32/s) seqbad=0 len_bad=0 disc=0(0x00) | tot_n=0 tot_to=0 maxever=0 >2ms=0 >5ms=0 >15ms=0 >20ms=0 >30ms=0 | probes=0 wrfail=0 down=4s maxout=4s
BLASTC comp=386 exkBps=0 cgap_us[min/avg/max]=2466/2591/22594
BLAST phy=1/1 att=386 ok=386 enomem=0 err=0 call_us[min/avg/max]=2405/2580/22586 okgap_max_us=22597
t=14s RTT mean=0 min=0 max=0 n=0 to=0 | cancels=747(+32/s) seqbad=0 len_bad=0 disc=0(0x00) | tot_n=0 tot_to=0 maxever=0 >2ms=0 >5ms=0 >15ms=0 >20ms=0 >30ms=0 | probes=0 wrfail=0 down=4s maxout=4s
BLASTC comp=400 exkBps=0 cgap_us[min/avg/max]=2450/2499/2840
BLAST phy=1/1 att=400 ok=400 enomem=0 err=0 call_us[min/avg/max]=2386/2488/2728 okgap_max_us=2809
t=15s RTT mean=0 min=0 max=0 n=0 to=0 | cancels=780(+33/s) seqbad=0 len_bad=0 disc=0(0x00) | tot_n=0 tot_to=0 maxever=0 >2ms=0 >5ms=0 >15ms=0 >20ms=0 >30ms=0 | probes=0 wrfail=0 down=4s maxout=4s
BLASTC comp=384 exkBps=0 cgap_us[min/avg/max]=2466/2603/30001
BLAST phy=1/1 att=384 ok=384 enomem=0 err=0 call_us[min/avg/max]=2404/2592/29991 okgap_max_us=30002
t=16s RTT mean=0 min=0 max=0 n=0 to=0 | cancels=812(+32/s) seqbad=0 len_bad=0 disc=0(0x00) | tot_n=0 tot_to=0 maxever=0 >2ms=0 >5ms=0 >15ms=0 >20ms=0 >30ms=0 | probes=0 wrfail=0 down=4s maxout=4s
FSU: request [150..150] us (ACL both dirs, 1M+2M) rc=0
BLASTC comp=377 exkBps=0 cgap_us[min/avg/max]=2448/2653/30001
BLAST phy=1/1 att=377 ok=377 enomem=0 err=0 call_us[min/avg/max]=2401/2642/29991 okgap_max_us=30002
t=17s RTT mean=0 min=0 max=0 n=0 to=0 | cancels=843(+31/s) seqbad=0 len_bad=0 disc=0(0x00) | tot_n=0 tot_to=0 maxever=0 >2ms=0 >5ms=0 >15ms=0 >20ms=0 >30ms=0 | probes=0 wrfail=0 down=4s maxout=4s
BLASTC comp=399 exkBps=0 cgap_us[min/avg/max]=2463/2505/4936
BLAST phy=1/1 att=399 ok=399 enomem=0 err=0 call_us[min/avg/max]=2409/2495/4925 okgap_max_us=4935
t=18s RTT mean=0 min=0 max=0 n=0 to=0 | cancels=876(+33/s) seqbad=0 len_bad=0 disc=0(0x00) | tot_n=0 tot_to=0 maxever=0 >2ms=0 >5ms=0 >15ms=0 >20ms=0 >30ms=0 | probes=0 wrfail=0 down=4s maxout=4s
BLASTC comp=397 exkBps=0 cgap_us[min/avg/max]=2466/2518/4935
BLAST phy=1/1 att=397 ok=397 enomem=0 err=0 call_us[min/avg/max]=2405/2507/4923 okgap_max_us=4934
t=19s RTT mean=0 min=0 max=0 n=0 to=0 | cancels=909(+33/s) seqbad=0 len_bad=0 disc=0(0x00) | tot_n=0 tot_to=0 maxever=0 >2ms=0 >5ms=0 >15ms=0 >20ms=0 >30ms=0 | probes=0 wrfail=0 down=4s maxout=4s
BLASTC comp=393 exkBps=0 cgap_us[min/avg/max]=2464/2545/12719
BLAST phy=1/1 att=393 ok=393 enomem=0 err=0 call_us[min/avg/max]=2400/2534/12710 okgap_max_us=12720
t=20s RTT mean=0 min=0 max=0 n=0 to=0 | cancels=942(+33/s) seqbad=0 len_bad=0 disc=0(0x00) | tot_n=0 tot_to=0 maxever=0 >2ms=0 >5ms=0 >15ms=0 >20ms=0 >30ms=0 | probes=0 wrfail=0 down=4s maxout=4s
BLASTC comp=395 exkBps=0 cgap_us[min/avg/max]=2466/2531/12719
BLAST phy=1/1 att=395 ok=395 enomem=0 err=0 call_us[min/avg/max]=2403/2520/12710 okgap_max_us=12720
t=21s RTT mean=0 min=0 max=0 n=0 to=0 | cancels=974(+32/s) seqbad=0 len_bad=0 disc=0(0x00) | tot_n=0 tot_to=0 maxever=0 >2ms=0 >5ms=0 >15ms=0 >20ms=0 >30ms=0 | probes=0 wrfail=0 down=4s maxout=4s
BLASTC comp=387 exkBps=0 cgap_us[min/avg/max]=2465/2583/30000
BLAST phy=1/1 att=387 ok=387 enomem=0 err=0 call_us[min/avg/max]=2401/2572/29992 okgap_max_us=30003
t=22s RTT mean=0 min=0 max=0 n=0 to=0 | cancels=1006(+32/s) seqbad=0 len_bad=0 disc=0(0x00) | tot_n=0 tot_to=0 maxever=0 >2ms=0 >5ms=0 >15ms=0 >20ms=0 >30ms=0 | probes=0 wrfail=0 down=4s maxout=4s
BLASTC comp=391 exkBps=0 cgap_us[min/avg/max]=2466/2558/12718
BLAST phy=1/1 att=391 ok=391 enomem=0 err=0 call_us[min/avg/max]=2404/2547/12710 okgap_max_us=12721
t=23s RTT mean=0 min=0 max=0 n=0 to=0 | cancels=1039(+33/s) seqbad=0 len_bad=0 disc=0(0x00) | tot_n=0 tot_to=0 maxever=0 >2ms=0 >5ms=0 >15ms=0 >20ms=0 >30ms=0 | probes=0 wrfail=0 down=4s maxout=4s
BLASTC comp=394 exkBps=0 cgap_us[min/avg/max]=2450/2537/7780
BLAST phy=1/1 att=394 ok=394 enomem=0 err=0 call_us[min/avg/max]=2386/2526/7772 okgap_max_us=7782
t=24s RTT mean=0 min=0 max=0 n=0 to=0 | cancels=1071(+32/s) seqbad=0 len_bad=0 disc=0(0x00) | tot_n=0 tot_to=0 maxever=0 >2ms=0 >5ms=0 >15ms=0 >20ms=0 >30ms=0 | probes=0 wrfail=0 down=4s maxout=4s
BLASTC comp=398 exkBps=0 cgap_us[min/avg/max]=2464/2512/4939
BLAST phy=1/1 att=398 ok=398 enomem=0 err=0 call_us[min/avg/max]=2406/2501/5032 okgap_max_us=5043
t=25s RTT mean=0 min=0 max=0 n=0 to=0 | cancels=1104(+33/s) seqbad=0 len_bad=0 disc=0(0x00) | tot_n=0 tot_to=0 maxever=0 >2ms=0 >5ms=0 >15ms=0 >20ms=0 >30ms=0 | probes=0 wrfail=0 down=4s maxout=4s
BLASTC comp=400 exkBps=0 cgap_us[min/avg/max]=2461/2500/2848
BLAST phy=1/1 att=400 ok=400 enomem=0 err=0 call_us[min/avg/max]=2358/2489/2736 okgap_max_us=2747
t=26s RTT mean=0 min=0 max=0 n=0 to=0 | cancels=1138(+34/s) seqbad=0 len_bad=0 disc=0(0x00) | tot_n=0 tot_to=0 maxever=0 >2ms=0 >5ms=0 >15ms=0 >20ms=0 >30ms=0 | probes=0 wrfail=0 down=4s maxout=4s
BLASTC comp=396 exkBps=0 cgap_us[min/avg/max]=2458/2524/4939
BLAST phy=1/1 att=396 ok=396 enomem=0 err=0 call_us[min/avg/max]=2353/2514/5031 okgap_max_us=5042
t=27s RTT mean=0 min=0 max=0 n=0 to=0 | cancels=1171(+33/s) seqbad=0 len_bad=0 disc=0(0x00) | tot_n=0 tot_to=0 maxever=0 >2ms=0 >5ms=0 >15ms=0 >20ms=0 >30ms=0 | probes=0 wrfail=0 down=4s maxout=4s
t=28s RTT mean=0 min=0 max=0 n=0 to=0 | cancels=1200(+29/s) seqbad=0 len_bad=0 disc=0(0x00) | tot_n=0 tot_to=0 maxever=0 >2ms=0 >5ms=0 >15ms=0 >20ms=0 >30ms=0 | probes=0 wrfail=0 down=4s maxout=4s
BLASTC comp=365 exkBps=0 cgap_us[min/avg/max]=2460/2767/27534
BLAST phy=1/1 att=365 ok=365 enomem=0 err=0 call_us[min/avg/max]=2391/2756/27526 okgap_max_us=22597
BLASTC comp=379 exkBps=0 cgap_us[min/avg/max]=2467/2612/30001
BLAST phy=1/1 att=379 ok=379 enomem=0 err=0 call_us[min/avg/max]=2399/2601/29991 okgap_max_us=30002
t=29s RTT mean=0 min=0 max=0 n=0 to=0 | cancels=1232(+32/s) seqbad=0 len_bad=0 disc=0(0x00) | tot_n=0 tot_to=0 maxever=0 >2ms=0 >5ms=0 >15ms=0 >20ms=0 >30ms=0 | probes=0 wrfail=0 down=4s maxout=4s
BLASTC comp=389 exkBps=0 cgap_us[min/avg/max]=2463/2570/17656
BLAST phy=1/1 att=389 ok=389 enomem=0 err=0 call_us[min/avg/max]=2401/2559/17648 okgap_max_us=17659
t=30s RTT mean=0 min=0 max=0 n=0 to=0 | cancels=1264(+32/s) seqbad=0 len_bad=0 disc=0(0x00) | tot_n=0 tot_to=0 maxever=0 >2ms=0 >5ms=0 >15ms=0 >20ms=0 >30ms=0 | probes=0 wrfail=0 down=4s maxout=4s
BLASTC comp=390 exkBps=0 cgap_us[min/avg/max]=2466/2563/25063
BLAST phy=1/1 att=390 ok=390 enomem=0 err=0 call_us[min/avg/max]=2400/2552/25055 okgap_max_us=25066
t=31s RTT mean=0 min=0 max=0 n=0 to=0 | cancels=1296(+32/s) seqbad=0 len_bad=0 disc=0(0x00) | tot_n=0 tot_to=0 maxever=0 >2ms=0 >5ms=0 >15ms=0 >20ms=0 >30ms=0 | probes=0 wrfail=0 down=4s maxout=4s
BLASTC comp=397 exkBps=0 cgap_us[min/avg/max]=2464/2519/4942
BLAST phy=1/1 att=397 ok=397 enomem=0 err=0 call_us[min/avg/max]=2395/2508/5039 okgap_max_us=5050
t=32s RTT mean=0 min=0 max=0 n=0 to=0 | cancels=1330(+34/s) seqbad=0 len_bad=0 disc=0(0x00) | tot_n=0 tot_to=0 maxever=0 >2ms=0 >5ms=0 >15ms=0 >20ms=0 >30ms=0 | probes=0 wrfail=0 down=4s maxout=4s
BLASTC comp=396 exkBps=0 cgap_us[min/avg/max]=2465/2524/4936
BLAST phy=1/1 att=396 ok=396 enomem=0 err=0 call_us[min/avg/max]=2396/2514/4925 okgap_max_us=4936
t=33s RTT mean=0 min=0 max=0 n=0 to=0 | cancels=1363(+33/s) seqbad=0 len_bad=0 disc=0(0x00) | tot_n=0 tot_to=0 maxever=0 >2ms=0 >5ms=0 >15ms=0 >20ms=0 >30ms=0 | probes=0 wrfail=0 down=4s maxout=4s
BLASTC comp=396 exkBps=0 cgap_us[min/avg/max]=2460/2524/4939
BLAST phy=1/1 att=396 ok=396 enomem=0 err=0 call_us[min/avg/max]=2391/2514/5031 okgap_max_us=5042
t=34s RTT mean=0 min=0 max=0 n=0 to=0 | cancels=1396(+33/s) seqbad=0 len_bad=0 disc=0(0x00) | tot_n=0 tot_to=0 maxever=0 >2ms=0 >5ms=0 >15ms=0 >20ms=0 >30ms=0 | probes=0 wrfail=0 down=4s maxout=4s
BLASTC comp=385 exkBps=0 cgap_us[min/avg/max]=2467/2598/32840
BLAST phy=1/1 att=385 ok=385 enomem=0 err=0 call_us[min/avg/max]=2397/2587/32729 okgap_max_us=32739
t=35s RTT mean=0 min=0 max=0 n=0 to=0 | cancels=1429(+33/s) seqbad=0 len_bad=0 disc=0(0x00) | tot_n=0 tot_to=0 maxever=0 >2ms=0 >5ms=0 >15ms=0 >20ms=0 >30ms=0 | probes=0 wrfail=0 down=4s maxout=4s
BLASTC comp=381 exkBps=0 cgap_us[min/avg/max]=2457/2624/32833
BLAST phy=1/1 att=381 ok=381 enomem=0 err=0 call_us[min/avg/max]=2389/2613/32722 okgap_max_us=32732
t=36s RTT mean=0 min=0 max=0 n=0 to=0 | cancels=1459(+30/s) seqbad=0 len_bad=0 disc=0(0x00) | tot_n=0 tot_to=0 maxever=0 >2ms=0 >5ms=0 >15ms=0 >20ms=0 >30ms=0 | probes=0 wrfail=0 down=4s maxout=4s
BLASTC comp=389 exkBps=0 cgap_us[min/avg/max]=2466/2570/17657
BLAST phy=1/1 att=389 ok=389 enomem=0 err=0 call_us[min/avg/max]=2397/2559/17648 okgap_max_us=17658
t=37s RTT mean=0 min=0 max=0 n=0 to=0 | cancels=1491(+32/s) seqbad=0 len_bad=0 disc=0(0x00) | tot_n=0 tot_to=0 maxever=0 >2ms=0 >5ms=0 >15ms=0 >20ms=0 >30ms=0 | probes=0 wrfail=0 down=4s maxout=4s
BLASTC comp=395 exkBps=0 cgap_us[min/avg/max]=2460/2532/12727
BLAST phy=1/1 att=395 ok=395 enomem=0 err=0 call_us[min/avg/max]=2389/2521/12717 okgap_max_us=12728
t=38s RTT mean=0 min=0 max=0 n=0 to=0 | cancels=1524(+33/s) seqbad=0 len_bad=0 disc=0(0x00) | tot_n=0 tot_to=0 maxever=0 >2ms=0 >5ms=0 >15ms=0 >20ms=0 >30ms=0 | probes=0 wrfail=0 down=4s maxout=4s
BLASTC comp=392 exkBps=0 cgap_us[min/avg/max]=2466/2550/20127
BLAST phy=1/1 att=392 ok=392 enomem=0 err=0 call_us[min/avg/max]=2396/2539/20117 okgap_max_us=20128
t=39s RTT mean=0 min=0 max=0 n=0 to=0 | cancels=1556(+32/s) seqbad=0 len_bad=0 disc=0(0x00) | tot_n=0 tot_to=0 maxever=0 >2ms=0 >5ms=0 >15ms=0 >20ms=0 >30ms=0 | probes=0 wrfail=0 down=4s maxout=4s
BLASTC comp=387 exkBps=0 cgap_us[min/avg/max]=2460/2583/30001
BLAST phy=1/1 att=387 ok=387 enomem=0 err=0 call_us[min/avg/max]=2391/2572/29992 okgap_max_us=30003
t=40s RTT mean=0 min=0 max=0 n=0 to=0 | cancels=1588(+32/s) seqbad=0 len_bad=0 disc=0(0x00) | tot_n=0 tot_to=0 maxever=0 >2ms=0 >5ms=0 >15ms=0 >20ms=0 >30ms=0 | probes=0 wrfail=0 down=4s maxout=4s
BLASTC comp=399 exkBps=0 cgap_us[min/avg/max]=2467/2506/4934
BLAST phy=1/1 att=399 ok=399 enomem=0 err=0 call_us[min/avg/max]=2397/2496/4923 okgap_max_us=4934
t=41s RTT mean=0 min=0 max=0 n=0 to=0 | cancels=1622(+34/s) seqbad=0 len_bad=0 disc=0(0x00) | tot_n=0 tot_to=0 maxever=0 >2ms=0 >5ms=0 >15ms=0 >20ms=0 >30ms=0 | probes=0 wrfail=0 down=4s maxout=4s
BLASTC comp=386 exkBps=0 cgap_us[min/avg/max]=2446/2590/17657
BLAST phy=1/1 att=386 ok=386 enomem=0 err=0 call_us[min/avg/max]=2377/2579/17648 okgap_max_us=17658
t=42s RTT mean=0 min=0 max=0 n=0 to=0 | cancels=1653(+31/s) seqbad=0 len_bad=0 disc=0(0x00) | tot_n=0 tot_to=0 maxever=0 >2ms=0 >5ms=0 >15ms=0 >20ms=0 >30ms=0 | probes=0 wrfail=0 down=4s maxout=4s
BLASTC comp=365 exkBps=0 cgap_us[min/avg/max]=2458/2739/62840
BLAST phy=1/1 att=365 ok=365 enomem=0 err=0 call_us[min/avg/max]=2389/2728/62729 okgap_max_us=62740
t=43s RTT mean=0 min=0 max=0 n=0 to=0 | cancels=1682(+29/s) seqbad=0 len_bad=0 disc=0(0x00) | tot_n=0 tot_to=0 maxever=0 >2ms=0 >5ms=0 >15ms=0 >20ms=0 >30ms=0 | probes=0 wrfail=0 down=4s maxout=4s
BLASTC comp=386 exkBps=0 cgap_us[min/avg/max]=2460/2591/12719
BLAST phy=1/1 att=386 ok=386 enomem=0 err=0 call_us[min/avg/max]=2391/2580/12710 okgap_max_us=12721
t=44s RTT mean=0 min=0 max=0 n=0 to=0 | cancels=1713(+31/s) seqbad=0 len_bad=0 disc=0(0x00) | tot_n=0 tot_to=0 maxever=0 >2ms=0 >5ms=0 >15ms=0 >20ms=0 >30ms=0 | probes=0 wrfail=0 down=4s maxout=4s
BLASTC comp=388 exkBps=0 cgap_us[min/avg/max]=2466/2577/25064
BLAST phy=1/1 att=388 ok=388 enomem=0 err=0 call_us[min/avg/max]=2396/2566/25055 okgap_max_us=25065
t=45s RTT mean=0 min=0 max=0 n=0 to=0 | cancels=1745(+32/s) seqbad=0 len_bad=0 disc=0(0x00) | tot_n=0 tot_to=0 maxever=0 >2ms=0 >5ms=0 >15ms=0 >20ms=0 >30ms=0 | probes=0 wrfail=0 down=4s maxout=4s
BLASTC comp=396 exkBps=0 cgap_us[min/avg/max]=2460/2524/10250
BLAST phy=1/1 att=396 ok=396 enomem=0 err=0 call_us[min/avg/max]=2392/2514/10241 okgap_max_us=10252
t=46s RTT mean=0 min=0 max=0 n=0 to=0 | cancels=1777(+32/s) seqbad=0 len_bad=0 disc=0(0x00) | tot_n=0 tot_to=0 maxever=0 >2ms=0 >5ms=0 >15ms=0 >20ms=0 >30ms=0 | probes=0 wrfail=0 down=4s maxout=4s
BLASTC comp=370 exkBps=0 cgap_us[min/avg/max]=2467/2703/32835
BLAST phy=1/1 att=370 ok=370 enomem=0 err=0 call_us[min/avg/max]=2397/2692/32724 okgap_max_us=32734
t=47s RTT mean=0 min=0 max=0 n=0 to=0 | cancels=1808(+31/s) seqbad=0 len_bad=0 disc=0(0x00) | tot_n=0 tot_to=0 maxever=0 >2ms=0 >5ms=0 >15ms=0 >20ms=0 >30ms=0 | probes=0 wrfail=0 down=4s maxout=4s
BLASTC comp=387 exkBps=0 cgap_us[min/avg/max]=2446/2583/22601
BLAST phy=1/1 att=387 ok=387 enomem=0 err=0 call_us[min/avg/max]=2376/2572/22593 okgap_max_us=22603
t=48s RTT mean=0 min=0 max=0 n=0 to=0 | cancels=1840(+32/s) seqbad=0 len_bad=0 disc=0(0x00) | tot_n=0 tot_to=0 maxever=0 >2ms=0 >5ms=0 >15ms=0 >20ms=0 >30ms=0 | probes=0 wrfail=0 down=4s maxout=4s
t=49s RTT mean=0 min=0 max=0 n=0 to=0 | cancels=1872(+32/s) seqbad=0 len_bad=0 disc=0(0x00) | tot_n=0 tot_to=0 maxever=0 >2ms=0 >5ms=0 >15ms=0 >20ms=0 >30ms=0 | probes=0 wrfail=0 down=4s maxout=4s
BLASTC comp=383 exkBps=0 cgap_us[min/avg/max]=2465/2637/30001
BLAST phy=1/1 att=383 ok=383 enomem=0 err=0 call_us[min/avg/max]=2397/2626/29992 okgap_max_us=30003
BLASTC comp=376 exkBps=0 cgap_us[min/avg/max]=2466/2632/27533
BLAST phy=1/1 att=376 ok=376 enomem=0 err=0 call_us[min/avg/max]=2398/2622/27524 okgap_max_us=27534
t=50s RTT mean=0 min=0 max=0 n=0 to=0 | cancels=1903(+31/s) seqbad=0 len_bad=0 disc=0(0x00) | tot_n=0 tot_to=0 maxever=0 >2ms=0 >5ms=0 >15ms=0 >20ms=0 >30ms=0 | probes=0 wrfail=0 down=4s maxout=4s
BLASTC comp=391 exkBps=0 cgap_us[min/avg/max]=2466/2557/25064
BLAST phy=1/1 att=391 ok=391 enomem=0 err=0 call_us[min/avg/max]=2396/2546/25055 okgap_max_us=25065
t=51s RTT mean=0 min=0 max=0 n=0 to=0 | cancels=1935(+32/s) seqbad=0 len_bad=0 disc=0(0x00) | tot_n=0 tot_to=0 maxever=0 >2ms=0 >5ms=0 >15ms=0 >20ms=0 >30ms=0 | probes=0 wrfail=0 down=4s maxout=4s
t=52s RTT mean=0 min=0 max=0 n=0 to=0 | cancels=1963(+28/s) seqbad=0 len_bad=0 disc=0(0x00) | tot_n=0 tot_to=0 maxever=0 >2ms=0 >5ms=0 >15ms=0 >20ms=0 >30ms=0 | probes=0 wrfail=0 down=4s maxout=4s
BLASTC comp=335 exkBps=0 cgap_us[min/avg/max]=2460/3015/62840
BLAST phy=1/1 att=335 ok=335 enomem=0 err=0 call_us[min/avg/max]=2391/3004/62729 okgap_max_us=62740
BLASTC comp=388 exkBps=0 cgap_us[min/avg/max]=2467/2551/10250
BLAST phy=1/1 att=388 ok=388 enomem=0 err=0 call_us[min/avg/max]=2399/2540/10241 okgap_max_us=32798
t=53s RTT mean=0 min=0 max=0 n=0 to=0 | cancels=1995(+32/s) seqbad=0 len_bad=0 disc=0(0x00) | tot_n=0 tot_to=0 maxever=0 >2ms=0 >5ms=0 >15ms=0 >20ms=0 >30ms=0 | probes=0 wrfail=0 down=4s maxout=4s
t=54s RTT mean=0 min=0 max=0 n=0 to=0 | cancels=2028(+33/s) seqbad=0 len_bad=0 disc=0(0x00) | tot_n=0 tot_to=0 maxever=0 >2ms=0 >5ms=0 >15ms=0 >20ms=0 >30ms=0 | probes=0 wrfail=0 down=4s maxout=4s
BLASTC comp=393 exkBps=0 cgap_us[min/avg/max]=2464/2595/27533
BLAST phy=1/1 att=393 ok=393 enomem=0 err=0 call_us[min/avg/max]=2402/2584/27531 okgap_max_us=5041
BLASTC comp=376 exkBps=0 cgap_us[min/avg/max]=2467/2605/20126
BLAST phy=1/1 att=376 ok=376 enomem=0 err=0 call_us[min/avg/max]=2398/2594/20117 okgap_max_us=27600
t=55s RTT mean=0 min=0 max=0 n=0 to=0 | cancels=2058(+30/s) seqbad=0 len_bad=0 disc=0(0x00) | tot_n=0 tot_to=0 maxever=0 >2ms=0 >5ms=0 >15ms=0 >20ms=0 >30ms=0 | probes=0 wrfail=0 down=4s maxout=4s
BLASTC comp=365 exkBps=0 cgap_us[min/avg/max]=2464/2740/32842
BLAST phy=1/1 att=365 ok=365 enomem=0 err=0 call_us[min/avg/max]=2403/2729/32729 okgap_max_us=32740
t=56s RTT mean=0 min=0 max=0 n=0 to=0 | cancels=2089(+31/s) seqbad=0 len_bad=0 disc=0(0x00) | tot_n=0 tot_to=0 maxever=0 >2ms=0 >5ms=0 >15ms=0 >20ms=0 >30ms=0 | probes=0 wrfail=0 down=4s maxout=4s
BLASTC comp=394 exkBps=0 cgap_us[min/avg/max]=2465/2537/7781
BLAST phy=1/1 att=394 ok=394 enomem=0 err=0 call_us[min/avg/max]=2396/2526/7772 okgap_max_us=7782
t=57s RTT mean=0 min=0 max=0 n=0 to=0 | cancels=2121(+32/s) seqbad=0 len_bad=0 disc=0(0x00) | tot_n=0 tot_to=0 maxever=0 >2ms=0 >5ms=0 >15ms=0 >20ms=0 >30ms=0 | probes=0 wrfail=0 down=4s maxout=4s
BLASTC comp=374 exkBps=0 cgap_us[min/avg/max]=2460/2673/25064
BLAST phy=1/1 att=374 ok=374 enomem=0 err=0 call_us[min/avg/max]=2391/2662/25055 okgap_max_us=25066
t=58s RTT mean=0 min=0 max=0 n=0 to=0 | cancels=2150(+29/s) seqbad=0 len_bad=0 disc=0(0x00) | tot_n=0 tot_to=0 maxever=0 >2ms=0 >5ms=0 >15ms=0 >20ms=0 >30ms=0 | probes=0 wrfail=0 down=4s maxout=4s
BLASTC comp=367 exkBps=0 cgap_us[min/avg/max]=2462/2725/32840
BLAST phy=1/1 att=367 ok=367 enomem=0 err=0 call_us[min/avg/max]=2396/2714/32728 okgap_max_us=32739
t=59s RTT mean=0 min=0 max=0 n=0 to=0 | cancels=2181(+31/s) seqbad=0 len_bad=0 disc=0(0x00) | tot_n=0 tot_to=0 maxever=0 >2ms=0 >5ms=0 >15ms=0 >20ms=0 >30ms=0 | probes=0 wrfail=0 down=4s maxout=4s
BLASTC comp=360 exkBps=0 cgap_us[min/avg/max]=2446/2777/30000
BLAST phy=1/1 att=360 ok=360 enomem=0 err=0 call_us[min/avg/max]=2377/2766/29989 okgap_max_us=30000
t=60s RTT mean=0 min=0 max=0 n=0 to=0 | cancels=2209(+28/s) seqbad=0 len_bad=0 disc=0(0x00) | tot_n=0 tot_to=0 maxever=0 >2ms=0 >5ms=0 >15ms=0 >20ms=0 >30ms=0 | probes=0 wrfail=0 down=4s maxout=4s
BLASTC comp=381 exkBps=0 cgap_us[min/avg/max]=2466/2624/20126
BLAST phy=1/1 att=381 ok=381 enomem=0 err=0 call_us[min/avg/max]=2397/2613/20117 okgap_max_us=20128
t=61s RTT mean=0 min=0 max=0 n=0 to=0 | cancels=2240(+31/s) seqbad=0 len_bad=0 disc=0(0x00) | tot_n=0 tot_to=0 maxever=0 >2ms=0 >5ms=0 >15ms=0 >20ms=0 >30ms=0 | probes=0 wrfail=0 down=4s maxout=4s
BLASTC comp=388 exkBps=0 cgap_us[min/avg/max]=2460/2577/25064
BLAST phy=1/1 att=388 ok=388 enomem=0 err=0 call_us[min/avg/max]=2391/2567/25055 okgap_max_us=25066
t=62s RTT mean=0 min=0 max=0 n=0 to=0 | cancels=2271(+31/s) seqbad=0 len_bad=0 disc=0(0x00) | tot_n=0 tot_to=0 maxever=0 >2ms=0 >5ms=0 >15ms=0 >20ms=0 >30ms=0 | probes=0 wrfail=0 down=4s maxout=4s
BLASTC comp=391 exkBps=0 cgap_us[min/avg/max]=2466/2563/17657
BLAST phy=1/1 att=391 ok=391 enomem=0 err=0 call_us[min/avg/max]=2395/2552/17648 okgap_max_us=17659
t=63s RTT mean=0 min=0 max=0 n=0 to=0 | cancels=2303(+32/s) seqbad=0 len_bad=0 disc=0(0x00) | tot_n=0 tot_to=0 maxever=0 >2ms=0 >5ms=0 >15ms=0 >20ms=0 >30ms=0 | probes=0 wrfail=0 down=4s maxout=4s
BLASTC comp=398 exkBps=0 cgap_us[min/avg/max]=2466/2506/4933
BLAST phy=1/1 att=398 ok=398 enomem=0 err=0 call_us[min/avg/max]=2401/2495/4922 okgap_max_us=4986
t=64s RTT mean=0 min=0 max=0 n=0 to=0 | cancels=2337(+34/s) seqbad=0 len_bad=0 disc=0(0x00) | tot_n=0 tot_to=0 maxever=0 >2ms=0 >5ms=0 >15ms=0 >20ms=0 >30ms=0 | probes=0 wrfail=0 down=4s maxout=4s
BLASTC comp=364 exkBps=0 cgap_us[min/avg/max]=2465/2747/32840
BLAST phy=1/1 att=364 ok=364 enomem=0 err=0 call_us[min/avg/max]=2397/2737/32729 okgap_max_us=32739
t=65s RTT mean=0 min=0 max=0 n=0 to=0 | cancels=2367(+30/s) seqbad=0 len_bad=0 disc=0(0x00) | tot_n=0 tot_to=0 maxever=0 >2ms=0 >5ms=0 >15ms=0 >20ms=0 >30ms=0 | probes=0 wrfail=0 down=4s maxout=4s
BLASTC comp=393 exkBps=0 cgap_us[min/avg/max]=2445/2544/7776
BLAST phy=1/1 att=393 ok=393 enomem=0 err=0 call_us[min/avg/max]=2376/2533/7760 okgap_max_us=7771
t=66s RTT mean=0 min=0 max=0 n=0 to=0 | cancels=2399(+32/s) seqbad=0 len_bad=0 disc=0(0x00) | tot_n=0 tot_to=0 maxever=0 >2ms=0 >5ms=0 >15ms=0 >20ms=0 >30ms=0 | probes=0 wrfail=0 down=4s maxout=4s
BLASTC comp=398 exkBps=0 cgap_us[min/avg/max]=2466/2512/4934
BLAST phy=1/1 att=398 ok=398 enomem=0 err=0 call_us[min/avg/max]=2398/2501/4924 okgap_max_us=4934
t=67s RTT mean=0 min=0 max=0 n=0 to=0 | cancels=2433(+34/s) seqbad=0 len_bad=0 disc=0(0x00) | tot_n=0 tot_to=0 maxever=0 >2ms=0 >5ms=0 >15ms=0 >20ms=0 >30ms=0 | probes=0 wrfail=0 down=4s maxout=4s
BLASTC comp=395 exkBps=0 cgap_us[min/avg/max]=2460/2532/5311
BLAST phy=1/1 att=395 ok=395 enomem=0 err=0 call_us[min/avg/max]=2391/2521/5302 okgap_max_us=5313
t=68s RTT mean=0 min=0 max=0 n=0 to=0 | cancels=2465(+32/s) seqbad=0 len_bad=0 disc=0(0x00) | tot_n=0 tot_to=0 maxever=0 >2ms=0 >5ms=0 >15ms=0 >20ms=0 >30ms=0 | probes=0 wrfail=0 down=4s maxout=4s
BLASTC comp=398 exkBps=0 cgap_us[min/avg/max]=2465/2512/4932
BLAST phy=1/1 att=398 ok=398 enomem=0 err=0 call_us[min/avg/max]=2396/2501/4922 okgap_max_us=4933
t=69s RTT mean=0 min=0 max=0 n=0 to=0 | cancels=2498(+33/s) seqbad=0 len_bad=0 disc=0(0x00) | tot_n=0 tot_to=0 maxever=0 >2ms=0 >5ms=0 >15ms=0 >20ms=0 >30ms=0 | probes=0 wrfail=0 down=4s maxout=4s
BLASTC comp=393 exkBps=0 cgap_us[min/avg/max]=2460/2544/7781
BLAST phy=1/1 att=393 ok=393 enomem=0 err=0 call_us[min/avg/max]=2391/2533/7772 okgap_max_us=7782
t=70s RTT mean=0 min=0 max=0 n=0 to=0 | cancels=2531(+33/s) seqbad=0 len_bad=0 disc=0(0x00) | tot_n=0 tot_to=0 maxever=0 >2ms=0 >5ms=0 >15ms=0 >20ms=0 >30ms=0 | probes=0 wrfail=0 down=4s maxout=4s
BLASTC comp=380 exkBps=0 cgap_us[min/avg/max]=2466/2632/32840
BLAST phy=1/1 att=380 ok=380 enomem=0 err=0 call_us[min/avg/max]=2398/2621/32729 okgap_max_us=32740
t=71s RTT mean=0 min=0 max=0 n=0 to=0 | cancels=2563(+32/s) seqbad=0 len_bad=0 disc=0(0x00) | tot_n=0 tot_to=0 maxever=0 >2ms=0 >5ms=0 >15ms=0 >20ms=0 >30ms=0 | probes=0 wrfail=0 down=4s maxout=4s
BLASTC comp=374 exkBps=0 cgap_us[min/avg/max]=2446/2673/32833
BLAST phy=1/1 att=374 ok=374 enomem=0 err=0 call_us[min/avg/max]=2377/2662/32721 okgap_max_us=32732
t=72s RTT mean=0 min=0 max=0 n=0 to=0 | cancels=2594(+31/s) seqbad=0 len_bad=0 disc=0(0x00) | tot_n=0 tot_to=0 maxever=0 >2ms=0 >5ms=0 >15ms=0 >20ms=0 >30ms=0 | probes=0 wrfail=0 down=4s maxout=4s
BLASTC comp=374 exkBps=0 cgap_us[min/avg/max]=2464/2673/27533
BLAST phy=1/1 att=374 ok=374 enomem=0 err=0 call_us[min/avg/max]=2397/2662/27517 okgap_max_us=27528
t=73s RTT mean=0 min=0 max=0 n=0 to=0 | cancels=2625(+31/s) seqbad=0 len_bad=0 disc=0(0x00) | tot_n=0 tot_to=0 maxever=0 >2ms=0 >5ms=0 >15ms=0 >20ms=0 >30ms=0 | probes=0 wrfail=0 down=4s maxout=4s
BLASTC comp=342 exkBps=0 cgap_us[min/avg/max]=2460/2924/92837
BLAST phy=1/1 att=342 ok=342 enomem=0 err=0 call_us[min/avg/max]=2391/2913/92725 okgap_max_us=92736
t=74s RTT mean=0 min=0 max=0 n=0 to=0 | cancels=2654(+29/s) seqbad=0 len_bad=0 disc=0(0x00) | tot_n=0 tot_to=0 maxever=0 >2ms=0 >5ms=0 >15ms=0 >20ms=0 >30ms=0 | probes=0 wrfail=0 down=4s maxout=4s
BLASTC comp=370 exkBps=0 cgap_us[min/avg/max]=2462/2709/32840
BLAST phy=1/1 att=370 ok=370 enomem=0 err=0 call_us[min/avg/max]=2391/2698/32729 okgap_max_us=32740
t=75s RTT mean=0 min=0 max=0 n=0 to=0 | cancels=2685(+31/s) seqbad=0 len_bad=0 disc=0(0x00) | tot_n=0 tot_to=0 maxever=0 >2ms=0 >5ms=0 >15ms=0 >20ms=0 >30ms=0 | probes=0 wrfail=0 down=4s maxout=4s
BLASTC comp=376 exkBps=0 cgap_us[min/avg/max]=2466/2652/32840
BLAST phy=1/1 att=376 ok=376 enomem=0 err=0 call_us[min/avg/max]=2401/2641/32729 okgap_max_us=32740
t=76s RTT mean=0 min=0 max=0 n=0 to=0 | cancels=2716(+31/s) seqbad=0 len_bad=0 disc=0(0x00) | tot_n=0 tot_to=0 maxever=0 >2ms=0 >5ms=0 >15ms=0 >20ms=0 >30ms=0 | probes=0 wrfail=0 down=4s maxout=4s
BLASTC comp=393 exkBps=0 cgap_us[min/avg/max]=2465/2545/17657
BLAST phy=1/1 att=393 ok=393 enomem=0 err=0 call_us[min/avg/max]=2397/2534/17648 okgap_max_us=17658
t=77s RTT mean=0 min=0 max=0 n=0 to=0 | cancels=2748(+32/s) seqbad=0 len_bad=0 disc=0(0x00) | tot_n=0 tot_to=0 maxever=0 >2ms=0 >5ms=0 >15ms=0 >20ms=0 >30ms=0 | probes=0 wrfail=0 down=4s maxout=4s
BLASTC comp=363 exkBps=0 cgap_us[min/avg/max]=2445/2754/42719
BLAST phy=1/1 att=363 ok=363 enomem=0 err=0 call_us[min/avg/max]=2376/2743/42710 okgap_max_us=42721
t=78s RTT mean=0 min=0 max=0 n=0 to=0 | cancels=2777(+29/s) seqbad=0 len_bad=0 disc=0(0x00) | tot_n=0 tot_to=0 maxever=0 >2ms=0 >5ms=0 >15ms=0 >20ms=0 >30ms=0 | probes=0 wrfail=0 down=4s maxout=4s
BLASTC comp=399 exkBps=0 cgap_us[min/avg/max]=2465/2505/4934
BLAST phy=1/1 att=399 ok=399 enomem=0 err=0 call_us[min/avg/max]=2397/2495/4923 okgap_max_us=4934
t=79s RTT mean=0 min=0 max=0 n=0 to=0 | cancels=2811(+34/s) seqbad=0 len_bad=0 disc=0(0x00) | tot_n=0 tot_to=0 maxever=0 >2ms=0 >5ms=0 >15ms=0 >20ms=0 >30ms=0 | probes=0 wrfail=0 down=4s maxout=4s
BLASTC comp=398 exkBps=0 cgap_us[min/avg/max]=2460/2513/4939
BLAST phy=1/1 att=398 ok=398 enomem=0 err=0 call_us[min/avg/max]=2390/2502/5032 okgap_max_us=5042
t=80s RTT mean=0 min=0 max=0 n=0 to=0 | cancels=2844(+33/s) seqbad=0 len_bad=0 disc=0(0x00) | tot_n=0 tot_to=0 maxever=0 >2ms=0 >5ms=0 >15ms=0 >20ms=0 >30ms=0 | probes=0 wrfail=0 down=4s maxout=4s
BLASTC comp=393 exkBps=0 cgap_us[min/avg/max]=2466/2544/5311
BLAST phy=1/1 att=393 ok=393 enomem=0 err=0 call_us[min/avg/max]=2396/2533/5302 okgap_max_us=5313
t=81s RTT mean=0 min=0 max=0 n=0 to=0 | cancels=2876(+32/s) seqbad=0 len_bad=0 disc=0(0x00) | tot_n=0 tot_to=0 maxever=0 >2ms=0 >5ms=0 >15ms=0 >20ms=0 >30ms=0 | probes=0 wrfail=0 down=4s maxout=4s
BLASTC comp=390 exkBps=0 cgap_us[min/avg/max]=2460/2563/25065
BLAST phy=1/1 att=390 ok=390 enomem=0 err=0 call_us[min/avg/max]=2391/2552/25056 okgap_max_us=25067
t=82s RTT mean=0 min=0 max=0 n=0 to=0 | cancels=2909(+33/s) seqbad=0 len_bad=0 disc=0(0x00) | tot_n=0 tot_to=0 maxever=0 >2ms=0 >5ms=0 >15ms=0 >20ms=0 >30ms=0 | probes=0 wrfail=0 down=4s maxout=4s
BLASTC comp=387 exkBps=0 cgap_us[min/avg/max]=2466/2584/22595
BLAST phy=1/1 att=387 ok=387 enomem=0 err=0 call_us[min/avg/max]=2397/2573/22586 okgap_max_us=22597
t=83s RTT mean=0 min=0 max=0 n=0 to=0 | cancels=2941(+32/s) seqbad=0 len_bad=0 disc=0(0x00) | tot_n=0 tot_to=0 maxever=0 >2ms=0 >5ms=0 >15ms=0 >20ms=0 >30ms=0 | probes=0 wrfail=0 down=4s maxout=4s
BLASTC comp=389 exkBps=0 cgap_us[min/avg/max]=2457/2570/27533
BLAST phy=1/1 att=389 ok=389 enomem=0 err=0 call_us[min/avg/max]=2389/2559/27524 okgap_max_us=27535
t=84s RTT mean=0 min=0 max=0 n=0 to=0 | cancels=2973(+32/s) seqbad=0 len_bad=0 disc=0(0x00) | tot_n=0 tot_to=0 maxever=0 >2ms=0 >5ms=0 >15ms=0 >20ms=0 >30ms=0 | probes=0 wrfail=0 down=4s maxout=4s
BLASTC comp=397 exkBps=0 cgap_us[min/avg/max]=2466/2518/4936
BLAST phy=1/1 att=397 ok=397 enomem=0 err=0 call_us[min/avg/max]=2397/2507/4926 okgap_max_us=4936
t=85s RTT mean=0 min=0 max=0 n=0 to=0 | cancels=3007(+34/s) seqbad=0 len_bad=0 disc=0(0x00) | tot_n=0 tot_to=0 maxever=0 >2ms=0 >5ms=0 >15ms=0 >20ms=0 >30ms=0 | probes=0 wrfail=0 down=4s maxout=4s
BLASTC comp=388 exkBps=0 cgap_us[min/avg/max]=2460/2577/20126
BLAST phy=1/1 att=388 ok=388 enomem=0 err=0 call_us[min/avg/max]=2391/2567/20117 okgap_max_us=20128
t=86s RTT mean=0 min=0 max=0 n=0 to=0 | cancels=3038(+31/s) seqbad=0 len_bad=0 disc=0(0x00) | tot_n=0 tot_to=0 maxever=0 >2ms=0 >5ms=0 >15ms=0 >20ms=0 >30ms=0 | probes=0 wrfail=0 down=4s maxout=4s
BLASTC comp=398 exkBps=0 cgap_us[min/avg/max]=2466/2512/7775
BLAST phy=1/1 att=398 ok=398 enomem=0 err=0 call_us[min/avg/max]=2395/2501/7765 okgap_max_us=7776
t=87s RTT mean=0 min=0 max=0 n=0 to=0 | cancels=3070(+32/s) seqbad=0 len_bad=0 disc=0(0x00) | tot_n=0 tot_to=0 maxever=0 >2ms=0 >5ms=0 >15ms=0 >20ms=0 >30ms=0 | probes=0 wrfail=0 down=4s maxout=4s
BLASTC comp=383 exkBps=0 cgap_us[min/avg/max]=2460/2610/32848
BLAST phy=1/1 att=383 ok=383 enomem=0 err=0 call_us[min/avg/max]=2391/2599/32737 okgap_max_us=32748
t=88s RTT mean=0 min=0 max=0 n=0 to=0 | cancels=3101(+31/s) seqbad=0 len_bad=0 disc=0(0x00) | tot_n=0 tot_to=0 maxever=0 >2ms=0 >5ms=0 >15ms=0 >20ms=0 >30ms=0 | probes=0 wrfail=0 down=4s maxout=4s
BLASTC comp=381 exkBps=0 cgap_us[min/avg/max]=2466/2625/27532
BLAST phy=1/1 att=381 ok=381 enomem=0 err=0 call_us[min/avg/max]=2397/2614/27524 okgap_max_us=27535
t=89s RTT mean=0 min=0 max=0 n=0 to=0 | cancels=3130(+29/s) seqbad=0 len_bad=0 disc=0(0x00) | tot_n=0 tot_to=0 maxever=0 >2ms=0 >5ms=0 >15ms=0 >20ms=0 >30ms=0 | probes=0 wrfail=0 down=4s maxout=4s
BLASTC comp=388 exkBps=0 cgap_us[min/avg/max]=2446/2576/15187
BLAST phy=1/1 att=388 ok=388 enomem=0 err=0 call_us[min/avg/max]=2376/2566/15179 okgap_max_us=15189
t=90s RTT mean=0 min=0 max=0 n=0 to=0 | cancels=3162(+32/s) seqbad=0 len_bad=0 disc=0(0x00) | tot_n=0 tot_to=0 maxever=0 >2ms=0 >5ms=0 >15ms=0 >20ms=0 >30ms=0 | probes=0 wrfail=0 down=4s maxout=4s
BLASTC comp=386 exkBps=0 cgap_us[min/avg/max]=2467/2590/32834
BLAST phy=1/1 att=386 ok=386 enomem=0 err=0 call_us[min/avg/max]=2397/2579/32721 okgap_max_us=32732
t=91s RTT mean=0 min=0 max=0 n=0 to=0 | cancels=3195(+33/s) seqbad=0 len_bad=0 disc=0(0x00) | tot_n=0 tot_to=0 maxever=0 >2ms=0 >5ms=0 >15ms=0 >20ms=0 >30ms=0 | probes=0 wrfail=0 down=4s maxout=4s
BLASTC comp=399 exkBps=0 cgap_us[min/avg/max]=2460/2506/4933
BLAST phy=1/1 att=399 ok=399 enomem=0 err=0 call_us[min/avg/max]=2391/2496/4922 okgap_max_us=4933
t=92s RTT mean=0 min=0 max=0 n=0 to=0 | cancels=3228(+33/s) seqbad=0 len_bad=0 disc=0(0x00) | tot_n=0 tot_to=0 maxever=0 >2ms=0 >5ms=0 >15ms=0 >20ms=0 >30ms=0 | probes=0 wrfail=0 down=4s maxout=4s
BLASTC comp=380 exkBps=0 cgap_us[min/avg/max]=2466/2631/22595
BLAST phy=1/1 att=380 ok=380 enomem=0 err=0 call_us[min/avg/max]=2396/2620/22593 okgap_max_us=22603
t=93s RTT mean=0 min=0 max=0 n=0 to=0 | cancels=3258(+30/s) seqbad=0 len_bad=0 disc=0(0x00) | tot_n=0 tot_to=0 maxever=0 >2ms=0 >5ms=0 >15ms=0 >20ms=0 >30ms=0 | probes=0 wrfail=0 down=4s maxout=4s
BLASTC comp=397 exkBps=0 cgap_us[min/avg/max]=2460/2518/5312
BLAST phy=1/1 att=397 ok=397 enomem=0 err=0 call_us[min/avg/max]=2391/2507/5303 okgap_max_us=5313
t=94s RTT mean=0 min=0 max=0 n=0 to=0 | cancels=3289(+31/s) seqbad=0 len_bad=0 disc=0(0x00) | tot_n=0 tot_to=0 maxever=0 >2ms=0 >5ms=0 >15ms=0 >20ms=0 >30ms=0 | probes=0 wrfail=0 down=4s maxout=4s
BLASTC comp=368 exkBps=0 cgap_us[min/avg/max]=2466/2718/30000
BLAST phy=1/1 att=368 ok=368 enomem=0 err=0 call_us[min/avg/max]=2397/2707/29992 okgap_max_us=30003
t=95s RTT mean=0 min=0 max=0 n=0 to=0 | cancels=3319(+30/s) seqbad=0 len_bad=0 disc=0(0x00) | tot_n=0 tot_to=0 maxever=0 >2ms=0 >5ms=0 >15ms=0 >20ms=0 >30ms=0 | probes=0 wrfail=0 down=4s maxout=4s
BLASTC comp=383 exkBps=0 cgap_us[min/avg/max]=2445/2610/25063
BLAST phy=1/1 att=383 ok=383 enomem=0 err=0 call_us[min/avg/max]=2376/2599/25055 okgap_max_us=25066
t=96s RTT mean=0 min=0 max=0 n=0 to=0 | cancels=3350(+31/s) seqbad=0 len_bad=0 disc=0(0x00) | tot_n=0 tot_to=0 maxever=0 >2ms=0 >5ms=0 >15ms=0 >20ms=0 >30ms=0 | probes=0 wrfail=0 down=4s maxout=4s
BLASTC comp=384 exkBps=0 cgap_us[min/avg/max]=2467/2603/30001
BLAST phy=1/1 att=384 ok=384 enomem=0 err=0 call_us[min/avg/max]=2397/2593/29992 okgap_max_us=30003
t=97s RTT mean=0 min=0 max=0 n=0 to=0 | cancels=3382(+32/s) seqbad=0 len_bad=0 disc=0(0x00) | tot_n=0 tot_to=0 maxever=0 >2ms=0 >5ms=0 >15ms=0 >20ms=0 >30ms=0 | probes=0 wrfail=0 down=4s maxout=4s
BLASTC comp=375 exkBps=0 cgap_us[min/avg/max]=2461/2667/30001
BLAST phy=1/1 att=375 ok=375 enomem=0 err=0 call_us[min/avg/max]=2391/2656/29991 okgap_max_us=30002
t=98s RTT mean=0 min=0 max=0 n=0 to=0 | cancels=3410(+28/s) seqbad=0 len_bad=0 disc=0(0x00) | tot_n=0 tot_to=0 maxever=0 >2ms=0 >5ms=0 >15ms=0 >20ms=0 >30ms=0 | probes=0 wrfail=0 down=4s maxout=4s
BLASTC comp=377 exkBps=0 cgap_us[min/avg/max]=2465/2652/30000
BLAST phy=1/1 att=377 ok=377 enomem=0 err=0 call_us[min/avg/max]=2396/2641/29992 okgap_max_us=30003
t=99s RTT mean=0 min=0 max=0 n=0 to=0 | cancels=3441(+31/s) seqbad=0 len_bad=0 disc=0(0x00) | tot_n=0 tot_to=0 maxever=0 >2ms=0 >5ms=0 >15ms=0 >20ms=0 >30ms=0 | probes=0 wrfail=0 down=4s maxout=4s
BLASTC comp=391 exkBps=0 cgap_us[min/avg/max]=2460/2557/12718
BLAST phy=1/1 att=391 ok=391 enomem=0 err=0 call_us[min/avg/max]=2391/2546/12710 okgap_max_us=12721
t=100s RTT mean=0 min=0 max=0 n=0 to=0 | cancels=3474(+33/s) seqbad=0 len_bad=0 disc=0(0x00) | tot_n=0 tot_to=0 maxever=0 >2ms=0 >5ms=0 >15ms=0 >20ms=0 >30ms=0 | probes=0 wrfail=0 down=4s maxout=4s
BLASTC comp=367 exkBps=0 cgap_us[min/avg/max]=2466/2725/20126
BLAST phy=1/1 att=367 ok=367 enomem=0 err=0 call_us[min/avg/max]=2397/2714/20117 okgap_max_us=20127
t=101s RTT mean=0 min=0 max=0 n=0 to=0 | cancels=3502(+28/s) seqbad=0 len_bad=0 disc=0(0x00) | tot_n=0 tot_to=0 maxever=0 >2ms=0 >5ms=0 >15ms=0 >20ms=0 >30ms=0 | probes=0 wrfail=0 down=4s maxout=4s
BLASTC comp=397 exkBps=0 cgap_us[min/avg/max]=2446/2518/5311
BLAST phy=1/1 att=397 ok=397 enomem=0 err=0 call_us[min/avg/max]=2377/2507/5302 okgap_max_us=5313
t=102s RTT mean=0 min=0 max=0 n=0 to=0 | cancels=3535(+33/s) seqbad=0 len_bad=0 disc=0(0x00) | tot_n=0 tot_to=0 maxever=0 >2ms=0 >5ms=0 >15ms=0 >20ms=0 >30ms=0 | probes=0 wrfail=0 down=4s maxout=4s
BLASTC comp=381 exkBps=0 cgap_us[min/avg/max]=2467/2624/27533
BLAST phy=1/1 att=381 ok=381 enomem=0 err=0 call_us[min/avg/max]=2397/2613/27524 okgap_max_us=27535
t=103s RTT mean=0 min=0 max=0 n=0 to=0 | cancels=3567(+32/s) seqbad=0 len_bad=0 disc=0(0x00) | tot_n=0 tot_to=0 maxever=0 >2ms=0 >5ms=0 >15ms=0 >20ms=0 >30ms=0 | probes=0 wrfail=0 down=4s maxout=4s
BLASTC comp=372 exkBps=0 cgap_us[min/avg/max]=2460/2688/27533
BLAST phy=1/1 att=372 ok=372 enomem=0 err=0 call_us[min/avg/max]=2391/2678/27524 okgap_max_us=27534
t=104s RTT mean=0 min=0 max=0 n=0 to=0 | cancels=3597(+30/s) seqbad=0 len_bad=0 disc=0(0x00) | tot_n=0 tot_to=0 maxever=0 >2ms=0 >5ms=0 >15ms=0 >20ms=0 >30ms=0 | probes=0 wrfail=0 down=4s maxout=4s
BLASTC comp=397 exkBps=0 cgap_us[min/avg/max]=2464/2518/7773
BLAST phy=1/1 att=397 ok=397 enomem=0 err=0 call_us[min/avg/max]=2396/2507/7763 okgap_max_us=7774
t=105s RTT mean=0 min=0 max=0 n=0 to=0 | cancels=3629(+32/s) seqbad=0 len_bad=0 disc=0(0x00) | tot_n=0 tot_to=0 maxever=0 >2ms=0 >5ms=0 >15ms=0 >20ms=0 >30ms=0 | probes=0 wrfail=0 down=4s maxout=4s
BLASTC comp=378 exkBps=0 cgap_us[min/avg/max]=2461/2645/27532
BLAST phy=1/1 att=378 ok=378 enomem=0 err=0 call_us[min/avg/max]=2391/2634/27524 okgap_max_us=27535
t=106s RTT mean=0 min=0 max=0 n=0 to=0 | cancels=3660(+31/s) seqbad=0 len_bad=0 disc=0(0x00) | tot_n=0 tot_to=0 maxever=0 >2ms=0 >5ms=0 >15ms=0 >20ms=0 >30ms=0 | probes=0 wrfail=0 down=4s maxout=4s
BLASTC comp=386 exkBps=0 cgap_us[min/avg/max]=2460/2591/27533
BLAST phy=1/1 att=386 ok=386 enomem=0 err=0 call_us[min/avg/max]=2353/2580/27524 okgap_max_us=27534
t=107s RTT mean=0 min=0 max=0 n=0 to=0 | cancels=3692(+32/s) seqbad=0 len_bad=0 disc=0(0x00) | tot_n=0 tot_to=0 maxever=0 >2ms=0 >5ms=0 >15ms=0 >20ms=0 >30ms=0 | probes=0 wrfail=0 down=4s maxout=4s
BLASTC comp=399 exkBps=0 cgap_us[min/avg/max]=2445/2505/5311
BLAST phy=1/1 att=399 ok=399 enomem=0 err=0 call_us[min/avg/max]=2376/2495/5302 okgap_max_us=5313
t=108s RTT mean=0 min=0 max=0 n=0 to=0 | cancels=3725(+33/s) seqbad=0 len_bad=0 disc=0(0x00) | tot_n=0 tot_to=0 maxever=0 >2ms=0 >5ms=0 >15ms=0 >20ms=0 >30ms=0 | probes=0 wrfail=0 down=4s maxout=4s
BLASTC comp=397 exkBps=0 cgap_us[min/avg/max]=2467/2518/5311
BLAST phy=1/1 att=397 ok=397 enomem=0 err=0 call_us[min/avg/max]=2397/2507/5302 okgap_max_us=5313
t=109s RTT mean=0 min=0 max=0 n=0 to=0 | cancels=3759(+34/s) seqbad=0 len_bad=0 disc=0(0x00) | tot_n=0 tot_to=0 maxever=0 >2ms=0 >5ms=0 >15ms=0 >20ms=0 >30ms=0 | probes=0 wrfail=0 down=4s maxout=4s
BLASTC comp=398 exkBps=0 cgap_us[min/avg/max]=2460/2513/4934
BLAST phy=1/1 att=398 ok=398 enomem=0 err=0 call_us[min/avg/max]=2391/2502/4924 okgap_max_us=4934
t=110s RTT mean=0 min=0 max=0 n=0 to=0 | cancels=3792(+33/s) seqbad=0 len_bad=0 disc=0(0x00) | tot_n=0 tot_to=0 maxever=0 >2ms=0 >5ms=0 >15ms=0 >20ms=0 >30ms=0 | probes=0 wrfail=0 down=4s maxout=4s
BLASTC comp=396 exkBps=0 cgap_us[min/avg/max]=2466/2524/4936
BLAST phy=1/1 att=396 ok=396 enomem=0 err=0 call_us[min/avg/max]=2396/2514/4926 okgap_max_us=4936
t=111s RTT mean=0 min=0 max=0 n=0 to=0 | cancels=3825(+33/s) seqbad=0 len_bad=0 disc=0(0x00) | tot_n=0 tot_to=0 maxever=0 >2ms=0 >5ms=0 >15ms=0 >20ms=0 >30ms=0 | probes=0 wrfail=0 down=4s maxout=4s
BLASTC comp=384 exkBps=0 cgap_us[min/avg/max]=2460/2603/15187
BLAST phy=1/1 att=384 ok=384 enomem=0 err=0 call_us[min/avg/max]=2391/2592/15179 okgap_max_us=15189
t=112s RTT mean=0 min=0 max=0 n=0 to=0 | cancels=3857(+32/s) seqbad=0 len_bad=0 disc=0(0x00) | tot_n=0 tot_to=0 maxever=0 >2ms=0 >5ms=0 >15ms=0 >20ms=0 >30ms=0 | probes=0 wrfail=0 down=4s maxout=4s
BLASTC comp=398 exkBps=0 cgap_us[min/avg/max]=2466/2513/5311
BLAST phy=1/1 att=398 ok=398 enomem=0 err=0 call_us[min/avg/max]=2397/2502/5302 okgap_max_us=5313
t=113s RTT mean=0 min=0 max=0 n=0 to=0 | cancels=3890(+33/s) seqbad=0 len_bad=0 disc=0(0x00) | tot_n=0 tot_to=0 maxever=0 >2ms=0 >5ms=0 >15ms=0 >20ms=0 >30ms=0 | probes=0 wrfail=0 down=4s maxout=4s
BLASTC comp=391 exkBps=0 cgap_us[min/avg/max]=2446/2557/17656
BLAST phy=1/1 att=391 ok=391 enomem=0 err=0 call_us[min/avg/max]=2377/2546/17645 okgap_max_us=17656
t=114s RTT mean=0 min=0 max=0 n=0 to=0 | cancels=3922(+32/s) seqbad=0 len_bad=0 disc=0(0x00) | tot_n=0 tot_to=0 maxever=0 >2ms=0 >5ms=0 >15ms=0 >20ms=0 >30ms=0 | probes=0 wrfail=0 down=4s maxout=4s
BLASTC comp=393 exkBps=0 cgap_us[min/avg/max]=2467/2544/12719
BLAST phy=1/1 att=393 ok=393 enomem=0 err=0 call_us[min/avg/max]=2397/2533/12710 okgap_max_us=12720
t=115s RTT mean=0 min=0 max=0 n=0 to=0 | cancels=3954(+32/s) seqbad=0 len_bad=0 disc=0(0x00) | tot_n=0 tot_to=0 maxever=0 >2ms=0 >5ms=0 >15ms=0 >20ms=0 >30ms=0 | probes=0 wrfail=0 down=4s maxout=4s
BLASTC comp=397 exkBps=0 cgap_us[min/avg/max]=2461/2519/4934
BLAST phy=1/1 att=397 ok=397 enomem=0 err=0 call_us[min/avg/max]=2391/2508/4923 okgap_max_us=4934
t=116s RTT mean=0 min=0 max=0 n=0 to=0 | cancels=3987(+33/s) seqbad=0 len_bad=0 disc=0(0x00) | tot_n=0 tot_to=0 maxever=0 >2ms=0 >5ms=0 >15ms=0 >20ms=0 >30ms=0 | probes=0 wrfail=0 down=4s maxout=4s
BLASTC comp=385 exkBps=0 cgap_us[min/avg/max]=2465/2597/30001
BLAST phy=1/1 att=385 ok=385 enomem=0 err=0 call_us[min/avg/max]=2396/2586/29991 okgap_max_us=30002
t=117s RTT mean=0 min=0 max=0 n=0 to=0 | cancels=4019(+32/s) seqbad=0 len_bad=0 disc=0(0x00) | tot_n=0 tot_to=0 maxever=0 >2ms=0 >5ms=0 >15ms=0 >20ms=0 >30ms=0 | probes=0 wrfail=0 down=4s maxout=4s
BLASTC comp=388 exkBps=0 cgap_us[min/avg/max]=2460/2577/17657
BLAST phy=1/1 att=388 ok=388 enomem=0 err=0 call_us[min/avg/max]=2391/2566/17648 okgap_max_us=17659
t=118s RTT mean=0 min=0 max=0 n=0 to=0 | cancels=4052(+33/s) seqbad=0 len_bad=0 disc=0(0x00) | tot_n=0 tot_to=0 maxever=0 >2ms=0 >5ms=0 >15ms=0 >20ms=0 >30ms=0 | probes=0 wrfail=0 down=4s maxout=4s
BLASTC comp=389 exkBps=0 cgap_us[min/avg/max]=2466/2571/20126
BLAST phy=1/1 att=389 ok=389 enomem=0 err=0 call_us[min/avg/max]=2398/2560/20117 okgap_max_us=20127
t=119s RTT mean=0 min=0 max=0 n=0 to=0 | cancels=4084(+32/s) seqbad=0 len_bad=0 disc=0(0x00) | tot_n=0 tot_to=0 maxever=0 >2ms=0 >5ms=0 >15ms=0 >20ms=0 >30ms=0 | probes=0 wrfail=0 down=4s maxout=4s
BLASTC comp=380 exkBps=0 cgap_us[min/avg/max]=2446/2631/32840
BLAST phy=1/1 att=380 ok=380 enomem=0 err=0 call_us[min/avg/max]=2376/2620/32729 okgap_max_us=32740
t=120s RTT mean=0 min=0 max=0 n=0 to=0 | cancels=4115(+31/s) seqbad=0 len_bad=0 disc=0(0x00) | tot_n=0 tot_to=0 maxever=0 >2ms=0 >5ms=0 >15ms=0 >20ms=0 >30ms=0 | probes=0 wrfail=0 down=4s maxout=4s
BLASTC comp=396 exkBps=0 cgap_us[min/avg/max]=2463/2524/5311
BLAST phy=1/1 att=396 ok=396 enomem=0 err=0 call_us[min/avg/max]=2397/2514/5302 okgap_max_us=5313
t=121s RTT mean=0 min=0 max=0 n=0 to=0 | cancels=4149(+34/s) seqbad=0 len_bad=0 disc=0(0x00) | tot_n=0 tot_to=0 maxever=0 >2ms=0 >5ms=0 >15ms=0 >20ms=0 >30ms=0 | probes=0 wrfail=0 down=4s maxout=4s
BLASTC comp=398 exkBps=0 cgap_us[min/avg/max]=2460/2513/4935
BLAST phy=1/1 att=398 ok=398 enomem=0 err=0 call_us[min/avg/max]=2359/2502/4923 okgap_max_us=4934
t=122s RTT mean=0 min=0 max=0 n=0 to=0 | cancels=4182(+33/s) seqbad=0 len_bad=0 disc=0(0x00) | tot_n=0 tot_to=0 maxever=0 >2ms=0 >5ms=0 >15ms=0 >20ms=0 >30ms=0 | probes=0 wrfail=0 down=4s maxout=4s
BLASTC comp=399 exkBps=0 cgap_us[min/avg/max]=2466/2505/4934
BLAST phy=1/1 att=399 ok=399 enomem=0 err=0 call_us[min/avg/max]=2395/2495/4923 okgap_max_us=4934
t=123s RTT mean=0 min=0 max=0 n=0 to=0 | cancels=4216(+34/s) seqbad=0 len_bad=0 disc=0(0x00) | tot_n=0 tot_to=0 maxever=0 >2ms=0 >5ms=0 >15ms=0 >20ms=0 >30ms=0 | probes=0 wrfail=0 down=4s maxout=4s
BLASTC comp=395 exkBps=0 cgap_us[min/avg/max]=2460/2531/5310
BLAST phy=1/1 att=395 ok=395 enomem=0 err=0 call_us[min/avg/max]=2391/2520/5302 okgap_max_us=5313
t=124s RTT mean=0 min=0 max=0 n=0 to=0 | cancels=4249(+33/s) seqbad=0 len_bad=0 disc=0(0x00) | tot_n=0 tot_to=0 maxever=0 >2ms=0 >5ms=0 >15ms=0 >20ms=0 >30ms=0 | probes=0 wrfail=0 down=4s maxout=4s
BLASTC comp=386 exkBps=0 cgap_us[min/avg/max]=2465/2591/15188
BLAST phy=1/1 att=386 ok=386 enomem=0 err=0 call_us[min/avg/max]=2397/2580/15179 okgap_max_us=15190
t=125s RTT mean=0 min=0 max=0 n=0 to=0 | cancels=4280(+31/s) seqbad=0 len_bad=0 disc=0(0x00) | tot_n=0 tot_to=0 maxever=0 >2ms=0 >5ms=0 >15ms=0 >20ms=0 >30ms=0 | probes=0 wrfail=0 down=4s maxout=4s
BLASTC comp=399 exkBps=0 cgap_us[min/avg/max]=2445/2505/4934
BLAST phy=1/1 att=399 ok=399 enomem=0 err=0 call_us[min/avg/max]=2377/2495/4923 okgap_max_us=4934
t=126s RTT mean=0 min=0 max=0 n=0 to=0 | cancels=4314(+34/s) seqbad=0 len_bad=0 disc=0(0x00) | tot_n=0 tot_to=0 maxever=0 >2ms=0 >5ms=0 >15ms=0 >20ms=0 >30ms=0 | probes=0 wrfail=0 down=4s maxout=4s
BLASTC comp=393 exkBps=0 cgap_us[min/avg/max]=2466/2544/5311
BLAST phy=1/1 att=393 ok=393 enomem=0 err=0 call_us[min/avg/max]=2397/2533/5302 okgap_max_us=5313
t=127s RTT mean=0 min=0 max=0 n=0 to=0 | cancels=4347(+33/s) seqbad=0 len_bad=0 disc=0(0x00) | tot_n=0 tot_to=0 maxever=0 >2ms=0 >5ms=0 >15ms=0 >20ms=0 >30ms=0 | probes=0 wrfail=0 down=4s maxout=4s
BLASTC comp=388 exkBps=0 cgap_us[min/avg/max]=2460/2577/17663
BLAST phy=1/1 att=388 ok=388 enomem=0 err=0 call_us[min/avg/max]=2391/2567/17653 okgap_max_us=17664
t=128s RTT mean=0 min=0 max=0 n=0 to=0 | cancels=4378(+31/s) seqbad=0 len_bad=0 disc=0(0x00) | tot_n=0 tot_to=0 maxever=0 >2ms=0 >5ms=0 >15ms=0 >20ms=0 >30ms=0 | probes=0 wrfail=0 down=4s maxout=4s
BLASTC comp=398 exkBps=0 cgap_us[min/avg/max]=2465/2512/5311
BLAST phy=1/1 att=398 ok=398 enomem=0 err=0 call_us[min/avg/max]=2396/2501/5302 okgap_max_us=5312
t=129s RTT mean=0 min=0 max=0 n=0 to=0 | cancels=4412(+34/s) seqbad=0 len_bad=0 disc=0(0x00) | tot_n=0 tot_to=0 maxever=0 >2ms=0 >5ms=0 >15ms=0 >20ms=0 >30ms=0 | probes=0 wrfail=0 down=4s maxout=4s
BLASTC comp=380 exkBps=0 cgap_us[min/avg/max]=2460/2631/32849
BLAST phy=1/1 att=380 ok=380 enomem=0 err=0 call_us[min/avg/max]=2391/2620/32739 okgap_max_us=32749
t=130s RTT mean=0 min=0 max=0 n=0 to=0 | cancels=4441(+29/s) seqbad=0 len_bad=0 disc=0(0x00) | tot_n=0 tot_to=0 maxever=0 >2ms=0 >5ms=0 >15ms=0 >20ms=0 >30ms=0 | probes=0 wrfail=0 down=4s maxout=4s
BLASTC comp=396 exkBps=0 cgap_us[min/avg/max]=2466/2525/5311
BLAST phy=1/1 att=396 ok=396 enomem=0 err=0 call_us[min/avg/max]=2397/2515/5303 okgap_max_us=5313
t=131s RTT mean=0 min=0 max=0 n=0 to=0 | cancels=4473(+32/s) seqbad=0 len_bad=0 disc=0(0x00) | tot_n=0 tot_to=0 maxever=0 >2ms=0 >5ms=0 >15ms=0 >20ms=0 >30ms=0 | probes=0 wrfail=0 down=4s maxout=4s
BLASTC comp=396 exkBps=0 cgap_us[min/avg/max]=2446/2524/5311
BLAST phy=1/1 att=396 ok=396 enomem=0 err=0 call_us[min/avg/max]=2377/2514/5302 okgap_max_us=5313
t=132s RTT mean=0 min=0 max=0 n=0 to=0 | cancels=4507(+34/s) seqbad=0 len_bad=0 disc=0(0x00) | tot_n=0 tot_to=0 maxever=0 >2ms=0 >5ms=0 >15ms=0 >20ms=0 >30ms=0 | probes=0 wrfail=0 down=4s maxout=4s
BLASTC comp=396 exkBps=0 cgap_us[min/avg/max]=2465/2524/5314
BLAST phy=1/1 att=396 ok=396 enomem=0 err=0 call_us[min/avg/max]=2397/2514/5309 okgap_max_us=5320
t=133s RTT mean=0 min=0 max=0 n=0 to=0 | cancels=4540(+33/s) seqbad=0 len_bad=0 disc=0(0x00) | tot_n=0 tot_to=0 maxever=0 >2ms=0 >5ms=0 >15ms=0 >20ms=0 >30ms=0 | probes=0 wrfail=0 down=4s maxout=4s
BLASTC comp=394 exkBps=0 cgap_us[min/avg/max]=2460/2538/5311
BLAST phy=1/1 att=394 ok=394 enomem=0 err=0 call_us[min/avg/max]=2391/2527/5303 okgap_max_us=5313
t=134s RTT mean=0 min=0 max=0 n=0 to=0 | cancels=4573(+33/s) seqbad=0 len_bad=0 disc=0(0x00) | tot_n=0 tot_to=0 maxever=0 >2ms=0 >5ms=0 >15ms=0 >20ms=0 >30ms=0 | probes=0 wrfail=0 down=4s maxout=4s
BLASTC comp=392 exkBps=0 cgap_us[min/avg/max]=2466/2550/10249
BLAST phy=1/1 att=392 ok=392 enomem=0 err=0 call_us[min/avg/max]=2396/2539/10241 okgap_max_us=10252
t=135s RTT mean=0 min=0 max=0 n=0 to=0 | cancels=4606(+33/s) seqbad=0 len_bad=0 disc=0(0x00) | tot_n=0 tot_to=0 maxever=0 >2ms=0 >5ms=0 >15ms=0 >20ms=0 >30ms=0 | probes=0 wrfail=0 down=4s maxout=4s
BLASTC comp=395 exkBps=0 cgap_us[min/avg/max]=2460/2531/5311
BLAST phy=1/1 att=395 ok=395 enomem=0 err=0 call_us[min/avg/max]=2391/2520/5302 okgap_max_us=5313
t=136s RTT mean=0 min=0 max=0 n=0 to=0 | cancels=4639(+33/s) seqbad=0 len_bad=0 disc=0(0x00) | tot_n=0 tot_to=0 maxever=0 >2ms=0 >5ms=0 >15ms=0 >20ms=0 >30ms=0 | probes=0 wrfail=0 down=4s maxout=4s
BLASTC comp=395 exkBps=0 cgap_us[min/avg/max]=2464/2532/5311
BLAST phy=1/1 att=395 ok=395 enomem=0 err=0 call_us[min/avg/max]=2397/2521/5302 okgap_max_us=5313
t=137s RTT mean=0 min=0 max=0 n=0 to=0 | cancels=4672(+33/s) seqbad=0 len_bad=0 disc=0(0x00) | tot_n=0 tot_to=0 maxever=0 >2ms=0 >5ms=0 >15ms=0 >20ms=0 >30ms=0 | probes=0 wrfail=0 down=4s maxout=4s
BLASTC comp=396 exkBps=0 cgap_us[min/avg/max]=2445/2524/5311
BLAST phy=1/1 att=396 ok=396 enomem=0 err=0 call_us[min/avg/max]=2359/2514/5302 okgap_max_us=5313
t=138s RTT mean=0 min=0 max=0 n=0 to=0 | cancels=4706(+34/s) seqbad=0 len_bad=0 disc=0(0x00) | tot_n=0 tot_to=0 maxever=0 >2ms=0 >5ms=0 >15ms=0 >20ms=0 >30ms=0 | probes=0 wrfail=0 down=4s maxout=4s
BLASTC comp=396 exkBps=0 cgap_us[min/avg/max]=2459/2524/5318
BLAST phy=1/1 att=396 ok=396 enomem=0 err=0 call_us[min/avg/max]=2352/2514/5410 okgap_max_us=5420
t=139s RTT mean=0 min=0 max=0 n=0 to=0 | cancels=4739(+33/s) seqbad=0 len_bad=0 disc=0(0x00) | tot_n=0 tot_to=0 maxever=0 >2ms=0 >5ms=0 >15ms=0 >20ms=0 >30ms=0 | probes=0 wrfail=0 down=4s maxout=4s
BLASTC comp=398 exkBps=0 cgap_us[min/avg/max]=2464/2513/5311
BLAST phy=1/1 att=398 ok=398 enomem=0 err=0 call_us[min/avg/max]=2395/2502/5302 okgap_max_us=5313
t=140s RTT mean=0 min=0 max=0 n=0 to=0 | cancels=4772(+33/s) seqbad=0 len_bad=0 disc=0(0x00) | tot_n=0 tot_to=0 maxever=0 >2ms=0 >5ms=0 >15ms=0 >20ms=0 >30ms=0 | probes=0 wrfail=0 down=4s maxout=4s
BLASTC comp=387 exkBps=0 cgap_us[min/avg/max]=2466/2583/20126
BLAST phy=1/1 att=387 ok=387 enomem=0 err=0 call_us[min/avg/max]=2390/2572/20116 okgap_max_us=20127
t=141s RTT mean=0 min=0 max=0 n=0 to=0 | cancels=4805(+33/s) seqbad=0 len_bad=0 disc=0(0x00) | tot_n=0 tot_to=0 maxever=0 >2ms=0 >5ms=0 >15ms=0 >20ms=0 >30ms=0 | probes=0 wrfail=0 down=4s maxout=4s
BLASTC comp=385 exkBps=0 cgap_us[min/avg/max]=2464/2597/32840
BLAST phy=1/1 att=385 ok=385 enomem=0 err=0 call_us[min/avg/max]=2395/2586/32729 okgap_max_us=32740
t=142s RTT mean=0 min=0 max=0 n=0 to=0 | cancels=4837(+32/s) seqbad=0 len_bad=0 disc=0(0x00) | tot_n=0 tot_to=0 maxever=0 >2ms=0 >5ms=0 >15ms=0 >20ms=0 >30ms=0 | probes=0 wrfail=0 down=4s maxout=4s
BLASTC comp=398 exkBps=0 cgap_us[min/avg/max]=2466/2513/5306
BLAST phy=1/1 att=398 ok=398 enomem=0 err=0 call_us[min/avg/max]=2392/2502/5297 okgap_max_us=5307
t=143s RTT mean=0 min=0 max=0 n=0 to=0 | cancels=4870(+33/s) seqbad=0 len_bad=0 disc=0(0x00) | tot_n=0 tot_to=0 maxever=0 >2ms=0 >5ms=0 >15ms=0 >20ms=0 >30ms=0 | probes=0 wrfail=0 down=4s maxout=4s
BLASTC comp=393 exkBps=0 cgap_us[min/avg/max]=2449/2544/5311
BLAST phy=1/1 att=393 ok=393 enomem=0 err=0 call_us[min/avg/max]=2374/2533/5302 okgap_max_us=5313
t=144s RTT mean=0 min=0 max=0 n=0 to=0 | cancels=4904(+34/s) seqbad=0 len_bad=0 disc=0(0x00) | tot_n=0 tot_to=0 maxever=0 >2ms=0 >5ms=0 >15ms=0 >20ms=0 >30ms=0 | probes=0 wrfail=0 down=4s maxout=4s
BLASTC comp=389 exkBps=0 cgap_us[min/avg/max]=2466/2570/27530
BLAST phy=1/1 att=389 ok=389 enomem=0 err=0 call_us[min/avg/max]=2391/2559/27521 okgap_max_us=27531
t=145s RTT mean=0 min=0 max=0 n=0 to=0 | cancels=4936(+32/s) seqbad=0 len_bad=0 disc=0(0x00) | tot_n=0 tot_to=0 maxever=0 >2ms=0 >5ms=0 >15ms=0 >20ms=0 >30ms=0 | probes=0 wrfail=0 down=4s maxout=4s
BLASTC comp=392 exkBps=0 cgap_us[min/avg/max]=2464/2551/15185
BLAST phy=1/1 att=392 ok=392 enomem=0 err=0 call_us[min/avg/max]=2395/2540/15176 okgap_max_us=15187
t=146s RTT mean=0 min=0 max=0 n=0 to=0 | cancels=4968(+32/s) seqbad=0 len_bad=0 disc=0(0x00) | tot_n=0 tot_to=0 maxever=0 >2ms=0 >5ms=0 >15ms=0 >20ms=0 >30ms=0 | probes=0 wrfail=0 down=4s maxout=4s
BLASTC comp=390 exkBps=0 cgap_us[min/avg/max]=2466/2563/10250
BLAST phy=1/1 att=390 ok=390 enomem=0 err=0 call_us[min/avg/max]=2391/2552/10241 okgap_max_us=10252
t=147s RTT mean=0 min=0 max=0 n=0 to=0 | cancels=5000(+32/s) seqbad=0 len_bad=0 disc=0(0x00) | tot_n=0 tot_to=0 maxever=0 >2ms=0 >5ms=0 >15ms=0 >20ms=0 >30ms=0 | probes=0 wrfail=0 down=4s maxout=4s
BLASTC comp=396 exkBps=0 cgap_us[min/avg/max]=2464/2524/5310
BLAST phy=1/1 att=396 ok=396 enomem=0 err=0 call_us[min/avg/max]=2395/2514/5302 okgap_max_us=5313
t=148s RTT mean=0 min=0 max=0 n=0 to=0 | cancels=5033(+33/s) seqbad=0 len_bad=0 disc=0(0x00) | tot_n=0 tot_to=0 maxever=0 >2ms=0 >5ms=0 >15ms=0 >20ms=0 >30ms=0 | probes=0 wrfail=0 down=4s maxout=4s
BLASTC comp=397 exkBps=0 cgap_us[min/avg/max]=2465/2519/5311
BLAST phy=1/1 att=397 ok=397 enomem=0 err=0 call_us[min/avg/max]=2391/2508/5302 okgap_max_us=5313
t=149s RTT mean=0 min=0 max=0 n=0 to=0 | cancels=5066(+33/s) seqbad=0 len_bad=0 disc=0(0x00) | tot_n=0 tot_to=0 maxever=0 >2ms=0 >5ms=0 >15ms=0 >20ms=0 >30ms=0 | probes=0 wrfail=0 down=4s maxout=4s
