*** Booting Zephyr OS build v4.4.1-4-g6a2245e1dc81 ***
[00:00:00.002,898] [0m<inf> bt_hci_core: HW Platform: Nordic Semiconductor (0x0002)[0m
[00:00:00.002,911] [0m<inf> bt_hci_core: HW Variant: nRF54Lx (0x0005)[0m
[00:00:00.002,922] [0m<inf> bt_hci_core: Firmware: Standard Bluetooth controller (0x00) Version 4.4 Build 1[0m
[00:00:00.003,244] [0m<inf> bt_hci_core: HCI transport: Controller[0m
[00:00:00.003,292] [0m<inf> bt_hci_core: Identity: FC:BE:FF:FA:E6:8B (random)[0m
[00:00:00.003,307] [0m<inf> bt_hci_core: HCI: version 5.4 (0x0d) revis*** Booting Zephyr OS build v4.4.1-4-g6a2245e1dc81 ***
[00:00:00.138,816] [0m<inf> bt_hci_core: HW Platform: Nordic Semiconductor (0x0002)[0m
[00:00:00.138,829] [0m<inf> bt_hci_core: HW Variant: nRF54Lx (0x0005)[0m
[00:00:00.138,840] [0m<inf> bt_hci_core: Firmware: Standard Bluetooth controller (0x00) Version 4.4 Build 1[0m
[00:00:00.139,162] [0m<inf> bt_hci_core: HCI transport: Controller[0m
[00:00:00.139,209] [0m<inf> bt_hci_core: Identity: FC:BE:FF:FA:E6:8B (random)[0m
[00:00:00.139,225] [0m<inf> bt_hci_core: HCI: version 5.4 (0x0d) revision 0x0000, manufacturer 0x05f1[0m
[00:00:00.139,240] [0m<inf> bt_hci_core: LMP: version 5.4 (0x0d) subver 0xffff[0m

=== nRF54L15 RTT ping-pong CENTRAL ===
scan rc=0
t=1s RTT mean=0 min=0 max=0 n=0 to=0 | cancels=0(+0/s) seqbad=0 len_bad=0 disc=0(0x00) | tot_n=0 tot_to=0 maxever=0 >2ms=0 >5ms=0 >15ms=0 >20ms=0 >30ms=0 | probes=0 wrfail=0 down=1s maxout=1s
t=2s RTT mean=0 min=0 max=0 n=0 to=0 | cancels=0(+0/s) seqbad=0 len_bad=0 disc=0(0x00) | tot_n=0 tot_to=0 maxever=0 >2ms=0 >5ms=0 >15ms=0 >20ms=0 >30ms=0 | probes=0 wrfail=0 down=2s maxout=2s
t=3s RTT mean=0 min=0 max=0 n=0 to=0 | cancels=0(+0/s) seqbad=0 len_bad=0 disc=0(0x00) | tot_n=0 tot_to=0 maxever=0 >2ms=0 >5ms=0 >15ms=0 >20ms=0 >30ms=0 | probes=0 wrfail=0 down=3s maxout=3s
GAP connected interval=7500
[00:00:04.094,406] [1;33m<wrn> bt_conn: PHY 0x02 not supported[0m
MTU err=0 mtu=247
t=4s RTT mean=0 min=0 max=0 n=0 to=0 | cancels=0(+0/s) seqbad=0 len_bad=0 disc=0(0x00) | tot_n=0 tot_to=0 maxever=0 >2ms=0 >5ms=0 >15ms=0 >20ms=0 >30ms=0 | probes=0 wrfail=0 down=4s maxout=4s
BLASTC comp=1 exkBps=0 cgap_us[min/avg/max]=4294967295/0/0
[1;31m--- 4 messages dropped ---
[0mBLAST phy=1/1 att=1 ok=1 enomem=0 err=0 call_us[min/avg/max]=119/119/119 okgap_max_us=0
BLASTC comp=1 exkBps=0 cgap_us[min/avg/max]=179/179/179
BLAST phy=1/1 att=1 ok=1 enomem=0 err=0 call_us[min/avg/max]=114/114/114 okgap_max_us=185
BLASTC comp=1 exkBps=0 cgap_us[min/avg/max]=183/183/183
BLAST phy=1/1 att=1 ok=1 enomem=0 err=0 call_us[min/avg/max]=115/115/115 okgap_max_us=181
BLASTC comp=1 exkBps=0 cgap_us[min/avg/max]=282/282/282
BLAST phy=1/1 att=1 ok=1 enomem=0 err=0 call_us[min/avg/max]=211/211/211 okgap_max_us=187
BLAST first16_call_us: 119 114 115 211 137 127 134 127 121 51 49 50 50 50 50 50
t=5s RTT mean=0 min=0 max=0 n=0 to=0 | cancels=65(+65/s) seqbad=0 len_bad=0 disc=0(0x00) | tot_n=0 tot_to=0 maxever=0 >2ms=0 >5ms=0 >15ms=0 >20ms=0 >30ms=0 | probes=0 wrfail=0 down=4s maxout=4s
BLASTC comp=137 exkBps=0 cgap_us[min/avg/max]=137/3589/5044
BLAST phy=1/1 att=147 ok=147 enomem=0 err=0 call_us[min/avg/max]=49/3334/5137 okgap_max_us=5038
BLASTC comp=262 exkBps=0 cgap_us[min/avg/max]=2459/3816/12533
BLAST phy=1/1 att=262 ok=262 enomem=0 err=0 call_us[min/avg/max]=2293/3805/12525 okgap_max_us=12535
t=6s RTT mean=0 min=0 max=0 n=0 to=0 | cancels=197(+132/s) seqbad=0 len_bad=0 disc=0(0x00) | tot_n=0 tot_to=0 maxever=0 >2ms=0 >5ms=0 >15ms=0 >20ms=0 >30ms=0 | probes=0 wrfail=0 down=4s maxout=4s
t=7s RTT mean=0 min=0 max=0 n=0 to=0 | cancels=330(+133/s) seqbad=0 len_bad=0 disc=0(0x00) | tot_n=0 tot_to=0 maxever=0 >2ms=0 >5ms=0 >15ms=0 >20ms=0 >30ms=0 | probes=0 wrfail=0 down=4s maxout=4s
BLASTC comp=262 exkBps=0 cgap_us[min/avg/max]=2467/3826/7500
BLAST phy=1/1 att=262 ok=262 enomem=0 err=0 call_us[min/avg/max]=2450/3815/7490 okgap_max_us=7501
BLASTC comp=264 exkBps=0 cgap_us[min/avg/max]=2467/3778/7500
BLAST phy=1/1 att=264 ok=264 enomem=0 err=0 call_us[min/avg/max]=2398/3767/7490 okgap_max_us=7501
t=8s RTT mean=0 min=0 max=0 n=0 to=0 | cancels=462(+132/s) seqbad=0 len_bad=0 disc=0(0x00) | tot_n=0 tot_to=0 maxever=0 >2ms=0 >5ms=0 >15ms=0 >20ms=0 >30ms=0 | probes=0 wrfail=0 down=4s maxout=4s
BLASTC comp=265 exkBps=0 cgap_us[min/avg/max]=2363/3773/12339
BLAST phy=1/1 att=265 ok=265 enomem=0 err=0 call_us[min/avg/max]=2351/3762/12330 okgap_max_us=12341
t=9s RTT mean=0 min=0 max=0 n=0 to=0 | cancels=594(+132/s) seqbad=0 len_bad=0 disc=0(0x00) | tot_n=0 tot_to=0 maxever=0 >2ms=0 >5ms=0 >15ms=0 >20ms=0 >30ms=0 | probes=0 wrfail=0 down=4s maxout=4s
>>> interval now 24 (units) — pinging (delay=500ms)
BLASTC comp=331 exkBps=0 cgap_us[min/avg/max]=2466/3020/60001
BLAST phy=1/1 att=331 ok=331 enomem=0 err=0 call_us[min/avg/max]=2453/3009/59992 okgap_max_us=60003
t=10s RTT mean=0 min=0 max=0 n=0 to=0 | cancels=627(+33/s) seqbad=0 len_bad=0 disc=0(0x00) | tot_n=0 tot_to=0 maxever=0 >2ms=0 >5ms=0 >15ms=0 >20ms=0 >30ms=0 | probes=0 wrfail=0 down=4s maxout=4s
BLASTC comp=375 exkBps=0 cgap_us[min/avg/max]=2465/2666/30000
BLAST phy=1/1 att=375 ok=375 enomem=0 err=0 call_us[min/avg/max]=2401/2655/29992 okgap_max_us=30003
t=11s RTT mean=0 min=0 max=0 n=0 to=0 | cancels=658(+31/s) seqbad=0 len_bad=0 disc=0(0x00) | tot_n=0 tot_to=0 maxever=0 >2ms=0 >5ms=0 >15ms=0 >20ms=0 >30ms=0 | probes=0 wrfail=0 down=4s maxout=4s
BLASTC comp=382 exkBps=0 cgap_us[min/avg/max]=2467/2618/22594
BLAST phy=1/1 att=382 ok=382 enomem=0 err=0 call_us[min/avg/max]=2404/2607/22586 okgap_max_us=22597
t=12s RTT mean=0 min=0 max=0 n=0 to=0 | cancels=690(+32/s) seqbad=0 len_bad=0 disc=0(0x00) | tot_n=0 tot_to=0 maxever=0 >2ms=0 >5ms=0 >15ms=0 >20ms=0 >30ms=0 | probes=0 wrfail=0 down=4s maxout=4s
BLASTC comp=398 exkBps=0 cgap_us[min/avg/max]=2451/2512/5311
BLAST phy=1/1 att=398 ok=398 enomem=0 err=0 call_us[min/avg/max]=2387/2501/5302 okgap_max_us=5313
t=13s RTT mean=0 min=0 max=0 n=0 to=0 | cancels=723(+33/s) seqbad=0 len_bad=0 disc=0(0x00) | tot_n=0 tot_to=0 maxever=0 >2ms=0 >5ms=0 >15ms=0 >20ms=0 >30ms=0 | probes=0 wrfail=0 down=4s maxout=4s
BLASTC comp=389 exkBps=0 cgap_us[min/avg/max]=2465/2570/17657
BLAST phy=1/1 att=389 ok=389 enomem=0 err=0 call_us[min/avg/max]=2404/2559/17648 okgap_max_us=17658
t=14s RTT mean=0 min=0 max=0 n=0 to=0 | cancels=755(+32/s) seqbad=0 len_bad=0 disc=0(0x00) | tot_n=0 tot_to=0 maxever=0 >2ms=0 >5ms=0 >15ms=0 >20ms=0 >30ms=0 | probes=0 wrfail=0 down=4s maxout=4s
BLASTC comp=385 exkBps=0 cgap_us[min/avg/max]=2464/2598/30001
BLAST phy=1/1 att=385 ok=385 enomem=0 err=0 call_us[min/avg/max]=2400/2587/29991 okgap_max_us=30002
t=15s RTT mean=0 min=0 max=0 n=0 to=0 | cancels=788(+33/s) seqbad=0 len_bad=0 disc=0(0x00) | tot_n=0 tot_to=0 maxever=0 >2ms=0 >5ms=0 >15ms=0 >20ms=0 >30ms=0 | probes=0 wrfail=0 down=4s maxout=4s
BLASTC comp=387 exkBps=0 cgap_us[min/avg/max]=2465/2583/25061
BLAST phy=1/1 att=387 ok=387 enomem=0 err=0 call_us[min/avg/max]=2404/2572/25053 okgap_max_us=25064
t=16s RTT mean=0 min=0 max=0 n=0 to=0 | cancels=819(+31/s) seqbad=0 len_bad=0 disc=0(0x00) | tot_n=0 tot_to=0 maxever=0 >2ms=0 >5ms=0 >15ms=0 >20ms=0 >30ms=0 | probes=0 wrfail=0 down=4s maxout=4s
FSU: request [52..150] us (ACL both dirs, 1M+2M) rc=0
t=17s RTT mean=0 min=0 max=0 n=0 to=0 | cancels=850(+31/s) seqbad=0 len_bad=0 disc=0(0x00) | tot_n=0 tot_to=0 maxever=0 >2ms=0 >5ms=0 >15ms=0 >20ms=0 >30ms=0 | probes=0 wrfail=0 down=4s maxout=4s
t=18s RTT mean=0 min=0 max=0 n=0 to=0 | cancels=884(+34/s) seqbad=0 len_bad=0 disc=0(0x00) | tot_n=0 tot_to=0 maxever=0 >2ms=0 >5ms=0 >15ms=0 >20ms=0 >30ms=0 | probes=0 wrfail=0 down=4s maxout=4s
t=19s RTT mean=0 min=0 max=0 n=0 to=0 | cancels=917(+33/s) seqbad=0 len_bad=0 disc=0(0x00) | tot_n=0 tot_to=0 maxever=0 >2ms=0 >5ms=0 >15ms=0 >20ms=0 >30ms=0 | probes=0 wrfail=0 down=4s maxout=4s
t=20s RTT mean=0 min=0 max=0 n=0 to=0 | cancels=950(+33/s) seqbad=0 len_bad=0 disc=0(0x00) | tot_n=0 tot_to=0 maxever=0 >2ms=0 >5ms=0 >15ms=0 >20ms=0 >30ms=0 | probes=0 wrfail=0 down=4s maxout=4s
GAP disconnected 0x08
scan rc=0
[00:00:20.685,656] [1;33m<wrn> bt_att: Not connected[0m
BLASTC comp=195 exkBps=0 cgap_us[min/avg/max]=2465/2590/17657
BLAST phy=0/0 att=196 ok=195 enomem=0 err=1 call_us[min/avg/max]=2400/23180/4040463 okgap_max_us=17658
t=21s RTT mean=0 min=0 max=0 n=0 to=0 | cancels=969(+19/s) seqbad=0 len_bad=0 disc=1(0x08) | tot_n=0 tot_to=0 maxever=0 >2ms=0 >5ms=0 >15ms=0 >20ms=0 >30ms=0 | probes=0 wrfail=0 down=5s maxout=4s
t=22s RTT mean=0 min=0 max=0 n=0 to=0 | cancels=969(+0/s) seqbad=0 len_bad=0 disc=1(0x08) | tot_n=0 tot_to=0 maxever=0 >2ms=0 >5ms=0 >15ms=0 >20ms=0 >30ms=0 | probes=0 wrfail=0 down=6s maxout=4s
t=23s RTT mean=0 min=0 max=0 n=0 to=0 | cancels=969(+0/s) seqbad=0 len_bad=0 disc=1(0x08) | tot_n=0 tot_to=0 maxever=0 >2ms=0 >5ms=0 >15ms=0 >20ms=0 >30ms=0 | probes=0 wrfail=0 down=7s maxout=4s
t=24s RTT mean=0 min=0 max=0 n=0 to=0 | cancels=969(+0/s) seqbad=0 len_bad=0 disc=1(0x08) | tot_n=0 tot_to=0 maxever=0 >2ms=0 >5ms=0 >15ms=0 >20ms=0 >30ms=0 | probes=0 wrfail=0 down=8s maxout=4s
GAP connected interval=7500
[00:00:24.749,477] [1;33m<wrn> bt_conn: PHY 0x02 not supported[0m
MTU err=0 mtu=247
t=25s RTT mean=0 min=0 max=0 n=0 to=0 | cancels=969(+0/s) seqbad=0 len_bad=0 disc=1(0x08) | tot_n=0 tot_to=0 maxever=0 >2ms=0 >5ms=0 >15ms=0 >20ms=0 >30ms=0 | probes=0 wrfail=0 down=9s maxout=5s
SUBSCRIBED, vh=14
[1;31m--- 1 messages dropped ---
[0m[00:00:25.344,296] [1;33m<wrn> bt_hci_core: opcode 0x2032 status 0x11 [0m
BLAST: phy_update->2M rc=-5
BLASTC comp=1 exkBps=0 cgap_us[min/avg/max]=8699272/8699272/8699272
BLAST phy=1/1 att=1 ok=1 enomem=0 err=0 call_us[min/avg/max]=119/119/119 okgap_max_us=8701581
BLASTC comp=1 exkBps=0 cgap_us[min/avg/max]=182/182/182
BLAST phy=1/1 att=1 ok=1 enomem=0 err=0 call_us[min/avg/max]=114/114/114 okgap_max_us=187
BLASTC comp=1 exkBps=0 cgap_us[min/avg/max]=181/181/181
BLAST phy=1/1 att=1 ok=1 enomem=0 err=0 call_us[min/avg/max]=115/115/115 okgap_max_us=181
BLASTC comp=1 exkBps=0 cgap_us[min/avg/max]=189/189/189
BLAST phy=1/1 att=1 ok=1 enomem=0 err=0 call_us[min/avg/max]=116/116/116 okgap_max_us=188
BLASTC comp=1 exkBps=0 cgap_us[min/avg/max]=183/183/183
BLAST phy=1/1 att=1 ok=1 enomem=0 err=0 call_us[min/avg/max]=116/116/116 okgap_max_us=183
BLASTC comp=1 exkBps=0 cgap_us[min/avg/max]=183/183/183
BLAST phy=1/1 att=1 ok=1 enomem=0 err=0 call_us[min/avg/max]=115/115/115 okgap_max_us=183
BLASTC comp=1 exkBps=0 cgap_us[min/avg/max]=183/183/183
BLAST phy=1/1 att=1 ok=1 enomem=0 err=0 call_us[min/avg/max]=115/115/115 okgap_max_us=183
BLASTC comp=1 exkBps=0 cgap_us[min/avg/max]=183/183/183
BLAST phy=1/1 att=1 ok=1 enomem=0 err=0 call_us[min/avg/max]=116/116/116 okgap_max_us=182
BLASTC comp=196 exkBps=0 cgap_us[min/avg/max]=121/4054/15002
BLAST phy=1/1 att=206 ok=206 enomem=0 err=0 call_us[min/avg/max]=48/3846/14990 okgap_max_us=15001
t=26s RTT mean=0 min=0 max=0 n=0 to=0 | cancels=1067(+98/s) seqbad=0 len_bad=0 disc=1(0x08) | tot_n=0 tot_to=0 maxever=0 >2ms=0 >5ms=0 >15ms=0 >20ms=0 >30ms=0 | probes=0 wrfail=0 down=9s maxout=5s
BLASTC comp=193 exkBps=0 cgap_us[min/avg/max]=2466/5181/57533
BLAST phy=1/1 att=193 ok=193 enomem=0 err=0 call_us[min/avg/max]=2395/5170/57525 okgap_max_us=57535
t=27s RTT mean=0 min=0 max=0 n=0 to=0 | cancels=1166(+99/s) seqbad=0 len_bad=0 disc=1(0x08) | tot_n=0 tot_to=0 maxever=0 >2ms=0 >5ms=0 >15ms=0 >20ms=0 >30ms=0 | probes=0 wrfail=0 down=9s maxout=5s
BLASTC comp=259 exkBps=0 cgap_us[min/avg/max]=2466/3870/7500
BLAST phy=1/1 att=259 ok=259 enomem=0 err=0 call_us[min/avg/max]=2454/3859/7489 okgap_max_us=7500
t=28s RTT mean=0 min=0 max=0 n=0 to=0 | cancels=1299(+133/s) seqbad=0 len_bad=0 disc=1(0x08) | tot_n=0 tot_to=0 maxever=0 >2ms=0 >5ms=0 >15ms=0 >20ms=0 >30ms=0 | probes=0 wrfail=0 down=9s maxout=5s
BLASTC comp=263 exkBps=0 cgap_us[min/avg/max]=2467/3792/7501
BLAST phy=1/1 att=263 ok=263 enomem=0 err=0 call_us[min/avg/max]=2401/3781/7490 okgap_max_us=7500
t=29s RTT mean=0 min=0 max=0 n=0 to=0 | cancels=1432(+133/s) seqbad=0 len_bad=0 disc=1(0x08) | tot_n=0 tot_to=0 maxever=0 >2ms=0 >5ms=0 >15ms=0 >20ms=0 >30ms=0 | probes=0 wrfail=0 down=9s maxout=5s
>>> interval now 24 (units) — pinging (delay=500ms)
BLASTC comp=292 exkBps=0 cgap_us[min/avg/max]=2363/3423/30001
BLAST phy=1/1 att=292 ok=292 enomem=0 err=0 call_us[min/avg/max]=2350/3412/29989 okgap_max_us=30000
t=30s RTT mean=0 min=0 max=0 n=0 to=0 | cancels=1533(+101/s) seqbad=0 len_bad=0 disc=1(0x08) | tot_n=0 tot_to=0 maxever=0 >2ms=0 >5ms=0 >15ms=0 >20ms=0 >30ms=0 | probes=0 wrfail=0 down=9s maxout=5s
BLASTC comp=388 exkBps=0 cgap_us[min/avg/max]=2464/2577/22595
BLAST phy=1/1 att=388 ok=388 enomem=0 err=0 call_us[min/avg/max]=2453/2567/22586 okgap_max_us=22596
t=31s RTT mean=0 min=0 max=0 n=0 to=0 | cancels=1565(+32/s) seqbad=0 len_bad=0 disc=1(0x08) | tot_n=0 tot_to=0 maxever=0 >2ms=0 >5ms=0 >15ms=0 >20ms=0 >30ms=0 | probes=0 wrfail=0 down=9s maxout=5s
BLASTC comp=398 exkBps=0 cgap_us[min/avg/max]=2466/2512/4934
BLAST phy=1/1 att=398 ok=398 enomem=0 err=0 call_us[min/avg/max]=2397/2501/4923 okgap_max_us=4934
t=32s RTT mean=0 min=0 max=0 n=0 to=0 | cancels=1598(+33/s) seqbad=0 len_bad=0 disc=1(0x08) | tot_n=0 tot_to=0 maxever=0 >2ms=0 >5ms=0 >15ms=0 >20ms=0 >30ms=0 | probes=0 wrfail=0 down=9s maxout=5s
BLASTC comp=396 exkBps=0 cgap_us[min/avg/max]=2460/2524/4939
BLAST phy=1/1 att=396 ok=396 enomem=0 err=0 call_us[min/avg/max]=2390/2514/5031 okgap_max_us=5042
t=33s RTT mean=0 min=0 max=0 n=0 to=0 | cancels=1632(+34/s) seqbad=0 len_bad=0 disc=1(0x08) | tot_n=0 tot_to=0 maxever=0 >2ms=0 >5ms=0 >15ms=0 >20ms=0 >30ms=0 | probes=0 wrfail=0 down=9s maxout=5s
BLASTC comp=399 exkBps=0 cgap_us[min/avg/max]=2465/2506/4932
BLAST phy=1/1 att=399 ok=399 enomem=0 err=0 call_us[min/avg/max]=2453/2496/4922 okgap_max_us=4933
t=34s RTT mean=0 min=0 max=0 n=0 to=0 | cancels=1665(+33/s) seqbad=0 len_bad=0 disc=1(0x08) | tot_n=0 tot_to=0 maxever=0 >2ms=0 >5ms=0 >15ms=0 >20ms=0 >30ms=0 | probes=0 wrfail=0 down=9s maxout=5s
BLASTC comp=388 exkBps=0 cgap_us[min/avg/max]=2446/2576/30000
BLAST phy=1/1 att=388 ok=388 enomem=0 err=0 call_us[min/avg/max]=2377/2566/29991 okgap_max_us=30002
t=35s RTT mean=0 min=0 max=0 n=0 to=0 | cancels=1697(+32/s) seqbad=0 len_bad=0 disc=1(0x08) | tot_n=0 tot_to=0 maxever=0 >2ms=0 >5ms=0 >15ms=0 >20ms=0 >30ms=0 | probes=0 wrfail=0 down=9s maxout=5s
BLASTC comp=385 exkBps=0 cgap_us[min/avg/max]=2465/2597/25064
BLAST phy=1/1 att=385 ok=385 enomem=0 err=0 call_us[min/avg/max]=2397/2586/25055 okgap_max_us=25065
t=36s RTT mean=0 min=0 max=0 n=0 to=0 | cancels=1730(+33/s) seqbad=0 len_bad=0 disc=1(0x08) | tot_n=0 tot_to=0 maxever=0 >2ms=0 >5ms=0 >15ms=0 >20ms=0 >30ms=0 | probes=0 wrfail=0 down=9s maxout=5s
BLASTC comp=393 exkBps=0 cgap_us[min/avg/max]=2461/2545/7781
BLAST phy=1/1 att=393 ok=393 enomem=0 err=0 call_us[min/avg/max]=2453/2534/7772 okgap_max_us=7783
t=37s RTT mean=0 min=0 max=0 n=0 to=0 | cancels=1760(+30/s) seqbad=0 len_bad=0 disc=1(0x08) | tot_n=0 tot_to=0 maxever=0 >2ms=0 >5ms=0 >15ms=0 >20ms=0 >30ms=0 | probes=0 wrfail=0 down=9s maxout=5s
FSU: request [52..150] us (ACL both dirs, 1M+2M) rc=0
t=38s RTT mean=0 min=0 max=0 n=0 to=0 | cancels=1792(+32/s) seqbad=0 len_bad=0 disc=1(0x08) | tot_n=0 tot_to=0 maxever=0 >2ms=0 >5ms=0 >15ms=0 >20ms=0 >30ms=0 | probes=0 wrfail=0 down=9s maxout=5s
t=39s RTT mean=0 min=0 max=0 n=0 to=0 | cancels=1826(+34/s) seqbad=0 len_bad=0 disc=1(0x08) | tot_n=0 tot_to=0 maxever=0 >2ms=0 >5ms=0 >15ms=0 >20ms=0 >30ms=0 | probes=0 wrfail=0 down=9s maxout=5s
t=40s RTT mean=0 min=0 max=0 n=0 to=0 | cancels=1859(+33/s) seqbad=0 len_bad=0 disc=1(0x08) | tot_n=0 tot_to=0 maxever=0 >2ms=0 >5ms=0 >15ms=0 >20ms=0 >30ms=0 | probes=0 wrfail=0 down=9s maxout=5s
t=41s RTT mean=0 min=0 max=0 n=0 to=0 | cancels=1892(+33/s) seqbad=0 len_bad=0 disc=1(0x08) | tot_n=0 tot_to=0 maxever=0 >2ms=0 >5ms=0 >15ms=0 >20ms=0 >30ms=0 | probes=0 wrfail=0 down=9s maxout=5s
GAP disconnected 0x08
scan rc=0
[00:00:41.333,224] [1;33m<wrn> bt_att: Not connected[0m
BLASTC comp=64 exkBps=0 cgap_us[min/avg/max]=2463/2498/2839
BLAST phy=0/0 att=65 ok=64 enomem=0 err=1 call_us[min/avg/max]=2397/64495/4033055 okgap_max_us=2737
t=42s RTT mean=0 min=0 max=0 n=0 to=0 | cancels=1899(+7/s) seqbad=0 len_bad=0 disc=2(0x08) | tot_n=0 tot_to=0 maxever=0 >2ms=0 >5ms=0 >15ms=0 >20ms=0 >30ms=0 | probes=0 wrfail=0 down=10s maxout=5s
t=43s RTT mean=0 min=0 max=0 n=0 to=0 | cancels=1899(+0/s) seqbad=0 len_bad=0 disc=2(0x08) | tot_n=0 tot_to=0 maxever=0 >2ms=0 >5ms=0 >15ms=0 >20ms=0 >30ms=0 | probes=0 wrfail=0 down=11s maxout=5s
t=44s RTT mean=0 min=0 max=0 n=0 to=0 | cancels=1899(+0/s) seqbad=0 len_bad=0 disc=2(0x08) | tot_n=0 tot_to=0 maxever=0 >2ms=0 >5ms=0 >15ms=0 >20ms=0 >30ms=0 | probes=0 wrfail=0 down=12s maxout=5s
[00:00:45.397,409] [1;33m<wrn> bt_conn: PHY 0x02 not supported[0m
[1;31m--- 2 messages dropped ---
[0mMTU err=0 mtu=247
discovery start (post-PHY +500ms) interval=7500 phy2m=0
SUBSCRIBED, vh=14
[00:00:45.991,776] [1;33m<wrn> bt_hci_core: opcode 0x2032 status 0x11 [0m
BLAST: phy_update->2M rc=-5
BLASTC comp=1 exkBps=0 cgap_us[min/avg/max]=8691777/8691777/8691777
BLAST phy=1/1 att=1 ok=1 enomem=0 err=0 call_us[min/avg/max]=119/119/119 okgap_max_us=8694085
BLASTC comp=1 exkBps=0 cgap_us[min/avg/max]=188/188/188
BLAST phy=1/1 att=1 ok=1 enomem=0 err=0 call_us[min/avg/max]=114/114/114 okgap_max_us=193
BLASTC comp=1 exkBps=0 cgap_us[min/avg/max]=182/182/182
BLAST phy=1/1 att=1 ok=1 enomem=0 err=0 call_us[min/avg/max]=114/114/114 okgap_max_us=182
BLASTC comp=1 exkBps=0 cgap_us[min/avg/max]=183/183/183
BLAST phy=1/1 att=1 ok=1 enomem=0 err=0 call_us[min/avg/max]=116/116/116 okgap_max_us=181
BLASTC comp=1 exkBps=0 cgap_us[min/avg/max]=182/182/182
BLAST phy=1/1 att=1 ok=1 enomem=0 err=0 call_us[min/avg/max]=116/116/116 okgap_max_us=183
BLASTC comp=1 exkBps=0 cgap_us[min/avg/max]=183/183/183
BLAST phy=1/1 att=1 ok=1 enomem=0 err=0 call_us[min/avg/max]=115/115/115 okgap_max_us=183
BLASTC comp=1 exkBps=0 cgap_us[min/avg/max]=191/191/191
BLAST phy=1/1 att=1 ok=1 enomem=0 err=0 call_us[min/avg/max]=117/117/117 okgap_max_us=190
BLASTC comp=41 exkBps=0 cgap_us[min/avg/max]=119/3664/7500
BLAST phy=1/1 att=51 ok=51 enomem=0 err=0 call_us[min/avg/max]=49/2934/7489 okgap_max_us=7500
t=46s RTT mean=0 min=0 max=0 n=0 to=0 | cancels=1918(+19/s) seqbad=0 len_bad=0 disc=2(0x08) | tot_n=0 tot_to=0 maxever=0 >2ms=0 >5ms=0 >15ms=0 >20ms=0 >30ms=0 | probes=0 wrfail=0 down=13s maxout=5s
BLASTC comp=263 exkBps=0 cgap_us[min/avg/max]=2467/3792/7500
BLAST phy=1/1 att=263 ok=263 enomem=0 err=0 call_us[min/avg/max]=2393/3781/7489 okgap_max_us=7500
t=47s RTT mean=0 min=0 max=0 n=0 to=0 | cancels=2052(+134/s) seqbad=0 len_bad=0 disc=2(0x08) | tot_n=0 tot_to=0 maxever=0 >2ms=0 >5ms=0 >15ms=0 >20ms=0 >30ms=0 | probes=0 wrfail=0 down=13s maxout=5s
BLASTC comp=265 exkBps=0 cgap_us[min/avg/max]=2466/3792/7500
BLAST phy=1/1 att=265 ok=265 enomem=0 err=0 call_us[min/avg/max]=2400/3781/7490 okgap_max_us=7500
t=48s RTT mean=0 min=0 max=0 n=0 to=0 | cancels=2183(+131/s) seqbad=0 len_bad=0 disc=2(0x08) | tot_n=0 tot_to=0 maxever=0 >2ms=0 >5ms=0 >15ms=0 >20ms=0 >30ms=0 | probes=0 wrfail=0 down=13s maxout=5s
BLASTC comp=260 exkBps=0 cgap_us[min/avg/max]=2467/3836/7500
BLAST phy=1/1 att=260 ok=260 enomem=0 err=0 call_us[min/avg/max]=2400/3825/7489 okgap_max_us=7565
t=49s RTT mean=0 min=0 max=0 n=0 to=0 | cancels=2316(+133/s) seqbad=0 len_bad=0 disc=2(0x08) | tot_n=0 tot_to=0 maxever=0 >2ms=0 >5ms=0 >15ms=0 >20ms=0 >30ms=0 | probes=0 wrfail=0 down=13s maxout=5s
BLASTC comp=261 exkBps=0 cgap_us[min/avg/max]=2466/3821/7500
BLAST phy=1/1 att=261 ok=261 enomem=0 err=0 call_us[min/avg/max]=2399/3810/7490 okgap_max_us=7501
t=50s RTT mean=0 min=0 max=0 n=0 to=0 | cancels=2449(+133/s) seqbad=0 len_bad=0 disc=2(0x08) | tot_n=0 tot_to=0 maxever=0 >2ms=0 >5ms=0 >15ms=0 >20ms=0 >30ms=0 | probes=0 wrfail=0 down=13s maxout=5s
>>> interval now 24 (units) — pinging (delay=500ms)
BLASTC comp=339 exkBps=0 cgap_us[min/avg/max]=2363/2949/30001
BLAST phy=1/1 att=339 ok=339 enomem=0 err=0 call_us[min/avg/max]=2349/2938/29990 okgap_max_us=30000
t=51s RTT mean=0 min=0 max=0 n=0 to=0 | cancels=2513(+64/s) seqbad=0 len_bad=0 disc=2(0x08) | tot_n=0 tot_to=0 maxever=0 >2ms=0 >5ms=0 >15ms=0 >20ms=0 >30ms=0 | probes=0 wrfail=0 down=13s maxout=5s
BLASTC comp=397 exkBps=0 cgap_us[min/avg/max]=2460/2518/5309
BLAST phy=1/1 att=397 ok=397 enomem=0 err=0 call_us[min/avg/max]=2391/2508/5299 okgap_max_us=5310
t=52s RTT mean=0 min=0 max=0 n=0 to=0 | cancels=2546(+33/s) seqbad=0 len_bad=0 disc=2(0x08) | tot_n=0 tot_to=0 maxever=0 >2ms=0 >5ms=0 >15ms=0 >20ms=0 >30ms=0 | probes=0 wrfail=0 down=13s maxout=5s
BLASTC comp=398 exkBps=0 cgap_us[min/avg/max]=2465/2513/4933
BLAST phy=1/1 att=398 ok=398 enomem=0 err=0 call_us[min/avg/max]=2453/2502/4922 okgap_max_us=4933
t=53s RTT mean=0 min=0 max=0 n=0 to=0 | cancels=2579(+33/s) seqbad=0 len_bad=0 disc=2(0x08) | tot_n=0 tot_to=0 maxever=0 >2ms=0 >5ms=0 >15ms=0 >20ms=0 >30ms=0 | probes=0 wrfail=0 down=13s maxout=5s
BLASTC comp=386 exkBps=0 cgap_us[min/avg/max]=2447/2590/32835
BLAST phy=1/1 att=386 ok=386 enomem=0 err=0 call_us[min/avg/max]=2377/2579/32723 okgap_max_us=32734
t=54s RTT mean=0 min=0 max=0 n=0 to=0 | cancels=2611(+32/s) seqbad=0 len_bad=0 disc=2(0x08) | tot_n=0 tot_to=0 maxever=0 >2ms=0 >5ms=0 >15ms=0 >20ms=0 >30ms=0 | probes=0 wrfail=0 down=13s maxout=5s
BLASTC comp=383 exkBps=0 cgap_us[min/avg/max]=2467/2610/22594
BLAST phy=1/1 att=383 ok=383 enomem=0 err=0 call_us[min/avg/max]=2396/2600/22586 okgap_max_us=22597
t=55s RTT mean=0 min=0 max=0 n=0 to=0 | cancels=2643(+32/s) seqbad=0 len_bad=0 disc=2(0x08) | tot_n=0 tot_to=0 maxever=0 >2ms=0 >5ms=0 >15ms=0 >20ms=0 >30ms=0 | probes=0 wrfail=0 down=13s maxout=5s
t=56s RTT mean=0 min=0 max=0 n=0 to=0 | cancels=2676(+33/s) seqbad=0 len_bad=0 disc=2(0x08) | tot_n=0 tot_to=0 maxever=0 >2ms=0 >5ms=0 >15ms=0 >20ms=0 >30ms=0 | probes=0 wrfail=0 down=13s maxout=5s
BLASTC comp=396 exkBps=0 cgap_us[min/avg/max]=2466/2582/25065
BLAST phy=1/1 att=396 ok=396 enomem=0 err=0 call_us[min/avg/max]=2455/2571/25062 okgap_max_us=5043
BLASTC comp=386 exkBps=0 cgap_us[min/avg/max]=2467/2531/10245
BLAST phy=1/1 att=386 ok=386 enomem=0 err=0 call_us[min/avg/max]=2399/2521/10236 okgap_max_us=25131
t=57s RTT mean=0 min=0 max=0 n=0 to=0 | cancels=2707(+31/s) seqbad=0 len_bad=0 disc=2(0x08) | tot_n=0 tot_to=0 maxever=0 >2ms=0 >5ms=0 >15ms=0 >20ms=0 >30ms=0 | probes=0 wrfail=0 down=13s maxout=5s
FSU: request [52..150] us (ACL both dirs, 1M+2M) rc=0
t=58s RTT mean=0 min=0 max=0 n=0 to=0 | cancels=2738(+31/s) seqbad=0 len_bad=0 disc=2(0x08) | tot_n=0 tot_to=0 maxever=0 >2ms=0 >5ms=0 >15ms=0 >20ms=0 >30ms=0 | probes=0 wrfail=0 down=13s maxout=5s
t=59s RTT mean=0 min=0 max=0 n=0 to=0 | cancels=2771(+33/s) seqbad=0 len_bad=0 disc=2(0x08) | tot_n=0 tot_to=0 maxever=0 >2ms=0 >5ms=0 >15ms=0 >20ms=0 >30ms=0 | probes=0 wrfail=0 down=13s maxout=5s
t=60s RTT mean=0 min=0 max=0 n=0 to=0 | cancels=2804(+33/s) seqbad=0 len_bad=0 disc=2(0x08) | tot_n=0 tot_to=0 maxever=0 >2ms=0 >5ms=0 >15ms=0 >20ms=0 >30ms=0 | probes=0 wrfail=0 down=13s maxout=5s
t=61s RTT mean=0 min=0 max=0 n=0 to=0 | cancels=2838(+34/s) seqbad=0 len_bad=0 disc=2(0x08) | tot_n=0 tot_to=0 maxever=0 >2ms=0 >5ms=0 >15ms=0 >20ms=0 >30ms=0 | probes=0 wrfail=0 down=13s maxout=5s
GAP disconnected 0x08
scan rc=0
[00:01:01.981,156] [1;33m<wrn> bt_att: Not connected[0m
BLASTC comp=301 exkBps=0 cgap_us[min/avg/max]=2442/2682/30002
BLAST phy=0/0 att=302 ok=301 enomem=0 err=1 call_us[min/avg/max]=2403/16017/4033057 okgap_max_us=30003
t=62s RTT mean=0 min=0 max=0 n=0 to=0 | cancels=2866(+28/s) seqbad=0 len_bad=0 disc=3(0x08) | tot_n=0 tot_to=0 maxever=0 >2ms=0 >5ms=0 >15ms=0 >20ms=0 >30ms=0 | probes=0 wrfail=0 down=14s maxout=5s
t=63s RTT mean=0 min=0 max=0 n=0 to=0 | cancels=2866(+0/s) seqbad=0 len_bad=0 disc=3(0x08) | tot_n=0 tot_to=0 maxever=0 >2ms=0 >5ms=0 >15ms=0 >20ms=0 >30ms=0 | probes=0 wrfail=0 down=15s maxout=5s
t=64s RTT mean=0 min=0 max=0 n=0 to=0 | cancels=2866(+0/s) seqbad=0 len_bad=0 disc=3(0x08) | tot_n=0 tot_to=0 maxever=0 >2ms=0 >5ms=0 >15ms=0 >20ms=0 >30ms=0 | probes=0 wrfail=0 down=16s maxout=5s
t=65s RTT mean=0 min=0 max=0 n=0 to=0 | cancels=2866(+0/s) seqbad=0 len_bad=0 disc=3(0x08) | tot_n=0 tot_to=0 maxever=0 >2ms=0 >5ms=0 >15ms=0 >20ms=0 >30ms=0 | probes=0 wrfail=0 down=17s maxout=5s
GAP connected interval=7500
[00:01:06.050,428] [1;33m<wrn> bt_conn: PHY 0x02 not supported[0m
MTU err=0 mtu=247
t=66s RTT mean=0 min=0 max=0 n=0 to=0 | cancels=2866(+0/s) seqbad=0 len_bad=0 disc=3(0x08) | tot_n=0 tot_to=0 maxever=0 >2ms=0 >5ms=0 >15ms=0 >20ms=0 >30ms=0 | probes=0 wrfail=0 down=18s maxout=5s
SUBSCRIBED, vh=14
[1;31m--- 1 messages dropped ---
[0m[00:01:06.639,674] [1;33m<wrn> bt_hci_core: opcode 0x2032 status 0x11 [0m
BLAST: phy_update->2M rc=-5
BLASTC comp=1 exkBps=0 cgap_us[min/avg/max]=8691744/8691744/8691744
BLAST phy=1/1 att=1 ok=1 enomem=0 err=0 call_us[min/avg/max]=119/119/119 okgap_max_us=8694053
BLASTC comp=1 exkBps=0 cgap_us[min/avg/max]=182/182/182
BLAST phy=1/1 att=1 ok=1 enomem=0 err=0 call_us[min/avg/max]=115/115/115 okgap_max_us=187
BLASTC comp=1 exkBps=0 cgap_us[min/avg/max]=182/182/182
BLAST phy=1/1 att=1 ok=1 enomem=0 err=0 call_us[min/avg/max]=114/114/114 okgap_max_us=182
BLASTC comp=1 exkBps=0 cgap_us[min/avg/max]=189/189/189
BLAST phy=1/1 att=1 ok=1 enomem=0 err=0 call_us[min/avg/max]=116/116/116 okgap_max_us=187
BLASTC comp=1 exkBps=0 cgap_us[min/avg/max]=185/185/185
BLAST phy=1/1 att=1 ok=1 enomem=0 err=0 call_us[min/avg/max]=116/116/116 okgap_max_us=185
BLASTC comp=1 exkBps=0 cgap_us[min/avg/max]=183/183/183
BLAST phy=1/1 att=1 ok=1 enomem=0 err=0 call_us[min/avg/max]=116/116/116 okgap_max_us=183
BLASTC comp=1 exkBps=0 cgap_us[min/avg/max]=183/183/183
BLAST phy=1/1 att=1 ok=1 enomem=0 err=0 call_us[min/avg/max]=116/116/116 okgap_max_us=183
BLASTC comp=1 exkBps=0 cgap_us[min/avg/max]=183/183/183
BLAST phy=1/1 att=1 ok=1 enomem=0 err=0 call_us[min/avg/max]=116/116/116 okgap_max_us=183
BLASTC comp=135 exkBps=0 cgap_us[min/avg/max]=121/3704/5034
BLAST phy=1/1 att=145 ok=145 enomem=0 err=0 call_us[min/avg/max]=49/3438/5025 okgap_max_us=5036
t=67s RTT mean=0 min=0 max=0 n=0 to=0 | cancels=2933(+67/s) seqbad=0 len_bad=0 disc=3(0x08) | tot_n=0 tot_to=0 maxever=0 >2ms=0 >5ms=0 >15ms=0 >20ms=0 >30ms=0 | probes=0 wrfail=0 down=18s maxout=5s
BLASTC comp=267 exkBps=0 cgap_us[min/avg/max]=2467/3745/5033
BLAST phy=1/1 att=267 ok=267 enomem=0 err=0 call_us[min/avg/max]=2394/3734/5025 okgap_max_us=5098
t=68s RTT mean=0 min=0 max=0 n=0 to=0 | cancels=3066(+133/s) seqbad=0 len_bad=0 disc=3(0x08) | tot_n=0 tot_to=0 maxever=0 >2ms=0 >5ms=0 >15ms=0 >20ms=0 >30ms=0 | probes=0 wrfail=0 down=18s maxout=5s
BLASTC comp=267 exkBps=0 cgap_us[min/avg/max]=2466/3754/5035
BLAST phy=1/1 att=267 ok=267 enomem=0 err=0 call_us[min/avg/max]=2449/3743/5029 okgap_max_us=5040
t=69s RTT mean=0 min=0 max=0 n=0 to=0 | cancels=3200(+134/s) seqbad=0 len_bad=0 disc=3(0x08) | tot_n=0 tot_to=0 maxever=0 >2ms=0 >5ms=0 >15ms=0 >20ms=0 >30ms=0 | probes=0 wrfail=0 down=18s maxout=5s
BLASTC comp=264 exkBps=0 cgap_us[min/avg/max]=2466/3778/12533
BLAST phy=1/1 att=264 ok=264 enomem=0 err=0 call_us[min/avg/max]=2392/3767/12525 okgap_max_us=12535
t=70s RTT mean=0 min=0 max=0 n=0 to=0 | cancels=3332(+132/s) seqbad=0 len_bad=0 disc=3(0x08) | tot_n=0 tot_to=0 maxever=0 >2ms=0 >5ms=0 >15ms=0 >20ms=0 >30ms=0 | probes=0 wrfail=0 down=18s maxout=5s
BLASTC comp=261 exkBps=0 cgap_us[min/avg/max]=2363/3831/12534
BLAST phy=1/1 att=261 ok=261 enomem=0 err=0 call_us[min/avg/max]=2349/3820/12524 okgap_max_us=12535
>>> interval now 24 (units) — pinging (delay=500ms)
t=71s RTT mean=0 min=0 max=0 n=0 to=0 | cancels=3461(+129/s) seqbad=0 len_bad=0 disc=3(0x08) | tot_n=0 tot_to=0 maxever=0 >2ms=0 >5ms=0 >15ms=0 >20ms=0 >30ms=0 | probes=0 wrfail=0 down=18s maxout=5s
BLASTC comp=374 exkBps=0 cgap_us[min/avg/max]=2467/2673/30002
BLAST phy=1/1 att=374 ok=374 enomem=0 err=0 call_us[min/avg/max]=2453/2662/29998 okgap_max_us=30009
t=72s RTT mean=0 min=0 max=0 n=0 to=0 | cancels=3491(+30/s) seqbad=0 len_bad=0 disc=3(0x08) | tot_n=0 tot_to=0 maxever=0 >2ms=0 >5ms=0 >15ms=0 >20ms=0 >30ms=0 | probes=0 wrfail=0 down=18s maxout=5s
BLASTC comp=371 exkBps=0 cgap_us[min/avg/max]=2460/2695/30000
BLAST phy=1/1 att=371 ok=371 enomem=0 err=0 call_us[min/avg/max]=2391/2684/29992 okgap_max_us=30002
t=73s RTT mean=0 min=0 max=0 n=0 to=0 | cancels=3520(+29/s) seqbad=0 len_bad=0 disc=3(0x08) | tot_n=0 tot_to=0 maxever=0 >2ms=0 >5ms=0 >15ms=0 >20ms=0 >30ms=0 | probes=0 wrfail=0 down=18s maxout=5s
BLASTC comp=371 exkBps=0 cgap_us[min/avg/max]=2466/2695/30000
BLAST phy=1/1 att=371 ok=371 enomem=0 err=0 call_us[min/avg/max]=2395/2684/29992 okgap_max_us=30003
t=74s RTT mean=0 min=0 max=0 n=0 to=0 | cancels=3551(+31/s) seqbad=0 len_bad=0 disc=3(0x08) | tot_n=0 tot_to=0 maxever=0 >2ms=0 >5ms=0 >15ms=0 >20ms=0 >30ms=0 | probes=0 wrfail=0 down=18s maxout=5s
BLASTC comp=389 exkBps=0 cgap_us[min/avg/max]=2461/2571/27533
BLAST phy=1/1 att=389 ok=389 enomem=0 err=0 call_us[min/avg/max]=2452/2560/27524 okgap_max_us=27535
t=75s RTT mean=0 min=0 max=0 n=0 to=0 | cancels=3583(+32/s) seqbad=0 len_bad=0 disc=3(0x08) | tot_n=0 tot_to=0 maxever=0 >2ms=0 >5ms=0 >15ms=0 >20ms=0 >30ms=0 | probes=0 wrfail=0 down=18s maxout=5s
BLASTC comp=381 exkBps=0 cgap_us[min/avg/max]=2466/2624/22595
BLAST phy=1/1 att=381 ok=381 enomem=0 err=0 call_us[min/avg/max]=2397/2613/22586 okgap_max_us=22597
t=76s RTT mean=0 min=0 max=0 n=0 to=0 | cancels=3614(+31/s) seqbad=0 len_bad=0 disc=3(0x08) | tot_n=0 tot_to=0 maxever=0 >2ms=0 >5ms=0 >15ms=0 >20ms=0 >30ms=0 | probes=0 wrfail=0 down=18s maxout=5s
BLASTC comp=390 exkBps=0 cgap_us[min/avg/max]=2460/2563/20125
BLAST phy=1/1 att=390 ok=390 enomem=0 err=0 call_us[min/avg/max]=2391/2552/20117 okgap_max_us=20128
t=77s RTT mean=0 min=0 max=0 n=0 to=0 | cancels=3647(+33/s) seqbad=0 len_bad=0 disc=3(0x08) | tot_n=0 tot_to=0 maxever=0 >2ms=0 >5ms=0 >15ms=0 >20ms=0 >30ms=0 | probes=0 wrfail=0 down=18s maxout=5s
BLASTC comp=398 exkBps=0 cgap_us[min/avg/max]=2465/2513/4934
BLAST phy=1/1 att=398 ok=398 enomem=0 err=0 call_us[min/avg/max]=2453/2502/4924 okgap_max_us=4935
t=78s RTT mean=0 min=0 max=0 n=0 to=0 | cancels=3680(+33/s) seqbad=0 len_bad=0 disc=3(0x08) | tot_n=0 tot_to=0 maxever=0 >2ms=0 >5ms=0 >15ms=0 >20ms=0 >30ms=0 | probes=0 wrfail=0 down=18s maxout=5s
FSU: request [52..150] us (ACL both dirs, 1M+2M) rc=0
t=79s RTT mean=0 min=0 max=0 n=0 to=0 | cancels=3712(+32/s) seqbad=0 len_bad=0 disc=3(0x08) | tot_n=0 tot_to=0 maxever=0 >2ms=0 >5ms=0 >15ms=0 >20ms=0 >30ms=0 | probes=0 wrfail=0 down=18s maxout=5s
t=80s RTT mean=0 min=0 max=0 n=0 to=0 | cancels=3746(+34/s) seqbad=0 len_bad=0 disc=3(0x08) | tot_n=0 tot_to=0 maxever=0 >2ms=0 >5ms=0 >15ms=0 >20ms=0 >30ms=0 | probes=0 wrfail=0 down=18s maxout=5s
t=81s RTT mean=0 min=0 max=0 n=0 to=0 | cancels=3779(+33/s) seqbad=0 len_bad=0 disc=3(0x08) | tot_n=0 tot_to=0 maxever=0 >2ms=0 >5ms=0 >15ms=0 >20ms=0 >30ms=0 | probes=0 wrfail=0 down=18s maxout=5s
t=82s RTT mean=0 min=0 max=0 n=0 to=0 | cancels=3812(+33/s) seqbad=0 len_bad=0 disc=3(0x08) | tot_n=0 tot_to=0 maxever=0 >2ms=0 >5ms=0 >15ms=0 >20ms=0 >30ms=0 | probes=0 wrfail=0 down=18s maxout=5s
GAP disconnected 0x08
scan rc=0
[00:01:22.634,177] [1;33m<wrn> bt_att: Not connected[0m
BLASTC comp=183 exkBps=0 cgap_us[min/avg/max]=2447/2512/4934
BLAST phy=0/0 att=184 ok=183 enomem=0 err=1 call_us[min/avg/max]=2378/24407/4033059 okgap_max_us=4934
t=83s RTT mean=0 min=0 max=0 n=0 to=0 | cancels=3829(+17/s) seqbad=0 len_bad=0 disc=4(0x08) | tot_n=0 tot_to=0 maxever=0 >2ms=0 >5ms=0 >15ms=0 >20ms=0 >30ms=0 | probes=0 wrfail=0 down=19s maxout=5s
t=84s RTT mean=0 min=0 max=0 n=0 to=0 | cancels=3829(+0/s) seqbad=0 len_bad=0 disc=4(0x08) | tot_n=0 tot_to=0 maxever=0 >2ms=0 >5ms=0 >15ms=0 >20ms=0 >30ms=0 | probes=0 wrfail=0 down=20s maxout=5s
t=85s RTT mean=0 min=0 max=0 n=0 to=0 | cancels=3829(+0/s) seqbad=0 len_bad=0 disc=4(0x08) | tot_n=0 tot_to=0 maxever=0 >2ms=0 >5ms=0 >15ms=0 >20ms=0 >30ms=0 | probes=0 wrfail=0 down=21s maxout=5s
t=86s RTT mean=0 min=0 max=0 n=0 to=0 | cancels=3829(+0/s) seqbad=0 len_bad=0 disc=4(0x08) | tot_n=0 tot_to=0 maxever=0 >2ms=0 >5ms=0 >15ms=0 >20ms=0 >30ms=0 | probes=0 wrfail=0 down=22s maxout=5s
GAP connected interval=7500
[00:01:26.700,362] [1;33m<wrn> bt_conn: PHY 0x02 not supported[0m
MTU err=0 mtu=247
t=87s RTT mean=0 min=0 max=0 n=0 to=0 | cancels=3829(+0/s) seqbad=0 len_bad=0 disc=4(0x08) | tot_n=0 tot_to=0 maxever=0 >2ms=0 >5ms=0 >15ms=0 >20ms=0 >30ms=0 | probes=0 wrfail=0 down=23s maxout=5s
SUBSCRIBED, vh=14
[1;31m--- 1 messages dropped ---
[0m[00:01:27.292,710] [1;33m<wrn> bt_hci_core: opcode 0x2032 status 0x11 [0m
BLAST: phy_update->2M rc=-5
BLASTC comp=1 exkBps=0 cgap_us[min/avg/max]=8691778/8691778/8691778
BLAST phy=1/1 att=1 ok=1 enomem=0 err=0 call_us[min/avg/max]=135/135/135 okgap_max_us=8694072
BLASTC comp=1 exkBps=0 cgap_us[min/avg/max]=200/200/200
BLAST phy=1/1 att=1 ok=1 enomem=0 err=0 call_us[min/avg/max]=131/131/131 okgap_max_us=204
BLASTC comp=1 exkBps=0 cgap_us[min/avg/max]=200/200/200
BLAST phy=1/1 att=1 ok=1 enomem=0 err=0 call_us[min/avg/max]=131/131/131 okgap_max_us=200
BLASTC comp=1 exkBps=0 cgap_us[min/avg/max]=284/284/284
BLAST phy=1/1 att=1 ok=1 enomem=0 err=0 call_us[min/avg/max]=212/212/212 okgap_max_us=205
BLASTC comp=1 exkBps=0 cgap_us[min/avg/max]=204/204/204
BLAST phy=1/1 att=1 ok=1 enomem=0 err=0 call_us[min/avg/max]=133/133/133 okgap_max_us=281
BLASTC comp=1 exkBps=0 cgap_us[min/avg/max]=201/201/201
BLAST phy=1/1 att=1 ok=1 enomem=0 err=0 call_us[min/avg/max]=132/132/132 okgap_max_us=202
BLASTC comp=1 exkBps=0 cgap_us[min/avg/max]=201/201/201
BLAST phy=1/1 att=1 ok=1 enomem=0 err=0 call_us[min/avg/max]=132/132/132 okgap_max_us=201
BLASTC comp=1 exkBps=0 cgap_us[min/avg/max]=201/201/201
BLAST phy=1/1 att=1 ok=1 enomem=0 err=0 call_us[min/avg/max]=132/132/132 okgap_max_us=201
BLASTC comp=228 exkBps=0 cgap_us[min/avg/max]=138/3725/7500
BLAST phy=1/1 att=238 ok=238 enomem=0 err=0 call_us[min/avg/max]=49/3557/7489 okgap_max_us=7500
t=88s RTT mean=0 min=0 max=0 n=0 to=0 | cancels=3943(+114/s) seqbad=0 len_bad=0 disc=4(0x08) | tot_n=0 tot_to=0 maxever=0 >2ms=0 >5ms=0 >15ms=0 >20ms=0 >30ms=0 | probes=0 wrfail=0 down=23s maxout=5s
BLASTC comp=263 exkBps=0 cgap_us[min/avg/max]=2467/3792/7500
BLAST phy=1/1 att=263 ok=263 enomem=0 err=0 call_us[min/avg/max]=2393/3781/7489 okgap_max_us=7500
t=89s RTT mean=0 min=0 max=0 n=0 to=0 | cancels=4076(+133/s) seqbad=0 len_bad=0 disc=4(0x08) | tot_n=0 tot_to=0 maxever=0 >2ms=0 >5ms=0 >15ms=0 >20ms=0 >30ms=0 | probes=0 wrfail=0 down=23s maxout=5s
