
P t=*** Booting Zephyr OS build v4.4.1-4-g6a2245e1dc81 ***
[00:19:03.001,234] [0m<inf> bt_hci_core: HW Platform: Nordic Semiconductor (0x0002)[0m
[00:19:03.001,246] [0m<inf> bt_hci_core: HW Variant: nRF54Lx (0x0005)[0m
[00:19:03.001,257] [0m<inf> bt_hci_core: Firmware: Standard Bluetooth controller (0x00) Version 4.4 Build 1[0m
[00:19:03.001,599] [0m<inf> bt_hci_core: HCI transport: Controller[0m
[00:19:03.001,646] [0m<inf> bt_hci_core: Identity: D6:C7:60:B1:D3:0E (random)[0m
[00:19:03.001,662] [0m<inf> bt_hci_core: HCI: version 5.4 (0x0d) revision 0x0000, manufacturer 0x05f1[0m
[00:19:03.001,677] [0m<inf> bt_hci_core: LMP: version 5.4 (0x0d) subver 0xffff[0m

=== nRF54L15 RTT ping-pong PERIPHERAL (echo) ===
advertising
GAP connected interval=7500
P t=1s rxkBps=0 blkkBps=0 pongs=0(+0/s) cancels=0(+0/s) notify=0 disc=0(0x00) | echo rx=0 tx=0 pend=0 stale=0
P t=2s rxkBps=0 blkkBps=0 pongs=0(+0/s) cancels=0(+0/s) notify=0 disc=0(0x00) | echo rx=0 tx=0 pend=0 stale=0
P t=3s rxkBps=0 blkkBps=0 pongs=0(+0/s) cancels=0(+0/s) notify=0 disc=0(0x00) | echo rx=0 tx=0 pend=0 stale=0
P t=4s rxkBps=0 blkkBps=0 pongs=0(+0/s) cancels=0(+0/s) notify=0 disc=0(0x00) | echo rx=0 tx=0 pend=0 stale=0
GAP disconnected 0x08  lifetime=-1ms pongs_in_conn=0
advertising
GAP connected interval=7500
CCC: notify ENABLED
P t=5s rxkBps=16 blkkBps=0 pongs=69(+69/s) cancels=34(+34/s) notify=1 disc=1(0x08) | echo rx=0 tx=0 pend=0 stale=0
P t=6s rxkBps=63 blkkBps=0 pongs=336(+267/s) cancels=167(+133/s) notify=1 disc=1(0x08) | echo rx=0 tx=0 pend=0 stale=0
P t=7s rxkBps=63 blkkBps=0 pongs=603(+267/s) cancels=301(+134/s) notify=1 disc=1(0x08) | echo rx=0 tx=0 pend=0 stale=0
P t=8s rxkBps=63 blkkBps=0 pongs=869(+266/s) cancels=434(+133/s) notify=1 disc=1(0x08) | echo rx=0 tx=0 pend=0 stale=0
P t=9s rxkBps=63 blkkBps=0 pongs=1136(+267/s) cancels=566(+132/s) notify=1 disc=1(0x08) | echo rx=0 tx=0 pend=0 stale=0
P t=10s rxkBps=81 blkkBps=0 pongs=1477(+341/s) cancels=625(+59/s) notify=1 disc=1(0x08) | echo rx=0 tx=0 pend=0 stale=0
P t=11s rxkBps=95 blkkBps=0 pongs=1878(+401/s) cancels=658(+33/s) notify=1 disc=1(0x08) | echo rx=0 tx=0 pend=0 stale=0
P t=12s rxkBps=92 blkkBps=0 pongs=2265(+387/s) cancels=690(+32/s) notify=1 disc=1(0x08) | echo rx=0 tx=0 pend=0 stale=0
P t=13s rxkBps=89 blkkBps=0 pongs=2641(+376/s) cancels=721(+31/s) notify=1 disc=1(0x08) | echo rx=0 tx=0 pend=0 stale=0
P t=14s rxkBps=94 blkkBps=0 pongs=3038(+397/s) cancels=754(+33/s) notify=1 disc=1(0x08) | echo rx=0 tx=0 pend=0 stale=0
P t=15s rxkBps=95 blkkBps=0 pongs=3438(+400/s) cancels=787(+33/s) notify=1 disc=1(0x08) | echo rx=0 tx=0 pend=0 stale=0
P t=16s rxkBps=93 blkkBps=0 pongs=3832(+394/s) cancels=821(+34/s) notify=1 disc=1(0x08) | echo rx=0 tx=0 pend=0 stale=0
P t=17s rxkBps=92 blkkBps=0 pongs=4220(+388/s) cancels=853(+32/s) notify=1 disc=1(0x08) | echo rx=0 tx=0 pend=0 stale=0
P t=18s rxkBps=94 blkkBps=0 pongs=4616(+396/s) cancels=886(+33/s) notify=1 disc=1(0x08) | echo rx=0 tx=0 pend=0 stale=0
P t=19s rxkBps=91 blkkBps=0 pongs=4999(+383/s) cancels=918(+32/s) notify=1 disc=1(0x08) | echo rx=0 tx=0 pend=0 stale=0
P t=20s rxkBps=93 blkkBps=0 pongs=5390(+391/s) cancels=950(+32/s) notify=1 disc=1(0x08) | echo rx=0 tx=0 pend=0 stale=0
P t=21s rxkBps=93 blkkBps=0 pongs=5781(+391/s) cancels=982(+32/s) notify=1 disc=1(0x08) | echo rx=0 tx=0 pend=0 stale=0
P t=22s rxkBps=93 blkkBps=0 pongs=6173(+392/s) cancels=1016(+34/s) notify=1 disc=1(0x08) | echo rx=0 tx=0 pend=0 stale=0
P t=23s rxkBps=93 blkkBps=0 pongs=6567(+394/s) cancels=1049(+33/s) notify=1 disc=1(0x08) | echo rx=0 tx=0 pend=0 stale=0
P t=24s rxkBps=94 blkkBps=0 pongs=6965(+398/s) cancels=1082(+33/s) notify=1 disc=1(0x08) | echo rx=0 tx=0 pend=0 stale=0
P t=25s rxkBps=94 blkkBps=0 pongs=7362(+397/s) cancels=1116(+34/s) notify=1 disc=1(0x08) | echo rx=0 tx=0 pend=0 stale=0
P t=26s rxkBps=95 blkkBps=0 pongs=7761(+399/s) cancels=1148(+32/s) notify=1 disc=1(0x08) | echo rx=0 tx=0 pend=0 stale=0
P t=27s rxkBps=94 blkkBps=0 pongs=8158(+397/s) cancels=1180(+32/s) notify=1 disc=1(0x08) | echo rx=0 tx=0 pend=0 stale=0
P t=28s rxkBps=93 blkkBps=0 pongs=8551(+393/s) cancels=1214(+34/s) notify=1 disc=1(0x08) | echo rx=0 tx=0 pend=0 stale=0
P t=29s rxkBps=91 blkkBps=0 pongs=8936(+385/s) cancels=1245(+31/s) notify=1 disc=1(0x08) | echo rx=0 tx=0 pend=0 stale=0
P t=30s rxkBps=93 blkkBps=0 pongs=9329(+393/s) cancels=1278(+33/s) notify=1 disc=1(0x08) | echo rx=0 tx=0 pend=0 stale=0
P t=31s rxkBps=94 blkkBps=0 pongs=9724(+395/s) cancels=1312(+34/s) notify=1 disc=1(0x08) | echo rx=0 tx=0 pend=0 stale=0
P t=32s rxkBps=91 blkkBps=0 pongs=10109(+385/s) cancels=1344(+32/s) notify=1 disc=1(0x08) | echo rx=0 tx=0 pend=0 stale=0
P t=33s rxkBps=94 blkkBps=0 pongs=10505(+396/s) cancels=1376(+32/s) notify=1 disc=1(0x08) | echo rx=0 tx=0 pend=0 stale=0
P t=34s rxkBps=93 blkkBps=0 pongs=10899(+394/s) cancels=1410(+34/s) notify=1 disc=1(0x08) | echo rx=0 tx=0 pend=0 stale=0
P t=35s rxkBps=94 blkkBps=0 pongs=11297(+398/s) cancels=1443(+33/s) notify=1 disc=1(0x08) | echo rx=0 tx=0 pend=0 stale=0
P t=36s rxkBps=94 blkkBps=0 pongs=11692(+395/s) cancels=1476(+33/s) notify=1 disc=1(0x08) | echo rx=0 tx=0 pend=0 stale=0
P t=37s rxkBps=94 blkkBps=0 pongs=12089(+397/s) cancels=1510(+34/s) notify=1 disc=1(0x08) | echo rx=0 tx=0 pend=0 stale=0
P t=38s rxkBps=93 blkkBps=0 pongs=12482(+393/s) cancels=1541(+31/s) notify=1 disc=1(0x08) | echo rx=0 tx=0 pend=0 stale=0
P t=39s rxkBps=91 blkkBps=0 pongs=12867(+385/s) cancels=1573(+32/s) notify=1 disc=1(0x08) | echo rx=0 tx=0 pend=0 stale=0
P t=40s rxkBps=91 blkkBps=0 pongs=13252(+385/s) cancels=1606(+33/s) notify=1 disc=1(0x08) | echo rx=0 tx=0 pend=0 stale=0
P t=41s rxkBps=91 blkkBps=0 pongs=13634(+382/s) cancels=1637(+31/s) notify=1 disc=1(0x08) | echo rx=0 tx=0 pend=0 stale=0
P t=42s rxkBps=94 blkkBps=0 pongs=14029(+395/s) cancels=1669(+32/s) notify=1 disc=1(0x08) | echo rx=0 tx=0 pend=0 stale=0
P t=43s rxkBps=91 blkkBps=0 pongs=14411(+382/s) cancels=1701(+32/s) notify=1 disc=1(0x08) | echo rx=0 tx=0 pend=0 stale=0
P t=44s rxkBps=91 blkkBps=0 pongs=14794(+383/s) cancels=1732(+31/s) notify=1 disc=1(0x08) | echo rx=0 tx=0 pend=0 stale=0
P t=45s rxkBps=93 blkkBps=0 pongs=15188(+394/s) cancels=1764(+32/s) notify=1 disc=1(0x08) | echo rx=0 tx=0 pend=0 stale=0
P t=46s rxkBps=93 blkkBps=0 pongs=15582(+394/s) cancels=1796(+32/s) notify=1 disc=1(0x08) | echo rx=0 tx=0 pend=0 stale=0
P t=47s rxkBps=94 blkkBps=0 pongs=15979(+397/s) cancels=1829(+33/s) notify=1 disc=1(0x08) | echo rx=0 tx=0 pend=0 stale=0
P t=48s rxkBps=93 blkkBps=0 pongs=16372(+393/s) cancels=1862(+33/s) notify=1 disc=1(0x08) | echo rx=0 tx=0 pend=0 stale=0
P t=49s rxkBps=94 blkkBps=0 pongs=16767(+395/s) cancels=1896(+34/s) notify=1 disc=1(0x08) | echo rx=0 tx=0 pend=0 stale=0
P t=50s rxkBps=93 blkkBps=0 pongs=17161(+394/s) cancels=1928(+32/s) notify=1 disc=1(0x08) | echo rx=0 tx=0 pend=0 stale=0
P t=51s rxkBps=94 blkkBps=0 pongs=17558(+397/s) cancels=1960(+32/s) notify=1 disc=1(0x08) | echo rx=0 tx=0 pend=0 stale=0
P t=52s rxkBps=95 blkkBps=0 pongs=17958(+400/s) cancels=1994(+34/s) notify=1 disc=1(0x08) | echo rx=0 tx=0 pend=0 stale=0
P t=53s rxkBps=93 blkkBps=0 pongs=18352(+394/s) cancels=2027(+33/s) notify=1 disc=1(0x08) | echo rx=0 tx=0 pend=0 stale=0
P t=54s rxkBps=93 blkkBps=0 pongs=18745(+393/s) cancels=2060(+33/s) notify=1 disc=1(0x08) | echo rx=0 tx=0 pend=0 stale=0
P t=55s rxkBps=92 blkkBps=0 pongs=19133(+388/s) cancels=2093(+33/s) notify=1 disc=1(0x08) | echo rx=0 tx=0 pend=0 stale=0
P t=56s rxkBps=94 blkkBps=0 pongs=19530(+397/s) cancels=2126(+33/s) notify=1 disc=1(0x08) | echo rx=0 tx=0 pend=0 stale=0
P t=57s rxkBps=91 blkkBps=0 pongs=19913(+383/s) cancels=2156(+30/s) notify=1 disc=1(0x08) | echo rx=0 tx=0 pend=0 stale=0
P t=58s rxkBps=94 blkkBps=0 pongs=20309(+396/s) cancels=2190(+34/s) notify=1 disc=1(0x08) | echo rx=0 tx=0 pend=0 stale=0
P t=59s rxkBps=94 blkkBps=0 pongs=20704(+395/s) cancels=2223(+33/s) notify=1 disc=1(0x08) | echo rx=0 tx=0 pend=0 stale=0
P t=60s rxkBps=93 blkkBps=0 pongs=21097(+393/s) cancels=2254(+31/s) notify=1 disc=1(0x08) | echo rx=0 tx=0 pend=0 stale=0
P t=61s rxkBps=93 blkkBps=0 pongs=21490(+393/s) cancels=2287(+33/s) notify=1 disc=1(0x08) | echo rx=0 tx=0 pend=0 stale=0
P t=62s rxkBps=91 blkkBps=0 pongs=21873(+383/s) cancels=2318(+31/s) notify=1 disc=1(0x08) | echo rx=0 tx=0 pend=0 stale=0
P t=63s rxkBps=93 blkkBps=0 pongs=22267(+394/s) cancels=2351(+33/s) notify=1 disc=1(0x08) | echo rx=0 tx=0 pend=0 stale=0
P t=64s rxkBps=91 blkkBps=0 pongs=22653(+386/s) cancels=2382(+31/s) notify=1 disc=1(0x08) | echo rx=0 tx=0 pend=0 stale=0
P t=65s rxkBps=93 blkkBps=0 pongs=23047(+394/s) cancels=2414(+32/s) notify=1 disc=1(0x08) | echo rx=0 tx=0 pend=0 stale=0
P t=66s rxkBps=94 blkkBps=0 pongs=23444(+397/s) cancels=2447(+33/s) notify=1 disc=1(0x08) | echo rx=0 tx=0 pend=0 stale=0
P t=67s rxkBps=94 blkkBps=0 pongs=23839(+395/s) cancels=2479(+32/s) notify=1 disc=1(0x08) | echo rx=0 tx=0 pend=0 stale=0
P t=68s rxkBps=93 blkkBps=0 pongs=24233(+394/s) cancels=2512(+33/s) notify=1 disc=1(0x08) | echo rx=0 tx=0 pend=0 stale=0
P t=69s rxkBps=94 blkkBps=0 pongs=24629(+396/s) cancels=2545(+33/s) notify=1 disc=1(0x08) | echo rx=0 tx=0 pend=0 stale=0
P t=70s rxkBps=93 blkkBps=0 pongs=25023(+394/s) cancels=2576(+31/s) notify=1 disc=1(0x08) | echo rx=0 tx=0 pend=0 stale=0
P t=71s rxkBps=91 blkkBps=0 pongs=25406(+383/s) cancels=2607(+31/s) notify=1 disc=1(0x08) | echo rx=0 tx=0 pend=0 stale=0
P t=72s rxkBps=94 blkkBps=0 pongs=25803(+397/s) cancels=2641(+34/s) notify=1 disc=1(0x08) | echo rx=0 tx=0 pend=0 stale=0
P t=73s rxkBps=94 blkkBps=0 pongs=26200(+397/s) cancels=2674(+33/s) notify=1 disc=1(0x08) | echo rx=0 tx=0 pend=0 stale=0
P t=74s rxkBps=90 blkkBps=0 pongs=26580(+380/s) cancels=2705(+31/s) notify=1 disc=1(0x08) | echo rx=0 tx=0 pend=0 stale=0
P t=75s rxkBps=92 blkkBps=0 pongs=26967(+387/s) cancels=2738(+33/s) notify=1 disc=1(0x08) | echo rx=0 tx=0 pend=0 stale=0
P t=76s rxkBps=94 blkkBps=0 pongs=27364(+397/s) cancels=2770(+32/s) notify=1 disc=1(0x08) | echo rx=0 tx=0 pend=0 stale=0
P t=77s rxkBps=95 blkkBps=0 pongs=27764(+400/s) cancels=2803(+33/s) notify=1 disc=1(0x08) | echo rx=0 tx=0 pend=0 stale=0
P t=78s rxkBps=94 blkkBps=0 pongs=28159(+395/s) cancels=2836(+33/s) notify=1 disc=1(0x08) | echo rx=0 tx=0 pend=0 stale=0
P t=79s rxkBps=93 blkkBps=0 pongs=28553(+394/s) cancels=2869(+33/s) notify=1 disc=1(0x08) | echo rx=0 tx=0 pend=0 stale=0
P t=80s rxkBps=92 blkkBps=0 pongs=28943(+390/s) cancels=2900(+31/s) notify=1 disc=1(0x08) | echo rx=0 tx=0 pend=0 stale=0
P t=81s rxkBps=92 blkkBps=0 pongs=29332(+389/s) cancels=2932(+32/s) notify=1 disc=1(0x08) | echo rx=0 tx=0 pend=0 stale=0
P t=82s rxkBps=94 blkkBps=0 pongs=29730(+398/s) cancels=2965(+33/s) notify=1 disc=1(0x08) | echo rx=0 tx=0 pend=0 stale=0
P t=83s rxkBps=94 blkkBps=0 pongs=30127(+397/s) cancels=2997(+32/s) notify=1 disc=1(0x08) | echo rx=0 tx=0 pend=0 stale=0
P t=84s rxkBps=93 blkkBps=0 pongs=30520(+393/s) cancels=3029(+32/s) notify=1 disc=1(0x08) | echo rx=0 tx=0 pend=0 stale=0
P t=85s rxkBps=95 blkkBps=0 pongs=30920(+400/s) cancels=3062(+33/s) notify=1 disc=1(0x08) | echo rx=0 tx=0 pend=0 stale=0
P t=86s rxkBps=91 blkkBps=0 pongs=31306(+386/s) cancels=3095(+33/s) notify=1 disc=1(0x08) | echo rx=0 tx=0 pend=0 stale=0
P t=87s rxkBps=91 blkkBps=0 pongs=31688(+382/s) cancels=3126(+31/s) notify=1 disc=1(0x08) | echo rx=0 tx=0 pend=0 stale=0
P t=88s rxkBps=92 blkkBps=0 pongs=32075(+387/s) cancels=3157(+31/s) notify=1 disc=1(0x08) | echo rx=0 tx=0 pend=0 stale=0
P t=89s rxkBps=93 blkkBps=0 pongs=32466(+391/s) cancels=3188(+31/s) notify=1 disc=1(0x08) | echo rx=0 tx=0 pend=0 stale=0
P t=90s rxkBps=91 blkkBps=0 pongs=32852(+386/s) cancels=3220(+32/s) notify=1 disc=1(0x08) | echo rx=0 tx=0 pend=0 stale=0
P t=91s rxkBps=95 blkkBps=0 pongs=33251(+399/s) cancels=3253(+33/s) notify=1 disc=1(0x08) | echo rx=0 tx=0 pend=0 stale=0
P t=92s rxkBps=91 blkkBps=0 pongs=33636(+385/s) cancels=3285(+32/s) notify=1 disc=1(0x08) | echo rx=0 tx=0 pend=0 stale=0
P t=93s rxkBps=94 blkkBps=0 pongs=34031(+395/s) cancels=3318(+33/s) notify=1 disc=1(0x08) | echo rx=0 tx=0 pend=0 stale=0
P t=94s rxkBps=94 blkkBps=0 pongs=34427(+396/s) cancels=3351(+33/s) notify=1 disc=1(0x08) | echo rx=0 tx=0 pend=0 stale=0
P t=95s rxkBps=93 blkkBps=0 pongs=34818(+391/s) cancels=3383(+32/s) notify=1 disc=1(0x08) | echo rx=0 tx=0 pend=0 stale=0
P t=96s rxkBps=92 blkkBps=0 pongs=35207(+389/s) cancels=3415(+32/s) notify=1 disc=1(0x08) | echo rx=0 tx=0 pend=0 stale=0
P t=97s rxkBps=89 blkkBps=0 pongs=35583(+376/s) cancels=3445(+30/s) notify=1 disc=1(0x08) | echo rx=0 tx=0 pend=0 stale=0
P t=98s rxkBps=92 blkkBps=0 pongs=35972(+389/s) cancels=3476(+31/s) notify=1 disc=1(0x08) | echo rx=0 tx=0 pend=0 stale=0
P t=99s rxkBps=91 blkkBps=0 pongs=36358(+386/s) cancels=3509(+33/s) notify=1 disc=1(0x08) | echo rx=0 tx=0 pend=0 stale=0
P t=100s rxkBps=91 blkkBps=0 pongs=36742(+384/s) cancels=3538(+29/s) notify=1 disc=1(0x08) | echo rx=0 tx=0 pend=0 stale=0
P t=101s rxkBps=95 blkkBps=0 pongs=37142(+400/s) cancels=3571(+33/s) notify=1 disc=1(0x08) | echo rx=0 tx=0 pend=0 stale=0
P t=102s rxkBps=91 blkkBps=0 pongs=37527(+385/s) cancels=3603(+32/s) notify=1 disc=1(0x08) | echo rx=0 tx=0 pend=0 stale=0
P t=103s rxkBps=92 blkkBps=0 pongs=37915(+388/s) cancels=3634(+31/s) notify=1 disc=1(0x08) | echo rx=0 tx=0 pend=0 stale=0
P t=104s rxkBps=92 blkkBps=0 pongs=38303(+388/s) cancels=3666(+32/s) notify=1 disc=1(0x08) | echo rx=0 tx=0 pend=0 stale=0
P t=105s rxkBps=93 blkkBps=0 pongs=38695(+392/s) cancels=3700(+34/s) notify=1 disc=1(0x08) | echo rx=0 tx=0 pend=0 stale=0
P t=106s rxkBps=94 blkkBps=0 pongs=39092(+397/s) cancels=3733(+33/s) notify=1 disc=1(0x08) | echo rx=0 tx=0 pend=0 stale=0
P t=107s rxkBps=93 blkkBps=0 pongs=39486(+394/s) cancels=3766(+33/s) notify=1 disc=1(0x08) | echo rx=0 tx=0 pend=0 stale=0
P t=108s rxkBps=93 blkkBps=0 pongs=39877(+391/s) cancels=3798(+32/s) notify=1 disc=1(0x08) | echo rx=0 tx=0 pend=0 stale=0
P t=109s rxkBps=94 blkkBps=0 pongs=40274(+397/s) cancels=3831(+33/s) notify=1 disc=1(0x08) | echo rx=0 tx=0 pend=0 stale=0
P t=110s rxkBps=94 blkkBps=0 pongs=40671(+397/s) cancels=3864(+33/s) notify=1 disc=1(0x08) | echo rx=0 tx=0 pend=0 stale=0
P t=111s rxkBps=95 blkkBps=0 pongs=41071(+400/s) cancels=3898(+34/s) notify=1 disc=1(0x08) | echo rx=0 tx=0 pend=0 stale=0
P t=112s rxkBps=94 blkkBps=0 pongs=41467(+396/s) cancels=3931(+33/s) notify=1 disc=1(0x08) | echo rx=0 tx=0 pend=0 stale=0
P t=113s rxkBps=93 blkkBps=0 pongs=41859(+392/s) cancels=3963(+32/s) notify=1 disc=1(0x08) | echo rx=0 tx=0 pend=0 stale=0
P t=114s rxkBps=94 blkkBps=0 pongs=42256(+397/s) cancels=3997(+34/s) notify=1 disc=1(0x08) | echo rx=0 tx=0 pend=0 stale=0
P t=115s rxkBps=94 blkkBps=0 pongs=42651(+395/s) cancels=4030(+33/s) notify=1 disc=1(0x08) | echo rx=0 tx=0 pend=0 stale=0
P t=116s rxkBps=94 blkkBps=0 pongs=43047(+396/s) cancels=4063(+33/s) notify=1 disc=1(0x08) | echo rx=0 tx=0 pend=0 stale=0
P t=117s rxkBps=94 blkkBps=0 pongs=43444(+397/s) cancels=4096(+33/s) notify=1 disc=1(0x08) | echo rx=0 tx=0 pend=0 stale=0
P t=118s rxkBps=94 blkkBps=0 pongs=43842(+398/s) cancels=4129(+33/s) notify=1 disc=1(0x08) | echo rx=0 tx=0 pend=0 stale=0
P t=119s rxkBps=94 blkkBps=0 pongs=44239(+397/s) cancels=4162(+33/s) notify=1 disc=1(0x08) | echo rx=0 tx=0 pend=0 stale=0
P t=120s rxkBps=89 blkkBps=0 pongs=44613(+374/s) cancels=4193(+31/s) notify=1 disc=1(0x08) | echo rx=0 tx=0 pend=0 stale=0
P t=121s rxkBps=95 blkkBps=0 pongs=45013(+400/s) cancels=4226(+33/s) notify=1 disc=1(0x08) | echo rx=0 tx=0 pend=0 stale=0
P t=122s rxkBps=95 blkkBps=0 pongs=45412(+399/s) cancels=4259(+33/s) notify=1 disc=1(0x08) | echo rx=0 tx=0 pend=0 stale=0
P t=123s rxkBps=94 blkkBps=0 pongs=45808(+396/s) cancels=4293(+34/s) notify=1 disc=1(0x08) | echo rx=0 tx=0 pend=0 stale=0
P t=124s rxkBps=84 blkkBps=0 pongs=46164(+356/s) cancels=4321(+28/s) notify=1 disc=1(0x08) | echo rx=0 tx=0 pend=0 stale=0
P t=125s rxkBps=94 blkkBps=0 pongs=46561(+397/s) cancels=4354(+33/s) notify=1 disc=1(0x08) | echo rx=0 tx=0 pend=0 stale=0
P t=126s rxkBps=89 blkkBps=0 pongs=46937(+376/s) cancels=4386(+32/s) notify=1 disc=1(0x08) | echo rx=0 tx=0 pend=0 stale=0
P t=127s rxkBps=93 blkkBps=0 pongs=47330(+393/s) cancels=4419(+33/s) notify=1 disc=1(0x08) | echo rx=0 tx=0 pend=0 stale=0
P t=128s rxkBps=86 blkkBps=0 pongs=47695(+365/s) cancels=4449(+30/s) notify=1 disc=1(0x08) | echo rx=0 tx=0 pend=0 stale=0
P t=129s rxkBps=92 blkkBps=0 pongs=48085(+390/s) cancels=4482(+33/s) notify=1 disc=1(0x08) | echo rx=0 tx=0 pend=0 stale=0
P t=130s rxkBps=95 blkkBps=0 pongs=48484(+399/s) cancels=4515(+33/s) notify=1 disc=1(0x08) | echo rx=0 tx=0 pend=0 stale=0
P t=131s rxkBps=95 blkkBps=0 pongs=48884(+400/s) cancels=4548(+33/s) notify=1 disc=1(0x08) | echo rx=0 tx=0 pend=0 stale=0
P t=132s rxkBps=92 blkkBps=0 pongs=49272(+388/s) cancels=4581(+33/s) notify=1 disc=1(0x08) | echo rx=0 tx=0 pend=0 stale=0
P t=133s rxkBps=94 blkkBps=0 pongs=49667(+395/s) cancels=4613(+32/s) notify=1 disc=1(0x08) | echo rx=0 tx=0 pend=0 stale=0
P t=134s rxkBps=94 blkkBps=0 pongs=50064(+397/s) cancels=4646(+33/s) notify=1 disc=1(0x08) | echo rx=0 tx=0 pend=0 stale=0
P t=135s rxkBps=93 blkkBps=0 pongs=50457(+393/s) cancels=4679(+33/s) notify=1 disc=1(0x08) | echo rx=0 tx=0 pend=0 stale=0
P t=136s rxkBps=94 blkkBps=0 pongs=50854(+397/s) cancels=4712(+33/s) notify=1 disc=1(0x08) | echo rx=0 tx=0 pend=0 stale=0
P t=137s rxkBps=94 blkkBps=0 pongs=51250(+396/s) cancels=4745(+33/s) notify=1 disc=1(0x08) | echo rx=0 tx=0 pend=0 stale=0
P t=138s rxkBps=94 blkkBps=0 pongs=51645(+395/s) cancels=4779(+34/s) notify=1 disc=1(0x08) | echo rx=0 tx=0 pend=0 stale=0
P t=139s rxkBps=90 blkkBps=0 pongs=52025(+380/s) cancels=4809(+30/s) notify=1 disc=1(0x08) | echo rx=0 tx=0 pend=0 stale=0
P t=140s rxkBps=94 blkkBps=0 pongs=52423(+398/s) cancels=4842(+33/s) notify=1 disc=1(0x08) | echo rx=0 tx=0 pend=0 stale=0
P t=141s rxkBps=91 blkkBps=0 pongs=52807(+384/s) cancels=4875(+33/s) notify=1 disc=1(0x08) | echo rx=0 tx=0 pend=0 stale=0
P t=142s rxkBps=94 blkkBps=0 pongs=53203(+396/s) cancels=4907(+32/s) notify=1 disc=1(0x08) | echo rx=0 tx=0 pend=0 stale=0
P t=143s rxkBps=91 blkkBps=0 pongs=53585(+382/s) cancels=4938(+31/s) notify=1 disc=1(0x08) | echo rx=0 tx=0 pend=0 stale=0
P t=144s rxkBps=91 blkkBps=0 pongs=53969(+384/s) cancels=4970(+32/s) notify=1 disc=1(0x08) | echo rx=0 tx=0 pend=0 stale=0
P t=145s rxkBps=85 blkkBps=0 pongs=54328(+359/s) cancels=4999(+29/s) notify=1 disc=1(0x08) | echo rx=0 tx=0 pend=0 stale=0
P t=146s rxkBps=93 blkkBps=0 pongs=54720(+392/s) cancels=5030(+31/s) notify=1 disc=1(0x08) | echo rx=0 tx=0 pend=0 stale=0
P t=147s rxkBps=92 blkkBps=0 pongs=55107(+387/s) cancels=5062(+32/s) notify=1 disc=1(0x08) | echo rx=0 tx=0 pend=0 stale=0
P t=148s rxkBps=94 blkkBps=0 pongs=55505(+398/s) cancels=5095(+33/s) notify=1 disc=1(0x08) | echo rx=0 tx=0 pend=0 stale=0
P t=149s rxkBps=90 blkkBps=0 pongs=55886(+381/s) cancels=5126(+31/s) notify=1 disc=1(0x08) | echo rx=0 tx=0 pend=0 stale=0
