=0
P t=*** Booting Zephyr OS build v4.4.1-4-g6a2245e1dc81 ***
[00:21:36.450,452] [0m<inf> bt_hci_core: HW Platform: Nordic Semiconductor (0x0002)[0m
[00:21:36.450,464] [0m<inf> bt_hci_core: HW Variant: nRF54Lx (0x0005)[0m
[00:21:36.450,475] [0m<inf> bt_hci_core: Firmware: Standard Bluetooth controller (0x00) Version 4.4 Build 1[0m
[00:21:36.450,818] [0m<inf> bt_hci_core: HCI transport: Controller[0m
[00:21:36.450,864] [0m<inf> bt_hci_core: Identity: D6:C7:60:B1:D3:0E (random)[0m
[00:21:36.450,880] [0m<inf> bt_hci_core: HCI: version 5.4 (0x0d) revision 0x0000, manufacturer 0x05f1[0m
[00:21:36.450,895] [0m<inf> bt_hci_core: LMP: version 5.4 (0x0d) subver 0xffff[0m

=== nRF54L15 RTT ping-pong PERIPHERAL (echo) ===
advertising
GAP connected interval=7500
P t=1s rxkBps=0 blkkBps=0 pongs=0(+0/s) cancels=0(+0/s) notify=0 disc=0(0x00) | echo rx=0 tx=0 pend=0 stale=0
P t=2s rxkBps=0 blkkBps=0 pongs=0(+0/s) cancels=0(+0/s) notify=0 disc=0(0x00) | echo rx=0 tx=0 pend=0 stale=0
P t=3s rxkBps=0 blkkBps=0 pongs=0(+0/s) cancels=0(+0/s) notify=0 disc=0(0x00) | echo rx=0 tx=0 pend=0 stale=0
P t=4s rxkBps=0 blkkBps=0 pongs=0(+0/s) cancels=0(+0/s) notify=0 disc=0(0x00) | echo rx=0 tx=0 pend=0 stale=0
GAP disconnected 0x08  lifetime=-1ms pongs_in_conn=0
advertising
GAP connected interval=7500
CCC: notify ENABLED
P t=5s rxkBps=16 blkkBps=0 pongs=68(+68/s) cancels=32(+32/s) notify=1 disc=1(0x08) | echo rx=0 tx=0 pend=0 stale=0
P t=6s rxkBps=63 blkkBps=0 pongs=335(+267/s) cancels=163(+131/s) notify=1 disc=1(0x08) | echo rx=0 tx=0 pend=0 stale=0
P t=7s rxkBps=63 blkkBps=0 pongs=601(+266/s) cancels=295(+132/s) notify=1 disc=1(0x08) | echo rx=0 tx=0 pend=0 stale=0
P t=8s rxkBps=63 blkkBps=0 pongs=868(+267/s) cancels=428(+133/s) notify=1 disc=1(0x08) | echo rx=0 tx=0 pend=0 stale=0
P t=9s rxkBps=63 blkkBps=0 pongs=1133(+265/s) cancels=560(+132/s) notify=1 disc=1(0x08) | echo rx=0 tx=0 pend=0 stale=0
P t=10s rxkBps=81 blkkBps=0 pongs=1477(+344/s) cancels=616(+56/s) notify=1 disc=1(0x08) | echo rx=0 tx=0 pend=0 stale=0
P t=11s rxkBps=93 blkkBps=0 pongs=1869(+392/s) cancels=650(+34/s) notify=1 disc=1(0x08) | echo rx=0 tx=0 pend=0 stale=0
P t=12s rxkBps=92 blkkBps=0 pongs=2258(+389/s) cancels=681(+31/s) notify=1 disc=1(0x08) | echo rx=0 tx=0 pend=0 stale=0
P t=13s rxkBps=93 blkkBps=0 pongs=2652(+394/s) cancels=713(+32/s) notify=1 disc=1(0x08) | echo rx=0 tx=0 pend=0 stale=0
P t=14s rxkBps=94 blkkBps=0 pongs=3050(+398/s) cancels=747(+34/s) notify=1 disc=1(0x08) | echo rx=0 tx=0 pend=0 stale=0
P t=15s rxkBps=93 blkkBps=0 pongs=3442(+392/s) cancels=779(+32/s) notify=1 disc=1(0x08) | echo rx=0 tx=0 pend=0 stale=0
P t=16s rxkBps=94 blkkBps=0 pongs=3838(+396/s) cancels=812(+33/s) notify=1 disc=1(0x08) | echo rx=0 tx=0 pend=0 stale=0
P t=17s rxkBps=92 blkkBps=0 pongs=4227(+389/s) cancels=845(+33/s) notify=1 disc=1(0x08) | echo rx=0 tx=0 pend=0 stale=0
P t=18s rxkBps=94 blkkBps=0 pongs=4624(+397/s) cancels=878(+33/s) notify=1 disc=1(0x08) | echo rx=0 tx=0 pend=0 stale=0
P t=19s rxkBps=93 blkkBps=0 pongs=5016(+392/s) cancels=910(+32/s) notify=1 disc=1(0x08) | echo rx=0 tx=0 pend=0 stale=0
P t=20s rxkBps=94 blkkBps=0 pongs=5411(+395/s) cancels=944(+34/s) notify=1 disc=1(0x08) | echo rx=0 tx=0 pend=0 stale=0
P t=21s rxkBps=91 blkkBps=0 pongs=5797(+386/s) cancels=976(+32/s) notify=1 disc=1(0x08) | echo rx=0 tx=0 pend=0 stale=0
P t=22s rxkBps=94 blkkBps=0 pongs=6192(+395/s) cancels=1009(+33/s) notify=1 disc=1(0x08) | echo rx=0 tx=0 pend=0 stale=0
P t=23s rxkBps=94 blkkBps=0 pongs=6590(+398/s) cancels=1043(+34/s) notify=1 disc=1(0x08) | echo rx=0 tx=0 pend=0 stale=0
P t=24s rxkBps=89 blkkBps=0 pongs=6967(+377/s) cancels=1074(+31/s) notify=1 disc=1(0x08) | echo rx=0 tx=0 pend=0 stale=0
P t=25s rxkBps=94 blkkBps=0 pongs=7364(+397/s) cancels=1106(+32/s) notify=1 disc=1(0x08) | echo rx=0 tx=0 pend=0 stale=0
P t=26s rxkBps=91 blkkBps=0 pongs=7747(+383/s) cancels=1138(+32/s) notify=1 disc=1(0x08) | echo rx=0 tx=0 pend=0 stale=0
P t=27s rxkBps=93 blkkBps=0 pongs=8139(+392/s) cancels=1170(+32/s) notify=1 disc=1(0x08) | echo rx=0 tx=0 pend=0 stale=0
P t=28s rxkBps=93 blkkBps=0 pongs=8533(+394/s) cancels=1203(+33/s) notify=1 disc=1(0x08) | echo rx=0 tx=0 pend=0 stale=0
P t=29s rxkBps=93 blkkBps=0 pongs=8925(+392/s) cancels=1236(+33/s) notify=1 disc=1(0x08) | echo rx=0 tx=0 pend=0 stale=0
P t=30s rxkBps=94 blkkBps=0 pongs=9322(+397/s) cancels=1269(+33/s) notify=1 disc=1(0x08) | echo rx=0 tx=0 pend=0 stale=0
P t=31s rxkBps=92 blkkBps=0 pongs=9712(+390/s) cancels=1301(+32/s) notify=1 disc=1(0x08) | echo rx=0 tx=0 pend=0 stale=0
P t=32s rxkBps=91 blkkBps=0 pongs=10097(+385/s) cancels=1333(+32/s) notify=1 disc=1(0x08) | echo rx=0 tx=0 pend=0 stale=0
P t=33s rxkBps=94 blkkBps=0 pongs=10493(+396/s) cancels=1366(+33/s) notify=1 disc=1(0x08) | echo rx=0 tx=0 pend=0 stale=0
P t=34s rxkBps=95 blkkBps=0 pongs=10893(+400/s) cancels=1399(+33/s) notify=1 disc=1(0x08) | echo rx=0 tx=0 pend=0 stale=0
P t=35s rxkBps=93 blkkBps=0 pongs=11285(+392/s) cancels=1432(+33/s) notify=1 disc=1(0x08) | echo rx=0 tx=0 pend=0 stale=0
P t=36s rxkBps=93 blkkBps=0 pongs=11676(+391/s) cancels=1465(+33/s) notify=1 disc=1(0x08) | echo rx=0 tx=0 pend=0 stale=0
P t=37s rxkBps=93 blkkBps=0 pongs=12070(+394/s) cancels=1498(+33/s) notify=1 disc=1(0x08) | echo rx=0 tx=0 pend=0 stale=0
P t=38s rxkBps=92 blkkBps=0 pongs=12457(+387/s) cancels=1530(+32/s) notify=1 disc=1(0x08) | echo rx=0 tx=0 pend=0 stale=0
P t=39s rxkBps=91 blkkBps=0 pongs=12843(+386/s) cancels=1561(+31/s) notify=1 disc=1(0x08) | echo rx=0 tx=0 pend=0 stale=0
P t=40s rxkBps=91 blkkBps=0 pongs=13226(+383/s) cancels=1594(+33/s) notify=1 disc=1(0x08) | echo rx=0 tx=0 pend=0 stale=0
P t=41s rxkBps=93 blkkBps=0 pongs=13619(+393/s) cancels=1626(+32/s) notify=1 disc=1(0x08) | echo rx=0 tx=0 pend=0 stale=0
P t=42s rxkBps=93 blkkBps=0 pongs=14012(+393/s) cancels=1659(+33/s) notify=1 disc=1(0x08) | echo rx=0 tx=0 pend=0 stale=0
P t=43s rxkBps=92 blkkBps=0 pongs=14402(+390/s) cancels=1692(+33/s) notify=1 disc=1(0x08) | echo rx=0 tx=0 pend=0 stale=0
P t=44s rxkBps=92 blkkBps=0 pongs=14790(+388/s) cancels=1724(+32/s) notify=1 disc=1(0x08) | echo rx=0 tx=0 pend=0 stale=0
P t=45s rxkBps=94 blkkBps=0 pongs=15188(+398/s) cancels=1757(+33/s) notify=1 disc=1(0x08) | echo rx=0 tx=0 pend=0 stale=0
P t=46s rxkBps=95 blkkBps=0 pongs=15588(+400/s) cancels=1791(+34/s) notify=1 disc=1(0x08) | echo rx=0 tx=0 pend=0 stale=0
P t=47s rxkBps=94 blkkBps=0 pongs=15983(+395/s) cancels=1823(+32/s) notify=1 disc=1(0x08) | echo rx=0 tx=0 pend=0 stale=0
P t=48s rxkBps=92 blkkBps=0 pongs=16373(+390/s) cancels=1855(+32/s) notify=1 disc=1(0x08) | echo rx=0 tx=0 pend=0 stale=0
P t=49s rxkBps=86 blkkBps=0 pongs=16738(+365/s) cancels=1885(+30/s) notify=1 disc=1(0x08) | echo rx=0 tx=0 pend=0 stale=0
P t=50s rxkBps=94 blkkBps=0 pongs=17135(+397/s) cancels=1918(+33/s) notify=1 disc=1(0x08) | echo rx=0 tx=0 pend=0 stale=0
P t=51s rxkBps=93 blkkBps=0 pongs=17529(+394/s) cancels=1950(+32/s) notify=1 disc=1(0x08) | echo rx=0 tx=0 pend=0 stale=0
P t=52s rxkBps=93 blkkBps=0 pongs=17923(+394/s) cancels=1983(+33/s) notify=1 disc=1(0x08) | echo rx=0 tx=0 pend=0 stale=0
P t=53s rxkBps=94 blkkBps=0 pongs=18319(+396/s) cancels=2015(+32/s) notify=1 disc=1(0x08) | echo rx=0 tx=0 pend=0 stale=0
P t=54s rxkBps=92 blkkBps=0 pongs=18709(+390/s) cancels=2047(+32/s) notify=1 disc=1(0x08) | echo rx=0 tx=0 pend=0 stale=0
P t=55s rxkBps=94 blkkBps=0 pongs=19105(+396/s) cancels=2079(+32/s) notify=1 disc=1(0x08) | echo rx=0 tx=0 pend=0 stale=0
P t=56s rxkBps=94 blkkBps=0 pongs=19501(+396/s) cancels=2112(+33/s) notify=1 disc=1(0x08) | echo rx=0 tx=0 pend=0 stale=0
P t=57s rxkBps=94 blkkBps=0 pongs=19897(+396/s) cancels=2145(+33/s) notify=1 disc=1(0x08) | echo rx=0 tx=0 pend=0 stale=0
P t=58s rxkBps=92 blkkBps=0 pongs=20287(+390/s) cancels=2178(+33/s) notify=1 disc=1(0x08) | echo rx=0 tx=0 pend=0 stale=0
P t=59s rxkBps=95 blkkBps=0 pongs=20686(+399/s) cancels=2211(+33/s) notify=1 disc=1(0x08) | echo rx=0 tx=0 pend=0 stale=0
P t=60s rxkBps=94 blkkBps=0 pongs=21083(+397/s) cancels=2244(+33/s) notify=1 disc=1(0x08) | echo rx=0 tx=0 pend=0 stale=0
P t=61s rxkBps=87 blkkBps=0 pongs=21450(+367/s) cancels=2275(+31/s) notify=1 disc=1(0x08) | echo rx=0 tx=0 pend=0 stale=0
P t=62s rxkBps=94 blkkBps=0 pongs=21845(+395/s) cancels=2308(+33/s) notify=1 disc=1(0x08) | echo rx=0 tx=0 pend=0 stale=0
P t=63s rxkBps=92 blkkBps=0 pongs=22232(+387/s) cancels=2341(+33/s) notify=1 disc=1(0x08) | echo rx=0 tx=0 pend=0 stale=0
P t=64s rxkBps=91 blkkBps=0 pongs=22616(+384/s) cancels=2373(+32/s) notify=1 disc=1(0x08) | echo rx=0 tx=0 pend=0 stale=0
P t=65s rxkBps=94 blkkBps=0 pongs=23014(+398/s) cancels=2406(+33/s) notify=1 disc=1(0x08) | echo rx=0 tx=0 pend=0 stale=0
P t=66s rxkBps=95 blkkBps=0 pongs=23414(+400/s) cancels=2439(+33/s) notify=1 disc=1(0x08) | echo rx=0 tx=0 pend=0 stale=0
P t=67s rxkBps=95 blkkBps=0 pongs=23813(+399/s) cancels=2473(+34/s) notify=1 disc=1(0x08) | echo rx=0 tx=0 pend=0 stale=0
P t=68s rxkBps=95 blkkBps=0 pongs=24212(+399/s) cancels=2506(+33/s) notify=1 disc=1(0x08) | echo rx=0 tx=0 pend=0 stale=0
P t=69s rxkBps=91 blkkBps=0 pongs=24595(+383/s) cancels=2537(+31/s) notify=1 disc=1(0x08) | echo rx=0 tx=0 pend=0 stale=0
P t=70s rxkBps=92 blkkBps=0 pongs=24983(+388/s) cancels=2570(+33/s) notify=1 disc=1(0x08) | echo rx=0 tx=0 pend=0 stale=0
P t=71s rxkBps=95 blkkBps=0 pongs=25382(+399/s) cancels=2603(+33/s) notify=1 disc=1(0x08) | echo rx=0 tx=0 pend=0 stale=0
P t=72s rxkBps=93 blkkBps=0 pongs=25773(+391/s) cancels=2634(+31/s) notify=1 disc=1(0x08) | echo rx=0 tx=0 pend=0 stale=0
P t=73s rxkBps=93 blkkBps=0 pongs=26166(+393/s) cancels=2667(+33/s) notify=1 disc=1(0x08) | echo rx=0 tx=0 pend=0 stale=0
P t=74s rxkBps=95 blkkBps=0 pongs=26566(+400/s) cancels=2699(+32/s) notify=1 disc=1(0x08) | echo rx=0 tx=0 pend=0 stale=0
P t=75s rxkBps=95 blkkBps=0 pongs=26966(+400/s) cancels=2732(+33/s) notify=1 disc=1(0x08) | echo rx=0 tx=0 pend=0 stale=0
P t=76s rxkBps=93 blkkBps=0 pongs=27359(+393/s) cancels=2765(+33/s) notify=1 disc=1(0x08) | echo rx=0 tx=0 pend=0 stale=0
P t=77s rxkBps=95 blkkBps=0 pongs=27759(+400/s) cancels=2798(+33/s) notify=1 disc=1(0x08) | echo rx=0 tx=0 pend=0 stale=0
P t=78s rxkBps=94 blkkBps=0 pongs=28154(+395/s) cancels=2831(+33/s) notify=1 disc=1(0x08) | echo rx=0 tx=0 pend=0 stale=0
P t=79s rxkBps=94 blkkBps=0 pongs=28552(+398/s) cancels=2865(+34/s) notify=1 disc=1(0x08) | echo rx=0 tx=0 pend=0 stale=0
P t=80s rxkBps=86 blkkBps=0 pongs=28915(+363/s) cancels=2892(+27/s) notify=1 disc=1(0x08) | echo rx=0 tx=0 pend=0 stale=0
P t=81s rxkBps=93 blkkBps=0 pongs=29308(+393/s) cancels=2924(+32/s) notify=1 disc=1(0x08) | echo rx=0 tx=0 pend=0 stale=0
P t=82s rxkBps=95 blkkBps=0 pongs=29708(+400/s) cancels=2958(+34/s) notify=1 disc=1(0x08) | echo rx=0 tx=0 pend=0 stale=0
P t=83s rxkBps=93 blkkBps=0 pongs=30102(+394/s) cancels=2990(+32/s) notify=1 disc=1(0x08) | echo rx=0 tx=0 pend=0 stale=0
P t=84s rxkBps=90 blkkBps=0 pongs=30480(+378/s) cancels=3021(+31/s) notify=1 disc=1(0x08) | echo rx=0 tx=0 pend=0 stale=0
P t=85s rxkBps=94 blkkBps=0 pongs=30877(+397/s) cancels=3055(+34/s) notify=1 disc=1(0x08) | echo rx=0 tx=0 pend=0 stale=0
P t=86s rxkBps=94 blkkBps=0 pongs=31274(+397/s) cancels=3088(+33/s) notify=1 disc=1(0x08) | echo rx=0 tx=0 pend=0 stale=0
P t=87s rxkBps=91 blkkBps=0 pongs=31656(+382/s) cancels=3119(+31/s) notify=1 disc=1(0x08) | echo rx=0 tx=0 pend=0 stale=0
P t=88s rxkBps=94 blkkBps=0 pongs=32053(+397/s) cancels=3153(+34/s) notify=1 disc=1(0x08) | echo rx=0 tx=0 pend=0 stale=0
P t=89s rxkBps=95 blkkBps=0 pongs=32453(+400/s) cancels=3186(+33/s) notify=1 disc=1(0x08) | echo rx=0 tx=0 pend=0 stale=0
P t=90s rxkBps=94 blkkBps=0 pongs=32851(+398/s) cancels=3219(+33/s) notify=1 disc=1(0x08) | echo rx=0 tx=0 pend=0 stale=0
P t=91s rxkBps=93 blkkBps=0 pongs=33244(+393/s) cancels=3253(+34/s) notify=1 disc=1(0x08) | echo rx=0 tx=0 pend=0 stale=0
P t=92s rxkBps=93 blkkBps=0 pongs=33636(+392/s) cancels=3285(+32/s) notify=1 disc=1(0x08) | echo rx=0 tx=0 pend=0 stale=0
P t=93s rxkBps=93 blkkBps=0 pongs=34030(+394/s) cancels=3317(+32/s) notify=1 disc=1(0x08) | echo rx=0 tx=0 pend=0 stale=0
P t=94s rxkBps=91 blkkBps=0 pongs=34415(+385/s) cancels=3350(+33/s) notify=1 disc=1(0x08) | echo rx=0 tx=0 pend=0 stale=0
P t=95s rxkBps=94 blkkBps=0 pongs=34812(+397/s) cancels=3383(+33/s) notify=1 disc=1(0x08) | echo rx=0 tx=0 pend=0 stale=0
P t=96s rxkBps=94 blkkBps=0 pongs=35208(+396/s) cancels=3415(+32/s) notify=1 disc=1(0x08) | echo rx=0 tx=0 pend=0 stale=0
P t=97s rxkBps=94 blkkBps=0 pongs=35604(+396/s) cancels=3449(+34/s) notify=1 disc=1(0x08) | echo rx=0 tx=0 pend=0 stale=0
P t=98s rxkBps=94 blkkBps=0 pongs=36001(+397/s) cancels=3482(+33/s) notify=1 disc=1(0x08) | echo rx=0 tx=0 pend=0 stale=0
P t=99s rxkBps=93 blkkBps=0 pongs=36392(+391/s) cancels=3513(+31/s) notify=1 disc=1(0x08) | echo rx=0 tx=0 pend=0 stale=0
P t=100s rxkBps=89 blkkBps=0 pongs=36767(+375/s) cancels=3542(+29/s) notify=1 disc=1(0x08) | echo rx=0 tx=0 pend=0 stale=0
P t=101s rxkBps=95 blkkBps=0 pongs=37167(+400/s) cancels=3575(+33/s) notify=1 disc=1(0x08) | echo rx=0 tx=0 pend=0 stale=0
P t=102s rxkBps=95 blkkBps=0 pongs=37566(+399/s) cancels=3608(+33/s) notify=1 disc=1(0x08) | echo rx=0 tx=0 pend=0 stale=0
P t=103s rxkBps=94 blkkBps=0 pongs=37962(+396/s) cancels=3641(+33/s) notify=1 disc=1(0x08) | echo rx=0 tx=0 pend=0 stale=0
P t=104s rxkBps=88 blkkBps=0 pongs=38334(+372/s) cancels=3670(+29/s) notify=1 disc=1(0x08) | echo rx=0 tx=0 pend=0 stale=0
P t=105s rxkBps=87 blkkBps=0 pongs=38701(+367/s) cancels=3699(+29/s) notify=1 disc=1(0x08) | echo rx=0 tx=0 pend=0 stale=0
P t=106s rxkBps=90 blkkBps=0 pongs=39080(+379/s) cancels=3729(+30/s) notify=1 disc=1(0x08) | echo rx=0 tx=0 pend=0 stale=0
P t=107s rxkBps=91 blkkBps=0 pongs=39463(+383/s) cancels=3760(+31/s) notify=1 disc=1(0x08) | echo rx=0 tx=0 pend=0 stale=0
P t=108s rxkBps=95 blkkBps=0 pongs=39863(+400/s) cancels=3793(+33/s) notify=1 disc=1(0x08) | echo rx=0 tx=0 pend=0 stale=0
P t=109s rxkBps=90 blkkBps=0 pongs=40243(+380/s) cancels=3824(+31/s) notify=1 disc=1(0x08) | echo rx=0 tx=0 pend=0 stale=0
P t=110s rxkBps=95 blkkBps=0 pongs=40643(+400/s) cancels=3857(+33/s) notify=1 disc=1(0x08) | echo rx=0 tx=0 pend=0 stale=0
P t=111s rxkBps=94 blkkBps=0 pongs=41039(+396/s) cancels=3889(+32/s) notify=1 disc=1(0x08) | echo rx=0 tx=0 pend=0 stale=0
P t=112s rxkBps=94 blkkBps=0 pongs=41435(+396/s) cancels=3922(+33/s) notify=1 disc=1(0x08) | echo rx=0 tx=0 pend=0 stale=0
P t=113s rxkBps=93 blkkBps=0 pongs=41827(+392/s) cancels=3954(+32/s) notify=1 disc=1(0x08) | echo rx=0 tx=0 pend=0 stale=0
P t=114s rxkBps=88 blkkBps=0 pongs=42200(+373/s) cancels=3985(+31/s) notify=1 disc=1(0x08) | echo rx=0 tx=0 pend=0 stale=0
P t=115s rxkBps=90 blkkBps=0 pongs=42580(+380/s) cancels=4015(+30/s) notify=1 disc=1(0x08) | echo rx=0 tx=0 pend=0 stale=0
P t=116s rxkBps=91 blkkBps=0 pongs=42962(+382/s) cancels=4046(+31/s) notify=1 disc=1(0x08) | echo rx=0 tx=0 pend=0 stale=0
P t=117s rxkBps=88 blkkBps=0 pongs=43335(+373/s) cancels=4077(+31/s) notify=1 disc=1(0x08) | echo rx=0 tx=0 pend=0 stale=0
P t=118s rxkBps=90 blkkBps=0 pongs=43715(+380/s) cancels=4107(+30/s) notify=1 disc=1(0x08) | echo rx=0 tx=0 pend=0 stale=0
P t=119s rxkBps=86 blkkBps=0 pongs=44080(+365/s) cancels=4136(+29/s) notify=1 disc=1(0x08) | echo rx=0 tx=0 pend=0 stale=0
P t=120s rxkBps=92 blkkBps=0 pongs=44467(+387/s) cancels=4166(+30/s) notify=1 disc=1(0x08) | echo rx=0 tx=0 pend=0 stale=0
P t=121s rxkBps=92 blkkBps=0 pongs=44857(+390/s) cancels=4198(+32/s) notify=1 disc=1(0x08) | echo rx=0 tx=0 pend=0 stale=0
P t=122s rxkBps=92 blkkBps=0 pongs=45244(+387/s) cancels=4229(+31/s) notify=1 disc=1(0x08) | echo rx=0 tx=0 pend=0 stale=0
P t=123s rxkBps=91 blkkBps=0 pongs=45626(+382/s) cancels=4260(+31/s) notify=1 disc=1(0x08) | echo rx=0 tx=0 pend=0 stale=0
P t=124s rxkBps=92 blkkBps=0 pongs=46014(+388/s) cancels=4291(+31/s) notify=1 disc=1(0x08) | echo rx=0 tx=0 pend=0 stale=0
P t=125s rxkBps=94 blkkBps=0 pongs=46412(+398/s) cancels=4324(+33/s) notify=1 disc=1(0x08) | echo rx=0 tx=0 pend=0 stale=0
P t=126s rxkBps=93 blkkBps=0 pongs=46804(+392/s) cancels=4356(+32/s) notify=1 disc=1(0x08) | echo rx=0 tx=0 pend=0 stale=0
P t=127s rxkBps=95 blkkBps=0 pongs=47204(+400/s) cancels=4389(+33/s) notify=1 disc=1(0x08) | echo rx=0 tx=0 pend=0 stale=0
P t=128s rxkBps=90 blkkBps=0 pongs=47585(+381/s) cancels=4420(+31/s) notify=1 disc=1(0x08) | echo rx=0 tx=0 pend=0 stale=0
P t=129s rxkBps=91 blkkBps=0 pongs=47968(+383/s) cancels=4452(+32/s) notify=1 disc=1(0x08) | echo rx=0 tx=0 pend=0 stale=0
P t=130s rxkBps=93 blkkBps=0 pongs=48361(+393/s) cancels=4484(+32/s) notify=1 disc=1(0x08) | echo rx=0 tx=0 pend=0 stale=0
P t=131s rxkBps=92 blkkBps=0 pongs=48749(+388/s) cancels=4516(+32/s) notify=1 disc=1(0x08) | echo rx=0 tx=0 pend=0 stale=0
P t=132s rxkBps=92 blkkBps=0 pongs=49139(+390/s) cancels=4549(+33/s) notify=1 disc=1(0x08) | echo rx=0 tx=0 pend=0 stale=0
P t=133s rxkBps=93 blkkBps=0 pongs=49530(+391/s) cancels=4581(+32/s) notify=1 disc=1(0x08) | echo rx=0 tx=0 pend=0 stale=0
P t=134s rxkBps=93 blkkBps=0 pongs=49923(+393/s) cancels=4613(+32/s) notify=1 disc=1(0x08) | echo rx=0 tx=0 pend=0 stale=0
P t=135s rxkBps=90 blkkBps=0 pongs=50304(+381/s) cancels=4645(+32/s) notify=1 disc=1(0x08) | echo rx=0 tx=0 pend=0 stale=0
P t=136s rxkBps=94 blkkBps=0 pongs=50701(+397/s) cancels=4678(+33/s) notify=1 disc=1(0x08) | echo rx=0 tx=0 pend=0 stale=0
P t=137s rxkBps=91 blkkBps=0 pongs=51086(+385/s) cancels=4709(+31/s) notify=1 disc=1(0x08) | echo rx=0 tx=0 pend=0 stale=0
P t=138s rxkBps=92 blkkBps=0 pongs=51473(+387/s) cancels=4742(+33/s) notify=1 disc=1(0x08) | echo rx=0 tx=0 pend=0 stale=0
P t=139s rxkBps=93 blkkBps=0 pongs=51867(+394/s) cancels=4775(+33/s) notify=1 disc=1(0x08) | echo rx=0 tx=0 pend=0 stale=0
P t=140s rxkBps=93 blkkBps=0 pongs=52258(+391/s) cancels=4807(+32/s) notify=1 disc=1(0x08) | echo rx=0 tx=0 pend=0 stale=0
P t=141s rxkBps=94 blkkBps=0 pongs=52655(+397/s) cancels=4841(+34/s) notify=1 disc=1(0x08) | echo rx=0 tx=0 pend=0 stale=0
P t=142s rxkBps=94 blkkBps=0 pongs=53051(+396/s) cancels=4874(+33/s) notify=1 disc=1(0x08) | echo rx=0 tx=0 pend=0 stale=0
P t=143s rxkBps=94 blkkBps=0 pongs=53447(+396/s) cancels=4906(+32/s) notify=1 disc=1(0x08) | echo rx=0 tx=0 pend=0 stale=0
P t=144s rxkBps=92 blkkBps=0 pongs=53834(+387/s) cancels=4939(+33/s) notify=1 disc=1(0x08) | echo rx=0 tx=0 pend=0 stale=0
P t=145s rxkBps=88 blkkBps=0 pongs=54207(+373/s) cancels=4969(+30/s) notify=1 disc=1(0x08) | echo rx=0 tx=0 pend=0 stale=0
P t=146s rxkBps=94 blkkBps=0 pongs=54605(+398/s) cancels=5002(+33/s) notify=1 disc=1(0x08) | echo rx=0 tx=0 pend=0 stale=0
P t=147s rxkBps=94 blkkBps=0 pongs=55000(+395/s) cancels=5036(+34/s) notify=1 disc=1(0x08) | echo rx=0 tx=0 pend=0 stale=0
P t=148s rxkBps=95 blkkBps=0 pongs=55399(+399/s) cancels=5069(+33/s) notify=1 disc=1(0x08) | echo rx=0 tx=0 pend=0 stale=0
P t=149s rxkBps=91 blkkBps=0 pongs=55784(+385/s) cancels=5101(+32/s) notify=1 disc=1(0x08) | echo rx=0 tx=0 pend=0 stale=0
