P t=9*** Booting Zephyr OS build v4.4.1-4-g6a2245e1dc81 ***
[00:08:48.897,474] [0m<inf> bt_hci_core: HW Platform: Nordic Semiconductor (0x0002)[0m
[00:08:48.897,487] [0m<inf> bt_hci_core: HW Variant: nRF54Lx (0x0005)[0m
[00:08:48.897,498] [0m<inf> bt_hci_core: Firmware: Standard Bluetooth controller (0x00) Version 4.4 Build 1[0m
[00:08:48.897,840] [0m<inf> bt_hci_core: HCI transport: Controller[0m
[00:08:48.897,887] [0m<inf> bt_hci_core: Identity: D6:C7:60:B1:D3:0E (random)[0m
[00:08:48.897,903] [0m<inf> bt_hci_core: HCI: version 5.4 (0x0d) revision 0x0000, manufacturer 0x05f1[0m
[00:08:48.897,918] [0m<inf> bt_hci_core: LMP: version 5.4 (0x0d) subver 0xffff[0m

=== nRF54L15 RTT ping-pong PERIPHERAL (echo) ===
advertising
GAP connected interval=7500
CCC: notify ENABLED
P t=1s rxkBps=7 blkkBps=0 pongs=31(+31/s) cancels=15(+15/s) notify=1 disc=0(0x00) | echo rx=0 tx=0 pend=0 stale=0
P t=2s rxkBps=59 blkkBps=0 pongs=280(+249/s) cancels=140(+125/s) notify=1 disc=0(0x00) | echo rx=0 tx=0 pend=0 stale=0
P t=3s rxkBps=60 blkkBps=0 pongs=534(+254/s) cancels=267(+127/s) notify=1 disc=0(0x00) | echo rx=0 tx=0 pend=0 stale=0
P t=4s rxkBps=60 blkkBps=0 pongs=787(+253/s) cancels=393(+126/s) notify=1 disc=0(0x00) | echo rx=0 tx=0 pend=0 stale=0
P t=5s rxkBps=61 blkkBps=0 pongs=1043(+256/s) cancels=520(+127/s) notify=1 disc=0(0x00) | echo rx=0 tx=0 pend=0 stale=0
P t=6s rxkBps=71 blkkBps=0 pongs=1342(+299/s) cancels=581(+61/s) notify=1 disc=0(0x00) | echo rx=0 tx=0 pend=0 stale=0
P t=7s rxkBps=80 blkkBps=0 pongs=1679(+337/s) cancels=607(+26/s) notify=1 disc=0(0x00) | echo rx=0 tx=0 pend=0 stale=0
P t=8s rxkBps=89 blkkBps=0 pongs=2054(+375/s) cancels=637(+30/s) notify=1 disc=0(0x00) | echo rx=0 tx=0 pend=0 stale=0
P t=9s rxkBps=91 blkkBps=0 pongs=2437(+383/s) cancels=668(+31/s) notify=1 disc=0(0x00) | echo rx=0 tx=0 pend=0 stale=0
P t=10s rxkBps=90 blkkBps=0 pongs=2818(+381/s) cancels=700(+32/s) notify=1 disc=0(0x00) | echo rx=0 tx=0 pend=0 stale=0
P t=11s rxkBps=76 blkkBps=0 pongs=3138(+320/s) cancels=724(+24/s) notify=1 disc=0(0x00) | echo rx=0 tx=0 pend=0 stale=0
P t=12s rxkBps=83 blkkBps=0 pongs=3490(+352/s) cancels=750(+26/s) notify=1 disc=0(0x00) | echo rx=0 tx=0 pend=0 stale=0
P t=13s rxkBps=91 blkkBps=0 pongs=3873(+383/s) cancels=782(+32/s) notify=1 disc=0(0x00) | echo rx=0 tx=0 pend=0 stale=0
P t=14s rxkBps=91 blkkBps=0 pongs=4258(+385/s) cancels=812(+30/s) notify=1 disc=0(0x00) | echo rx=0 tx=0 pend=0 stale=0
P t=15s rxkBps=90 blkkBps=0 pongs=4636(+378/s) cancels=843(+31/s) notify=1 disc=0(0x00) | echo rx=0 tx=0 pend=0 stale=0
P t=16s rxkBps=86 blkkBps=0 pongs=4999(+363/s) cancels=874(+31/s) notify=1 disc=0(0x00) | echo rx=0 tx=0 pend=0 stale=0
P t=17s rxkBps=79 blkkBps=0 pongs=5331(+332/s) cancels=900(+26/s) notify=1 disc=0(0x00) | echo rx=0 tx=0 pend=0 stale=0
P t=18s rxkBps=86 blkkBps=0 pongs=5693(+362/s) cancels=929(+29/s) notify=1 disc=0(0x00) | echo rx=0 tx=0 pend=0 stale=0
P t=19s rxkBps=82 blkkBps=0 pongs=6041(+348/s) cancels=957(+28/s) notify=1 disc=0(0x00) | echo rx=0 tx=0 pend=0 stale=0
P t=20s rxkBps=88 blkkBps=0 pongs=6412(+371/s) cancels=986(+29/s) notify=1 disc=0(0x00) | echo rx=0 tx=0 pend=0 stale=0
P t=21s rxkBps=93 blkkBps=0 pongs=6804(+392/s) cancels=1018(+32/s) notify=1 disc=0(0x00) | echo rx=0 tx=0 pend=0 stale=0
P t=22s rxkBps=92 blkkBps=0 pongs=7193(+389/s) cancels=1051(+33/s) notify=1 disc=0(0x00) | echo rx=0 tx=0 pend=0 stale=0
P t=23s rxkBps=91 blkkBps=0 pongs=7579(+386/s) cancels=1083(+32/s) notify=1 disc=0(0x00) | echo rx=0 tx=0 pend=0 stale=0
P t=24s rxkBps=94 blkkBps=0 pongs=7977(+398/s) cancels=1116(+33/s) notify=1 disc=0(0x00) | echo rx=0 tx=0 pend=0 stale=0
P t=25s rxkBps=91 blkkBps=0 pongs=8360(+383/s) cancels=1148(+32/s) notify=1 disc=0(0x00) | echo rx=0 tx=0 pend=0 stale=0
P t=26s rxkBps=91 blkkBps=0 pongs=8744(+384/s) cancels=1179(+31/s) notify=1 disc=0(0x00) | echo rx=0 tx=0 pend=0 stale=0
P t=27s rxkBps=94 blkkBps=0 pongs=9141(+397/s) cancels=1211(+32/s) notify=1 disc=0(0x00) | echo rx=0 tx=0 pend=0 stale=0
P t=28s rxkBps=91 blkkBps=0 pongs=9523(+382/s) cancels=1243(+32/s) notify=1 disc=0(0x00) | echo rx=0 tx=0 pend=0 stale=0
P t=29s rxkBps=93 blkkBps=0 pongs=9917(+394/s) cancels=1276(+33/s) notify=1 disc=0(0x00) | echo rx=0 tx=0 pend=0 stale=0
P t=30s rxkBps=92 blkkBps=0 pongs=10307(+390/s) cancels=1307(+31/s) notify=1 disc=0(0x00) | echo rx=0 tx=0 pend=0 stale=0
P t=31s rxkBps=83 blkkBps=0 pongs=10656(+349/s) cancels=1335(+28/s) notify=1 disc=0(0x00) | echo rx=0 tx=0 pend=0 stale=0
P t=32s rxkBps=89 blkkBps=0 pongs=11031(+375/s) cancels=1365(+30/s) notify=1 disc=0(0x00) | echo rx=0 tx=0 pend=0 stale=0
P t=33s rxkBps=94 blkkBps=0 pongs=11429(+398/s) cancels=1397(+32/s) notify=1 disc=0(0x00) | echo rx=0 tx=0 pend=0 stale=0
P t=34s rxkBps=89 blkkBps=0 pongs=11804(+375/s) cancels=1428(+31/s) notify=1 disc=0(0x00) | echo rx=0 tx=0 pend=0 stale=0
P t=35s rxkBps=80 blkkBps=0 pongs=12143(+339/s) cancels=1455(+27/s) notify=1 disc=0(0x00) | echo rx=0 tx=0 pend=0 stale=0
P t=36s rxkBps=81 blkkBps=0 pongs=12486(+343/s) cancels=1483(+28/s) notify=1 disc=0(0x00) | echo rx=0 tx=0 pend=0 stale=0
P t=37s rxkBps=93 blkkBps=0 pongs=12880(+394/s) cancels=1517(+34/s) notify=1 disc=0(0x00) | echo rx=0 tx=0 pend=0 stale=0
P t=38s rxkBps=91 blkkBps=0 pongs=13263(+383/s) cancels=1546(+29/s) notify=1 disc=0(0x00) | echo rx=0 tx=0 pend=0 stale=0
P t=39s rxkBps=90 blkkBps=0 pongs=13642(+379/s) cancels=1577(+31/s) notify=1 disc=0(0x00) | echo rx=0 tx=0 pend=0 stale=0
P t=40s rxkBps=86 blkkBps=0 pongs=14004(+362/s) cancels=1606(+29/s) notify=1 disc=0(0x00) | echo rx=0 tx=0 pend=0 stale=0
P t=41s rxkBps=89 blkkBps=0 pongs=14380(+376/s) cancels=1636(+30/s) notify=1 disc=0(0x00) | echo rx=0 tx=0 pend=0 stale=0
P t=42s rxkBps=94 blkkBps=0 pongs=14775(+395/s) cancels=1668(+32/s) notify=1 disc=0(0x00) | echo rx=0 tx=0 pend=0 stale=0
P t=43s rxkBps=94 blkkBps=0 pongs=15172(+397/s) cancels=1702(+34/s) notify=1 disc=0(0x00) | echo rx=0 tx=0 pend=0 stale=0
P t=44s rxkBps=84 blkkBps=0 pongs=15525(+353/s) cancels=1731(+29/s) notify=1 disc=0(0x00) | echo rx=0 tx=0 pend=0 stale=0
P t=45s rxkBps=60 blkkBps=0 pongs=15780(+255/s) cancels=1752(+21/s) notify=1 disc=0(0x00) | echo rx=0 tx=0 pend=0 stale=0
P t=46s rxkBps=90 blkkBps=0 pongs=16160(+380/s) cancels=1784(+32/s) notify=1 disc=0(0x00) | echo rx=0 tx=0 pend=0 stale=0
P t=47s rxkBps=93 blkkBps=0 pongs=16552(+392/s) cancels=1816(+32/s) notify=1 disc=0(0x00) | echo rx=0 tx=0 pend=0 stale=0
P t=48s rxkBps=89 blkkBps=0 pongs=16928(+376/s) cancels=1846(+30/s) notify=1 disc=0(0x00) | echo rx=0 tx=0 pend=0 stale=0
P t=49s rxkBps=93 blkkBps=0 pongs=17322(+394/s) cancels=1879(+33/s) notify=1 disc=0(0x00) | echo rx=0 tx=0 pend=0 stale=0
P t=50s rxkBps=95 blkkBps=0 pongs=17721(+399/s) cancels=1912(+33/s) notify=1 disc=0(0x00) | echo rx=0 tx=0 pend=0 stale=0
P t=51s rxkBps=90 blkkBps=0 pongs=18101(+380/s) cancels=1943(+31/s) notify=1 disc=0(0x00) | echo rx=0 tx=0 pend=0 stale=0
P t=52s rxkBps=94 blkkBps=0 pongs=18498(+397/s) cancels=1977(+34/s) notify=1 disc=0(0x00) | echo rx=0 tx=0 pend=0 stale=0
P t=53s rxkBps=94 blkkBps=0 pongs=18894(+396/s) cancels=2009(+32/s) notify=1 disc=0(0x00) | echo rx=0 tx=0 pend=0 stale=0
P t=54s rxkBps=90 blkkBps=0 pongs=19274(+380/s) cancels=2039(+30/s) notify=1 disc=0(0x00) | echo rx=0 tx=0 pend=0 stale=0
P t=55s rxkBps=90 blkkBps=0 pongs=19653(+379/s) cancels=2070(+31/s) notify=1 disc=0(0x00) | echo rx=0 tx=0 pend=0 stale=0
P t=56s rxkBps=80 blkkBps=0 pongs=19991(+338/s) cancels=2095(+25/s) notify=1 disc=0(0x00) | echo rx=0 tx=0 pend=0 stale=0
P t=57s rxkBps=93 blkkBps=0 pongs=20384(+393/s) cancels=2126(+31/s) notify=1 disc=0(0x00) | echo rx=0 tx=0 pend=0 stale=0
P t=58s rxkBps=90 blkkBps=0 pongs=20765(+381/s) cancels=2155(+29/s) notify=1 disc=0(0x00) | echo rx=0 tx=0 pend=0 stale=0
P t=59s rxkBps=89 blkkBps=0 pongs=21140(+375/s) cancels=2184(+29/s) notify=1 disc=0(0x00) | echo rx=0 tx=0 pend=0 stale=0
P t=60s rxkBps=92 blkkBps=0 pongs=21527(+387/s) cancels=2215(+31/s) notify=1 disc=0(0x00) | echo rx=0 tx=0 pend=0 stale=0
P t=61s rxkBps=88 blkkBps=0 pongs=21899(+372/s) cancels=2244(+29/s) notify=1 disc=0(0x00) | echo rx=0 tx=0 pend=0 stale=0
P t=62s rxkBps=78 blkkBps=0 pongs=22230(+331/s) cancels=2270(+26/s) notify=1 disc=0(0x00) | echo rx=0 tx=0 pend=0 stale=0
P t=63s rxkBps=88 blkkBps=0 pongs=22603(+373/s) cancels=2299(+29/s) notify=1 disc=0(0x00) | echo rx=0 tx=0 pend=0 stale=0
P t=64s rxkBps=85 blkkBps=0 pongs=22962(+359/s) cancels=2327(+28/s) notify=1 disc=0(0x00) | echo rx=0 tx=0 pend=0 stale=0
P t=65s rxkBps=86 blkkBps=0 pongs=23323(+361/s) cancels=2354(+27/s) notify=1 disc=0(0x00) | echo rx=0 tx=0 pend=0 stale=0
P t=66s rxkBps=84 blkkBps=0 pongs=23676(+353/s) cancels=2383(+29/s) notify=1 disc=0(0x00) | echo rx=0 tx=0 pend=0 stale=0
P t=67s rxkBps=89 blkkBps=0 pongs=24052(+376/s) cancels=2413(+30/s) notify=1 disc=0(0x00) | echo rx=0 tx=0 pend=0 stale=0
P t=68s rxkBps=84 blkkBps=0 pongs=24405(+353/s) cancels=2439(+26/s) notify=1 disc=0(0x00) | echo rx=0 tx=0 pend=0 stale=0
P t=69s rxkBps=93 blkkBps=0 pongs=24798(+393/s) cancels=2471(+32/s) notify=1 disc=0(0x00) | echo rx=0 tx=0 pend=0 stale=0
P t=70s rxkBps=89 blkkBps=0 pongs=25172(+374/s) cancels=2501(+30/s) notify=1 disc=0(0x00) | echo rx=0 tx=0 pend=0 stale=0
P t=71s rxkBps=89 blkkBps=0 pongs=25549(+377/s) cancels=2530(+29/s) notify=1 disc=0(0x00) | echo rx=0 tx=0 pend=0 stale=0
P t=72s rxkBps=92 blkkBps=0 pongs=25936(+387/s) cancels=2563(+33/s) notify=1 disc=0(0x00) | echo rx=0 tx=0 pend=0 stale=0
P t=73s rxkBps=92 blkkBps=0 pongs=26325(+389/s) cancels=2595(+32/s) notify=1 disc=0(0x00) | echo rx=0 tx=0 pend=0 stale=0
P t=74s rxkBps=87 blkkBps=0 pongs=26694(+369/s) cancels=2624(+29/s) notify=1 disc=0(0x00) | echo rx=0 tx=0 pend=0 stale=0
P t=75s rxkBps=92 blkkBps=0 pongs=27082(+388/s) cancels=2656(+32/s) notify=1 disc=0(0x00) | echo rx=0 tx=0 pend=0 stale=0
P t=76s rxkBps=84 blkkBps=0 pongs=27437(+355/s) cancels=2684(+28/s) notify=1 disc=0(0x00) | echo rx=0 tx=0 pend=0 stale=0
P t=77s rxkBps=91 blkkBps=0 pongs=27820(+383/s) cancels=2715(+31/s) notify=1 disc=0(0x00) | echo rx=0 tx=0 pend=0 stale=0
P t=78s rxkBps=85 blkkBps=0 pongs=28178(+358/s) cancels=2744(+29/s) notify=1 disc=0(0x00) | echo rx=0 tx=0 pend=0 stale=0
P t=79s rxkBps=76 blkkBps=0 pongs=28497(+319/s) cancels=2770(+26/s) notify=1 disc=0(0x00) | echo rx=0 tx=0 pend=0 stale=0
P t=80s rxkBps=91 blkkBps=0 pongs=28883(+386/s) cancels=2802(+32/s) notify=1 disc=0(0x00) | echo rx=0 tx=0 pend=0 stale=0
P t=81s rxkBps=91 blkkBps=0 pongs=29269(+386/s) cancels=2833(+31/s) notify=1 disc=0(0x00) | echo rx=0 tx=0 pend=0 stale=0
P t=82s rxkBps=92 blkkBps=0 pongs=29656(+387/s) cancels=2865(+32/s) notify=1 disc=0(0x00) | echo rx=0 tx=0 pend=0 stale=0
P t=83s rxkBps=92 blkkBps=0 pongs=30043(+387/s) cancels=2897(+32/s) notify=1 disc=0(0x00) | echo rx=0 tx=0 pend=0 stale=0
P t=84s rxkBps=81 blkkBps=0 pongs=30386(+343/s) cancels=2925(+28/s) notify=1 disc=0(0x00) | echo rx=0 tx=0 pend=0 stale=0
P t=85s rxkBps=88 blkkBps=0 pongs=30756(+370/s) cancels=2955(+30/s) notify=1 disc=0(0x00) | echo rx=0 tx=0 pend=0 stale=0
P t=86s rxkBps=88 blkkBps=0 pongs=31129(+373/s) cancels=2985(+30/s) notify=1 disc=0(0x00) | echo rx=0 tx=0 pend=0 stale=0
P t=87s rxkBps=94 blkkBps=0 pongs=31525(+396/s) cancels=3019(+34/s) notify=1 disc=0(0x00) | echo rx=0 tx=0 pend=0 stale=0
P t=88s rxkBps=92 blkkBps=0 pongs=31913(+388/s) cancels=3051(+32/s) notify=1 disc=0(0x00) | echo rx=0 tx=0 pend=0 stale=0
P t=89s rxkBps=93 blkkBps=0 pongs=32304(+391/s) cancels=3083(+32/s) notify=1 disc=0(0x00) | echo rx=0 tx=0 pend=0 stale=0
P t=90s rxkBps=82 blkkBps=0 pongs=32651(+347/s) cancels=3111(+28/s) notify=1 disc=0(0x00) | echo rx=0 tx=0 pend=0 stale=0
P t=91s rxkBps=90 blkkBps=0 pongs=33029(+378/s) cancels=3142(+31/s) notify=1 disc=0(0x00) | echo rx=0 tx=0 pend=0 stale=0
P t=92s rxkBps=89 blkkBps=0 pongs=33403(+374/s) cancels=3172(+30/s) notify=1 disc=0(0x00) | echo rx=0 tx=0 pend=0 stale=0
P t=93s rxkBps=90 blkkBps=0 pongs=33783(+380/s) cancels=3204(+32/s) notify=1 disc=0(0x00) | echo rx=0 tx=0 pend=0 stale=0
P t=94s rxkBps=89 blkkBps=0 pongs=34157(+374/s) cancels=3234(+30/s) notify=1 disc=0(0x00) | echo rx=0 tx=0 pend=0 stale=0
P t=95s rxkBps=94 blkkBps=0 pongs=34552(+395/s) cancels=3266(+32/s) notify=1 disc=0(0x00) | echo rx=0 tx=0 pend=0 stale=0
P t=96s rxkBps=94 blkkBps=0 pongs=34948(+396/s) cancels=3299(+33/s) notify=1 disc=0(0x00) | echo rx=0 tx=0 pend=0 stale=0
P t=97s rxkBps=95 blkkBps=0 pongs=35348(+400/s) cancels=3332(+33/s) notify=1 disc=0(0x00) | echo rx=0 tx=0 pend=0 stale=0
P t=98s rxkBps=92 blkkBps=0 pongs=35735(+387/s) cancels=3364(+32/s) notify=1 disc=0(0x00) | echo rx=0 tx=0 pend=0 stale=0
P t=99s rxkBps=94 blkkBps=0 pongs=36132(+397/s) cancels=3398(+34/s) notify=1 disc=0(0x00) | echo rx=0 tx=0 pend=0 stale=0
P t=100s rxkBps=91 blkkBps=0 pongs=36516(+384/s) cancels=3430(+32/s) notify=1 disc=0(0x00) | echo rx=0 tx=0 pend=0 stale=0
P t=101s rxkBps=95 blkkBps=0 pongs=36915(+399/s) cancels=3463(+33/s) notify=1 disc=0(0x00) | echo rx=0 tx=0 pend=0 stale=0
P t=102s rxkBps=93 blkkBps=0 pongs=37309(+394/s) cancels=3497(+34/s) notify=1 disc=0(0x00) | echo rx=0 tx=0 pend=0 stale=0
P t=103s rxkBps=86 blkkBps=0 pongs=37672(+363/s) cancels=3527(+30/s) notify=1 disc=0(0x00) | echo rx=0 tx=0 pend=0 stale=0
P t=104s rxkBps=76 blkkBps=0 pongs=37994(+322/s) cancels=3553(+26/s) notify=1 disc=0(0x00) | echo rx=0 tx=0 pend=0 stale=0
P t=105s rxkBps=89 blkkBps=0 pongs=38369(+375/s) cancels=3585(+32/s) notify=1 disc=0(0x00) | echo rx=0 tx=0 pend=0 stale=0
P t=106s rxkBps=93 blkkBps=0 pongs=38762(+393/s) cancels=3616(+31/s) notify=1 disc=0(0x00) | echo rx=0 tx=0 pend=0 stale=0
P t=107s rxkBps=89 blkkBps=0 pongs=39138(+376/s) cancels=3645(+29/s) notify=1 disc=0(0x00) | echo rx=0 tx=0 pend=0 stale=0
P t=108s rxkBps=94 blkkBps=0 pongs=39535(+397/s) cancels=3679(+34/s) notify=1 disc=0(0x00) | echo rx=0 tx=0 pend=0 stale=0
P t=109s rxkBps=94 blkkBps=0 pongs=39931(+396/s) cancels=3712(+33/s) notify=1 disc=0(0x00) | echo rx=0 tx=0 pend=0 stale=0
P t=110s rxkBps=93 blkkBps=0 pongs=40324(+393/s) cancels=3745(+33/s) notify=1 disc=0(0x00) | echo rx=0 tx=0 pend=0 stale=0
P t=111s rxkBps=94 blkkBps=0 pongs=40719(+395/s) cancels=3778(+33/s) notify=1 disc=0(0x00) | echo rx=0 tx=0 pend=0 stale=0
P t=112s rxkBps=87 blkkBps=0 pongs=41087(+368/s) cancels=3808(+30/s) notify=1 disc=0(0x00) | echo rx=0 tx=0 pend=0 stale=0
P t=113s rxkBps=79 blkkBps=0 pongs=41421(+334/s) cancels=3835(+27/s) notify=1 disc=0(0x00) | echo rx=0 tx=0 pend=0 stale=0
P t=114s rxkBps=94 blkkBps=0 pongs=41818(+397/s) cancels=3869(+34/s) notify=1 disc=0(0x00) | echo rx=0 tx=0 pend=0 stale=0
P t=115s rxkBps=94 blkkBps=0 pongs=42215(+397/s) cancels=3901(+32/s) notify=1 disc=0(0x00) | echo rx=0 tx=0 pend=0 stale=0
P t=116s rxkBps=88 blkkBps=0 pongs=42588(+373/s) cancels=3932(+31/s) notify=1 disc=0(0x00) | echo rx=0 tx=0 pend=0 stale=0
P t=117s rxkBps=95 blkkBps=0 pongs=42988(+400/s) cancels=3966(+34/s) notify=1 disc=0(0x00) | echo rx=0 tx=0 pend=0 stale=0
P t=118s rxkBps=92 blkkBps=0 pongs=43377(+389/s) cancels=3998(+32/s) notify=1 disc=0(0x00) | echo rx=0 tx=0 pend=0 stale=0
P t=119s rxkBps=93 blkkBps=0 pongs=43769(+392/s) cancels=4030(+32/s) notify=1 disc=0(0x00) | echo rx=0 tx=0 pend=0 stale=0
P t=120s rxkBps=91 blkkBps=0 pongs=44153(+384/s) cancels=4061(+31/s) notify=1 disc=0(0x00) | echo rx=0 tx=0 pend=0 stale=0
P t=121s rxkBps=91 blkkBps=0 pongs=44538(+385/s) cancels=4093(+32/s) notify=1 disc=0(0x00) | echo rx=0 tx=0 pend=0 stale=0
P t=122s rxkBps=92 blkkBps=0 pongs=44928(+390/s) cancels=4125(+32/s) notify=1 disc=0(0x00) | echo rx=0 tx=0 pend=0 stale=0
P t=123s rxkBps=95 blkkBps=0 pongs=45327(+399/s) cancels=4158(+33/s) notify=1 disc=0(0x00) | echo rx=0 tx=0 pend=0 stale=0
P t=124s rxkBps=90 blkkBps=0 pongs=45705(+378/s) cancels=4189(+31/s) notify=1 disc=0(0x00) | echo rx=0 tx=0 pend=0 stale=0
P t=125s rxkBps=93 blkkBps=0 pongs=46096(+391/s) cancels=4219(+30/s) notify=1 disc=0(0x00) | echo rx=0 tx=0 pend=0 stale=0
P t=126s rxkBps=91 blkkBps=0 pongs=46481(+385/s) cancels=4251(+32/s) notify=1 disc=0(0x00) | echo rx=0 tx=0 pend=0 stale=0
P t=127s rxkBps=94 blkkBps=0 pongs=46876(+395/s) cancels=4283(+32/s) notify=1 disc=0(0x00) | echo rx=0 tx=0 pend=0 stale=0
P t=128s rxkBps=94 blkkBps=0 pongs=47274(+398/s) cancels=4316(+33/s) notify=1 disc=0(0x00) | echo rx=0 tx=0 pend=0 stale=0
P t=129s rxkBps=95 blkkBps=0 pongs=47673(+399/s) cancels=4350(+34/s) notify=1 disc=0(0x00) | echo rx=0 tx=0 pend=0 stale=0
P t=130s rxkBps=92 blkkBps=0 pongs=48062(+389/s) cancels=4382(+32/s) notify=1 disc=0(0x00) | echo rx=0 tx=0 pend=0 stale=0
P t=131s rxkBps=93 blkkBps=0 pongs=48455(+393/s) cancels=4415(+33/s) notify=1 disc=0(0x00) | echo rx=0 tx=0 pend=0 stale=0
P t=132s rxkBps=84 blkkBps=0 pongs=48808(+353/s) cancels=4445(+30/s) notify=1 disc=0(0x00) | echo rx=0 tx=0 pend=0 stale=0
P t=133s rxkBps=76 blkkBps=0 pongs=49131(+323/s) cancels=4471(+26/s) notify=1 disc=0(0x00) | echo rx=0 tx=0 pend=0 stale=0
P t=134s rxkBps=90 blkkBps=0 pongs=49509(+378/s) cancels=4502(+31/s) notify=1 disc=0(0x00) | echo rx=0 tx=0 pend=0 stale=0
P t=135s rxkBps=88 blkkBps=0 pongs=49882(+373/s) cancels=4533(+31/s) notify=1 disc=0(0x00) | echo rx=0 tx=0 pend=0 stale=0
P t=136s rxkBps=92 blkkBps=0 pongs=50270(+388/s) cancels=4565(+32/s) notify=1 disc=0(0x00) | echo rx=0 tx=0 pend=0 stale=0
P t=137s rxkBps=82 blkkBps=0 pongs=50618(+348/s) cancels=4593(+28/s) notify=1 disc=0(0x00) | echo rx=0 tx=0 pend=0 stale=0
P t=138s rxkBps=88 blkkBps=0 pongs=50991(+373/s) cancels=4624(+31/s) notify=1 disc=0(0x00) | echo rx=0 tx=0 pend=0 stale=0
P t=139s rxkBps=94 blkkBps=0 pongs=51389(+398/s) cancels=4657(+33/s) notify=1 disc=0(0x00) | echo rx=0 tx=0 pend=0 stale=0
P t=140s rxkBps=91 blkkBps=0 pongs=51775(+386/s) cancels=4690(+33/s) notify=1 disc=0(0x00) | echo rx=0 tx=0 pend=0 stale=0
P t=141s rxkBps=91 blkkBps=0 pongs=52161(+386/s) cancels=4721(+31/s) notify=1 disc=0(0x00) | echo rx=0 tx=0 pend=0 stale=0
P t=142s rxkBps=91 blkkBps=0 pongs=52546(+385/s) cancels=4753(+32/s) notify=1 disc=0(0x00) | echo rx=0 tx=0 pend=0 stale=0
P t=143s rxkBps=86 blkkBps=0 pongs=52907(+361/s) cancels=4783(+30/s) notify=1 disc=0(0x00) | echo rx=0 tx=0 pend=0 stale=0
P t=144s rxkBps=83 blkkBps=0 pongs=53257(+350/s) cancels=4812(+29/s) notify=1 disc=0(0x00) | echo rx=0 tx=0 pend=0 stale=0
P t=145s rxkBps=86 blkkBps=0 pongs=53621(+364/s) cancels=4842(+30/s) notify=1 disc=0(0x00) | echo rx=0 tx=0 pend=0 stale=0
P t=146s rxkBps=81 blkkBps=0 pongs=53964(+343/s) cancels=4871(+29/s) notify=1 disc=0(0x00) | echo rx=0 tx=0 pend=0 stale=0
P t=147s rxkBps=91 blkkBps=0 pongs=54348(+384/s) cancels=4903(+32/s) notify=1 disc=0(0x00) | echo rx=0 tx=0 pend=0 stale=0
P t=148s rxkBps=94 blkkBps=0 pongs=54744(+396/s) cancels=4936(+33/s) notify=1 disc=0(0x00) | echo rx=0 tx=0 pend=0 stale=0
P t=149s rxkBps=92 blkkBps=0 pongs=55131(+387/s) cancels=4969(+33/s) notify=1 disc=0(0x00) | echo rx=0 tx=0 pend=0 stale=0
