le=0
P t=*** Booting Zephyr OS build v4.4.1-4-g6a2245e1dc81 ***
[00:11:22.488,538] [0m<inf> bt_hci_core: HW Platform: Nordic Semiconductor (0x0002)[0m
[00:11:22.488,551] [0m<inf> bt_hci_core: HW Variant: nRF54Lx (0x0005)[0m
[00:11:22.488,562] [0m<inf> bt_hci_core: Firmware: Standard Bluetooth controller (0x00) Version 4.4 Build 1[0m
[00:11:22.488,904] [0m<inf> bt_hci_core: HCI transport: Controller[0m
[00:11:22.488,951] [0m<inf> bt_hci_core: Identity: D6:C7:60:B1:D3:0E (random)[0m
[00:11:22.488,967] [0m<inf> bt_hci_core: HCI: version 5.4 (0x0d) revision 0x0000, manufacturer 0x05f1[0m
[00:11:22.488,982] [0m<inf> bt_hci_core: LMP: version 5.4 (0x0d) subver 0xffff[0m

=== nRF54L15 RTT ping-pong PERIPHERAL (echo) ===
advertising
GAP connected interval=7500
CCC: notify ENABLED
P t=1s rxkBps=7 blkkBps=0 pongs=31(+31/s) cancels=15(+15/s) notify=1 disc=0(0x00) | echo rx=0 tx=0 pend=0 stale=0
P t=2s rxkBps=62 blkkBps=0 pongs=294(+263/s) cancels=146(+131/s) notify=1 disc=0(0x00) | echo rx=0 tx=0 pend=0 stale=0
P t=3s rxkBps=63 blkkBps=0 pongs=561(+267/s) cancels=280(+134/s) notify=1 disc=0(0x00) | echo rx=0 tx=0 pend=0 stale=0
P t=4s rxkBps=62 blkkBps=0 pongs=823(+262/s) cancels=411(+131/s) notify=1 disc=0(0x00) | echo rx=0 tx=0 pend=0 stale=0
P t=5s rxkBps=62 blkkBps=0 pongs=1086(+263/s) cancels=542(+131/s) notify=1 disc=0(0x00) | echo rx=0 tx=0 pend=0 stale=0
P t=6s rxkBps=79 blkkBps=0 pongs=1418(+332/s) cancels=608(+66/s) notify=1 disc=0(0x00) | echo rx=0 tx=0 pend=0 stale=0
P t=7s rxkBps=87 blkkBps=0 pongs=1784(+366/s) cancels=637(+29/s) notify=1 disc=0(0x00) | echo rx=0 tx=0 pend=0 stale=0
P t=8s rxkBps=90 blkkBps=0 pongs=2164(+380/s) cancels=668(+31/s) notify=1 disc=0(0x00) | echo rx=0 tx=0 pend=0 stale=0
P t=9s rxkBps=89 blkkBps=0 pongs=2540(+376/s) cancels=699(+31/s) notify=1 disc=0(0x00) | echo rx=0 tx=0 pend=0 stale=0
P t=10s rxkBps=91 blkkBps=0 pongs=2922(+382/s) cancels=730(+31/s) notify=1 disc=0(0x00) | echo rx=0 tx=0 pend=0 stale=0
P t=11s rxkBps=87 blkkBps=0 pongs=3290(+368/s) cancels=759(+29/s) notify=1 disc=0(0x00) | echo rx=0 tx=0 pend=0 stale=0
P t=12s rxkBps=90 blkkBps=0 pongs=3669(+379/s) cancels=789(+30/s) notify=1 disc=0(0x00) | echo rx=0 tx=0 pend=0 stale=0
P t=13s rxkBps=86 blkkBps=0 pongs=4033(+364/s) cancels=818(+29/s) notify=1 disc=0(0x00) | echo rx=0 tx=0 pend=0 stale=0
P t=14s rxkBps=90 blkkBps=0 pongs=4412(+379/s) cancels=850(+32/s) notify=1 disc=0(0x00) | echo rx=0 tx=0 pend=0 stale=0
P t=15s rxkBps=84 blkkBps=0 pongs=4766(+354/s) cancels=879(+29/s) notify=1 disc=0(0x00) | echo rx=0 tx=0 pend=0 stale=0
P t=16s rxkBps=87 blkkBps=0 pongs=5134(+368/s) cancels=909(+30/s) notify=1 disc=0(0x00) | echo rx=0 tx=0 pend=0 stale=0
P t=17s rxkBps=78 blkkBps=0 pongs=5462(+328/s) cancels=934(+25/s) notify=1 disc=0(0x00) | echo rx=0 tx=0 pend=0 stale=0
P t=18s rxkBps=85 blkkBps=0 pongs=5821(+359/s) cancels=964(+30/s) notify=1 disc=0(0x00) | echo rx=0 tx=0 pend=0 stale=0
P t=19s rxkBps=84 blkkBps=0 pongs=6177(+356/s) cancels=993(+29/s) notify=1 disc=0(0x00) | echo rx=0 tx=0 pend=0 stale=0
P t=20s rxkBps=87 blkkBps=0 pongs=6544(+367/s) cancels=1024(+31/s) notify=1 disc=0(0x00) | echo rx=0 tx=0 pend=0 stale=0
P t=21s rxkBps=74 blkkBps=0 pongs=6856(+312/s) cancels=1050(+26/s) notify=1 disc=0(0x00) | echo rx=0 tx=0 pend=0 stale=0
P t=22s rxkBps=89 blkkBps=0 pongs=7232(+376/s) cancels=1081(+31/s) notify=1 disc=0(0x00) | echo rx=0 tx=0 pend=0 stale=0
P t=23s rxkBps=87 blkkBps=0 pongs=7599(+367/s) cancels=1112(+31/s) notify=1 disc=0(0x00) | echo rx=0 tx=0 pend=0 stale=0
P t=24s rxkBps=87 blkkBps=0 pongs=7968(+369/s) cancels=1141(+29/s) notify=1 disc=0(0x00) | echo rx=0 tx=0 pend=0 stale=0
P t=25s rxkBps=92 blkkBps=0 pongs=8355(+387/s) cancels=1173(+32/s) notify=1 disc=0(0x00) | echo rx=0 tx=0 pend=0 stale=0
P t=26s rxkBps=92 blkkBps=0 pongs=8743(+388/s) cancels=1206(+33/s) notify=1 disc=0(0x00) | echo rx=0 tx=0 pend=0 stale=0
P t=27s rxkBps=90 blkkBps=0 pongs=9122(+379/s) cancels=1237(+31/s) notify=1 disc=0(0x00) | echo rx=0 tx=0 pend=0 stale=0
P t=28s rxkBps=84 blkkBps=0 pongs=9477(+355/s) cancels=1264(+27/s) notify=1 disc=0(0x00) | echo rx=0 tx=0 pend=0 stale=0
P t=29s rxkBps=79 blkkBps=0 pongs=9809(+332/s) cancels=1291(+27/s) notify=1 disc=0(0x00) | echo rx=0 tx=0 pend=0 stale=0
P t=30s rxkBps=89 blkkBps=0 pongs=10186(+377/s) cancels=1321(+30/s) notify=1 disc=0(0x00) | echo rx=0 tx=0 pend=0 stale=0
P t=31s rxkBps=86 blkkBps=0 pongs=10547(+361/s) cancels=1351(+30/s) notify=1 disc=0(0x00) | echo rx=0 tx=0 pend=0 stale=0
P t=32s rxkBps=91 blkkBps=0 pongs=10933(+386/s) cancels=1384(+33/s) notify=1 disc=0(0x00) | echo rx=0 tx=0 pend=0 stale=0
P t=33s rxkBps=86 blkkBps=0 pongs=11294(+361/s) cancels=1414(+30/s) notify=1 disc=0(0x00) | echo rx=0 tx=0 pend=0 stale=0
P t=34s rxkBps=87 blkkBps=0 pongs=11661(+367/s) cancels=1445(+31/s) notify=1 disc=0(0x00) | echo rx=0 tx=0 pend=0 stale=0
P t=35s rxkBps=86 blkkBps=0 pongs=12024(+363/s) cancels=1475(+30/s) notify=1 disc=0(0x00) | echo rx=0 tx=0 pend=0 stale=0
P t=36s rxkBps=84 blkkBps=0 pongs=12378(+354/s) cancels=1504(+29/s) notify=1 disc=0(0x00) | echo rx=0 tx=0 pend=0 stale=0
P t=37s rxkBps=80 blkkBps=0 pongs=12715(+337/s) cancels=1533(+29/s) notify=1 disc=0(0x00) | echo rx=0 tx=0 pend=0 stale=0
P t=38s rxkBps=78 blkkBps=0 pongs=13045(+330/s) cancels=1559(+26/s) notify=1 disc=0(0x00) | echo rx=0 tx=0 pend=0 stale=0
P t=39s rxkBps=88 blkkBps=0 pongs=13415(+370/s) cancels=1589(+30/s) notify=1 disc=0(0x00) | echo rx=0 tx=0 pend=0 stale=0
P t=40s rxkBps=74 blkkBps=0 pongs=13726(+311/s) cancels=1615(+26/s) notify=1 disc=0(0x00) | echo rx=0 tx=0 pend=0 stale=0
P t=41s rxkBps=89 blkkBps=0 pongs=14102(+376/s) cancels=1647(+32/s) notify=1 disc=0(0x00) | echo rx=0 tx=0 pend=0 stale=0
P t=42s rxkBps=81 blkkBps=0 pongs=14444(+342/s) cancels=1673(+26/s) notify=1 disc=0(0x00) | echo rx=0 tx=0 pend=0 stale=0
P t=43s rxkBps=83 blkkBps=0 pongs=14796(+352/s) cancels=1702(+29/s) notify=1 disc=0(0x00) | echo rx=0 tx=0 pend=0 stale=0
P t=44s rxkBps=81 blkkBps=0 pongs=15139(+343/s) cancels=1730(+28/s) notify=1 disc=0(0x00) | echo rx=0 tx=0 pend=0 stale=0
P t=45s rxkBps=86 blkkBps=0 pongs=15502(+363/s) cancels=1760(+30/s) notify=1 disc=0(0x00) | echo rx=0 tx=0 pend=0 stale=0
P t=46s rxkBps=92 blkkBps=0 pongs=15891(+389/s) cancels=1791(+31/s) notify=1 disc=0(0x00) | echo rx=0 tx=0 pend=0 stale=0
P t=47s rxkBps=84 blkkBps=0 pongs=16245(+354/s) cancels=1820(+29/s) notify=1 disc=0(0x00) | echo rx=0 tx=0 pend=0 stale=0
P t=48s rxkBps=91 blkkBps=0 pongs=16629(+384/s) cancels=1850(+30/s) notify=1 disc=0(0x00) | echo rx=0 tx=0 pend=0 stale=0
P t=49s rxkBps=87 blkkBps=0 pongs=16997(+368/s) cancels=1881(+31/s) notify=1 disc=0(0x00) | echo rx=0 tx=0 pend=0 stale=0
P t=50s rxkBps=94 blkkBps=0 pongs=17393(+396/s) cancels=1914(+33/s) notify=1 disc=0(0x00) | echo rx=0 tx=0 pend=0 stale=0
P t=51s rxkBps=92 blkkBps=0 pongs=17781(+388/s) cancels=1946(+32/s) notify=1 disc=0(0x00) | echo rx=0 tx=0 pend=0 stale=0
P t=52s rxkBps=86 blkkBps=0 pongs=18143(+362/s) cancels=1977(+31/s) notify=1 disc=0(0x00) | echo rx=0 tx=0 pend=0 stale=0
P t=53s rxkBps=81 blkkBps=0 pongs=18483(+340/s) cancels=2005(+28/s) notify=1 disc=0(0x00) | echo rx=0 tx=0 pend=0 stale=0
P t=54s rxkBps=90 blkkBps=0 pongs=18862(+379/s) cancels=2035(+30/s) notify=1 disc=0(0x00) | echo rx=0 tx=0 pend=0 stale=0
P t=55s rxkBps=92 blkkBps=0 pongs=19252(+390/s) cancels=2068(+33/s) notify=1 disc=0(0x00) | echo rx=0 tx=0 pend=0 stale=0
P t=56s rxkBps=83 blkkBps=0 pongs=19603(+351/s) cancels=2097(+29/s) notify=1 disc=0(0x00) | echo rx=0 tx=0 pend=0 stale=0
P t=57s rxkBps=89 blkkBps=0 pongs=19978(+375/s) cancels=2128(+31/s) notify=1 disc=0(0x00) | echo rx=0 tx=0 pend=0 stale=0
P t=58s rxkBps=85 blkkBps=0 pongs=20335(+357/s) cancels=2156(+28/s) notify=1 disc=0(0x00) | echo rx=0 tx=0 pend=0 stale=0
P t=59s rxkBps=91 blkkBps=0 pongs=20718(+383/s) cancels=2188(+32/s) notify=1 disc=0(0x00) | echo rx=0 tx=0 pend=0 stale=0
P t=60s rxkBps=93 blkkBps=0 pongs=21111(+393/s) cancels=2220(+32/s) notify=1 disc=0(0x00) | echo rx=0 tx=0 pend=0 stale=0
P t=61s rxkBps=93 blkkBps=0 pongs=21505(+394/s) cancels=2253(+33/s) notify=1 disc=0(0x00) | echo rx=0 tx=0 pend=0 stale=0
P t=62s rxkBps=91 blkkBps=0 pongs=21888(+383/s) cancels=2285(+32/s) notify=1 disc=0(0x00) | echo rx=0 tx=0 pend=0 stale=0
P t=63s rxkBps=89 blkkBps=0 pongs=22262(+374/s) cancels=2316(+31/s) notify=1 disc=0(0x00) | echo rx=0 tx=0 pend=0 stale=0
P t=64s rxkBps=87 blkkBps=0 pongs=22629(+367/s) cancels=2346(+30/s) notify=1 disc=0(0x00) | echo rx=0 tx=0 pend=0 stale=0
P t=65s rxkBps=85 blkkBps=0 pongs=22989(+360/s) cancels=2376(+30/s) notify=1 disc=0(0x00) | echo rx=0 tx=0 pend=0 stale=0
P t=66s rxkBps=94 blkkBps=0 pongs=23386(+397/s) cancels=2409(+33/s) notify=1 disc=0(0x00) | echo rx=0 tx=0 pend=0 stale=0
P t=67s rxkBps=93 blkkBps=0 pongs=23777(+391/s) cancels=2442(+33/s) notify=1 disc=0(0x00) | echo rx=0 tx=0 pend=0 stale=0
P t=68s rxkBps=95 blkkBps=0 pongs=24176(+399/s) cancels=2475(+33/s) notify=1 disc=0(0x00) | echo rx=0 tx=0 pend=0 stale=0
P t=69s rxkBps=89 blkkBps=0 pongs=24553(+377/s) cancels=2505(+30/s) notify=1 disc=0(0x00) | echo rx=0 tx=0 pend=0 stale=0
P t=70s rxkBps=92 blkkBps=0 pongs=24942(+389/s) cancels=2538(+33/s) notify=1 disc=0(0x00) | echo rx=0 tx=0 pend=0 stale=0
P t=71s rxkBps=94 blkkBps=0 pongs=25340(+398/s) cancels=2570(+32/s) notify=1 disc=0(0x00) | echo rx=0 tx=0 pend=0 stale=0
P t=72s rxkBps=92 blkkBps=0 pongs=25728(+388/s) cancels=2602(+32/s) notify=1 disc=0(0x00) | echo rx=0 tx=0 pend=0 stale=0
P t=73s rxkBps=89 blkkBps=0 pongs=26105(+377/s) cancels=2633(+31/s) notify=1 disc=0(0x00) | echo rx=0 tx=0 pend=0 stale=0
P t=74s rxkBps=90 blkkBps=0 pongs=26486(+381/s) cancels=2664(+31/s) notify=1 disc=0(0x00) | echo rx=0 tx=0 pend=0 stale=0
P t=75s rxkBps=89 blkkBps=0 pongs=26860(+374/s) cancels=2693(+29/s) notify=1 disc=0(0x00) | echo rx=0 tx=0 pend=0 stale=0
P t=76s rxkBps=95 blkkBps=0 pongs=27260(+400/s) cancels=2727(+34/s) notify=1 disc=0(0x00) | echo rx=0 tx=0 pend=0 stale=0
P t=77s rxkBps=94 blkkBps=0 pongs=27658(+398/s) cancels=2760(+33/s) notify=1 disc=0(0x00) | echo rx=0 tx=0 pend=0 stale=0
P t=78s rxkBps=95 blkkBps=0 pongs=28058(+400/s) cancels=2793(+33/s) notify=1 disc=0(0x00) | echo rx=0 tx=0 pend=0 stale=0
P t=79s rxkBps=89 blkkBps=0 pongs=28432(+374/s) cancels=2825(+32/s) notify=1 disc=0(0x00) | echo rx=0 tx=0 pend=0 stale=0
P t=80s rxkBps=94 blkkBps=0 pongs=28829(+397/s) cancels=2858(+33/s) notify=1 disc=0(0x00) | echo rx=0 tx=0 pend=0 stale=0
P t=81s rxkBps=94 blkkBps=0 pongs=29227(+398/s) cancels=2891(+33/s) notify=1 disc=0(0x00) | echo rx=0 tx=0 pend=0 stale=0
P t=82s rxkBps=92 blkkBps=0 pongs=29616(+389/s) cancels=2924(+33/s) notify=1 disc=0(0x00) | echo rx=0 tx=0 pend=0 stale=0
P t=83s rxkBps=94 blkkBps=0 pongs=30014(+398/s) cancels=2957(+33/s) notify=1 disc=0(0x00) | echo rx=0 tx=0 pend=0 stale=0
P t=84s rxkBps=89 blkkBps=0 pongs=30390(+376/s) cancels=2988(+31/s) notify=1 disc=0(0x00) | echo rx=0 tx=0 pend=0 stale=0
P t=85s rxkBps=93 blkkBps=0 pongs=30783(+393/s) cancels=3020(+32/s) notify=1 disc=0(0x00) | echo rx=0 tx=0 pend=0 stale=0
P t=86s rxkBps=91 blkkBps=0 pongs=31165(+382/s) cancels=3049(+29/s) notify=1 disc=0(0x00) | echo rx=0 tx=0 pend=0 stale=0
P t=87s rxkBps=91 blkkBps=0 pongs=31548(+383/s) cancels=3080(+31/s) notify=1 disc=0(0x00) | echo rx=0 tx=0 pend=0 stale=0
P t=88s rxkBps=88 blkkBps=0 pongs=31918(+370/s) cancels=3111(+31/s) notify=1 disc=0(0x00) | echo rx=0 tx=0 pend=0 stale=0
P t=89s rxkBps=84 blkkBps=0 pongs=32272(+354/s) cancels=3139(+28/s) notify=1 disc=0(0x00) | echo rx=0 tx=0 pend=0 stale=0
P t=90s rxkBps=93 blkkBps=0 pongs=32664(+392/s) cancels=3171(+32/s) notify=1 disc=0(0x00) | echo rx=0 tx=0 pend=0 stale=0
P t=91s rxkBps=94 blkkBps=0 pongs=33061(+397/s) cancels=3205(+34/s) notify=1 disc=0(0x00) | echo rx=0 tx=0 pend=0 stale=0
P t=92s rxkBps=92 blkkBps=0 pongs=33450(+389/s) cancels=3236(+31/s) notify=1 disc=0(0x00) | echo rx=0 tx=0 pend=0 stale=0
P t=93s rxkBps=95 blkkBps=0 pongs=33849(+399/s) cancels=3269(+33/s) notify=1 disc=0(0x00) | echo rx=0 tx=0 pend=0 stale=0
P t=94s rxkBps=90 blkkBps=0 pongs=34230(+381/s) cancels=3301(+32/s) notify=1 disc=0(0x00) | echo rx=0 tx=0 pend=0 stale=0
P t=95s rxkBps=90 blkkBps=0 pongs=34611(+381/s) cancels=3332(+31/s) notify=1 disc=0(0x00) | echo rx=0 tx=0 pend=0 stale=0
P t=96s rxkBps=95 blkkBps=0 pongs=35011(+400/s) cancels=3365(+33/s) notify=1 disc=0(0x00) | echo rx=0 tx=0 pend=0 stale=0
P t=97s rxkBps=95 blkkBps=0 pongs=35410(+399/s) cancels=3399(+34/s) notify=1 disc=0(0x00) | echo rx=0 tx=0 pend=0 stale=0
P t=98s rxkBps=94 blkkBps=0 pongs=35806(+396/s) cancels=3432(+33/s) notify=1 disc=0(0x00) | echo rx=0 tx=0 pend=0 stale=0
P t=99s rxkBps=92 blkkBps=0 pongs=36196(+390/s) cancels=3463(+31/s) notify=1 disc=0(0x00) | echo rx=0 tx=0 pend=0 stale=0
P t=100s rxkBps=86 blkkBps=0 pongs=36561(+365/s) cancels=3493(+30/s) notify=1 disc=0(0x00) | echo rx=0 tx=0 pend=0 stale=0
P t=101s rxkBps=83 blkkBps=0 pongs=36911(+350/s) cancels=3521(+28/s) notify=1 disc=0(0x00) | echo rx=0 tx=0 pend=0 stale=0
P t=102s rxkBps=83 blkkBps=0 pongs=37262(+351/s) cancels=3548(+27/s) notify=1 disc=0(0x00) | echo rx=0 tx=0 pend=0 stale=0
P t=103s rxkBps=81 blkkBps=0 pongs=37606(+344/s) cancels=3576(+28/s) notify=1 disc=0(0x00) | echo rx=0 tx=0 pend=0 stale=0
P t=104s rxkBps=87 blkkBps=0 pongs=37974(+368/s) cancels=3605(+29/s) notify=1 disc=0(0x00) | echo rx=0 tx=0 pend=0 stale=0
P t=105s rxkBps=91 blkkBps=0 pongs=38358(+384/s) cancels=3636(+31/s) notify=1 disc=0(0x00) | echo rx=0 tx=0 pend=0 stale=0
P t=106s rxkBps=84 blkkBps=0 pongs=38711(+353/s) cancels=3666(+30/s) notify=1 disc=0(0x00) | echo rx=0 tx=0 pend=0 stale=0
P t=107s rxkBps=89 blkkBps=0 pongs=39087(+376/s) cancels=3697(+31/s) notify=1 disc=0(0x00) | echo rx=0 tx=0 pend=0 stale=0
P t=108s rxkBps=84 blkkBps=0 pongs=39443(+356/s) cancels=3724(+27/s) notify=1 disc=0(0x00) | echo rx=0 tx=0 pend=0 stale=0
P t=109s rxkBps=88 blkkBps=0 pongs=39813(+370/s) cancels=3755(+31/s) notify=1 disc=0(0x00) | echo rx=0 tx=0 pend=0 stale=0
P t=110s rxkBps=76 blkkBps=0 pongs=40134(+321/s) cancels=3782(+27/s) notify=1 disc=0(0x00) | echo rx=0 tx=0 pend=0 stale=0
P t=111s rxkBps=87 blkkBps=0 pongs=40502(+368/s) cancels=3812(+30/s) notify=1 disc=0(0x00) | echo rx=0 tx=0 pend=0 stale=0
P t=112s rxkBps=88 blkkBps=0 pongs=40872(+370/s) cancels=3842(+30/s) notify=1 disc=0(0x00) | echo rx=0 tx=0 pend=0 stale=0
P t=113s rxkBps=90 blkkBps=0 pongs=41253(+381/s) cancels=3873(+31/s) notify=1 disc=0(0x00) | echo rx=0 tx=0 pend=0 stale=0
P t=114s rxkBps=92 blkkBps=0 pongs=41640(+387/s) cancels=3904(+31/s) notify=1 disc=0(0x00) | echo rx=0 tx=0 pend=0 stale=0
P t=115s rxkBps=92 blkkBps=0 pongs=42029(+389/s) cancels=3937(+33/s) notify=1 disc=0(0x00) | echo rx=0 tx=0 pend=0 stale=0
P t=116s rxkBps=83 blkkBps=0 pongs=42379(+350/s) cancels=3965(+28/s) notify=1 disc=0(0x00) | echo rx=0 tx=0 pend=0 stale=0
P t=117s rxkBps=91 blkkBps=0 pongs=42761(+382/s) cancels=3996(+31/s) notify=1 disc=0(0x00) | echo rx=0 tx=0 pend=0 stale=0
P t=118s rxkBps=90 blkkBps=0 pongs=43140(+379/s) cancels=4026(+30/s) notify=1 disc=0(0x00) | echo rx=0 tx=0 pend=0 stale=0
P t=119s rxkBps=94 blkkBps=0 pongs=43538(+398/s) cancels=4059(+33/s) notify=1 disc=0(0x00) | echo rx=0 tx=0 pend=0 stale=0
P t=120s rxkBps=91 blkkBps=0 pongs=43923(+385/s) cancels=4091(+32/s) notify=1 disc=0(0x00) | echo rx=0 tx=0 pend=0 stale=0
P t=121s rxkBps=89 blkkBps=0 pongs=44297(+374/s) cancels=4121(+30/s) notify=1 disc=0(0x00) | echo rx=0 tx=0 pend=0 stale=0
P t=122s rxkBps=81 blkkBps=0 pongs=44638(+341/s) cancels=4148(+27/s) notify=1 disc=0(0x00) | echo rx=0 tx=0 pend=0 stale=0
P t=123s rxkBps=91 blkkBps=0 pongs=45024(+386/s) cancels=4180(+32/s) notify=1 disc=0(0x00) | echo rx=0 tx=0 pend=0 stale=0
P t=124s rxkBps=72 blkkBps=0 pongs=45327(+303/s) cancels=4204(+24/s) notify=1 disc=0(0x00) | echo rx=0 tx=0 pend=0 stale=0
P t=125s rxkBps=70 blkkBps=0 pongs=45621(+294/s) cancels=4227(+23/s) notify=1 disc=0(0x00) | echo rx=0 tx=0 pend=0 stale=0
P t=126s rxkBps=90 blkkBps=0 pongs=46000(+379/s) cancels=4259(+32/s) notify=1 disc=0(0x00) | echo rx=0 tx=0 pend=0 stale=0
P t=127s rxkBps=87 blkkBps=0 pongs=46366(+366/s) cancels=4287(+28/s) notify=1 disc=0(0x00) | echo rx=0 tx=0 pend=0 stale=0
P t=128s rxkBps=86 blkkBps=0 pongs=46731(+365/s) cancels=4317(+30/s) notify=1 disc=0(0x00) | echo rx=0 tx=0 pend=0 stale=0
P t=129s rxkBps=88 blkkBps=0 pongs=47104(+373/s) cancels=4349(+32/s) notify=1 disc=0(0x00) | echo rx=0 tx=0 pend=0 stale=0
P t=130s rxkBps=91 blkkBps=0 pongs=47488(+384/s) cancels=4380(+31/s) notify=1 disc=0(0x00) | echo rx=0 tx=0 pend=0 stale=0
P t=131s rxkBps=90 blkkBps=0 pongs=47869(+381/s) cancels=4409(+29/s) notify=1 disc=0(0x00) | echo rx=0 tx=0 pend=0 stale=0
P t=132s rxkBps=75 blkkBps=0 pongs=48185(+316/s) cancels=4434(+25/s) notify=1 disc=0(0x00) | echo rx=0 tx=0 pend=0 stale=0
P t=133s rxkBps=85 blkkBps=0 pongs=48544(+359/s) cancels=4463(+29/s) notify=1 disc=0(0x00) | echo rx=0 tx=0 pend=0 stale=0
P t=134s rxkBps=89 blkkBps=0 pongs=48919(+375/s) cancels=4494(+31/s) notify=1 disc=0(0x00) | echo rx=0 tx=0 pend=0 stale=0
P t=135s rxkBps=86 blkkBps=0 pongs=49281(+362/s) cancels=4524(+30/s) notify=1 disc=0(0x00) | echo rx=0 tx=0 pend=0 stale=0
P t=136s rxkBps=86 blkkBps=0 pongs=49646(+365/s) cancels=4553(+29/s) notify=1 disc=0(0x00) | echo rx=0 tx=0 pend=0 stale=0
P t=137s rxkBps=91 blkkBps=0 pongs=50030(+384/s) cancels=4584(+31/s) notify=1 disc=0(0x00) | echo rx=0 tx=0 pend=0 stale=0
P t=138s rxkBps=91 blkkBps=0 pongs=50415(+385/s) cancels=4616(+32/s) notify=1 disc=0(0x00) | echo rx=0 tx=0 pend=0 stale=0
P t=139s rxkBps=90 blkkBps=0 pongs=50796(+381/s) cancels=4646(+30/s) notify=1 disc=0(0x00) | echo rx=0 tx=0 pend=0 stale=0
P t=140s rxkBps=91 blkkBps=0 pongs=51182(+386/s) cancels=4678(+32/s) notify=1 disc=0(0x00) | echo rx=0 tx=0 pend=0 stale=0
P t=141s rxkBps=86 blkkBps=0 pongs=51547(+365/s) cancels=4708(+30/s) notify=1 disc=0(0x00) | echo rx=0 tx=0 pend=0 stale=0
P t=142s rxkBps=91 blkkBps=0 pongs=51930(+383/s) cancels=4740(+32/s) notify=1 disc=0(0x00) | echo rx=0 tx=0 pend=0 stale=0
P t=143s rxkBps=92 blkkBps=0 pongs=52318(+388/s) cancels=4772(+32/s) notify=1 disc=0(0x00) | echo rx=0 tx=0 pend=0 stale=0
P t=144s rxkBps=90 blkkBps=0 pongs=52697(+379/s) cancels=4804(+32/s) notify=1 disc=0(0x00) | echo rx=0 tx=0 pend=0 stale=0
P t=145s rxkBps=93 blkkBps=0 pongs=53089(+392/s) cancels=4836(+32/s) notify=1 disc=0(0x00) | echo rx=0 tx=0 pend=0 stale=0
P t=146s rxkBps=95 blkkBps=0 pongs=53488(+399/s) cancels=4869(+33/s) notify=1 disc=0(0x00) | echo rx=0 tx=0 pend=0 stale=0
P t=147s rxkBps=88 blkkBps=0 pongs=53861(+373/s) cancels=4901(+32/s) notify=1 disc=0(0x00) | echo rx=0 tx=0 pend=0 stale=0
P t=148s rxkBps=89 blkkBps=0 pongs=54235(+374/s) cancels=4930(+29/s) notify=1 disc=0(0x00) | echo rx=0 tx=0 pend=0 stale=0
P t=149s rxkBps=90 blkkBps=0 pongs=54614(+379/s) cancels=4960(+30/s) notify=1 disc=0(0x00) | echo rx=0 tx=0 pend=0 stale=0
