0
P t=*** Booting Zephyr OS build v4.4.1-4-g6a2245e1dc81 ***
[00:16:29.556,287] [0m<inf> bt_hci_core: HW Platform: Nordic Semiconductor (0x0002)[0m
[00:16:29.556,299] [0m<inf> bt_hci_core: HW Variant: nRF54Lx (0x0005)[0m
[00:16:29.556,310] [0m<inf> bt_hci_core: Firmware: Standard Bluetooth controller (0x00) Version 4.4 Build 1[0m
[00:16:29.556,653] [0m<inf> bt_hci_core: HCI transport: Controller[0m
[00:16:29.556,699] [0m<inf> bt_hci_core: Identity: D6:C7:60:B1:D3:0E (random)[0m
[00:16:29.556,715] [0m<inf> bt_hci_core: HCI: version 5.4 (0x0d) revision 0x0000, manufacturer 0x05f1[0m
[00:16:29.556,730] [0m<inf> bt_hci_core: LMP: version 5.4 (0x0d) subver 0xffff[0m

=== nRF54L15 RTT ping-pong PERIPHERAL (echo) ===
advertising
GAP connected interval=7500
P t=1s rxkBps=0 blkkBps=0 pongs=0(+0/s) cancels=0(+0/s) notify=0 disc=0(0x00) | echo rx=0 tx=0 pend=0 stale=0
P t=2s rxkBps=0 blkkBps=0 pongs=0(+0/s) cancels=0(+0/s) notify=0 disc=0(0x00) | echo rx=0 tx=0 pend=0 stale=0
P t=3s rxkBps=0 blkkBps=0 pongs=0(+0/s) cancels=0(+0/s) notify=0 disc=0(0x00) | echo rx=0 tx=0 pend=0 stale=0
P t=4s rxkBps=0 blkkBps=0 pongs=0(+0/s) cancels=0(+0/s) notify=0 disc=0(0x00) | echo rx=0 tx=0 pend=0 stale=0
GAP disconnected 0x08  lifetime=-1ms pongs_in_conn=0
advertising
GAP connected interval=7500
CCC: notify ENABLED
P t=5s rxkBps=15 blkkBps=0 pongs=67(+67/s) cancels=33(+33/s) notify=1 disc=1(0x08) | echo rx=0 tx=0 pend=0 stale=0
P t=6s rxkBps=63 blkkBps=0 pongs=333(+266/s) cancels=166(+133/s) notify=1 disc=1(0x08) | echo rx=0 tx=0 pend=0 stale=0
P t=7s rxkBps=60 blkkBps=0 pongs=588(+255/s) cancels=293(+127/s) notify=1 disc=1(0x08) | echo rx=0 tx=0 pend=0 stale=0
P t=8s rxkBps=62 blkkBps=0 pongs=851(+263/s) cancels=425(+132/s) notify=1 disc=1(0x08) | echo rx=0 tx=0 pend=0 stale=0
P t=9s rxkBps=61 blkkBps=0 pongs=1111(+260/s) cancels=555(+130/s) notify=1 disc=1(0x08) | echo rx=0 tx=0 pend=0 stale=0
P t=10s rxkBps=81 blkkBps=0 pongs=1455(+344/s) cancels=612(+57/s) notify=1 disc=1(0x08) | echo rx=0 tx=0 pend=0 stale=0
P t=11s rxkBps=86 blkkBps=0 pongs=1820(+365/s) cancels=643(+31/s) notify=1 disc=1(0x08) | echo rx=0 tx=0 pend=0 stale=0
P t=12s rxkBps=93 blkkBps=0 pongs=2214(+394/s) cancels=676(+33/s) notify=1 disc=1(0x08) | echo rx=0 tx=0 pend=0 stale=0
P t=13s rxkBps=91 blkkBps=0 pongs=2597(+383/s) cancels=707(+31/s) notify=1 disc=1(0x08) | echo rx=0 tx=0 pend=0 stale=0
P t=14s rxkBps=91 blkkBps=0 pongs=2983(+386/s) cancels=739(+32/s) notify=1 disc=1(0x08) | echo rx=0 tx=0 pend=0 stale=0
P t=15s rxkBps=95 blkkBps=0 pongs=3383(+400/s) cancels=772(+33/s) notify=1 disc=1(0x08) | echo rx=0 tx=0 pend=0 stale=0
P t=16s rxkBps=91 blkkBps=0 pongs=3769(+386/s) cancels=805(+33/s) notify=1 disc=1(0x08) | echo rx=0 tx=0 pend=0 stale=0
P t=17s rxkBps=90 blkkBps=0 pongs=4149(+380/s) cancels=836(+31/s) notify=1 disc=1(0x08) | echo rx=0 tx=0 pend=0 stale=0
P t=18s rxkBps=93 blkkBps=0 pongs=4543(+394/s) cancels=868(+32/s) notify=1 disc=1(0x08) | echo rx=0 tx=0 pend=0 stale=0
P t=19s rxkBps=94 blkkBps=0 pongs=4941(+398/s) cancels=902(+34/s) notify=1 disc=1(0x08) | echo rx=0 tx=0 pend=0 stale=0
P t=20s rxkBps=93 blkkBps=0 pongs=5333(+392/s) cancels=934(+32/s) notify=1 disc=1(0x08) | echo rx=0 tx=0 pend=0 stale=0
P t=21s rxkBps=94 blkkBps=0 pongs=5729(+396/s) cancels=966(+32/s) notify=1 disc=1(0x08) | echo rx=0 tx=0 pend=0 stale=0
P t=22s rxkBps=92 blkkBps=0 pongs=6116(+387/s) cancels=999(+33/s) notify=1 disc=1(0x08) | echo rx=0 tx=0 pend=0 stale=0
P t=23s rxkBps=92 blkkBps=0 pongs=6506(+390/s) cancels=1031(+32/s) notify=1 disc=1(0x08) | echo rx=0 tx=0 pend=0 stale=0
P t=24s rxkBps=94 blkkBps=0 pongs=6901(+395/s) cancels=1063(+32/s) notify=1 disc=1(0x08) | echo rx=0 tx=0 pend=0 stale=0
P t=25s rxkBps=94 blkkBps=0 pongs=7299(+398/s) cancels=1097(+34/s) notify=1 disc=1(0x08) | echo rx=0 tx=0 pend=0 stale=0
P t=26s rxkBps=95 blkkBps=0 pongs=7698(+399/s) cancels=1130(+33/s) notify=1 disc=1(0x08) | echo rx=0 tx=0 pend=0 stale=0
P t=27s rxkBps=94 blkkBps=0 pongs=8095(+397/s) cancels=1163(+33/s) notify=1 disc=1(0x08) | echo rx=0 tx=0 pend=0 stale=0
P t=28s rxkBps=89 blkkBps=0 pongs=8472(+377/s) cancels=1194(+31/s) notify=1 disc=1(0x08) | echo rx=0 tx=0 pend=0 stale=0
P t=29s rxkBps=87 blkkBps=0 pongs=8838(+366/s) cancels=1223(+29/s) notify=1 disc=1(0x08) | echo rx=0 tx=0 pend=0 stale=0
P t=30s rxkBps=92 blkkBps=0 pongs=9228(+390/s) cancels=1255(+32/s) notify=1 disc=1(0x08) | echo rx=0 tx=0 pend=0 stale=0
P t=31s rxkBps=92 blkkBps=0 pongs=9618(+390/s) cancels=1288(+33/s) notify=1 disc=1(0x08) | echo rx=0 tx=0 pend=0 stale=0
P t=32s rxkBps=94 blkkBps=0 pongs=10014(+396/s) cancels=1321(+33/s) notify=1 disc=1(0x08) | echo rx=0 tx=0 pend=0 stale=0
P t=33s rxkBps=94 blkkBps=0 pongs=10412(+398/s) cancels=1354(+33/s) notify=1 disc=1(0x08) | echo rx=0 tx=0 pend=0 stale=0
P t=34s rxkBps=94 blkkBps=0 pongs=10808(+396/s) cancels=1388(+34/s) notify=1 disc=1(0x08) | echo rx=0 tx=0 pend=0 stale=0
P t=35s rxkBps=93 blkkBps=0 pongs=11200(+392/s) cancels=1421(+33/s) notify=1 disc=1(0x08) | echo rx=0 tx=0 pend=0 stale=0
P t=36s rxkBps=91 blkkBps=0 pongs=11586(+386/s) cancels=1451(+30/s) notify=1 disc=1(0x08) | echo rx=0 tx=0 pend=0 stale=0
P t=37s rxkBps=89 blkkBps=0 pongs=11963(+377/s) cancels=1483(+32/s) notify=1 disc=1(0x08) | echo rx=0 tx=0 pend=0 stale=0
P t=38s rxkBps=94 blkkBps=0 pongs=12358(+395/s) cancels=1515(+32/s) notify=1 disc=1(0x08) | echo rx=0 tx=0 pend=0 stale=0
P t=39s rxkBps=93 blkkBps=0 pongs=12749(+391/s) cancels=1547(+32/s) notify=1 disc=1(0x08) | echo rx=0 tx=0 pend=0 stale=0
P t=40s rxkBps=92 blkkBps=0 pongs=13137(+388/s) cancels=1580(+33/s) notify=1 disc=1(0x08) | echo rx=0 tx=0 pend=0 stale=0
P t=41s rxkBps=94 blkkBps=0 pongs=13535(+398/s) cancels=1613(+33/s) notify=1 disc=1(0x08) | echo rx=0 tx=0 pend=0 stale=0
P t=42s rxkBps=92 blkkBps=0 pongs=13923(+388/s) cancels=1644(+31/s) notify=1 disc=1(0x08) | echo rx=0 tx=0 pend=0 stale=0
P t=43s rxkBps=93 blkkBps=0 pongs=14317(+394/s) cancels=1677(+33/s) notify=1 disc=1(0x08) | echo rx=0 tx=0 pend=0 stale=0
P t=44s rxkBps=85 blkkBps=0 pongs=14675(+358/s) cancels=1705(+28/s) notify=1 disc=1(0x08) | echo rx=0 tx=0 pend=0 stale=0
P t=45s rxkBps=92 blkkBps=0 pongs=15062(+387/s) cancels=1736(+31/s) notify=1 disc=1(0x08) | echo rx=0 tx=0 pend=0 stale=0
P t=46s rxkBps=94 blkkBps=0 pongs=15457(+395/s) cancels=1769(+33/s) notify=1 disc=1(0x08) | echo rx=0 tx=0 pend=0 stale=0
P t=47s rxkBps=90 blkkBps=0 pongs=15836(+379/s) cancels=1800(+31/s) notify=1 disc=1(0x08) | echo rx=0 tx=0 pend=0 stale=0
P t=48s rxkBps=89 blkkBps=0 pongs=16213(+377/s) cancels=1831(+31/s) notify=1 disc=1(0x08) | echo rx=0 tx=0 pend=0 stale=0
P t=49s rxkBps=91 blkkBps=0 pongs=16598(+385/s) cancels=1864(+33/s) notify=1 disc=1(0x08) | echo rx=0 tx=0 pend=0 stale=0
P t=50s rxkBps=89 blkkBps=0 pongs=16973(+375/s) cancels=1894(+30/s) notify=1 disc=1(0x08) | echo rx=0 tx=0 pend=0 stale=0
P t=51s rxkBps=92 blkkBps=0 pongs=17363(+390/s) cancels=1926(+32/s) notify=1 disc=1(0x08) | echo rx=0 tx=0 pend=0 stale=0
P t=52s rxkBps=87 blkkBps=0 pongs=17730(+367/s) cancels=1957(+31/s) notify=1 disc=1(0x08) | echo rx=0 tx=0 pend=0 stale=0
P t=53s rxkBps=85 blkkBps=0 pongs=18087(+357/s) cancels=1986(+29/s) notify=1 disc=1(0x08) | echo rx=0 tx=0 pend=0 stale=0
P t=54s rxkBps=94 blkkBps=0 pongs=18483(+396/s) cancels=2019(+33/s) notify=1 disc=1(0x08) | echo rx=0 tx=0 pend=0 stale=0
P t=55s rxkBps=89 blkkBps=0 pongs=18857(+374/s) cancels=2050(+31/s) notify=1 disc=1(0x08) | echo rx=0 tx=0 pend=0 stale=0
P t=56s rxkBps=87 blkkBps=0 pongs=19223(+366/s) cancels=2080(+30/s) notify=1 disc=1(0x08) | echo rx=0 tx=0 pend=0 stale=0
P t=57s rxkBps=93 blkkBps=0 pongs=19615(+392/s) cancels=2112(+32/s) notify=1 disc=1(0x08) | echo rx=0 tx=0 pend=0 stale=0
P t=58s rxkBps=89 blkkBps=0 pongs=19989(+374/s) cancels=2142(+30/s) notify=1 disc=1(0x08) | echo rx=0 tx=0 pend=0 stale=0
P t=59s rxkBps=89 blkkBps=0 pongs=20363(+374/s) cancels=2172(+30/s) notify=1 disc=1(0x08) | echo rx=0 tx=0 pend=0 stale=0
P t=60s rxkBps=87 blkkBps=0 pongs=20732(+369/s) cancels=2201(+29/s) notify=1 disc=1(0x08) | echo rx=0 tx=0 pend=0 stale=0
P t=61s rxkBps=87 blkkBps=0 pongs=21098(+366/s) cancels=2230(+29/s) notify=1 disc=1(0x08) | echo rx=0 tx=0 pend=0 stale=0
P t=62s rxkBps=92 blkkBps=0 pongs=21485(+387/s) cancels=2261(+31/s) notify=1 disc=1(0x08) | echo rx=0 tx=0 pend=0 stale=0
P t=63s rxkBps=93 blkkBps=0 pongs=21876(+391/s) cancels=2293(+32/s) notify=1 disc=1(0x08) | echo rx=0 tx=0 pend=0 stale=0
P t=64s rxkBps=94 blkkBps=0 pongs=22274(+398/s) cancels=2327(+34/s) notify=1 disc=1(0x08) | echo rx=0 tx=0 pend=0 stale=0
P t=65s rxkBps=86 blkkBps=0 pongs=22638(+364/s) cancels=2357(+30/s) notify=1 disc=1(0x08) | echo rx=0 tx=0 pend=0 stale=0
P t=66s rxkBps=94 blkkBps=0 pongs=23035(+397/s) cancels=2390(+33/s) notify=1 disc=1(0x08) | echo rx=0 tx=0 pend=0 stale=0
P t=67s rxkBps=93 blkkBps=0 pongs=23429(+394/s) cancels=2423(+33/s) notify=1 disc=1(0x08) | echo rx=0 tx=0 pend=0 stale=0
P t=68s rxkBps=94 blkkBps=0 pongs=23824(+395/s) cancels=2455(+32/s) notify=1 disc=1(0x08) | echo rx=0 tx=0 pend=0 stale=0
P t=69s rxkBps=95 blkkBps=0 pongs=24223(+399/s) cancels=2488(+33/s) notify=1 disc=1(0x08) | echo rx=0 tx=0 pend=0 stale=0
P t=70s rxkBps=94 blkkBps=0 pongs=24619(+396/s) cancels=2522(+34/s) notify=1 disc=1(0x08) | echo rx=0 tx=0 pend=0 stale=0
P t=71s rxkBps=91 blkkBps=0 pongs=25001(+382/s) cancels=2554(+32/s) notify=1 disc=1(0x08) | echo rx=0 tx=0 pend=0 stale=0
P t=72s rxkBps=91 blkkBps=0 pongs=25383(+382/s) cancels=2585(+31/s) notify=1 disc=1(0x08) | echo rx=0 tx=0 pend=0 stale=0
P t=73s rxkBps=90 blkkBps=0 pongs=25763(+380/s) cancels=2617(+32/s) notify=1 disc=1(0x08) | echo rx=0 tx=0 pend=0 stale=0
P t=74s rxkBps=78 blkkBps=0 pongs=26091(+328/s) cancels=2644(+27/s) notify=1 disc=1(0x08) | echo rx=0 tx=0 pend=0 stale=0
P t=75s rxkBps=90 blkkBps=0 pongs=26469(+378/s) cancels=2676(+32/s) notify=1 disc=1(0x08) | echo rx=0 tx=0 pend=0 stale=0
P t=76s rxkBps=88 blkkBps=0 pongs=26840(+371/s) cancels=2707(+31/s) notify=1 disc=1(0x08) | echo rx=0 tx=0 pend=0 stale=0
P t=77s rxkBps=91 blkkBps=0 pongs=27226(+386/s) cancels=2738(+31/s) notify=1 disc=1(0x08) | echo rx=0 tx=0 pend=0 stale=0
P t=78s rxkBps=89 blkkBps=0 pongs=27601(+375/s) cancels=2768(+30/s) notify=1 disc=1(0x08) | echo rx=0 tx=0 pend=0 stale=0
P t=79s rxkBps=91 blkkBps=0 pongs=27987(+386/s) cancels=2801(+33/s) notify=1 disc=1(0x08) | echo rx=0 tx=0 pend=0 stale=0
P t=80s rxkBps=94 blkkBps=0 pongs=28385(+398/s) cancels=2834(+33/s) notify=1 disc=1(0x08) | echo rx=0 tx=0 pend=0 stale=0
P t=81s rxkBps=93 blkkBps=0 pongs=28778(+393/s) cancels=2866(+32/s) notify=1 disc=1(0x08) | echo rx=0 tx=0 pend=0 stale=0
P t=82s rxkBps=92 blkkBps=0 pongs=29168(+390/s) cancels=2899(+33/s) notify=1 disc=1(0x08) | echo rx=0 tx=0 pend=0 stale=0
P t=83s rxkBps=92 blkkBps=0 pongs=29555(+387/s) cancels=2931(+32/s) notify=1 disc=1(0x08) | echo rx=0 tx=0 pend=0 stale=0
P t=84s rxkBps=95 blkkBps=0 pongs=29955(+400/s) cancels=2964(+33/s) notify=1 disc=1(0x08) | echo rx=0 tx=0 pend=0 stale=0
P t=85s rxkBps=92 blkkBps=0 pongs=30342(+387/s) cancels=2997(+33/s) notify=1 disc=1(0x08) | echo rx=0 tx=0 pend=0 stale=0
P t=86s rxkBps=92 blkkBps=0 pongs=30730(+388/s) cancels=3028(+31/s) notify=1 disc=1(0x08) | echo rx=0 tx=0 pend=0 stale=0
P t=87s rxkBps=94 blkkBps=0 pongs=31127(+397/s) cancels=3060(+32/s) notify=1 disc=1(0x08) | echo rx=0 tx=0 pend=0 stale=0
P t=88s rxkBps=91 blkkBps=0 pongs=31512(+385/s) cancels=3092(+32/s) notify=1 disc=1(0x08) | echo rx=0 tx=0 pend=0 stale=0
P t=89s rxkBps=90 blkkBps=0 pongs=31891(+379/s) cancels=3120(+28/s) notify=1 disc=1(0x08) | echo rx=0 tx=0 pend=0 stale=0
P t=90s rxkBps=93 blkkBps=0 pongs=32284(+393/s) cancels=3151(+31/s) notify=1 disc=1(0x08) | echo rx=0 tx=0 pend=0 stale=0
P t=91s rxkBps=90 blkkBps=0 pongs=32665(+381/s) cancels=3183(+32/s) notify=1 disc=1(0x08) | echo rx=0 tx=0 pend=0 stale=0
P t=92s rxkBps=95 blkkBps=0 pongs=33064(+399/s) cancels=3216(+33/s) notify=1 disc=1(0x08) | echo rx=0 tx=0 pend=0 stale=0
P t=93s rxkBps=92 blkkBps=0 pongs=33453(+389/s) cancels=3247(+31/s) notify=1 disc=1(0x08) | echo rx=0 tx=0 pend=0 stale=0
P t=94s rxkBps=92 blkkBps=0 pongs=33843(+390/s) cancels=3278(+31/s) notify=1 disc=1(0x08) | echo rx=0 tx=0 pend=0 stale=0
P t=95s rxkBps=92 blkkBps=0 pongs=34230(+387/s) cancels=3309(+31/s) notify=1 disc=1(0x08) | echo rx=0 tx=0 pend=0 stale=0
P t=96s rxkBps=88 blkkBps=0 pongs=34602(+372/s) cancels=3340(+31/s) notify=1 disc=1(0x08) | echo rx=0 tx=0 pend=0 stale=0
P t=97s rxkBps=89 blkkBps=0 pongs=34977(+375/s) cancels=3370(+30/s) notify=1 disc=1(0x08) | echo rx=0 tx=0 pend=0 stale=0
P t=98s rxkBps=90 blkkBps=0 pongs=35357(+380/s) cancels=3399(+29/s) notify=1 disc=1(0x08) | echo rx=0 tx=0 pend=0 stale=0
P t=99s rxkBps=88 blkkBps=0 pongs=35729(+372/s) cancels=3430(+31/s) notify=1 disc=1(0x08) | echo rx=0 tx=0 pend=0 stale=0
P t=100s rxkBps=93 blkkBps=0 pongs=36120(+391/s) cancels=3462(+32/s) notify=1 disc=1(0x08) | echo rx=0 tx=0 pend=0 stale=0
P t=101s rxkBps=89 blkkBps=0 pongs=36495(+375/s) cancels=3491(+29/s) notify=1 disc=1(0x08) | echo rx=0 tx=0 pend=0 stale=0
P t=102s rxkBps=92 blkkBps=0 pongs=36884(+389/s) cancels=3524(+33/s) notify=1 disc=1(0x08) | echo rx=0 tx=0 pend=0 stale=0
P t=103s rxkBps=92 blkkBps=0 pongs=37274(+390/s) cancels=3556(+32/s) notify=1 disc=1(0x08) | echo rx=0 tx=0 pend=0 stale=0
P t=104s rxkBps=86 blkkBps=0 pongs=37637(+363/s) cancels=3585(+29/s) notify=1 disc=1(0x08) | echo rx=0 tx=0 pend=0 stale=0
P t=105s rxkBps=95 blkkBps=0 pongs=38036(+399/s) cancels=3619(+34/s) notify=1 disc=1(0x08) | echo rx=0 tx=0 pend=0 stale=0
P t=106s rxkBps=93 blkkBps=0 pongs=38429(+393/s) cancels=3650(+31/s) notify=1 disc=1(0x08) | echo rx=0 tx=0 pend=0 stale=0
P t=107s rxkBps=88 blkkBps=0 pongs=38799(+370/s) cancels=3680(+30/s) notify=1 disc=1(0x08) | echo rx=0 tx=0 pend=0 stale=0
P t=108s rxkBps=94 blkkBps=0 pongs=39197(+398/s) cancels=3714(+34/s) notify=1 disc=1(0x08) | echo rx=0 tx=0 pend=0 stale=0
P t=109s rxkBps=94 blkkBps=0 pongs=39594(+397/s) cancels=3747(+33/s) notify=1 disc=1(0x08) | echo rx=0 tx=0 pend=0 stale=0
P t=110s rxkBps=95 blkkBps=0 pongs=39993(+399/s) cancels=3780(+33/s) notify=1 disc=1(0x08) | echo rx=0 tx=0 pend=0 stale=0
P t=111s rxkBps=94 blkkBps=0 pongs=40389(+396/s) cancels=3814(+34/s) notify=1 disc=1(0x08) | echo rx=0 tx=0 pend=0 stale=0
P t=112s rxkBps=91 blkkBps=0 pongs=40774(+385/s) cancels=3845(+31/s) notify=1 disc=1(0x08) | echo rx=0 tx=0 pend=0 stale=0
P t=113s rxkBps=94 blkkBps=0 pongs=41171(+397/s) cancels=3878(+33/s) notify=1 disc=1(0x08) | echo rx=0 tx=0 pend=0 stale=0
P t=114s rxkBps=92 blkkBps=0 pongs=41561(+390/s) cancels=3911(+33/s) notify=1 disc=1(0x08) | echo rx=0 tx=0 pend=0 stale=0
P t=115s rxkBps=94 blkkBps=0 pongs=41956(+395/s) cancels=3942(+31/s) notify=1 disc=1(0x08) | echo rx=0 tx=0 pend=0 stale=0
P t=116s rxkBps=94 blkkBps=0 pongs=42352(+396/s) cancels=3975(+33/s) notify=1 disc=1(0x08) | echo rx=0 tx=0 pend=0 stale=0
P t=117s rxkBps=92 blkkBps=0 pongs=42739(+387/s) cancels=4008(+33/s) notify=1 disc=1(0x08) | echo rx=0 tx=0 pend=0 stale=0
P t=118s rxkBps=92 blkkBps=0 pongs=43126(+387/s) cancels=4040(+32/s) notify=1 disc=1(0x08) | echo rx=0 tx=0 pend=0 stale=0
P t=119s rxkBps=92 blkkBps=0 pongs=43514(+388/s) cancels=4072(+32/s) notify=1 disc=1(0x08) | echo rx=0 tx=0 pend=0 stale=0
P t=120s rxkBps=90 blkkBps=0 pongs=43895(+381/s) cancels=4104(+32/s) notify=1 disc=1(0x08) | echo rx=0 tx=0 pend=0 stale=0
P t=121s rxkBps=94 blkkBps=0 pongs=44290(+395/s) cancels=4137(+33/s) notify=1 disc=1(0x08) | echo rx=0 tx=0 pend=0 stale=0
P t=122s rxkBps=94 blkkBps=0 pongs=44688(+398/s) cancels=4170(+33/s) notify=1 disc=1(0x08) | echo rx=0 tx=0 pend=0 stale=0
P t=123s rxkBps=95 blkkBps=0 pongs=45087(+399/s) cancels=4204(+34/s) notify=1 disc=1(0x08) | echo rx=0 tx=0 pend=0 stale=0
P t=124s rxkBps=94 blkkBps=0 pongs=45484(+397/s) cancels=4237(+33/s) notify=1 disc=1(0x08) | echo rx=0 tx=0 pend=0 stale=0
P t=125s rxkBps=91 blkkBps=0 pongs=45869(+385/s) cancels=4268(+31/s) notify=1 disc=1(0x08) | echo rx=0 tx=0 pend=0 stale=0
P t=126s rxkBps=95 blkkBps=0 pongs=46268(+399/s) cancels=4302(+34/s) notify=1 disc=1(0x08) | echo rx=0 tx=0 pend=0 stale=0
P t=127s rxkBps=93 blkkBps=0 pongs=46661(+393/s) cancels=4335(+33/s) notify=1 disc=1(0x08) | echo rx=0 tx=0 pend=0 stale=0
P t=128s rxkBps=92 blkkBps=0 pongs=47049(+388/s) cancels=4366(+31/s) notify=1 disc=1(0x08) | echo rx=0 tx=0 pend=0 stale=0
P t=129s rxkBps=94 blkkBps=0 pongs=47447(+398/s) cancels=4400(+34/s) notify=1 disc=1(0x08) | echo rx=0 tx=0 pend=0 stale=0
P t=130s rxkBps=91 blkkBps=0 pongs=47829(+382/s) cancels=4430(+30/s) notify=1 disc=1(0x08) | echo rx=0 tx=0 pend=0 stale=0
P t=131s rxkBps=93 blkkBps=0 pongs=48223(+394/s) cancels=4461(+31/s) notify=1 disc=1(0x08) | echo rx=0 tx=0 pend=0 stale=0
P t=132s rxkBps=94 blkkBps=0 pongs=48618(+395/s) cancels=4494(+33/s) notify=1 disc=1(0x08) | echo rx=0 tx=0 pend=0 stale=0
P t=133s rxkBps=94 blkkBps=0 pongs=49015(+397/s) cancels=4526(+32/s) notify=1 disc=1(0x08) | echo rx=0 tx=0 pend=0 stale=0
P t=134s rxkBps=93 blkkBps=0 pongs=49409(+394/s) cancels=4558(+32/s) notify=1 disc=1(0x08) | echo rx=0 tx=0 pend=0 stale=0
P t=135s rxkBps=93 blkkBps=0 pongs=49802(+393/s) cancels=4591(+33/s) notify=1 disc=1(0x08) | echo rx=0 tx=0 pend=0 stale=0
P t=136s rxkBps=94 blkkBps=0 pongs=50197(+395/s) cancels=4624(+33/s) notify=1 disc=1(0x08) | echo rx=0 tx=0 pend=0 stale=0
P t=137s rxkBps=94 blkkBps=0 pongs=50593(+396/s) cancels=4657(+33/s) notify=1 disc=1(0x08) | echo rx=0 tx=0 pend=0 stale=0
P t=138s rxkBps=94 blkkBps=0 pongs=50988(+395/s) cancels=4690(+33/s) notify=1 disc=1(0x08) | echo rx=0 tx=0 pend=0 stale=0
P t=139s rxkBps=94 blkkBps=0 pongs=51384(+396/s) cancels=4723(+33/s) notify=1 disc=1(0x08) | echo rx=0 tx=0 pend=0 stale=0
P t=140s rxkBps=94 blkkBps=0 pongs=51781(+397/s) cancels=4756(+33/s) notify=1 disc=1(0x08) | echo rx=0 tx=0 pend=0 stale=0
P t=141s rxkBps=92 blkkBps=0 pongs=52169(+388/s) cancels=4789(+33/s) notify=1 disc=1(0x08) | echo rx=0 tx=0 pend=0 stale=0
P t=142s rxkBps=91 blkkBps=0 pongs=52553(+384/s) cancels=4821(+32/s) notify=1 disc=1(0x08) | echo rx=0 tx=0 pend=0 stale=0
P t=143s rxkBps=95 blkkBps=0 pongs=52952(+399/s) cancels=4854(+33/s) notify=1 disc=1(0x08) | echo rx=0 tx=0 pend=0 stale=0
P t=144s rxkBps=93 blkkBps=0 pongs=53344(+392/s) cancels=4888(+34/s) notify=1 disc=1(0x08) | echo rx=0 tx=0 pend=0 stale=0
P t=145s rxkBps=92 blkkBps=0 pongs=53733(+389/s) cancels=4920(+32/s) notify=1 disc=1(0x08) | echo rx=0 tx=0 pend=0 stale=0
P t=146s rxkBps=93 blkkBps=0 pongs=54126(+393/s) cancels=4952(+32/s) notify=1 disc=1(0x08) | echo rx=0 tx=0 pend=0 stale=0
P t=147s rxkBps=93 blkkBps=0 pongs=54519(+393/s) cancels=4985(+33/s) notify=1 disc=1(0x08) | echo rx=0 tx=0 pend=0 stale=0
P t=148s rxkBps=93 blkkBps=0 pongs=54911(+392/s) cancels=5017(+32/s) notify=1 disc=1(0x08) | echo rx=0 tx=0 pend=0 stale=0
P t=149s rxkBps=94 blkkBps=0 pongs=55309(+398/s) cancels=5050(+33/s) notify=1 disc=1(0x08) | echo rx=0 tx=0 pend=0 stale=0
