=8*** Booting Zephyr OS build v4.4.1-4-g6a2245e1dc81 ***
[00:00:00.002,964] [0m<inf> bt_hci_core: HW Platform: Nordic Semiconductor (0x0002)[0m
[00:00:00.002,977] [0m<inf> bt_hci_core: HW Variant: nRF54Lx (0x0005)[0m
[00:00:00.002,989] [0m<inf> bt_hci_core: Firmware: Standard Bluetooth controller (0x00) Version 4.4 Build 1[0m
[00:00:00.003,332] [0m<inf> bt_hci_core: HCI transport: Controller[0m
[00:00:00.003,378] [0m<inf> bt_hci_core: Identity: D6:C7:60:B1:D3:0E (random)[0m
[00:00:00.003,395] [0m<inf> bt_hci_core: HCI: version 5.4 (0x0d) revision 0x0000, manufacturer 0x05f1[0m
[00:00:00.003,410] [0m<inf> bt_hci_core: LMP: version 5.4 (0x0d) subver 0xffff[0m

=== nRF54L15 RTT ping-pong PERIPHERAL (echo) ===
advertising
GAP connected interval=7500
CCC: notify ENABLED
P t=1s rxkBps=16 blkkBps=0 pongs=71(+71/s) cancels=35(+35/s) notify=1 disc=0(0x00) | echo rx=0 tx=0 pend=0 stale=0
P t=2s rxkBps=63 blkkBps=0 pongs=337(+266/s) cancels=168(+133/s) notify=1 disc=0(0x00) | echo rx=0 tx=0 pend=0 stale=0
P t=3s rxkBps=63 blkkBps=0 pongs=604(+267/s) cancels=301(+133/s) notify=1 disc=0(0x00) | echo rx=0 tx=0 pend=0 stale=0
P t=4s rxkBps=63 blkkBps=0 pongs=870(+266/s) cancels=434(+133/s) notify=1 disc=0(0x00) | echo rx=0 tx=0 pend=0 stale=0
P t=5s rxkBps=63 blkkBps=0 pongs=1136(+266/s) cancels=567(+133/s) notify=1 disc=0(0x00) | echo rx=0 tx=0 pend=0 stale=0
P t=6s rxkBps=71 blkkBps=0 pongs=1438(+302/s) cancels=618(+51/s) notify=1 disc=0(0x00) | echo rx=0 tx=0 pend=0 stale=0
P t=7s rxkBps=88 blkkBps=0 pongs=1811(+373/s) cancels=636(+18/s) notify=1 disc=0(0x00) | echo rx=0 tx=0 pend=0 stale=0
P t=8s rxkBps=91 blkkBps=0 pongs=2196(+385/s) cancels=653(+17/s) notify=1 disc=0(0x00) | echo rx=0 tx=0 pend=0 stale=0
P t=9s rxkBps=71 blkkBps=0 pongs=2495(+299/s) cancels=667(+14/s) notify=1 disc=0(0x00) | echo rx=0 tx=0 pend=0 stale=0
P t=10s rxkBps=72 blkkBps=0 pongs=2800(+305/s) cancels=682(+15/s) notify=1 disc=0(0x00) | echo rx=0 tx=0 pend=0 stale=0
P t=11s rxkBps=92 blkkBps=0 pongs=3190(+390/s) cancels=700(+18/s) notify=1 disc=0(0x00) | echo rx=0 tx=0 pend=0 stale=0
P t=12s rxkBps=86 blkkBps=0 pongs=3551(+361/s) cancels=717(+17/s) notify=1 disc=0(0x00) | echo rx=0 tx=0 pend=0 stale=0
P t=13s rxkBps=90 blkkBps=0 pongs=3931(+380/s) cancels=734(+17/s) notify=1 disc=0(0x00) | echo rx=0 tx=0 pend=0 stale=0
P t=14s rxkBps=92 blkkBps=0 pongs=4319(+388/s) cancels=752(+18/s) notify=1 disc=0(0x00) | echo rx=0 tx=0 pend=0 stale=0
P t=15s rxkBps=93 blkkBps=0 pongs=4710(+391/s) cancels=769(+17/s) notify=1 disc=0(0x00) | echo rx=0 tx=0 pend=0 stale=0
P t=16s rxkBps=92 blkkBps=0 pongs=5097(+387/s) cancels=785(+16/s) notify=1 disc=0(0x00) | echo rx=0 tx=0 pend=0 stale=0
P t=17s rxkBps=95 blkkBps=0 pongs=5499(+402/s) cancels=803(+18/s) notify=1 disc=0(0x00) | echo rx=0 tx=0 pend=0 stale=0
P t=18s rxkBps=91 blkkBps=0 pongs=5885(+386/s) cancels=820(+17/s) notify=1 disc=0(0x00) | echo rx=0 tx=0 pend=0 stale=0
P t=19s rxkBps=93 blkkBps=0 pongs=6276(+391/s) cancels=837(+17/s) notify=1 disc=0(0x00) | echo rx=0 tx=0 pend=0 stale=0
P t=20s rxkBps=96 blkkBps=0 pongs=6682(+406/s) cancels=856(+19/s) notify=1 disc=0(0x00) | echo rx=0 tx=0 pend=0 stale=0
P t=21s rxkBps=95 blkkBps=0 pongs=7083(+401/s) cancels=872(+16/s) notify=1 disc=0(0x00) | echo rx=0 tx=0 pend=0 stale=0
P t=22s rxkBps=93 blkkBps=0 pongs=7475(+392/s) cancels=889(+17/s) notify=1 disc=0(0x00) | echo rx=0 tx=0 pend=0 stale=0
P t=23s rxkBps=88 blkkBps=0 pongs=7846(+371/s) cancels=906(+17/s) notify=1 disc=0(0x00) | echo rx=0 tx=0 pend=0 stale=0
P t=24s rxkBps=96 blkkBps=0 pongs=8253(+407/s) cancels=923(+17/s) notify=1 disc=0(0x00) | echo rx=0 tx=0 pend=0 stale=0
P t=25s rxkBps=97 blkkBps=0 pongs=8661(+408/s) cancels=942(+19/s) notify=1 disc=0(0x00) | echo rx=0 tx=0 pend=0 stale=0
P t=26s rxkBps=96 blkkBps=0 pongs=9066(+405/s) cancels=960(+18/s) notify=1 disc=0(0x00) | echo rx=0 tx=0 pend=0 stale=0
P t=27s rxkBps=96 blkkBps=0 pongs=9470(+404/s) cancels=979(+19/s) notify=1 disc=0(0x00) | echo rx=0 tx=0 pend=0 stale=0
P t=28s rxkBps=97 blkkBps=0 pongs=9878(+408/s) cancels=998(+19/s) notify=1 disc=0(0x00) | echo rx=0 tx=0 pend=0 stale=0
P t=29s rxkBps=96 blkkBps=0 pongs=10285(+407/s) cancels=1016(+18/s) notify=1 disc=0(0x00) | echo rx=0 tx=0 pend=0 stale=0
P t=30s rxkBps=96 blkkBps=0 pongs=10688(+403/s) cancels=1034(+18/s) notify=1 disc=0(0x00) | echo rx=0 tx=0 pend=0 stale=0
P t=31s rxkBps=96 blkkBps=0 pongs=11091(+403/s) cancels=1052(+18/s) notify=1 disc=0(0x00) | echo rx=0 tx=0 pend=0 stale=0
P t=32s rxkBps=90 blkkBps=0 pongs=11471(+380/s) cancels=1069(+17/s) notify=1 disc=0(0x00) | echo rx=0 tx=0 pend=0 stale=0
P t=33s rxkBps=96 blkkBps=0 pongs=11877(+406/s) cancels=1087(+18/s) notify=1 disc=0(0x00) | echo rx=0 tx=0 pend=0 stale=0
P t=34s rxkBps=92 blkkBps=0 pongs=12264(+387/s) cancels=1104(+17/s) notify=1 disc=0(0x00) | echo rx=0 tx=0 pend=0 stale=0
P t=35s rxkBps=94 blkkBps=0 pongs=12660(+396/s) cancels=1122(+18/s) notify=1 disc=0(0x00) | echo rx=0 tx=0 pend=0 stale=0
P t=36s rxkBps=84 blkkBps=0 pongs=13015(+355/s) cancels=1137(+15/s) notify=1 disc=0(0x00) | echo rx=0 tx=0 pend=0 stale=0
P t=37s rxkBps=91 blkkBps=0 pongs=13400(+385/s) cancels=1154(+17/s) notify=1 disc=0(0x00) | echo rx=0 tx=0 pend=0 stale=0
P t=38s rxkBps=97 blkkBps=0 pongs=13808(+408/s) cancels=1172(+18/s) notify=1 disc=0(0x00) | echo rx=0 tx=0 pend=0 stale=0
P t=39s rxkBps=96 blkkBps=0 pongs=14215(+407/s) cancels=1190(+18/s) notify=1 disc=0(0x00) | echo rx=0 tx=0 pend=0 stale=0
P t=40s rxkBps=91 blkkBps=0 pongs=14598(+383/s) cancels=1208(+18/s) notify=1 disc=0(0x00) | echo rx=0 tx=0 pend=0 stale=0
P t=41s rxkBps=96 blkkBps=0 pongs=15002(+404/s) cancels=1226(+18/s) notify=1 disc=0(0x00) | echo rx=0 tx=0 pend=0 stale=0
P t=42s rxkBps=89 blkkBps=0 pongs=15379(+377/s) cancels=1243(+17/s) notify=1 disc=0(0x00) | echo rx=0 tx=0 pend=0 stale=0
P t=43s rxkBps=94 blkkBps=0 pongs=15777(+398/s) cancels=1261(+18/s) notify=1 disc=0(0x00) | echo rx=0 tx=0 pend=0 stale=0
P t=44s rxkBps=96 blkkBps=0 pongs=16183(+406/s) cancels=1278(+17/s) notify=1 disc=0(0x00) | echo rx=0 tx=0 pend=0 stale=0
P t=45s rxkBps=90 blkkBps=0 pongs=16562(+379/s) cancels=1295(+17/s) notify=1 disc=0(0x00) | echo rx=0 tx=0 pend=0 stale=0
P t=46s rxkBps=97 blkkBps=0 pongs=16972(+410/s) cancels=1313(+18/s) notify=1 disc=0(0x00) | echo rx=0 tx=0 pend=0 stale=0
P t=47s rxkBps=90 blkkBps=0 pongs=17353(+381/s) cancels=1330(+17/s) notify=1 disc=0(0x00) | echo rx=0 tx=0 pend=0 stale=0
P t=48s rxkBps=95 blkkBps=0 pongs=17752(+399/s) cancels=1348(+18/s) notify=1 disc=0(0x00) | echo rx=0 tx=0 pend=0 stale=0
P t=49s rxkBps=93 blkkBps=0 pongs=18146(+394/s) cancels=1364(+16/s) notify=1 disc=0(0x00) | echo rx=0 tx=0 pend=0 stale=0
P t=50s rxkBps=96 blkkBps=0 pongs=18553(+407/s) cancels=1383(+19/s) notify=1 disc=0(0x00) | echo rx=0 tx=0 pend=0 stale=0
P t=51s rxkBps=94 blkkBps=0 pongs=18951(+398/s) cancels=1401(+18/s) notify=1 disc=0(0x00) | echo rx=0 tx=0 pend=0 stale=0
P t=52s rxkBps=93 blkkBps=0 pongs=19345(+394/s) cancels=1418(+17/s) notify=1 disc=0(0x00) | echo rx=0 tx=0 pend=0 stale=0
P t=53s rxkBps=90 blkkBps=0 pongs=19724(+379/s) cancels=1434(+16/s) notify=1 disc=0(0x00) | echo rx=0 tx=0 pend=0 stale=0
P t=54s rxkBps=91 blkkBps=0 pongs=20109(+385/s) cancels=1450(+16/s) notify=1 disc=0(0x00) | echo rx=0 tx=0 pend=0 stale=0
P t=55s rxkBps=86 blkkBps=0 pongs=20473(+364/s) cancels=1466(+16/s) notify=1 disc=0(0x00) | echo rx=0 tx=0 pend=0 stale=0
P t=56s rxkBps=71 blkkBps=0 pongs=20773(+300/s) cancels=1480(+14/s) notify=1 disc=0(0x00) | echo rx=0 tx=0 pend=0 stale=0
P t=57s rxkBps=91 blkkBps=0 pongs=21159(+386/s) cancels=1497(+17/s) notify=1 disc=0(0x00) | echo rx=0 tx=0 pend=0 stale=0
P t=58s rxkBps=92 blkkBps=0 pongs=21546(+387/s) cancels=1515(+18/s) notify=1 disc=0(0x00) | echo rx=0 tx=0 pend=0 stale=0
P t=59s rxkBps=88 blkkBps=0 pongs=21917(+371/s) cancels=1529(+14/s) notify=1 disc=0(0x00) | echo rx=0 tx=0 pend=0 stale=0
P t=60s rxkBps=86 blkkBps=0 pongs=22282(+365/s) cancels=1545(+16/s) notify=1 disc=0(0x00) | echo rx=0 tx=0 pend=0 stale=0
P t=61s rxkBps=96 blkkBps=0 pongs=22685(+403/s) cancels=1564(+19/s) notify=1 disc=0(0x00) | echo rx=0 tx=0 pend=0 stale=0
P t=62s rxkBps=91 blkkBps=0 pongs=23071(+386/s) cancels=1581(+17/s) notify=1 disc=0(0x00) | echo rx=0 tx=0 pend=0 stale=0
P t=63s rxkBps=95 blkkBps=0 pongs=23473(+402/s) cancels=1599(+18/s) notify=1 disc=0(0x00) | echo rx=0 tx=0 pend=0 stale=0
P t=64s rxkBps=97 blkkBps=0 pongs=23882(+409/s) cancels=1617(+18/s) notify=1 disc=0(0x00) | echo rx=0 tx=0 pend=0 stale=0
P t=65s rxkBps=93 blkkBps=0 pongs=24274(+392/s) cancels=1635(+18/s) notify=1 disc=0(0x00) | echo rx=0 tx=0 pend=0 stale=0
P t=66s rxkBps=94 blkkBps=0 pongs=24669(+395/s) cancels=1653(+18/s) notify=1 disc=0(0x00) | echo rx=0 tx=0 pend=0 stale=0
P t=67s rxkBps=89 blkkBps=0 pongs=25044(+375/s) cancels=1669(+16/s) notify=1 disc=0(0x00) | echo rx=0 tx=0 pend=0 stale=0
P t=68s rxkBps=96 blkkBps=0 pongs=25451(+407/s) cancels=1688(+19/s) notify=1 disc=0(0x00) | echo rx=0 tx=0 pend=0 stale=0
P t=69s rxkBps=92 blkkBps=0 pongs=25839(+388/s) cancels=1704(+16/s) notify=1 disc=0(0x00) | echo rx=0 tx=0 pend=0 stale=0
P t=70s rxkBps=92 blkkBps=0 pongs=26227(+388/s) cancels=1722(+18/s) notify=1 disc=0(0x00) | echo rx=0 tx=0 pend=0 stale=0
P t=71s rxkBps=90 blkkBps=0 pongs=26605(+378/s) cancels=1738(+16/s) notify=1 disc=0(0x00) | echo rx=0 tx=0 pend=0 stale=0
P t=72s rxkBps=96 blkkBps=0 pongs=27009(+404/s) cancels=1756(+18/s) notify=1 disc=0(0x00) | echo rx=0 tx=0 pend=0 stale=0
P t=73s rxkBps=94 blkkBps=0 pongs=27405(+396/s) cancels=1774(+18/s) notify=1 disc=0(0x00) | echo rx=0 tx=0 pend=0 stale=0
P t=74s rxkBps=96 blkkBps=0 pongs=27812(+407/s) cancels=1792(+18/s) notify=1 disc=0(0x00) | echo rx=0 tx=0 pend=0 stale=0
P t=75s rxkBps=95 blkkBps=0 pongs=28214(+402/s) cancels=1809(+17/s) notify=1 disc=0(0x00) | echo rx=0 tx=0 pend=0 stale=0
P t=76s rxkBps=96 blkkBps=0 pongs=28618(+404/s) cancels=1828(+19/s) notify=1 disc=0(0x00) | echo rx=0 tx=0 pend=0 stale=0
P t=77s rxkBps=93 blkkBps=0 pongs=29010(+392/s) cancels=1844(+16/s) notify=1 disc=0(0x00) | echo rx=0 tx=0 pend=0 stale=0
P t=78s rxkBps=88 blkkBps=0 pongs=29381(+371/s) cancels=1859(+15/s) notify=1 disc=0(0x00) | echo rx=0 tx=0 pend=0 stale=0
P t=79s rxkBps=93 blkkBps=0 pongs=29772(+391/s) cancels=1877(+18/s) notify=1 disc=0(0x00) | echo rx=0 tx=0 pend=0 stale=0
