*** Booting Zephyr OS build v4.4.1-4-g6a2245e1dc81 ***
[00:21:27.097,788] [0m<inf> bt_hci_core: HW Platform: Nordic Semiconductor (0x0002)[0m
[00:21:27.097,802] [0m<inf> bt_hci_core: HW Variant: nRF54Lx (0x0005)[0m
[00:21:27.097,814] [0m<inf> bt_hci_core: Firmware: Standard Bluetooth controller (0x00) Version 4.4 Build 1[0m
[00:21:27.098,153] [0m<inf> bt_hci_core: HCI transport: Controller[0m
[00:21:27.098,200] [0m<inf> bt_hci_core: Identity: D6:C7:60:B1:D3:0E (random)[0m
[00:21:27.098,216] [0m<inf> bt_hci_core: HCI: version 5.4 (0x0d) revision 0x0000, manufacturer 0x05f1[0m
[00:21:27.098,232] [0m<inf> bt_hci_core: LMP: version 5.4 (0x0d) subver 0xffff[0m

=== nRF54L15 RTT ping-pong PERIPHERAL (echo) ===
advertising
GAP connected interval=7500
CCC: notify ENABLED
[00:21:27.952,870] [1;31m<err> os: ***** USAGE FAULT *****[0m
[00:21:27.952,876] [1;31m<err> os:   Attempt to execute undefined instruction[0m
[00:21:27.952,886] [1;31m<err> os: r0/a1:  0x200010b0  r1/a2:  0x200010b0  r2/a3:  0x20002fd0[0m
[00:21:27.952,891] [1;31m<err> os: r3/a4:  0x00000001 r12/ip:  0x20001740 r14/lr:  0x00012eab[0m
[00:21:27.952,895] [1;31m<err> os:  xpsr:  0x0100002e[0m
[00:21:27.952,899] [1;31m<err> os: Faulting instruction address (r15/pc): 0x00013e98[0m
[00:21:27.952,916] [1;31m<err> os: >>> ZEPHYR FATAL ERROR 36: Unknown error on CPU 0[0m
[00:21:27.952,920] [1;31m<err> os: Fault during interrupt handling
[0m
[00:21:27.952,938] [1;31m<err> os: Current thread: 0x20000db8 (unknown)[0m
[00:21:28.021,765] [1;31m<err> os: Halting system[0m
