*** Booting Zephyr OS build v4.4.1-4-g6a2245e1dc81 ***
[00:00:00.002,959] [0m<inf> bt_hci_core: HW Platform: Nordic Semiconductor (0x0002)[0m
[00:00:00.002,971] [0m<inf> bt_hci_core: HW Variant: nRF54Lx (0x0005)[0m
[00:00:00.002,982] [0m<inf> bt_hci_core: Firmware: Standard Bluetooth controller (0x00) Version 4.4 Build 1[0m
[00:00:00.003,330] [0m<inf> bt_hci_core: HCI transport: Controller[0m
[00:00:00.003,378] [0m<inf> bt_hci_core: Identity: FC:BE:FF:FA:E6:8B (random)[0m
[00:00:00.003,393] [0m<inf> bt_hci_core: HCI: version 5.4 (0x0d) revision 0x0000, manufacturer 0x05f1[0m
[00:00:00.003,408] [0m<inf> bt_hci_core: LMP: version 5.4 (0x0d) subver 0xffff[0m

=== nRF54L15 RTT ping-pong CENTRAL ===
scan rc=0
GAP connected interval=7500
MTU err=0 mtu=247
*** Booting Zephyr OS build v4.4.1-4-g6a2245e1dc81 ***
[00:00:00.169,561] [0m<inf> bt_hci_core: HW Platform: Nordic Semiconductor (0x0002)[0m
[00:00:00.169,573] [0m<inf> bt_hci_core: HW Variant: nRF54Lx (0x0005)[0m
[00:00:00.169,584] [0m<inf> bt_hci_core: Firmware: Standard Bluetooth controller (0x00) Version 4.4 Build 1[0m
[00:00:00.169,931] [0m<inf> bt_hci_core: HCI transport: Controller[0m
[00:00:00.169,979] [0m<inf> bt_hci_core: Identity: FC:BE:FF:FA:E6:8B (random)[0m
[00:00:00.169,995] [0m<inf> bt_hci_core: HCI: version 5.4 (0x0d) revision 0x0000, manufacturer 0x05f1[0m
[00:00:00.170,010] [0m<inf> bt_hci_core: LMP: version 5.4 (0x0d) subver 0xffff[0m

=== nRF54L15 RTT ping-pong CENTRAL ===
scan rc=0
t=1s RTT mean=0 min=0 max=0 n=0 to=0 | cancels=0(+0/s) seqbad=0 len_bad=0 disc=0(0x00) | tot_n=0 tot_to=0 maxever=0 >2ms=0 >5ms=0 >15ms=0 >20ms=0 >30ms=0 | probes=0 wrfail=0 down=1s maxout=1s
t=2s RTT mean=0 min=0 max=0 n=0 to=0 | cancels=0(+0/s) seqbad=0 len_bad=0 disc=0(0x00) | tot_n=0 tot_to=0 maxever=0 >2ms=0 >5ms=0 >15ms=0 >20ms=0 >30ms=0 | probes=0 wrfail=0 down=2s maxout=2s
t=3s RTT mean=0 min=0 max=0 n=0 to=0 | cancels=0(+0/s) seqbad=0 len_bad=0 disc=0(0x00) | tot_n=0 tot_to=0 maxever=0 >2ms=0 >5ms=0 >15ms=0 >20ms=0 >30ms=0 | probes=0 wrfail=0 down=3s maxout=3s
GAP connected interval=7500
MTU err=0 mtu=247
t=4s RTT mean=0 min=0 max=0 n=0 to=0 | cancels=0(+0/s) seqbad=0 len_bad=0 disc=0(0x00) | tot_n=0 tot_to=0 maxever=0 >2ms=0 >5ms=0 >15ms=0 >20ms=0 >30ms=0 | probes=0 wrfail=0 down=4s maxout=4s
PHY tx=2 rx=2
BLASTC comp=1 exkBps=0 cgap_us[min/avg/max]=4294967295/0/0
[1;31m--- 3 messages dropped ---
[0mBLAST phy=2/2 att=1 ok=1 enomem=0 err=0 call_us[min/avg/max]=119/119/119 okgap_max_us=0
BLASTC comp=1 exkBps=0 cgap_us[min/avg/max]=184/184/184
BLAST phy=2/2 att=1 ok=1 enomem=0 err=0 call_us[min/avg/max]=117/117/117 okgap_max_us=187
BLASTC comp=1 exkBps=0 cgap_us[min/avg/max]=184/184/184
BLAST phy=2/2 att=1 ok=1 enomem=0 err=0 call_us[min/avg/max]=117/117/117 okgap_max_us=184
BLASTC comp=1 exkBps=0 cgap_us[min/avg/max]=186/186/186
BLAST phy=2/2 att=1 ok=1 enomem=0 err=0 call_us[min/avg/max]=118/118/118 okgap_max_us=184
BLAST first16_call_us: 119 117 117 118 118 113 113 113 113 133 52 50 57 51 50 50
PHY tx=2 rx=2
t=5s RTT mean=0 min=0 max=0 n=0 to=0 | cancels=0(+0/s) seqbad=0 len_bad=135 disc=0(0x00) | tot_n=0 tot_to=0 maxever=0 >2ms=0 >5ms=0 >15ms=0 >20ms=0 >30ms=0 | probes=0 wrfail=0 down=4s maxout=4s
BLASTC comp=143 exkBps=32 cgap_us[min/avg/max]=123/2745/25676
BLAST phy=2/2 att=153 ok=153 enomem=0 err=0 call_us[min/avg/max]=50/2552/24944 okgap_max_us=24956
t=6s RTT mean=0 min=0 max=0 n=0 to=0 | cancels=0(+0/s) seqbad=0 len_bad=511 disc=0(0x00) | tot_n=0 tot_to=0 maxever=0 >2ms=0 >5ms=0 >15ms=0 >20ms=0 >30ms=0 | probes=0 wrfail=0 down=4s maxout=4s
BLASTC comp=376 exkBps=89 cgap_us[min/avg/max]=2394/2659/10106
BLAST phy=2/2 att=376 ok=376 enomem=0 err=0 call_us[min/avg/max]=2378/2648/10094 okgap_max_us=10105
t=7s RTT mean=0 min=0 max=0 n=0 to=0 | cancels=0(+0/s) seqbad=0 len_bad=883 disc=0(0x00) | tot_n=0 tot_to=0 maxever=0 >2ms=0 >5ms=0 >15ms=0 >20ms=0 >30ms=0 | probes=0 wrfail=0 down=4s maxout=4s
BLASTC comp=372 exkBps=88 cgap_us[min/avg/max]=2393/2687/12501
BLAST phy=2/2 att=372 ok=372 enomem=0 err=0 call_us[min/avg/max]=2323/2676/12489 okgap_max_us=12500
FSU: request [52..150] us (ACL both dirs, 1M+2M) rc=0
FSU: updated status=0x00 spacing=52 us phys=0x3 types=0x3 initiator=0
BLASTC comp=376 exkBps=89 cgap_us[min/avg/max]=1419/2658/10106
BLAST phy=2/2 att=376 ok=376 enomem=0 err=0 call_us[min/avg/max]=1408/2646/10094 okgap_max_us=10105
t=8s RTT mean=0 min=0 max=0 n=0 to=0 | cancels=0(+0/s) seqbad=0 len_bad=1259 disc=0(0x00) | tot_n=0 tot_to=0 maxever=0 >2ms=0 >5ms=0 >15ms=0 >20ms=0 >30ms=0 | probes=0 wrfail=0 down=4s maxout=4s
BLASTC comp=382 exkBps=91 cgap_us[min/avg/max]=1234/2617/10597
BLAST phy=2/2 att=382 ok=382 enomem=0 err=0 call_us[min/avg/max]=1228/2605/10585 okgap_max_us=10597
t=9s RTT mean=0 min=0 max=0 n=0 to=0 | cancels=0(+0/s) seqbad=0 len_bad=1642 disc=0(0x00) | tot_n=0 tot_to=0 maxever=0 >2ms=0 >5ms=0 >15ms=0 >20ms=0 >30ms=0 | probes=0 wrfail=0 down=4s maxout=4s
t=10s RTT mean=0 min=0 max=0 n=0 to=0 | cancels=0(+0/s) seqbad=0 len_bad=2020 disc=0(0x00) | tot_n=0 tot_to=0 maxever=0 >2ms=0 >5ms=0 >15ms=0 >20ms=0 >30ms=0 | probes=0 wrfail=0 down=4s maxout=4s
BLASTC comp=378 exkBps=90 cgap_us[min/avg/max]=2199/2647/7501
BLAST phy=2/2 att=378 ok=378 enomem=0 err=0 call_us[min/avg/max]=2188/2636/7489 okgap_max_us=9800
BLASTC comp=391 exkBps=93 cgap_us[min/avg/max]=2394/2557/10115
BLAST phy=2/2 att=391 ok=391 enomem=0 err=0 call_us[min/avg/max]=2322/2545/10104 okgap_max_us=10116
t=11s RTT mean=0 min=0 max=0 n=0 to=0 | cancels=0(+0/s) seqbad=0 len_bad=2411 disc=0(0x00) | tot_n=0 tot_to=0 maxever=0 >2ms=0 >5ms=0 >15ms=0 >20ms=0 >30ms=0 | probes=0 wrfail=0 down=4s maxout=4s
BLASTC comp=382 exkBps=91 cgap_us[min/avg/max]=2393/2618/10106
BLAST phy=2/2 att=382 ok=382 enomem=0 err=0 call_us[min/avg/max]=2381/2606/10095 okgap_max_us=10106
t=12s RTT mean=0 min=0 max=0 n=0 to=0 | cancels=0(+0/s) seqbad=0 len_bad=2793 disc=0(0x00) | tot_n=0 tot_to=0 maxever=0 >2ms=0 >5ms=0 >15ms=0 >20ms=0 >30ms=0 | probes=0 wrfail=0 down=4s maxout=4s
BLASTC comp=379 exkBps=90 cgap_us[min/avg/max]=2379/2638/10106
BLAST phy=2/2 att=379 ok=379 enomem=0 err=0 call_us[min/avg/max]=2315/2626/10095 okgap_max_us=10106
t=13s RTT mean=0 min=0 max=0 n=0 to=0 | cancels=0(+0/s) seqbad=0 len_bad=3172 disc=0(0x00) | tot_n=0 tot_to=0 maxever=0 >2ms=0 >5ms=0 >15ms=0 >20ms=0 >30ms=0 | probes=0 wrfail=0 down=4s maxout=4s
BLASTC comp=390 exkBps=92 cgap_us[min/avg/max]=2394/2564/10106
BLAST phy=2/2 att=390 ok=390 enomem=0 err=0 call_us[min/avg/max]=2383/2552/10094 okgap_max_us=10106
t=14s RTT mean=0 min=0 max=0 n=0 to=0 | cancels=0(+0/s) seqbad=0 len_bad=3562 disc=0(0x00) | tot_n=0 tot_to=0 maxever=0 >2ms=0 >5ms=0 >15ms=0 >20ms=0 >30ms=0 | probes=0 wrfail=0 down=4s maxout=4s
BLASTC comp=356 exkBps=84 cgap_us[min/avg/max]=2394/2809/14999
BLAST phy=2/2 att=356 ok=356 enomem=0 err=0 call_us[min/avg/max]=2383/2797/14988 okgap_max_us=15000
t=15s RTT mean=0 min=0 max=0 n=0 to=0 | cancels=0(+0/s) seqbad=0 len_bad=3918 disc=0(0x00) | tot_n=0 tot_to=0 maxever=0 >2ms=0 >5ms=0 >15ms=0 >20ms=0 >30ms=0 | probes=0 wrfail=0 down=4s maxout=4s
BLASTC comp=372 exkBps=88 cgap_us[min/avg/max]=2394/2687/10108
BLAST phy=2/2 att=372 ok=372 enomem=0 err=0 call_us[min/avg/max]=2330/2676/10097 okgap_max_us=10109
t=16s RTT mean=0 min=0 max=0 n=0 to=0 | cancels=0(+0/s) seqbad=0 len_bad=4290 disc=0(0x00) | tot_n=0 tot_to=0 maxever=0 >2ms=0 >5ms=0 >15ms=0 >20ms=0 >30ms=0 | probes=0 wrfail=0 down=4s maxout=4s
BLASTC comp=383 exkBps=91 cgap_us[min/avg/max]=2392/2610/12500
BLAST phy=2/2 att=383 ok=383 enomem=0 err=0 call_us[min/avg/max]=2377/2599/12488 okgap_max_us=12500
t=17s RTT mean=0 min=0 max=0 n=0 to=0 | cancels=0(+0/s) seqbad=0 len_bad=4673 disc=0(0x00) | tot_n=0 tot_to=0 maxever=0 >2ms=0 >5ms=0 >15ms=0 >20ms=0 >30ms=0 | probes=0 wrfail=0 down=4s maxout=4s
BLASTC comp=383 exkBps=91 cgap_us[min/avg/max]=2393/2611/10106
BLAST phy=2/2 att=383 ok=383 enomem=0 err=0 call_us[min/avg/max]=2382/2599/10095 okgap_max_us=10106
t=18s RTT mean=0 min=0 max=0 n=0 to=0 | cancels=0(+0/s) seqbad=0 len_bad=5056 disc=0(0x00) | tot_n=0 tot_to=0 maxever=0 >2ms=0 >5ms=0 >15ms=0 >20ms=0 >30ms=0 | probes=0 wrfail=0 down=4s maxout=4s
BLASTC comp=381 exkBps=90 cgap_us[min/avg/max]=2377/2624/10106
BLAST phy=2/2 att=381 ok=381 enomem=0 err=0 call_us[min/avg/max]=2314/2612/10094 okgap_max_us=10105
t=19s RTT mean=0 min=0 max=0 n=0 to=0 | cancels=0(+0/s) seqbad=0 len_bad=5437 disc=0(0x00) | tot_n=0 tot_to=0 maxever=0 >2ms=0 >5ms=0 >15ms=0 >20ms=0 >30ms=0 | probes=0 wrfail=0 down=4s maxout=4s
BLASTC comp=357 exkBps=85 cgap_us[min/avg/max]=2394/2801/12603
BLAST phy=2/2 att=357 ok=357 enomem=0 err=0 call_us[min/avg/max]=2382/2789/12592 okgap_max_us=12604
t=20s RTT mean=0 min=0 max=0 n=0 to=0 | cancels=0(+0/s) seqbad=0 len_bad=5794 disc=0(0x00) | tot_n=0 tot_to=0 maxever=0 >2ms=0 >5ms=0 >15ms=0 >20ms=0 >30ms=0 | probes=0 wrfail=0 down=4s maxout=4s
BLASTC comp=385 exkBps=91 cgap_us[min/avg/max]=2394/2597/10106
BLAST phy=2/2 att=385 ok=385 enomem=0 err=0 call_us[min/avg/max]=2382/2586/10094 okgap_max_us=10105
t=21s RTT mean=0 min=0 max=0 n=0 to=0 | cancels=0(+0/s) seqbad=0 len_bad=6179 disc=0(0x00) | tot_n=0 tot_to=0 maxever=0 >2ms=0 >5ms=0 >15ms=0 >20ms=0 >30ms=0 | probes=0 wrfail=0 down=4s maxout=4s
BLASTC comp=379 exkBps=90 cgap_us[min/avg/max]=2394/2638/10106
BLAST phy=2/2 att=379 ok=379 enomem=0 err=0 call_us[min/avg/max]=2330/2626/10095 okgap_max_us=10106
t=22s RTT mean=0 min=0 max=0 n=0 to=0 | cancels=0(+0/s) seqbad=0 len_bad=6558 disc=0(0x00) | tot_n=0 tot_to=0 maxever=0 >2ms=0 >5ms=0 >15ms=0 >20ms=0 >30ms=0 | probes=0 wrfail=0 down=4s maxout=4s
t=23s RTT mean=0 min=0 max=0 n=0 to=0 | cancels=0(+0/s) seqbad=0 len_bad=6943 disc=0(0x00) | tot_n=0 tot_to=0 maxever=0 >2ms=0 >5ms=0 >15ms=0 >20ms=0 >30ms=0 | probes=0 wrfail=0 down=4s maxout=4s
BLASTC comp=386 exkBps=91 cgap_us[min/avg/max]=2393/2597/10105
BLAST phy=2/2 att=386 ok=386 enomem=0 err=0 call_us[min/avg/max]=2377/2585/10094 okgap_max_us=10105
BLASTC comp=347 exkBps=82 cgap_us[min/avg/max]=2394/2874/17605
BLAST phy=2/2 att=347 ok=347 enomem=0 err=0 call_us[min/avg/max]=2324/2863/17594 okgap_max_us=17606
t=24s RTT mean=0 min=0 max=0 n=0 to=0 | cancels=0(+0/s) seqbad=0 len_bad=7291 disc=0(0x00) | tot_n=0 tot_to=0 maxever=0 >2ms=0 >5ms=0 >15ms=0 >20ms=0 >30ms=0 | probes=0 wrfail=0 down=4s maxout=4s
BLASTC comp=355 exkBps=84 cgap_us[min/avg/max]=2393/2816/14998
BLAST phy=2/2 att=355 ok=355 enomem=0 err=0 call_us[min/avg/max]=2329/2805/14988 okgap_max_us=15000
t=25s RTT mean=0 min=0 max=0 n=0 to=0 | cancels=0(+0/s) seqbad=0 len_bad=7647 disc=0(0x00) | tot_n=0 tot_to=0 maxever=0 >2ms=0 >5ms=0 >15ms=0 >20ms=0 >30ms=0 | probes=0 wrfail=0 down=4s maxout=4s
BLASTC comp=357 exkBps=85 cgap_us[min/avg/max]=2394/2801/17607
BLAST phy=2/2 att=357 ok=357 enomem=0 err=0 call_us[min/avg/max]=2383/2789/17596 okgap_max_us=17607
t=26s RTT mean=0 min=0 max=0 n=0 to=0 | cancels=0(+0/s) seqbad=0 len_bad=8004 disc=0(0x00) | tot_n=0 tot_to=0 maxever=0 >2ms=0 >5ms=0 >15ms=0 >20ms=0 >30ms=0 | probes=0 wrfail=0 down=4s maxout=4s
BLASTC comp=361 exkBps=86 cgap_us[min/avg/max]=2395/2770/12603
BLAST phy=2/2 att=361 ok=361 enomem=0 err=0 call_us[min/avg/max]=2381/2758/12592 okgap_max_us=12603
t=27s RTT mean=0 min=0 max=0 n=0 to=0 | cancels=0(+0/s) seqbad=0 len_bad=8365 disc=0(0x00) | tot_n=0 tot_to=0 maxever=0 >2ms=0 >5ms=0 >15ms=0 >20ms=0 >30ms=0 | probes=0 wrfail=0 down=4s maxout=4s
BLASTC comp=350 exkBps=83 cgap_us[min/avg/max]=2394/2856/12603
BLAST phy=2/2 att=350 ok=350 enomem=0 err=0 call_us[min/avg/max]=2321/2845/12593 okgap_max_us=12604
t=28s RTT mean=0 min=0 max=0 n=0 to=0 | cancels=0(+0/s) seqbad=0 len_bad=8715 disc=0(0x00) | tot_n=0 tot_to=0 maxever=0 >2ms=0 >5ms=0 >15ms=0 >20ms=0 >30ms=0 | probes=0 wrfail=0 down=4s maxout=4s
BLASTC comp=356 exkBps=84 cgap_us[min/avg/max]=2394/2808/10106
BLAST phy=2/2 att=356 ok=356 enomem=0 err=0 call_us[min/avg/max]=2383/2797/10095 okgap_max_us=10106
t=29s RTT mean=0 min=0 max=0 n=0 to=0 | cancels=0(+0/s) seqbad=0 len_bad=9071 disc=0(0x00) | tot_n=0 tot_to=0 maxever=0 >2ms=0 >5ms=0 >15ms=0 >20ms=0 >30ms=0 | probes=0 wrfail=0 down=4s maxout=4s
BLASTC comp=357 exkBps=85 cgap_us[min/avg/max]=2394/2801/22499
BLAST phy=2/2 att=357 ok=357 enomem=0 err=0 call_us[min/avg/max]=2383/2789/22487 okgap_max_us=22499
t=30s RTT mean=0 min=0 max=0 n=0 to=0 | cancels=0(+0/s) seqbad=0 len_bad=9428 disc=0(0x00) | tot_n=0 tot_to=0 maxever=0 >2ms=0 >5ms=0 >15ms=0 >20ms=0 >30ms=0 | probes=0 wrfail=0 down=4s maxout=4s
BLASTC comp=347 exkBps=82 cgap_us[min/avg/max]=2373/2881/17606
BLAST phy=2/2 att=347 ok=347 enomem=0 err=0 call_us[min/avg/max]=2303/2869/17594 okgap_max_us=17605
t=31s RTT mean=0 min=0 max=0 n=0 to=0 | cancels=0(+0/s) seqbad=0 len_bad=9775 disc=0(0x00) | tot_n=0 tot_to=0 maxever=0 >2ms=0 >5ms=0 >15ms=0 >20ms=0 >30ms=0 | probes=0 wrfail=0 down=4s maxout=4s
BLASTC comp=390 exkBps=92 cgap_us[min/avg/max]=2393/2564/7498
BLAST phy=2/2 att=390 ok=390 enomem=0 err=0 call_us[min/avg/max]=2382/2552/7487 okgap_max_us=7499
t=32s RTT mean=0 min=0 max=0 n=0 to=0 | cancels=0(+0/s) seqbad=0 len_bad=10165 disc=0(0x00) | tot_n=0 tot_to=0 maxever=0 >2ms=0 >5ms=0 >15ms=0 >20ms=0 >30ms=0 | probes=0 wrfail=0 down=4s maxout=4s
BLASTC comp=392 exkBps=93 cgap_us[min/avg/max]=2394/2551/10106
BLAST phy=2/2 att=392 ok=392 enomem=0 err=0 call_us[min/avg/max]=2383/2539/10095 okgap_max_us=10107
t=33s RTT mean=0 min=0 max=0 n=0 to=0 | cancels=0(+0/s) seqbad=0 len_bad=10557 disc=0(0x00) | tot_n=0 tot_to=0 maxever=0 >2ms=0 >5ms=0 >15ms=0 >20ms=0 >30ms=0 | probes=0 wrfail=0 down=4s maxout=4s
BLASTC comp=389 exkBps=92 cgap_us[min/avg/max]=2394/2570/10106
BLAST phy=2/2 att=389 ok=389 enomem=0 err=0 call_us[min/avg/max]=2321/2558/10094 okgap_max_us=10105
t=34s RTT mean=0 min=0 max=0 n=0 to=0 | cancels=0(+0/s) seqbad=0 len_bad=10946 disc=0(0x00) | tot_n=0 tot_to=0 maxever=0 >2ms=0 >5ms=0 >15ms=0 >20ms=0 >30ms=0 | probes=0 wrfail=0 down=4s maxout=4s
BLASTC comp=391 exkBps=93 cgap_us[min/avg/max]=2393/2557/10105
BLAST phy=2/2 att=391 ok=391 enomem=0 err=0 call_us[min/avg/max]=2382/2545/10094 okgap_max_us=10105
t=35s RTT mean=0 min=0 max=0 n=0 to=0 | cancels=0(+0/s) seqbad=0 len_bad=11337 disc=0(0x00) | tot_n=0 tot_to=0 maxever=0 >2ms=0 >5ms=0 >15ms=0 >20ms=0 >30ms=0 | probes=0 wrfail=0 down=4s maxout=4s
BLASTC comp=388 exkBps=92 cgap_us[min/avg/max]=2394/2577/10106
BLAST phy=2/2 att=388 ok=388 enomem=0 err=0 call_us[min/avg/max]=2383/2566/10094 okgap_max_us=10106
t=36s RTT mean=0 min=0 max=0 n=0 to=0 | cancels=0(+0/s) seqbad=0 len_bad=11725 disc=0(0x00) | tot_n=0 tot_to=0 maxever=0 >2ms=0 >5ms=0 >15ms=0 >20ms=0 >30ms=0 | probes=0 wrfail=0 down=4s maxout=4s
BLASTC comp=397 exkBps=94 cgap_us[min/avg/max]=2374/2518/5106
BLAST phy=2/2 att=397 ok=397 enomem=0 err=0 call_us[min/avg/max]=2305/2507/5094 okgap_max_us=5175
t=37s RTT mean=0 min=0 max=0 n=0 to=0 | cancels=0(+0/s) seqbad=0 len_bad=12122 disc=0(0x00) | tot_n=0 tot_to=0 maxever=0 >2ms=0 >5ms=0 >15ms=0 >20ms=0 >30ms=0 | probes=0 wrfail=0 down=4s maxout=4s
BLASTC comp=386 exkBps=91 cgap_us[min/avg/max]=2391/2590/10106
BLAST phy=2/2 att=386 ok=386 enomem=0 err=0 call_us[min/avg/max]=2380/2579/10095 okgap_max_us=10106
t=38s RTT mean=0 min=0 max=0 n=0 to=0 | cancels=0(+0/s) seqbad=0 len_bad=12508 disc=0(0x00) | tot_n=0 tot_to=0 maxever=0 >2ms=0 >5ms=0 >15ms=0 >20ms=0 >30ms=0 | probes=0 wrfail=0 down=4s maxout=4s
BLASTC comp=390 exkBps=92 cgap_us[min/avg/max]=2394/2564/10106
BLAST phy=2/2 att=390 ok=390 enomem=0 err=0 call_us[min/avg/max]=2383/2552/10094 okgap_max_us=10105
t=39s RTT mean=0 min=0 max=0 n=0 to=0 | cancels=0(+0/s) seqbad=0 len_bad=12898 disc=0(0x00) | tot_n=0 tot_to=0 maxever=0 >2ms=0 >5ms=0 >15ms=0 >20ms=0 >30ms=0 | probes=0 wrfail=0 down=4s maxout=4s
BLASTC comp=397 exkBps=94 cgap_us[min/avg/max]=2394/2518/5103
BLAST phy=2/2 att=397 ok=397 enomem=0 err=0 call_us[min/avg/max]=2321/2507/5092 okgap_max_us=5104
t=40s RTT mean=0 min=0 max=0 n=0 to=0 | cancels=0(+0/s) seqbad=0 len_bad=13296 disc=0(0x00) | tot_n=0 tot_to=0 maxever=0 >2ms=0 >5ms=0 >15ms=0 >20ms=0 >30ms=0 | probes=0 wrfail=0 down=4s maxout=4s
BLASTC comp=388 exkBps=92 cgap_us[min/avg/max]=2392/2577/10105
BLAST phy=2/2 att=388 ok=388 enomem=0 err=0 call_us[min/avg/max]=2379/2565/10094 okgap_max_us=10106
t=41s RTT mean=0 min=0 max=0 n=0 to=0 | cancels=0(+0/s) seqbad=0 len_bad=13684 disc=0(0x00) | tot_n=0 tot_to=0 maxever=0 >2ms=0 >5ms=0 >15ms=0 >20ms=0 >30ms=0 | probes=0 wrfail=0 down=4s maxout=4s
BLASTC comp=384 exkBps=91 cgap_us[min/avg/max]=2394/2604/7499
BLAST phy=2/2 att=384 ok=384 enomem=0 err=0 call_us[min/avg/max]=2383/2592/7488 okgap_max_us=7499
t=42s RTT mean=0 min=0 max=0 n=0 to=0 | cancels=0(+0/s) seqbad=0 len_bad=14068 disc=0(0x00) | tot_n=0 tot_to=0 maxever=0 >2ms=0 >5ms=0 >15ms=0 >20ms=0 >30ms=0 | probes=0 wrfail=0 down=4s maxout=4s
BLASTC comp=378 exkBps=90 cgap_us[min/avg/max]=2373/2645/10107
BLAST phy=2/2 att=378 ok=378 enomem=0 err=0 call_us[min/avg/max]=2303/2633/10096 okgap_max_us=10108
t=43s RTT mean=0 min=0 max=0 n=0 to=0 | cancels=0(+0/s) seqbad=0 len_bad=14446 disc=0(0x00) | tot_n=0 tot_to=0 maxever=0 >2ms=0 >5ms=0 >15ms=0 >20ms=0 >30ms=0 | probes=0 wrfail=0 down=4s maxout=4s
BLASTC comp=377 exkBps=89 cgap_us[min/avg/max]=2394/2652/10107
BLAST phy=2/2 att=377 ok=377 enomem=0 err=0 call_us[min/avg/max]=2383/2640/10096 okgap_max_us=10107
t=44s RTT mean=0 min=0 max=0 n=0 to=0 | cancels=0(+0/s) seqbad=0 len_bad=14822 disc=0(0x00) | tot_n=0 tot_to=0 maxever=0 >2ms=0 >5ms=0 >15ms=0 >20ms=0 >30ms=0 | probes=0 wrfail=0 down=4s maxout=4s
BLASTC comp=371 exkBps=88 cgap_us[min/avg/max]=2394/2695/17605
BLAST phy=2/2 att=371 ok=371 enomem=0 err=0 call_us[min/avg/max]=2377/2684/17594 okgap_max_us=17606
t=45s RTT mean=0 min=0 max=0 n=0 to=0 | cancels=0(+0/s) seqbad=0 len_bad=15194 disc=0(0x00) | tot_n=0 tot_to=0 maxever=0 >2ms=0 >5ms=0 >15ms=0 >20ms=0 >30ms=0 | probes=0 wrfail=0 down=4s maxout=4s
BLASTC comp=380 exkBps=90 cgap_us[min/avg/max]=2393/2631/10106
BLAST phy=2/2 att=380 ok=380 enomem=0 err=0 call_us[min/avg/max]=2321/2619/10095 okgap_max_us=10106
t=46s RTT mean=0 min=0 max=0 n=0 to=0 | cancels=0(+0/s) seqbad=0 len_bad=15574 disc=0(0x00) | tot_n=0 tot_to=0 maxever=0 >2ms=0 >5ms=0 >15ms=0 >20ms=0 >30ms=0 | probes=0 wrfail=0 down=4s maxout=4s
BLASTC comp=371 exkBps=88 cgap_us[min/avg/max]=2392/2695/12500
BLAST phy=2/2 att=371 ok=371 enomem=0 err=0 call_us[min/avg/max]=2382/2683/12489 okgap_max_us=12501
t=47s RTT mean=0 min=0 max=0 n=0 to=0 | cancels=0(+0/s) seqbad=0 len_bad=15945 disc=0(0x00) | tot_n=0 tot_to=0 maxever=0 >2ms=0 >5ms=0 >15ms=0 >20ms=0 >30ms=0 | probes=0 wrfail=0 down=4s maxout=4s
BLASTC comp=370 exkBps=88 cgap_us[min/avg/max]=2394/2703/10106
BLAST phy=2/2 att=370 ok=370 enomem=0 err=0 call_us[min/avg/max]=2383/2691/10095 okgap_max_us=10106
t=48s RTT mean=0 min=0 max=0 n=0 to=0 | cancels=0(+0/s) seqbad=0 len_bad=16315 disc=0(0x00) | tot_n=0 tot_to=0 maxever=0 >2ms=0 >5ms=0 >15ms=0 >20ms=0 >30ms=0 | probes=0 wrfail=0 down=4s maxout=4s
BLASTC comp=380 exkBps=90 cgap_us[min/avg/max]=2373/2631/12602
BLAST phy=2/2 att=380 ok=380 enomem=0 err=0 call_us[min/avg/max]=2303/2619/12591 okgap_max_us=12603
t=49s RTT mean=0 min=0 max=0 n=0 to=0 | cancels=0(+0/s) seqbad=0 len_bad=16695 disc=0(0x00) | tot_n=0 tot_to=0 maxever=0 >2ms=0 >5ms=0 >15ms=0 >20ms=0 >30ms=0 | probes=0 wrfail=0 down=4s maxout=4s
BLASTC comp=387 exkBps=92 cgap_us[min/avg/max]=2394/2583/7499
BLAST phy=2/2 att=387 ok=387 enomem=0 err=0 call_us[min/avg/max]=2382/2572/7488 okgap_max_us=7499
t=50s RTT mean=0 min=0 max=0 n=0 to=0 | cancels=0(+0/s) seqbad=0 len_bad=17082 disc=0(0x00) | tot_n=0 tot_to=0 maxever=0 >2ms=0 >5ms=0 >15ms=0 >20ms=0 >30ms=0 | probes=0 wrfail=0 down=4s maxout=4s
t=51s RTT mean=0 min=0 max=0 n=0 to=0 | cancels=0(+0/s) seqbad=0 len_bad=17463 disc=0(0x00) | tot_n=0 tot_to=0 maxever=0 >2ms=0 >5ms=0 >15ms=0 >20ms=0 >30ms=0 | probes=0 wrfail=0 down=4s maxout=4s
BLASTC comp=384 exkBps=91 cgap_us[min/avg/max]=2394/2623/14999
BLAST phy=2/2 att=384 ok=384 enomem=0 err=0 call_us[min/avg/max]=2376/2612/14988 okgap_max_us=14999
BLASTC comp=374 exkBps=89 cgap_us[min/avg/max]=2394/2653/10106
BLAST phy=2/2 att=374 ok=374 enomem=0 err=0 call_us[min/avg/max]=2324/2641/10094 okgap_max_us=10177
t=52s RTT mean=0 min=0 max=0 n=0 to=0 | cancels=0(+0/s) seqbad=0 len_bad=17840 disc=0(0x00) | tot_n=0 tot_to=0 maxever=0 >2ms=0 >5ms=0 >15ms=0 >20ms=0 >30ms=0 | probes=0 wrfail=0 down=4s maxout=4s
BLASTC comp=379 exkBps=90 cgap_us[min/avg/max]=2393/2638/10107
BLAST phy=2/2 att=379 ok=379 enomem=0 err=0 call_us[min/avg/max]=2383/2626/10096 okgap_max_us=10107
t=53s RTT mean=0 min=0 max=0 n=0 to=0 | cancels=0(+0/s) seqbad=0 len_bad=18218 disc=0(0x00) | tot_n=0 tot_to=0 maxever=0 >2ms=0 >5ms=0 >15ms=0 >20ms=0 >30ms=0 | probes=0 wrfail=0 down=4s maxout=4s
BLASTC comp=373 exkBps=88 cgap_us[min/avg/max]=2394/2681/10105
BLAST phy=2/2 att=373 ok=373 enomem=0 err=0 call_us[min/avg/max]=2383/2669/10094 okgap_max_us=10105
t=54s RTT mean=0 min=0 max=0 n=0 to=0 | cancels=0(+0/s) seqbad=0 len_bad=18592 disc=0(0x00) | tot_n=0 tot_to=0 maxever=0 >2ms=0 >5ms=0 >15ms=0 >20ms=0 >30ms=0 | probes=0 wrfail=0 down=4s maxout=4s
BLASTC comp=377 exkBps=89 cgap_us[min/avg/max]=2373/2652/17606
BLAST phy=2/2 att=377 ok=377 enomem=0 err=0 call_us[min/avg/max]=2303/2640/17595 okgap_max_us=17607
t=55s RTT mean=0 min=0 max=0 n=0 to=0 | cancels=0(+0/s) seqbad=0 len_bad=18970 disc=0(0x00) | tot_n=0 tot_to=0 maxever=0 >2ms=0 >5ms=0 >15ms=0 >20ms=0 >30ms=0 | probes=0 wrfail=0 down=4s maxout=4s
BLASTC comp=387 exkBps=92 cgap_us[min/avg/max]=2394/2583/10106
BLAST phy=2/2 att=387 ok=387 enomem=0 err=0 call_us[min/avg/max]=2380/2572/10095 okgap_max_us=10106
t=56s RTT mean=0 min=0 max=0 n=0 to=0 | cancels=0(+0/s) seqbad=0 len_bad=19357 disc=0(0x00) | tot_n=0 tot_to=0 maxever=0 >2ms=0 >5ms=0 >15ms=0 >20ms=0 >30ms=0 | probes=0 wrfail=0 down=4s maxout=4s
BLASTC comp=389 exkBps=92 cgap_us[min/avg/max]=2394/2570/10105
BLAST phy=2/2 att=389 ok=389 enomem=0 err=0 call_us[min/avg/max]=2383/2559/10094 okgap_max_us=10105
t=57s RTT mean=0 min=0 max=0 n=0 to=0 | cancels=0(+0/s) seqbad=0 len_bad=19746 disc=0(0x00) | tot_n=0 tot_to=0 maxever=0 >2ms=0 >5ms=0 >15ms=0 >20ms=0 >30ms=0 | probes=0 wrfail=0 down=4s maxout=4s
BLASTC comp=372 exkBps=88 cgap_us[min/avg/max]=2394/2687/10105
BLAST phy=2/2 att=372 ok=372 enomem=0 err=0 call_us[min/avg/max]=2320/2676/10094 okgap_max_us=10106
t=58s RTT mean=0 min=0 max=0 n=0 to=0 | cancels=0(+0/s) seqbad=0 len_bad=20118 disc=0(0x00) | tot_n=0 tot_to=0 maxever=0 >2ms=0 >5ms=0 >15ms=0 >20ms=0 >30ms=0 | probes=0 wrfail=0 down=4s maxout=4s
BLASTC comp=372 exkBps=88 cgap_us[min/avg/max]=2394/2688/12603
BLAST phy=2/2 att=372 ok=372 enomem=0 err=0 call_us[min/avg/max]=2378/2676/12591 okgap_max_us=12603
t=59s RTT mean=0 min=0 max=0 n=0 to=0 | cancels=0(+0/s) seqbad=0 len_bad=20490 disc=0(0x00) | tot_n=0 tot_to=0 maxever=0 >2ms=0 >5ms=0 >15ms=0 >20ms=0 >30ms=0 | probes=0 wrfail=0 down=4s maxout=4s
BLASTC comp=363 exkBps=86 cgap_us[min/avg/max]=2393/2761/12499
BLAST phy=2/2 att=363 ok=363 enomem=0 err=0 call_us[min/avg/max]=2381/2750/12488 okgap_max_us=12499
t=60s RTT mean=0 min=0 max=0 n=0 to=0 | cancels=0(+0/s) seqbad=0 len_bad=20852 disc=0(0x00) | tot_n=0 tot_to=0 maxever=0 >2ms=0 >5ms=0 >15ms=0 >20ms=0 >30ms=0 | probes=0 wrfail=0 down=4s maxout=4s
BLASTC comp=381 exkBps=90 cgap_us[min/avg/max]=2394/2618/10105
BLAST phy=2/2 att=381 ok=381 enomem=0 err=0 call_us[min/avg/max]=2383/2606/10094 okgap_max_us=10106
t=61s RTT mean=0 min=0 max=0 n=0 to=0 | cancels=0(+0/s) seqbad=0 len_bad=21234 disc=0(0x00) | tot_n=0 tot_to=0 maxever=0 >2ms=0 >5ms=0 >15ms=0 >20ms=0 >30ms=0 | probes=0 wrfail=0 down=4s maxout=4s
BLASTC comp=369 exkBps=87 cgap_us[min/avg/max]=2394/2710/12603
BLAST phy=2/2 att=369 ok=369 enomem=0 err=0 call_us[min/avg/max]=2383/2698/12592 okgap_max_us=12604
t=62s RTT mean=0 min=0 max=0 n=0 to=0 | cancels=0(+0/s) seqbad=0 len_bad=21603 disc=0(0x00) | tot_n=0 tot_to=0 maxever=0 >2ms=0 >5ms=0 >15ms=0 >20ms=0 >30ms=0 | probes=0 wrfail=0 down=4s maxout=4s
BLASTC comp=384 exkBps=91 cgap_us[min/avg/max]=2394/2604/10106
BLAST phy=2/2 att=384 ok=384 enomem=0 err=0 call_us[min/avg/max]=2382/2592/10095 okgap_max_us=10106
t=63s RTT mean=0 min=0 max=0 n=0 to=0 | cancels=0(+0/s) seqbad=0 len_bad=21987 disc=0(0x00) | tot_n=0 tot_to=0 maxever=0 >2ms=0 >5ms=0 >15ms=0 >20ms=0 >30ms=0 | probes=0 wrfail=0 down=4s maxout=4s
BLASTC comp=371 exkBps=88 cgap_us[min/avg/max]=2394/2695/10106
BLAST phy=2/2 att=371 ok=371 enomem=0 err=0 call_us[min/avg/max]=2320/2683/10095 okgap_max_us=10107
t=64s RTT mean=0 min=0 max=0 n=0 to=0 | cancels=0(+0/s) seqbad=0 len_bad=22358 disc=0(0x00) | tot_n=0 tot_to=0 maxever=0 >2ms=0 >5ms=0 >15ms=0 >20ms=0 >30ms=0 | probes=0 wrfail=0 down=4s maxout=4s
BLASTC comp=367 exkBps=87 cgap_us[min/avg/max]=2394/2724/12603
BLAST phy=2/2 att=367 ok=367 enomem=0 err=0 call_us[min/avg/max]=2377/2713/12592 okgap_max_us=12603
t=65s RTT mean=0 min=0 max=0 n=0 to=0 | cancels=0(+0/s) seqbad=0 len_bad=22725 disc=0(0x00) | tot_n=0 tot_to=0 maxever=0 >2ms=0 >5ms=0 >15ms=0 >20ms=0 >30ms=0 | probes=0 wrfail=0 down=4s maxout=4s
BLASTC comp=373 exkBps=88 cgap_us[min/avg/max]=2394/2681/10106
BLAST phy=2/2 att=373 ok=373 enomem=0 err=0 call_us[min/avg/max]=2383/2669/10095 okgap_max_us=10106
t=66s RTT mean=0 min=0 max=0 n=0 to=0 | cancels=0(+0/s) seqbad=0 len_bad=23098 disc=0(0x00) | tot_n=0 tot_to=0 maxever=0 >2ms=0 >5ms=0 >15ms=0 >20ms=0 >30ms=0 | probes=0 wrfail=0 down=4s maxout=4s
BLASTC comp=383 exkBps=91 cgap_us[min/avg/max]=2374/2610/10106
BLAST phy=2/2 att=383 ok=383 enomem=0 err=0 call_us[min/avg/max]=2304/2599/10094 okgap_max_us=10106
t=67s RTT mean=0 min=0 max=0 n=0 to=0 | cancels=0(+0/s) seqbad=0 len_bad=23481 disc=0(0x00) | tot_n=0 tot_to=0 maxever=0 >2ms=0 >5ms=0 >15ms=0 >20ms=0 >30ms=0 | probes=0 wrfail=0 down=4s maxout=4s
BLASTC comp=381 exkBps=90 cgap_us[min/avg/max]=2394/2624/12501
BLAST phy=2/2 att=381 ok=381 enomem=0 err=0 call_us[min/avg/max]=2383/2613/12489 okgap_max_us=12500
t=68s RTT mean=0 min=0 max=0 n=0 to=0 | cancels=0(+0/s) seqbad=0 len_bad=23862 disc=0(0x00) | tot_n=0 tot_to=0 maxever=0 >2ms=0 >5ms=0 >15ms=0 >20ms=0 >30ms=0 | probes=0 wrfail=0 down=4s maxout=4s
BLASTC comp=368 exkBps=87 cgap_us[min/avg/max]=2394/2717/10106
BLAST phy=2/2 att=368 ok=368 enomem=0 err=0 call_us[min/avg/max]=2382/2706/10094 okgap_max_us=10106
t=69s RTT mean=0 min=0 max=0 n=0 to=0 | cancels=0(+0/s) seqbad=0 len_bad=24230 disc=0(0x00) | tot_n=0 tot_to=0 maxever=0 >2ms=0 >5ms=0 >15ms=0 >20ms=0 >30ms=0 | probes=0 wrfail=0 down=4s maxout=4s
BLASTC comp=382 exkBps=91 cgap_us[min/avg/max]=2394/2617/12603
BLAST phy=2/2 att=382 ok=382 enomem=0 err=0 call_us[min/avg/max]=2320/2605/12592 okgap_max_us=12604
t=70s RTT mean=0 min=0 max=0 n=0 to=0 | cancels=0(+0/s) seqbad=0 len_bad=24613 disc=0(0x00) | tot_n=0 tot_to=0 maxever=0 >2ms=0 >5ms=0 >15ms=0 >20ms=0 >30ms=0 | probes=0 wrfail=0 down=4s maxout=4s
BLASTC comp=365 exkBps=86 cgap_us[min/avg/max]=2394/2739/17606
BLAST phy=2/2 att=365 ok=365 enomem=0 err=0 call_us[min/avg/max]=2383/2728/17594 okgap_max_us=17605
t=71s RTT mean=0 min=0 max=0 n=0 to=0 | cancels=0(+0/s) seqbad=0 len_bad=24978 disc=0(0x00) | tot_n=0 tot_to=0 maxever=0 >2ms=0 >5ms=0 >15ms=0 >20ms=0 >30ms=0 | probes=0 wrfail=0 down=4s maxout=4s
BLASTC comp=374 exkBps=89 cgap_us[min/avg/max]=2394/2674/10106
BLAST phy=2/2 att=374 ok=374 enomem=0 err=0 call_us[min/avg/max]=2379/2662/10094 okgap_max_us=10106
t=72s RTT mean=0 min=0 max=0 n=0 to=0 | cancels=0(+0/s) seqbad=0 len_bad=25352 disc=0(0x00) | tot_n=0 tot_to=0 maxever=0 >2ms=0 >5ms=0 >15ms=0 >20ms=0 >30ms=0 | probes=0 wrfail=0 down=4s maxout=4s
BLASTC comp=371 exkBps=88 cgap_us[min/avg/max]=2374/2695/20102
BLAST phy=2/2 att=371 ok=371 enomem=0 err=0 call_us[min/avg/max]=2304/2683/20092 okgap_max_us=20103
t=73s RTT mean=0 min=0 max=0 n=0 to=0 | cancels=0(+0/s) seqbad=0 len_bad=25723 disc=0(0x00) | tot_n=0 tot_to=0 maxever=0 >2ms=0 >5ms=0 >15ms=0 >20ms=0 >30ms=0 | probes=0 wrfail=0 down=4s maxout=4s
BLASTC comp=372 exkBps=88 cgap_us[min/avg/max]=2393/2688/14998
BLAST phy=2/2 att=372 ok=372 enomem=0 err=0 call_us[min/avg/max]=2382/2676/14987 okgap_max_us=14999
t=74s RTT mean=0 min=0 max=0 n=0 to=0 | cancels=0(+0/s) seqbad=0 len_bad=26095 disc=0(0x00) | tot_n=0 tot_to=0 maxever=0 >2ms=0 >5ms=0 >15ms=0 >20ms=0 >30ms=0 | probes=0 wrfail=0 down=4s maxout=4s
BLASTC comp=365 exkBps=86 cgap_us[min/avg/max]=2394/2740/10107
BLAST phy=2/2 att=365 ok=365 enomem=0 err=0 call_us[min/avg/max]=2383/2728/10096 okgap_max_us=10108
t=75s RTT mean=0 min=0 max=0 n=0 to=0 | cancels=0(+0/s) seqbad=0 len_bad=26460 disc=0(0x00) | tot_n=0 tot_to=0 maxever=0 >2ms=0 >5ms=0 >15ms=0 >20ms=0 >30ms=0 | probes=0 wrfail=0 down=4s maxout=4s
BLASTC comp=357 exkBps=85 cgap_us[min/avg/max]=2394/2800/17606
BLAST phy=2/2 att=357 ok=357 enomem=0 err=0 call_us[min/avg/max]=2321/2789/17594 okgap_max_us=17605
t=76s RTT mean=0 min=0 max=0 n=0 to=0 | cancels=0(+0/s) seqbad=0 len_bad=26817 disc=0(0x00) | tot_n=0 tot_to=0 maxever=0 >2ms=0 >5ms=0 >15ms=0 >20ms=0 >30ms=0 | probes=0 wrfail=0 down=4s maxout=4s
BLASTC comp=370 exkBps=88 cgap_us[min/avg/max]=2393/2702/10106
BLAST phy=2/2 att=370 ok=370 enomem=0 err=0 call_us[min/avg/max]=2382/2691/10094 okgap_max_us=10106
t=77s RTT mean=0 min=0 max=0 n=0 to=0 | cancels=0(+0/s) seqbad=0 len_bad=27187 disc=0(0x00) | tot_n=0 tot_to=0 maxever=0 >2ms=0 >5ms=0 >15ms=0 >20ms=0 >30ms=0 | probes=0 wrfail=0 down=4s maxout=4s
BLASTC comp=380 exkBps=90 cgap_us[min/avg/max]=2394/2631/14998
BLAST phy=2/2 att=380 ok=380 enomem=0 err=0 call_us[min/avg/max]=2383/2620/14987 okgap_max_us=14998
t=78s RTT mean=0 min=0 max=0 n=0 to=0 | cancels=0(+0/s) seqbad=0 len_bad=27567 disc=0(0x00) | tot_n=0 tot_to=0 maxever=0 >2ms=0 >5ms=0 >15ms=0 >20ms=0 >30ms=0 | probes=0 wrfail=0 down=4s maxout=4s
BLASTC comp=391 exkBps=93 cgap_us[min/avg/max]=2373/2557/10105
BLAST phy=2/2 att=391 ok=391 enomem=0 err=0 call_us[min/avg/max]=2304/2545/10094 okgap_max_us=10106
t=79s RTT mean=0 min=0 max=0 n=0 to=0 | cancels=0(+0/s) seqbad=0 len_bad=27958 disc=0(0x00) | tot_n=0 tot_to=0 maxever=0 >2ms=0 >5ms=0 >15ms=0 >20ms=0 >30ms=0 | probes=0 wrfail=0 down=4s maxout=4s
BLASTC comp=378 exkBps=90 cgap_us[min/avg/max]=2392/2645/10106
BLAST phy=2/2 att=378 ok=378 enomem=0 err=0 call_us[min/avg/max]=2381/2633/10095 okgap_max_us=10106
t=80s RTT mean=0 min=0 max=0 n=0 to=0 | cancels=0(+0/s) seqbad=0 len_bad=28336 disc=0(0x00) | tot_n=0 tot_to=0 maxever=0 >2ms=0 >5ms=0 >15ms=0 >20ms=0 >30ms=0 | probes=0 wrfail=0 down=4s maxout=4s
BLASTC comp=379 exkBps=90 cgap_us[min/avg/max]=2394/2638/10106
BLAST phy=2/2 att=379 ok=379 enomem=0 err=0 call_us[min/avg/max]=2382/2627/10094 okgap_max_us=10105
t=81s RTT mean=0 min=0 max=0 n=0 to=0 | cancels=0(+0/s) seqbad=0 len_bad=28715 disc=0(0x00) | tot_n=0 tot_to=0 maxever=0 >2ms=0 >5ms=0 >15ms=0 >20ms=0 >30ms=0 | probes=0 wrfail=0 down=4s maxout=4s
BLASTC comp=378 exkBps=90 cgap_us[min/avg/max]=2394/2645/10106
BLAST phy=2/2 att=378 ok=378 enomem=0 err=0 call_us[min/avg/max]=2321/2633/10095 okgap_max_us=10106
t=82s RTT mean=0 min=0 max=0 n=0 to=0 | cancels=0(+0/s) seqbad=0 len_bad=29093 disc=0(0x00) | tot_n=0 tot_to=0 maxever=0 >2ms=0 >5ms=0 >15ms=0 >20ms=0 >30ms=0 | probes=0 wrfail=0 down=4s maxout=4s
BLASTC comp=376 exkBps=89 cgap_us[min/avg/max]=2393/2659/12602
BLAST phy=2/2 att=376 ok=376 enomem=0 err=0 call_us[min/avg/max]=2382/2648/12592 okgap_max_us=12604
t=83s RTT mean=0 min=0 max=0 n=0 to=0 | cancels=0(+0/s) seqbad=0 len_bad=29469 disc=0(0x00) | tot_n=0 tot_to=0 maxever=0 >2ms=0 >5ms=0 >15ms=0 >20ms=0 >30ms=0 | probes=0 wrfail=0 down=4s maxout=4s
BLASTC comp=378 exkBps=90 cgap_us[min/avg/max]=2394/2645/10108
BLAST phy=2/2 att=378 ok=378 enomem=0 err=0 call_us[min/avg/max]=2383/2634/10097 okgap_max_us=10109
t=84s RTT mean=0 min=0 max=0 n=0 to=0 | cancels=0(+0/s) seqbad=0 len_bad=29847 disc=0(0x00) | tot_n=0 tot_to=0 maxever=0 >2ms=0 >5ms=0 >15ms=0 >20ms=0 >30ms=0 | probes=0 wrfail=0 down=4s maxout=4s
BLASTC comp=373 exkBps=88 cgap_us[min/avg/max]=2373/2680/10106
BLAST phy=2/2 att=373 ok=373 enomem=0 err=0 call_us[min/avg/max]=2303/2669/10094 okgap_max_us=10106
t=85s RTT mean=0 min=0 max=0 n=0 to=0 | cancels=0(+0/s) seqbad=0 len_bad=30220 disc=0(0x00) | tot_n=0 tot_to=0 maxever=0 >2ms=0 >5ms=0 >15ms=0 >20ms=0 >30ms=0 | probes=0 wrfail=0 down=4s maxout=4s
BLASTC comp=364 exkBps=86 cgap_us[min/avg/max]=2393/2747/17606
BLAST phy=2/2 att=364 ok=364 enomem=0 err=0 call_us[min/avg/max]=2381/2735/17595 okgap_max_us=17607
t=86s RTT mean=0 min=0 max=0 n=0 to=0 | cancels=0(+0/s) seqbad=0 len_bad=30584 disc=0(0x00) | tot_n=0 tot_to=0 maxever=0 >2ms=0 >5ms=0 >15ms=0 >20ms=0 >30ms=0 | probes=0 wrfail=0 down=4s maxout=4s
BLASTC comp=372 exkBps=88 cgap_us[min/avg/max]=2394/2688/10106
BLAST phy=2/2 att=372 ok=372 enomem=0 err=0 call_us[min/avg/max]=2383/2676/10095 okgap_max_us=10106
t=87s RTT mean=0 min=0 max=0 n=0 to=0 | cancels=0(+0/s) seqbad=0 len_bad=30957 disc=0(0x00) | tot_n=0 tot_to=0 maxever=0 >2ms=0 >5ms=0 >15ms=0 >20ms=0 >30ms=0 | probes=0 wrfail=0 down=4s maxout=4s
BLASTC comp=372 exkBps=88 cgap_us[min/avg/max]=2393/2687/10106
BLAST phy=2/2 att=372 ok=372 enomem=0 err=0 call_us[min/avg/max]=2321/2676/10095 okgap_max_us=10106
t=88s RTT mean=0 min=0 max=0 n=0 to=0 | cancels=0(+0/s) seqbad=0 len_bad=31329 disc=0(0x00) | tot_n=0 tot_to=0 maxever=0 >2ms=0 >5ms=0 >15ms=0 >20ms=0 >30ms=0 | probes=0 wrfail=0 down=4s maxout=4s
BLASTC comp=380 exkBps=90 cgap_us[min/avg/max]=2394/2631/10106
BLAST phy=2/2 att=380 ok=380 enomem=0 err=0 call_us[min/avg/max]=2383/2620/10095 okgap_max_us=10106
t=89s RTT mean=0 min=0 max=0 n=0 to=0 | cancels=0(+0/s) seqbad=0 len_bad=31709 disc=0(0x00) | tot_n=0 tot_to=0 maxever=0 >2ms=0 >5ms=0 >15ms=0 >20ms=0 >30ms=0 | probes=0 wrfail=0 down=4s maxout=4s
BLASTC comp=366 exkBps=87 cgap_us[min/avg/max]=2394/2739/17606
BLAST phy=2/2 att=366 ok=366 enomem=0 err=0 call_us[min/avg/max]=2383/2727/17595 okgap_max_us=17606
t=90s RTT mean=0 min=0 max=0 n=0 to=0 | cancels=0(+0/s) seqbad=0 len_bad=32073 disc=0(0x00) | tot_n=0 tot_to=0 maxever=0 >2ms=0 >5ms=0 >15ms=0 >20ms=0 >30ms=0 | probes=0 wrfail=0 down=4s maxout=4s
BLASTC comp=346 exkBps=82 cgap_us[min/avg/max]=2394/2882/17607
BLAST phy=2/2 att=346 ok=346 enomem=0 err=0 call_us[min/avg/max]=2383/2871/17596 okgap_max_us=17608
t=91s RTT mean=0 min=0 max=0 n=0 to=0 | cancels=0(+0/s) seqbad=0 len_bad=32420 disc=0(0x00) | tot_n=0 tot_to=0 maxever=0 >2ms=0 >5ms=0 >15ms=0 >20ms=0 >30ms=0 | probes=0 wrfail=0 down=4s maxout=4s
BLASTC comp=371 exkBps=88 cgap_us[min/avg/max]=2394/2695/10106
BLAST phy=2/2 att=371 ok=371 enomem=0 err=0 call_us[min/avg/max]=2383/2683/10095 okgap_max_us=10106
t=92s RTT mean=0 min=0 max=0 n=0 to=0 | cancels=0(+0/s) seqbad=0 len_bad=32792 disc=0(0x00) | tot_n=0 tot_to=0 maxever=0 >2ms=0 >5ms=0 >15ms=0 >20ms=0 >30ms=0 | probes=0 wrfail=0 down=4s maxout=4s
BLASTC comp=341 exkBps=81 cgap_us[min/avg/max]=2394/2932/17608
BLAST phy=2/2 att=341 ok=341 enomem=0 err=0 call_us[min/avg/max]=2378/2921/17597 okgap_max_us=17608
t=93s RTT mean=0 min=0 max=0 n=0 to=0 | cancels=0(+0/s) seqbad=0 len_bad=33133 disc=0(0x00) | tot_n=0 tot_to=0 maxever=0 >2ms=0 >5ms=0 >15ms=0 >20ms=0 >30ms=0 | probes=0 wrfail=0 down=4s maxout=4s
BLASTC comp=370 exkBps=88 cgap_us[min/avg/max]=2393/2702/10106
BLAST phy=2/2 att=370 ok=370 enomem=0 err=0 call_us[min/avg/max]=2320/2690/10095 okgap_max_us=10106
t=94s RTT mean=0 min=0 max=0 n=0 to=0 | cancels=0(+0/s) seqbad=0 len_bad=33502 disc=0(0x00) | tot_n=0 tot_to=0 maxever=0 >2ms=0 >5ms=0 >15ms=0 >20ms=0 >30ms=0 | probes=0 wrfail=0 down=4s maxout=4s
BLASTC comp=372 exkBps=88 cgap_us[min/avg/max]=2393/2688/17608
BLAST phy=2/2 att=372 ok=372 enomem=0 err=0 call_us[min/avg/max]=2382/2676/17597 okgap_max_us=17608
t=95s RTT mean=0 min=0 max=0 n=0 to=0 | cancels=0(+0/s) seqbad=0 len_bad=33875 disc=0(0x00) | tot_n=0 tot_to=0 maxever=0 >2ms=0 >5ms=0 >15ms=0 >20ms=0 >30ms=0 | probes=0 wrfail=0 down=4s maxout=4s
BLASTC comp=366 exkBps=87 cgap_us[min/avg/max]=2394/2732/10107
BLAST phy=2/2 att=366 ok=366 enomem=0 err=0 call_us[min/avg/max]=2383/2720/10096 okgap_max_us=10107
t=96s RTT mean=0 min=0 max=0 n=0 to=0 | cancels=0(+0/s) seqbad=0 len_bad=34241 disc=0(0x00) | tot_n=0 tot_to=0 maxever=0 >2ms=0 >5ms=0 >15ms=0 >20ms=0 >30ms=0 | probes=0 wrfail=0 down=4s maxout=4s
BLASTC comp=366 exkBps=87 cgap_us[min/avg/max]=2374/2731/17606
BLAST phy=2/2 att=366 ok=366 enomem=0 err=0 call_us[min/avg/max]=2303/2720/17594 okgap_max_us=17605
t=97s RTT mean=0 min=0 max=0 n=0 to=0 | cancels=0(+0/s) seqbad=0 len_bad=34607 disc=0(0x00) | tot_n=0 tot_to=0 maxever=0 >2ms=0 >5ms=0 >15ms=0 >20ms=0 >30ms=0 | probes=0 wrfail=0 down=4s maxout=4s
BLASTC comp=371 exkBps=88 cgap_us[min/avg/max]=2394/2695/17606
BLAST phy=2/2 att=371 ok=371 enomem=0 err=0 call_us[min/avg/max]=2383/2683/17595 okgap_max_us=17606
t=98s RTT mean=0 min=0 max=0 n=0 to=0 | cancels=0(+0/s) seqbad=0 len_bad=34978 disc=0(0x00) | tot_n=0 tot_to=0 maxever=0 >2ms=0 >5ms=0 >15ms=0 >20ms=0 >30ms=0 | probes=0 wrfail=0 down=4s maxout=4s
BLASTC comp=374 exkBps=89 cgap_us[min/avg/max]=2394/2674/14999
BLAST phy=2/2 att=374 ok=374 enomem=0 err=0 call_us[min/avg/max]=2378/2662/14988 okgap_max_us=14999
t=99s RTT mean=0 min=0 max=0 n=0 to=0 | cancels=0(+0/s) seqbad=0 len_bad=35351 disc=0(0x00) | tot_n=0 tot_to=0 maxever=0 >2ms=0 >5ms=0 >15ms=0 >20ms=0 >30ms=0 | probes=0 wrfail=0 down=4s maxout=4s
BLASTC comp=369 exkBps=87 cgap_us[min/avg/max]=2394/2723/10106
BLAST phy=2/2 att=369 ok=369 enomem=0 err=0 call_us[min/avg/max]=2320/2711/10095 okgap_max_us=10106
t=100s RTT mean=0 min=0 max=0 n=0 to=0 | cancels=0(+0/s) seqbad=0 len_bad=35719 disc=0(0x00) | tot_n=0 tot_to=0 maxever=0 >2ms=0 >5ms=0 >15ms=0 >20ms=0 >30ms=0 | probes=0 wrfail=0 down=4s maxout=4s
BLASTC comp=359 exkBps=85 cgap_us[min/avg/max]=2394/2778/14998
BLAST phy=2/2 att=359 ok=359 enomem=0 err=0 call_us[min/avg/max]=2328/2767/14987 okgap_max_us=14999
t=101s RTT mean=0 min=0 max=0 n=0 to=0 | cancels=0(+0/s) seqbad=0 len_bad=36079 disc=0(0x00) | tot_n=0 tot_to=0 maxever=0 >2ms=0 >5ms=0 >15ms=0 >20ms=0 >30ms=0 | probes=0 wrfail=0 down=4s maxout=4s
BLASTC comp=383 exkBps=91 cgap_us[min/avg/max]=2394/2604/10108
BLAST phy=2/2 att=383 ok=383 enomem=0 err=0 call_us[min/avg/max]=2321/2592/10097 okgap_max_us=10165
t=102s RTT mean=0 min=0 max=0 n=0 to=0 | cancels=0(+0/s) seqbad=0 len_bad=36463 disc=0(0x00) | tot_n=0 tot_to=0 maxever=0 >2ms=0 >5ms=0 >15ms=0 >20ms=0 >30ms=0 | probes=0 wrfail=0 down=4s maxout=4s
BLASTC comp=361 exkBps=86 cgap_us[min/avg/max]=2393/2776/10108
BLAST phy=2/2 att=361 ok=361 enomem=0 err=0 call_us[min/avg/max]=2327/2765/10096 okgap_max_us=10108
t=103s RTT mean=0 min=0 max=0 n=0 to=0 | cancels=0(+0/s) seqbad=0 len_bad=36824 disc=0(0x00) | tot_n=0 tot_to=0 maxever=0 >2ms=0 >5ms=0 >15ms=0 >20ms=0 >30ms=0 | probes=0 wrfail=0 down=4s maxout=4s
BLASTC comp=354 exkBps=84 cgap_us[min/avg/max]=2394/2817/10108
BLAST phy=2/2 att=354 ok=354 enomem=0 err=0 call_us[min/avg/max]=2383/2806/10097 okgap_max_us=10108
t=104s RTT mean=0 min=0 max=0 n=0 to=0 | cancels=0(+0/s) seqbad=0 len_bad=37179 disc=0(0x00) | tot_n=0 tot_to=0 maxever=0 >2ms=0 >5ms=0 >15ms=0 >20ms=0 >30ms=0 | probes=0 wrfail=0 down=4s maxout=4s
BLASTC comp=354 exkBps=84 cgap_us[min/avg/max]=2372/2825/10109
BLAST phy=2/2 att=354 ok=354 enomem=0 err=0 call_us[min/avg/max]=2361/2813/10097 okgap_max_us=10108
t=105s RTT mean=0 min=0 max=0 n=0 to=0 | cancels=0(+0/s) seqbad=0 len_bad=37531 disc=0(0x00) | tot_n=0 tot_to=0 maxever=0 >2ms=0 >5ms=0 >15ms=0 >20ms=0 >30ms=0 | probes=0 wrfail=0 down=4s maxout=4s
BLASTC comp=356 exkBps=84 cgap_us[min/avg/max]=2394/2808/12603
BLAST phy=2/2 att=356 ok=356 enomem=0 err=0 call_us[min/avg/max]=2321/2797/12592 okgap_max_us=12603
t=106s RTT mean=0 min=0 max=0 n=0 to=0 | cancels=0(+0/s) seqbad=0 len_bad=37888 disc=0(0x00) | tot_n=0 tot_to=0 maxever=0 >2ms=0 >5ms=0 >15ms=0 >20ms=0 >30ms=0 | probes=0 wrfail=0 down=4s maxout=4s
BLASTC comp=362 exkBps=86 cgap_us[min/avg/max]=2393/2762/17606
BLAST phy=2/2 att=362 ok=362 enomem=0 err=0 call_us[min/avg/max]=2377/2750/17594 okgap_max_us=17605
t=107s RTT mean=0 min=0 max=0 n=0 to=0 | cancels=0(+0/s) seqbad=0 len_bad=38246 disc=0(0x00) | tot_n=0 tot_to=0 maxever=0 >2ms=0 >5ms=0 >15ms=0 >20ms=0 >30ms=0 | probes=0 wrfail=0 down=4s maxout=4s
BLASTC comp=352 exkBps=83 cgap_us[min/avg/max]=2393/2841/14998
BLAST phy=2/2 att=352 ok=352 enomem=0 err=0 call_us[min/avg/max]=2382/2829/14987 okgap_max_us=14998
t=108s RTT mean=0 min=0 max=0 n=0 to=0 | cancels=0(+0/s) seqbad=0 len_bad=38603 disc=0(0x00) | tot_n=0 tot_to=0 maxever=0 >2ms=0 >5ms=0 >15ms=0 >20ms=0 >30ms=0 | probes=0 wrfail=0 down=4s maxout=4s
BLASTC comp=353 exkBps=84 cgap_us[min/avg/max]=2373/2832/12501
BLAST phy=2/2 att=353 ok=353 enomem=0 err=0 call_us[min/avg/max]=2304/2821/12489 okgap_max_us=12500
t=109s RTT mean=0 min=0 max=0 n=0 to=0 | cancels=0(+0/s) seqbad=0 len_bad=38955 disc=0(0x00) | tot_n=0 tot_to=0 maxever=0 >2ms=0 >5ms=0 >15ms=0 >20ms=0 >30ms=0 | probes=0 wrfail=0 down=4s maxout=4s
BLASTC comp=361 exkBps=86 cgap_us[min/avg/max]=2394/2770/17605
BLAST phy=2/2 att=361 ok=361 enomem=0 err=0 call_us[min/avg/max]=2383/2758/17594 okgap_max_us=17605
t=110s RTT mean=0 min=0 max=0 n=0 to=0 | cancels=0(+0/s) seqbad=0 len_bad=39317 disc=0(0x00) | tot_n=0 tot_to=0 maxever=0 >2ms=0 >5ms=0 >15ms=0 >20ms=0 >30ms=0 | probes=0 wrfail=0 down=4s maxout=4s
BLASTC comp=354 exkBps=84 cgap_us[min/avg/max]=2393/2825/10110
BLAST phy=2/2 att=354 ok=354 enomem=0 err=0 call_us[min/avg/max]=2382/2813/10098 okgap_max_us=10110
t=111s RTT mean=0 min=0 max=0 n=0 to=0 | cancels=0(+0/s) seqbad=0 len_bad=39671 disc=0(0x00) | tot_n=0 tot_to=0 maxever=0 >2ms=0 >5ms=0 >15ms=0 >20ms=0 >30ms=0 | probes=0 wrfail=0 down=4s maxout=4s
BLASTC comp=359 exkBps=85 cgap_us[min/avg/max]=2394/2785/10107
BLAST phy=2/2 att=359 ok=359 enomem=0 err=0 call_us[min/avg/max]=2321/2773/10095 okgap_max_us=10106
t=112s RTT mean=0 min=0 max=0 n=0 to=0 | cancels=0(+0/s) seqbad=0 len_bad=40030 disc=0(0x00) | tot_n=0 tot_to=0 maxever=0 >2ms=0 >5ms=0 >15ms=0 >20ms=0 >30ms=0 | probes=0 wrfail=0 down=4s maxout=4s
BLASTC comp=367 exkBps=87 cgap_us[min/avg/max]=2394/2724/10106
BLAST phy=2/2 att=367 ok=367 enomem=0 err=0 call_us[min/avg/max]=2376/2713/10095 okgap_max_us=10106
t=113s RTT mean=0 min=0 max=0 n=0 to=0 | cancels=0(+0/s) seqbad=0 len_bad=40397 disc=0(0x00) | tot_n=0 tot_to=0 maxever=0 >2ms=0 >5ms=0 >15ms=0 >20ms=0 >30ms=0 | probes=0 wrfail=0 down=4s maxout=4s
BLASTC comp=381 exkBps=90 cgap_us[min/avg/max]=2392/2624/10105
BLAST phy=2/2 att=381 ok=381 enomem=0 err=0 call_us[min/avg/max]=2381/2613/10094 okgap_max_us=10106
t=114s RTT mean=0 min=0 max=0 n=0 to=0 | cancels=0(+0/s) seqbad=0 len_bad=40778 disc=0(0x00) | tot_n=0 tot_to=0 maxever=0 >2ms=0 >5ms=0 >15ms=0 >20ms=0 >30ms=0 | probes=0 wrfail=0 down=4s maxout=4s
BLASTC comp=359 exkBps=85 cgap_us[min/avg/max]=2373/2785/10110
BLAST phy=2/2 att=359 ok=359 enomem=0 err=0 call_us[min/avg/max]=2303/2773/10097 okgap_max_us=10109
t=115s RTT mean=0 min=0 max=0 n=0 to=0 | cancels=0(+0/s) seqbad=0 len_bad=41136 disc=0(0x00) | tot_n=0 tot_to=0 maxever=0 >2ms=0 >5ms=0 >15ms=0 >20ms=0 >30ms=0 | probes=0 wrfail=0 down=4s maxout=4s
BLASTC comp=372 exkBps=88 cgap_us[min/avg/max]=2394/2688/12500
BLAST phy=2/2 att=372 ok=372 enomem=0 err=0 call_us[min/avg/max]=2383/2676/12489 okgap_max_us=12500
t=116s RTT mean=0 min=0 max=0 n=0 to=0 | cancels=0(+0/s) seqbad=0 len_bad=41507 disc=0(0x00) | tot_n=0 tot_to=0 maxever=0 >2ms=0 >5ms=0 >15ms=0 >20ms=0 >30ms=0 | probes=0 wrfail=0 down=4s maxout=4s
BLASTC comp=364 exkBps=86 cgap_us[min/avg/max]=2394/2754/12500
BLAST phy=2/2 att=364 ok=364 enomem=0 err=0 call_us[min/avg/max]=2383/2742/12482 okgap_max_us=10107
t=117s RTT mean=0 min=0 max=0 n=0 to=0 | cancels=0(+0/s) seqbad=0 len_bad=41872 disc=0(0x00) | tot_n=0 tot_to=0 maxever=0 >2ms=0 >5ms=0 >15ms=0 >20ms=0 >30ms=0 | probes=0 wrfail=0 down=4s maxout=4s
BLASTC comp=359 exkBps=85 cgap_us[min/avg/max]=2394/2778/10106
BLAST phy=2/2 att=359 ok=359 enomem=0 err=0 call_us[min/avg/max]=2383/2767/10095 okgap_max_us=12559
t=118s RTT mean=0 min=0 max=0 n=0 to=0 | cancels=0(+0/s) seqbad=0 len_bad=42232 disc=0(0x00) | tot_n=0 tot_to=0 maxever=0 >2ms=0 >5ms=0 >15ms=0 >20ms=0 >30ms=0 | probes=0 wrfail=0 down=4s maxout=4s
BLASTC comp=377 exkBps=89 cgap_us[min/avg/max]=2394/2652/10108
BLAST phy=2/2 att=377 ok=377 enomem=0 err=0 call_us[min/avg/max]=2383/2641/10097 okgap_max_us=10108
t=119s RTT mean=0 min=0 max=0 n=0 to=0 | cancels=0(+0/s) seqbad=0 len_bad=42609 disc=0(0x00) | tot_n=0 tot_to=0 maxever=0 >2ms=0 >5ms=0 >15ms=0 >20ms=0 >30ms=0 | probes=0 wrfail=0 down=4s maxout=4s
BLASTC comp=354 exkBps=84 cgap_us[min/avg/max]=2386/2825/22498
BLAST phy=2/2 att=354 ok=354 enomem=0 err=0 call_us[min/avg/max]=2280/2813/22487 okgap_max_us=22499
t=120s RTT mean=0 min=0 max=0 n=0 to=0 | cancels=0(+0/s) seqbad=0 len_bad=42962 disc=0(0x00) | tot_n=0 tot_to=0 maxever=0 >2ms=0 >5ms=0 >15ms=0 >20ms=0 >30ms=0 | probes=0 wrfail=0 down=4s maxout=4s
BLASTC comp=373 exkBps=88 cgap_us[min/avg/max]=2394/2680/12603
BLAST phy=2/2 att=373 ok=373 enomem=0 err=0 call_us[min/avg/max]=2378/2669/12592 okgap_max_us=12604
t=121s RTT mean=0 min=0 max=0 n=0 to=0 | cancels=0(+0/s) seqbad=0 len_bad=43337 disc=0(0x00) | tot_n=0 tot_to=0 maxever=0 >2ms=0 >5ms=0 >15ms=0 >20ms=0 >30ms=0 | probes=0 wrfail=0 down=4s maxout=4s
BLASTC comp=366 exkBps=87 cgap_us[min/avg/max]=2393/2732/12603
BLAST phy=2/2 att=366 ok=366 enomem=0 err=0 call_us[min/avg/max]=2381/2720/12592 okgap_max_us=12603
t=122s RTT mean=0 min=0 max=0 n=0 to=0 | cancels=0(+0/s) seqbad=0 len_bad=43702 disc=0(0x00) | tot_n=0 tot_to=0 maxever=0 >2ms=0 >5ms=0 >15ms=0 >20ms=0 >30ms=0 | probes=0 wrfail=0 down=4s maxout=4s
BLASTC comp=377 exkBps=89 cgap_us[min/avg/max]=2394/2652/10105
BLAST phy=2/2 att=377 ok=377 enomem=0 err=0 call_us[min/avg/max]=2383/2641/10094 okgap_max_us=10106
t=123s RTT mean=0 min=0 max=0 n=0 to=0 | cancels=0(+0/s) seqbad=0 len_bad=44079 disc=0(0x00) | tot_n=0 tot_to=0 maxever=0 >2ms=0 >5ms=0 >15ms=0 >20ms=0 >30ms=0 | probes=0 wrfail=0 down=4s maxout=4s
BLASTC comp=368 exkBps=87 cgap_us[min/avg/max]=2394/2717/12500
BLAST phy=2/2 att=368 ok=368 enomem=0 err=0 call_us[min/avg/max]=2321/2705/12489 okgap_max_us=12500
t=124s RTT mean=0 min=0 max=0 n=0 to=0 | cancels=0(+0/s) seqbad=0 len_bad=44448 disc=0(0x00) | tot_n=0 tot_to=0 maxever=0 >2ms=0 >5ms=0 >15ms=0 >20ms=0 >30ms=0 | probes=0 wrfail=0 down=4s maxout=4s
BLASTC comp=388 exkBps=92 cgap_us[min/avg/max]=2394/2577/10106
BLAST phy=2/2 att=388 ok=388 enomem=0 err=0 call_us[min/avg/max]=2382/2565/10095 okgap_max_us=10106
t=125s RTT mean=0 min=0 max=0 n=0 to=0 | cancels=0(+0/s) seqbad=0 len_bad=44836 disc=0(0x00) | tot_n=0 tot_to=0 maxever=0 >2ms=0 >5ms=0 >15ms=0 >20ms=0 >30ms=0 | probes=0 wrfail=0 down=4s maxout=4s
BLASTC comp=383 exkBps=91 cgap_us[min/avg/max]=2394/2611/10106
BLAST phy=2/2 att=383 ok=383 enomem=0 err=0 call_us[min/avg/max]=2383/2599/10094 okgap_max_us=10106
t=126s RTT mean=0 min=0 max=0 n=0 to=0 | cancels=0(+0/s) seqbad=0 len_bad=45219 disc=0(0x00) | tot_n=0 tot_to=0 maxever=0 >2ms=0 >5ms=0 >15ms=0 >20ms=0 >30ms=0 | probes=0 wrfail=0 down=4s maxout=4s
BLASTC comp=369 exkBps=87 cgap_us[min/avg/max]=2374/2723/10106
BLAST phy=2/2 att=369 ok=369 enomem=0 err=0 call_us[min/avg/max]=2303/2711/10095 okgap_max_us=10107
t=127s RTT mean=0 min=0 max=0 n=0 to=0 | cancels=0(+0/s) seqbad=0 len_bad=45586 disc=0(0x00) | tot_n=0 tot_to=0 maxever=0 >2ms=0 >5ms=0 >15ms=0 >20ms=0 >30ms=0 | probes=0 wrfail=0 down=4s maxout=4s
BLASTC comp=370 exkBps=88 cgap_us[min/avg/max]=2393/2688/12501
BLAST phy=2/2 att=370 ok=370 enomem=0 err=0 call_us[min/avg/max]=2321/2677/12490 okgap_max_us=12501
t=128s RTT mean=0 min=0 max=0 n=0 to=0 | cancels=0(+0/s) seqbad=0 len_bad=45957 disc=0(0x00) | tot_n=0 tot_to=0 maxever=0 >2ms=0 >5ms=0 >15ms=0 >20ms=0 >30ms=0 | probes=0 wrfail=0 down=4s maxout=4s
BLASTC comp=384 exkBps=91 cgap_us[min/avg/max]=2394/2604/10106
BLAST phy=2/2 att=384 ok=384 enomem=0 err=0 call_us[min/avg/max]=2383/2592/10095 okgap_max_us=10106
t=129s RTT mean=0 min=0 max=0 n=0 to=0 | cancels=0(+0/s) seqbad=0 len_bad=46342 disc=0(0x00) | tot_n=0 tot_to=0 maxever=0 >2ms=0 >5ms=0 >15ms=0 >20ms=0 >30ms=0 | probes=0 wrfail=0 down=4s maxout=4s
BLASTC comp=384 exkBps=91 cgap_us[min/avg/max]=2394/2603/7499
BLAST phy=2/2 att=384 ok=384 enomem=0 err=0 call_us[min/avg/max]=2320/2592/7488 okgap_max_us=7500
t=130s RTT mean=0 min=0 max=0 n=0 to=0 | cancels=0(+0/s) seqbad=0 len_bad=46726 disc=0(0x00) | tot_n=0 tot_to=0 maxever=0 >2ms=0 >5ms=0 >15ms=0 >20ms=0 >30ms=0 | probes=0 wrfail=0 down=4s maxout=4s
BLASTC comp=376 exkBps=89 cgap_us[min/avg/max]=2393/2659/14999
BLAST phy=2/2 att=376 ok=376 enomem=0 err=0 call_us[min/avg/max]=2382/2648/14988 okgap_max_us=14999
t=131s RTT mean=0 min=0 max=0 n=0 to=0 | cancels=0(+0/s) seqbad=0 len_bad=47101 disc=0(0x00) | tot_n=0 tot_to=0 maxever=0 >2ms=0 >5ms=0 >15ms=0 >20ms=0 >30ms=0 | probes=0 wrfail=0 down=4s maxout=4s
BLASTC comp=362 exkBps=86 cgap_us[min/avg/max]=2394/2762/14999
BLAST phy=2/2 att=362 ok=362 enomem=0 err=0 call_us[min/avg/max]=2382/2751/14988 okgap_max_us=14999
t=132s RTT mean=0 min=0 max=0 n=0 to=0 | cancels=0(+0/s) seqbad=0 len_bad=47463 disc=0(0x00) | tot_n=0 tot_to=0 maxever=0 >2ms=0 >5ms=0 >15ms=0 >20ms=0 >30ms=0 | probes=0 wrfail=0 down=4s maxout=4s
BLASTC comp=394 exkBps=93 cgap_us[min/avg/max]=2394/2537/7499
BLAST phy=2/2 att=394 ok=394 enomem=0 err=0 call_us[min/avg/max]=2377/2526/7488 okgap_max_us=7499
t=133s RTT mean=0 min=0 max=0 n=0 to=0 | cancels=0(+0/s) seqbad=0 len_bad=47858 disc=0(0x00) | tot_n=0 tot_to=0 maxever=0 >2ms=0 >5ms=0 >15ms=0 >20ms=0 >30ms=0 | probes=0 wrfail=0 down=4s maxout=4s
BLASTC comp=372 exkBps=88 cgap_us[min/avg/max]=2392/2688/10105
BLAST phy=2/2 att=372 ok=372 enomem=0 err=0 call_us[min/avg/max]=2381/2676/10094 okgap_max_us=10105
t=134s RTT mean=0 min=0 max=0 n=0 to=0 | cancels=0(+0/s) seqbad=0 len_bad=48230 disc=0(0x00) | tot_n=0 tot_to=0 maxever=0 >2ms=0 >5ms=0 >15ms=0 >20ms=0 >30ms=0 | probes=0 wrfail=0 down=4s maxout=4s
BLASTC comp=378 exkBps=90 cgap_us[min/avg/max]=2394/2645/10106
BLAST phy=2/2 att=378 ok=378 enomem=0 err=0 call_us[min/avg/max]=2383/2634/10094 okgap_max_us=10105
t=135s RTT mean=0 min=0 max=0 n=0 to=0 | cancels=0(+0/s) seqbad=0 len_bad=48609 disc=0(0x00) | tot_n=0 tot_to=0 maxever=0 >2ms=0 >5ms=0 >15ms=0 >20ms=0 >30ms=0 | probes=0 wrfail=0 down=4s maxout=4s
BLASTC comp=372 exkBps=88 cgap_us[min/avg/max]=2394/2687/12603
BLAST phy=2/2 att=372 ok=372 enomem=0 err=0 call_us[min/avg/max]=2321/2676/12592 okgap_max_us=12604
t=136s RTT mean=0 min=0 max=0 n=0 to=0 | cancels=0(+0/s) seqbad=0 len_bad=48981 disc=0(0x00) | tot_n=0 tot_to=0 maxever=0 >2ms=0 >5ms=0 >15ms=0 >20ms=0 >30ms=0 | probes=0 wrfail=0 down=4s maxout=4s
BLASTC comp=366 exkBps=87 cgap_us[min/avg/max]=2394/2732/10106
BLAST phy=2/2 att=366 ok=366 enomem=0 err=0 call_us[min/avg/max]=2379/2720/10095 okgap_max_us=10106
t=137s RTT mean=0 min=0 max=0 n=0 to=0 | cancels=0(+0/s) seqbad=0 len_bad=49343 disc=0(0x00) | tot_n=0 tot_to=0 maxever=0 >2ms=0 >5ms=0 >15ms=0 >20ms=0 >30ms=0 | probes=0 wrfail=0 down=4s maxout=4s
BLASTC comp=368 exkBps=87 cgap_us[min/avg/max]=2395/2717/10107
BLAST phy=2/2 att=368 ok=368 enomem=0 err=0 call_us[min/avg/max]=2384/2706/10096 okgap_max_us=10107
t=138s RTT mean=0 min=0 max=0 n=0 to=0 | cancels=0(+0/s) seqbad=0 len_bad=49714 disc=0(0x00) | tot_n=0 tot_to=0 maxever=0 >2ms=0 >5ms=0 >15ms=0 >20ms=0 >30ms=0 | probes=0 wrfail=0 down=4s maxout=4s
BLASTC comp=363 exkBps=86 cgap_us[min/avg/max]=2391/2754/10109
BLAST phy=2/2 att=363 ok=363 enomem=0 err=0 call_us[min/avg/max]=2299/2742/10096 okgap_max_us=10108
t=139s RTT mean=0 min=0 max=0 n=0 to=0 | cancels=0(+0/s) seqbad=0 len_bad=50078 disc=0(0x00) | tot_n=0 tot_to=0 maxever=0 >2ms=0 >5ms=0 >15ms=0 >20ms=0 >30ms=0 | probes=0 wrfail=0 down=4s maxout=4s
BLASTC comp=381 exkBps=90 cgap_us[min/avg/max]=2394/2624/10106
BLAST phy=2/2 att=381 ok=381 enomem=0 err=0 call_us[min/avg/max]=2383/2613/10095 okgap_max_us=10106
t=140s RTT mean=0 min=0 max=0 n=0 to=0 | cancels=0(+0/s) seqbad=0 len_bad=50459 disc=0(0x00) | tot_n=0 tot_to=0 maxever=0 >2ms=0 >5ms=0 >15ms=0 >20ms=0 >30ms=0 | probes=0 wrfail=0 down=4s maxout=4s
BLASTC comp=383 exkBps=91 cgap_us[min/avg/max]=2391/2611/10106
BLAST phy=2/2 att=383 ok=383 enomem=0 err=0 call_us[min/avg/max]=2380/2599/10094 okgap_max_us=10106
t=141s RTT mean=0 min=0 max=0 n=0 to=0 | cancels=0(+0/s) seqbad=0 len_bad=50842 disc=0(0x00) | tot_n=0 tot_to=0 maxever=0 >2ms=0 >5ms=0 >15ms=0 >20ms=0 >30ms=0 | probes=0 wrfail=0 down=4s maxout=4s
BLASTC comp=380 exkBps=90 cgap_us[min/avg/max]=2393/2631/14999
BLAST phy=2/2 att=380 ok=380 enomem=0 err=0 call_us[min/avg/max]=2313/2619/14988 okgap_max_us=14999
t=142s RTT mean=0 min=0 max=0 n=0 to=0 | cancels=0(+0/s) seqbad=0 len_bad=51222 disc=0(0x00) | tot_n=0 tot_to=0 maxever=0 >2ms=0 >5ms=0 >15ms=0 >20ms=0 >30ms=0 | probes=0 wrfail=0 down=4s maxout=4s
BLASTC comp=395 exkBps=94 cgap_us[min/avg/max]=2394/2531/5104
BLAST phy=2/2 att=395 ok=395 enomem=0 err=0 call_us[min/avg/max]=2383/2520/5093 okgap_max_us=5104
t=143s RTT mean=0 min=0 max=0 n=0 to=0 | cancels=0(+0/s) seqbad=0 len_bad=51617 disc=0(0x00) | tot_n=0 tot_to=0 maxever=0 >2ms=0 >5ms=0 >15ms=0 >20ms=0 >30ms=0 | probes=0 wrfail=0 down=4s maxout=4s
BLASTC comp=386 exkBps=91 cgap_us[min/avg/max]=2394/2590/12603
BLAST phy=2/2 att=386 ok=386 enomem=0 err=0 call_us[min/avg/max]=2382/2579/12592 okgap_max_us=12604
t=144s RTT mean=0 min=0 max=0 n=0 to=0 | cancels=0(+0/s) seqbad=0 len_bad=52003 disc=0(0x00) | tot_n=0 tot_to=0 maxever=0 >2ms=0 >5ms=0 >15ms=0 >20ms=0 >30ms=0 | probes=0 wrfail=0 down=4s maxout=4s
BLASTC comp=377 exkBps=89 cgap_us[min/avg/max]=2390/2652/12501
BLAST phy=2/2 att=377 ok=377 enomem=0 err=0 call_us[min/avg/max]=2299/2640/12489 okgap_max_us=12500
t=145s RTT mean=0 min=0 max=0 n=0 to=0 | cancels=0(+0/s) seqbad=0 len_bad=52380 disc=0(0x00) | tot_n=0 tot_to=0 maxever=0 >2ms=0 >5ms=0 >15ms=0 >20ms=0 >30ms=0 | probes=0 wrfail=0 down=4s maxout=4s
BLASTC comp=381 exkBps=90 cgap_us[min/avg/max]=2394/2624/10106
BLAST phy=2/2 att=381 ok=381 enomem=0 err=0 call_us[min/avg/max]=2382/2613/10094 okgap_max_us=10106
t=146s RTT mean=0 min=0 max=0 n=0 to=0 | cancels=0(+0/s) seqbad=0 len_bad=52761 disc=0(0x00) | tot_n=0 tot_to=0 maxever=0 >2ms=0 >5ms=0 >15ms=0 >20ms=0 >30ms=0 | probes=0 wrfail=0 down=4s maxout=4s
BLASTC comp=373 exkBps=88 cgap_us[min/avg/max]=2391/2681/10117
BLAST phy=2/2 att=373 ok=373 enomem=0 err=0 call_us[min/avg/max]=2379/2669/10105 okgap_max_us=10116
t=147s RTT mean=0 min=0 max=0 n=0 to=0 | cancels=0(+0/s) seqbad=0 len_bad=53134 disc=0(0x00) | tot_n=0 tot_to=0 maxever=0 >2ms=0 >5ms=0 >15ms=0 >20ms=0 >30ms=0 | probes=0 wrfail=0 down=4s maxout=4s
BLASTC comp=386 exkBps=91 cgap_us[min/avg/max]=2392/2590/10106
BLAST phy=2/2 att=386 ok=386 enomem=0 err=0 call_us[min/avg/max]=2313/2578/10095 okgap_max_us=10107
t=148s RTT mean=0 min=0 max=0 n=0 to=0 | cancels=0(+0/s) seqbad=0 len_bad=53519 disc=0(0x00) | tot_n=0 tot_to=0 maxever=0 >2ms=0 >5ms=0 >15ms=0 >20ms=0 >30ms=0 | probes=0 wrfail=0 down=4s maxout=4s
BLASTC comp=368 exkBps=87 cgap_us[min/avg/max]=2393/2717/10106
BLAST phy=2/2 att=368 ok=368 enomem=0 err=0 call_us[min/avg/max]=2382/2705/10094 okgap_max_us=10106
t=149s RTT mean=0 min=0 max=0 n=0 to=0 | cancels=0(+0/s) seqbad=0 len_bad=53888 disc=0(0x00) | tot_n=0 tot_to=0 maxever=0 >2ms=0 >5ms=0 >15ms=0 >20ms=0 >30ms=0 | probes=0 wrfail=0 down=4s maxout=4s
BLASTC comp=384 exkBps=91 cgap_us[min/avg/max]=2394/