*** Booting Zephyr OS build v4.4.1-4-g6a2245e1dc81 ***
[00:02:36.274,767] [0m<inf> bt_hci_core: HW Platform: Nordic Semiconductor (0x0002)[0m
[00:02:36.274,780] [0m<inf> bt_hci_core: HW Variant: nRF54Lx (0x0005)[0m
[00:02:36.274,792] [0m<inf> bt_hci_core: Firmware: Standard Bluetooth controller (0x00) Version 4.4 Build 1[0m
[00:02:36.275,131] [0m<inf> bt_hci_core: HCI transport: Controller[0m
[00:02:36.275,177] [0m<inf> bt_hci_core: Identity: D6:C7:60:B1:D3:0E (random)[0m
[00:02:36.275,193] [0m<inf> bt_hci_core: HCI: version 5.4 (0x0d) revision 0x0000, manufacturer 0x05f1[0m
[00:02:36.275,208] [0m<inf> bt_hci_core: LMP: version 5.4 (0x0d) subver 0xffff[0m

=== nRF54L15 RTT ping-pong PERIPHERAL (echo) ===
advertising
GAP connected interval=7500
P t=1s rxkBps=0 blkkBps=0 pongs=0(+0/s) cancels=0(+0/s) notify=0 disc=0(0x00) | echo rx=0 tx=0 pend=0 stale=0
P t=2s rxkBps=0 blkkBps=0 pongs=0(+0/s) cancels=0(+0/s) notify=0 disc=0(0x00) | echo rx=0 tx=0 pend=0 stale=0
P t=3s rxkBps=0 blkkBps=0 pongs=0(+0/s) cancels=0(+0/s) notify=0 disc=0(0x00) | echo rx=0 tx=0 pend=0 stale=0
P t=4s rxkBps=0 blkkBps=0 pongs=0(+0/s) cancels=0(+0/s) notify=0 disc=0(0x00) | echo rx=0 tx=0 pend=0 stale=0
GAP disconnected 0x08  lifetime=-1ms pongs_in_conn=0
advertising
GAP connected interval=7500
PHY tx=2 rx=2
CCC: notify ENABLED
P t=5s rxkBps=13 blkkBps=0 pongs=55(+55/s) cancels=0(+0/s) notify=1 disc=1(0x08) | echo rx=0 tx=0 pend=0 stale=0
P t=6s rxkBps=88 blkkBps=0 pongs=428(+373/s) cancels=0(+0/s) notify=1 disc=1(0x08) | echo rx=0 tx=0 pend=0 stale=0
P t=7s rxkBps=83 blkkBps=0 pongs=779(+351/s) cancels=0(+0/s) notify=1 disc=1(0x08) | echo rx=0 tx=0 pend=0 stale=0
P t=8s rxkBps=85 blkkBps=0 pongs=1137(+358/s) cancels=0(+0/s) notify=1 disc=1(0x08) | echo rx=0 tx=0 pend=0 stale=0
P t=9s rxkBps=90 blkkBps=0 pongs=1518(+381/s) cancels=0(+0/s) notify=1 disc=1(0x08) | echo rx=0 tx=0 pend=0 stale=0
P t=10s rxkBps=88 blkkBps=0 pongs=1889(+371/s) cancels=0(+0/s) notify=1 disc=1(0x08) | echo rx=0 tx=0 pend=0 stale=0
P t=11s rxkBps=86 blkkBps=0 pongs=2253(+364/s) cancels=0(+0/s) notify=1 disc=1(0x08) | echo rx=0 tx=0 pend=0 stale=0
P t=12s rxkBps=86 blkkBps=0 pongs=2614(+361/s) cancels=0(+0/s) notify=1 disc=1(0x08) | echo rx=0 tx=0 pend=0 stale=0
P t=13s rxkBps=84 blkkBps=0 pongs=2968(+354/s) cancels=0(+0/s) notify=1 disc=1(0x08) | echo rx=0 tx=0 pend=0 stale=0
P t=14s rxkBps=89 blkkBps=0 pongs=3344(+376/s) cancels=0(+0/s) notify=1 disc=1(0x08) | echo rx=0 tx=0 pend=0 stale=0
P t=15s rxkBps=86 blkkBps=0 pongs=3705(+361/s) cancels=0(+0/s) notify=1 disc=1(0x08) | echo rx=0 tx=0 pend=0 stale=0
P t=16s rxkBps=90 blkkBps=0 pongs=4083(+378/s) cancels=0(+0/s) notify=1 disc=1(0x08) | echo rx=0 tx=0 pend=0 stale=0
P t=17s rxkBps=90 blkkBps=0 pongs=4461(+378/s) cancels=0(+0/s) notify=1 disc=1(0x08) | echo rx=0 tx=0 pend=0 stale=0
P t=18s rxkBps=88 blkkBps=0 pongs=4831(+370/s) cancels=0(+0/s) notify=1 disc=1(0x08) | echo rx=0 tx=0 pend=0 stale=0
P t=19s rxkBps=86 blkkBps=0 pongs=5194(+363/s) cancels=0(+0/s) notify=1 disc=1(0x08) | echo rx=0 tx=0 pend=0 stale=0
P t=20s rxkBps=84 blkkBps=0 pongs=5549(+355/s) cancels=0(+0/s) notify=1 disc=1(0x08) | echo rx=0 tx=0 pend=0 stale=0
P t=21s rxkBps=87 blkkBps=0 pongs=5918(+369/s) cancels=0(+0/s) notify=1 disc=1(0x08) | echo rx=0 tx=0 pend=0 stale=0
P t=22s rxkBps=86 blkkBps=0 pongs=6279(+361/s) cancels=0(+0/s) notify=1 disc=1(0x08) | echo rx=0 tx=0 pend=0 stale=0
P t=23s rxkBps=86 blkkBps=0 pongs=6643(+364/s) cancels=0(+0/s) notify=1 disc=1(0x08) | echo rx=0 tx=0 pend=0 stale=0
P t=24s rxkBps=87 blkkBps=0 pongs=7011(+368/s) cancels=0(+0/s) notify=1 disc=1(0x08) | echo rx=0 tx=0 pend=0 stale=0
P t=25s rxkBps=91 blkkBps=0 pongs=7394(+383/s) cancels=0(+0/s) notify=1 disc=1(0x08) | echo rx=0 tx=0 pend=0 stale=0
P t=26s rxkBps=91 blkkBps=0 pongs=7780(+386/s) cancels=0(+0/s) notify=1 disc=1(0x08) | echo rx=0 tx=0 pend=0 stale=0
P t=27s rxkBps=89 blkkBps=0 pongs=8156(+376/s) cancels=0(+0/s) notify=1 disc=1(0x08) | echo rx=0 tx=0 pend=0 stale=0
P t=28s rxkBps=89 blkkBps=0 pongs=8530(+374/s) cancels=0(+0/s) notify=1 disc=1(0x08) | echo rx=0 tx=0 pend=0 stale=0
P t=29s rxkBps=86 blkkBps=0 pongs=8891(+361/s) cancels=0(+0/s) notify=1 disc=1(0x08) | echo rx=0 tx=0 pend=0 stale=0
P t=30s rxkBps=88 blkkBps=0 pongs=9262(+371/s) cancels=0(+0/s) notify=1 disc=1(0x08) | echo rx=0 tx=0 pend=0 stale=0
P t=31s rxkBps=87 blkkBps=0 pongs=9630(+368/s) cancels=0(+0/s) notify=1 disc=1(0x08) | echo rx=0 tx=0 pend=0 stale=0
P t=32s rxkBps=87 blkkBps=0 pongs=9997(+367/s) cancels=0(+0/s) notify=1 disc=1(0x08) | echo rx=0 tx=0 pend=0 stale=0
P t=33s rxkBps=91 blkkBps=0 pongs=10379(+382/s) cancels=0(+0/s) notify=1 disc=1(0x08) | echo rx=0 tx=0 pend=0 stale=0
P t=34s rxkBps=90 blkkBps=0 pongs=10759(+380/s) cancels=0(+0/s) notify=1 disc=1(0x08) | echo rx=0 tx=0 pend=0 stale=0
P t=35s rxkBps=86 blkkBps=0 pongs=11120(+361/s) cancels=0(+0/s) notify=1 disc=1(0x08) | echo rx=0 tx=0 pend=0 stale=0
P t=36s rxkBps=80 blkkBps=0 pongs=11459(+339/s) cancels=0(+0/s) notify=1 disc=1(0x08) | echo rx=0 tx=0 pend=0 stale=0
P t=37s rxkBps=80 blkkBps=0 pongs=11796(+337/s) cancels=0(+0/s) notify=1 disc=1(0x08) | echo rx=0 tx=0 pend=0 stale=0
P t=38s rxkBps=84 blkkBps=0 pongs=12151(+355/s) cancels=0(+0/s) notify=1 disc=1(0x08) | echo rx=0 tx=0 pend=0 stale=0
P t=39s rxkBps=79 blkkBps=0 pongs=12485(+334/s) cancels=0(+0/s) notify=1 disc=1(0x08) | echo rx=0 tx=0 pend=0 stale=0
P t=40s rxkBps=77 blkkBps=0 pongs=12811(+326/s) cancels=0(+0/s) notify=1 disc=1(0x08) | echo rx=0 tx=0 pend=0 stale=0
P t=41s rxkBps=77 blkkBps=0 pongs=13136(+325/s) cancels=0(+0/s) notify=1 disc=1(0x08) | echo rx=0 tx=0 pend=0 stale=0
P t=42s rxkBps=82 blkkBps=0 pongs=13481(+345/s) cancels=0(+0/s) notify=1 disc=1(0x08) | echo rx=0 tx=0 pend=0 stale=0
P t=43s rxkBps=84 blkkBps=0 pongs=13834(+353/s) cancels=0(+0/s) notify=1 disc=1(0x08) | echo rx=0 tx=0 pend=0 stale=0
P t=44s rxkBps=82 blkkBps=0 pongs=14180(+346/s) cancels=0(+0/s) notify=1 disc=1(0x08) | echo rx=0 tx=0 pend=0 stale=0
P t=45s rxkBps=82 blkkBps=0 pongs=14527(+347/s) cancels=0(+0/s) notify=1 disc=1(0x08) | echo rx=0 tx=0 pend=0 stale=0
P t=46s rxkBps=83 blkkBps=0 pongs=14879(+352/s) cancels=0(+0/s) notify=1 disc=1(0x08) | echo rx=0 tx=0 pend=0 stale=0
P t=47s rxkBps=82 blkkBps=0 pongs=15225(+346/s) cancels=0(+0/s) notify=1 disc=1(0x08) | echo rx=0 tx=0 pend=0 stale=0
P t=48s rxkBps=86 blkkBps=0 pongs=15589(+364/s) cancels=0(+0/s) notify=1 disc=1(0x08) | echo rx=0 tx=0 pend=0 stale=0
P t=49s rxkBps=85 blkkBps=0 pongs=15947(+358/s) cancels=0(+0/s) notify=1 disc=1(0x08) | echo rx=0 tx=0 pend=0 stale=0
P t=50s rxkBps=81 blkkBps=0 pongs=16287(+340/s) cancels=0(+0/s) notify=1 disc=1(0x08) | echo rx=0 tx=0 pend=0 stale=0
P t=51s rxkBps=76 blkkBps=0 pongs=16609(+322/s) cancels=0(+0/s) notify=1 disc=1(0x08) | echo rx=0 tx=0 pend=0 stale=0
P t=52s rxkBps=81 blkkBps=0 pongs=16950(+341/s) cancels=0(+0/s) notify=1 disc=1(0x08) | echo rx=0 tx=0 pend=0 stale=0
P t=53s rxkBps=85 blkkBps=0 pongs=17307(+357/s) cancels=0(+0/s) notify=1 disc=1(0x08) | echo rx=0 tx=0 pend=0 stale=0
P t=54s rxkBps=78 blkkBps=0 pongs=17638(+331/s) cancels=0(+0/s) notify=1 disc=1(0x08) | echo rx=0 tx=0 pend=0 stale=0
P t=55s rxkBps=82 blkkBps=0 pongs=17983(+345/s) cancels=0(+0/s) notify=1 disc=1(0x08) | echo rx=0 tx=0 pend=0 stale=0
P t=56s rxkBps=81 blkkBps=0 pongs=18327(+344/s) cancels=0(+0/s) notify=1 disc=1(0x08) | echo rx=0 tx=0 pend=0 stale=0
P t=57s rxkBps=84 blkkBps=0 pongs=18680(+353/s) cancels=0(+0/s) notify=1 disc=1(0x08) | echo rx=0 tx=0 pend=0 stale=0
P t=58s rxkBps=86 blkkBps=0 pongs=19041(+361/s) cancels=0(+0/s) notify=1 disc=1(0x08) | echo rx=0 tx=0 pend=0 stale=0
P t=59s rxkBps=85 blkkBps=0 pongs=19400(+359/s) cancels=0(+0/s) notify=1 disc=1(0x08) | echo rx=0 tx=0 pend=0 stale=0
P t=60s rxkBps=83 blkkBps=0 pongs=19752(+352/s) cancels=0(+0/s) notify=1 disc=1(0x08) | echo rx=0 tx=0 pend=0 stale=0
P t=61s rxkBps=79 blkkBps=0 pongs=20086(+334/s) cancels=0(+0/s) notify=1 disc=1(0x08) | echo rx=0 tx=0 pend=0 stale=0
P t=62s rxkBps=82 blkkBps=0 pongs=20433(+347/s) cancels=0(+0/s) notify=1 disc=1(0x08) | echo rx=0 tx=0 pend=0 stale=0
P t=63s rxkBps=85 blkkBps=0 pongs=20791(+358/s) cancels=0(+0/s) notify=1 disc=1(0x08) | echo rx=0 tx=0 pend=0 stale=0
P t=64s rxkBps=82 blkkBps=0 pongs=21138(+347/s) cancels=0(+0/s) notify=1 disc=1(0x08) | echo rx=0 tx=0 pend=0 stale=0
P t=65s rxkBps=84 blkkBps=0 pongs=21494(+356/s) cancels=0(+0/s) notify=1 disc=1(0x08) | echo rx=0 tx=0 pend=0 stale=0
P t=66s rxkBps=84 blkkBps=0 pongs=21847(+353/s) cancels=0(+0/s) notify=1 disc=1(0x08) | echo rx=0 tx=0 pend=0 stale=0
P t=67s rxkBps=83 blkkBps=0 pongs=22196(+349/s) cancels=0(+0/s) notify=1 disc=1(0x08) | echo rx=0 tx=0 pend=0 stale=0
P t=68s rxkBps=79 blkkBps=0 pongs=22528(+332/s) cancels=0(+0/s) notify=1 disc=1(0x08) | echo rx=0 tx=0 pend=0 stale=0
P t=69s rxkBps=80 blkkBps=0 pongs=22867(+339/s) cancels=0(+0/s) notify=1 disc=1(0x08) | echo rx=0 tx=0 pend=0 stale=0
P t=70s rxkBps=83 blkkBps=0 pongs=23219(+352/s) cancels=0(+0/s) notify=1 disc=1(0x08) | echo rx=0 tx=0 pend=0 stale=0
P t=71s rxkBps=81 blkkBps=0 pongs=23563(+344/s) cancels=0(+0/s) notify=1 disc=1(0x08) | echo rx=0 tx=0 pend=0 stale=0
P t=72s rxkBps=84 blkkBps=0 pongs=23917(+354/s) cancels=0(+0/s) notify=1 disc=1(0x08) | echo rx=0 tx=0 pend=0 stale=0
P t=73s rxkBps=84 blkkBps=0 pongs=24271(+354/s) cancels=0(+0/s) notify=1 disc=1(0x08) | echo rx=0 tx=0 pend=0 stale=0
P t=74s rxkBps=83 blkkBps=0 pongs=24623(+352/s) cancels=0(+0/s) notify=1 disc=1(0x08) | echo rx=0 tx=0 pend=0 stale=0
P t=75s rxkBps=79 blkkBps=0 pongs=24955(+332/s) cancels=0(+0/s) notify=1 disc=1(0x08) | echo rx=0 tx=0 pend=0 stale=0
P t=76s rxkBps=77 blkkBps=0 pongs=25282(+327/s) cancels=0(+0/s) notify=1 disc=1(0x08) | echo rx=0 tx=0 pend=0 stale=0
P t=77s rxkBps=84 blkkBps=0 pongs=25635(+353/s) cancels=0(+0/s) notify=1 disc=1(0x08) | echo rx=0 tx=0 pend=0 stale=0
P t=78s rxkBps=82 blkkBps=0 pongs=25981(+346/s) cancels=0(+0/s) notify=1 disc=1(0x08) | echo rx=0 tx=0 pend=0 stale=0
P t=79s rxkBps=83 blkkBps=0 pongs=26333(+352/s) cancels=0(+0/s) notify=1 disc=1(0x08) | echo rx=0 tx=0 pend=0 stale=0
P t=80s rxkBps=84 blkkBps=0 pongs=26687(+354/s) cancels=0(+0/s) notify=1 disc=1(0x08) | echo rx=0 tx=0 pend=0 stale=0
P t=81s rxkBps=79 blkkBps=0 pongs=27022(+335/s) cancels=0(+0/s) notify=1 disc=1(0x08) | echo rx=0 tx=0 pend=0 stale=0
P t=82s rxkBps=84 blkkBps=0 pongs=27377(+355/s) cancels=0(+0/s) notify=1 disc=1(0x08) | echo rx=0 tx=0 pend=0 stale=0
P t=83s rxkBps=85 blkkBps=0 pongs=27737(+360/s) cancels=0(+0/s) notify=1 disc=1(0x08) | echo rx=0 tx=0 pend=0 stale=0
P t=84s rxkBps=84 blkkBps=0 pongs=28092(+355/s) cancels=0(+0/s) notify=1 disc=1(0x08) | echo rx=0 tx=0 pend=0 stale=0
P t=85s rxkBps=83 blkkBps=0 pongs=28442(+350/s) cancels=0(+0/s) notify=1 disc=1(0x08) | echo rx=0 tx=0 pend=0 stale=0
P t=86s rxkBps=88 blkkBps=0 pongs=28814(+372/s) cancels=0(+0/s) notify=1 disc=1(0x08) | echo rx=0 tx=0 pend=0 stale=0
P t=87s rxkBps=87 blkkBps=0 pongs=29181(+367/s) cancels=0(+0/s) notify=1 disc=1(0x08) | echo rx=0 tx=0 pend=0 stale=0
P t=88s rxkBps=93 blkkBps=0 pongs=29574(+393/s) cancels=0(+0/s) notify=1 disc=1(0x08) | echo rx=0 tx=0 pend=0 stale=0
P t=89s rxkBps=92 blkkBps=0 pongs=29961(+387/s) cancels=0(+0/s) notify=1 disc=1(0x08) | echo rx=0 tx=0 pend=0 stale=0
P t=90s rxkBps=91 blkkBps=0 pongs=30344(+383/s) cancels=0(+0/s) notify=1 disc=1(0x08) | echo rx=0 tx=0 pend=0 stale=0
P t=91s rxkBps=89 blkkBps=0 pongs=30720(+376/s) cancels=0(+0/s) notify=1 disc=1(0x08) | echo rx=0 tx=0 pend=0 stale=0
P t=92s rxkBps=87 blkkBps=0 pongs=31089(+369/s) cancels=0(+0/s) notify=1 disc=1(0x08) | echo rx=0 tx=0 pend=0 stale=0
P t=93s rxkBps=92 blkkBps=0 pongs=31476(+387/s) cancels=0(+0/s) notify=1 disc=1(0x08) | echo rx=0 tx=0 pend=0 stale=0
P t=94s rxkBps=91 blkkBps=0 pongs=31858(+382/s) cancels=0(+0/s) notify=1 disc=1(0x08) | echo rx=0 tx=0 pend=0 stale=0
P t=95s rxkBps=86 blkkBps=0 pongs=32220(+362/s) cancels=0(+0/s) notify=1 disc=1(0x08) | echo rx=0 tx=0 pend=0 stale=0
P t=96s rxkBps=87 blkkBps=0 pongs=32588(+368/s) cancels=0(+0/s) notify=1 disc=1(0x08) | echo rx=0 tx=0 pend=0 stale=0
P t=97s rxkBps=85 blkkBps=0 pongs=32948(+360/s) cancels=0(+0/s) notify=1 disc=1(0x08) | echo rx=0 tx=0 pend=0 stale=0
P t=98s rxkBps=90 blkkBps=0 pongs=33328(+380/s) cancels=0(+0/s) notify=1 disc=1(0x08) | echo rx=0 tx=0 pend=0 stale=0
P t=99s rxkBps=90 blkkBps=0 pongs=33708(+380/s) cancels=0(+0/s) notify=1 disc=1(0x08) | echo rx=0 tx=0 pend=0 stale=0
P t=100s rxkBps=86 blkkBps=0 pongs=34071(+363/s) cancels=0(+0/s) notify=1 disc=1(0x08) | echo rx=0 tx=0 pend=0 stale=0
P t=101s rxkBps=77 blkkBps=0 pongs=34396(+325/s) cancels=0(+0/s) notify=1 disc=1(0x08) | echo rx=0 tx=0 pend=0 stale=0
P t=102s rxkBps=83 blkkBps=0 pongs=34748(+352/s) cancels=0(+0/s) notify=1 disc=1(0x08) | echo rx=0 tx=0 pend=0 stale=0
P t=103s rxkBps=82 blkkBps=0 pongs=35093(+345/s) cancels=0(+0/s) notify=1 disc=1(0x08) | echo rx=0 tx=0 pend=0 stale=0
P t=104s rxkBps=83 blkkBps=0 pongs=35443(+350/s) cancels=0(+0/s) notify=1 disc=1(0x08) | echo rx=0 tx=0 pend=0 stale=0
P t=105s rxkBps=84 blkkBps=0 pongs=35797(+354/s) cancels=0(+0/s) notify=1 disc=1(0x08) | echo rx=0 tx=0 pend=0 stale=0
P t=106s rxkBps=83 blkkBps=0 pongs=36147(+350/s) cancels=0(+0/s) notify=1 disc=1(0x08) | echo rx=0 tx=0 pend=0 stale=0
P t=107s rxkBps=87 blkkBps=0 pongs=36514(+367/s) cancels=0(+0/s) notify=1 disc=1(0x08) | echo rx=0 tx=0 pend=0 stale=0
P t=108s rxkBps=87 blkkBps=0 pongs=36882(+368/s) cancels=0(+0/s) notify=1 disc=1(0x08) | echo rx=0 tx=0 pend=0 stale=0
P t=109s rxkBps=84 blkkBps=0 pongs=37238(+356/s) cancels=0(+0/s) notify=1 disc=1(0x08) | echo rx=0 tx=0 pend=0 stale=0
P t=110s rxkBps=83 blkkBps=0 pongs=37588(+350/s) cancels=0(+0/s) notify=1 disc=1(0x08) | echo rx=0 tx=0 pend=0 stale=0
P t=111s rxkBps=87 blkkBps=0 pongs=37955(+367/s) cancels=0(+0/s) notify=1 disc=1(0x08) | echo rx=0 tx=0 pend=0 stale=0
P t=112s rxkBps=86 blkkBps=0 pongs=38320(+365/s) cancels=0(+0/s) notify=1 disc=1(0x08) | echo rx=0 tx=0 pend=0 stale=0
P t=113s rxkBps=87 blkkBps=0 pongs=38688(+368/s) cancels=0(+0/s) notify=1 disc=1(0x08) | echo rx=0 tx=0 pend=0 stale=0
P t=114s rxkBps=83 blkkBps=0 pongs=39040(+352/s) cancels=0(+0/s) notify=1 disc=1(0x08) | echo rx=0 tx=0 pend=0 stale=0
P t=115s rxkBps=88 blkkBps=0 pongs=39410(+370/s) cancels=0(+0/s) notify=1 disc=1(0x08) | echo rx=0 tx=0 pend=0 stale=0
P t=116s rxkBps=85 blkkBps=0 pongs=39770(+360/s) cancels=0(+0/s) notify=1 disc=1(0x08) | echo rx=0 tx=0 pend=0 stale=0
P t=117s rxkBps=87 blkkBps=0 pongs=40136(+366/s) cancels=0(+0/s) notify=1 disc=1(0x08) | echo rx=0 tx=0 pend=0 stale=0
P t=118s rxkBps=85 blkkBps=0 pongs=40495(+359/s) cancels=0(+0/s) notify=1 disc=1(0x08) | echo rx=0 tx=0 pend=0 stale=0
P t=119s rxkBps=81 blkkBps=0 pongs=40837(+342/s) cancels=0(+0/s) notify=1 disc=1(0x08) | echo rx=0 tx=0 pend=0 stale=0
P t=120s rxkBps=76 blkkBps=0 pongs=41156(+319/s) cancels=0(+0/s) notify=1 disc=1(0x08) | echo rx=0 tx=0 pend=0 stale=0
P t=121s rxkBps=83 blkkBps=0 pongs=41505(+349/s) cancels=0(+0/s) notify=1 disc=1(0x08) | echo rx=0 tx=0 pend=0 stale=0
P t=122s rxkBps=84 blkkBps=0 pongs=41858(+353/s) cancels=0(+0/s) notify=1 disc=1(0x08) | echo rx=0 tx=0 pend=0 stale=0
P t=123s rxkBps=89 blkkBps=0 pongs=42232(+374/s) cancels=0(+0/s) notify=1 disc=1(0x08) | echo rx=0 tx=0 pend=0 stale=0
P t=124s rxkBps=85 blkkBps=0 pongs=42592(+360/s) cancels=0(+0/s) notify=1 disc=1(0x08) | echo rx=0 tx=0 pend=0 stale=0
P t=125s rxkBps=86 blkkBps=0 pongs=42957(+365/s) cancels=0(+0/s) notify=1 disc=1(0x08) | echo rx=0 tx=0 pend=0 stale=0
P t=126s rxkBps=87 blkkBps=0 pongs=43325(+368/s) cancels=0(+0/s) notify=1 disc=1(0x08) | echo rx=0 tx=0 pend=0 stale=0
P t=127s rxkBps=85 blkkBps=0 pongs=43683(+358/s) cancels=0(+0/s) notify=1 disc=1(0x08) | echo rx=0 tx=0 pend=0 stale=0
P t=128s rxkBps=87 blkkBps=0 pongs=44051(+368/s) cancels=0(+0/s) notify=1 disc=1(0x08) | echo rx=0 tx=0 pend=0 stale=0
P t=129s rxkBps=88 blkkBps=0 pongs=44421(+370/s) cancels=0(+0/s) notify=1 disc=1(0x08) | echo rx=0 tx=0 pend=0 stale=0
P t=130s rxkBps=87 blkkBps=0 pongs=44789(+368/s) cancels=0(+0/s) notify=1 disc=1(0x08) | echo rx=0 tx=0 pend=0 stale=0
P t=131s rxkBps=89 blkkBps=0 pongs=45163(+374/s) cancels=0(+0/s) notify=1 disc=1(0x08) | echo rx=0 tx=0 pend=0 stale=0
P t=132s rxkBps=83 blkkBps=0 pongs=45513(+350/s) cancels=0(+0/s) notify=1 disc=1(0x08) | echo rx=0 tx=0 pend=0 stale=0
P t=133s rxkBps=89 blkkBps=0 pongs=45888(+375/s) cancels=0(+0/s) notify=1 disc=1(0x08) | echo rx=0 tx=0 pend=0 stale=0
P t=134s rxkBps=89 blkkBps=0 pongs=46263(+375/s) cancels=0(+0/s) notify=1 disc=1(0x08) | echo rx=0 tx=0 pend=0 stale=0
P t=135s rxkBps=90 blkkBps=0 pongs=46641(+378/s) cancels=0(+0/s) notify=1 disc=1(0x08) | echo rx=0 tx=0 pend=0 stale=0
P t=136s rxkBps=86 blkkBps=0 pongs=47006(+365/s) cancels=0(+0/s) notify=1 disc=1(0x08) | echo rx=0 tx=0 pend=0 stale=0
P t=137s rxkBps=84 blkkBps=0 pongs=47361(+355/s) cancels=0(+0/s) notify=1 disc=1(0x08) | echo rx=0 tx=0 pend=0 stale=0
P t=138s rxkBps=84 blkkBps=0 pongs=47716(+355/s) cancels=0(+0/s) notify=1 disc=1(0x08) | echo rx=0 tx=0 pend=0 stale=0
P t=139s rxkBps=89 blkkBps=0 pongs=48090(+374/s) cancels=0(+0/s) notify=1 disc=1(0x08) | echo rx=0 tx=0 pend=0 stale=0
P t=140s rxkBps=86 blkkBps=0 pongs=48453(+363/s) cancels=0(+0/s) notify=1 disc=1(0x08) | echo rx=0 tx=0 pend=0 stale=0
P t=141s rxkBps=82 blkkBps=0 pongs=48801(+348/s) cancels=0(+0/s) notify=1 disc=1(0x08) | echo rx=0 tx=0 pend=0 stale=0
P t=142s rxkBps=84 blkkBps=0 pongs=49156(+355/s) cancels=0(+0/s) notify=1 disc=1(0x08) | echo rx=0 tx=0 pend=0 stale=0
P t=143s rxkBps=87 blkkBps=0 pongs=49525(+369/s) cancels=0(+0/s) notify=1 disc=1(0x08) | echo rx=0 tx=0 pend=0 stale=0
P t=144s rxkBps=79 blkkBps=0 pongs=49858(+333/s) cancels=0(+0/s) notify=1 disc=1(0x08) | echo rx=0 tx=0 pend=0 stale=0
P t=145s rxkBps=88 blkkBps=0 pongs=50229(+371/s) cancels=0(+0/s) notify=1 disc=1(0x08) | echo rx=0 tx=0 pend=0 stale=0
P t=146s rxkBps=82 blkkBps=0 pongs=50574(+345/s) cancels=0(+0/s) notify=1 disc=1(0x08) | echo rx=0 tx=0 pend=0 stale=0
P t=147s rxkBps=83 blkkBps=0 pongs=50924(+350/s) cancels=0(+0/s) notify=1 disc=1(0x08) | echo rx=0 tx=0 pend=0 stale=0
P t=148s rxkBps=80 blkkBps=0 pongs=51261(+337/s) cancels=0(+0/s) notify=1 disc=1(0x08) | echo rx=0 tx=0 pend=0 stale=0
P t=149s rxkBps=86 blkkBps=0 pongs=51626(+365/s) cancels=0(+0/s) notify=1 disc=1(0x08) | echo rx=0 tx=0 pend=0 stale=0
