*** Booting Zephyr OS build v4.4.1-4-g6a2245e1dc81 ***
[00:10:16.376,542] [0m<inf> bt_hci_core: HW Platform: Nordic Semiconductor (0x0002)[0m
[00:10:16.376,556] [0m<inf> bt_hci_core: HW Variant: nRF54Lx (0x0005)[0m
[00:10:16.376,568] [0m<inf> bt_hci_core: Firmware: Standard Bluetooth controller (0x00) Version 4.4 Build 1[0m
[00:10:16.376,907] [0m<inf> bt_hci_core: HCI transport: Controller[0m
[00:10:16.376,953] [0m<inf> bt_hci_core: Identity: D6:C7:60:B1:D3:0E (random)[0m
[00:10:16.376,969] [0m<inf> bt_hci_core: HCI: version 5.4 (0x0d) revision 0x0000, manufacturer 0x05f1[0m
[00:10:16.376,984] [0m<inf> bt_hci_core: LMP: version 5.4 (0x0d) subver 0xffff[0m

=== nRF54L15 RTT ping-pong PERIPHERAL (echo) ===
advertising
GAP connected interval=7500
PHY tx=2 rx=2
CCC: notify ENABLED
P t=1s rxkBps=4 blkkBps=0 pongs=19(+19/s) cancels=0(+0/s) notify=1 disc=0(0x00) | echo rx=0 tx=0 pend=0 stale=0
P t=2s rxkBps=94 blkkBps=0 pongs=414(+395/s) cancels=0(+0/s) notify=1 disc=0(0x00) | echo rx=0 tx=0 pend=0 stale=0
P t=3s rxkBps=93 blkkBps=0 pongs=805(+391/s) cancels=0(+0/s) notify=1 disc=0(0x00) | echo rx=0 tx=0 pend=0 stale=0
P t=4s rxkBps=95 blkkBps=0 pongs=1204(+399/s) cancels=0(+0/s) notify=1 disc=0(0x00) | echo rx=0 tx=0 pend=0 stale=0
P t=5s rxkBps=93 blkkBps=0 pongs=1596(+392/s) cancels=0(+0/s) notify=1 disc=0(0x00) | echo rx=0 tx=0 pend=0 stale=0
P t=6s rxkBps=92 blkkBps=0 pongs=1984(+388/s) cancels=0(+0/s) notify=1 disc=0(0x00) | echo rx=0 tx=0 pend=0 stale=0
P t=7s rxkBps=93 blkkBps=0 pongs=2377(+393/s) cancels=0(+0/s) notify=1 disc=0(0x00) | echo rx=0 tx=0 pend=0 stale=0
P t=8s rxkBps=93 blkkBps=0 pongs=2771(+394/s) cancels=0(+0/s) notify=1 disc=0(0x00) | echo rx=0 tx=0 pend=0 stale=0
P t=9s rxkBps=93 blkkBps=0 pongs=3162(+391/s) cancels=0(+0/s) notify=1 disc=0(0x00) | echo rx=0 tx=0 pend=0 stale=0
P t=10s rxkBps=94 blkkBps=0 pongs=3557(+395/s) cancels=0(+0/s) notify=1 disc=0(0x00) | echo rx=0 tx=0 pend=0 stale=0
P t=11s rxkBps=93 blkkBps=0 pongs=3951(+394/s) cancels=0(+0/s) notify=1 disc=0(0x00) | echo rx=0 tx=0 pend=0 stale=0
P t=12s rxkBps=95 blkkBps=0 pongs=4350(+399/s) cancels=0(+0/s) notify=1 disc=0(0x00) | echo rx=0 tx=0 pend=0 stale=0
P t=13s rxkBps=95 blkkBps=0 pongs=4750(+400/s) cancels=0(+0/s) notify=1 disc=0(0x00) | echo rx=0 tx=0 pend=0 stale=0
P t=14s rxkBps=94 blkkBps=0 pongs=5147(+397/s) cancels=0(+0/s) notify=1 disc=0(0x00) | echo rx=0 tx=0 pend=0 stale=0
P t=15s rxkBps=93 blkkBps=0 pongs=5538(+391/s) cancels=0(+0/s) notify=1 disc=0(0x00) | echo rx=0 tx=0 pend=0 stale=0
P t=16s rxkBps=93 blkkBps=0 pongs=5932(+394/s) cancels=0(+0/s) notify=1 disc=0(0x00) | echo rx=0 tx=0 pend=0 stale=0
P t=17s rxkBps=94 blkkBps=0 pongs=6329(+397/s) cancels=0(+0/s) notify=1 disc=0(0x00) | echo rx=0 tx=0 pend=0 stale=0
P t=18s rxkBps=94 blkkBps=0 pongs=6724(+395/s) cancels=0(+0/s) notify=1 disc=0(0x00) | echo rx=0 tx=0 pend=0 stale=0
P t=19s rxkBps=93 blkkBps=0 pongs=7118(+394/s) cancels=0(+0/s) notify=1 disc=0(0x00) | echo rx=0 tx=0 pend=0 stale=0
P t=20s rxkBps=92 blkkBps=0 pongs=7506(+388/s) cancels=0(+0/s) notify=1 disc=0(0x00) | echo rx=0 tx=0 pend=0 stale=0
P t=21s rxkBps=94 blkkBps=0 pongs=7902(+396/s) cancels=0(+0/s) notify=1 disc=0(0x00) | echo rx=0 tx=0 pend=0 stale=0
P t=22s rxkBps=93 blkkBps=0 pongs=8296(+394/s) cancels=0(+0/s) notify=1 disc=0(0x00) | echo rx=0 tx=0 pend=0 stale=0
P t=23s rxkBps=93 blkkBps=0 pongs=8690(+394/s) cancels=0(+0/s) notify=1 disc=0(0x00) | echo rx=0 tx=0 pend=0 stale=0
P t=24s rxkBps=94 blkkBps=0 pongs=9085(+395/s) cancels=0(+0/s) notify=1 disc=0(0x00) | echo rx=0 tx=0 pend=0 stale=0
P t=25s rxkBps=92 blkkBps=0 pongs=9475(+390/s) cancels=0(+0/s) notify=1 disc=0(0x00) | echo rx=0 tx=0 pend=0 stale=0
P t=26s rxkBps=94 blkkBps=0 pongs=9871(+396/s) cancels=0(+0/s) notify=1 disc=0(0x00) | echo rx=0 tx=0 pend=0 stale=0
P t=27s rxkBps=93 blkkBps=0 pongs=10264(+393/s) cancels=0(+0/s) notify=1 disc=0(0x00) | echo rx=0 tx=0 pend=0 stale=0
P t=28s rxkBps=93 blkkBps=0 pongs=10657(+393/s) cancels=0(+0/s) notify=1 disc=0(0x00) | echo rx=0 tx=0 pend=0 stale=0
P t=29s rxkBps=93 blkkBps=0 pongs=11051(+394/s) cancels=0(+0/s) notify=1 disc=0(0x00) | echo rx=0 tx=0 pend=0 stale=0
P t=30s rxkBps=93 blkkBps=0 pongs=11444(+393/s) cancels=0(+0/s) notify=1 disc=0(0x00) | echo rx=0 tx=0 pend=0 stale=0
P t=31s rxkBps=94 blkkBps=0 pongs=11839(+395/s) cancels=0(+0/s) notify=1 disc=0(0x00) | echo rx=0 tx=0 pend=0 stale=0
P t=32s rxkBps=94 blkkBps=0 pongs=12236(+397/s) cancels=0(+0/s) notify=1 disc=0(0x00) | echo rx=0 tx=0 pend=0 stale=0
P t=33s rxkBps=93 blkkBps=0 pongs=12630(+394/s) cancels=0(+0/s) notify=1 disc=0(0x00) | echo rx=0 tx=0 pend=0 stale=0
P t=34s rxkBps=94 blkkBps=0 pongs=13026(+396/s) cancels=0(+0/s) notify=1 disc=0(0x00) | echo rx=0 tx=0 pend=0 stale=0
P t=35s rxkBps=94 blkkBps=0 pongs=13421(+395/s) cancels=0(+0/s) notify=1 disc=0(0x00) | echo rx=0 tx=0 pend=0 stale=0
P t=36s rxkBps=94 blkkBps=0 pongs=13816(+395/s) cancels=0(+0/s) notify=1 disc=0(0x00) | echo rx=0 tx=0 pend=0 stale=0
P t=37s rxkBps=94 blkkBps=0 pongs=14211(+395/s) cancels=0(+0/s) notify=1 disc=0(0x00) | echo rx=0 tx=0 pend=0 stale=0
P t=38s rxkBps=93 blkkBps=0 pongs=14605(+394/s) cancels=0(+0/s) notify=1 disc=0(0x00) | echo rx=0 tx=0 pend=0 stale=0
P t=39s rxkBps=93 blkkBps=0 pongs=14998(+393/s) cancels=0(+0/s) notify=1 disc=0(0x00) | echo rx=0 tx=0 pend=0 stale=0
P t=40s rxkBps=93 blkkBps=0 pongs=15392(+394/s) cancels=0(+0/s) notify=1 disc=0(0x00) | echo rx=0 tx=0 pend=0 stale=0
P t=41s rxkBps=94 blkkBps=0 pongs=15788(+396/s) cancels=0(+0/s) notify=1 disc=0(0x00) | echo rx=0 tx=0 pend=0 stale=0
P t=42s rxkBps=93 blkkBps=0 pongs=16181(+393/s) cancels=0(+0/s) notify=1 disc=0(0x00) | echo rx=0 tx=0 pend=0 stale=0
P t=43s rxkBps=93 blkkBps=0 pongs=16574(+393/s) cancels=0(+0/s) notify=1 disc=0(0x00) | echo rx=0 tx=0 pend=0 stale=0
P t=44s rxkBps=93 blkkBps=0 pongs=16966(+392/s) cancels=0(+0/s) notify=1 disc=0(0x00) | echo rx=0 tx=0 pend=0 stale=0
P t=45s rxkBps=94 blkkBps=0 pongs=17364(+398/s) cancels=0(+0/s) notify=1 disc=0(0x00) | echo rx=0 tx=0 pend=0 stale=0
P t=46s rxkBps=94 blkkBps=0 pongs=17761(+397/s) cancels=0(+0/s) notify=1 disc=0(0x00) | echo rx=0 tx=0 pend=0 stale=0
P t=47s rxkBps=92 blkkBps=0 pongs=18149(+388/s) cancels=0(+0/s) notify=1 disc=0(0x00) | echo rx=0 tx=0 pend=0 stale=0
P t=48s rxkBps=94 blkkBps=0 pongs=18544(+395/s) cancels=0(+0/s) notify=1 disc=0(0x00) | echo rx=0 tx=0 pend=0 stale=0
P t=49s rxkBps=93 blkkBps=0 pongs=18938(+394/s) cancels=0(+0/s) notify=1 disc=0(0x00) | echo rx=0 tx=0 pend=0 stale=0
P t=50s rxkBps=93 blkkBps=0 pongs=19331(+393/s) cancels=0(+0/s) notify=1 disc=0(0x00) | echo rx=0 tx=0 pend=0 stale=0
P t=51s rxkBps=92 blkkBps=0 pongs=19720(+389/s) cancels=0(+0/s) notify=1 disc=0(0x00) | echo rx=0 tx=0 pend=0 stale=0
P t=52s rxkBps=93 blkkBps=0 pongs=20114(+394/s) cancels=0(+0/s) notify=1 disc=0(0x00) | echo rx=0 tx=0 pend=0 stale=0
P t=53s rxkBps=94 blkkBps=0 pongs=20509(+395/s) cancels=0(+0/s) notify=1 disc=0(0x00) | echo rx=0 tx=0 pend=0 stale=0
P t=54s rxkBps=94 blkkBps=0 pongs=20907(+398/s) cancels=0(+0/s) notify=1 disc=0(0x00) | echo rx=0 tx=0 pend=0 stale=0
P t=55s rxkBps=94 blkkBps=0 pongs=21305(+398/s) cancels=0(+0/s) notify=1 disc=0(0x00) | echo rx=0 tx=0 pend=0 stale=0
P t=56s rxkBps=91 blkkBps=0 pongs=21691(+386/s) cancels=0(+0/s) notify=1 disc=0(0x00) | echo rx=0 tx=0 pend=0 stale=0
P t=57s rxkBps=93 blkkBps=0 pongs=22085(+394/s) cancels=0(+0/s) notify=1 disc=0(0x00) | echo rx=0 tx=0 pend=0 stale=0
P t=58s rxkBps=94 blkkBps=0 pongs=22481(+396/s) cancels=0(+0/s) notify=1 disc=0(0x00) | echo rx=0 tx=0 pend=0 stale=0
P t=59s rxkBps=93 blkkBps=0 pongs=22874(+393/s) cancels=0(+0/s) notify=1 disc=0(0x00) | echo rx=0 tx=0 pend=0 stale=0
P t=60s rxkBps=93 blkkBps=0 pongs=23267(+393/s) cancels=0(+0/s) notify=1 disc=0(0x00) | echo rx=0 tx=0 pend=0 stale=0
P t=61s rxkBps=94 blkkBps=0 pongs=23665(+398/s) cancels=0(+0/s) notify=1 disc=0(0x00) | echo rx=0 tx=0 pend=0 stale=0
P t=62s rxkBps=95 blkkBps=0 pongs=24064(+399/s) cancels=0(+0/s) notify=1 disc=0(0x00) | echo rx=0 tx=0 pend=0 stale=0
P t=63s rxkBps=94 blkkBps=0 pongs=24459(+395/s) cancels=0(+0/s) notify=1 disc=0(0x00) | echo rx=0 tx=0 pend=0 stale=0
P t=64s rxkBps=95 blkkBps=0 pongs=24859(+400/s) cancels=0(+0/s) notify=1 disc=0(0x00) | echo rx=0 tx=0 pend=0 stale=0
P t=65s rxkBps=93 blkkBps=0 pongs=25253(+394/s) cancels=0(+0/s) notify=1 disc=0(0x00) | echo rx=0 tx=0 pend=0 stale=0
P t=66s rxkBps=93 blkkBps=0 pongs=25647(+394/s) cancels=0(+0/s) notify=1 disc=0(0x00) | echo rx=0 tx=0 pend=0 stale=0
P t=67s rxkBps=93 blkkBps=0 pongs=26039(+392/s) cancels=0(+0/s) notify=1 disc=0(0x00) | echo rx=0 tx=0 pend=0 stale=0
P t=68s rxkBps=94 blkkBps=0 pongs=26435(+396/s) cancels=0(+0/s) notify=1 disc=0(0x00) | echo rx=0 tx=0 pend=0 stale=0
P t=69s rxkBps=94 blkkBps=0 pongs=26833(+398/s) cancels=0(+0/s) notify=1 disc=0(0x00) | echo rx=0 tx=0 pend=0 stale=0
P t=70s rxkBps=93 blkkBps=0 pongs=27227(+394/s) cancels=0(+0/s) notify=1 disc=0(0x00) | echo rx=0 tx=0 pend=0 stale=0
P t=71s rxkBps=95 blkkBps=0 pongs=27626(+399/s) cancels=0(+0/s) notify=1 disc=0(0x00) | echo rx=0 tx=0 pend=0 stale=0
P t=72s rxkBps=92 blkkBps=0 pongs=28016(+390/s) cancels=0(+0/s) notify=1 disc=0(0x00) | echo rx=0 tx=0 pend=0 stale=0
P t=73s rxkBps=94 blkkBps=0 pongs=28413(+397/s) cancels=0(+0/s) notify=1 disc=0(0x00) | echo rx=0 tx=0 pend=0 stale=0
P t=74s rxkBps=94 blkkBps=0 pongs=28809(+396/s) cancels=0(+0/s) notify=1 disc=0(0x00) | echo rx=0 tx=0 pend=0 stale=0
P t=75s rxkBps=94 blkkBps=0 pongs=29204(+395/s) cancels=0(+0/s) notify=1 disc=0(0x00) | echo rx=0 tx=0 pend=0 stale=0
P t=76s rxkBps=93 blkkBps=0 pongs=29595(+391/s) cancels=0(+0/s) notify=1 disc=0(0x00) | echo rx=0 tx=0 pend=0 stale=0
P t=77s rxkBps=94 blkkBps=0 pongs=29990(+395/s) cancels=0(+0/s) notify=1 disc=0(0x00) | echo rx=0 tx=0 pend=0 stale=0
P t=78s rxkBps=93 blkkBps=0 pongs=30383(+393/s) cancels=0(+0/s) notify=1 disc=0(0x00) | echo rx=0 tx=0 pend=0 stale=0
P t=79s rxkBps=93 blkkBps=0 pongs=30777(+394/s) cancels=0(+0/s) notify=1 disc=0(0x00) | echo rx=0 tx=0 pend=0 stale=0
P t=80s rxkBps=93 blkkBps=0 pongs=31169(+392/s) cancels=0(+0/s) notify=1 disc=0(0x00) | echo rx=0 tx=0 pend=0 stale=0
P t=81s rxkBps=93 blkkBps=0 pongs=31562(+393/s) cancels=0(+0/s) notify=1 disc=0(0x00) | echo rx=0 tx=0 pend=0 stale=0
P t=82s rxkBps=94 blkkBps=0 pongs=31960(+398/s) cancels=0(+0/s) notify=1 disc=0(0x00) | echo rx=0 tx=0 pend=0 stale=0
P t=83s rxkBps=91 blkkBps=0 pongs=32344(+384/s) cancels=0(+0/s) notify=1 disc=0(0x00) | echo rx=0 tx=0 pend=0 stale=0
P t=84s rxkBps=92 blkkBps=0 pongs=32734(+390/s) cancels=0(+0/s) notify=1 disc=0(0x00) | echo rx=0 tx=0 pend=0 stale=0
P t=85s rxkBps=94 blkkBps=0 pongs=33129(+395/s) cancels=0(+0/s) notify=1 disc=0(0x00) | echo rx=0 tx=0 pend=0 stale=0
P t=86s rxkBps=92 blkkBps=0 pongs=33519(+390/s) cancels=0(+0/s) notify=1 disc=0(0x00) | echo rx=0 tx=0 pend=0 stale=0
P t=87s rxkBps=94 blkkBps=0 pongs=33916(+397/s) cancels=0(+0/s) notify=1 disc=0(0x00) | echo rx=0 tx=0 pend=0 stale=0
P t=88s rxkBps=93 blkkBps=0 pongs=34308(+392/s) cancels=0(+0/s) notify=1 disc=0(0x00) | echo rx=0 tx=0 pend=0 stale=0
P t=89s rxkBps=92 blkkBps=0 pongs=34697(+389/s) cancels=0(+0/s) notify=1 disc=0(0x00) | echo rx=0 tx=0 pend=0 stale=0
P t=90s rxkBps=93 blkkBps=0 pongs=35091(+394/s) cancels=0(+0/s) notify=1 disc=0(0x00) | echo rx=0 tx=0 pend=0 stale=0
P t=91s rxkBps=94 blkkBps=0 pongs=35487(+396/s) cancels=0(+0/s) notify=1 disc=0(0x00) | echo rx=0 tx=0 pend=0 stale=0
P t=92s rxkBps=93 blkkBps=0 pongs=35879(+392/s) cancels=0(+0/s) notify=1 disc=0(0x00) | echo rx=0 tx=0 pend=0 stale=0
P t=93s rxkBps=94 blkkBps=0 pongs=36277(+398/s) cancels=0(+0/s) notify=1 disc=0(0x00) | echo rx=0 tx=0 pend=0 stale=0
P t=94s rxkBps=92 blkkBps=0 pongs=36665(+388/s) cancels=0(+0/s) notify=1 disc=0(0x00) | echo rx=0 tx=0 pend=0 stale=0
P t=95s rxkBps=93 blkkBps=0 pongs=37059(+394/s) cancels=0(+0/s) notify=1 disc=0(0x00) | echo rx=0 tx=0 pend=0 stale=0
P t=96s rxkBps=93 blkkBps=0 pongs=37451(+392/s) cancels=0(+0/s) notify=1 disc=0(0x00) | echo rx=0 tx=0 pend=0 stale=0
P t=97s rxkBps=92 blkkBps=0 pongs=37841(+390/s) cancels=0(+0/s) notify=1 disc=0(0x00) | echo rx=0 tx=0 pend=0 stale=0
P t=98s rxkBps=93 blkkBps=0 pongs=38232(+391/s) cancels=0(+0/s) notify=1 disc=0(0x00) | echo rx=0 tx=0 pend=0 stale=0
P t=99s rxkBps=94 blkkBps=0 pongs=38629(+397/s) cancels=0(+0/s) notify=1 disc=0(0x00) | echo rx=0 tx=0 pend=0 stale=0
P t=100s rxkBps=92 blkkBps=0 pongs=39019(+390/s) cancels=0(+0/s) notify=1 disc=0(0x00) | echo rx=0 tx=0 pend=0 stale=0
P t=101s rxkBps=93 blkkBps=0 pongs=39410(+391/s) cancels=0(+0/s) notify=1 disc=0(0x00) | echo rx=0 tx=0 pend=0 stale=0
P t=102s rxkBps=93 blkkBps=0 pongs=39803(+393/s) cancels=0(+0/s) notify=1 disc=0(0x00) | echo rx=0 tx=0 pend=0 stale=0
P t=103s rxkBps=93 blkkBps=0 pongs=40197(+394/s) cancels=0(+0/s) notify=1 disc=0(0x00) | echo rx=0 tx=0 pend=0 stale=0
P t=104s rxkBps=93 blkkBps=0 pongs=40591(+394/s) cancels=0(+0/s) notify=1 disc=0(0x00) | echo rx=0 tx=0 pend=0 stale=0
P t=105s rxkBps=93 blkkBps=0 pongs=40983(+392/s) cancels=0(+0/s) notify=1 disc=0(0x00) | echo rx=0 tx=0 pend=0 stale=0
P t=106s rxkBps=91 blkkBps=0 pongs=41369(+386/s) cancels=0(+0/s) notify=1 disc=0(0x00) | echo rx=0 tx=0 pend=0 stale=0
P t=107s rxkBps=93 blkkBps=0 pongs=41763(+394/s) cancels=0(+0/s) notify=1 disc=0(0x00) | echo rx=0 tx=0 pend=0 stale=0
P t=108s rxkBps=94 blkkBps=0 pongs=42161(+398/s) cancels=0(+0/s) notify=1 disc=0(0x00) | echo rx=0 tx=0 pend=0 stale=0
P t=109s rxkBps=94 blkkBps=0 pongs=42558(+397/s) cancels=0(+0/s) notify=1 disc=0(0x00) | echo rx=0 tx=0 pend=0 stale=0
P t=110s rxkBps=95 blkkBps=0 pongs=42957(+399/s) cancels=0(+0/s) notify=1 disc=0(0x00) | echo rx=0 tx=0 pend=0 stale=0
P t=111s rxkBps=94 blkkBps=0 pongs=43352(+395/s) cancels=0(+0/s) notify=1 disc=0(0x00) | echo rx=0 tx=0 pend=0 stale=0
P t=112s rxkBps=95 blkkBps=0 pongs=43751(+399/s) cancels=0(+0/s) notify=1 disc=0(0x00) | echo rx=0 tx=0 pend=0 stale=0
P t=113s rxkBps=95 blkkBps=0 pongs=44150(+399/s) cancels=0(+0/s) notify=1 disc=0(0x00) | echo rx=0 tx=0 pend=0 stale=0
P t=114s rxkBps=95 blkkBps=0 pongs=44549(+399/s) cancels=0(+0/s) notify=1 disc=0(0x00) | echo rx=0 tx=0 pend=0 stale=0
P t=115s rxkBps=94 blkkBps=0 pongs=44945(+396/s) cancels=0(+0/s) notify=1 disc=0(0x00) | echo rx=0 tx=0 pend=0 stale=0
P t=116s rxkBps=95 blkkBps=0 pongs=45344(+399/s) cancels=0(+0/s) notify=1 disc=0(0x00) | echo rx=0 tx=0 pend=0 stale=0
P t=117s rxkBps=93 blkkBps=0 pongs=45737(+393/s) cancels=0(+0/s) notify=1 disc=0(0x00) | echo rx=0 tx=0 pend=0 stale=0
P t=118s rxkBps=94 blkkBps=0 pongs=46134(+397/s) cancels=0(+0/s) notify=1 disc=0(0x00) | echo rx=0 tx=0 pend=0 stale=0
P t=119s rxkBps=95 blkkBps=0 pongs=46533(+399/s) cancels=0(+0/s) notify=1 disc=0(0x00) | echo rx=0 tx=0 pend=0 stale=0
P t=120s rxkBps=95 blkkBps=0 pongs=46933(+400/s) cancels=0(+0/s) notify=1 disc=0(0x00) | echo rx=0 tx=0 pend=0 stale=0
P t=121s rxkBps=91 blkkBps=0 pongs=47318(+385/s) cancels=0(+0/s) notify=1 disc=0(0x00) | echo rx=0 tx=0 pend=0 stale=0
P t=122s rxkBps=90 blkkBps=0 pongs=47696(+378/s) cancels=0(+0/s) notify=1 disc=0(0x00) | echo rx=0 tx=0 pend=0 stale=0
P t=123s rxkBps=91 blkkBps=0 pongs=48081(+385/s) cancels=0(+0/s) notify=1 disc=0(0x00) | echo rx=0 tx=0 pend=0 stale=0
P t=124s rxkBps=92 blkkBps=0 pongs=48470(+389/s) cancels=0(+0/s) notify=1 disc=0(0x00) | echo rx=0 tx=0 pend=0 stale=0
P t=125s rxkBps=94 blkkBps=0 pongs=48865(+395/s) cancels=0(+0/s) notify=1 disc=0(0x00) | echo rx=0 tx=0 pend=0 stale=0
P t=126s rxkBps=92 blkkBps=0 pongs=49255(+390/s) cancels=0(+0/s) notify=1 disc=0(0x00) | echo rx=0 tx=0 pend=0 stale=0
P t=127s rxkBps=94 blkkBps=0 pongs=49650(+395/s) cancels=0(+0/s) notify=1 disc=0(0x00) | echo rx=0 tx=0 pend=0 stale=0
P t=128s rxkBps=93 blkkBps=0 pongs=50043(+393/s) cancels=0(+0/s) notify=1 disc=0(0x00) | echo rx=0 tx=0 pend=0 stale=0
P t=129s rxkBps=93 blkkBps=0 pongs=50435(+392/s) cancels=0(+0/s) notify=1 disc=0(0x00) | echo rx=0 tx=0 pend=0 stale=0
P t=130s rxkBps=93 blkkBps=0 pongs=50829(+394/s) cancels=0(+0/s) notify=1 disc=0(0x00) | echo rx=0 tx=0 pend=0 stale=0
P t=131s rxkBps=94 blkkBps=0 pongs=51225(+396/s) cancels=0(+0/s) notify=1 disc=0(0x00) | echo rx=0 tx=0 pend=0 stale=0
P t=132s rxkBps=92 blkkBps=0 pongs=51613(+388/s) cancels=0(+0/s) notify=1 disc=0(0x00) | echo rx=0 tx=0 pend=0 stale=0
P t=133s rxkBps=93 blkkBps=0 pongs=52006(+393/s) cancels=0(+0/s) notify=1 disc=0(0x00) | echo rx=0 tx=0 pend=0 stale=0
P t=134s rxkBps=93 blkkBps=0 pongs=52399(+393/s) cancels=0(+0/s) notify=1 disc=0(0x00) | echo rx=0 tx=0 pend=0 stale=0
P t=135s rxkBps=93 blkkBps=0 pongs=52791(+392/s) cancels=0(+0/s) notify=1 disc=0(0x00) | echo rx=0 tx=0 pend=0 stale=0
P t=136s rxkBps=94 blkkBps=0 pongs=53188(+397/s) cancels=0(+0/s) notify=1 disc=0(0x00) | echo rx=0 tx=0 pend=0 stale=0
P t=137s rxkBps=94 blkkBps=0 pongs=53583(+395/s) cancels=0(+0/s) notify=1 disc=0(0x00) | echo rx=0 tx=0 pend=0 stale=0
P t=138s rxkBps=93 blkkBps=0 pongs=53976(+393/s) cancels=0(+0/s) notify=1 disc=0(0x00) | echo rx=0 tx=0 pend=0 stale=0
P t=139s rxkBps=92 blkkBps=0 pongs=54366(+390/s) cancels=0(+0/s) notify=1 disc=0(0x00) | echo rx=0 tx=0 pend=0 stale=0
P t=140s rxkBps=93 blkkBps=0 pongs=54760(+394/s) cancels=0(+0/s) notify=1 disc=0(0x00) | echo rx=0 tx=0 pend=0 stale=0
P t=141s rxkBps=93 blkkBps=0 pongs=55151(+391/s) cancels=0(+0/s) notify=1 disc=0(0x00) | echo rx=0 tx=0 pend=0 stale=0
P t=142s rxkBps=94 blkkBps=0 pongs=55549(+398/s) cancels=0(+0/s) notify=1 disc=0(0x00) | echo rx=0 tx=0 pend=0 stale=0
P t=143s rxkBps=94 blkkBps=0 pongs=55944(+395/s) cancels=0(+0/s) notify=1 disc=0(0x00) | echo rx=0 tx=0 pend=0 stale=0
P t=144s rxkBps=94 blkkBps=0 pongs=56339(+395/s) cancels=0(+0/s) notify=1 disc=0(0x00) | echo rx=0 tx=0 pend=0 stale=0
P t=145s rxkBps=94 blkkBps=0 pongs=56735(+396/s) cancels=0(+0/s) notify=1 disc=0(0x00) | echo rx=0 tx=0 pend=0 stale=0
P t=146s rxkBps=93 blkkBps=0 pongs=57129(+394/s) cancels=0(+0/s) notify=1 disc=0(0x00) | echo rx=0 tx=0 pend=0 stale=0
P t=147s rxkBps=91 blkkBps=0 pongs=57513(+384/s) cancels=0(+0/s) notify=1 disc=0(0x00) | echo rx=0 tx=0 pend=0 stale=0
P t=148s rxkBps=92 blkkBps=0 pongs=57903(+390/s) cancels=0(+0/s) notify=1 disc=0(0x00) | echo rx=0 tx=0 pend=0 stale=0
P t=149s rxkBps=94 blkkBps=0 pongs=58301(+398/s) cancels=0(+0/s) notify=1 disc=0(0x00) | echo rx=0 tx=0 pend=0 stale=0
