*** Booting Zephyr OS build v4.4.1-3-g9d57ad059d60 ***
[00:00:00.002,806] [0m<inf> bt_hci_cor*** Booting Zephyr OS build v4.4.1-3-g9d57ad059d60 ***
[00:00:00.091,249] [0m<inf> bt_hci_core: HW Platform: Nordic Semiconductor (0x0002)[0m
[00:00:00.091,261] [0m<inf> bt_hci_core: HW Variant: nRF54Lx (0x0005)[0m
[00:00:00.091,273] [0m<inf> bt_hci_core: Firmware: Standard Bluetooth controller (0x00) Version 4.4 Build 1[0m
[00:00:00.091,605] [0m<inf> bt_hci_core: HCI transport: Controller[0m
[00:00:00.091,653] [0m<inf> bt_hci_core: Identity: FC:BE:FF:FA:E6:8B (random)[0m
[00:00:00.091,669] [0m<inf> bt_hci_core: HCI: version 5.4 (0x0d) revision 0x0000, manufacturer 0x05f1[0m
[00:00:00.091,683] [0m<inf> bt_hci_core: LMP: version 5.4 (0x0d) subver 0xffff[0m

=== nRF54L15 RTT ping-pong CENTRAL ===
scan rc=0
GAP connected interval=7500
MTU err=0 mtu=23
PHY tx=2 rx=2
discovery start (post-PHY +500ms) interval=7500 phy2m=1
SUBSCRIBED, vh=14
t=1s RTT mean=11987 min=11911 max=13374 n=20 to=0 | cancels=0(+0/s) seqbad=0 len_bad=0 disc=0(0x00) | tot_n=20 tot_to=0 maxever=13374 >2ms=20 >5ms=20 >15ms=0 >20ms=0 >30ms=0 | probes=20 wrfail=0 down=0s maxout=0s
t=2s RTT mean=11914 min=11911 max=11934 n=66 to=0 | cancels=0(+0/s) seqbad=0 len_bad=0 disc=0(0x00) | tot_n=86 tot_to=0 maxever=13374 >2ms=86 >5ms=86 >15ms=0 >20ms=0 >30ms=0 | probes=87 wrfail=0 down=0s maxout=0s
t=3s RTT mean=12028 min=11912 max=19414 n=66 to=0 | cancels=0(+0/s) seqbad=0 len_bad=0 disc=0(0x00) | tot_n=152 tot_to=0 maxever=19414 >2ms=152 >5ms=152 >15ms=1 >20ms=0 >30ms=0 | probes=153 wrfail=0 down=0s maxout=0s
FSU: request [52..150] us (ACL both dirs, 1M+2M) rc=0
t=4s RTT mean=12141 min=11606 max=19426 n=66 to=0 | cancels=0(+0/s) seqbad=0 len_bad=0 disc=0(0x00) | tot_n=218 tot_to=0 maxever=19426 >2ms=218 >5ms=218 >15ms=3 >20ms=0 >30ms=0 | probes=219 wrfail=0 down=0s maxout=0s
t=5s RTT mean=11915 min=11565 max=12265 n=67 to=0 | cancels=0(+0/s) seqbad=0 len_bad=0 disc=0(0x00) | tot_n=285 tot_to=0 maxever=19426 >2ms=285 >5ms=285 >15ms=3 >20ms=0 >30ms=0 | probes=286 wrfail=0 down=0s maxout=0s
t=6s RTT mean=12147 min=11467 max=19416 n=65 to=0 | cancels=0(+0/s) seqbad=0 len_bad=0 disc=0(0x00) | tot_n=350 tot_to=0 maxever=19426 >2ms=350 >5ms=350 >15ms=5 >20ms=0 >30ms=0 | probes=351 wrfail=0 down=0s maxout=0s
t=7s RTT mean=12142 min=11466 max=19415 n=66 to=0 | cancels=0(+0/s) seqbad=0 len_bad=0 disc=0(0x00) | tot_n=416 tot_to=0 maxever=19426 >2ms=416 >5ms=416 >15ms=7 >20ms=0 >30ms=0 | probes=417 wrfail=0 down=0s maxout=0s
t=8s RTT mean=11914 min=11466 max=12362 n=67 to=0 | cancels=0(+0/s) seqbad=0 len_bad=0 disc=0(0x00) | tot_n=483 tot_to=0 maxever=19426 >2ms=483 >5ms=483 >15ms=7 >20ms=0 >30ms=0 | probes=484 wrfail=0 down=0s maxout=0s
t=9s RTT mean=11915 min=11467 max=12362 n=66 to=0 | cancels=0(+0/s) seqbad=0 len_bad=0 disc=0(0x00) | tot_n=549 tot_to=0 maxever=19426 >2ms=549 >5ms=549 >15ms=7 >20ms=0 >30ms=0 | probes=550 wrfail=0 down=0s maxout=0s
t=10s RTT mean=12255 min=11471 max=19415 n=66 to=0 | cancels=0(+0/s) seqbad=0 len_bad=0 disc=0(0x00) | tot_n=615 tot_to=0 maxever=19426 >2ms=615 >5ms=615 >15ms=10 >20ms=0 >30ms=0 | probes=615 wrfail=0 down=0s maxout=0s
t=11s RTT mean=12152 min=11469 max=19414 n=65 to=0 | cancels=0(+0/s) seqbad=0 len_bad=0 disc=0(0x00) | tot_n=680 tot_to=0 maxever=19426 >2ms=680 >5ms=680 >15ms=12 >20ms=0 >30ms=0 | probes=681 wrfail=0 down=0s maxout=0s
t=12s RTT mean=11908 min=11469 max=12360 n=67 to=0 | cancels=0(+0/s) seqbad=0 len_bad=0 disc=0(0x00) | tot_n=747 tot_to=0 maxever=19426 >2ms=747 >5ms=747 >15ms=12 >20ms=0 >30ms=0 | probes=748 wrfail=0 down=0s maxout=0s
t=13s RTT mean=12142 min=11911 max=19417 n=66 to=0 | cancels=0(+0/s) seqbad=0 len_bad=0 disc=0(0x00) | tot_n=813 tot_to=0 maxever=19426 >2ms=813 >5ms=813 >15ms=14 >20ms=0 >30ms=0 | probes=813 wrfail=0 down=0s maxout=0s
t=14s RTT mean=11914 min=11466 max=12362 n=66 to=0 | cancels=0(+0/s) seqbad=0 len_bad=0 disc=0(0x00) | tot_n=879 tot_to=0 maxever=19426 >2ms=879 >5ms=879 >15ms=14 >20ms=0 >30ms=0 | probes=880 wrfail=0 down=0s maxout=0s
t=15s RTT mean=11915 min=11466 max=12363 n=67 to=0 | cancels=0(+0/s) seqbad=0 len_bad=0 disc=0(0x00) | tot_n=946 tot_to=0 maxever=19426 >2ms=946 >5ms=946 >15ms=14 >20ms=0 >30ms=0 | probes=947 wrfail=0 down=0s maxout=0s
t=16s RTT mean=11914 min=11467 max=12363 n=67 to=0 | cancels=0(+0/s) seqbad=0 len_bad=0 disc=0(0x00) | tot_n=1013 tot_to=0 maxever=19426 >2ms=1013 >5ms=1013 >15ms=14 >20ms=0 >30ms=0 | probes=1013 wrfail=0 down=0s maxout=0s
t=17s RTT mean=11915 min=11467 max=12362 n=66 to=0 | cancels=0(+0/s) seqbad=0 len_bad=0 disc=0(0x00) | tot_n=1079 tot_to=0 maxever=19426 >2ms=1079 >5ms=1079 >15ms=14 >20ms=0 >30ms=0 | probes=1080 wrfail=0 down=0s maxout=0s
t=18s RTT mean=11914 min=11911 max=11923 n=67 to=0 | cancels=0(+0/s) seqbad=0 len_bad=0 disc=0(0x00) | tot_n=1146 tot_to=0 maxever=19426 >2ms=1146 >5ms=1146 >15ms=14 >20ms=0 >30ms=0 | probes=1147 wrfail=0 down=0s maxout=0s
t=19s RTT mean=11915 min=11911 max=11925 n=67 to=0 | cancels=0(+0/s) seqbad=0 len_bad=0 disc=0(0x00) | tot_n=1213 tot_to=0 maxever=19426 >2ms=1213 >5ms=1213 >15ms=14 >20ms=0 >30ms=0 | probes=1213 wrfail=0 down=0s maxout=0s
t=20s RTT mean=12634 min=11845 max=26914 n=63 to=0 | cancels=0(+0/s) seqbad=0 len_bad=0 disc=0(0x00) | tot_n=1276 tot_to=0 maxever=26914 >2ms=1276 >5ms=1276 >15ms=19 >20ms=1 >30ms=0 | probes=1277 wrfail=0 down=0s maxout=0s
t=21s RTT mean=12979 min=11911 max=26914 n=63 to=0 | cancels=0(+0/s) seqbad=0 len_bad=0 disc=0(0x00) | tot_n=1339 tot_to=0 maxever=26914 >2ms=1339 >5ms=1339 >15ms=27 >20ms=2 >30ms=0 | probes=1339 wrfail=0 down=0s maxout=0s
t=22s RTT mean=11914 min=11912 max=11917 n=66 to=0 | cancels=0(+0/s) seqbad=0 len_bad=0 disc=0(0x00) | tot_n=1405 tot_to=0 maxever=26914 >2ms=1405 >5ms=1405 >15ms=27 >20ms=2 >30ms=0 | probes=1406 wrfail=0 down=0s maxout=0s
t=23s RTT mean=11915 min=11911 max=11933 n=67 to=0 | cancels=0(+0/s) seqbad=0 len_bad=0 disc=0(0x00) | tot_n=1472 tot_to=0 maxever=26914 >2ms=1472 >5ms=1472 >15ms=27 >20ms=2 >30ms=0 | probes=1473 wrfail=0 down=0s maxout=0s
t=24s RTT mean=11914 min=11911 max=11923 n=67 to=0 | cancels=0(+0/s) seqbad=0 len_bad=0 disc=0(0x00) | tot_n=1539 tot_to=0 maxever=26914 >2ms=1539 >5ms=1539 >15ms=27 >20ms=2 >30ms=0 | probes=1539 wrfail=0 down=0s maxout=0s
t=25s RTT mean=11915 min=11911 max=11933 n=66 to=0 | cancels=0(+0/s) seqbad=0 len_bad=0 disc=0(0x00) | tot_n=1605 tot_to=0 maxever=26914 >2ms=1605 >5ms=1605 >15ms=27 >20ms=2 >30ms=0 | probes=1606 wrfail=0 down=0s maxout=0s
t=26s RTT mean=11914 min=11912 max=11924 n=67 to=0 | cancels=0(+0/s) seqbad=0 len_bad=0 disc=0(0x00) | tot_n=1672 tot_to=0 maxever=26914 >2ms=1672 >5ms=1672 >15ms=27 >20ms=2 >30ms=0 | probes=1673 wrfail=0 down=0s maxout=0s
t=27s RTT mean=11915 min=11911 max=11926 n=67 to=0 | cancels=0(+0/s) seqbad=0 len_bad=0 disc=0(0x00) | tot_n=1739 tot_to=0 maxever=26914 >2ms=1739 >5ms=1739 >15ms=27 >20ms=2 >30ms=0 | probes=1739 wrfail=0 down=0s maxout=0s
t=28s RTT mean=12028 min=11911 max=19416 n=66 to=0 | cancels=0(+0/s) seqbad=0 len_bad=0 disc=0(0x00) | tot_n=1805 tot_to=0 maxever=26914 >2ms=1805 >5ms=1805 >15ms=28 >20ms=2 >30ms=0 | probes=1806 wrfail=0 down=0s maxout=0s
t=29s RTT mean=11915 min=11912 max=11933 n=66 to=0 | cancels=0(+0/s) seqbad=0 len_bad=0 disc=0(0x00) | tot_n=1871 tot_to=0 maxever=26914 >2ms=1871 >5ms=1871 >15ms=28 >20ms=2 >30ms=0 | probes=1872 wrfail=0 down=0s maxout=0s
t=30s RTT mean=11914 min=11911 max=11922 n=67 to=0 | cancels=0(+0/s) seqbad=0 len_bad=0 disc=0(0x00) | tot_n=1938 tot_to=0 maxever=26914 >2ms=1938 >5ms=1938 >15ms=28 >20ms=2 >30ms=0 | probes=1939 wrfail=0 down=0s maxout=0s
