*** Booting Zephyr OS build v4.4.1-4-g6a2245e1dc81 ***
[00:00:00.002,799] [0m<inf> bt_hci_core: HW Plat*** Booting Zephyr OS build v4.4.1-4-g6a2245e1dc81 ***
[00:00:00.096,796] [0m<inf> bt_hci_core: HW Platform: Nordic Semiconductor (0x0002)[0m
[00:00:00.096,808] [0m<inf> bt_hci_core: HW Variant: nRF54Lx (0x0005)[0m
[00:00:00.096,819] [0m<inf> bt_hci_core: Firmware: Standard Bluetooth controller (0x00) Version 4.4 Build 1[0m
[00:00:00.097,147] [0m<inf> bt_hci_core: HCI transport: Controller[0m
[00:00:00.097,195] [0m<inf> bt_hci_core: Identity: FC:BE:FF:FA:E6:8B (random)[0m
[00:00:00.097,211] [0m<inf> bt_hci_core: HCI: version 5.4 (0x0d) revision 0x0000, manufacturer 0x05f1[0m
[00:00:00.097,225] [0m<inf> bt_hci_core: LMP: version 5.4 (0x0d) subver 0xffff[0m

=== nRF54L15 RTT ping-pong CENTRAL ===
scan rc=0
GAP connected interval=7500
MTU err=0 mtu=23
PHY tx=2 rx=2
discovery start (post-PHY +500ms) interval=7500 phy2m=1
SUBSCRIBED, vh=14
t=1s RTT mean=12196 min=9772 max=19413 n=19 to=0 | cancels=0(+0/s) seqbad=0 len_bad=0 disc=0(0x00) | tot_n=19 tot_to=0 maxever=19413 >2ms=19 >5ms=19 >15ms=1 >20ms=0 >30ms=0 | probes=20 wrfail=0 down=0s maxout=0s
t=2s RTT mean=13664 min=11469 max=34413 n=60 to=0 | cancels=0(+0/s) seqbad=0 len_bad=0 disc=0(0x00) | tot_n=79 tot_to=0 maxever=34413 >2ms=79 >5ms=79 >15ms=12 >20ms=2 >30ms=1 | probes=80 wrfail=0 down=0s maxout=0s
t=3s RTT mean=12376 min=11912 max=19414 n=65 to=0 | cancels=0(+0/s) seqbad=0 len_bad=0 disc=0(0x00) | tot_n=144 tot_to=0 maxever=34413 >2ms=144 >5ms=144 >15ms=16 >20ms=2 >30ms=1 | probes=144 wrfail=0 down=0s maxout=0s
FSU: request [150..150] us (ACL both dirs, 1M+2M) rc=0
t=4s RTT mean=11915 min=11874 max=11964 n=66 to=0 | cancels=0(+0/s) seqbad=0 len_bad=0 disc=0(0x00) | tot_n=210 tot_to=0 maxever=34413 >2ms=210 >5ms=210 >15ms=16 >20ms=2 >30ms=1 | probes=211 wrfail=0 down=0s maxout=0s
t=5s RTT mean=12028 min=11911 max=19413 n=66 to=0 | cancels=0(+0/s) seqbad=0 len_bad=0 disc=0(0x00) | tot_n=276 tot_to=0 maxever=34413 >2ms=276 >5ms=276 >15ms=17 >20ms=2 >30ms=1 | probes=277 wrfail=0 down=0s maxout=0s
t=6s RTT mean=11914 min=11859 max=11970 n=67 to=0 | cancels=0(+0/s) seqbad=0 len_bad=0 disc=0(0x00) | tot_n=343 tot_to=0 maxever=34413 >2ms=343 >5ms=343 >15ms=17 >20ms=2 >30ms=1 | probes=344 wrfail=0 down=0s maxout=0s
t=7s RTT mean=12028 min=11911 max=19413 n=66 to=0 | cancels=0(+0/s) seqbad=0 len_bad=0 disc=0(0x00) | tot_n=409 tot_to=0 maxever=34413 >2ms=409 >5ms=409 >15ms=18 >20ms=2 >30ms=1 | probes=410 wrfail=0 down=0s maxout=0s
t=8s RTT mean=12985 min=11911 max=41914 n=63 to=0 | cancels=0(+0/s) seqbad=0 len_bad=0 disc=0(0x00) | tot_n=472 tot_to=0 maxever=41914 >2ms=472 >5ms=472 >15ms=23 >20ms=4 >30ms=2 | probes=472 wrfail=0 down=0s maxout=0s
t=9s RTT mean=16966 min=11913 max=41916 n=49 to=0 | cancels=0(+0/s) seqbad=0 len_bad=0 disc=0(0x00) | tot_n=521 tot_to=0 maxever=41916 >2ms=521 >5ms=521 >15ms=41 >20ms=13 >30ms=7 | probes=522 wrfail=0 down=0s maxout=0s
t=10s RTT mean=13512 min=11912 max=34413 n=61 to=0 | cancels=0(+0/s) seqbad=0 len_bad=0 disc=0(0x00) | tot_n=582 tot_to=0 maxever=41916 >2ms=582 >5ms=582 >15ms=49 >20ms=17 >30ms=8 | probes=583 wrfail=0 down=0s maxout=0s
t=11s RTT mean=12142 min=11911 max=19415 n=66 to=0 | cancels=0(+0/s) seqbad=0 len_bad=0 disc=0(0x00) | tot_n=648 tot_to=0 maxever=41916 >2ms=648 >5ms=648 >15ms=51 >20ms=17 >30ms=8 | probes=648 wrfail=0 down=0s maxout=0s
t=12s RTT mean=11914 min=11911 max=11916 n=66 to=0 | cancels=0(+0/s) seqbad=0 len_bad=0 disc=0(0x00) | tot_n=714 tot_to=0 maxever=41916 >2ms=714 >5ms=714 >15ms=51 >20ms=17 >30ms=8 | probes=715 wrfail=0 down=0s maxout=0s
t=13s RTT mean=11914 min=11911 max=11932 n=67 to=0 | cancels=0(+0/s) seqbad=0 len_bad=0 disc=0(0x00) | tot_n=781 tot_to=0 maxever=41916 >2ms=781 >5ms=781 >15ms=51 >20ms=17 >30ms=8 | probes=782 wrfail=0 down=0s maxout=0s
t=14s RTT mean=12260 min=11911 max=19414 n=65 to=0 | cancels=0(+0/s) seqbad=0 len_bad=0 disc=0(0x00) | tot_n=846 tot_to=0 maxever=41916 >2ms=846 >5ms=846 >15ms=54 >20ms=17 >30ms=8 | probes=847 wrfail=0 down=0s maxout=0s
t=15s RTT mean=12028 min=11912 max=19411 n=66 to=0 | cancels=0(+0/s) seqbad=0 len_bad=0 disc=0(0x00) | tot_n=912 tot_to=0 maxever=41916 >2ms=912 >5ms=912 >15ms=55 >20ms=17 >30ms=8 | probes=913 wrfail=0 down=0s maxout=0s
t=16s RTT mean=11914 min=11912 max=11924 n=67 to=0 | cancels=0(+0/s) seqbad=0 len_bad=0 disc=0(0x00) | tot_n=979 tot_to=0 maxever=41916 >2ms=979 >5ms=979 >15ms=55 >20ms=17 >30ms=8 | probes=980 wrfail=0 down=0s maxout=0s
t=17s RTT mean=11914 min=11911 max=11926 n=67 to=0 | cancels=0(+0/s) seqbad=0 len_bad=0 disc=0(0x00) | tot_n=1046 tot_to=0 maxever=41916 >2ms=1046 >5ms=1046 >15ms=55 >20ms=17 >30ms=8 | probes=1046 wrfail=0 down=0s maxout=0s
t=18s RTT mean=11914 min=11911 max=11916 n=66 to=0 | cancels=0(+0/s) seqbad=0 len_bad=0 disc=0(0x00) | tot_n=1112 tot_to=0 maxever=41916 >2ms=1112 >5ms=1112 >15ms=55 >20ms=17 >30ms=8 | probes=1113 wrfail=0 down=0s maxout=0s
t=19s RTT mean=12261 min=11911 max=19415 n=65 to=0 | cancels=0(+0/s) seqbad=0 len_bad=0 disc=0(0x00) | tot_n=1177 tot_to=0 maxever=41916 >2ms=1177 >5ms=1177 >15ms=58 >20ms=17 >30ms=8 | probes=1178 wrfail=0 down=0s maxout=0s
t=20s RTT mean=12141 min=11911 max=19414 n=66 to=0 | cancels=0(+0/s) seqbad=0 len_bad=0 disc=0(0x00) | tot_n=1243 tot_to=0 maxever=41916 >2ms=1243 >5ms=1243 >15ms=60 >20ms=17 >30ms=8 | probes=1244 wrfail=0 down=0s maxout=0s
t=21s RTT mean=12261 min=11911 max=19414 n=65 to=0 | cancels=0(+0/s) seqbad=0 len_bad=0 disc=0(0x00) | tot_n=1308 tot_to=0 maxever=41916 >2ms=1308 >5ms=1308 >15ms=63 >20ms=17 >30ms=8 | probes=1309 wrfail=0 down=0s maxout=0s
t=22s RTT mean=12028 min=11911 max=19414 n=66 to=0 | cancels=0(+0/s) seqbad=0 len_bad=0 disc=0(0x00) | tot_n=1374 tot_to=0 maxever=41916 >2ms=1374 >5ms=1374 >15ms=64 >20ms=17 >30ms=8 | probes=1375 wrfail=0 down=0s maxout=0s
t=23s RTT mean=12026 min=11911 max=19414 n=67 to=0 | cancels=0(+0/s) seqbad=0 len_bad=0 disc=0(0x00) | tot_n=1441 tot_to=0 maxever=41916 >2ms=1441 >5ms=1441 >15ms=65 >20ms=17 >30ms=8 | probes=1441 wrfail=0 down=0s maxout=0s
t=24s RTT mean=11914 min=11911 max=11916 n=66 to=0 | cancels=0(+0/s) seqbad=0 len_bad=0 disc=0(0x00) | tot_n=1507 tot_to=0 maxever=41916 >2ms=1507 >5ms=1507 >15ms=65 >20ms=17 >30ms=8 | probes=1508 wrfail=0 down=0s maxout=0s
t=25s RTT mean=13124 min=11913 max=34414 n=62 to=0 | cancels=0(+0/s) seqbad=0 len_bad=0 disc=0(0x00) | tot_n=1569 tot_to=0 maxever=41916 >2ms=1569 >5ms=1569 >15ms=71 >20ms=20 >30ms=9 | probes=1570 wrfail=0 down=0s maxout=0s
t=26s RTT mean=12027 min=11911 max=19413 n=66 to=0 | cancels=0(+0/s) seqbad=0 len_bad=0 disc=0(0x00) | tot_n=1635 tot_to=0 maxever=41916 >2ms=1635 >5ms=1635 >15ms=72 >20ms=20 >30ms=9 | probes=1636 wrfail=0 down=0s maxout=0s
t=27s RTT mean=11914 min=11911 max=11931 n=67 to=0 | cancels=0(+0/s) seqbad=0 len_bad=0 disc=0(0x00) | tot_n=1702 tot_to=0 maxever=41916 >2ms=1702 >5ms=1702 >15ms=72 >20ms=20 >30ms=9 | probes=1703 wrfail=0 down=0s maxout=0s
t=28s RTT mean=11914 min=11469 max=12359 n=67 to=0 | cancels=0(+0/s) seqbad=0 len_bad=0 disc=0(0x00) | tot_n=1769 tot_to=0 maxever=41916 >2ms=1769 >5ms=1769 >15ms=72 >20ms=20 >30ms=9 | probes=1769 wrfail=0 down=0s maxout=0s
t=29s RTT mean=12028 min=11911 max=19414 n=66 to=0 | cancels=0(+0/s) seqbad=0 len_bad=0 disc=0(0x00) | tot_n=1835 tot_to=0 maxever=41916 >2ms=1835 >5ms=1835 >15ms=73 >20ms=20 >30ms=9 | probes=1836 wrfail=0 down=0s maxout=0s
t=30s RTT mean=12028 min=11911 max=19415 n=66 to=0 | cancels=0(+0/s) seqbad=0 len_bad=0 disc=0(0x00) | tot_n=1901 tot_to=0 maxever=41916 >2ms=1901 >5ms=1901 >15ms=74 >20ms=20 >30ms=9 | probes=1902 wrfail=0 down=0s maxout=0s
t=31s RTT mean=12028 min=11911 max=19414 n=66 to=0 | cancels=0(+0/s) seqbad=0 len_bad=0 disc=0(0x00) | tot_n=1967 tot_to=0 maxever=41916 >2ms=1967 >5ms=1967 >15ms=75 >20ms=20 >30ms=9 | probes=1968 wrfail=0 down=0s maxout=0s
t=32s RTT mean=12376 min=11469 max=19414 n=65 to=0 | cancels=0(+0/s) seqbad=0 len_bad=0 disc=0(0x00) | tot_n=2032 tot_to=0 maxever=41916 >2ms=2032 >5ms=2032 >15ms=79 >20ms=20 >30ms=9 | probes=2033 wrfail=0 down=0s maxout=0s
t=33s RTT mean=12028 min=11911 max=19413 n=66 to=0 | cancels=0(+0/s) seqbad=0 len_bad=0 disc=0(0x00) | tot_n=2098 tot_to=0 maxever=41916 >2ms=2098 >5ms=2098 >15ms=80 >20ms=20 >30ms=9 | probes=2099 wrfail=0 down=0s maxout=0s
t=34s RTT mean=12028 min=11911 max=19414 n=66 to=0 | cancels=0(+0/s) seqbad=0 len_bad=0 disc=0(0x00) | tot_n=2164 tot_to=0 maxever=41916 >2ms=2164 >5ms=2164 >15ms=81 >20ms=20 >30ms=9 | probes=2165 wrfail=0 down=0s maxout=0s
t=35s RTT mean=12261 min=11911 max=19414 n=65 to=0 | cancels=0(+0/s) seqbad=0 len_bad=0 disc=0(0x00) | tot_n=2229 tot_to=0 maxever=41916 >2ms=2229 >5ms=2229 >15ms=84 >20ms=20 >30ms=9 | probes=2230 wrfail=0 down=0s maxout=0s
t=36s RTT mean=12747 min=11911 max=41913 n=63 to=0 | cancels=0(+0/s) seqbad=0 len_bad=0 disc=0(0x00) | tot_n=2292 tot_to=0 maxever=41916 >2ms=2292 >5ms=2292 >15ms=88 >20ms=21 >30ms=10 | probes=2293 wrfail=0 down=0s maxout=0s
t=37s RTT mean=12026 min=11910 max=19413 n=67 to=0 | cancels=0(+0/s) seqbad=0 len_bad=0 disc=0(0x00) | tot_n=2359 tot_to=0 maxever=41916 >2ms=2359 >5ms=2359 >15ms=89 >20ms=21 >30ms=10 | probes=2359 wrfail=0 down=0s maxout=0s
t=38s RTT mean=11914 min=11911 max=11915 n=66 to=0 | cancels=0(+0/s) seqbad=0 len_bad=0 disc=0(0x00) | tot_n=2425 tot_to=0 maxever=41916 >2ms=2425 >5ms=2425 >15ms=89 >20ms=21 >30ms=10 | probes=2426 wrfail=0 down=0s maxout=0s
t=39s RTT mean=12141 min=11912 max=19413 n=66 to=0 | cancels=0(+0/s) seqbad=0 len_bad=0 disc=0(0x00) | tot_n=2491 tot_to=0 maxever=41916 >2ms=2491 >5ms=2491 >15ms=91 >20ms=21 >30ms=10 | probes=2492 wrfail=0 down=0s maxout=0s
t=40s RTT mean=12141 min=11911 max=19414 n=66 to=0 | cancels=0(+0/s) seqbad=0 len_bad=0 disc=0(0x00) | tot_n=2557 tot_to=0 maxever=41916 >2ms=2557 >5ms=2557 >15ms=93 >20ms=21 >30ms=10 | probes=2557 wrfail=0 down=0s maxout=0s
t=41s RTT mean=12028 min=11526 max=19413 n=66 to=0 | cancels=0(+0/s) seqbad=0 len_bad=0 disc=0(0x00) | tot_n=2623 tot_to=0 maxever=41916 >2ms=2623 >5ms=2623 >15ms=94 >20ms=21 >30ms=10 | probes=2624 wrfail=0 down=0s maxout=0s
t=42s RTT mean=12260 min=11912 max=19414 n=65 to=0 | cancels=0(+0/s) seqbad=0 len_bad=0 disc=0(0x00) | tot_n=2688 tot_to=0 maxever=41916 >2ms=2688 >5ms=2688 >15ms=97 >20ms=21 >30ms=10 | probes=2689 wrfail=0 down=0s maxout=0s
t=43s RTT mean=12028 min=11911 max=19414 n=66 to=0 | cancels=0(+0/s) seqbad=0 len_bad=0 disc=0(0x00) | tot_n=2754 tot_to=0 maxever=41916 >2ms=2754 >5ms=2754 >15ms=98 >20ms=21 >30ms=10 | probes=2755 wrfail=0 down=0s maxout=0s
t=44s RTT mean=11914 min=11469 max=12360 n=67 to=0 | cancels=0(+0/s) seqbad=0 len_bad=0 disc=0(0x00) | tot_n=2821 tot_to=0 maxever=41916 >2ms=2821 >5ms=2821 >15ms=98 >20ms=21 >30ms=10 | probes=2822 wrfail=0 down=0s maxout=0s
t=45s RTT mean=12028 min=11911 max=19414 n=66 to=0 | cancels=0(+0/s) seqbad=0 len_bad=0 disc=0(0x00) | tot_n=2887 tot_to=0 maxever=41916 >2ms=2887 >5ms=2887 >15ms=99 >20ms=21 >30ms=10 | probes=2888 wrfail=0 down=0s maxout=0s
t=46s RTT mean=12028 min=11911 max=19415 n=66 to=0 | cancels=0(+0/s) seqbad=0 len_bad=0 disc=0(0x00) | tot_n=2953 tot_to=0 maxever=41916 >2ms=2953 >5ms=2953 >15ms=100 >20ms=21 >30ms=10 | probes=2954 wrfail=0 down=0s maxout=0s
t=47s RTT mean=11914 min=11912 max=11932 n=67 to=0 | cancels=0(+0/s) seqbad=0 len_bad=0 disc=0(0x00) | tot_n=3020 tot_to=0 maxever=41916 >2ms=3020 >5ms=3020 >15ms=100 >20ms=21 >30ms=10 | probes=3021 wrfail=0 down=0s maxout=0s
t=48s RTT mean=12141 min=11911 max=19415 n=66 to=0 | cancels=0(+0/s) seqbad=0 len_bad=0 disc=0(0x00) | tot_n=3086 tot_to=0 maxever=41916 >2ms=3086 >5ms=3086 >15ms=102 >20ms=21 >30ms=10 | probes=3086 wrfail=0 down=0s maxout=0s
t=49s RTT mean=12145 min=11911 max=19414 n=65 to=0 | cancels=0(+0/s) seqbad=0 len_bad=0 disc=0(0x00) | tot_n=3151 tot_to=0 maxever=41916 >2ms=3151 >5ms=3151 >15ms=104 >20ms=21 >30ms=10 | probes=3152 wrfail=0 down=0s maxout=0s
t=50s RTT mean=12260 min=11911 max=19414 n=65 to=0 | cancels=0(+0/s) seqbad=0 len_bad=0 disc=0(0x00) | tot_n=3216 tot_to=0 maxever=41916 >2ms=3216 >5ms=3216 >15ms=107 >20ms=21 >30ms=10 | probes=3217 wrfail=0 down=0s maxout=0s
t=51s RTT mean=12255 min=11911 max=19414 n=66 to=0 | cancels=0(+0/s) seqbad=0 len_bad=0 disc=0(0x00) | tot_n=3282 tot_to=0 maxever=41916 >2ms=3282 >5ms=3282 >15ms=110 >20ms=21 >30ms=10 | probes=3282 wrfail=0 down=0s maxout=0s
t=52s RTT mean=13143 min=11912 max=49413 n=61 to=0 | cancels=0(+0/s) seqbad=0 len_bad=0 disc=0(0x00) | tot_n=3343 tot_to=0 maxever=49413 >2ms=3343 >5ms=3343 >15ms=115 >20ms=23 >30ms=11 | probes=3344 wrfail=0 down=0s maxout=0s
t=53s RTT mean=11914 min=11911 max=11932 n=67 to=0 | cancels=0(+0/s) seqbad=0 len_bad=0 disc=0(0x00) | tot_n=3410 tot_to=0 maxever=49413 >2ms=3410 >5ms=3410 >15ms=115 >20ms=23 >30ms=11 | probes=3411 wrfail=0 down=0s maxout=0s
t=54s RTT mean=11914 min=11469 max=12359 n=67 to=0 | cancels=0(+0/s) seqbad=0 len_bad=0 disc=0(0x00) | tot_n=3477 tot_to=0 maxever=49413 >2ms=3477 >5ms=3477 >15ms=115 >20ms=23 >30ms=11 | probes=3477 wrfail=0 down=0s maxout=0s
t=55s RTT mean=12028 min=11911 max=19414 n=66 to=0 | cancels=0(+0/s) seqbad=0 len_bad=0 disc=0(0x00) | tot_n=3543 tot_to=0 maxever=49413 >2ms=3543 >5ms=3543 >15ms=116 >20ms=23 >30ms=11 | probes=3544 wrfail=0 down=0s maxout=0s
t=56s RTT mean=12145 min=11911 max=19414 n=65 to=0 | cancels=0(+0/s) seqbad=0 len_bad=0 disc=0(0x00) | tot_n=3608 tot_to=0 maxever=49413 >2ms=3608 >5ms=3608 >15ms=118 >20ms=23 >30ms=11 | probes=3609 wrfail=0 down=0s maxout=0s
t=57s RTT mean=12026 min=11911 max=19414 n=67 to=0 | cancels=0(+0/s) seqbad=0 len_bad=0 disc=0(0x00) | tot_n=3675 tot_to=0 maxever=49413 >2ms=3675 >5ms=3675 >15ms=119 >20ms=23 >30ms=11 | probes=3675 wrfail=0 down=0s maxout=0s
t=58s RTT mean=11914 min=11911 max=11917 n=66 to=0 | cancels=0(+0/s) seqbad=0 len_bad=0 disc=0(0x00) | tot_n=3741 tot_to=0 maxever=49413 >2ms=3741 >5ms=3741 >15ms=119 >20ms=23 >30ms=11 | probes=3742 wrfail=0 down=0s maxout=0s
t=59s RTT mean=12141 min=11911 max=19416 n=66 to=0 | cancels=0(+0/s) seqbad=0 len_bad=0 disc=0(0x00) | tot_n=3807 tot_to=0 maxever=49413 >2ms=3807 >5ms=3807 >15ms=121 >20ms=23 >30ms=11 | probes=3808 wrfail=0 down=0s maxout=0s
t=60s RTT mean=12260 min=11911 max=19415 n=65 to=0 | cancels=0(+0/s) seqbad=0 len_bad=0 disc=0(0x00) | tot_n=3872 tot_to=0 maxever=49413 >2ms=3872 >5ms=3872 >15ms=124 >20ms=23 >30ms=11 | probes=3873 wrfail=0 down=0s maxout=0s
t=61s RTT mean=12028 min=11911 max=19413 n=66 to=0 | cancels=0(+0/s) seqbad=0 len_bad=0 disc=0(0x00) | tot_n=3938 tot_to=0 maxever=49413 >2ms=3938 >5ms=3938 >15ms=125 >20ms=23 >30ms=11 | probes=3939 wrfail=0 down=0s maxout=0s
t=62s RTT mean=12026 min=11469 max=19413 n=67 to=0 | cancels=0(+0/s) seqbad=0 len_bad=0 disc=0(0x00) | tot_n=4005 tot_to=0 maxever=49413 >2ms=4005 >5ms=4005 >15ms=126 >20ms=23 >30ms=11 | probes=4005 wrfail=0 down=0s maxout=0s
t=63s RTT mean=12145 min=11911 max=19415 n=65 to=0 | cancels=0(+0/s) seqbad=0 len_bad=0 disc=0(0x00) | tot_n=4070 tot_to=0 maxever=49413 >2ms=4070 >5ms=4070 >15ms=128 >20ms=23 >30ms=11 | probes=4071 wrfail=0 down=0s maxout=0s
t=64s RTT mean=12141 min=11911 max=19422 n=66 to=0 | cancels=0(+0/s) seqbad=0 len_bad=0 disc=0(0x00) | tot_n=4136 tot_to=0 maxever=49413 >2ms=4136 >5ms=4136 >15ms=130 >20ms=23 >30ms=11 | probes=4137 wrfail=0 down=0s maxout=0s
t=65s RTT mean=12028 min=11911 max=19413 n=66 to=0 | cancels=0(+0/s) seqbad=0 len_bad=0 disc=0(0x00) | tot_n=4202 tot_to=0 maxever=49413 >2ms=4202 >5ms=4202 >15ms=131 >20ms=23 >30ms=11 | probes=4203 wrfail=0 down=0s maxout=0s
t=66s RTT mean=12141 min=11911 max=19415 n=66 to=0 | cancels=0(+0/s) seqbad=0 len_bad=0 disc=0(0x00) | tot_n=4268 tot_to=0 maxever=49413 >2ms=4268 >5ms=4268 >15ms=133 >20ms=23 >30ms=11 | probes=4269 wrfail=0 down=0s maxout=0s
t=67s RTT mean=12028 min=11910 max=19414 n=66 to=0 | cancels=0(+0/s) seqbad=0 len_bad=0 disc=0(0x00) | tot_n=4334 tot_to=0 maxever=49413 >2ms=4334 >5ms=4334 >15ms=134 >20ms=23 >30ms=11 | probes=4335 wrfail=0 down=0s maxout=0s
t=68s RTT mean=12027 min=11526 max=19413 n=66 to=0 | cancels=0(+0/s) seqbad=0 len_bad=0 disc=0(0x00) | tot_n=4400 tot_to=0 maxever=49413 >2ms=4400 >5ms=4400 >15ms=135 >20ms=23 >30ms=11 | probes=4401 wrfail=0 down=0s maxout=0s
t=69s RTT mean=12260 min=11911 max=19415 n=65 to=0 | cancels=0(+0/s) seqbad=0 len_bad=0 disc=0(0x00) | tot_n=4465 tot_to=0 maxever=49413 >2ms=4465 >5ms=4465 >15ms=138 >20ms=23 >30ms=11 | probes=4466 wrfail=0 down=0s maxout=0s
t=70s RTT mean=12028 min=11469 max=19413 n=66 to=0 | cancels=0(+0/s) seqbad=0 len_bad=0 disc=0(0x00) | tot_n=4531 tot_to=0 maxever=49413 >2ms=4531 >5ms=4531 >15ms=139 >20ms=23 >30ms=11 | probes=4532 wrfail=0 down=0s maxout=0s
t=71s RTT mean=12026 min=11911 max=19414 n=67 to=0 | cancels=0(+0/s) seqbad=0 len_bad=0 disc=0(0x00) | tot_n=4598 tot_to=0 maxever=49413 >2ms=4598 >5ms=4598 >15ms=140 >20ms=23 >30ms=11 | probes=4598 wrfail=0 down=0s maxout=0s
t=72s RTT mean=12028 min=11469 max=19416 n=66 to=0 | cancels=0(+0/s) seqbad=0 len_bad=0 disc=0(0x00) | tot_n=4664 tot_to=0 maxever=49413 >2ms=4664 >5ms=4664 >15ms=141 >20ms=23 >30ms=11 | probes=4665 wrfail=0 down=0s maxout=0s
t=73s RTT mean=12260 min=11911 max=19415 n=65 to=0 | cancels=0(+0/s) seqbad=0 len_bad=0 disc=0(0x00) | tot_n=4729 tot_to=0 maxever=49413 >2ms=4729 >5ms=4729 >15ms=144 >20ms=23 >30ms=11 | probes=4730 wrfail=0 down=0s maxout=0s
t=74s RTT mean=12028 min=11911 max=19413 n=66 to=0 | cancels=0(+0/s) seqbad=0 len_bad=0 disc=0(0x00) | tot_n=4795 tot_to=0 maxever=49413 >2ms=4795 >5ms=4795 >15ms=145 >20ms=23 >30ms=11 | probes=4796 wrfail=0 down=0s maxout=0s
t=75s RTT mean=12028 min=11911 max=19413 n=66 to=0 | cancels=0(+0/s) seqbad=0 len_bad=0 disc=0(0x00) | tot_n=4861 tot_to=0 maxever=49413 >2ms=4861 >5ms=4861 >15ms=146 >20ms=23 >30ms=11 | probes=4862 wrfail=0 down=0s maxout=0s
t=76s RTT mean=12255 min=11911 max=26916 n=66 to=0 | cancels=0(+0/s) seqbad=0 len_bad=0 disc=0(0x00) | tot_n=4927 tot_to=0 maxever=49413 >2ms=4927 >5ms=4927 >15ms=148 >20ms=24 >30ms=11 | probes=4927 wrfail=0 down=0s maxout=0s
t=77s RTT mean=12145 min=11469 max=19415 n=65 to=0 | cancels=0(+0/s) seqbad=0 len_bad=0 disc=0(0x00) | tot_n=4992 tot_to=0 maxever=49413 >2ms=4992 >5ms=4992 >15ms=150 >20ms=24 >30ms=11 | probes=4993 wrfail=0 down=0s maxout=0s
t=78s RTT mean=12027 min=11469 max=19413 n=66 to=0 | cancels=0(+0/s) seqbad=0 len_bad=0 disc=0(0x00) | tot_n=5058 tot_to=0 maxever=49413 >2ms=5058 >5ms=5058 >15ms=151 >20ms=24 >30ms=11 | probes=5059 wrfail=0 down=0s maxout=0s
t=79s RTT mean=12026 min=11469 max=19414 n=67 to=0 | cancels=0(+0/s) seqbad=0 len_bad=0 disc=0(0x00) | tot_n=5125 tot_to=0 maxever=49413 >2ms=5125 >5ms=5125 >15ms=152 >20ms=24 >30ms=11 | probes=5125 wrfail=0 down=0s maxout=0s
t=80s RTT mean=11914 min=11469 max=12360 n=66 to=0 | cancels=0(+0/s) seqbad=0 len_bad=0 disc=0(0x00) | tot_n=5191 tot_to=0 maxever=49413 >2ms=5191 >5ms=5191 >15ms=152 >20ms=24 >30ms=11 | probes=5192 wrfail=0 down=0s maxout=0s
t=81s RTT mean=11914 min=11911 max=11933 n=67 to=0 | cancels=0(+0/s) seqbad=0 len_bad=0 disc=0(0x00) | tot_n=5258 tot_to=0 maxever=49413 >2ms=5258 >5ms=5258 >15ms=152 >20ms=24 >30ms=11 | probes=5259 wrfail=0 down=0s maxout=0s
t=82s RTT mean=12028 min=11911 max=19414 n=66 to=0 | cancels=0(+0/s) seqbad=0 len_bad=0 disc=0(0x00) | tot_n=5324 tot_to=0 maxever=49413 >2ms=5324 >5ms=5324 >15ms=153 >20ms=24 >30ms=11 | probes=5325 wrfail=0 down=0s maxout=0s
t=83s RTT mean=12028 min=11911 max=19413 n=66 to=0 | cancels=0(+0/s) seqbad=0 len_bad=0 disc=0(0x00) | tot_n=5390 tot_to=0 maxever=49413 >2ms=5390 >5ms=5390 >15ms=154 >20ms=24 >30ms=11 | probes=5391 wrfail=0 down=0s maxout=0s
t=84s RTT mean=11914 min=11911 max=11924 n=67 to=0 | cancels=0(+0/s) seqbad=0 len_bad=0 disc=0(0x00) | tot_n=5457 tot_to=0 maxever=49413 >2ms=5457 >5ms=5457 >15ms=154 >20ms=24 >30ms=11 | probes=5458 wrfail=0 down=0s maxout=0s
t=85s RTT mean=12141 min=11911 max=19425 n=66 to=0 | cancels=0(+0/s) seqbad=0 len_bad=0 disc=0(0x00) | tot_n=5523 tot_to=0 maxever=49413 >2ms=5523 >5ms=5523 >15ms=156 >20ms=24 >30ms=11 | probes=5523 wrfail=0 down=0s maxout=0s
t=86s RTT mean=11914 min=11912 max=11916 n=66 to=0 | cancels=0(+0/s) seqbad=0 len_bad=0 disc=0(0x00) | tot_n=5589 tot_to=0 maxever=49413 >2ms=5589 >5ms=5589 >15ms=156 >20ms=24 >30ms=11 | probes=5590 wrfail=0 down=0s maxout=0s
t=87s RTT mean=11914 min=11911 max=11931 n=67 to=0 | cancels=0(+0/s) seqbad=0 len_bad=0 disc=0(0x00) | tot_n=5656 tot_to=0 maxever=49413 >2ms=5656 >5ms=5656 >15ms=156 >20ms=24 >30ms=11 | probes=5657 wrfail=0 down=0s maxout=0s
t=88s RTT mean=12027 min=11911 max=19414 n=66 to=0 | cancels=0(+0/s) seqbad=0 len_bad=0 disc=0(0x00) | tot_n=5722 tot_to=0 maxever=49413 >2ms=5722 >5ms=5722 >15ms=157 >20ms=24 >30ms=11 | probes=5723 wrfail=0 down=0s maxout=0s
t=89s RTT mean=12142 min=11911 max=19414 n=66 to=0 | cancels=0(+0/s) seqbad=0 len_bad=0 disc=0(0x00) | tot_n=5788 tot_to=0 maxever=49413 >2ms=5788 >5ms=5788 >15ms=159 >20ms=24 >30ms=11 | probes=5789 wrfail=0 down=0s maxout=0s
t=90s RTT mean=12145 min=11469 max=19413 n=65 to=0 | cancels=0(+0/s) seqbad=0 len_bad=0 disc=0(0x00) | tot_n=5853 tot_to=0 maxever=49413 >2ms=5853 >5ms=5853 >15ms=161 >20ms=24 >30ms=11 | probes=5854 wrfail=0 down=0s maxout=0s
t=91s RTT mean=11915 min=11469 max=12360 n=67 to=0 | cancels=0(+0/s) seqbad=0 len_bad=0 disc=0(0x00) | tot_n=5920 tot_to=0 maxever=49413 >2ms=5920 >5ms=5920 >15ms=161 >20ms=24 >30ms=11 | probes=5921 wrfail=0 down=0s maxout=0s
t=92s RTT mean=12028 min=11911 max=19413 n=66 to=0 | cancels=0(+0/s) seqbad=0 len_bad=0 disc=0(0x00) | tot_n=5986 tot_to=0 maxever=49413 >2ms=5986 >5ms=5986 >15ms=162 >20ms=24 >30ms=11 | probes=5987 wrfail=0 down=0s maxout=0s
t=93s RTT mean=12026 min=11911 max=19413 n=67 to=0 | cancels=0(+0/s) seqbad=0 len_bad=0 disc=0(0x00) | tot_n=6053 tot_to=0 maxever=49413 >2ms=6053 >5ms=6053 >15ms=163 >20ms=24 >30ms=11 | probes=6053 wrfail=0 down=0s maxout=0s
t=94s RTT mean=12027 min=11911 max=19413 n=66 to=0 | cancels=0(+0/s) seqbad=0 len_bad=0 disc=0(0x00) | tot_n=6119 tot_to=0 maxever=49413 >2ms=6119 >5ms=6119 >15ms=164 >20ms=24 >30ms=11 | probes=6119 wrfail=0 down=0s maxout=0s
t=95s RTT mean=11914 min=11911 max=11933 n=66 to=0 | cancels=0(+0/s) seqbad=0 len_bad=0 disc=0(0x00) | tot_n=6185 tot_to=0 maxever=49413 >2ms=6185 >5ms=6185 >15ms=164 >20ms=24 >30ms=11 | probes=6186 wrfail=0 down=0s maxout=0s
t=96s RTT mean=12255 min=11912 max=34415 n=66 to=0 | cancels=0(+0/s) seqbad=0 len_bad=0 disc=0(0x00) | tot_n=6251 tot_to=0 maxever=49413 >2ms=6251 >5ms=6251 >15ms=165 >20ms=25 >30ms=12 | probes=6251 wrfail=0 down=0s maxout=0s
t=97s RTT mean=12028 min=11911 max=18969 n=66 to=0 | cancels=0(+0/s) seqbad=0 len_bad=0 disc=0(0x00) | tot_n=6317 tot_to=0 maxever=49413 >2ms=6317 >5ms=6317 >15ms=166 >20ms=25 >30ms=12 | probes=6318 wrfail=0 down=0s maxout=0s
t=98s RTT mean=12628 min=11911 max=34414 n=63 to=0 | cancels=0(+0/s) seqbad=0 len_bad=0 disc=0(0x00) | tot_n=6380 tot_to=0 maxever=49413 >2ms=6380 >5ms=6380 >15ms=170 >20ms=26 >30ms=13 | probes=6381 wrfail=0 down=0s maxout=0s
t=99s RTT mean=12376 min=11469 max=26915 n=65 to=0 | cancels=0(+0/s) seqbad=0 len_bad=0 disc=0(0x00) | tot_n=6445 tot_to=0 maxever=49413 >2ms=6445 >5ms=6445 >15ms=173 >20ms=27 >30ms=13 | probes=6446 wrfail=0 down=0s maxout=0s
t=100s RTT mean=12027 min=11468 max=19414 n=66 to=0 | cancels=0(+0/s) seqbad=0 len_bad=0 disc=0(0x00) | tot_n=6511 tot_to=0 maxever=49413 >2ms=6511 >5ms=6511 >15ms=174 >20ms=27 >30ms=13 | probes=6512 wrfail=0 down=0s maxout=0s
t=101s RTT mean=12028 min=11912 max=18965 n=66 to=0 | cancels=0(+0/s) seqbad=0 len_bad=0 disc=0(0x00) | tot_n=6577 tot_to=0 maxever=49413 >2ms=6577 >5ms=6577 >15ms=175 >20ms=27 >30ms=13 | probes=6578 wrfail=0 down=0s maxout=0s
t=102s RTT mean=12375 min=11911 max=26913 n=65 to=0 | cancels=0(+0/s) seqbad=0 len_bad=0 disc=0(0x00) | tot_n=6642 tot_to=0 maxever=49413 >2ms=6642 >5ms=6642 >15ms=178 >20ms=28 >30ms=13 | probes=6643 wrfail=0 down=0s maxout=0s
t=103s RTT mean=11914 min=11911 max=11933 n=67 to=0 | cancels=0(+0/s) seqbad=0 len_bad=0 disc=0(0x00) | tot_n=6709 tot_to=0 maxever=49413 >2ms=6709 >5ms=6709 >15ms=178 >20ms=28 >30ms=13 | probes=6710 wrfail=0 down=0s maxout=0s
t=104s RTT mean=12145 min=11912 max=19413 n=65 to=0 | cancels=0(+0/s) seqbad=0 len_bad=0 disc=0(0x00) | tot_n=6774 tot_to=0 maxever=49413 >2ms=6774 >5ms=6774 >15ms=180 >20ms=28 >30ms=13 | probes=6775 wrfail=0 down=0s maxout=0s
t=105s RTT mean=12142 min=11470 max=19414 n=66 to=0 | cancels=0(+0/s) seqbad=0 len_bad=0 disc=0(0x00) | tot_n=6840 tot_to=0 maxever=49413 >2ms=6840 >5ms=6840 >15ms=182 >20ms=28 >30ms=13 | probes=6841 wrfail=0 down=0s maxout=0s
t=106s RTT mean=12027 min=11469 max=19414 n=66 to=0 | cancels=0(+0/s) seqbad=0 len_bad=0 disc=0(0x00) | tot_n=6906 tot_to=0 maxever=49413 >2ms=6906 >5ms=6906 >15ms=183 >20ms=28 >30ms=13 | probes=6907 wrfail=0 down=0s maxout=0s
t=107s RTT mean=12028 min=11469 max=19413 n=66 to=0 | cancels=0(+0/s) seqbad=0 len_bad=0 disc=0(0x00) | tot_n=6972 tot_to=0 maxever=49413 >2ms=6972 >5ms=6972 >15ms=184 >20ms=28 >30ms=13 | probes=6973 wrfail=0 down=0s maxout=0s
t=108s RTT mean=12255 min=11911 max=19415 n=66 to=0 | cancels=0(+0/s) seqbad=0 len_bad=0 disc=0(0x00) | tot_n=7038 tot_to=0 maxever=49413 >2ms=7038 >5ms=7038 >15ms=187 >20ms=28 >30ms=13 | probes=7038 wrfail=0 down=0s maxout=0s
t=109s RTT mean=12028 min=11911 max=19413 n=66 to=0 | cancels=0(+0/s) seqbad=0 len_bad=0 disc=0(0x00) | tot_n=7104 tot_to=0 maxever=49413 >2ms=7104 >5ms=7104 >15ms=188 >20ms=28 >30ms=13 | probes=7105 wrfail=0 down=0s maxout=0s
t=110s RTT mean=11914 min=11911 max=11930 n=67 to=0 | cancels=0(+0/s) seqbad=0 len_bad=0 disc=0(0x00) | tot_n=7171 tot_to=0 maxever=49413 >2ms=7171 >5ms=7171 >15ms=188 >20ms=28 >30ms=13 | probes=7171 wrfail=0 down=0s maxout=0s
t=111s RTT mean=11914 min=11911 max=11934 n=66 to=0 | cancels=0(+0/s) seqbad=0 len_bad=0 disc=0(0x00) | tot_n=7237 tot_to=0 maxever=49413 >2ms=7237 >5ms=7237 >15ms=188 >20ms=28 >30ms=13 | probes=7238 wrfail=0 down=0s maxout=0s
t=112s RTT mean=12747 min=11911 max=34411 n=63 to=0 | cancels=0(+0/s) seqbad=0 len_bad=0 disc=0(0x00) | tot_n=7300 tot_to=0 maxever=49413 >2ms=7300 >5ms=7300 >15ms=193 >20ms=29 >30ms=14 | probes=7301 wrfail=0 down=0s maxout=0s
t=113s RTT mean=12141 min=11910 max=26916 n=66 to=0 | cancels=0(+0/s) seqbad=0 len_bad=0 disc=0(0x00) | tot_n=7366 tot_to=0 maxever=49413 >2ms=7366 >5ms=7366 >15ms=194 >20ms=30 >30ms=14 | probes=7367 wrfail=0 down=0s maxout=0s
t=114s RTT mean=11914 min=11912 max=11923 n=67 to=0 | cancels=0(+0/s) seqbad=0 len_bad=0 disc=0(0x00) | tot_n=7433 tot_to=0 maxever=49413 >2ms=7433 >5ms=7433 >15ms=194 >20ms=30 >30ms=14 | probes=7434 wrfail=0 down=0s maxout=0s
t=115s RTT mean=11914 min=11469 max=12359 n=66 to=0 | cancels=0(+0/s) seqbad=0 len_bad=0 disc=0(0x00) | tot_n=7499 tot_to=0 maxever=49413 >2ms=7499 >5ms=7499 >15ms=194 >20ms=30 >30ms=14 | probes=7500 wrfail=0 down=0s maxout=0s
t=116s RTT mean=11914 min=11911 max=11923 n=67 to=0 | cancels=0(+0/s) seqbad=0 len_bad=0 disc=0(0x00) | tot_n=7566 tot_to=0 maxever=49413 >2ms=7566 >5ms=7566 >15ms=194 >20ms=30 >30ms=14 | probes=7567 wrfail=0 down=0s maxout=0s
t=117s RTT mean=12376 min=11911 max=26914 n=65 to=0 | cancels=0(+0/s) seqbad=0 len_bad=0 disc=0(0x00) | tot_n=7631 tot_to=0 maxever=49413 >2ms=7631 >5ms=7631 >15ms=197 >20ms=31 >30ms=14 | probes=7632 wrfail=0 down=0s maxout=0s
t=118s RTT mean=18599 min=11911 max=41914 n=46 to=0 | cancels=0(+0/s) seqbad=0 len_bad=0 disc=0(0x00) | tot_n=7677 tot_to=0 maxever=49413 >2ms=7677 >5ms=7677 >15ms=219 >20ms=41 >30ms=20 | probes=7678 wrfail=0 down=0s maxout=0s
t=119s RTT mean=12624 min=11911 max=26925 n=64 to=0 | cancels=0(+0/s) seqbad=0 len_bad=0 disc=0(0x00) | tot_n=7741 tot_to=0 maxever=49413 >2ms=7741 >5ms=7741 >15ms=224 >20ms=42 >30ms=20 | probes=7741 wrfail=0 down=0s maxout=0s
t=120s RTT mean=12021 min=11500 max=19415 n=66 to=0 | cancels=0(+0/s) seqbad=0 len_bad=0 disc=0(0x00) | tot_n=7807 tot_to=0 maxever=49413 >2ms=7807 >5ms=7807 >15ms=225 >20ms=42 >30ms=20 | probes=7808 wrfail=0 down=0s maxout=0s
t=121s RTT mean=12028 min=11911 max=19415 n=66 to=0 | cancels=0(+0/s) seqbad=0 len_bad=0 disc=0(0x00) | tot_n=7873 tot_to=0 maxever=49413 >2ms=7873 >5ms=7873 >15ms=226 >20ms=42 >30ms=20 | probes=7874 wrfail=0 down=0s maxout=0s
t=122s RTT mean=13003 min=11469 max=26913 n=62 to=0 | cancels=0(+0/s) seqbad=0 len_bad=0 disc=0(0x00) | tot_n=7935 tot_to=0 maxever=49413 >2ms=7935 >5ms=7935 >15ms=234 >20ms=43 >30ms=20 | probes=7936 wrfail=0 down=0s maxout=0s
t=123s RTT mean=13003 min=11466 max=34413 n=62 to=0 | cancels=0(+0/s) seqbad=0 len_bad=0 disc=0(0x00) | tot_n=7997 tot_to=0 maxever=49413 >2ms=7997 >5ms=7997 >15ms=241 >20ms=44 >30ms=21 | probes=7998 wrfail=0 down=0s maxout=0s
t=124s RTT mean=12141 min=11911 max=19413 n=66 to=0 | cancels=0(+0/s) seqbad=0 len_bad=0 disc=0(0x00) | tot_n=8063 tot_to=0 maxever=49413 >2ms=8063 >5ms=8063 >15ms=243 >20ms=44 >30ms=21 | probes=8064 wrfail=0 down=0s maxout=0s
t=125s RTT mean=12028 min=11911 max=19413 n=66 to=0 | cancels=0(+0/s) seqbad=0 len_bad=0 disc=0(0x00) | tot_n=8129 tot_to=0 maxever=49413 >2ms=8129 >5ms=8129 >15ms=244 >20ms=44 >30ms=21 | probes=8130 wrfail=0 down=0s maxout=0s
t=126s RTT mean=11914 min=11911 max=11924 n=67 to=0 | cancels=0(+0/s) seqbad=0 len_bad=0 disc=0(0x00) | tot_n=8196 tot_to=0 maxever=49413 >2ms=8196 >5ms=8196 >15ms=244 >20ms=44 >30ms=21 | probes=8197 wrfail=0 down=0s maxout=0s
t=127s RTT mean=12028 min=11911 max=19413 n=66 to=0 | cancels=0(+0/s) seqbad=0 len_bad=0 disc=0(0x00) | tot_n=8262 tot_to=0 maxever=49413 >2ms=8262 >5ms=8262 >15ms=245 >20ms=44 >30ms=21 | probes=8263 wrfail=0 down=0s maxout=0s
t=128s RTT mean=11914 min=11911 max=11923 n=67 to=0 | cancels=0(+0/s) seqbad=0 len_bad=0 disc=0(0x00) | tot_n=8329 tot_to=0 maxever=49413 >2ms=8329 >5ms=8329 >15ms=245 >20ms=44 >30ms=21 | probes=8329 wrfail=0 down=0s maxout=0s
t=129s RTT mean=11915 min=11911 max=11953 n=66 to=0 | cancels=0(+0/s) seqbad=0 len_bad=0 disc=0(0x00) | tot_n=8395 tot_to=0 maxever=49413 >2ms=8395 >5ms=8395 >15ms=245 >20ms=44 >30ms=21 | probes=8396 wrfail=0 down=0s maxout=0s
t=130s RTT mean=11914 min=11911 max=11923 n=67 to=0 | cancels=0(+0/s) seqbad=0 len_bad=0 disc=0(0x00) | tot_n=8462 tot_to=0 maxever=49413 >2ms=8462 >5ms=8462 >15ms=245 >20ms=44 >30ms=21 | probes=8463 wrfail=0 down=0s maxout=0s
t=131s RTT mean=11914 min=11911 max=11925 n=67 to=0 | cancels=0(+0/s) seqbad=0 len_bad=0 disc=0(0x00) | tot_n=8529 tot_to=0 maxever=49413 >2ms=8529 >5ms=8529 >15ms=245 >20ms=44 >30ms=21 | probes=8530 wrfail=0 down=0s maxout=0s
t=132s RTT mean=12260 min=11469 max=27360 n=65 to=0 | cancels=0(+0/s) seqbad=0 len_bad=0 disc=0(0x00) | tot_n=8594 tot_to=0 maxever=49413 >2ms=8594 >5ms=8594 >15ms=247 >20ms=45 >30ms=21 | probes=8595 wrfail=0 down=0s maxout=0s
t=133s RTT mean=12500 min=11912 max=26914 n=64 to=0 | cancels=0(+0/s) seqbad=0 len_bad=0 disc=0(0x00) | tot_n=8658 tot_to=0 maxever=49413 >2ms=8658 >5ms=8658 >15ms=251 >20ms=46 >30ms=21 | probes=8659 wrfail=0 down=0s maxout=0s
t=134s RTT mean=12375 min=11912 max=19414 n=65 to=0 | cancels=0(+0/s) seqbad=0 len_bad=0 disc=0(0x00) | tot_n=8723 tot_to=0 maxever=49413 >2ms=8723 >5ms=8723 >15ms=255 >20ms=46 >30ms=21 | probes=8724 wrfail=0 down=0s maxout=0s
t=135s RTT mean=12266 min=11912 max=19414 n=64 to=0 | cancels=0(+0/s) seqbad=0 len_bad=0 disc=0(0x00) | tot_n=8787 tot_to=0 maxever=49413 >2ms=8787 >5ms=8787 >15ms=258 >20ms=46 >30ms=21 | probes=8788 wrfail=0 down=0s maxout=0s
t=136s RTT mean=12491 min=11911 max=19417 n=65 to=0 | cancels=0(+0/s) seqbad=0 len_bad=0 disc=0(0x00) | tot_n=8852 tot_to=0 maxever=49413 >2ms=8852 >5ms=8852 >15ms=263 >20ms=46 >30ms=21 | probes=8853 wrfail=0 down=0s maxout=0s
t=137s RTT mean=12376 min=11911 max=19414 n=65 to=0 | cancels=0(+0/s) seqbad=0 len_bad=0 disc=0(0x00) | tot_n=8917 tot_to=0 maxever=49413 >2ms=8917 >5ms=8917 >15ms=267 >20ms=46 >30ms=21 | probes=8918 wrfail=0 down=0s maxout=0s
t=138s RTT mean=12028 min=11527 max=19413 n=66 to=0 | cancels=0(+0/s) seqbad=0 len_bad=0 disc=0(0x00) | tot_n=8983 tot_to=0 maxever=49413 >2ms=8983 >5ms=8983 >15ms=268 >20ms=46 >30ms=21 | probes=8984 wrfail=0 down=0s maxout=0s
t=139s RTT mean=11914 min=11528 max=12302 n=67 to=0 | cancels=0(+0/s) seqbad=0 len_bad=0 disc=0(0x00) | tot_n=9050 tot_to=0 maxever=49413 >2ms=9050 >5ms=9050 >15ms=268 >20ms=46 >30ms=21 | probes=9050 wrfail=0 down=0s maxout=0s
t=140s RTT mean=11914 min=11911 max=11949 n=66 to=0 | cancels=0(+0/s) seqbad=0 len_bad=0 disc=0(0x00) | tot_n=9116 tot_to=0 maxever=49413 >2ms=9116 >5ms=9116 >15ms=268 >20ms=46 >30ms=21 | probes=9117 wrfail=0 down=0s maxout=0s
t=141s RTT mean=11914 min=11911 max=11933 n=67 to=0 | cancels=0(+0/s) seqbad=0 len_bad=0 disc=0(0x00) | tot_n=9183 tot_to=0 maxever=49413 >2ms=9183 >5ms=9183 >15ms=268 >20ms=46 >30ms=21 | probes=9184 wrfail=0 down=0s maxout=0s
t=142s RTT mean=12500 min=11911 max=19414 n=64 to=0 | cancels=0(+0/s) seqbad=0 len_bad=0 disc=0(0x00) | tot_n=9247 tot_to=0 maxever=49413 >2ms=9247 >5ms=9247 >15ms=273 >20ms=46 >30ms=21 | probes=9248 wrfail=0 down=0s maxout=0s
t=143s RTT mean=12142 min=11911 max=19415 n=66 to=0 | cancels=0(+0/s) seqbad=0 len_bad=0 disc=0(0x00) | tot_n=9313 tot_to=0 maxever=49413 >2ms=9313 >5ms=9313 >15ms=275 >20ms=46 >30ms=21 | probes=9314 wrfail=0 down=0s maxout=0s
t=144s RTT mean=12747 min=11469 max=26917 n=63 to=0 | cancels=0(+0/s) seqbad=0 len_bad=0 disc=0(0x00) | tot_n=9376 tot_to=0 maxever=49413 >2ms=9376 >5ms=9376 >15ms=281 >20ms=47 >30ms=21 | probes=9377 wrfail=0 down=0s maxout=0s
t=145s RTT mean=13124 min=11468 max=41914 n=62 to=0 | cancels=0(+0/s) seqbad=0 len_bad=0 disc=0(0x00) | tot_n=9438 tot_to=0 maxever=49413 >2ms=9438 >5ms=9438 >15ms=287 >20ms=49 >30ms=22 | probes=9438 wrfail=0 down=0s maxout=0s
t=146s RTT mean=12149 min=11466 max=19415 n=64 to=0 | cancels=0(+0/s) seqbad=0 len_bad=0 disc=0(0x00) | tot_n=9502 tot_to=0 maxever=49413 >2ms=9502 >5ms=9502 >15ms=289 >20ms=49 >30ms=22 | probes=9503 wrfail=0 down=0s maxout=0s
t=147s RTT mean=12369 min=11465 max=27359 n=66 to=0 | cancels=0(+0/s) seqbad=0 len_bad=0 disc=0(0x00) | tot_n=9568 tot_to=0 maxever=49413 >2ms=9568 >5ms=9568 >15ms=291 >20ms=51 >30ms=22 | probes=9569 wrfail=0 down=0s maxout=0s
t=148s RTT mean=12028 min=11466 max=19414 n=66 to=0 | cancels=0(+0/s) seqbad=0 len_bad=0 disc=0(0x00) | tot_n=9634 tot_to=0 maxever=49413 >2ms=9634 >5ms=9634 >15ms=292 >20ms=51 >30ms=22 | probes=9635 wrfail=0 down=0s maxout=0s
t=149s RTT mean=12867 min=11469 max=41913 n=63 to=0 | cancels=0(+0/s) seqbad=0 len_bad=0 disc=0(0x00) | tot_n=9697 tot_to=0 maxever=49413 >2ms=9697 >5ms=9697 >15ms=296 >20ms=53 >30ms=23 | probes=9698 wrfail=0 down=0s maxout=0s
t=150s RTT mean=12028 min=11911 max=19413 n=66 to=0 | cancels=0(+0/s) seqbad=0 len_