*** Booting Zephyr OS build v4.4.1-4-g6a2245e1dc81 ***
[00:00:00.002,800] [0m<inf> bt_hci_core: HW Platform: Nordic Semiconductor (0x0002)[0m
[00:00:00.002,812] [0m<inf> bt_hci_core: HW Variant: nRF54Lx (0x0005)[0m
[00:00:00.002,823] [0m<inf> bt_hci_core: Firmware: Standard Bluetooth controller (0x00) Version 4.4 Build 1[0m
[00:00:00.003,150] [0m<inf> bt_hci_core: HCI transport: Controller[0m
[00:00:00.003,199] [0m<inf> bt_hci_core: Identity: FC:BE:*** Booting Zephyr OS build v4.4.1-4-g6a2245e1dc81 ***
[00:00:00.128,076] [0m<inf> bt_hci_core: HW Platform: Nordic Semiconductor (0x0002)[0m
[00:00:00.128,089] [0m<inf> bt_hci_core: HW Variant: nRF54Lx (0x0005)[0m
[00:00:00.128,100] [0m<inf> bt_hci_core: Firmware: Standard Bluetooth controller (0x00) Version 4.4 Build 1[0m
[00:00:00.128,427] [0m<inf> bt_hci_core: HCI transport: Controller[0m
[00:00:00.128,475] [0m<inf> bt_hci_core: Identity: FC:BE:FF:FA:E6:8B (random)[0m
[00:00:00.128,491] [0m<inf> bt_hci_core: HCI: version 5.4 (0x0d) revision 0x0000, manufacturer 0x05f1[0m
[00:00:00.128,506] [0m<inf> bt_hci_core: LMP: version 5.4 (0x0d) subver 0xffff[0m

=== nRF54L15 RTT ping-pong CENTRAL ===
scan rc=0
GAP connected interval=7500
MTU err=0 mtu=23
PHY tx=2 rx=2
discovery start (post-PHY +500ms) interval=7500 phy2m=1
SUBSCRIBED, vh=14
t=1s RTT mean=11780 min=9772 max=11916 n=16 to=0 | cancels=0(+0/s) seqbad=0 len_bad=0 disc=0(0x00) | tot_n=16 tot_to=0 maxever=11916 >2ms=16 >5ms=16 >15ms=0 >20ms=0 >30ms=0 | probes=17 wrfail=0 down=0s maxout=0s
t=2s RTT mean=12141 min=11470 max=19860 n=66 to=0 | cancels=0(+0/s) seqbad=0 len_bad=0 disc=0(0x00) | tot_n=82 tot_to=0 maxever=19860 >2ms=82 >5ms=82 >15ms=2 >20ms=0 >30ms=0 | probes=83 wrfail=0 down=0s maxout=0s
t=3s RTT mean=11914 min=11911 max=11923 n=67 to=0 | cancels=0(+0/s) seqbad=0 len_bad=0 disc=0(0x00) | tot_n=149 tot_to=0 maxever=19860 >2ms=149 >5ms=149 >15ms=2 >20ms=0 >30ms=0 | probes=150 wrfail=0 down=0s maxout=0s
FSU: request [150..150] us (ACL both dirs, 1M+2M) rc=0
t=4s RTT mean=12028 min=11873 max=19414 n=66 to=0 | cancels=0(+0/s) seqbad=0 len_bad=0 disc=0(0x00) | tot_n=215 tot_to=0 maxever=19860 >2ms=215 >5ms=215 >15ms=3 >20ms=0 >30ms=0 | probes=216 wrfail=0 down=0s maxout=0s
t=5s RTT mean=11915 min=11911 max=11953 n=67 to=0 | cancels=0(+0/s) seqbad=0 len_bad=0 disc=0(0x00) | tot_n=282 tot_to=0 maxever=19860 >2ms=282 >5ms=282 >15ms=3 >20ms=0 >30ms=0 | probes=282 wrfail=0 down=0s maxout=0s
t=6s RTT mean=12027 min=11435 max=19414 n=66 to=0 | cancels=0(+0/s) seqbad=0 len_bad=0 disc=0(0x00) | tot_n=348 tot_to=0 maxever=19860 >2ms=348 >5ms=348 >15ms=4 >20ms=0 >30ms=0 | probes=349 wrfail=0 down=0s maxout=0s
t=7s RTT mean=11914 min=11912 max=11934 n=66 to=0 | cancels=0(+0/s) seqbad=0 len_bad=0 disc=0(0x00) | tot_n=414 tot_to=0 maxever=19860 >2ms=414 >5ms=414 >15ms=4 >20ms=0 >30ms=0 | probes=415 wrfail=0 down=0s maxout=0s
t=8s RTT mean=11914 min=11885 max=11954 n=67 to=0 | cancels=0(+0/s) seqbad=0 len_bad=0 disc=0(0x00) | tot_n=481 tot_to=0 maxever=19860 >2ms=481 >5ms=481 >15ms=4 >20ms=0 >30ms=0 | probes=482 wrfail=0 down=0s maxout=0s
t=9s RTT mean=11914 min=11911 max=11932 n=67 to=0 | cancels=0(+0/s) seqbad=0 len_bad=0 disc=0(0x00) | tot_n=548 tot_to=0 maxever=19860 >2ms=548 >5ms=548 >15ms=4 >20ms=0 >30ms=0 | probes=549 wrfail=0 down=0s maxout=0s
t=10s RTT mean=11914 min=11911 max=11923 n=67 to=0 | cancels=0(+0/s) seqbad=0 len_bad=0 disc=0(0x00) | tot_n=615 tot_to=0 maxever=19860 >2ms=615 >5ms=615 >15ms=4 >20ms=0 >30ms=0 | probes=615 wrfail=0 down=0s maxout=0s
t=11s RTT mean=11914 min=11911 max=11934 n=66 to=0 | cancels=0(+0/s) seqbad=0 len_bad=0 disc=0(0x00) | tot_n=681 tot_to=0 maxever=19860 >2ms=681 >5ms=681 >15ms=4 >20ms=0 >30ms=0 | probes=682 wrfail=0 down=0s maxout=0s
t=12s RTT mean=11914 min=11911 max=11923 n=67 to=0 | cancels=0(+0/s) seqbad=0 len_bad=0 disc=0(0x00) | tot_n=748 tot_to=0 maxever=19860 >2ms=748 >5ms=748 >15ms=4 >20ms=0 >30ms=0 | probes=749 wrfail=0 down=0s maxout=0s
t=13s RTT mean=12141 min=11911 max=19413 n=66 to=0 | cancels=0(+0/s) seqbad=0 len_bad=0 disc=0(0x00) | tot_n=814 tot_to=0 maxever=19860 >2ms=814 >5ms=814 >15ms=6 >20ms=0 >30ms=0 | probes=814 wrfail=0 down=0s maxout=0s
t=14s RTT mean=13983 min=11469 max=26914 n=58 to=0 | cancels=0(+0/s) seqbad=0 len_bad=0 disc=0(0x00) | tot_n=872 tot_to=0 maxever=26914 >2ms=872 >5ms=872 >15ms=18 >20ms=4 >30ms=0 | probes=873 wrfail=0 down=0s maxout=0s
t=15s RTT mean=14242 min=11469 max=27360 n=58 to=0 | cancels=0(+0/s) seqbad=0 len_bad=0 disc=0(0x00) | tot_n=930 tot_to=0 maxever=27360 >2ms=930 >5ms=930 >15ms=33 >20ms=7 >30ms=0 | probes=931 wrfail=0 down=0s maxout=0s
t=16s RTT mean=12260 min=11911 max=26922 n=65 to=0 | cancels=0(+0/s) seqbad=0 len_bad=0 disc=0(0x00) | tot_n=995 tot_to=0 maxever=27360 >2ms=995 >5ms=995 >15ms=35 >20ms=8 >30ms=0 | probes=996 wrfail=0 down=0s maxout=0s
t=17s RTT mean=13539 min=11469 max=26914 n=60 to=0 | cancels=0(+0/s) seqbad=0 len_bad=0 disc=0(0x00) | tot_n=1055 tot_to=0 maxever=27360 >2ms=1055 >5ms=1055 >15ms=45 >20ms=11 >30ms=0 | probes=1056 wrfail=0 down=0s maxout=0s
t=18s RTT mean=13124 min=11471 max=19859 n=62 to=0 | cancels=0(+0/s) seqbad=0 len_bad=0 disc=0(0x00) | tot_n=1117 tot_to=0 maxever=27360 >2ms=1117 >5ms=1117 >15ms=55 >20ms=11 >30ms=0 | probes=1118 wrfail=0 down=0s maxout=0s
t=19s RTT mean=12260 min=11911 max=26913 n=65 to=0 | cancels=0(+0/s) seqbad=0 len_bad=0 disc=0(0x00) | tot_n=1182 tot_to=0 maxever=27360 >2ms=1182 >5ms=1182 >15ms=57 >20ms=12 >30ms=0 | probes=1183 wrfail=0 down=0s maxout=0s
t=20s RTT mean=11914 min=11911 max=11923 n=67 to=0 | cancels=0(+0/s) seqbad=0 len_bad=0 disc=0(0x00) | tot_n=1249 tot_to=0 maxever=27360 >2ms=1249 >5ms=1249 >15ms=57 >20ms=12 >30ms=0 | probes=1250 wrfail=0 down=0s maxout=0s
t=21s RTT mean=11914 min=11911 max=11934 n=66 to=0 | cancels=0(+0/s) seqbad=0 len_bad=0 disc=0(0x00) | tot_n=1315 tot_to=0 maxever=27360 >2ms=1315 >5ms=1315 >15ms=57 >20ms=12 >30ms=0 | probes=1316 wrfail=0 down=0s maxout=0s
t=22s RTT mean=11914 min=11469 max=12360 n=67 to=0 | cancels=0(+0/s) seqbad=0 len_bad=0 disc=0(0x00) | tot_n=1382 tot_to=0 maxever=27360 >2ms=1382 >5ms=1382 >15ms=57 >20ms=12 >30ms=0 | probes=1383 wrfail=0 down=0s maxout=0s
t=23s RTT mean=12142 min=11911 max=19414 n=66 to=0 | cancels=0(+0/s) seqbad=0 len_bad=0 disc=0(0x00) | tot_n=1448 tot_to=0 maxever=27360 >2ms=1448 >5ms=1448 >15ms=59 >20ms=12 >30ms=0 | probes=1449 wrfail=0 down=0s maxout=0s
t=24s RTT mean=12028 min=11911 max=19413 n=66 to=0 | cancels=0(+0/s) seqbad=0 len_bad=0 disc=0(0x00) | tot_n=1514 tot_to=0 maxever=27360 >2ms=1514 >5ms=1514 >15ms=60 >20ms=12 >30ms=0 | probes=1515 wrfail=0 down=0s maxout=0s
t=25s RTT mean=12028 min=11911 max=19415 n=66 to=0 | cancels=0(+0/s) seqbad=0 len_bad=0 disc=0(0x00) | tot_n=1580 tot_to=0 maxever=27360 >2ms=1580 >5ms=1580 >15ms=61 >20ms=12 >30ms=0 | probes=1581 wrfail=0 down=0s maxout=0s
t=26s RTT mean=12866 min=11911 max=26914 n=63 to=0 | cancels=0(+0/s) seqbad=0 len_bad=0 disc=0(0x00) | tot_n=1643 tot_to=0 maxever=27360 >2ms=1643 >5ms=1643 >15ms=67 >20ms=14 >30ms=0 | probes=1644 wrfail=0 down=0s maxout=0s
t=27s RTT mean=12376 min=11911 max=26913 n=65 to=0 | cancels=0(+0/s) seqbad=0 len_bad=0 disc=0(0x00) | tot_n=1708 tot_to=0 maxever=27360 >2ms=1708 >5ms=1708 >15ms=70 >20ms=15 >30ms=0 | probes=1708 wrfail=0 down=0s maxout=0s
t=28s RTT mean=11914 min=11911 max=11917 n=66 to=0 | cancels=0(+0/s) seqbad=0 len_bad=0 disc=0(0x00) | tot_n=1774 tot_to=0 maxever=27360 >2ms=1774 >5ms=1774 >15ms=70 >20ms=15 >30ms=0 | probes=1775 wrfail=0 down=0s maxout=0s
t=29s RTT mean=11914 min=11911 max=11933 n=67 to=0 | cancels=0(+0/s) seqbad=0 len_bad=0 disc=0(0x00) | tot_n=1841 tot_to=0 maxever=27360 >2ms=1841 >5ms=1841 >15ms=70 >20ms=15 >30ms=0 | probes=1842 wrfail=0 down=0s maxout=0s
t=30s RTT mean=12028 min=11911 max=19414 n=66 to=0 | cancels=0(+0/s) seqbad=0 len_bad=0 disc=0(0x00) | tot_n=1907 tot_to=0 maxever=27360 >2ms=1907 >5ms=1907 >15ms=71 >20ms=15 >30ms=0 | probes=1908 wrfail=0 down=0s maxout=0s
t=31s RTT mean=11914 min=11911 max=11925 n=67 to=0 | cancels=0(+0/s) seqbad=0 len_bad=0 disc=0(0x00) | tot_n=1974 tot_to=0 maxever=27360 >2ms=1974 >5ms=1974 >15ms=71 >20ms=15 >30ms=0 | probes=1975 wrfail=0 down=0s maxout=0s
t=32s RTT mean=11914 min=11911 max=11923 n=66 to=0 | cancels=0(+0/s) seqbad=0 len_bad=0 disc=0(0x00) | tot_n=2040 tot_to=0 maxever=27360 >2ms=2040 >5ms=2040 >15ms=71 >20ms=15 >30ms=0 | probes=2041 wrfail=0 down=0s maxout=0s
t=33s RTT mean=11914 min=11911 max=11934 n=67 to=0 | cancels=0(+0/s) seqbad=0 len_bad=0 disc=0(0x00) | tot_n=2107 tot_to=0 maxever=27360 >2ms=2107 >5ms=2107 >15ms=71 >20ms=15 >30ms=0 | probes=2108 wrfail=0 down=0s maxout=0s
t=34s RTT mean=11914 min=11911 max=11923 n=67 to=0 | cancels=0(+0/s) seqbad=0 len_bad=0 disc=0(0x00) | tot_n=2174 tot_to=0 maxever=27360 >2ms=2174 >5ms=2174 >15ms=71 >20ms=15 >30ms=0 | probes=2175 wrfail=0 down=0s maxout=0s
t=35s RTT mean=12028 min=11469 max=19413 n=66 to=0 | cancels=0(+0/s) seqbad=0 len_bad=0 disc=0(0x00) | tot_n=2240 tot_to=0 maxever=27360 >2ms=2240 >5ms=2240 >15ms=72 >20ms=15 >30ms=0 | probes=2241 wrfail=0 down=0s maxout=0s
t=36s RTT mean=11914 min=11911 max=11922 n=67 to=0 | cancels=0(+0/s) seqbad=0 len_bad=0 disc=0(0x00) | tot_n=2307 tot_to=0 maxever=27360 >2ms=2307 >5ms=2307 >15ms=72 >20ms=15 >30ms=0 | probes=2307 wrfail=0 down=0s maxout=0s
t=37s RTT mean=12028 min=11911 max=19410 n=66 to=0 | cancels=0(+0/s) seqbad=0 len_bad=0 disc=0(0x00) | tot_n=2373 tot_to=0 maxever=27360 >2ms=2373 >5ms=2373 >15ms=73 >20ms=15 >30ms=0 | probes=2374 wrfail=0 down=0s maxout=0s
t=38s RTT mean=11914 min=11911 max=11922 n=66 to=0 | cancels=0(+0/s) seqbad=0 len_bad=0 disc=0(0x00) | tot_n=2439 tot_to=0 maxever=27360 >2ms=2439 >5ms=2439 >15ms=73 >20ms=15 >30ms=0 | probes=2440 wrfail=0 down=0s maxout=0s
t=39s RTT mean=12026 min=11911 max=19414 n=67 to=0 | cancels=0(+0/s) seqbad=0 len_bad=0 disc=0(0x00) | tot_n=2506 tot_to=0 maxever=27360 >2ms=2506 >5ms=2506 >15ms=74 >20ms=15 >30ms=0 | probes=2506 wrfail=0 down=0s maxout=0s
t=40s RTT mean=11914 min=11469 max=12359 n=66 to=0 | cancels=0(+0/s) seqbad=0 len_bad=0 disc=0(0x00) | tot_n=2572 tot_to=0 maxever=27360 >2ms=2572 >5ms=2572 >15ms=74 >20ms=15 >30ms=0 | probes=2573 wrfail=0 down=0s maxout=0s
t=41s RTT mean=11914 min=11911 max=11932 n=67 to=0 | cancels=0(+0/s) seqbad=0 len_bad=0 disc=0(0x00) | tot_n=2639 tot_to=0 maxever=27360 >2ms=2639 >5ms=2639 >15ms=74 >20ms=15 >30ms=0 | probes=2640 wrfail=0 down=0s maxout=0s
t=42s RTT mean=11914 min=11911 max=11923 n=67 to=0 | cancels=0(+0/s) seqbad=0 len_bad=0 disc=0(0x00) | tot_n=2706 tot_to=0 maxever=27360 >2ms=2706 >5ms=2706 >15ms=74 >20ms=15 >30ms=0 | probes=2706 wrfail=0 down=0s maxout=0s
t=43s RTT mean=11914 min=11911 max=11934 n=66 to=0 | cancels=0(+0/s) seqbad=0 len_bad=0 disc=0(0x00) | tot_n=2772 tot_to=0 maxever=27360 >2ms=2772 >5ms=2772 >15ms=74 >20ms=15 >30ms=0 | probes=2773 wrfail=0 down=0s maxout=0s
t=44s RTT mean=11914 min=11911 max=11923 n=67 to=0 | cancels=0(+0/s) seqbad=0 len_bad=0 disc=0(0x00) | tot_n=2839 tot_to=0 maxever=27360 >2ms=2839 >5ms=2839 >15ms=74 >20ms=15 >30ms=0 | probes=2840 wrfail=0 down=0s maxout=0s
t=45s RTT mean=12028 min=11911 max=19415 n=66 to=0 | cancels=0(+0/s) seqbad=0 len_bad=0 disc=0(0x00) | tot_n=2905 tot_to=0 maxever=27360 >2ms=2905 >5ms=2905 >15ms=75 >20ms=15 >30ms=0 | probes=2906 wrfail=0 down=0s maxout=0s
t=46s RTT mean=11914 min=11470 max=12360 n=67 to=0 | cancels=0(+0/s) seqbad=0 len_bad=0 disc=0(0x00) | tot_n=2972 tot_to=0 maxever=27360 >2ms=2972 >5ms=2972 >15ms=75 >20ms=15 >30ms=0 | probes=2973 wrfail=0 down=0s maxout=0s
t=47s RTT mean=11914 min=11911 max=11925 n=67 to=0 | cancels=0(+0/s) seqbad=0 len_bad=0 disc=0(0x00) | tot_n=3039 tot_to=0 maxever=27360 >2ms=3039 >5ms=3039 >15ms=75 >20ms=15 >30ms=0 | probes=3039 wrfail=0 down=0s maxout=0s
t=48s RTT mean=11914 min=11911 max=11948 n=66 to=0 | cancels=0(+0/s) seqbad=0 len_bad=0 disc=0(0x00) | tot_n=3105 tot_to=0 maxever=27360 >2ms=3105 >5ms=3105 >15ms=75 >20ms=15 >30ms=0 | probes=3106 wrfail=0 down=0s maxout=0s
t=49s RTT mean=12142 min=11911 max=19414 n=66 to=0 | cancels=0(+0/s) seqbad=0 len_bad=0 disc=0(0x00) | tot_n=3171 tot_to=0 maxever=27360 >2ms=3171 >5ms=3171 >15ms=77 >20ms=15 >30ms=0 | probes=3172 wrfail=0 down=0s maxout=0s
t=50s RTT mean=11914 min=11911 max=11923 n=67 to=0 | cancels=0(+0/s) seqbad=0 len_bad=0 disc=0(0x00) | tot_n=3238 tot_to=0 maxever=27360 >2ms=3238 >5ms=3238 >15ms=77 >20ms=15 >30ms=0 | probes=3238 wrfail=0 down=0s maxout=0s
t=51s RTT mean=11915 min=11911 max=11952 n=66 to=0 | cancels=0(+0/s) seqbad=0 len_bad=0 disc=0(0x00) | tot_n=3304 tot_to=0 maxever=27360 >2ms=3304 >5ms=3304 >15ms=77 >20ms=15 >30ms=0 | probes=3305 wrfail=0 down=0s maxout=0s
t=52s RTT mean=11914 min=11911 max=11924 n=67 to=0 | cancels=0(+0/s) seqbad=0 len_bad=0 disc=0(0x00) | tot_n=3371 tot_to=0 maxever=27360 >2ms=3371 >5ms=3371 >15ms=77 >20ms=15 >30ms=0 | probes=3372 wrfail=0 down=0s maxout=0s
t=53s RTT mean=11914 min=11912 max=11925 n=67 to=0 | cancels=0(+0/s) seqbad=0 len_bad=0 disc=0(0x00) | tot_n=3438 tot_to=0 maxever=27360 >2ms=3438 >5ms=3438 >15ms=77 >20ms=15 >30ms=0 | probes=3438 wrfail=0 down=0s maxout=0s
t=54s RTT mean=12028 min=11910 max=19414 n=66 to=0 | cancels=0(+0/s) seqbad=0 len_bad=0 disc=0(0x00) | tot_n=3504 tot_to=0 maxever=27360 >2ms=3504 >5ms=3504 >15ms=78 >20ms=15 >30ms=0 | probes=3505 wrfail=0 down=0s maxout=0s
t=55s RTT mean=11914 min=11911 max=11933 n=66 to=0 | cancels=0(+0/s) seqbad=0 len_bad=0 disc=0(0x00) | tot_n=3570 tot_to=0 maxever=27360 >2ms=3570 >5ms=3570 >15ms=78 >20ms=15 >30ms=0 | probes=3571 wrfail=0 down=0s maxout=0s
t=56s RTT mean=12141 min=11911 max=19414 n=66 to=0 | cancels=0(+0/s) seqbad=0 len_bad=0 disc=0(0x00) | tot_n=3636 tot_to=0 maxever=27360 >2ms=3636 >5ms=3636 >15ms=80 >20ms=15 >30ms=0 | probes=3637 wrfail=0 down=0s maxout=0s
t=57s RTT mean=11914 min=11911 max=11931 n=67 to=0 | cancels=0(+0/s) seqbad=0 len_bad=0 disc=0(0x00) | tot_n=3703 tot_to=0 maxever=27360 >2ms=3703 >5ms=3703 >15ms=80 >20ms=15 >30ms=0 | probes=3704 wrfail=0 down=0s maxout=0s
t=58s RTT mean=12028 min=11469 max=19415 n=66 to=0 | cancels=0(+0/s) seqbad=0 len_bad=0 disc=0(0x00) | tot_n=3769 tot_to=0 maxever=27360 >2ms=3769 >5ms=3769 >15ms=81 >20ms=15 >30ms=0 | probes=3770 wrfail=0 down=0s maxout=0s
t=59s RTT mean=11914 min=11911 max=11925 n=67 to=0 | cancels=0(+0/s) seqbad=0 len_bad=0 disc=0(0x00) | tot_n=3836 tot_to=0 maxever=27360 >2ms=3836 >5ms=3836 >15ms=81 >20ms=15 >30ms=0 | probes=3836 wrfail=0 down=0s maxout=0s
t=60s RTT mean=12028 min=11911 max=19413 n=66 to=0 | cancels=0(+0/s) seqbad=0 len_bad=0 disc=0(0x00) | tot_n=3902 tot_to=0 maxever=27360 >2ms=3902 >5ms=3902 >15ms=82 >20ms=15 >30ms=0 | probes=3903 wrfail=0 down=0s maxout=0s
t=61s RTT mean=11914 min=11911 max=11934 n=67 to=0 | cancels=0(+0/s) seqbad=0 len_bad=0 disc=0(0x00) | tot_n=3969 tot_to=0 maxever=27360 >2ms=3969 >5ms=3969 >15ms=82 >20ms=15 >30ms=0 | probes=3969 wrfail=0 down=0s maxout=0s
t=62s RTT mean=11914 min=11911 max=11948 n=66 to=0 | cancels=0(+0/s) seqbad=0 len_bad=0 disc=0(0x00) | tot_n=4035 tot_to=0 maxever=27360 >2ms=4035 >5ms=4035 >15ms=82 >20ms=15 >30ms=0 | probes=4036 wrfail=0 down=0s maxout=0s
t=63s RTT mean=12028 min=11911 max=19424 n=66 to=0 | cancels=0(+0/s) seqbad=0 len_bad=0 disc=0(0x00) | tot_n=4101 tot_to=0 maxever=27360 >2ms=4101 >5ms=4101 >15ms=83 >20ms=15 >30ms=0 | probes=4102 wrfail=0 down=0s maxout=0s
t=64s RTT mean=11914 min=11911 max=11923 n=67 to=0 | cancels=0(+0/s) seqbad=0 len_bad=0 disc=0(0x00) | tot_n=4168 tot_to=0 maxever=27360 >2ms=4168 >5ms=4168 >15ms=83 >20ms=15 >30ms=0 | probes=4169 wrfail=0 down=0s maxout=0s
t=65s RTT mean=11914 min=11912 max=11925 n=67 to=0 | cancels=0(+0/s) seqbad=0 len_bad=0 disc=0(0x00) | tot_n=4235 tot_to=0 maxever=27360 >2ms=4235 >5ms=4235 >15ms=83 >20ms=15 >30ms=0 | probes=4236 wrfail=0 down=0s maxout=0s
t=66s RTT mean=11914 min=11911 max=11923 n=66 to=0 | cancels=0(+0/s) seqbad=0 len_bad=0 disc=0(0x00) | tot_n=4301 tot_to=0 maxever=27360 >2ms=4301 >5ms=4301 >15ms=83 >20ms=15 >30ms=0 | probes=4302 wrfail=0 down=0s maxout=0s
t=67s RTT mean=12026 min=11912 max=19413 n=67 to=0 | cancels=0(+0/s) seqbad=0 len_bad=0 disc=0(0x00) | tot_n=4368 tot_to=0 maxever=27360 >2ms=4368 >5ms=4368 >15ms=84 >20ms=15 >30ms=0 | probes=4368 wrfail=0 down=0s maxout=0s
t=68s RTT mean=11914 min=11912 max=11948 n=66 to=0 | cancels=0(+0/s) seqbad=0 len_bad=0 disc=0(0x00) | tot_n=4434 tot_to=0 maxever=27360 >2ms=4434 >5ms=4434 >15ms=84 >20ms=15 >30ms=0 | probes=4435 wrfail=0 down=0s maxout=0s
t=69s RTT mean=11914 min=11911 max=11931 n=67 to=0 | cancels=0(+0/s) seqbad=0 len_bad=0 disc=0(0x00) | tot_n=4501 tot_to=0 maxever=27360 >2ms=4501 >5ms=4501 >15ms=84 >20ms=15 >30ms=0 | probes=4502 wrfail=0 down=0s maxout=0s
t=70s RTT mean=11914 min=11911 max=11922 n=67 to=0 | cancels=0(+0/s) seqbad=0 len_bad=0 disc=0(0x00) | tot_n=4568 tot_to=0 maxever=27360 >2ms=4568 >5ms=4568 >15ms=84 >20ms=15 >30ms=0 | probes=4568 wrfail=0 down=0s maxout=0s
t=71s RTT mean=11915 min=11911 max=11953 n=66 to=0 | cancels=0(+0/s) seqbad=0 len_bad=0 disc=0(0x00) | tot_n=4634 tot_to=0 maxever=27360 >2ms=4634 >5ms=4634 >15ms=84 >20ms=15 >30ms=0 | probes=4635 wrfail=0 down=0s maxout=0s
t=72s RTT mean=11914 min=11911 max=11923 n=67 to=0 | cancels=0(+0/s) seqbad=0 len_bad=0 disc=0(0x00) | tot_n=4701 tot_to=0 maxever=27360 >2ms=4701 >5ms=4701 >15ms=84 >20ms=15 >30ms=0 | probes=4702 wrfail=0 down=0s maxout=0s
t=73s RTT mean=11914 min=11911 max=11926 n=67 to=0 | cancels=0(+0/s) seqbad=0 len_bad=0 disc=0(0x00) | tot_n=4768 tot_to=0 maxever=27360 >2ms=4768 >5ms=4768 >15ms=84 >20ms=15 >30ms=0 | probes=4768 wrfail=0 down=0s maxout=0s
t=74s RTT mean=11914 min=11911 max=11948 n=66 to=0 | cancels=0(+0/s) seqbad=0 len_bad=0 disc=0(0x00) | tot_n=4834 tot_to=0 maxever=27360 >2ms=4834 >5ms=4834 >15ms=84 >20ms=15 >30ms=0 | probes=4835 wrfail=0 down=0s maxout=0s
t=75s RTT mean=11914 min=11911 max=11932 n=67 to=0 | cancels=0(+0/s) seqbad=0 len_bad=0 disc=0(0x00) | tot_n=4901 tot_to=0 maxever=27360 >2ms=4901 >5ms=4901 >15ms=84 >20ms=15 >30ms=0 | probes=4902 wrfail=0 down=0s maxout=0s
t=76s RTT mean=11914 min=11911 max=11923 n=67 to=0 | cancels=0(+0/s) seqbad=0 len_bad=0 disc=0(0x00) | tot_n=4968 tot_to=0 maxever=27360 >2ms=4968 >5ms=4968 >15ms=84 >20ms=15 >30ms=0 | probes=4968 wrfail=0 down=0s maxout=0s
t=77s RTT mean=12384 min=11911 max=19414 n=64 to=0 | cancels=0(+0/s) seqbad=0 len_bad=0 disc=0(0x00) | tot_n=5032 tot_to=0 maxever=27360 >2ms=5032 >5ms=5032 >15ms=88 >20ms=15 >30ms=0 | probes=5033 wrfail=0 down=0s maxout=0s
t=78s RTT mean=12026 min=11911 max=19413 n=67 to=0 | cancels=0(+0/s) seqbad=0 len_bad=0 disc=0(0x00) | tot_n=5099 tot_to=0 maxever=27360 >2ms=5099 >5ms=5099 >15ms=89 >20ms=15 >30ms=0 | probes=5099 wrfail=0 down=0s maxout=0s
t=79s RTT mean=12145 min=11911 max=19414 n=65 to=0 | cancels=0(+0/s) seqbad=0 len_bad=0 disc=0(0x00) | tot_n=5164 tot_to=0 maxever=27360 >2ms=5164 >5ms=5164 >15ms=91 >20ms=15 >30ms=0 | probes=5165 wrfail=0 down=0s maxout=0s
t=80s RTT mean=11914 min=11912 max=11923 n=67 to=0 | cancels=0(+0/s) seqbad=0 len_bad=0 disc=0(0x00) | tot_n=5231 tot_to=0 maxever=27360 >2ms=5231 >5ms=5231 >15ms=91 >20ms=15 >30ms=0 | probes=5232 wrfail=0 down=0s maxout=0s
t=81s RTT mean=11914 min=11911 max=11926 n=67 to=0 | cancels=0(+0/s) seqbad=0 len_bad=0 disc=0(0x00) | tot_n=5298 tot_to=0 maxever=27360 >2ms=5298 >5ms=5298 >15ms=91 >20ms=15 >30ms=0 | probes=5298 wrfail=0 down=0s maxout=0s
t=82s RTT mean=11914 min=11911 max=11917 n=66 to=0 | cancels=0(+0/s) seqbad=0 len_bad=0 disc=0(0x00) | tot_n=5364 tot_to=0 maxever=27360 >2ms=5364 >5ms=5364 >15ms=91 >20ms=15 >30ms=0 | probes=5365 wrfail=0 down=0s maxout=0s
t=83s RTT mean=11914 min=11911 max=11932 n=67 to=0 | cancels=0(+0/s) seqbad=0 len_bad=0 disc=0(0x00) | tot_n=5431 tot_to=0 maxever=27360 >2ms=5431 >5ms=5431 >15ms=91 >20ms=15 >30ms=0 | probes=5432 wrfail=0 down=0s maxout=0s
t=84s RTT mean=12141 min=11912 max=19414 n=66 to=0 | cancels=0(+0/s) seqbad=0 len_bad=0 disc=0(0x00) | tot_n=5497 tot_to=0 maxever=27360 >2ms=5497 >5ms=5497 >15ms=93 >20ms=15 >30ms=0 | probes=5497 wrfail=0 down=0s maxout=0s
t=85s RTT mean=12145 min=11911 max=19413 n=65 to=0 | cancels=0(+0/s) seqbad=0 len_bad=0 disc=0(0x00) | tot_n=5562 tot_to=0 maxever=27360 >2ms=5562 >5ms=5562 >15ms=95 >20ms=15 >30ms=0 | probes=5563 wrfail=0 down=0s maxout=0s
t=86s RTT mean=12260 min=11469 max=19414 n=65 to=0 | cancels=0(+0/s) seqbad=0 len_bad=0 disc=0(0x00) | tot_n=5627 tot_to=0 maxever=27360 >2ms=5627 >5ms=5627 >15ms=98 >20ms=15 >30ms=0 | probes=5628 wrfail=0 down=0s maxout=0s
t=87s RTT mean=12142 min=11469 max=19414 n=66 to=0 | cancels=0(+0/s) seqbad=0 len_bad=0 disc=0(0x00) | tot_n=5693 tot_to=0 maxever=27360 >2ms=5693 >5ms=5693 >15ms=100 >20ms=15 >30ms=0 | probes=5694 wrfail=0 down=0s maxout=0s
t=88s RTT mean=12028 min=11469 max=19413 n=66 to=0 | cancels=0(+0/s) seqbad=0 len_bad=0 disc=0(0x00) | tot_n=5759 tot_to=0 maxever=27360 >2ms=5759 >5ms=5759 >15ms=101 >20ms=15 >30ms=0 | probes=5760 wrfail=0 down=0s maxout=0s
t=89s RTT mean=11914 min=11466 max=12362 n=67 to=0 | cancels=0(+0/s) seqbad=0 len_bad=0 disc=0(0x00) | tot_n=5826 tot_to=0 maxever=27360 >2ms=5826 >5ms=5826 >15ms=101 >20ms=15 >30ms=0 | probes=5827 wrfail=0 down=0s maxout=0s
t=90s RTT mean=11914 min=11466 max=12362 n=67 to=0 | cancels=0(+0/s) seqbad=0 len_bad=0 disc=0(0x00) | tot_n=5893 tot_to=0 maxever=27360 >2ms=5893 >5ms=5893 >15ms=101 >20ms=15 >30ms=0 | probes=5893 wrfail=0 down=0s maxout=0s
t=91s RTT mean=11914 min=11467 max=12363 n=66 to=0 | cancels=0(+0/s) seqbad=0 len_bad=0 disc=0(0x00) | tot_n=5959 tot_to=0 maxever=27360 >2ms=5959 >5ms=5959 >15ms=101 >20ms=15 >30ms=0 | probes=5960 wrfail=0 down=0s maxout=0s
t=92s RTT mean=11914 min=11911 max=11923 n=67 to=0 | cancels=0(+0/s) seqbad=0 len_bad=0 disc=0(0x00) | tot_n=6026 tot_to=0 maxever=27360 >2ms=6026 >5ms=6026 >15ms=101 >20ms=15 >30ms=0 | probes=6027 wrfail=0 down=0s maxout=0s
t=93s RTT mean=12141 min=11911 max=19414 n=66 to=0 | cancels=0(+0/s) seqbad=0 len_bad=0 disc=0(0x00) | tot_n=6092 tot_to=0 maxever=27360 >2ms=6092 >5ms=6092 >15ms=103 >20ms=15 >30ms=0 | probes=6092 wrfail=0 down=0s maxout=0s
t=94s RTT mean=11914 min=11911 max=11917 n=66 to=0 | cancels=0(+0/s) seqbad=0 len_bad=0 disc=0(0x00) | tot_n=6158 tot_to=0 maxever=27360 >2ms=6158 >5ms=6158 >15ms=103 >20ms=15 >30ms=0 | probes=6159 wrfail=0 down=0s maxout=0s
t=95s RTT mean=11914 min=11912 max=11932 n=67 to=0 | cancels=0(+0/s) seqbad=0 len_bad=0 disc=0(0x00) | tot_n=6225 tot_to=0 maxever=27360 >2ms=6225 >5ms=6225 >15ms=103 >20ms=15 >30ms=0 | probes=6226 wrfail=0 down=0s maxout=0s
t=96s RTT mean=11914 min=11911 max=11922 n=67 to=0 | cancels=0(+0/s) seqbad=0 len_bad=0 disc=0(0x00) | tot_n=6292 tot_to=0 maxever=27360 >2ms=6292 >5ms=6292 >15ms=103 >20ms=15 >30ms=0 | probes=6292 wrfail=0 down=0s maxout=0s
t=97s RTT mean=12144 min=11858 max=19415 n=65 to=0 | cancels=0(+0/s) seqbad=0 len_bad=0 disc=0(0x00) | tot_n=6357 tot_to=0 maxever=27360 >2ms=6357 >5ms=6357 >15ms=105 >20ms=15 >30ms=0 | probes=6358 wrfail=0 down=0s maxout=0s
t=98s RTT mean=11914 min=11911 max=11923 n=67 to=0 | cancels=0(+0/s) seqbad=0 len_bad=0 disc=0(0x00) | tot_n=6424 tot_to=0 maxever=27360 >2ms=6424 >5ms=6424 >15ms=105 >20ms=15 >30ms=0 | probes=6425 wrfail=0 down=0s maxout=0s
t=99s RTT mean=11914 min=11911 max=11926 n=67 to=0 | cancels=0(+0/s) seqbad=0 len_bad=0 disc=0(0x00) | tot_n=6491 tot_to=0 maxever=27360 >2ms=6491 >5ms=6491 >15ms=105 >20ms=15 >30ms=0 | probes=6492 wrfail=0 down=0s maxout=0s
t=100s RTT mean=12028 min=11911 max=19414 n=66 to=0 | cancels=0(+0/s) seqbad=0 len_bad=0 disc=0(0x00) | tot_n=6557 tot_to=0 maxever=27360 >2ms=6557 >5ms=6557 >15ms=106 >20ms=15 >30ms=0 | probes=6558 wrfail=0 down=0s maxout=0s
t=101s RTT mean=11914 min=11469 max=12360 n=67 to=0 | cancels=0(+0/s) seqbad=0 len_bad=0 disc=0(0x00) | tot_n=6624 tot_to=0 maxever=27360 >2ms=6624 >5ms=6624 >15ms=106 >20ms=15 >30ms=0 | probes=6624 wrfail=0 down=0s maxout=0s
t=102s RTT mean=11914 min=11911 max=11916 n=66 to=0 | cancels=0(+0/s) seqbad=0 len_bad=0 disc=0(0x00) | tot_n=6690 tot_to=0 maxever=27360 >2ms=6690 >5ms=6690 >15ms=106 >20ms=15 >30ms=0 | probes=6691 wrfail=0 down=0s maxout=0s
t=103s RTT mean=11914 min=11911 max=11932 n=67 to=0 | cancels=0(+0/s) seqbad=0 len_bad=0 disc=0(0x00) | tot_n=6757 tot_to=0 maxever=27360 >2ms=6757 >5ms=6757 >15ms=106 >20ms=15 >30ms=0 | probes=6758 wrfail=0 down=0s maxout=0s
t=104s RTT mean=11914 min=11911 max=11923 n=67 to=0 | cancels=0(+0/s) seqbad=0 len_bad=0 disc=0(0x00) | tot_n=6824 tot_to=0 maxever=27360 >2ms=6824 >5ms=6824 >15ms=106 >20ms=15 >30ms=0 | probes=6824 wrfail=0 down=0s maxout=0s
t=105s RTT mean=11914 min=11911 max=11933 n=66 to=0 | cancels=0(+0/s) seqbad=0 len_bad=0 disc=0(0x00) | tot_n=6890 tot_to=0 maxever=27360 >2ms=6890 >5ms=6890 >15ms=106 >20ms=15 >30ms=0 | probes=6891 wrfail=0 down=0s maxout=0s
t=106s RTT mean=11914 min=11911 max=11923 n=67 to=0 | cancels=0(+0/s) seqbad=0 len_bad=0 disc=0(0x00) | tot_n=6957 tot_to=0 maxever=27360 >2ms=6957 >5ms=6957 >15ms=106 >20ms=15 >30ms=0 | probes=6958 wrfail=0 down=0s maxout=0s
t=107s RTT mean=11914 min=11911 max=11926 n=67 to=0 | cancels=0(+0/s) seqbad=0 len_bad=0 disc=0(0x00) | tot_n=7024 tot_to=0 maxever=27360 >2ms=7024 >5ms=7024 >15ms=106 >20ms=15 >30ms=0 | probes=7024 wrfail=0 down=0s maxout=0s
t=108s RTT mean=11914 min=11911 max=11918 n=66 to=0 | cancels=0(+0/s) seqbad=0 len_bad=0 disc=0(0x00) | tot_n=7090 tot_to=0 maxever=27360 >2ms=7090 >5ms=7090 >15ms=106 >20ms=15 >30ms=0 | probes=7091 wrfail=0 down=0s maxout=0s
t=109s RTT mean=11914 min=11469 max=12359 n=67 to=0 | cancels=0(+0/s) seqbad=0 len_bad=0 disc=0(0x00) | tot_n=7157 tot_to=0 maxever=27360 >2ms=7157 >5ms=7157 >15ms=106 >20ms=15 >30ms=0 | probes=7158 wrfail=0 down=0s maxout=0s
t=110s RTT mean=11914 min=11910 max=11923 n=67 to=0 | cancels=0(+0/s) seqbad=0 len_bad=0 disc=0(0x00) | tot_n=7224 tot_to=0 maxever=27360 >2ms=7224 >5ms=7224 >15ms=106 >20ms=15 >30ms=0 | probes=7224 wrfail=0 down=0s maxout=0s
t=111s RTT mean=11914 min=11911 max=11933 n=66 to=0 | cancels=0(+0/s) seqbad=0 len_bad=0 disc=0(0x00) | tot_n=7290 tot_to=0 maxever=27360 >2ms=7290 >5ms=7290 >15ms=106 >20ms=15 >30ms=0 | probes=7291 wrfail=0 down=0s maxout=0s
t=112s RTT mean=11914 min=11911 max=11922 n=67 to=0 | cancels=0(+0/s) seqbad=0 len_bad=0 disc=0(0x00) | tot_n=7357 tot_to=0 maxever=27360 >2ms=7357 >5ms=7357 >15ms=106 >20ms=15 >30ms=0 | probes=7358 wrfail=0 down=0s maxout=0s
t=113s RTT mean=11914 min=11911 max=11926 n=67 to=0 | cancels=0(+0/s) seqbad=0 len_bad=0 disc=0(0x00) | tot_n=7424 tot_to=0 maxever=27360 >2ms=7424 >5ms=7424 >15ms=106 >20ms=15 >30ms=0 | probes=7424 wrfail=0 down=0s maxout=0s
t=114s RTT mean=11912 min=11812 max=11916 n=66 to=0 | cancels=0(+0/s) seqbad=0 len_bad=0 disc=0(0x00) | tot_n=7490 tot_to=0 maxever=27360 >2ms=7490 >5ms=7490 >15ms=106 >20ms=15 >30ms=0 | probes=7491 wrfail=0 down=0s maxout=0s
t=115s RTT mean=12026 min=11911 max=19414 n=67 to=0 | cancels=0(+0/s) seqbad=0 len_bad=0 disc=0(0x00) | tot_n=7557 tot_to=0 maxever=27360 >2ms=7557 >5ms=7557 >15ms=107 >20ms=15 >30ms=0 | probes=7557 wrfail=0 down=0s maxout=0s
t=116s RTT mean=11914 min=11911 max=11916 n=66 to=0 | cancels=0(+0/s) seqbad=0 len_bad=0 disc=0(0x00) | tot_n=7623 tot_to=0 maxever=27360 >2ms=7623 >5ms=7623 >15ms=107 >20ms=15 >30ms=0 | probes=7624 wrfail=0 down=0s maxout=0s
t=117s RTT mean=11914 min=11911 max=11933 n=67 to=0 | cancels=0(+0/s) seqbad=0 len_bad=0 disc=0(0x00) | tot_n=7690 tot_to=0 maxever=27360 >2ms=7690 >5ms=7690 >15ms=107 >20ms=15 >30ms=0 | probes=7691 wrfail=0 down=0s maxout=0s
t=118s RTT mean=11914 min=11911 max=11923 n=67 to=0 | cancels=0(+0/s) seqbad=0 len_bad=0 disc=0(0x00) | tot_n=7757 tot_to=0 maxever=27360 >2ms=7757 >5ms=7757 >15ms=107 >20ms=15 >30ms=0 | probes=7757 wrfail=0 down=0s maxout=0s
t=119s RTT mean=11914 min=11911 max=11933 n=66 to=0 | cancels=0(+0/s) seqbad=0 len_bad=0 disc=0(0x00) | tot_n=7823 tot_to=0 maxever=27360 >2ms=7823 >5ms=7823 >15ms=107 >20ms=15 >30ms=0 | probes=7824 wrfail=0 down=0s maxout=0s
t=120s RTT mean=11914 min=11911 max=11923 n=67 to=0 | cancels=0(+0/s) seqbad=0 len_bad=0 disc=0(0x00) | tot_n=7890 tot_to=0 maxever=27360 >2ms=7890 >5ms=7890 >15ms=107 >20ms=15 >30ms=0 | probes=7891 wrfail=0 down=0s maxout=0s
t=121s RTT mean=11914 min=11911 max=11925 n=67 to=0 | cancels=0(+0/s) seqbad=0 len_bad=0 disc=0(0x00) | tot_n=7957 tot_to=0 maxever=27360 >2ms=7957 >5ms=7957 >15ms=107 >20ms=15 >30ms=0 | probes=7957 wrfail=0 down=0s maxout=0s
t=122s RTT mean=11914 min=11911 max=11916 n=66 to=0 | cancels=0(+0/s) seqbad=0 len_bad=0 disc=0(0x00) | tot_n=8023 tot_to=0 maxever=27360 >2ms=8023 >5ms=8023 >15ms=107 >20ms=15 >30ms=0 | probes=8024 wrfail=0 down=0s maxout=0s
t=123s RTT mean=11914 min=11911 max=11933 n=67 to=0 | cancels=0(+0/s) seqbad=0 len_bad=0 disc=0(0x00) | tot_n=8090 tot_to=0 maxever=27360 >2ms=8090 >5ms=8090 >15ms=107 >20ms=15 >30ms=0 | probes=8091 wrfail=0 down=0s maxout=0s
t=124s RTT mean=11914 min=11911 max=11924 n=67 to=0 | cancels=0(+0/s) seqbad=0 len_bad=0 disc=0(0x00) | tot_n=8157 tot_to=0 maxever=27360 >2ms=8157 >5ms=8157 >15ms=107 >20ms=15 >30ms=0 | probes=8157 wrfail=0 down=0s maxout=0s
t=125s RTT mean=11914 min=11911 max=11933 n=66 to=0 | cancels=0(+0/s) seqbad=0 len_bad=0 disc=0(0x00) | tot_n=8223 tot_to=0 maxever=27360 >2ms=8223 >5ms=8223 >15ms=107 >20ms=15 >30ms=0 | probes=8224 wrfail=0 down=0s maxout=0s
t=126s RTT mean=11914 min=11912 max=11923 n=67 to=0 | cancels=0(+0/s) seqbad=0 len_bad=0 disc=0(0x00) | tot_n=8290 tot_to=0 maxever=27360 >2ms=8290 >5ms=8290 >15ms=107 >20ms=15 >30ms=0 | probes=8291 wrfail=0 down=0s maxout=0s
t=127s RTT mean=11914 min=11911 max=11926 n=67 to=0 | cancels=0(+0/s) seqbad=0 len_bad=0 disc=0(0x00) | tot_n=8357 tot_to=0 maxever=27360 >2ms=8357 >5ms=8357 >15ms=107 >20ms=15 >30ms=0 | probes=8357 wrfail=0 down=0s maxout=0s
t=128s RTT mean=11914 min=11911 max=11917 n=66 to=0 | cancels=0(+0/s) seqbad=0 len_bad=0 disc=0(0x00) | tot_n=8423 tot_to=0 maxever=27360 >2ms=8423 >5ms=8423 >15ms=107 >20ms=15 >30ms=0 | probes=8424 wrfail=0 down=0s maxout=0s
t=129s RTT mean=11914 min=11911 max=11933 n=67 to=0 | cancels=0(+0/s) seqbad=0 len_bad=0 disc=0(0x00) | tot_n=8490 tot_to=0 maxever=27360 >2ms=8490 >5ms=8490 >15ms=107 >20ms=15 >30ms=0 | probes=8491 wrfail=0 down=0s maxout=0s
t=130s RTT mean=11914 min=11911 max=11924 n=67 to=0 | cancels=0(+0/s) seqbad=0 len_bad=0 disc=0(0x00) | tot_n=8557 tot_to=0 maxever=27360 >2ms=8557 >5ms=8557 >15ms=107 >20ms=15 >30ms=0 | probes=8557 wrfail=0 down=0s maxout=0s
t=131s RTT mean=11913 min=11826 max=11933 n=66 to=0 | cancels=0(+0/s) seqbad=0 len_bad=0 disc=0(0x00) | tot_n=8623 tot_to=0 maxever=27360 >2ms=8623 >5ms=8623 >15ms=107 >20ms=15 >30ms=0 | probes=8624 wrfail=0 down=0s maxout=0s
t=132s RTT mean=11914 min=11911 max=11923 n=67 to=0 | cancels=0(+0/s) seqbad=0 len_bad=0 disc=0(0x00) | tot_n=8690 tot_to=0 maxever=27360 >2ms=8690 >5ms=8690 >15ms=107 >20ms=15 >30ms=0 | probes=8691 wrfail=0 down=0s maxout=0s
t=133s RTT mean=11914 min=11911 max=11932 n=67 to=0 | cancels=0(+0/s) seqbad=0 len_bad=0 disc=0(0x00) | tot_n=8757 tot_to=0 maxever=27360 >2ms=8757 >5ms=8757 >15ms=107 >20ms=15 >30ms=0 | probes=8758 wrfail=0 down=0s maxout=0s
t=134s RTT mean=11914 min=11911 max=11923 n=66 to=0 | cancels=0(+0/s) seqbad=0 len_bad=0 disc=0(0x00) | tot_n=8823 tot_to=0 maxever=27360 >2ms=8823 >5ms=8823 >15ms=107 >20ms=15 >30ms=0 | probes=8824 wrfail=0 down=0s maxout=0s
t=135s RTT mean=11914 min=11911 max=11934 n=67 to=0 | cancels=0(+0/s) seqbad=0 len_bad=0 disc=0(0x00) | tot_n=8890 tot_to=0 maxever=27360 >2ms=8890 >5ms=8890 >15ms=107 >20ms=15 >30ms=0 | probes=8891 wrfail=0 down=0s maxout=0s
t=136s RTT mean=11914 min=11911 max=11923 n=67 to=0 | cancels=0(+0/s) seqbad=0 len_bad=0 disc=0(0x00) | tot_n=8957 tot_to=0 maxever=27360 >2ms=8957 >5ms=8957 >15ms=107 >20ms=15 >30ms=0 | probes=8958 wrfail=0 down=0s maxout=0s
t=137s RTT mean=11914 min=11911 max=11933 n=66 to=0 | cancels=0(+0/s) seqbad=0 len_bad=0 disc=0(0x00) | tot_n=9023 tot_to=0 maxever=27360 >2ms=9023 >5ms=9023 >15ms=107 >20ms=15 >30ms=0 | probes=9024 wrfail=0 down=0s maxout=0s
t=138s RTT mean=11914 min=11911 max=11923 n=67 to=0 | cancels=0(+0/s) seqbad=0 len_bad=0 disc=0(0x00) | tot_n=9090 tot_to=0 maxever=27360 >2ms=9090 >5ms=9090 >15ms=107 >20ms=15 >30ms=0 | probes=9091 wrfail=0 down=0s maxout=0s
t=139s RTT mean=11914 min=11911 max=11933 n=67 to=0 | cancels=0(+0/s) seqbad=0 len_bad=0 disc=0(0x00) | tot_n=9157 tot_to=0 maxever=27360 >2ms=9157 >5ms=9157 >15ms=107 >20ms=15 >30ms=0 | probes=9158 wrfail=0 down=0s maxout=0s
t=140s RTT mean=11914 min=11911 max=11923 n=66 to=0 | cancels=0(+0/s) seqbad=0 len_bad=0 disc=0(0x00) | tot_n=9223 tot_to=0 maxever=27360 >2ms=9223 >5ms=9223 >15ms=107 >20ms=15 >30ms=0 | probes=9224 wrfail=0 down=0s maxout=0s
t=141s RTT mean=11914 min=11911 max=11933 n=67 to=0 | cancels=0(+0/s) seqbad=0 len_bad=0 disc=0(0x00) | tot_n=9290 tot_to=0 maxever=27360 >2ms=9290 >5ms=9290 >15ms=107 >20ms=15 >30ms=0 | probes=9291 wrfail=0 down=0s maxout=0s
t=142s RTT mean=11914 min=11911 max=11923 n=67 to=0 | cancels=0(+0/s) seqbad=0 len_bad=0 disc=0(0x00) | tot_n=9357 tot_to=0 maxever=27360 >2ms=9357 >5ms=9357 >15ms=107 >20ms=15 >30ms=0 | probes=9358 wrfail=0 down=0s maxout=0s
t=143s RTT mean=12028 min=11911 max=19413 n=66 to=0 | cancels=0(+0/s) seqbad=0 len_bad=0 disc=0(0x00) | tot_n=9423 tot_to=0 maxever=27360 >2ms=9423 >5ms=9423 >15ms=108 >20ms=15 >30ms=0 | probes=9424 wrfail=0 down=0s maxout=0s
t=144s RTT mean=12141 min=11911 max=19415 n=66 to=0 | cancels=0(+0/s) seqbad=0 len_bad=0 disc=0(0x00) | tot_n=9489 tot_to=0 maxever=27360 >2ms=9489 >5ms=9489 >15ms=110 >20ms=15 >30ms=0 | probes=9489 wrfail=0 down=0s maxout=0s
t=145s RTT mean=12028 min=11911 max=19413 n=66 to=0 | cancels=0(+0/s) seqbad=0 len_bad=0 disc=0(0x00) | tot_n=9555 tot_to=0 maxever=27360 >2ms=9555 >5ms=9555 >15ms=111 >20ms=15 >30ms=0 | probes=9556 wrfail=0 down=0s maxout=0s
t=146s RTT mean=11914 min=11911 max=11924 n=67 to=0 | cancels=0(+0/s) seqbad=0 len_bad=0 disc=0(0x00) | tot_n=9622 tot_to=0 maxever=27360 >2ms=9622 >5ms=9622 >15ms=111 >20ms=15 >30ms=0 | probes=9622 wrfail=0 down=0s maxout=0s
t=147s RTT mean=11914 min=11911 max=11934 n=66 to=0 | cancels=0(+0/s) seqbad=0 len_bad=0 disc=0(0x00) | tot_n=9688 tot_to=0 maxever=27360 >2ms=9688 >5ms=9688 >15ms=111 >20ms=15 >30ms=0 | probes=9689 wrfail=0 down=0s maxout=0s
t=148s RTT mean=11914 min=11911 max=11924 n=67 to=0 | cancels=0(+0/s) seqbad=0 len_bad=0 disc=0(0x00) | tot_n=9755 tot_to=0 maxever=27360 >2ms=9755 >5ms=9755 >15ms=111 >20ms=15 >30ms=0 | probes=9756 wrfail=0 down=0s maxout=0s
t=149s RTT mean=12028 min=11911 max=19413 n=66 to=0 | cancels=0(+0/s) seqbad=0 len_bad=0 disc=0(0x00) | tot_n=9821 tot_to=0 maxever=27360 >2ms=9821 >5ms=9821 >15ms=112 >20ms=15 >30ms=0 | probes=9822 wrfail=0 down=0s maxout=0s
t=150s RTT mean=11914 min=11911 max=119