=151*** Booting Zephyr OS build v4.4.1-4-g6a2245e1dc81 ***
[00:03:05.466,912] [0m<inf> bt_hci_core: HW Platform: Nordic Semiconductor (0x0002)[0m
[00:03:05.466,925] [0m<inf> bt_hci_core: HW Variant: nRF54Lx (0x0005)[0m
[00:03:05.466,937] [0m<inf> bt_hci_core: Firmware: Standard Bluetooth controller (0x00) Version 4.4 Build 1[0m
[00:03:05.467,266] [0m<inf> bt_hci_core: HCI transport: Controller[0m
[00:03:05.467,313] [0m<inf> bt_hci_core: Identity: D6:C7:60:B1:D3:0E (random)[0m
[00:03:05.467,329] [0m<inf> bt_hci_core: HCI: version 5.4 (0x0d) revision 0x0000, manufacturer 0x05f1[0m
[00:03:05.467,344] [0m<inf> bt_hci_core: LMP: version 5.4 (0x0d) subver 0xffff[0m

=== nRF54L15 RTT ping-pong PERIPHERAL (echo) ===
advertising
GAP connected interval=7500
PHY tx=2 rx=2
P t=1s rxkBps=0 blkkBps=0 pongs=0(+0/s) cancels=0(+0/s) notify=0 disc=0(0x00) | echo rx=0 tx=0 pend=0 stale=0
P t=2s rxkBps=0 blkkBps=0 pongs=0(+0/s) cancels=0(+0/s) notify=0 disc=0(0x00) | echo rx=0 tx=0 pend=0 stale=0
P t=3s rxkBps=0 blkkBps=0 pongs=0(+0/s) cancels=0(+0/s) notify=0 disc=0(0x00) | echo rx=0 tx=0 pend=0 stale=0
P t=4s rxkBps=0 blkkBps=0 pongs=0(+0/s) cancels=0(+0/s) notify=0 disc=0(0x00) | echo rx=0 tx=0 pend=0 stale=0
GAP disconnected 0x08  lifetime=-1ms pongs_in_conn=0
advertising
GAP connected interval=7500
PHY tx=2 rx=2
CCC: notify ENABLED
P t=5s rxkBps=20 blkkBps=0 pongs=88(+88/s) cancels=0(+0/s) notify=1 disc=1(0x08) | echo rx=0 tx=0 pend=0 stale=0
P t=6s rxkBps=158 blkkBps=0 pongs=755(+667/s) cancels=0(+0/s) notify=1 disc=1(0x08) | echo rx=0 tx=0 pend=0 stale=0
P t=7s rxkBps=158 blkkBps=0 pongs=1421(+666/s) cancels=0(+0/s) notify=1 disc=1(0x08) | echo rx=0 tx=0 pend=0 stale=0
P t=8s rxkBps=158 blkkBps=0 pongs=2088(+667/s) cancels=0(+0/s) notify=1 disc=1(0x08) | echo rx=0 tx=0 pend=0 stale=0
P t=9s rxkBps=158 blkkBps=0 pongs=2755(+667/s) cancels=0(+0/s) notify=1 disc=1(0x08) | echo rx=0 tx=0 pend=0 stale=0
P t=10s rxkBps=157 blkkBps=0 pongs=3417(+662/s) cancels=0(+0/s) notify=1 disc=1(0x08) | echo rx=0 tx=0 pend=0 stale=0
P t=11s rxkBps=157 blkkBps=0 pongs=4080(+663/s) cancels=0(+0/s) notify=1 disc=1(0x08) | echo rx=0 tx=0 pend=0 stale=0
P t=12s rxkBps=157 blkkBps=0 pongs=4740(+660/s) cancels=0(+0/s) notify=1 disc=1(0x08) | echo rx=0 tx=0 pend=0 stale=0
P t=13s rxkBps=156 blkkBps=0 pongs=5397(+657/s) cancels=0(+0/s) notify=1 disc=1(0x08) | echo rx=0 tx=0 pend=0 stale=0
P t=14s rxkBps=158 blkkBps=0 pongs=6064(+667/s) cancels=0(+0/s) notify=1 disc=1(0x08) | echo rx=0 tx=0 pend=0 stale=0
P t=15s rxkBps=158 blkkBps=0 pongs=6730(+666/s) cancels=0(+0/s) notify=1 disc=1(0x08) | echo rx=0 tx=0 pend=0 stale=0
P t=16s rxkBps=148 blkkBps=0 pongs=7355(+625/s) cancels=0(+0/s) notify=1 disc=1(0x08) | echo rx=0 tx=0 pend=0 stale=0
P t=17s rxkBps=138 blkkBps=0 pongs=7938(+583/s) cancels=0(+0/s) notify=1 disc=1(0x08) | echo rx=0 tx=0 pend=0 stale=0
P t=18s rxkBps=147 blkkBps=0 pongs=8557(+619/s) cancels=0(+0/s) notify=1 disc=1(0x08) | echo rx=0 tx=0 pend=0 stale=0
P t=19s rxkBps=150 blkkBps=0 pongs=9189(+632/s) cancels=0(+0/s) notify=1 disc=1(0x08) | echo rx=0 tx=0 pend=0 stale=0
P t=20s rxkBps=158 blkkBps=0 pongs=9856(+667/s) cancels=0(+0/s) notify=1 disc=1(0x08) | echo rx=0 tx=0 pend=0 stale=0
P t=21s rxkBps=158 blkkBps=0 pongs=10523(+667/s) cancels=0(+0/s) notify=1 disc=1(0x08) | echo rx=0 tx=0 pend=0 stale=0
P t=22s rxkBps=158 blkkBps=0 pongs=11190(+667/s) cancels=0(+0/s) notify=1 disc=1(0x08) | echo rx=0 tx=0 pend=0 stale=0
P t=23s rxkBps=158 blkkBps=0 pongs=11857(+667/s) cancels=0(+0/s) notify=1 disc=1(0x08) | echo rx=0 tx=0 pend=0 stale=0
P t=24s rxkBps=158 blkkBps=0 pongs=12523(+666/s) cancels=0(+0/s) notify=1 disc=1(0x08) | echo rx=0 tx=0 pend=0 stale=0
P t=25s rxkBps=158 blkkBps=0 pongs=13190(+667/s) cancels=0(+0/s) notify=1 disc=1(0x08) | echo rx=0 tx=0 pend=0 stale=0
P t=26s rxkBps=158 blkkBps=0 pongs=13857(+667/s) cancels=0(+0/s) notify=1 disc=1(0x08) | echo rx=0 tx=0 pend=0 stale=0
P t=27s rxkBps=158 blkkBps=0 pongs=14523(+666/s) cancels=0(+0/s) notify=1 disc=1(0x08) | echo rx=0 tx=0 pend=0 stale=0
P t=28s rxkBps=158 blkkBps=0 pongs=15190(+667/s) cancels=0(+0/s) notify=1 disc=1(0x08) | echo rx=0 tx=0 pend=0 stale=0
P t=29s rxkBps=158 blkkBps=0 pongs=15857(+667/s) cancels=0(+0/s) notify=1 disc=1(0x08) | echo rx=0 tx=0 pend=0 stale=0
P t=30s rxkBps=158 blkkBps=0 pongs=16524(+667/s) cancels=0(+0/s) notify=1 disc=1(0x08) | echo rx=0 tx=0 pend=0 stale=0
P t=31s rxkBps=158 blkkBps=0 pongs=17191(+667/s) cancels=0(+0/s) notify=1 disc=1(0x08) | echo rx=0 tx=0 pend=0 stale=0
P t=32s rxkBps=157 blkkBps=0 pongs=17854(+663/s) cancels=0(+0/s) notify=1 disc=1(0x08) | echo rx=0 tx=0 pend=0 stale=0
P t=33s rxkBps=158 blkkBps=0 pongs=18521(+667/s) cancels=0(+0/s) notify=1 disc=1(0x08) | echo rx=0 tx=0 pend=0 stale=0
P t=34s rxkBps=158 blkkBps=0 pongs=19188(+667/s) cancels=0(+0/s) notify=1 disc=1(0x08) | echo rx=0 tx=0 pend=0 stale=0
P t=35s rxkBps=157 blkkBps=0 pongs=19850(+662/s) cancels=0(+0/s) notify=1 disc=1(0x08) | echo rx=0 tx=0 pend=0 stale=0
P t=36s rxkBps=158 blkkBps=0 pongs=20516(+666/s) cancels=0(+0/s) notify=1 disc=1(0x08) | echo rx=0 tx=0 pend=0 stale=0
P t=37s rxkBps=156 blkkBps=0 pongs=21172(+656/s) cancels=0(+0/s) notify=1 disc=1(0x08) | echo rx=0 tx=0 pend=0 stale=0
P t=38s rxkBps=145 blkkBps=0 pongs=21782(+610/s) cancels=0(+0/s) notify=1 disc=1(0x08) | echo rx=0 tx=0 pend=0 stale=0
P t=39s rxkBps=138 blkkBps=0 pongs=22364(+582/s) cancels=0(+0/s) notify=1 disc=1(0x08) | echo rx=0 tx=0 pend=0 stale=0
P t=40s rxkBps=151 blkkBps=0 pongs=22998(+634/s) cancels=0(+0/s) notify=1 disc=1(0x08) | echo rx=0 tx=0 pend=0 stale=0
P t=41s rxkBps=143 blkkBps=0 pongs=23601(+603/s) cancels=0(+0/s) notify=1 disc=1(0x08) | echo rx=0 tx=0 pend=0 stale=0
P t=42s rxkBps=141 blkkBps=0 pongs=24193(+592/s) cancels=0(+0/s) notify=1 disc=1(0x08) | echo rx=0 tx=0 pend=0 stale=0
P t=43s rxkBps=157 blkkBps=0 pongs=24852(+659/s) cancels=0(+0/s) notify=1 disc=1(0x08) | echo rx=0 tx=0 pend=0 stale=0
P t=44s rxkBps=158 blkkBps=0 pongs=25517(+665/s) cancels=0(+0/s) notify=1 disc=1(0x08) | echo rx=0 tx=0 pend=0 stale=0
P t=45s rxkBps=158 blkkBps=0 pongs=26183(+666/s) cancels=0(+0/s) notify=1 disc=1(0x08) | echo rx=0 tx=0 pend=0 stale=0
P t=46s rxkBps=158 blkkBps=0 pongs=26850(+667/s) cancels=0(+0/s) notify=1 disc=1(0x08) | echo rx=0 tx=0 pend=0 stale=0
P t=47s rxkBps=158 blkkBps=0 pongs=27517(+667/s) cancels=0(+0/s) notify=1 disc=1(0x08) | echo rx=0 tx=0 pend=0 stale=0
P t=48s rxkBps=158 blkkBps=0 pongs=28184(+667/s) cancels=0(+0/s) notify=1 disc=1(0x08) | echo rx=0 tx=0 pend=0 stale=0
P t=49s rxkBps=158 blkkBps=0 pongs=28850(+666/s) cancels=0(+0/s) notify=1 disc=1(0x08) | echo rx=0 tx=0 pend=0 stale=0
P t=50s rxkBps=155 blkkBps=0 pongs=29502(+652/s) cancels=0(+0/s) notify=1 disc=1(0x08) | echo rx=0 tx=0 pend=0 stale=0
P t=51s rxkBps=158 blkkBps=0 pongs=30167(+665/s) cancels=0(+0/s) notify=1 disc=1(0x08) | echo rx=0 tx=0 pend=0 stale=0
P t=52s rxkBps=155 blkkBps=0 pongs=30819(+652/s) cancels=0(+0/s) notify=1 disc=1(0x08) | echo rx=0 tx=0 pend=0 stale=0
P t=53s rxkBps=154 blkkBps=0 pongs=31468(+649/s) cancels=0(+0/s) notify=1 disc=1(0x08) | echo rx=0 tx=0 pend=0 stale=0
P t=54s rxkBps=154 blkkBps=0 pongs=32117(+649/s) cancels=0(+0/s) notify=1 disc=1(0x08) | echo rx=0 tx=0 pend=0 stale=0
P t=55s rxkBps=157 blkkBps=0 pongs=32780(+663/s) cancels=0(+0/s) notify=1 disc=1(0x08) | echo rx=0 tx=0 pend=0 stale=0
P t=56s rxkBps=158 blkkBps=0 pongs=33447(+667/s) cancels=0(+0/s) notify=1 disc=1(0x08) | echo rx=0 tx=0 pend=0 stale=0
P t=57s rxkBps=145 blkkBps=0 pongs=34059(+612/s) cancels=0(+0/s) notify=1 disc=1(0x08) | echo rx=0 tx=0 pend=0 stale=0
P t=58s rxkBps=144 blkkBps=0 pongs=34664(+605/s) cancels=0(+0/s) notify=1 disc=1(0x08) | echo rx=0 tx=0 pend=0 stale=0
P t=59s rxkBps=138 blkkBps=0 pongs=35244(+580/s) cancels=0(+0/s) notify=1 disc=1(0x08) | echo rx=0 tx=0 pend=0 stale=0
P t=60s rxkBps=152 blkkBps=0 pongs=35883(+639/s) cancels=0(+0/s) notify=1 disc=1(0x08) | echo rx=0 tx=0 pend=0 stale=0
P t=61s rxkBps=149 blkkBps=0 pongs=36511(+628/s) cancels=0(+0/s) notify=1 disc=1(0x08) | echo rx=0 tx=0 pend=0 stale=0
P t=62s rxkBps=149 blkkBps=0 pongs=37137(+626/s) cancels=0(+0/s) notify=1 disc=1(0x08) | echo rx=0 tx=0 pend=0 stale=0
P t=63s rxkBps=145 blkkBps=0 pongs=37749(+612/s) cancels=0(+0/s) notify=1 disc=1(0x08) | echo rx=0 tx=0 pend=0 stale=0
P t=64s rxkBps=157 blkkBps=0 pongs=38412(+663/s) cancels=0(+0/s) notify=1 disc=1(0x08) | echo rx=0 tx=0 pend=0 stale=0
P t=65s rxkBps=158 blkkBps=0 pongs=39079(+667/s) cancels=0(+0/s) notify=1 disc=1(0x08) | echo rx=0 tx=0 pend=0 stale=0
P t=66s rxkBps=157 blkkBps=0 pongs=39741(+662/s) cancels=0(+0/s) notify=1 disc=1(0x08) | echo rx=0 tx=0 pend=0 stale=0
P t=67s rxkBps=157 blkkBps=0 pongs=40403(+662/s) cancels=0(+0/s) notify=1 disc=1(0x08) | echo rx=0 tx=0 pend=0 stale=0
P t=68s rxkBps=157 blkkBps=0 pongs=41065(+662/s) cancels=0(+0/s) notify=1 disc=1(0x08) | echo rx=0 tx=0 pend=0 stale=0
P t=69s rxkBps=158 blkkBps=0 pongs=41732(+667/s) cancels=0(+0/s) notify=1 disc=1(0x08) | echo rx=0 tx=0 pend=0 stale=0
P t=70s rxkBps=157 blkkBps=0 pongs=42392(+660/s) cancels=0(+0/s) notify=1 disc=1(0x08) | echo rx=0 tx=0 pend=0 stale=0
P t=71s rxkBps=156 blkkBps=0 pongs=43048(+656/s) cancels=0(+0/s) notify=1 disc=1(0x08) | echo rx=0 tx=0 pend=0 stale=0
P t=72s rxkBps=158 blkkBps=0 pongs=43714(+666/s) cancels=0(+0/s) notify=1 disc=1(0x08) | echo rx=0 tx=0 pend=0 stale=0
P t=73s rxkBps=157 blkkBps=0 pongs=44375(+661/s) cancels=0(+0/s) notify=1 disc=1(0x08) | echo rx=0 tx=0 pend=0 stale=0
P t=74s rxkBps=158 blkkBps=0 pongs=45042(+667/s) cancels=0(+0/s) notify=1 disc=1(0x08) | echo rx=0 tx=0 pend=0 stale=0
P t=75s rxkBps=157 blkkBps=0 pongs=45705(+663/s) cancels=0(+0/s) notify=1 disc=1(0x08) | echo rx=0 tx=0 pend=0 stale=0
P t=76s rxkBps=157 blkkBps=0 pongs=46366(+661/s) cancels=0(+0/s) notify=1 disc=1(0x08) | echo rx=0 tx=0 pend=0 stale=0
P t=77s rxkBps=158 blkkBps=0 pongs=47033(+667/s) cancels=0(+0/s) notify=1 disc=1(0x08) | echo rx=0 tx=0 pend=0 stale=0
P t=78s rxkBps=152 blkkBps=0 pongs=47671(+638/s) cancels=0(+0/s) notify=1 disc=1(0x08) | echo rx=0 tx=0 pend=0 stale=0
P t=79s rxkBps=148 blkkBps=0 pongs=48296(+625/s) cancels=0(+0/s) notify=1 disc=1(0x08) | echo rx=0 tx=0 pend=0 stale=0
P t=80s rxkBps=150 blkkBps=0 pongs=48928(+632/s) cancels=0(+0/s) notify=1 disc=1(0x08) | echo rx=0 tx=0 pend=0 stale=0
P t=81s rxkBps=147 blkkBps=0 pongs=49546(+618/s) cancels=0(+0/s) notify=1 disc=1(0x08) | echo rx=0 tx=0 pend=0 stale=0
P t=82s rxkBps=150 blkkBps=0 pongs=50177(+631/s) cancels=0(+0/s) notify=1 disc=1(0x08) | echo rx=0 tx=0 pend=0 stale=0
P t=83s rxkBps=138 blkkBps=0 pongs=50759(+582/s) cancels=0(+0/s) notify=1 disc=1(0x08) | echo rx=0 tx=0 pend=0 stale=0
P t=84s rxkBps=142 blkkBps=0 pongs=51355(+596/s) cancels=0(+0/s) notify=1 disc=1(0x08) | echo rx=0 tx=0 pend=0 stale=0
P t=85s rxkBps=144 blkkBps=0 pongs=51962(+607/s) cancels=0(+0/s) notify=1 disc=1(0x08) | echo rx=0 tx=0 pend=0 stale=0
P t=86s rxkBps=149 blkkBps=0 pongs=52590(+628/s) cancels=0(+0/s) notify=1 disc=1(0x08) | echo rx=0 tx=0 pend=0 stale=0
P t=87s rxkBps=158 blkkBps=0 pongs=53257(+667/s) cancels=0(+0/s) notify=1 disc=1(0x08) | echo rx=0 tx=0 pend=0 stale=0
P t=88s rxkBps=157 blkkBps=0 pongs=53916(+659/s) cancels=0(+0/s) notify=1 disc=1(0x08) | echo rx=0 tx=0 pend=0 stale=0
P t=89s rxkBps=158 blkkBps=0 pongs=54580(+664/s) cancels=0(+0/s) notify=1 disc=1(0x08) | echo rx=0 tx=0 pend=0 stale=0
P t=90s rxkBps=158 blkkBps=0 pongs=55247(+667/s) cancels=0(+0/s) notify=1 disc=1(0x08) | echo rx=0 tx=0 pend=0 stale=0
P t=91s rxkBps=158 blkkBps=0 pongs=55912(+665/s) cancels=0(+0/s) notify=1 disc=1(0x08) | echo rx=0 tx=0 pend=0 stale=0
P t=92s rxkBps=157 blkkBps=0 pongs=56575(+663/s) cancels=0(+0/s) notify=1 disc=1(0x08) | echo rx=0 tx=0 pend=0 stale=0
P t=93s rxkBps=158 blkkBps=0 pongs=57242(+667/s) cancels=0(+0/s) notify=1 disc=1(0x08) | echo rx=0 tx=0 pend=0 stale=0
P t=94s rxkBps=157 blkkBps=0 pongs=57904(+662/s) cancels=0(+0/s) notify=1 disc=1(0x08) | echo rx=0 tx=0 pend=0 stale=0
P t=95s rxkBps=158 blkkBps=0 pongs=58571(+667/s) cancels=0(+0/s) notify=1 disc=1(0x08) | echo rx=0 tx=0 pend=0 stale=0
P t=96s rxkBps=158 blkkBps=0 pongs=59238(+667/s) cancels=0(+0/s) notify=1 disc=1(0x08) | echo rx=0 tx=0 pend=0 stale=0
P t=97s rxkBps=158 blkkBps=0 pongs=59904(+666/s) cancels=0(+0/s) notify=1 disc=1(0x08) | echo rx=0 tx=0 pend=0 stale=0
P t=98s rxkBps=146 blkkBps=0 pongs=60520(+616/s) cancels=0(+0/s) notify=1 disc=1(0x08) | echo rx=0 tx=0 pend=0 stale=0
P t=99s rxkBps=146 blkkBps=0 pongs=61136(+616/s) cancels=0(+0/s) notify=1 disc=1(0x08) | echo rx=0 tx=0 pend=0 stale=0
P t=100s rxkBps=155 blkkBps=0 pongs=61787(+651/s) cancels=0(+0/s) notify=1 disc=1(0x08) | echo rx=0 tx=0 pend=0 stale=0
P t=101s rxkBps=151 blkkBps=0 pongs=62421(+634/s) cancels=0(+0/s) notify=1 disc=1(0x08) | echo rx=0 tx=0 pend=0 stale=0
P t=102s rxkBps=150 blkkBps=0 pongs=63052(+631/s) cancels=0(+0/s) notify=1 disc=1(0x08) | echo rx=0 tx=0 pend=0 stale=0
P t=103s rxkBps=147 blkkBps=0 pongs=63669(+617/s) cancels=0(+0/s) notify=1 disc=1(0x08) | echo rx=0 tx=0 pend=0 stale=0
P t=104s rxkBps=148 blkkBps=0 pongs=64292(+623/s) cancels=0(+0/s) notify=1 disc=1(0x08) | echo rx=0 tx=0 pend=0 stale=0
P t=105s rxkBps=144 blkkBps=0 pongs=64900(+608/s) cancels=0(+0/s) notify=1 disc=1(0x08) | echo rx=0 tx=0 pend=0 stale=0
P t=106s rxkBps=144 blkkBps=0 pongs=65507(+607/s) cancels=0(+0/s) notify=1 disc=1(0x08) | echo rx=0 tx=0 pend=0 stale=0
P t=107s rxkBps=155 blkkBps=0 pongs=66161(+654/s) cancels=0(+0/s) notify=1 disc=1(0x08) | echo rx=0 tx=0 pend=0 stale=0
P t=108s rxkBps=158 blkkBps=0 pongs=66828(+667/s) cancels=0(+0/s) notify=1 disc=1(0x08) | echo rx=0 tx=0 pend=0 stale=0
P t=109s rxkBps=155 blkkBps=0 pongs=67482(+654/s) cancels=0(+0/s) notify=1 disc=1(0x08) | echo rx=0 tx=0 pend=0 stale=0
P t=110s rxkBps=157 blkkBps=0 pongs=68144(+662/s) cancels=0(+0/s) notify=1 disc=1(0x08) | echo rx=0 tx=0 pend=0 stale=0
P t=111s rxkBps=157 blkkBps=0 pongs=68805(+661/s) cancels=0(+0/s) notify=1 disc=1(0x08) | echo rx=0 tx=0 pend=0 stale=0
P t=112s rxkBps=154 blkkBps=0 pongs=69455(+650/s) cancels=0(+0/s) notify=1 disc=1(0x08) | echo rx=0 tx=0 pend=0 stale=0
P t=113s rxkBps=158 blkkBps=0 pongs=70121(+666/s) cancels=0(+0/s) notify=1 disc=1(0x08) | echo rx=0 tx=0 pend=0 stale=0
P t=114s rxkBps=157 blkkBps=0 pongs=70781(+660/s) cancels=0(+0/s) notify=1 disc=1(0x08) | echo rx=0 tx=0 pend=0 stale=0
P t=115s rxkBps=157 blkkBps=0 pongs=71444(+663/s) cancels=0(+0/s) notify=1 disc=1(0x08) | echo rx=0 tx=0 pend=0 stale=0
P t=116s rxkBps=158 blkkBps=0 pongs=72111(+667/s) cancels=0(+0/s) notify=1 disc=1(0x08) | echo rx=0 tx=0 pend=0 stale=0
P t=117s rxkBps=157 blkkBps=0 pongs=72773(+662/s) cancels=0(+0/s) notify=1 disc=1(0x08) | echo rx=0 tx=0 pend=0 stale=0
P t=118s rxkBps=158 blkkBps=0 pongs=73440(+667/s) cancels=0(+0/s) notify=1 disc=1(0x08) | echo rx=0 tx=0 pend=0 stale=0
P t=119s rxkBps=158 blkkBps=0 pongs=74105(+665/s) cancels=0(+0/s) notify=1 disc=1(0x08) | echo rx=0 tx=0 pend=0 stale=0
P t=120s rxkBps=158 blkkBps=0 pongs=74772(+667/s) cancels=0(+0/s) notify=1 disc=1(0x08) | echo rx=0 tx=0 pend=0 stale=0
P t=121s rxkBps=158 blkkBps=0 pongs=75438(+666/s) cancels=0(+0/s) notify=1 disc=1(0x08) | echo rx=0 tx=0 pend=0 stale=0
P t=122s rxkBps=157 blkkBps=0 pongs=76099(+661/s) cancels=0(+0/s) notify=1 disc=1(0x08) | echo rx=0 tx=0 pend=0 stale=0
P t=123s rxkBps=157 blkkBps=0 pongs=76760(+661/s) cancels=0(+0/s) notify=1 disc=1(0x08) | echo rx=0 tx=0 pend=0 stale=0
P t=124s rxkBps=157 blkkBps=0 pongs=77421(+661/s) cancels=0(+0/s) notify=1 disc=1(0x08) | echo rx=0 tx=0 pend=0 stale=0
P t=125s rxkBps=157 blkkBps=0 pongs=78082(+661/s) cancels=0(+0/s) notify=1 disc=1(0x08) | echo rx=0 tx=0 pend=0 stale=0
P t=126s rxkBps=158 blkkBps=0 pongs=78747(+665/s) cancels=0(+0/s) notify=1 disc=1(0x08) | echo rx=0 tx=0 pend=0 stale=0
P t=127s rxkBps=158 blkkBps=0 pongs=79411(+664/s) cancels=0(+0/s) notify=1 disc=1(0x08) | echo rx=0 tx=0 pend=0 stale=0
P t=128s rxkBps=155 blkkBps=0 pongs=80065(+654/s) cancels=0(+0/s) notify=1 disc=1(0x08) | echo rx=0 tx=0 pend=0 stale=0
P t=129s rxkBps=156 blkkBps=0 pongs=80721(+656/s) cancels=0(+0/s) notify=1 disc=1(0x08) | echo rx=0 tx=0 pend=0 stale=0
P t=130s rxkBps=158 blkkBps=0 pongs=81388(+667/s) cancels=0(+0/s) notify=1 disc=1(0x08) | echo rx=0 tx=0 pend=0 stale=0
P t=131s rxkBps=156 blkkBps=0 pongs=82046(+658/s) cancels=0(+0/s) notify=1 disc=1(0x08) | echo rx=0 tx=0 pend=0 stale=0
P t=132s rxkBps=157 blkkBps=0 pongs=82709(+663/s) cancels=0(+0/s) notify=1 disc=1(0x08) | echo rx=0 tx=0 pend=0 stale=0
P t=133s rxkBps=156 blkkBps=0 pongs=83365(+656/s) cancels=0(+0/s) notify=1 disc=1(0x08) | echo rx=0 tx=0 pend=0 stale=0
P t=134s rxkBps=157 blkkBps=0 pongs=84025(+660/s) cancels=0(+0/s) notify=1 disc=1(0x08) | echo rx=0 tx=0 pend=0 stale=0
P t=135s rxkBps=156 blkkBps=0 pongs=84683(+658/s) cancels=0(+0/s) notify=1 disc=1(0x08) | echo rx=0 tx=0 pend=0 stale=0
P t=136s rxkBps=158 blkkBps=0 pongs=85347(+664/s) cancels=0(+0/s) notify=1 disc=1(0x08) | echo rx=0 tx=0 pend=0 stale=0
P t=137s rxkBps=156 blkkBps=0 pongs=86002(+655/s) cancels=0(+0/s) notify=1 disc=1(0x08) | echo rx=0 tx=0 pend=0 stale=0
P t=138s rxkBps=156 blkkBps=0 pongs=86658(+656/s) cancels=0(+0/s) notify=1 disc=1(0x08) | echo rx=0 tx=0 pend=0 stale=0
P t=139s rxkBps=158 blkkBps=0 pongs=87323(+665/s) cancels=0(+0/s) notify=1 disc=1(0x08) | echo rx=0 tx=0 pend=0 stale=0
P t=140s rxkBps=157 blkkBps=0 pongs=87985(+662/s) cancels=0(+0/s) notify=1 disc=1(0x08) | echo rx=0 tx=0 pend=0 stale=0
P t=141s rxkBps=156 blkkBps=0 pongs=88643(+658/s) cancels=0(+0/s) notify=1 disc=1(0x08) | echo rx=0 tx=0 pend=0 stale=0
P t=142s rxkBps=157 blkkBps=0 pongs=89303(+660/s) cancels=0(+0/s) notify=1 disc=1(0x08) | echo rx=0 tx=0 pend=0 stale=0
P t=143s rxkBps=158 blkkBps=0 pongs=89969(+666/s) cancels=0(+0/s) notify=1 disc=1(0x08) | echo rx=0 tx=0 pend=0 stale=0
P t=144s rxkBps=158 blkkBps=0 pongs=90636(+667/s) cancels=0(+0/s) notify=1 disc=1(0x08) | echo rx=0 tx=0 pend=0 stale=0
P t=145s rxkBps=158 blkkBps=0 pongs=91301(+665/s) cancels=0(+0/s) notify=1 disc=1(0x08) | echo rx=0 tx=0 pend=0 stale=0
P t=146s rxkBps=144 blkkBps=0 pongs=91907(+606/s) cancels=0(+0/s) notify=1 disc=1(0x08) | echo rx=0 tx=0 pend=0 stale=0
P t=147s rxkBps=157 blkkBps=0 pongs=92569(+662/s) cancels=0(+0/s) notify=1 disc=1(0x08) | echo rx=0 tx=0 pend=0 stale=0
P t=148s rxkBps=157 blkkBps=0 pongs=93229(+660/s) cancels=0(+0/s) notify=1 disc=1(0x08) | echo rx=0 tx=0 pend=0 stale=0
P t=149s rxkBps=155 blkkBps=0 pongs=93882(+653/s) cancels=0(+0/s) notify=1 disc=1(0x08) | echo rx=0 tx=0 pend=0 stale=0
