*** Booting Zephyr OS build v4.4.1-4-g6a2245e1dc81 ***
[00:00:00.002,799] [0m<inf> bt_hci_core: HW Platform: Nordic Semiconductor (0x0002)[0m
[00:00:00.002,811] [0m<inf> bt_hci_core: HW Variant: nRF54Lx (0x0005)[0m
[00:00:00.002,822] [0m<inf> bt_hci_core: Firmware: Standard Bluetoot*** Booting Zephyr OS build v4.4.1-4-g6a2245e1dc81 ***
[00:00:00.112,940] [0m<inf> bt_hci_core: HW Platform: Nordic Semiconductor (0x0002)[0m
[00:00:00.112,952] [0m<inf> bt_hci_core: HW Variant: nRF54Lx (0x0005)[0m
[00:00:00.112,963] [0m<inf> bt_hci_core: Firmware: Standard Bluetooth controller (0x00) Version 4.4 Build 1[0m
[00:00:00.113,291] [0m<inf> bt_hci_core: HCI transport: Controller[0m
[00:00:00.113,339] [0m<inf> bt_hci_core: Identity: FC:BE:FF:FA:E6:8B (random)[0m
[00:00:00.113,355] [0m<inf> bt_hci_core: HCI: version 5.4 (0x0d) revision 0x0000, manufacturer 0x05f1[0m
[00:00:00.113,369] [0m<inf> bt_hci_core: LMP: version 5.4 (0x0d) subver 0xffff[0m

=== nRF54L15 RTT ping-pong CENTRAL ===
scan rc=0
GAP connected interval=7500
MTU err=0 mtu=23
PHY tx=2 rx=2
discovery start (post-PHY +500ms) interval=7500 phy2m=1
SUBSCRIBED, vh=14
t=1s RTT mean=11881 min=11262 max=11917 n=20 to=0 | cancels=0(+0/s) seqbad=0 len_bad=0 disc=0(0x00) | tot_n=20 tot_to=0 maxever=11917 >2ms=20 >5ms=20 >15ms=0 >20ms=0 >30ms=0 | probes=20 wrfail=0 down=0s maxout=0s
t=2s RTT mean=11915 min=11911 max=11953 n=66 to=0 | cancels=0(+0/s) seqbad=0 len_bad=0 disc=0(0x00) | tot_n=86 tot_to=0 maxever=11953 >2ms=86 >5ms=86 >15ms=0 >20ms=0 >30ms=0 | probes=87 wrfail=0 down=0s maxout=0s
t=3s RTT mean=11914 min=11911 max=11923 n=67 to=0 | cancels=0(+0/s) seqbad=0 len_bad=0 disc=0(0x00) | tot_n=153 tot_to=0 maxever=11953 >2ms=153 >5ms=153 >15ms=0 >20ms=0 >30ms=0 | probes=154 wrfail=0 down=0s maxout=0s
FSU: request [70..150] us (ACL both dirs, 1M+2M) rc=0
FSU: updated status=0x00 spacing=70 us phys=0x3 types=0x3 initiator=0
t=4s RTT mean=11913 min=11794 max=11963 n=67 to=0 | cancels=0(+0/s) seqbad=0 len_bad=0 disc=0(0x00) | tot_n=220 tot_to=0 maxever=11963 >2ms=220 >5ms=220 >15ms=0 >20ms=0 >30ms=0 | probes=220 wrfail=0 down=0s maxout=0s
t=5s RTT mean=11913 min=11813 max=11932 n=66 to=0 | cancels=0(+0/s) seqbad=0 len_bad=0 disc=0(0x00) | tot_n=286 tot_to=0 maxever=11963 >2ms=286 >5ms=286 >15ms=0 >20ms=0 >30ms=0 | probes=287 wrfail=0 down=0s maxout=0s
t=6s RTT mean=11915 min=11595 max=12234 n=67 to=0 | cancels=0(+0/s) seqbad=0 len_bad=0 disc=0(0x00) | tot_n=353 tot_to=0 maxever=12234 >2ms=353 >5ms=353 >15ms=0 >20ms=0 >30ms=0 | probes=354 wrfail=0 down=0s maxout=0s
t=7s RTT mean=11914 min=11911 max=11925 n=67 to=0 | cancels=0(+0/s) seqbad=0 len_bad=0 disc=0(0x00) | tot_n=420 tot_to=0 maxever=12234 >2ms=420 >5ms=420 >15ms=0 >20ms=0 >30ms=0 | probes=421 wrfail=0 down=0s maxout=0s
t=8s RTT mean=11914 min=11911 max=11924 n=66 to=0 | cancels=0(+0/s) seqbad=0 len_bad=0 disc=0(0x00) | tot_n=486 tot_to=0 maxever=12234 >2ms=486 >5ms=486 >15ms=0 >20ms=0 >30ms=0 | probes=487 wrfail=0 down=0s maxout=0s
t=9s RTT mean=11914 min=11911 max=11932 n=67 to=0 | cancels=0(+0/s) seqbad=0 len_bad=0 disc=0(0x00) | tot_n=553 tot_to=0 maxever=12234 >2ms=553 >5ms=553 >15ms=0 >20ms=0 >30ms=0 | probes=554 wrfail=0 down=0s maxout=0s
t=10s RTT mean=11914 min=11911 max=11923 n=67 to=0 | cancels=0(+0/s) seqbad=0 len_bad=0 disc=0(0x00) | tot_n=620 tot_to=0 maxever=12234 >2ms=620 >5ms=620 >15ms=0 >20ms=0 >30ms=0 | probes=621 wrfail=0 down=0s maxout=0s
t=11s RTT mean=11914 min=11911 max=11934 n=66 to=0 | cancels=0(+0/s) seqbad=0 len_bad=0 disc=0(0x00) | tot_n=686 tot_to=0 maxever=12234 >2ms=686 >5ms=686 >15ms=0 >20ms=0 >30ms=0 | probes=687 wrfail=0 down=0s maxout=0s
t=12s RTT mean=11914 min=11911 max=11923 n=67 to=0 | cancels=0(+0/s) seqbad=0 len_bad=0 disc=0(0x00) | tot_n=753 tot_to=0 maxever=12234 >2ms=753 >5ms=753 >15ms=0 >20ms=0 >30ms=0 | probes=754 wrfail=0 down=0s maxout=0s
t=13s RTT mean=11914 min=11912 max=11925 n=67 to=0 | cancels=0(+0/s) seqbad=0 len_bad=0 disc=0(0x00) | tot_n=820 tot_to=0 maxever=12234 >2ms=820 >5ms=820 >15ms=0 >20ms=0 >30ms=0 | probes=821 wrfail=0 down=0s maxout=0s
t=14s RTT mean=12027 min=11911 max=19413 n=66 to=0 | cancels=0(+0/s) seqbad=0 len_bad=0 disc=0(0x00) | tot_n=886 tot_to=0 maxever=19413 >2ms=886 >5ms=886 >15ms=1 >20ms=0 >30ms=0 | probes=887 wrfail=0 down=0s maxout=0s
t=15s RTT mean=12028 min=11911 max=19413 n=66 to=0 | cancels=0(+0/s) seqbad=0 len_bad=0 disc=0(0x00) | tot_n=952 tot_to=0 maxever=19413 >2ms=952 >5ms=952 >15ms=2 >20ms=0 >30ms=0 | probes=953 wrfail=0 down=0s maxout=0s
t=16s RTT mean=11914 min=11911 max=11924 n=67 to=0 | cancels=0(+0/s) seqbad=0 len_bad=0 disc=0(0x00) | tot_n=1019 tot_to=0 maxever=19413 >2ms=1019 >5ms=1019 >15ms=2 >20ms=0 >30ms=0 | probes=1020 wrfail=0 down=0s maxout=0s
t=17s RTT mean=11914 min=11911 max=11934 n=66 to=0 | cancels=0(+0/s) seqbad=0 len_bad=0 disc=0(0x00) | tot_n=1085 tot_to=0 maxever=19413 >2ms=1085 >5ms=1085 >15ms=2 >20ms=0 >30ms=0 | probes=1086 wrfail=0 down=0s maxout=0s
t=18s RTT mean=11914 min=11810 max=12029 n=67 to=0 | cancels=0(+0/s) seqbad=0 len_bad=0 disc=0(0x00) | tot_n=1152 tot_to=0 maxever=19413 >2ms=1152 >5ms=1152 >15ms=2 >20ms=0 >30ms=0 | probes=1153 wrfail=0 down=0s maxout=0s
t=19s RTT mean=12028 min=11911 max=19414 n=66 to=0 | cancels=0(+0/s) seqbad=0 len_bad=0 disc=0(0x00) | tot_n=1218 tot_to=0 maxever=19414 >2ms=1218 >5ms=1218 >15ms=3 >20ms=0 >30ms=0 | probes=1219 wrfail=0 down=0s maxout=0s
t=20s RTT mean=11914 min=11911 max=11923 n=67 to=0 | cancels=0(+0/s) seqbad=0 len_bad=0 disc=0(0x00) | tot_n=1285 tot_to=0 maxever=19414 >2ms=1285 >5ms=1285 >15ms=3 >20ms=0 >30ms=0 | probes=1286 wrfail=0 down=0s maxout=0s
t=21s RTT mean=11914 min=11911 max=11925 n=67 to=0 | cancels=0(+0/s) seqbad=0 len_bad=0 disc=0(0x00) | tot_n=1352 tot_to=0 maxever=19414 >2ms=1352 >5ms=1352 >15ms=3 >20ms=0 >30ms=0 | probes=1353 wrfail=0 down=0s maxout=0s
t=22s RTT mean=11914 min=11911 max=11916 n=66 to=0 | cancels=0(+0/s) seqbad=0 len_bad=0 disc=0(0x00) | tot_n=1418 tot_to=0 maxever=19414 >2ms=1418 >5ms=1418 >15ms=3 >20ms=0 >30ms=0 | probes=1419 wrfail=0 down=0s maxout=0s
t=23s RTT mean=11914 min=11911 max=11933 n=67 to=0 | cancels=0(+0/s) seqbad=0 len_bad=0 disc=0(0x00) | tot_n=1485 tot_to=0 maxever=19414 >2ms=1485 >5ms=1485 >15ms=3 >20ms=0 >30ms=0 | probes=1486 wrfail=0 down=0s maxout=0s
t=24s RTT mean=12141 min=11469 max=19413 n=66 to=0 | cancels=0(+0/s) seqbad=0 len_bad=0 disc=0(0x00) | tot_n=1551 tot_to=0 maxever=19414 >2ms=1551 >5ms=1551 >15ms=5 >20ms=0 >30ms=0 | probes=1552 wrfail=0 down=0s maxout=0s
t=25s RTT mean=12383 min=11912 max=19414 n=64 to=0 | cancels=0(+0/s) seqbad=0 len_bad=0 disc=0(0x00) | tot_n=1615 tot_to=0 maxever=19414 >2ms=1615 >5ms=1615 >15ms=9 >20ms=0 >30ms=0 | probes=1616 wrfail=0 down=0s maxout=0s
t=26s RTT mean=11914 min=11911 max=11924 n=67 to=0 | cancels=0(+0/s) seqbad=0 len_bad=0 disc=0(0x00) | tot_n=1682 tot_to=0 maxever=19414 >2ms=1682 >5ms=1682 >15ms=9 >20ms=0 >30ms=0 | probes=1683 wrfail=0 down=0s maxout=0s
t=27s RTT mean=11914 min=11911 max=11925 n=67 to=0 | cancels=0(+0/s) seqbad=0 len_bad=0 disc=0(0x00) | tot_n=1749 tot_to=0 maxever=19414 >2ms=1749 >5ms=1749 >15ms=9 >20ms=0 >30ms=0 | probes=1750 wrfail=0 down=0s maxout=0s
t=28s RTT mean=11914 min=11911 max=11923 n=66 to=0 | cancels=0(+0/s) seqbad=0 len_bad=0 disc=0(0x00) | tot_n=1815 tot_to=0 maxever=19414 >2ms=1815 >5ms=1815 >15ms=9 >20ms=0 >30ms=0 | probes=1816 wrfail=0 down=0s maxout=0s
t=29s RTT mean=11914 min=11911 max=11934 n=67 to=0 | cancels=0(+0/s) seqbad=0 len_bad=0 disc=0(0x00) | tot_n=1882 tot_to=0 maxever=19414 >2ms=1882 >5ms=1882 >15ms=9 >20ms=0 >30ms=0 | probes=1883 wrfail=0 down=0s maxout=0s
t=30s RTT mean=11914 min=11911 max=11923 n=67 to=0 | cancels=0(+0/s) seqbad=0 len_bad=0 disc=0(0x00) | tot_n=1949 tot_to=0 maxever=19414 >2ms=1949 >5ms=1949 >15ms=9 >20ms=0 >30ms=0 | probes=1950 wrfail=0 down=0s maxout=0s
t=31s RTT mean=11914 min=11911 max=11933 n=66 to=0 | cancels=0(+0/s) seqbad=0 len_bad=0 disc=0(0x00) | tot_n=2015 tot_to=0 maxever=19414 >2ms=2015 >5ms=2015 >15ms=9 >20ms=0 >30ms=0 | probes=2016 wrfail=0 down=0s maxout=0s
t=32s RTT mean=11914 min=11911 max=11924 n=67 to=0 | cancels=0(+0/s) seqbad=0 len_bad=0 disc=0(0x00) | tot_n=2082 tot_to=0 maxever=19414 >2ms=2082 >5ms=2082 >15ms=9 >20ms=0 >30ms=0 | probes=2083 wrfail=0 down=0s maxout=0s
t=33s RTT mean=12260 min=11911 max=26913 n=65 to=0 | cancels=0(+0/s) seqbad=0 len_bad=0 disc=0(0x00) | tot_n=2147 tot_to=0 maxever=26913 >2ms=2147 >5ms=2147 >15ms=11 >20ms=1 >30ms=0 | probes=2148 wrfail=0 down=0s maxout=0s
t=34s RTT mean=11914 min=11911 max=11924 n=67 to=0 | cancels=0(+0/s) seqbad=0 len_bad=0 disc=0(0x00) | tot_n=2214 tot_to=0 maxever=26913 >2ms=2214 >5ms=2214 >15ms=11 >20ms=1 >30ms=0 | probes=2215 wrfail=0 down=0s maxout=0s
t=35s RTT mean=11914 min=11911 max=11925 n=67 to=0 | cancels=0(+0/s) seqbad=0 len_bad=0 disc=0(0x00) | tot_n=2281 tot_to=0 maxever=26913 >2ms=2281 >5ms=2281 >15ms=11 >20ms=1 >30ms=0 | probes=2281 wrfail=0 down=0s maxout=0s
t=36s RTT mean=11914 min=11911 max=11915 n=66 to=0 | cancels=0(+0/s) seqbad=0 len_bad=0 disc=0(0x00) | tot_n=2347 tot_to=0 maxever=26913 >2ms=2347 >5ms=2347 >15ms=11 >20ms=1 >30ms=0 | probes=2348 wrfail=0 down=0s maxout=0s
t=37s RTT mean=11914 min=11911 max=11933 n=67 to=0 | cancels=0(+0/s) seqbad=0 len_bad=0 disc=0(0x00) | tot_n=2414 tot_to=0 maxever=26913 >2ms=2414 >5ms=2414 >15ms=11 >20ms=1 >30ms=0 | probes=2415 wrfail=0 down=0s maxout=0s
t=38s RTT mean=11914 min=11912 max=11923 n=67 to=0 | cancels=0(+0/s) seqbad=0 len_bad=0 disc=0(0x00) | tot_n=2481 tot_to=0 maxever=26913 >2ms=2481 >5ms=2481 >15ms=11 >20ms=1 >30ms=0 | probes=2482 wrfail=0 down=0s maxout=0s
t=39s RTT mean=11914 min=11911 max=11934 n=66 to=0 | cancels=0(+0/s) seqbad=0 len_bad=0 disc=0(0x00) | tot_n=2547 tot_to=0 maxever=26913 >2ms=2547 >5ms=2547 >15ms=11 >20ms=1 >30ms=0 | probes=2548 wrfail=0 down=0s maxout=0s
t=40s RTT mean=12026 min=11911 max=19413 n=67 to=0 | cancels=0(+0/s) seqbad=0 len_bad=0 disc=0(0x00) | tot_n=2614 tot_to=0 maxever=26913 >2ms=2614 >5ms=2614 >15ms=12 >20ms=1 >30ms=0 | probes=2614 wrfail=0 down=0s maxout=0s
