*** Booting Zephyr OS build v4.4.1-4-g6a2245e1dc81 ***
[00:00:00.002,962] [0m<inf> bt_hci_core: HW Platform: Nordic Semiconductor (0x0002)[0m
[00:00:00.002,974] [0m<inf> bt_hci_core: HW Variant: nRF54Lx (0x0005)[0m
[00:00:00.002,985] [0m<inf> bt_hci_core: Firmware: Standard Bluetooth controller (0x00) Version 4.4 Build 1[0m
[00:00:00.003,330] [0m<inf> bt_hci_core: HCI transport: Controller[0m
[00:00:00.003,377] [0m<inf> bt_hci_core: Identity: FC:BE:FF:FA:E6:8B (random)[0m
[00:00:00.003,392] [0m<inf> bt_hci_core: HCI: version 5.4 (0x0d) revision 0x0000, manufacturer 0x05f1[0m
[00:00:00.003,407] [0m<inf> bt*** Booting Zephyr OS build v4.4.1-4-g6a2245e1dc81 ***
[00:00:00.151,142] [0m<inf> bt_hci_core: HW Platform: Nordic Semiconductor (0x0002)[0m
[00:00:00.151,154] [0m<inf> bt_hci_core: HW Variant: nRF54Lx (0x0005)[0m
[00:00:00.151,164] [0m<inf> bt_hci_core: Firmware: Standard Bluetooth controller (0x00) Version 4.4 Build 1[0m
[00:00:00.151,509] [0m<inf> bt_hci_core: HCI transport: Controller[0m
[00:00:00.151,556] [0m<inf> bt_hci_core: Identity: FC:BE:FF:FA:E6:8B (random)[0m
[00:00:00.151,572] [0m<inf> bt_hci_core: HCI: version 5.4 (0x0d) revision 0x0000, manufacturer 0x05f1[0m
[00:00:00.151,586] [0m<inf> bt_hci_core: LMP: version 5.4 (0x0d) subver 0xffff[0m

=== nRF54L15 RTT ping-pong CENTRAL ===
scan rc=0
t=1s RTT mean=0 min=0 max=0 n=0 to=0 | cancels=0(+0/s) seqbad=0 len_bad=0 disc=0(0x00) | tot_n=0 tot_to=0 maxever=0 >2ms=0 >5ms=0 >15ms=0 >20ms=0 >30ms=0 | probes=0 wrfail=0 down=1s maxout=1s
t=2s RTT mean=0 min=0 max=0 n=0 to=0 | cancels=0(+0/s) seqbad=0 len_bad=0 disc=0(0x00) | tot_n=0 tot_to=0 maxever=0 >2ms=0 >5ms=0 >15ms=0 >20ms=0 >30ms=0 | probes=0 wrfail=0 down=2s maxout=2s
t=3s RTT mean=0 min=0 max=0 n=0 to=0 | cancels=0(+0/s) seqbad=0 len_bad=0 disc=0(0x00) | tot_n=0 tot_to=0 maxever=0 >2ms=0 >5ms=0 >15ms=0 >20ms=0 >30ms=0 | probes=0 wrfail=0 down=3s maxout=3s
GAP connected interval=7500
MTU err=0 mtu=247
t=4s RTT mean=0 min=0 max=0 n=0 to=0 | cancels=0(+0/s) seqbad=0 len_bad=0 disc=0(0x00) | tot_n=0 tot_to=0 maxever=0 >2ms=0 >5ms=0 >15ms=0 >20ms=0 >30ms=0 | probes=0 wrfail=0 down=4s maxout=4s
PHY tx=2 rx=2
discovery start (post-PHY +500ms) interval=7500 phy2m=1
SUBSCRIBED, vh=14
LOADRAMP: bulk char handle=17
LOADRAMP: target=0 KBps for 60s
t=5s RTT mean=11887 min=11193 max=11922 n=26 to=0 | cancels=0(+0/s) seqbad=0 len_bad=0 disc=0(0x00) | tot_n=26 tot_to=0 maxever=11922 >2ms=26 >5ms=26 >15ms=0 >20ms=0 >30ms=0 | probes=27 wrfail=0 down=4s maxout=4s
t=6s RTT mean=11915 min=11910 max=11936 n=67 to=0 | cancels=0(+0/s) seqbad=0 len_bad=0 disc=0(0x00) | tot_n=93 tot_to=0 maxever=11936 >2ms=93 >5ms=93 >15ms=0 >20ms=0 >30ms=0 | probes=93 wrfail=0 down=4s maxout=4s
t=7s RTT mean=11915 min=11901 max=11932 n=66 to=0 | cancels=0(+0/s) seqbad=0 len_bad=0 disc=0(0x00) | tot_n=159 tot_to=0 maxever=11936 >2ms=159 >5ms=159 >15ms=0 >20ms=0 >30ms=0 | probes=160 wrfail=0 down=4s maxout=4s
FSU: request [150..150] us (ACL both dirs, 1M+2M) rc=0
t=8s RTT mean=11915 min=11875 max=11959 n=67 to=0 | cancels=0(+0/s) seqbad=0 len_bad=0 disc=0(0x00) | tot_n=226 tot_to=0 maxever=11959 >2ms=226 >5ms=226 >15ms=0 >20ms=0 >30ms=0 | probes=227 wrfail=0 down=4s maxout=4s
t=9s RTT mean=11915 min=11434 max=12396 n=67 to=0 | cancels=0(+0/s) seqbad=0 len_bad=0 disc=0(0x00) | tot_n=293 tot_to=0 maxever=12396 >2ms=293 >5ms=293 >15ms=0 >20ms=0 >30ms=0 | probes=293 wrfail=0 down=4s maxout=4s
t=10s RTT mean=11914 min=11911 max=11922 n=66 to=0 | cancels=0(+0/s) seqbad=0 len_bad=0 disc=0(0x00) | tot_n=359 tot_to=0 maxever=12396 >2ms=359 >5ms=359 >15ms=0 >20ms=0 >30ms=0 | probes=360 wrfail=0 down=4s maxout=4s
t=11s RTT mean=11915 min=11910 max=11933 n=67 to=0 | cancels=0(+0/s) seqbad=0 len_bad=0 disc=0(0x00) | tot_n=426 tot_to=0 maxever=12396 >2ms=426 >5ms=426 >15ms=0 >20ms=0 >30ms=0 | probes=427 wrfail=0 down=4s maxout=4s
t=12s RTT mean=11915 min=11912 max=11923 n=67 to=0 | cancels=0(+0/s) seqbad=0 len_bad=0 disc=0(0x00) | tot_n=493 tot_to=0 maxever=12396 >2ms=493 >5ms=493 >15ms=0 >20ms=0 >30ms=0 | probes=493 wrfail=0 down=4s maxout=4s
t=13s RTT mean=12029 min=11912 max=19415 n=66 to=0 | cancels=0(+0/s) seqbad=0 len_bad=0 disc=0(0x00) | tot_n=559 tot_to=0 maxever=19415 >2ms=559 >5ms=559 >15ms=1 >20ms=0 >30ms=0 | probes=560 wrfail=0 down=4s maxout=4s
t=14s RTT mean=11915 min=11901 max=11933 n=67 to=0 | cancels=0(+0/s) seqbad=0 len_bad=0 disc=0(0x00) | tot_n=626 tot_to=0 maxever=19415 >2ms=626 >5ms=626 >15ms=1 >20ms=0 >30ms=0 | probes=626 wrfail=0 down=4s maxout=4s
t=15s RTT mean=12147 min=11912 max=19415 n=65 to=0 | cancels=0(+0/s) seqbad=0 len_bad=0 disc=0(0x00) | tot_n=691 tot_to=0 maxever=19415 >2ms=691 >5ms=691 >15ms=3 >20ms=0 >30ms=0 | probes=692 wrfail=0 down=4s maxout=4s
t=16s RTT mean=11915 min=11912 max=11949 n=67 to=0 | cancels=0(+0/s) seqbad=0 len_bad=0 disc=0(0x00) | tot_n=758 tot_to=0 maxever=19415 >2ms=758 >5ms=758 >15ms=3 >20ms=0 >30ms=0 | probes=759 wrfail=0 down=4s maxout=4s
t=17s RTT mean=11915 min=11909 max=11948 n=67 to=0 | cancels=0(+0/s) seqbad=0 len_bad=0 disc=0(0x00) | tot_n=825 tot_to=0 maxever=19415 >2ms=825 >5ms=825 >15ms=3 >20ms=0 >30ms=0 | probes=825 wrfail=0 down=4s maxout=4s
t=18s RTT mean=11915 min=11911 max=11949 n=66 to=0 | cancels=0(+0/s) seqbad=0 len_bad=0 disc=0(0x00) | tot_n=891 tot_to=0 maxever=19415 >2ms=891 >5ms=891 >15ms=3 >20ms=0 >30ms=0 | probes=892 wrfail=0 down=4s maxout=4s
t=19s RTT mean=11916 min=11909 max=11949 n=67 to=0 | cancels=0(+0/s) seqbad=0 len_bad=0 disc=0(0x00) | tot_n=958 tot_to=0 maxever=19415 >2ms=958 >5ms=958 >15ms=3 >20ms=0 >30ms=0 | probes=959 wrfail=0 down=4s maxout=4s
t=20s RTT mean=11915 min=11912 max=11948 n=67 to=0 | cancels=0(+0/s) seqbad=0 len_bad=0 disc=0(0x00) | tot_n=1025 tot_to=0 maxever=19415 >2ms=1025 >5ms=1025 >15ms=3 >20ms=0 >30ms=0 | probes=1025 wrfail=0 down=4s maxout=4s
t=21s RTT mean=11916 min=11912 max=11949 n=66 to=0 | cancels=0(+0/s) seqbad=0 len_bad=0 disc=0(0x00) | tot_n=1091 tot_to=0 maxever=19415 >2ms=1091 >5ms=1091 >15ms=3 >20ms=0 >30ms=0 | probes=1092 wrfail=0 down=4s maxout=4s
t=22s RTT mean=12143 min=11911 max=19415 n=66 to=0 | cancels=0(+0/s) seqbad=0 len_bad=0 disc=0(0x00) | tot_n=1157 tot_to=0 maxever=19415 >2ms=1157 >5ms=1157 >15ms=5 >20ms=0 >30ms=0 | probes=1158 wrfail=0 down=4s maxout=4s
t=23s RTT mean=11915 min=11910 max=11926 n=67 to=0 | cancels=0(+0/s) seqbad=0 len_bad=0 disc=0(0x00) | tot_n=1224 tot_to=0 maxever=19415 >2ms=1224 >5ms=1224 >15ms=5 >20ms=0 >30ms=0 | probes=1224 wrfail=0 down=4s maxout=4s
t=24s RTT mean=11914 min=11911 max=11923 n=66 to=0 | cancels=0(+0/s) seqbad=0 len_bad=0 disc=0(0x00) | tot_n=1290 tot_to=0 maxever=19415 >2ms=1290 >5ms=1290 >15ms=5 >20ms=0 >30ms=0 | probes=1291 wrfail=0 down=4s maxout=4s
t=25s RTT mean=11915 min=11910 max=11934 n=67 to=0 | cancels=0(+0/s) seqbad=0 len_bad=0 disc=0(0x00) | tot_n=1357 tot_to=0 maxever=19415 >2ms=1357 >5ms=1357 >15ms=5 >20ms=0 >30ms=0 | probes=1358 wrfail=0 down=4s maxout=4s
t=26s RTT mean=11915 min=11912 max=11923 n=67 to=0 | cancels=0(+0/s) seqbad=0 len_bad=0 disc=0(0x00) | tot_n=1424 tot_to=0 maxever=19415 >2ms=1424 >5ms=1424 >15ms=5 >20ms=0 >30ms=0 | probes=1424 wrfail=0 down=4s maxout=4s
t=27s RTT mean=11915 min=11911 max=11935 n=66 to=0 | cancels=0(+0/s) seqbad=0 len_bad=0 disc=0(0x00) | tot_n=1490 tot_to=0 maxever=19415 >2ms=1490 >5ms=1490 >15ms=5 >20ms=0 >30ms=0 | probes=1491 wrfail=0 down=4s maxout=4s
t=28s RTT mean=11915 min=11900 max=11932 n=67 to=0 | cancels=0(+0/s) seqbad=0 len_bad=0 disc=0(0x00) | tot_n=1557 tot_to=0 maxever=19415 >2ms=1557 >5ms=1557 >15ms=5 >20ms=0 >30ms=0 | probes=1558 wrfail=0 down=4s maxout=4s
t=29s RTT mean=11915 min=11909 max=11925 n=67 to=0 | cancels=0(+0/s) seqbad=0 len_bad=0 disc=0(0x00) | tot_n=1624 tot_to=0 maxever=19415 >2ms=1624 >5ms=1624 >15ms=5 >20ms=0 >30ms=0 | probes=1624 wrfail=0 down=4s maxout=4s
t=30s RTT mean=12028 min=11911 max=19414 n=66 to=0 | cancels=0(+0/s) seqbad=0 len_bad=0 disc=0(0x00) | tot_n=1690 tot_to=0 maxever=19415 >2ms=1690 >5ms=1690 >15ms=6 >20ms=0 >30ms=0 | probes=1691 wrfail=0 down=4s maxout=4s
t=31s RTT mean=11915 min=11910 max=11935 n=67 to=0 | cancels=0(+0/s) seqbad=0 len_bad=0 disc=0(0x00) | tot_n=1757 tot_to=0 maxever=19415 >2ms=1757 >5ms=1757 >15ms=6 >20ms=0 >30ms=0 | probes=1757 wrfail=0 down=4s maxout=4s
t=32s RTT mean=11915 min=11911 max=11923 n=66 to=0 | cancels=0(+0/s) seqbad=0 len_bad=0 disc=0(0x00) | tot_n=1823 tot_to=0 maxever=19415 >2ms=1823 >5ms=1823 >15ms=6 >20ms=0 >30ms=0 | probes=1824 wrfail=0 down=4s maxout=4s
t=33s RTT mean=11915 min=11909 max=11934 n=67 to=0 | cancels=0(+0/s) seqbad=0 len_bad=0 disc=0(0x00) | tot_n=1890 tot_to=0 maxever=19415 >2ms=1890 >5ms=1890 >15ms=6 >20ms=0 >30ms=0 | probes=1891 wrfail=0 down=4s maxout=4s
t=34s RTT mean=11915 min=11911 max=11923 n=67 to=0 | cancels=0(+0/s) seqbad=0 len_bad=0 disc=0(0x00) | tot_n=1957 tot_to=0 maxever=19415 >2ms=1957 >5ms=1957 >15ms=6 >20ms=0 >30ms=0 | probes=1957 wrfail=0 down=4s maxout=4s
t=35s RTT mean=11915 min=11911 max=11934 n=66 to=0 | cancels=0(+0/s) seqbad=0 len_bad=0 disc=0(0x00) | tot_n=2023 tot_to=0 maxever=19415 >2ms=2023 >5ms=2023 >15ms=6 >20ms=0 >30ms=0 | probes=2024 wrfail=0 down=4s maxout=4s
t=36s RTT mean=11915 min=11912 max=11922 n=67 to=0 | cancels=0(+0/s) seqbad=0 len_bad=0 disc=0(0x00) | tot_n=2090 tot_to=0 maxever=19415 >2ms=2090 >5ms=2090 >15ms=6 >20ms=0 >30ms=0 | probes=2091 wrfail=0 down=4s maxout=4s
t=37s RTT mean=11915 min=11910 max=11926 n=67 to=0 | cancels=0(+0/s) seqbad=0 len_bad=0 disc=0(0x00) | tot_n=2157 tot_to=0 maxever=19415 >2ms=2157 >5ms=2157 >15ms=6 >20ms=0 >30ms=0 | probes=2157 wrfail=0 down=4s maxout=4s
t=38s RTT mean=11914 min=11912 max=11923 n=66 to=0 | cancels=0(+0/s) seqbad=0 len_bad=0 disc=0(0x00) | tot_n=2223 tot_to=0 maxever=19415 >2ms=2223 >5ms=2223 >15ms=6 >20ms=0 >30ms=0 | probes=2224 wrfail=0 down=4s maxout=4s
t=39s RTT mean=11915 min=11909 max=11934 n=67 to=0 | cancels=0(+0/s) seqbad=0 len_bad=0 disc=0(0x00) | tot_n=2290 tot_to=0 maxever=19415 >2ms=2290 >5ms=2290 >15ms=6 >20ms=0 >30ms=0 | probes=2291 wrfail=0 down=4s maxout=4s
t=40s RTT mean=11915 min=11911 max=11923 n=67 to=0 | cancels=0(+0/s) seqbad=0 len_bad=0 disc=0(0x00) | tot_n=2357 tot_to=0 maxever=19415 >2ms=2357 >5ms=2357 >15ms=6 >20ms=0 >30ms=0 | probes=2357 wrfail=0 down=4s maxout=4s
