*** Booting Zephyr OS build v4.4.1-4-g6a2245e1dc81 ***
[00:00:02.968,064] [0m<inf> bt_hci_core: HW Platform: Nordic Semiconductor (0x0002)[0m
[00:00:02.968,077] [0m<inf> bt_hci_core: HW Variant: nRF54Lx (0x0005)[0m
[00:00:02.968,089] [0m<inf> bt_hci_core: Firmware: Standard Bluetooth controller (0x00) Version 4.4 Build 1[0m
[00:00:02.968,428] [0m<inf> bt_hci_core: HCI transport: Controller[0m
[00:00:02.968,474] [0m<inf> bt_hci_core: Identity: D6:C7:60:B1:D3:0E (random)[0m
[00:00:02.968,490] [0m<inf> bt_hci_core: HCI: version 5.4 (0x0d) revision 0x0000, manufacturer 0x05f1[0m
[00:00:02.968,506] [0m<inf> bt_hci_core: LMP: version 5.4 (0x0d) subver 0xffff[0m

=== nRF54L15 RTT ping-pong PERIPHERAL (echo) ===
advertising
GAP connected interval=7500
P t=1s rxkBps=0 blkkBps=0 pongs=0(+0/s) cancels=0(+0/s) notify=0 disc=0(0x00) | echo rx=0 tx=0 pend=0 stale=0
P t=2s rxkBps=0 blkkBps=0 pongs=0(+0/s) cancels=0(+0/s) notify=0 disc=0(0x00) | echo rx=0 tx=0 pend=0 stale=0
P t=3s rxkBps=0 blkkBps=0 pongs=0(+0/s) cancels=0(+0/s) notify=0 disc=0(0x00) | echo rx=0 tx=0 pend=0 stale=0
P t=4s rxkBps=0 blkkBps=0 pongs=0(+0/s) cancels=0(+0/s) notify=0 disc=0(0x00) | echo rx=0 tx=0 pend=0 stale=0
GAP disconnected 0x08  lifetime=-1ms pongs_in_conn=0
advertising
GAP connected interval=7500
PHY tx=2 rx=2
CCC: notify ENABLED
P t=5s rxkBps=0 blkkBps=0 pongs=10(+10/s) cancels=0(+0/s) notify=1 disc=1(0x08) | echo rx=0 tx=0 pend=0 stale=0
P t=6s rxkBps=0 blkkBps=0 pongs=77(+67/s) cancels=0(+0/s) notify=1 disc=1(0x08) | echo rx=0 tx=0 pend=0 stale=0
P t=7s rxkBps=0 blkkBps=0 pongs=144(+67/s) cancels=0(+0/s) notify=1 disc=1(0x08) | echo rx=0 tx=0 pend=0 stale=0
P t=8s rxkBps=0 blkkBps=0 pongs=210(+66/s) cancels=0(+0/s) notify=1 disc=1(0x08) | echo rx=0 tx=0 pend=0 stale=0
P t=9s rxkBps=0 blkkBps=0 pongs=277(+67/s) cancels=0(+0/s) notify=1 disc=1(0x08) | echo rx=0 tx=0 pend=0 stale=0
P t=10s rxkBps=0 blkkBps=0 pongs=344(+67/s) cancels=0(+0/s) notify=1 disc=1(0x08) | echo rx=0 tx=0 pend=0 stale=0
P t=11s rxkBps=0 blkkBps=0 pongs=410(+66/s) cancels=0(+0/s) notify=1 disc=1(0x08) | echo rx=0 tx=0 pend=0 stale=0
P t=12s rxkBps=0 blkkBps=0 pongs=477(+67/s) cancels=0(+0/s) notify=1 disc=1(0x08) | echo rx=0 tx=0 pend=0 stale=0
P t=13s rxkBps=0 blkkBps=0 pongs=543(+66/s) cancels=0(+0/s) notify=1 disc=1(0x08) | echo rx=0 tx=0 pend=0 stale=0
P t=14s rxkBps=0 blkkBps=0 pongs=610(+67/s) cancels=0(+0/s) notify=1 disc=1(0x08) | echo rx=0 tx=0 pend=0 stale=0
P t=15s rxkBps=0 blkkBps=0 pongs=676(+66/s) cancels=0(+0/s) notify=1 disc=1(0x08) | echo rx=0 tx=0 pend=0 stale=0
P t=16s rxkBps=0 blkkBps=0 pongs=742(+66/s) cancels=0(+0/s) notify=1 disc=1(0x08) | echo rx=0 tx=0 pend=0 stale=0
P t=17s rxkBps=0 blkkBps=0 pongs=809(+67/s) cancels=0(+0/s) notify=1 disc=1(0x08) | echo rx=0 tx=0 pend=0 stale=0
P t=18s rxkBps=0 blkkBps=0 pongs=876(+67/s) cancels=0(+0/s) notify=1 disc=1(0x08) | echo rx=0 tx=0 pend=0 stale=0
P t=19s rxkBps=0 blkkBps=0 pongs=942(+66/s) cancels=0(+0/s) notify=1 disc=1(0x08) | echo rx=0 tx=0 pend=0 stale=0
P t=20s rxkBps=0 blkkBps=0 pongs=1009(+67/s) cancels=0(+0/s) notify=1 disc=1(0x08) | echo rx=0 tx=0 pend=0 stale=0
P t=21s rxkBps=0 blkkBps=0 pongs=1076(+67/s) cancels=0(+0/s) notify=1 disc=1(0x08) | echo rx=0 tx=0 pend=0 stale=0
P t=22s rxkBps=0 blkkBps=0 pongs=1141(+65/s) cancels=0(+0/s) notify=1 disc=1(0x08) | echo rx=0 tx=0 pend=0 stale=0
P t=23s rxkBps=0 blkkBps=0 pongs=1208(+67/s) cancels=0(+0/s) notify=1 disc=1(0x08) | echo rx=0 tx=0 pend=0 stale=0
P t=24s rxkBps=0 blkkBps=0 pongs=1275(+67/s) cancels=0(+0/s) notify=1 disc=1(0x08) | echo rx=0 tx=0 pend=0 stale=0
P t=25s rxkBps=0 blkkBps=0 pongs=1341(+66/s) cancels=0(+0/s) notify=1 disc=1(0x08) | echo rx=0 tx=0 pend=0 stale=0
P t=26s rxkBps=0 blkkBps=0 pongs=1408(+67/s) cancels=0(+0/s) notify=1 disc=1(0x08) | echo rx=0 tx=0 pend=0 stale=0
P t=27s rxkBps=0 blkkBps=0 pongs=1475(+67/s) cancels=0(+0/s) notify=1 disc=1(0x08) | echo rx=0 tx=0 pend=0 stale=0
P t=28s rxkBps=0 blkkBps=0 pongs=1541(+66/s) cancels=0(+0/s) notify=1 disc=1(0x08) | echo rx=0 tx=0 pend=0 stale=0
P t=29s rxkBps=0 blkkBps=0 pongs=1608(+67/s) cancels=0(+0/s) notify=1 disc=1(0x08) | echo rx=0 tx=0 pend=0 stale=0
P t=30s rxkBps=0 blkkBps=0 pongs=1675(+67/s) cancels=0(+0/s) notify=1 disc=1(0x08) | echo rx=0 tx=0 pend=0 stale=0
P t=31s rxkBps=0 blkkBps=0 pongs=1741(+66/s) cancels=0(+0/s) notify=1 disc=1(0x08) | echo rx=0 tx=0 pend=0 stale=0
P t=32s rxkBps=0 blkkBps=0 pongs=1808(+67/s) cancels=0(+0/s) notify=1 disc=1(0x08) | echo rx=0 tx=0 pend=0 stale=0
P t=33s rxkBps=0 blkkBps=0 pongs=1874(+66/s) cancels=0(+0/s) notify=1 disc=1(0x08) | echo rx=0 tx=0 pend=0 stale=0
P t=34s rxkBps=0 blkkBps=0 pongs=1941(+67/s) cancels=0(+0/s) notify=1 disc=1(0x08) | echo rx=0 tx=0 pend=0 stale=0
P t=35s rxkBps=0 blkkBps=0 pongs=2008(+67/s) cancels=0(+0/s) notify=1 disc=1(0x08) | echo rx=0 tx=0 pend=0 stale=0
P t=36s rxkBps=0 blkkBps=0 pongs=2074(+66/s) cancels=0(+0/s) notify=1 disc=1(0x08) | echo rx=0 tx=0 pend=0 stale=0
P t=37s rxkBps=0 blkkBps=0 pongs=2141(+67/s) cancels=0(+0/s) notify=1 disc=1(0x08) | echo rx=0 tx=0 pend=0 stale=0
P t=38s rxkBps=0 blkkBps=0 pongs=2208(+67/s) cancels=0(+0/s) notify=1 disc=1(0x08) | echo rx=0 tx=0 pend=0 stale=0
P t=39s rxkBps=0 blkkBps=0 pongs=2274(+66/s) cancels=0(+0/s) notify=1 disc=1(0x08) | echo rx=0 tx=0 pend=0 stale=0
P t=40s rxkBps=0 blkkBps=0 pongs=2341(+67/s) cancels=0(+0/s) notify=1 disc=1(0x08) | echo rx=0 tx=0 pend=0 stale=0
P t=41s rxkBps=0 blkkBps=0 pongs=2408(+67/s) cancels=0(+0/s) notify=1 disc=1(0x08) | echo rx=0 tx=0 pend=0 stale=0
P t=42s rxkBps=0 blkkBps=0 pongs=2474(+66/s) cancels=0(+0/s) notify=1 disc=1(0x08) | echo rx=0 tx=0 pend=0 stale=0
P t=43s rxkBP t=52s rxkBps=0 blkkBps=0 pongs=3141(+67/s) cancels=0(+0/s) notify=1 disc=1(0x08) | echo rx=0 tx=0 pend=0 stale=0
P t=53s rxkBps=0 blkkBps=0 pongs=3207(+66/s) cancels=0(+0/s) notify=1 disc=1(0x08) | echo rx=0 tx=0 pend=0 stale=0
P t=54s rxkBps=0 blkkBps=0 pongs=3274(+67/s) cancels=0(+0/s) notify=1 disc=1(0x08) | echo rx=0 tx=0 pend=0 stale=0
P t=55s rxkBps=0 blkkBps=0 pongs=3341(+67/s) cancels=0(+0/s) notify=1 disc=1(0x08) | echo rx=0 tx=0 pend=0 stale=0
P t=56s rxkBps=0 blkkBps=0 pongs=3407(+66/s) cancels=0(+0/s) notify=1 disc=1(0x08) | echo rx=0 tx=0 pend=0 stale=0
P t=57s rxkBps=0 blkkBps=0 pongs=3474(+67/s) cancels=0(+0/s) notify=1 disc=1(0x08) | echo rx=0 tx=0 pend=0 stale=0
P t=58s rxkBps=0 blkkBps=0 pongs=3541(+67/s) cancels=0(+0/s) notify=1 disc=1(0x08) | echo rx=0 tx=0 pend=0 stale=0
P t=59s rxkBps=0 blkkBps=0 pongs=3607(+66/s) cancels=0(+0/s) notify=1 disc=1(0x08) | echo rx=0 tx=0 pend=0 stale=0
P t=60s rxkBps=0 blkkBps=0 pongs=3674(+67/s) cancels=0(+0/s) notify=1 disc=1(0x08) | echo rx=0 tx=0 pend=0 stale=0
P t=61s rxkBps=0 blkkBps=0 pongs=3741(+67/s) cancels=0(+0/s) notify=1 disc=1(0x08) | echo rx=0 tx=0 pend=0 stale=0
P t=62s rxkBps=0 blkkBps=0 pongs=3807(+66/s) cancels=0(+0/s) notify=1 disc=1(0x08) | echo rx=0 tx=0 pend=0 stale=0
P t=63s rxkBps=0 blkkBps=0 pongs=3874(+67/s) cancels=0(+0/s) notify=1 disc=1(0x08) | echo rx=0 tx=0 pend=0 stale=0
P t=64s rxkBps=0 blkkBps=0 pongs=3941(+67/s) cancels=0(+0/s) notify=1 disc=1(0x08) | echo rx=0 tx=0 pend=0 stale=0
P t=65s rxkBps=0 blkkBps=5 pongs=4006(+65/s) cancels=0(+0/s) notify=1 disc=1(0x08) | echo rx=0 tx=0 pend=0 stale=0
P t=66s rxkBps=0 blkkBps=25 pongs=4067(+61/s) cancels=0(+0/s) notify=1 disc=1(0x08) | echo rx=0 tx=0 pend=0 stale=0
P t=67s rxkBps=0 blkkBps=23 pongs=4127(+60/s) cancels=0(+0/s) notify=1 disc=1(0x08) | echo rx=0 tx=0 pend=0 stale=0
P t=68s rxkBps=0 blkkBps=25 pongs=4187(+60/s) cancels=0(+0/s) notify=1 disc=1(0x08) | echo rx=0 tx=0 pend=0 stale=0
P t=69s rxkBps=0 blkkBps=25 pongs=4248(+61/s) cancels=0(+0/s) notify=1 disc=1(0x08) | echo rx=0 tx=0 pend=0 stale=0
P t=70s rxkBps=0 blkkBps=24 pongs=4308(+60/s) cancels=0(+0/s) notify=1 disc=1(0x08) | echo rx=0 tx=0 pend=0 stale=0
P t=71s rxkBps=0 blkkBps=25 pongs=4368(+60/s) cancels=0(+0/s) notify=1 disc=1(0x08) | echo rx=0 tx=0 pend=0 stale=0
P t=72s rxkBps=0 blkkBps=25 pongs=4429(+61/s) cancels=0(+0/s) notify=1 disc=1(0x08) | echo rx=0 tx=0 pend=0 stale=0
P t=73s rxkBps=0 blkkBps=24 pongs=4489(+60/s) cancels=0(+0/s) notify=1 disc=1(0x08) | echo rx=0 tx=0 pend=0 stale=0
P t=74s rxkBps=0 blkkBps=25 pongs=4548(+59/s) cancels=0(+0/s) notify=1 disc=1(0x08) | echo rx=0 tx=0 pend=0 stale=0
P t=75s rxkBps=0 blkkBps=25 pongs=4609(+61/s) cancels=0(+0/s) notify=1 disc=1(0x08) | echo rx=0 tx=0 pend=0 stale=0
P t=76s rxkBps=0 blkkBps=24 pongs=4670(+61/s) cancels=0(+0/s) notify=1 disc=1(0x08) | echo rx=0 tx=0 pend=0 stale=0
P t=77s rxkBps=0 blkkBps=24 pongs=4730(+60/s) cancels=0(+0/s) notify=1 disc=1(0x08) | echo rx=0 tx=0 pend=0 stale=0
P t=78s rxkBps=0 blkkBps=25 pongs=4791(+61/s) cancels=0(+0/s) notify=1 disc=1(0x08) | echo rx=0 tx=0 pend=0 stale=0
P t=79s rxkBps=0 blkkBps=24 pongs=4851(+60/s) cancels=0(+0/s) notify=1 disc=1(0x08) | echo rx=0 tx=0 pend=0 stale=0
P t=80s rxkBps=0 blkkBps=24 pongs=4912(+61/s) cancels=0(+0/s) notify=1 disc=1(0x08) | echo rx=0 tx=0 pend=0 stale=0
P t=81s rxkBps=0 blkkBps=25 pongs=4972(+60/s) cancels=0(+0/s) notify=1 disc=1(0x08) | echo rx=0 tx=0 pend=0 stale=0
P t=82s rxkBps=0 blkkBps=24 pongs=5032(+60/s) cancels=0(+0/s) notify=1 disc=1(0x08) | echo rx=0 tx=0 pend=0 stale=0
P t=83s rxkBps=0 blkkBps=24 pongs=5092(+60/s) cancels=0(+0/s) notify=1 disc=1(0x08) | echo rx=0 tx=0 pend=0 stale=0
P t=84s rxkBps=0 blkkBps=25 pongs=5153(+61/s) cancels=0(+0/s) notify=1 disc=1(0x08) | echo rx=0 tx=0 pend=0 stale=0
P t=85s rxkBps=0 blkkBps=24 pongs=5214(+61/s) cancels=0(+0/s) notify=1 disc=1(0x08) | echo rx=0 tx=0 pend=0 stale=0
P t=86s rxkBps=0 blkkBps=25 pongs=5274(+60/s) cancels=0(+0/s) notify=1 disc=1(0x08) | echo rx=0 tx=0 pend=0 stale=0
P t=87s rxkBps=0 blkkBps=25 pongs=5335(+61/s) cancels=0(+0/s) notify=1 disc=1(0x08) | echo rx=0 tx=0 pend=0 stale=0
P t=88s rxkBps=0 blkkBps=24 pongs=5395(+60/s) cancels=0(+0/s) notify=1 disc=1(0x08) | echo rx=0 tx=0 pend=0 stale=0
P t=89s rxkBps=0 blkkBps=24 pongs=5455(+60/s) cancels=0(+0/s) notify=1 disc=1(0x08) | echo rx=0 tx=0 pend=0 stale=0
P t=90s rxkBps=0 blkkBps=25 pongs=5516(+61/s) cancels=0(+0/s) notify=1 disc=1(0x08) | echo rx=0 tx=0 pend=0 stale=0
P t=91s rxkBps=0 blkkBps=25 pongs=5577(+61/s) cancels=0(+0/s) notify=1 disc=1(0x08) | echo rx=0 tx=0 pend=0 stale=0
P t=92s rxkBps=0 blkkBps=24 pongs=5638(+61/s) cancels=0(+0/s) notify=1 disc=1(0x08) | echo rx=0 tx=0 pend=0 stale=0
P t=93s rxkBps=0 blkkBps=25 pongs=5699(+61/s) cancels=0(+0/s) notify=1 disc=1(0x08) | echo rx=0 tx=0 pend=0 stale=0
P t=94s rxkBps=0 blkkBps=24 pongs=5760(+61/s) cancels=0(+0/s) notify=1 disc=1(0x08) | echo rx=0 tx=0 pend=0 stale=0
P t=95s rxkBps=0 blkkBps=25 pongs=5820(+60/s) cancels=0(+0/s) notify=1 disc=1(0x08) | echo rx=0 tx=0 pend=0 stale=0
P t=96s rxkBps=0 blkkBps=25 pongs=5881(+61/s) cancels=0(+0/s) notify=1 disc=1(0x08) | echo rx=0 tx=0 pend=0 stale=0
P t=97s rxkBps=0 blkkBps=24 pongs=5942(+61/s) cancels=0(+0/s) notify=1 disc=1(0x08) | echo rx=0 tx=0 pend=0 stale=0
P t=98s rxkBps=0 blkkBps=24 pongs=6002(+60/s) cancels=0(+0/s) notify=1 disc=1(0x08) | echo rx=0 tx=0 pend=0 stale=0
P t=99s rxkBps=0 blkkBps=25 pongs=6063(+61/s) cancels=0(+0/s) notify=1 disc=1(0x08) | echo rx=0 tx=0 pend=0 stale=0
P t=100s rxkBps=0 blkkBps=24 pongs=6124(+61/s) cancels=0(+0/s) notify=1 disc=1(0x08) | echo rx=0 tx=0 pend=0 stale=0
P t=101s rP t=110s rxkBps=0 blkkBps=25 pongs=6730(+60/s) cancels=0(+0/s) notify=1 disc=1(0x08) | echo rx=0 tx=0 pend=0 stale=0
P t=111s rxkBps=0 blkkBps=24 pongs=6791(+61/s) cancels=0(+0/s) notify=1 disc=1(0x08) | echo rx=0 tx=0 pend=0 stale=0
P t=112s rxkBps=0 blkkBps=24 pongs=6850(+59/s) cancels=0(+0/s) notify=1 disc=1(0x08) | echo rx=0 tx=0 pend=0 stale=0
P t=113s rxkBps=0 blkkBps=25 pongs=6910(+60/s) cancels=0(+0/s) notify=1 disc=1(0x08) | echo rx=0 tx=0 pend=0 stale=0
P t=114s rxkBps=0 blkkBps=25 pongs=6971(+61/s) cancels=0(+0/s) notify=1 disc=1(0x08) | echo rx=0 tx=0 pend=0 stale=0
P t=115s rxkBps=0 blkkBps=24 pongs=7032(+61/s) cancels=0(+0/s) notify=1 disc=1(0x08) | echo rx=0 tx=0 pend=0 stale=0
P t=116s rxkBps=0 blkkBps=25 pongs=7092(+60/s) cancels=0(+0/s) notify=1 disc=1(0x08) | echo rx=0 tx=0 pend=0 stale=0
P t=117s rxkBps=0 blkkBps=25 pongs=7153(+61/s) cancels=0(+0/s) notify=1 disc=1(0x08) | echo rx=0 tx=0 pend=0 stale=0
P t=118s rxkBps=0 blkkBps=24 pongs=7214(+61/s) cancels=0(+0/s) notify=1 disc=1(0x08) | echo rx=0 tx=0 pend=0 stale=0
P t=119s rxkBps=0 blkkBps=24 pongs=7274(+60/s) cancels=0(+0/s) notify=1 disc=1(0x08) | echo rx=0 tx=0 pend=0 stale=0
P t=120s rxkBps=0 blkkBps=25 pongs=7335(+61/s) cancels=0(+0/s) notify=1 disc=1(0x08) | echo rx=0 tx=0 pend=0 stale=0
P t=121s rxkBps=0 blkkBps=24 pongs=7395(+60/s) cancels=0(+0/s) notify=1 disc=1(0x08) | echo rx=0 tx=0 pend=0 stale=0
P t=122s rxkBps=0 blkkBps=25 pongs=7455(+60/s) cancels=0(+0/s) notify=1 disc=1(0x08) | echo rx=0 tx=0 pend=0 stale=0
P t=123s rxkBps=0 blkkBps=24 pongs=7514(+59/s) cancels=0(+0/s) notify=1 disc=1(0x08) | echo rx=0 tx=0 pend=0 stale=0
P t=124s rxkBps=0 blkkBps=24 pongs=7575(+61/s) cancels=0(+0/s) notify=1 disc=1(0x08) | echo rx=0 tx=0 pend=0 stale=0
P t=125s rxkBps=0 blkkBps=25 pongs=7635(+60/s) cancels=0(+0/s) notify=1 disc=1(0x08) | echo rx=0 tx=0 pend=0 stale=0
P t=126s rxkBps=0 blkkBps=50 pongs=7689(+54/s) cancels=0(+0/s) notify=1 disc=1(0x08) | echo rx=0 tx=0 pend=0 stale=0
P t=127s rxkBps=0 blkkBps=48 pongs=7743(+54/s) cancels=0(+0/s) notify=1 disc=1(0x08) | echo rx=0 tx=0 pend=0 stale=0
P t=128s rxkBps=0 blkkBps=50 pongs=7796(+53/s) cancels=0(+0/s) notify=1 disc=1(0x08) | echo rx=0 tx=0 pend=0 stale=0
P t=129s rxkBps=0 blkkBps=50 pongs=7850(+54/s) cancels=0(+0/s) notify=1 disc=1(0x08) | echo rx=0 tx=0 pend=0 stale=0
P t=130s rxkBps=0 blkkBps=49 pongs=7904(+54/s) cancels=0(+0/s) notify=1 disc=1(0x08) | echo rx=0 tx=0 pend=0 stale=0
P t=131s rxkBps=0 blkkBps=50 pongs=7958(+54/s) cancels=0(+0/s) notify=1 disc=1(0x08) | echo rx=0 tx=0 pend=0 stale=0
P t=132s rxkBps=0 blkkBps=48 pongs=8011(+53/s) cancels=0(+0/s) notify=1 disc=1(0x08) | echo rx=0 tx=0 pend=0 stale=0
P t=133s rxkBps=0 blkkBps=51 pongs=8064(+53/s) cancels=0(+0/s) notify=1 disc=1(0x08) | echo rx=0 tx=0 pend=0 stale=0
P t=134s rxkBps=0 blkkBps=49 pongs=8119(+55/s) cancels=0(+0/s) notify=1 disc=1(0x08) | echo rx=0 tx=0 pend=0 stale=0
P t=135s rxkBps=0 blkkBps=50 pongs=8174(+55/s) cancels=0(+0/s) notify=1 disc=1(0x08) | echo rx=0 tx=0 pend=0 stale=0
P t=136s rxkBps=0 blkkBps=49 pongs=8228(+54/s) cancels=0(+0/s) notify=1 disc=1(0x08) | echo rx=0 tx=0 pend=0 stale=0
P t=137s rxkBps=0 blkkBps=50 pongs=8282(+54/s) cancels=0(+0/s) notify=1 disc=1(0x08) | echo rx=0 tx=0 pend=0 stale=0
P t=138s rxkBps=0 blkkBps=50 pongs=8336(+54/s) cancels=0(+0/s) notify=1 disc=1(0x08) | echo rx=0 tx=0 pend=0 stale=0
P t=139s rxkBps=0 blkkBps=50 pongs=8390(+54/s) cancels=0(+0/s) notify=1 disc=1(0x08) | echo rx=0 tx=0 pend=0 stale=0
P t=140s rxkBps=0 blkkBps=49 pongs=8444(+54/s) cancels=0(+0/s) notify=1 disc=1(0x08) | echo rx=0 tx=0 pend=0 stale=0
P t=141s rxkBps=0 blkkBps=49 pongs=8499(+55/s) cancels=0(+0/s) notify=1 disc=1(0x08) | echo rx=0 tx=0 pend=0 stale=0
P t=142s rxkBps=0 blkkBps=49 pongs=8553(+54/s) cancels=0(+0/s) notify=1 disc=1(0x08) | echo rx=0 tx=0 pend=0 stale=0
P t=143s rxkBps=0 blkkBps=50 pongs=8607(+54/s) cancels=0(+0/s) notify=1 disc=1(0x08) | echo rx=0 tx=0 pend=0 stale=0
P t=144s rxkBps=0 blkkBps=50 pongs=8662(+55/s) cancels=0(+0/s) notify=1 disc=1(0x08) | echo rx=0 tx=0 pend=0 stale=0
P t=145s rxkBps=0 blkkBps=49 pongs=8716(+54/s) cancels=0(+0/s) notify=1 disc=1(0x08) | echo rx=0 tx=0 pend=0 stale=0
P t=146s rxkBps=0 blkkBps=50 pongs=8770(+54/s) cancels=0(+0/s) notify=1 disc=1(0x08) | echo rx=0 tx=0 pend=0 stale=0
P t=147s rxkBps=0 blkkBps=50 pongs=8825(+55/s) cancels=0(+0/s) notify=1 disc=1(0x08) | echo rx=0 tx=0 pend=0 stale=0
P t=148s rxkBps=0 blkkBps=49 pongs=8879(+54/s) cancels=0(+0/s) notify=1 disc=1(0x08) | echo rx=0 tx=0 pend=0 stale=0
P t=149s rxkBps=0 blkkBps=50 pongs=8933(+54/s) cancels=0(+0/s) notify=1 disc=1(0x08) | echo rx=0 tx=0 pend=0 stale=0
P t=150s rxkBps=0 blkkBps=50 pongs=8988(+55/s) cancels=0(+0/s) notify=1 disc=1(0x08) | echo rx=0 tx=0 pend=0 stale=0
P t=151s rxkBps=0 blkkBps=49 pongs=9042(+54/s) cancels=0(+0/s) notify=1 disc=1(0x08) | echo rx=0 tx=0 pend=0 stale=0
P t=152s rxkBps=0 blkkBps=50 pongs=9097(+55/s) cancels=0(+0/s) notify=1 disc=1(0x08) | echo rx=0 tx=0 pend=0 stale=0
P t=153s rxkBps=0 blkkBps=50 pongs=9150(+53/s) cancels=0(+0/s) notify=1 disc=1(0x08) | echo rx=0 tx=0 pend=0 stale=0
P t=154s rxkBps=0 blkkBps=48 pongs=9205(+55/s) cancels=0(+0/s) notify=1 disc=1(0x08) | echo rx=0 tx=0 pend=0 stale=0
P t=155s rxkBps=0 blkkBps=50 pongs=9260(+55/s) cancels=0(+0/s) notify=1 disc=1(0x08) | echo rx=0 tx=0 pend=0 stale=0
P t=156s rxkBps=0 blkkBps=50 pongs=9314(+54/s) cancels=0(+0/s) notify=1 disc=1(0x08) | echo rx=0 tx=0 pend=0 stale=0
P t=157s rxkBps=0 blkkBps=49 pongs=9368(+54/s) cancels=0(+0/s) notify=1 disc=1(0x08) | echo rx=0 tx=0 pend=0 stale=0
