   1.683  *** Booting Zephyr OS build v4.4.2-16-gfee9fbc62095 ***
   1.738  [00:18:46.908,619] [0m<inf> bt_hci_core: HW Platform: Nordic Semiconductor (0x0002)[0m
   1.738  [00:18:46.908,631] [0m<inf> bt_hci_core: HW Variant: nRF54Lx (0x0005)[0m
   1.738  [00:18:46.908,643] [0m<inf> bt_hci_core: Firmware: Standard Bluetooth controller (0x00) Version 4.4 Build 2[0m
   1.738  [00:18:46.908,985] [0m<inf> bt_hci_core: HCI transport: Controller[0m
   1.738  [00:18:46.909,031] [0m<inf> bt_hci_core: Identity: D6:C7:60:B1:D3:0E (random)[0m
   1.738  [00:18:46.909,047] [0m<inf> bt_hci_core: HCI: version 5.4 (0x0d) revision 0x0000, manufacturer 0x05f1[0m
   1.738  [00:18:46.909,062] [0m<inf> bt_hci_core: LMP: version 5.4 (0x0d) subver 0xffff[0m
   1.738  
   1.793  === nRF54L15 RTT ping-pong PERIPHERAL (echo) ===
   1.793  advertising
   3.100  GAP connected interval=11250
   3.100  PHY tx=2 rx=2
   3.100  P t=1s rxkBps=0 blkkBps=0 pongs=0(+0/s) cancels=0(+0/s) notify=0 disc=0(0x00) | echo rx=0 tx=0 pend=0 stale=0
   3.100  CCC: notify ENABLED
   4.740  P t=2s rxkBps=71 blkkBps=0 pongs=298(+298/s) cancels=0(+0/s) notify=1 disc=0(0x00) | echo rx=0 tx=0 pend=0 stale=0
   4.740  P t=3s rxkBps=75 blkkBps=0 pongs=616(+318/s) cancels=0(+0/s) notify=1 disc=0(0x00) | echo rx=0 tx=0 pend=0 stale=0
   6.726  P t=4s rxkBps=79 blkkBps=0 pongs=950(+334/s) cancels=0(+0/s) notify=1 disc=0(0x00) | echo rx=0 tx=0 pend=0 stale=0
   6.726  P t=5s rxkBps=79 blkkBps=0 pongs=1284(+334/s) cancels=0(+0/s) notify=1 disc=0(0x00) | echo rx=0 tx=0 pend=0 stale=0
   8.740  P t=6s rxkBps=76 blkkBps=0 pongs=1607(+323/s) cancels=0(+0/s) notify=1 disc=0(0x00) | echo rx=0 tx=0 pend=0 stale=0
   8.740  P t=7s rxkBps=73 blkkBps=0 pongs=1917(+310/s) cancels=0(+0/s) notify=1 disc=0(0x00) | echo rx=0 tx=0 pend=0 stale=0
  10.738  P t=8s rxkBps=78 blkkBps=0 pongs=2248(+331/s) cancels=0(+0/s) notify=1 disc=0(0x00) | echo rx=0 tx=0 pend=0 stale=0
  10.738  P t=9s rxkBps=75 blkkBps=0 pongs=2564(+316/s) cancels=0(+0/s) notify=1 disc=0(0x00) | echo rx=0 tx=0 pend=0 stale=0
  12.734  P t=10s rxkBps=72 blkkBps=0 pongs=2869(+305/s) cancels=0(+0/s) notify=1 disc=0(0x00) | echo rx=0 tx=0 pend=0 stale=0
  12.734  P t=11s rxkBps=73 blkkBps=0 pongs=3177(+308/s) cancels=0(+0/s) notify=1 disc=0(0x00) | echo rx=0 tx=0 pend=0 stale=0
  14.732  P t=12s rxkBps=78 blkkBps=0 pongs=3508(+331/s) cancels=0(+0/s) notify=1 disc=0(0x00) | echo rx=0 tx=0 pend=0 stale=0
  14.733  P t=13s rxkBps=77 blkkBps=0 pongs=3832(+324/s) cancels=0(+0/s) notify=1 disc=0(0x00) | echo rx=0 tx=0 pend=0 stale=0
  16.734  P t=14s rxkBps=74 blkkBps=0 pongs=4143(+311/s) cancels=0(+0/s) notify=1 disc=0(0x00) | echo rx=0 tx=0 pend=0 stale=0
  16.734  P t=15s rxkBps=69 blkkBps=0 pongs=4436(+293/s) cancels=0(+0/s) notify=1 disc=0(0x00) | echo rx=0 tx=0 pend=0 stale=0
  18.741  P t=16s rxkBps=70 blkkBps=0 pongs=4730(+294/s) cancels=0(+0/s) notify=1 disc=0(0x00) | echo rx=0 tx=0 pend=0 stale=0
  18.741  P t=17s rxkBps=65 blkkBps=0 pongs=5006(+276/s) cancels=0(+0/s) notify=1 disc=0(0x00) | echo rx=0 tx=0 pend=0 stale=0
  20.708  P t=18s rxkBps=70 blkkBps=0 pongs=5301(+295/s) cancels=0(+0/s) notify=1 disc=0(0x00) | echo rx=0 tx=0 pend=0 stale=0
  20.708  P t=19s rxkBps=78 blkkBps=0 pongs=5632(+331/s) cancels=0(+0/s) notify=1 disc=0(0x00) | echo rx=0 tx=0 pend=0 stale=0
  22.718  P t=20s rxkBps=78 blkkBps=0 pongs=5961(+329/s) cancels=0(+0/s) notify=1 disc=0(0x00) | echo rx=0 tx=0 pend=0 stale=0
  22.718  P t=21s rxkBps=81 blkkBps=0 pongs=6301(+340/s) cancels=0(+0/s) notify=1 disc=0(0x00) | echo rx=0 tx=0 pend=0 stale=0
  24.728  P t=22s rxkBps=60 blkkBps=0 pongs=6554(+253/s) cancels=0(+0/s) notify=1 disc=0(0x00) | echo rx=0 tx=0 pend=0 stale=0
  24.728  P t=23s rxkBps=61 blkkBps=0 pongs=6810(+256/s) cancels=0(+0/s) notify=1 disc=0(0x00) | echo rx=0 tx=0 pend=0 stale=0
  26.730  P t=24s rxkBps=53 blkkBps=0 pongs=7035(+225/s) cancels=0(+0/s) notify=1 disc=0(0x00) | echo rx=0 tx=0 pend=0 stale=0
  26.730  P t=25s rxkBps=65 blkkBps=0 pongs=7310(+275/s) cancels=0(+0/s) notify=1 disc=0(0x00) | echo rx=0 tx=0 pend=0 stale=0
  28.717  P t=26s rxkBps=67 blkkBps=0 pongs=7592(+282/s) cancels=0(+0/s) notify=1 disc=0(0x00) | echo rx=0 tx=0 pend=0 stale=0
  28.717  P t=27s rxkBps=72 blkkBps=0 pongs=7897(+305/s) cancels=0(+0/s) notify=1 disc=0(0x00) | echo rx=0 tx=0 pend=0 stale=0
  30.711  P t=28s rxkBps=65 blkkBps=0 pongs=8173(+276/s) cancels=0(+0/s) notify=1 disc=0(0x00) | echo rx=0 tx=0 pend=0 stale=0
  30.712  P t=29s rxkBps=69 blkkBps=0 pongs=8464(+291/s) cancels=0(+0/s) notify=1 disc=0(0x00) | echo rx=0 tx=0 pend=0 stale=0
  32.716  P t=30s rxkBps=68 blkkBps=0 pongs=8751(+287/s) cancels=0(+0/s) notify=1 disc=0(0x00) | echo rx=0 tx=0 pend=0 stale=0
  32.717  P t=31s rxkBps=78 blkkBps=0 pongs=9082(+331/s) cancels=0(+0/s) notify=1 disc=0(0x00) | echo rx=0 tx=0 pend=0 stale=0
  34.719  P t=32s rxkBps=81 blkkBps=0 pongs=9425(+343/s) cancels=0(+0/s) notify=1 disc=0(0x00) | echo rx=0 tx=0 pend=0 stale=0
  34.719  P t=33s rxkBps=77 blkkBps=0 pongs=9751(+326/s) cancels=0(+0/s) notify=1 disc=0(0x00) | echo rx=0 tx=0 pend=0 stale=0
  36.723  P t=34s rxkBps=77 blkkBps=0 pongs=10075(+324/s) cancels=0(+0/s) notify=1 disc=0(0x00) | echo rx=0 tx=0 pend=0 stale=0
  36.723  P t=35s rxkBps=75 blkkBps=0 pongs=10391(+316/s) cancels=0(+0/s) notify=1 disc=0(0x00) | echo rx=0 tx=0 pend=0 stale=0
  38.733  P t=36s rxkBps=78 blkkBps=0 pongs=10720(+329/s) cancels=0(+0/s) notify=1 disc=0(0x00) | echo rx=0 tx=0 pend=0 stale=0
  38.733  P t=37s rxkBps=77 blkkBps=0 pongs=11044(+324/s) cancels=0(+0/s) notify=1 disc=0(0x00) | echo rx=0 tx=0 pend=0 stale=0
  40.732  P t=38s rxkBps=70 blkkBps=0 pongs=11341(+297/s) cancels=0(+0/s) notify=1 disc=0(0x00) | echo rx=0 tx=0 pend=0 stale=0
  40.732  P t=39s rxkBps=68 blkkBps=0 pongs=11629(+288/s) cancels=0(+0/s) notify=1 disc=0(0x00) | echo rx=0 tx=0 pend=0 stale=0
  42.729  P t=40s rxkBps=64 blkkBps=0 pongs=11901(+272/s) cancels=0(+0/s) notify=1 disc=0(0x00) | echo rx=0 tx=0 pend=0 stale=0
  42.729  P t=41s rxkBps=73 blkkBps=0 pongs=12209(+308/s) cancels=0(+0/s) notify=1 disc=0(0x00) | echo rx=0 tx=0 pend=0 stale=0
  44.745  P t=42s rxkBps=61 blkkBps=0 pongs=12468(+259/s) cancels=0(+0/s) notify=1 disc=0(0x00) | echo rx=0 tx=0 pend=0 stale=0
  44.745  P t=43s rxkBps=74 blkkBps=0 pongs=12780(+312/s) cancels=0(+0/s) notify=1 disc=0(0x00) | echo rx=0 tx=0 pend=0 stale=0
