   1.680  *** Booting Zephyr OS build v4.4.2-16-gfee9fbc62095 ***
   1.680  [00:28:56.496,662] [0m<inf> bt_hci_core: HW Platform: Nordic Semiconductor (0x0002)[0m
   1.732  [00:28:56.496,675] [0m<inf> bt_hci_core: HW Variant: nRF54Lx (0x0005)[0m
   1.732  [00:28:56.496,686] [0m<inf> bt_hci_core: Firmware: Standard Bluetooth controller (0x00) Version 4.4 Build 2[0m
   1.732  [00:28:56.497,029] [0m<inf> bt_hci_core: HCI transport: Controller[0m
   1.732  [00:28:56.497,074] [0m<inf> bt_hci_core: Identity: D6:C7:60:B1:D3:0E (random)[0m
   1.732  [00:28:56.497,091] [0m<inf> bt_hci_core: HCI: version 5.4 (0x0d) revision 0x0000, manufacturer 0x05f1[0m
   1.732  [00:28:56.497,106] [0m<inf> bt_hci_core: LMP: version 5.4 (0x0d) subver 0xffff[0m
   1.732  
   1.732  === nRF54L15 RTT ping-pong PERIPHERAL (echo) ===
   1.732  advertising
   2.972  GAP connected interval=13750
   2.972  PHY tx=2 rx=2
   2.972  CCC: notify ENABLED
   2.972  P t=1s rxkBps=0 blkkBps=0 pongs=0(+0/s) cancels=0(+0/s) notify=1 disc=0(0x00) | echo rx=0 tx=0 pend=0 stale=0
   4.722  P t=2s rxkBps=78 blkkBps=0 pongs=330(+330/s) cancels=0(+0/s) notify=1 disc=0(0x00) | echo rx=0 tx=0 pend=0 stale=0
   4.722  P t=3s rxkBps=80 blkkBps=0 pongs=666(+336/s) cancels=0(+0/s) notify=1 disc=0(0x00) | echo rx=0 tx=0 pend=0 stale=0
   6.728  P t=4s rxkBps=76 blkkBps=0 pongs=987(+321/s) cancels=0(+0/s) notify=1 disc=0(0x00) | echo rx=0 tx=0 pend=0 stale=0
   6.728  P t=5s rxkBps=81 blkkBps=0 pongs=1330(+343/s) cancels=0(+0/s) notify=1 disc=0(0x00) | echo rx=0 tx=0 pend=0 stale=0
   8.725  P t=6s rxkBps=81 blkkBps=0 pongs=1670(+340/s) cancels=0(+0/s) notify=1 disc=0(0x00) | echo rx=0 tx=0 pend=0 stale=0
   8.725  P t=7s rxkBps=81 blkkBps=0 pongs=2014(+344/s) cancels=0(+0/s) notify=1 disc=0(0x00) | echo rx=0 tx=0 pend=0 stale=0
  10.686  P t=8s rxkBps=81 blkkBps=0 pongs=2354(+340/s) cancels=0(+0/s) notify=1 disc=0(0x00) | echo rx=0 tx=0 pend=0 stale=0
  10.686  P t=9s rxkBps=82 blkkBps=0 pongs=2699(+345/s) cancels=0(+0/s) notify=1 disc=0(0x00) | echo rx=0 tx=0 pend=0 stale=0
  12.700  P t=10s rxkBps=78 blkkBps=0 pongs=3028(+329/s) cancels=0(+0/s) notify=1 disc=0(0x00) | echo rx=0 tx=0 pend=0 stale=0
  12.700  P t=11s rxkBps=80 blkkBps=0 pongs=3364(+336/s) cancels=0(+0/s) notify=1 disc=0(0x00) | echo rx=0 tx=0 pend=0 stale=0
  14.720  P t=12s rxkBps=76 blkkBps=0 pongs=3686(+322/s) cancels=0(+0/s) notify=1 disc=0(0x00) | echo rx=0 tx=0 pend=0 stale=0
  14.720  P t=13s rxkBps=81 blkkBps=0 pongs=4027(+341/s) cancels=0(+0/s) notify=1 disc=0(0x00) | echo rx=0 tx=0 pend=0 stale=0
  16.728  P t=14s rxkBps=79 blkkBps=0 pongs=4360(+333/s) cancels=0(+0/s) notify=1 disc=0(0x00) | echo rx=0 tx=0 pend=0 stale=0
  16.728  P t=15s rxkBps=82 blkkBps=0 pongs=4706(+346/s) cancels=0(+0/s) notify=1 disc=0(0x00) | echo rx=0 tx=0 pend=0 stale=0
  18.728  P t=16s rxkBps=85 blkkBps=0 pongs=5063(+357/s) cancels=0(+0/s) notify=1 disc=0(0x00) | echo rx=0 tx=0 pend=0 stale=0
  18.728  P t=17s rxkBps=73 blkkBps=0 pongs=5370(+307/s) cancels=0(+0/s) notify=1 disc=0(0x00) | echo rx=0 tx=0 pend=0 stale=0
  20.683  P t=18s rxkBps=72 blkkBps=0 pongs=5676(+306/s) cancels=0(+0/s) notify=1 disc=0(0x00) | echo rx=0 tx=0 pend=0 stale=0
  20.739  P t=19s rxkBps=66 blkkBps=0 pongs=5953(+277/s) cancels=0(+0/s) notify=1 disc=0(0x00) | echo rx=0 tx=0 pend=0 stale=0
  22.699  P t=20s rxkBps=70 blkkBps=0 pongs=6250(+297/s) cancels=0(+0/s) notify=1 disc=0(0x00) | echo rx=0 tx=0 pend=0 stale=0
  22.700  P t=21s rxkBps=69 blkkBps=0 pongs=6541(+291/s) cancels=0(+0/s) notify=1 disc=0(0x00) | echo rx=0 tx=0 pend=0 stale=0
  24.684  P t=22s rxkBps=64 blkkBps=0 pongs=6812(+271/s) cancels=0(+0/s) notify=1 disc=0(0x00) | echo rx=0 tx=0 pend=0 stale=0
  24.740  P t=23s rxkBps=70 blkkBps=0 pongs=7109(+297/s) cancels=0(+0/s) notify=1 disc=0(0x00) | echo rx=0 tx=0 pend=0 stale=0
  26.686  P t=24s rxkBps=83 blkkBps=0 pongs=7458(+349/s) cancels=0(+0/s) notify=1 disc=0(0x00) | echo rx=0 tx=0 pend=0 stale=0
  26.742  P t=25s rxkBps=78 blkkBps=0 pongs=7789(+331/s) cancels=0(+0/s) notify=1 disc=0(0x00) | echo rx=0 tx=0 pend=0 stale=0
  28.722  P t=26s rxkBps=67 blkkBps=0 pongs=8074(+285/s) cancels=0(+0/s) notify=1 disc=0(0x00) | echo rx=0 tx=0 pend=0 stale=0
  28.722  P t=27s rxkBps=74 blkkBps=0 pongs=8386(+312/s) cancels=0(+0/s) notify=1 disc=0(0x00) | echo rx=0 tx=0 pend=0 stale=0
  30.722  P t=28s rxkBps=77 blkkBps=0 pongs=8710(+324/s) cancels=0(+0/s) notify=1 disc=0(0x00) | echo rx=0 tx=0 pend=0 stale=0
  30.722  P t=29s rxkBps=64 blkkBps=0 pongs=8979(+269/s) cancels=0(+0/s) notify=1 disc=0(0x00) | echo rx=0 tx=0 pend=0 stale=0
  32.708  P t=30s rxkBps=72 blkkBps=0 pongs=9282(+303/s) cancels=0(+0/s) notify=1 disc=0(0x00) | echo rx=0 tx=0 pend=0 stale=0
  32.708  P t=31s rxkBps=74 blkkBps=0 pongs=9593(+311/s) cancels=0(+0/s) notify=1 disc=0(0x00) | echo rx=0 tx=0 pend=0 stale=0
  34.717  P t=32s rxkBps=63 blkkBps=0 pongs=9860(+267/s) cancels=0(+0/s) notify=1 disc=0(0x00) | echo rx=0 tx=0 pend=0 stale=0
  34.717  P t=33s rxkBps=69 blkkBps=0 pongs=10153(+293/s) cancels=0(+0/s) notify=1 disc=0(0x00) | echo rx=0 tx=0 pend=0 stale=0
  36.716  P t=34s rxkBps=66 blkkBps=0 pongs=10434(+281/s) cancels=0(+0/s) notify=1 disc=0(0x00) | echo rx=0 tx=0 pend=0 stale=0
  36.716  P t=35s rxkBps=82 blkkBps=0 pongs=10781(+347/s) cancels=0(+0/s) notify=1 disc=0(0x00) | echo rx=0 tx=0 pend=0 stale=0
  38.701  P t=36s rxkBps=81 blkkBps=0 pongs=11123(+342/s) cancels=0(+0/s) notify=1 disc=0(0x00) | echo rx=0 tx=0 pend=0 stale=0
  38.701  P t=37s rxkBps=79 blkkBps=0 pongs=11455(+332/s) cancels=0(+0/s) notify=1 disc=0(0x00) | echo rx=0 tx=0 pend=0 stale=0
  40.711  P t=38s rxkBps=83 blkkBps=0 pongs=11805(+350/s) cancels=0(+0/s) notify=1 disc=0(0x00) | echo rx=0 tx=0 pend=0 stale=0
  40.711  P t=39s rxkBps=84 blkkBps=0 pongs=12159(+354/s) cancels=0(+0/s) notify=1 disc=0(0x00) | echo rx=0 tx=0 pend=0 stale=0
  42.706  P t=40s rxkBps=77 blkkBps=0 pongs=12486(+327/s) cancels=0(+0/s) notify=1 disc=0(0x00) | echo rx=0 tx=0 pend=0 stale=0
  42.706  P t=41s rxkBps=81 blkkBps=0 pongs=12827(+341/s) cancels=0(+0/s) notify=1 disc=0(0x00) | echo rx=0 tx=0 pend=0 stale=0
  44.735  P t=42s rxkBps=76 blkkBps=0 pongs=13148(+321/s) cancels=0(+0/s) notify=1 disc=0(0x00) | echo rx=0 tx=0 pend=0 stale=0
  44.735  P t=43s rxkBps=82 blkkBps=0 pongs=13496(+348/s) cancels=0(+0/s) notify=1 disc=0(0x00) | echo rx=0 tx=0 pend=0 stale=0
