   1.892  *** Booting Zephyr OS build v4.4.2-16-gfee9fbc62095 ***
   1.892  [00:20:22.945,684] [0m<inf> bt_hci_core: HW Platform: Nordic Semiconductor (0x0002)[0m
   1.892  [00:20:22.945,697] [0m<inf> bt_hci_core: HW Variant: nRF54Lx (0x0005)[0m
   1.947  [00:20:22.945,709] [0m<inf> bt_hci_core: Firmware: Standard Bluetooth controller (0x00) Version 4.4 Build 2[0m
   1.947  [00:20:22.946,057] [0m<inf> bt_hci_core: HCI transport: Controller[0m
   1.947  [00:20:22.946,106] [0m<inf> bt_hci_core: Identity: FC:BE:FF:FA:E6:8B (random)[0m
   1.947  [00:20:22.946,122] [0m<inf> bt_hci_core: HCI: version 5.4 (0x0d) revision 0x0000, manufacturer 0x05f1[0m
   1.947  [00:20:22.946,137] [0m<inf> bt_hci_core: LMP: version 5.4 (0x0d) subver 0xffff[0m
   1.947  
   1.947  === nRF54L15 RTT ping-pong CENTRAL ===
   1.947  scan rc=0
   1.947  Q2CONN AA=b7340c09 CRCINIT=0a510a hop=12 chan_count=37 map=ffffffff1f
   1.947  GAP connected interval=11250
   1.999  MTU err=0 mtu=247
   2.645  PHY tx=2 rx=2
   2.645  discovery start (post-PHY +500ms) interval=11250 phy2m=1
   2.645  SUBSCRIBED, vh=14
   2.645  BLAST: phy_update->2M rc=0
   2.645  BLAST first16_call_us: 126 119 120 121 122 121 217 137 143 138 57 54 54 54 54 54
   3.684  PHY tx=2 rx=2
   3.684  t=1s RTT mean=0 min=0 max=0 n=0 to=0 | cancels=0(+0/s) seqbad=0 len_bad=57 disc=0(0x00) | tot_n=0 tot_to=0 maxever=0 >2ms=0 >5ms=0 >15ms=0 >20ms=0 >30ms=0 | probes=0 wrfail=0 down=0s maxout=0s
   3.684  BLASTC comp=69 exkBps=13 cgap_us[min/avg/max]=129/3716/36546
   3.739  BLAST phy=2/2 att=79 ok=79 enomem=0 err=0 call_us[min/avg/max]=54/3188/35811 okgap_max_us=35823
   4.890  t=2s RTT mean=0 min=0 max=0 n=0 to=0 | cancels=0(+0/s) seqbad=0 len_bad=376 disc=0(0x00) | tot_n=0 tot_to=0 maxever=0 >2ms=0 >5ms=0 >15ms=0 >20ms=0 >30ms=0 | probes=0 wrfail=0 down=0s maxout=0s
   4.945  BLASTC comp=319 exkBps=76 cgap_us[min/avg/max]=2395/3125/15307
   4.946  BLAST phy=2/2 att=319 ok=319 enomem=0 err=0 call_us[min/avg/max]=2327/3113/15296 okgap_max_us=15373
   4.946  RPT pe: events=177 mean=3.80 mode=4 max=4 | 0:4 1:4 2:1 3:4 4:164
   4.946  BLASTC comp=336 exkBps=80 cgap_us[min/avg/max]=2386/2972/15306
   4.946  BLAST phy=2/2 att=336 ok=336 enomem=0 err=0 call_us[min/avg/max]=2380/2960/15294 okgap_max_us=15306
   4.946  t=3s RTT mean=0 min=0 max=0 n=0 to=0 | cancels=0(+0/s) seqbad=0 len_bad=713 disc=0(0x00) | tot_n=0 tot_to=0 maxever=0 >2ms=0 >5ms=0 >15ms=0 >20ms=0 >30ms=0 | probes=0 wrfail=0 down=0s maxout=0s
   6.631  FSU: request [150..150] us (ACL both dirs, 1M+2M) rc=0
   6.631  t=4s RTT mean=0 min=0 max=0 n=0 to=0 | cancels=0(+0/s) seqbad=0 len_bad=1031 disc=0(0x00) | tot_n=0 tot_to=0 maxever=0 >2ms=0 >5ms=0 >15ms=0 >20ms=0 >30ms=0 | probes=0 wrfail=0 down=0s maxout=0s
   6.686  BLASTC comp=320 exkBps=76 cgap_us[min/avg/max]=1443/3128/15307
   6.686  BLAST phy=2/2 att=320 ok=320 enomem=0 err=0 call_us[min/avg/max]=1431/3116/15295 okgap_max_us=15307
   6.903  RPT pe: events=178 mean=3.76 mode=4 max=5 | 0:5 1:6 2:2 3:1 4:163 5:1
   6.903  BLASTC comp=325 exkBps=77 cgap_us[min/avg/max]=2389/3073/15307
   6.903  BLAST phy=2/2 att=325 ok=325 enomem=0 err=0 call_us[min/avg/max]=2323/3061/15296 okgap_max_us=15307
   6.954  t=5s RTT mean=0 min=0 max=0 n=0 to=0 | cancels=0(+0/s) seqbad=0 len_bad=1357 disc=0(0x00) | tot_n=0 tot_to=0 maxever=0 >2ms=0 >5ms=0 >15ms=0 >20ms=0 >30ms=0 | probes=0 wrfail=0 down=0s maxout=0s
   8.903  t=6s RTT mean=0 min=0 max=0 n=0 to=0 | cancels=0(+0/s) seqbad=0 len_bad=1661 disc=0(0x00) | tot_n=0 tot_to=0 maxever=0 >2ms=0 >5ms=0 >15ms=0 >20ms=0 >30ms=0 | probes=0 wrfail=0 down=0s maxout=0s
   8.903  BLASTC comp=305 exkBps=72 cgap_us[min/avg/max]=2390/3282/20103
   8.958  BLAST phy=2/2 att=305 ok=305 enomem=0 err=0 call_us[min/avg/max]=2321/3270/20091 okgap_max_us=20103
   8.958  RPT pe: events=178 mean=3.78 mode=4 max=5 | 0:2 1:7 2:4 3:2 4:163
   8.958  BLASTC comp=336 exkBps=80 cgap_us[min/avg/max]=2395/2972/11251
   8.958  BLAST phy=2/2 att=336 ok=336 enomem=0 err=0 call_us[min/avg/max]=2323/2960/11240 okgap_max_us=11251
   8.958  t=7s RTT mean=0 min=0 max=0 n=0 to=0 | cancels=0(+0/s) seqbad=0 len_bad=1998 disc=0(0x00) | tot_n=0 tot_to=0 maxever=0 >2ms=0 >5ms=0 >15ms=0 >20ms=0 >30ms=0 | probes=0 wrfail=0 down=0s maxout=0s
  10.924  t=8s RTT mean=0 min=0 max=0 n=0 to=0 | cancels=0(+0/s) seqbad=0 len_bad=2328 disc=0(0x00) | tot_n=0 tot_to=0 maxever=0 >2ms=0 >5ms=0 >15ms=0 >20ms=0 >30ms=0 | probes=0 wrfail=0 down=0s maxout=0s
  10.924  BLASTC comp=331 exkBps=78 cgap_us[min/avg/max]=2394/3024/15307
  10.924  BLAST phy=2/2 att=331 ok=331 enomem=0 err=0 call_us[min/avg/max]=2337/3013/15296 okgap_max_us=15307
  10.924  RPT pe: events=177 mean=3.84 mode=4 max=5 | 0:5 1:1 2:2 3:1 4:168
  10.979  t=9s RTT mean=0 min=0 max=0 n=0 to=0 | cancels=0(+0/s) seqbad=0 len_bad=2659 disc=0(0x00) | tot_n=0 tot_to=0 maxever=0 >2ms=0 >5ms=0 >15ms=0 >20ms=0 >30ms=0 | probes=0 wrfail=0 down=0s maxout=0s
  10.979  BLASTC comp=331 exkBps=78 cgap_us[min/avg/max]=2394/3024/15307
  10.979  BLAST phy=2/2 att=331 ok=331 enomem=0 err=0 call_us[min/avg/max]=2323/3012/15295 okgap_max_us=15307
  12.888  BLASTC comp=324 exkBps=77 cgap_us[min/avg/max]=2394/3077/26560
  12.888  BLAST phy=2/2 att=324 ok=324 enomem=0 err=0 call_us[min/avg/max]=2323/3065/26548 okgap_max_us=26560
  12.943  t=10s RTT mean=0 min=0 max=0 n=0 to=0 | cancels=0(+0/s) seqbad=0 len_bad=2984 disc=0(0x00) | tot_n=0 tot_to=0 maxever=0 >2ms=0 >5ms=0 >15ms=0 >20ms=0 >30ms=0 | probes=0 wrfail=0 down=0s maxout=0s
  12.943  RPT pe: events=178 mean=3.83 mode=4 max=5 | 0:3 1:2 2:4 3:4 4:165
  12.943  BLASTC comp=330 exkBps=78 cgap_us[min/avg/max]=2386/3034/15307
  12.943  BLAST phy=2/2 att=330 ok=330 enomem=0 err=0 call_us[min/avg/max]=2375/3022/15296 okgap_max_us=15307
  12.998  t=11s RTT mean=0 min=0 max=0 n=0 to=0 | cancels=0(+0/s) seqbad=0 len_bad=3314 disc=0(0x00) | tot_n=0 tot_to=0 maxever=0 >2ms=0 >5ms=0 >15ms=0 >20ms=0 >30ms=0 | probes=0 wrfail=0 down=0s maxout=0s
  14.882  BLASTC comp=330 exkBps=78 cgap_us[min/avg/max]=2396/3026/15307
  14.933  BLAST phy=2/2 att=330 ok=330 enomem=0 err=0 call_us[min/avg/max]=2384/3014/15295 okgap_max_us=15307
  14.933  t=12s RTT mean=0 min=0 max=0 n=0 to=0 | cancels=0(+0/s) seqbad=0 len_bad=3644 disc=0(0x00) | tot_n=0 tot_to=0 maxever=0 >2ms=0 >5ms=0 >15ms=0 >20ms=0 >30ms=0 | probes=0 wrfail=0 down=0s maxout=0s
  14.934  RPT pe: events=178 mean=3.79 mode=4 max=5 | 0:5 1:2 2:4 3:2 4:165
  14.934  BLASTC comp=331 exkBps=78 cgap_us[min/avg/max]=2386/3024/15307
  14.934  BLAST phy=2/2 att=331 ok=331 enomem=0 err=0 call_us[min/avg/max]=2375/3012/15295 okgap_max_us=15307
  14.989  t=13s RTT mean=0 min=0 max=0 n=0 to=0 | cancels=0(+0/s) seqbad=0 len_bad=3975 disc=0(0x00) | tot_n=0 tot_to=0 maxever=0 >2ms=0 >5ms=0 >15ms=0 >20ms=0 >30ms=0 | probes=0 wrfail=0 down=0s maxout=0s
  16.895  BLASTC comp=317 exkBps=75 cgap_us[min/avg/max]=2395/3150/17706
  16.895  BLAST phy=2/2 att=317 ok=317 enomem=0 err=0 call_us[min/avg/max]=2336/3139/17693 okgap_max_us=17705
  16.951  t=14s RTT mean=0 min=0 max=0 n=0 to=0 | cancels=0(+0/s) seqbad=0 len_bad=4292 disc=0(0x00) | tot_n=0 tot_to=0 maxever=0 >2ms=0 >5ms=0 >15ms=0 >20ms=0 >30ms=0 | probes=0 wrfail=0 down=0s maxout=0s
  16.951  RPT pe: events=178 mean=3.81 mode=4 max=5 | 0:4 1:2 2:3 3:5 4:164
  16.951  BLASTC comp=336 exkBps=80 cgap_us[min/avg/max]=2388/2979/15307
  16.951  BLAST phy=2/2 att=336 ok=336 enomem=0 err=0 call_us[min/avg/max]=2331/2968/15295 okgap_max_us=15307
  16.951  t=15s RTT mean=0 min=0 max=0 n=0 to=0 | cancels=0(+0/s) seqbad=0 len_bad=4628 disc=0(0x00) | tot_n=0 tot_to=0 maxever=0 >2ms=0 >5ms=0 >15ms=0 >20ms=0 >30ms=0 | probes=0 wrfail=0 down=0s maxout=0s
  18.908  BLASTC comp=319 exkBps=76 cgap_us[min/avg/max]=2395/3131/20103
  18.908  BLAST phy=2/2 att=319 ok=319 enomem=0 err=0 call_us[min/avg/max]=2336/3119/20091 okgap_max_us=20103
  18.908  t=16s RTT mean=0 min=0 max=0 n=0 to=0 | cancels=0(+0/s) seqbad=0 len_bad=4947 disc=0(0x00) | tot_n=0 tot_to=0 maxever=0 >2ms=0 >5ms=0 >15ms=0 >20ms=0 >30ms=0 | probes=0 wrfail=0 down=0s maxout=0s
  18.963  RPT pe: events=178 mean=3.76 mode=4 max=5 | 0:5 1:2 2:5 3:5 4:161
  18.963  BLASTC comp=332 exkBps=79 cgap_us[min/avg/max]=2393/3015/15306
  18.964  BLAST phy=2/2 att=332 ok=332 enomem=0 err=0 call_us[min/avg/max]=2332/3003/15295 okgap_max_us=15306
  18.964  t=17s RTT mean=0 min=0 max=0 n=0 to=0 | cancels=0(+0/s) seqbad=0 len_bad=5279 disc=0(0x00) | tot_n=0 tot_to=0 maxever=0 >2ms=0 >5ms=0 >15ms=0 >20ms=0 >30ms=0 | probes=0 wrfail=0 down=0s maxout=0s
  20.906  t=18s RTT mean=0 min=0 max=0 n=0 to=0 | cancels=0(+0/s) seqbad=0 len_bad=5613 disc=0(0x00) | tot_n=0 tot_to=0 maxever=0 >2ms=0 >5ms=0 >15ms=0 >20ms=0 >30ms=0 | probes=0 wrfail=0 down=0s maxout=0s
  20.906  BLASTC comp=335 exkBps=79 cgap_us[min/avg/max]=2395/2988/15307
  20.958  BLAST phy=2/2 att=335 ok=335 enomem=0 err=0 call_us[min/avg/max]=2335/2976/15295 okgap_max_us=15307
  20.958  RPT pe: events=177 mean=3.64 mode=4 max=5 | 0:11 1:4 2:3 3:1BLASTC comp=299 exkBps=71 cgap_us[min/avg/max]=2390/3335/26557
  20.958  BLAST phy=2/2 att=299 ok=299 enomem=0 err=0 call_us[min/avg/max]=2329/3323/26545 okgap_max_us=26557
  20.958   4:158
  20.958  t=19s RTT mean=0 min=0 max=0 n=0 to=0 | cancels=0(+0/s) seqbad=0 len_bad=5913 disc=0(0x00) | tot_n=0 tot_to=0 maxever=0 >2ms=0 >5ms=0 >15ms=0 >20ms=0 >30ms=0 | probes=0 wrfail=0 down=0s maxout=0s
  22.928  BLASTC comp=273 exkBps=65 cgap_us[min/avg/max]=2392/3667/37807
  22.928  BLAST phy=2/2 att=273 ok=273 enomem=0 err=0 call_us[min/avg/max]=2381/3655/37795 okgap_max_us=37806
  22.928  t=20s RTT mean=0 min=0 max=0 n=0 to=0 | cancels=0(+0/s) seqbad=0 len_bad=6186 disc=0(0x00) | tot_n=0 tot_to=0 maxever=0 >2ms=0 >5ms=0 >15ms=0 >20ms=0 >30ms=0 | probes=0 wrfail=0 down=0s maxout=0s
  22.928  BLASTC comp=255 exkBps=60 cgap_us[min/avg/max]=2395/3917/33752
  22.928  BLAST phy=2/2 att=255 ok=255 enomem=0 err=0 call_us[min/avg/max]=2382/3905/33740 okgap_max_us=33752
  22.928  RPT pe: events=178 mean=3.06 mode=4 max=5 | 0:27 1:13 2:8 3:3 4:127
  22.983  t=21s RTT mean=0 min=0 max=0 n=0 to=0 | cancels=0(+0/s) seqbad=0 len_bad=6442 disc=0(0x00) | tot_n=0 tot_to=0 maxever=0 >2ms=0 >5ms=0 >15ms=0 >20ms=0 >30ms=0 | probes=0 wrfail=0 down=0s maxout=0s
  24.883  BLASTC comp=271 exkBps=64 cgap_us[min/avg/max]=2388/3694/45001
  24.939  BLAST phy=2/2 att=271 ok=271 enomem=0 err=0 call_us[min/avg/max]=2303/3682/44989 okgap_max_us=45001
  24.939  t=22s RTT mean=0 min=0 max=0 n=0 to=0 | cancels=0(+0/s) seqbad=0 len_bad=6712 disc=0(0x00) | tot_n=0 tot_to=0 maxever=0 >2ms=0 >5ms=0 >15ms=0 >20ms=0 >30ms=0 | probes=0 wrfail=0 down=0s maxout=0s
  24.939  BLASTC comp=292 exkBps=69 cgap_us[min/avg/max]=2396/3420/22500
  24.939  BLAST phy=2/2 att=292 ok=292 enomem=0 err=0 call_us[min/avg/max]=2329/3408/22488 okgap_max_us=22500
  24.939  RPT pe: events=178 mean=3.26 mode=4 max=5 | 0:17 1:14 2:8 3:5 4:134
  24.994  t=23s RTT mean=0 min=0 max=0 n=0 to=0 | cancels=0(+0/s) seqbad=0 len_bad=7005 disc=0(0x00) | tot_n=0 tot_to=0 maxever=0 >2ms=0 >5ms=0 >15ms=0 >20ms=0 >30ms=0 | probes=0 wrfail=0 down=0s maxout=0s
  26.888  BLASTC comp=322 exkBps=76 cgap_us[min/avg/max]=2387/3109/15307
  26.944  BLAST phy=2/2 att=322 ok=322 enomem=0 err=0 call_us[min/avg/max]=2314/3097/15295 okgap_max_us=15307
  26.944  t=24s RTT mean=0 min=0 max=0 n=0 to=0 | cancels=0(+0/s) seqbad=0 len_bad=7326 disc=0(0x00) | tot_n=0 tot_to=0 maxever=0 >2ms=0 >5ms=0 >15ms=0 >20ms=0 >30ms=0 | probes=0 wrfail=0 down=0s maxout=0s
  26.944  BLASTC comp=334 exkBps=79 cgap_us[min/avg/max]=2395/2990/15308
  26.944  BLAST phy=2/2 att=334 ok=334 enomem=0 err=0 call_us[min/avg/max]=2331/2978/15297 okgap_max_us=15309
  26.944  RPT pe: events=178 mean=3.76 mode=4 max=5 | 0:3 1:7 2:3 3:3 4:162
  26.999  t=25s RTT mean=0 min=0 max=0 n=0 to=0 | cancels=0(+0/s) seqbad=0 len_bad=7661 disc=0(0x00) | tot_n=0 tot_to=0 maxever=0 >2ms=0 >5ms=0 >15ms=0 >20ms=0 >30ms=0 | probes=0 wrfail=0 down=0s maxout=0s
  28.902  BLASTC comp=324 exkBps=77 cgap_us[min/avg/max]=2389/3090/15317
  28.902  BLAST phy=2/2 att=324 ok=324 enomem=0 err=0 call_us[min/avg/max]=2317/3078/15304 okgap_max_us=15316
  28.957  t=26s RTT mean=0 min=0 max=0 n=0 to=0 | cancels=0(+0/s) seqbad=0 len_bad=7984 disc=0(0x00) | tot_n=0 tot_to=0 maxever=0 >2ms=0 >5ms=0 >15ms=0 >20ms=0 >30ms=0 | probes=0 wrfail=0 down=0s maxout=0s
  28.958  RPT pe: events=178 mean=3.69 mode=4 max=5 | 0:8 1:1 2:7 3:5 4:157
  28.958  BLASTC comp=320 exkBps=76 cgap_us[min/avg/max]=2393/3128/15307
  28.958  BLAST phy=2/2 att=320 ok=320 enomem=0 err=0 call_us[min/avg/max]=2348/3116/15295 okgap_max_us=15307
  28.958  t=27s RTT mean=0 min=0 max=0 n=0 to=0 | cancels=0(+0/s) seqbad=0 len_bad=8304 disc=0(0x00) | tot_n=0 tot_to=0 maxever=0 >2ms=0 >5ms=0 >15ms=0 >20ms=0 >30ms=0 | probes=0 wrfail=0 down=0s maxout=0s
  30.904  BLASTC comp=328 exkBps=78 cgap_us[min/avg/max]=2395/3040/15310
  30.904  BLAST phy=2/2 att=328 ok=328 enomem=0 err=0 call_us[min/avg/max]=2337/3028/15298 okgap_max_us=15310
  30.958  t=28s RTT mean=0 min=0 max=0 n=0 to=0 | cancels=0(+0/s) seqbad=0 len_bad=8633 disc=0(0x00) | tot_n=0 tot_to=0 maxever=0 >2ms=0 >5ms=0 >15ms=0 >20ms=0 >30ms=0 | probes=0 wrfail=0 down=0s maxout=0s
  30.958  RPT pe: events=177 mean=3.75 mode=4 max=5 | 0:4 1:5 2:6 3:1 4:161BLASTC comp=328 exkBps=78 cgap_us[min/avg/max]=2390/3052/17705
  30.958  BLAST phy=2/2 att=328 ok=328 enomem=0 err=0 call_us[min/avg/max]=2378/3040/17693 okgap_max_us=17705
  30.958  
  30.958  t=29s RTT mean=0 min=0 max=0 n=0 to=0 | cancels=0(+0/s) seqbad=0 len_bad=8960 disc=0(0x00) | tot_n=0 tot_to=0 maxever=0 >2ms=0 >5ms=0 >15ms=0 >20ms=0 >30ms=0 | probes=0 wrfail=0 down=0s maxout=0s
  32.917  BLASTC comp=328 exkBps=78 cgap_us[min/avg/max]=2394/3045/15307
  32.918  BLAST phy=2/2 att=328 ok=328 enomem=0 err=0 call_us[min/avg/max]=2379/3033/15295 okgap_max_us=15307
  32.918  t=30s RTT mean=0 min=0 max=0 n=0 to=0 | cancels=0(+0/s) seqbad=0 len_bad=9289 disc=0(0x00) | tot_n=0 tot_to=0 maxever=0 >2ms=0 >5ms=0 >15ms=0 >20ms=0 >30ms=0 | probes=0 wrfail=0 down=0s maxout=0s
  32.918  BLASTC comp=334 exkBps=79 cgap_us[min/avg/max]=2386/2997/15309
  32.973  BLAST phy=2/2 att=334 ok=334 enomem=0 err=0 call_us[min/avg/max]=2321/2985/15297 okgap_max_us=15309
  32.973  RPT pe: events=178 mean=3.81 mode=4 max=5 | 0:4 1:3 2:3 3:2 4:166
  32.973  t=31s RTT mean=0 min=0 max=0 n=0 to=0 | cancels=0(+0/s) seqbad=0 len_bad=9623 disc=0(0x00) | tot_n=0 tot_to=0 maxever=0 >2ms=0 >5ms=0 >15ms=0 >20ms=0 >30ms=0 | probes=0 wrfail=0 down=0s maxout=0s
  34.918  BLASTC comp=330 exkBps=78 cgap_us[min/avg/max]=2394/3026/11252
  34.918  BLAST phy=2/2 att=330 ok=330 enomem=0 err=0 call_us[min/avg/max]=2315/3014/11240 okgap_max_us=11252
  34.918  t=32s RTT mean=0 min=0 max=0 n=0 to=0 | cancels=0(+0/s) seqbad=0 len_bad=9953 disc=0(0x00) | tot_n=0 tot_to=0 maxever=0 >2ms=0 >5ms=0 >15ms=0 >20ms=0 >30ms=0 | probes=0 wrfail=0 down=0s maxout=0s
  34.918  BLASTC comp=310 exkBps=73 cgap_us[min/avg/max]=2386/3229/15310
  34.973  BLAST phy=2/2 att=310 ok=310 enomem=0 err=0 call_us[min/avg/max]=2321/3217/15299 okgap_max_us=15310
  34.973  RPT pe: events=178 mean=3.65 mode=4 max=5 | 0:2 1:14 2:4 3:3 4:155
  34.973  t=33s RTT mean=0 min=0 max=0 n=0 to=0 | cancels=0(+0/s) seqbad=0 len_bad=10263 disc=0(0x00) | tot_n=0 tot_to=0 maxever=0 >2ms=0 >5ms=0 >15ms=0 >20ms=0 >30ms=0 | probes=0 wrfail=0 down=0s maxout=0s
  36.923  BLASTC comp=302 exkBps=71 cgap_us[min/avg/max]=2395/3307/15310
  36.923  BLAST phy=2/2 att=302 ok=302 enomem=0 err=0 call_us[min/avg/max]=2327/3295/15298 okgap_max_us=15310
  36.923  t=34s RTT mean=0 min=0 max=0 n=0 to=0 | cancels=0(+0/s) seqbad=0 len_bad=10566 disc=0(0x00) | tot_n=0 tot_to=0 maxever=0 >2ms=0 >5ms=0 >15ms=0 >20ms=0 >30ms=0 | probes=0 wrfail=0 down=0s maxout=0s
  36.923  BLASTC comp=298 exkBps=71 cgap_us[min/avg/max]=2395/3359/20102
  36.923  BLAST phy=2/2 att=298 ok=298 enomem=0 err=0 call_us[min/avg/max]=2322/3347/20091 okgap_max_us=20103
  36.978  RPT pe: events=178 mean=3.50 mode=4 max=5 | 0:15 1:5 2:6 3:2 4:150
  36.978  t=35s RTT mean=0 min=0 max=0 n=0 to=0 | cancels=0(+0/s) seqbad=0 len_bad=10863 disc=0(0x00) | tot_n=0 tot_to=0 maxever=0 >2ms=0 >5ms=0 >15ms=0 >20ms=0 >30ms=0 | probes=0 wrfail=0 down=0s maxout=0s
  38.923  BLASTC comp=301 exkBps=71 cgap_us[min/avg/max]=2394/3326/26560
  38.923  BLAST phy=2/2 att=301 ok=301 enomem=0 err=0 call_us[min/avg/max]=2327/3314/26548 okgap_max_us=26560
  38.923  t=36s RTT mean=0 min=0 max=0 n=0 to=0 | cancels=0(+0/s) seqbad=0 len_bad=11164 disc=0(0x00) | tot_n=0 tot_to=0 maxever=0 >2ms=0 >5ms=0 >15ms=0 >20ms=0 >30ms=0 | probes=0 wrfail=0 down=0s maxout=0s
  38.923  BLASTC comp=282 exkBps=67 cgap_us[min/avg/max]=2396/3536/20102
  38.978  BLAST phy=2/2 att=282 ok=282 enomem=0 err=0 call_us[min/avg/max]=2323/3524/20090 okgap_max_us=20102
  38.978  RPT pe: events=178 mean=3.43 mode=4 max=5 | 0:13 1:9 2:9 3:4 4:143
  38.978  t=37s RTT mean=0 min=0 max=0 n=0 to=0 | cancels=0(+0/s) seqbad=0 len_bad=11446 disc=0(0x00) | tot_n=0 tot_to=0 maxever=0 >2ms=0 >5ms=0 >15ms=0 >20ms=0 >30ms=0 | probes=0 wrfail=0 down=0s maxout=0s
  40.911  BLASTC comp=297 exkBps=70 cgap_us[min/avg/max]=2396/3384/26557
  40.911  BLAST phy=2/2 att=297 ok=297 enomem=0 err=0 call_us[min/avg/max]=2379/3372/26545 okgap_max_us=26557
  40.911  t=38s RTT mean=0 min=0 max=0 n=0 to=0 | cancels=0(+0/s) seqbad=0 len_bad=11742 disc=0(0x00) | tot_n=0 tot_to=0 maxever=0 >2ms=0 >5ms=0 >15ms=0 >20ms=0 >30ms=0 | probes=0 wrfail=0 down=0s maxout=0s
  40.964  BLASTC comp=272 exkBps=64 cgap_us[min/avg/max]=2394/3657/26556
  40.964  BLAST phy=2/2 att=272 ok=272 enomem=0 err=0 call_us[min/avg/max]=2329/3645/26545 okgap_max_us=26557
  40.964  RPT pe: events=177 mean=3.33 mode=4 max=5 | 0:14 1:14 2:7 3:6 4:136
  40.964  t=39s RTT mean=0 min=0 max=0 n=0 to=0 | cancels=0(+0/s) seqbad=0 len_bad=12015 disc=0(0x00) | tot_n=0 tot_to=0 maxever=0 >2ms=0 >5ms=0 >15ms=0 >20ms=0 >30ms=0 | probes=0 wrfail=0 down=0s maxout=0s
  42.899  t=40s RTT mean=0 min=0 max=0 n=0 to=0 | cancels=0(+0/s) seqbad=0 len_bad=12294 disc=0(0x00) | tot_n=0 tot_to=0 maxever=0 >2ms=0 >5ms=0 >15ms=0 >20ms=0 >30ms=0 | probes=0 wrfail=0 down=0s maxout=0s
  42.955  BLASTC comp=281 exkBps=66 cgap_us[min/avg/max]=2389/3586/24895
  42.955  BLAST phy=2/2 att=281 ok=281 enomem=0 err=0 call_us[min/avg/max]=2316/3574/24883 okgap_max_us=24895
  42.955  BLASTC comp=280 exkBps=66 cgap_us[min/avg/max]=2395/3544/31353
  42.955  BLAST phy=2/2 att=280 ok=280 enomem=0 err=0 call_us[min/avg/max]=2323/3532/31341 okgap_max_us=31353
  42.955  RPT pe: events=178 mean=3.27 mode=4 max=5 | 0:21 1:8 2:8 3:5 4:136
  42.955  t=41s RTT mean=0 min=0 max=0 n=0 to=0 | cancels=0(+0/s) seqbad=0 len_bad=12577 disc=0(0x00) | tot_n=0 tot_to=0 maxever=0 >2ms=0 >5ms=0 >15ms=0 >20ms=0 >30ms=0 | probes=0 wrfail=0 down=0s maxout=0s
  44.896  t=42s RTT mean=0 min=0 max=0 n=0 to=0 | cancels=0(+0/s) seqbad=0 len_bad=12901 disc=0(0x00) | tot_n=0 tot_to=0 maxever=0 >2ms=0 >5ms=0 >15ms=0 >20ms=0 >30ms=0 | probes=0 wrfail=0 down=0s maxout=0s
  44.951  BLASTC comp=327 exkBps=77 cgap_us[min/avg/max]=2385/3088/15307
  44.951  BLAST phy=2/2 att=327 ok=327 enomem=0 err=0 call_us[min/avg/max]=2338/3077/15301 okgap_max_us=15307
  44.951  BLASTC comp=329 exkBps=78 cgap_us[min/avg/max]=2396/3009/11252
  44.951  BLAST phy=2/2 att=329 ok=329 enomem=0 err=0 call_us[min/avg/max]=2325/2997/11240 okgap_max_us=15375
  44.951  RPT pe: events=178 mean=3.77 mode=4 max=5 | 0:3 1:5 2:4 3:5 4:161
