   1.675  *** Booting Zephyr OS build v4.4.2-16-gfee9fbc62095 ***
   1.676  [00:32:04.008,899] [0m<inf> bt_hci_core: HW Platform: Nordic Semiconductor (0x0002)[0m
   1.676  [00:32:04.008,911] [0m<inf> bt_hci_core: HW Variant: nRF54Lx (0x0005)[0m
   1.731  [00:32:04.008,923] [0m<inf> bt_hci_core: Firmware: Standard Bluetooth controller (0x00) Version 4.4 Build 2[0m
   1.731  [00:32:04.009,265] [0m<inf> bt_hci_core: HCI transport: Controller[0m
   1.731  [00:32:04.009,311] [0m<inf> bt_hci_core: Identity: D6:C7:60:B1:D3:0E (random)[0m
   1.731  [00:32:04.009,327] [0m<inf> bt_hci_core: HCI: version 5.4 (0x0d) revision 0x0000, manufacturer 0x05f1[0m
   1.731  [00:32:04.009,342] [0m<inf> bt_hci_core: LMP: version 5.4 (0x0d) subver 0xffff[0m
   1.731  
   1.731  === nRF54L15 RTT ping-pong PERIPHERAL (echo) ===
   1.731  advertising
   2.926  GAP connected interval=16250
   2.926  PHY tx=2 rx=2
   2.926  P t=1s rxkBps=0 blkkBps=0 pongs=0(+0/s) cancels=0(+0/s) notify=0 disc=0(0x00) | echo rx=0 tx=0 pend=0 stale=0
   2.982  CCC: notify ENABLED
   4.666  P t=2s rxkBps=73 blkkBps=0 pongs=309(+309/s) cancels=0(+0/s) notify=1 disc=0(0x00) | echo rx=0 tx=0 pend=0 stale=0
   4.722  P t=3s rxkBps=81 blkkBps=0 pongs=653(+344/s) cancels=0(+0/s) notify=1 disc=0(0x00) | echo rx=0 tx=0 pend=0 stale=0
   6.674  P t=4s rxkBps=80 blkkBps=0 pongs=989(+336/s) cancels=0(+0/s) notify=1 disc=0(0x00) | echo rx=0 tx=0 pend=0 stale=0
   6.728  P t=5s rxkBps=77 blkkBps=0 pongs=1315(+326/s) cancels=0(+0/s) notify=1 disc=0(0x00) | echo rx=0 tx=0 pend=0 stale=0
   8.688  P t=6s rxkBps=82 blkkBps=0 pongs=1661(+346/s) cancels=0(+0/s) notify=1 disc=0(0x00) | echo rx=0 tx=0 pend=0 stale=0
   8.688  P t=7s rxkBps=80 blkkBps=0 pongs=1999(+338/s) cancels=0(+0/s) notify=1 disc=0(0x00) | echo rx=0 tx=0 pend=0 stale=0
  10.687  P t=8s rxkBps=82 blkkBps=0 pongs=2344(+345/s) cancels=0(+0/s) notify=1 disc=0(0x00) | echo rx=0 tx=0 pend=0 stale=0
  10.688  P t=9s rxkBps=81 blkkBps=0 pongs=2687(+343/s) cancels=0(+0/s) notify=1 disc=0(0x00) | echo rx=0 tx=0 pend=0 stale=0
  12.696  P t=10s rxkBps=80 blkkBps=0 pongs=3024(+337/s) cancels=0(+0/s) notify=1 disc=0(0x00) | echo rx=0 tx=0 pend=0 stale=0
  12.696  P t=11s rxkBps=83 blkkBps=0 pongs=3374(+350/s) cancels=0(+0/s) notify=1 disc=0(0x00) | echo rx=0 tx=0 pend=0 stale=0
  14.699  P t=12s rxkBps=71 blkkBps=0 pongs=3674(+300/s) cancels=0(+0/s) notify=1 disc=0(0x00) | echo rx=0 tx=0 pend=0 stale=0
  14.699  P t=13s rxkBps=74 blkkBps=0 pongs=3985(+311/s) cancels=0(+0/s) notify=1 disc=0(0x00) | echo rx=0 tx=0 pend=0 stale=0
  16.709  P t=14s rxkBps=65 blkkBps=0 pongs=4259(+274/s) cancels=0(+0/s) notify=1 disc=0(0x00) | echo rx=0 tx=0 pend=0 stale=0
  16.709  P t=15s rxkBps=64 blkkBps=0 pongs=4530(+271/s) cancels=0(+0/s) notify=1 disc=0(0x00) | echo rx=0 tx=0 pend=0 stale=0
  18.669  P t=16s rxkBps=72 blkkBps=0 pongs=4836(+306/s) cancels=0(+0/s) notify=1 disc=0(0x00) | echo rx=0 tx=0 pend=0 stale=0
  18.724  P t=17s rxkBps=66 blkkBps=0 pongs=5115(+279/s) cancels=0(+0/s) notify=1 disc=0(0x00) | echo rx=0 tx=0 pend=0 stale=0
  20.676  P t=18s rxkBps=75 blkkBps=0 pongs=5430(+315/s) cancels=0(+0/s) notify=1 disc=0(0x00) | echo rx=0 tx=0 pend=0 stale=0
  20.730  P t=19s rxkBps=82 blkkBps=0 pongs=5777(+347/s) cancels=0(+0/s) notify=1 disc=0(0x00) | echo rx=0 tx=0 pend=0 stale=0
  22.677  P t=20s rxkBps=83 blkkBps=0 pongs=6128(+351/s) cancels=0(+0/s) notify=1 disc=0(0x00) | echo rx=0 tx=0 pend=0 stale=0
  22.732  P t=21s rxkBps=82 blkkBps=0 pongs=6476(+348/s) cancels=0(+0/s) notify=1 disc=0(0x00) | echo rx=0 tx=0 pend=0 stale=0
  24.681  P t=22s rxkBps=82 blkkBps=0 pongs=6824(+348/s) cancels=0(+0/s) notify=1 disc=0(0x00) | echo rx=0 tx=0 pend=0 stale=0
  24.681  P t=23s rxkBps=75 blkkBps=0 pongs=7141(+317/s) cancels=0(+0/s) notify=1 disc=0(0x00) | echo rx=0 tx=0 pend=0 stale=0
  26.677  P t=24s rxkBps=81 blkkBps=0 pongs=7483(+342/s) cancels=0(+0/s) notify=1 disc=0(0x00) | echo rx=0 tx=0 pend=0 stale=0
  26.732  P t=25s rxkBps=80 blkkBps=0 pongs=7821(+338/s) cancels=0(+0/s) notify=1 disc=0(0x00) | echo rx=0 tx=0 pend=0 stale=0
  28.693  P t=26s rxkBps=82 blkkBps=0 pongs=8168(+347/s) cancels=0(+0/s) notify=1 disc=0(0x00) | echo rx=0 tx=0 pend=0 stale=0
  28.693  P t=27s rxkBps=78 blkkBps=0 pongs=8499(+331/s) cancels=0(+0/s) notify=1 disc=0(0x00) | echo rx=0 tx=0 pend=0 stale=0
  30.699  P t=28s rxkBps=79 blkkBps=0 pongs=8833(+334/s) cancels=0(+0/s) notify=1 disc=0(0x00) | echo rx=0 tx=0 pend=0 stale=0
  30.699  P t=29s rxkBps=82 blkkBps=0 pongs=9181(+348/s) cancels=0(+0/s) notify=1 disc=0(0x00) | echo rx=0 tx=0 pend=0 stale=0
  32.710  P t=30s rxkBps=85 blkkBps=0 pongs=9541(+360/s) cancels=0(+0/s) notify=1 disc=0(0x00) | echo rx=0 tx=0 pend=0 stale=0
  32.710  P t=31s rxkBps=82 blkkBps=0 pongs=9889(+348/s) cancels=0(+0/s) notify=1 disc=0(0x00) | echo rx=0 tx=0 pend=0 stale=0
  34.720  P t=32s rxkBps=80 blkkBps=0 pongs=10225(+336/s) cancels=0(+0/s) notify=1 disc=0(0x00) | echo rx=0 tx=0 pend=0 stale=0
  34.720  P t=33s rxkBps=67 blkkBps=0 pongs=10507(+282/s) cancels=0(+0/s) notify=1 disc=0(0x00) | echo rx=0 tx=0 pend=0 stale=0
  36.672  P t=34s rxkBps=65 blkkBps=0 pongs=10782(+275/s) cancels=0(+0/s) notify=1 disc=0(0x00) | echo rx=0 tx=0 pend=0 stale=0
  36.728  P t=35s rxkBps=66 blkkBps=0 pongs=11063(+281/s) cancels=0(+0/s) notify=1 disc=0(0x00) | echo rx=0 tx=0 pend=0 stale=0
  38.673  P t=36s rxkBps=68 blkkBps=0 pongs=11349(+286/s) cancels=0(+0/s) notify=1 disc=0(0x00) | echo rx=0 tx=0 pend=0 stale=0
  38.728  P t=37s rxkBps=67 blkkBps=0 pongs=11632(+283/s) cancels=0(+0/s) notify=1 disc=0(0x00) | echo rx=0 tx=0 pend=0 stale=0
  40.671  P t=38s rxkBps=68 blkkBps=0 pongs=11920(+288/s) cancels=0(+0/s) notify=1 disc=0(0x00) | echo rx=0 tx=0 pend=0 stale=0
  40.726  P t=39s rxkBps=78 blkkBps=0 pongs=12251(+331/s) cancels=0(+0/s) notify=1 disc=0(0x00) | echo rx=0 tx=0 pend=0 stale=0
  42.680  P t=40s rxkBps=78 blkkBps=0 pongs=12581(+330/s) cancels=0(+0/s) notify=1 disc=0(0x00) | echo rx=0 tx=0 pend=0 stale=0
  42.734  P t=41s rxkBps=71 blkkBps=0 pongs=12882(+301/s) cancels=0(+0/s) notify=1 disc=0(0x00) | echo rx=0 tx=0 pend=0 stale=0
  44.674  P t=42s rxkBps=74 blkkBps=0 pongs=13194(+312/s) cancels=0(+0/s) notify=1 disc=0(0x00) | echo rx=0 tx=0 pend=0 stale=0
  44.729  P t=43s rxkBps=78 blkkBps=0 pongs=13522(+328/s) cancels=0(+0/s) notify=1 disc=0(0x00) | echo rx=0 tx=0 pend=0 stale=0
