   1.676  *** Booting Zephyr OS build v4.4.2-16-gfee9fbc62095 ***
   1.732  [00:21:54.454,609] [0m<inf> bt_hci_core: HW Platform: Nordic Semiconductor (0x0002)[0m
   1.732  [00:21:54.454,621] [0m<inf> bt_hci_core: HW Variant: nRF54Lx (0x0005)[0m
   1.732  [00:21:54.454,633] [0m<inf> bt_hci_core: Firmware: Standard Bluetooth controller (0x00) Version 4.4 Build 2[0m
   1.732  [00:21:54.454,975] [0m<inf> bt_hci_core: HCI transport: Controller[0m
   1.732  [00:21:54.455,021] [0m<inf> bt_hci_core: Identity: D6:C7:60:B1:D3:0E (random)[0m
   1.732  [00:21:54.455,037] [0m<inf> bt_hci_core: HCI: version 5.4 (0x0d) revision 0x0000, manufacturer 0x05f1[0m
   1.732  [00:21:54.455,052] [0m<inf> bt_hci_core: LMP: version 5.4 (0x0d) subver 0xffff[0m
   1.732  
   1.732  === nRF54L15 RTT ping-pong PERIPHERAL (echo) ===
   1.732  advertising
   3.044  GAP connected interval=11250
   3.044  PHY tx=2 rx=2
   3.096  P t=1s rxkBps=0 blkkBps=0 pongs=0(+0/s) cancels=0(+0/s) notify=0 disc=0(0x00) | echo rx=0 tx=0 pend=0 stale=0
   3.096  CCC: notify ENABLED
   4.715  P t=2s rxkBps=71 blkkBps=0 pongs=300(+300/s) cancels=0(+0/s) notify=1 disc=0(0x00) | echo rx=0 tx=0 pend=0 stale=0
   4.715  P t=3s rxkBps=79 blkkBps=0 pongs=632(+332/s) cancels=0(+0/s) notify=1 disc=0(0x00) | echo rx=0 tx=0 pend=0 stale=0
   6.715  P t=4s rxkBps=78 blkkBps=0 pongs=961(+329/s) cancels=0(+0/s) notify=1 disc=0(0x00) | echo rx=0 tx=0 pend=0 stale=0
   6.715  P t=5s rxkBps=83 blkkBps=0 pongs=1312(+351/s) cancels=0(+0/s) notify=1 disc=0(0x00) | echo rx=0 tx=0 pend=0 stale=0
   8.683  P t=6s rxkBps=79 blkkBps=0 pongs=1646(+334/s) cancels=0(+0/s) notify=1 disc=0(0x00) | echo rx=0 tx=0 pend=0 stale=0
   8.735  P t=7s rxkBps=76 blkkBps=0 pongs=1968(+322/s) cancels=0(+0/s) notify=1 disc=0(0x00) | echo rx=0 tx=0 pend=0 stale=0
  10.680  P t=8s rxkBps=79 blkkBps=0 pongs=2301(+333/s) cancels=0(+0/s) notify=1 disc=0(0x00) | echo rx=0 tx=0 pend=0 stale=0
  10.735  P t=9s rxkBps=78 blkkBps=0 pongs=2632(+331/s) cancels=0(+0/s) notify=1 disc=0(0x00) | echo rx=0 tx=0 pend=0 stale=0
  12.683  P t=10s rxkBps=80 blkkBps=0 pongs=2970(+338/s) cancels=0(+0/s) notify=1 disc=0(0x00) | echo rx=0 tx=0 pend=0 stale=0
  12.738  P t=11s rxkBps=79 blkkBps=0 pongs=3304(+334/s) cancels=0(+0/s) notify=1 disc=0(0x00) | echo rx=0 tx=0 pend=0 stale=0
  14.696  P t=12s rxkBps=79 blkkBps=0 pongs=3637(+333/s) cancels=0(+0/s) notify=1 disc=0(0x00) | echo rx=0 tx=0 pend=0 stale=0
  14.697  P t=13s rxkBps=78 blkkBps=0 pongs=3968(+331/s) cancels=0(+0/s) notify=1 disc=0(0x00) | echo rx=0 tx=0 pend=0 stale=0
  16.723  P t=14s rxkBps=76 blkkBps=0 pongs=4291(+323/s) cancels=0(+0/s) notify=1 disc=0(0x00) | echo rx=0 tx=0 pend=0 stale=0
  16.723  P t=15s rxkBps=79 blkkBps=0 pongs=4623(+332/s) cancels=0(+0/s) notify=1 disc=0(0x00) | echo rx=0 tx=0 pend=0 stale=0
  18.718  P t=16s rxkBps=81 blkkBps=0 pongs=4965(+342/s) cancels=0(+0/s) notify=1 disc=0(0x00) | echo rx=0 tx=0 pend=0 stale=0
  18.718  P t=17s rxkBps=81 blkkBps=0 pongs=5308(+343/s) cancels=0(+0/s) notify=1 disc=0(0x00) | echo rx=0 tx=0 pend=0 stale=0
  20.725  P t=18s rxkBps=79 blkkBps=0 pongs=5641(+333/s) cancels=0(+0/s) notify=1 disc=0(0x00) | echo rx=0 tx=0 pend=0 stale=0
  20.725  P t=19s rxkBps=80 blkkBps=0 pongs=5980(+339/s) cancels=0(+0/s) notify=1 disc=0(0x00) | echo rx=0 tx=0 pend=0 stale=0
  22.690  P t=20s rxkBps=81 blkkBps=0 pongs=6320(+340/s) cancels=0(+0/s) notify=1 disc=0(0x00) | echo rx=0 tx=0 pend=0 stale=0
  22.690  P t=21s rxkBps=78 blkkBps=0 pongs=6650(+330/s) cancels=0(+0/s) notify=1 disc=0(0x00) | echo rx=0 tx=0 pend=0 stale=0
  24.705  P t=22s rxkBps=81 blkkBps=0 pongs=6994(+344/s) cancels=0(+0/s) notify=1 disc=0(0x00) | echo rx=0 tx=0 pend=0 stale=0
  24.705  P t=23s rxkBps=80 blkkBps=0 pongs=7331(+337/s) cancels=0(+0/s) notify=1 disc=0(0x00) | echo rx=0 tx=0 pend=0 stale=0
  26.707  P t=24s rxkBps=79 blkkBps=0 pongs=7665(+334/s) cancels=0(+0/s) notify=1 disc=0(0x00) | echo rx=0 tx=0 pend=0 stale=0
  26.707  P t=25s rxkBps=80 blkkBps=0 pongs=8001(+336/s) cancels=0(+0/s) notify=1 disc=0(0x00) | echo rx=0 tx=0 pend=0 stale=0
  28.724  P t=26s rxkBps=81 blkkBps=0 pongs=8342(+341/s) cancels=0(+0/s) notify=1 disc=0(0x00) | echo rx=0 tx=0 pend=0 stale=0
  28.724  P t=27s rxkBps=76 blkkBps=0 pongs=8663(+321/s) cancels=0(+0/s) notify=1 disc=0(0x00) | echo rx=0 tx=0 pend=0 stale=0
  30.681  P t=28s rxkBps=80 blkkBps=0 pongs=9000(+337/s) cancels=0(+0/s) notify=1 disc=0(0x00) | echo rx=0 tx=0 pend=0 stale=0
  30.736  P t=29s rxkBps=80 blkkBps=0 pongs=9336(+336/s) cancels=0(+0/s) notify=1 disc=0(0x00) | echo rx=0 tx=0 pend=0 stale=0
  32.692  P t=30s rxkBps=81 blkkBps=0 pongs=9676(+340/s) cancels=0(+0/s) notify=1 disc=0(0x00) | echo rx=0 tx=0 pend=0 stale=0
  32.692  P t=31s rxkBps=81 blkkBps=0 pongs=10020(+344/s) cancels=0(+0/s) notify=1 disc=0(0x00) | echo rx=0 tx=0 pend=0 stale=0
  34.698  P t=32s rxkBps=79 blkkBps=0 pongs=10355(+335/s) cancels=0(+0/s) notify=1 disc=0(0x00) | echo rx=0 tx=0 pend=0 stale=0
  34.698  P t=33s rxkBps=81 blkkBps=0 pongs=10697(+342/s) cancels=0(+0/s) notify=1 disc=0(0x00) | echo rx=0 tx=0 pend=0 stale=0
  36.713  P t=34s rxkBps=79 blkkBps=0 pongs=11032(+335/s) cancels=0(+0/s) notify=1 disc=0(0x00) | echo rx=0 tx=0 pend=0 stale=0
  36.713  P t=35s rxkBps=82 blkkBps=0 pongs=11378(+346/s) cancels=0(+0/s) notify=1 disc=0(0x00) | echo rx=0 tx=0 pend=0 stale=0
  38.730  P t=36s rxkBps=80 blkkBps=0 pongs=11716(+338/s) cancels=0(+0/s) notify=1 disc=0(0x00) | echo rx=0 tx=0 pend=0 stale=0
  38.730  P t=37s rxkBps=76 blkkBps=0 pongs=12037(+321/s) cancels=0(+0/s) notify=1 disc=0(0x00) | echo rx=0 tx=0 pend=0 stale=0
  40.725  P t=38s rxkBps=77 blkkBps=0 pongs=12363(+326/s) cancels=0(+0/s) notify=1 disc=0(0x00) | echo rx=0 tx=0 pend=0 stale=0
  40.725  P t=39s rxkBps=80 blkkBps=0 pongs=12700(+337/s) cancels=0(+0/s) notify=1 disc=0(0x00) | echo rx=0 tx=0 pend=0 stale=0
  42.686  P t=40s rxkBps=79 blkkBps=0 pongs=13035(+335/s) cancels=0(+0/s) notify=1 disc=0(0x00) | echo rx=0 tx=0 pend=0 stale=0
  42.741  P t=41s rxkBps=80 blkkBps=0 pongs=13372(+337/s) cancels=0(+0/s) notify=1 disc=0(0x00) | echo rx=0 tx=0 pend=0 stale=0
  44.700  P t=42s rxkBps=84 blkkBps=0 pongs=13725(+353/s) cancels=0(+0/s) notify=1 disc=0(0x00) | echo rx=0 tx=0 pend=0 stale=0
  44.700  P t=43s rxkBps=83 blkkBps=0 pongs=14074(+349/s) cancels=0(+0/s) notify=1 disc=0(0x00) | echo rx=0 tx=0 pend=0 stale=0
