   1.676  *** Booting Zephyr OS build v4.4.2-16-gfee9fbc62095 ***
   1.676  [00:46:55.097,751] [0m<inf> bt_hci_core: HW Platform: Nordic Semiconductor (0x0002)[0m
   1.676  [00:46:55.097,764] [0m<inf> bt_hci_core: HW Variant: nRF54Lx (0x0005)[0m
   1.676  [00:46:55.097,776] [0m<inf> bt_hci_core: Firmware: Standard Bluetooth controller (0x00) Version 4.4 Build 2[0m
   1.731  [00:46:55.098,118] [0m<inf> bt_hci_core: HCI transport: Controller[0m
   1.731  [00:46:55.098,163] [0m<inf> bt_hci_core: Identity: D6:C7:60:B1:D3:0E (random)[0m
   1.731  [00:46:55.098,180] [0m<inf> bt_hci_core: HCI: version 5.4 (0x0d) revision 0x0000, manufacturer 0x05f1[0m
   1.731  [00:46:55.098,195] [0m<inf> bt_hci_core: LMP: version 5.4 (0x0d) subver 0xffff[0m
   1.731  
   1.731  === nRF54L15 RTT ping-pong PERIPHERAL (echo) ===
   1.731  advertising
   2.930  GAP connected interval=18750
   2.930  PHY tx=2 rx=2
   2.930  P t=1s rxkBps=0 blkkBps=0 pongs=0(+0/s) cancels=0(+0/s) notify=0 disc=0(0x00) | echo rx=0 tx=0 pend=0 stale=0
   2.930  CCC: notify ENABLED
   4.674  P t=2s rxkBps=51 blkkBps=0 pongs=216(+216/s) cancels=0(+0/s) notify=1 disc=0(0x00) | echo rx=0 tx=0 pend=0 stale=0
   4.674  P t=3s rxkBps=70 blkkBps=0 pongs=510(+294/s) cancels=0(+0/s) notify=1 disc=0(0x00) | echo rx=0 tx=0 pend=0 stale=0
   6.703  P t=4s rxkBps=67 blkkBps=0 pongs=795(+285/s) cancels=0(+0/s) notify=1 disc=0(0x00) | echo rx=0 tx=0 pend=0 stale=0
   6.703  P t=5s rxkBps=79 blkkBps=0 pongs=1128(+333/s) cancels=0(+0/s) notify=1 disc=0(0x00) | echo rx=0 tx=0 pend=0 stale=0
   8.692  P t=6s rxkBps=50 blkkBps=0 pongs=1340(+212/s) cancels=0(+0/s) notify=1 disc=0(0x00) | echo rx=0 tx=0 pend=0 stale=0
   8.693  P t=7s rxkBps=74 blkkBps=0 pongs=1653(+313/s) cancels=0(+0/s) notify=1 disc=0(0x00) | echo rx=0 tx=0 pend=0 stale=0
  10.697  P t=8s rxkBps=68 blkkBps=0 pongs=1940(+287/s) cancels=0(+0/s) notify=1 disc=0(0x00) | echo rx=0 tx=0 pend=0 stale=0
  10.697  P t=9s rxkBps=73 blkkBps=0 pongs=2247(+307/s) cancels=0(+0/s) notify=1 disc=0(0x00) | echo rx=0 tx=0 pend=0 stale=0
  12.695  P t=10s rxkBps=79 blkkBps=0 pongs=2582(+335/s) cancels=0(+0/s) notify=1 disc=0(0x00) | echo rx=0 tx=0 pend=0 stale=0
  12.695  P t=11s rxkBps=76 blkkBps=0 pongs=2903(+321/s) cancels=0(+0/s) notify=1 disc=0(0x00) | echo rx=0 tx=0 pend=0 stale=0
  14.705  P t=12s rxkBps=73 blkkBps=0 pongs=3211(+308/s) cancels=0(+0/s) notify=1 disc=0(0x00) | echo rx=0 tx=0 pend=0 stale=0
  14.705  P t=13s rxkBps=71 blkkBps=0 pongs=3510(+299/s) cancels=0(+0/s) notify=1 disc=0(0x00) | echo rx=0 tx=0 pend=0 stale=0
  16.701  P t=14s rxkBps=78 blkkBps=0 pongs=3841(+331/s) cancels=0(+0/s) notify=1 disc=0(0x00) | echo rx=0 tx=0 pend=0 stale=0
  16.701  P t=15s rxkBps=69 blkkBps=0 pongs=4131(+290/s) cancels=0(+0/s) notify=1 disc=0(0x00) | echo rx=0 tx=0 pend=0 stale=0
  18.699  P t=16s rxkBps=73 blkkBps=0 pongs=4441(+310/s) cancels=0(+0/s) notify=1 disc=0(0x00) | echo rx=0 tx=0 pend=0 stale=0
  18.700  P t=17s rxkBps=73 blkkBps=0 pongs=4749(+308/s) cancels=0(+0/s) notify=1 disc=0(0x00) | echo rx=0 tx=0 pend=0 stale=0
  20.702  P t=18s rxkBps=76 blkkBps=0 pongs=5071(+322/s) cancels=0(+0/s) notify=1 disc=0(0x00) | echo rx=0 tx=0 pend=0 stale=0
  20.702  P t=19s rxkBps=71 blkkBps=0 pongs=5372(+301/s) cancels=0(+0/s) notify=1 disc=0(0x00) | echo rx=0 tx=0 pend=0 stale=0
  22.686  P t=20s rxkBps=78 blkkBps=0 pongs=5703(+331/s) cancels=0(+0/s) notify=1 disc=0(0x00) | echo rx=0 tx=0 pend=0 stale=0
  22.686  P t=21s rxkBps=77 blkkBps=0 pongs=6027(+324/s) cancels=0(+0/s) notify=1 disc=0(0x00) | echo rx=0 tx=0 pend=0 stale=0
  24.677  P t=22s rxkBps=68 blkkBps=0 pongs=6314(+287/s) cancels=0(+0/s) notify=1 disc=0(0x00) | echo rx=0 tx=0 pend=0 stale=0
  24.677  P t=23s rxkBps=68 blkkBps=0 pongs=6601(+287/s) cancels=0(+0/s) notify=1 disc=0(0x00) | echo rx=0 tx=0 pend=0 stale=0
  26.674  P t=24s rxkBps=79 blkkBps=0 pongs=6935(+334/s) cancels=0(+0/s) notify=1 disc=0(0x00) | echo rx=0 tx=0 pend=0 stale=0
  26.675  P t=25s rxkBps=73 blkkBps=0 pongs=7245(+310/s) cancels=0(+0/s) notify=1 disc=0(0x00) | echo rx=0 tx=0 pend=0 stale=0
  28.679  P t=26s rxkBps=69 blkkBps=0 pongs=7535(+290/s) cancels=0(+0/s) notify=1 disc=0(0x00) | echo rx=0 tx=0 pend=0 stale=0
  28.680  P t=27s rxkBps=75 blkkBps=0 pongs=7851(+316/s) cancels=0(+0/s) notify=1 disc=0(0x00) | echo rx=0 tx=0 pend=0 stale=0
  30.684  P t=28s rxkBps=73 blkkBps=0 pongs=8160(+309/s) cancels=0(+0/s) notify=1 disc=0(0x00) | echo rx=0 tx=0 pend=0 stale=0
  30.684  P t=29s rxkBps=69 blkkBps=0 pongs=8450(+290/s) cancels=0(+0/s) notify=1 disc=0(0x00) | echo rx=0 tx=0 pend=0 stale=0
  32.687  P t=30s rxkBps=66 blkkBps=0 pongs=8728(+278/s) cancels=0(+0/s) notify=1 disc=0(0x00) | echo rx=0 tx=0 pend=0 stale=0
  32.688  P t=31s rxkBps=73 blkkBps=0 pongs=9037(+309/s) cancels=0(+0/s) notify=1 disc=0(0x00) | echo rx=0 tx=0 pend=0 stale=0
  34.691  P t=32s rxkBps=72 blkkBps=0 pongs=9341(+304/s) cancels=0(+0/s) notify=1 disc=0(0x00) | echo rx=0 tx=0 pend=0 stale=0
  34.691  P t=33s rxkBps=64 blkkBps=0 pongs=9612(+271/s) cancels=0(+0/s) notify=1 disc=0(0x00) | echo rx=0 tx=0 pend=0 stale=0
  36.698  P t=34s rxkBps=72 blkkBps=0 pongs=9915(+303/s) cancels=0(+0/s) notify=1 disc=0(0x00) | echo rx=0 tx=0 pend=0 stale=0
  36.698  P t=35s rxkBps=66 blkkBps=0 pongs=10194(+279/s) cancels=0(+0/s) notify=1 disc=0(0x00) | echo rx=0 tx=0 pend=0 stale=0
  38.699  P t=36s rxkBps=76 blkkBps=0 pongs=10515(+321/s) cancels=0(+0/s) notify=1 disc=0(0x00) | echo rx=0 tx=0 pend=0 stale=0
  38.699  P t=37s rxkBps=66 blkkBps=0 pongs=10796(+281/s) cancels=0(+0/s) notify=1 disc=0(0x00) | echo rx=0 tx=0 pend=0 stale=0
  40.694  P t=38s rxkBps=66 blkkBps=0 pongs=11077(+281/s) cancels=0(+0/s) notify=1 disc=0(0x00) | echo rx=0 tx=0 pend=0 stale=0
  40.694  P t=39s rxkBps=70 blkkBps=0 pongs=11373(+296/s) cancels=0(+0/s) notify=1 disc=0(0x00) | echo rx=0 tx=0 pend=0 stale=0
  42.703  P t=40s rxkBps=57 blkkBps=0 pongs=11614(+241/s) cancels=0(+0/s) notify=1 disc=0(0x00) | echo rx=0 tx=0 pend=0 stale=0
  42.704  P t=41s rxkBps=62 blkkBps=0 pongs=11875(+261/s) cancels=0(+0/s) notify=1 disc=0(0x00) | echo rx=0 tx=0 pend=0 stale=0
  44.700  P t=42s rxkBps=67 blkkBps=0 pongs=12157(+282/s) cancels=0(+0/s) notify=1 disc=0(0x00) | echo rx=0 tx=0 pend=0 stale=0
  44.700  P t=43s rxkBps=69 blkkBps=0 pongs=12449(+292/s) cancels=0(+0/s) notify=1 disc=0(0x00) | echo rx=0 tx=0 pend=0 stale=0
