   1.886  *** Booting Zephyr OS build v4.4.2-16-gfee9fbc62095 ***
   1.886  [00:18:02.266,896] [0m<inf> bt_hci_core: HW Platform: Nordic Semiconductor (0x0002)[0m
   1.941  [00:18:02.266,909] [0m<inf> bt_hci_core: HW Variant: nRF54Lx (0x0005)[0m
   1.941  [00:18:02.266,921] [0m<inf> bt_hci_core: Firmware: Standard Bluetooth controller (0x00) Version 4.4 Build 2[0m
   1.941  [00:18:02.267,269] [0m<inf> bt_hci_core: HCI transport: Controller[0m
   1.941  [00:18:02.267,318] [0m<inf> bt_hci_core: Identity: FC:BE:FF:FA:E6:8B (random)[0m
   1.941  [00:18:02.267,334] [0m<inf> bt_hci_core: HCI: version 5.4 (0x0d) revision 0x0000, manufacturer 0x05f1[0m
   1.941  [00:18:02.267,349] [0m<inf> bt_hci_core: LMP: version 5.4 (0x0d) subver 0xffff[0m
   1.941  
   1.941  === nRF54L15 RTT ping-pong CENTRAL ===
   1.941  scan rc=0
   1.941  Q2CONN AA=66060ce1 CRCINIT=8c8e83 hop=12 chan_count=37 map=ffffffff1f
   1.996  GAP connected interval=11250
   1.996  MTU err=0 mtu=247
   2.644  PHY tx=2 rx=2
   2.644  discovery start (post-PHY +500ms) interval=11250 phy2m=1
   2.644  SUBSCRIBED, vh=14
   2.645  BLAST: phy_update->2M rc=0
   2.645  BLAST first16_call_us: 126 119 120 121 122 121 122 121 121 115 55 53 53 54 53 54
   3.683  PHY tx=2 rx=2
   3.684  t=1s RTT mean=0 min=0 max=0 n=0 to=0 | cancels=0(+0/s) seqbad=0 len_bad=65 disc=0(0x00) | tot_n=0 tot_to=0 maxever=0 >2ms=0 >5ms=0 >15ms=0 >20ms=0 >30ms=0 | probes=0 wrfail=0 down=0s maxout=0s
   3.684  BLASTC comp=77 exkBps=15 cgap_us[min/avg/max]=130/3364/39670
   3.739  BLAST phy=2/2 att=87 ok=87 enomem=0 err=0 call_us[min/avg/max]=53/2928/38947 okgap_max_us=38959
   4.880  BLASTC comp=281 exkBps=66 cgap_us[min/avg/max]=2395/3531/37807
   4.936  BLAST phy=2/2 att=281 ok=281 enomem=0 err=0 call_us[min/avg/max]=2325/3519/37795 okgap_max_us=37807
   4.936  t=2s RTT mean=0 min=0 max=0 n=0 to=0 | cancels=0(+0/s) seqbad=0 len_bad=347 disc=0(0x00) | tot_n=0 tot_to=0 maxever=0 >2ms=0 >5ms=0 >15ms=0 >20ms=0 >30ms=0 | probes=0 wrfail=0 down=0s maxout=0s
   4.936  RPT pe: events=178 mean=3.47 mode=4 max=5 | 0:14 1:6 2:7 3:5 4:146
   4.936  t=3s RTT mean=0 min=0 max=0 n=0 to=0 | cancels=0(+0/s) seqbad=0 len_bad=666 disc=0(0x00) | tot_n=0 tot_to=0 maxever=0 >2ms=0 >5ms=0 >15ms=0 >20ms=0 >30ms=0 | probes=0 wrfail=0 down=0s maxout=0s
   4.936  BLASTC comp=320 exkBps=76 cgap_us[min/avg/max]=2394/3128/15307
   4.991  BLAST phy=2/2 att=320 ok=320 enomem=0 err=0 call_us[min/avg/max]=2330/3116/15295 okgap_max_us=15307
   6.617  FSU: request [52..52] us (ACL both dirs, 1M+2M) rc=0
   6.617  FSU: updated status=0x00 spacing=52 us phys=0x3 types=0x3 initiator=0
   6.672  BLASTC comp=323 exkBps=76 cgap_us[min/avg/max]=1423/3092/17713
   6.672  BLAST phy=2/2 att=323 ok=323 enomem=0 err=0 call_us[min/avg/max]=1412/3080/17701 okgap_max_us=17713
   6.672  t=4s RTT mean=0 min=0 max=0 n=0 to=0 | cancels=0(+0/s) seqbad=0 len_bad=989 disc=0(0x00) | tot_n=0 tot_to=0 maxever=0 >2ms=0 >5ms=0 >15ms=0 >20ms=0 >30ms=0 | probes=0 wrfail=0 down=0s maxout=0s
   6.888  RPT pe: events=178 mean=3.79 mode=4 max=6 | 0:5 1:1 2:6 3:5 4:159 5:1 6:1
   6.942  t=5s RTT mean=0 min=0 max=0 n=0 to=0 | cancels=0(+0/s) seqbad=0 len_bad=1326 disc=0(0x00) | tot_n=0 tot_to=0 maxever=0 >2ms=0 >5ms=0 >15ms=0 >20ms=0 >30ms=0 | probes=0 wrfail=0 down=0s maxout=0s
   6.942  BLASTC comp=337 exkBps=80 cgap_us[min/avg/max]=2195/2971/15897
   6.942  BLAST phy=2/2 att=337 ok=337 enomem=0 err=0 call_us[min/avg/max]=2142/2959/15885 okgap_max_us=15897
   8.888  t=6s RTT mean=0 min=0 max=0 n=0 to=0 | cancels=0(+0/s) seqbad=0 len_bad=1659 disc=0(0x00) | tot_n=0 tot_to=0 maxever=0 >2ms=0 >5ms=0 >15ms=0 >20ms=0 >30ms=0 | probes=0 wrfail=0 down=0s maxout=0s
   8.942  BLASTC comp=334 exkBps=79 cgap_us[min/avg/max]=2183/2997/15899
   8.942  BLAST phy=2/2 att=334 ok=334 enomem=0 err=0 call_us[min/avg/max]=2011/2985/15887 okgap_max_us=15899
   8.942  RPT pe: events=177 mean=3.85 mode=4 max=6 | 0:3 1:2 2:4 3:3 4:162 5:3
   8.942  t=7s RTT mean=0 min=0 max=0 n=0 to=0 | cancels=0(+0/s) seqbad=0 len_bad=1994 disc=0(0x00) | tot_n=0 tot_to=0 maxever=0 >2ms=0 >5ms=0 >15ms=0 >20ms=0 >30ms=0 | probes=0 wrfail=0 down=0s maxout=0s
   8.943  BLASTC comp=335 exkBps=79 cgap_us[min/avg/max]=2199/2988/15897
   8.998  BLAST phy=2/2 att=335 ok=335 enomem=0 err=0 call_us[min/avg/max]=2126/2976/15885 okgap_max_us=15897
  10.897  BLASTC comp=330 exkBps=78 cgap_us[min/avg/max]=2199/3020/15897
  10.897  BLAST phy=2/2 att=330 ok=330 enomem=0 err=0 call_us[min/avg/max]=2128/3008/15885 okgap_max_us=15897
  10.952  t=8s RTT mean=0 min=0 max=0 n=0 to=0 | cancels=0(+0/s) seqbad=0 len_bad=2325 disc=0(0x00) | tot_n=0 tot_to=0 maxever=0 >2ms=0 >5ms=0 >15ms=0 >20ms=0 >30ms=0 | probes=0 wrfail=0 down=0s maxout=0s
  10.952  RPT pe: events=178 mean=3.82 mode=4 max=6 | 0:4 1:1 2:7 3:4 4:157 5:5
  10.952  BLASTC comp=319 exkBps=76 cgap_us[min/avg/max]=2191/3138/15897
  10.952  BLAST phy=2/2 att=319 ok=319 enomem=0 err=0 call_us[min/avg/max]=2178/3126/15886 okgap_max_us=15898
  10.952  t=9s RTT mean=0 min=0 max=0 n=0 to=0 | cancels=0(+0/s) seqbad=0 len_bad=2644 disc=0(0x00) | tot_n=0 tot_to=0 maxever=0 >2ms=0 >5ms=0 >15ms=0 >20ms=0 >30ms=0 | probes=0 wrfail=0 down=0s maxout=0s
  12.894  BLASTC comp=335 exkBps=79 cgap_us[min/avg/max]=2197/2982/15900
  12.894  BLAST phy=2/2 att=335 ok=335 enomem=0 err=0 call_us[min/avg/max]=2186/2970/15889 okgap_max_us=15900
  12.945  t=10s RTT mean=0 min=0 max=0 n=0 to=0 | cancels=0(+0/s) seqbad=0 len_bad=2979 disc=0(0x00) | tot_n=0 tot_to=0 maxever=0 >2ms=0 >5ms=0 >15ms=0 >20ms=0 >30ms=0 | probes=0 wrfail=0 down=0s maxout=0s
  12.945  RPT pe: events=178 mean=3.88 mode=4 max=6 | 0:3 1:1 2:5 3:2 4:161 5:6
  12.945  BLASTC comp=332 exkBps=79 cgap_us[min/avg/max]=2179/3015/15897
  12.945  BLAST phy=2/2 att=332 ok=332 enomem=0 err=0 call_us[min/avg/max]=2135/3003/15885 okgap_max_us=15897
  12.945  t=11s RTT mean=0 min=0 max=0 n=0 to=0 | cancels=0(+0/s) seqbad=0 len_bad=3311 disc=0(0x00) | tot_n=0 tot_to=0 maxever=0 >2ms=0 >5ms=0 >15ms=0 >20ms=0 >30ms=0 | probes=0 wrfail=0 down=0s maxout=0s
  14.939  t=12s RTT mean=0 min=0 max=0 n=0 to=0 | cancels=0(+0/s) seqbad=0 len_bad=3619 disc=0(0x00) | tot_n=0 tot_to=0 maxever=0 >2ms=0 >5ms=0 >15ms=0 >20ms=0 >30ms=0 | probes=0 wrfail=0 down=0s maxout=0s
  14.939  BLASTC comp=309 exkBps=73 cgap_us[min/avg/max]=2200/3240/27147
  14.939  BLAST phy=2/2 att=309 ok=309 enomem=0 err=0 call_us[min/avg/max]=2140/3228/27135 okgap_max_us=27147
  14.939  RPT pe: events=179 mean=3.58 mode=4 max=6 | 0:15 1:2 2:5 3:1 4:153 5:3
  14.939  t=13s RTT mean=0 min=0 max=0 n=0 to=0 | cancels=0(+0/s) seqbad=0 len_bad=3920 disc=0(0x00) | tot_n=0 tot_to=0 maxever=0 >2ms=0 >5ms=0 >15ms=0 >20ms=0 >30ms=0 | probes=0 wrfail=0 down=0s maxout=0s
  14.939  BLASTC comp=301 exkBps=71 cgap_us[min/avg/max]=2200/3349/18097
  14.994  BLAST phy=2/2 att=301 ok=301 enomem=0 err=0 call_us[min/avg/max]=2128/3337/18085 okgap_max_us=18097
  16.898  BLASTC comp=295 exkBps=70 cgap_us[min/avg/max]=2199/3355/22500
  16.898  BLAST phy=2/2 att=295 ok=295 enomem=0 err=0 call_us[min/avg/max]=2129/3343/22489 okgap_max_us=22501
  16.949  t=14s RTT mean=0 min=0 max=0 n=0 to=0 | cancels=0(+0/s) seqbad=0 len_bad=4216 disc=0(0x00) | tot_n=0 tot_to=0 maxever=0 >2ms=0 >5ms=0 >15ms=0 >20ms=0 >30ms=0 | probes=0 wrfail=0 down=0s maxout=0s
  16.950  RPT pe: events=177 mean=3.51 mode=4 max=6 | 0:16 1:3 2:8 3:1 4:144 5:5
  16.950  BLASTC comp=303 exkBps=72 cgap_us[min/avg/max]=2196/3304/22501
  16.950  BLAST phy=2/2 att=303 ok=303 enomem=0 err=0 call_us[min/avg/max]=2135/3292/22489 okgap_max_us=22501
  16.950  t=15s RTT mean=0 min=0 max=0 n=0 to=0 | cancels=0(+0/s) seqbad=0 len_bad=4519 disc=0(0x00) | tot_n=0 tot_to=0 maxever=0 >2ms=0 >5ms=0 >15ms=0 >20ms=0 >30ms=0 | probes=0 wrfail=0 down=0s maxout=0s
  18.895  t=16s RTT mean=0 min=0 max=0 n=0 to=0 | cancels=0(+0/s) seqbad=0 len_bad=4834 disc=0(0x00) | tot_n=0 tot_to=0 maxever=0 >2ms=0 >5ms=0 >15ms=0 >20ms=0 >30ms=0 | probes=0 wrfail=0 down=0s maxout=0s
  18.895  BLASTC comp=316 exkBps=75 cgap_us[min/avg/max]=2199/3168/22501
  18.949  BLAST phy=2/2 att=316 ok=316 enomem=0 err=0 call_us[min/avg/max]=2140/3156/22489 okgap_max_us=22501
  18.949  BLASTC comp=302 exkBps=71 cgap_us[min/avg/max]=2199/3300/22501
  18.950  BLAST phy=2/2 att=302 ok=302 enomem=0 err=0 call_us[min/avg/max]=2126/3288/22489 okgap_max_us=22501
  18.950  RPT pe: events=177 mean=3.66 mode=4 max=6 | 0:8 1:5 2:5 3:5 4:152 5:2
  18.950  t=17s RTT mean=0 min=0 max=0 n=0 to=0 | cancels=0(+0/s) seqbad=0 len_bad=5137 disc=0(0x00) | tot_n=0 tot_to=0 maxever=0 >2ms=0 >5ms=0 >15ms=0 >20ms=0 >30ms=0 | probes=0 wrfail=0 down=0s maxout=0s
  20.907  BLASTC comp=340 exkBps=81 cgap_us[min/avg/max]=2198/2944/15897
  20.907  BLAST phy=2/2 att=340 ok=340 enomem=0 err=0 call_us[min/avg/max]=2187/2932/15885 okgap_max_us=15897
  20.907  t=18s RTT mean=0 min=0 max=0 n=0 to=0 | cancels=0(+0/s) seqbad=0 len_bad=5477 disc=0(0x00) | tot_n=0 tot_to=0 maxever=0 >2ms=0 >5ms=0 >15ms=0 >20ms=0 >30ms=0 | probes=0 wrfail=0 down=0s maxout=0s
  20.963  BLASTC comp=329 exkBps=78 cgap_us[min/avg/max]=2200/3036/15900
  20.963  BLAST phy=2/2 att=329 ok=329 enomem=0 err=0 call_us[min/avg/max]=2188/3024/15888 okgap_max_us=15900
  20.963  RPT pe: events=178 mean=3.88 mode=4 max=6 | 0:5 1:2 2:2 4:160 5:9
  20.963  t=19s RTT mean=0 min=0 max=0 n=0 to=0 | cancels=0(+0/s) seqbad=0 len_bad=5807 disc=0(0x00) | tot_n=0 tot_to=0 maxever=0 >2ms=0 >5ms=0 >15ms=0 >20ms=0 >30ms=0 | probes=0 wrfail=0 down=0s maxout=0s
  22.909  BLASTC comp=331 exkBps=78 cgap_us[min/avg/max]=2192/3024/15897
  22.909  BLAST phy=2/2 att=331 ok=331 enomem=0 err=0 call_us[min/avg/max]=2106/3012/15885 okgap_max_us=15897
  22.909  t=20s RTT mean=0 min=0 max=0 n=0 to=0 | cancels=0(+0/s) seqbad=0 len_bad=6137 disc=0(0x00) | tot_n=0 tot_to=0 maxever=0 >2ms=0 >5ms=0 >15ms=0 >20ms=0 >30ms=0 | probes=0 wrfail=0 down=0s maxout=0s
  22.960  BLASTC comp=320 exkBps=76 cgap_us[min/avg/max]=2200/3122/20299
  22.960  BLAST phy=2/2 att=320 ok=320 enomem=0 err=0 call_us[min/avg/max]=2135/3110/20286 okgap_max_us=20298
  22.960  RPT pe: events=178 mean=3.79 mode=4 max=6 | 0:7 2:5 3:4 4:156 5:6
  22.960  t=21s RTT mean=0 min=0 max=0 n=0 to=0 | cancels=0(+0/s) seqbad=0 len_bad=6458 disc=0(0x00) | tot_n=0 tot_to=0 maxever=0 >2ms=0 >5ms=0 >15ms=0 >20ms=0 >30ms=0 | probes=0 wrfail=0 down=0s maxout=0s
  24.919  BLASTC comp=327 exkBps=77 cgap_us[min/avg/max]=2179/3055/15897
  24.919  BLAST phy=2/2 att=327 ok=327 enomem=0 err=0 call_us[min/avg/max]=2108/3043/15886 okgap_max_us=15897
  24.919  t=22s RTT mean=0 min=0 max=0 n=0 to=0 | cancels=0(+0/s) seqbad=0 len_bad=6785 disc=0(0x00) | tot_n=0 tot_to=0 maxever=0 >2ms=0 >5ms=0 >15ms=0 >20ms=0 >30ms=0 | probes=0 wrfail=0 down=0s maxout=0s
  24.919  BLASTC comp=341 exkBps=81 cgap_us[min/avg/max]=2198/2936/15897
  24.974  BLAST phy=2/2 att=341 ok=341 enomem=0 err=0 call_us[min/avg/max]=2127/2924/15885 okgap_max_us=15897
  24.974  RPT pe: events=178 mean=3.88 mode=4 max=6 | 0:2 1:4 2:1 3:3 4:164 5:4
  24.974  t=23s RTT mean=0 min=0 max=0 n=0 to=0 | cancels=0(+0/s) seqbad=0 len_bad=7126 disc=0(0x00) | tot_n=0 tot_to=0 maxever=0 >2ms=0 >5ms=0 >15ms=0 >20ms=0 >30ms=0 | probes=0 wrfail=0 down=0s maxout=0s
  26.917  t=24s RTT mean=0 min=0 max=0 n=0 to=0 | cancels=0(+0/s) seqbad=0 len_bad=7405 disc=0(0x00) | tot_n=0 tot_to=0 maxever=0 >2ms=0 >5ms=0 >15ms=0 >20ms=0 >30ms=0 | probes=0 wrfail=0 down=0s maxout=0s
  26.917  BLASTC comp=281 exkBps=66 cgap_us[min/avg/max]=2198/3603/38397
  26.918  BLAST phy=2/2 att=281 ok=281 enomem=0 err=0 call_us[min/avg/max]=2120/3591/38386 okgap_max_us=38398
  26.918  RPT pe: events=178 mean=3.55 mode=4 max=6 | 0:17 1:1 2:4 3:6 4:145 5:5
  26.918  BLASTC comp=313 exkBps=74 cgap_us[min/avg/max]=2200/3162/15897
  26.973  BLAST phy=2/2 att=313 ok=313 enomem=0 err=0 call_us[min/avg/max]=2131/3150/15885 okgap_max_us=15964
  26.973  t=25s RTT mean=0 min=0 max=0 n=0 to=0 | cancels=0(+0/s) seqbad=0 len_bad=7719 disc=0(0x00) | tot_n=0 tot_to=0 maxever=0 >2ms=0 >5ms=0 >15ms=0 >20ms=0 >30ms=0 | probes=0 wrfail=0 down=0s maxout=0s
  28.908  BLASTC comp=295 exkBps=70 cgap_us[min/avg/max]=2198/3378/27149
  28.908  BLAST phy=2/2 att=295 ok=295 enomem=0 err=0 call_us[min/avg/max]=2141/3366/27137 okgap_max_us=27149
  28.908  t=26s RTT mean=0 min=0 max=0 n=0 to=0 | cancels=0(+0/s) seqbad=0 len_bad=8014 disc=0(0x00) | tot_n=0 tot_to=0 maxever=0 >2ms=0 >5ms=0 >15ms=0 >20ms=0 >30ms=0 | probes=0 wrfail=0 down=0s maxout=0s
  28.963  BLASTC comp=305 exkBps=72 cgap_us[min/avg/max]=2189/3282/22500
  28.963  BLAST phy=2/2 att=305 ok=305 enomem=0 err=0 call_us[min/avg/max]=2178/3270/22488 okgap_max_us=22500
  28.963  RPT pe: events=177 mean=3.48 mode=4 max=6 | 0:19 1:3 2:5 3:2 4:143 5:5
  28.963  t=27s RTT mean=0 min=0 max=0 n=0 to=0 | cancels=0(+0/s) seqbad=0 len_bad=8319 disc=0(0x00) | tot_n=0 tot_to=0 maxever=0 >2ms=0 >5ms=0 >15ms=0 >20ms=0 >30ms=0 | probes=0 wrfail=0 down=0s maxout=0s
  30.917  BLASTC comp=297 exkBps=70 cgap_us[min/avg/max]=2198/3363/22500
  30.917  BLAST phy=2/2 att=297 ok=297 enomem=0 err=0 call_us[min/avg/max]=2186/3351/22489 okgap_max_us=22501
  30.917  t=28s RTT mean=0 min=0 max=0 n=0 to=0 | cancels=0(+0/s) seqbad=0 len_bad=8617 disc=0(0x00) | tot_n=0 tot_to=0 maxever=0 >2ms=0 >5ms=0 >15ms=0 >20ms=0 >30ms=0 | probes=0 wrfail=0 down=0s maxout=0s
  30.918  BLASTC comp=324 exkBps=77 cgap_us[min/avg/max]=2199/3090/15897
  30.972  BLAST phy=2/2 att=324 ok=324 enomem=0 err=0 call_us[min/avg/max]=2126/3078/15885 okgap_max_us=15897
  30.972  RPT pe: events=178 mean=3.67 mode=4 max=6 | 0:8 1:2 2:7 3:8 4:150 5:3
  30.972  t=29s RTT mean=0 min=0 max=0 n=0 to=0 | cancels=0(+0/s) seqbad=0 len_bad=8940 disc=0(0x00) | tot_n=0 tot_to=0 maxever=0 >2ms=0 >5ms=0 >15ms=0 >20ms=0 >30ms=0 | probes=0 wrfail=0 down=0s maxout=0s
  32.926  BLASTC comp=309 exkBps=73 cgap_us[min/avg/max]=2198/3233/22501
  32.926  BLAST phy=2/2 att=309 ok=309 enomem=0 err=0 call_us[min/avg/max]=2186/3221/22488 okgap_max_us=22500
  32.926  t=30s RTT mean=0 min=0 max=0 n=0 to=0 | cancels=0(+0/s) seqbad=0 len_bad=9251 disc=0(0x00) | tot_n=0 tot_to=0 maxever=0 >2ms=0 >5ms=0 >15ms=0 >20ms=0 >30ms=0 | probes=0 wrfail=0 down=0s maxout=0s
  32.926  BLASTC comp=337 exkBps=80 cgap_us[min/avg/max]=2200/2964/15886
  32.926  BLAST phy=2/2 att=337 ok=337 enomem=0 err=0 call_us[min/avg/max]=2124/2952/15779 okgap_max_us=15791
  32.926  RPT pe: events=178 mean=3.81 mode=4 max=6 | 0:6 1:2 3:7 4:159 5:4
  32.979  t=31s RTT mean=0 min=0 max=0 n=0 to=0 | cancels=0(+0/s) seqbad=0 len_bad=9588 disc=0(0x00) | tot_n=0 tot_to=0 maxever=0 >2ms=0 >5ms=0 >15ms=0 >20ms=0 >30ms=0 | probes=0 wrfail=0 down=0s maxout=0s
  34.883  BLASTC comp=334 exkBps=79 cgap_us[min/avg/max]=2191/2997/15900
  34.937  BLAST phy=2/2 att=334 ok=334 enomem=0 err=0 call_us[min/avg/max]=2130/2985/15889 okgap_max_us=15901
  34.937  t=32s RTT mean=0 min=0 max=0 n=0 to=0 | cancels=0(+0/s) seqbad=0 len_bad=9922 disc=0(0x00) | tot_n=0 tot_to=0 maxever=0 >2ms=0 >5ms=0 >15ms=0 >20ms=0 >30ms=0 | probes=0 wrfail=0 down=0s maxout=0s
  34.937  BLASTC comp=331 exkBps=78 cgap_us[min/avg/max]=2190/3024/20299
  34.937  BLAST phy=2/2 att=331 ok=331 enomem=0 err=0 call_us[min/avg/max]=2083/3012/20287 okgap_max_us=20299
  34.937  RPT pe: events=178 mean=3.88 mode=4 max=6 | 0:3 1:2 2:3 3:3 4:160 5:7
  34.991  t=33s RTT mean=0 min=0 max=0 n=0 to=0 | cancels=0(+0/s) seqbad=0 len_bad=10252 disc=0(0x00) | tot_n=0 tot_to=0 maxever=0 >2ms=0 >5ms=0 >15ms=0 >20ms=0 >30ms=0 | probes=0 wrfail=0 down=0s maxout=0s
  36.906  BLASTC comp=337 exkBps=80 cgap_us[min/avg/max]=2191/2971/11251
  36.906  BLAST phy=2/2 att=337 ok=337 enomem=0 err=0 call_us[min/avg/max]=2118/2959/11240 okgap_max_us=11251
  36.906  t=34s RTT mean=0 min=0 max=0 n=0 to=0 | cancels=0(+0/s) seqbad=0 len_bad=10589 disc=0(0x00) | tot_n=0 tot_to=0 maxever=0 >2ms=0 >5ms=0 >15ms=0 >20ms=0 >30ms=0 | probes=0 wrfail=0 down=0s maxout=0s
  36.961  BLASTC comp=339 exkBps=80 cgap_us[min/avg/max]=2199/2939/15898
  36.962  BLAST phy=2/2 att=339 ok=339 enomem=0 err=0 call_us[min/avg/max]=2146/2927/15886 okgap_max_us=15898
  36.962  RPT pe: events=178 mean=3.88 mode=4 max=6 | 0:1 1:4 2:4 3:1 4:163 5:5
  36.962  t=35s RTT mean=0 min=0 max=0 n=0 to=0 | cancels=0(+0/s) seqbad=0 len_bad=10928 disc=0(0x00) | tot_n=0 tot_to=0 maxever=0 >2ms=0 >5ms=0 >15ms=0 >20ms=0 >30ms=0 | probes=0 wrfail=0 down=0s maxout=0s
  38.900  BLASTC comp=258 exkBps=61 cgap_us[min/avg/max]=2199/3880/27154
  38.901  BLAST phy=2/2 att=258 ok=258 enomem=0 err=0 call_us[min/avg/max]=2182/3868/27143 okgap_max_us=27155
  38.956  t=36s RTT mean=0 min=0 max=0 n=0 to=0 | cancels=0(+0/s) seqbad=0 len_bad=11186 disc=0(0x00) | tot_n=0 tot_to=0 maxever=0 >2ms=0 >5ms=0 >15ms=0 >20ms=0 >30ms=0 | probes=0 wrfail=0 down=0s maxout=0s
  38.956  BLASTC comp=304 exkBps=72 cgap_us[min/avg/max]=2199/3286/38397
  38.956  BLAST phy=2/2 att=304 ok=304 enomem=0 err=0 call_us[min/avg/max]=2187/3274/38385 okgap_max_us=38397
  38.956  RPT pe: events=177 mean=3.28 mode=4 max=6 | 0:26 1:3 2:7 3:2 4:137 5:2
  38.956  t=37s RTT mean=0 min=0 max=0 n=0 to=0 | cancels=0(+0/s) seqbad=0 len_bad=11490 disc=0(0x00) | tot_n=0 tot_to=0 maxever=0 >2ms=0 >5ms=0 >15ms=0 >20ms=0 >30ms=0 | probes=0 wrfail=0 down=0s maxout=0s
  40.901  t=38s RTT mean=0 min=0 max=0 n=0 to=0 | cancels=0(+0/s) seqbad=0 len_bad=11794 disc=0(0x00) | tot_n=0 tot_to=0 maxever=0 >2ms=0 >5ms=0 >15ms=0 >20ms=0 >30ms=0 | probes=0 wrfail=0 down=0s maxout=0s
  40.901  BLASTC comp=306 exkBps=72 cgap_us[min/avg/max]=2190/3294/38396
  40.956  BLAST phy=2/2 att=306 ok=306 enomem=0 err=0 call_us[min/avg/max]=2118/3282/38385 okgap_max_us=38397
  40.956  BLASTC comp=319 exkBps=76 cgap_us[min/avg/max]=2199/3110/27147
  40.956  BLAST phy=2/2 att=319 ok=319 enomem=0 err=0 call_us[min/avg/max]=2128/3098/27135 okgap_max_us=27147
  40.956  RPT pe: events=178 mean=3.66 mode=4 max=6 | 0:10 1:4 2:3 3:4 4:154 5:3
  40.956  t=39s RTT mean=0 min=0 max=0 n=0 to=0 | cancels=0(+0/s) seqbad=0 len_bad=12116 disc=0(0x00) | tot_n=0 tot_to=0 maxever=0 >2ms=0 >5ms=0 >15ms=0 >20ms=0 >30ms=0 | probes=0 wrfail=0 down=0s maxout=0s
  42.893  BLASTC comp=292 exkBps=69 cgap_us[min/avg/max]=2177/3421/27145
  42.893  BLAST phy=2/2 att=292 ok=292 enomem=0 err=0 call_us[min/avg/max]=2141/3409/27133 okgap_max_us=27145
  42.949  t=40s RTT mean=0 min=0 max=0 n=0 to=0 | cancels=0(+0/s) seqbad=0 len_bad=12409 disc=0(0x00) | tot_n=0 tot_to=0 maxever=0 >2ms=0 >5ms=0 >15ms=0 >20ms=0 >30ms=0 | probes=0 wrfail=0 down=0s maxout=0s
  42.949  BLASTC comp=300 exkBps=71 cgap_us[min/avg/max]=2199/3337/29348
  42.949  BLAST phy=2/2 att=300 ok=300 enomem=0 err=0 call_us[min/avg/max]=2126/3325/29336 okgap_max_us=29348
  42.949  RPT pe: events=178 mean=3.53 mode=4 max=6 | 0:14 1:5 2:6 3:5 4:143 5:5
  42.949  t=41s RTT mean=0 min=0 max=0 n=0 to=0 | cancels=0(+0/s) seqbad=0 len_bad=12708 disc=0(0x00) | tot_n=0 tot_to=0 maxever=0 >2ms=0 >5ms=0 >15ms=0 >20ms=0 >30ms=0 | probes=0 wrfail=0 down=0s maxout=0s
  44.903  BLASTC comp=313 exkBps=74 cgap_us[min/avg/max]=2189/3198/27144
  44.903  BLAST phy=2/2 att=313 ok=313 enomem=0 err=0 call_us[min/avg/max]=2141/3187/27132 okgap_max_us=27144
  44.958  t=42s RTT mean=0 min=0 max=0 n=0 to=0 | cancels=0(+0/s) seqbad=0 len_bad=13021 disc=0(0x00) | tot_n=0 tot_to=0 maxever=0 >2ms=0 >5ms=0 >15ms=0 >20ms=0 >30ms=0 | probes=0 wrfail=0 down=0s maxout=0s
  44.958  BLASTC comp=342 exkBps=81 cgap_us[min/avg/max]=2199/2927/11251
  44.958  BLAST phy=2/2 att=342 ok=342 enomem=0 err=0 call_us[min/avg/max]=2127/2915/11238 okgap_max_us=11250
  44.958  RPT pe: events=178 mean=3.80 mode=4 max=6 | 0:4 1:3 2:5 3:3 4:159 5:4
  44.958  t=43s RTT mean=0 min=0 max=0 n=0 to=0 | cancels=0(+0/s) seqbad=0 len_bad=13362 disc=0(0x00) | tot_n=0 tot_to=0 maxever=0 >2ms=0 >5ms=0 >15ms=0 >20ms=0 >30ms=0 | probes=0 wrfail=0 down=0s maxout=0s
