   1.908  *** Booting Zephyr OS build v4.4.2-16-gfee9fbc62095 ***
   1.908  [00:35:13.913,381] [0m<inf> bt_hci_core: HW Platform: Nordic Semiconductor (0x0002)[0m
   1.908  [00:35:13.913,393] [0m<inf> bt_hci_core: HW Variant: nRF54Lx (0x0005)[0m
   1.908  [00:35:13.913,405] [0m<inf> bt_hci_core: Firmware: Standard Bluetooth controller (0x00) Version 4.4 Build 2[0m
   1.908  [00:35:13.913,753] [0m<inf> bt_hci_core: HCI transport: Controller[0m
   1.963  [00:35:13.913,802] [0m<inf> bt_hci_core: Identity: FC:BE:FF:FA:E6:8B (random)[0m
   1.964  [00:35:13.913,818] [0m<inf> bt_hci_core: HCI: version 5.4 (0x0d) revision 0x0000, manufacturer 0x05f1[0m
   1.964  [00:35:13.913,834] [0m<inf> bt_hci_core: LMP: version 5.4 (0x0d) subver 0xffff[0m
   1.964  
   1.964  === nRF54L15 RTT ping-pong CENTRAL ===
   1.964  scan rc=0
   1.964  Q2CONN AA=ba872439 CRCINIT=73e13c hop=16 chan_count=37 map=ffffffff1f
   1.964  GAP connected interval=16250
   1.964  MTU err=0 mtu=247
   2.710  PHY tx=2 rx=2
   2.710  discovery start (post-PHY +500ms) interval=16250 phy2m=1
   2.710  SUBSCRIBED, vh=14
   2.710  BLAST: phy_update->2M rc=0
   2.710  BLAST first16_call_us: 124 119 122 121 122 122 122 121 115 56 53 54 53 53 54 53
   3.749  PHY tx=2 rx=2
   3.749  t=1s RTT mean=0 min=0 max=0 n=0 to=0 | cancels=0(+0/s) seqbad=0 len_bad=51 disc=0(0x00) | tot_n=0 tot_to=0 maxever=0 >2ms=0 >5ms=0 >15ms=0 >20ms=0 >30ms=0 | probes=0 wrfail=0 down=0s maxout=0s
   3.749  BLASTC comp=63 exkBps=12 cgap_us[min/avg/max]=130/3223/54672
   3.749  BLAST phy=2/2 att=73 ok=73 enomem=0 err=0 call_us[min/avg/max]=53/2726/53949 okgap_max_us=53961
   4.896  t=2s RTT mean=0 min=0 max=0 n=0 to=0 | cancels=0(+0/s) seqbad=0 len_bad=406 disc=0(0x00) | tot_n=0 tot_to=0 maxever=0 >2ms=0 >5ms=0 >15ms=0 >20ms=0 >30ms=0 | probes=0 wrfail=0 down=0s maxout=0s
   4.896  BLASTC comp=355 exkBps=84 cgap_us[min/avg/max]=2390/2817/20454
   4.951  BLAST phy=2/2 att=355 ok=355 enomem=0 err=0 call_us[min/avg/max]=2378/2805/20442 okgap_max_us=20454
   4.951  RPT pe: events=123 mean=5.74 mode=6 max=7 | 0:2 1:2 2:1 4:1 5:3 6:114
   4.951  BLASTC comp=336 exkBps=80 cgap_us[min/avg/max]=2395/2971/20454
   4.951  BLAST phy=2/2 att=336 ok=336 enomem=0 err=0 call_us[min/avg/max]=2323/2959/20442 okgap_max_us=20454
   4.951  t=3s RTT mean=0 min=0 max=0 n=0 to=0 | cancels=0(+0/s) seqbad=0 len_bad=743 disc=0(0x00) | tot_n=0 tot_to=0 maxever=0 >2ms=0 >5ms=0 >15ms=0 >20ms=0 >30ms=0 | probes=0 wrfail=0 down=0s maxout=0s
   6.691  FSU: request [150..150] us (ACL both dirs, 1M+2M) rc=0
   6.692  BLASTC comp=358 exkBps=85 cgap_us[min/avg/max]=1442/2794/16251
   6.692  BLAST phy=2/2 att=358 ok=358 enomem=0 err=0 call_us[min/avg/max]=1431/2782/16239 okgap_max_us=16251
   6.743  t=4s RTT mean=0 min=0 max=0 n=0 to=0 | cancels=0(+0/s) seqbad=0 len_bad=1100 disc=0(0x00) | tot_n=0 tot_to=0 maxever=0 >2ms=0 >5ms=0 >15ms=0 >20ms=0 >30ms=0 | probes=0 wrfail=0 down=0s maxout=0s
   6.905  RPT pe: events=123 mean=5.89 mode=6 max=7 | 1:2 3:1 5:1 6:118 7:1
   6.905  t=5s RTT mean=0 min=0 max=0 n=0 to=0 | cancels=0(+0/s) seqbad=0 len_bad=1452 disc=0(0x00) | tot_n=0 tot_to=0 maxever=0 >2ms=0 >5ms=0 >15ms=0 >20ms=0 >30ms=0 | probes=0 wrfail=0 down=0s maxout=0s
   6.905  BLASTC comp=353 exkBps=84 cgap_us[min/avg/max]=2394/2840/16251
   6.960  BLAST phy=2/2 att=353 ok=353 enomem=0 err=0 call_us[min/avg/max]=2325/2828/16240 okgap_max_us=16252
   8.922  t=6s RTT mean=0 min=0 max=0 n=0 to=0 | cancels=0(+0/s) seqbad=0 len_bad=1817 disc=0(0x00) | tot_n=0 tot_to=0 maxever=0 >2ms=0 >5ms=0 >15ms=0 >20ms=0 >30ms=0 | probes=0 wrfail=0 down=0s maxout=0s
   8.922  BLASTC comp=365 exkBps=86 cgap_us[min/avg/max]=2389/2735/6660
   8.922  BLAST phy=2/2 att=365 ok=365 enomem=0 err=0 call_us[min/avg/max]=2312/2723/6648 okgap_max_us=6660
   8.922  RPT pe: events=124 mean=5.97 mode=6 max=7 | 3:1 6:123
   8.977  t=7s RTT mean=0 min=0 max=0 n=0 to=0 | cancels=0(+0/s) seqbad=0 len_bad=2171 disc=0(0x00) | tot_n=0 tot_to=0 maxever=0 >2ms=0 >5ms=0 >15ms=0 >20ms=0 >30ms=0 | probes=0 wrfail=0 down=0s maxout=0s
   8.977  BLASTC comp=354 exkBps=84 cgap_us[min/avg/max]=2396/2825/11455
   8.977  BLAST phy=2/2 att=354 ok=354 enomem=0 err=0 call_us[min/avg/max]=2323/2813/11444 okgap_max_us=11455
  10.885  BLASTC comp=350 exkBps=83 cgap_us[min/avg/max]=2394/2852/13853
  10.885  BLAST phy=2/2 att=350 ok=350 enomem=0 err=0 call_us[min/avg/max]=2319/2840/13841 okgap_max_us=13853
  10.941  t=8s RTT mean=0 min=0 max=0 n=0 to=0 | cancels=0(+0/s) seqbad=0 len_bad=2522 disc=0(0x00) | tot_n=0 tot_to=0 maxever=0 >2ms=0 >5ms=0 >15ms=0 >20ms=0 >30ms=0 | probes=0 wrfail=0 down=0s maxout=0s
  10.941  RPT pe: events=123 mean=5.72 mode=6 max=7 | 0:2 1:1 2:1 3:3 4:1 5:2 6:113
  10.941  BLASTC comp=333 exkBps=79 cgap_us[min/avg/max]=2396/3003/20454
  10.941  BLAST phy=2/2 att=333 ok=333 enomem=0 err=0 call_us[min/avg/max]=2330/2991/20442 okgap_max_us=20454
  10.995  t=9s RTT mean=0 min=0 max=0 n=0 to=0 | cancels=0(+0/s) seqbad=0 len_bad=2855 disc=0(0x00) | tot_n=0 tot_to=0 maxever=0 >2ms=0 >5ms=0 >15ms=0 >20ms=0 >30ms=0 | probes=0 wrfail=0 down=0s maxout=0s
  12.894  BLASTC comp=326 exkBps=77 cgap_us[min/avg/max]=2394/3070/36704
  12.894  BLAST phy=2/2 att=326 ok=326 enomem=0 err=0 call_us[min/avg/max]=2335/3058/36693 okgap_max_us=36704
  12.949  t=10s RTT mean=0 min=0 max=0 n=0 to=0 | cancels=0(+0/s) seqbad=0 len_bad=3181 disc=0(0x00) | tot_n=0 tot_to=0 maxever=0 >2ms=0 >5ms=0 >15ms=0 >20ms=0 >30ms=0 | probes=0 wrfail=0 down=0s maxout=0s
  12.949  RPT pe: events=123 mean=5.68 mode=6 max=7 | 0:4 2:1 3:2 4:1 5:3 6:112
  12.949  t=11s RTT mean=0 min=0 max=0 n=0 to=0 | cancels=0(+0/s) seqbad=0 len_bad=3534 disc=0(0x00) | tot_n=0 tot_to=0 maxever=0 >2ms=0 >5ms=0 >15ms=0 >20ms=0 >30ms=0 | probes=0 wrfail=0 down=0s maxout=0s
  12.949  BLASTC comp=354 exkBps=84 cgap_us[min/avg/max]=2396/2864/25308
  12.949  BLAST phy=2/2 att=354 ok=354 enomem=0 err=0 call_us[min/avg/max]=2372/2852/25296 okgap_max_us=25308
  14.903  BLASTC comp=338 exkBps=80 cgap_us[min/avg/max]=2395/2913/16252
  14.903  BLAST phy=2/2 att=338 ok=338 enomem=0 err=0 call_us[min/avg/max]=2325/2901/16240 okgap_max_us=16313
  14.904  t=12s RTT mean=0 min=0 max=0 n=0 to=0 | cancels=0(+0/s) seqbad=0 len_bad=3873 disc=0(0x00) | tot_n=0 tot_to=0 maxever=0 >2ms=0 >5ms=0 >15ms=0 >20ms=0 >30ms=0 | probes=0 wrfail=0 down=0s maxout=0s
  14.959  RPT pe: events=123 mean=5.60 mode=6 max=7 | 0:1 1:5 2:3 3:1 4:1 5:1 6:111
  14.959  BLASTC comp=324 exkBps=77 cgap_us[min/avg/max]=2388/3087/20454
  14.959  BLAST phy=2/2 att=324 ok=324 enomem=0 err=0 call_us[min/avg/max]=2375/3075/20442 okgap_max_us=20454
  14.959  t=13s RTT mean=0 min=0 max=0 n=0 to=0 | cancels=0(+0/s) seqbad=0 len_bad=4197 disc=0(0x00) | tot_n=0 tot_to=0 maxever=0 >2ms=0 >5ms=0 >15ms=0 >20ms=0 >30ms=0 | probes=0 wrfail=0 down=0s maxout=0s
  16.918  BLASTC comp=336 exkBps=80 cgap_us[min/avg/max]=2392/2978/22911
  16.918  BLAST phy=2/2 att=336 ok=336 enomem=0 err=0 call_us[min/avg/max]=2338/2966/22900 okgap_max_us=22911
  16.918  t=14s RTT mean=0 min=0 max=0 n=0 to=0 | cancels=0(+0/s) seqbad=0 len_bad=4533 disc=0(0x00) | tot_n=0 tot_to=0 maxever=0 >2ms=0 >5ms=0 >15ms=0 >20ms=0 >30ms=0 | probes=0 wrfail=0 down=0s maxout=0s
  16.918  RPT pe: events=123 mean=5.71 mode=6 max=7 | 0:2 2:3 3:1 4:3 5:2 6:112
  16.918  BLASTC comp=351 exkBps=83 cgap_us[min/avg/max]=2387/2849/16251
  16.973  BLAST phy=2/2 att=351 ok=351 enomem=0 err=0 call_us[min/avg/max]=2374/2837/16239 okgap_max_us=16251
  16.973  t=15s RTT mean=0 min=0 max=0 n=0 to=0 | cancels=0(+0/s) seqbad=0 len_bad=4884 disc=0(0x00) | tot_n=0 tot_to=0 maxever=0 >2ms=0 >5ms=0 >15ms=0 >20ms=0 >30ms=0 | probes=0 wrfail=0 down=0s maxout=0s
  18.921  BLASTC comp=339 exkBps=80 cgap_us[min/avg/max]=2395/2945/16252
  18.921  BLAST phy=2/2 att=339 ok=339 enomem=0 err=0 call_us[min/avg/max]=2336/2933/16240 okgap_max_us=16252
  18.921  t=16s RTT mean=0 min=0 max=0 n=0 to=0 | cancels=0(+0/s) seqbad=0 len_bad=5223 disc=0(0x00) | tot_n=0 tot_to=0 maxever=0 >2ms=0 >5ms=0 >15ms=0 >20ms=0 >30ms=0 | probes=0 wrfail=0 down=0s maxout=0s
  18.921  RPT pe: events=123 mean=5.66 mode=6 max=7 | 1:3 2:1 3:3 4:4 5:5 6:107
  18.921  BLASTC comp=337 exkBps=80 cgap_us[min/avg/max]=2386/2968/16252
  18.976  BLAST phy=2/2 att=337 ok=337 enomem=0 err=0 call_us[min/avg/max]=2375/2956/16240 okgap_max_us=16252
  18.976  t=17s RTT mean=0 min=0 max=0 n=0 to=0 | cancels=0(+0/s) seqbad=0 len_bad=5561 disc=0(0x00) | tot_n=0 tot_to=0 maxever=0 >2ms=0 >5ms=0 >15ms=0 >20ms=0 >30ms=0 | probes=0 wrfail=0 down=0s maxout=0s
  20.935  t=18s RTT mean=0 min=0 max=0 n=0 to=0 | cancels=0(+0/s) seqbad=0 len_bad=5876 disc=0(0x00) | tot_n=0 tot_to=0 maxever=0 >2ms=0 >5ms=0 >15ms=0 >20ms=0 >30ms=0 | probes=0 wrfail=0 down=0s maxout=0s
  20.935  BLASTC comp=316 exkBps=75 cgap_us[min/avg/max]=2389/3173/36712
  20.935  BLAST phy=2/2 att=316 ok=316 enomem=0 err=0 call_us[min/avg/max]=2282/3161/36701 okgap_max_us=36712
  20.935  RPT pe: events=123 mean=5.49 mode=6 max=7 | 0:3 1:2 2:4 3:2 4:5 5:2 6:105
  20.935  BLASTC comp=341 exkBps=81 cgap_us[min/avg/max]=2388/2927/20453
  20.935  BLAST phy=2/2 att=341 ok=341 enomem=0 err=0 call_us[min/avg/max]=2218/2915/20442 okgap_max_us=20453
  20.991  t=19s RTT mean=0 min=0 max=0 n=0 to=0 | cancels=0(+0/s) seqbad=0 len_bad=6217 disc=0(0x00) | tot_n=0 tot_to=0 maxever=0 >2ms=0 >5ms=0 >15ms=0 >20ms=0 >30ms=0 | probes=0 wrfail=0 down=0s maxout=0s
  22.890  BLASTC comp=349 exkBps=83 cgap_us[min/avg/max]=2394/2866/13853
  22.890  BLAST phy=2/2 att=349 ok=349 enomem=0 err=0 call_us[min/avg/max]=2337/2854/13841 okgap_max_us=13853
  22.945  t=20s RTT mean=0 min=0 max=0 n=0 to=0 | cancels=0(+0/s) seqbad=0 len_bad=6566 disc=0(0x00) | tot_n=0 tot_to=0 maxever=0 >2ms=0 >5ms=0 >15ms=0 >20ms=0 >30ms=0 | probes=0 wrfail=0 down=0s maxout=0s
  22.945  RPT pe: events=123 mean=5.73 mode=6 max=7 | 2:3 3:5 4:2 5:1 6:112
  22.945  BLASTC comp=340 exkBps=81 cgap_us[min/avg/max]=2392/2943/16250
  22.945  BLAST phy=2/2 att=340 ok=340 enomem=0 err=0 call_us[min/avg/max]=2333/2931/16238 okgap_max_us=16250
  22.945  t=21s RTT mean=0 min=0 max=0 n=0 to=0 | cancels=0(+0/s) seqbad=0 len_bad=6906 disc=0(0x00) | tot_n=0 tot_to=0 maxever=0 >2ms=0 >5ms=0 >15ms=0 >20ms=0 >30ms=0 | probes=0 wrfail=0 down=0s maxout=0s
  24.889  BLASTC comp=319 exkBps=76 cgap_us[min/avg/max]=2394/3128/32501
  24.889  BLAST phy=2/2 att=319 ok=319 enomem=0 err=0 call_us[min/avg/max]=2382/3116/32489 okgap_max_us=32501
  24.945  t=22s RTT mean=0 min=0 max=0 n=0 to=0 | cancels=0(+0/s) seqbad=0 len_bad=7226 disc=0(0x00) | tot_n=0 tot_to=0 maxever=0 >2ms=0 >5ms=0 >15ms=0 >20ms=0 >30ms=0 | probes=0 wrfail=0 down=0s maxout=0s
  24.945  RPT pe: events=123 mean=5.60 mode=6 max=7 | 0:2 1:2 2:4 3:2 4:1 5:2 6:110
  24.945  BLASTC comp=350 exkBps=83 cgap_us[min/avg/max]=2387/2859/20454
  24.945  BLAST phy=2/2 att=350 ok=350 enomem=0 err=0 call_us[min/avg/max]=2323/2847/20443 okgap_max_us=20454
  25.000  t=23s RTT mean=0 min=0 max=0 n=0 to=0 | cancels=0(+0/s) seqbad=0 len_bad=7576 disc=0(0x00) | tot_n=0 tot_to=0 maxever=0 >2ms=0 >5ms=0 >15ms=0 >20ms=0 >30ms=0 | probes=0 wrfail=0 down=0s maxout=0s
  26.889  BLASTC comp=320 exkBps=76 cgap_us[min/avg/max]=2393/3126/39161
  26.890  BLAST phy=2/2 att=320 ok=320 enomem=0 err=0 call_us[min/avg/max]=2380/3114/39150 okgap_max_us=39161
  26.945  t=24s RTT mean=0 min=0 max=0 n=0 to=0 | cancels=0(+0/s) seqbad=0 len_bad=7896 disc=0(0x00) | tot_n=0 tot_to=0 maxever=0 >2ms=0 >5ms=0 >15ms=0 >20ms=0 >30ms=0 | probes=0 wrfail=0 down=0s maxout=0s
  26.945  BLASTC comp=323 exkBps=76 cgap_us[min/avg/max]=2384/3091/20458
  26.945  BLAST phy=2/2 att=323 ok=323 enomem=0 err=0 call_us[min/avg/max]=2276/3079/20446 okgap_max_us=20458
  26.945  RPT pe: events=123 mean=5.37 mode=6 max=7 | 0:5 1:3 2:3 3:3 4:4 5:3 6:102
  26.945  t=25s RTT mean=0 min=0 max=0 n=0 to=0 | cancels=0(+0/s) seqbad=0 len_bad=8219 disc=0(0x00) | tot_n=0 tot_to=0 maxever=0 >2ms=0 >5ms=0 >15ms=0 >20ms=0 >30ms=0 | probes=0 wrfail=0 down=0s maxout=0s
  28.902  BLASTC comp=353 exkBps=84 cgap_us[min/avg/max]=2394/2833/13853
  28.902  BLAST phy=2/2 att=353 ok=353 enomem=0 err=0 call_us[min/avg/max]=2376/2821/13840 okgap_max_us=13852
  28.956  t=26s RTT mean=0 min=0 max=0 n=0 to=0 | cancels=0(+0/s) seqbad=0 len_bad=8572 disc=0(0x00) | tot_n=0 tot_to=0 maxever=0 >2ms=0 >5ms=0 >15ms=0 >20ms=0 >30ms=0 | probes=0 wrfail=0 down=0s maxout=0s
  28.956  RPT pe: events=123 mean=5.84 mode=6 max=7 | 0:1 2:1 3:1 4:2 5:2 6:116
  28.956  BLASTC comp=355 exkBps=84 cgap_us[min/avg/max]=2393/2819/20454
  28.956  BLAST phy=2/2 att=355 ok=355 enomem=0 err=0 call_us[min/avg/max]=2322/2807/20443 okgap_max_us=20454
  28.956  t=27s RTT mean=0 min=0 max=0 n=0 to=0 | cancels=0(+0/s) seqbad=0 len_bad=8926 disc=0(0x00) | tot_n=0 tot_to=0 maxever=0 >2ms=0 >5ms=0 >15ms=0 >20ms=0 >30ms=0 | probes=0 wrfail=0 down=0s maxout=0s
  30.914  BLASTC comp=352 exkBps=83 cgap_us[min/avg/max]=2393/2841/20454
  30.914  BLAST phy=2/2 att=352 ok=352 enomem=0 err=0 call_us[min/avg/max]=2379/2829/20442 okgap_max_us=20454
  30.914  t=28s RTT mean=0 min=0 max=0 n=0 to=0 | cancels=0(+0/s) seqbad=0 len_bad=9279 disc=0(0x00) | tot_n=0 tot_to=0 maxever=0 >2ms=0 >5ms=0 >15ms=0 >20ms=0 >30ms=0 | probes=0 wrfail=0 down=0s maxout=0s
  30.914  RPT pe: events=123 mean=5.85 mode=6 max=7 | 0:1 3:2 4:2 5:2 6:116
  30.967  BLASTC comp=352 exkBps=83 cgap_us[min/avg/max]=2396/2848/11457
  30.967  BLAST phy=2/2 att=352 ok=352 enomem=0 err=0 call_us[min/avg/max]=2322/2836/11445 okgap_max_us=11457
  30.967  t=29s RTT mean=0 min=0 max=0 n=0 to=0 | cancels=0(+0/s) seqbad=0 len_bad=9630 disc=0(0x00) | tot_n=0 tot_to=0 maxever=0 >2ms=0 >5ms=0 >15ms=0 >20ms=0 >30ms=0 | probes=0 wrfail=0 down=0s maxout=0s
  32.898  BLASTC comp=356 exkBps=84 cgap_us[min/avg/max]=2395/2797/20455
  32.898  BLAST phy=2/2 att=356 ok=356 enomem=0 err=0 call_us[min/avg/max]=2339/2785/20443 okgap_max_us=20455
  32.953  t=30s RTT mean=0 min=0 max=0 n=0 to=0 | cancels=0(+0/s) seqbad=0 len_bad=9988 disc=0(0x00) | tot_n=0 tot_to=0 maxever=0 >2ms=0 >5ms=0 >15ms=0 >20ms=0 >30ms=0 | probes=0 wrfail=0 down=0s maxout=0s
  32.953  RPT pe: events=124 mean=5.75 mode=6 max=7 | 0:2 1:1 3:3 4:2 5:1 6:115
  32.953  BLASTC comp=336 exkBps=80 cgap_us[min/avg/max]=2396/2984/20455
  32.953  BLAST phy=2/2 att=336 ok=336 enomem=0 err=0 call_us[min/avg/max]=2322/2972/20443 okgap_max_us=20455
  32.953  t=31s RTT mean=0 min=0 max=0 n=0 to=0 | cancels=0(+0/s) seqbad=0 len_bad=10323 disc=0(0x00) | tot_n=0 tot_to=0 maxever=0 >2ms=0 >5ms=0 >15ms=0 >20ms=0 >30ms=0 | probes=0 wrfail=0 down=0s maxout=0s
  34.896  BLASTC comp=344 exkBps=81 cgap_us[min/avg/max]=2389/2902/20454
  34.896  BLAST phy=2/2 att=344 ok=344 enomem=0 err=0 call_us[min/avg/max]=2282/2890/20442 okgap_max_us=20454
  34.951  t=32s RTT mean=0 min=0 max=0 n=0 to=0 | cancels=0(+0/s) seqbad=0 len_bad=10667 disc=0(0x00) | tot_n=0 tot_to=0 maxever=0 >2ms=0 >5ms=0 >15ms=0 >20ms=0 >30ms=0 | probes=0 wrfail=0 down=0s maxout=0s
  34.951  RPT pe: events=123 mean=5.80 mode=6 max=7 | 0:1 1:1 2:2 3:1 5:2 6:116
  34.951  BLASTC comp=351 exkBps=83 cgap_us[min/avg/max]=2396/2849/13857
  34.951  BLAST phy=2/2 att=351 ok=351 enomem=0 err=0 call_us[min/avg/max]=2322/2837/13846 okgap_max_us=13858
  34.951  t=33s RTT mean=0 min=0 max=0 n=0 to=0 | cancels=0(+0/s) seqbad=0 len_bad=11018 disc=0(0x00) | tot_n=0 tot_to=0 maxever=0 >2ms=0 >5ms=0 >15ms=0 >20ms=0 >30ms=0 | probes=0 wrfail=0 down=0s maxout=0s
  36.923  BLASTC comp=329 exkBps=78 cgap_us[min/avg/max]=2395/3034/36704
  36.923  BLAST phy=2/2 att=329 ok=329 enomem=0 err=0 call_us[min/avg/max]=2325/3022/36691 okgap_max_us=36703
  36.923  t=34s RTT mean=0 min=0 max=0 n=0 to=0 | cancels=0(+0/s) seqbad=0 len_bad=11348 disc=0(0x00) | tot_n=0 tot_to=0 maxever=0 >2ms=0 >5ms=0 >15ms=0 >20ms=0 >30ms=0 | probes=0 wrfail=0 down=0s maxout=0s
  36.923  BLASTC comp=335 exkBps=79 cgap_us[min/avg/max]=2396/2986/22912
  36.923  BLAST phy=2/2 att=335 ok=335 enomem=0 err=0 call_us[min/avg/max]=2322/2974/22899 okgap_max_us=22911
  36.979  RPT pe: events=123 mean=5.50 mode=6 max=7 | 0:5 1:2 2:2 3:3 4:2 6:109
  36.979  t=35s RTT mean=0 min=0 max=0 n=0 to=0 | cancels=0(+0/s) seqbad=0 len_bad=11683 disc=0(0x00) | tot_n=0 tot_to=0 maxever=0 >2ms=0 >5ms=0 >15ms=0 >20ms=0 >30ms=0 | probes=0 wrfail=0 down=0s maxout=0s
  38.882  BLASTC comp=335 exkBps=79 cgap_us[min/avg/max]=2377/2987/22911
  38.937  BLAST phy=2/2 att=335 ok=335 enomem=0 err=0 call_us[min/avg/max]=2304/2975/22899 okgap_max_us=22911
  38.937  t=36s RTT mean=0 min=0 max=0 n=0 to=0 | cancels=0(+0/s) seqbad=0 len_bad=12017 disc=0(0x00) | tot_n=0 tot_to=0 maxever=0 >2ms=0 >5ms=0 >15ms=0 >20ms=0 >30ms=0 | probes=0 wrfail=0 down=0s maxout=0s
  38.937  BLASTC comp=339 exkBps=80 cgap_us[min/avg/max]=2394/2950/20454
  38.937  BLAST phy=2/2 att=339 ok=339 enomem=0 err=0 call_us[min/avg/max]=2380/2938/20442 okgap_max_us=20454
  38.937  RPT pe: events=123 mean=5.63 mode=6 max=7 | 0:2 1:2 2:4 3:2 5:1 6:112
  38.992  t=37s RTT mean=0 min=0 max=0 n=0 to=0 | cancels=0(+0/s) seqbad=0 len_bad=12357 disc=0(0x00) | tot_n=0 tot_to=0 maxever=0 >2ms=0 >5ms=0 >15ms=0 >20ms=0 >30ms=0 | probes=0 wrfail=0 down=0s maxout=0s
  40.882  BLASTC comp=359 exkBps=85 cgap_us[min/avg/max]=2363/2781/16252
  40.935  BLAST phy=2/2 att=359 ok=359 enomem=0 err=0 call_us[min/avg/max]=2284/2769/16240 okgap_max_us=16252
  40.935  t=38s RTT mean=0 min=0 max=0 n=0 to=0 | cancels=0(+0/s) seqbad=0 len_bad=12716 disc=0(0x00) | tot_n=0 tot_to=0 maxever=0 >2ms=0 >5ms=0 >15ms=0 >20ms=0 >30ms=0 | probes=0 wrfail=0 down=0s maxout=0s
  40.935  BLASTC comp=343 exkBps=81 cgap_us[min/avg/max]=2387/2916/20454
  40.936  BLAST phy=2/2 att=343 ok=343 enomem=0 err=0 call_us[min/avg/max]=2279/2904/20442 okgap_max_us=20454
  40.936  RPT pe: events=123 mean=5.82 mode=6 max=7 | 0:1 1:1 2:2 4:1 5:1 6:117
  40.990  t=39s RTT mean=0 min=0 max=0 n=0 to=0 | cancels=0(+0/s) seqbad=0 len_bad=13059 disc=0(0x00) | tot_n=0 tot_to=0 maxever=0 >2ms=0 >5ms=0 >15ms=0 >20ms=0 >30ms=0 | probes=0 wrfail=0 down=0s maxout=0s
  42.896  BLASTC comp=349 exkBps=83 cgap_us[min/avg/max]=2375/2867/20454
  42.896  BLAST phy=2/2 att=349 ok=349 enomem=0 err=0 call_us[min/avg/max]=2303/2855/20442 okgap_max_us=20454
  42.949  t=40s RTT mean=0 min=0 max=0 n=0 to=0 | cancels=0(+0/s) seqbad=0 len_bad=13407 disc=0(0x00) | tot_n=0 tot_to=0 maxever=0 >2ms=0 >5ms=0 >15ms=0 >20ms=0 >30ms=0 | probes=0 wrfail=0 down=0s maxout=0s
  42.949  BLASTC comp=315 exkBps=75 cgap_us[min/avg/max]=2394/3175/48751
  42.949  BLAST phy=2/2 att=315 ok=315 enomem=0 err=0 call_us[min/avg/max]=2380/3163/48739 okgap_max_us=48751
  42.949  RPT pe: events=123 mean=5.54 mode=6 max=7 | 0:4 1:4 2:2 4:1 5:2 6:110
  42.949  t=41s RTT mean=0 min=0 max=0 n=0 to=0 | cancels=0(+0/s) seqbad=0 len_bad=13723 disc=0(0x00) | tot_n=0 tot_to=0 maxever=0 >2ms=0 >5ms=0 >15ms=0 >20ms=0 >30ms=0 | probes=0 wrfail=0 down=0s maxout=0s
  44.898  BLASTC comp=260 exkBps=61 cgap_us[min/avg/max]=2372/3865/46352
  44.898  BLAST phy=2/2 att=260 ok=260 enomem=0 err=0 call_us[min/avg/max]=2300/3853/46341 okgap_max_us=46352
  44.949  t=42s RTT mean=0 min=0 max=0 n=0 to=0 | cancels=0(+0/s) seqbad=0 len_bad=13981 disc=0(0x00) | tot_n=0 tot_to=0 maxever=0 >2ms=0 >5ms=0 >15ms=0 >20ms=0 >30ms=0 | probes=0 wrfail=0 down=0s maxout=0s
  44.949  RPT pe: events=124 mean=4.52 mode=6 max=7 | 0:18 1:6 2:6 3:4 4:3 5:3 6:84
  44.949  t=43s RTT mean=0 min=0 max=0 n=0 to=0 | cancels=0(+0/s) seqbad=0 len_bad=14261 disc=0(0x00) | tot_n=0 tot_to=0 maxever=0 >2ms=0 >5ms=0 >15ms=0 >20ms=0 >30ms=0 | probes=0 wrfail=0 down=0s maxout=0s
  44.949  BLASTC comp=281 exkBps=66 cgap_us[min/avg/max]=2394/3576/39162
  44.949  BLAST phy=2/2 att=281 ok=281 enomem=0 err=0 call_us[min/avg/max]=2333/3564/39149 okgap_max_us=39161
