   0.218  SINK rx: 186 KB/s (190795 B / 1000 ms) fsu=52 | cum_total=2334726 B cum_segs=9729 | UP sent=16615 eagain=0 lasterr=-128 txcred=64 host_pulls=0
   1.215  SINK rx: 182 KB/s (186965 B / 1000 ms) fsu=52 | cum_total=2521691 B cum_segs=10508 | UP sent=16615 eagain=0 lasterr=-128 txcred=64 host_pulls=0
   1.676  *** Booting Zephyr OS build v4.4.2-16-gfee9fbc62095 ***
   1.676  
   1.676  === nRF52 L2CAP CoC SINK (Zephyr 4.4.1, seg_recv) ===
   1.729  L2CAP server on PSM 0x0080
   1.729  Advertising as 'zenoh-nrf-l2cap'
   5.631  GAP connected: interval=6
   5.681  DLE updated: tx_max=251 rx_max=27
   5.741  PHY updated: tx=2 rx=2
   5.741  DLE updated: tx_max=251 rx_max=251
   5.741  CoC up — seg_recv sink ready (RX_CREDITS=64, MPS=247)
   5.861  Q3FSU-DONE role=P status=0x00 spacing=52 types=0x3 phys=0x2 initiator=2
   6.742  SINK rx: 42 KB/s (43686 B / 1000 ms) fsu=52 | cum_total=43686 B cum_segs=183 | UP sent=655 eagain=0 lasterr=0 txcred=28 host_pulls=0
   7.765  SINK rx: 58 KB/s (60000 B / 1000 ms) fsu=52 | cum_total=103686 B cum_segs=433 | UP sent=1168 eagain=0 lasterr=0 txcred=49 host_pulls=0
   8.756  SINK rx: 59 KB/s (60480 B / 1000 ms) fsu=52 | cum_total=164166 B cum_segs=685 | UP sent=1705 eagain=0 lasterr=0 txcred=45 host_pulls=0
   9.809  SINK rx: 57 KB/s (59285 B / 1000 ms) fsu=52 | cum_total=223451 B cum_segs=932 | UP sent=2203 eagain=0 lasterr=0 txcred=38 host_pulls=0
  10.811  SINK rx: 61 KB/s (62635 B / 1000 ms) fsu=52 | cum_total=286086 B cum_segs=1193 | UP sent=2716 eagain=0 lasterr=0 txcred=18 host_pulls=0
  11.820  SINK rx: 62 KB/s (63605 B / 1000 ms) fsu=52 | cum_total=349691 B cum_segs=1458 | UP sent=3247 eagain=0 lasterr=0 txcred=61 host_pulls=0
  12.823  SINK rx: 57 KB/s (59275 B / 1000 ms) fsu=52 | cum_total=408966 B cum_segs=1705 | UP sent=3775 eagain=0 lasterr=0 txcred=25 host_pulls=0
  13.831  SINK rx: 60 KB/s (62400 B / 1000 ms) fsu=52 | cum_total=471366 B cum_segs=1965 | UP sent=4287 eagain=0 lasterr=0 txcred=46 host_pulls=0
  14.826  SINK rx: 60 KB/s (61920 B / 1000 ms) fsu=52 | cum_total=533286 B cum_segs=2223 | UP sent=4796 eagain=0 lasterr=0 txcred=29 host_pulls=0
  15.879  SINK rx: 60 KB/s (61440 B / 1000 ms) fsu=52 | cum_total=594726 B cum_segs=2479 | UP sent=5304 eagain=0 lasterr=0 txcred=13 host_pulls=0
  16.868  SINK rx: 58 KB/s (60000 B / 1000 ms) fsu=52 | cum_total=654726 B cum_segs=2729 | UP sent=5839 eagain=0 lasterr=0 txcred=52 host_pulls=0
  17.864  SINK rx: 57 KB/s (59040 B / 1000 ms) fsu=52 | cum_total=713766 B cum_segs=2975 | UP sent=6334 eagain=0 lasterr=0 txcred=49 host_pulls=0
  18.932  SINK rx: 59 KB/s (60960 B / 1000 ms) fsu=52 | cum_total=774726 B cum_segs=3229 | UP sent=6853 eagain=0 lasterr=0 txcred=22 host_pulls=0
  19.919  SINK rx: 62 KB/s (64085 B / 1000 ms) fsu=52 | cum_total=838811 B cum_segs=3496 | UP sent=7371 eagain=0 lasterr=0 txcred=36 host_pulls=0
  20.960  SINK rx: 60 KB/s (61920 B / 1000 ms) fsu=52 | cum_total=900731 B cum_segs=3754 | UP sent=7889 eagain=0 lasterr=0 txcred=52 host_pulls=0
  21.971  SINK rx: 57 KB/s (59040 B / 1000 ms) fsu=52 | cum_total=959771 B cum_segs=4000 | UP sent=8422 eagain=0 lasterr=0 txcred=52 host_pulls=0
  22.949  SINK rx: 58 KB/s (59755 B / 1000 ms) fsu=52 | cum_total=1019526 B cum_segs=4249 | UP sent=8923 eagain=0 lasterr=0 txcred=43 host_pulls=0
  23.989  SINK rx: 58 KB/s (60245 B / 1000 ms) fsu=52 | cum_total=1079771 B cum_segs=4500 | UP sent=9426 eagain=0 lasterr=0 txcred=32 host_pulls=0
  25.003  SINK rx: 61 KB/s (63115 B / 1000 ms) fsu=52 | cum_total=1142886 B cum_segs=4763 | UP sent=9940 eagain=0 lasterr=0 txcred=10 host_pulls=0
  25.985  SINK rx: 61 KB/s (62880 B / 1000 ms) fsu=52 | cum_total=1205766 B cum_segs=5025 | UP sent=10464 eagain=0 lasterr=0 txcred=59 host_pulls=0
  27.015  SINK rx: 57 KB/s (59040 B / 1000 ms) fsu=52 | cum_total=1264806 B cum_segs=5271 | UP sent=10980 eagain=0 lasterr=0 txcred=35 host_pulls=0
  28.034  SINK rx: 61 KB/s (62645 B / 1000 ms) fsu=52 | cum_total=1327451 B cum_segs=5532 | UP sent=11508 eagain=0 lasterr=0 txcred=41 host_pulls=0
  29.047  SINK rx: 61 KB/s (62635 B / 1000 ms) fsu=52 | cum_total=1390086 B cum_segs=5793 | UP sent=12019 eagain=0 lasterr=0 txcred=21 host_pulls=0
  30.022  SINK rx: 60 KB/s (61440 B / 1000 ms) fsu=52 | cum_total=1451526 B cum_segs=6049 | UP sent=12528 eagain=0 lasterr=0 txcred=5 host_pulls=0
  31.041  SINK rx: 57 KB/s (59285 B / 1000 ms) fsu=52 | cum_total=1510811 B cum_segs=6296 | UP sent=13061 eagain=0 lasterr=0 txcred=45 host_pulls=0
  32.080  SINK rx: 60 KB/s (62155 B / 1000 ms) fsu=52 | cum_total=1572966 B cum_segs=6555 | UP sent=13581 eagain=0 lasterr=0 txcred=18 host_pulls=0
  33.109  SINK rx: 60 KB/s (61920 B / 1000 ms) fsu=52 | cum_total=1634886 B cum_segs=6813 | UP sent=14090 eagain=0 lasterr=0 txcred=1 host_pulls=0
  34.093  SINK rx: 59 KB/s (60480 B / 1000 ms) fsu=52 | cum_total=1695366 B cum_segs=7065 | UP sent=14594 eagain=0 lasterr=0 txcred=30 host_pulls=0
  35.128  SINK rx: 60 KB/s (61440 B / 1000 ms) fsu=52 | cum_total=1756806 B cum_segs=7321 | UP sent=15106 eagain=0 lasterr=0 txcred=51 host_pulls=0
  36.149  SINK rx: 57 KB/s (59040 B / 1000 ms) fsu=52 | cum_total=1815846 B cum_segs=7567 | UP sent=15616 eagain=0 lasterr=0 txcred=33 host_pulls=0
  37.123  SINK rx: 57 KB/s (59040 B / 1000 ms) fsu=52 | cum_total=1874886 B cum_segs=7813 | UP sent=16123 eagain=0 lasterr=0 txcred=59 host_pulls=0
  38.154  SINK rx: 59 KB/s (61205 B / 1000 ms) fsu=52 | cum_total=1936091 B cum_segs=8068 | UP sent=16648 eagain=0 lasterr=0 txcred=26 host_pulls=0
  39.148  SINK rx: 63 KB/s (65035 B / 1000 ms) fsu=52 | cum_total=2001126 B cum_segs=8339 | UP sent=17166 eagain=0 lasterr=0 txcred=0 host_pulls=0
