   0.993  SINK rx: 107 KB/s (110155 B / 1000 ms) fsu=52 | cum_total=1544646 B cum_segs=6437 | UP sent=21254 eagain=0 lasterr=-128 txcred=0 host_pulls=0
   1.718  *** Booting Zephyr OS build v4.4.2-16-gfee9fbc62095 ***
   1.718  
   1.718  === nRF52 L2CAP CoC SINK (Zephyr 4.4.1, seg_recv) ===
   1.718  L2CAP server on PSM 0x0080
   1.718  Advertising as 'zenoh-nrf-l2cap'
   5.706  GAP connected: interval=12
   5.764  DLE updated: tx_max=251 rx_max=27
   5.824  PHY updated: tx=2 rx=2
   5.884  DLE updated: tx_max=251 rx_max=251
   5.884  CoC up — seg_recv sink ready (RX_CREDITS=64, MPS=247)
   6.752  SINK rx: 33 KB/s (34811 B / 1000 ms) fsu=0 | cum_total=34811 B cum_segs=146 | UP sent=559 eagain=0 lasterr=0 txcred=32 host_pulls=0
   7.781  SINK rx: 54 KB/s (55915 B / 1000 ms) fsu=0 | cum_total=90726 B cum_segs=379 | UP sent=1042 eagain=0 lasterr=0 txcred=0 host_pulls=0
   8.798  SINK rx: 51 KB/s (52320 B / 1000 ms) fsu=0 | cum_total=143046 B cum_segs=597 | UP sent=1475 eagain=0 lasterr=0 txcred=59 host_pulls=0
   9.814  SINK rx: 51 KB/s (52565 B / 1000 ms) fsu=0 | cum_total=195611 B cum_segs=816 | UP sent=1942 eagain=0 lasterr=0 txcred=43 host_pulls=0
  10.854  SINK rx: 57 KB/s (59040 B / 1000 ms) fsu=0 | cum_total=254651 B cum_segs=1062 | UP sent=2440 eagain=0 lasterr=0 txcred=37 host_pulls=0
  11.866  SINK rx: 56 KB/s (58315 B / 1000 ms) fsu=0 | cum_total=312966 B cum_segs=1305 | UP sent=2934 eagain=0 lasterr=0 txcred=34 host_pulls=0
  12.832  SINK rx: 55 KB/s (56405 B / 1000 ms) fsu=0 | cum_total=369371 B cum_segs=1540 | UP sent=3415 eagain=0 lasterr=0 txcred=46 host_pulls=0
  13.871  SINK rx: 57 KB/s (59040 B / 1000 ms) fsu=0 | cum_total=428411 B cum_segs=1786 | UP sent=3903 eagain=0 lasterr=0 txcred=50 host_pulls=0
  14.863  SINK rx: 57 KB/s (59040 B / 1000 ms) fsu=0 | cum_total=487451 B cum_segs=2032 | UP sent=4396 eagain=0 lasterr=0 txcred=49 host_pulls=0
  15.898  SINK rx: 57 KB/s (59040 B / 1000 ms) fsu=0 | cum_total=546491 B cum_segs=2278 | UP sent=4888 eagain=0 lasterr=0 txcred=49 host_pulls=0
  16.923  SINK rx: 56 KB/s (57835 B / 1000 ms) fsu=0 | cum_total=604326 B cum_segs=2519 | UP sent=5366 eagain=0 lasterr=0 txcred=22 host_pulls=0
  17.914  SINK rx: 54 KB/s (55680 B / 1000 ms) fsu=0 | cum_total=660006 B cum_segs=2751 | UP sent=5850 eagain=0 lasterr=0 txcred=30 host_pulls=0
  18.951  SINK rx: 52 KB/s (53760 B / 1000 ms) fsu=0 | cum_total=713766 B cum_segs=2975 | UP sent=6315 eagain=0 lasterr=0 txcred=57 host_pulls=0
  19.938  SINK rx: 53 KB/s (55200 B / 1000 ms) fsu=0 | cum_total=768966 B cum_segs=3205 | UP sent=6766 eagain=0 lasterr=0 txcred=16 host_pulls=0
  20.934  SINK rx: 55 KB/s (56640 B / 1000 ms) fsu=0 | cum_total=825606 B cum_segs=3441 | UP sent=7255 eagain=0 lasterr=0 txcred=19 host_pulls=0
  21.968  SINK rx: 54 KB/s (55445 B / 1000 ms) fsu=0 | cum_total=881051 B cum_segs=3672 | UP sent=7738 eagain=0 lasterr=0 txcred=28 host_pulls=0
  22.954  SINK rx: 57 KB/s (59040 B / 1000 ms) fsu=0 | cum_total=940091 B cum_segs=3918 | UP sent=8219 eagain=0 lasterr=0 txcred=39 host_pulls=0
  23.991  SINK rx: 57 KB/s (59040 B / 1000 ms) fsu=0 | cum_total=999131 B cum_segs=4164 | UP sent=8696 eagain=0 lasterr=0 txcred=54 host_pulls=0
  24.981  SINK rx: 57 KB/s (58795 B / 1000 ms) fsu=0 | cum_total=1057926 B cum_segs=4409 | UP sent=9188 eagain=0 lasterr=0 txcred=13 host_pulls=0
  26.026  SINK rx: 56 KB/s (57365 B / 1000 ms) fsu=0 | cum_total=1115291 B cum_segs=4648 | UP sent=9679 eagain=0 lasterr=0 txcred=14 host_pulls=0
  27.023  SINK rx: 55 KB/s (56395 B / 1000 ms) fsu=0 | cum_total=1171686 B cum_segs=4883 | UP sent=10165 eagain=0 lasterr=0 txcred=19 host_pulls=0
  28.020  SINK rx: 55 KB/s (56885 B / 1000 ms) fsu=0 | cum_total=1228571 B cum_segs=5120 | UP sent=10656 eagain=0 lasterr=0 txcred=21 host_pulls=0
  29.063  SINK rx: 57 KB/s (58795 B / 1000 ms) fsu=0 | cum_total=1287366 B cum_segs=5365 | UP sent=11153 eagain=0 lasterr=0 txcred=16 host_pulls=0
  30.090  SINK rx: 56 KB/s (57600 B / 1000 ms) fsu=0 | cum_total=1344966 B cum_segs=5605 | UP sent=11645 eagain=0 lasterr=0 txcred=57 host_pulls=0
  31.066  SINK rx: 58 KB/s (59520 B / 1000 ms) fsu=0 | cum_total=1404486 B cum_segs=5853 | UP sent=12145 eagain=0 lasterr=0 txcred=49 host_pulls=0
  32.127  SINK rx: 55 KB/s (57120 B / 1000 ms) fsu=0 | cum_total=1461606 B cum_segs=6091 | UP sent=12633 eagain=0 lasterr=0 txcred=53 host_pulls=0
  33.121  SINK rx: 57 KB/s (59040 B / 1000 ms) fsu=0 | cum_total=1520646 B cum_segs=6337 | UP sent=13112 eagain=0 lasterr=0 txcred=25 host_pulls=0
  34.105  SINK rx: 57 KB/s (59040 B / 1000 ms) fsu=0 | cum_total=1579686 B cum_segs=6583 | UP sent=13607 eagain=0 lasterr=0 txcred=63 host_pulls=0
  35.155  SINK rx: 57 KB/s (59040 B / 1000 ms) fsu=0 | cum_total=1638726 B cum_segs=6829 | UP sent=14094 eagain=0 lasterr=0 txcred=27 host_pulls=0
  36.140  SINK rx: 57 KB/s (59040 B / 1000 ms) fsu=0 | cum_total=1697766 B cum_segs=7075 | UP sent=14588 eagain=0 lasterr=0 txcred=24 host_pulls=0
  37.165  SINK rx: 54 KB/s (55925 B / 1000 ms) fsu=0 | cum_total=1753691 B cum_segs=7308 | UP sent=15068 eagain=0 lasterr=0 txcred=36 host_pulls=0
  38.154  SINK rx: 54 KB/s (56160 B / 1000 ms) fsu=0 | cum_total=1809851 B cum_segs=7542 | UP sent=15556 eagain=0 lasterr=0 txcred=41 host_pulls=0
  39.165  SINK rx: 54 KB/s (56160 B / 1000 ms) fsu=0 | cum_total=1866011 B cum_segs=7776 | UP sent=16042 eagain=0 lasterr=0 txcred=47 host_pulls=0
