   0.060  SINK rx: 62 KB/s (64320 B / 1000 ms) fsu=52 | cum_total=2069531 B cum_segs=8624 | UP sent=17756 eagain=0 lasterr=0 txcred=25 host_pulls=0
   1.112  SINK rx: 59 KB/s (61195 B / 1000 ms) fsu=52 | cum_total=2130726 B cum_segs=8879 | UP sent=18300 eagain=0 lasterr=0 txcred=55 host_pulls=0
   1.683  *** Booting Zephyr OS build v4.4.2-16-gfee9fbc62095 ***
   1.683  
   1.683  === nRF52 L2CAP CoC SINK (Zephyr 4.4.1, seg_recv) ===
   1.743  L2CAP server on PSM 0x0080
   1.743  Advertising as 'zenoh-nrf-l2cap'
   5.653  GAP connected: interval=12
   5.713  DLE updated: tx_max=251 rx_max=27
   5.771  PHY updated: tx=2 rx=2
   5.827  DLE updated: tx_max=251 rx_max=251
   5.886  CoC up — seg_recv sink ready (RX_CREDITS=64, MPS=247)
   6.005  Q3FSU-DONE role=P status=0x00 spacing=52 types=0x3 phys=0x2 initiator=2
   6.763  SINK rx: 36 KB/s (36966 B / 1000 ms) fsu=52 | cum_total=36966 B cum_segs=155 | UP sent=642 eagain=0 lasterr=0 txcred=102 host_pulls=0
   7.764  SINK rx: 63 KB/s (65045 B / 1000 ms) fsu=52 | cum_total=102011 B cum_segs=426 | UP sent=1164 eagain=0 lasterr=0 txcred=72 host_pulls=0
   8.761  SINK rx: 59 KB/s (60715 B / 1000 ms) fsu=52 | cum_total=162726 B cum_segs=679 | UP sent=1695 eagain=0 lasterr=0 txcred=115 host_pulls=0
   9.795  SINK rx: 60 KB/s (62400 B / 1000 ms) fsu=52 | cum_total=225126 B cum_segs=939 | UP sent=2224 eagain=0 lasterr=0 txcred=78 host_pulls=0
  10.785  SINK rx: 59 KB/s (60725 B / 1000 ms) fsu=52 | cum_total=285851 B cum_segs=1192 | UP sent=2728 eagain=0 lasterr=0 txcred=107 host_pulls=0
  11.843  SINK rx: 53 KB/s (54955 B / 1000 ms) fsu=52 | cum_total=340806 B cum_segs=1421 | UP sent=3209 eagain=0 lasterr=0 txcred=117 host_pulls=0
  12.837  SINK rx: 56 KB/s (58080 B / 1000 ms) fsu=52 | cum_total=398886 B cum_segs=1663 | UP sent=3704 eagain=0 lasterr=0 txcred=115 host_pulls=0
  13.821  SINK rx: 59 KB/s (60480 B / 1000 ms) fsu=52 | cum_total=459366 B cum_segs=1915 | UP sent=4208 eagain=0 lasterr=0 txcred=103 host_pulls=0
  14.872  SINK rx: 63 KB/s (65045 B / 1000 ms) fsu=52 | cum_total=524411 B cum_segs=2186 | UP sent=4730 eagain=0 lasterr=0 txcred=73 host_pulls=0
  15.859  SINK rx: 60 KB/s (61440 B / 1000 ms) fsu=52 | cum_total=585851 B cum_segs=2442 | UP sent=5246 eagain=0 lasterr=0 txcred=90 host_pulls=0
  16.893  SINK rx: 58 KB/s (60235 B / 1000 ms) fsu=52 | cum_total=646086 B cum_segs=2693 | UP sent=5784 eagain=0 lasterr=0 txcred=85 host_pulls=0
  17.901  SINK rx: 58 KB/s (59765 B / 1000 ms) fsu=52 | cum_total=705851 B cum_segs=2942 | UP sent=6285 eagain=0 lasterr=0 txcred=117 host_pulls=0
  18.934  SINK rx: 58 KB/s (60235 B / 1000 ms) fsu=52 | cum_total=766086 B cum_segs=3193 | UP sent=6788 eagain=0 lasterr=0 txcred=106 host_pulls=0
  19.908  SINK rx: 56 KB/s (58325 B / 1000 ms) fsu=52 | cum_total=824411 B cum_segs=3436 | UP sent=7283 eagain=0 lasterr=0 txcred=103 host_pulls=0
  20.954  SINK rx: 64 KB/s (65995 B / 1000 ms) fsu=52 | cum_total=890406 B cum_segs=3711 | UP sent=7809 eagain=0 lasterr=0 txcred=69 host_pulls=0
  21.949  SINK rx: 58 KB/s (59520 B / 1000 ms) fsu=52 | cum_total=949926 B cum_segs=3959 | UP sent=8350 eagain=0 lasterr=0 txcred=101 host_pulls=0
  22.971  SINK rx: 62 KB/s (63605 B / 1000 ms) fsu=52 | cum_total=1013531 B cum_segs=4224 | UP sent=8868 eagain=0 lasterr=0 txcred=75 host_pulls=0
  23.976  SINK rx: 61 KB/s (62880 B / 1000 ms) fsu=52 | cum_total=1076411 B cum_segs=4486 | UP sent=9383 eagain=0 lasterr=0 txcred=94 host_pulls=0
  25.004  SINK rx: 59 KB/s (60480 B / 1000 ms) fsu=52 | cum_total=1136891 B cum_segs=4738 | UP sent=9908 eagain=0 lasterr=0 txcred=102 host_pulls=0
  25.993  SINK rx: 60 KB/s (61440 B / 1000 ms) fsu=52 | cum_total=1198331 B cum_segs=4994 | UP sent=10437 eagain=0 lasterr=0 txcred=106 host_pulls=0
  27.022  SINK rx: 62 KB/s (64320 B / 1000 ms) fsu=52 | cum_total=1262651 B cum_segs=5262 | UP sent=10956 eagain=0 lasterr=0 txcred=79 host_pulls=0
  28.044  SINK rx: 59 KB/s (61195 B / 1000 ms) fsu=52 | cum_total=1323846 B cum_segs=5517 | UP sent=11500 eagain=0 lasterr=0 txcred=109 host_pulls=0
  29.023  SINK rx: 57 KB/s (59040 B / 1000 ms) fsu=52 | cum_total=1382886 B cum_segs=5763 | UP sent=12001 eagain=0 lasterr=0 txcred=100 host_pulls=0
  30.038  SINK rx: 61 KB/s (62645 B / 1000 ms) fsu=52 | cum_total=1445531 B cum_segs=6024 | UP sent=12517 eagain=0 lasterr=0 txcred=76 host_pulls=0
  31.088  SINK rx: 60 KB/s (61675 B / 1000 ms) fsu=52 | cum_total=1507206 B cum_segs=6281 | UP sent=13025 eagain=0 lasterr=0 txcred=101 host_pulls=0
  32.075  SINK rx: 61 KB/s (62645 B / 1000 ms) fsu=52 | cum_total=1569851 B cum_segs=6542 | UP sent=13541 eagain=0 lasterr=0 txcred=118 host_pulls=0
  33.115  SINK rx: 58 KB/s (60000 B / 1000 ms) fsu=52 | cum_total=1629851 B cum_segs=6792 | UP sent=14083 eagain=0 lasterr=0 txcred=109 host_pulls=0
  34.083  SINK rx: 62 KB/s (64320 B / 1000 ms) fsu=52 | cum_total=1694171 B cum_segs=7060 | UP sent=14601 eagain=0 lasterr=0 txcred=82 host_pulls=0
  35.129  SINK rx: 60 KB/s (62155 B / 1000 ms) fsu=52 | cum_total=1756326 B cum_segs=7319 | UP sent=15113 eagain=0 lasterr=0 txcred=63 host_pulls=0
  36.120  SINK rx: 58 KB/s (59520 B / 1000 ms) fsu=52 | cum_total=1815846 B cum_segs=7567 | UP sent=15656 eagain=0 lasterr=0 txcred=94 host_pulls=0
  37.171  SINK rx: 60 KB/s (61685 B / 1000 ms) fsu=52 | cum_total=1877531 B cum_segs=7824 | UP sent=16165 eagain=0 lasterr=0 txcred=77 host_pulls=0
  38.169  SINK rx: 62 KB/s (63595 B / 1000 ms) fsu=52 | cum_total=1941126 B cum_segs=8089 | UP sent=16681 eagain=0 lasterr=0 txcred=94 host_pulls=0
  39.146  SINK rx: 60 KB/s (61685 B / 1000 ms) fsu=52 | cum_total=2002811 B cum_segs=8346 | UP sent=17210 eagain=0 lasterr=0 txcred=98 host_pulls=0
