   1.018  CENRX cum_total=4749460 B
   2.019  CENRX cum_total=4812656 B
   2.970  CENRX cum_total=4812656 B
   3.972  CENRX cum_total=4812656 B
   4.918  RPT occ: (SDC no-occ) fsu=150 | sender: sent=9771(+1312 SDU) eagain=0(+0) poolfail=0(+0)
   4.978  CENRX cum_total=4812656 B
   5.639  L2CAP disconnected
   5.639  GAP disconnected 0x08
   5.639  scan start rc=0
   5.699  found D6:C7:60:B1:D3:0E (random) (rssi -33), connecting
   5.699  GAP connected
   5.699  phy req rc=0
   5.759  DLE: tx_max=251 rx_max=251
   5.759  l2cap_chan_connect rc=0
   5.759  L2CAP connected: tx.mtu=512 tx.mps=247 tx.credits=0 rx.mtu=512 rx.mps=247
   5.759  GATE conn: interval=6 (units 1.25ms) => 7.50 ms
   5.759  Q3FSU-REQ role=C auto min=150 max=150 phys=0x2 rc=0
   5.819  PHY: tx=2 rx=2 (2=2M)
   5.819  dle req rc=0
   5.819  Q3FSU-DONE role=C status=0x00 spacing=150 types=0x0 phys=0x0 initiator=0
   5.994  CENRX cum_total=4833396 B
   6.054  blasting 480-byte SDUs...
   7.015  CENRX cum_total=4930508 B
   8.019  CENRX cum_total=5025424 B
   9.029  CENRX cum_total=5120828 B
  10.040  CENRX cum_total=5215988 B
  10.990  CENRX cum_total=5310172 B
  11.990  CENRX cum_total=5405576 B
  12.994  CENRX cum_total=5500248 B
  13.996  CENRX cum_total=5595652 B
  14.897  RPT occ: (SDC no-occ) fsu=150 | sender: sent=11509(+1738 SDU) eagain=0(+0) poolfail=0(+0)
  15.014  CENRX cum_total=5691056 B
  16.035  CENRX cum_total=5786704 B
  17.046  CENRX cum_total=5882108 B
  18.043  CENRX cum_total=5977268 B
  19.052  CENRX cum_total=6072672 B
  20.012  CENRX cum_total=6168076 B
  21.026  CENRX cum_total=6263480 B
  22.033  CENRX cum_total=6358884 B
  23.043  CENRX cum_total=6453312 B
  24.040  CENRX cum_total=6548716 B
  24.941  RPT occ: (SDC no-occ) fsu=150 | sender: sent=13457(+1948 SDU) eagain=0(+0) poolfail=0(+0)
  25.061  CENRX cum_total=6643388 B
  26.060  CENRX cum_total=6737816 B
  27.071  CENRX cum_total=6832244 B
  28.031  CENRX cum_total=6926428 B
  29.046  CENRX cum_total=7021832 B
  30.059  CENRX cum_total=7117236 B
  31.065  CENRX cum_total=7212152 B
  32.070  CENRX cum_total=7307556 B
  33.048  CENRX cum_total=7402228 B
  34.078  CENRX cum_total=7497388 B
  34.945  RPT occ: (SDC no-occ) fsu=150 | sender: sent=15394(+1937 SDU) eagain=0(+0) poolfail=0(+0)
  35.058  CENRX cum_total=7592548 B
  36.085  CENRX cum_total=7686732 B
  37.104  CENRX cum_total=7781648 B
  38.097  CENRX cum_total=7876808 B
  39.074  CENRX cum_total=7971968 B
