   0.745  SINK rx: 93 KB/s (95285 B / 1000 ms) fsu=0 | cum_total=1281851 B cum_segs=5342 | UP sent=18986 eagain=0 lasterr=-128 txcred=0 host_pulls=0
   1.713  *** Booting nRF Connect SDK v3.4.0-99553055607b ***
   1.713  *** Using Zephyr OS v4.4.0-bf801e4e3d19 ***
   1.713  
   1.713  === nRF52 L2CAP CoC SINK (Zephyr 4.4.1, seg_recv) ===
   1.713  L2CAP server on PSM 0x0080
   1.713  Advertising as 'zenoh-nrf-l2cap'
   5.647  GAP connected: interval=12
   5.705  DLE updated: tx_max=251 rx_max=251
   5.705  CoC up — seg_recv sink ready (RX_CREDITS=64, MPS=247)
   5.762  SINK rx: 0 KB/s (0 B / 1000 ms) fsu=0 | cum_total=0 B cum_segs=0 | UP sent=0 eagain=0 lasterr=0 txcred=64 host_pulls=0
   5.822  PHY updated: tx=2 rx=2
   6.740  SINK rx: 63 KB/s (64571 B / 1000 ms) fsu=0 | cum_total=64571 B cum_segs=270 | UP sent=444 eagain=0 lasterr=0 txcred=12 host_pulls=0
   7.765  SINK rx: 92 KB/s (95040 B / 1000 ms) fsu=0 | cum_total=159611 B cum_segs=666 | UP sent=825 eagain=0 lasterr=0 txcred=0 host_pulls=0
   8.793  SINK rx: 92 KB/s (94560 B / 1000 ms) fsu=0 | cum_total=254171 B cum_segs=1060 | UP sent=1234 eagain=0 lasterr=0 txcred=1 host_pulls=0
   9.772  SINK rx: 91 KB/s (93835 B / 1000 ms) fsu=0 | cum_total=348006 B cum_segs=1451 | UP sent=1624 eagain=0 lasterr=0 txcred=20 host_pulls=0
  10.826  SINK rx: 92 KB/s (95040 B / 1000 ms) fsu=0 | cum_total=443046 B cum_segs=1847 | UP sent=2014 eagain=0 lasterr=0 txcred=0 host_pulls=0
  11.822  SINK rx: 92 KB/s (94805 B / 1000 ms) fsu=0 | cum_total=537851 B cum_segs=2242 | UP sent=2416 eagain=0 lasterr=0 txcred=8 host_pulls=0
  12.862  SINK rx: 91 KB/s (93600 B / 1000 ms) fsu=0 | cum_total=631451 B cum_segs=2632 | UP sent=2793 eagain=0 lasterr=0 txcred=0 host_pulls=0
  13.854  SINK rx: 92 KB/s (94795 B / 1000 ms) fsu=0 | cum_total=726246 B cum_segs=3027 | UP sent=3200 eagain=0 lasterr=0 txcred=2 host_pulls=0
  14.876  SINK rx: 92 KB/s (94805 B / 1000 ms) fsu=0 | cum_total=821051 B cum_segs=3422 | UP sent=3595 eagain=0 lasterr=0 txcred=17 host_pulls=0
  15.859  SINK rx: 93 KB/s (95275 B / 1000 ms) fsu=0 | cum_total=916326 B cum_segs=3819 | UP sent=3982 eagain=0 lasterr=0 txcred=0 host_pulls=0
  16.894  SINK rx: 91 KB/s (93365 B / 1000 ms) fsu=0 | cum_total=1009691 B cum_segs=4208 | UP sent=4382 eagain=0 lasterr=0 txcred=10 host_pulls=0
  17.914  SINK rx: 92 KB/s (95040 B / 1000 ms) fsu=0 | cum_total=1104731 B cum_segs=4604 | UP sent=4761 eagain=0 lasterr=0 txcred=24 host_pulls=0
  18.911  SINK rx: 92 KB/s (95040 B / 1000 ms) fsu=0 | cum_total=1199771 B cum_segs=5000 | UP sent=5171 eagain=0 lasterr=0 txcred=0 host_pulls=0
  19.940  SINK rx: 92 KB/s (94560 B / 1000 ms) fsu=0 | cum_total=1294331 B cum_segs=5394 | UP sent=5568 eagain=0 lasterr=0 txcred=13 host_pulls=0
  20.927  SINK rx: 93 KB/s (95275 B / 1000 ms) fsu=0 | cum_total=1389606 B cum_segs=5791 | UP sent=5950 eagain=0 lasterr=0 txcred=0 host_pulls=0
  21.933  SINK rx: 92 KB/s (94805 B / 1000 ms) fsu=0 | cum_total=1484411 B cum_segs=6186 | UP sent=6360 eagain=0 lasterr=0 txcred=0 host_pulls=0
  22.975  SINK rx: 92 KB/s (95040 B / 1000 ms) fsu=0 | cum_total=1579451 B cum_segs=6582 | UP sent=6755 eagain=0 lasterr=0 txcred=14 host_pulls=0
  23.996  SINK rx: 92 KB/s (95040 B / 1000 ms) fsu=0 | cum_total=1674491 B cum_segs=6978 | UP sent=7139 eagain=0 lasterr=0 txcred=0 host_pulls=0
  25.011  SINK rx: 92 KB/s (94795 B / 1000 ms) fsu=0 | cum_total=1769286 B cum_segs=7373 | UP sent=7547 eagain=0 lasterr=0 txcred=2 host_pulls=0
  26.005  SINK rx: 91 KB/s (94080 B / 1000 ms) fsu=0 | cum_total=1863366 B cum_segs=7765 | UP sent=7939 eagain=0 lasterr=0 txcred=20 host_pulls=0
  26.985  SINK rx: 92 KB/s (94325 B / 1000 ms) fsu=0 | cum_total=1957691 B cum_segs=8158 | UP sent=8328 eagain=0 lasterr=0 txcred=0 host_pulls=0
  28.040  SINK rx: 92 KB/s (94795 B / 1000 ms) fsu=0 | cum_total=2052486 B cum_segs=8553 | UP sent=8727 eagain=0 lasterr=0 txcred=11 host_pulls=0
  29.069  SINK rx: 92 KB/s (94805 B / 1000 ms) fsu=0 | cum_total=2147291 B cum_segs=8948 | UP sent=9107 eagain=0 lasterr=0 txcred=0 host_pulls=0
  30.061  SINK rx: 93 KB/s (95275 B / 1000 ms) fsu=0 | cum_total=2242566 B cum_segs=9345 | UP sent=9517 eagain=0 lasterr=0 txcred=0 host_pulls=0
  31.074  SINK rx: 92 KB/s (94805 B / 1000 ms) fsu=0 | cum_total=2337371 B cum_segs=9740 | UP sent=9914 eagain=0 lasterr=0 txcred=13 host_pulls=0
  32.064  SINK rx: 92 KB/s (95040 B / 1000 ms) fsu=0 | cum_total=2432411 B cum_segs=10136 | UP sent=10296 eagain=0 lasterr=0 txcred=0 host_pulls=0
  33.090  SINK rx: 92 KB/s (95040 B / 1000 ms) fsu=0 | cum_total=2527451 B cum_segs=10532 | UP sent=10706 eagain=0 lasterr=0 txcred=0 host_pulls=0
  34.107  SINK rx: 92 KB/s (94795 B / 1000 ms) fsu=0 | cum_total=2622246 B cum_segs=10927 | UP sent=11101 eagain=0 lasterr=0 txcred=15 host_pulls=0
  35.135  SINK rx: 92 KB/s (95040 B / 1000 ms) fsu=0 | cum_total=2717286 B cum_segs=11323 | UP sent=11485 eagain=0 lasterr=0 txcred=0 host_pulls=0
  36.104  SINK rx: 92 KB/s (94560 B / 1000 ms) fsu=0 | cum_total=2811846 B cum_segs=11717 | UP sent=11891 eagain=0 lasterr=0 txcred=4 host_pulls=0
  37.132  SINK rx: 93 KB/s (95285 B / 1000 ms) fsu=0 | cum_total=2907131 B cum_segs=12114 | UP sent=12287 eagain=0 lasterr=0 txcred=17 host_pulls=0
  38.132  SINK rx: 92 KB/s (95040 B / 1000 ms) fsu=0 | cum_total=3002171 B cum_segs=12510 | UP sent=12674 eagain=0 lasterr=0 txcred=0 host_pulls=0
  39.156  SINK rx: 92 KB/s (94795 B / 1000 ms) fsu=0 | cum_total=3096966 B cum_segs=12905 | UP sent=13079 eagain=0 lasterr=0 txcred=5 host_pulls=0
