   0.803  SINK rx: 92 KB/s (94805 B / 1000 ms) fsu=65 | cum_total=1282811 B cum_segs=5346 | UP sent=19075 eagain=0 lasterr=-128 txcred=0 host_pulls=0
   1.707  *** Booting nRF Connect SDK v3.4.0-99553055607b ***
   1.707  *** Using Zephyr OS v4.4.0-bf801e4e3d19 ***
   1.707  
   1.707  === nRF52 L2CAP CoC SINK (Zephyr 4.4.1, seg_recv) ===
   1.707  L2CAP server on PSM 0x0080
   1.707  Advertising as 'zenoh-nrf-l2cap'
   5.645  GAP connected: interval=6
   5.645  DLE updated: tx_max=251 rx_max=251
   5.696  CoC up — seg_recv sink ready (RX_CREDITS=64, MPS=247)
   5.696  SINK rx: 0 KB/s (0 B / 1000 ms) fsu=0 | cum_total=0 B cum_segs=0 | UP sent=0 eagain=0 lasterr=0 txcred=64 host_pulls=0
   5.696  PHY updated: tx=2 rx=2
   5.754  Q3FSU-DONE role=P status=0x00 spacing=65 types=0x3 phys=0x2 initiator=2
   6.727  SINK rx: 64 KB/s (65766 B / 1000 ms) fsu=65 | cum_total=65766 B cum_segs=275 | UP sent=517 eagain=0 lasterr=0 txcred=21 host_pulls=0
   7.762  SINK rx: 92 KB/s (94560 B / 1000 ms) fsu=65 | cum_total=160326 B cum_segs=669 | UP sent=907 eagain=0 lasterr=0 txcred=0 host_pulls=0
   8.755  SINK rx: 92 KB/s (94805 B / 1000 ms) fsu=65 | cum_total=255131 B cum_segs=1064 | UP sent=1306 eagain=0 lasterr=0 txcred=11 host_pulls=0
   9.793  SINK rx: 92 KB/s (94560 B / 1000 ms) fsu=65 | cum_total=349691 B cum_segs=1458 | UP sent=1700 eagain=0 lasterr=0 txcred=27 host_pulls=0
  10.758  SINK rx: 92 KB/s (94315 B / 1000 ms) fsu=65 | cum_total=444006 B cum_segs=1851 | UP sent=2092 eagain=0 lasterr=0 txcred=4 host_pulls=0
  11.794  SINK rx: 91 KB/s (94080 B / 1000 ms) fsu=65 | cum_total=538086 B cum_segs=2243 | UP sent=2485 eagain=0 lasterr=0 txcred=21 host_pulls=0
  12.820  SINK rx: 93 KB/s (95285 B / 1000 ms) fsu=65 | cum_total=633371 B cum_segs=2640 | UP sent=2875 eagain=0 lasterr=0 txcred=0 host_pulls=0
  13.809  SINK rx: 92 KB/s (94315 B / 1000 ms) fsu=65 | cum_total=727686 B cum_segs=3033 | UP sent=3275 eagain=0 lasterr=0 txcred=10 host_pulls=0
  14.821  SINK rx: 92 KB/s (94325 B / 1000 ms) fsu=65 | cum_total=822011 B cum_segs=3426 | UP sent=3654 eagain=0 lasterr=0 txcred=0 host_pulls=0
  15.859  SINK rx: 91 KB/s (93600 B / 1000 ms) fsu=65 | cum_total=915611 B cum_segs=3816 | UP sent=4057 eagain=0 lasterr=0 txcred=7 host_pulls=0
  16.853  SINK rx: 92 KB/s (95040 B / 1000 ms) fsu=65 | cum_total=1010651 B cum_segs=4212 | UP sent=4454 eagain=0 lasterr=0 txcred=20 host_pulls=0
  17.878  SINK rx: 91 KB/s (94080 B / 1000 ms) fsu=65 | cum_total=1104731 B cum_segs=4604 | UP sent=4843 eagain=0 lasterr=0 txcred=0 host_pulls=0
  18.875  SINK rx: 92 KB/s (94795 B / 1000 ms) fsu=65 | cum_total=1199526 B cum_segs=4999 | UP sent=5241 eagain=0 lasterr=0 txcred=12 host_pulls=0
  19.906  SINK rx: 92 KB/s (94805 B / 1000 ms) fsu=65 | cum_total=1294331 B cum_segs=5394 | UP sent=5622 eagain=0 lasterr=0 txcred=0 host_pulls=0
  20.906  SINK rx: 92 KB/s (94795 B / 1000 ms) fsu=65 | cum_total=1389126 B cum_segs=5789 | UP sent=6030 eagain=0 lasterr=0 txcred=2 host_pulls=0
  21.955  SINK rx: 91 KB/s (94080 B / 1000 ms) fsu=65 | cum_total=1483206 B cum_segs=6181 | UP sent=6423 eagain=0 lasterr=0 txcred=19 host_pulls=0
  22.950  SINK rx: 92 KB/s (95040 B / 1000 ms) fsu=65 | cum_total=1578246 B cum_segs=6577 | UP sent=6811 eagain=0 lasterr=0 txcred=0 host_pulls=0
  23.927  SINK rx: 92 KB/s (94805 B / 1000 ms) fsu=65 | cum_total=1673051 B cum_segs=6972 | UP sent=7213 eagain=0 lasterr=0 txcred=8 host_pulls=0
  24.961  SINK rx: 92 KB/s (95040 B / 1000 ms) fsu=65 | cum_total=1768091 B cum_segs=7368 | UP sent=7610 eagain=0 lasterr=0 txcred=21 host_pulls=0
  26.001  SINK rx: 92 KB/s (95040 B / 1000 ms) fsu=65 | cum_total=1863131 B cum_segs=7764 | UP sent=8000 eagain=0 lasterr=0 txcred=0 host_pulls=0
  26.992  SINK rx: 92 KB/s (94795 B / 1000 ms) fsu=65 | cum_total=1957926 B cum_segs=8159 | UP sent=8401 eagain=0 lasterr=0 txcred=9 host_pulls=0
  28.035  SINK rx: 92 KB/s (95040 B / 1000 ms) fsu=65 | cum_total=2052966 B cum_segs=8555 | UP sent=8797 eagain=0 lasterr=0 txcred=23 host_pulls=0
  29.042  SINK rx: 92 KB/s (94325 B / 1000 ms) fsu=65 | cum_total=2147291 B cum_segs=8948 | UP sent=9189 eagain=0 lasterr=0 txcred=0 host_pulls=0
  30.039  SINK rx: 92 KB/s (94795 B / 1000 ms) fsu=65 | cum_total=2242086 B cum_segs=9343 | UP sent=9585 eagain=0 lasterr=0 txcred=14 host_pulls=0
  31.029  SINK rx: 93 KB/s (95285 B / 1000 ms) fsu=65 | cum_total=2337371 B cum_segs=9740 | UP sent=9968 eagain=0 lasterr=0 txcred=0 host_pulls=0
  32.039  SINK rx: 92 KB/s (94795 B / 1000 ms) fsu=65 | cum_total=2432166 B cum_segs=10135 | UP sent=10376 eagain=0 lasterr=0 txcred=2 host_pulls=0
  33.082  SINK rx: 92 KB/s (94805 B / 1000 ms) fsu=65 | cum_total=2526971 B cum_segs=10530 | UP sent=10772 eagain=0 lasterr=0 txcred=16 host_pulls=0
  34.109  SINK rx: 92 KB/s (95040 B / 1000 ms) fsu=65 | cum_total=2622011 B cum_segs=10926 | UP sent=11157 eagain=0 lasterr=0 txcred=0 host_pulls=0
  35.102  SINK rx: 92 KB/s (94560 B / 1000 ms) fsu=65 | cum_total=2716571 B cum_segs=11320 | UP sent=11561 eagain=0 lasterr=0 txcred=6 host_pulls=0
  36.088  SINK rx: 92 KB/s (94795 B / 1000 ms) fsu=65 | cum_total=2811366 B cum_segs=11715 | UP sent=11957 eagain=0 lasterr=0 txcred=20 host_pulls=0
  37.103  SINK rx: 92 KB/s (95040 B / 1000 ms) fsu=65 | cum_total=2906406 B cum_segs=12111 | UP sent=12346 eagain=0 lasterr=0 txcred=0 host_pulls=0
  38.145  SINK rx: 92 KB/s (94560 B / 1000 ms) fsu=65 | cum_total=3000966 B cum_segs=12505 | UP sent=12747 eagain=0 lasterr=0 txcred=9 host_pulls=0
  39.126  SINK rx: 91 KB/s (94080 B / 1000 ms) fsu=65 | cum_total=3095046 B cum_segs=12897 | UP sent=13125 eagain=0 lasterr=0 txcred=27 host_pulls=0
