   0.867  CENRX cum_total=4745068 B
   1.838  CENRX cum_total=4815828 B
   2.861  CENRX cum_total=4815828 B
   3.877  CENRX cum_total=4815828 B
   4.779  RPT occ: (SDC no-occ) fsu=150 | sender: sent=9827(+1336 SDU) eagain=0(+0) poolfail=0(+0)
   4.899  CENRX cum_total=4815828 B
   5.573  L2CAP disconnected
   5.627  GAP disconnected 0x08
   5.627  scan start rc=0
   5.627  found D6:C7:60:B1:D3:0E (random) (rssi -36), connecting
   5.680  GAP connected
   5.680  phy req rc=0
   5.680  DLE: tx_max=251 rx_max=251
   5.680  l2cap_chan_connect rc=0
   5.734  L2CAP connected: tx.mtu=512 tx.mps=247 tx.credits=0 rx.mtu=512 rx.mps=247
   5.734  GATE conn: interval=12 (units 1.25ms) => 15.00 ms
   5.792  Q3FSU-REQ role=C auto min=150 max=150 phys=0x2 rc=0
   5.792  PHY: tx=2 rx=2 (2=2M)
   5.792  dle req rc=0
   5.852  CENRX cum_total=4816804 B
   5.912  Q3FSU-DONE role=C status=0x00 spacing=150 types=0x0 phys=0x0 initiator=0
   6.087  blasting 480-byte SDUs...
   6.890  CENRX cum_total=4913672 B
   7.879  CENRX cum_total=5009320 B
   8.892  CENRX cum_total=5104480 B
   9.878  CENRX cum_total=5200128 B
  10.896  CENRX cum_total=5295532 B
  11.867  CENRX cum_total=5390448 B
  12.920  CENRX cum_total=5486584 B
  13.910  CENRX cum_total=5582232 B
  14.760  RPT occ: (SDC no-occ) fsu=150 | sender: sent=11550(+1723 SDU) eagain=0(+0) poolfail=0(+0)
  14.867  CENRX cum_total=5677636 B
  15.922  CENRX cum_total=5773040 B
  16.893  CENRX cum_total=5868688 B
  17.878  CENRX cum_total=5962872 B
  18.928  CENRX cum_total=6058276 B
  19.895  CENRX cum_total=6153924 B
  20.940  CENRX cum_total=6249572 B
  21.919  CENRX cum_total=6344976 B
  22.905  CENRX cum_total=6440624 B
  23.895  CENRX cum_total=6536028 B
  24.769  RPT occ: (SDC no-occ) fsu=150 | sender: sent=13501(+1951 SDU) eagain=0(+0) poolfail=0(+0)
  24.940  CENRX cum_total=6631676 B
  25.920  CENRX cum_total=6727080 B
  26.951  CENRX cum_total=6822484 B
  27.949  CENRX cum_total=6916668 B
  28.946  CENRX cum_total=7012316 B
  29.912  CENRX cum_total=7107720 B
  30.957  CENRX cum_total=7203368 B
  31.950  CENRX cum_total=7298772 B
  32.929  CENRX cum_total=7394176 B
  33.954  CENRX cum_total=7489824 B
  34.797  RPT occ: (SDC no-occ) fsu=150 | sender: sent=15450(+1949 SDU) eagain=0(+0) poolfail=0(+0)
  34.975  CENRX cum_total=7585228 B
  35.969  CENRX cum_total=7680876 B
  36.926  CENRX cum_total=7776524 B
  37.970  CENRX cum_total=7872172 B
  38.973  CENRX cum_total=7967576 B
  39.941  CENRX cum_total=8062980 B
