   0.991  SINK rx: 103 KB/s (106080 B / 1000 ms) fsu=65 | cum_total=1424646 B cum_segs=5937 | UP sent=19562 eagain=0 lasterr=-128 txcred=26 host_pulls=0
   1.728  *** Booting nRF Connect SDK v3.4.0-99553055607b ***
   1.728  *** Using Zephyr OS v4.4.0-bf801e4e3d19 ***
   1.728  
   1.728  === nRF52 L2CAP CoC SINK (Zephyr 4.4.1, seg_recv) ===
   1.728  L2CAP server on PSM 0x0080
   1.728  Advertising as 'zenoh-nrf-l2cap'
   5.706  GAP connected: interval=20
   5.759  DLE updated: tx_max=251 rx_max=251
   5.819  CoC up — seg_recv sink ready (RX_CREDITS=64, MPS=247)
   5.936  PHY updated: tx=2 rx=2
   6.093  Q3FSU-DONE role=P status=0x00 spacing=65 types=0x3 phys=0x2 initiator=2
   6.714  SINK rx: 57 KB/s (58566 B / 1000 ms) fsu=65 | cum_total=58566 B cum_segs=245 | UP sent=355 eagain=0 lasterr=0 txcred=19 host_pulls=0
   7.745  SINK rx: 103 KB/s (106080 B / 1000 ms) fsu=65 | cum_total=164646 B cum_segs=687 | UP sent=797 eagain=0 lasterr=0 txcred=28 host_pulls=0
   8.759  SINK rx: 103 KB/s (105600 B / 1000 ms) fsu=65 | cum_total=270246 B cum_segs=1127 | UP sent=1235 eagain=0 lasterr=0 txcred=0 host_pulls=0
   9.783  SINK rx: 103 KB/s (105845 B / 1000 ms) fsu=65 | cum_total=376091 B cum_segs=1568 | UP sent=1677 eagain=0 lasterr=0 txcred=9 host_pulls=0
  10.768  SINK rx: 103 KB/s (106080 B / 1000 ms) fsu=65 | cum_total=482171 B cum_segs=2010 | UP sent=2120 eagain=0 lasterr=0 txcred=17 host_pulls=0
  11.826  SINK rx: 102 KB/s (104875 B / 1000 ms) fsu=65 | cum_total=587046 B cum_segs=2447 | UP sent=2557 eagain=0 lasterr=0 txcred=31 host_pulls=0
  12.799  SINK rx: 103 KB/s (105845 B / 1000 ms) fsu=65 | cum_total=692891 B cum_segs=2888 | UP sent=2996 eagain=0 lasterr=0 txcred=1 host_pulls=0
  13.829  SINK rx: 102 KB/s (105355 B / 1000 ms) fsu=65 | cum_total=798246 B cum_segs=3327 | UP sent=3436 eagain=0 lasterr=0 txcred=13 host_pulls=0
  14.828  SINK rx: 103 KB/s (105600 B / 1000 ms) fsu=65 | cum_total=903846 B cum_segs=3767 | UP sent=3877 eagain=0 lasterr=0 txcred=23 host_pulls=0
  15.867  SINK rx: 103 KB/s (106325 B / 1000 ms) fsu=65 | cum_total=1010171 B cum_segs=4210 | UP sent=4320 eagain=0 lasterr=0 txcred=31 host_pulls=0
  16.892  SINK rx: 103 KB/s (106315 B / 1000 ms) fsu=65 | cum_total=1116486 B cum_segs=4653 | UP sent=4761 eagain=0 lasterr=0 txcred=0 host_pulls=0
  17.906  SINK rx: 102 KB/s (105120 B / 1000 ms) fsu=65 | cum_total=1221606 B cum_segs=5091 | UP sent=5200 eagain=0 lasterr=0 txcred=12 host_pulls=0
  18.894  SINK rx: 103 KB/s (106080 B / 1000 ms) fsu=65 | cum_total=1327686 B cum_segs=5533 | UP sent=5643 eagain=0 lasterr=0 txcred=20 host_pulls=0
  19.926  SINK rx: 103 KB/s (106080 B / 1000 ms) fsu=65 | cum_total=1433766 B cum_segs=5975 | UP sent=6085 eagain=0 lasterr=0 txcred=29 host_pulls=0
  20.946  SINK rx: 104 KB/s (106560 B / 1000 ms) fsu=65 | cum_total=1540326 B cum_segs=6419 | UP sent=6524 eagain=0 lasterr=0 txcred=0 host_pulls=0
  21.924  SINK rx: 102 KB/s (105365 B / 1000 ms) fsu=65 | cum_total=1645691 B cum_segs=6858 | UP sent=6967 eagain=0 lasterr=0 txcred=8 host_pulls=0
  22.940  SINK rx: 102 KB/s (105355 B / 1000 ms) fsu=65 | cum_total=1751046 B cum_segs=7297 | UP sent=7407 eagain=0 lasterr=0 txcred=19 host_pulls=0
  23.978  SINK rx: 103 KB/s (106080 B / 1000 ms) fsu=65 | cum_total=1857126 B cum_segs=7739 | UP sent=7849 eagain=0 lasterr=0 txcred=28 host_pulls=0
  24.965  SINK rx: 102 KB/s (105365 B / 1000 ms) fsu=65 | cum_total=1962491 B cum_segs=8178 | UP sent=8287 eagain=0 lasterr=0 txcred=0 host_pulls=0
  25.979  SINK rx: 103 KB/s (106080 B / 1000 ms) fsu=65 | cum_total=2068571 B cum_segs=8620 | UP sent=8729 eagain=0 lasterr=0 txcred=9 host_pulls=0
  27.029  SINK rx: 103 KB/s (106080 B / 1000 ms) fsu=65 | cum_total=2174651 B cum_segs=9062 | UP sent=9172 eagain=0 lasterr=0 txcred=17 host_pulls=0
  28.036  SINK rx: 102 KB/s (105355 B / 1000 ms) fsu=65 | cum_total=2280006 B cum_segs=9501 | UP sent=9611 eagain=0 lasterr=0 txcred=29 host_pulls=0
  29.020  SINK rx: 102 KB/s (105120 B / 1000 ms) fsu=65 | cum_total=2385126 B cum_segs=9939 | UP sent=10048 eagain=0 lasterr=0 txcred=2 host_pulls=0
  30.025  SINK rx: 101 KB/s (104405 B / 1000 ms) fsu=65 | cum_total=2489531 B cum_segs=10374 | UP sent=10484 eagain=0 lasterr=0 txcred=17 host_pulls=0
  31.043  SINK rx: 103 KB/s (106080 B / 1000 ms) fsu=65 | cum_total=2595611 B cum_segs=10816 | UP sent=10926 eagain=0 lasterr=0 txcred=26 host_pulls=0
  32.065  SINK rx: 103 KB/s (105835 B / 1000 ms) fsu=65 | cum_total=2701446 B cum_segs=11257 | UP sent=11362 eagain=0 lasterr=0 txcred=0 host_pulls=0
  33.098  SINK rx: 103 KB/s (106080 B / 1000 ms) fsu=65 | cum_total=2807526 B cum_segs=11699 | UP sent=11808 eagain=0 lasterr=0 txcred=5 host_pulls=0
  34.085  SINK rx: 103 KB/s (105845 B / 1000 ms) fsu=65 | cum_total=2913371 B cum_segs=12140 | UP sent=12249 eagain=0 lasterr=0 txcred=15 host_pulls=0
  35.100  SINK rx: 103 KB/s (105835 B / 1000 ms) fsu=65 | cum_total=3019206 B cum_segs=12581 | UP sent=12691 eagain=0 lasterr=0 txcred=24 host_pulls=0
  36.143  SINK rx: 102 KB/s (105365 B / 1000 ms) fsu=65 | cum_total=3124571 B cum_segs=13020 | UP sent=13125 eagain=0 lasterr=0 txcred=0 host_pulls=0
  37.168  SINK rx: 102 KB/s (105355 B / 1000 ms) fsu=65 | cum_total=3229926 B cum_segs=13459 | UP sent=13568 eagain=0 lasterr=0 txcred=8 host_pulls=0
  38.158  SINK rx: 103 KB/s (106080 B / 1000 ms) fsu=65 | cum_total=3336006 B cum_segs=13901 | UP sent=14010 eagain=0 lasterr=0 txcred=17 host_pulls=0
  39.185  SINK rx: 103 KB/s (105845 B / 1000 ms) fsu=65 | cum_total=3441851 B cum_segs=14342 | UP sent=14452 eagain=0 lasterr=0 txcred=26 host_pulls=0
