   0.930  CENRX cum_total=5232336 B
   1.959  CENRX cum_total=5302852 B
   2.984  CENRX cum_total=5302852 B
   3.982  CENRX cum_total=5302852 B
   4.887  RPT occ: (SDC no-occ) fsu=65 | sender: sent=10877(+1466 SDU) eagain=0(+0) poolfail=0(+0)
   4.943  CENRX cum_total=5302852 B
   5.591  L2CAP disconnected
   5.591  GAP disconnected 0x08
   5.591  scan start rc=0
   5.647  found D6:C7:60:B1:D3:0E (random) (rssi -33), connecting
   5.647  GAP connected
   5.647  phy req rc=0
   5.702  DLE: tx_max=251 rx_max=251
   5.702  l2cap_chan_connect rc=0
   5.812  L2CAP connected: tx.mtu=512 tx.mps=247 tx.credits=0 rx.mtu=512 rx.mps=247
   5.812  GATE conn: interval=20 (units 1.25ms) => 25.00 ms
   5.812  Q3FSU-REQ role=C auto min=52 max=52 phys=0x2 rc=0
   5.917  PHY: tx=2 rx=2 (2=2M)
   5.917  dle req rc=0
   5.968  CENRX cum_total=5304804 B
   6.073  Q3FSU-DONE role=C status=0x00 spacing=65 types=0x3 phys=0x2 initiator=0
   6.128  blasting 480-byte SDUs...
   6.941  CENRX cum_total=5398744 B
   7.955  CENRX cum_total=5505372 B
   8.990  CENRX cum_total=5612244 B
   9.956  CENRX cum_total=5713016 B
  10.994  CENRX cum_total=5809152 B
  11.969  CENRX cum_total=5916512 B
  12.985  CENRX cum_total=6022164 B
  13.964  CENRX cum_total=6128548 B
  14.875  RPT occ: (SDC no-occ) fsu=65 | sender: sent=12769(+1892 SDU) eagain=0(+0) poolfail=0(+0)
  14.986  CENRX cum_total=6235420 B
  15.964  CENRX cum_total=6342536 B
  16.989  CENRX cum_total=6447212 B
  17.967  CENRX cum_total=6553840 B
  19.000  CENRX cum_total=6660712 B
  20.023  CENRX cum_total=6765876 B
  20.999  CENRX cum_total=6871772 B
  21.981  CENRX cum_total=6977668 B
  23.014  CENRX cum_total=7084540 B
  23.994  CENRX cum_total=7188728 B
  24.874  RPT occ: (SDC no-occ) fsu=65 | sender: sent=14942(+2173 SDU) eagain=0(+0) poolfail=0(+0)
  24.984  CENRX cum_total=7295356 B
  26.005  CENRX cum_total=7402472 B
  27.033  CENRX cum_total=7509100 B
  28.022  CENRX cum_total=7614996 B
  29.040  CENRX cum_total=7721624 B
  30.020  CENRX cum_total=7828252 B
  31.049  CENRX cum_total=7935124 B
  32.016  CENRX cum_total=8041752 B
  33.054  CENRX cum_total=8148380 B
  34.011  CENRX cum_total=8255496 B
  34.873  RPT occ: (SDC no-occ) fsu=65 | sender: sent=17115(+2173 SDU) eagain=0(+0) poolfail=0(+0)
  35.036  CENRX cum_total=8361880 B
  36.062  CENRX cum_total=8468996 B
  37.028  CENRX cum_total=8575136 B
  38.057  CENRX cum_total=8682252 B
  39.028  CENRX cum_total=8788392 B
