   0.872  CENRX cum_total=4883172 B
   1.854  CENRX cum_total=4957592 B
   2.878  CENRX cum_total=4957592 B
   3.860  CENRX cum_total=4957592 B
   4.738  RPT occ: (SDC no-occ) fsu=65 | sender: sent=10096(+1374 SDU) eagain=0(+0) poolfail=0(+0)
   4.854  CENRX cum_total=4957592 B
   5.625  L2CAP disconnected
   5.626  GAP disconnected 0x08
   5.626  scan start rc=0
   5.626  found D6:C7:60:B1:D3:0E (random) (rssi -36), connecting
   5.686  GAP connected
   5.686  phy req rc=0
   5.686  DLE: tx_max=251 rx_max=251
   5.686  l2cap_chan_connect rc=0
   5.744  L2CAP connected: tx.mtu=512 tx.mps=247 tx.credits=0 rx.mtu=512 rx.mps=247
   5.744  GATE conn: interval=12 (units 1.25ms) => 15.00 ms
   5.744  Q3FSU-REQ role=C auto min=52 max=52 phys=0x2 rc=0
   5.802  PHY: tx=2 rx=2 (2=2M)
   5.803  dle req rc=0
   5.856  CENRX cum_total=4959056 B
   5.911  Q3FSU-DONE role=C status=0x00 spacing=65 types=0x3 phys=0x2 initiator=0
   6.085  blasting 480-byte SDUs...
   6.895  CENRX cum_total=5062268 B
   7.870  CENRX cum_total=5159380 B
   8.848  CENRX cum_total=5257468 B
   9.897  CENRX cum_total=5354336 B
  10.869  CENRX cum_total=5451936 B
  11.856  CENRX cum_total=5550268 B
  12.900  CENRX cum_total=5648600 B
  13.893  CENRX cum_total=5746444 B
  14.745  RPT occ: (SDC no-occ) fsu=65 | sender: sent=11858(+1762 SDU) eagain=0(+0) poolfail=0(+0)
  14.860  CENRX cum_total=5844044 B
  15.889  CENRX cum_total=5942376 B
  16.866  CENRX cum_total=6040220 B
  17.890  CENRX cum_total=6138552 B
  18.920  CENRX cum_total=6236152 B
  19.920  CENRX cum_total=6333996 B
  20.885  CENRX cum_total=6431352 B
  21.929  CENRX cum_total=6528952 B
  22.880  CENRX cum_total=6627284 B
  23.916  CENRX cum_total=6725616 B
  24.778  RPT occ: (SDC no-occ) fsu=65 | sender: sent=13854(+1996 SDU) eagain=0(+0) poolfail=0(+0)
  24.890  CENRX cum_total=6822972 B
  25.939  CENRX cum_total=6920572 B
  26.896  CENRX cum_total=7018904 B
  27.941  CENRX cum_total=7116748 B
  28.933  CENRX cum_total=7214836 B
  29.946  CENRX cum_total=7312924 B
  30.900  CENRX cum_total=7410524 B
  31.938  CENRX cum_total=7507636 B
  32.909  CENRX cum_total=7604748 B
  33.910  CENRX cum_total=7703324 B
  34.777  RPT occ: (SDC no-occ) fsu=65 | sender: sent=15862(+2008 SDU) eagain=0(+0) poolfail=0(+0)
  34.943  CENRX cum_total=7801412 B
  35.944  CENRX cum_total=7899500 B
  36.945  CENRX cum_total=7997100 B
  37.962  CENRX cum_total=8094700 B
  38.946  CENRX cum_total=8192788 B
  39.948  CENRX cum_total=8290876 B
