   0.861  SINK rx: 76 KB/s (77995 B / 1000 ms) fsu=52 | cum_total=1063686 B cum_segs=4433 | UP sent=26660 eagain=0 lasterr=-128 txcred=0 host_pulls=0
   1.730  *** Booting Zephyr OS build v4.4.2-16-gfee9fbc62095 ***
   1.730  
   1.730  === nRF52 L2CAP CoC SINK (Zephyr 4.4.1, seg_recv) ===
   1.730  L2CAP server on PSM 0x0080
   1.730  Advertising as 'zenoh-nrf-l2cap'
   5.674  GAP connected: interval=20
   5.785  DLE updated: tx_max=251 rx_max=27
   5.840  PHY updated: tx=2 rx=2
   6.006  DLE updated: tx_max=251 rx_max=251
   6.006  CoC up — seg_recv sink ready (RX_CREDITS=64, MPS=247)
   6.764  SINK rx: 36 KB/s (36966 B / 1000 ms) fsu=0 | cum_total=36966 B cum_segs=155 | UP sent=415 eagain=0 lasterr=0 txcred=0 host_pulls=0
   7.741  SINK rx: 78 KB/s (79925 B / 1000 ms) fsu=0 | cum_total=116891 B cum_segs=488 | UP sent=743 eagain=0 lasterr=0 txcred=0 host_pulls=0
   8.778  SINK rx: 75 KB/s (77515 B / 1000 ms) fsu=0 | cum_total=194406 B cum_segs=811 | UP sent=1071 eagain=0 lasterr=0 txcred=0 host_pulls=0
   9.797  SINK rx: 75 KB/s (77525 B / 1000 ms) fsu=0 | cum_total=271931 B cum_segs=1134 | UP sent=1399 eagain=0 lasterr=0 txcred=0 host_pulls=0
  10.824  SINK rx: 78 KB/s (79915 B / 1000 ms) fsu=0 | cum_total=351846 B cum_segs=1467 | UP sent=1727 eagain=0 lasterr=0 txcred=0 host_pulls=0
  11.797  SINK rx: 78 KB/s (79925 B / 1000 ms) fsu=0 | cum_total=431771 B cum_segs=1800 | UP sent=2055 eagain=0 lasterr=0 txcred=0 host_pulls=0
  12.825  SINK rx: 75 KB/s (77515 B / 1000 ms) fsu=0 | cum_total=509286 B cum_segs=2123 | UP sent=2383 eagain=0 lasterr=0 txcred=0 host_pulls=0
  13.855  SINK rx: 75 KB/s (77525 B / 1000 ms) fsu=0 | cum_total=586811 B cum_segs=2446 | UP sent=2711 eagain=0 lasterr=0 txcred=0 host_pulls=0
  14.835  SINK rx: 75 KB/s (77760 B / 1000 ms) fsu=0 | cum_total=664571 B cum_segs=2770 | UP sent=3039 eagain=0 lasterr=0 txcred=0 host_pulls=0
  15.863  SINK rx: 76 KB/s (78720 B / 1000 ms) fsu=0 | cum_total=743291 B cum_segs=3098 | UP sent=3362 eagain=0 lasterr=0 txcred=0 host_pulls=0
  16.882  SINK rx: 76 KB/s (78720 B / 1000 ms) fsu=0 | cum_total=822011 B cum_segs=3426 | UP sent=3695 eagain=0 lasterr=0 txcred=0 host_pulls=0
  17.905  SINK rx: 77 KB/s (79435 B / 1000 ms) fsu=0 | cum_total=901446 B cum_segs=3757 | UP sent=4023 eagain=0 lasterr=0 txcred=0 host_pulls=0
  18.879  SINK rx: 78 KB/s (79925 B / 1000 ms) fsu=0 | cum_total=981371 B cum_segs=4090 | UP sent=4351 eagain=0 lasterr=0 txcred=0 host_pulls=0
  19.912  SINK rx: 78 KB/s (79915 B / 1000 ms) fsu=0 | cum_total=1061286 B cum_segs=4423 | UP sent=4679 eagain=0 lasterr=0 txcred=0 host_pulls=0
  20.935  SINK rx: 75 KB/s (77525 B / 1000 ms) fsu=0 | cum_total=1138811 B cum_segs=4746 | UP sent=5007 eagain=0 lasterr=0 txcred=0 host_pulls=0
  21.913  SINK rx: 78 KB/s (79915 B / 1000 ms) fsu=0 | cum_total=1218726 B cum_segs=5079 | UP sent=5335 eagain=0 lasterr=0 txcred=0 host_pulls=0
  22.954  SINK rx: 78 KB/s (80160 B / 1000 ms) fsu=0 | cum_total=1298886 B cum_segs=5413 | UP sent=5663 eagain=0 lasterr=0 txcred=0 host_pulls=0
  23.979  SINK rx: 75 KB/s (77280 B / 1000 ms) fsu=0 | cum_total=1376166 B cum_segs=5735 | UP sent=5991 eagain=0 lasterr=0 txcred=0 host_pulls=0
  24.949  SINK rx: 75 KB/s (77760 B / 1000 ms) fsu=0 | cum_total=1453926 B cum_segs=6059 | UP sent=6319 eagain=0 lasterr=0 txcred=0 host_pulls=0
  25.985  SINK rx: 75 KB/s (77280 B / 1000 ms) fsu=0 | cum_total=1531206 B cum_segs=6381 | UP sent=6647 eagain=0 lasterr=0 txcred=0 host_pulls=0
  27.008  SINK rx: 78 KB/s (80160 B / 1000 ms) fsu=0 | cum_total=1611366 B cum_segs=6715 | UP sent=6975 eagain=0 lasterr=0 txcred=0 host_pulls=0
  28.029  SINK rx: 77 KB/s (79680 B / 1000 ms) fsu=0 | cum_total=1691046 B cum_segs=7047 | UP sent=7303 eagain=0 lasterr=0 txcred=0 host_pulls=0
  29.014  SINK rx: 77 KB/s (78965 B / 1000 ms) fsu=0 | cum_total=1770011 B cum_segs=7376 | UP sent=7631 eagain=0 lasterr=0 txcred=0 host_pulls=0
  30.022  SINK rx: 78 KB/s (80875 B / 1000 ms) fsu=0 | cum_total=1850886 B cum_segs=7713 | UP sent=7959 eagain=0 lasterr=0 txcred=0 host_pulls=0
  31.040  SINK rx: 78 KB/s (80160 B / 1000 ms) fsu=0 | cum_total=1931046 B cum_segs=8047 | UP sent=8287 eagain=0 lasterr=0 txcred=0 host_pulls=0
  32.077  SINK rx: 75 KB/s (77280 B / 1000 ms) fsu=0 | cum_total=2008326 B cum_segs=8369 | UP sent=8615 eagain=0 lasterr=0 txcred=0 host_pulls=0
  33.094  SINK rx: 78 KB/s (80160 B / 1000 ms) fsu=0 | cum_total=2088486 B cum_segs=8703 | UP sent=8943 eagain=0 lasterr=0 txcred=0 host_pulls=0
  34.065  SINK rx: 75 KB/s (77280 B / 1000 ms) fsu=0 | cum_total=2165766 B cum_segs=9025 | UP sent=9271 eagain=0 lasterr=0 txcred=0 host_pulls=0
  35.101  SINK rx: 78 KB/s (80160 B / 1000 ms) fsu=0 | cum_total=2245926 B cum_segs=9359 | UP sent=9599 eagain=0 lasterr=0 txcred=0 host_pulls=0
  36.129  SINK rx: 77 KB/s (79680 B / 1000 ms) fsu=0 | cum_total=2325606 B cum_segs=9691 | UP sent=9927 eagain=0 lasterr=0 txcred=0 host_pulls=0
  37.111  SINK rx: 78 KB/s (80160 B / 1000 ms) fsu=0 | cum_total=2405766 B cum_segs=10025 | UP sent=10255 eagain=0 lasterr=0 txcred=0 host_pulls=0
  38.134  SINK rx: 77 KB/s (79200 B / 1000 ms) fsu=0 | cum_total=2484966 B cum_segs=10355 | UP sent=10624 eagain=0 lasterr=0 txcred=0 host_pulls=0
  39.149  SINK rx: 76 KB/s (78720 B / 1000 ms) fsu=0 | cum_total=2563686 B cum_segs=10683 | UP sent=10952 eagain=0 lasterr=0 txcred=0 host_pulls=0
  40.171  SINK rx: 77 KB/s (79680 B / 1000 ms) fsu=0 | cum_total=2643366 B cum_segs=11015 | UP sent=11280 eagain=0 lasterr=0 txcred=0 host_pulls=0
  41.194  SINK rx: 78 KB/s (79925 B / 1000 ms) fsu=0 | cum_total=2723291 B cum_segs=11348 | UP sent=11608 eagain=0 lasterr=0 txcred=0 host_pulls=0
  42.174  SINK rx: 75 KB/s (77515 B / 1000 ms) fsu=0 | cum_total=2800806 B cum_segs=11671 | UP sent=11936 eagain=0 lasterr=0 txcred=0 host_pulls=0
  43.194  SINK rx: 78 KB/s (80160 B / 1000 ms) fsu=0 | cum_total=2880966 B cum_segs=12005 | UP sent=12264 eagain=0 lasterr=0 txcred=0 host_pulls=0
  44.233  SINK rx: 77 KB/s (79680 B / 1000 ms) fsu=0 | cum_total=2960646 B cum_segs=12337 | UP sent=12592 eagain=0 lasterr=0 txcred=0 host_pulls=0
  45.251  SINK rx: 75 KB/s (77760 B / 1000 ms) fsu=0 | cum_total=3038406 B cum_segs=12661 | UP sent=12920 eagain=0 lasterr=0 txcred=0 host_pulls=0
  46.225  SINK rx: 78 KB/s (79925 B / 1000 ms) fsu=0 | cum_total=3118331 B cum_segs=12994 | UP sent=13248 eagain=0 lasterr=0 txcred=0 host_pulls=0
  47.247  SINK rx: 78 KB/s (79915 B / 1000 ms) fsu=0 | cum_total=3198246 B cum_segs=13327 | UP sent=13576 eagain=0 lasterr=0 txcred=0 host_pulls=0
  48.271  SINK rx: 76 KB/s (78005 B / 1000 ms) fsu=0 | cum_total=3276251 B cum_segs=13652 | UP sent=13904 eagain=0 lasterr=0 txcred=0 host_pulls=0
  49.289  SINK rx: 79 KB/s (81835 B / 1000 ms) fsu=0 | cum_total=3358086 B cum_segs=13993 | UP sent=14232 eagain=0 lasterr=0 txcred=0 host_pulls=0
  50.270  SINK rx: 78 KB/s (79925 B / 1000 ms) fsu=0 | cum_total=3438011 B cum_segs=14326 | UP sent=14560 eagain=0 lasterr=0 txcred=0 host_pulls=0
  51.300  SINK rx: 75 KB/s (77515 B / 1000 ms) fsu=0 | cum_total=3515526 B cum_segs=14649 | UP sent=14888 eagain=0 lasterr=0 txcred=0 host_pulls=0
  52.324  SINK rx: 73 KB/s (75360 B / 1000 ms) fsu=0 | cum_total=3590886 B cum_segs=14963 | UP sent=15216 eagain=0 lasterr=0 txcred=0 host_pulls=0
  53.350  SINK rx: 75 KB/s (77280 B / 1000 ms) fsu=0 | cum_total=3668166 B cum_segs=15285 | UP sent=15544 eagain=0 lasterr=0 txcred=0 host_pulls=0
  54.326  SINK rx: 78 KB/s (80160 B / 1000 ms) fsu=0 | cum_total=3748326 B cum_segs=15619 | UP sent=15872 eagain=0 lasterr=0 txcred=0 host_pulls=0
  55.359  SINK rx: 78 KB/s (79925 B / 1000 ms) fsu=0 | cum_total=3828251 B cum_segs=15952 | UP sent=16200 eagain=0 lasterr=0 txcred=0 host_pulls=0
  56.347  SINK rx: 78 KB/s (79915 B / 1000 ms) fsu=0 | cum_total=3908166 B cum_segs=16285 | UP sent=16528 eagain=0 lasterr=0 txcred=0 host_pulls=0
  57.378  SINK rx: 78 KB/s (79925 B / 1000 ms) fsu=0 | cum_total=3988091 B cum_segs=16618 | UP sent=16856 eagain=0 lasterr=0 txcred=0 host_pulls=0
  58.402  SINK rx: 75 KB/s (77515 B / 1000 ms) fsu=0 | cum_total=4065606 B cum_segs=16941 | UP sent=17184 eagain=0 lasterr=0 txcred=0 host_pulls=0
  59.424  SINK rx: 75 KB/s (77525 B / 1000 ms) fsu=0 | cum_total=4143131 B cum_segs=17264 | UP sent=17512 eagain=0 lasterr=0 txcred=0 host_pulls=0
