   0.405  P t=450s rxkBps=0 blkkBps=0 pongs=21242(+0/s) cancels=0(+0/s) notify=1 disc=1(0x08) | echo rx=0 tx=0 pend=0 stale=0
   0.465  P t=451s rxkBps=0 blkkBps=0 pongs=21242(+0/s) cancels=0(+0/s) notify=1 disc=1(0x08) | echo rx=0 tx=0 pend=0 stale=0
   1.725  *** Booting Zephyr OS build v4.4.2-16-gfee9fbc62095 ***
   1.725  [00:55:01.555,978] [0m<inf> bt_hci_core: HW Platform: Nordic Semiconductor (0x0002)[0m
   1.725  [00:55:01.555,991] [0m<inf> bt_hci_core: HW Variant: nRF54Lx (0x0005)[0m
   1.725  [00:55:01.556,002] [0m<inf> bt_hci_core: Firmware: Standard Bluetooth controller (0x00) Version 4.4 Build 2[0m
   1.725  [00:55:01.556,345] [0m<inf> bt_hci_core: HCI transport: Controller[0m
   1.725  [00:55:01.556,390] [0m<inf> bt_hci_core: Identity: D6:C7:60:B1:D3:0E (random)[0m
   1.725  [00:55:01.556,407] [0m<inf> bt_hci_core: HCI: version 5.4 (0x0d) revision 0x0000, manufacturer 0x05f1[0m
   1.785  [00:55:01.556,422] [0m<inf> bt_hci_core: LMP: version 5.4 (0x0d) subver 0xffff[0m
   1.785  
   1.785  === nRF54L15 RTT ping-pong PERIPHERAL (echo) ===
   1.785  advertising
   2.792  GAP connected interval=7500
   2.792  PHY tx=2 rx=2
   2.852  P t=1s rxkBps=0 blkkBps=0 pongs=0(+0/s) cancels=0(+0/s) notify=0 disc=0(0x00) | echo rx=0 tx=0 pend=0 stale=0
   4.710  P t=2s rxkBps=0 blkkBps=0 pongs=0(+0/s) cancels=0(+0/s) notify=0 disc=0(0x00) | echo rx=0 tx=0 pend=0 stale=0
   4.710  P t=3s rxkBps=0 blkkBps=0 pongs=0(+0/s) cancels=0(+0/s) notify=0 disc=0(0x00) | echo rx=0 tx=0 pend=0 stale=0
   6.728  P t=4s rxkBps=0 blkkBps=0 pongs=0(+0/s) cancels=0(+0/s) notify=0 disc=0(0x00) | echo rx=0 tx=0 pend=0 stale=0
   6.729  GAP disconnected 0x08  lifetime=-1ms pongs_in_conn=0
   6.729  advertising
   6.729  GAP connected interval=7500
   6.729  PHY tx=2 rx=2
   6.729  CCC: notify ENABLED
   6.729  P t=5s rxkBps=0 blkkBps=0 pongs=3(+3/s) cancels=0(+0/s) notify=1 disc=1(0x08) | echo rx=0 tx=0 pend=0 stale=0
   8.688  P t=6s rxkBps=0 blkkBps=0 pongs=70(+67/s) cancels=0(+0/s) notify=1 disc=1(0x08) | echo rx=0 tx=0 pend=0 stale=0
   8.749  P t=7s rxkBps=0 blkkBps=0 pongs=137(+67/s) cancels=0(+0/s) notify=1 disc=1(0x08) | echo rx=0 tx=0 pend=0 stale=0
  10.732  P t=8s rxkBps=0 blkkBps=0 pongs=203(+66/s) cancels=0(+0/s) notify=1 disc=1(0x08) | echo rx=0 tx=0 pend=0 stale=0
  10.732  P t=9s rxkBps=0 blkkBps=0 pongs=270(+67/s) cancels=0(+0/s) notify=1 disc=1(0x08) | echo rx=0 tx=0 pend=0 stale=0
  12.739  P t=10s rxkBps=0 blkkBps=0 pongs=337(+67/s) cancels=0(+0/s) notify=1 disc=1(0x08) | echo rx=0 tx=0 pend=0 stale=0
  12.739  P t=11s rxkBps=0 blkkBps=0 pongs=403(+66/s) cancels=0(+0/s) notify=1 disc=1(0x08) | echo rx=0 tx=0 pend=0 stale=0
  14.694  P t=12s rxkBps=0 blkkBps=0 pongs=470(+67/s) cancels=0(+0/s) notify=1 disc=1(0x08) | echo rx=0 tx=0 pend=0 stale=0
  14.694  P t=13s rxkBps=0 blkkBps=0 pongs=537(+67/s) cancels=0(+0/s) notify=1 disc=1(0x08) | echo rx=0 tx=0 pend=0 stale=0
  16.703  P t=14s rxkBps=0 blkkBps=0 pongs=603(+66/s) cancels=0(+0/s) notify=1 disc=1(0x08) | echo rx=0 tx=0 pend=0 stale=0
  16.703  P t=15s rxkBps=0 blkkBps=0 pongs=670(+67/s) cancels=0(+0/s) notify=1 disc=1(0x08) | echo rx=0 tx=0 pend=0 stale=0
  18.708  P t=16s rxkBps=0 blkkBps=0 pongs=737(+67/s) cancels=0(+0/s) notify=1 disc=1(0x08) | echo rx=0 tx=0 pend=0 stale=0
  18.708  P t=17s rxkBps=0 blkkBps=0 pongs=803(+66/s) cancels=0(+0/s) notify=1 disc=1(0x08) | echo rx=0 tx=0 pend=0 stale=0
  20.742  P t=18s rxkBps=0 blkkBps=0 pongs=870(+67/s) cancels=0(+0/s) notify=1 disc=1(0x08) | echo rx=0 tx=0 pend=0 stale=0
  20.742  P t=19s rxkBps=0 blkkBps=0 pongs=937(+67/s) cancels=0(+0/s) notify=1 disc=1(0x08) | echo rx=0 tx=0 pend=0 stale=0
  22.713  P t=20s rxkBps=0 blkkBps=0 pongs=1003(+66/s) cancels=0(+0/s) notify=1 disc=1(0x08) | echo rx=0 tx=0 pend=0 stale=0
  22.713  P t=21s rxkBps=0 blkkBps=0 pongs=1070(+67/s) cancels=0(+0/s) notify=1 disc=1(0x08) | echo rx=0 tx=0 pend=0 stale=0
  24.700  P t=22s rxkBps=0 blkkBps=0 pongs=1137(+67/s) cancels=0(+0/s) notify=1 disc=1(0x08) | echo rx=0 tx=0 pend=0 stale=0
  24.700  P t=23s rxkBps=0 blkkBps=0 pongs=1204(+67/s) cancels=0(+0/s) notify=1 disc=1(0x08) | echo rx=0 tx=0 pend=0 stale=0
  26.688  P t=24s rxkBps=0 blkkBps=0 pongs=1270(+66/s) cancels=0(+0/s) notify=1 disc=1(0x08) | echo rx=0 tx=0 pend=0 stale=0
  26.748  P t=25s rxkBps=0 blkkBps=0 pongs=1337(+67/s) cancels=0(+0/s) notify=1 disc=1(0x08) | echo rx=0 tx=0 pend=0 stale=0
  28.690  P t=26s rxkBps=0 blkkBps=0 pongs=1404(+67/s) cancels=0(+0/s) notify=1 disc=1(0x08) | echo rx=0 tx=0 pend=0 stale=0
  28.742  P t=27s rxkBps=0 blkkBps=0 pongs=1470(+66/s) cancels=0(+0/s) notify=1 disc=1(0x08) | echo rx=0 tx=0 pend=0 stale=0
  30.693  P t=28s rxkBps=0 blkkBps=0 pongs=1537(+67/s) cancels=0(+0/s) notify=1 disc=1(0x08) | echo rx=0 tx=0 pend=0 stale=0
  30.753  P t=29s rxkBps=0 blkkBps=0 pongs=1604(+67/s) cancels=0(+0/s) notify=1 disc=1(0x08) | echo rx=0 tx=0 pend=0 stale=0
  32.695  P t=30s rxkBps=0 blkkBps=0 pongs=1670(+66/s) cancels=0(+0/s) notify=1 disc=1(0x08) | echo rx=0 tx=0 pend=0 stale=0
  32.756  P t=31s rxkBps=0 blkkBps=0 pongs=1737(+67/s) cancels=0(+0/s) notify=1 disc=1(0x08) | echo rx=0 tx=0 pend=0 stale=0
  34.712  P t=32s rxkBps=0 blkkBps=0 pongs=1804(+67/s) cancels=0(+0/s) notify=1 disc=1(0x08) | echo rx=0 tx=0 pend=0 stale=0
  34.712  P t=33s rxkBps=0 blkkBps=0 pongs=1870(+66/s) cancels=0(+0/s) notify=1 disc=1(0x08) | echo rx=0 tx=0 pend=0 stale=0
  36.717  P t=34s rxkBps=0 blkkBps=0 pongs=1937(+67/s) cancels=0(+0/s) notify=1 disc=1(0x08) | echo rx=0 tx=0 pend=0 stale=0
  36.718  P t=35s rxkBps=0 blkkBps=0 pongs=2004(+67/s) cancels=0(+0/s) notify=1 disc=1(0x08) | echo rx=0 tx=0 pend=0 stale=0
  38.732  P t=36s rxkBps=0 blkkBps=0 pongs=2070(+66/s) cancels=0(+0/s) notify=1 disc=1(0x08) | echo rx=0 tx=0 pend=0 stale=0
  38.732  P t=37s rxkBps=0 blkkBps=0 pongs=2137(+67/s) cancels=0(+0/s) notify=1 disc=1(0x08) | echo rx=0 tx=0 pend=0 stale=0
  40.692  P t=38s rxkBps=0 blkkBps=0 pongs=2204(+67/s) cancels=0(+0/s) notify=1 disc=1(0x08) | echo rx=0 tx=0 pend=0 stale=0
  40.748  P t=39s rxkBps=0 blkkBps=0 pongs=2270(+66/s) cancels=0(+0/s) notify=1 disc=1(0x08) | echo rx=0 tx=0 pend=0 stale=0
  42.735  P t=40s rxkBps=0 blkkBps=0 pongs=2337(+67/s) cancels=0(+0/s) notify=1 disc=1(0x08) | echo rx=0 tx=0 pend=0 stale=0
  42.735  P t=41s rxkBps=0 blkkBps=0 pongs=2404(+67/s) cancels=0(+0/s) notify=1 disc=1(0x08) | echo rx=0 tx=0 pend=0 stale=0
  44.745  P t=42s rxkBps=0 blkkBps=0 pongs=2470(+66/s) cancels=0(+0/s) notify=1 disc=1(0x08) | echo rx=0 tx=0 pend=0 stale=0
  44.745  P t=43s rxkBps=0 blkkBps=0 pongs=2537(+67/s) cancels=0(+0/s) notify=1 disc=1(0x08) | echo rx=0 tx=0 pend=0 stale=0
  46.697  P t=44s rxkBps=0 blkkBps=0 pongs=2604(+67/s) cancels=0(+0/s) notify=1 disc=1(0x08) | echo rx=0 tx=0 pend=0 stale=0
  46.757  P t=45s rxkBps=0 blkkBps=0 pongs=2670(+66/s) cancels=0(+0/s) notify=1 disc=1(0x08) | echo rx=0 tx=0 pend=0 stale=0
  48.698  P t=46s rxkBps=0 blkkBps=0 pongs=2737(+67/s) cancels=0(+0/s) notify=1 disc=1(0x08) | echo rx=0 tx=0 pend=0 stale=0
  48.698  P t=47s rxkBps=0 blkkBps=0 pongs=2804(+67/s) cancels=0(+0/s) notify=1 disc=1(0x08) | echo rx=0 tx=0 pend=0 stale=0
  50.721  P t=48s rxkBps=0 blkkBps=0 pongs=2870(+66/s) cancels=0(+0/s) notify=1 disc=1(0x08) | echo rx=0 tx=0 pend=0 stale=0
  50.721  P t=49s rxkBps=0 blkkBps=0 pongs=2937(+67/s) cancels=0(+0/s) notify=1 disc=1(0x08) | echo rx=0 tx=0 pend=0 stale=0
  52.713  P t=50s rxkBps=0 blkkBps=0 pongs=3003(+66/s) cancels=0(+0/s) notify=1 disc=1(0x08) | echo rx=0 tx=0 pend=0 stale=0
  52.713  P t=51s rxkBps=0 blkkBps=0 pongs=3070(+67/s) cancels=0(+0/s) notify=1 disc=1(0x08) | echo rx=0 tx=0 pend=0 stale=0
  54.713  P t=52s rxkBps=0 blkkBps=0 pongs=3137(+67/s) cancels=0(+0/s) notify=1 disc=1(0x08) | echo rx=0 tx=0 pend=0 stale=0
  54.713  P t=53s rxkBps=0 blkkBps=0 pongs=3203(+66/s) cancels=0(+0/s) notify=1 disc=1(0x08) | echo rx=0 tx=0 pend=0 stale=0
  56.728  P t=54s rxkBps=0 blkkBps=0 pongs=3270(+67/s) cancels=0(+0/s) notify=1 disc=1(0x08) | echo rx=0 tx=0 pend=0 stale=0
  56.728  P t=55s rxkBps=0 blkkBps=0 pongs=3337(+67/s) cancels=0(+0/s) notify=1 disc=1(0x08) | echo rx=0 tx=0 pend=0 stale=0
  58.734  P t=56s rxkBps=0 blkkBps=0 pongs=3403(+66/s) cancels=0(+0/s) notify=1 disc=1(0x08) | echo rx=0 tx=0 pend=0 stale=0
  58.734  P t=57s rxkBps=0 blkkBps=0 pongs=3470(+67/s) cancels=0(+0/s) notify=1 disc=1(0x08) | echo rx=0 tx=0 pend=0 stale=0
  60.710  P t=58s rxkBps=0 blkkBps=0 pongs=3537(+67/s) cancels=0(+0/s) notify=1 disc=1(0x08) | echo rx=0 tx=0 pend=0 stale=0
  60.710  P t=59s rxkBps=0 blkkBps=0 pongs=3603(+66/s) cancels=0(+0/s) notify=1 disc=1(0x08) | echo rx=0 tx=0 pend=0 stale=0
  62.706  P t=60s rxkBps=0 blkkBps=0 pongs=3670(+67/s) cancels=0(+0/s) notify=1 disc=1(0x08) | echo rx=0 tx=0 pend=0 stale=0
  62.706  P t=61s rxkBps=0 blkkBps=0 pongs=3737(+67/s) cancels=0(+0/s) notify=1 disc=1(0x08) | echo rx=0 tx=0 pend=0 stale=0
  64.718  P t=62s rxkBps=0 blkkBps=0 pongs=3803(+66/s) cancels=0(+0/s) notify=1 disc=1(0x08) | echo rx=0 tx=0 pend=0 stale=0
  64.718  P t=63s rxkBps=0 blkkBps=0 pongs=3870(+67/s) cancels=0(+0/s) notify=1 disc=1(0x08) | echo rx=0 tx=0 pend=0 stale=0
  66.735  P t=64s rxkBps=0 blkkBps=0 pongs=3937(+67/s) cancels=0(+0/s) notify=1 disc=1(0x08) | echo rx=0 tx=0 pend=0 stale=0
  66.735  P t=65s rxkBps=0 blkkBps=0 pongs=4003(+66/s) cancels=0(+0/s) notify=1 disc=1(0x08) | echo rx=0 tx=0 pend=0 stale=0
  68.718  P t=66s rxkBps=0 blkkBps=24 pongs=4067(+64/s) cancels=0(+0/s) notify=1 disc=1(0x08) | echo rx=0 tx=0 pend=0 stale=0
  68.718  P t=67s rxkBps=0 blkkBps=24 pongs=4129(+62/s) cancels=0(+0/s) notify=1 disc=1(0x08) | echo rx=0 tx=0 pend=0 stale=0
  70.704  P t=68s rxkBps=0 blkkBps=24 pongs=4192(+63/s) cancels=0(+0/s) notify=1 disc=1(0x08) | echo rx=0 tx=0 pend=0 stale=0
  70.704  P t=69s rxkBps=0 blkkBps=24 pongs=4255(+63/s) cancels=0(+0/s) notify=1 disc=1(0x08) | echo rx=0 tx=0 pend=0 stale=0
  72.728  P t=70s rxkBps=0 blkkBps=24 pongs=4318(+63/s) cancels=0(+0/s) notify=1 disc=1(0x08) | echo rx=0 tx=0 pend=0 stale=0
  72.728  P t=71s rxkBps=0 blkkBps=24 pongs=4381(+63/s) cancels=0(+0/s) notify=1 disc=1(0x08) | echo rx=0 tx=0 pend=0 stale=0
  74.694  P t=72s rxkBps=0 blkkBps=24 pongs=4445(+64/s) cancels=0(+0/s) notify=1 disc=1(0x08) | echo rx=0 tx=0 pend=0 stale=0
  74.754  P t=73s rxkBps=0 blkkBps=24 pongs=4507(+62/s) cancels=0(+0/s) notify=1 disc=1(0x08) | echo rx=0 tx=0 pend=0 stale=0
  76.692  P t=74s rxkBps=0 blkkBps=24 pongs=4570(+63/s) cancels=0(+0/s) notify=1 disc=1(0x08) | echo rx=0 tx=0 pend=0 stale=0
  76.749  P t=75s rxkBps=0 blkkBps=24 pongs=4634(+64/s) cancels=0(+0/s) notify=1 disc=1(0x08) | echo rx=0 tx=0 pend=0 stale=0
  78.718  P t=76s rxkBps=0 blkkBps=24 pongs=4695(+61/s) cancels=0(+0/s) notify=1 disc=1(0x08) | echo rx=0 tx=0 pend=0 stale=0
  78.718  P t=77s rxkBps=0 blkkBps=24 pongs=4758(+63/s) cancels=0(+0/s) notify=1 disc=1(0x08) | echo rx=0 tx=0 pend=0 stale=0
  80.737  P t=78s rxkBps=0 blkkBps=24 pongs=4821(+63/s) cancels=0(+0/s) notify=1 disc=1(0x08) | echo rx=0 tx=0 pend=0 stale=0
  80.737  P t=79s rxkBps=0 blkkBps=24 pongs=4884(+63/s) cancels=0(+0/s) notify=1 disc=1(0x08) | echo rx=0 tx=0 pend=0 stale=0
  82.735  P t=80s rxkBps=0 blkkBps=24 pongs=4947(+63/s) cancels=0(+0/s) notify=1 disc=1(0x08) | echo rx=0 tx=0 pend=0 stale=0
  82.735  P t=81s rxkBps=0 blkkBps=24 pongs=5010(+63/s) cancels=0(+0/s) notify=1 disc=1(0x08) | echo rx=0 tx=0 pend=0 stale=0
  84.724  P t=82s rxkBps=0 blkkBps=24 pongs=5073(+63/s) cancels=0(+0/s) notify=1 disc=1(0x08) | echo rx=0 tx=0 pend=0 stale=0
  84.724  P t=83s rxkBps=0 blkkBps=24 pongs=5137(+64/s) cancels=0(+0/s) notify=1 disc=1(0x08) | echo rx=0 tx=0 pend=0 stale=0
  86.726  P t=84s rxkBps=0 blkkBps=24 pongs=5199(+62/s) cancels=0(+0/s) notify=1 disc=1(0x08) | echo rx=0 tx=0 pend=0 stale=0
  86.726  P t=85s rxkBps=0 blkkBps=24 pongs=5262(+63/s) cancels=0(+0/s) notify=1 disc=1(0x08) | echo rx=0 tx=0 pend=0 stale=0
  88.747  P t=86s rxkBps=0 blkkBps=24 pongs=5326(+64/s) cancels=0(+0/s) notify=1 disc=1(0x08) | echo rx=0 tx=0 pend=0 stale=0
  88.747  P t=87s rxkBps=0 blkkBps=24 pongs=5388(+62/s) cancels=0(+0/s) notify=1 disc=1(0x08) | echo rx=0 tx=0 pend=0 stale=0
  90.719  P t=88s rxkBps=0 blkkBps=24 pongs=5451(+63/s) cancels=0(+0/s) notify=1 disc=1(0x08) | echo rx=0 tx=0 pend=0 stale=0
  90.719  P t=89s rxkBps=0 blkkBps=24 pongs=5515(+64/s) cancels=0(+0/s) notify=1 disc=1(0x08) | echo rx=0 tx=0 pend=0 stale=0
  92.713  P t=90s rxkBps=0 blkkBps=24 pongs=5577(+62/s) cancels=0(+0/s) notify=1 disc=1(0x08) | echo rx=0 tx=0 pend=0 stale=0
  92.713  P t=91s rxkBps=0 blkkBps=24 pongs=5640(+63/s) cancels=0(+0/s) notify=1 disc=1(0x08) | echo rx=0 tx=0 pend=0 stale=0
  94.735  P t=92s rxkBps=0 blkkBps=24 pongs=5704(+64/s) cancels=0(+0/s) notify=1 disc=1(0x08) | echo rx=0 tx=0 pend=0 stale=0
  94.735  P t=93s rxkBps=0 blkkBps=24 pongs=5766(+62/s) cancels=0(+0/s) notify=1 disc=1(0x08) | echo rx=0 tx=0 pend=0 stale=0
  96.698  P t=94s rxkBps=0 blkkBps=24 pongs=5829(+63/s) cancels=0(+0/s) notify=1 disc=1(0x08) | echo rx=0 tx=0 pend=0 stale=0
  96.759  P t=95s rxkBps=0 blkkBps=24 pongs=5893(+64/s) cancels=0(+0/s) notify=1 disc=1(0x08) | echo rx=0 tx=0 pend=0 stale=0
  98.696  P t=96s rxkBps=0 blkkBps=24 pongs=5955(+62/s) cancels=0(+0/s) notify=1 disc=1(0x08) | echo rx=0 tx=0 pend=0 stale=0
  98.757  P t=97s rxkBps=0 blkkBps=24 pongs=6018(+63/s) cancels=0(+0/s) notify=1 disc=1(0x08) | echo rx=0 tx=0 pend=0 stale=0
 100.748  P t=98s rxkBps=0 blkkBps=24 pongs=6082(+64/s) cancels=0(+0/s) notify=1 disc=1(0x08) | echo rx=0 tx=0 pend=0 stale=0
 100.748  P t=99s rxkBps=0 blkkBps=24 pongs=6144(+62/s) cancels=0(+0/s) notify=1 disc=1(0x08) | echo rx=0 tx=0 pend=0 stale=0
 102.724  P t=100s rxkBps=0 blkkBps=24 pongs=6208(+64/s) cancels=0(+0/s) notify=1 disc=1(0x08) | echo rx=0 tx=0 pend=0 stale=0
 102.724  P t=101s rxkBps=0 blkkBps=24 pongs=6271(+63/s) cancels=0(+0/s) notify=1 disc=1(0x08) | echo rx=0 tx=0 pend=0 stale=0
 104.737  P t=102s rxkBps=0 blkkBps=24 pongs=6333(+62/s) cancels=0(+0/s) notify=1 disc=1(0x08) | echo rx=0 tx=0 pend=0 stale=0
 104.737  P t=103s rxkBps=0 blkkBps=24 pongs=6397(+64/s) cancels=0(+0/s) notify=1 disc=1(0x08) | echo rx=0 tx=0 pend=0 stale=0
 106.737  P t=104s rxkBps=0 blkkBps=24 pongs=6460(+63/s) cancels=0(+0/s) notify=1 disc=1(0x08) | echo rx=0 tx=0 pend=0 stale=0
 106.737  P t=105s rxkBps=0 blkkBps=24 pongs=6522(+62/s) cancels=0(+0/s) notify=1 disc=1(0x08) | echo rx=0 tx=0 pend=0 stale=0
 108.724  P t=106s rxkBps=0 blkkBps=24 pongs=6586(+64/s) cancels=0(+0/s) notify=1 disc=1(0x08) | echo rx=0 tx=0 pend=0 stale=0
 108.725  P t=107s rxkBps=0 blkkBps=24 pongs=6649(+63/s) cancels=0(+0/s) notify=1 disc=1(0x08) | echo rx=0 tx=0 pend=0 stale=0
 110.720  P t=108s rxkBps=0 blkkBps=24 pongs=6711(+62/s) cancels=0(+0/s) notify=1 disc=1(0x08) | echo rx=0 tx=0 pend=0 stale=0
 110.720  P t=109s rxkBps=0 blkkBps=24 pongs=6775(+64/s) cancels=0(+0/s) notify=1 disc=1(0x08) | echo rx=0 tx=0 pend=0 stale=0
 112.702  P t=110s rxkBps=0 blkkBps=24 pongs=6838(+63/s) cancels=0(+0/s) notify=1 disc=1(0x08) | echo rx=0 tx=0 pend=0 stale=0
 112.762  P t=111s rxkBps=0 blkkBps=24 pongs=6900(+62/s) cancels=0(+0/s) notify=1 disc=1(0x08) | echo rx=0 tx=0 pend=0 stale=0
 114.718  P t=112s rxkBps=0 blkkBps=24 pongs=6964(+64/s) cancels=0(+0/s) notify=1 disc=1(0x08) | echo rx=0 tx=0 pend=0 stale=0
 114.718  P t=113s rxkBps=0 blkkBps=24 pongs=7026(+62/s) cancels=0(+0/s) notify=1 disc=1(0x08) | echo rx=0 tx=0 pend=0 stale=0
 116.713  P t=114s rxkBps=0 blkkBps=24 pongs=7089(+63/s) cancels=0(+0/s) notify=1 disc=1(0x08) | echo rx=0 tx=0 pend=0 stale=0
 116.713  P t=115s rxkBps=0 blkkBps=24 pongs=7153(+64/s) cancels=0(+0/s) notify=1 disc=1(0x08) | echo rx=0 tx=0 pend=0 stale=0
 118.711  P t=116s rxkBps=0 blkkBps=24 pongs=7215(+62/s) cancels=0(+0/s) notify=1 disc=1(0x08) | echo rx=0 tx=0 pend=0 stale=0
 118.711  P t=117s rxkBps=0 blkkBps=24 pongs=7278(+63/s) cancels=0(+0/s) notify=1 disc=1(0x08) | echo rx=0 tx=0 pend=0 stale=0
 120.697  P t=118s rxkBps=0 blkkBps=24 pongs=7342(+64/s) cancels=0(+0/s) notify=1 disc=1(0x08) | echo rx=0 tx=0 pend=0 stale=0
 120.757  P t=119s rxkBps=0 blkkBps=24 pongs=7404(+62/s) cancels=0(+0/s) notify=1 disc=1(0x08) | echo rx=0 tx=0 pend=0 stale=0
 122.700  P t=120s rxkBps=0 blkkBps=24 pongs=7468(+64/s) cancels=0(+0/s) notify=1 disc=1(0x08) | echo rx=0 tx=0 pend=0 stale=0
 122.760  P t=121s rxkBps=0 blkkBps=24 pongs=7530(+62/s) cancels=0(+0/s) notify=1 disc=1(0x08) | echo rx=0 tx=0 pend=0 stale=0
 124.712  P t=122s rxkBps=0 blkkBps=24 pongs=7593(+63/s) cancels=0(+0/s) notify=1 disc=1(0x08) | echo rx=0 tx=0 pend=0 stale=0
 124.712  P t=123s rxkBps=0 blkkBps=24 pongs=7657(+64/s) cancels=0(+0/s) notify=1 disc=1(0x08) | echo rx=0 tx=0 pend=0 stale=0
 126.704  P t=124s rxkBps=0 blkkBps=24 pongs=7720(+63/s) cancels=0(+0/s) notify=1 disc=1(0x08) | echo rx=0 tx=0 pend=0 stale=0
 126.764  P t=125s rxkBps=0 blkkBps=24 pongs=7782(+62/s) cancels=0(+0/s) notify=1 disc=1(0x08) | echo rx=0 tx=0 pend=0 stale=0
 128.725  P t=126s rxkBps=0 blkkBps=49 pongs=7841(+59/s) cancels=0(+0/s) notify=1 disc=1(0x08) | echo rx=0 tx=0 pend=0 stale=0
 128.726  P t=127s rxkBps=0 blkkBps=49 pongs=7900(+59/s) cancels=0(+0/s) notify=1 disc=1(0x08) | echo rx=0 tx=0 pend=0 stale=0
 130.724  P t=128s rxkBps=0 blkkBps=49 pongs=7958(+58/s) cancels=0(+0/s) notify=1 disc=1(0x08) | echo rx=0 tx=0 pend=0 stale=0
 130.724  P t=129s rxkBps=0 blkkBps=49 pongs=8018(+60/s) cancels=0(+0/s) notify=1 disc=1(0x08) | echo rx=0 tx=0 pend=0 stale=0
 132.732  P t=130s rxkBps=0 blkkBps=49 pongs=8077(+59/s) cancels=0(+0/s) notify=1 disc=1(0x08) | echo rx=0 tx=0 pend=0 stale=0
 132.732  P t=131s rxkBps=0 blkkBps=49 pongs=8135(+58/s) cancels=0(+0/s) notify=1 disc=1(0x08) | echo rx=0 tx=0 pend=0 stale=0
 134.711  P t=132s rxkBps=0 blkkBps=49 pongs=8194(+59/s) cancels=0(+0/s) notify=1 disc=1(0x08) | echo rx=0 tx=0 pend=0 stale=0
 134.712  P t=133s rxkBps=0 blkkBps=49 pongs=8253(+59/s) cancels=0(+0/s) notify=1 disc=1(0x08) | echo rx=0 tx=0 pend=0 stale=0
 136.712  P t=134s rxkBps=0 blkkBps=49 pongs=8312(+59/s) cancels=0(+0/s) notify=1 disc=1(0x08) | echo rx=0 tx=0 pend=0 stale=0
 136.712  P t=135s rxkBps=0 blkkBps=49 pongs=8371(+59/s) cancels=0(+0/s) notify=1 disc=1(0x08) | echo rx=0 tx=0 pend=0 stale=0
 138.758  P t=136s rxkBps=0 blkkBps=49 pongs=8430(+59/s) cancels=0(+0/s) notify=1 disc=1(0x08) | echo rx=0 tx=0 pend=0 stale=0
 138.758  P t=137s rxkBps=0 blkkBps=49 pongs=8489(+59/s) cancels=0(+0/s) notify=1 disc=1(0x08) | echo rx=0 tx=0 pend=0 stale=0
 140.705  P t=138s rxkBps=0 blkkBps=49 pongs=8548(+59/s) cancels=0(+0/s) notify=1 disc=1(0x08) | echo rx=0 tx=0 pend=0 stale=0
 140.765  P t=139s rxkBps=0 blkkBps=49 pongs=8607(+59/s) cancels=0(+0/s) notify=1 disc=1(0x08) | echo rx=0 tx=0 pend=0 stale=0
 142.702  P t=140s rxkBps=0 blkkBps=49 pongs=8667(+60/s) cancels=0(+0/s) notify=1 disc=1(0x08) | echo rx=0 tx=0 pend=0 stale=0
 142.762  P t=141s rxkBps=0 blkkBps=49 pongs=8726(+59/s) cancels=0(+0/s) notify=1 disc=1(0x08) | echo rx=0 tx=0 pend=0 stale=0
 144.736  P t=142s rxkBps=0 blkkBps=49 pongs=8785(+59/s) cancels=0(+0/s) notify=1 disc=1(0x08) | echo rx=0 tx=0 pend=0 stale=0
 144.736  P t=143s rxkBps=0 blkkBps=49 pongs=8845(+60/s) cancels=0(+0/s) notify=1 disc=1(0x08) | echo rx=0 tx=0 pend=0 stale=0
 146.729  P t=144s rxkBps=0 blkkBps=49 pongs=8904(+59/s) cancels=0(+0/s) notify=1 disc=1(0x08) | echo rx=0 tx=0 pend=0 stale=0
 146.729  P t=145s rxkBps=0 blkkBps=49 pongs=8962(+58/s) cancels=0(+0/s) notify=1 disc=1(0x08) | echo rx=0 tx=0 pend=0 stale=0
 148.740  P t=146s rxkBps=0 blkkBps=49 pongs=9022(+60/s) cancels=0(+0/s) notify=1 disc=1(0x08) | echo rx=0 tx=0 pend=0 stale=0
 148.740  P t=147s rxkBps=0 blkkBps=49 pongs=9081(+59/s) cancels=0(+0/s) notify=1 disc=1(0x08) | echo rx=0 tx=0 pend=0 stale=0
 150.757  P t=148s rxkBps=0 blkkBps=49 pongs=9140(+59/s) cancels=0(+0/s) notify=1 disc=1(0x08) | echo rx=0 tx=0 pend=0 stale=0
 150.757  P t=149s rxkBps=0 blkkBps=49 pongs=9200(+60/s) cancels=0(+0/s) notify=1 disc=1(0x08) | echo rx=0 tx=0 pend=0 stale=0
 152.727  P t=150s rxkBps=0 blkkBps=49 pongs=9259(+59/s) cancels=0(+0/s) notify=1 disc=1(0x08) | echo rx=0 tx=0 pend=0 stale=0
 152.728  P t=151s rxkBps=0 blkkBps=49 pongs=9318(+59/s) cancels=0(+0/s) notify=1 disc=1(0x08) | echo rx=0 tx=0 pend=0 stale=0
 154.718  P t=152s rxkBps=0 blkkBps=49 pongs=9377(+59/s) cancels=0(+0/s) notify=1 disc=1(0x08) | echo rx=0 tx=0 pend=0 stale=0
 154.718  P t=153s rxkBps=0 blkkBps=49 pongs=9436(+59/s) cancels=0(+0/s) notify=1 disc=1(0x08) | echo rx=0 tx=0 pend=0 stale=0
 156.711  P t=154s rxkBps=0 blkkBps=49 pongs=9495(+59/s) cancels=0(+0/s) notify=1 disc=1(0x08) | echo rx=0 tx=0 pend=0 stale=0
 156.711  P t=155s rxkBps=0 blkkBps=49 pongs=9555(+60/s) cancels=0(+0/s) notify=1 disc=1(0x08) | echo rx=0 tx=0 pend=0 stale=0
 158.748  P t=156s rxkBps=0 blkkBps=49 pongs=9613(+58/s) cancels=0(+0/s) notify=1 disc=1(0x08) | echo rx=0 tx=0 pend=0 stale=0
 158.749  P t=157s rxkBps=0 blkkBps=49 pongs=9673(+60/s) cancels=0(+0/s) notify=1 disc=1(0x08) | echo rx=0 tx=0 pend=0 stale=0
 160.754  P t=158s rxkBps=0 blkkBps=49 pongs=9732(+59/s) cancels=0(+0/s) notify=1 disc=1(0x08) | echo rx=0 tx=0 pend=0 stale=0
 160.754  P t=159s rxkBps=0 blkkBps=49 pongs=9789(+57/s) cancels=0(+0/s) notify=1 disc=1(0x08) | echo rx=0 tx=0 pend=0 stale=0
 162.757  P t=160s rxkBps=0 blkkBps=49 pongs=9846(+57/s) cancels=0(+0/s) notify=1 disc=1(0x08) | echo rx=0 tx=0 pend=0 stale=0
 162.757  P t=161s rxkBps=0 blkkBps=49 pongs=9903(+57/s) cancels=0(+0/s) notify=1 disc=1(0x08) | echo rx=0 tx=0 pend=0 stale=0
 164.711  P t=162s rxkBps=0 blkkBps=49 pongs=9960(+57/s) cancels=0(+0/s) notify=1 disc=1(0x08) | echo rx=0 tx=0 pend=0 stale=0
 164.771  P t=163s rxkBps=0 blkkBps=49 pongs=10020(+60/s) cancels=0(+0/s) notify=1 disc=1(0x08) | echo rx=0 tx=0 pend=0 stale=0
 166.724  P t=164s rxkBps=0 blkkBps=49 pongs=10078(+58/s) cancels=0(+0/s) notify=1 disc=1(0x08) | echo rx=0 tx=0 pend=0 stale=0
 166.724  P t=165s rxkBps=0 blkkBps=49 pongs=10137(+59/s) cancels=0(+0/s) notify=1 disc=1(0x08) | echo rx=0 tx=0 pend=0 stale=0
 168.713  P t=166s rxkBps=0 blkkBps=49 pongs=10194(+57/s) cancels=0(+0/s) notify=1 disc=1(0x08) | echo rx=0 tx=0 pend=0 stale=0
 168.713  P t=167s rxkBps=0 blkkBps=49 pongs=10253(+59/s) cancels=0(+0/s) notify=1 disc=1(0x08) | echo rx=0 tx=0 pend=0 stale=0
 170.710  P t=168s rxkBps=0 blkkBps=49 pongs=10312(+59/s) cancels=0(+0/s) notify=1 disc=1(0x08) | echo rx=0 tx=0 pend=0 stale=0
 170.770  P t=169s rxkBps=0 blkkBps=49 pongs=10372(+60/s) cancels=0(+0/s) notify=1 disc=1(0x08) | echo rx=0 tx=0 pend=0 stale=0
 172.755  P t=170s rxkBps=0 blkkBps=49 pongs=10431(+59/s) cancels=0(+0/s) notify=1 disc=1(0x08) | echo rx=0 tx=0 pend=0 stale=0
 172.755  P t=171s rxkBps=0 blkkBps=49 pongs=10490(+59/s) cancels=0(+0/s) notify=1 disc=1(0x08) | echo rx=0 tx=0 pend=0 stale=0
 174.753  P t=172s rxkBps=0 blkkBps=49 pongs=10550(+60/s) cancels=0(+0/s) notify=1 disc=1(0x08) | echo rx=0 tx=0 pend=0 stale=0
 174.753  P t=173s rxkBps=0 blkkBps=49 pongs=10609(+59/s) cancels=0(+0/s) notify=1 disc=1(0x08) | echo rx=0 tx=0 pend=0 stale=0
 176.745  P t=174s rxkBps=0 blkkBps=49 pongs=10668(+59/s) cancels=0(+0/s) notify=1 disc=1(0x08) | echo rx=0 tx=0 pend=0 stale=0
 176.746  P t=175s rxkBps=0 blkkBps=49 pongs=10727(+59/s) cancels=0(+0/s) notify=1 disc=1(0x08) | echo rx=0 tx=0 pend=0 stale=0
 178.752  P t=176s rxkBps=0 blkkBps=49 pongs=10786(+59/s) cancels=0(+0/s) notify=1 disc=1(0x08) | echo rx=0 tx=0 pend=0 stale=0
 178.752  P t=177s rxkBps=0 blkkBps=49 pongs=10845(+59/s) cancels=0(+0/s) notify=1 disc=1(0x08) | echo rx=0 tx=0 pend=0 stale=0
 180.758  P t=178s rxkBps=0 blkkBps=49 pongs=10904(+59/s) cancels=0(+0/s) notify=1 disc=1(0x08) | echo rx=0 tx=0 pend=0 stale=0
 180.758  P t=179s rxkBps=0 blkkBps=49 pongs=10963(+59/s) cancels=0(+0/s) notify=1 disc=1(0x08) | echo rx=0 tx=0 pend=0 stale=0
 182.745  P t=180s rxkBps=0 blkkBps=49 pongs=11023(+60/s) cancels=0(+0/s) notify=1 disc=1(0x08) | echo rx=0 tx=0 pend=0 stale=0
 182.745  P t=181s rxkBps=0 blkkBps=49 pongs=11082(+59/s) cancels=0(+0/s) notify=1 disc=1(0x08) | echo rx=0 tx=0 pend=0 stale=0
 184.741  P t=182s rxkBps=0 blkkBps=49 pongs=11141(+59/s) cancels=0(+0/s) notify=1 disc=1(0x08) | echo rx=0 tx=0 pend=0 stale=0
 184.741  P t=183s rxkBps=0 blkkBps=49 pongs=11201(+60/s) cancels=0(+0/s) notify=1 disc=1(0x08) | echo rx=0 tx=0 pend=0 stale=0
 186.760  P t=184s rxkBps=0 blkkBps=49 pongs=11260(+59/s) cancels=0(+0/s) notify=1 disc=1(0x08) | echo rx=0 tx=0 pend=0 stale=0
 186.760  P t=185s rxkBps=0 blkkBps=49 pongs=11319(+59/s) cancels=0(+0/s) notify=1 disc=1(0x08) | echo rx=0 tx=0 pend=0 stale=0
 188.760  P t=186s rxkBps=0 blkkBps=74 pongs=11375(+56/s) cancels=0(+0/s) notify=1 disc=1(0x08) | echo rx=0 tx=0 pend=0 stale=0
 188.760  P t=187s rxkBps=0 blkkBps=74 pongs=11431(+56/s) cancels=0(+0/s) notify=1 disc=1(0x08) | echo rx=0 tx=0 pend=0 stale=0
 190.744  P t=188s rxkBps=0 blkkBps=74 pongs=11487(+56/s) cancels=0(+0/s) notify=1 disc=1(0x08) | echo rx=0 tx=0 pend=0 stale=0
 190.744  P t=189s rxkBps=0 blkkBps=74 pongs=11543(+56/s) cancels=0(+0/s) notify=1 disc=1(0x08) | echo rx=0 tx=0 pend=0 stale=0
 192.735  P t=190s rxkBps=0 blkkBps=74 pongs=11598(+55/s) cancels=0(+0/s) notify=1 disc=1(0x08) | echo rx=0 tx=0 pend=0 stale=0
 192.735  P t=191s rxkBps=0 blkkBps=74 pongs=11653(+55/s) cancels=0(+0/s) notify=1 disc=1(0x08) | echo rx=0 tx=0 pend=0 stale=0
 194.757  P t=192s rxkBps=0 blkkBps=74 pongs=11709(+56/s) cancels=0(+0/s) notify=1 disc=1(0x08) | echo rx=0 tx=0 pend=0 stale=0
 194.758  P t=193s rxkBps=0 blkkBps=74 pongs=11763(+54/s) cancels=0(+0/s) notify=1 disc=1(0x08) | echo rx=0 tx=0 pend=0 stale=0
 196.709  P t=194s rxkBps=0 blkkBps=74 pongs=11818(+55/s) cancels=0(+0/s) notify=1 disc=1(0x08) | echo rx=0 tx=0 pend=0 stale=0
 196.769  P t=195s rxkBps=0 blkkBps=74 pongs=11873(+55/s) cancels=0(+0/s) notify=1 disc=1(0x08) | echo rx=0 tx=0 pend=0 stale=0
 198.732  P t=196s rxkBps=0 blkkBps=74 pongs=11927(+54/s) cancels=0(+0/s) notify=1 disc=1(0x08) | echo rx=0 tx=0 pend=0 stale=0
 198.732  P t=197s rxkBps=0 blkkBps=74 pongs=11983(+56/s) cancels=0(+0/s) notify=1 disc=1(0x08) | echo rx=0 tx=0 pend=0 stale=0
 200.723  P t=198s rxkBps=0 blkkBps=74 pongs=12039(+56/s) cancels=0(+0/s) notify=1 disc=1(0x08) | echo rx=0 tx=0 pend=0 stale=0
 200.723  P t=199s rxkBps=0 blkkBps=74 pongs=12094(+55/s) cancels=0(+0/s) notify=1 disc=1(0x08) | echo rx=0 tx=0 pend=0 stale=0
 202.742  P t=200s rxkBps=0 blkkBps=74 pongs=12150(+56/s) cancels=0(+0/s) notify=1 disc=1(0x08) | echo rx=0 tx=0 pend=0 stale=0
 202.742  P t=201s rxkBps=0 blkkBps=74 pongs=12205(+55/s) cancels=0(+0/s) notify=1 disc=1(0x08) | echo rx=0 tx=0 pend=0 stale=0
 204.716  P t=202s rxkBps=0 blkkBps=74 pongs=12260(+55/s) cancels=0(+0/s) notify=1 disc=1(0x08) | echo rx=0 tx=0 pend=0 stale=0
 204.776  P t=203s rxkBps=0 blkkBps=74 pongs=12316(+56/s) cancels=0(+0/s) notify=1 disc=1(0x08) | echo rx=0 tx=0 pend=0 stale=0
 206.744  P t=204s rxkBps=0 blkkBps=74 pongs=12372(+56/s) cancels=0(+0/s) notify=1 disc=1(0x08) | echo rx=0 tx=0 pend=0 stale=0
 206.744  P t=205s rxkBps=0 blkkBps=74 pongs=12427(+55/s) cancels=0(+0/s) notify=1 disc=1(0x08) | echo rx=0 tx=0 pend=0 stale=0
 208.759  P t=206s rxkBps=0 blkkBps=74 pongs=12483(+56/s) cancels=0(+0/s) notify=1 disc=1(0x08) | echo rx=0 tx=0 pend=0 stale=0
 208.759  P t=207s rxkBps=0 blkkBps=74 pongs=12538(+55/s) cancels=0(+0/s) notify=1 disc=1(0x08) | echo rx=0 tx=0 pend=0 stale=0
 210.730  P t=208s rxkBps=0 blkkBps=74 pongs=12593(+55/s) cancels=0(+0/s) notify=1 disc=1(0x08) | echo rx=0 tx=0 pend=0 stale=0
 210.730  P t=209s rxkBps=0 blkkBps=74 pongs=12648(+55/s) cancels=0(+0/s) notify=1 disc=1(0x08) | echo rx=0 tx=0 pend=0 stale=0
 212.734  P t=210s rxkBps=0 blkkBps=74 pongs=12704(+56/s) cancels=0(+0/s) notify=1 disc=1(0x08) | echo rx=0 tx=0 pend=0 stale=0
 212.734  P t=211s rxkBps=0 blkkBps=74 pongs=12759(+55/s) cancels=0(+0/s) notify=1 disc=1(0x08) | echo rx=0 tx=0 pend=0 stale=0
 214.715  P t=212s rxkBps=0 blkkBps=74 pongs=12816(+57/s) cancels=0(+0/s) notify=1 disc=1(0x08) | echo rx=0 tx=0 pend=0 stale=0
 214.773  P t=213s rxkBps=0 blkkBps=74 pongs=12871(+55/s) cancels=0(+0/s) notify=1 disc=1(0x08) | echo rx=0 tx=0 pend=0 stale=0
 216.733  P t=214s rxkBps=0 blkkBps=74 pongs=12927(+56/s) cancels=0(+0/s) notify=1 disc=1(0x08) | echo rx=0 tx=0 pend=0 stale=0
 216.733  P t=215s rxkBps=0 blkkBps=74 pongs=12983(+56/s) cancels=0(+0/s) notify=1 disc=1(0x08) | echo rx=0 tx=0 pend=0 stale=0
 218.757  P t=216s rxkBps=0 blkkBps=74 pongs=13039(+56/s) cancels=0(+0/s) notify=1 disc=1(0x08) | echo rx=0 tx=0 pend=0 stale=0
 218.757  P t=217s rxkBps=0 blkkBps=74 pongs=13095(+56/s) cancels=0(+0/s) notify=1 disc=1(0x08) | echo rx=0 tx=0 pend=0 stale=0
 220.761  P t=218s rxkBps=0 blkkBps=74 pongs=13150(+55/s) cancels=0(+0/s) notify=1 disc=1(0x08) | echo rx=0 tx=0 pend=0 stale=0
 220.761  P t=219s rxkBps=0 blkkBps=74 pongs=13205(+55/s) cancels=0(+0/s) notify=1 disc=1(0x08) | echo rx=0 tx=0 pend=0 stale=0
 222.726  P t=220s rxkBps=0 blkkBps=74 pongs=13261(+56/s) cancels=0(+0/s) notify=1 disc=1(0x08) | echo rx=0 tx=0 pend=0 stale=0
 222.726  P t=221s rxkBps=0 blkkBps=74 pongs=13316(+55/s) cancels=0(+0/s) notify=1 disc=1(0x08) | echo rx=0 tx=0 pend=0 stale=0
 224.727  P t=222s rxkBps=0 blkkBps=74 pongs=13372(+56/s) cancels=0(+0/s) notify=1 disc=1(0x08) | echo rx=0 tx=0 pend=0 stale=0
 224.727  P t=223s rxkBps=0 blkkBps=74 pongs=13428(+56/s) cancels=0(+0/s) notify=1 disc=1(0x08) | echo rx=0 tx=0 pend=0 stale=0
 226.739  P t=224s rxkBps=0 blkkBps=74 pongs=13483(+55/s) cancels=0(+0/s) notify=1 disc=1(0x08) | echo rx=0 tx=0 pend=0 stale=0
 226.739  P t=225s rxkBps=0 blkkBps=74 pongs=13538(+55/s) cancels=0(+0/s) notify=1 disc=1(0x08) | echo rx=0 tx=0 pend=0 stale=0
 228.746  P t=226s rxkBps=0 blkkBps=74 pongs=13594(+56/s) cancels=0(+0/s) notify=1 disc=1(0x08) | echo rx=0 tx=0 pend=0 stale=0
 228.747  P t=227s rxkBps=0 blkkBps=74 pongs=13649(+55/s) cancels=0(+0/s) notify=1 disc=1(0x08) | echo rx=0 tx=0 pend=0 stale=0
 230.770  P t=228s rxkBps=0 blkkBps=74 pongs=13704(+55/s) cancels=0(+0/s) notify=1 disc=1(0x08) | echo rx=0 tx=0 pend=0 stale=0
 230.771  P t=229s rxkBps=0 blkkBps=74 pongs=13760(+56/s) cancels=0(+0/s) notify=1 disc=1(0x08) | echo rx=0 tx=0 pend=0 stale=0
 232.712  P t=230s rxkBps=0 blkkBps=74 pongs=13816(+56/s) cancels=0(+0/s) notify=1 disc=1(0x08) | echo rx=0 tx=0 pend=0 stale=0
 232.772  P t=231s rxkBps=0 blkkBps=74 pongs=13872(+56/s) cancels=0(+0/s) notify=1 disc=1(0x08) | echo rx=0 tx=0 pend=0 stale=0
 234.759  P t=232s rxkBps=0 blkkBps=74 pongs=13927(+55/s) cancels=0(+0/s) notify=1 disc=1(0x08) | echo rx=0 tx=0 pend=0 stale=0
 234.759  P t=233s rxkBps=0 blkkBps=74 pongs=13982(+55/s) cancels=0(+0/s) notify=1 disc=1(0x08) | echo rx=0 tx=0 pend=0 stale=0
 236.718  P t=234s rxkBps=0 blkkBps=74 pongs=14038(+56/s) cancels=0(+0/s) notify=1 disc=1(0x08) | echo rx=0 tx=0 pend=0 stale=0
 236.778  P t=235s rxkBps=0 blkkBps=74 pongs=14093(+55/s) cancels=0(+0/s) notify=1 disc=1(0x08) | echo rx=0 tx=0 pend=0 stale=0
 238.757  P t=236s rxkBps=0 blkkBps=74 pongs=14149(+56/s) cancels=0(+0/s) notify=1 disc=1(0x08) | echo rx=0 tx=0 pend=0 stale=0
 238.757  P t=237s rxkBps=0 blkkBps=74 pongs=14205(+56/s) cancels=0(+0/s) notify=1 disc=1(0x08) | echo rx=0 tx=0 pend=0 stale=0
 240.746  P t=238s rxkBps=0 blkkBps=74 pongs=14261(+56/s) cancels=0(+0/s) notify=1 disc=1(0x08) | echo rx=0 tx=0 pend=0 stale=0
 240.746  P t=239s rxkBps=0 blkkBps=74 pongs=14316(+55/s) cancels=0(+0/s) notify=1 disc=1(0x08) | echo rx=0 tx=0 pend=0 stale=0
 242.731  P t=240s rxkBps=0 blkkBps=74 pongs=14372(+56/s) cancels=0(+0/s) notify=1 disc=1(0x08) | echo rx=0 tx=0 pend=0 stale=0
 242.731  P t=241s rxkBps=0 blkkBps=74 pongs=14427(+55/s) cancels=0(+0/s) notify=1 disc=1(0x08) | echo rx=0 tx=0 pend=0 stale=0
 244.719  P t=242s rxkBps=0 blkkBps=74 pongs=14483(+56/s) cancels=0(+0/s) notify=1 disc=1(0x08) | echo rx=0 tx=0 pend=0 stale=0
 244.779  P t=243s rxkBps=0 blkkBps=74 pongs=14539(+56/s) cancels=0(+0/s) notify=1 disc=1(0x08) | echo rx=0 tx=0 pend=0 stale=0
 246.723  P t=244s rxkBps=0 blkkBps=74 pongs=14595(+56/s) cancels=0(+0/s) notify=1 disc=1(0x08) | echo rx=0 tx=0 pend=0 stale=0
 246.783  P t=245s rxkBps=0 blkkBps=74 pongs=14651(+56/s) cancels=0(+0/s) notify=1 disc=1(0x08) | echo rx=0 tx=0 pend=0 stale=0
 248.739  P t=246s rxkBps=0 blkkBps=99 pongs=14703(+52/s) cancels=0(+0/s) notify=1 disc=1(0x08) | echo rx=0 tx=0 pend=0 stale=0
 248.739  P t=247s rxkBps=0 blkkBps=99 pongs=14755(+52/s) cancels=0(+0/s) notify=1 disc=1(0x08) | echo rx=0 tx=0 pend=0 stale=0
 250.748  P t=248s rxkBps=0 blkkBps=99 pongs=14806(+51/s) cancels=0(+0/s) notify=1 disc=1(0x08) | echo rx=0 tx=0 pend=0 stale=0
 250.748  P t=249s rxkBps=0 blkkBps=99 pongs=14858(+52/s) cancels=0(+0/s) notify=1 disc=1(0x08) | echo rx=0 tx=0 pend=0 stale=0
 252.768  P t=250s rxkBps=0 blkkBps=99 pongs=14909(+51/s) cancels=0(+0/s) notify=1 disc=1(0x08) | echo rx=0 tx=0 pend=0 stale=0
 252.768  P t=251s rxkBps=0 blkkBps=99 pongs=14961(+52/s) cancels=0(+0/s) notify=1 disc=1(0x08) | echo rx=0 tx=0 pend=0 stale=0
 254.730  P t=252s rxkBps=0 blkkBps=99 pongs=15012(+51/s) cancels=0(+0/s) notify=1 disc=1(0x08) | echo rx=0 tx=0 pend=0 stale=0
 254.730  P t=253s rxkBps=0 blkkBps=99 pongs=15064(+52/s) cancels=0(+0/s) notify=1 disc=1(0x08) | echo rx=0 tx=0 pend=0 stale=0
 256.765  P t=254s rxkBps=0 blkkBps=99 pongs=15116(+52/s) cancels=0(+0/s) notify=1 disc=1(0x08) | echo rx=0 tx=0 pend=0 stale=0
 256.765  P t=255s rxkBps=0 blkkBps=99 pongs=15167(+51/s) cancels=0(+0/s) notify=1 disc=1(0x08) | echo rx=0 tx=0 pend=0 stale=0
 258.730  P t=256s rxkBps=0 blkkBps=99 pongs=15218(+51/s) cancels=0(+0/s) notify=1 disc=1(0x08) | echo rx=0 tx=0 pend=0 stale=0
 258.730  P t=257s rxkBps=0 blkkBps=99 pongs=15270(+52/s) cancels=0(+0/s) notify=1 disc=1(0x08) | echo rx=0 tx=0 pend=0 stale=0
 260.745  P t=258s rxkBps=0 blkkBps=99 pongs=15321(+51/s) cancels=0(+0/s) notify=1 disc=1(0x08) | echo rx=0 tx=0 pend=0 stale=0
 260.745  P t=259s rxkBps=0 blkkBps=99 pongs=15373(+52/s) cancels=0(+0/s) notify=1 disc=1(0x08) | echo rx=0 tx=0 pend=0 stale=0
 262.752  P t=260s rxkBps=0 blkkBps=99 pongs=15424(+51/s) cancels=0(+0/s) notify=1 disc=1(0x08) | echo rx=0 tx=0 pend=0 stale=0
 262.752  P t=261s rxkBps=0 blkkBps=99 pongs=15476(+52/s) cancels=0(+0/s) notify=1 disc=1(0x08) | echo rx=0 tx=0 pend=0 stale=0
 264.728  P t=262s rxkBps=0 blkkBps=99 pongs=15528(+52/s) cancels=0(+0/s) notify=1 disc=1(0x08) | echo rx=0 tx=0 pend=0 stale=0
 264.728  P t=263s rxkBps=0 blkkBps=99 pongs=15579(+51/s) cancels=0(+0/s) notify=1 disc=1(0x08) | echo rx=0 tx=0 pend=0 stale=0
 266.744  P t=264s rxkBps=0 blkkBps=99 pongs=15631(+52/s) cancels=0(+0/s) notify=1 disc=1(0x08) | echo rx=0 tx=0 pend=0 stale=0
 266.744  P t=265s rxkBps=0 blkkBps=99 pongs=15682(+51/s) cancels=0(+0/s) notify=1 disc=1(0x08) | echo rx=0 tx=0 pend=0 stale=0
 268.763  P t=266s rxkBps=0 blkkBps=99 pongs=15734(+52/s) cancels=0(+0/s) notify=1 disc=1(0x08) | echo rx=0 tx=0 pend=0 stale=0
 268.763  P t=267s rxkBps=0 blkkBps=99 pongs=15785(+51/s) cancels=0(+0/s) notify=1 disc=1(0x08) | echo rx=0 tx=0 pend=0 stale=0
 270.774  P t=268s rxkBps=0 blkkBps=99 pongs=15837(+52/s) cancels=0(+0/s) notify=1 disc=1(0x08) | echo rx=0 tx=0 pend=0 stale=0
 270.774  P t=269s rxkBps=0 blkkBps=99 pongs=15888(+51/s) cancels=0(+0/s) notify=1 disc=1(0x08) | echo rx=0 tx=0 pend=0 stale=0
 272.767  P t=270s rxkBps=0 blkkBps=99 pongs=15939(+51/s) cancels=0(+0/s) notify=1 disc=1(0x08) | echo rx=0 tx=0 pend=0 stale=0
 272.768  P t=271s rxkBps=0 blkkBps=99 pongs=15991(+52/s) cancels=0(+0/s) notify=1 disc=1(0x08) | echo rx=0 tx=0 pend=0 stale=0
 274.728  P t=272s rxkBps=0 blkkBps=99 pongs=16042(+51/s) cancels=0(+0/s) notify=1 disc=1(0x08) | echo rx=0 tx=0 pend=0 stale=0
 274.728  P t=273s rxkBps=0 blkkBps=99 pongs=16094(+52/s) cancels=0(+0/s) notify=1 disc=1(0x08) | echo rx=0 tx=0 pend=0 stale=0
 276.757  P t=274s rxkBps=0 blkkBps=99 pongs=16146(+52/s) cancels=0(+0/s) notify=1 disc=1(0x08) | echo rx=0 tx=0 pend=0 stale=0
 276.757  P t=275s rxkBps=0 blkkBps=99 pongs=16198(+52/s) cancels=0(+0/s) notify=1 disc=1(0x08) | echo rx=0 tx=0 pend=0 stale=0
 278.729  P t=276s rxkBps=0 blkkBps=99 pongs=16249(+51/s) cancels=0(+0/s) notify=1 disc=1(0x08) | echo rx=0 tx=0 pend=0 stale=0
 278.729  P t=277s rxkBps=0 blkkBps=99 pongs=16300(+51/s) cancels=0(+0/s) notify=1 disc=1(0x08) | echo rx=0 tx=0 pend=0 stale=0
 280.775  P t=278s rxkBps=0 blkkBps=99 pongs=16351(+51/s) cancels=0(+0/s) notify=1 disc=1(0x08) | echo rx=0 tx=0 pend=0 stale=0
 280.775  P t=279s rxkBps=0 blkkBps=99 pongs=16402(+51/s) cancels=0(+0/s) notify=1 disc=1(0x08) | echo rx=0 tx=0 pend=0 stale=0
 282.736  P t=280s rxkBps=0 blkkBps=99 pongs=16454(+52/s) cancels=0(+0/s) notify=1 disc=1(0x08) | echo rx=0 tx=0 pend=0 stale=0
 282.736  P t=281s rxkBps=0 blkkBps=99 pongs=16505(+51/s) cancels=0(+0/s) notify=1 disc=1(0x08) | echo rx=0 tx=0 pend=0 stale=0
 284.750  P t=282s rxkBps=0 blkkBps=99 pongs=16557(+52/s) cancels=0(+0/s) notify=1 disc=1(0x08) | echo rx=0 tx=0 pend=0 stale=0
 284.750  P t=283s rxkBps=0 blkkBps=99 pongs=16609(+52/s) cancels=0(+0/s) notify=1 disc=1(0x08) | echo rx=0 tx=0 pend=0 stale=0
 286.750  P t=284s rxkBps=0 blkkBps=99 pongs=16660(+51/s) cancels=0(+0/s) notify=1 disc=1(0x08) | echo rx=0 tx=0 pend=0 stale=0
 286.751  P t=285s rxkBps=0 blkkBps=99 pongs=16712(+52/s) cancels=0(+0/s) notify=1 disc=1(0x08) | echo rx=0 tx=0 pend=0 stale=0
 288.762  P t=286s rxkBps=0 blkkBps=99 pongs=16764(+52/s) cancels=0(+0/s) notify=1 disc=1(0x08) | echo rx=0 tx=0 pend=0 stale=0
 288.763  P t=287s rxkBps=0 blkkBps=99 pongs=16816(+52/s) cancels=0(+0/s) notify=1 disc=1(0x08) | echo rx=0 tx=0 pend=0 stale=0
 290.753  P t=288s rxkBps=0 blkkBps=99 pongs=16868(+52/s) cancels=0(+0/s) notify=1 disc=1(0x08) | echo rx=0 tx=0 pend=0 stale=0
 290.754  P t=289s rxkBps=0 blkkBps=99 pongs=16920(+52/s) cancels=0(+0/s) notify=1 disc=1(0x08) | echo rx=0 tx=0 pend=0 stale=0
 292.762  P t=290s rxkBps=0 blkkBps=99 pongs=16971(+51/s) cancels=0(+0/s) notify=1 disc=1(0x08) | echo rx=0 tx=0 pend=0 stale=0
 292.762  P t=291s rxkBps=0 blkkBps=99 pongs=17023(+52/s) cancels=0(+0/s) notify=1 disc=1(0x08) | echo rx=0 tx=0 pend=0 stale=0
 294.779  P t=292s rxkBps=0 blkkBps=99 pongs=17075(+52/s) cancels=0(+0/s) notify=1 disc=1(0x08) | echo rx=0 tx=0 pend=0 stale=0
 294.779  P t=293s rxkBps=0 blkkBps=99 pongs=17126(+51/s) cancels=0(+0/s) notify=1 disc=1(0x08) | echo rx=0 tx=0 pend=0 stale=0
 296.736  P t=294s rxkBps=0 blkkBps=99 pongs=17178(+52/s) cancels=0(+0/s) notify=1 disc=1(0x08) | echo rx=0 tx=0 pend=0 stale=0
 296.737  P t=295s rxkBps=0 blkkBps=99 pongs=17229(+51/s) cancels=0(+0/s) notify=1 disc=1(0x08) | echo rx=0 tx=0 pend=0 stale=0
 298.757  P t=296s rxkBps=0 blkkBps=99 pongs=17280(+51/s) cancels=0(+0/s) notify=1 disc=1(0x08) | echo rx=0 tx=0 pend=0 stale=0
 298.757  P t=297s rxkBps=0 blkkBps=99 pongs=17332(+52/s) cancels=0(+0/s) notify=1 disc=1(0x08) | echo rx=0 tx=0 pend=0 stale=0
 300.721  P t=298s rxkBps=0 blkkBps=99 pongs=17383(+51/s) cancels=0(+0/s) notify=1 disc=1(0x08) | echo rx=0 tx=0 pend=0 stale=0
 300.775  P t=299s rxkBps=0 blkkBps=99 pongs=17434(+51/s) cancels=0(+0/s) notify=1 disc=1(0x08) | echo rx=0 tx=0 pend=0 stale=0
 302.750  P t=300s rxkBps=0 blkkBps=99 pongs=17486(+52/s) cancels=0(+0/s) notify=1 disc=1(0x08) | echo rx=0 tx=0 pend=0 stale=0
 302.750  P t=301s rxkBps=0 blkkBps=99 pongs=17537(+51/s) cancels=0(+0/s) notify=1 disc=1(0x08) | echo rx=0 tx=0 pend=0 stale=0
 304.770  P t=302s rxkBps=0 blkkBps=99 pongs=17588(+51/s) cancels=0(+0/s) notify=1 disc=1(0x08) | echo rx=0 tx=0 pend=0 stale=0
 304.770  P t=303s rxkBps=0 blkkBps=99 pongs=17640(+52/s) cancels=0(+0/s) notify=1 disc=1(0x08) | echo rx=0 tx=0 pend=0 stale=0
 306.733  P t=304s rxkBps=0 blkkBps=99 pongs=17692(+52/s) cancels=0(+0/s) notify=1 disc=1(0x08) | echo rx=0 tx=0 pend=0 stale=0
 306.733  P t=305s rxkBps=0 blkkBps=99 pongs=17743(+51/s) cancels=0(+0/s) notify=1 disc=1(0x08) | echo rx=0 tx=0 pend=0 stale=0
 308.750  P t=306s rxkBps=0 blkkBps=124 pongs=17792(+49/s) cancels=0(+0/s) notify=1 disc=1(0x08) | echo rx=0 tx=0 pend=0 stale=0
 308.750  P t=307s rxkBps=0 blkkBps=124 pongs=17839(+47/s) cancels=0(+0/s) notify=1 disc=1(0x08) | echo rx=0 tx=0 pend=0 stale=0
 310.764  P t=308s rxkBps=0 blkkBps=124 pongs=17888(+49/s) cancels=0(+0/s) notify=1 disc=1(0x08) | echo rx=0 tx=0 pend=0 stale=0
 310.764  P t=309s rxkBps=0 blkkBps=124 pongs=17935(+47/s) cancels=0(+0/s) notify=1 disc=1(0x08) | echo rx=0 tx=0 pend=0 stale=0
 312.766  P t=310s rxkBps=0 blkkBps=124 pongs=17982(+47/s) cancels=0(+0/s) notify=1 disc=1(0x08) | echo rx=0 tx=0 pend=0 stale=0
 312.766  P t=311s rxkBps=0 blkkBps=124 pongs=18031(+49/s) cancels=0(+0/s) notify=1 disc=1(0x08) | echo rx=0 tx=0 pend=0 stale=0
 314.749  P t=312s rxkBps=0 blkkBps=124 pongs=18078(+47/s) cancels=0(+0/s) notify=1 disc=1(0x08) | echo rx=0 tx=0 pend=0 stale=0
 314.749  P t=313s rxkBps=0 blkkBps=124 pongs=18127(+49/s) cancels=0(+0/s) notify=1 disc=1(0x08) | echo rx=0 tx=0 pend=0 stale=0
 316.759  P t=314s rxkBps=0 blkkBps=124 pongs=18174(+47/s) cancels=0(+0/s) notify=1 disc=1(0x08) | echo rx=0 tx=0 pend=0 stale=0
 316.759  P t=315s rxkBps=0 blkkBps=124 pongs=18222(+48/s) cancels=0(+0/s) notify=1 disc=1(0x08) | echo rx=0 tx=0 pend=0 stale=0
 318.738  P t=316s rxkBps=0 blkkBps=124 pongs=18270(+48/s) cancels=0(+0/s) notify=1 disc=1(0x08) | echo rx=0 tx=0 pend=0 stale=0
 318.738  P t=317s rxkBps=0 blkkBps=124 pongs=18318(+48/s) cancels=0(+0/s) notify=1 disc=1(0x08) | echo rx=0 tx=0 pend=0 stale=0
 320.724  P t=318s rxkBps=0 blkkBps=124 pongs=18366(+48/s) cancels=0(+0/s) notify=1 disc=1(0x08) | echo rx=0 tx=0 pend=0 stale=0
 320.784  P t=319s rxkBps=0 blkkBps=124 pongs=18413(+47/s) cancels=0(+0/s) notify=1 disc=1(0x08) | echo rx=0 tx=0 pend=0 stale=0
 322.758  P t=320s rxkBps=0 blkkBps=124 pongs=18462(+49/s) cancels=0(+0/s) notify=1 disc=1(0x08) | echo rx=0 tx=0 pend=0 stale=0
 322.758  P t=321s rxkBps=0 blkkBps=124 pongs=18510(+48/s) cancels=0(+0/s) notify=1 disc=1(0x08) | echo rx=0 tx=0 pend=0 stale=0
 324.758  P t=322s rxkBps=0 blkkBps=124 pongs=18557(+47/s) cancels=0(+0/s) notify=1 disc=1(0x08) | echo rx=0 tx=0 pend=0 stale=0
 324.758  P t=323s rxkBps=0 blkkBps=124 pongs=18606(+49/s) cancels=0(+0/s) notify=1 disc=1(0x08) | echo rx=0 tx=0 pend=0 stale=0
 326.731  P t=324s rxkBps=0 blkkBps=124 pongs=18653(+47/s) cancels=0(+0/s) notify=1 disc=1(0x08) | echo rx=0 tx=0 pend=0 stale=0
 326.792  P t=325s rxkBps=0 blkkBps=124 pongs=18701(+48/s) cancels=0(+0/s) notify=1 disc=1(0x08) | echo rx=0 tx=0 pend=0 stale=0
 328.780  P t=326s rxkBps=0 blkkBps=124 pongs=18750(+49/s) cancels=0(+0/s) notify=1 disc=1(0x08) | echo rx=0 tx=0 pend=0 stale=0
 328.780  P t=327s rxkBps=0 blkkBps=124 pongs=18797(+47/s) cancels=0(+0/s) notify=1 disc=1(0x08) | echo rx=0 tx=0 pend=0 stale=0
 330.724  P t=328s rxkBps=0 blkkBps=124 pongs=18845(+48/s) cancels=0(+0/s) notify=1 disc=1(0x08) | echo rx=0 tx=0 pend=0 stale=0
 330.784  P t=329s rxkBps=0 blkkBps=124 pongs=18893(+48/s) cancels=0(+0/s) notify=1 disc=1(0x08) | echo rx=0 tx=0 pend=0 stale=0
 332.740  P t=330s rxkBps=0 blkkBps=124 pongs=18941(+48/s) cancels=0(+0/s) notify=1 disc=1(0x08) | echo rx=0 tx=0 pend=0 stale=0
 332.740  P t=331s rxkBps=0 blkkBps=124 pongs=18989(+48/s) cancels=0(+0/s) notify=1 disc=1(0x08) | echo rx=0 tx=0 pend=0 stale=0
 334.776  P t=332s rxkBps=0 blkkBps=124 pongs=19038(+49/s) cancels=0(+0/s) notify=1 disc=1(0x08) | echo rx=0 tx=0 pend=0 stale=0
 334.776  P t=333s rxkBps=0 blkkBps=124 pongs=19085(+47/s) cancels=0(+0/s) notify=1 disc=1(0x08) | echo rx=0 tx=0 pend=0 stale=0
 336.728  P t=334s rxkBps=0 blkkBps=124 pongs=19133(+48/s) cancels=0(+0/s) notify=1 disc=1(0x08) | echo rx=0 tx=0 pend=0 stale=0
 336.788  P t=335s rxkBps=0 blkkBps=124 pongs=19181(+48/s) cancels=0(+0/s) notify=1 disc=1(0x08) | echo rx=0 tx=0 pend=0 stale=0
 338.740  P t=336s rxkBps=0 blkkBps=124 pongs=19229(+48/s) cancels=0(+0/s) notify=1 disc=1(0x08) | echo rx=0 tx=0 pend=0 stale=0
 338.741  P t=337s rxkBps=0 blkkBps=124 pongs=19278(+49/s) cancels=0(+0/s) notify=1 disc=1(0x08) | echo rx=0 tx=0 pend=0 stale=0
 340.748  P t=338s rxkBps=0 blkkBps=124 pongs=19326(+48/s) cancels=0(+0/s) notify=1 disc=1(0x08) | echo rx=0 tx=0 pend=0 stale=0
 340.748  P t=339s rxkBps=0 blkkBps=124 pongs=19374(+48/s) cancels=0(+0/s) notify=1 disc=1(0x08) | echo rx=0 tx=0 pend=0 stale=0
 342.775  P t=340s rxkBps=0 blkkBps=124 pongs=19422(+48/s) cancels=0(+0/s) notify=1 disc=1(0x08) | echo rx=0 tx=0 pend=0 stale=0
 342.776  P t=341s rxkBps=0 blkkBps=124 pongs=19470(+48/s) cancels=0(+0/s) notify=1 disc=1(0x08) | echo rx=0 tx=0 pend=0 stale=0
 344.761  P t=342s rxkBps=0 blkkBps=124 pongs=19517(+47/s) cancels=0(+0/s) notify=1 disc=1(0x08) | echo rx=0 tx=0 pend=0 stale=0
 344.761  P t=343s rxkBps=0 blkkBps=124 pongs=19566(+49/s) cancels=0(+0/s) notify=1 disc=1(0x08) | echo rx=0 tx=0 pend=0 stale=0
 346.741  P t=344s rxkBps=0 blkkBps=124 pongs=19614(+48/s) cancels=0(+0/s) notify=1 disc=1(0x08) | echo rx=0 tx=0 pend=0 stale=0
 346.741  P t=345s rxkBps=0 blkkBps=124 pongs=19662(+48/s) cancels=0(+0/s) notify=1 disc=1(0x08) | echo rx=0 tx=0 pend=0 stale=0
 348.786  P t=346s rxkBps=0 blkkBps=124 pongs=19709(+47/s) cancels=0(+0/s) notify=1 disc=1(0x08) | echo rx=0 tx=0 pend=0 stale=0
 348.786  P t=347s rxkBps=0 blkkBps=124 pongs=19757(+48/s) cancels=0(+0/s) notify=1 disc=1(0x08) | echo rx=0 tx=0 pend=0 stale=0
 350.731  P t=348s rxkBps=0 blkkBps=124 pongs=19804(+47/s) cancels=0(+0/s) notify=1 disc=1(0x08) | echo rx=0 tx=0 pend=0 stale=0
 350.791  P t=349s rxkBps=0 blkkBps=124 pongs=19852(+48/s) cancels=0(+0/s) notify=1 disc=1(0x08) | echo rx=0 tx=0 pend=0 stale=0
 352.735  P t=350s rxkBps=0 blkkBps=124 pongs=19900(+48/s) cancels=0(+0/s) notify=1 disc=1(0x08) | echo rx=0 tx=0 pend=0 stale=0
 352.795  P t=351s rxkBps=0 blkkBps=124 pongs=19949(+49/s) cancels=0(+0/s) notify=1 disc=1(0x08) | echo rx=0 tx=0 pend=0 stale=0
 354.735  P t=352s rxkBps=0 blkkBps=124 pongs=19997(+48/s) cancels=0(+0/s) notify=1 disc=1(0x08) | echo rx=0 tx=0 pend=0 stale=0
 354.793  P t=353s rxkBps=0 blkkBps=124 pongs=20044(+47/s) cancels=0(+0/s) notify=1 disc=1(0x08) | echo rx=0 tx=0 pend=0 stale=0
 356.729  P t=354s rxkBps=0 blkkBps=124 pongs=20091(+47/s) cancels=0(+0/s) notify=1 disc=1(0x08) | echo rx=0 tx=0 pend=0 stale=0
 356.782  P t=355s rxkBps=0 blkkBps=124 pongs=20140(+49/s) cancels=0(+0/s) notify=1 disc=1(0x08) | echo rx=0 tx=0 pend=0 stale=0
 358.773  P t=356s rxkBps=0 blkkBps=124 pongs=20187(+47/s) cancels=0(+0/s) notify=1 disc=1(0x08) | echo rx=0 tx=0 pend=0 stale=0
 358.773  P t=357s rxkBps=0 blkkBps=124 pongs=20235(+48/s) cancels=0(+0/s) notify=1 disc=1(0x08) | echo rx=0 tx=0 pend=0 stale=0
 360.783  P t=358s rxkBps=0 blkkBps=124 pongs=20283(+48/s) cancels=0(+0/s) notify=1 disc=1(0x08) | echo rx=0 tx=0 pend=0 stale=0
 360.783  P t=359s rxkBps=0 blkkBps=124 pongs=20330(+47/s) cancels=0(+0/s) notify=1 disc=1(0x08) | echo rx=0 tx=0 pend=0 stale=0
 362.786  P t=360s rxkBps=0 blkkBps=124 pongs=20379(+49/s) cancels=0(+0/s) notify=1 disc=1(0x08) | echo rx=0 tx=0 pend=0 stale=0
 362.786  P t=361s rxkBps=0 blkkBps=124 pongs=20427(+48/s) cancels=0(+0/s) notify=1 disc=1(0x08) | echo rx=0 tx=0 pend=0 stale=0
 364.767  P t=362s rxkBps=0 blkkBps=124 pongs=20475(+48/s) cancels=0(+0/s) notify=1 disc=1(0x08) | echo rx=0 tx=0 pend=0 stale=0
 364.767  P t=363s rxkBps=0 blkkBps=124 pongs=20522(+47/s) cancels=0(+0/s) notify=1 disc=1(0x08) | echo rx=0 tx=0 pend=0 stale=0
 366.759  P t=364s rxkBps=0 blkkBps=124 pongs=20570(+48/s) cancels=0(+0/s) notify=1 disc=1(0x08) | echo rx=0 tx=0 pend=0 stale=0
 366.759  P t=365s rxkBps=0 blkkBps=124 pongs=20619(+49/s) cancels=0(+0/s) notify=1 disc=1(0x08) | echo rx=0 tx=0 pend=0 stale=0
 368.749  P t=366s rxkBps=0 blkkBps=137 pongs=20664(+45/s) cancels=0(+0/s) notify=1 disc=1(0x08) | echo rx=0 tx=0 pend=0 stale=0
 368.749  P t=367s rxkBps=0 blkkBps=147 pongs=20708(+44/s) cancels=0(+0/s) notify=1 disc=1(0x08) | echo rx=0 tx=0 pend=0 stale=0
 370.754  P t=368s rxkBps=0 blkkBps=147 pongs=20753(+45/s) cancels=0(+0/s) notify=1 disc=1(0x08) | echo rx=0 tx=0 pend=0 stale=0
 370.754  P t=369s rxkBps=0 blkkBps=147 pongs=20797(+44/s) cancels=0(+0/s) notify=1 disc=1(0x08) | echo rx=0 tx=0 pend=0 stale=0
 372.773  P t=370s rxkBps=0 blkkBps=147 pongs=20842(+45/s) cancels=0(+0/s) notify=1 disc=1(0x08) | echo rx=0 tx=0 pend=0 stale=0
 372.773  P t=371s rxkBps=0 blkkBps=145 pongs=20886(+44/s) cancels=0(+0/s) notify=1 disc=1(0x08) | echo rx=0 tx=0 pend=0 stale=0
 374.765  P t=372s rxkBps=0 blkkBps=146 pongs=20930(+44/s) cancels=0(+0/s) notify=1 disc=1(0x08) | echo rx=0 tx=0 pend=0 stale=0
 374.765  P t=373s rxkBps=0 blkkBps=147 pongs=20974(+44/s) cancels=0(+0/s) notify=1 disc=1(0x08) | echo rx=0 tx=0 pend=0 stale=0
 376.780  P t=374s rxkBps=0 blkkBps=147 pongs=21018(+44/s) cancels=0(+0/s) notify=1 disc=1(0x08) | echo rx=0 tx=0 pend=0 stale=0
 376.780  P t=375s rxkBps=0 blkkBps=147 pongs=21063(+45/s) cancels=0(+0/s) notify=1 disc=1(0x08) | echo rx=0 tx=0 pend=0 stale=0
 378.748  P t=376s rxkBps=0 blkkBps=147 pongs=21107(+44/s) cancels=0(+0/s) notify=1 disc=1(0x08) | echo rx=0 tx=0 pend=0 stale=0
 378.748  P t=377s rxkBps=0 blkkBps=147 pongs=21151(+44/s) cancels=0(+0/s) notify=1 disc=1(0x08) | echo rx=0 tx=0 pend=0 stale=0
 380.747  P t=378s rxkBps=0 blkkBps=148 pongs=21196(+45/s) cancels=0(+0/s) notify=1 disc=1(0x08) | echo rx=0 tx=0 pend=0 stale=0
 380.747  P t=379s rxkBps=0 blkkBps=147 pongs=21240(+44/s) cancels=0(+0/s) notify=1 disc=1(0x08) | echo rx=0 tx=0 pend=0 stale=0
 382.766  P t=380s rxkBps=0 blkkBps=148 pongs=21285(+45/s) cancels=0(+0/s) notify=1 disc=1(0x08) | echo rx=0 tx=0 pend=0 stale=0
 382.766  P t=381s rxkBps=0 blkkBps=147 pongs=21329(+44/s) cancels=0(+0/s) notify=1 disc=1(0x08) | echo rx=0 tx=0 pend=0 stale=0
 384.770  P t=382s rxkBps=0 blkkBps=141 pongs=21371(+42/s) cancels=0(+0/s) notify=1 disc=1(0x08) | echo rx=0 tx=0 pend=0 stale=0
 384.770  P t=383s rxkBps=0 blkkBps=143 pongs=21415(+44/s) cancels=0(+0/s) notify=1 disc=1(0x08) | echo rx=0 tx=0 pend=0 stale=0
 386.764  P t=384s rxkBps=0 blkkBps=146 pongs=21459(+44/s) cancels=0(+0/s) notify=1 disc=1(0x08) | echo rx=0 tx=0 pend=0 stale=0
 386.764  P t=385s rxkBps=0 blkkBps=147 pongs=21503(+44/s) cancels=0(+0/s) notify=1 disc=1(0x08) | echo rx=0 tx=0 pend=0 stale=0
 388.748  P t=386s rxkBps=0 blkkBps=147 pongs=21547(+44/s) cancels=0(+0/s) notify=1 disc=1(0x08) | echo rx=0 tx=0 pend=0 stale=0
 388.748  P t=387s rxkBps=0 blkkBps=145 pongs=21591(+44/s) cancels=0(+0/s) notify=1 disc=1(0x08) | echo rx=0 tx=0 pend=0 stale=0
 390.757  P t=388s rxkBps=0 blkkBps=144 pongs=21635(+44/s) cancels=0(+0/s) notify=1 disc=1(0x08) | echo rx=0 tx=0 pend=0 stale=0
 390.757  P t=389s rxkBps=0 blkkBps=146 pongs=21679(+44/s) cancels=0(+0/s) notify=1 disc=1(0x08) | echo rx=0 tx=0 pend=0 stale=0
 392.788  P t=390s rxkBps=0 blkkBps=147 pongs=21723(+44/s) cancels=0(+0/s) notify=1 disc=1(0x08) | echo rx=0 tx=0 pend=0 stale=0
 392.788  P t=391s rxkBps=0 blkkBps=147 pongs=21768(+45/s) cancels=0(+0/s) notify=1 disc=1(0x08) | echo rx=0 tx=0 pend=0 stale=0
 394.745  P t=392s rxkBps=0 blkkBps=145 pongs=21811(+43/s) cancels=0(+0/s) notify=1 disc=1(0x08) | echo rx=0 tx=0 pend=0 stale=0
 394.745  P t=393s rxkBps=0 blkkBps=146 pongs=21855(+44/s) cancels=0(+0/s) notify=1 disc=1(0x08) | echo rx=0 tx=0 pend=0 stale=0
 396.765  P t=394s rxkBps=0 blkkBps=144 pongs=21900(+45/s) cancels=0(+0/s) notify=1 disc=1(0x08) | echo rx=0 tx=0 pend=0 stale=0
 396.766  P t=395s rxkBps=0 blkkBps=146 pongs=21944(+44/s) cancels=0(+0/s) notify=1 disc=1(0x08) | echo rx=0 tx=0 pend=0 stale=0
 398.739  P t=396s rxkBps=0 blkkBps=147 pongs=21988(+44/s) cancels=0(+0/s) notify=1 disc=1(0x08) | echo rx=0 tx=0 pend=0 stale=0
 398.799  P t=397s rxkBps=0 blkkBps=147 pongs=22032(+44/s) cancels=0(+0/s) notify=1 disc=1(0x08) | echo rx=0 tx=0 pend=0 stale=0
 400.739  P t=398s rxkBps=0 blkkBps=148 pongs=22077(+45/s) cancels=0(+0/s) notify=1 disc=1(0x08) | echo rx=0 tx=0 pend=0 stale=0
 400.799  P t=399s rxkBps=0 blkkBps=146 pongs=22121(+44/s) cancels=0(+0/s) notify=1 disc=1(0x08) | echo rx=0 tx=0 pend=0 stale=0
 402.737  P t=400s rxkBps=0 blkkBps=145 pongs=22165(+44/s) cancels=0(+0/s) notify=1 disc=1(0x08) | echo rx=0 tx=0 pend=0 stale=0
 402.798  P t=401s rxkBps=0 blkkBps=147 pongs=22209(+44/s) cancels=0(+0/s) notify=1 disc=1(0x08) | echo rx=0 tx=0 pend=0 stale=0
 404.785  P t=402s rxkBps=0 blkkBps=146 pongs=22254(+45/s) cancels=0(+0/s) notify=1 disc=1(0x08) | echo rx=0 tx=0 pend=0 stale=0
 404.786  P t=403s rxkBps=0 blkkBps=147 pongs=22298(+44/s) cancels=0(+0/s) notify=1 disc=1(0x08) | echo rx=0 tx=0 pend=0 stale=0
 406.741  P t=404s rxkBps=0 blkkBps=147 pongs=22343(+45/s) cancels=0(+0/s) notify=1 disc=1(0x08) | echo rx=0 tx=0 pend=0 stale=0
 406.801  P t=405s rxkBps=0 blkkBps=147 pongs=22387(+44/s) cancels=0(+0/s) notify=1 disc=1(0x08) | echo rx=0 tx=0 pend=0 stale=0
 408.750  P t=406s rxkBps=0 blkkBps=146 pongs=22431(+44/s) cancels=0(+0/s) notify=1 disc=1(0x08) | echo rx=0 tx=0 pend=0 stale=0
 408.751  P t=407s rxkBps=0 blkkBps=147 pongs=22476(+45/s) cancels=0(+0/s) notify=1 disc=1(0x08) | echo rx=0 tx=0 pend=0 stale=0
 410.754  P t=408s rxkBps=0 blkkBps=146 pongs=22520(+44/s) cancels=0(+0/s) notify=1 disc=1(0x08) | echo rx=0 tx=0 pend=0 stale=0
 410.754  P t=409s rxkBps=0 blkkBps=145 pongs=22564(+44/s) cancels=0(+0/s) notify=1 disc=1(0x08) | echo rx=0 tx=0 pend=0 stale=0
 412.750  P t=410s rxkBps=0 blkkBps=147 pongs=22608(+44/s) cancels=0(+0/s) notify=1 disc=1(0x08) | echo rx=0 tx=0 pend=0 stale=0
 412.750  P t=411s rxkBps=0 blkkBps=147 pongs=22653(+45/s) cancels=0(+0/s) notify=1 disc=1(0x08) | echo rx=0 tx=0 pend=0 stale=0
 414.784  P t=412s rxkBps=0 blkkBps=146 pongs=22697(+44/s) cancels=0(+0/s) notify=1 disc=1(0x08) | echo rx=0 tx=0 pend=0 stale=0
 414.784  P t=413s rxkBps=0 blkkBps=147 pongs=22741(+44/s) cancels=0(+0/s) notify=1 disc=1(0x08) | echo rx=0 tx=0 pend=0 stale=0
 416.779  P t=414s rxkBps=0 blkkBps=145 pongs=22786(+45/s) cancels=0(+0/s) notify=1 disc=1(0x08) | echo rx=0 tx=0 pend=0 stale=0
 416.779  P t=415s rxkBps=0 blkkBps=146 pongs=22830(+44/s) cancels=0(+0/s) notify=1 disc=1(0x08) | echo rx=0 tx=0 pend=0 stale=0
 418.744  P t=416s rxkBps=0 blkkBps=147 pongs=22874(+44/s) cancels=0(+0/s) notify=1 disc=1(0x08) | echo rx=0 tx=0 pend=0 stale=0
 418.796  P t=417s rxkBps=0 blkkBps=144 pongs=22918(+44/s) cancels=0(+0/s) notify=1 disc=1(0x08) | echo rx=0 tx=0 pend=0 stale=0
 420.741  P t=418s rxkBps=0 blkkBps=139 pongs=22959(+41/s) cancels=0(+0/s) notify=1 disc=1(0x08) | echo rx=0 tx=0 pend=0 stale=0
 420.802  P t=419s rxkBps=0 blkkBps=144 pongs=23003(+44/s) cancels=0(+0/s) notify=1 disc=1(0x08) | echo rx=0 tx=0 pend=0 stale=0
 422.751  P t=420s rxkBps=0 blkkBps=142 pongs=23046(+43/s) cancels=0(+0/s) notify=1 disc=1(0x08) | echo rx=0 tx=0 pend=0 stale=0
 422.751  P t=421s rxkBps=0 blkkBps=147 pongs=23090(+44/s) cancels=0(+0/s) notify=1 disc=1(0x08) | echo rx=0 tx=0 pend=0 stale=0
 424.795  P t=422s rxkBps=0 blkkBps=147 pongs=23134(+44/s) cancels=0(+0/s) notify=1 disc=1(0x08) | echo rx=0 tx=0 pend=0 stale=0
 424.795  P t=423s rxkBps=0 blkkBps=144 pongs=23178(+44/s) cancels=0(+0/s) notify=1 disc=1(0x08) | echo rx=0 tx=0 pend=0 stale=0
 426.792  P t=424s rxkBps=0 blkkBps=144 pongs=23221(+43/s) cancels=0(+0/s) notify=1 disc=1(0x08) | echo rx=0 tx=0 pend=0 stale=0
 426.792  P t=425s rxkBps=0 blkkBps=146 pongs=23265(+44/s) cancels=0(+0/s) notify=1 disc=1(0x08) | echo rx=0 tx=0 pend=0 stale=0
 428.748  P t=426s rxkBps=0 blkkBps=14 pongs=23330(+65/s) cancels=0(+0/s) notify=1 disc=1(0x08) | echo rx=0 tx=0 pend=0 stale=0
 428.748  P t=427s rxkBps=0 blkkBps=0 pongs=23396(+66/s) cancels=0(+0/s) notify=1 disc=1(0x08) | echo rx=0 tx=0 pend=0 stale=0
 430.766  P t=428s rxkBps=0 blkkBps=0 pongs=23463(+67/s) cancels=0(+0/s) notify=1 disc=1(0x08) | echo rx=0 tx=0 pend=0 stale=0
 430.766  P t=429s rxkBps=0 blkkBps=0 pongs=23529(+66/s) cancels=0(+0/s) notify=1 disc=1(0x08) | echo rx=0 tx=0 pend=0 stale=0
 432.788  P t=430s rxkBps=0 blkkBps=0 pongs=23596(+67/s) cancels=0(+0/s) notify=1 disc=1(0x08) | echo rx=0 tx=0 pend=0 stale=0
 432.788  P t=431s rxkBps=0 blkkBps=0 pongs=23663(+67/s) cancels=0(+0/s) notify=1 disc=1(0x08) | echo rx=0 tx=0 pend=0 stale=0
 434.754  P t=432s rxkBps=0 blkkBps=0 pongs=23729(+66/s) cancels=0(+0/s) notify=1 disc=1(0x08) | echo rx=0 tx=0 pend=0 stale=0
 434.754  P t=433s rxkBps=0 blkkBps=0 pongs=23796(+67/s) cancels=0(+0/s) notify=1 disc=1(0x08) | echo rx=0 tx=0 pend=0 stale=0
 436.790  P t=434s rxkBps=0 blkkBps=0 pongs=23863(+67/s) cancels=0(+0/s) notify=1 disc=1(0x08) | echo rx=0 tx=0 pend=0 stale=0
 436.790  P t=435s rxkBps=0 blkkBps=0 pongs=23929(+66/s) cancels=0(+0/s) notify=1 disc=1(0x08) | echo rx=0 tx=0 pend=0 stale=0
 438.794  P t=436s rxkBps=0 blkkBps=0 pongs=23996(+67/s) cancels=0(+0/s) notify=1 disc=1(0x08) | echo rx=0 tx=0 pend=0 stale=0
 438.794  P t=437s rxkBps=0 blkkBps=0 pongs=24063(+67/s) cancels=0(+0/s) notify=1 disc=1(0x08) | echo rx=0 tx=0 pend=0 stale=0
 440.764  P t=438s rxkBps=0 blkkBps=0 pongs=24129(+66/s) cancels=0(+0/s) notify=1 disc=1(0x08) | echo rx=0 tx=0 pend=0 stale=0
 440.765  P t=439s rxkBps=0 blkkBps=0 pongs=24196(+67/s) cancels=0(+0/s) notify=1 disc=1(0x08) | echo rx=0 tx=0 pend=0 stale=0
 442.750  P t=440s rxkBps=0 blkkBps=0 pongs=24263(+67/s) cancels=0(+0/s) notify=1 disc=1(0x08) | echo rx=0 tx=0 pend=0 stale=0
 442.750  P t=441s rxkBps=0 blkkBps=0 pongs=24329(+66/s) cancels=0(+0/s) notify=1 disc=1(0x08) | echo rx=0 tx=0 pend=0 stale=0
 444.754  P t=442s rxkBps=0 blkkBps=0 pongs=24396(+67/s) cancels=0(+0/s) notify=1 disc=1(0x08) | echo rx=0 tx=0 pend=0 stale=0
 444.755  P t=443s rxkBps=0 blkkBps=0 pongs=24463(+67/s) cancels=0(+0/s) notify=1 disc=1(0x08) | echo rx=0 tx=0 pend=0 stale=0
 446.757  P t=444s rxkBps=0 blkkBps=0 pongs=24529(+66/s) cancels=0(+0/s) notify=1 disc=1(0x08) | echo rx=0 tx=0 pend=0 stale=0
 446.757  P t=445s rxkBps=0 blkkBps=0 pongs=24596(+67/s) cancels=0(+0/s) notify=1 disc=1(0x08) | echo rx=0 tx=0 pend=0 stale=0
 448.780  P t=446s rxkBps=0 blkkBps=0 pongs=24663(+67/s) cancels=0(+0/s) notify=1 disc=1(0x08) | echo rx=0 tx=0 pend=0 stale=0
 448.780  P t=447s rxkBps=0 blkkBps=0 pongs=24729(+66/s) cancels=0(+0/s) notify=1 disc=1(0x08) | echo rx=0 tx=0 pend=0 stale=0
