   1.934  *** Booting Zephyr OS build v4.4.2-16-gfee9fbc62095 ***
   1.934  [01:11:16.541,799] [0m<inf> bt_hci_core: HW Platform: Nordic Semiconductor (0x0002)[0m
   1.934  [01:11:16.541,811] [0m<inf> bt_hci_core: HW Variant: nRF54Lx (0x0005)[0m
   1.934  [01:11:16.541,823] [0m<inf> bt_hci_core: Firmware: Standard Bluetooth controller (0x00) Version 4.4 Build 2[0m
   1.934  [01:11:16.542,181] [0m<inf> bt_hci_core: HCI transport: Controller[0m
   1.934  [01:11:16.542,230] [0m<inf> bt_hci_core: Identity: FC:BE:FF:FA:E6:8B (random)[0m
   1.934  [01:11:16.542,245] [0m<inf> bt_hci_core: HCI: version 5.4 (0x0d) revision 0x0000, manufacturer 0x05f1[0m
   1.989  [01:11:16.542,261] [0m<inf> bt_hci_core: LMP: version 5.4 (0x0d) subver 0xffff[0m
   1.989  
   1.989  === nRF54L15 RTT ping-pong CENTRAL ===
   1.989  scan rc=0
   1.989  Q2CONN AA=63502639 CRCINIT=f7ceef hop=16 chan_count=37 map=ffffffff1f
   2.966  GAP connected interval=25000
   2.966  MTU err=0 mtu=247
   2.966  PHY tx=2 rx=2
   2.966  discovery start (post-PHY +500ms) interval=25000 phy2m=1
   2.966  t=1s RTT mean=0 min=0 max=0 n=0 to=0 | cancels=0(+0/s) seqbad=0 len_bad=0 disc=0(0x00) | tot_n=0 tot_to=0 maxever=0 >2ms=0 >5ms=0 >15ms=0 >20ms=0 >30ms=0 | probes=0 wrfail=0 down=1s maxout=1s
   2.966  SUBSCRIBED, vh=14
   2.966  BLAST: phy_update->2M rc=0
   3.021  BLASTC comp=1 exkBps=0 cgap_us[min/avg/max]=4294967295/0/0
   3.021  BLAST phy=2/2 att=1 ok=1 enomem=0 err=0 call_us[min/avg/max]=145/145/145 okgap_max_us=0
   3.021  BLAST first16_call_us: 145 126 118 120 121 120 121 121 120 114 54 53 53 53 53 53
   4.056  PHY tx=2 rx=2
   4.056  t=2s RTT mean=0 min=0 max=0 n=0 to=0 | cancels=0(+0/s) seqbad=0 len_bad=331 disc=0(0x00) | tot_n=0 tot_to=0 maxever=0 >2ms=0 >5ms=0 >15ms=0 >20ms=0 >30ms=0 | probes=0 wrfail=0 down=1s maxout=1s
   4.056  BLASTC comp=342 exkBps=79 cgap_us[min/avg/max]=130/2774/75009
   4.056  BLAST phy=2/2 att=352 ok=352 enomem=0 err=0 call_us[min/avg/max]=53/2683/74983 okgap_max_us=74994
   5.900  t=3s RTT mean=0 min=0 max=0 n=0 to=0 | cancels=0(+0/s) seqbad=0 len_bad=725 disc=0(0x00) | tot_n=0 tot_to=0 maxever=0 >2ms=0 >5ms=0 >15ms=0 >20ms=0 >30ms=0 | probes=0 wrfail=0 down=1s maxout=1s
   5.954  BLASTC comp=394 exkBps=93 cgap_us[min/avg/max]=2395/2538/4801
   5.954  BLAST phy=2/2 att=394 ok=394 enomem=0 err=0 call_us[min/avg/max]=2380/2526/4790 okgap_max_us=4801
   5.954  t=4s RTT mean=0 min=0 max=0 n=0 to=0 | cancels=0(+0/s) seqbad=0 len_bad=1123 disc=0(0x00) | tot_n=0 tot_to=0 maxever=0 >2ms=0 >5ms=0 >15ms=0 >20ms=0 >30ms=0 | probes=0 wrfail=0 down=1s maxout=1s
   5.954  BLASTC comp=398 exkBps=94 cgap_us[min/avg/max]=2390/2512/4790
   5.954  BLAST phy=2/2 att=398 ok=398 enomem=0 err=0 call_us[min/avg/max]=2380/2501/4779 okgap_max_us=4790
   6.006  FSU: request [150..150] us (ACL both dirs, 1M+2M) rc=0
   7.946  t=5s RTT mean=0 min=0 max=0 n=0 to=0 | cancels=0(+0/s) seqbad=0 len_bad=1514 disc=0(0x00) | tot_n=0 tot_to=0 maxever=0 >2ms=0 >5ms=0 >15ms=0 >20ms=0 >30ms=0 | probes=0 wrfail=0 down=1s maxout=1s
   7.946  BLASTC comp=391 exkBps=93 cgap_us[min/avg/max]=2392/2557/5824
   7.946  BLAST phy=2/2 att=391 ok=391 enomem=0 err=0 call_us[min/avg/max]=2381/2546/5813 okgap_max_us=5824
   7.946  t=6s RTT mean=0 min=0 max=0 n=0 to=0 | cancels=0(+0/s) seqbad=0 len_bad=1913 disc=0(0x00) | tot_n=0 tot_to=0 maxever=0 >2ms=0 >5ms=0 >15ms=0 >20ms=0 >30ms=0 | probes=0 wrfail=0 down=1s maxout=1s
   7.946  BLASTC comp=398 exkBps=94 cgap_us[min/avg/max]=2396/2512/5824
   8.002  BLAST phy=2/2 att=398 ok=398 enomem=0 err=0 call_us[min/avg/max]=2380/2501/5813 okgap_max_us=5824
   9.898  BLASTC comp=383 exkBps=91 cgap_us[min/avg/max]=2395/2610/20206
   9.898  BLAST phy=2/2 att=383 ok=383 enomem=0 err=0 call_us[min/avg/max]=2381/2599/20195 okgap_max_us=20206
   9.951  t=7s RTT mean=0 min=0 max=0 n=0 to=0 | cancels=0(+0/s) seqbad=0 len_bad=2296 disc=0(0x00) | tot_n=0 tot_to=0 maxever=0 >2ms=0 >5ms=0 >15ms=0 >20ms=0 >30ms=0 | probes=0 wrfail=0 down=1s maxout=1s
   9.951  BLASTC comp=367 exkBps=87 cgap_us[min/avg/max]=2396/2724/25001
   9.951  BLAST phy=2/2 att=367 ok=367 enomem=0 err=0 call_us[min/avg/max]=2379/2713/24990 okgap_max_us=25001
   9.951  t=8s RTT mean=0 min=0 max=0 n=0 to=0 | cancels=0(+0/s) seqbad=0 len_bad=2663 disc=0(0x00) | tot_n=0 tot_to=0 maxever=0 >2ms=0 >5ms=0 >15ms=0 >20ms=0 >30ms=0 | probes=0 wrfail=0 down=1s maxout=1s
  11.893  BLASTC comp=357 exkBps=85 cgap_us[min/avg/max]=2395/2801/53432
  11.948  BLAST phy=2/2 att=357 ok=357 enomem=0 err=0 call_us[min/avg/max]=2381/2789/53420 okgap_max_us=53431
  11.948  t=9s RTT mean=0 min=0 max=0 n=0 to=0 | cancels=0(+0/s) seqbad=0 len_bad=3020 disc=0(0x00) | tot_n=0 tot_to=0 maxever=0 >2ms=0 >5ms=0 >15ms=0 >20ms=0 >30ms=0 | probes=0 wrfail=0 down=1s maxout=1s
  11.948  BLASTC comp=388 exkBps=92 cgap_us[min/avg/max]=2396/2577/13015
  11.948  BLAST phy=2/2 att=388 ok=388 enomem=0 err=0 call_us[min/avg/max]=2379/2565/13004 okgap_max_us=13015
  12.004  t=10s RTT mean=0 min=0 max=0 n=0 to=0 | cancels=0(+0/s) seqbad=0 len_bad=3408 disc=0(0x00) | tot_n=0 tot_to=0 maxever=0 >2ms=0 >5ms=0 >15ms=0 >20ms=0 >30ms=0 | probes=0 wrfail=0 down=1s maxout=1s
  13.905  BLASTC comp=380 exkBps=90 cgap_us[min/avg/max]=2395/2631/28425
  13.905  BLAST phy=2/2 att=380 ok=380 enomem=0 err=0 call_us[min/avg/max]=2380/2620/28414 okgap_max_us=28425
  13.961  t=11s RTT mean=0 min=0 max=0 n=0 to=0 | cancels=0(+0/s) seqbad=0 len_bad=3788 disc=0(0x00) | tot_n=0 tot_to=0 maxever=0 >2ms=0 >5ms=0 >15ms=0 >20ms=0 >30ms=0 | probes=0 wrfail=0 down=1s maxout=1s
  13.961  BLASTC comp=390 exkBps=92 cgap_us[min/avg/max]=2395/2564/10617
  13.961  BLAST phy=2/2 att=390 ok=390 enomem=0 err=0 call_us[min/avg/max]=2380/2552/10607 okgap_max_us=10618
  13.961  t=12s RTT mean=0 min=0 max=0 n=0 to=0 | cancels=0(+0/s) seqbad=0 len_bad=4178 disc=0(0x00) | tot_n=0 tot_to=0 maxever=0 >2ms=0 >5ms=0 >15ms=0 >20ms=0 >30ms=0 | probes=0 wrfail=0 down=1s maxout=1s
  15.923  BLASTC comp=389 exkBps=92 cgap_us[min/avg/max]=2395/2570/13015
  15.924  BLAST phy=2/2 att=389 ok=389 enomem=0 err=0 call_us[min/avg/max]=2380/2559/13004 okgap_max_us=13015
  15.924  t=13s RTT mean=0 min=0 max=0 n=0 to=0 | cancels=0(+0/s) seqbad=0 len_bad=4567 disc=0(0x00) | tot_n=0 tot_to=0 maxever=0 >2ms=0 >5ms=0 >15ms=0 >20ms=0 >30ms=0 | probes=0 wrfail=0 down=1s maxout=1s
  15.924  BLASTC comp=388 exkBps=92 cgap_us[min/avg/max]=2396/2577/13015
  15.979  BLAST phy=2/2 att=388 ok=388 enomem=0 err=0 call_us[min/avg/max]=2380/2565/13004 okgap_max_us=13015
  15.979  t=14s RTT mean=0 min=0 max=0 n=0 to=0 | cancels=0(+0/s) seqbad=0 len_bad=4955 disc=0(0x00) | tot_n=0 tot_to=0 maxever=0 >2ms=0 >5ms=0 >15ms=0 >20ms=0 >30ms=0 | probes=0 wrfail=0 down=1s maxout=1s
  17.902  BLASTC comp=381 exkBps=90 cgap_us[min/avg/max]=2395/2624/20206
  17.902  BLAST phy=2/2 att=381 ok=381 enomem=0 err=0 call_us[min/avg/max]=2383/2613/20195 okgap_max_us=20206
  17.953  t=15s RTT mean=0 min=0 max=0 n=0 to=0 | cancels=0(+0/s) seqbad=0 len_bad=5336 disc=0(0x00) | tot_n=0 tot_to=0 maxever=0 >2ms=0 >5ms=0 >15ms=0 >20ms=0 >30ms=0 | probes=0 wrfail=0 down=1s maxout=1s
  17.953  BLASTC comp=396 exkBps=94 cgap_us[min/avg/max]=2396/2525/5816
  17.953  BLAST phy=2/2 att=396 ok=396 enomem=0 err=0 call_us[min/avg/max]=2380/2513/5804 okgap_max_us=5815
  17.953  t=16s RTT mean=0 min=0 max=0 n=0 to=0 | cancels=0(+0/s) seqbad=0 len_bad=5732 disc=0(0x00) | tot_n=0 tot_to=0 maxever=0 >2ms=0 >5ms=0 >15ms=0 >20ms=0 >30ms=0 | probes=0 wrfail=0 down=1s maxout=1s
  19.888  BLASTC comp=384 exkBps=91 cgap_us[min/avg/max]=2395/2604/28424
  19.939  BLAST phy=2/2 att=384 ok=384 enomem=0 err=0 call_us[min/avg/max]=2379/2592/28413 okgap_max_us=28424
  19.939  t=17s RTT mean=0 min=0 max=0 n=0 to=0 | cancels=0(+0/s) seqbad=0 len_bad=6116 disc=0(0x00) | tot_n=0 tot_to=0 maxever=0 >2ms=0 >5ms=0 >15ms=0 >20ms=0 >30ms=0 | probes=0 wrfail=0 down=1s maxout=1s
  19.939  BLASTC comp=395 exkBps=94 cgap_us[min/avg/max]=2396/2531/10618
  19.939  BLAST phy=2/2 att=395 ok=395 enomem=0 err=0 call_us[min/avg/max]=2381/2520/10607 okgap_max_us=10618
  19.992  t=18s RTT mean=0 min=0 max=0 n=0 to=0 | cancels=0(+0/s) seqbad=0 len_bad=6511 disc=0(0x00) | tot_n=0 tot_to=0 maxever=0 >2ms=0 >5ms=0 >15ms=0 >20ms=0 >30ms=0 | probes=0 wrfail=0 down=1s maxout=1s
  21.934  BLASTC comp=364 exkBps=86 cgap_us[min/avg/max]=2393/2747/28425
  21.934  BLAST phy=2/2 att=364 ok=364 enomem=0 err=0 call_us[min/avg/max]=2379/2735/28413 okgap_max_us=28425
  21.934  t=19s RTT mean=0 min=0 max=0 n=0 to=0 | cancels=0(+0/s) seqbad=0 len_bad=6875 disc=0(0x00) | tot_n=0 tot_to=0 maxever=0 >2ms=0 >5ms=0 >15ms=0 >20ms=0 >30ms=0 | probes=0 wrfail=0 down=1s maxout=1s
  21.934  BLASTC comp=396 exkBps=94 cgap_us[min/avg/max]=2394/2525/8220
  21.934  BLAST phy=2/2 att=396 ok=396 enomem=0 err=0 call_us[min/avg/max]=2380/2513/8210 okgap_max_us=8221
  21.989  t=20s RTT mean=0 min=0 max=0 n=0 to=0 | cancels=0(+0/s) seqbad=0 len_bad=7271 disc=0(0x00) | tot_n=0 tot_to=0 maxever=0 >2ms=0 >5ms=0 >15ms=0 >20ms=0 >30ms=0 | probes=0 wrfail=0 down=1s maxout=1s
  23.930  BLASTC comp=391 exkBps=93 cgap_us[min/avg/max]=2394/2557/8220
  23.931  BLAST phy=2/2 att=391 ok=391 enomem=0 err=0 call_us[min/avg/max]=2379/2546/8210 okgap_max_us=8221
  23.931  t=21s RTT mean=0 min=0 max=0 n=0 to=0 | cancels=0(+0/s) seqbad=0 len_bad=7662 disc=0(0x00) | tot_n=0 tot_to=0 maxever=0 >2ms=0 >5ms=0 >15ms=0 >20ms=0 >30ms=0 | probes=0 wrfail=0 down=1s maxout=1s
  23.931  BLASTC comp=358 exkBps=85 cgap_us[min/avg/max]=2396/2793/28425
  23.984  BLAST phy=2/2 att=358 ok=358 enomem=0 err=0 call_us[min/avg/max]=2381/2781/28413 okgap_max_us=28424
  23.984  t=22s RTT mean=0 min=0 max=0 n=0 to=0 | cancels=0(+0/s) seqbad=0 len_bad=8020 disc=0(0x00) | tot_n=0 tot_to=0 maxever=0 >2ms=0 >5ms=0 >15ms=0 >20ms=0 >30ms=0 | probes=0 wrfail=0 down=1s maxout=1s
  25.924  BLASTC comp=393 exkBps=93 cgap_us[min/avg/max]=2393/2544/13015
  25.925  BLAST phy=2/2 att=393 ok=393 enomem=0 err=0 call_us[min/avg/max]=2379/2533/13004 okgap_max_us=13015
  25.925  t=23s RTT mean=0 min=0 max=0 n=0 to=0 | cancels=0(+0/s) seqbad=0 len_bad=8413 disc=0(0x00) | tot_n=0 tot_to=0 maxever=0 >2ms=0 >5ms=0 >15ms=0 >20ms=0 >30ms=0 | probes=0 wrfail=0 down=1s maxout=1s
  25.925  BLASTC comp=399 exkBps=95 cgap_us[min/avg/max]=2394/2506/5816
  25.979  BLAST phy=2/2 att=399 ok=399 enomem=0 err=0 call_us[min/avg/max]=2381/2494/5806 okgap_max_us=5817
  25.980  t=24s RTT mean=0 min=0 max=0 n=0 to=0 | cancels=0(+0/s) seqbad=0 len_bad=8812 disc=0(0x00) | tot_n=0 tot_to=0 maxever=0 >2ms=0 >5ms=0 >15ms=0 >20ms=0 >30ms=0 | probes=0 wrfail=0 down=1s maxout=1s
  27.914  BLASTC comp=382 exkBps=91 cgap_us[min/avg/max]=2394/2617/28425
  27.914  BLAST phy=2/2 att=382 ok=382 enomem=0 err=0 call_us[min/avg/max]=2379/2606/28413 okgap_max_us=28425
  27.969  t=25s RTT mean=0 min=0 max=0 n=0 to=0 | cancels=0(+0/s) seqbad=0 len_bad=9194 disc=0(0x00) | tot_n=0 tot_to=0 maxever=0 >2ms=0 >5ms=0 >15ms=0 >20ms=0 >30ms=0 | probes=0 wrfail=0 down=1s maxout=1s
  27.969  BLASTC comp=392 exkBps=93 cgap_us[min/avg/max]=2396/2551/15412
  27.969  BLAST phy=2/2 att=392 ok=392 enomem=0 err=0 call_us[min/avg/max]=2355/2539/15401 okgap_max_us=15412
  27.969  t=26s RTT mean=0 min=0 max=0 n=0 to=0 | cancels=0(+0/s) seqbad=0 len_bad=9587 disc=0(0x00) | tot_n=0 tot_to=0 maxever=0 >2ms=0 >5ms=0 >15ms=0 >20ms=0 >30ms=0 | probes=0 wrfail=0 down=1s maxout=1s
  29.910  BLASTC comp=390 exkBps=92 cgap_us[min/avg/max]=2395/2564/13021
  29.910  BLAST phy=2/2 att=390 ok=390 enomem=0 err=0 call_us[min/avg/max]=2383/2552/13011 okgap_max_us=13022
  29.965  t=27s RTT mean=0 min=0 max=0 n=0 to=0 | cancels=0(+0/s) seqbad=0 len_bad=9977 disc=0(0x00) | tot_n=0 tot_to=0 maxever=0 >2ms=0 >5ms=0 >15ms=0 >20ms=0 >30ms=0 | probes=0 wrfail=0 down=1s maxout=1s
  29.965  BLASTC comp=379 exkBps=90 cgap_us[min/avg/max]=2395/2638/22603
  29.965  BLAST phy=2/2 att=379 ok=379 enomem=0 err=0 call_us[min/avg/max]=2381/2627/22592 okgap_max_us=22603
  29.965  t=28s RTT mean=0 min=0 max=0 n=0 to=0 | cancels=0(+0/s) seqbad=0 len_bad=10356 disc=0(0x00) | tot_n=0 tot_to=0 maxever=0 >2ms=0 >5ms=0 >15ms=0 >20ms=0 >30ms=0 | probes=0 wrfail=0 down=1s maxout=1s
  31.906  BLASTC comp=382 exkBps=91 cgap_us[min/avg/max]=2395/2617/22603
  31.906  BLAST phy=2/2 att=382 ok=382 enomem=0 err=0 call_us[min/avg/max]=2380/2606/22592 okgap_max_us=22603
  31.958  t=29s RTT mean=0 min=0 max=0 n=0 to=0 | cancels=0(+0/s) seqbad=0 len_bad=10738 disc=0(0x00) | tot_n=0 tot_to=0 maxever=0 >2ms=0 >5ms=0 >15ms=0 >20ms=0 >30ms=0 | probes=0 wrfail=0 down=1s maxout=1s
  31.958  BLASTC comp=374 exkBps=89 cgap_us[min/avg/max]=2395/2673/22603
  31.958  BLAST phy=2/2 att=374 ok=374 enomem=0 err=0 call_us[min/avg/max]=2380/2662/22592 okgap_max_us=22604
  31.958  t=30s RTT mean=0 min=0 max=0 n=0 to=0 | cancels=0(+0/s) seqbad=0 len_bad=11112 disc=0(0x00) | tot_n=0 tot_to=0 maxever=0 >2ms=0 >5ms=0 >15ms=0 >20ms=0 >30ms=0 | probes=0 wrfail=0 down=1s maxout=1s
  33.912  BLASTC comp=366 exkBps=87 cgap_us[min/avg/max]=2396/2732/28425
  33.912  BLAST phy=2/2 att=366 ok=366 enomem=0 err=0 call_us[min/avg/max]=2380/2720/28414 okgap_max_us=28425
  33.968  t=31s RTT mean=0 min=0 max=0 n=0 to=0 | cancels=0(+0/s) seqbad=0 len_bad=11478 disc=0(0x00) | tot_n=0 tot_to=0 maxever=0 >2ms=0 >5ms=0 >15ms=0 >20ms=0 >30ms=0 | probes=0 wrfail=0 down=1s maxout=1s
  33.968  BLASTC comp=373 exkBps=88 cgap_us[min/avg/max]=2394/2680/25002
  33.968  BLAST phy=2/2 att=373 ok=373 enomem=0 err=0 call_us[min/avg/max]=2380/2669/24990 okgap_max_us=25002
  33.968  t=32s RTT mean=0 min=0 max=0 n=0 to=0 | cancels=0(+0/s) seqbad=0 len_bad=11851 disc=0(0x00) | tot_n=0 tot_to=0 maxever=0 >2ms=0 >5ms=0 >15ms=0 >20ms=0 >30ms=0 | probes=0 wrfail=0 down=1s maxout=1s
  35.907  BLASTC comp=376 exkBps=89 cgap_us[min/avg/max]=2394/2659/22603
  35.907  BLAST phy=2/2 att=376 ok=376 enomem=0 err=0 call_us[min/avg/max]=2380/2648/22592 okgap_max_us=22604
  35.961  t=33s RTT mean=0 min=0 max=0 n=0 to=0 | cancels=0(+0/s) seqbad=0 len_bad=12227 disc=0(0x00) | tot_n=0 tot_to=0 maxever=0 >2ms=0 >5ms=0 >15ms=0 >20ms=0 >30ms=0 | probes=0 wrfail=0 down=1s maxout=1s
  35.961  BLASTC comp=384 exkBps=91 cgap_us[min/avg/max]=2393/2604/25002
  35.961  BLAST phy=2/2 att=384 ok=384 enomem=0 err=0 call_us[min/avg/max]=2381/2592/24991 okgap_max_us=25002
  35.961  t=34s RTT mean=0 min=0 max=0 n=0 to=0 | cancels=0(+0/s) seqbad=0 len_bad=12611 disc=0(0x00) | tot_n=0 tot_to=0 maxever=0 >2ms=0 >5ms=0 >15ms=0 >20ms=0 >30ms=0 | probes=0 wrfail=0 down=1s maxout=1s
  37.910  BLASTC comp=386 exkBps=91 cgap_us[min/avg/max]=2394/2590/20206
  37.910  BLAST phy=2/2 att=386 ok=386 enomem=0 err=0 call_us[min/avg/max]=2379/2579/20195 okgap_max_us=20206
  37.965  t=35s RTT mean=0 min=0 max=0 n=0 to=0 | cancels=0(+0/s) seqbad=0 len_bad=12997 disc=0(0x00) | tot_n=0 tot_to=0 maxever=0 >2ms=0 >5ms=0 >15ms=0 >20ms=0 >30ms=0 | probes=0 wrfail=0 down=1s maxout=1s
  37.965  BLASTC comp=383 exkBps=91 cgap_us[min/avg/max]=2393/2610/28424
  37.965  BLAST phy=2/2 att=383 ok=383 enomem=0 err=0 call_us[min/avg/max]=2380/2599/28413 okgap_max_us=28424
  37.965  t=36s RTT mean=0 min=0 max=0 n=0 to=0 | cancels=0(+0/s) seqbad=0 len_bad=13380 disc=0(0x00) | tot_n=0 tot_to=0 maxever=0 >2ms=0 >5ms=0 >15ms=0 >20ms=0 >30ms=0 | probes=0 wrfail=0 down=1s maxout=1s
  39.907  BLASTC comp=387 exkBps=92 cgap_us[min/avg/max]=2394/2583/28424
  39.907  BLAST phy=2/2 att=387 ok=387 enomem=0 err=0 call_us[min/avg/max]=2379/2572/28414 okgap_max_us=28425
  39.961  t=37s RTT mean=0 min=0 max=0 n=0 to=0 | cancels=0(+0/s) seqbad=0 len_bad=13767 disc=0(0x00) | tot_n=0 tot_to=0 maxever=0 >2ms=0 >5ms=0 >15ms=0 >20ms=0 >30ms=0 | probes=0 wrfail=0 down=1s maxout=1s
  39.961  BLASTC comp=390 exkBps=92 cgap_us[min/avg/max]=2393/2564/10618
  39.961  BLAST phy=2/2 att=390 ok=390 enomem=0 err=0 call_us[min/avg/max]=2381/2552/10607 okgap_max_us=10618
  39.961  t=38s RTT mean=0 min=0 max=0 n=0 to=0 | cancels=0(+0/s) seqbad=0 len_bad=14157 disc=0(0x00) | tot_n=0 tot_to=0 maxever=0 >2ms=0 >5ms=0 >15ms=0 >20ms=0 >30ms=0 | probes=0 wrfail=0 down=1s maxout=1s
  41.895  BLASTC comp=388 exkBps=92 cgap_us[min/avg/max]=2394/2577/28424
  41.950  BLAST phy=2/2 att=388 ok=388 enomem=0 err=0 call_us[min/avg/max]=2379/2565/28413 okgap_max_us=28424
  41.950  t=39s RTT mean=0 min=0 max=0 n=0 to=0 | cancels=0(+0/s) seqbad=0 len_bad=14546 disc=0(0x00) | tot_n=0 tot_to=0 maxever=0 >2ms=0 >5ms=0 >15ms=0 >20ms=0 >30ms=0 | probes=0 wrfail=0 down=1s maxout=1s
  41.950  BLASTC comp=393 exkBps=93 cgap_us[min/avg/max]=2387/2544/13015
  41.950  BLAST phy=2/2 att=393 ok=393 enomem=0 err=0 call_us[min/avg/max]=2281/2533/13004 okgap_max_us=13015
  42.006  t=40s RTT mean=0 min=0 max=0 n=0 to=0 | cancels=0(+0/s) seqbad=0 len_bad=14939 disc=0(0x00) | tot_n=0 tot_to=0 maxever=0 >2ms=0 >5ms=0 >15ms=0 >20ms=0 >30ms=0 | probes=0 wrfail=0 down=1s maxout=1s
  43.903  BLASTC comp=395 exkBps=94 cgap_us[min/avg/max]=2395/2531/5822
  43.903  BLAST phy=2/2 att=395 ok=395 enomem=0 err=0 call_us[min/avg/max]=2379/2520/5812 okgap_max_us=5823
  43.959  t=41s RTT mean=0 min=0 max=0 n=0 to=0 | cancels=0(+0/s) seqbad=0 len_bad=15334 disc=0(0x00) | tot_n=0 tot_to=0 maxever=0 >2ms=0 >5ms=0 >15ms=0 >20ms=0 >30ms=0 | probes=0 wrfail=0 down=1s maxout=1s
  43.959  BLASTC comp=342 exkBps=81 cgap_us[min/avg/max]=2394/2923/53425
  43.959  BLAST phy=2/2 att=342 ok=342 enomem=0 err=0 call_us[min/avg/max]=2381/2912/53413 okgap_max_us=53424
  43.959  t=42s RTT mean=0 min=0 max=0 n=0 to=0 | cancels=0(+0/s) seqbad=0 len_bad=15676 disc=0(0x00) | tot_n=0 tot_to=0 maxever=0 >2ms=0 >5ms=0 >15ms=0 >20ms=0 >30ms=0 | probes=0 wrfail=0 down=1s maxout=1s
