   1.671  *** Booting Zephyr OS build v4.4.2-16-gfee9fbc62095 ***
   1.726  [01:09:40.066,500] [0m<inf> bt_hci_core: HW Platform: Nordic Semiconductor (0x0002)[0m
   1.726  [01:09:40.066,513] [0m<inf> bt_hci_core: HW Variant: nRF54Lx (0x0005)[0m
   1.726  [01:09:40.066,525] [0m<inf> bt_hci_core: Firmware: Standard Bluetooth controller (0x00) Version 4.4 Build 2[0m
   1.726  [01:09:40.066,867] [0m<inf> bt_hci_core: HCI transport: Controller[0m
   1.726  [01:09:40.066,913] [0m<inf> bt_hci_core: Identity: D6:C7:60:B1:D3:0E (random)[0m
   1.726  [01:09:40.066,929] [0m<inf> bt_hci_core: HCI: version 5.4 (0x0d) revision 0x0000, manufacturer 0x05f1[0m
   1.726  [01:09:40.066,944] [0m<inf> bt_hci_core: LMP: version 5.4 (0x0d) subver 0xffff[0m
   1.726  
   1.726  === nRF54L15 RTT ping-pong PERIPHERAL (echo) ===
   1.726  advertising
   3.061  GAP connected interval=25000
   3.061  PHY tx=2 rx=2
   3.115  P t=1s rxkBps=0 blkkBps=0 pongs=0(+0/s) cancels=0(+0/s) notify=0 disc=0(0x00) | echo rx=0 tx=0 pend=0 stale=0
   3.115  CCC: notify ENABLED
   4.721  P t=2s rxkBps=54 blkkBps=0 pongs=230(+230/s) cancels=0(+0/s) notify=1 disc=0(0x00) | echo rx=0 tx=0 pend=0 stale=0
   4.722  P t=3s rxkBps=94 blkkBps=0 pongs=626(+396/s) cancels=0(+0/s) notify=1 disc=0(0x00) | echo rx=0 tx=0 pend=0 stale=0
   6.672  P t=4s rxkBps=95 blkkBps=0 pongs=1025(+399/s) cancels=0(+0/s) notify=1 disc=0(0x00) | echo rx=0 tx=0 pend=0 stale=0
   6.726  P t=5s rxkBps=99 blkkBps=0 pongs=1444(+419/s) cancels=0(+0/s) notify=1 disc=0(0x00) | echo rx=0 tx=0 pend=0 stale=0
   8.721  P t=6s rxkBps=96 blkkBps=0 pongs=1851(+407/s) cancels=0(+0/s) notify=1 disc=0(0x00) | echo rx=0 tx=0 pend=0 stale=0
   8.721  P t=7s rxkBps=102 blkkBps=0 pongs=2283(+432/s) cancels=0(+0/s) notify=1 disc=0(0x00) | echo rx=0 tx=0 pend=0 stale=0
  10.715  P t=8s rxkBps=101 blkkBps=0 pongs=2708(+425/s) cancels=0(+0/s) notify=1 disc=0(0x00) | echo rx=0 tx=0 pend=0 stale=0
  10.715  P t=9s rxkBps=95 blkkBps=0 pongs=3107(+399/s) cancels=0(+0/s) notify=1 disc=0(0x00) | echo rx=0 tx=0 pend=0 stale=0
  12.698  P t=10s rxkBps=104 blkkBps=0 pongs=3547(+440/s) cancels=0(+0/s) notify=1 disc=0(0x00) | echo rx=0 tx=0 pend=0 stale=0
  12.699  P t=11s rxkBps=102 blkkBps=0 pongs=3979(+432/s) cancels=0(+0/s) notify=1 disc=0(0x00) | echo rx=0 tx=0 pend=0 stale=0
  14.705  P t=12s rxkBps=102 blkkBps=0 pongs=4411(+432/s) cancels=0(+0/s) notify=1 disc=0(0x00) | echo rx=0 tx=0 pend=0 stale=0
  14.705  P t=13s rxkBps=99 blkkBps=0 pongs=4829(+418/s) cancels=0(+0/s) notify=1 disc=0(0x00) | echo rx=0 tx=0 pend=0 stale=0
  16.703  P t=14s rxkBps=101 blkkBps=0 pongs=5255(+426/s) cancels=0(+0/s) notify=1 disc=0(0x00) | echo rx=0 tx=0 pend=0 stale=0
  16.704  P t=15s rxkBps=101 blkkBps=0 pongs=5683(+428/s) cancels=0(+0/s) notify=1 disc=0(0x00) | echo rx=0 tx=0 pend=0 stale=0
  18.714  P t=16s rxkBps=102 blkkBps=0 pongs=6114(+431/s) cancels=0(+0/s) notify=1 disc=0(0x00) | echo rx=0 tx=0 pend=0 stale=0
  18.714  P t=17s rxkBps=100 blkkBps=0 pongs=6537(+423/s) cancels=0(+0/s) notify=1 disc=0(0x00) | echo rx=0 tx=0 pend=0 stale=0
  20.716  P t=18s rxkBps=104 blkkBps=0 pongs=6974(+437/s) cancels=0(+0/s) notify=1 disc=0(0x00) | echo rx=0 tx=0 pend=0 stale=0
  20.716  P t=19s rxkBps=104 blkkBps=0 pongs=7411(+437/s) cancels=0(+0/s) notify=1 disc=0(0x00) | echo rx=0 tx=0 pend=0 stale=0
  22.721  P t=20s rxkBps=102 blkkBps=0 pongs=7842(+431/s) cancels=0(+0/s) notify=1 disc=0(0x00) | echo rx=0 tx=0 pend=0 stale=0
  22.721  P t=21s rxkBps=102 blkkBps=0 pongs=8272(+430/s) cancels=0(+0/s) notify=1 disc=0(0x00) | echo rx=0 tx=0 pend=0 stale=0
  24.715  P t=22s rxkBps=99 blkkBps=0 pongs=8689(+417/s) cancels=0(+0/s) notify=1 disc=0(0x00) | echo rx=0 tx=0 pend=0 stale=0
  24.715  P t=23s rxkBps=98 blkkBps=0 pongs=9102(+413/s) cancels=0(+0/s) notify=1 disc=0(0x00) | echo rx=0 tx=0 pend=0 stale=0
  26.720  P t=24s rxkBps=96 blkkBps=0 pongs=9509(+407/s) cancels=0(+0/s) notify=1 disc=0(0x00) | echo rx=0 tx=0 pend=0 stale=0
  26.720  P t=25s rxkBps=99 blkkBps=0 pongs=9925(+416/s) cancels=0(+0/s) notify=1 disc=0(0x00) | echo rx=0 tx=0 pend=0 stale=0
  28.680  P t=26s rxkBps=96 blkkBps=0 pongs=10331(+406/s) cancels=0(+0/s) notify=1 disc=0(0x00) | echo rx=0 tx=0 pend=0 stale=0
  28.735  P t=27s rxkBps=102 blkkBps=0 pongs=10760(+429/s) cancels=0(+0/s) notify=1 disc=0(0x00) | echo rx=0 tx=0 pend=0 stale=0
  30.725  P t=28s rxkBps=103 blkkBps=0 pongs=11193(+433/s) cancels=0(+0/s) notify=1 disc=0(0x00) | echo rx=0 tx=0 pend=0 stale=0
  30.725  P t=29s rxkBps=100 blkkBps=0 pongs=11614(+421/s) cancels=0(+0/s) notify=1 disc=0(0x00) | echo rx=0 tx=0 pend=0 stale=0
  32.683  P t=30s rxkBps=102 blkkBps=0 pongs=12045(+431/s) cancels=0(+0/s) notify=1 disc=0(0x00) | echo rx=0 tx=0 pend=0 stale=0
  32.738  P t=31s rxkBps=100 blkkBps=0 pongs=12466(+421/s) cancels=0(+0/s) notify=1 disc=0(0x00) | echo rx=0 tx=0 pend=0 stale=0
  34.698  P t=32s rxkBps=104 blkkBps=0 pongs=12904(+438/s) cancels=0(+0/s) notify=1 disc=0(0x00) | echo rx=0 tx=0 pend=0 stale=0
  34.699  P t=33s rxkBps=97 blkkBps=0 pongs=13314(+410/s) cancels=0(+0/s) notify=1 disc=0(0x00) | echo rx=0 tx=0 pend=0 stale=0
  36.715  P t=34s rxkBps=96 blkkBps=0 pongs=13720(+406/s) cancels=0(+0/s) notify=1 disc=0(0x00) | echo rx=0 tx=0 pend=0 stale=0
  36.715  P t=35s rxkBps=100 blkkBps=0 pongs=14141(+421/s) cancels=0(+0/s) notify=1 disc=0(0x00) | echo rx=0 tx=0 pend=0 stale=0
  38.722  P t=36s rxkBps=96 blkkBps=0 pongs=14547(+406/s) cancels=0(+0/s) notify=1 disc=0(0x00) | echo rx=0 tx=0 pend=0 stale=0
  38.722  P t=37s rxkBps=103 blkkBps=0 pongs=14983(+436/s) cancels=0(+0/s) notify=1 disc=0(0x00) | echo rx=0 tx=0 pend=0 stale=0
  40.706  P t=38s rxkBps=100 blkkBps=0 pongs=15404(+421/s) cancels=0(+0/s) notify=1 disc=0(0x00) | echo rx=0 tx=0 pend=0 stale=0
  40.706  P t=39s rxkBps=101 blkkBps=0 pongs=15828(+424/s) cancels=0(+0/s) notify=1 disc=0(0x00) | echo rx=0 tx=0 pend=0 stale=0
  42.691  P t=40s rxkBps=101 blkkBps=0 pongs=16254(+426/s) cancels=0(+0/s) notify=1 disc=0(0x00) | echo rx=0 tx=0 pend=0 stale=0
  42.691  P t=41s rxkBps=103 blkkBps=0 pongs=16688(+434/s) cancels=0(+0/s) notify=1 disc=0(0x00) | echo rx=0 tx=0 pend=0 stale=0
  44.705  P t=42s rxkBps=101 blkkBps=0 pongs=17115(+427/s) cancels=0(+0/s) notify=1 disc=0(0x00) | echo rx=0 tx=0 pend=0 stale=0
  44.705  P t=43s rxkBps=103 blkkBps=0 pongs=17548(+433/s) cancels=0(+0/s) notify=1 disc=0(0x00) | echo rx=0 tx=0 pend=0 stale=0
