   2.047  *** Booting Zephyr OS build v4.4.2-16-gfee9fbc62095 ***
   2.047  [01:04:14.479,146] [0m<inf> bt_hci_core: HW Platform: Nordic Semiconductor (0x0002)[0m
   2.047  [01:04:14.479,158] [0m<inf> bt_hci_core: HW Variant: nRF54Lx (0x0005)[0m
   2.047  [01:04:14.479,170] [0m<inf> bt_hci_core: Firmware: Standard Bluetooth controller (0x00) Version 4.4 Build 2[0m
   2.047  [01:04:14.479,528] [0m<inf> bt_hci_core: HCI transport: Controller[0m
   2.047  [01:04:14.479,577] [0m<inf> bt_hci_core: Identity: FC:BE:FF:FA:E6:8B (random)[0m
   2.102  [01:04:14.479,592] [0m<inf> bt_hci_core: HCI: version 5.4 (0x0d) revision 0x0000, manufacturer 0x05f1[0m
   2.102  [01:04:14.479,607] [0m<inf> bt_hci_core: LMP: version 5.4 (0x0d) subver 0xffff[0m
   2.102  
   2.102  === nRF54L15 RTT ping-pong CENTRAL ===
   2.102  scan rc=0
   2.102  Q2CONN AA=e8d02569 CRCINIT=769bb0 hop=16 chan_count=37 map=ffffffff1f
   2.102  GAP connected interval=7500
   2.102  MTU err=0 mtu=247
   2.750  PHY tx=2 rx=2
   2.750  discovery start (post-PHY +500ms) interval=7500 phy2m=1
   2.750  SUBSCRIBED, vh=14
   2.750  BLAST: phy_update->2M rc=0
   2.750  BLAST first16_call_us: 140 141 141 136 136 136 136 135 136 129 131 57 54 54 54 54
   3.779  PHY tx=2 rx=2
   3.780  t=1s RTT mean=0 min=0 max=0 n=0 to=0 | cancels=0(+0/s) seqbad=0 len_bad=108 disc=0(0x00) | tot_n=0 tot_to=0 maxever=0 >2ms=0 >5ms=0 >15ms=0 >20ms=0 >30ms=0 | probes=0 wrfail=0 down=0s maxout=0s
   3.780  BLASTC comp=120 exkBps=25 cgap_us[min/avg/max]=146/2513/24014
   3.835  BLAST phy=2/2 att=130 ok=130 enomem=0 err=0 call_us[min/avg/max]=54/2290/24008 okgap_max_us=24020
   5.019  t=2s RTT mean=0 min=0 max=0 n=0 to=0 | cancels=0(+0/s) seqbad=0 len_bad=499 disc=0(0x00) | tot_n=0 tot_to=0 maxever=0 >2ms=0 >5ms=0 >15ms=0 >20ms=0 >30ms=0 | probes=0 wrfail=0 down=0s maxout=0s
   5.074  BLASTC comp=391 exkBps=93 cgap_us[min/avg/max]=2391/2557/5102
   5.074  BLAST phy=2/2 att=391 ok=391 enomem=0 err=0 call_us[min/avg/max]=2384/2546/5091 okgap_max_us=5103
   5.074  t=3s RTT mean=0 min=0 max=0 n=0 to=0 | cancels=0(+0/s) seqbad=0 len_bad=895 disc=0(0x00) | tot_n=0 tot_to=0 maxever=0 >2ms=0 >5ms=0 >15ms=0 >20ms=0 >30ms=0 | probes=0 wrfail=0 down=0s maxout=0s
   5.074  BLASTC comp=396 exkBps=94 cgap_us[min/avg/max]=2395/2525/5102
   5.074  BLAST phy=2/2 att=396 ok=396 enomem=0 err=0 call_us[min/avg/max]=2380/2514/5091 okgap_max_us=5102
   6.682  FSU: request [52..52] us (ACL both dirs, 1M+2M) rc=0
   6.735  FSU: updated status=0x00 spacing=52 us phys=0x3 types=0x3 initiator=0
   6.735  BLASTC comp=392 exkBps=93 cgap_us[min/avg/max]=1420/2550/10595
   6.736  BLAST phy=2/2 att=392 ok=392 enomem=0 err=0 call_us[min/avg/max]=1409/2538/10585 okgap_max_us=10596
   6.736  t=4s RTT mean=0 min=0 max=0 n=0 to=0 | cancels=0(+0/s) seqbad=0 len_bad=1287 disc=0(0x00) | tot_n=0 tot_to=0 maxever=0 >2ms=0 >5ms=0 >15ms=0 >20ms=0 >30ms=0 | probes=0 wrfail=0 down=0s maxout=0s
   8.024  BLASTC comp=394 exkBps=93 cgap_us[min/avg/max]=2196/2537/5300
   8.024  BLAST phy=2/2 att=394 ok=394 enomem=0 err=0 call_us[min/avg/max]=2127/2525/5288 okgap_max_us=5300
   8.076  t=5s RTT mean=0 min=0 max=0 n=0 to=0 | cancels=0(+0/s) seqbad=0 len_bad=1681 disc=0(0x00) | tot_n=0 tot_to=0 maxever=0 >2ms=0 >5ms=0 >15ms=0 >20ms=0 >30ms=0 | probes=0 wrfail=0 down=0s maxout=0s
   8.076  BLASTC comp=399 exkBps=95 cgap_us[min/avg/max]=2200/2507/5297
   8.076  BLAST phy=2/2 att=399 ok=399 enomem=0 err=0 call_us[min/avg/max]=2185/2496/5287 okgap_max_us=5298
   8.076  t=6s RTT mean=0 min=0 max=0 n=0 to=0 | cancels=0(+0/s) seqbad=0 len_bad=2080 disc=0(0x00) | tot_n=0 tot_to=0 maxever=0 >2ms=0 >5ms=0 >15ms=0 >20ms=0 >30ms=0 | probes=0 wrfail=0 down=0s maxout=0s
  10.029  BLASTC comp=396 exkBps=94 cgap_us[min/avg/max]=2199/2524/5298
  10.029  BLAST phy=2/2 att=396 ok=396 enomem=0 err=0 call_us[min/avg/max]=2132/2513/5287 okgap_max_us=5299
  10.084  t=7s RTT mean=0 min=0 max=0 n=0 to=0 | cancels=0(+0/s) seqbad=0 len_bad=2476 disc=0(0x00) | tot_n=0 tot_to=0 maxever=0 >2ms=0 >5ms=0 >15ms=0 >20ms=0 >30ms=0 | probes=0 wrfail=0 down=0s maxout=0s
  10.084  BLASTC comp=399 exkBps=95 cgap_us[min/avg/max]=2201/2505/5299
  10.084  BLAST phy=2/2 att=399 ok=399 enomem=0 err=0 call_us[min/avg/max]=2134/2494/5288 okgap_max_us=5299
  10.084  t=8s RTT mean=0 min=0 max=0 n=0 to=0 | cancels=0(+0/s) seqbad=0 len_bad=2875 disc=0(0x00) | tot_n=0 tot_to=0 maxever=0 >2ms=0 >5ms=0 >15ms=0 >20ms=0 >30ms=0 | probes=0 wrfail=0 down=0s maxout=0s
  12.020  BLASTC comp=393 exkBps=93 cgap_us[min/avg/max]=2199/2546/10595
  12.020  BLAST phy=2/2 att=393 ok=393 enomem=0 err=0 call_us[min/avg/max]=2186/2534/10584 okgap_max_us=10595
  12.075  t=9s RTT mean=0 min=0 max=0 n=0 to=0 | cancels=0(+0/s) seqbad=0 len_bad=3268 disc=0(0x00) | tot_n=0 tot_to=0 maxever=0 >2ms=0 >5ms=0 >15ms=0 >20ms=0 >30ms=0 | probes=0 wrfail=0 down=0s maxout=0s
  12.075  BLASTC comp=388 exkBps=92 cgap_us[min/avg/max]=2201/2576/10595
  12.075  BLAST phy=2/2 att=388 ok=388 enomem=0 err=0 call_us[min/avg/max]=2134/2565/10585 okgap_max_us=10596
  12.075  t=10s RTT mean=0 min=0 max=0 n=0 to=0 | cancels=0(+0/s) seqbad=0 len_bad=3656 disc=0(0x00) | tot_n=0 tot_to=0 maxever=0 >2ms=0 >5ms=0 >15ms=0 >20ms=0 >30ms=0 | probes=0 wrfail=0 down=0s maxout=0s
  14.037  BLASTC comp=398 exkBps=94 cgap_us[min/avg/max]=2199/2511/5300
  14.037  BLAST phy=2/2 att=398 ok=398 enomem=0 err=0 call_us[min/avg/max]=2133/2500/5288 okgap_max_us=5300
  14.037  t=11s RTT mean=0 min=0 max=0 n=0 to=0 | cancels=0(+0/s) seqbad=0 len_bad=4054 disc=0(0x00) | tot_n=0 tot_to=0 maxever=0 >2ms=0 >5ms=0 >15ms=0 >20ms=0 >30ms=0 | probes=0 wrfail=0 down=0s maxout=0s
  14.089  BLASTC comp=399 exkBps=95 cgap_us[min/avg/max]=2200/2507/5298
  14.089  BLAST phy=2/2 att=399 ok=399 enomem=0 err=0 call_us[min/avg/max]=2184/2496/5286 okgap_max_us=5298
  14.089  t=12s RTT mean=0 min=0 max=0 n=0 to=0 | cancels=0(+0/s) seqbad=0 len_bad=4453 disc=0(0x00) | tot_n=0 tot_to=0 maxever=0 >2ms=0 >5ms=0 >15ms=0 >20ms=0 >30ms=0 | probes=0 wrfail=0 down=0s maxout=0s
  16.006  BLASTC comp=397 exkBps=94 cgap_us[min/avg/max]=2198/2518/5299
  16.061  BLAST phy=2/2 att=397 ok=397 enomem=0 err=0 call_us[min/avg/max]=2144/2506/5287 okgap_max_us=5299
  16.062  t=13s RTT mean=0 min=0 max=0 n=0 to=0 | cancels=0(+0/s) seqbad=0 len_bad=4850 disc=0(0x00) | tot_n=0 tot_to=0 maxever=0 >2ms=0 >5ms=0 >15ms=0 >20ms=0 >30ms=0 | probes=0 wrfail=0 down=0s maxout=0s
  16.062  BLASTC comp=394 exkBps=93 cgap_us[min/avg/max]=2201/2537/5298
  16.062  BLAST phy=2/2 att=394 ok=394 enomem=0 err=0 call_us[min/avg/max]=2136/2525/5287 okgap_max_us=5298
  16.117  t=14s RTT mean=0 min=0 max=0 n=0 to=0 | cancels=0(+0/s) seqbad=0 len_bad=5244 disc=0(0x00) | tot_n=0 tot_to=0 maxever=0 >2ms=0 >5ms=0 >15ms=0 >20ms=0 >30ms=0 | probes=0 wrfail=0 down=0s maxout=0s
  18.057  BLASTC comp=391 exkBps=93 cgap_us[min/avg/max]=2197/2559/7502
  18.057  BLAST phy=2/2 att=391 ok=391 enomem=0 err=0 call_us[min/avg/max]=2186/2547/7490 okgap_max_us=7502
  18.057  t=15s RTT mean=0 min=0 max=0 n=0 to=0 | cancels=0(+0/s) seqbad=0 len_bad=5635 disc=0(0x00) | tot_n=0 tot_to=0 maxever=0 >2ms=0 >5ms=0 >15ms=0 >20ms=0 >30ms=0 | probes=0 wrfail=0 down=0s maxout=0s
  18.057  BLASTC comp=394 exkBps=93 cgap_us[min/avg/max]=2199/2537/10596
  18.057  BLAST phy=2/2 att=394 ok=394 enomem=0 err=0 call_us[min/avg/max]=2135/2525/10585 okgap_max_us=10596
  18.111  t=16s RTT mean=0 min=0 max=0 n=0 to=0 | cancels=0(+0/s) seqbad=0 len_bad=6029 disc=0(0x00) | tot_n=0 tot_to=0 maxever=0 >2ms=0 >5ms=0 >15ms=0 >20ms=0 >30ms=0 | probes=0 wrfail=0 down=0s maxout=0s
  20.012  BLASTC comp=395 exkBps=94 cgap_us[min/avg/max]=2197/2530/5299
  20.012  BLAST phy=2/2 att=395 ok=395 enomem=0 err=0 call_us[min/avg/max]=2185/2519/5288 okgap_max_us=5299
  20.068  t=17s RTT mean=0 min=0 max=0 n=0 to=0 | cancels=0(+0/s) seqbad=0 len_bad=6424 disc=0(0x00) | tot_n=0 tot_to=0 maxever=0 >2ms=0 >5ms=0 >15ms=0 >20ms=0 >30ms=0 | probes=0 wrfail=0 down=0s maxout=0s
  20.068  BLASTC comp=396 exkBps=94 cgap_us[min/avg/max]=2198/2526/5298
  20.068  BLAST phy=2/2 att=396 ok=396 enomem=0 err=0 call_us[min/avg/max]=2184/2515/5287 okgap_max_us=5298
  20.068  t=18s RTT mean=0 min=0 max=0 n=0 to=0 | cancels=0(+0/s) seqbad=0 len_bad=6821 disc=0(0x00) | tot_n=0 tot_to=0 maxever=0 >2ms=0 >5ms=0 >15ms=0 >20ms=0 >30ms=0 | probes=0 wrfail=0 down=0s maxout=0s
  22.057  BLASTC comp=392 exkBps=93 cgap_us[min/avg/max]=2194/2550/7502
  22.057  BLAST phy=2/2 att=392 ok=392 enomem=0 err=0 call_us[min/avg/max]=2147/2538/7491 okgap_max_us=7502
  22.057  t=19s RTT mean=0 min=0 max=0 n=0 to=0 | cancels=0(+0/s) seqbad=0 len_bad=7213 disc=0(0x00) | tot_n=0 tot_to=0 maxever=0 >2ms=0 >5ms=0 >15ms=0 >20ms=0 >30ms=0 | probes=0 wrfail=0 down=0s maxout=0s
  22.057  BLASTC comp=396 exkBps=94 cgap_us[min/avg/max]=2200/2524/5298
  22.057  BLAST phy=2/2 att=396 ok=396 enomem=0 err=0 call_us[min/avg/max]=2127/2513/5287 okgap_max_us=5298
  22.112  t=20s RTT mean=0 min=0 max=0 n=0 to=0 | cancels=0(+0/s) seqbad=0 len_bad=7609 disc=0(0x00) | tot_n=0 tot_to=0 maxever=0 >2ms=0 >5ms=0 >15ms=0 >20ms=0 >30ms=0 | probes=0 wrfail=0 down=0s maxout=0s
  24.047  BLASTC comp=395 exkBps=94 cgap_us[min/avg/max]=2200/2533/5299
  24.047  BLAST phy=2/2 att=395 ok=395 enomem=0 err=0 call_us[min/avg/max]=2188/2521/5288 okgap_max_us=5299
  24.047  t=21s RTT mean=0 min=0 max=0 n=0 to=0 | cancels=0(+0/s) seqbad=0 len_bad=8004 disc=0(0x00) | tot_n=0 tot_to=0 maxever=0 >2ms=0 >5ms=0 >15ms=0 >20ms=0 >30ms=0 | probes=0 wrfail=0 down=0s maxout=0s
  24.047  BLASTC comp=395 exkBps=94 cgap_us[min/avg/max]=2201/2530/7501
  24.098  BLAST phy=2/2 att=395 ok=395 enomem=0 err=0 call_us[min/avg/max]=2126/2519/7490 okgap_max_us=7502
  24.098  t=22s RTT mean=0 min=0 max=0 n=0 to=0 | cancels=0(+0/s) seqbad=0 len_bad=8399 disc=0(0x00) | tot_n=0 tot_to=0 maxever=0 >2ms=0 >5ms=0 >15ms=0 >20ms=0 >30ms=0 | probes=0 wrfail=0 down=0s maxout=0s
  26.035  BLASTC comp=396 exkBps=94 cgap_us[min/avg/max]=2192/2524/5299
  26.035  BLAST phy=2/2 att=396 ok=396 enomem=0 err=0 call_us[min/avg/max]=2120/2513/5287 okgap_max_us=5299
  26.035  t=23s RTT mean=0 min=0 max=0 n=0 to=0 | cancels=0(+0/s) seqbad=0 len_bad=8795 disc=0(0x00) | tot_n=0 tot_to=0 maxever=0 >2ms=0 >5ms=0 >15ms=0 >20ms=0 >30ms=0 | probes=0 wrfail=0 down=0s maxout=0s
  26.088  BLASTC comp=396 exkBps=94 cgap_us[min/avg/max]=2200/2526/10596
  26.088  BLAST phy=2/2 att=396 ok=396 enomem=0 err=0 call_us[min/avg/max]=2184/2515/10584 okgap_max_us=10596
  26.088  t=24s RTT mean=0 min=0 max=0 n=0 to=0 | cancels=0(+0/s) seqbad=0 len_bad=9191 disc=0(0x00) | tot_n=0 tot_to=0 maxever=0 >2ms=0 >5ms=0 >15ms=0 >20ms=0 >30ms=0 | probes=0 wrfail=0 down=0s maxout=0s
  28.027  BLASTC comp=397 exkBps=94 cgap_us[min/avg/max]=2199/2518/5298
  28.027  BLAST phy=2/2 att=397 ok=397 enomem=0 err=0 call_us[min/avg/max]=2130/2506/5287 okgap_max_us=5298
  28.078  t=25s RTT mean=0 min=0 max=0 n=0 to=0 | cancels=0(+0/s) seqbad=0 len_bad=9588 disc=0(0x00) | tot_n=0 tot_to=0 maxever=0 >2ms=0 >5ms=0 >15ms=0 >20ms=0 >30ms=0 | probes=0 wrfail=0 down=0s maxout=0s
  28.078  BLASTC comp=390 exkBps=92 cgap_us[min/avg/max]=2200/2563/10596
  28.078  BLAST phy=2/2 att=390 ok=390 enomem=0 err=0 call_us[min/avg/max]=2127/2551/10584 okgap_max_us=10596
  28.078  t=26s RTT mean=0 min=0 max=0 n=0 to=0 | cancels=0(+0/s) seqbad=0 len_bad=9978 disc=0(0x00) | tot_n=0 tot_to=0 maxever=0 >2ms=0 >5ms=0 >15ms=0 >20ms=0 >30ms=0 | probes=0 wrfail=0 down=0s maxout=0s
  30.010  BLASTC comp=399 exkBps=95 cgap_us[min/avg/max]=2200/2507/5297
  30.065  BLAST phy=2/2 att=399 ok=399 enomem=0 err=0 call_us[min/avg/max]=2188/2496/5287 okgap_max_us=5298
  30.065  t=27s RTT mean=0 min=0 max=0 n=0 to=0 | cancels=0(+0/s) seqbad=0 len_bad=10377 disc=0(0x00) | tot_n=0 tot_to=0 maxever=0 >2ms=0 >5ms=0 >15ms=0 >20ms=0 >30ms=0 | probes=0 wrfail=0 down=0s maxout=0s
  30.065  BLASTC comp=396 exkBps=94 cgap_us[min/avg/max]=2200/2524/10596
  30.065  BLAST phy=2/2 att=396 ok=396 enomem=0 err=0 call_us[min/avg/max]=2126/2513/10584 okgap_max_us=10596
  30.121  t=28s RTT mean=0 min=0 max=0 n=0 to=0 | cancels=0(+0/s) seqbad=0 len_bad=10773 disc=0(0x00) | tot_n=0 tot_to=0 maxever=0 >2ms=0 >5ms=0 >15ms=0 >20ms=0 >30ms=0 | probes=0 wrfail=0 down=0s maxout=0s
  32.010  BLASTC comp=397 exkBps=94 cgap_us[min/avg/max]=2192/2518/5298
  32.063  BLAST phy=2/2 att=397 ok=397 enomem=0 err=0 call_us[min/avg/max]=2120/2506/5287 okgap_max_us=5298
  32.063  t=29s RTT mean=0 min=0 max=0 n=0 to=0 | cancels=0(+0/s) seqbad=0 len_bad=11170 disc=0(0x00) | tot_n=0 tot_to=0 maxever=0 >2ms=0 >5ms=0 >15ms=0 >20ms=0 >30ms=0 | probes=0 wrfail=0 down=0s maxout=0s
  32.063  BLASTC comp=398 exkBps=94 cgap_us[min/avg/max]=2199/2514/7501
  32.063  BLAST phy=2/2 att=398 ok=398 enomem=0 err=0 call_us[min/avg/max]=2184/2502/7490 okgap_max_us=7501
  32.118  t=30s RTT mean=0 min=0 max=0 n=0 to=0 | cancels=0(+0/s) seqbad=0 len_bad=11568 disc=0(0x00) | tot_n=0 tot_to=0 maxever=0 >2ms=0 >5ms=0 >15ms=0 >20ms=0 >30ms=0 | probes=0 wrfail=0 down=0s maxout=0s
  34.009  BLASTC comp=400 exkBps=95 cgap_us[min/avg/max]=2199/2499/3098
  34.065  BLAST phy=2/2 att=400 ok=400 enomem=0 err=0 call_us[min/avg/max]=2130/2487/3087 okgap_max_us=3144
  34.065  t=31s RTT mean=0 min=0 max=0 n=0 to=0 | cancels=0(+0/s) seqbad=0 len_bad=11968 disc=0(0x00) | tot_n=0 tot_to=0 maxever=0 >2ms=0 >5ms=0 >15ms=0 >20ms=0 >30ms=0 | probes=0 wrfail=0 down=0s maxout=0s
  34.065  BLASTC comp=400 exkBps=95 cgap_us[min/avg/max]=2198/2499/3098
  34.065  BLAST phy=2/2 att=400 ok=400 enomem=0 err=0 call_us[min/avg/max]=2127/2487/3093 okgap_max_us=3104
  34.120  t=32s RTT mean=0 min=0 max=0 n=0 to=0 | cancels=0(+0/s) seqbad=0 len_bad=12368 disc=0(0x00) | tot_n=0 tot_to=0 maxever=0 >2ms=0 >5ms=0 >15ms=0 >20ms=0 >30ms=0 | probes=0 wrfail=0 down=0s maxout=0s
  36.014  BLASTC comp=400 exkBps=95 cgap_us[min/avg/max]=2200/2501/3099
  36.014  BLAST phy=2/2 att=400 ok=400 enomem=0 err=0 call_us[min/avg/max]=2188/2490/3088 okgap_max_us=3099
  36.069  t=33s RTT mean=0 min=0 max=0 n=0 to=0 | cancels=0(+0/s) seqbad=0 len_bad=12769 disc=0(0x00) | tot_n=0 tot_to=0 maxever=0 >2ms=0 >5ms=0 >15ms=0 >20ms=0 >30ms=0 | probes=0 wrfail=0 down=0s maxout=0s
  36.069  BLASTC comp=397 exkBps=94 cgap_us[min/avg/max]=2201/2518/7501
  36.069  BLAST phy=2/2 att=397 ok=397 enomem=0 err=0 call_us[min/avg/max]=2126/2506/7490 okgap_max_us=7501
  36.069  t=34s RTT mean=0 min=0 max=0 n=0 to=0 | cancels=0(+0/s) seqbad=0 len_bad=13165 disc=0(0x00) | tot_n=0 tot_to=0 maxever=0 >2ms=0 >5ms=0 >15ms=0 >20ms=0 >30ms=0 | probes=0 wrfail=0 down=0s maxout=0s
  38.026  BLASTC comp=396 exkBps=94 cgap_us[min/avg/max]=2192/2524/10596
  38.027  BLAST phy=2/2 att=396 ok=396 enomem=0 err=0 call_us[min/avg/max]=2121/2513/10585 okgap_max_us=10596
  38.082  t=35s RTT mean=0 min=0 max=0 n=0 to=0 | cancels=0(+0/s) seqbad=0 len_bad=13562 disc=0(0x00) | tot_n=0 tot_to=0 maxever=0 >2ms=0 >5ms=0 >15ms=0 >20ms=0 >30ms=0 | probes=0 wrfail=0 down=0s maxout=0s
  38.082  BLASTC comp=400 exkBps=95 cgap_us[min/avg/max]=2201/2501/3097
  38.082  BLAST phy=2/2 att=400 ok=400 enomem=0 err=0 call_us[min/avg/max]=2184/2490/3086 okgap_max_us=3097
  38.082  t=36s RTT mean=0 min=0 max=0 n=0 to=0 | cancels=0(+0/s) seqbad=0 len_bad=13962 disc=0(0x00) | tot_n=0 tot_to=0 maxever=0 >2ms=0 >5ms=0 >15ms=0 >20ms=0 >30ms=0 | probes=0 wrfail=0 down=0s maxout=0s
  40.035  BLASTC comp=400 exkBps=95 cgap_us[min/avg/max]=2199/2499/3103
  40.036  BLAST phy=2/2 att=400 ok=400 enomem=0 err=0 call_us[min/avg/max]=2130/2487/3099 okgap_max_us=3144
  40.036  t=37s RTT mean=0 min=0 max=0 n=0 to=0 | cancels=0(+0/s) seqbad=0 len_bad=14362 disc=0(0x00) | tot_n=0 tot_to=0 maxever=0 >2ms=0 >5ms=0 >15ms=0 >20ms=0 >30ms=0 | probes=0 wrfail=0 down=0s maxout=0s
  40.090  BLASTC comp=398 exkBps=94 cgap_us[min/avg/max]=2201/2511/5299
  40.090  BLAST phy=2/2 att=398 ok=398 enomem=0 err=0 call_us[min/avg/max]=2127/2500/5287 okgap_max_us=5299
  40.090  t=38s RTT mean=0 min=0 max=0 n=0 to=0 | cancels=0(+0/s) seqbad=0 len_bad=14760 disc=0(0x00) | tot_n=0 tot_to=0 maxever=0 >2ms=0 >5ms=0 >15ms=0 >20ms=0 >30ms=0 | probes=0 wrfail=0 down=0s maxout=0s
  42.031  BLASTC comp=397 exkBps=94 cgap_us[min/avg/max]=2200/2520/10596
  42.031  BLAST phy=2/2 att=397 ok=397 enomem=0 err=0 call_us[min/avg/max]=2185/2509/10584 okgap_max_us=10596
  42.086  t=39s RTT mean=0 min=0 max=0 n=0 to=0 | cancels=0(+0/s) seqbad=0 len_bad=15157 disc=0(0x00) | tot_n=0 tot_to=0 maxever=0 >2ms=0 >5ms=0 >15ms=0 >20ms=0 >30ms=0 | probes=0 wrfail=0 down=0s maxout=0s
  42.087  BLASTC comp=400 exkBps=95 cgap_us[min/avg/max]=2200/2499/3098
  42.087  BLAST phy=2/2 att=400 ok=400 enomem=0 err=0 call_us[min/avg/max]=2126/2487/3092 okgap_max_us=3160
  42.087  t=40s RTT mean=0 min=0 max=0 n=0 to=0 | cancels=0(+0/s) seqbad=0 len_bad=15557 disc=0(0x00) | tot_n=0 tot_to=0 maxever=0 >2ms=0 >5ms=0 >15ms=0 >20ms=0 >30ms=0 | probes=0 wrfail=0 down=0s maxout=0s
  44.029  BLASTC comp=400 exkBps=95 cgap_us[min/avg/max]=2191/2499/3106
  44.029  BLAST phy=2/2 att=400 ok=400 enomem=0 err=0 call_us[min/avg/max]=2121/2487/3094 okgap_max_us=3106
  44.084  t=41s RTT mean=0 min=0 max=0 n=0 to=0 | cancels=0(+0/s) seqbad=0 len_bad=15957 disc=0(0x00) | tot_n=0 tot_to=0 maxever=0 >2ms=0 >5ms=0 >15ms=0 >20ms=0 >30ms=0 | probes=0 wrfail=0 down=0s maxout=0s
  44.084  BLASTC comp=397 exkBps=94 cgap_us[min/avg/max]=2201/2520/10595
  44.084  BLAST phy=2/2 att=397 ok=397 enomem=0 err=0 call_us[min/avg/max]=2184/2509/10585 okgap_max_us=10596
  44.084  t=42s RTT mean=0 min=0 max=0 n=0 to=0 | cancels=0(+0/s) seqbad=0 len_bad=16354 disc=0(0x00) | tot_n=0 tot_to=0 maxever=0 >2ms=0 >5ms=0 >15ms=0 >20ms=0 >30ms=0 | probes=0 wrfail=0 down=0s maxout=0s
