   2.054  *** Booting Zephyr OS build v4.4.2-16-gfee9fbc62095 ***
   2.054  [01:05:01.394,200] [0m<inf> bt_hci_core: HW Platform: Nordic Semiconductor (0x0002)[0m
   2.054  [01:05:01.394,213] [0m<inf> bt_hci_core: HW Variant: nRF54Lx (0x0005)[0m
   2.054  [01:05:01.394,224] [0m<inf> bt_hci_core: Firmware: Standard Bluetooth controller (0x00) Version 4.4 Build 2[0m
   2.054  [01:05:01.394,583] [0m<inf> bt_hci_core: HCI transport: Controller[0m
   2.054  [01:05:01.394,631] [0m<inf> bt_hci_core: Identity: FC:BE:FF:FA:E6:8B (random)[0m
   2.054  [01:05:01.394,647] [0m<inf> bt_hci_core: HCI: version 5.4 (0x0d) revision 0x0000, manufacturer 0x05f1[0m
   2.108  [01:05:01.394,662] [0m<inf> bt_hci_core: LMP: version 5.4 (0x0d) subver 0xffff[0m
   2.108  
   2.108  === nRF54L15 RTT ping-pong CENTRAL ===
   2.108  scan rc=0
   2.109  Q2CONN AA=47e51a81 CRCINIT=0ab479 hop=7 chan_count=37 map=ffffffff1f
   2.109  GAP connected interval=7500
   2.713  MTU err=0 mtu=247
   2.713  PHY tx=2 rx=2
   2.713  discovery start (post-PHY +500ms) interval=7500 phy2m=1
   2.713  SUBSCRIBED, vh=14
   2.713  BLAST: phy_update->2M rc=0
   2.769  BLAST first16_call_us: 127 119 118 120 121 120 121 121 120 114 54 53 53 53 53 53
   3.745  PHY tx=2 rx=2
   3.745  t=1s RTT mean=0 min=0 max=0 n=0 to=0 | cancels=0(+0/s) seqbad=0 len_bad=105 disc=0(0x00) | tot_n=0 tot_to=0 maxever=0 >2ms=0 >5ms=0 >15ms=0 >20ms=0 >30ms=0 | probes=0 wrfail=0 down=0s maxout=0s
   3.798  BLASTC comp=116 exkBps=25 cgap_us[min/avg/max]=129/2598/29111
   3.798  BLAST phy=2/2 att=126 ok=126 enomem=0 err=0 call_us[min/avg/max]=53/2361/28393 okgap_max_us=28404
   5.037  BLASTC comp=395 exkBps=94 cgap_us[min/avg/max]=2391/2531/5102
   5.037  BLAST phy=2/2 att=395 ok=395 enomem=0 err=0 call_us[min/avg/max]=2383/2520/5091 okgap_max_us=5102
   5.037  t=2s RTT mean=0 min=0 max=0 n=0 to=0 | cancels=0(+0/s) seqbad=0 len_bad=500 disc=0(0x00) | tot_n=0 tot_to=0 maxever=0 >2ms=0 >5ms=0 >15ms=0 >20ms=0 >30ms=0 | probes=0 wrfail=0 down=0s maxout=0s
   5.092  BLASTC comp=394 exkBps=93 cgap_us[min/avg/max]=2395/2537/5102
   5.092  BLAST phy=2/2 att=394 ok=394 enomem=0 err=0 call_us[min/avg/max]=2315/2526/5092 okgap_max_us=5103
   5.092  t=3s RTT mean=0 min=0 max=0 n=0 to=0 | cancels=0(+0/s) seqbad=0 len_bad=894 disc=0(0x00) | tot_n=0 tot_to=0 maxever=0 >2ms=0 >5ms=0 >15ms=0 >20ms=0 >30ms=0 | probes=0 wrfail=0 down=0s maxout=0s
   6.709  FSU: request [150..150] us (ACL both dirs, 1M+2M) rc=0
   6.709  BLASTC comp=390 exkBps=92 cgap_us[min/avg/max]=1441/2564/7500
   6.709  BLAST phy=2/2 att=390 ok=390 enomem=0 err=0 call_us[min/avg/max]=1430/2552/7489 okgap_max_us=7500
   6.764  t=4s RTT mean=0 min=0 max=0 n=0 to=0 | cancels=0(+0/s) seqbad=0 len_bad=1283 disc=0(0x00) | tot_n=0 tot_to=0 maxever=0 >2ms=0 >5ms=0 >15ms=0 >20ms=0 >30ms=0 | probes=0 wrfail=0 down=0s maxout=0s
   8.056  BLASTC comp=393 exkBps=93 cgap_us[min/avg/max]=2390/2544/7501
   8.056  BLAST phy=2/2 att=393 ok=393 enomem=0 err=0 call_us[min/avg/max]=2382/2533/7490 okgap_max_us=7501
   8.056  t=5s RTT mean=0 min=0 max=0 n=0 to=0 | cancels=0(+0/s) seqbad=0 len_bad=1676 disc=0(0x00) | tot_n=0 tot_to=0 maxever=0 >2ms=0 >5ms=0 >15ms=0 >20ms=0 >30ms=0 | probes=0 wrfail=0 down=0s maxout=0s
   8.056  BLASTC comp=390 exkBps=92 cgap_us[min/avg/max]=2396/2563/5102
   8.056  BLAST phy=2/2 att=390 ok=390 enomem=0 err=0 call_us[min/avg/max]=2328/2552/5092 okgap_max_us=5103
   8.108  t=6s RTT mean=0 min=0 max=0 n=0 to=0 | cancels=0(+0/s) seqbad=0 len_bad=2066 disc=0(0x00) | tot_n=0 tot_to=0 maxever=0 >2ms=0 >5ms=0 >15ms=0 >20ms=0 >30ms=0 | probes=0 wrfail=0 down=0s maxout=0s
  10.055  BLASTC comp=394 exkBps=93 cgap_us[min/avg/max]=2395/2538/7499
  10.055  BLAST phy=2/2 att=394 ok=394 enomem=0 err=0 call_us[min/avg/max]=2380/2526/7489 okgap_max_us=7500
  10.055  t=7s RTT mean=0 min=0 max=0 n=0 to=0 | cancels=0(+0/s) seqbad=0 len_bad=2460 disc=0(0x00) | tot_n=0 tot_to=0 maxever=0 >2ms=0 >5ms=0 >15ms=0 >20ms=0 >30ms=0 | probes=0 wrfail=0 down=0s maxout=0s
  10.055  BLASTC comp=395 exkBps=94 cgap_us[min/avg/max]=2394/2531/7500
  10.055  BLAST phy=2/2 att=395 ok=395 enomem=0 err=0 call_us[min/avg/max]=2383/2520/7490 okgap_max_us=7501
  10.110  t=8s RTT mean=0 min=0 max=0 n=0 to=0 | cancels=0(+0/s) seqbad=0 len_bad=2855 disc=0(0x00) | tot_n=0 tot_to=0 maxever=0 >2ms=0 >5ms=0 >15ms=0 >20ms=0 >30ms=0 | probes=0 wrfail=0 down=0s maxout=0s
  12.042  BLASTC comp=396 exkBps=94 cgap_us[min/avg/max]=2393/2524/4999
  12.042  BLAST phy=2/2 att=396 ok=396 enomem=0 err=0 call_us[min/avg/max]=2315/2513/4988 okgap_max_us=4999
  12.042  t=9s RTT mean=0 min=0 max=0 n=0 to=0 | cancels=0(+0/s) seqbad=0 len_bad=3251 disc=0(0x00) | tot_n=0 tot_to=0 maxever=0 >2ms=0 >5ms=0 >15ms=0 >20ms=0 >30ms=0 | probes=0 wrfail=0 down=0s maxout=0s
  12.042  BLASTC comp=394 exkBps=93 cgap_us[min/avg/max]=2396/2538/5001
  12.095  BLAST phy=2/2 att=394 ok=394 enomem=0 err=0 call_us[min/avg/max]=2384/2526/4990 okgap_max_us=5001
  12.095  t=10s RTT mean=0 min=0 max=0 n=0 to=0 | cancels=0(+0/s) seqbad=0 len_bad=3645 disc=0(0x00) | tot_n=0 tot_to=0 maxever=0 >2ms=0 >5ms=0 >15ms=0 >20ms=0 >30ms=0 | probes=0 wrfail=0 down=0s maxout=0s
  14.033  BLASTC comp=390 exkBps=92 cgap_us[min/avg/max]=2393/2564/7500
  14.033  BLAST phy=2/2 att=390 ok=390 enomem=0 err=0 call_us[min/avg/max]=2382/2552/7489 okgap_max_us=7500
  14.033  t=11s RTT mean=0 min=0 max=0 n=0 to=0 | cancels=0(+0/s) seqbad=0 len_bad=4035 disc=0(0x00) | tot_n=0 tot_to=0 maxever=0 >2ms=0 >5ms=0 >15ms=0 >20ms=0 >30ms=0 | probes=0 wrfail=0 down=0s maxout=0s
  14.088  BLASTC comp=391 exkBps=93 cgap_us[min/avg/max]=2396/2557/5002
  14.088  BLAST phy=2/2 att=391 ok=391 enomem=0 err=0 call_us[min/avg/max]=2330/2545/4990 okgap_max_us=5001
  14.088  t=12s RTT mean=0 min=0 max=0 n=0 to=0 | cancels=0(+0/s) seqbad=0 len_bad=4426 disc=0(0x00) | tot_n=0 tot_to=0 maxever=0 >2ms=0 >5ms=0 >15ms=0 >20ms=0 >30ms=0 | probes=0 wrfail=0 down=0s maxout=0s
  16.034  BLASTC comp=396 exkBps=94 cgap_us[min/avg/max]=2394/2525/4999
  16.034  BLAST phy=2/2 att=396 ok=396 enomem=0 err=0 call_us[min/avg/max]=2379/2513/4988 okgap_max_us=4999
  16.034  t=13s RTT mean=0 min=0 max=0 n=0 to=0 | cancels=0(+0/s) seqbad=0 len_bad=4822 disc=0(0x00) | tot_n=0 tot_to=0 maxever=0 >2ms=0 >5ms=0 >15ms=0 >20ms=0 >30ms=0 | probes=0 wrfail=0 down=0s maxout=0s
  16.090  BLASTC comp=394 exkBps=93 cgap_us[min/avg/max]=2393/2538/5000
  16.090  BLAST phy=2/2 att=394 ok=394 enomem=0 err=0 call_us[min/avg/max]=2382/2526/4989 okgap_max_us=5000
  16.090  t=14s RTT mean=0 min=0 max=0 n=0 to=0 | cancels=0(+0/s) seqbad=0 len_bad=5216 disc=0(0x00) | tot_n=0 tot_to=0 maxever=0 >2ms=0 >5ms=0 >15ms=0 >20ms=0 >30ms=0 | probes=0 wrfail=0 down=0s maxout=0s
  18.044  BLASTC comp=390 exkBps=92 cgap_us[min/avg/max]=2393/2563/5106
  18.044  BLAST phy=2/2 att=390 ok=390 enomem=0 err=0 call_us[min/avg/max]=2314/2552/5095 okgap_max_us=5106
  18.044  t=15s RTT mean=0 min=0 max=0 n=0 to=0 | cancels=0(+0/s) seqbad=0 len_bad=5607 disc=0(0x00) | tot_n=0 tot_to=0 maxever=0 >2ms=0 >5ms=0 >15ms=0 >20ms=0 >30ms=0 | probes=0 wrfail=0 down=0s maxout=0s
  18.044  BLASTC comp=395 exkBps=94 cgap_us[min/avg/max]=2395/2531/5000
  18.100  BLAST phy=2/2 att=395 ok=395 enomem=0 err=0 call_us[min/avg/max]=2384/2520/4988 okgap_max_us=4999
  18.100  t=16s RTT mean=0 min=0 max=0 n=0 to=0 | cancels=0(+0/s) seqbad=0 len_bad=6002 disc=0(0x00) | tot_n=0 tot_to=0 maxever=0 >2ms=0 >5ms=0 >15ms=0 >20ms=0 >30ms=0 | probes=0 wrfail=0 down=0s maxout=0s
  20.045  BLASTC comp=399 exkBps=95 cgap_us[min/avg/max]=2396/2506/4999
  20.045  BLAST phy=2/2 att=399 ok=399 enomem=0 err=0 call_us[min/avg/max]=2384/2495/4987 okgap_max_us=4999
  20.045  t=17s RTT mean=0 min=0 max=0 n=0 to=0 | cancels=0(+0/s) seqbad=0 len_bad=6401 disc=0(0x00) | tot_n=0 tot_to=0 maxever=0 >2ms=0 >5ms=0 >15ms=0 >20ms=0 >30ms=0 | probes=0 wrfail=0 down=0s maxout=0s
  20.045  BLASTC comp=397 exkBps=94 cgap_us[min/avg/max]=2396/2518/5103
  20.096  BLAST phy=2/2 att=397 ok=397 enomem=0 err=0 call_us[min/avg/max]=2321/2507/5091 okgap_max_us=5103
  20.097  t=18s RTT mean=0 min=0 max=0 n=0 to=0 | cancels=0(+0/s) seqbad=0 len_bad=6798 disc=0(0x00) | tot_n=0 tot_to=0 maxever=0 >2ms=0 >5ms=0 >15ms=0 >20ms=0 >30ms=0 | probes=0 wrfail=0 down=0s maxout=0s
  22.023  BLASTC comp=391 exkBps=93 cgap_us[min/avg/max]=2394/2557/10106
  22.023  BLAST phy=2/2 att=391 ok=391 enomem=0 err=0 call_us[min/avg/max]=2383/2546/10094 okgap_max_us=10106
  22.078  t=19s RTT mean=0 min=0 max=0 n=0 to=0 | cancels=0(+0/s) seqbad=0 len_bad=7189 disc=0(0x00) | tot_n=0 tot_to=0 maxever=0 >2ms=0 >5ms=0 >15ms=0 >20ms=0 >30ms=0 | probes=0 wrfail=0 down=0s maxout=0s
  22.078  BLASTC comp=394 exkBps=93 cgap_us[min/avg/max]=2396/2538/7500
  22.078  BLAST phy=2/2 att=394 ok=394 enomem=0 err=0 call_us[min/avg/max]=2384/2526/7489 okgap_max_us=7500
  22.078  t=20s RTT mean=0 min=0 max=0 n=0 to=0 | cancels=0(+0/s) seqbad=0 len_bad=7583 disc=0(0x00) | tot_n=0 tot_to=0 maxever=0 >2ms=0 >5ms=0 >15ms=0 >20ms=0 >30ms=0 | probes=0 wrfail=0 down=0s maxout=0s
  24.035  BLASTC comp=395 exkBps=94 cgap_us[min/avg/max]=2386/2531/5000
  24.035  BLAST phy=2/2 att=395 ok=395 enomem=0 err=0 call_us[min/avg/max]=2302/2519/4988 okgap_max_us=4999
  24.035  t=21s RTT mean=0 min=0 max=0 n=0 to=0 | cancels=0(+0/s) seqbad=0 len_bad=7978 disc=0(0x00) | tot_n=0 tot_to=0 maxever=0 >2ms=0 >5ms=0 >15ms=0 >20ms=0 >30ms=0 | probes=0 wrfail=0 down=0s maxout=0s
  24.090  BLASTC comp=396 exkBps=94 cgap_us[min/avg/max]=2395/2525/4999
  24.090  BLAST phy=2/2 att=396 ok=396 enomem=0 err=0 call_us[min/avg/max]=2383/2513/4988 okgap_max_us=4999
  24.090  t=22s RTT mean=0 min=0 max=0 n=0 to=0 | cancels=0(+0/s) seqbad=0 len_bad=8374 disc=0(0x00) | tot_n=0 tot_to=0 maxever=0 >2ms=0 >5ms=0 >15ms=0 >20ms=0 >30ms=0 | probes=0 wrfail=0 down=0s maxout=0s
  26.042  BLASTC comp=400 exkBps=95 cgap_us[min/avg/max]=2396/2506/4999
  26.042  BLAST phy=2/2 att=400 ok=400 enomem=0 err=0 call_us[min/avg/max]=2384/2494/4988 okgap_max_us=2609
  26.042  t=23s RTT mean=0 min=0 max=0 n=0 to=0 | cancels=0(+0/s) seqbad=0 len_bad=8773 disc=0(0x00) | tot_n=0 tot_to=0 maxever=0 >2ms=0 >5ms=0 >15ms=0 >20ms=0 >30ms=0 | probes=0 wrfail=0 down=0s maxout=0s
  26.042  BLASTC comp=393 exkBps=93 cgap_us[min/avg/max]=2396/2538/5001
  26.098  BLAST phy=2/2 att=393 ok=393 enomem=0 err=0 call_us[min/avg/max]=2384/2526/4990 okgap_max_us=5065
  26.098  t=24s RTT mean=0 min=0 max=0 n=0 to=0 | cancels=0(+0/s) seqbad=0 len_bad=9167 disc=0(0x00) | tot_n=0 tot_to=0 maxever=0 >2ms=0 >5ms=0 >15ms=0 >20ms=0 >30ms=0 | probes=0 wrfail=0 down=0s maxout=0s
  28.054  BLASTC comp=395 exkBps=94 cgap_us[min/avg/max]=2393/2531/5103
  28.054  BLAST phy=2/2 att=395 ok=395 enomem=0 err=0 call_us[min/avg/max]=2382/2520/5091 okgap_max_us=5102
  28.054  t=25s RTT mean=0 min=0 max=0 n=0 to=0 | cancels=0(+0/s) seqbad=0 len_bad=9562 disc=0(0x00) | tot_n=0 tot_to=0 maxever=0 >2ms=0 >5ms=0 >15ms=0 >20ms=0 >30ms=0 | probes=0 wrfail=0 down=0s maxout=0s
  28.054  BLASTC comp=394 exkBps=93 cgap_us[min/avg/max]=2396/2538/7500
  28.054  BLAST phy=2/2 att=394 ok=394 enomem=0 err=0 call_us[min/avg/max]=2384/2526/7489 okgap_max_us=7500
  28.109  t=26s RTT mean=0 min=0 max=0 n=0 to=0 | cancels=0(+0/s) seqbad=0 len_bad=9956 disc=0(0x00) | tot_n=0 tot_to=0 maxever=0 >2ms=0 >5ms=0 >15ms=0 >20ms=0 >30ms=0 | probes=0 wrfail=0 down=0s maxout=0s
  30.013  BLASTC comp=399 exkBps=95 cgap_us[min/avg/max]=2386/2506/5102
  30.013  BLAST phy=2/2 att=399 ok=399 enomem=0 err=0 call_us[min/avg/max]=2303/2494/5090 okgap_max_us=5102
  30.064  t=27s RTT mean=0 min=0 max=0 n=0 to=0 | cancels=0(+0/s) seqbad=0 len_bad=10355 disc=0(0x00) | tot_n=0 tot_to=0 maxever=0 >2ms=0 >5ms=0 >15ms=0 >20ms=0 >30ms=0 | probes=0 wrfail=0 down=0s maxout=0s
  30.064  BLASTC comp=400 exkBps=95 cgap_us[min/avg/max]=2393/2499/2609
  30.064  BLAST phy=2/2 att=400 ok=400 enomem=0 err=0 call_us[min/avg/max]=2382/2488/2604 okgap_max_us=2615
  30.119  t=28s RTT mean=0 min=0 max=0 n=0 to=0 | cancels=0(+0/s) seqbad=0 len_bad=10755 disc=0(0x00) | tot_n=0 tot_to=0 maxever=0 >2ms=0 >5ms=0 >15ms=0 >20ms=0 >30ms=0 | probes=0 wrfail=0 down=0s maxout=0s
  32.012  BLASTC comp=400 exkBps=95 cgap_us[min/avg/max]=2396/2500/2609
  32.067  BLAST phy=2/2 att=400 ok=400 enomem=0 err=0 call_us[min/avg/max]=2384/2488/2598 okgap_max_us=2610
  32.067  t=29s RTT mean=0 min=0 max=0 n=0 to=0 | cancels=0(+0/s) seqbad=0 len_bad=11155 disc=0(0x00) | tot_n=0 tot_to=0 maxever=0 >2ms=0 >5ms=0 >15ms=0 >20ms=0 >30ms=0 | probes=0 wrfail=0 down=0s maxout=0s
  32.067  BLASTC comp=400 exkBps=95 cgap_us[min/avg/max]=2396/2499/2615
  32.067  BLAST phy=2/2 att=400 ok=400 enomem=0 err=0 call_us[min/avg/max]=2321/2488/2597 okgap_max_us=2671
  32.120  t=30s RTT mean=0 min=0 max=0 n=0 to=0 | cancels=0(+0/s) seqbad=0 len_bad=11556 disc=0(0x00) | tot_n=0 tot_to=0 maxever=0 >2ms=0 >5ms=0 >15ms=0 >20ms=0 >30ms=0 | probes=0 wrfail=0 down=0s maxout=0s
  34.026  BLASTC comp=370 exkBps=88 cgap_us[min/avg/max]=2394/2702/25107
  34.026  BLAST phy=2/2 att=370 ok=370 enomem=0 err=0 call_us[min/avg/max]=2382/2691/25096 okgap_max_us=25107
  34.078  t=31s RTT mean=0 min=0 max=0 n=0 to=0 | cancels=0(+0/s) seqbad=0 len_bad=11926 disc=0(0x00) | tot_n=0 tot_to=0 maxever=0 >2ms=0 >5ms=0 >15ms=0 >20ms=0 >30ms=0 | probes=0 wrfail=0 down=0s maxout=0s
  34.078  BLASTC comp=385 exkBps=91 cgap_us[min/avg/max]=2396/2597/10107
  34.078  BLAST phy=2/2 att=385 ok=385 enomem=0 err=0 call_us[min/avg/max]=2384/2586/10096 okgap_max_us=10107
  34.078  t=32s RTT mean=0 min=0 max=0 n=0 to=0 | cancels=0(+0/s) seqbad=0 len_bad=12311 disc=0(0x00) | tot_n=0 tot_to=0 maxever=0 >2ms=0 >5ms=0 >15ms=0 >20ms=0 >30ms=0 | probes=0 wrfail=0 down=0s maxout=0s
  36.026  BLASTC comp=396 exkBps=94 cgap_us[min/avg/max]=2387/2524/10106
  36.026  BLAST phy=2/2 att=396 ok=396 enomem=0 err=0 call_us[min/avg/max]=2303/2513/10095 okgap_max_us=10106
  36.078  t=33s RTT mean=0 min=0 max=0 n=0 to=0 | cancels=0(+0/s) seqbad=0 len_bad=12707 disc=0(0x00) | tot_n=0 tot_to=0 maxever=0 >2ms=0 >5ms=0 >15ms=0 >20ms=0 >30ms=0 | probes=0 wrfail=0 down=0s maxout=0s
  36.078  BLASTC comp=398 exkBps=94 cgap_us[min/avg/max]=2396/2512/5000
  36.078  BLAST phy=2/2 att=398 ok=398 enomem=0 err=0 call_us[min/avg/max]=2384/2501/4988 okgap_max_us=4999
  36.078  t=34s RTT mean=0 min=0 max=0 n=0 to=0 | cancels=0(+0/s) seqbad=0 len_bad=13105 disc=0(0x00) | tot_n=0 tot_to=0 maxever=0 >2ms=0 >5ms=0 >15ms=0 >20ms=0 >30ms=0 | probes=0 wrfail=0 down=0s maxout=0s
  38.028  BLASTC comp=396 exkBps=94 cgap_us[min/avg/max]=2395/2525/5102
  38.028  BLAST phy=2/2 att=396 ok=396 enomem=0 err=0 call_us[min/avg/max]=2380/2514/5090 okgap_max_us=5102
  38.080  t=35s RTT mean=0 min=0 max=0 n=0 to=0 | cancels=0(+0/s) seqbad=0 len_bad=13501 disc=0(0x00) | tot_n=0 tot_to=0 maxever=0 >2ms=0 >5ms=0 >15ms=0 >20ms=0 >30ms=0 | probes=0 wrfail=0 down=0s maxout=0s
  38.081  BLASTC comp=398 exkBps=94 cgap_us[min/avg/max]=2395/2512/4999
  38.081  BLAST phy=2/2 att=398 ok=398 enomem=0 err=0 call_us[min/avg/max]=2321/2500/4988 okgap_max_us=5000
  38.081  t=36s RTT mean=0 min=0 max=0 n=0 to=0 | cancels=0(+0/s) seqbad=0 len_bad=13899 disc=0(0x00) | tot_n=0 tot_to=0 maxever=0 >2ms=0 >5ms=0 >15ms=0 >20ms=0 >30ms=0 | probes=0 wrfail=0 down=0s maxout=0s
  40.037  BLASTC comp=396 exkBps=94 cgap_us[min/avg/max]=2394/2525/7498
  40.037  BLAST phy=2/2 att=396 ok=396 enomem=0 err=0 call_us[min/avg/max]=2382/2513/7487 okgap_max_us=7498
  40.037  t=37s RTT mean=0 min=0 max=0 n=0 to=0 | cancels=0(+0/s) seqbad=0 len_bad=14295 disc=0(0x00) | tot_n=0 tot_to=0 maxever=0 >2ms=0 >5ms=0 >15ms=0 >20ms=0 >30ms=0 | probes=0 wrfail=0 down=0s maxout=0s
  40.093  BLASTC comp=394 exkBps=93 cgap_us[min/avg/max]=2396/2538/5102
  40.093  BLAST phy=2/2 att=394 ok=394 enomem=0 err=0 call_us[min/avg/max]=2384/2526/5091 okgap_max_us=5102
  40.093  t=38s RTT mean=0 min=0 max=0 n=0 to=0 | cancels=0(+0/s) seqbad=0 len_bad=14689 disc=0(0x00) | tot_n=0 tot_to=0 maxever=0 >2ms=0 >5ms=0 >15ms=0 >20ms=0 >30ms=0 | probes=0 wrfail=0 down=0s maxout=0s
  42.044  BLASTC comp=395 exkBps=94 cgap_us[min/avg/max]=2386/2531/5000
  42.044  BLAST phy=2/2 att=395 ok=395 enomem=0 err=0 call_us[min/avg/max]=2301/2519/4990 okgap_max_us=5001
  42.044  t=39s RTT mean=0 min=0 max=0 n=0 to=0 | cancels=0(+0/s) seqbad=0 len_bad=15084 disc=0(0x00) | tot_n=0 tot_to=0 maxever=0 >2ms=0 >5ms=0 >15ms=0 >20ms=0 >30ms=0 | probes=0 wrfail=0 down=0s maxout=0s
  42.044  BLASTC comp=397 exkBps=94 cgap_us[min/avg/max]=2396/2518/5000
  42.099  BLAST phy=2/2 att=397 ok=397 enomem=0 err=0 call_us[min/avg/max]=2384/2507/4988 okgap_max_us=4999
  42.099  t=40s RTT mean=0 min=0 max=0 n=0 to=0 | cancels=0(+0/s) seqbad=0 len_bad=15481 disc=0(0x00) | tot_n=0 tot_to=0 maxever=0 >2ms=0 >5ms=0 >15ms=0 >20ms=0 >30ms=0 | probes=0 wrfail=0 down=0s maxout=0s
  44.003  BLASTC comp=393 exkBps=93 cgap_us[min/avg/max]=2395/2544/5102
  44.059  BLAST phy=2/2 att=393 ok=393 enomem=0 err=0 call_us[min/avg/max]=2380/2533/5091 okgap_max_us=5103
  44.059  t=41s RTT mean=0 min=0 max=0 n=0 to=0 | cancels=0(+0/s) seqbad=0 len_bad=15874 disc=0(0x00) | tot_n=0 tot_to=0 maxever=0 >2ms=0 >5ms=0 >15ms=0 >20ms=0 >30ms=0 | probes=0 wrfail=0 down=0s maxout=0s
  44.059  BLASTC comp=397 exkBps=94 cgap_us[min/avg/max]=2393/2518/4999
  44.059  BLAST phy=2/2 att=397 ok=397 enomem=0 err=0 call_us[min/avg/max]=2321/2507/4988 okgap_max_us=5000
  44.114  t=42s RTT mean=0 min=0 max=0 n=0 to=0 | cancels=0(+0/s) seqbad=0 len_bad=16271 disc=0(0x00) | tot_n=0 tot_to=0 maxever=0 >2ms=0 >5ms=0 >15ms=0 >20ms=0 >30ms=0 | probes=0 wrfail=0 down=0s maxout=0s
