   1.682  *** Booting Zephyr OS build v4.4.2-16-gfee9fbc62095 ***
   1.682  [01:01:50.946,108] [0m<inf> bt_hci_core: HW Platform: Nordic Semiconductor (0x0002)[0m
   1.732  [01:01:50.946,121] [0m<inf> bt_hci_core: HW Variant: nRF54Lx (0x0005)[0m
   1.732  [01:01:50.946,133] [0m<inf> bt_hci_core: Firmware: Standard Bluetooth controller (0x00) Version 4.4 Build 2[0m
   1.732  [01:01:50.946,475] [0m<inf> bt_hci_core: HCI transport: Controller[0m
   1.732  [01:01:50.946,521] [0m<inf> bt_hci_core: Identity: D6:C7:60:B1:D3:0E (random)[0m
   1.732  [01:01:50.946,537] [0m<inf> bt_hci_core: HCI: version 5.4 (0x0d) revision 0x0000, manufacturer 0x05f1[0m
   1.732  [01:01:50.946,552] [0m<inf> bt_hci_core: LMP: version 5.4 (0x0d) subver 0xffff[0m
   1.732  
   1.732  === nRF54L15 RTT ping-pong PERIPHERAL (echo) ===
   1.732  advertising
   2.980  GAP connected interval=7500
   2.980  PHY tx=2 rx=2
   2.980  CCC: notify ENABLED
   2.980  P t=1s rxkBps=6 blkkBps=0 pongs=26(+26/s) cancels=0(+0/s) notify=1 disc=0(0x00) | echo rx=0 tx=0 pend=0 stale=0
   4.698  P t=2s rxkBps=94 blkkBps=0 pongs=422(+396/s) cancels=0(+0/s) notify=1 disc=0(0x00) | echo rx=0 tx=0 pend=0 stale=0
   4.698  P t=3s rxkBps=86 blkkBps=0 pongs=787(+365/s) cancels=0(+0/s) notify=1 disc=0(0x00) | echo rx=0 tx=0 pend=0 stale=0
   6.696  P t=4s rxkBps=91 blkkBps=0 pongs=1173(+386/s) cancels=0(+0/s) notify=1 disc=0(0x00) | echo rx=0 tx=0 pend=0 stale=0
   6.696  P t=5s rxkBps=94 blkkBps=0 pongs=1568(+395/s) cancels=0(+0/s) notify=1 disc=0(0x00) | echo rx=0 tx=0 pend=0 stale=0
   8.702  P t=6s rxkBps=94 blkkBps=0 pongs=1965(+397/s) cancels=0(+0/s) notify=1 disc=0(0x00) | echo rx=0 tx=0 pend=0 stale=0
   8.702  P t=7s rxkBps=94 blkkBps=0 pongs=2363(+398/s) cancels=0(+0/s) notify=1 disc=0(0x00) | echo rx=0 tx=0 pend=0 stale=0
  10.692  P t=8s rxkBps=93 blkkBps=0 pongs=2755(+392/s) cancels=0(+0/s) notify=1 disc=0(0x00) | echo rx=0 tx=0 pend=0 stale=0
  10.693  P t=9s rxkBps=93 blkkBps=0 pongs=3147(+392/s) cancels=0(+0/s) notify=1 disc=0(0x00) | echo rx=0 tx=0 pend=0 stale=0
  12.688  P t=10s rxkBps=93 blkkBps=0 pongs=3541(+394/s) cancels=0(+0/s) notify=1 disc=0(0x00) | echo rx=0 tx=0 pend=0 stale=0
  12.688  P t=11s rxkBps=93 blkkBps=0 pongs=3935(+394/s) cancels=0(+0/s) notify=1 disc=0(0x00) | echo rx=0 tx=0 pend=0 stale=0
  14.688  P t=12s rxkBps=94 blkkBps=0 pongs=4330(+395/s) cancels=0(+0/s) notify=1 disc=0(0x00) | echo rx=0 tx=0 pend=0 stale=0
  14.688  P t=13s rxkBps=93 blkkBps=0 pongs=4722(+392/s) cancels=0(+0/s) notify=1 disc=0(0x00) | echo rx=0 tx=0 pend=0 stale=0
  16.698  P t=14s rxkBps=92 blkkBps=0 pongs=5112(+390/s) cancels=0(+0/s) notify=1 disc=0(0x00) | echo rx=0 tx=0 pend=0 stale=0
  16.698  P t=15s rxkBps=94 blkkBps=0 pongs=5508(+396/s) cancels=0(+0/s) notify=1 disc=0(0x00) | echo rx=0 tx=0 pend=0 stale=0
  18.693  P t=16s rxkBps=93 blkkBps=0 pongs=5902(+394/s) cancels=0(+0/s) notify=1 disc=0(0x00) | echo rx=0 tx=0 pend=0 stale=0
  18.694  P t=17s rxkBps=93 blkkBps=0 pongs=6294(+392/s) cancels=0(+0/s) notify=1 disc=0(0x00) | echo rx=0 tx=0 pend=0 stale=0
  20.730  P t=18s rxkBps=91 blkkBps=0 pongs=6680(+386/s) cancels=0(+0/s) notify=1 disc=0(0x00) | echo rx=0 tx=0 pend=0 stale=0
  20.731  P t=19s rxkBps=93 blkkBps=0 pongs=7074(+394/s) cancels=0(+0/s) notify=1 disc=0(0x00) | echo rx=0 tx=0 pend=0 stale=0
  22.679  P t=20s rxkBps=95 blkkBps=0 pongs=7473(+399/s) cancels=0(+0/s) notify=1 disc=0(0x00) | echo rx=0 tx=0 pend=0 stale=0
  22.734  P t=21s rxkBps=92 blkkBps=0 pongs=7861(+388/s) cancels=0(+0/s) notify=1 disc=0(0x00) | echo rx=0 tx=0 pend=0 stale=0
  24.722  P t=22s rxkBps=90 blkkBps=0 pongs=8240(+379/s) cancels=0(+0/s) notify=1 disc=0(0x00) | echo rx=0 tx=0 pend=0 stale=0
  24.722  P t=23s rxkBps=91 blkkBps=0 pongs=8625(+385/s) cancels=0(+0/s) notify=1 disc=0(0x00) | echo rx=0 tx=0 pend=0 stale=0
  26.716  P t=24s rxkBps=91 blkkBps=0 pongs=9010(+385/s) cancels=0(+0/s) notify=1 disc=0(0x00) | echo rx=0 tx=0 pend=0 stale=0
  26.716  P t=25s rxkBps=95 blkkBps=0 pongs=9409(+399/s) cancels=0(+0/s) notify=1 disc=0(0x00) | echo rx=0 tx=0 pend=0 stale=0
  28.724  P t=26s rxkBps=94 blkkBps=0 pongs=9804(+395/s) cancels=0(+0/s) notify=1 disc=0(0x00) | echo rx=0 tx=0 pend=0 stale=0
  28.724  P t=27s rxkBps=94 blkkBps=0 pongs=10200(+396/s) cancels=0(+0/s) notify=1 disc=0(0x00) | echo rx=0 tx=0 pend=0 stale=0
  30.727  P t=28s rxkBps=93 blkkBps=0 pongs=10593(+393/s) cancels=0(+0/s) notify=1 disc=0(0x00) | echo rx=0 tx=0 pend=0 stale=0
  30.727  P t=29s rxkBps=94 blkkBps=0 pongs=10989(+396/s) cancels=0(+0/s) notify=1 disc=0(0x00) | echo rx=0 tx=0 pend=0 stale=0
  32.682  P t=30s rxkBps=94 blkkBps=0 pongs=11385(+396/s) cancels=0(+0/s) notify=1 disc=0(0x00) | echo rx=0 tx=0 pend=0 stale=0
  32.737  P t=31s rxkBps=93 blkkBps=0 pongs=11778(+393/s) cancels=0(+0/s) notify=1 disc=0(0x00) | echo rx=0 tx=0 pend=0 stale=0
  34.686  P t=32s rxkBps=93 blkkBps=0 pongs=12169(+391/s) cancels=0(+0/s) notify=1 disc=0(0x00) | echo rx=0 tx=0 pend=0 stale=0
  34.741  P t=33s rxkBps=92 blkkBps=0 pongs=12558(+389/s) cancels=0(+0/s) notify=1 disc=0(0x00) | echo rx=0 tx=0 pend=0 stale=0
  36.701  P t=34s rxkBps=95 blkkBps=0 pongs=12957(+399/s) cancels=0(+0/s) notify=1 disc=0(0x00) | echo rx=0 tx=0 pend=0 stale=0
  36.701  P t=35s rxkBps=94 blkkBps=0 pongs=13353(+396/s) cancels=0(+0/s) notify=1 disc=0(0x00) | echo rx=0 tx=0 pend=0 stale=0
  38.684  P t=36s rxkBps=94 blkkBps=0 pongs=13748(+395/s) cancels=0(+0/s) notify=1 disc=0(0x00) | echo rx=0 tx=0 pend=0 stale=0
  38.737  P t=37s rxkBps=93 blkkBps=0 pongs=14142(+394/s) cancels=0(+0/s) notify=1 disc=0(0x00) | echo rx=0 tx=0 pend=0 stale=0
  40.711  P t=38s rxkBps=94 blkkBps=0 pongs=14537(+395/s) cancels=0(+0/s) notify=1 disc=0(0x00) | echo rx=0 tx=0 pend=0 stale=0
  40.711  P t=39s rxkBps=94 blkkBps=0 pongs=14934(+397/s) cancels=0(+0/s) notify=1 disc=0(0x00) | echo rx=0 tx=0 pend=0 stale=0
  42.714  P t=40s rxkBps=88 blkkBps=0 pongs=15306(+372/s) cancels=0(+0/s) notify=1 disc=0(0x00) | echo rx=0 tx=0 pend=0 stale=0
  42.714  P t=41s rxkBps=79 blkkBps=0 pongs=15638(+332/s) cancels=0(+0/s) notify=1 disc=0(0x00) | echo rx=0 tx=0 pend=0 stale=0
  44.733  P t=42s rxkBps=90 blkkBps=0 pongs=16019(+381/s) cancels=0(+0/s) notify=1 disc=0(0x00) | echo rx=0 tx=0 pend=0 stale=0
  44.733  P t=43s rxkBps=94 blkkBps=0 pongs=16415(+396/s) cancels=0(+0/s) notify=1 disc=0(0x00) | echo rx=0 tx=0 pend=0 stale=0
