   1.876  *** Booting Zephyr OS build v4.4.2-16-gfee9fbc62095 ***
   1.931  [00:59:32.907,246] [0m<inf> bt_hci_core: HW Platform: Nordic Semiconductor (0x0002)[0m
   1.931  [00:59:32.907,259] [0m<inf> bt_hci_core: HW Variant: nRF54Lx (0x0005)[0m
   1.931  [00:59:32.907,270] [0m<inf> bt_hci_core: Firmware: Standard Bluetooth controller (0x00) Version 4.4 Build 2[0m
   1.931  [00:59:32.907,629] [0m<inf> bt_hci_core: HCI transport: Controller[0m
   1.931  [00:59:32.907,677] [0m<inf> bt_hci_core: Identity: FC:BE:FF:FA:E6:8B (random)[0m
   1.931  [00:59:32.907,693] [0m<inf> bt_hci_core: HCI: version 5.4 (0x0d) revision 0x0000, manufacturer 0x05f1[0m
   1.931  [00:59:32.907,708] [0m<inf> bt_hci_core: LMP: version 5.4 (0x0d) subver 0xffff[0m
   1.931  
   1.982  === nRF54L15 RTT ping-pong CENTRAL ===
   1.982  scan rc=0
   1.982  Q2CONN AA=1566f3bd CRCINIT=74bcf9 hop=14 chan_count=37 map=ffffffff1f
   1.982  GAP connected interval=7500
   1.982  MTU err=0 mtu=247
   2.618  PHY tx=2 rx=2
   2.619  discovery start (post-PHY +500ms) interval=7500 phy2m=1
   2.619  SUBSCRIBED, vh=14
   2.619  BLAST: phy_update->2M rc=0
   2.619  BLAST first16_call_us: 147 135 142 135 136 136 136 135 136 205 56 54 54 53 54 54
   3.648  PHY tx=2 rx=2
   3.648  t=1s RTT mean=0 min=0 max=0 n=0 to=0 | cancels=0(+0/s) seqbad=0 len_bad=107 disc=0(0x00) | tot_n=0 tot_to=0 maxever=0 >2ms=0 >5ms=0 >15ms=0 >20ms=0 >30ms=0 | probes=0 wrfail=0 down=0s maxout=0s
   3.648  BLASTC comp=119 exkBps=25 cgap_us[min/avg/max]=146/2533/24013
   3.703  BLAST phy=2/2 att=129 ok=129 enomem=0 err=0 call_us[min/avg/max]=53/2307/24008 okgap_max_us=24019
   4.890  t=2s RTT mean=0 min=0 max=0 n=0 to=0 | cancels=0(+0/s) seqbad=0 len_bad=502 disc=0(0x00) | tot_n=0 tot_to=0 maxever=0 >2ms=0 >5ms=0 >15ms=0 >20ms=0 >30ms=0 | probes=0 wrfail=0 down=0s maxout=0s
   4.945  BLASTC comp=394 exkBps=93 cgap_us[min/avg/max]=2391/2538/4893
   4.945  BLAST phy=2/2 att=394 ok=394 enomem=0 err=0 call_us[min/avg/max]=2384/2526/4882 okgap_max_us=4893
   4.945  BLASTC comp=393 exkBps=93 cgap_us[min/avg/max]=2395/2544/4893
   4.945  BLAST phy=2/2 att=393 ok=393 enomem=0 err=0 call_us[min/avg/max]=2384/2533/4882 okgap_max_us=4894
   4.945  t=3s RTT mean=0 min=0 max=0 n=0 to=0 | cancels=0(+0/s) seqbad=0 len_bad=895 disc=0(0x00) | tot_n=0 tot_to=0 maxever=0 >2ms=0 >5ms=0 >15ms=0 >20ms=0 >30ms=0 | probes=0 wrfail=0 down=0s maxout=0s
   6.556  FSU: request [150..150] us (ACL both dirs, 1M+2M) rc=0
   6.556  BLASTC comp=388 exkBps=92 cgap_us[min/avg/max]=1441/2577/7500
   6.609  BLAST phy=2/2 att=388 ok=388 enomem=0 err=0 call_us[min/avg/max]=1430/2565/7488 okgap_max_us=7500
   6.609  t=4s RTT mean=0 min=0 max=0 n=0 to=0 | cancels=0(+0/s) seqbad=0 len_bad=1282 disc=0(0x00) | tot_n=0 tot_to=0 maxever=0 >2ms=0 >5ms=0 >15ms=0 >20ms=0 >30ms=0 | probes=0 wrfail=0 down=0s maxout=0s
   7.899  BLASTC comp=396 exkBps=94 cgap_us[min/avg/max]=2390/2525/7499
   7.899  BLAST phy=2/2 att=396 ok=396 enomem=0 err=0 call_us[min/avg/max]=2379/2513/7489 okgap_max_us=7500
   7.954  t=5s RTT mean=0 min=0 max=0 n=0 to=0 | cancels=0(+0/s) seqbad=0 len_bad=1678 disc=0(0x00) | tot_n=0 tot_to=0 maxever=0 >2ms=0 >5ms=0 >15ms=0 >20ms=0 >30ms=0 | probes=0 wrfail=0 down=0s maxout=0s
   7.954  BLASTC comp=395 exkBps=94 cgap_us[min/avg/max]=2394/2531/4893
   7.954  BLAST phy=2/2 att=395 ok=395 enomem=0 err=0 call_us[min/avg/max]=2383/2520/4882 okgap_max_us=4893
   7.955  t=6s RTT mean=0 min=0 max=0 n=0 to=0 | cancels=0(+0/s) seqbad=0 len_bad=2073 disc=0(0x00) | tot_n=0 tot_to=0 maxever=0 >2ms=0 >5ms=0 >15ms=0 >20ms=0 >30ms=0 | probes=0 wrfail=0 down=0s maxout=0s
   9.909  BLASTC comp=393 exkBps=93 cgap_us[min/avg/max]=2391/2544/5103
   9.910  BLAST phy=2/2 att=393 ok=393 enomem=0 err=0 call_us[min/avg/max]=2314/2532/5092 okgap_max_us=5103
   9.910  t=7s RTT mean=0 min=0 max=0 n=0 to=0 | cancels=0(+0/s) seqbad=0 len_bad=2466 disc=0(0x00) | tot_n=0 tot_to=0 maxever=0 >2ms=0 >5ms=0 >15ms=0 >20ms=0 >30ms=0 | probes=0 wrfail=0 down=0s maxout=0s
   9.964  BLASTC comp=392 exkBps=93 cgap_us[min/avg/max]=2396/2551/7500
   9.964  BLAST phy=2/2 att=392 ok=392 enomem=0 err=0 call_us[min/avg/max]=2384/2539/7488 okgap_max_us=7500
   9.964  t=8s RTT mean=0 min=0 max=0 n=0 to=0 | cancels=0(+0/s) seqbad=0 len_bad=2858 disc=0(0x00) | tot_n=0 tot_to=0 maxever=0 >2ms=0 >5ms=0 >15ms=0 >20ms=0 >30ms=0 | probes=0 wrfail=0 down=0s maxout=0s
  11.908  BLASTC comp=394 exkBps=93 cgap_us[min/avg/max]=2394/2538/5102
  11.909  BLAST phy=2/2 att=394 ok=394 enomem=0 err=0 call_us[min/avg/max]=2384/2526/5090 okgap_max_us=5102
  11.909  t=9s RTT mean=0 min=0 max=0 n=0 to=0 | cancels=0(+0/s) seqbad=0 len_bad=3252 disc=0(0x00) | tot_n=0 tot_to=0 maxever=0 >2ms=0 >5ms=0 >15ms=0 >20ms=0 >30ms=0 | probes=0 wrfail=0 down=0s maxout=0s
  11.964  BLASTC comp=391 exkBps=93 cgap_us[min/avg/max]=2396/2557/5102
  11.964  BLAST phy=2/2 att=391 ok=391 enomem=0 err=0 call_us[min/avg/max]=2384/2545/5092 okgap_max_us=5103
  11.964  t=10s RTT mean=0 min=0 max=0 n=0 to=0 | cancels=0(+0/s) seqbad=0 len_bad=3643 disc=0(0x00) | tot_n=0 tot_to=0 maxever=0 >2ms=0 >5ms=0 >15ms=0 >20ms=0 >30ms=0 | probes=0 wrfail=0 down=0s maxout=0s
  13.909  BLASTC comp=400 exkBps=95 cgap_us[min/avg/max]=2393/2499/2617
  13.910  BLAST phy=2/2 att=400 ok=400 enomem=0 err=0 call_us[min/avg/max]=2379/2488/2606 okgap_max_us=2617
  13.910  t=11s RTT mean=0 min=0 max=0 n=0 to=0 | cancels=0(+0/s) seqbad=0 len_bad=4043 disc=0(0x00) | tot_n=0 tot_to=0 maxever=0 >2ms=0 >5ms=0 >15ms=0 >20ms=0 >30ms=0 | probes=0 wrfail=0 down=0s maxout=0s
  13.965  BLASTC comp=393 exkBps=93 cgap_us[min/avg/max]=2392/2544/4893
  13.965  BLAST phy=2/2 att=393 ok=393 enomem=0 err=0 call_us[min/avg/max]=2380/2533/4882 okgap_max_us=4893
  13.965  t=12s RTT mean=0 min=0 max=0 n=0 to=0 | cancels=0(+0/s) seqbad=0 len_bad=4436 disc=0(0x00) | tot_n=0 tot_to=0 maxever=0 >2ms=0 >5ms=0 >15ms=0 >20ms=0 >30ms=0 | probes=0 wrfail=0 down=0s maxout=0s
  15.912  BLASTC comp=393 exkBps=93 cgap_us[min/avg/max]=2393/2544/5102
  15.912  BLAST phy=2/2 att=393 ok=393 enomem=0 err=0 call_us[min/avg/max]=2315/2532/5091 okgap_max_us=5103
  15.912  t=13s RTT mean=0 min=0 max=0 n=0 to=0 | cancels=0(+0/s) seqbad=0 len_bad=4829 disc=0(0x00) | tot_n=0 tot_to=0 maxever=0 >2ms=0 >5ms=0 >15ms=0 >20ms=0 >30ms=0 | probes=0 wrfail=0 down=0s maxout=0s
  15.912  BLASTC comp=373 exkBps=88 cgap_us[min/avg/max]=2396/2680/10107
  15.967  BLAST phy=2/2 att=373 ok=373 enomem=0 err=0 call_us[min/avg/max]=2384/2669/10095 okgap_max_us=10107
  15.967  t=14s RTT mean=0 min=0 max=0 n=0 to=0 | cancels=0(+0/s) seqbad=0 len_bad=5202 disc=0(0x00) | tot_n=0 tot_to=0 maxever=0 >2ms=0 >5ms=0 >15ms=0 >20ms=0 >30ms=0 | probes=0 wrfail=0 down=0s maxout=0s
  17.904  BLASTC comp=378 exkBps=90 cgap_us[min/avg/max]=2393/2645/10106
  17.905  BLAST phy=2/2 att=378 ok=378 enomem=0 err=0 call_us[min/avg/max]=2382/2634/10094 okgap_max_us=10106
  17.959  t=15s RTT mean=0 min=0 max=0 n=0 to=0 | cancels=0(+0/s) seqbad=0 len_bad=5580 disc=0(0x00) | tot_n=0 tot_to=0 maxever=0 >2ms=0 >5ms=0 >15ms=0 >20ms=0 >30ms=0 | probes=0 wrfail=0 down=0s maxout=0s
  17.959  BLASTC comp=387 exkBps=92 cgap_us[min/avg/max]=2396/2583/10106
  17.959  BLAST phy=2/2 att=387 ok=387 enomem=0 err=0 call_us[min/avg/max]=2384/2572/10095 okgap_max_us=10106
  17.959  t=16s RTT mean=0 min=0 max=0 n=0 to=0 | cancels=0(+0/s) seqbad=0 len_bad=5968 disc=0(0x00) | tot_n=0 tot_to=0 maxever=0 >2ms=0 >5ms=0 >15ms=0 >20ms=0 >30ms=0 | probes=0 wrfail=0 down=0s maxout=0s
  19.908  BLASTC comp=383 exkBps=91 cgap_us[min/avg/max]=2396/2610/7500
  19.909  BLAST phy=2/2 att=383 ok=383 enomem=0 err=0 call_us[min/avg/max]=2384/2599/7489 okgap_max_us=7501
  19.909  t=17s RTT mean=0 min=0 max=0 n=0 to=0 | cancels=0(+0/s) seqbad=0 len_bad=6351 disc=0(0x00) | tot_n=0 tot_to=0 maxever=0 >2ms=0 >5ms=0 >15ms=0 >20ms=0 >30ms=0 | probes=0 wrfail=0 down=0s maxout=0s
  19.964  BLASTC comp=381 exkBps=90 cgap_us[min/avg/max]=2396/2624/10106
  19.964  BLAST phy=2/2 att=381 ok=381 enomem=0 err=0 call_us[min/avg/max]=2374/2613/10095 okgap_max_us=10106
  19.964  t=18s RTT mean=0 min=0 max=0 n=0 to=0 | cancels=0(+0/s) seqbad=0 len_bad=6732 disc=0(0x00) | tot_n=0 tot_to=0 maxever=0 >2ms=0 >5ms=0 >15ms=0 >20ms=0 >30ms=0 | probes=0 wrfail=0 down=0s maxout=0s
  21.928  BLASTC comp=389 exkBps=92 cgap_us[min/avg/max]=2373/2570/7500
  21.928  BLAST phy=2/2 att=389 ok=389 enomem=0 err=0 call_us[min/avg/max]=2302/2558/7489 okgap_max_us=7500
  21.928  t=19s RTT mean=0 min=0 max=0 n=0 to=0 | cancels=0(+0/s) seqbad=0 len_bad=7121 disc=0(0x00) | tot_n=0 tot_to=0 maxever=0 >2ms=0 >5ms=0 >15ms=0 >20ms=0 >30ms=0 | probes=0 wrfail=0 down=0s maxout=0s
  21.929  BLASTC comp=394 exkBps=93 cgap_us[min/avg/max]=2396/2538/7500
  21.929  BLAST phy=2/2 att=394 ok=394 enomem=0 err=0 call_us[min/avg/max]=2384/2526/7489 okgap_max_us=7500
  21.984  t=20s RTT mean=0 min=0 max=0 n=0 to=0 | cancels=0(+0/s) seqbad=0 len_bad=7515 disc=0(0x00) | tot_n=0 tot_to=0 maxever=0 >2ms=0 >5ms=0 >15ms=0 >20ms=0 >30ms=0 | probes=0 wrfail=0 down=0s maxout=0s
  23.890  BLASTC comp=387 exkBps=92 cgap_us[min/avg/max]=2396/2584/10106
  23.890  BLAST phy=2/2 att=387 ok=387 enomem=0 err=0 call_us[min/avg/max]=2384/2572/10095 okgap_max_us=10106
  23.946  t=21s RTT mean=0 min=0 max=0 n=0 to=0 | cancels=0(+0/s) seqbad=0 len_bad=7902 disc=0(0x00) | tot_n=0 tot_to=0 maxever=0 >2ms=0 >5ms=0 >15ms=0 >20ms=0 >30ms=0 | probes=0 wrfail=0 down=0s maxout=0s
  23.946  BLASTC comp=393 exkBps=93 cgap_us[min/avg/max]=2396/2544/5103
  23.946  BLAST phy=2/2 att=393 ok=393 enomem=0 err=0 call_us[min/avg/max]=2321/2532/5091 okgap_max_us=5102
  23.946  t=22s RTT mean=0 min=0 max=0 n=0 to=0 | cancels=0(+0/s) seqbad=0 len_bad=8295 disc=0(0x00) | tot_n=0 tot_to=0 maxever=0 >2ms=0 >5ms=0 >15ms=0 >20ms=0 >30ms=0 | probes=0 wrfail=0 down=0s maxout=0s
  25.884  BLASTC comp=396 exkBps=94 cgap_us[min/avg/max]=2393/2525/7500
  25.885  BLAST phy=2/2 att=396 ok=396 enomem=0 err=0 call_us[min/avg/max]=2382/2513/7489 okgap_max_us=7500
  25.940  t=23s RTT mean=0 min=0 max=0 n=0 to=0 | cancels=0(+0/s) seqbad=0 len_bad=8691 disc=0(0x00) | tot_n=0 tot_to=0 maxever=0 >2ms=0 >5ms=0 >15ms=0 >20ms=0 >30ms=0 | probes=0 wrfail=0 down=0s maxout=0s
  25.940  BLASTC comp=391 exkBps=93 cgap_us[min/avg/max]=2396/2557/10106
  25.940  BLAST phy=2/2 att=391 ok=391 enomem=0 err=0 call_us[min/avg/max]=2384/2546/10095 okgap_max_us=10106
  25.991  t=24s RTT mean=0 min=0 max=0 n=0 to=0 | cancels=0(+0/s) seqbad=0 len_bad=9082 disc=0(0x00) | tot_n=0 tot_to=0 maxever=0 >2ms=0 >5ms=0 >15ms=0 >20ms=0 >30ms=0 | probes=0 wrfail=0 down=0s maxout=0s
  27.888  BLASTC comp=394 exkBps=93 cgap_us[min/avg/max]=2387/2544/4893
  27.889  BLAST phy=2/2 att=394 ok=394 enomem=0 err=0 call_us[min/avg/max]=2303/2532/4883 okgap_max_us=4894
  27.943  t=25s RTT mean=0 min=0 max=0 n=0 to=0 | cancels=0(+0/s) seqbad=0 len_bad=9475 disc=0(0x00) | tot_n=0 tot_to=0 maxever=0 >2ms=0 >5ms=0 >15ms=0 >20ms=0 >30ms=0 | probes=0 wrfail=0 down=0s maxout=0s
  27.943  BLASTC comp=395 exkBps=94 cgap_us[min/avg/max]=2393/2525/5102
  27.943  BLAST phy=2/2 att=395 ok=395 enomem=0 err=0 call_us[min/avg/max]=2381/2513/5091 okgap_max_us=5102
  27.943  t=26s RTT mean=0 min=0 max=0 n=0 to=0 | cancels=0(+0/s) seqbad=0 len_bad=9871 disc=0(0x00) | tot_n=0 tot_to=0 maxever=0 >2ms=0 >5ms=0 >15ms=0 >20ms=0 >30ms=0 | probes=0 wrfail=0 down=0s maxout=0s
  29.909  BLASTC comp=382 exkBps=91 cgap_us[min/avg/max]=2379/2618/12603
  29.909  BLAST phy=2/2 att=382 ok=382 enomem=0 err=0 call_us[min/avg/max]=2374/2606/12592 okgap_max_us=12603
  29.909  t=27s RTT mean=0 min=0 max=0 n=0 to=0 | cancels=0(+0/s) seqbad=0 len_bad=10253 disc=0(0x00) | tot_n=0 tot_to=0 maxever=0 >2ms=0 >5ms=0 >15ms=0 >20ms=0 >30ms=0 | probes=0 wrfail=0 down=0s maxout=0s
  29.963  BLASTC comp=396 exkBps=94 cgap_us[min/avg/max]=2396/2524/4893
  29.963  BLAST phy=2/2 att=396 ok=396 enomem=0 err=0 call_us[min/avg/max]=2321/2513/4882 okgap_max_us=4894
  29.963  t=28s RTT mean=0 min=0 max=0 n=0 to=0 | cancels=0(+0/s) seqbad=0 len_bad=10649 disc=0(0x00) | tot_n=0 tot_to=0 maxever=0 >2ms=0 >5ms=0 >15ms=0 >20ms=0 >30ms=0 | probes=0 wrfail=0 down=0s maxout=0s
  31.900  BLASTC comp=393 exkBps=93 cgap_us[min/avg/max]=2394/2544/10105
  31.900  BLAST phy=2/2 att=393 ok=393 enomem=0 err=0 call_us[min/avg/max]=2382/2533/10094 okgap_max_us=10105
  31.954  t=29s RTT mean=0 min=0 max=0 n=0 to=0 | cancels=0(+0/s) seqbad=0 len_bad=11042 disc=0(0x00) | tot_n=0 tot_to=0 maxever=0 >2ms=0 >5ms=0 >15ms=0 >20ms=0 >30ms=0 | probes=0 wrfail=0 down=0s maxout=0s
  31.955  BLASTC comp=396 exkBps=94 cgap_us[min/avg/max]=2396/2525/4893
  31.955  BLAST phy=2/2 att=396 ok=396 enomem=0 err=0 call_us[min/avg/max]=2384/2514/4882 okgap_max_us=4893
  31.955  t=30s RTT mean=0 min=0 max=0 n=0 to=0 | cancels=0(+0/s) seqbad=0 len_bad=11438 disc=0(0x00) | tot_n=0 tot_to=0 maxever=0 >2ms=0 >5ms=0 >15ms=0 >20ms=0 >30ms=0 | probes=0 wrfail=0 down=0s maxout=0s
  33.903  BLASTC comp=371 exkBps=88 cgap_us[min/avg/max]=2386/2695/20000
  33.903  BLAST phy=2/2 att=371 ok=371 enomem=0 err=0 call_us[min/avg/max]=2303/2683/19989 okgap_max_us=20000
  33.959  t=31s RTT mean=0 min=0 max=0 n=0 to=0 | cancels=0(+0/s) seqbad=0 len_bad=11810 disc=0(0x00) | tot_n=0 tot_to=0 maxever=0 >2ms=0 >5ms=0 >15ms=0 >20ms=0 >30ms=0 | probes=0 wrfail=0 down=0s maxout=0s
  33.959  BLASTC comp=397 exkBps=94 cgap_us[min/avg/max]=2386/2518/4893
  33.959  BLAST phy=2/2 att=397 ok=397 enomem=0 err=0 call_us[min/avg/max]=2281/2507/4882 okgap_max_us=4894
  33.959  t=32s RTT mean=0 min=0 max=0 n=0 to=0 | cancels=0(+0/s) seqbad=0 len_bad=12207 disc=0(0x00) | tot_n=0 tot_to=0 maxever=0 >2ms=0 >5ms=0 >15ms=0 >20ms=0 >30ms=0 | probes=0 wrfail=0 down=0s maxout=0s
  35.901  BLASTC comp=395 exkBps=94 cgap_us[min/avg/max]=2395/2531/4893
  35.901  BLAST phy=2/2 att=395 ok=395 enomem=0 err=0 call_us[min/avg/max]=2380/2520/4882 okgap_max_us=4893
  35.956  t=33s RTT mean=0 min=0 max=0 n=0 to=0 | cancels=0(+0/s) seqbad=0 len_bad=12602 disc=0(0x00) | tot_n=0 tot_to=0 maxever=0 >2ms=0 >5ms=0 >15ms=0 >20ms=0 >30ms=0 | probes=0 wrfail=0 down=0s maxout=0s
  35.956  BLASTC comp=397 exkBps=94 cgap_us[min/avg/max]=2395/2518/4893
  35.956  BLAST phy=2/2 att=397 ok=397 enomem=0 err=0 call_us[min/avg/max]=2321/2507/4882 okgap_max_us=4893
  35.956  t=34s RTT mean=0 min=0 max=0 n=0 to=0 | cancels=0(+0/s) seqbad=0 len_bad=12999 disc=0(0x00) | tot_n=0 tot_to=0 maxever=0 >2ms=0 >5ms=0 >15ms=0 >20ms=0 >30ms=0 | probes=0 wrfail=0 down=0s maxout=0s
  37.900  BLASTC comp=392 exkBps=93 cgap_us[min/avg/max]=2394/2551/4893
  37.900  BLAST phy=2/2 att=392 ok=392 enomem=0 err=0 call_us[min/avg/max]=2382/2539/4882 okgap_max_us=4894
  37.952  t=35s RTT mean=0 min=0 max=0 n=0 to=0 | cancels=0(+0/s) seqbad=0 len_bad=13391 disc=0(0x00) | tot_n=0 tot_to=0 maxever=0 >2ms=0 >5ms=0 >15ms=0 >20ms=0 >30ms=0 | probes=0 wrfail=0 down=0s maxout=0s
  37.952  BLASTC comp=394 exkBps=93 cgap_us[min/avg/max]=2396/2538/4893
  37.952  BLAST phy=2/2 att=394 ok=394 enomem=0 err=0 call_us[min/avg/max]=2384/2526/4882 okgap_max_us=4893
  37.952  t=36s RTT mean=0 min=0 max=0 n=0 to=0 | cancels=0(+0/s) seqbad=0 len_bad=13785 disc=0(0x00) | tot_n=0 tot_to=0 maxever=0 >2ms=0 >5ms=0 >15ms=0 >20ms=0 >30ms=0 | probes=0 wrfail=0 down=0s maxout=0s
  39.896  BLASTC comp=379 exkBps=90 cgap_us[min/avg/max]=2386/2638/10107
  39.896  BLAST phy=2/2 att=379 ok=379 enomem=0 err=0 call_us[min/avg/max]=2303/2626/10096 okgap_max_us=10107
  39.947  t=37s RTT mean=0 min=0 max=0 n=0 to=0 | cancels=0(+0/s) seqbad=0 len_bad=14164 disc=0(0x00) | tot_n=0 tot_to=0 maxever=0 >2ms=0 >5ms=0 >15ms=0 >20ms=0 >30ms=0 | probes=0 wrfail=0 down=0s maxout=0s
  39.947  BLASTC comp=392 exkBps=93 cgap_us[min/avg/max]=2396/2551/7500
  39.947  BLAST phy=2/2 att=392 ok=392 enomem=0 err=0 call_us[min/avg/max]=2384/2539/7488 okgap_max_us=7499
  39.947  t=38s RTT mean=0 min=0 max=0 n=0 to=0 | cancels=0(+0/s) seqbad=0 len_bad=14556 disc=0(0x00) | tot_n=0 tot_to=0 maxever=0 >2ms=0 >5ms=0 >15ms=0 >20ms=0 >30ms=0 | probes=0 wrfail=0 down=0s maxout=0s
  41.896  BLASTC comp=389 exkBps=92 cgap_us[min/avg/max]=2395/2570/10106
  41.896  BLAST phy=2/2 att=389 ok=389 enomem=0 err=0 call_us[min/avg/max]=2379/2559/10095 okgap_max_us=10106
  41.952  t=39s RTT mean=0 min=0 max=0 n=0 to=0 | cancels=0(+0/s) seqbad=0 len_bad=14945 disc=0(0x00) | tot_n=0 tot_to=0 maxever=0 >2ms=0 >5ms=0 >15ms=0 >20ms=0 >30ms=0 | probes=0 wrfail=0 down=0s maxout=0s
  41.952  BLASTC comp=398 exkBps=94 cgap_us[min/avg/max]=2393/2512/7499
  41.952  BLAST phy=2/2 att=398 ok=398 enomem=0 err=0 call_us[min/avg/max]=2321/2500/7489 okgap_max_us=7500
  41.952  t=40s RTT mean=0 min=0 max=0 n=0 to=0 | cancels=0(+0/s) seqbad=0 len_bad=15343 disc=0(0x00) | tot_n=0 tot_to=0 maxever=0 >2ms=0 >5ms=0 >15ms=0 >20ms=0 >30ms=0 | probes=0 wrfail=0 down=0s maxout=0s
  43.885  BLASTC comp=399 exkBps=95 cgap_us[min/avg/max]=2394/2506/4893
  43.886  BLAST phy=2/2 att=399 ok=399 enomem=0 err=0 call_us[min/avg/max]=2382/2494/4883 okgap_max_us=4894
  43.941  t=41s RTT mean=0 min=0 max=0 n=0 to=0 | cancels=0(+0/s) seqbad=0 len_bad=15742 disc=0(0x00) | tot_n=0 tot_to=0 maxever=0 >2ms=0 >5ms=0 >15ms=0 >20ms=0 >30ms=0 | probes=0 wrfail=0 down=0s maxout=0s
  43.941  BLASTC comp=397 exkBps=94 cgap_us[min/avg/max]=2396/2519/4893
  43.941  BLAST phy=2/2 att=397 ok=397 enomem=0 err=0 call_us[min/avg/max]=2384/2507/4882 okgap_max_us=4893
  43.941  t=42s RTT mean=0 min=0 max=0 n=0 to=0 | cancels=0(+0/s) seqbad=0 len_bad=16139 disc=0(0x00) | tot_n=0 tot_to=0 maxever=0 >2ms=0 >5ms=0 >15ms=0 >20ms=0 >30ms=0 | probes=0 wrfail=0 down=0s maxout=0s
