   0.330  *** Booting Zephyr OS build v4.4.1-14-g9999e0404460 ***
   0.331  
   0.386  === nRF52840 L2CAP CoC central (Zephyr 4.4.1) ===
   0.386  scan start rc=0
   0.386  found FC:BE:FF:FA:E6:8B (random) (rssi -65), connecting
   0.386  Q2CONN AA=657ed437 CRCINIT=dd7618 hop=16 chan_count=37 map=ffffffff1f
   0.441  GAP connected
   0.441  phy req rc=0
   0.496  PHY: tx=2 rx=2 (2=2M)
   0.496  dle req rc=0
   0.496  DLE: tx_max=251 rx_max=27
   0.496  l2cap_chan_connect rc=0
   0.549  L2CAP connected: tx.mtu=512 tx.mps=247 tx.credits=0 rx.mtu=245 rx.mps=247
   0.550  GATE conn: interval=6 (units 1.25ms) => 7.50 ms
   0.550  Q3FSU-REQ role=C auto min=150 max=150 phys=0x2 rc=0
   0.877  blasting 480-byte SDUs...
  10.736  RPT occ: events=1371 mean_pkts/ev=4.64 max=5 nonempty_ev=1349 fsu=0 | sender: sent=3185(+3185 SDU) eagain=0(+0) poolfail=0(+0)
  20.730  RPT occ: events=1335 mean_pkts/ev=4.78 max=5 nonempty_ev=1303 fsu=0 | sender: sent=6305(+3120 SDU) eagain=0(+0) poolfail=0(+0)
  30.771  RPT occ: events=1336 mean_pkts/ev=4.80 max=5 nonempty_ev=1313 fsu=0 | sender: sent=9447(+3142 SDU) eagain=0(+0) poolfail=0(+0)
  40.776  RPT occ: events=1335 mean_pkts/ev=4.70 max=5 nonempty_ev=1292 fsu=0 | sender: sent=12532(+3085 SDU) eagain=0(+0) poolfail=0(+0)
  50.793  RPT occ: events=1335 mean_pkts/ev=4.73 max=5 nonempty_ev=1292 fsu=0 | sender: sent=15637(+3105 SDU) eagain=0(+0) poolfail=0(+0)
  60.763  RPT occ: events=1335 mean_pkts/ev=4.80 max=5 nonempty_ev=1307 fsu=0 | sender: sent=18781(+3144 SDU) eagain=0(+0) poolfail=0(+0)
  70.786  RPT occ: events=1335 mean_pkts/ev=4.80 max=5 nonempty_ev=1307 fsu=0 | sender: sent=21912(+3131 SDU) eagain=0(+0) poolfail=0(+0)
