   0.435  GAP connected: interval=6
   0.491  PHY updated: tx=2 rx=2
   0.542  DLE updated: tx_max=27 rx_max=251
   0.542  CoC up — seg_recv sink ready (RX_CREDITS=64, MPS=247)
   0.597  Q3FSU-DONE role=P status=0x00 spacing=52 types=0x3 phys=0x2 initiator=2
   1.415  SINK rx: 76 KB/s (78491 B / 1000 ms) fsu=52 | cum_total=78491 B cum_segs=328
   2.452  SINK rx: 152 KB/s (156235 B / 1000 ms) fsu=52 | cum_total=234726 B cum_segs=979
   3.434  SINK rx: 151 KB/s (155520 B / 1000 ms) fsu=52 | cum_total=390246 B cum_segs=1627
   4.479  SINK rx: 149 KB/s (153120 B / 1000 ms) fsu=52 | cum_total=543366 B cum_segs=2265
   5.463  SINK rx: 147 KB/s (151200 B / 1000 ms) fsu=52 | cum_total=694566 B cum_segs=2895
   6.491  SINK rx: 152 KB/s (156000 B / 1000 ms) fsu=52 | cum_total=850566 B cum_segs=3545
   7.475  SINK rx: 154 KB/s (158400 B / 1000 ms) fsu=52 | cum_total=1008966 B cum_segs=4205
   8.512  SINK rx: 152 KB/s (155765 B / 1000 ms) fsu=52 | cum_total=1164731 B cum_segs=4854
   9.495  SINK rx: 153 KB/s (156960 B / 1000 ms) fsu=52 | cum_total=1321691 B cum_segs=5508
  10.530  SINK rx: 146 KB/s (150475 B / 1000 ms) fsu=52 | cum_total=1472166 B cum_segs=6135
  11.514  SINK rx: 153 KB/s (156960 B / 1000 ms) fsu=52 | cum_total=1629126 B cum_segs=6789
  12.542  SINK rx: 151 KB/s (155285 B / 1000 ms) fsu=52 | cum_total=1784411 B cum_segs=7436
  13.508  SINK rx: 142 KB/s (146400 B / 1000 ms) fsu=52 | cum_total=1930811 B cum_segs=8046
  14.540  SINK rx: 149 KB/s (153120 B / 1000 ms) fsu=52 | cum_total=2083931 B cum_segs=8684
  15.574  SINK rx: 152 KB/s (155755 B / 1000 ms) fsu=52 | cum_total=2239686 B cum_segs=9333
  16.560  SINK rx: 142 KB/s (145685 B / 1000 ms) fsu=52 | cum_total=2385371 B cum_segs=9940
  17.544  SINK rx: 148 KB/s (151915 B / 1000 ms) fsu=52 | cum_total=2537286 B cum_segs=10573
  18.586  SINK rx: 127 KB/s (130560 B / 1000 ms) fsu=52 | cum_total=2667846 B cum_segs=11117
  19.560  SINK rx: 150 KB/s (154560 B / 1000 ms) fsu=52 | cum_total=2822406 B cum_segs=11761
  20.595  SINK rx: 148 KB/s (151680 B / 1000 ms) fsu=52 | cum_total=2974086 B cum_segs=12393
  21.620  SINK rx: 151 KB/s (154805 B / 1000 ms) fsu=52 | cum_total=3128891 B cum_segs=13038
  22.594  SINK rx: 149 KB/s (153355 B / 1000 ms) fsu=52 | cum_total=3282246 B cum_segs=13677
  23.626  SINK rx: 150 KB/s (154080 B / 1000 ms) fsu=52 | cum_total=3436326 B cum_segs=14319
  24.610  SINK rx: 150 KB/s (154560 B / 1000 ms) fsu=52 | cum_total=3590886 B cum_segs=14963
  25.640  SINK rx: 144 KB/s (147840 B / 1000 ms) fsu=52 | cum_total=3738726 B cum_segs=15579
  26.622  SINK rx: 151 KB/s (155520 B / 1000 ms) fsu=52 | cum_total=3894246 B cum_segs=16227
  27.657  SINK rx: 147 KB/s (150720 B / 1000 ms) fsu=52 | cum_total=4044966 B cum_segs=16855
  28.641  SINK rx: 146 KB/s (150240 B / 1000 ms) fsu=52 | cum_total=4195206 B cum_segs=17481
  29.676  SINK rx: 148 KB/s (151925 B / 1000 ms) fsu=52 | cum_total=4347131 B cum_segs=18114
  30.653  SINK rx: 148 KB/s (152160 B / 1000 ms) fsu=52 | cum_total=4499291 B cum_segs=18748
  31.686  SINK rx: 150 KB/s (154315 B / 1000 ms) fsu=52 | cum_total=4653606 B cum_segs=19391
  32.675  SINK rx: 151 KB/s (155285 B / 1000 ms) fsu=52 | cum_total=4808891 B cum_segs=20038
  33.705  SINK rx: 147 KB/s (150720 B / 1000 ms) fsu=52 | cum_total=4959611 B cum_segs=20666
  34.729  SINK rx: 148 KB/s (152160 B / 1000 ms) fsu=52 | cum_total=5111771 B cum_segs=21300
  35.714  SINK rx: 149 KB/s (152640 B / 1000 ms) fsu=52 | cum_total=5264411 B cum_segs=21936
  36.742  SINK rx: 151 KB/s (154795 B / 1000 ms) fsu=52 | cum_total=5419206 B cum_segs=22581
  37.719  SINK rx: 132 KB/s (136085 B / 1000 ms) fsu=52 | cum_total=5555291 B cum_segs=23148
  38.742  SINK rx: 136 KB/s (139680 B / 1000 ms) fsu=52 | cum_total=5694971 B cum_segs=23730
  39.779  SINK rx: 144 KB/s (147840 B / 1000 ms) fsu=52 | cum_total=5842811 B cum_segs=24346
  40.760  SINK rx: 144 KB/s (148075 B / 1000 ms) fsu=52 | cum_total=5990886 B cum_segs=24963
  41.792  SINK rx: 132 KB/s (135605 B / 1000 ms) fsu=52 | cum_total=6126491 B cum_segs=25528
  42.764  SINK rx: 149 KB/s (153120 B / 1000 ms) fsu=52 | cum_total=6279611 B cum_segs=26166
  43.799  SINK rx: 144 KB/s (147840 B / 1000 ms) fsu=52 | cum_total=6427451 B cum_segs=26782
  44.772  SINK rx: 148 KB/s (152160 B / 1000 ms) fsu=52 | cum_total=6579611 B cum_segs=27416
  45.807  SINK rx: 132 KB/s (135595 B / 1000 ms) fsu=52 | cum_total=6715206 B cum_segs=27981
  46.788  SINK rx: 139 KB/s (143285 B / 1000 ms) fsu=52 | cum_total=6858491 B cum_segs=28578
  47.832  SINK rx: 151 KB/s (155520 B / 1000 ms) fsu=52 | cum_total=7014011 B cum_segs=29226
  48.814  SINK rx: 141 KB/s (145195 B / 1000 ms) fsu=52 | cum_total=7159206 B cum_segs=29831
  49.848  SINK rx: 148 KB/s (152405 B / 1000 ms) fsu=52 | cum_total=7311611 B cum_segs=30466
  50.823  SINK rx: 146 KB/s (150475 B / 1000 ms) fsu=52 | cum_total=7462086 B cum_segs=31093
  51.865  SINK rx: 149 KB/s (152640 B / 1000 ms) fsu=52 | cum_total=7614726 B cum_segs=31729
  52.841  SINK rx: 137 KB/s (140885 B / 1000 ms) fsu=52 | cum_total=7755611 B cum_segs=32316
  53.882  SINK rx: 152 KB/s (156235 B / 1000 ms) fsu=52 | cum_total=7911846 B cum_segs=32967
  54.868  SINK rx: 153 KB/s (157205 B / 1000 ms) fsu=52 | cum_total=8069051 B cum_segs=33622
  55.896  SINK rx: 146 KB/s (150240 B / 1000 ms) fsu=52 | cum_total=8219291 B cum_segs=34248
  56.876  SINK rx: 128 KB/s (131755 B / 1000 ms) fsu=52 | cum_total=8351046 B cum_segs=34797
  57.898  SINK rx: 136 KB/s (139925 B / 1000 ms) fsu=52 | cum_total=8490971 B cum_segs=35380
  58.924  SINK rx: 151 KB/s (155040 B / 1000 ms) fsu=52 | cum_total=8646011 B cum_segs=36026
  59.951  SINK rx: 151 KB/s (155040 B / 1000 ms) fsu=52 | cum_total=8801051 B cum_segs=36672
  60.925  SINK rx: 146 KB/s (149515 B / 1000 ms) fsu=52 | cum_total=8950566 B cum_segs=37295
  61.965  SINK rx: 151 KB/s (155040 B / 1000 ms) fsu=52 | cum_total=9105606 B cum_segs=37941
  62.948  SINK rx: 151 KB/s (155520 B / 1000 ms) fsu=52 | cum_total=9261126 B cum_segs=38589
  63.934  SINK rx: 150 KB/s (153600 B / 1000 ms) fsu=52 | cum_total=9414726 B cum_segs=39229
  64.964  SINK rx: 141 KB/s (144725 B / 1000 ms) fsu=52 | cum_total=9559451 B cum_segs=39832
  65.995  SINK rx: 131 KB/s (134155 B / 1000 ms) fsu=52 | cum_total=9693606 B cum_segs=40391
  66.978  SINK rx: 147 KB/s (150965 B / 1000 ms) fsu=52 | cum_total=9844571 B cum_segs=41020
  68.011  SINK rx: 140 KB/s (143520 B / 1000 ms) fsu=52 | cum_total=9988091 B cum_segs=41618
  68.981  SINK rx: 146 KB/s (149995 B / 1000 ms) fsu=52 | cum_total=10138086 B cum_segs=42243
  70.019  SINK rx: 143 KB/s (147360 B / 1000 ms) fsu=52 | cum_total=10285446 B cum_segs=42857
  70.996  SINK rx: 149 KB/s (152885 B / 1000 ms) fsu=52 | cum_total=10438331 B cum_segs=43494
  72.033  SINK rx: 146 KB/s (149995 B / 1000 ms) fsu=52 | cum_total=10588326 B cum_segs=44119
  73.014  SINK rx: 144 KB/s (147605 B / 1000 ms) fsu=52 | cum_total=10735931 B cum_segs=44734
  74.044  SINK rx: 138 KB/s (141835 B / 1000 ms) fsu=52 | cum_total=10877766 B cum_segs=45325
