   0.951  CENRX cum_total=4594520 B
   1.924  CENRX cum_total=4657472 B
   2.978  CENRX cum_total=4657472 B
   3.955  CENRX cum_total=4657472 B
   4.840  RPT occ: (SDC no-occ) fsu=65 | sender: sent=9442(+1235 SDU) eagain=0(+0) poolfail=0(+0)
   4.951  CENRX cum_total=4657472 B
   5.592  L2CAP disconnected
   5.592  GAP disconnected 0x08
   5.592  scan start rc=0
   5.650  found D6:C7:60:B1:D3:0E (random) (rssi -51), connecting
   5.650  GAP connected
   5.650  phy req rc=0
   5.709  DLE: tx_max=251 rx_max=251
   5.709  l2cap_chan_connect rc=0
   5.709  L2CAP connected: tx.mtu=512 tx.mps=247 tx.credits=0 rx.mtu=512 rx.mps=247
   5.709  GATE conn: interval=6 (units 1.25ms) => 7.50 ms
   5.709  Q3FSU-REQ role=C auto min=52 max=52 phys=0x2 rc=0
   5.762  PHY: tx=2 rx=2 (2=2M)
   5.762  dle req rc=0
   5.822  Q3FSU-DONE role=C status=0x00 spacing=65 types=0x3 phys=0x2 initiator=0
   5.932  CENRX cum_total=4683336 B
   6.050  blasting 480-byte SDUs...
   6.974  CENRX cum_total=4782644 B
   7.949  CENRX cum_total=4876828 B
   8.951  CENRX cum_total=4970280 B
   9.964  CENRX cum_total=5063000 B
  10.997  CENRX cum_total=5155720 B
  11.992  CENRX cum_total=5249904 B
  12.959  CENRX cum_total=5342136 B
  13.987  CENRX cum_total=5435588 B
  14.892  RPT occ: (SDC no-occ) fsu=65 | sender: sent=11149(+1707 SDU) eagain=0(+0) poolfail=0(+0)
  15.004  CENRX cum_total=5528552 B
  15.970  CENRX cum_total=5621516 B
  17.014  CENRX cum_total=5712772 B
  17.990  CENRX cum_total=5804760 B
  18.964  CENRX cum_total=5897968 B
  20.003  CENRX cum_total=5989956 B
  20.980  CENRX cum_total=6083408 B
  22.015  CENRX cum_total=6176860 B
  23.015  CENRX cum_total=6269336 B
  24.018  CENRX cum_total=6363520 B
  24.896  RPT occ: (SDC no-occ) fsu=65 | sender: sent=13048(+1899 SDU) eagain=0(+0) poolfail=0(+0)
  25.008  CENRX cum_total=6456484 B
  25.993  CENRX cum_total=6549936 B
  27.026  CENRX cum_total=6641924 B
  28.028  CENRX cum_total=6734888 B
  28.999  CENRX cum_total=6810040 B
  30.024  CENRX cum_total=6903492 B
  31.042  CENRX cum_total=6996212 B
  32.024  CENRX cum_total=7089176 B
  33.036  CENRX cum_total=7183360 B
  34.039  CENRX cum_total=7276812 B
  34.905  RPT occ: (SDC no-occ) fsu=65 | sender: sent=14917(+1869 SDU) eagain=0(+0) poolfail=0(+0)
  35.024  CENRX cum_total=7369776 B
  36.015  CENRX cum_total=7461764 B
  37.036  CENRX cum_total=7555948 B
  38.023  CENRX cum_total=7647936 B
  39.067  CENRX cum_total=7727724 B
