   0.970  CENRX cum_total=3352072 B
   1.965  CENRX cum_total=3412828 B
   2.984  CENRX cum_total=3412828 B
   3.973  CENRX cum_total=3412828 B
   4.906  RPT occ: (SDC no-occ) fsu=65 | sender: sent=12098(+1312 SDU) eagain=0(+0) poolfail=0(+0)
   4.965  CENRX cum_total=3412828 B
   5.614  L2CAP disconnected
   5.615  GAP disconnected 0x08
   5.615  scan start rc=0
   5.615  found D6:C7:60:B1:D3:0E (random) (rssi -53), connecting
   5.665  GAP connected
   5.665  phy req rc=0
   5.665  DLE: tx_max=251 rx_max=251
   5.722  l2cap_chan_connect rc=0
   5.781  L2CAP connected: tx.mtu=512 tx.mps=247 tx.credits=0 rx.mtu=512 rx.mps=247
   5.781  GATE conn: interval=12 (units 1.25ms) => 15.00 ms
   5.781  Q3FSU-REQ role=C auto min=52 max=52 phys=0x2 rc=0
   5.842  PHY: tx=2 rx=2 (2=2M)
   5.842  dle req rc=0
   5.902  Q3FSU-DONE role=C status=0x00 spacing=65 types=0x3 phys=0x2 initiator=0
   6.022  CENRX cum_total=3423320 B
   6.080  blasting 480-byte SDUs...
   6.989  CENRX cum_total=3517992 B
   7.972  CENRX cum_total=3610468 B
   8.987  CENRX cum_total=3703920 B
   9.987  CENRX cum_total=3798592 B
  11.020  CENRX cum_total=3894240 B
  11.998  CENRX cum_total=3988912 B
  12.985  CENRX cum_total=4084072 B
  14.008  CENRX cum_total=4179232 B
  14.886  RPT occ: (SDC no-occ) fsu=65 | sender: sent=13824(+1726 SDU) eagain=0(+0) poolfail=0(+0)
  15.006  CENRX cum_total=4273172 B
  15.992  CENRX cum_total=4362720 B
  17.041  CENRX cum_total=4455684 B
  18.037  CENRX cum_total=4551088 B
  19.017  CENRX cum_total=4646248 B
  20.047  CENRX cum_total=4740920 B
  21.031  CENRX cum_total=4836324 B
  22.015  CENRX cum_total=4930020 B
  23.062  CENRX cum_total=5025668 B
  24.043  CENRX cum_total=5121072 B
  24.917  RPT occ: (SDC no-occ) fsu=65 | sender: sent=15753(+1929 SDU) eagain=0(+0) poolfail=0(+0)
  25.035  CENRX cum_total=5216476 B
  26.022  CENRX cum_total=5310172 B
  27.059  CENRX cum_total=5405820 B
  28.060  CENRX cum_total=5501468 B
  29.035  CENRX cum_total=5595164 B
  30.059  CENRX cum_total=5685932 B
  31.072  CENRX cum_total=5778164 B
  32.048  CENRX cum_total=5873324 B
  33.080  CENRX cum_total=5968972 B
  34.082  CENRX cum_total=6064376 B
  34.956  RPT occ: (SDC no-occ) fsu=65 | sender: sent=17680(+1927 SDU) eagain=0(+0) poolfail=0(+0)
  35.076  CENRX cum_total=6158072 B
  36.063  CENRX cum_total=6250792 B
  37.064  CENRX cum_total=6345708 B
  38.058  CENRX cum_total=6439404 B
  39.098  CENRX cum_total=6531636 B
