   0.110  SINK rx: 94 KB/s (96960 B / 1000 ms) fsu=65 | cum_total=3214566 B cum_segs=13395 | UP sent=13589 eagain=0 lasterr=0 txcred=92 host_pulls=0
   1.143  SINK rx: 94 KB/s (96725 B / 1000 ms) fsu=65 | cum_total=3311291 B cum_segs=13798 | UP sent=13991 eagain=0 lasterr=0 txcred=59 host_pulls=0
   1.682  *** Booting nRF Connect SDK v3.4.0-99553055607b ***
   1.682  *** Using Zephyr OS v4.4.0-bf801e4e3d19 ***
   1.737  
   1.737  === nRF52 L2CAP CoC SINK (Zephyr 4.4.1, seg_recv) ===
   1.737  L2CAP server on PSM 0x0080
   1.737  Advertising as 'zenoh-nrf-l2cap'
   5.646  GAP connected: interval=12
   5.702  DLE updated: tx_max=251 rx_max=251
   5.757  CoC up — seg_recv sink ready (RX_CREDITS=64, MPS=247)
   5.812  PHY updated: tx=2 rx=2
   5.923  Q3FSU-DONE role=P status=0x00 spacing=65 types=0x3 phys=0x2 initiator=2
   6.735  SINK rx: 60 KB/s (62171 B / 1000 ms) fsu=65 | cum_total=62171 B cum_segs=260 | UP sent=451 eagain=0 lasterr=0 txcred=133 host_pulls=0
   7.754  SINK rx: 93 KB/s (96235 B / 1000 ms) fsu=65 | cum_total=158406 B cum_segs=661 | UP sent=852 eagain=0 lasterr=0 txcred=142 host_pulls=0
   8.775  SINK rx: 95 KB/s (97440 B / 1000 ms) fsu=65 | cum_total=255846 B cum_segs=1067 | UP sent=1259 eagain=0 lasterr=0 txcred=145 host_pulls=0
   9.758  SINK rx: 94 KB/s (96480 B / 1000 ms) fsu=65 | cum_total=352326 B cum_segs=1469 | UP sent=1661 eagain=0 lasterr=0 txcred=153 host_pulls=0
  10.788  SINK rx: 93 KB/s (96000 B / 1000 ms) fsu=65 | cum_total=448326 B cum_segs=1869 | UP sent=2061 eagain=0 lasterr=0 txcred=163 host_pulls=0
  11.821  SINK rx: 92 KB/s (94325 B / 1000 ms) fsu=65 | cum_total=542651 B cum_segs=2262 | UP sent=2453 eagain=0 lasterr=0 txcred=140 host_pulls=0
  12.794  SINK rx: 94 KB/s (96480 B / 1000 ms) fsu=65 | cum_total=639131 B cum_segs=2664 | UP sent=2855 eagain=0 lasterr=0 txcred=147 host_pulls=0
  13.812  SINK rx: 94 KB/s (96960 B / 1000 ms) fsu=65 | cum_total=736091 B cum_segs=3068 | UP sent=3260 eagain=0 lasterr=0 txcred=153 host_pulls=0
  14.838  SINK rx: 92 KB/s (94315 B / 1000 ms) fsu=65 | cum_total=830406 B cum_segs=3461 | UP sent=3652 eagain=0 lasterr=0 txcred=130 host_pulls=0
  15.859  SINK rx: 94 KB/s (96480 B / 1000 ms) fsu=65 | cum_total=926886 B cum_segs=3863 | UP sent=4054 eagain=0 lasterr=0 txcred=138 host_pulls=0
  16.886  SINK rx: 93 KB/s (95285 B / 1000 ms) fsu=65 | cum_total=1022171 B cum_segs=4260 | UP sent=4452 eagain=0 lasterr=0 txcred=150 host_pulls=0
  17.862  SINK rx: 92 KB/s (94315 B / 1000 ms) fsu=65 | cum_total=1116486 B cum_segs=4653 | UP sent=4844 eagain=0 lasterr=0 txcred=127 host_pulls=0
  18.883  SINK rx: 92 KB/s (94805 B / 1000 ms) fsu=65 | cum_total=1211291 B cum_segs=5048 | UP sent=5239 eagain=0 lasterr=0 txcred=142 host_pulls=0
  19.908  SINK rx: 95 KB/s (97440 B / 1000 ms) fsu=65 | cum_total=1308731 B cum_segs=5454 | UP sent=5646 eagain=0 lasterr=0 txcred=145 host_pulls=0
  20.931  SINK rx: 90 KB/s (92875 B / 1000 ms) fsu=65 | cum_total=1401606 B cum_segs=5841 | UP sent=6032 eagain=0 lasterr=0 txcred=128 host_pulls=0
  21.912  SINK rx: 69 KB/s (70805 B / 1000 ms) fsu=65 | cum_total=1472411 B cum_segs=6136 | UP sent=6328 eagain=0 lasterr=0 txcred=160 host_pulls=0
  22.938  SINK rx: 95 KB/s (97440 B / 1000 ms) fsu=65 | cum_total=1569851 B cum_segs=6542 | UP sent=6734 eagain=0 lasterr=0 txcred=164 host_pulls=0
  23.973  SINK rx: 84 KB/s (86880 B / 1000 ms) fsu=65 | cum_total=1656731 B cum_segs=6904 | UP sent=7095 eagain=0 lasterr=0 txcred=131 host_pulls=0
  24.949  SINK rx: 83 KB/s (85920 B / 1000 ms) fsu=65 | cum_total=1742651 B cum_segs=7262 | UP sent=7453 eagain=0 lasterr=0 txcred=142 host_pulls=0
  25.968  SINK rx: 94 KB/s (96960 B / 1000 ms) fsu=65 | cum_total=1839611 B cum_segs=7666 | UP sent=7858 eagain=0 lasterr=0 txcred=147 host_pulls=0
  26.999  SINK rx: 94 KB/s (97195 B / 1000 ms) fsu=65 | cum_total=1936806 B cum_segs=8071 | UP sent=8263 eagain=0 lasterr=0 txcred=152 host_pulls=0
  28.027  SINK rx: 94 KB/s (96725 B / 1000 ms) fsu=65 | cum_total=2033531 B cum_segs=8474 | UP sent=8666 eagain=0 lasterr=0 txcred=159 host_pulls=0
  29.004  SINK rx: 94 KB/s (97195 B / 1000 ms) fsu=65 | cum_total=2130726 B cum_segs=8879 | UP sent=9070 eagain=0 lasterr=0 txcred=124 host_pulls=0
  30.016  SINK rx: 95 KB/s (97685 B / 1000 ms) fsu=65 | cum_total=2228411 B cum_segs=9286 | UP sent=9476 eagain=0 lasterr=0 txcred=127 host_pulls=0
  31.045  SINK rx: 90 KB/s (93120 B / 1000 ms) fsu=65 | cum_total=2321531 B cum_segs=9674 | UP sent=9866 eagain=0 lasterr=0 txcred=148 host_pulls=0
  32.068  SINK rx: 78 KB/s (79915 B / 1000 ms) fsu=65 | cum_total=2401446 B cum_segs=10007 | UP sent=10198 eagain=0 lasterr=0 txcred=144 host_pulls=0
  33.088  SINK rx: 93 KB/s (95765 B / 1000 ms) fsu=65 | cum_total=2497211 B cum_segs=10406 | UP sent=10598 eagain=0 lasterr=0 txcred=154 host_pulls=0
  34.121  SINK rx: 95 KB/s (97675 B / 1000 ms) fsu=65 | cum_total=2594886 B cum_segs=10813 | UP sent=11005 eagain=0 lasterr=0 txcred=157 host_pulls=0
  35.087  SINK rx: 95 KB/s (97685 B / 1000 ms) fsu=65 | cum_total=2692571 B cum_segs=11220 | UP sent=11412 eagain=0 lasterr=0 txcred=160 host_pulls=0
  36.116  SINK rx: 94 KB/s (97195 B / 1000 ms) fsu=65 | cum_total=2789766 B cum_segs=11625 | UP sent=11816 eagain=0 lasterr=0 txcred=125 host_pulls=0
  37.134  SINK rx: 94 KB/s (96960 B / 1000 ms) fsu=65 | cum_total=2886726 B cum_segs=12029 | UP sent=12220 eagain=0 lasterr=0 txcred=131 host_pulls=0
  38.163  SINK rx: 88 KB/s (90720 B / 1000 ms) fsu=65 | cum_total=2977446 B cum_segs=12407 | UP sent=12599 eagain=0 lasterr=0 txcred=162 host_pulls=0
  39.138  SINK rx: 87 KB/s (89525 B / 1000 ms) fsu=65 | cum_total=3066971 B cum_segs=12780 | UP sent=12972 eagain=0 lasterr=0 txcred=158 host_pulls=0
