   0.990  CENRX cum_total=1452532 B
   2.030  CENRX cum_total=1510360 B
   3.017  CENRX cum_total=1510360 B
   3.979  CENRX cum_total=1510360 B
   4.953  RPT occ: (SDC no-occ) fsu=150 | sender: sent=3059(+1252 SDU) eagain=0(+0) poolfail=0(+0)
   5.010  CENRX cum_total=1510360 B
   5.588  L2CAP disconnected
   5.649  GAP disconnected 0x08
   5.649  scan start rc=0
   5.649  found D6:C7:60:B1:D3:0E (random) (rssi -51), connecting
   5.704  GAP connected
   5.704  phy req rc=0
   5.704  DLE: tx_max=251 rx_max=251
   5.704  l2cap_chan_connect rc=0
   5.764  L2CAP connected: tx.mtu=512 tx.mps=247 tx.credits=0 rx.mtu=512 rx.mps=247
   5.764  GATE conn: interval=6 (units 1.25ms) => 7.50 ms
   5.764  Q3FSU-REQ role=C auto min=150 max=150 phys=0x2 rc=0
   5.764  PHY: tx=2 rx=2 (2=2M)
   5.764  dle req rc=0
   5.814  Q3FSU-DONE role=C status=0x00 spacing=150 types=0x0 phys=0x0 initiator=0
   5.995  CENRX cum_total=1523780 B
   6.055  blasting 480-byte SDUs...
   6.995  CENRX cum_total=1618940 B
   8.032  CENRX cum_total=1711660 B
   9.005  CENRX cum_total=1803648 B
  10.048  CENRX cum_total=1896124 B
  11.024  CENRX cum_total=1988356 B
  12.004  CENRX cum_total=2079612 B
  13.048  CENRX cum_total=2169160 B
  14.019  CENRX cum_total=2259928 B
  14.962  RPT occ: (SDC no-occ) fsu=150 | sender: sent=4759(+1700 SDU) eagain=0(+0) poolfail=0(+0)
  15.021  CENRX cum_total=2352404 B
  16.038  CENRX cum_total=2446100 B
  17.049  CENRX cum_total=2536624 B
  18.055  CENRX cum_total=2628124 B
  19.032  CENRX cum_total=2720844 B
  20.031  CENRX cum_total=2811856 B
  21.056  CENRX cum_total=2902868 B
  22.044  CENRX cum_total=2996320 B
  23.082  CENRX cum_total=3089040 B
  24.078  CENRX cum_total=3180540 B
  24.985  RPT occ: (SDC no-occ) fsu=150 | sender: sent=6642(+1883 SDU) eagain=0(+0) poolfail=0(+0)
  25.046  CENRX cum_total=3273016 B
  26.074  CENRX cum_total=3364272 B
  27.056  CENRX cum_total=3454796 B
  28.091  CENRX cum_total=3546784 B
  29.078  CENRX cum_total=3638284 B
  30.099  CENRX cum_total=3731736 B
  31.101  CENRX cum_total=3823480 B
  32.077  CENRX cum_total=3916688 B
  33.062  CENRX cum_total=4008920 B
  34.099  CENRX cum_total=4102616 B
  35.008  RPT occ: (SDC no-occ) fsu=150 | sender: sent=8527(+1885 SDU) eagain=0(+0) poolfail=0(+0)
  35.068  CENRX cum_total=4194360 B
  36.100  CENRX cum_total=4285372 B
  37.072  CENRX cum_total=4366136 B
  38.110  CENRX cum_total=4458612 B
  39.068  CENRX cum_total=4551820 B
