*** Booting nRF Connect SDK v3.4.0-99553055607b ***
*** Using Zephyr OS v4.4.0-bf801e4e3d19 ***
[00:10:15.553,217] [0m<inf> bt_sdc_hci_driver: SoftDevice Controller build revision: 
                                            c8 da 30 98 f9 f0 34 a4  4b 6e ba d3 08 19 cc 0c |..0...4. Kn......
                                            ea 51 da 47                                      |.Q.G             [0m
[00:10:15.554,191] [0m<inf> bt_hci_core: HW Platform: Nordic Semiconductor (0x0002)[0m
[00:10:15.554,203] [0m<inf> bt_hci_core: HW Variant: nRF54Lx (0x0005)[0m
[00:10:15.554,215] [0m<inf> bt_hci_core: Firmware: Standard Bluetooth controller (0x00) Version 200.12506 Build 888207768[0m
[00:10:15.554,603] [0m<inf> bt_hci_core: HCI transport: SDC[0m
[00:10:15.554,650] [0m<inf> bt_hci_core: Identity: FC:BE:FF:FA:E6:8B (random)[0m
[00:10:15.554,666] [0m<inf> bt_hci_core: HCI: version 6.3 (0x11) revision 0x3039, manufacturer 0x0059[0m
[00:10:15.554,681] [0m<inf> bt_hci_core: LMP: version 6.3 (0x11) subver 0x3039[0m

=== nRF54L15 RTT ping-pong CENTRAL ===
scan rc=0
GAP connected interval=6
MTU err=0 mtu=23
PHY tx=2 rx=2
discovery start (post-PHY +500ms) interval=6 phy2m=1
SUBSCRIBED, vh=18
t=1s RTT mean=12057 min=11912 max=12346 n=3 to=0 | cancels=0(+0/s) seqbad=0 len_bad=0 disc=0(0x00) | tot_n=3 tot_to=0 maxever=12346 >2ms=3 >5ms=3 >15ms=0 >20ms=0 >30ms=0 | probes=4 wrfail=0 down=0s maxout=0s
t=2s RTT mean=11915 min=11906 max=11934 n=66 to=0 | cancels=0(+0/s) seqbad=0 len_bad=0 disc=0(0x00) | tot_n=69 tot_to=0 maxever=12346 >2ms=69 >5ms=69 >15ms=0 >20ms=0 >30ms=0 | probes=70 wrfail=0 down=0s maxout=0s
t=3s RTT mean=14546 min=11911 max=41923 n=57 to=0 | cancels=0(+0/s) seqbad=0 len_bad=0 disc=0(0x00) | tot_n=126 tot_to=0 maxever=41923 >2ms=126 >5ms=126 >15ms=12 >20ms=4 >30ms=3 | probes=127 wrfail=0 down=0s maxout=0s
t=4s RTT mean=11915 min=11912 max=11928 n=67 to=0 | cancels=0(+0/s) seqbad=0 len_bad=0 disc=0(0x00) | tot_n=193 tot_to=0 maxever=41923 >2ms=193 >5ms=193 >15ms=12 >20ms=4 >30ms=3 | probes=194 wrfail=0 down=0s maxout=0s
t=5s RTT mean=11914 min=11912 max=11923 n=67 to=0 | cancels=0(+0/s) seqbad=0 len_bad=0 disc=0(0x00) | tot_n=260 tot_to=0 maxever=41923 >2ms=260 >5ms=260 >15ms=12 >20ms=4 >30ms=3 | probes=260 wrfail=0 down=0s maxout=0s
>>> interval now 6 (units) — pinging (delay=500ms)
t=6s RTT mean=11915 min=11864 max=11989 n=66 to=0 | cancels=0(+0/s) seqbad=0 len_bad=0 disc=0(0x00) | tot_n=326 tot_to=0 maxever=41923 >2ms=326 >5ms=326 >15ms=12 >20ms=4 >30ms=3 | probes=327 wrfail=0 down=0s maxout=0s
t=7s RTT mean=11915 min=11911 max=11934 n=67 to=0 | cancels=0(+0/s) seqbad=0 len_bad=0 disc=0(0x00) | tot_n=393 tot_to=0 maxever=41923 >2ms=393 >5ms=393 >15ms=12 >20ms=4 >30ms=3 | probes=394 wrfail=0 down=0s maxout=0s
t=8s RTT mean=11914 min=11911 max=11923 n=67 to=0 | cancels=0(+0/s) seqbad=0 len_bad=0 disc=0(0x00) | tot_n=460 tot_to=0 maxever=41923 >2ms=460 >5ms=460 >15ms=12 >20ms=4 >30ms=3 | probes=460 wrfail=0 down=0s maxout=0s
t=9s RTT mean=11915 min=11912 max=11935 n=66 to=0 | cancels=0(+0/s) seqbad=0 len_bad=0 disc=0(0x00) | tot_n=526 tot_to=0 maxever=41923 >2ms=526 >5ms=526 >15ms=12 >20ms=4 >30ms=3 | probes=527 wrfail=0 down=0s maxout=0s
t=10s RTT mean=11914 min=11912 max=11923 n=67 to=0 | cancels=0(+0/s) seqbad=0 len_bad=0 disc=0(0x00) | tot_n=593 tot_to=0 maxever=41923 >2ms=593 >5ms=593 >15ms=12 >20ms=4 >30ms=3 | probes=594 wrfail=0 down=0s maxout=0s
t=11s RTT mean=11915 min=11904 max=11928 n=67 to=0 | cancels=0(+0/s) seqbad=0 len_bad=0 disc=0(0x00) | tot_n=660 tot_to=0 maxever=41923 >2ms=660 >5ms=660 >15ms=12 >20ms=4 >30ms=3 | probes=660 wrfail=0 down=0s maxout=0s
t=12s RTT mean=11914 min=11911 max=11918 n=66 to=0 | cancels=0(+0/s) seqbad=0 len_bad=0 disc=0(0x00) | tot_n=726 tot_to=0 maxever=41923 >2ms=726 >5ms=726 >15ms=12 >20ms=4 >30ms=3 | probes=727 wrfail=0 down=0s maxout=0s
t=13s RTT mean=12027 min=11912 max=19415 n=67 to=0 | cancels=0(+0/s) seqbad=0 len_bad=0 disc=0(0x00) | tot_n=793 tot_to=0 maxever=41923 >2ms=793 >5ms=793 >15ms=13 >20ms=4 >30ms=3 | probes=793 wrfail=0 down=0s maxout=0s
t=14s RTT mean=11915 min=11912 max=11950 n=66 to=0 | cancels=0(+0/s) seqbad=0 len_bad=0 disc=0(0x00) | tot_n=859 tot_to=0 maxever=41923 >2ms=859 >5ms=859 >15ms=13 >20ms=4 >30ms=3 | probes=860 wrfail=0 down=0s maxout=0s
t=15s RTT mean=11915 min=11912 max=11929 n=67 to=0 | cancels=0(+0/s) seqbad=0 len_bad=0 disc=0(0x00) | tot_n=926 tot_to=0 maxever=41923 >2ms=926 >5ms=926 >15ms=13 >20ms=4 >30ms=3 | probes=927 wrfail=0 down=0s maxout=0s
t=16s RTT mean=11914 min=11911 max=11923 n=67 to=0 | cancels=0(+0/s) seqbad=0 len_bad=0 disc=0(0x00) | tot_n=993 tot_to=0 maxever=41923 >2ms=993 >5ms=993 >15ms=13 >20ms=4 >30ms=3 | probes=993 wrfail=0 down=0s maxout=0s
t=17s RTT mean=11915 min=11911 max=11966 n=66 to=0 | cancels=0(+0/s) seqbad=0 len_bad=0 disc=0(0x00) | tot_n=1059 tot_to=0 maxever=41923 >2ms=1059 >5ms=1059 >15ms=13 >20ms=4 >30ms=3 | probes=1060 wrfail=0 down=0s maxout=0s
t=18s RTT mean=11914 min=11912 max=11924 n=67 to=0 | cancels=0(+0/s) seqbad=0 len_bad=0 disc=0(0x00) | tot_n=1126 tot_to=0 maxever=41923 >2ms=1126 >5ms=1126 >15ms=13 >20ms=4 >30ms=3 | probes=1127 wrfail=0 down=0s maxout=0s
t=19s RTT mean=11915 min=11905 max=11928 n=67 to=0 | cancels=0(+0/s) seqbad=0 len_bad=0 disc=0(0x00) | tot_n=1193 tot_to=0 maxever=41923 >2ms=1193 >5ms=1193 >15ms=13 >20ms=4 >30ms=3 | probes=1193 wrfail=0 down=0s maxout=0s
t=20s RTT mean=11915 min=11912 max=11949 n=66 to=0 | cancels=0(+0/s) seqbad=0 len_bad=0 disc=0(0x00) | tot_n=1259 tot_to=0 maxever=41923 >2ms=1259 >5ms=1259 >15ms=13 >20ms=4 >30ms=3 | probes=1260 wrfail=0 down=0s maxout=0s
t=21s RTT mean=11915 min=11911 max=11928 n=67 to=0 | cancels=0(+0/s) seqbad=0 len_bad=0 disc=0(0x00) | tot_n=1326 tot_to=0 maxever=41923 >2ms=1326 >5ms=1326 >15ms=13 >20ms=4 >30ms=3 | probes=1327 wrfail=0 down=0s maxout=0s
t=22s RTT mean=11914 min=11911 max=11923 n=67 to=0 | cancels=0(+0/s) seqbad=0 len_bad=0 disc=0(0x00) | tot_n=1393 tot_to=0 maxever=41923 >2ms=1393 >5ms=1393 >15ms=13 >20ms=4 >30ms=3 | probes=1393 wrfail=0 down=0s maxout=0s
t=23s RTT mean=12146 min=11912 max=19415 n=65 to=0 | cancels=0(+0/s) seqbad=0 len_bad=0 disc=0(0x00) | tot_n=1458 tot_to=0 maxever=41923 >2ms=1458 >5ms=1458 >15ms=15 >20ms=4 >30ms=3 | probes=1459 wrfail=0 down=0s maxout=0s
t=24s RTT mean=12028 min=11912 max=19414 n=66 to=0 | cancels=0(+0/s) seqbad=0 len_bad=0 disc=0(0x00) | tot_n=1524 tot_to=0 maxever=41923 >2ms=1524 >5ms=1524 >15ms=16 >20ms=4 >30ms=3 | probes=1525 wrfail=0 down=0s maxout=0s
t=25s RTT mean=11915 min=11911 max=11929 n=67 to=0 | cancels=0(+0/s) seqbad=0 len_bad=0 disc=0(0x00) | tot_n=1591 tot_to=0 maxever=41923 >2ms=1591 >5ms=1591 >15ms=16 >20ms=4 >30ms=3 | probes=1592 wrfail=0 down=0s maxout=0s
t=26s RTT mean=11914 min=11911 max=11923 n=67 to=0 | cancels=0(+0/s) seqbad=0 len_bad=0 disc=0(0x00) | tot_n=1658 tot_to=0 maxever=41923 >2ms=1658 >5ms=1658 >15ms=16 >20ms=4 >30ms=3 | probes=1659 wrfail=0 down=0s maxout=0s
t=27s RTT mean=11915 min=11912 max=11928 n=66 to=0 | cancels=0(+0/s) seqbad=0 len_bad=0 disc=0(0x00) | tot_n=1724 tot_to=0 maxever=41923 >2ms=1724 >5ms=1724 >15ms=16 >20ms=4 >30ms=3 | probes=1725 wrfail=0 down=0s maxout=0s
t=28s RTT mean=11914 min=11801 max=12038 n=67 to=0 | cancels=0(+0/s) seqbad=0 len_bad=0 disc=0(0x00) | tot_n=1791 tot_to=0 maxever=41923 >2ms=1791 >5ms=1791 >15ms=16 >20ms=4 >30ms=3 | probes=1792 wrfail=0 down=0s maxout=0s
t=29s RTT mean=11915 min=11911 max=11928 n=67 to=0 | cancels=0(+0/s) seqbad=0 len_bad=0 disc=0(0x00) | tot_n=1858 tot_to=0 maxever=41923 >2ms=1858 >5ms=1858 >15ms=16 >20ms=4 >30ms=3 | probes=1859 wrfail=0 down=0s maxout=0s
t=30s RTT mean=11914 min=11911 max=11923 n=67 to=0 | cancels=0(+0/s) seqbad=0 len_bad=0 disc=0(0x00) | tot_n=1925 tot_to=0 maxever=41923 >2ms=1925 >5ms=1925 >15ms=16 >20ms=4 >30ms=3 | probes=1925 wrfail=0 down=0s maxout=0s
t=31s RTT mean=11915 min=11912 max=11967 n=66 to=0 | cancels=0(+0/s) seqbad=0 len_bad=0 disc=0(0x00) | tot_n=1991 tot_to=0 maxever=41923 >2ms=1991 >5ms=1991 >15ms=16 >20ms=4 >30ms=3 | probes=1992 wrfail=0 down=0s maxout=0s
t=32s RTT mean=11914 min=11467 max=12362 n=67 to=0 | cancels=0(+0/s) seqbad=0 len_bad=0 disc=0(0x00) | tot_n=2058 tot_to=0 maxever=41923 >2ms=2058 >5ms=2058 >15ms=16 >20ms=4 >30ms=3 | probes=2059 wrfail=0 down=0s maxout=0s
t=33s RTT mean=12028 min=11912 max=19420 n=66 to=0 | cancels=0(+0/s) seqbad=0 len_bad=0 disc=0(0x00) | tot_n=2124 tot_to=0 maxever=41923 >2ms=2124 >5ms=2124 >15ms=17 >20ms=4 >30ms=3 | probes=2125 wrfail=0 down=0s maxout=0s
t=34s RTT mean=12028 min=11910 max=19415 n=66 to=0 | cancels=0(+0/s) seqbad=0 len_bad=0 disc=0(0x00) | tot_n=2190 tot_to=0 maxever=41923 >2ms=2190 >5ms=2190 >15ms=18 >20ms=4 >30ms=3 | probes=2191 wrfail=0 down=0s maxout=0s
t=35s RTT mean=12028 min=11911 max=19414 n=66 to=0 | cancels=0(+0/s) seqbad=0 len_bad=0 disc=0(0x00) | tot_n=2256 tot_to=0 maxever=41923 >2ms=2256 >5ms=2256 >15ms=19 >20ms=4 >30ms=3 | probes=2257 wrfail=0 down=0s maxout=0s
t=36s RTT mean=11914 min=11912 max=11924 n=67 to=0 | cancels=0(+0/s) seqbad=0 len_bad=0 disc=0(0x00) | tot_n=2323 tot_to=0 maxever=41923 >2ms=2323 >5ms=2323 >15ms=19 >20ms=4 >30ms=3 | probes=2324 wrfail=0 down=0s maxout=0s
t=37s RTT mean=11915 min=11912 max=11928 n=67 to=0 | cancels=0(+0/s) seqbad=0 len_bad=0 disc=0(0x00) | tot_n=2390 tot_to=0 maxever=41923 >2ms=2390 >5ms=2390 >15ms=19 >20ms=4 >30ms=3 | probes=2391 wrfail=0 down=0s maxout=0s
t=38s RTT mean=12028 min=11911 max=19414 n=66 to=0 | cancels=0(+0/s) seqbad=0 len_bad=0 disc=0(0x00) | tot_n=2456 tot_to=0 maxever=41923 >2ms=2456 >5ms=2456 >15ms=20 >20ms=4 >30ms=3 | probes=2457 wrfail=0 down=0s maxout=0s
t=39s RTT mean=12376 min=11911 max=26914 n=65 to=0 | cancels=0(+0/s) seqbad=0 len_bad=0 disc=0(0x00) | tot_n=2521 tot_to=0 maxever=41923 >2ms=2521 >5ms=2521 >15ms=23 >20ms=5 >30ms=3 | probes=2521 wrfail=0 down=0s maxout=0s
t=40s RTT mean=11915 min=11912 max=11950 n=66 to=0 | cancels=0(+0/s) seqbad=0 len_bad=0 disc=0(0x00) | tot_n=2587 tot_to=0 maxever=41923 >2ms=2587 >5ms=2587 >15ms=23 >20ms=5 >30ms=3 | probes=2588 wrfail=0 down=0s maxout=0s
t=41s RTT mean=11915 min=11912 max=11928 n=67 to=0 | cancels=0(+0/s) seqbad=0 len_bad=0 disc=0(0x00) | tot_n=2654 tot_to=0 maxever=41923 >2ms=2654 >5ms=2654 >15ms=23 >20ms=5 >30ms=3 | probes=2655 wrfail=0 down=0s maxout=0s
t=42s RTT mean=11914 min=11912 max=11922 n=67 to=0 | cancels=0(+0/s) seqbad=0 len_bad=0 disc=0(0x00) | tot_n=2721 tot_to=0 maxever=41923 >2ms=2721 >5ms=2721 >15ms=23 >20ms=5 >30ms=3 | probes=2721 wrfail=0 down=0s maxout=0s
t=43s RTT mean=11915 min=11467 max=12362 n=66 to=0 | cancels=0(+0/s) seqbad=0 len_bad=0 disc=0(0x00) | tot_n=2787 tot_to=0 maxever=41923 >2ms=2787 >5ms=2787 >15ms=23 >20ms=5 >30ms=3 | probes=2788 wrfail=0 down=0s maxout=0s
t=44s RTT mean=12617 min=11468 max=34415 n=64 to=0 | cancels=0(+0/s) seqbad=0 len_bad=0 disc=0(0x00) | tot_n=2851 tot_to=0 maxever=41923 >2ms=2851 >5ms=2851 >15ms=26 >20ms=7 >30ms=4 | probes=2852 wrfail=0 down=0s maxout=0s
t=45s RTT mean=11915 min=11905 max=11929 n=67 to=0 | cancels=0(+0/s) seqbad=0 len_bad=0 disc=0(0x00) | tot_n=2918 tot_to=0 maxever=41923 >2ms=2918 >5ms=2918 >15ms=26 >20ms=7 >30ms=4 | probes=2918 wrfail=0 down=0s maxout=0s
t=46s RTT mean=11915 min=11912 max=11949 n=66 to=0 | cancels=0(+0/s) seqbad=0 len_bad=0 disc=0(0x00) | tot_n=2984 tot_to=0 maxever=41923 >2ms=2984 >5ms=2984 >15ms=26 >20ms=7 >30ms=4 | probes=2985 wrfail=0 down=0s maxout=0s
t=47s RTT mean=11915 min=11911 max=11928 n=67 to=0 | cancels=0(+0/s) seqbad=0 len_bad=0 disc=0(0x00) | tot_n=3051 tot_to=0 maxever=41923 >2ms=3051 >5ms=3051 >15ms=26 >20ms=7 >30ms=4 | probes=3052 wrfail=0 down=0s maxout=0s
t=48s RTT mean=11914 min=11911 max=11923 n=67 to=0 | cancels=0(+0/s) seqbad=0 len_bad=0 disc=0(0x00) | tot_n=3118 tot_to=0 maxever=41923 >2ms=3118 >5ms=3118 >15ms=26 >20ms=7 >30ms=4 | probes=3118 wrfail=0 down=0s maxout=0s
t=49s RTT mean=12027 min=11869 max=19415 n=66 to=0 | cancels=0(+0/s) seqbad=0 len_bad=0 disc=0(0x00) | tot_n=3184 tot_to=0 maxever=41923 >2ms=3184 >5ms=3184 >15ms=27 >20ms=7 >30ms=4 | probes=3185 wrfail=0 down=0s maxout=0s
t=50s RTT mean=12028 min=11912 max=19415 n=66 to=0 | cancels=0(+0/s) seqbad=0 len_bad=0 disc=0(0x00) | tot_n=3250 tot_to=0 maxever=41923 >2ms=3250 >5ms=3250 >15ms=28 >20ms=7 >30ms=4 | probes=3251 wrfail=0 down=0s maxout=0s
t=51s RTT mean=12261 min=11912 max=19415 n=65 to=0 | cancels=0(+0/s) seqbad=0 len_bad=0 disc=0(0x00) | tot_n=3315 tot_to=0 maxever=41923 >2ms=3315 >5ms=3315 >15ms=31 >20ms=7 >30ms=4 | probes=3316 wrfail=0 down=0s maxout=0s
t=52s RTT mean=11914 min=11910 max=11923 n=67 to=0 | cancels=0(+0/s) seqbad=0 len_bad=0 disc=0(0x00) | tot_n=3382 tot_to=0 maxever=41923 >2ms=3382 >5ms=3382 >15ms=31 >20ms=7 >30ms=4 | probes=3383 wrfail=0 down=0s maxout=0s
t=53s RTT mean=11915 min=11905 max=11929 n=67 to=0 | cancels=0(+0/s) seqbad=0 len_bad=0 disc=0(0x00) | tot_n=3449 tot_to=0 maxever=41923 >2ms=3449 >5ms=3449 >15ms=31 >20ms=7 >30ms=4 | probes=3449 wrfail=0 down=0s maxout=0s
t=54s RTT mean=11914 min=11912 max=11918 n=66 to=0 | cancels=0(+0/s) seqbad=0 len_bad=0 disc=0(0x00) | tot_n=3515 tot_to=0 maxever=41923 >2ms=3515 >5ms=3515 >15ms=31 >20ms=7 >30ms=4 | probes=3516 wrfail=0 down=0s maxout=0s
t=55s RTT mean=11915 min=11912 max=11928 n=67 to=0 | cancels=0(+0/s) seqbad=0 len_bad=0 disc=0(0x00) | tot_n=3582 tot_to=0 maxever=41923 >2ms=3582 >5ms=3582 >15ms=31 >20ms=7 >30ms=4 | probes=3583 wrfail=0 down=0s maxout=0s
t=56s RTT mean=11914 min=11912 max=11923 n=67 to=0 | cancels=0(+0/s) seqbad=0 len_bad=0 disc=0(0x00) | tot_n=3649 tot_to=0 maxever=41923 >2ms=3649 >5ms=3649 >15ms=31 >20ms=7 >30ms=4 | probes=3649 wrfail=0 down=0s maxout=0s
t=57s RTT mean=11915 min=11912 max=11934 n=66 to=0 | cancels=0(+0/s) seqbad=0 len_bad=0 disc=0(0x00) | tot_n=3715 tot_to=0 maxever=41923 >2ms=3715 >5ms=3715 >15ms=31 >20ms=7 >30ms=4 | probes=3716 wrfail=0 down=0s maxout=0s
t=58s RTT mean=11914 min=11467 max=12359 n=67 to=0 | cancels=0(+0/s) seqbad=0 len_bad=0 disc=0(0x00) | tot_n=3782 tot_to=0 maxever=41923 >2ms=3782 >5ms=3782 >15ms=31 >20ms=7 >30ms=4 | probes=3783 wrfail=0 down=0s maxout=0s
t=59s RTT mean=12028 min=11906 max=19415 n=66 to=0 | cancels=0(+0/s) seqbad=0 len_bad=0 disc=0(0x00) | tot_n=3848 tot_to=0 maxever=41923 >2ms=3848 >5ms=3848 >15ms=32 >20ms=7 >30ms=4 | probes=3849 wrfail=0 down=0s maxout=0s
t=60s RTT mean=11914 min=11912 max=11923 n=67 to=0 | cancels=0(+0/s) seqbad=0 len_bad=0 disc=0(0x00) | tot_n=3915 tot_to=0 maxever=41923 >2ms=3915 >5ms=3915 >15ms=32 >20ms=7 >30ms=4 | probes=3916 wrfail=0 down=0s maxout=0s
t=61s RTT mean=12145 min=11911 max=19415 n=65 to=0 | cancels=0(+0/s) seqbad=0 len_bad=0 disc=0(0x00) | tot_n=3980 tot_to=0 maxever=41923 >2ms=3980 >5ms=3980 >15ms=34 >20ms=7 >30ms=4 | probes=3981 wrfail=0 down=0s maxout=0s
t=62s RTT mean=12026 min=11810 max=19414 n=67 to=0 | cancels=0(+0/s) seqbad=0 len_bad=0 disc=0(0x00) | tot_n=4047 tot_to=0 maxever=41923 >2ms=4047 >5ms=4047 >15ms=35 >20ms=7 >30ms=4 | probes=4047 wrfail=0 down=0s maxout=0s
t=63s RTT mean=12261 min=11912 max=19415 n=65 to=0 | cancels=0(+0/s) seqbad=0 len_bad=0 disc=0(0x00) | tot_n=4112 tot_to=0 maxever=41923 >2ms=4112 >5ms=4112 >15ms=38 >20ms=7 >30ms=4 | probes=4113 wrfail=0 down=0s maxout=0s
t=64s RTT mean=14242 min=11912 max=26915 n=58 to=0 | cancels=0(+0/s) seqbad=0 len_bad=0 disc=0(0x00) | tot_n=4170 tot_to=0 maxever=41923 >2ms=4170 >5ms=4170 >15ms=49 >20ms=14 >30ms=4 | probes=4170 wrfail=0 down=0s maxout=0s
t=65s RTT mean=11915 min=11912 max=11934 n=66 to=0 | cancels=0(+0/s) seqbad=0 len_bad=0 disc=0(0x00) | tot_n=4236 tot_to=0 maxever=41923 >2ms=4236 >5ms=4236 >15ms=49 >20ms=14 >30ms=4 | probes=4237 wrfail=0 down=0s maxout=0s
t=66s RTT mean=11914 min=11911 max=11923 n=67 to=0 | cancels=0(+0/s) seqbad=0 len_bad=0 disc=0(0x00) | tot_n=4303 tot_to=0 maxever=41923 >2ms=4303 >5ms=4303 >15ms=49 >20ms=14 >30ms=4 | probes=4304 wrfail=0 down=0s maxout=0s
t=67s RTT mean=12376 min=11905 max=26914 n=65 to=0 | cancels=0(+0/s) seqbad=0 len_bad=0 disc=0(0x00) | tot_n=4368 tot_to=0 maxever=41923 >2ms=4368 >5ms=4368 >15ms=52 >20ms=15 >30ms=4 | probes=4368 wrfail=0 down=0s maxout=0s
t=68s RTT mean=11914 min=11467 max=12362 n=66 to=0 | cancels=0(+0/s) seqbad=0 len_bad=0 disc=0(0x00) | tot_n=4434 tot_to=0 maxever=41923 >2ms=4434 >5ms=4434 >15ms=52 >20ms=15 >30ms=4 | probes=4435 wrfail=0 down=0s maxout=0s
t=69s RTT mean=12028 min=11912 max=19417 n=66 to=0 | cancels=0(+0/s) seqbad=0 len_bad=0 disc=0(0x00) | tot_n=4500 tot_to=0 maxever=41923 >2ms=4500 >5ms=4500 >15ms=53 >20ms=15 >30ms=4 | probes=4501 wrfail=0 down=0s maxout=0s
t=70s RTT mean=12026 min=11911 max=19414 n=67 to=0 | cancels=0(+0/s) seqbad=0 len_bad=0 disc=0(0x00) | tot_n=4567 tot_to=0 maxever=41923 >2ms=4567 >5ms=4567 >15ms=54 >20ms=15 >30ms=4 | probes=4567 wrfail=0 down=0s maxout=0s
t=71s RTT mean=12898 min=11914 max=26914 n=61 to=0 | cancels=0(+0/s) seqbad=0 len_bad=0 disc=0(0x00) | tot_n=4628 tot_to=0 maxever=41923 >2ms=4628 >5ms=4628 >15ms=61 >20ms=16 >30ms=4 | probes=4629 wrfail=0 down=0s maxout=0s
t=72s RTT mean=12986 min=11912 max=34418 n=63 to=0 | cancels=0(+0/s) seqbad=0 len_bad=0 disc=0(0x00) | tot_n=4691 tot_to=0 maxever=41923 >2ms=4691 >5ms=4691 >15ms=67 >20ms=18 >30ms=5 | probes=4692 wrfail=0 down=0s maxout=0s
t=73s RTT mean=12142 min=11912 max=19415 n=66 to=0 | cancels=0(+0/s) seqbad=0 len_bad=0 disc=0(0x00) | tot_n=4757 tot_to=0 maxever=41923 >2ms=4757 >5ms=4757 >15ms=69 >20ms=18 >30ms=5 | probes=4758 wrfail=0 down=0s maxout=0s
t=74s RTT mean=11914 min=11912 max=11922 n=67 to=0 | cancels=0(+0/s) seqbad=0 len_bad=0 disc=0(0x00) | tot_n=4824 tot_to=0 maxever=41923 >2ms=4824 >5ms=4824 >15ms=69 >20ms=18 >30ms=5 | probes=4825 wrfail=0 down=0s maxout=0s
t=75s RTT mean=11915 min=11911 max=11928 n=66 to=0 | cancels=0(+0/s) seqbad=0 len_bad=0 disc=0(0x00) | tot_n=4890 tot_to=0 maxever=41923 >2ms=4890 >5ms=4890 >15ms=69 >20ms=18 >30ms=5 | probes=4891 wrfail=0 down=0s maxout=0s
t=76s RTT mean=11914 min=11912 max=11924 n=67 to=0 | cancels=0(+0/s) seqbad=0 len_bad=0 disc=0(0x00) | tot_n=4957 tot_to=0 maxever=41923 >2ms=4957 >5ms=4957 >15ms=69 >20ms=18 >30ms=5 | probes=4958 wrfail=0 down=0s maxout=0s
t=77s RTT mean=11915 min=11912 max=11928 n=67 to=0 | cancels=0(+0/s) seqbad=0 len_bad=0 disc=0(0x00) | tot_n=5024 tot_to=0 maxever=41923 >2ms=5024 >5ms=5024 >15ms=69 >20ms=18 >30ms=5 | probes=5025 wrfail=0 down=0s maxout=0s
t=78s RTT mean=12028 min=11912 max=19414 n=66 to=0 | cancels=0(+0/s) seqbad=0 len_bad=0 disc=0(0x00) | tot_n=5090 tot_to=0 maxever=41923 >2ms=5090 >5ms=5090 >15ms=70 >20ms=18 >30ms=5 | probes=5091 wrfail=0 down=0s maxout=0s
t=79s RTT mean=11915 min=11905 max=11928 n=67 to=0 | cancels=0(+0/s) seqbad=0 len_bad=0 disc=0(0x00) | tot_n=5157 tot_to=0 maxever=41923 >2ms=5157 >5ms=5157 >15ms=70 >20ms=18 >30ms=5 | probes=5157 wrfail=0 down=0s maxout=0s
t=80s RTT mean=11914 min=11911 max=11918 n=66 to=0 | cancels=0(+0/s) seqbad=0 len_bad=0 disc=0(0x00) | tot_n=5223 tot_to=0 maxever=41923 >2ms=5223 >5ms=5223 >15ms=70 >20ms=18 >30ms=5 | probes=5224 wrfail=0 down=0s maxout=0s
t=81s RTT mean=12027 min=11912 max=19415 n=67 to=0 | cancels=0(+0/s) seqbad=0 len_bad=0 disc=0(0x00) | tot_n=5290 tot_to=0 maxever=41923 >2ms=5290 >5ms=5290 >15ms=71 >20ms=18 >30ms=5 | probes=5290 wrfail=0 down=0s maxout=0s
t=82s RTT mean=11914 min=11912 max=11917 n=66 to=0 | cancels=0(+0/s) seqbad=0 len_bad=0 disc=0(0x00) | tot_n=5356 tot_to=0 maxever=41923 >2ms=5356 >5ms=5356 >15ms=71 >20ms=18 >30ms=5 | probes=5357 wrfail=0 down=0s maxout=0s
t=83s RTT mean=12142 min=11467 max=19414 n=66 to=0 | cancels=0(+0/s) seqbad=0 len_bad=0 disc=0(0x00) | tot_n=5422 tot_to=0 maxever=41923 >2ms=5422 >5ms=5422 >15ms=73 >20ms=18 >30ms=5 | probes=5423 wrfail=0 down=0s maxout=0s
t=84s RTT mean=11914 min=11912 max=11923 n=67 to=0 | cancels=0(+0/s) seqbad=0 len_bad=0 disc=0(0x00) | tot_n=5489 tot_to=0 maxever=41923 >2ms=5489 >5ms=5489 >15ms=73 >20ms=18 >30ms=5 | probes=5489 wrfail=0 down=0s maxout=0s
t=85s RTT mean=11915 min=11911 max=11934 n=66 to=0 | cancels=0(+0/s) seqbad=0 len_bad=0 disc=0(0x00) | tot_n=5555 tot_to=0 maxever=41923 >2ms=5555 >5ms=5555 >15ms=73 >20ms=18 >30ms=5 | probes=5556 wrfail=0 down=0s maxout=0s
t=86s RTT mean=11914 min=11912 max=11924 n=67 to=0 | cancels=0(+0/s) seqbad=0 len_bad=0 disc=0(0x00) | tot_n=5622 tot_to=0 maxever=41923 >2ms=5622 >5ms=5622 >15ms=73 >20ms=18 >30ms=5 | probes=5623 wrfail=0 down=0s maxout=0s
t=87s RTT mean=11915 min=11905 max=11928 n=67 to=0 | cancels=0(+0/s) seqbad=0 len_bad=0 disc=0(0x00) | tot_n=5689 tot_to=0 maxever=41923 >2ms=5689 >5ms=5689 >15ms=73 >20ms=18 >30ms=5 | probes=5689 wrfail=0 down=0s maxout=0s
t=88s RTT mean=12383 min=11912 max=26915 n=64 to=0 | cancels=0(+0/s) seqbad=0 len_bad=0 disc=0(0x00) | tot_n=5753 tot_to=0 maxever=41923 >2ms=5753 >5ms=5753 >15ms=76 >20ms=19 >30ms=5 | probes=5754 wrfail=0 down=0s maxout=0s
t=89s RTT mean=11915 min=11911 max=11929 n=67 to=0 | cancels=0(+0/s) seqbad=0 len_bad=0 disc=0(0x00) | tot_n=5820 tot_to=0 maxever=41923 >2ms=5820 >5ms=5820 >15ms=76 >20ms=19 >30ms=5 | probes=5821 wrfail=0 down=0s maxout=0s
t=90s RTT mean=11914 min=11911 max=11923 n=67 to=0 | cancels=0(+0/s) seqbad=0 len_bad=0 disc=0(0x00) | tot_n=5887 tot_to=0 maxever=41923 >2ms=5887 >5ms=5887 >15ms=76 >20ms=19 >30ms=5 | probes=5887 wrfail=0 down=0s maxout=0s
t=91s RTT mean=11915 min=11912 max=11934 n=66 to=0 | cancels=0(+0/s) seqbad=0 len_bad=0 disc=0(0x00) | tot_n=5953 tot_to=0 maxever=41923 >2ms=5953 >5ms=5953 >15ms=76 >20ms=19 >30ms=5 | probes=5954 wrfail=0 down=0s maxout=0s
t=92s RTT mean=11914 min=11911 max=11922 n=67 to=0 | cancels=0(+0/s) seqbad=0 len_bad=0 disc=0(0x00) | tot_n=6020 tot_to=0 maxever=41923 >2ms=6020 >5ms=6020 >15ms=76 >20ms=19 >30ms=5 | probes=6021 wrfail=0 down=0s maxout=0s
t=93s RTT mean=11915 min=11906 max=11929 n=67 to=0 | cancels=0(+0/s) seqbad=0 len_bad=0 disc=0(0x00) | tot_n=6087 tot_to=0 maxever=41923 >2ms=6087 >5ms=6087 >15ms=76 >20ms=19 >30ms=5 | probes=6087 wrfail=0 down=0s maxout=0s
t=94s RTT mean=11914 min=11911 max=11918 n=66 to=0 | cancels=0(+0/s) seqbad=0 len_bad=0 disc=0(0x00) | tot_n=6153 tot_to=0 maxever=41923 >2ms=6153 >5ms=6153 >15ms=76 >20ms=19 >30ms=5 | probes=6154 wrfail=0 down=0s maxout=0s
t=95s RTT mean=11915 min=11912 max=11929 n=67 to=0 | cancels=0(+0/s) seqbad=0 len_bad=0 disc=0(0x00) | tot_n=6220 tot_to=0 maxever=41923 >2ms=6220 >5ms=6220 >15ms=76 >20ms=19 >30ms=5 | probes=6221 wrfail=0 down=0s maxout=0s
t=96s RTT mean=11914 min=11912 max=11923 n=67 to=0 | cancels=0(+0/s) seqbad=0 len_bad=0 disc=0(0x00) | tot_n=6287 tot_to=0 maxever=41923 >2ms=6287 >5ms=6287 >15ms=76 >20ms=19 >30ms=5 | probes=6287 wrfail=0 down=0s maxout=0s
t=97s RTT mean=11915 min=11911 max=11934 n=66 to=0 | cancels=0(+0/s) seqbad=0 len_bad=0 disc=0(0x00) | tot_n=6353 tot_to=0 maxever=41923 >2ms=6353 >5ms=6353 >15ms=76 >20ms=19 >30ms=5 | probes=6354 wrfail=0 down=0s maxout=0s
t=98s RTT mean=11914 min=11911 max=11924 n=67 to=0 | cancels=0(+0/s) seqbad=0 len_bad=0 disc=0(0x00) | tot_n=6420 tot_to=0 maxever=41923 >2ms=6420 >5ms=6420 >15ms=76 >20ms=19 >30ms=5 | probes=6421 wrfail=0 down=0s maxout=0s
t=99s RTT mean=11915 min=11912 max=11929 n=67 to=0 | cancels=0(+0/s) seqbad=0 len_bad=0 disc=0(0x00) | tot_n=6487 tot_to=0 maxever=41923 >2ms=6487 >5ms=6487 >15ms=76 >20ms=19 >30ms=5 | probes=6488 wrfail=0 down=0s maxout=0s
t=100s RTT mean=11914 min=11912 max=11917 n=66 to=0 | cancels=0(+0/s) seqbad=0 len_bad=0 disc=0(0x00) | tot_n=6553 tot_to=0 maxever=41923 >2ms=6553 >5ms=6553 >15ms=76 >20ms=19 >30ms=5 | probes=6554 wrfail=0 down=0s maxout=0s
t=101s RTT mean=11915 min=11911 max=11928 n=67 to=0 | cancels=0(+0/s) seqbad=0 len_bad=0 disc=0(0x00) | tot_n=6620 tot_to=0 maxever=41923 >2ms=6620 >5ms=6620 >15ms=76 >20ms=19 >30ms=5 | probes=6621 wrfail=0 down=0s maxout=0s
t=102s RTT mean=11914 min=11911 max=11923 n=67 to=0 | cancels=0(+0/s) seqbad=0 len_bad=0 disc=0(0x00) | tot_n=6687 tot_to=0 maxever=41923 >2ms=6687 >5ms=6687 >15ms=76 >20ms=19 >30ms=5 | probes=6688 wrfail=0 down=0s maxout=0s
t=103s RTT mean=11915 min=11912 max=11928 n=66 to=0 | cancels=0(+0/s) seqbad=0 len_bad=0 disc=0(0x00) | tot_n=6753 tot_to=0 maxever=41923 >2ms=6753 >5ms=6753 >15ms=76 >20ms=19 >30ms=5 | probes=6754 wrfail=0 down=0s maxout=0s
t=104s RTT mean=11914 min=11912 max=11924 n=67 to=0 | cancels=0(+0/s) seqbad=0 len_bad=0 disc=0(0x00) | tot_n=6820 tot_to=0 maxever=41923 >2ms=6820 >5ms=6820 >15ms=76 >20ms=19 >30ms=5 | probes=6821 wrfail=0 down=0s maxout=0s
t=105s RTT mean=11915 min=11911 max=11929 n=67 to=0 | cancels=0(+0/s) seqbad=0 len_bad=0 disc=0(0x00) | tot_n=6887 tot_to=0 maxever=41923 >2ms=6887 >5ms=6887 >15ms=76 >20ms=19 >30ms=5 | probes=6888 wrfail=0 down=0s maxout=0s
t=106s RTT mean=11914 min=11910 max=11923 n=66 to=0 | cancels=0(+0/s) seqbad=0 len_bad=0 disc=0(0x00) | tot_n=6953 tot_to=0 maxever=41923 >2ms=6953 >5ms=6953 >15ms=76 >20ms=19 >30ms=5 | probes=6954 wrfail=0 down=0s maxout=0s
t=107s RTT mean=11915 min=11911 max=11928 n=67 to=0 | cancels=0(+0/s) seqbad=0 len_bad=0 disc=0(0x00) | tot_n=7020 tot_to=0 maxever=41923 >2ms=7020 >5ms=7020 >15ms=76 >20ms=19 >30ms=5 | probes=7021 wrfail=0 down=0s maxout=0s
t=108s RTT mean=11914 min=11912 max=11924 n=67 to=0 | cancels=0(+0/s) seqbad=0 len_bad=0 disc=0(0x00) | tot_n=7087 tot_to=0 maxever=41923 >2ms=7087 >5ms=7087 >15ms=76 >20ms=19 >30ms=5 | probes=7088 wrfail=0 down=0s maxout=0s
t=109s RTT mean=11915 min=11905 max=11928 n=66 to=0 | cancels=0(+0/s) seqbad=0 len_bad=0 disc=0(0x00) | tot_n=7153 tot_to=0 maxever=41923 >2ms=7153 >5ms=7153 >15ms=76 >20ms=19 >30ms=5 | probes=7154 wrfail=0 down=0s maxout=0s
t=110s RTT mean=11914 min=11911 max=11924 n=67 to=0 | cancels=0(+0/s) seqbad=0 len_bad=0 disc=0(0x00) | tot_n=7220 tot_to=0 maxever=41923 >2ms=7220 >5ms=7220 >15ms=76 >20ms=19 >30ms=5 | probes=7221 wrfail=0 down=0s maxout=0s
t=111s RTT mean=12376 min=11911 max=26918 n=65 to=0 | cancels=0(+0/s) seqbad=0 len_bad=0 disc=0(0x00) | tot_n=7285 tot_to=0 maxever=41923 >2ms=7285 >5ms=7285 >15ms=79 >20ms=20 >30ms=5 | probes=7286 wrfail=0 down=0s maxout=0s
t=112s RTT mean=11914 min=11911 max=11923 n=67 to=0 | cancels=0(+0/s) seqbad=0 len_bad=0 disc=0(0x00) | tot_n=7352 tot_to=0 maxever=41923 >2ms=7352 >5ms=7352 >15ms=79 >20ms=20 >30ms=5 | probes=7352 wrfail=0 down=0s maxout=0s
t=113s RTT mean=11915 min=11912 max=11935 n=66 to=0 | cancels=0(+0/s) seqbad=0 len_bad=0 disc=0(0x00) | tot_n=7418 tot_to=0 maxever=41923 >2ms=7418 >5ms=7418 >15ms=79 >20ms=20 >30ms=5 | probes=7419 wrfail=0 down=0s maxout=0s
t=114s RTT mean=11914 min=11911 max=11923 n=67 to=0 | cancels=0(+0/s) seqbad=0 len_bad=0 disc=0(0x00) | tot_n=7485 tot_to=0 maxever=41923 >2ms=7485 >5ms=7485 >15ms=79 >20ms=20 >30ms=5 | probes=7486 wrfail=0 down=0s maxout=0s
t=115s RTT mean=11915 min=11905 max=11928 n=67 to=0 | cancels=0(+0/s) seqbad=0 len_bad=0 disc=0(0x00) | tot_n=7552 tot_to=0 maxever=41923 >2ms=7552 >5ms=7552 >15ms=79 >20ms=20 >30ms=5 | probes=7552 wrfail=0 down=0s maxout=0s
t=116s RTT mean=11914 min=11911 max=11918 n=66 to=0 | cancels=0(+0/s) seqbad=0 len_bad=0 disc=0(0x00) | tot_n=7618 tot_to=0 maxever=41923 >2ms=7618 >5ms=7618 >15ms=79 >20ms=20 >30ms=5 | probes=7619 wrfail=0 down=0s maxout=0s
t=117s RTT mean=11915 min=11911 max=11928 n=67 to=0 | cancels=0(+0/s) seqbad=0 len_bad=0 disc=0(0x00) | tot_n=7685 tot_to=0 maxever=41923 >2ms=7685 >5ms=7685 >15ms=79 >20ms=20 >30ms=5 | probes=7686 wrfail=0 down=0s maxout=0s
t=118s RTT mean=11914 min=11912 max=11923 n=67 to=0 | cancels=0(+0/s) seqbad=0 len_bad=0 disc=0(0x00) | tot_n=7752 tot_to=0 maxever=41923 >2ms=7752 >5ms=7752 >15ms=79 >20ms=20 >30ms=5 | probes=7752 wrfail=0 down=0s maxout=0s
t=119s RTT mean=11915 min=11911 max=11935 n=66 to=0 | cancels=0(+0/s) seqbad=0 len_bad=0 disc=0(0x00) | tot_n=7818 tot_to=0 maxever=41923 >2ms=7818 >5ms=7818 >15ms=79 >20ms=20 >30ms=5 | probes=7819 wrfail=0 down=0s maxout=0s
t=120s RTT mean=11914 min=11911 max=11923 n=67 to=0 | cancels=0(+0/s) seqbad=0 len_bad=0 disc=0(0x00) | tot_n=7885 tot_to=0 maxever=41923 >2ms=7885 >5ms=7885 >15ms=79 >20ms=20 >30ms=5 | probes=7886 wrfail=0 down=0s maxout=0s
t=121s RTT mean=11915 min=11905 max=11929 n=67 to=0 | cancels=0(+0/s) seqbad=0 len_bad=0 disc=0(0x00) | tot_n=7952 tot_to=0 maxever=41923 >2ms=7952 >5ms=7952 >15ms=79 >20ms=20 >30ms=5 | probes=7952 wrfail=0 down=0s maxout=0s
t=122s RTT mean=11914 min=11912 max=11918 n=66 to=0 | cancels=0(+0/s) seqbad=0 len_bad=0 disc=0(0x00) | tot_n=8018 tot_to=0 maxever=41923 >2ms=8018 >5ms=8018 >15ms=79 >20ms=20 >30ms=5 | probes=8019 wrfail=0 down=0s maxout=0s
t=123s RTT mean=11915 min=11911 max=11929 n=67 to=0 | cancels=0(+0/s) seqbad=0 len_bad=0 disc=0(0x00) | tot_n=8085 tot_to=0 maxever=41923 >2ms=8085 >5ms=8085 >15ms=79 >20ms=20 >30ms=5 | probes=8086 wrfail=0 down=0s maxout=0s
t=124s RTT mean=11914 min=11910 max=11923 n=67 to=0 | cancels=0(+0/s) seqbad=0 len_bad=0 disc=0(0x00) | tot_n=8152 tot_to=0 maxever=41923 >2ms=8152 >5ms=8152 >15ms=79 >20ms=20 >30ms=5 | probes=8152 wrfail=0 down=0s maxout=0s
t=125s RTT mean=11915 min=11911 max=11935 n=66 to=0 | cancels=0(+0/s) seqbad=0 len_bad=0 disc=0(0x00) | tot_n=8218 tot_to=0 maxever=41923 >2ms=8218 >5ms=8218 >15ms=79 >20ms=20 >30ms=5 | probes=8219 wrfail=0 down=0s maxout=0s
t=126s RTT mean=11914 min=11912 max=11924 n=67 to=0 | cancels=0(+0/s) seqbad=0 len_bad=0 disc=0(0x00) | tot_n=8285 tot_to=0 maxever=41923 >2ms=8285 >5ms=8285 >15ms=79 >20ms=20 >30ms=5 | probes=8286 wrfail=0 down=0s maxout=0s
t=127s RTT mean=11915 min=11904 max=11928 n=67 to=0 | cancels=0(+0/s) seqbad=0 len_bad=0 disc=0(0x00) | tot_n=8352 tot_to=0 maxever=41923 >2ms=8352 >5ms=8352 >15ms=79 >20ms=20 >30ms=5 | probes=8352 wrfail=0 down=0s maxout=0s
t=128s RTT mean=12500 min=11911 max=26914 n=64 to=0 | cancels=0(+0/s) seqbad=0 len_bad=0 disc=0(0x00) | tot_n=8416 tot_to=0 maxever=41923 >2ms=8416 >5ms=8416 >15ms=83 >20ms=21 >30ms=5 | probes=8417 wrfail=0 down=0s maxout=0s
t=129s RTT mean=11915 min=11905 max=11928 n=66 to=0 | cancels=0(+0/s) seqbad=0 len_bad=0 disc=0(0x00) | tot_n=8482 tot_to=0 maxever=41923 >2ms=8482 >5ms=8482 >15ms=83 >20ms=21 >30ms=5 | probes=8483 wrfail=0 down=0s maxout=0s
t=130s RTT mean=11914 min=11808 max=12032 n=67 to=0 | cancels=0(+0/s) seqbad=0 len_bad=0 disc=0(0x00) | tot_n=8549 tot_to=0 maxever=41923 >2ms=8549 >5ms=8549 >15ms=83 >20ms=21 >30ms=5 | probes=8550 wrfail=0 down=0s maxout=0s
t=131s RTT mean=11915 min=11912 max=11928 n=67 to=0 | cancels=0(+0/s) seqbad=0 len_bad=0 disc=0(0x00) | tot_n=8616 tot_to=0 maxever=41923 >2ms=8616 >5ms=8616 >15ms=83 >20ms=21 >30ms=5 | probes=8617 wrfail=0 down=0s maxout=0s
t=132s RTT mean=11914 min=11911 max=11923 n=67 to=0 | cancels=0(+0/s) seqbad=0 len_bad=0 disc=0(0x00) | tot_n=8683 tot_to=0 maxever=41923 >2ms=8683 >5ms=8683 >15ms=83 >20ms=21 >30ms=5 | probes=8683 wrfail=0 down=0s maxout=0s
t=133s RTT mean=11915 min=11911 max=11936 n=66 to=0 | cancels=0(+0/s) seqbad=0 len_bad=0 disc=0(0x00) | tot_n=8749 tot_to=0 maxever=41923 >2ms=8749 >5ms=8749 >15ms=83 >20ms=21 >30ms=5 | probes=8750 wrfail=0 down=0s maxout=0s
t=134s RTT mean=11914 min=11912 max=11924 n=67 to=0 | cancels=0(+0/s) seqbad=0 len_bad=0 disc=0(0x00) | tot_n=8816 tot_to=0 maxever=41923 >2ms=8816 >5ms=8816 >15ms=83 >20ms=21 >30ms=5 | probes=8817 wrfail=0 down=0s maxout=0s
t=135s RTT mean=11915 min=11905 max=11927 n=67 to=0 | cancels=0(+0/s) seqbad=0 len_bad=0 disc=0(0x00) | tot_n=8883 tot_to=0 maxever=41923 >2ms=8883 >5ms=8883 >15ms=83 >20ms=21 >30ms=5 | probes=8883 wrfail=0 down=0s maxout=0s
t=136s RTT mean=11914 min=11911 max=11917 n=66 to=0 | cancels=0(+0/s) seqbad=0 len_bad=0 disc=0(0x00) | tot_n=8949 tot_to=0 maxever=41923 >2ms=8949 >5ms=8949 >15ms=83 >20ms=21 >30ms=5 | probes=8950 wrfail=0 down=0s maxout=0s
t=137s RTT mean=11915 min=11911 max=11929 n=67 to=0 | cancels=0(+0/s) seqbad=0 len_bad=0 disc=0(0x00) | tot_n=9016 tot_to=0 maxever=41923 >2ms=9016 >5ms=9016 >15ms=83 >20ms=21 >30ms=5 | probes=9017 wrfail=0 down=0s maxout=0s
t=138s RTT mean=12028 min=11912 max=19415 n=66 to=0 | cancels=0(+0/s) seqbad=0 len_bad=0 disc=0(0x00) | tot_n=9082 tot_to=0 maxever=41923 >2ms=9082 >5ms=9082 >15ms=84 >20ms=21 >30ms=5 | probes=9083 wrfail=0 down=0s maxout=0s
t=139s RTT mean=11915 min=11912 max=11928 n=67 to=0 | cancels=0(+0/s) seqbad=0 len_bad=0 disc=0(0x00) | tot_n=9149 tot_to=0 maxever=41923 >2ms=9149 >5ms=9149 >15ms=84 >20ms=21 >30ms=5 | probes=9150 wrfail=0 down=0s maxout=0s
t=140s RTT mean=11914 min=11912 max=11924 n=66 to=0 | cancels=0(+0/s) seqbad=0 len_bad=0 disc=0(0x00) | tot_n=9215 tot_to=0 maxever=41923 >2ms=9215 >5ms=9215 >15ms=84 >20ms=21 >30ms=5 | probes=9216 wrfail=0 down=0s maxout=0s
t=141s RTT mean=11915 min=11912 max=11928 n=67 to=0 | cancels=0(+0/s) seqbad=0 len_bad=0 disc=0(0x00) | tot_n=9282 tot_to=0 maxever=41923 >2ms=9282 >5ms=9282 >15ms=84 >20ms=21 >30ms=5 | probes=9283 wrfail=0 down=0s maxout=0s
t=142s RTT mean=12260 min=11912 max=19416 n=65 to=0 | cancels=0(+0/s) seqbad=0 len_bad=0 disc=0(0x00) | tot_n=9347 tot_to=0 maxever=41923 >2ms=9347 >5ms=9347 >15ms=87 >20ms=21 >30ms=5 | probes=9348 wrfail=0 down=0s maxout=0s
t=143s RTT mean=11915 min=11912 max=11928 n=67 to=0 | cancels=0(+0/s) seqbad=0 len_bad=0 disc=0(0x00) | tot_n=9414 tot_to=0 maxever=41923 >2ms=9414 >5ms=9414 >15ms=87 >20ms=21 >30ms=5 | probes=9415 wrfail=0 down=0s maxout=0s
t=144s RTT mean=11914 min=11912 max=11922 n=67 to=0 | cancels=0(+0/s) seqbad=0 len_bad=0 disc=0(0x00) | tot_n=9481 tot_to=0 maxever=41923 >2ms=9481 >5ms=9481 >15ms=87 >20ms=21 >30ms=5 | probes=9481 wrfail=0 down=0s maxout=0s
t=145s RTT mean=11915 min=11912 max=11934 n=66 to=0 | cancels=0(+0/s) seqbad=0 len_bad=0 disc=0(0x00) | tot_n=9547 tot_to=0 maxever=41923 >2ms=9547 >5ms=9547 >15ms=87 >20ms=21 >30ms=5 | probes=9548 wrfail=0 down=0s maxout=0s
t=146s RTT mean=11914 min=11911 max=11923 n=67 to=0 | cancels=0(+0/s) seqbad=0 len_bad=0 disc=0(0x00) | tot_n=9614 tot_to=0 maxever=41923 >2ms=9614 >5ms=9614 >15ms=87 >20ms=21 >30ms=5 | probes=9615 wrfail=0 down=0s maxout=0s
t=147s RTT mean=11915 min=11905 max=11928 n=67 to=0 | cancels=0(+0/s) seqbad=0 len_bad=0 disc=0(0x00) | tot_n=9681 tot_to=0 maxever=41923 >2ms=9681 >5ms=9681 >15ms=87 >20ms=21 >30ms=5 | probes=9681 wrfail=0 down=0s maxout=0s
t=148s RTT mean=11914 min=11912 max=11917 n=66 to=0 | cancels=0(+0/s) seqbad=0 len_bad=0 disc=0(0x00) | tot_n=9747 tot_to=0 maxever=41923 >2ms=9747 >5ms=9747 >15ms=87 >20ms=21 >30ms=5 | probes=9748 wrfail=0 down=0s maxout=0s
t=149s RTT mean=11915 min=11912 max=11929 n=67 to=0 | cancels=0(+0/s) seqbad=0 len_bad=0 disc=0(0x00) | tot_n=9814 tot_to=0 maxever=41923 >2ms=9814 >5ms=9814 >15ms=87 >20ms=21 >30ms=5 | probes=9815 wrfail=0 down=0s maxout=0s
t=150s RTT mean=12028 min=11911 max=19423 n=66 to=0 | cancels=0(+0/s) seqbad=0 len_bad=0 disc=0(0x00) | tot_n=9880 tot_to=0 maxever=41923 >2ms=9880 >5ms=9880 >15ms=88 >20ms=21 >30ms=5 | probes=9881 wrfail=0 down=0s maxout=0s
t=151s RTT mean=11915 min=11911 max=11929 n=67 to=0 | cancels=0(+0/s) seqbad=0 len_bad=0 disc=0(0x00) | tot_n=9947 tot_to=0 maxever=41923 >2ms=9947 >5ms=9947 >15ms=88 >20ms=21 >30ms=5 | probes=9948 wrfail=0 down=0s maxout=0s
t=152s RTT mean=11914 min=11912 max=11923 n=67 to=0 | cancels=0(+0/s) seqbad=0 len_bad=0 disc=0(0x00) | tot_n=10014 tot_to=0 maxever=41923 >2ms=10014 >5ms=10014 >15ms=88 >20ms=21 >30ms=5 | probes=10014 wrfail=0 down=0s maxout=0s
t=153s RTT mean=11915 min=11911 max=11966 n=66 to=0 | cancels=0(+0/s) seqbad=0 len_bad=0 disc=0(0x00) | tot_n=10080 tot_to=0 maxever=41923 >2ms=10080 >5ms=10080 >15ms=88 >20ms=21 >30ms=5 | probes=10081 wrfail=0 down=0s maxout=0s
t=154s RTT mean=11914 min=11911 max=11923 n=67 to=0 | cancels=0(+0/s) seqbad=0 len_bad=0 disc=0(0x00) | tot_n=10147 tot_to=0 maxever=41923 >2ms=10147 >5ms=10147 >15ms=88 >20ms=21 >30ms=5 | probes=10148 wrfail=0 down=0s maxout=0s
t=155s RTT mean=11915 min=11906 max=11929 n=67 to=0 | cancels=0(+0/s) seqbad=0 len_bad=0 disc=0(0x00) | tot_n=10214 tot_to=0 maxever=41923 >2ms=10214 >5ms=10214 >15ms=88 >20ms=21 >30ms=5 | probes=10214 wrfail=0 down=0s maxout=0s
t=156s RTT mean=11915 min=11912 max=11950 n=66 to=0 | cancels=0(+0/s) seqbad=0 len_bad=0 disc=0(0x00) | tot_n=10280 tot_to=0 maxever=41923 >2ms=10280 >5ms=10280 >15ms=88 >20ms=21 >30ms=5 | probes=10281 wrfail=0 down=0s maxout=0s
t=157s RTT mean=11915 min=11912 max=11928 n=67 to=0 | cancels=0(+0/s) seqbad=0 len_bad=0 disc=0(0x00) | tot_n=10347 tot_to=0 maxever=41923 >2ms=10347 >5ms=10347 >15ms=88 >20ms=21 >30ms=5 | probes=10348 wrfail=0 down=0s maxout=0s
t=158s RTT mean=11914 min=11911 max=11923 n=67 to=0 | cancels=0(+0/s) seqbad=0 len_bad=0 disc=0(0x00) | tot_n=10414 tot_to=0 maxever=41923 >2ms=10414 >5ms=10414 >15ms=88 >20ms=21 >30ms=5 | probes=10414 wrfail=0 down=0s maxout=0s
t=159s RTT mean=11915 min=11911 max=11966 n=66 to=0 | cancels=0(+0/s) seqbad=0 len_bad=0 disc=0(0x00) | tot_n=10480 tot_to=0 maxever=41923 >2ms=10480 >5ms=10480 >15ms=88 >20ms=21 >30ms=5 | probes=10481 wrfail=0 down=0s maxout=0s
t=160s RTT mean=11914 min=11912 max=11924 n=67 to=0 | cancels=0(+0/s) seqbad=0 len_bad=0 disc=0(0x00) | tot_n=10547 tot_to=0 maxever=41923 >2ms=10547 >5ms=10547 >15ms=88 >20ms=21 >30ms=5 | probes=10548 wrfail=0 down=0s maxout=0s
t=161s RTT mean=11915 min=11912 max=11928 n=67 to=0 | cancels=0(+0/s) seqbad=0 len_bad=0 disc=0(0x00) | tot_n=10614 tot_to=0 maxever=41923 >2ms=10614 >5ms=10614 >15ms=88 >20ms=21 >30ms=5 | probes=10614 wrfail=0 down=0s maxout=0s
t=162s RTT mean=11915 min=11911 max=11950 n=66 to=0 | cancels=0(+0/s) seqbad=0 len_bad=0 disc=0(0x00) | tot_n=10680 tot_to=0 maxever=41923 >2ms=10680 >5ms=10680 >15ms=88 >20ms=21 >30ms=5 | probes=10681 wrfail=0 down=0s maxout=0s
t=163s RTT mean=11915 min=11911 max=11929 n=67 to=0 | cancels=0(+0/s) seqbad=0 len_bad=0 disc=0(0x00) | tot_n=10747 tot_to=0 maxever=41923 >2ms=10747 >5ms=10747 >15ms=88 >20ms=21 >30ms=5 | probes=10748 wrfail=0 down=0s maxout=0s
t=164s RTT mean=11914 min=11912 max=11924 n=67 to=0 | cancels=0(+0/s) seqbad=0 len_bad=0 disc=0(0x00) | tot_n=10814 tot_to=0 maxever=41923 >2ms=10814 >5ms=10814 >15ms=88 >20ms=21 >30ms=5 | probes=10814 wrfail=0 down=0s maxout=0s
t=165s RTT mean=12029 min=11468 max=19415 n=66 to=0 | cancels=0(+0/s) seqbad=0 len_bad=0 disc=0(0x00) | tot_n=10880 tot_to=0 maxever=41923 >2ms=10880 >5ms=10880 >15ms=89 >20ms=21 >30ms=5 | probes=10881 wrfail=0 down=0s maxout=0s
t=166s RTT mean=11914 min=11911 max=11922 n=67 to=0 | cancels=0(+0/s) seqbad=0 len_bad=0 disc=0(0x00) | tot_n=10947 tot_to=0 maxever=41923 >2ms=10947 >5ms=10947 >15ms=89 >20ms=21 >30ms=5 | probes=10947 wrfail=0 down=0s maxout=0s
t=167s RTT mean=11915 min=11911 max=11966 n=66 to=0 | cancels=0(+0/s) seqbad=0 len_bad=0 disc=0(0x00) | tot_n=11013 tot_to=0 maxever=41923 >2ms=11013 >5ms=11013 >15ms=89 >20ms=21 >30ms=5 | probes=11014 wrfail=0 down=0s maxout=0s
t=168s RTT mean=11914 min=11912 max=11924 n=67 to=0 | cancels=0(+0/s) seqbad=0 len_bad=0 disc=0(0x00) | tot_n=11080 tot_to=0 maxever=41923 >2ms=11080 >5ms=11080 >15ms=89 >20ms=21 >30ms=5 | probes=11081 wrfail=0 down=0s maxout=0s
t=169s RTT mean=11915 min=11905 max=11927 n=67 to=0 | cancels=0(+0/s) seqbad=0 len_bad=0 disc=0(0x00) | tot_n=11147 tot_to=0 maxever=41923 >2ms=11147 >5ms=11147 >15ms=89 >20ms=21 >30ms=5 | probes=11147 wrfail=0 down=0s maxout=0s
t=170s RTT mean=11915 min=11911 max=11949 n=66 to=0 | cancels=0(+0/s) seqbad=0 len_bad=0 disc=0(0x00) | tot_n=11213 tot_to=0 maxever=41923 >2ms=11213 >5ms=11213 >15ms=89 >20ms=21 >30ms=5 | probes=11214 wrfail=0 down=0s maxout=0s
t=171s RTT mean=13124 min=11911 max=34414 n=62 to=0 | cancels=0(+0/s) seqbad=0 len_bad=0 disc=0(0x00) | tot_n=11275 tot_to=0 maxever=41923 >2ms=11275 >5ms=11275 >15ms=96 >20ms=23 >30ms=6 | probes=11276 wrfail=0 down=0s maxout=0s
t=172s RTT mean=11914 min=11912 max=11923 n=67 to=0 | cancels=0(+0/s) seqbad=0 len_bad=0 disc=0(0x00) | tot_n=11342 tot_to=0 maxever=41923 >2ms=11342 >5ms=11342 >15ms=96 >20ms=23 >30ms=6 | probes=11342 wrfail=0 down=0s maxout=0s
t=173s RTT mean=11915 min=11912 max=11965 n=66 to=0 | cancels=0(+0/s) seqbad=0 len_bad=0 disc=0(0x00) | tot_n=11408 tot_to=0 maxever=41923 >2ms=11408 >5ms=11408 >15ms=96 >20ms=23 >30ms=6 | probes=11409 wrfail=0 down=0s maxout=0s
t=174s RTT mean=11914 min=11911 max=11923 n=67 to=0 | cancels=0(+0/s) seqbad=0 len_bad=0 disc=0(0x00) | tot_n=11475 tot_to=0 maxever=41923 >2ms=11475 >5ms=11475 >15ms=96 >20ms=23 >30ms=6 | probes=11476 wrfail=0 down=0s maxout=0s
t=175s RTT mean=11915 min=11906 max=11929 n=67 to=0 | cancels=0(+0/s) seqbad=0 len_bad=0 disc=0(0x00) | tot_n=11542 tot_to=0 maxever=41923 >2ms=11542 >5ms=11542 >15ms=96 >20ms=23 >30ms=6 | probes=11542 wrfail=0 down=0s maxout=0s
t=176s RTT mean=11915 min=11912 max=11950 n=66 to=0 | cancels=0(+0/s) seqbad=0 len_bad=0 disc=0(0x00) | tot_n=11608 tot_to=0 maxever=41923 >2ms=11608 >5ms=11608 >15ms=96 >20ms=23 >30ms=6 | probes=11609 wrfail=0 down=0s maxout=0s
t=177s RTT mean=11915 min=11912 max=11928 n=67 to=0 | cancels=0(+0/s) seqbad=0 len_bad=0 disc=0(0x00) | tot_n=11675 tot_to=0 maxever=41923 >2ms=11675 >5ms=11675 >15ms=96 >20ms=23 >30ms=6 | probes=11676 wrfail=0 down=0s maxout=0s
t=178s RTT mean=11914 min=11912 max=11923 n=67 to=0 | cancels=0(+0/s) seqbad=0 len_bad=0 disc=0(0x00) | tot_n=11742 tot_to=0 maxever=41923 >2ms=11742 >5ms=11742 >15ms=96 >20ms=23 >30ms=6 | probes=11742 wrfail=0 down=0s maxout=0s
t=179s RTT mean=11915 min=11911 max=11967 n=66 to=0 | cancels=0(+0/s) seqbad=0 len_bad=0 disc=0(0x00) | tot_n=11808 tot_to=0 maxever=41923 >2ms=11808 >5ms=11808 >15ms=96 >20ms=23 >30ms=6 | probes=11809 wrfail=0 down=0s maxout=0s
t=180s RTT mean=11914 min=11912 max=11924 n=67 to=0 | cancels=0(+0/s) seqbad=0 len_bad=0 disc=0(0x00) | tot_n=11875 tot_to=0 maxever=41923 >2ms=11875 >5ms=11875 >15ms=96 >20ms=23 >30ms=6 | probes=11876 wrfail=0 down=0s maxout=0s
t=181s RTT mean=11915 min=11912 max=11928 n=67 to=0 | cancels=0(+0/s) seqbad=0 len_bad=0 disc=0(0x00) | tot_n=11942 tot_to=0 maxever=41923 >2ms=11942 >5ms=11942 >15ms=96 >20ms=23 >30ms=6 | probes=11942 wrfail=0 down=0s maxout=0s
t=182s RTT mean=11915 min=11911 max=11949 n=66 to=0 | cancels=0(+0/s) seqbad=0 len_bad=0 disc=0(0x00) | tot_n=12008 tot_to=0 maxever=41923 >2ms=12008 >5ms=12008 >15ms=96 >20ms=23 >30ms=6 | probes=12009 wrfail=0 down=0s maxout=0s
t=183s RTT mean=11915 min=11911 max=11928 n=67 to=0 | cancels=0(+0/s) seqbad=0 len_bad=0 disc=0(0x00) | tot_n=12075 tot_to=0 maxever=41923 >2ms=12075 >5ms=12075 >15ms=96 >20ms=23 >30ms=6 | probes=12076 wrfail=0 down=0s maxout=0s
t=184s RTT mean=11914 min=11912 max=11924 n=67 to=0 | cancels=0(+0/s) seqbad=0 len_bad=0 disc=0(0x00) | tot_n=12142 tot_to=0 maxever=41923 >2ms=12142 >5ms=12142 >15ms=96 >20ms=23 >30ms=6 | probes=12142 wrfail=0 down=0s maxout=0s
t=185s RTT mean=11914 min=11868 max=11925 n=66 to=0 | cancels=0(+0/s) seqbad=0 len_bad=0 disc=0(0x00) | tot_n=12208 tot_to=0 maxever=41923 >2ms=12208 >5ms=12208 >15ms=96 >20ms=23 >30ms=6 | probes=12209 wrfail=0 down=0s maxout=0s
t=186s RTT mean=11914 min=11911 max=11923 n=67 to=0 | cancels=0(+0/s) seqbad=0 len_bad=0 disc=0(0x00) | tot_n=12275 tot_to=0 maxever=41923 >2ms=12275 >5ms=12275 >15ms=96 >20ms=23 >30ms=6 | probes=12276 wrfail=0 down=0s maxout=0s
t=187s RTT mean=11915 min=11911 max=11928 n=67 to=0 | cancels=0(+0/s) seqbad=0 len_bad=0 disc=0(0x00) | tot_n=12342 tot_to=0 maxever=41923 >2ms=12342 >5ms=12342 >15ms=96 >20ms=23 >30ms=6 | probes=12343 wrfail=0 down=0s maxout=0s
t=188s RTT mean=11914 min=11911 max=11923 n=66 to=0 | cancels=0(+0/s) seqbad=0 len_bad=0 disc=0(0x00) | tot_n=12408 tot_to=0 maxever=41923 >2ms=12408 >5ms=12408 >15ms=96 >20ms=23 >30ms=6 | probes=12409 wrfail=0 down=0s maxout=0s
t=189s RTT mean=11915 min=11912 max=11928 n=67 to=0 | cancels=0(+0/s) seqbad=0 len_bad=0 disc=0(0x00) | tot_n=12475 tot_to=0 maxever=41923 >2ms=12475 >5ms=12475 >15ms=96 >20ms=23 >30ms=6 | probes=12476 wrfail=0 down=0s maxout=0s
t=190s RTT mean=11914 min=11911 max=11923 n=67 to=0 | cancels=0(+0/s) seqbad=0 len_bad=0 disc=0(0x00) | tot_n=12542 tot_to=0 maxever=41923 >2ms=12542 >5ms=12542 >15ms=96 >20ms=23 >30ms=6 | probes=12543 wrfail=0 down=0s maxout=0s
t=191s RTT mean=11915 min=11905 max=11928 n=66 to=0 | cancels=0(+0/s) seqbad=0 len_bad=0 disc=0(0x00) | tot_n=12608 tot_to=0 maxever=41923 >2ms=12608 >5ms=12608 >15ms=96 >20ms=23 >30ms=6 | probes=12609 wrfail=0 down=0s maxout=0s
t=192s RTT mean=11914 min=11912 max=11924 n=67 to=0 | cancels=0(+0/s) seqbad=0 len_bad=0 disc=0(0x00) | tot_n=12675 tot_to=0 maxever=41923 >2ms=12675 >5ms=12675 >15ms=96 >20ms=23 >30ms=6 | probes=12676 wrfail=0 down=0s maxout=0s
t=193s RTT mean=11915 min=11912 max=11928 n=67 to=0 | cancels=0(+0/s) seqbad=0 len_bad=0 disc=0(0x00) | tot_n=12742 tot_to=0 maxever=41923 >2ms=12742 >5ms=12742 >15ms=96 >20ms=23 >30ms=6 | probes=12743 wrfail=0 down=0s maxout=0s
t=194s RTT mean=11914 min=11911 max=11922 n=66 to=0 | cancels=0(+0/s) seqbad=0 len_bad=0 disc=0(0x00) | tot_n=12808 tot_to=0 maxever=41923 >2ms=12808 >5ms=12808 >15ms=96 >20ms=23 >30ms=6 | probes=12809 wrfail=0 down=0s maxout=0s
t=195s RTT mean=11915 min=11911 max=11929 n=67 to=0 | cancels=0(+0/s) seqbad=0 len_bad=0 disc=0(0x00) | tot_n=12875 tot_to=0 maxever=41923 >2ms=12875 >5ms=12875 >15ms=96 >20ms=23 >30ms=6 | probes=12876 wrfail=0 down=0s maxout=0s
t=196s RTT mean=11914 min=11912 max=11924 n=67 to=0 | cancels=0(+0/s) seqbad=0 len_bad=0 disc=0(0x00) | tot_n=12942 tot_to=0 maxever=41923 >2ms=12942 >5ms=12942 >15ms=96 >20ms=23 >30ms=6 | probes=12943 wrfail=0 down=0s maxout=0s
t=197s RTT mean=11915 min=11905 max=11928 n=67 to=0 | cancels=0(+0/s) seqbad=0 len_bad=0 disc=0(0x00) | tot_n=13009 tot_to=0 maxever=41923 >2ms=13009 >5ms=13009 >15ms=96 >20ms=23 >30ms=6 | probes=13009 wrfail=0 down=0s maxout=0s
t=198s RTT mean=11914 min=11911 max=11918 n=66 to=0 | cancels=0(+0/s) seqbad=0 len_bad=0 disc=0(0x00) | tot_n=13075 tot_to=0 maxever=41923 >2ms=13075 >5ms=13075 >15ms=96 >20ms=23 >30ms=6 | probes=13076 wrfail=0 down=0s maxout=0s
t=199s RTT mean=11915 min=11911 max=11928 n=67 to=0 | cancels=0(+0/s) seqbad=0 len_bad=0 disc=0(0x00) | tot_n=13142 tot_to=0 maxever=41923 >2ms=13142 >5ms=13142 >15ms=96 >20ms=23 >30ms=6 | probes=13143 wrfail=0 down=0s maxout=0s
t=200s RTT mean=12748 min=11912 max=26915 n=63 to=0 | cancels=0(+0/s) seqbad=0 len_bad=0 disc=0(0x00) | tot_n=13205 tot_to=0 maxever=41923 >2ms=13205 >5ms=13205 >15ms=102 >20ms=24 >30ms=6 | probes=13206 wrfail=0 down=0s maxout=0s
t=201s RTT mean=11915 min=11912 max=11928 n=67 to=0 | cancels=0(+0/s) seqbad=0 len_bad=0 disc=0(0x00) | tot_n=13272 tot_to=0 maxever=41923 >2ms=13272 >5ms=13272 >15ms=102 >20ms=24 >30ms=6 | probes=13273 wrfail=0 down=0s maxout=0s
t=202s RTT mean=11914 min=11911 max=11923 n=66 to=0 | cancels=0(+0/s) seqbad=0 len_bad=0 disc=0(0x00) | tot_n=13338 tot_to=0 maxever=41923 >2ms=13338 >5ms=13338 >15ms=102 >20ms=24 >30ms=6 | probes=13339 wrfail=0 down=0s maxout=0s
t=203s RTT mean=11915 min=11911 max=11929 n=67 to=0 | cancels=0(+0/s) seqbad=0 len_bad=0 disc=0(0x00) | tot_n=13405 tot_to=0 maxever=41923 >2ms=13405 >5ms=13405 >15ms=102 >20ms=24 >30ms=6 | probes=13406 wrfail=0 down=0s maxout=0s
t=204s RTT mean=11914 min=11912 max=11924 n=67 to=0 | cancels=0(+0/s) seqbad=0 len_bad=0 disc=0(0x00) | tot_n=13472 tot_to=0 maxever=41923 >2ms=13472 >5ms=13472 >15ms=102 >20ms=24 >30ms=6 | probes=13473 wrfail=0 down=0s maxout=0s
t=205s RTT mean=11915 min=11911 max=11928 n=66 to=0 | cancels=0(+0/s) seqbad=0 len_bad=0 disc=0(0x00) | tot_n=13538 tot_to=0 maxever=41923 >2ms=13538 >5ms=13538 >15ms=102 >20ms=24 >30ms=6 | probes=13539 wrfail=0 down=0s maxout=0s
t=206s RTT mean=11914 min=11911 max=11923 n=67 to=0 | cancels=0(+0/s) seqbad=0 len_bad=0 disc=0(0x00) | tot_n=13605 tot_to=0 maxever=41923 >2ms=13605 >5ms=13605 >15ms=102 >20ms=24 >30ms=6 | probes=13606 wrfail=0 down=0s maxout=0s
t=207s RTT mean=11915 min=11911 max=11929 n=67 to=0 | cancels=0(+0/s) seqbad=0 len_bad=0 disc=0(0x00) | tot_n=13672 tot_to=0 maxever=41923 >2ms=13672 >5ms=13672 >15ms=102 >20ms=24 >30ms=6 | probes=13673 wrfail=0 down=0s maxout=0s
t=208s RTT mean=11914 min=11911 max=11923 n=66 to=0 | cancels=0(+0/s) seqbad=0 len_bad=0 disc=0(0x00) | tot_n=13738 tot_to=0 maxever=41923 >2ms=13738 >5ms=13738 >15ms=102 >20ms=24 >30ms=6 | probes=13739 wrfail=0 down=0s maxout=0s
t=209s RTT mean=11915 min=11911 max=11928 n=67 to=0 | cancels=0(+0/s) seqbad=0 len_bad=0 disc=0(0x00) | tot_n=13805 tot_to=0 maxever=41923 >2ms=13805 >5ms=13805 >15ms=102 >20ms=24 >30ms=6 | probes=13806 wrfail=0 down=0s maxout=0s
t=210s RTT mean=12028 min=11911 max=19414 n=66 to=0 | cancels=0(+0/s) seqbad=0 len_bad=0 disc=0(0x00) | tot_n=13871 tot_to=0 maxever=41923 >2ms=13871 >5ms=13871 >15ms=103 >20ms=24 >30ms=6 | probes=13872 wrfail=0 down=0s maxout=0s
t=211s RTT mean=12376 min=11467 max=19415 n=65 to=0 | cancels=0(+0/s) seqbad=0 len_bad=0 disc=0(0x00) | tot_n=13936 tot_to=0 maxever=41923 >2ms=13936 >5ms=13936 >15ms=107 >20ms=24 >30ms=6 | probes=13937 wrfail=0 down=0s maxout=0s
t=212s RTT mean=12617 min=11912 max=19423 n=64 to=0 | cancels=0(+0/s) seqbad=0 len_bad=0 disc=0(0x00) | tot_n=14000 tot_to=0 maxever=41923 >2ms=14000 >5ms=14000 >15ms=113 >20ms=24 >30ms=6 | probes=14000 wrfail=0 down=0s maxout=0s
t=213s RTT mean=12145 min=11912 max=19415 n=65 to=0 | cancels=0(+0/s) seqbad=0 len_bad=0 disc=0(0x00) | tot_n=14065 tot_to=0 maxever=41923 >2ms=14065 >5ms=14065 >15ms=115 >20ms=24 >30ms=6 | probes=14066 wrfail=0 down=0s maxout=0s
t=214s RTT mean=11914 min=11911 max=11923 n=67 to=0 | cancels=0(+0/s) seqbad=0 len_bad=0 disc=0(0x00) | tot_n=14132 tot_to=0 maxever=41923 >2ms=14132 >5ms=14132 >15ms=115 >20ms=24 >30ms=6 | probes=14133 wrfail=0 down=0s maxout=0s
t=215s RTT mean=12028 min=11912 max=19414 n=66 to=0 | cancels=0(+0/s) seqbad=0 len_bad=0 disc=0(0x00) | tot_n=14198 tot_to=0 maxever=41923 >2ms=14198 >5ms=14198 >15ms=116 >20ms=24 >30ms=6 | probes=14199 wrfail=0 down=0s maxout=0s
t=216s RTT mean=12142 min=11912 max=19415 n=66 to=0 | cancels=0(+0/s) seqbad=0 len_bad=0 disc=0(0x00) | tot_n=14264 tot_to=0 maxever=41923 >2ms=14264 >5ms=14264 >15ms=118 >20ms=24 >30ms=6 | probes=14265 wrfail=0 down=0s maxout=0s
t=217s RTT mean=11915 min=11905 max=11929 n=67 to=0 | cancels=0(+0/s) seqbad=0 len_bad=0 disc=0(0x00) | tot_n=14331 tot_to=0 maxever=41923 >2ms=14331 >5ms=14331 >15ms=118 >20ms=24 >30ms=6 | probes=14331 wrfail=0 down=0s maxout=0s
t=218s RTT mean=11914 min=11911 max=11918 n=66 to=0 | cancels=0(+0/s) seqbad=0 len_bad=0 disc=0(0x00) | tot_n=14397 tot_to=0 maxever=41923 >2ms=14397 >5ms=14397 >15ms=118 >20ms=24 >30ms=6 | probes=14398 wrfail=0 down=0s maxout=0s
t=219s RTT mean=11915 min=11912 max=11929 n=67 to=0 | cancels=0(+0/s) seqbad=0 len_bad=0 disc=0(0x00) | tot_n=14464 tot_to=0 maxever=41923 >2ms=14464 >5ms=14464 >15ms=118 >20ms=24 >30ms=6 | probes=14465 wrfail=0 down=0s maxout=0s
t=220s RTT mean=11914 min=11912 max=11923 n=67 to=0 | cancels=0(+0/s) seqbad=0 len_bad=0 disc=0(0x00) | tot_n=14531 tot_to=0 maxever=41923 >2ms=14531 >5ms=14531 >15ms=118 >20ms=24 >30ms=6 | probes=14531 wrfail=0 down=0s maxout=0s
t=221s RTT mean=12748 min=11912 max=19415 n=63 to=0 | cancels=0(+0/s) seqbad=0 len_bad=0 disc=0(0x00) | tot_n=14594 tot_to=0 maxever=41923 >2ms=14594 >5ms=14594 >15ms=125 >20ms=24 >30ms=6 | probes=14595 wrfail=0 down=0s maxout=0s
t=222s RTT mean=11914 min=11912 max=11923 n=66 to=0 | cancels=0(+0/s) seqbad=0 len_bad=0 disc=0(0x00) | tot_n=14660 tot_to=0 maxever=41923 >2ms=14660 >5ms=14660 >15ms=125 >20ms=24 >30ms=6 | probes=14661 wrfail=0 down=0s maxout=0s
t=223s RTT mean=11915 min=11912 max=11928 n=67 to=0 | cancels=0(+0/s) seqbad=0 len_bad=0 disc=0(0x00) | tot_n=14727 tot_to=0 maxever=41923 >2ms=14727 >5ms=14727 >15ms=125 >20ms=24 >30ms=6 | probes=14728 wrfail=0 down=0s maxout=0s
t=224s RTT mean=12028 min=11912 max=19414 n=66 to=0 | cancels=0(+0/s) seqbad=0 len_bad=0 disc=0(0x00) | tot_n=14793 tot_to=0 maxever=41923 >2ms=14793 >5ms=14793 >15ms=126 >20ms=24 >30ms=6 | probes=14794 wrfail=0 down=0s maxout=0s
