ler's ACL packets != ACL bt_conn_tx contexts (10 != 3)[0m
[00:54:30.816,875] [0m<inf> bt_hci_core: HW Platform: Nordic Semiconductor (0x0002)[0m
[00:54:30.816,887] [0m<inf> bt_hci_core: HW Variant: nRF54Lx (0x0005)[0m
[00:54:30.816,898] [0m<inf> bt_hci_core: Firmware: Standard Bluetooth controller (0x00) Version 200.12506 Build 888207768[0m
[00:54:30.817,288] [0m<inf> bt_hci_core: HCI transport: SDC[0m
[00:54:30.817,334] [0m<inf> bt_hci_core: Identity: D6:C7:60:B1:D3:0E (random)[0m
[00:54:30.817,350] [0m<inf> bt_hci_core: HCI: version 6.3 (0x11) revision 0x3039, manufacturer 0x0059[0m
[00:54:30.817,365] [0m<inf> bt_hci_core: LMP: version 6.3 (0x11) subver 0x3039[0m

=== nRF54L15 RTT ping-pong PERIPHERAL (echo) ===
advertising
GAP connected interval=7500
PHY tx=2 rx=2
CCC: notify ENABLED
P t=1s rxkBps=18 blkkBps=0 pongs=76(+76/s) cancels=0(+0/s) notify=1 disc=0(0x00) | echo rx=0 tx=0 pend=0 stale=0
P t=2s rxkBps=94 blkkBps=0 pongs=473(+397/s) cancels=0(+0/s) notify=1 disc=0(0x00) | echo rx=0 tx=0 pend=0 stale=0
P t=3s rxkBps=94 blkkBps=0 pongs=868(+395/s) cancels=0(+0/s) notify=1 disc=0(0x00) | echo rx=0 tx=0 pend=0 stale=0
P t=4s rxkBps=81 blkkBps=0 pongs=1208(+340/s) cancels=0(+0/s) notify=1 disc=0(0x00) | echo rx=0 tx=0 pend=0 stale=0
P t=5s rxkBps=99 blkkBps=0 pongs=1625(+417/s) cancels=0(+0/s) notify=1 disc=0(0x00) | echo rx=0 tx=0 pend=0 stale=0
P t=6s rxkBps=103 blkkBps=0 pongs=2060(+435/s) cancels=0(+0/s) notify=1 disc=0(0x00) | echo rx=0 tx=0 pend=0 stale=0
P t=7s rxkBps=104 blkkBps=0 pongs=2498(+438/s) cancels=0(+0/s) notify=1 disc=0(0x00) | echo rx=0 tx=0 pend=0 stale=0
P t=8s rxkBps=102 blkkBps=0 pongs=2927(+429/s) cancels=0(+0/s) notify=1 disc=0(0x00) | echo rx=0 tx=0 pend=0 stale=0
P t=9s rxkBps=103 blkkBps=0 pongs=3362(+435/s) cancels=0(+0/s) notify=1 disc=0(0x00) | echo rx=0 tx=0 pend=0 stale=0
P t=10s rxkBps=103 blkkBps=0 pongs=3795(+433/s) cancels=0(+0/s) notify=1 disc=0(0x00) | echo rx=0 tx=0 pend=0 stale=0
P t=11s rxkBps=103 blkkBps=0 pongs=4230(+435/s) cancels=0(+0/s) notify=1 disc=0(0x00) | echo rx=0 tx=0 pend=0 stale=0
P t=12s rxkBps=102 blkkBps=0 pongs=4660(+430/s) cancels=0(+0/s) notify=1 disc=0(0x00) | echo rx=0 tx=0 pend=0 stale=0
P t=13s rxkBps=87 blkkBps=0 pongs=5029(+369/s) cancels=0(+0/s) notify=1 disc=0(0x00) | echo rx=0 tx=0 pend=0 stale=0
P t=14s rxkBps=99 blkkBps=0 pongs=5446(+417/s) cancels=0(+0/s) notify=1 disc=0(0x00) | echo rx=0 tx=0 pend=0 stale=0
P t=15s rxkBps=98 blkkBps=0 pongs=5861(+415/s) cancels=0(+0/s) notify=1 disc=0(0x00) | echo rx=0 tx=0 pend=0 stale=0
P t=16s rxkBps=104 blkkBps=0 pongs=6299(+438/s) cancels=0(+0/s) notify=1 disc=0(0x00) | echo rx=0 tx=0 pend=0 stale=0
P t=17s rxkBps=101 blkkBps=0 pongs=6724(+425/s) cancels=0(+0/s) notify=1 disc=0(0x00) | echo rx=0 tx=0 pend=0 stale=0
P t=18s rxkBps=104 blkkBps=0 pongs=7161(+437/s) cancels=0(+0/s) notify=1 disc=0(0x00) | echo rx=0 tx=0 pend=0 stale=0
P t=19s rxkBps=93 blkkBps=0 pongs=7555(+394/s) cancels=0(+0/s) notify=1 disc=0(0x00) | echo rx=0 tx=0 pend=0 stale=0
P t=20s rxkBps=99 blkkBps=0 pongs=7971(+416/s) cancels=0(+0/s) notify=1 disc=0(0x00) | echo rx=0 tx=0 pend=0 stale=0
P t=21s rxkBps=103 blkkBps=0 pongs=8407(+436/s) cancels=0(+0/s) notify=1 disc=0(0x00) | echo rx=0 tx=0 pend=0 stale=0
P t=22s rxkBps=104 blkkBps=0 pongs=8846(+439/s) cancels=0(+0/s) notify=1 disc=0(0x00) | echo rx=0 tx=0 pend=0 stale=0
P t=23s rxkBps=104 blkkBps=0 pongs=9285(+439/s) cancels=0(+0/s) notify=1 disc=0(0x00) | echo rx=0 tx=0 pend=0 stale=0
P t=24s rxkBps=101 blkkBps=0 pongs=9711(+426/s) cancels=0(+0/s) notify=1 disc=0(0x00) | echo rx=0 tx=0 pend=0 stale=0
P t=25s rxkBps=103 blkkBps=0 pongs=10147(+436/s) cancels=0(+0/s) notify=1 disc=0(0x00) | echo rx=0 tx=0 pend=0 stale=0
P t=26s rxkBps=104 blkkBps=0 pongs=10586(+439/s) cancels=0(+0/s) notify=1 disc=0(0x00) | echo rx=0 tx=0 pend=0 stale=0
P t=27s rxkBps=104 blkkBps=0 pongs=11024(+438/s) cancels=0(+0/s) notify=1 disc=0(0x00) | echo rx=0 tx=0 pend=0 stale=0
P t=28s rxkBps=102 blkkBps=0 pongs=11453(+429/s) cancels=0(+0/s) notify=1 disc=0(0x00) | echo rx=0 tx=0 pend=0 stale=0
P t=29s rxkBps=100 blkkBps=0 pongs=11874(+421/s) cancels=0(+0/s) notify=1 disc=0(0x00) | echo rx=0 tx=0 pend=0 stale=0
P t=30s rxkBps=101 blkkBps=0 pongs=12301(+427/s) cancels=0(+0/s) notify=1 disc=0(0x00) | echo rx=0 tx=0 pend=0 stale=0
P t=31s rxkBps=104 blkkBps=0 pongs=12738(+437/s) cancels=0(+0/s) notify=1 disc=0(0x00) | echo rx=0 tx=0 pend=0 stale=0
P t=32s rxkBps=103 blkkBps=0 pongs=13174(+436/s) cancels=0(+0/s) notify=1 disc=0(0x00) | echo rx=0 tx=0 pend=0 stale=0
P t=33s rxkBps=103 blkkBps=0 pongs=13609(+435/s) cancels=0(+0/s) notify=1 disc=0(0x00) | echo rx=0 tx=0 pend=0 stale=0
P t=34s rxkBps=104 blkkBps=0 pongs=14047(+438/s) cancels=0(+0/s) notify=1 disc=0(0x00) | echo rx=0 tx=0 pend=0 stale=0
P t=35s rxkBps=104 blkkBps=0 pongs=14484(+437/s) cancels=0(+0/s) notify=1 disc=0(0x00) | echo rx=0 tx=0 pend=0 stale=0
P t=36s rxkBps=104 blkkBps=0 pongs=14921(+437/s) cancels=0(+0/s) notify=1 disc=0(0x00) | echo rx=0 tx=0 pend=0 stale=0
P t=37s rxkBps=103 blkkBps=0 pongs=15355(+434/s) cancels=0(+0/s) notify=1 disc=0(0x00) | echo rx=0 tx=0 pend=0 stale=0
P t=38s rxkBps=97 blkkBps=0 pongs=15764(+409/s) cancels=0(+0/s) notify=1 disc=0(0x00) | echo rx=0 tx=0 pend=0 stale=0
P t=39s rxkBps=104 blkkBps=0 pongs=16204(+440/s) cancels=0(+0/s) notify=1 disc=0(0x00) | echo rx=0 tx=0 pend=0 stale=0
P t=40s rxkBps=99 blkkBps=0 pongs=16620(+416/s) cancels=0(+0/s) notify=1 disc=0(0x00) | echo rx=0 tx=0 pend=0 stale=0
P t=41s rxkBps=104 blkkBps=0 pongs=17057(+437/s) cancels=0(+0/s) notify=1 disc=0(0x00) | echo rx=0 tx=0 pend=0 stale=0
P t=42s rxkBps=101 blkkBps=0 pongs=17485(+428/s) cancels=0(+0/s) notify=1 disc=0(0x00) | echo rx=0 tx=0 pend=0 stale=0
P t=43s rxkBps=104 blkkBps=0 pongs=17922(+437/s) cancels=0(+0/s) notify=1 disc=0(0x00) | echo rx=0 tx=0 pend=0 stale=0
P t=44s rxkBps=103 blkkBps=0 pongs=18358(+436/s) cancels=0(+0/s) notify=1 disc=0(0x00) | echo rx=0 tx=0 pend=0 stale=0
P t=45s rxkBps=104 blkkBps=0 pongs=18795(+437/s) cancels=0(+0/s) notify=1 disc=0(0x00) | echo rx=0 tx=0 pend=0 stale=0
P t=46s rxkBps=104 blkkBps=0 pongs=19234(+439/s) cancels=0(+0/s) notify=1 disc=0(0x00) | echo rx=0 tx=0 pend=0 stale=0
P t=47s rxkBps=101 blkkBps=0 pongs=19660(+426/s) cancels=0(+0/s) notify=1 disc=0(0x00) | echo rx=0 tx=0 pend=0 stale=0
P t=48s rxkBps=103 blkkBps=0 pongs=20096(+436/s) cancels=0(+0/s) notify=1 disc=0(0x00) | echo rx=0 tx=0 pend=0 stale=0
P t=49s rxkBps=93 blkkBps=0 pongs=20490(+394/s) cancels=0(+0/s) notify=1 disc=0(0x00) | echo rx=0 tx=0 pend=0 stale=0
P t=50s rxkBps=104 blkkBps=0 pongs=20928(+438/s) cancels=0(+0/s) notify=1 disc=0(0x00) | echo rx=0 tx=0 pend=0 stale=0
P t=51s rxkBps=99 blkkBps=0 pongs=21344(+416/s) cancels=0(+0/s) notify=1 disc=0(0x00) | echo rx=0 tx=0 pend=0 stale=0
P t=52s rxkBps=96 blkkBps=0 pongs=21747(+403/s) cancels=0(+0/s) notify=1 disc=0(0x00) | echo rx=0 tx=0 pend=0 stale=0
P t=53s rxkBps=95 blkkBps=0 pongs=22147(+400/s) cancels=0(+0/s) notify=1 disc=0(0x00) | echo rx=0 tx=0 pend=0 stale=0
P t=54s rxkBps=103 blkkBps=0 pongs=22581(+434/s) cancels=0(+0/s) notify=1 disc=0(0x00) | echo rx=0 tx=0 pend=0 stale=0
P t=55s rxkBps=103 blkkBps=0 pongs=23015(+434/s) cancels=0(+0/s) notify=1 disc=0(0x00) | echo rx=0 tx=0 pend=0 stale=0
P t=56s rxkBps=101 blkkBps=0 pongs=23440(+425/s) cancels=0(+0/s) notify=1 disc=0(0x00) | echo rx=0 tx=0 pend=0 stale=0
P t=57s rxkBps=103 blkkBps=0 pongs=23875(+435/s) cancels=0(+0/s) notify=1 disc=0(0x00) | echo rx=0 tx=0 pend=0 stale=0
P t=58s rxkBps=100 blkkBps=0 pongs=24295(+420/s) cancels=0(+0/s) notify=1 disc=0(0x00) | echo rx=0 tx=0 pend=0 stale=0
P t=59s rxkBps=104 blkkBps=0 pongs=24735(+440/s) cancels=0(+0/s) notify=1 disc=0(0x00) | echo rx=0 tx=0 pend=0 stale=0
P t=60s rxkBps=104 blkkBps=0 pongs=25172(+437/s) cancels=0(+0/s) notify=1 disc=0(0x00) | echo rx=0 tx=0 pend=0 stale=0
P t=61s rxkBps=104 blkkBps=0 pongs=25611(+439/s) cancels=0(+0/s) notify=1 disc=0(0x00) | echo rx=0 tx=0 pend=0 stale=0
P t=62s rxkBps=104 blkkBps=0 pongs=26050(+439/s) cancels=0(+0/s) notify=1 disc=0(0x00) | echo rx=0 tx=0 pend=0 stale=0
P t=63s rxkBps=103 blkkBps=0 pongs=26485(+435/s) cancels=0(+0/s) notify=1 disc=0(0x00) | echo rx=0 tx=0 pend=0 stale=0
P t=64s rxkBps=103 blkkBps=0 pongs=26920(+435/s) cancels=0(+0/s) notify=1 disc=0(0x00) | echo rx=0 tx=0 pend=0 stale=0
P t=65s rxkBps=104 blkkBps=0 pongs=27360(+440/s) cancels=0(+0/s) notify=1 disc=0(0x00) | echo rx=0 tx=0 pend=0 stale=0
P t=66s rxkBps=101 blkkBps=0 pongs=27784(+424/s) cancels=0(+0/s) notify=1 disc=0(0x00) | echo rx=0 tx=0 pend=0 stale=0
P t=67s rxkBps=103 blkkBps=0 pongs=28219(+435/s) cancels=0(+0/s) notify=1 disc=0(0x00) | echo rx=0 tx=0 pend=0 stale=0
P t=68s rxkBps=103 blkkBps=0 pongs=28653(+434/s) cancels=0(+0/s) notify=1 disc=0(0x00) | echo rx=0 tx=0 pend=0 stale=0
P t=69s rxkBps=101 blkkBps=0 pongs=29079(+426/s) cancels=0(+0/s) notify=1 disc=0(0x00) | echo rx=0 tx=0 pend=0 stale=0
P t=70s rxkBps=99 blkkBps=0 pongs=29498(+419/s) cancels=0(+0/s) notify=1 disc=0(0x00) | echo rx=0 tx=0 pend=0 stale=0
P t=71s rxkBps=88 blkkBps=0 pongs=29871(+373/s) cancels=0(+0/s) notify=1 disc=0(0x00) | echo rx=0 tx=0 pend=0 stale=0
P t=72s rxkBps=102 blkkBps=0 pongs=30303(+432/s) cancels=0(+0/s) notify=1 disc=0(0x00) | echo rx=0 tx=0 pend=0 stale=0
P t=73s rxkBps=99 blkkBps=0 pongs=30722(+419/s) cancels=0(+0/s) notify=1 disc=0(0x00) | echo rx=0 tx=0 pend=0 stale=0
P t=74s rxkBps=98 blkkBps=0 pongs=31136(+414/s) cancels=0(+0/s) notify=1 disc=0(0x00) | echo rx=0 tx=0 pend=0 stale=0
P t=75s rxkBps=104 blkkBps=0 pongs=31575(+439/s) cancels=0(+0/s) notify=1 disc=0(0x00) | echo rx=0 tx=0 pend=0 stale=0
P t=76s rxkBps=104 blkkBps=0 pongs=32012(+437/s) cancels=0(+0/s) notify=1 disc=0(0x00) | echo rx=0 tx=0 pend=0 stale=0
P t=77s rxkBps=99 blkkBps=0 pongs=32431(+419/s) cancels=0(+0/s) notify=1 disc=0(0x00) | echo rx=0 tx=0 pend=0 stale=0
P t=78s rxkBps=104 blkkBps=0 pongs=32871(+440/s) cancels=0(+0/s) notify=1 disc=0(0x00) | echo rx=0 tx=0 pend=0 stale=0
P t=79s rxkBps=104 blkkBps=0 pongs=33310(+439/s) cancels=0(+0/s) notify=1 disc=0(0x00) | echo rx=0 tx=0 pend=0 stale=0
P t=80s rxkBps=102 blkkBps=0 pongs=33741(+431/s) cancels=0(+0/s) notify=1 disc=0(0x00) | echo rx=0 tx=0 pend=0 stale=0
P t=81s rxkBps=103 blkkBps=0 pongs=34175(+434/s) cancels=0(+0/s) notify=1 disc=0(0x00) | echo rx=0 tx=0 pend=0 stale=0
P t=82s rxkBps=99 blkkBps=0 pongs=34593(+418/s) cancels=0(+0/s) notify=1 disc=0(0x00) | echo rx=0 tx=0 pend=0 stale=0
P t=83s rxkBps=87 blkkBps=0 pongs=34962(+369/s) cancels=0(+0/s) notify=1 disc=0(0x00) | echo rx=0 tx=0 pend=0 stale=0
P t=84s rxkBps=91 blkkBps=0 pongs=35347(+385/s) cancels=0(+0/s) notify=1 disc=0(0x00) | echo rx=0 tx=0 pend=0 stale=0
P t=85s rxkBps=102 blkkBps=0 pongs=35779(+432/s) cancels=0(+0/s) notify=1 disc=0(0x00) | echo rx=0 tx=0 pend=0 stale=0
P t=86s rxkBps=104 blkkBps=0 pongs=36218(+439/s) cancels=0(+0/s) notify=1 disc=0(0x00) | echo rx=0 tx=0 pend=0 stale=0
P t=87s rxkBps=103 blkkBps=0 pongs=36651(+433/s) cancels=0(+0/s) notify=1 disc=0(0x00) | echo rx=0 tx=0 pend=0 stale=0
P t=88s rxkBps=103 blkkBps=0 pongs=37087(+436/s) cancels=0(+0/s) notify=1 disc=0(0x00) | echo rx=0 tx=0 pend=0 stale=0
P t=89s rxkBps=104 blkkBps=0 pongs=37525(+438/s) cancels=0(+0/s) notify=1 disc=0(0x00) | echo rx=0 tx=0 pend=0 stale=0
P t=90s rxkBps=104 blkkBps=0 pongs=37964(+439/s) cancels=0(+0/s) notify=1 disc=0(0x00) | echo rx=0 tx=0 pend=0 stale=0
P t=91s rxkBps=104 blkkBps=0 pongs=38403(+439/s) cancels=0(+0/s) notify=1 disc=0(0x00) | echo rx=0 tx=0 pend=0 stale=0
P t=92s rxkBps=96 blkkBps=0 pongs=38810(+407/s) cancels=0(+0/s) notify=1 disc=0(0x00) | echo rx=0 tx=0 pend=0 stale=0
P t=93s rxkBps=104 blkkBps=0 pongs=39249(+439/s) cancels=0(+0/s) notify=1 disc=0(0x00) | echo rx=0 tx=0 pend=0 stale=0
P t=94s rxkBps=104 blkkBps=0 pongs=39689(+440/s) cancels=0(+0/s) notify=1 disc=0(0x00) | echo rx=0 tx=0 pend=0 stale=0
P t=95s rxkBps=99 blkkBps=0 pongs=40106(+417/s) cancels=0(+0/s) notify=1 disc=0(0x00) | echo rx=0 tx=0 pend=0 stale=0
P t=96s rxkBps=101 blkkBps=0 pongs=40533(+427/s) cancels=0(+0/s) notify=1 disc=0(0x00) | echo rx=0 tx=0 pend=0 stale=0
P t=97s rxkBps=103 blkkBps=0 pongs=40967(+434/s) cancels=0(+0/s) notify=1 disc=0(0x00) | echo rx=0 tx=0 pend=0 stale=0
P t=98s rxkBps=104 blkkBps=0 pongs=41406(+439/s) cancels=0(+0/s) notify=1 disc=0(0x00) | echo rx=0 tx=0 pend=0 stale=0
P t=99s rxkBps=93 blkkBps=0 pongs=41799(+393/s) cancels=0(+0/s) notify=1 disc=0(0x00) | echo rx=0 tx=0 pend=0 stale=0
P t=100s rxkBps=102 blkkBps=0 pongs=42229(+430/s) cancels=0(+0/s) notify=1 disc=0(0x00) | echo rx=0 tx=0 pend=0 stale=0
P t=101s rxkBps=104 blkkBps=0 pongs=42666(+437/s) cancels=0(+0/s) notify=1 disc=0(0x00) | echo rx=0 tx=0 pend=0 stale=0
P t=102s rxkBps=104 blkkBps=0 pongs=43103(+437/s) cancels=0(+0/s) notify=1 disc=0(0x00) | echo rx=0 tx=0 pend=0 stale=0
P t=103s rxkBps=103 blkkBps=0 pongs=43539(+436/s) cancels=0(+0/s) notify=1 disc=0(0x00) | echo rx=0 tx=0 pend=0 stale=0
P t=104s rxkBps=104 blkkBps=0 pongs=43977(+438/s) cancels=0(+0/s) notify=1 disc=0(0x00) | echo rx=0 tx=0 pend=0 stale=0
P t=105s rxkBps=103 blkkBps=0 pongs=44412(+435/s) cancels=0(+0/s) notify=1 disc=0(0x00) | echo rx=0 tx=0 pend=0 stale=0
P t=106s rxkBps=98 blkkBps=0 pongs=44825(+413/s) cancels=0(+0/s) notify=1 disc=0(0x00) | echo rx=0 tx=0 pend=0 stale=0
P t=107s rxkBps=104 blkkBps=0 pongs=45264(+439/s) cancels=0(+0/s) notify=1 disc=0(0x00) | echo rx=0 tx=0 pend=0 stale=0
P t=108s rxkBps=104 blkkBps=0 pongs=45701(+437/s) cancels=0(+0/s) notify=1 disc=0(0x00) | echo rx=0 tx=0 pend=0 stale=0
P t=109s rxkBps=104 blkkBps=0 pongs=46138(+437/s) cancels=0(+0/s) notify=1 disc=0(0x00) | echo rx=0 tx=0 pend=0 stale=0
P t=110s rxkBps=99 blkkBps=0 pongs=46556(+418/s) cancels=0(+0/s) notify=1 disc=0(0x00) | echo rx=0 tx=0 pend=0 stale=0
P t=111s rxkBps=104 blkkBps=0 pongs=46995(+439/s) cancels=0(+0/s) notify=1 disc=0(0x00) | echo rx=0 tx=0 pend=0 stale=0
P t=112s rxkBps=99 blkkBps=0 pongs=47414(+419/s) cancels=0(+0/s) notify=1 disc=0(0x00) | echo rx=0 tx=0 pend=0 stale=0
P t=113s rxkBps=104 blkkBps=0 pongs=47854(+440/s) cancels=0(+0/s) notify=1 disc=0(0x00) | echo rx=0 tx=0 pend=0 stale=0
P t=114s rxkBps=104 blkkBps=0 pongs=48294(+440/s) cancels=0(+0/s) notify=1 disc=0(0x00) | echo rx=0 tx=0 pend=0 stale=0
P t=115s rxkBps=104 blkkBps=0 pongs=48733(+439/s) cancels=0(+0/s) notify=1 disc=0(0x00) | echo rx=0 tx=0 pend=0 stale=0
P t=116s rxkBps=102 blkkBps=0 pongs=49165(+432/s) cancels=0(+0/s) notify=1 disc=0(0x00) | echo rx=0 tx=0 pend=0 stale=0
P t=117s rxkBps=104 blkkBps=0 pongs=49604(+439/s) cancels=0(+0/s) notify=1 disc=0(0x00) | echo rx=0 tx=0 pend=0 stale=0
P t=118s rxkBps=104 blkkBps=0 pongs=50042(+438/s) cancels=0(+0/s) notify=1 disc=0(0x00) | echo rx=0 tx=0 pend=0 stale=0
P t=119s rxkBps=104 blkkBps=0 pongs=50479(+437/s) cancels=0(+0/s) notify=1 disc=0(0x00) | echo rx=0 tx=0 pend=0 stale=0
P t=120s rxkBps=99 blkkBps=0 pongs=50897(+418/s) cancels=0(+0/s) notify=1 disc=0(0x00) | echo rx=0 tx=0 pend=0 stale=0
P t=121s rxkBps=98 blkkBps=0 pongs=51312(+415/s) cancels=0(+0/s) notify=1 disc=0(0x00) | echo rx=0 tx=0 pend=0 stale=0
P t=122s rxkBps=103 blkkBps=0 pongs=51748(+436/s) cancels=0(+0/s) notify=1 disc=0(0x00) | echo rx=0 tx=0 pend=0 stale=0
P t=123s rxkBps=104 blkkBps=0 pongs=52188(+440/s) cancels=0(+0/s) notify=1 disc=0(0x00) | echo rx=0 tx=0 pend=0 stale=0
P t=124s rxkBps=96 blkkBps=0 pongs=52595(+407/s) cancels=0(+0/s) notify=1 disc=0(0x00) | echo rx=0 tx=0 pend=0 stale=0
P t=125s rxkBps=100 blkkBps=0 pongs=53018(+423/s) cancels=0(+0/s) notify=1 disc=0(0x00) | echo rx=0 tx=0 pend=0 stale=0
P t=126s rxkBps=101 blkkBps=0 pongs=53446(+428/s) cancels=0(+0/s) notify=1 disc=0(0x00) | echo rx=0 tx=0 pend=0 stale=0
P t=127s rxkBps=98 blkkBps=0 pongs=53860(+414/s) cancels=0(+0/s) notify=1 disc=0(0x00) | echo rx=0 tx=0 pend=0 stale=0
P t=128s rxkBps=104 blkkBps=0 pongs=54297(+437/s) cancels=0(+0/s) notify=1 disc=0(0x00) | echo rx=0 tx=0 pend=0 stale=0
P t=129s rxkBps=104 blkkBps=0 pongs=54736(+439/s) cancels=0(+0/s) notify=1 disc=0(0x00) | echo rx=0 tx=0 pend=0 stale=0
P t=130s rxkBps=102 blkkBps=0 pongs=55167(+431/s) cancels=0(+0/s) notify=1 disc=0(0x00) | echo rx=0 tx=0 pend=0 stale=0
P t=131s rxkBps=102 blkkBps=0 pongs=55597(+430/s) cancels=0(+0/s) notify=1 disc=0(0x00) | echo rx=0 tx=0 pend=0 stale=0
P t=132s rxkBps=103 blkkBps=0 pongs=56030(+433/s) cancels=0(+0/s) notify=1 disc=0(0x00) | echo rx=0 tx=0 pend=0 stale=0
P t=133s rxkBps=104 blkkBps=0 pongs=56470(+440/s) cancels=0(+0/s) notify=1 disc=0(0x00) | echo rx=0 tx=0 pend=0 stale=0
P t=134s rxkBps=99 blkkBps=0 pongs=56886(+416/s) cancels=0(+0/s) notify=1 disc=0(0x00) | echo rx=0 tx=0 pend=0 stale=0
P t=135s rxkBps=83 blkkBps=0 pongs=57236(+350/s) cancels=0(+0/s) notify=1 disc=0(0x00) | echo rx=0 tx=0 pend=0 stale=0
P t=136s rxkBps=94 blkkBps=0 pongs=57633(+397/s) cancels=0(+0/s) notify=1 disc=0(0x00) | echo rx=0 tx=0 pend=0 stale=0
P t=137s rxkBps=87 blkkBps=0 pongs=57999(+366/s) cancels=0(+0/s) notify=1 disc=0(0x00) | echo rx=0 tx=0 pend=0 stale=0
P t=138s rxkBps=88 blkkBps=0 pongs=58371(+372/s) cancels=0(+0/s) notify=1 disc=0(0x00) | echo rx=0 tx=0 pend=0 stale=0
P t=139s rxkBps=87 blkkBps=0 pongs=58740(+369/s) cancels=0(+0/s) notify=1 disc=0(0x00) | echo rx=0 tx=0 pend=0 stale=0
P t=140s rxkBps=80 blkkBps=0 pongs=59079(+339/s) cancels=0(+0/s) notify=1 disc=0(0x00) | echo rx=0 tx=0 pend=0 stale=0
P t=141s rxkBps=88 blkkBps=0 pongs=59451(+372/s) cancels=0(+0/s) notify=1 disc=0(0x00) | echo rx=0 tx=0 pend=0 stale=0
P t=142s rxkBps=101 blkkBps=0 pongs=59878(+427/s) cancels=0(+0/s) notify=1 disc=0(0x00) | echo rx=0 tx=0 pend=0 stale=0
P t=143s rxkBps=104 blkkBps=0 pongs=60316(+438/s) cancels=0(+0/s) notify=1 disc=0(0x00) | echo rx=0 tx=0 pend=0 stale=0
P t=144s rxkBps=102 blkkBps=0 pongs=60745(+429/s) cancels=0(+0/s) notify=1 disc=0(0x00) | echo rx=0 tx=0 pend=0 stale=0
P t=145s rxkBps=104 blkkBps=0 pongs=61185(+440/s) cancels=0(+0/s) notify=1 disc=0(0x00) | echo rx=0 tx=0 pend=0 stale=0
P t=146s rxkBps=99 blkkBps=0 pongs=61603(+418/s) cancels=0(+0/s) notify=1 disc=0(0x00) | echo rx=0 tx=0 pend=0 stale=0
P t=147s rxkBps=103 blkkBps=0 pongs=62039(+436/s) cancels=0(+0/s) notify=1 disc=0(0x00) | echo rx=0 tx=0 pend=0 stale=0
P t=148s rxkBps=104 blkkBps=0 pongs=62476(+437/s) cancels=0(+0/s) notify=1 disc=0(0x00) | echo rx=0 tx=0 pend=0 stale=0
P t=149s rxkBps=102 blkkBps=0 pongs=62907(+431/s) cancels=0(+0/s) notify=1 disc=0(0x00) | echo rx=0 tx=0 pend=0 stale=0
P t=150s rxkBps=102 blkkBps=0 pongs=63337(+430/s) cancels=0(+0/s) notify=1 disc=0(0x00) | echo rx=0 tx=0 pend=0 stale=0
P t=151s rxkBps=103 blkkBps=0 pongs=63773(+436/s) cancels=0(+0/s) notify=1 disc=0(0x00) | echo rx=0 tx=0 pend=0 stale=0
P t=152s rxkBps=98 blkkBps=0 pongs=64187(+414/s) cancels=0(+0/s) notify=1 disc=0(0x00) | echo rx=0 tx=0 pend=0 stale=0
P t=153s rxkBps=94 blkkBps=0 pongs=64582(+395/s) cancels=0(+0/s) notify=1 disc=0(0x00) | echo rx=0 tx=0 pend=0 stale=0
P t=154s rxkBps=103 blkkBps=0 pongs=65015(+433/s) cancels=0(+0/s) notify=1 disc=0(0x00) | echo rx=0 tx=0 pend=0 stale=0
P t=155s rxkBps=104 blkkBps=0 pongs=65453(+438/s) cancels=0(+0/s) notify=1 disc=0(0x00) | echo rx=0 tx=0 pend=0 stale=0
P t=156s rxkBps=101 blkkBps=0 pongs=65879(+426/s) cancels=0(+0/s) notify=1 disc=0(0x00) | echo rx=0 tx=0 pend=0 stale=0
P t=157s rxkBps=104 blkkBps=0 pongs=66316(+437/s) cancels=0(+0/s) notify=1 disc=0(0x00) | echo rx=0 tx=0 pend=0 stale=0
P t=158s rxkBps=99 blkkBps=0 pongs=66734(+418/s) cancels=0(+0/s) notify=1 disc=0(0x00) | echo rx=0 tx=0 pend=0 stale=0
P t=159s rxkBps=104 blkkBps=0 pongs=67173(+439/s) cancels=0(+0/s) notify=1 disc=0(0x00) | echo rx=0 tx=0 pend=0 stale=0
P t=160s rxkBps=104 blkkBps=0 pongs=67612(+439/s) cancels=0(+0/s) notify=1 disc=0(0x00) | echo rx=0 tx=0 pend=0 stale=0
P t=161s rxkBps=104 blkkBps=0 pongs=68052(+440/s) cancels=0(+0/s) notify=1 disc=0(0x00) | echo rx=0 tx=0 pend=0 stale=0
P t=162s rxkBps=99 blkkBps=0 pongs=68468(+416/s) cancels=0(+0/s) notify=1 disc=0(0x00) | echo rx=0 tx=0 pend=0 stale=0
P t=163s rxkBps=104 blkkBps=0 pongs=68906(+438/s) cancels=0(+0/s) notify=1 disc=0(0x00) | echo rx=0 tx=0 pend=0 stale=0
P t=164s rxkBps=103 blkkBps=0 pongs=69339(+433/s) cancels=0(+0/s) notify=1 disc=0(0x00) | echo rx=0 tx=0 pend=0 stale=0
P t=165s rxkBps=104 blkkBps=0 pongs=69777(+438/s) cancels=0(+0/s) notify=1 disc=0(0x00) | echo rx=0 tx=0 pend=0 stale=0
P t=166s rxkBps=104 blkkBps=0 pongs=70216(+439/s) cancels=0(+0/s) notify=1 disc=0(0x00) | echo rx=0 tx=0 pend=0 stale=0
P t=167s rxkBps=103 blkkBps=0 pongs=70651(+435/s) cancels=0(+0/s) notify=1 disc=0(0x00) | echo rx=0 tx=0 pend=0 stale=0
P t=168s rxkBps=104 blkkBps=0 pongs=71088(+437/s) cancels=0(+0/s) notify=1 disc=0(0x00) | echo rx=0 tx=0 pend=0 stale=0
P t=169s rxkBps=104 blkkBps=0 pongs=71525(+437/s) cancels=0(+0/s) notify=1 disc=0(0x00) | echo rx=0 tx=0 pend=0 stale=0
P t=170s rxkBps=104 blkkBps=0 pongs=71964(+439/s) cancels=0(+0/s) notify=1 disc=0(0x00) | echo rx=0 tx=0 pend=0 stale=0
P t=171s rxkBps=103 blkkBps=0 pongs=72400(+436/s) cancels=0(+0/s) notify=1 disc=0(0x00) | echo rx=0 tx=0 pend=0 stale=0
P t=172s rxkBps=103 blkkBps=0 pongs=72833(+433/s) cancels=0(+0/s) notify=1 disc=0(0x00) | echo rx=0 tx=0 pend=0 stale=0
P t=173s rxkBps=102 blkkBps=0 pongs=73262(+429/s) cancels=0(+0/s) notify=1 disc=0(0x00) | echo rx=0 tx=0 pend=0 stale=0
P t=174s rxkBps=103 blkkBps=0 pongs=73698(+436/s) cancels=0(+0/s) notify=1 disc=0(0x00) | echo rx=0 tx=0 pend=0 stale=0
P t=175s rxkBps=104 blkkBps=0 pongs=74135(+437/s) cancels=0(+0/s) notify=1 disc=0(0x00) | echo rx=0 tx=0 pend=0 stale=0
P t=176s rxkBps=104 blkkBps=0 pongs=74574(+439/s) cancels=0(+0/s) notify=1 disc=0(0x00) | echo rx=0 tx=0 pend=0 stale=0
P t=177s rxkBps=103 blkkBps=0 pongs=75010(+436/s) cancels=0(+0/s) notify=1 disc=0(0x00) | echo rx=0 tx=0 pend=0 stale=0
P t=178s rxkBps=102 blkkBps=0 pongs=75441(+431/s) cancels=0(+0/s) notify=1 disc=0(0x00) | echo rx=0 tx=0 pend=0 stale=0
P t=179s rxkBps=103 blkkBps=0 pongs=75877(+436/s) cancels=0(+0/s) notify=1 disc=0(0x00) | echo rx=0 tx=0 pend=0 stale=0
P t=180s rxkBps=101 blkkBps=0 pongs=76302(+425/s) cancels=0(+0/s) notify=1 disc=0(0x00) | echo rx=0 tx=0 pend=0 stale=0
P t=181s rxkBps=104 blkkBps=0 pongs=76741(+439/s) cancels=0(+0/s) notify=1 disc=0(0x00) | echo rx=0 tx=0 pend=0 stale=0
P t=182s rxkBps=104 blkkBps=0 pongs=77179(+438/s) cancels=0(+0/s) notify=1 disc=0(0x00) | echo rx=0 tx=0 pend=0 stale=0
P t=183s rxkBps=103 blkkBps=0 pongs=77613(+434/s) cancels=0(+0/s) notify=1 disc=0(0x00) | echo rx=0 tx=0 pend=0 stale=0
P t=184s rxkBps=104 blkkBps=0 pongs=78051(+438/s) cancels=0(+0/s) notify=1 disc=0(0x00) | echo rx=0 tx=0 pend=0 stale=0
P t=185s rxkBps=104 blkkBps=0 pongs=78489(+438/s) cancels=0(+0/s) notify=1 disc=0(0x00) | echo rx=0 tx=0 pend=0 stale=0
P t=186s rxkBps=103 blkkBps=0 pongs=78924(+435/s) cancels=0(+0/s) notify=1 disc=0(0x00) | echo rx=0 tx=0 pend=0 stale=0
P t=187s rxkBps=104 blkkBps=0 pongs=79363(+439/s) cancels=0(+0/s) notify=1 disc=0(0x00) | echo rx=0 tx=0 pend=0 stale=0
P t=188s rxkBps=105 blkkBps=0 pongs=79804(+441/s) cancels=0(+0/s) notify=1 disc=0(0x00) | echo rx=0 tx=0 pend=0 stale=0
P t=189s rxkBps=103 blkkBps=0 pongs=80237(+433/s) cancels=0(+0/s) notify=1 disc=0(0x00) | echo rx=0 tx=0 pend=0 stale=0
P t=190s rxkBps=104 blkkBps=0 pongs=80676(+439/s) cancels=0(+0/s) notify=1 disc=0(0x00) | echo rx=0 tx=0 pend=0 stale=0
P t=191s rxkBps=103 blkkBps=0 pongs=81110(+434/s) cancels=0(+0/s) notify=1 disc=0(0x00) | echo rx=0 tx=0 pend=0 stale=0
P t=192s rxkBps=104 blkkBps=0 pongs=81549(+439/s) cancels=0(+0/s) notify=1 disc=0(0x00) | echo rx=0 tx=0 pend=0 stale=0
P t=193s rxkBps=98 blkkBps=0 pongs=81964(+415/s) cancels=0(+0/s) notify=1 disc=0(0x00) | echo rx=0 tx=0 pend=0 stale=0
P t=194s rxkBps=104 blkkBps=0 pongs=82404(+440/s) cancels=0(+0/s) notify=1 disc=0(0x00) | echo rx=0 tx=0 pend=0 stale=0
P t=195s rxkBps=102 blkkBps=0 pongs=82834(+430/s) cancels=0(+0/s) notify=1 disc=0(0x00) | echo rx=0 tx=0 pend=0 stale=0
P t=196s rxkBps=101 blkkBps=0 pongs=83261(+427/s) cancels=0(+0/s) notify=1 disc=0(0x00) | echo rx=0 tx=0 pend=0 stale=0
P t=197s rxkBps=103 blkkBps=0 pongs=83697(+436/s) cancels=0(+0/s) notify=1 disc=0(0x00) | echo rx=0 tx=0 pend=0 stale=0
P t=198s rxkBps=104 blkkBps=0 pongs=84136(+439/s) cancels=0(+0/s) notify=1 disc=0(0x00) | echo rx=0 tx=0 pend=0 stale=0
P t=199s rxkBps=103 blkkBps=0 pongs=84569(+433/s) cancels=0(+0/s) notify=1 disc=0(0x00) | echo rx=0 tx=0 pend=0 stale=0
P t=200s rxkBps=104 blkkBps=0 pongs=85007(+438/s) cancels=0(+0/s) notify=1 disc=0(0x00) | echo rx=0 tx=0 pend=0 stale=0
P t=201s rxkBps=101 blkkBps=0 pongs=85433(+426/s) cancels=0(+0/s) notify=1 disc=0(0x00) | echo rx=0 tx=0 pend=0 stale=0
P t=202s rxkBps=88 blkkBps=0 pongs=85804(+371/s) cancels=0(+0/s) notify=1 disc=0(0x00) | echo rx=0 tx=0 pend=0 stale=0
P t=203s rxkBps=71 blkkBps=0 pongs=86106(+302/s) cancels=0(+0/s) notify=1 disc=0(0x00) | echo rx=0 tx=0 pend=0 stale=0
P t=204s rxkBps=73 blkkBps=0 pongs=86413(+307/s) cancels=0(+0/s) notify=1 disc=0(0x00) | echo rx=0 tx=0 pend=0 stale=0
P t=205s rxkBps=99 blkkBps=0 pongs=86830(+417/s) cancels=0(+0/s) notify=1 disc=0(0x00) | echo rx=0 tx=0 pend=0 stale=0
P t=206s rxkBps=99 blkkBps=0 pongs=87246(+416/s) cancels=0(+0/s) notify=1 disc=0(0x00) | echo rx=0 tx=0 pend=0 stale=0
P t=207s rxkBps=104 blkkBps=0 pongs=87683(+437/s) cancels=0(+0/s) notify=1 disc=0(0x00) | echo rx=0 tx=0 pend=0 stale=0
P t=208s rxkBps=93 blkkBps=0 pongs=88077(+394/s) cancels=0(+0/s) notify=1 disc=0(0x00) | echo rx=0 tx=0 pend=0 stale=0
P t=209s rxkBps=72 blkkBps=0 pongs=88382(+305/s) cancels=0(+0/s) notify=1 disc=0(0x00) | echo rx=0 tx=0 pend=0 stale=0
P t=210s rxkBps=104 blkkBps=0 pongs=88821(+439/s) cancels=0(+0/s) notify=1 disc=0(0x00) | echo rx=0 tx=0 pend=0 stale=0
P t=211s rxkBps=101 blkkBps=0 pongs=89248(+427/s) cancels=0(+0/s) notify=1 disc=0(0x00) | echo rx=0 tx=0 pend=0 stale=0
P t=212s rxkBps=103 blkkBps=0 pongs=89682(+434/s) cancels=0(+0/s) notify=1 disc=0(0x00) | echo rx=0 tx=0 pend=0 stale=0
P t=213s rxkBps=104 blkkBps=0 pongs=90120(+438/s) cancels=0(+0/s) notify=1 disc=0(0x00) | echo rx=0 tx=0 pend=0 stale=0
P t=214s rxkBps=98 blkkBps=0 pongs=90535(+415/s) cancels=0(+0/s) notify=1 disc=0(0x00) | echo rx=0 tx=0 pend=0 stale=0
P t=215s rxkBps=99 blkkBps=0 pongs=90951(+416/s) cancels=0(+0/s) notify=1 disc=0(0x00) | echo rx=0 tx=0 pend=0 stale=0
P t=216s rxkBps=103 blkkBps=0 pongs=91387(+436/s) cancels=0(+0/s) notify=1 disc=0(0x00) | echo rx=0 tx=0 pend=0 stale=0
P t=217s rxkBps=101 blkkBps=0 pongs=91813(+426/s) cancels=0(+0/s) notify=1 disc=0(0x00) | echo rx=0 tx=0 pend=0 stale=0
P t=218s rxkBps=104 blkkBps=0 pongs=92250(+437/s) cancels=0(+0/s) notify=1 disc=0(0x00) | echo rx=0 tx=0 pend=0 stale=0
P t=219s rxkBps=104 blkkBps=0 pongs=92688(+438/s) cancels=0(+0/s) notify=1 disc=0(0x00) | echo rx=0 tx=0 pend=0 stale=0
P t=220s rxkBps=104 blkkBps=0 pongs=93128(+440/s) cancels=0(+0/s) notify=1 disc=0(0x00) | echo rx=0 tx=0 pend=0 stale=0
P t=221s rxkBps=101 blkkBps=0 pongs=93553(+425/s) cancels=0(+0/s) notify=1 disc=0(0x00) | echo rx=0 tx=0 pend=0 stale=0
P t=222s rxkBps=104 blkkBps=0 pongs=93991(+438/s) cancels=0(+0/s) notify=1 disc=0(0x00) | echo rx=0 tx=0 pend=0 stale=0
P t=223s rxkBps=104 blkkBps=0 pongs=94430(+439/s) cancels=0(+0/s) notify=1 disc=0(0x00) | echo rx=0 tx=0 pend=0 stale=0
P t=224s rxkBps=104 blkkBps=0 pongs=94868(+438/s) cancels=0(+0/s) notify=1 disc=0(0x00) | echo rx=0 tx=0 pend=0 stale=0
P t=225s rxkBps=102 blkkBps=0 pongs=95298(+430/s) cancels=0(+0/s) notify=1 disc=0(0x00) | echo rx=0 tx=0 pend=0 stale=0
P t=226s rxkBps=102 blkkBps=0 pongs=95730(+432/s) cancels=0(+0/s) notify=1 disc=0(0x00) | echo rx=0 tx=0 pend=0 stale=0
P t=227s rxkBps=91 blkkBps=0 pongs=96114(+384/s) cancels=0(+0/s) notify=1 disc=0(0x00) | echo rx=0 tx=0 pend=0 stale=0
P t=228s rxkBps=99 blkkBps=0 pongs=96531(+417/s) cancels=0(+0/s) notify=1 disc=0(0x00) | echo rx=0 tx=0 pend=0 stale=0
P t=229s rxkBps=104 blkkBps=0 pongs=96968(+437/s) cancels=0(+0/s) notify=1 disc=0(0x00) | echo rx=0 tx=0 pend=0 stale=0
