*** Booting nRF Connect SDK v3.4.0-99553055607b ***
*** Using Zephyr OS v4.4.0-bf801e4e3d19 ***
[00:26:51.115,141] [0m<inf> bt_sdc_hci_driver: SoftDevice Controller build revision: 
                                            c8 da 30 98 f9 f0 34 a4  4b 6e ba d3 08 19 cc 0c |..0...4. Kn......
                                            ea 51 da 47                                      |.Q.G             [0m
[00:26:51.116,398] [0m<inf> bt_hci_core: HW Platform: Nordic Semiconductor (0x0002)[0m
[00:26:51.116,411] [0m<inf> bt_hci_core: HW Variant: nRF54Lx (0x0005)[0m
[00:26:51.116,422] [0m<inf> bt_hci_core: Firmware: Standard Bluetooth controller (0x00) Version 200.12506 Build 888207768[0m
[00:26:51.116,832] [0m<inf> bt_hci_core: HCI transport: SDC[0m
[00:26:51.116,879] [0m<inf> bt_hci_core: Identity: FC:BE:FF:FA:E6:8B (random)[0m
[00:26:51.116,895] [0m<inf> bt_hci_core: HCI: version 6.3 (0x11) revision 0x3039, manufacturer 0x0059[0m
[00:26:51.116,910] [0m<inf> bt_hci_core: LMP: version 6.3 (0x11) subver 0x3039[0m

=== nRF54L15 RTT ping-pong CENTRAL ===
scan rc=0
GAP connected interval=7500
MTU err=0 mtu=23
PHY tx=2 rx=2
discovery start (post-PHY +500ms) interval=7500 phy2m=1
SUBSCRIBED, vh=18
t=1s RTT mean=0 min=0 max=0 n=0 to=0 | cancels=0(+0/s) seqbad=0 len_bad=0 disc=0(0x00) | tot_n=0 tot_to=0 maxever=0 >2ms=0 >5ms=0 >15ms=0 >20ms=0 >30ms=0 | probes=0 wrfail=0 down=0s maxout=0s
t=2s RTT mean=12012 min=10869 max=19413 n=66 to=0 | cancels=0(+0/s) seqbad=0 len_bad=0 disc=0(0x00) | tot_n=66 tot_to=0 maxever=19413 >2ms=66 >5ms=66 >15ms=1 >20ms=0 >30ms=0 | probes=67 wrfail=0 down=0s maxout=0s
t=3s RTT mean=11913 min=11912 max=11921 n=67 to=0 | cancels=0(+0/s) seqbad=0 len_bad=0 disc=0(0x00) | tot_n=133 tot_to=0 maxever=19413 >2ms=133 >5ms=133 >15ms=1 >20ms=0 >30ms=0 | probes=133 wrfail=0 down=0s maxout=0s
SCI: supported min interval=750 us, groups=1
SCI: conn_rate_request 8 x125us rc=0
t=4s RTT mean=11916 min=11863 max=12049 n=66 to=0 | cancels=0(+0/s) seqbad=0 len_bad=0 disc=0(0x00) | tot_n=199 tot_to=0 maxever=19413 >2ms=199 >5ms=199 >15ms=1 >20ms=0 >30ms=0 | probes=200 wrfail=0 down=0s maxout=0s
SCI: rate_changed status=0x00 interval=1000 us subrate=1 lat=0
t=5s RTT mean=2072 min=1905 max=11913 n=195 to=0 | cancels=0(+0/s) seqbad=0 len_bad=0 disc=0(0x00) | tot_n=394 tot_to=0 maxever=19413 >2ms=204 >5ms=202 >15ms=1 >20ms=0 >30ms=0 | probes=395 wrfail=0 down=0s maxout=0s
t=6s RTT mean=1927 min=1905 max=3907 n=199 to=0 | cancels=0(+0/s) seqbad=0 len_bad=0 disc=0(0x00) | tot_n=593 tot_to=0 maxever=19413 >2ms=207 >5ms=202 >15ms=1 >20ms=0 >30ms=0 | probes=594 wrfail=0 down=0s maxout=0s
t=7s RTT mean=1938 min=1861 max=3908 n=199 to=0 | cancels=0(+0/s) seqbad=0 len_bad=0 disc=0(0x00) | tot_n=792 tot_to=0 maxever=19413 >2ms=212 >5ms=202 >15ms=1 >20ms=0 >30ms=0 | probes=793 wrfail=0 down=0s maxout=0s
t=8s RTT mean=1917 min=1905 max=2908 n=200 to=0 | cancels=0(+0/s) seqbad=0 len_bad=0 disc=0(0x00) | tot_n=992 tot_to=0 maxever=19413 >2ms=214 >5ms=202 >15ms=1 >20ms=0 >30ms=0 | probes=992 wrfail=0 down=0s maxout=0s
t=9s RTT mean=1994 min=1905 max=3908 n=197 to=0 | cancels=0(+0/s) seqbad=0 len_bad=0 disc=0(0x00) | tot_n=1189 tot_to=0 maxever=19413 >2ms=229 >5ms=202 >15ms=1 >20ms=0 >30ms=0 | probes=1189 wrfail=0 down=0s maxout=0s
t=10s RTT mean=1912 min=1906 max=2908 n=199 to=0 | cancels=0(+0/s) seqbad=0 len_bad=0 disc=0(0x00) | tot_n=1388 tot_to=0 maxever=19413 >2ms=230 >5ms=202 >15ms=1 >20ms=0 >30ms=0 | probes=1389 wrfail=0 down=0s maxout=0s
t=11s RTT mean=1918 min=1899 max=2908 n=200 to=0 | cancels=0(+0/s) seqbad=0 len_bad=0 disc=0(0x00) | tot_n=1588 tot_to=0 maxever=19413 >2ms=232 >5ms=202 >15ms=1 >20ms=0 >30ms=0 | probes=1588 wrfail=0 down=0s maxout=0s
t=12s RTT mean=1907 min=1905 max=1927 n=200 to=0 | cancels=0(+0/s) seqbad=0 len_bad=0 disc=0(0x00) | tot_n=1788 tot_to=0 maxever=19413 >2ms=232 >5ms=202 >15ms=1 >20ms=0 >30ms=0 | probes=1788 wrfail=0 down=0s maxout=0s
t=13s RTT mean=1908 min=1899 max=1942 n=200 to=0 | cancels=0(+0/s) seqbad=0 len_bad=0 disc=0(0x00) | tot_n=1988 tot_to=0 maxever=19413 >2ms=232 >5ms=202 >15ms=1 >20ms=0 >30ms=0 | probes=1989 wrfail=0 down=0s maxout=0s
t=14s RTT mean=1912 min=1905 max=2906 n=200 to=0 | cancels=0(+0/s) seqbad=0 len_bad=0 disc=0(0x00) | tot_n=2188 tot_to=0 maxever=19413 >2ms=233 >5ms=202 >15ms=1 >20ms=0 >30ms=0 | probes=2188 wrfail=0 down=0s maxout=0s
t=15s RTT mean=1918 min=1899 max=2908 n=200 to=0 | cancels=0(+0/s) seqbad=0 len_bad=0 disc=0(0x00) | tot_n=2388 tot_to=0 maxever=19413 >2ms=235 >5ms=202 >15ms=1 >20ms=0 >30ms=0 | probes=2388 wrfail=0 down=0s maxout=0s
t=16s RTT mean=1922 min=1892 max=2908 n=199 to=0 | cancels=0(+0/s) seqbad=0 len_bad=0 disc=0(0x00) | tot_n=2587 tot_to=0 maxever=19413 >2ms=238 >5ms=202 >15ms=1 >20ms=0 >30ms=0 | probes=2587 wrfail=0 down=0s maxout=0s
t=17s RTT mean=1908 min=1900 max=1945 n=200 to=0 | cancels=0(+0/s) seqbad=0 len_bad=0 disc=0(0x00) | tot_n=2787 tot_to=0 maxever=19413 >2ms=238 >5ms=202 >15ms=1 >20ms=0 >30ms=0 | probes=2787 wrfail=0 down=0s maxout=0s
t=18s RTT mean=2421 min=1905 max=6907 n=181 to=0 | cancels=0(+0/s) seqbad=0 len_bad=0 disc=0(0x00) | tot_n=2968 tot_to=0 maxever=19413 >2ms=287 >5ms=207 >15ms=1 >20ms=0 >30ms=0 | probes=2969 wrfail=0 down=0s maxout=0s
t=19s RTT mean=2399 min=1905 max=7917 n=183 to=0 | cancels=0(+0/s) seqbad=0 len_bad=0 disc=0(0x00) | tot_n=3151 tot_to=0 maxever=19413 >2ms=340 >5ms=210 >15ms=1 >20ms=0 >30ms=0 | probes=3151 wrfail=0 down=0s maxout=0s
t=20s RTT mean=1907 min=1905 max=1923 n=200 to=0 | cancels=0(+0/s) seqbad=0 len_bad=0 disc=0(0x00) | tot_n=3351 tot_to=0 maxever=19413 >2ms=340 >5ms=210 >15ms=1 >20ms=0 >30ms=0 | probes=3351 wrfail=0 down=0s maxout=0s
t=21s RTT mean=1948 min=1900 max=3908 n=198 to=0 | cancels=0(+0/s) seqbad=0 len_bad=0 disc=0(0x00) | tot_n=3549 tot_to=0 maxever=19413 >2ms=347 >5ms=210 >15ms=1 >20ms=0 >30ms=0 | probes=3549 wrfail=0 down=0s maxout=0s
t=22s RTT mean=1917 min=1905 max=2908 n=200 to=0 | cancels=0(+0/s) seqbad=0 len_bad=0 disc=0(0x00) | tot_n=3749 tot_to=0 maxever=19413 >2ms=349 >5ms=210 >15ms=1 >20ms=0 >30ms=0 | probes=3749 wrfail=0 down=0s maxout=0s
t=23s RTT mean=1948 min=1905 max=4909 n=198 to=0 | cancels=0(+0/s) seqbad=0 len_bad=0 disc=0(0x00) | tot_n=3947 tot_to=0 maxever=19413 >2ms=354 >5ms=210 >15ms=1 >20ms=0 >30ms=0 | probes=3947 wrfail=0 down=0s maxout=0s
t=24s RTT mean=1928 min=1905 max=3906 n=199 to=0 | cancels=0(+0/s) seqbad=0 len_bad=0 disc=0(0x00) | tot_n=4146 tot_to=0 maxever=19413 >2ms=357 >5ms=210 >15ms=1 >20ms=0 >30ms=0 | probes=4147 wrfail=0 down=0s maxout=0s
t=25s RTT mean=1913 min=1900 max=2908 n=200 to=0 | cancels=0(+0/s) seqbad=0 len_bad=0 disc=0(0x00) | tot_n=4346 tot_to=0 maxever=19413 >2ms=358 >5ms=210 >15ms=1 >20ms=0 >30ms=0 | probes=4347 wrfail=0 down=0s maxout=0s
t=26s RTT mean=1927 min=1905 max=2909 n=199 to=0 | cancels=0(+0/s) seqbad=0 len_bad=0 disc=0(0x00) | tot_n=4545 tot_to=0 maxever=19413 >2ms=362 >5ms=210 >15ms=1 >20ms=0 >30ms=0 | probes=4546 wrfail=0 down=0s maxout=0s
t=27s RTT mean=1913 min=1900 max=2906 n=200 to=0 | cancels=0(+0/s) seqbad=0 len_bad=0 disc=0(0x00) | tot_n=4745 tot_to=0 maxever=19413 >2ms=363 >5ms=210 >15ms=1 >20ms=0 >30ms=0 | probes=4746 wrfail=0 down=0s maxout=0s
t=28s RTT mean=1989 min=1905 max=4908 n=197 to=0 | cancels=0(+0/s) seqbad=0 len_bad=0 disc=0(0x00) | tot_n=4942 tot_to=0 maxever=19413 >2ms=371 >5ms=210 >15ms=1 >20ms=0 >30ms=0 | probes=4942 wrfail=0 down=0s maxout=0s
t=29s RTT mean=1923 min=1900 max=2908 n=199 to=0 | cancels=0(+0/s) seqbad=0 len_bad=0 disc=0(0x00) | tot_n=5141 tot_to=0 maxever=19413 >2ms=374 >5ms=210 >15ms=1 >20ms=0 >30ms=0 | probes=5142 wrfail=0 down=0s maxout=0s
t=30s RTT mean=1917 min=1801 max=2908 n=200 to=0 | cancels=0(+0/s) seqbad=0 len_bad=0 disc=0(0x00) | tot_n=5341 tot_to=0 maxever=19413 >2ms=377 >5ms=210 >15ms=1 >20ms=0 >30ms=0 | probes=5342 wrfail=0 down=0s maxout=0s
t=31s RTT mean=1923 min=1899 max=2908 n=200 to=0 | cancels=0(+0/s) seqbad=0 len_bad=0 disc=0(0x00) | tot_n=5541 tot_to=0 maxever=19413 >2ms=380 >5ms=210 >15ms=1 >20ms=0 >30ms=0 | probes=5541 wrfail=0 down=0s maxout=0s
t=32s RTT mean=1917 min=1905 max=2909 n=199 to=0 | cancels=0(+0/s) seqbad=0 len_bad=0 disc=0(0x00) | tot_n=5740 tot_to=0 maxever=19413 >2ms=382 >5ms=210 >15ms=1 >20ms=0 >30ms=0 | probes=5741 wrfail=0 down=0s maxout=0s
t=33s RTT mean=1918 min=1900 max=2907 n=200 to=0 | cancels=0(+0/s) seqbad=0 len_bad=0 disc=0(0x00) | tot_n=5940 tot_to=0 maxever=19413 >2ms=384 >5ms=210 >15ms=1 >20ms=0 >30ms=0 | probes=5940 wrfail=0 down=0s maxout=0s
t=34s RTT mean=1917 min=1905 max=2908 n=199 to=0 | cancels=0(+0/s) seqbad=0 len_bad=0 disc=0(0x00) | tot_n=6139 tot_to=0 maxever=19413 >2ms=386 >5ms=210 >15ms=1 >20ms=0 >30ms=0 | probes=6140 wrfail=0 down=0s maxout=0s
t=35s RTT mean=1913 min=1813 max=2908 n=200 to=0 | cancels=0(+0/s) seqbad=0 len_bad=0 disc=0(0x00) | tot_n=6339 tot_to=0 maxever=19413 >2ms=388 >5ms=210 >15ms=1 >20ms=0 >30ms=0 | probes=6340 wrfail=0 down=0s maxout=0s
t=36s RTT mean=1907 min=1905 max=1916 n=200 to=0 | cancels=0(+0/s) seqbad=0 len_bad=0 disc=0(0x00) | tot_n=6539 tot_to=0 maxever=19413 >2ms=388 >5ms=210 >15ms=1 >20ms=0 >30ms=0 | probes=6540 wrfail=0 down=0s maxout=0s
t=37s RTT mean=1913 min=1900 max=2906 n=200 to=0 | cancels=0(+0/s) seqbad=0 len_bad=0 disc=0(0x00) | tot_n=6739 tot_to=0 maxever=19413 >2ms=389 >5ms=210 >15ms=1 >20ms=0 >30ms=0 | probes=6740 wrfail=0 down=0s maxout=0s
t=38s RTT mean=1927 min=1905 max=3905 n=199 to=0 | cancels=0(+0/s) seqbad=0 len_bad=0 disc=0(0x00) | tot_n=6938 tot_to=0 maxever=19413 >2ms=392 >5ms=210 >15ms=1 >20ms=0 >30ms=0 | probes=6939 wrfail=0 down=0s maxout=0s
t=39s RTT mean=1953 min=1900 max=4910 n=199 to=0 | cancels=0(+0/s) seqbad=0 len_bad=0 disc=0(0x00) | tot_n=7137 tot_to=0 maxever=19413 >2ms=397 >5ms=210 >15ms=1 >20ms=0 >30ms=0 | probes=7137 wrfail=0 down=0s maxout=0s
t=40s RTT mean=1917 min=1891 max=2909 n=199 to=0 | cancels=0(+0/s) seqbad=0 len_bad=0 disc=0(0x00) | tot_n=7336 tot_to=0 maxever=19413 >2ms=399 >5ms=210 >15ms=1 >20ms=0 >30ms=0 | probes=7337 wrfail=0 down=0s maxout=0s
t=41s RTT mean=1913 min=1900 max=2906 n=200 to=0 | cancels=0(+0/s) seqbad=0 len_bad=0 disc=0(0x00) | tot_n=7536 tot_to=0 maxever=19413 >2ms=400 >5ms=210 >15ms=1 >20ms=0 >30ms=0 | probes=7537 wrfail=0 down=0s maxout=0s
t=42s RTT mean=1912 min=1905 max=2908 n=200 to=0 | cancels=0(+0/s) seqbad=0 len_bad=0 disc=0(0x00) | tot_n=7736 tot_to=0 maxever=19413 >2ms=401 >5ms=210 >15ms=1 >20ms=0 >30ms=0 | probes=7736 wrfail=0 down=0s maxout=0s
t=43s RTT mean=1908 min=1899 max=1943 n=200 to=0 | cancels=0(+0/s) seqbad=0 len_bad=0 disc=0(0x00) | tot_n=7936 tot_to=0 maxever=19413 >2ms=401 >5ms=210 >15ms=1 >20ms=0 >30ms=0 | probes=7936 wrfail=0 down=0s maxout=0s
t=44s RTT mean=1917 min=1905 max=2905 n=200 to=0 | cancels=0(+0/s) seqbad=0 len_bad=0 disc=0(0x00) | tot_n=8136 tot_to=0 maxever=19413 >2ms=403 >5ms=210 >15ms=1 >20ms=0 >30ms=0 | probes=8136 wrfail=0 down=0s maxout=0s
t=45s RTT mean=1908 min=1905 max=1941 n=200 to=0 | cancels=0(+0/s) seqbad=0 len_bad=0 disc=0(0x00) | tot_n=8336 tot_to=0 maxever=19413 >2ms=403 >5ms=210 >15ms=1 >20ms=0 >30ms=0 | probes=8336 wrfail=0 down=0s maxout=0s
t=46s RTT mean=1917 min=1905 max=3905 n=199 to=0 | cancels=0(+0/s) seqbad=0 len_bad=0 disc=0(0x00) | tot_n=8535 tot_to=0 maxever=19413 >2ms=404 >5ms=210 >15ms=1 >20ms=0 >30ms=0 | probes=8536 wrfail=0 down=0s maxout=0s
t=47s RTT mean=1908 min=1900 max=1920 n=200 to=0 | cancels=0(+0/s) seqbad=0 len_bad=0 disc=0(0x00) | tot_n=8735 tot_to=0 maxever=19413 >2ms=404 >5ms=210 >15ms=1 >20ms=0 >30ms=0 | probes=8736 wrfail=0 down=0s maxout=0s
t=48s RTT mean=1912 min=1904 max=2908 n=200 to=0 | cancels=0(+0/s) seqbad=0 len_bad=0 disc=0(0x00) | tot_n=8935 tot_to=0 maxever=19413 >2ms=405 >5ms=210 >15ms=1 >20ms=0 >30ms=0 | probes=8936 wrfail=0 down=0s maxout=0s
t=49s RTT mean=1938 min=1899 max=3907 n=199 to=0 | cancels=0(+0/s) seqbad=0 len_bad=0 disc=0(0x00) | tot_n=9134 tot_to=0 maxever=19413 >2ms=409 >5ms=210 >15ms=1 >20ms=0 >30ms=0 | probes=9134 wrfail=0 down=0s maxout=0s
t=50s RTT mean=1932 min=1893 max=2907 n=199 to=0 | cancels=0(+0/s) seqbad=0 len_bad=0 disc=0(0x00) | tot_n=9333 tot_to=0 maxever=19413 >2ms=414 >5ms=210 >15ms=1 >20ms=0 >30ms=0 | probes=9333 wrfail=0 down=0s maxout=0s
t=51s RTT mean=1913 min=1900 max=2906 n=200 to=0 | cancels=0(+0/s) seqbad=0 len_bad=0 disc=0(0x00) | tot_n=9533 tot_to=0 maxever=19413 >2ms=415 >5ms=210 >15ms=1 >20ms=0 >30ms=0 | probes=9533 wrfail=0 down=0s maxout=0s
t=52s RTT mean=1912 min=1905 max=2906 n=200 to=0 | cancels=0(+0/s) seqbad=0 len_bad=0 disc=0(0x00) | tot_n=9733 tot_to=0 maxever=19413 >2ms=416 >5ms=210 >15ms=1 >20ms=0 >30ms=0 | probes=9733 wrfail=0 down=0s maxout=0s
t=53s RTT mean=1943 min=1905 max=5908 n=198 to=0 | cancels=0(+0/s) seqbad=0 len_bad=0 disc=0(0x00) | tot_n=9931 tot_to=0 maxever=19413 >2ms=420 >5ms=211 >15ms=1 >20ms=0 >30ms=0 | probes=9932 wrfail=0 down=0s maxout=0s
t=54s RTT mean=1963 min=1905 max=6905 n=198 to=0 | cancels=0(+0/s) seqbad=0 len_bad=0 disc=0(0x00) | tot_n=10129 tot_to=0 maxever=19413 >2ms=427 >5ms=212 >15ms=1 >20ms=0 >30ms=0 | probes=10130 wrfail=0 down=0s maxout=0s
t=55s RTT mean=1928 min=1900 max=2908 n=199 to=0 | cancels=0(+0/s) seqbad=0 len_bad=0 disc=0(0x00) | tot_n=10328 tot_to=0 maxever=19413 >2ms=431 >5ms=212 >15ms=1 >20ms=0 >30ms=0 | probes=10329 wrfail=0 down=0s maxout=0s
t=56s RTT mean=1922 min=1905 max=2908 n=200 to=0 | cancels=0(+0/s) seqbad=0 len_bad=0 disc=0(0x00) | tot_n=10528 tot_to=0 maxever=19413 >2ms=434 >5ms=212 >15ms=1 >20ms=0 >30ms=0 | probes=10528 wrfail=0 down=0s maxout=0s
t=57s RTT mean=1918 min=1899 max=2908 n=199 to=0 | cancels=0(+0/s) seqbad=0 len_bad=0 disc=0(0x00) | tot_n=10727 tot_to=0 maxever=19413 >2ms=436 >5ms=212 >15ms=1 >20ms=0 >30ms=0 | probes=10728 wrfail=0 down=0s maxout=0s
t=58s RTT mean=1912 min=1802 max=2907 n=200 to=0 | cancels=0(+0/s) seqbad=0 len_bad=0 disc=0(0x00) | tot_n=10927 tot_to=0 maxever=19413 >2ms=438 >5ms=212 >15ms=1 >20ms=0 >30ms=0 | probes=10928 wrfail=0 down=0s maxout=0s
t=59s RTT mean=1923 min=1900 max=2908 n=200 to=0 | cancels=0(+0/s) seqbad=0 len_bad=0 disc=0(0x00) | tot_n=11127 tot_to=0 maxever=19413 >2ms=441 >5ms=212 >15ms=1 >20ms=0 >30ms=0 | probes=11127 wrfail=0 down=0s maxout=0s
t=60s RTT mean=1958 min=1905 max=4907 n=198 to=0 | cancels=0(+0/s) seqbad=0 len_bad=0 disc=0(0x00) | tot_n=11325 tot_to=0 maxever=19413 >2ms=446 >5ms=212 >15ms=1 >20ms=0 >30ms=0 | probes=11325 wrfail=0 down=0s maxout=0s
t=61s RTT mean=1938 min=1905 max=3910 n=199 to=0 | cancels=0(+0/s) seqbad=0 len_bad=0 disc=0(0x00) | tot_n=11524 tot_to=0 maxever=19413 >2ms=451 >5ms=212 >15ms=1 >20ms=0 >30ms=0 | probes=11524 wrfail=0 down=0s maxout=0s
t=62s RTT mean=1927 min=1891 max=3908 n=199 to=0 | cancels=0(+0/s) seqbad=0 len_bad=0 disc=0(0x00) | tot_n=11723 tot_to=0 maxever=19413 >2ms=454 >5ms=212 >15ms=1 >20ms=0 >30ms=0 | probes=11723 wrfail=0 down=0s maxout=0s
t=63s RTT mean=1918 min=1899 max=2908 n=200 to=0 | cancels=0(+0/s) seqbad=0 len_bad=0 disc=0(0x00) | tot_n=11923 tot_to=0 maxever=19413 >2ms=456 >5ms=212 >15ms=1 >20ms=0 >30ms=0 | probes=11923 wrfail=0 down=0s maxout=0s
t=64s RTT mean=1948 min=1900 max=3906 n=198 to=0 | cancels=0(+0/s) seqbad=0 len_bad=0 disc=0(0x00) | tot_n=12121 tot_to=0 maxever=19413 >2ms=463 >5ms=212 >15ms=1 >20ms=0 >30ms=0 | probes=12121 wrfail=0 down=0s maxout=0s
t=65s RTT mean=2441 min=1899 max=6908 n=180 to=0 | cancels=0(+0/s) seqbad=0 len_bad=0 disc=0(0x00) | tot_n=12301 tot_to=0 maxever=19413 >2ms=523 >5ms=214 >15ms=1 >20ms=0 >30ms=0 | probes=12302 wrfail=0 down=0s maxout=0s
t=66s RTT mean=2364 min=1905 max=6908 n=184 to=0 | cancels=0(+0/s) seqbad=0 len_bad=0 disc=0(0x00) | tot_n=12485 tot_to=0 maxever=19413 >2ms=569 >5ms=219 >15ms=1 >20ms=0 >30ms=0 | probes=12485 wrfail=0 down=0s maxout=0s
t=67s RTT mean=1923 min=1900 max=3906 n=199 to=0 | cancels=0(+0/s) seqbad=0 len_bad=0 disc=0(0x00) | tot_n=12684 tot_to=0 maxever=19413 >2ms=571 >5ms=219 >15ms=1 >20ms=0 >30ms=0 | probes=12685 wrfail=0 down=0s maxout=0s
t=68s RTT mean=1922 min=1905 max=2908 n=200 to=0 | cancels=0(+0/s) seqbad=0 len_bad=0 disc=0(0x00) | tot_n=12884 tot_to=0 maxever=19413 >2ms=574 >5ms=219 >15ms=1 >20ms=0 >30ms=0 | probes=12884 wrfail=0 down=0s maxout=0s
t=69s RTT mean=1969 min=1900 max=3908 n=197 to=0 | cancels=0(+0/s) seqbad=0 len_bad=0 disc=0(0x00) | tot_n=13081 tot_to=0 maxever=19413 >2ms=583 >5ms=219 >15ms=1 >20ms=0 >30ms=0 | probes=13082 wrfail=0 down=0s maxout=0s
t=70s RTT mean=1912 min=1800 max=2908 n=200 to=0 | cancels=0(+0/s) seqbad=0 len_bad=0 disc=0(0x00) | tot_n=13281 tot_to=0 maxever=19413 >2ms=585 >5ms=219 >15ms=1 >20ms=0 >30ms=0 | probes=13282 wrfail=0 down=0s maxout=0s
t=71s RTT mean=1963 min=1900 max=5905 n=198 to=0 | cancels=0(+0/s) seqbad=0 len_bad=0 disc=0(0x00) | tot_n=13479 tot_to=0 maxever=19413 >2ms=591 >5ms=220 >15ms=1 >20ms=0 >30ms=0 | probes=13480 wrfail=0 down=0s maxout=0s
t=72s RTT mean=1912 min=1905 max=2908 n=200 to=0 | cancels=0(+0/s) seqbad=0 len_bad=0 disc=0(0x00) | tot_n=13679 tot_to=0 maxever=19413 >2ms=592 >5ms=220 >15ms=1 >20ms=0 >30ms=0 | probes=13679 wrfail=0 down=0s maxout=0s
t=73s RTT mean=1958 min=1899 max=3908 n=198 to=0 | cancels=0(+0/s) seqbad=0 len_bad=0 disc=0(0x00) | tot_n=13877 tot_to=0 maxever=19413 >2ms=600 >5ms=220 >15ms=1 >20ms=0 >30ms=0 | probes=13877 wrfail=0 down=0s maxout=0s
t=74s RTT mean=1927 min=1893 max=2909 n=199 to=0 | cancels=0(+0/s) seqbad=0 len_bad=0 disc=0(0x00) | tot_n=14076 tot_to=0 maxever=19413 >2ms=604 >5ms=220 >15ms=1 >20ms=0 >30ms=0 | probes=14077 wrfail=0 down=0s maxout=0s
t=75s RTT mean=1908 min=1900 max=1920 n=200 to=0 | cancels=0(+0/s) seqbad=0 len_bad=0 disc=0(0x00) | tot_n=14276 tot_to=0 maxever=19413 >2ms=604 >5ms=220 >15ms=1 >20ms=0 >30ms=0 | probes=14277 wrfail=0 down=0s maxout=0s
t=76s RTT mean=1912 min=1905 max=2906 n=200 to=0 | cancels=0(+0/s) seqbad=0 len_bad=0 disc=0(0x00) | tot_n=14476 tot_to=0 maxever=19413 >2ms=605 >5ms=220 >15ms=1 >20ms=0 >30ms=0 | probes=14477 wrfail=0 down=0s maxout=0s
t=77s RTT mean=1913 min=1900 max=2905 n=200 to=0 | cancels=0(+0/s) seqbad=0 len_bad=0 disc=0(0x00) | tot_n=14676 tot_to=0 maxever=19413 >2ms=606 >5ms=220 >15ms=1 >20ms=0 >30ms=0 | probes=14676 wrfail=0 down=0s maxout=0s
t=78s RTT mean=1912 min=1905 max=2908 n=200 to=0 | cancels=0(+0/s) seqbad=0 len_bad=0 disc=0(0x00) | tot_n=14876 tot_to=0 maxever=19413 >2ms=607 >5ms=220 >15ms=1 >20ms=0 >30ms=0 | probes=14876 wrfail=0 down=0s maxout=0s
t=79s RTT mean=1908 min=1900 max=1941 n=200 to=0 | cancels=0(+0/s) seqbad=0 len_bad=0 disc=0(0x00) | tot_n=15076 tot_to=0 maxever=19413 >2ms=607 >5ms=220 >15ms=1 >20ms=0 >30ms=0 | probes=15076 wrfail=0 down=0s maxout=0s
t=80s RTT mean=1907 min=1905 max=1923 n=200 to=0 | cancels=0(+0/s) seqbad=0 len_bad=0 disc=0(0x00) | tot_n=15276 tot_to=0 maxever=19413 >2ms=607 >5ms=220 >15ms=1 >20ms=0 >30ms=0 | probes=15276 wrfail=0 down=0s maxout=0s
t=81s RTT mean=2026 min=1900 max=6908 n=195 to=0 | cancels=0(+0/s) seqbad=0 len_bad=0 disc=0(0x00) | tot_n=15471 tot_to=0 maxever=19413 >2ms=621 >5ms=221 >15ms=1 >20ms=0 >30ms=0 | probes=15472 wrfail=0 down=0s maxout=0s
t=82s RTT mean=1912 min=1905 max=2905 n=200 to=0 | cancels=0(+0/s) seqbad=0 len_bad=0 disc=0(0x00) | tot_n=15671 tot_to=0 maxever=19413 >2ms=622 >5ms=221 >15ms=1 >20ms=0 >30ms=0 | probes=15672 wrfail=0 down=0s maxout=0s
t=83s RTT mean=2020 min=1899 max=4906 n=196 to=0 | cancels=0(+0/s) seqbad=0 len_bad=0 disc=0(0x00) | tot_n=15867 tot_to=0 maxever=19413 >2ms=639 >5ms=221 >15ms=1 >20ms=0 >30ms=0 | probes=15867 wrfail=0 down=0s maxout=0s
t=84s RTT mean=1968 min=1905 max=3908 n=197 to=0 | cancels=0(+0/s) seqbad=0 len_bad=0 disc=0(0x00) | tot_n=16064 tot_to=0 maxever=19413 >2ms=649 >5ms=221 >15ms=1 >20ms=0 >30ms=0 | probes=16065 wrfail=0 down=0s maxout=0s
t=85s RTT mean=1928 min=1899 max=2909 n=200 to=0 | cancels=0(+0/s) seqbad=0 len_bad=0 disc=0(0x00) | tot_n=16264 tot_to=0 maxever=19413 >2ms=653 >5ms=221 >15ms=1 >20ms=0 >30ms=0 | probes=16264 wrfail=0 down=0s maxout=0s
t=86s RTT mean=2046 min=1892 max=5906 n=194 to=0 | cancels=0(+0/s) seqbad=0 len_bad=0 disc=0(0x00) | tot_n=16458 tot_to=0 maxever=19413 >2ms=670 >5ms=222 >15ms=1 >20ms=0 >30ms=0 | probes=16459 wrfail=0 down=0s maxout=0s
t=87s RTT mean=1994 min=1900 max=3908 n=197 to=0 | cancels=0(+0/s) seqbad=0 len_bad=0 disc=0(0x00) | tot_n=16655 tot_to=0 maxever=19413 >2ms=684 >5ms=222 >15ms=1 >20ms=0 >30ms=0 | probes=16655 wrfail=0 down=0s maxout=0s
t=88s RTT mean=1912 min=1905 max=2908 n=200 to=0 | cancels=0(+0/s) seqbad=0 len_bad=0 disc=0(0x00) | tot_n=16855 tot_to=0 maxever=19413 >2ms=685 >5ms=222 >15ms=1 >20ms=0 >30ms=0 | probes=16855 wrfail=0 down=0s maxout=0s
t=89s RTT mean=1984 min=1905 max=6908 n=197 to=0 | cancels=0(+0/s) seqbad=0 len_bad=0 disc=0(0x00) | tot_n=17052 tot_to=0 maxever=19413 >2ms=693 >5ms=223 >15ms=1 >20ms=0 >30ms=0 | probes=17052 wrfail=0 down=0s maxout=0s
t=90s RTT mean=2149 min=1891 max=4910 n=190 to=0 | cancels=0(+0/s) seqbad=0 len_bad=0 disc=0(0x00) | tot_n=17242 tot_to=0 maxever=19413 >2ms=724 >5ms=223 >15ms=1 >20ms=0 >30ms=0 | probes=17243 wrfail=0 down=0s maxout=0s
t=91s RTT mean=2622 min=1900 max=6908 n=175 to=0 | cancels=0(+0/s) seqbad=0 len_bad=0 disc=0(0x00) | tot_n=17417 tot_to=0 maxever=19413 >2ms=799 >5ms=228 >15ms=1 >20ms=0 >30ms=0 | probes=17418 wrfail=0 down=0s maxout=0s
t=92s RTT mean=1912 min=1850 max=2976 n=201 to=0 | cancels=0(+0/s) seqbad=0 len_bad=0 disc=0(0x00) | tot_n=17618 tot_to=0 maxever=19413 >2ms=800 >5ms=228 >15ms=1 >20ms=0 >30ms=0 | probes=17618 wrfail=0 down=0s maxout=0s
t=93s RTT mean=1958 min=1901 max=3907 n=198 to=0 | cancels=0(+0/s) seqbad=0 len_bad=0 disc=0(0x00) | tot_n=17816 tot_to=0 maxever=19413 >2ms=806 >5ms=228 >15ms=1 >20ms=0 >30ms=0 | probes=17816 wrfail=0 down=0s maxout=0s
t=94s RTT mean=1907 min=1905 max=1923 n=200 to=0 | cancels=0(+0/s) seqbad=0 len_bad=0 disc=0(0x00) | tot_n=18016 tot_to=0 maxever=19413 >2ms=806 >5ms=228 >15ms=1 >20ms=0 >30ms=0 | probes=18016 wrfail=0 down=0s maxout=0s
t=95s RTT mean=1918 min=1905 max=2908 n=199 to=0 | cancels=0(+0/s) seqbad=0 len_bad=0 disc=0(0x00) | tot_n=18215 tot_to=0 maxever=19413 >2ms=808 >5ms=228 >15ms=1 >20ms=0 >30ms=0 | probes=18216 wrfail=0 down=0s maxout=0s
t=96s RTT mean=1922 min=1905 max=2908 n=200 to=0 | cancels=0(+0/s) seqbad=0 len_bad=0 disc=0(0x00) | tot_n=18415 tot_to=0 maxever=19413 >2ms=811 >5ms=228 >15ms=1 >20ms=0 >30ms=0 | probes=18415 wrfail=0 down=0s maxout=0s
t=97s RTT mean=1913 min=1905 max=2906 n=199 to=0 | cancels=0(+0/s) seqbad=0 len_bad=0 disc=0(0x00) | tot_n=18614 tot_to=0 maxever=19413 >2ms=812 >5ms=228 >15ms=1 >20ms=0 >30ms=0 | probes=18615 wrfail=0 down=0s maxout=0s
t=98s RTT mean=1912 min=1800 max=2908 n=200 to=0 | cancels=0(+0/s) seqbad=0 len_bad=0 disc=0(0x00) | tot_n=18814 tot_to=0 maxever=19413 >2ms=814 >5ms=228 >15ms=1 >20ms=0 >30ms=0 | probes=18815 wrfail=0 down=0s maxout=0s
t=99s RTT mean=1963 min=1900 max=6907 n=198 to=0 | cancels=0(+0/s) seqbad=0 len_bad=0 disc=0(0x00) | tot_n=19012 tot_to=0 maxever=19413 >2ms=820 >5ms=229 >15ms=1 >20ms=0 >30ms=0 | probes=19013 wrfail=0 down=0s maxout=0s
t=100s RTT mean=1973 min=1905 max=2909 n=198 to=0 | cancels=0(+0/s) seqbad=0 len_bad=0 disc=0(0x00) | tot_n=19210 tot_to=0 maxever=19413 >2ms=833 >5ms=229 >15ms=1 >20ms=0 >30ms=0 | probes=19210 wrfail=0 down=0s maxout=0s
t=101s RTT mean=1933 min=1905 max=2908 n=199 to=0 | cancels=0(+0/s) seqbad=0 len_bad=0 disc=0(0x00) | tot_n=19409 tot_to=0 maxever=19413 >2ms=838 >5ms=229 >15ms=1 >20ms=0 >30ms=0 | probes=19409 wrfail=0 down=0s maxout=0s
t=102s RTT mean=1978 min=1906 max=3910 n=197 to=0 | cancels=0(+0/s) seqbad=0 len_bad=0 disc=0(0x00) | tot_n=19606 tot_to=0 maxever=19413 >2ms=849 >5ms=229 >15ms=1 >20ms=0 >30ms=0 | probes=19606 wrfail=0 down=0s maxout=0s
t=103s RTT mean=1908 min=1899 max=1942 n=200 to=0 | cancels=0(+0/s) seqbad=0 len_bad=0 disc=0(0x00) | tot_n=19806 tot_to=0 maxever=19413 >2ms=849 >5ms=229 >15ms=1 >20ms=0 >30ms=0 | probes=19806 wrfail=0 down=0s maxout=0s
t=104s RTT mean=1912 min=1905 max=2908 n=200 to=0 | cancels=0(+0/s) seqbad=0 len_bad=0 disc=0(0x00) | tot_n=20006 tot_to=0 maxever=19413 >2ms=850 >5ms=229 >15ms=1 >20ms=0 >30ms=0 | probes=20006 wrfail=0 down=0s maxout=0s
t=105s RTT mean=1913 min=1904 max=2907 n=200 to=0 | cancels=0(+0/s) seqbad=0 len_bad=0 disc=0(0x00) | tot_n=20206 tot_to=0 maxever=19413 >2ms=851 >5ms=229 >15ms=1 >20ms=0 >30ms=0 | probes=20206 wrfail=0 down=0s maxout=0s
t=106s RTT mean=1943 min=1892 max=4906 n=198 to=0 | cancels=0(+0/s) seqbad=0 len_bad=0 disc=0(0x00) | tot_n=20404 tot_to=0 maxever=19413 >2ms=855 >5ms=229 >15ms=1 >20ms=0 >30ms=0 | probes=20405 wrfail=0 down=0s maxout=0s
t=107s RTT mean=1948 min=1899 max=2908 n=199 to=0 | cancels=0(+0/s) seqbad=0 len_bad=0 disc=0(0x00) | tot_n=20603 tot_to=0 maxever=19413 >2ms=863 >5ms=229 >15ms=1 >20ms=0 >30ms=0 | probes=20603 wrfail=0 down=0s maxout=0s
t=108s RTT mean=2089 min=1891 max=3908 n=193 to=0 | cancels=0(+0/s) seqbad=0 len_bad=0 disc=0(0x00) | tot_n=20796 tot_to=0 maxever=19413 >2ms=894 >5ms=229 >15ms=1 >20ms=0 >30ms=0 | probes=20796 wrfail=0 down=0s maxout=0s
t=109s RTT mean=2047 min=1900 max=3917 n=194 to=0 | cancels=0(+0/s) seqbad=0 len_bad=0 disc=0(0x00) | tot_n=20990 tot_to=0 maxever=19413 >2ms=919 >5ms=229 >15ms=1 >20ms=0 >30ms=0 | probes=20991 wrfail=0 down=0s maxout=0s
t=110s RTT mean=2009 min=1905 max=2908 n=196 to=0 | cancels=0(+0/s) seqbad=0 len_bad=0 disc=0(0x00) | tot_n=21186 tot_to=0 maxever=19413 >2ms=939 >5ms=229 >15ms=1 >20ms=0 >30ms=0 | probes=21187 wrfail=0 down=0s maxout=0s
t=111s RTT mean=2111 min=1900 max=3908 n=192 to=0 | cancels=0(+0/s) seqbad=0 len_bad=0 disc=0(0x00) | tot_n=21378 tot_to=0 maxever=19413 >2ms=974 >5ms=229 >15ms=1 >20ms=0 >30ms=0 | probes=21379 wrfail=0 down=0s maxout=0s
t=112s RTT mean=2020 min=1905 max=4908 n=196 to=0 | cancels=0(+0/s) seqbad=0 len_bad=0 disc=0(0x00) | tot_n=21574 tot_to=0 maxever=19413 >2ms=989 >5ms=229 >15ms=1 >20ms=0 >30ms=0 | probes=21575 wrfail=0 down=0s maxout=0s
t=113s RTT mean=1933 min=1905 max=3918 n=199 to=0 | cancels=0(+0/s) seqbad=0 len_bad=0 disc=0(0x00) | tot_n=21773 tot_to=0 maxever=19413 >2ms=993 >5ms=229 >15ms=1 >20ms=0 >30ms=0 | probes=21774 wrfail=0 down=0s maxout=0s
t=114s RTT mean=1922 min=1905 max=2907 n=200 to=0 | cancels=0(+0/s) seqbad=0 len_bad=0 disc=0(0x00) | tot_n=21973 tot_to=0 maxever=19413 >2ms=996 >5ms=229 >15ms=1 >20ms=0 >30ms=0 | probes=21973 wrfail=0 down=0s maxout=0s
t=115s RTT mean=1913 min=1905 max=2907 n=200 to=0 | cancels=0(+0/s) seqbad=0 len_bad=0 disc=0(0x00) | tot_n=22173 tot_to=0 maxever=19413 >2ms=997 >5ms=229 >15ms=1 >20ms=0 >30ms=0 | probes=22173 wrfail=0 down=0s maxout=0s
t=116s RTT mean=1938 min=1905 max=4908 n=198 to=0 | cancels=0(+0/s) seqbad=0 len_bad=0 disc=0(0x00) | tot_n=22371 tot_to=0 maxever=19413 >2ms=1001 >5ms=229 >15ms=1 >20ms=0 >30ms=0 | probes=22372 wrfail=0 down=0s maxout=0s
t=117s RTT mean=1908 min=1900 max=1920 n=200 to=0 | cancels=0(+0/s) seqbad=0 len_bad=0 disc=0(0x00) | tot_n=22571 tot_to=0 maxever=19413 >2ms=1001 >5ms=229 >15ms=1 >20ms=0 >30ms=0 | probes=22572 wrfail=0 down=0s maxout=0s
t=118s RTT mean=1943 min=1905 max=3907 n=199 to=0 | cancels=0(+0/s) seqbad=0 len_bad=0 disc=0(0x00) | tot_n=22770 tot_to=0 maxever=19413 >2ms=1007 >5ms=229 >15ms=1 >20ms=0 >30ms=0 | probes=22770 wrfail=0 down=0s maxout=0s
t=119s RTT mean=1913 min=1900 max=2909 n=200 to=0 | cancels=0(+0/s) seqbad=0 len_bad=0 disc=0(0x00) | tot_n=22970 tot_to=0 maxever=19413 >2ms=1008 >5ms=229 >15ms=1 >20ms=0 >30ms=0 | probes=22970 wrfail=0 down=0s maxout=0s
t=120s RTT mean=1913 min=1905 max=2906 n=200 to=0 | cancels=0(+0/s) seqbad=0 len_bad=0 disc=0(0x00) | tot_n=23170 tot_to=0 maxever=19413 >2ms=1009 >5ms=229 >15ms=1 >20ms=0 >30ms=0 | probes=23170 wrfail=0 down=0s maxout=0s
t=121s RTT mean=1908 min=1905 max=1941 n=200 to=0 | cancels=0(+0/s) seqbad=0 len_bad=0 disc=0(0x00) | tot_n=23370 tot_to=0 maxever=19413 >2ms=1009 >5ms=229 >15ms=1 >20ms=0 >30ms=0 | probes=23370 wrfail=0 down=0s maxout=0s
t=122s RTT mean=2160 min=1907 max=4907 n=190 to=0 | cancels=0(+0/s) seqbad=0 len_bad=0 disc=0(0x00) | tot_n=23560 tot_to=0 maxever=19413 >2ms=1043 >5ms=229 >15ms=1 >20ms=0 >30ms=0 | probes=23561 wrfail=0 down=0s maxout=0s
t=123s RTT mean=2284 min=1899 max=5908 n=186 to=0 | cancels=0(+0/s) seqbad=0 len_bad=0 disc=0(0x00) | tot_n=23746 tot_to=0 maxever=19413 >2ms=1087 >5ms=232 >15ms=1 >20ms=0 >30ms=0 | probes=23747 wrfail=0 down=0s maxout=0s
t=124s RTT mean=2138 min=1906 max=5909 n=191 to=0 | cancels=0(+0/s) seqbad=0 len_bad=0 disc=0(0x00) | tot_n=23937 tot_to=0 maxever=19413 >2ms=1124 >5ms=233 >15ms=1 >20ms=0 >30ms=0 | probes=23938 wrfail=0 down=0s maxout=0s
t=125s RTT mean=2020 min=1904 max=4908 n=196 to=0 | cancels=0(+0/s) seqbad=0 len_bad=0 disc=0(0x00) | tot_n=24133 tot_to=0 maxever=19413 >2ms=1141 >5ms=233 >15ms=1 >20ms=0 >30ms=0 | probes=24133 wrfail=0 down=0s maxout=0s
t=126s RTT mean=1907 min=1905 max=1932 n=200 to=0 | cancels=0(+0/s) seqbad=0 len_bad=0 disc=0(0x00) | tot_n=24333 tot_to=0 maxever=19413 >2ms=1141 >5ms=233 >15ms=1 >20ms=0 >30ms=0 | probes=24333 wrfail=0 down=0s maxout=0s
t=127s RTT mean=1907 min=1884 max=1919 n=200 to=0 | cancels=0(+0/s) seqbad=0 len_bad=0 disc=0(0x00) | tot_n=24533 tot_to=0 maxever=19413 >2ms=1141 >5ms=233 >15ms=1 >20ms=0 >30ms=0 | probes=24534 wrfail=0 down=0s maxout=0s
t=128s RTT mean=1938 min=1905 max=3906 n=199 to=0 | cancels=0(+0/s) seqbad=0 len_bad=0 disc=0(0x00) | tot_n=24732 tot_to=0 maxever=19413 >2ms=1145 >5ms=233 >15ms=1 >20ms=0 >30ms=0 | probes=24732 wrfail=0 down=0s maxout=0s
t=129s RTT mean=1968 min=1905 max=3910 n=198 to=0 | cancels=0(+0/s) seqbad=0 len_bad=0 disc=0(0x00) | tot_n=24930 tot_to=0 maxever=19413 >2ms=1156 >5ms=233 >15ms=1 >20ms=0 >30ms=0 | probes=24930 wrfail=0 down=0s maxout=0s
t=130s RTT mean=1912 min=1891 max=2908 n=199 to=0 | cancels=0(+0/s) seqbad=0 len_bad=0 disc=0(0x00) | tot_n=25129 tot_to=0 maxever=19413 >2ms=1157 >5ms=233 >15ms=1 >20ms=0 >30ms=0 | probes=25130 wrfail=0 down=0s maxout=0s
t=131s RTT mean=1933 min=1905 max=2908 n=199 to=0 | cancels=0(+0/s) seqbad=0 len_bad=0 disc=0(0x00) | tot_n=25328 tot_to=0 maxever=19413 >2ms=1162 >5ms=233 >15ms=1 >20ms=0 >30ms=0 | probes=25329 wrfail=0 down=0s maxout=0s
t=132s RTT mean=1907 min=1796 max=2028 n=201 to=0 | cancels=0(+0/s) seqbad=0 len_bad=0 disc=0(0x00) | tot_n=25529 tot_to=0 maxever=19413 >2ms=1163 >5ms=233 >15ms=1 >20ms=0 >30ms=0 | probes=25529 wrfail=0 down=0s maxout=0s
t=133s RTT mean=1964 min=1904 max=3907 n=197 to=0 | cancels=0(+0/s) seqbad=0 len_bad=0 disc=0(0x00) | tot_n=25726 tot_to=0 maxever=19413 >2ms=1172 >5ms=233 >15ms=1 >20ms=0 >30ms=0 | probes=25727 wrfail=0 down=0s maxout=0s
t=134s RTT mean=2025 min=1906 max=3909 n=196 to=0 | cancels=0(+0/s) seqbad=0 len_bad=0 disc=0(0x00) | tot_n=25922 tot_to=0 maxever=19413 >2ms=1191 >5ms=233 >15ms=1 >20ms=0 >30ms=0 | probes=25922 wrfail=0 down=0s maxout=0s
t=135s RTT mean=1908 min=1899 max=1919 n=200 to=0 | cancels=0(+0/s) seqbad=0 len_bad=0 disc=0(0x00) | tot_n=26122 tot_to=0 maxever=19413 >2ms=1191 >5ms=233 >15ms=1 >20ms=0 >30ms=0 | probes=26122 wrfail=0 down=0s maxout=0s
t=136s RTT mean=1917 min=1892 max=2908 n=199 to=0 | cancels=0(+0/s) seqbad=0 len_bad=0 disc=0(0x00) | tot_n=26321 tot_to=0 maxever=19413 >2ms=1193 >5ms=233 >15ms=1 >20ms=0 >30ms=0 | probes=26322 wrfail=0 down=0s maxout=0s
t=137s RTT mean=2088 min=1833 max=4906 n=194 to=0 | cancels=0(+0/s) seqbad=0 len_bad=0 disc=0(0x00) | tot_n=26515 tot_to=0 maxever=19413 >2ms=1224 >5ms=233 >15ms=1 >20ms=0 >30ms=0 | probes=26515 wrfail=0 down=0s maxout=0s
t=138s RTT mean=2057 min=1905 max=4911 n=194 to=0 | cancels=0(+0/s) seqbad=0 len_bad=0 disc=0(0x00) | tot_n=26709 tot_to=0 maxever=19413 >2ms=1248 >5ms=233 >15ms=1 >20ms=0 >30ms=0 | probes=26709 wrfail=0 down=0s maxout=0s
t=139s RTT mean=2026 min=1905 max=3908 n=195 to=0 | cancels=0(+0/s) seqbad=0 len_bad=0 disc=0(0x00) | tot_n=26904 tot_to=0 maxever=19413 >2ms=1267 >5ms=233 >15ms=1 >20ms=0 >30ms=0 | probes=26905 wrfail=0 down=0s maxout=0s
t=140s RTT mean=1984 min=1907 max=3908 n=197 to=0 | cancels=0(+0/s) seqbad=0 len_bad=0 disc=0(0x00) | tot_n=27101 tot_to=0 maxever=19413 >2ms=1281 >5ms=233 >15ms=1 >20ms=0 >30ms=0 | probes=27102 wrfail=0 down=0s maxout=0s
t=141s RTT mean=1979 min=1900 max=3907 n=197 to=0 | cancels=0(+0/s) seqbad=0 len_bad=0 disc=0(0x00) | tot_n=27298 tot_to=0 maxever=19413 >2ms=1293 >5ms=233 >15ms=1 >20ms=0 >30ms=0 | probes=27299 wrfail=0 down=0s maxout=0s
t=142s RTT mean=1983 min=1810 max=3908 n=198 to=0 | cancels=0(+0/s) seqbad=0 len_bad=0 disc=0(0x00) | tot_n=27496 tot_to=0 maxever=19413 >2ms=1306 >5ms=233 >15ms=1 >20ms=0 >30ms=0 | probes=27496 wrfail=0 down=0s maxout=0s
t=143s RTT mean=2010 min=1905 max=3906 n=196 to=0 | cancels=0(+0/s) seqbad=0 len_bad=0 disc=0(0x00) | tot_n=27692 tot_to=0 maxever=19413 >2ms=1325 >5ms=233 >15ms=1 >20ms=0 >30ms=0 | probes=27692 wrfail=0 down=0s maxout=0s
t=144s RTT mean=1927 min=1905 max=2908 n=199 to=0 | cancels=0(+0/s) seqbad=0 len_bad=0 disc=0(0x00) | tot_n=27891 tot_to=0 maxever=19413 >2ms=1329 >5ms=233 >15ms=1 >20ms=0 >30ms=0 | probes=27891 wrfail=0 down=0s maxout=0s
t=145s RTT mean=1938 min=1899 max=2908 n=199 to=0 | cancels=0(+0/s) seqbad=0 len_bad=0 disc=0(0x00) | tot_n=28090 tot_to=0 maxever=19413 >2ms=1335 >5ms=233 >15ms=1 >20ms=0 >30ms=0 | probes=28090 wrfail=0 down=0s maxout=0s
t=146s RTT mean=1938 min=1905 max=3907 n=198 to=0 | cancels=0(+0/s) seqbad=0 len_bad=0 disc=0(0x00) | tot_n=28288 tot_to=0 maxever=19413 >2ms=1340 >5ms=233 >15ms=1 >20ms=0 >30ms=0 | probes=28289 wrfail=0 down=0s maxout=0s
t=147s RTT mean=1923 min=1832 max=3906 n=200 to=0 | cancels=0(+0/s) seqbad=0 len_bad=0 disc=0(0x00) | tot_n=28488 tot_to=0 maxever=19413 >2ms=1343 >5ms=233 >15ms=1 >20ms=0 >30ms=0 | probes=28488 wrfail=0 down=0s maxout=0s
t=148s RTT mean=1963 min=1905 max=2908 n=198 to=0 | cancels=0(+0/s) seqbad=0 len_bad=0 disc=0(0x00) | tot_n=28686 tot_to=0 maxever=19413 >2ms=1354 >5ms=233 >15ms=1 >20ms=0 >30ms=0 | probes=28686 wrfail=0 down=0s maxout=0s
t=149s RTT mean=1994 min=1900 max=3910 n=196 to=0 | cancels=0(+0/s) seqbad=0 len_bad=0 disc=0(0x00) | tot_n=28882 tot_to=0 maxever=19413 >2ms=1369 >5ms=233 >15ms=1 >20ms=0 >30ms=0 | probes=28883 wrfail=0 down=0s maxout=0s
t=150s RTT mean=1907 min=1905 max=1917 n=200 to=0 | cancels=0(+0/s) seqbad=0 len_bad=0 disc=0(0x00) | tot_n=29082 tot_to=0 maxever=19413 >2ms=1369 >5ms=233 >15ms=1 >20ms=0 >30ms=0 | probes=29083 wrfail=0 down=0s maxout=0s
t=151s RTT mean=1938 min=1902 max=3909 n=199 to=0 | cancels=0(+0/s) seqbad=0 len_bad=0 disc=0(0x00) | tot_n=29281 tot_to=0 maxever=19413 >2ms=1374 >5ms=233 >15ms=1 >20ms=0 >30ms=0 | probes=29282 wrfail=0 down=0s maxout=0s
t=152s RTT mean=2067 min=1905 max=5908 n=194 to=0 | cancels=0(+0/s) seqbad=0 len_bad=0 disc=0(0x00) | tot_n=29475 tot_to=0 maxever=19413 >2ms=1395 >5ms=234 >15ms=1 >20ms=0 >30ms=0 | probes=29476 wrfail=0 down=0s maxout=0s
t=153s RTT mean=1928 min=1900 max=2918 n=199 to=0 | cancels=0(+0/s) seqbad=0 len_bad=0 disc=0(0x00) | tot_n=29674 tot_to=0 maxever=19413 >2ms=1399 >5ms=234 >15ms=1 >20ms=0 >30ms=0 | probes=29675 wrfail=0 down=0s maxout=0s
t=154s RTT mean=1917 min=1905 max=2908 n=200 to=0 | cancels=0(+0/s) seqbad=0 len_bad=0 disc=0(0x00) | tot_n=29874 tot_to=0 maxever=19413 >2ms=1401 >5ms=234 >15ms=1 >20ms=0 >30ms=0 | probes=29874 wrfail=0 down=0s maxout=0s
t=155s RTT mean=1908 min=1899 max=1943 n=200 to=0 | cancels=0(+0/s) seqbad=0 len_bad=0 disc=0(0x00) | tot_n=30074 tot_to=0 maxever=19413 >2ms=1401 >5ms=234 >15ms=1 >20ms=0 >30ms=0 | probes=30074 wrfail=0 down=0s maxout=0s
t=156s RTT mean=1907 min=1905 max=1927 n=200 to=0 | cancels=0(+0/s) seqbad=0 len_bad=0 disc=0(0x00) | tot_n=30274 tot_to=0 maxever=19413 >2ms=1401 >5ms=234 >15ms=1 >20ms=0 >30ms=0 | probes=30274 wrfail=0 down=0s maxout=0s
t=157s RTT mean=1908 min=1899 max=1943 n=200 to=0 | cancels=0(+0/s) seqbad=0 len_bad=0 disc=0(0x00) | tot_n=30474 tot_to=0 maxever=19413 >2ms=1401 >5ms=234 >15ms=1 >20ms=0 >30ms=0 | probes=30475 wrfail=0 down=0s maxout=0s
t=158s RTT mean=1927 min=1905 max=2910 n=199 to=0 | cancels=0(+0/s) seqbad=0 len_bad=0 disc=0(0x00) | tot_n=30673 tot_to=0 maxever=19413 >2ms=1405 >5ms=234 >15ms=1 >20ms=0 >30ms=0 | probes=30674 wrfail=0 down=0s maxout=0s
t=159s RTT mean=1908 min=1901 max=1921 n=200 to=0 | cancels=0(+0/s) seqbad=0 len_bad=0 disc=0(0x00) | tot_n=30873 tot_to=0 maxever=19413 >2ms=1405 >5ms=234 >15ms=1 >20ms=0 >30ms=0 | probes=30874 wrfail=0 down=0s maxout=0s
t=160s RTT mean=2041 min=1905 max=3908 n=195 to=0 | cancels=0(+0/s) seqbad=0 len_bad=0 disc=0(0x00) | tot_n=31068 tot_to=0 maxever=19413 >2ms=1424 >5ms=234 >15ms=1 >20ms=0 >30ms=0 | probes=31069 wrfail=0 down=0s maxout=0s
t=161s RTT mean=1938 min=1899 max=3907 n=199 to=0 | cancels=0(+0/s) seqbad=0 len_bad=0 disc=0(0x00) | tot_n=31267 tot_to=0 maxever=19413 >2ms=1429 >5ms=234 >15ms=1 >20ms=0 >30ms=0 | probes=31267 wrfail=0 down=0s maxout=0s
t=162s RTT mean=1922 min=1817 max=2908 n=200 to=0 | cancels=0(+0/s) seqbad=0 len_bad=0 disc=0(0x00) | tot_n=31467 tot_to=0 maxever=19413 >2ms=1432 >5ms=234 >15ms=1 >20ms=0 >30ms=0 | probes=31467 wrfail=0 down=0s maxout=0s
t=163s RTT mean=1908 min=1905 max=1942 n=200 to=0 | cancels=0(+0/s) seqbad=0 len_bad=0 disc=0(0x00) | tot_n=31667 tot_to=0 maxever=19413 >2ms=1432 >5ms=234 >15ms=1 >20ms=0 >30ms=0 | probes=31667 wrfail=0 down=0s maxout=0s
t=164s RTT mean=1907 min=1905 max=1923 n=200 to=0 | cancels=0(+0/s) seqbad=0 len_bad=0 disc=0(0x00) | tot_n=31867 tot_to=0 maxever=19413 >2ms=1432 >5ms=234 >15ms=1 >20ms=0 >30ms=0 | probes=31867 wrfail=0 down=0s maxout=0s
t=165s RTT mean=1938 min=1905 max=5907 n=198 to=0 | cancels=0(+0/s) seqbad=0 len_bad=0 disc=0(0x00) | tot_n=32065 tot_to=0 maxever=19413 >2ms=1435 >5ms=235 >15ms=1 >20ms=0 >30ms=0 | probes=32066 wrfail=0 down=0s maxout=0s
t=166s RTT mean=1912 min=1873 max=2908 n=200 to=0 | cancels=0(+0/s) seqbad=0 len_bad=0 disc=0(0x00) | tot_n=32265 tot_to=0 maxever=19413 >2ms=1436 >5ms=235 >15ms=1 >20ms=0 >30ms=0 | probes=32266 wrfail=0 down=0s maxout=0s
t=167s RTT mean=1928 min=1901 max=2908 n=200 to=0 | cancels=0(+0/s) seqbad=0 len_bad=0 disc=0(0x00) | tot_n=32465 tot_to=0 maxever=19413 >2ms=1440 >5ms=235 >15ms=1 >20ms=0 >30ms=0 | probes=32465 wrfail=0 down=0s maxout=0s
t=168s RTT mean=1927 min=1891 max=2908 n=199 to=0 | cancels=0(+0/s) seqbad=0 len_bad=0 disc=0(0x00) | tot_n=32664 tot_to=0 maxever=19413 >2ms=1444 >5ms=235 >15ms=1 >20ms=0 >30ms=0 | probes=32664 wrfail=0 down=0s maxout=0s
t=169s RTT mean=2268 min=1899 max=6908 n=186 to=0 | cancels=0(+0/s) seqbad=0 len_bad=0 disc=0(0x00) | tot_n=32850 tot_to=0 maxever=19413 >2ms=1478 >5ms=239 >15ms=1 >20ms=0 >30ms=0 | probes=32851 wrfail=0 down=0s maxout=0s
t=170s RTT mean=2479 min=1905 max=6905 n=180 to=0 | cancels=0(+0/s) seqbad=0 len_bad=0 disc=0(0x00) | tot_n=33030 tot_to=0 maxever=19413 >2ms=1538 >5ms=244 >15ms=1 >20ms=0 >30ms=0 | probes=33030 wrfail=0 down=0s maxout=0s
t=171s RTT mean=1908 min=1900 max=1941 n=200 to=0 | cancels=0(+0/s) seqbad=0 len_bad=0 disc=0(0x00) | tot_n=33230 tot_to=0 maxever=19413 >2ms=1538 >5ms=244 >15ms=1 >20ms=0 >30ms=0 | probes=33230 wrfail=0 down=0s maxout=0s
t=172s RTT mean=1928 min=1905 max=4908 n=199 to=0 | cancels=0(+0/s) seqbad=0 len_bad=0 disc=0(0x00) | tot_n=33429 tot_to=0 maxever=19413 >2ms=1540 >5ms=244 >15ms=1 >20ms=0 >30ms=0 | probes=33430 wrfail=0 down=0s maxout=0s
t=173s RTT mean=1908 min=1900 max=1918 n=200 to=0 | cancels=0(+0/s) seqbad=0 len_bad=0 disc=0(0x00) | tot_n=33629 tot_to=0 maxever=19413 >2ms=1540 >5ms=244 >15ms=1 >20ms=0 >30ms=0 | probes=33630 wrfail=0 down=0s maxout=0s
t=174s RTT mean=1943 min=1905 max=3910 n=199 to=0 | cancels=0(+0/s) seqbad=0 len_bad=0 disc=0(0x00) | tot_n=33828 tot_to=0 maxever=19413 >2ms=1546 >5ms=244 >15ms=1 >20ms=0 >30ms=0 | probes=33828 wrfail=0 down=0s maxout=0s
t=175s RTT mean=1933 min=1900 max=2919 n=199 to=0 | cancels=0(+0/s) seqbad=0 len_bad=0 disc=0(0x00) | tot_n=34027 tot_to=0 maxever=19413 >2ms=1551 >5ms=244 >15ms=1 >20ms=0 >30ms=0 | probes=34027 wrfail=0 down=0s maxout=0s
t=176s RTT mean=1917 min=1891 max=2908 n=199 to=0 | cancels=0(+0/s) seqbad=0 len_bad=0 disc=0(0x00) | tot_n=34226 tot_to=0 maxever=19413 >2ms=1553 >5ms=244 >15ms=1 >20ms=0 >30ms=0 | probes=34227 wrfail=0 down=0s maxout=0s
t=177s RTT mean=1918 min=1813 max=2908 n=200 to=0 | cancels=0(+0/s) seqbad=0 len_bad=0 disc=0(0x00) | tot_n=34426 tot_to=0 maxever=19413 >2ms=1556 >5ms=244 >15ms=1 >20ms=0 >30ms=0 | probes=34427 wrfail=0 down=0s maxout=0s
t=178s RTT mean=1907 min=1905 max=1915 n=200 to=0 | cancels=0(+0/s) seqbad=0 len_bad=0 disc=0(0x00) | tot_n=34626 tot_to=0 maxever=19413 >2ms=1556 >5ms=244 >15ms=1 >20ms=0 >30ms=0 | probes=34627 wrfail=0 down=0s maxout=0s
t=179s RTT mean=1908 min=1901 max=1920 n=200 to=0 | cancels=0(+0/s) seqbad=0 len_bad=0 disc=0(0x00) | tot_n=34826 tot_to=0 maxever=19413 >2ms=1556 >5ms=244 >15ms=1 >20ms=0 >30ms=0 | probes=34827 wrfail=0 down=0s maxout=0s
t=180s RTT mean=1907 min=1904 max=1915 n=200 to=0 | cancels=0(+0/s) seqbad=0 len_bad=0 disc=0(0x00) | tot_n=35026 tot_to=0 maxever=19413 >2ms=1556 >5ms=244 >15ms=1 >20ms=0 >30ms=0 | probes=35027 wrfail=0 down=0s maxout=0s
t=181s RTT mean=1913 min=1899 max=2908 n=200 to=0 | cancels=0(+0/s) seqbad=0 len_bad=0 disc=0(0x00) | tot_n=35226 tot_to=0 maxever=19413 >2ms=1557 >5ms=244 >15ms=1 >20ms=0 >30ms=0 | probes=35227 wrfail=0 down=0s maxout=0s
t=182s RTT mean=1907 min=1905 max=1911 n=200 to=0 | cancels=0(+0/s) seqbad=0 len_bad=0 disc=0(0x00) | tot_n=35426 tot_to=0 maxever=19413 >2ms=1557 >5ms=244 >15ms=1 >20ms=0 >30ms=0 | probes=35427 wrfail=0 down=0s maxout=0s
t=183s RTT mean=1923 min=1899 max=2906 n=200 to=0 | cancels=0(+0/s) seqbad=0 len_bad=0 disc=0(0x00) | tot_n=35626 tot_to=0 maxever=19413 >2ms=1560 >5ms=244 >15ms=1 >20ms=0 >30ms=0 | probes=35626 wrfail=0 down=0s maxout=0s
t=184s RTT mean=1912 min=1905 max=2908 n=199 to=0 | cancels=0(+0/s) seqbad=0 len_bad=0 disc=0(0x00) | tot_n=35825 tot_to=0 maxever=19413 >2ms=1561 >5ms=244 >15ms=1 >20ms=0 >30ms=0 | probes=35826 wrfail=0 down=0s maxout=0s
t=185s RTT mean=1908 min=1904 max=1922 n=200 to=0 | cancels=0(+0/s) seqbad=0 len_bad=0 disc=0(0x00) | tot_n=36025 tot_to=0 maxever=19413 >2ms=1561 >5ms=244 >15ms=1 >20ms=0 >30ms=0 | probes=36026 wrfail=0 down=0s maxout=0s
t=186s RTT mean=1912 min=1797 max=2907 n=200 to=0 | cancels=0(+0/s) seqbad=0 len_bad=0 disc=0(0x00) | tot_n=36225 tot_to=0 maxever=19413 >2ms=1563 >5ms=244 >15ms=1 >20ms=0 >30ms=0 | probes=36226 wrfail=0 down=0s maxout=0s
t=187s RTT mean=1923 min=1900 max=2922 n=200 to=0 | cancels=0(+0/s) seqbad=0 len_bad=0 disc=0(0x00) | tot_n=36425 tot_to=0 maxever=19413 >2ms=1566 >5ms=244 >15ms=1 >20ms=0 >30ms=0 | probes=36425 wrfail=0 down=0s maxout=0s
t=188s RTT mean=1953 min=1905 max=3906 n=198 to=0 | cancels=0(+0/s) seqbad=0 len_bad=0 disc=0(0x00) | tot_n=36623 tot_to=0 maxever=19413 >2ms=1573 >5ms=244 >15ms=1 >20ms=0 >30ms=0 | probes=36623 wrfail=0 down=0s maxout=0s
t=189s RTT mean=1963 min=1900 max=3909 n=198 to=0 | cancels=0(+0/s) seqbad=0 len_bad=0 disc=0(0x00) | tot_n=36821 tot_to=0 maxever=19413 >2ms=1581 >5ms=244 >15ms=1 >20ms=0 >30ms=0 | probes=36821 wrfail=0 down=0s maxout=0s
t=190s RTT mean=1912 min=1905 max=2905 n=200 to=0 | cancels=0(+0/s) seqbad=0 len_bad=0 disc=0(0x00) | tot_n=37021 tot_to=0 maxever=19413 >2ms=1582 >5ms=244 >15ms=1 >20ms=0 >30ms=0 | probes=37021 wrfail=0 down=0s maxout=0s
t=191s RTT mean=1908 min=1905 max=1918 n=200 to=0 | cancels=0(+0/s) seqbad=0 len_bad=0 disc=0(0x00) | tot_n=37221 tot_to=0 maxever=19413 >2ms=1582 >5ms=244 >15ms=1 >20ms=0 >30ms=0 | probes=37221 wrfail=0 down=0s maxout=0s
t=192s RTT mean=1927 min=1891 max=2908 n=199 to=0 | cancels=0(+0/s) seqbad=0 len_bad=0 disc=0(0x00) | tot_n=37420 tot_to=0 maxever=19413 >2ms=1586 >5ms=244 >15ms=1 >20ms=0 >30ms=0 | probes=37420 wrfail=0 down=0s maxout=0s
t=193s RTT mean=1913 min=1899 max=2908 n=200 to=0 | cancels=0(+0/s) seqbad=0 len_bad=0 disc=0(0x00) | tot_n=37620 tot_to=0 maxever=19413 >2ms=1587 >5ms=244 >15ms=1 >20ms=0 >30ms=0 | probes=37620 wrfail=0 down=0s maxout=0s
t=194s RTT mean=1943 min=1891 max=3905 n=198 to=0 | cancels=0(+0/s) seqbad=0 len_bad=0 disc=0(0x00) | tot_n=37818 tot_to=0 maxever=19413 >2ms=1593 >5ms=244 >15ms=1 >20ms=0 >30ms=0 | probes=37819 wrfail=0 down=0s maxout=0s
t=195s RTT mean=2025 min=1901 max=3908 n=196 to=0 | cancels=0(+0/s) seqbad=0 len_bad=0 disc=0(0x00) | tot_n=38014 tot_to=0 maxever=19413 >2ms=1615 >5ms=244 >15ms=1 >20ms=0 >30ms=0 | probes=38014 wrfail=0 down=0s maxout=0s
t=196s RTT mean=2067 min=1891 max=3906 n=194 to=0 | cancels=0(+0/s) seqbad=0 len_bad=0 disc=0(0x00) | tot_n=38208 tot_to=0 maxever=19413 >2ms=1643 >5ms=244 >15ms=1 >20ms=0 >30ms=0 | probes=38208 wrfail=0 down=0s maxout=0s
t=197s RTT mean=1989 min=1904 max=2917 n=197 to=0 | cancels=0(+0/s) seqbad=0 len_bad=0 disc=0(0x00) | tot_n=38405 tot_to=0 maxever=19413 >2ms=1659 >5ms=244 >15ms=1 >20ms=0 >30ms=0 | probes=38405 wrfail=0 down=0s maxout=0s
t=198s RTT mean=1968 min=1895 max=3908 n=197 to=0 | cancels=0(+0/s) seqbad=0 len_bad=0 disc=0(0x00) | tot_n=38602 tot_to=0 maxever=19413 >2ms=1670 >5ms=244 >15ms=1 >20ms=0 >30ms=0 | probes=38603 wrfail=0 down=0s maxout=0s
t=199s RTT mean=2031 min=1898 max=3907 n=195 to=0 | cancels=0(+0/s) seqbad=0 len_bad=0 disc=0(0x00) | tot_n=38797 tot_to=0 maxever=19413 >2ms=1691 >5ms=244 >15ms=1 >20ms=0 >30ms=0 | probes=38798 wrfail=0 down=0s maxout=0s
t=200s RTT mean=2025 min=1905 max=2908 n=196 to=0 | cancels=0(+0/s) seqbad=0 len_bad=0 disc=0(0x00) | tot_n=38993 tot_to=0 maxever=19413 >2ms=1714 >5ms=244 >15ms=1 >20ms=0 >30ms=0 | probes=38993 wrfail=0 down=0s maxout=0s
t=201s RTT mean=1923 min=1900 max=2910 n=199 to=0 | cancels=0(+0/s) seqbad=0 len_bad=0 disc=0(0x00) | tot_n=39192 tot_to=0 maxever=19413 >2ms=1717 >5ms=244 >15ms=1 >20ms=0 >30ms=0 | probes=39193 wrfail=0 down=0s maxout=0s
t=202s RTT mean=1922 min=1905 max=2908 n=200 to=0 | cancels=0(+0/s) seqbad=0 len_bad=0 disc=0(0x00) | tot_n=39392 tot_to=0 maxever=19413 >2ms=1720 >5ms=244 >15ms=1 >20ms=0 >30ms=0 | probes=39392 wrfail=0 down=0s maxout=0s
t=203s RTT mean=1908 min=1905 max=1941 n=200 to=0 | cancels=0(+0/s) seqbad=0 len_bad=0 disc=0(0x00) | tot_n=39592 tot_to=0 maxever=19413 >2ms=1720 >5ms=244 >15ms=1 >20ms=0 >30ms=0 | probes=39592 wrfail=0 down=0s maxout=0s
t=204s RTT mean=2176 min=1905 max=5908 n=190 to=0 | cancels=0(+0/s) seqbad=0 len_bad=0 disc=0(0x00) | tot_n=39782 tot_to=0 maxever=19413 >2ms=1753 >5ms=245 >15ms=1 >20ms=0 >30ms=0 | probes=39782 wrfail=0 down=0s maxout=0s
t=205s RTT mean=2386 min=1907 max=4908 n=182 to=0 | cancels=0(+0/s) seqbad=0 len_bad=0 disc=0(0x00) | tot_n=39964 tot_to=0 maxever=19413 >2ms=1813 >5ms=245 >15ms=1 >20ms=0 >30ms=0 | probes=39965 wrfail=0 down=0s maxout=0s
t=206s RTT mean=2015 min=1906 max=4907 n=196 to=0 | cancels=0(+0/s) seqbad=0 len_bad=0 disc=0(0x00) | tot_n=40160 tot_to=0 maxever=19413 >2ms=1827 >5ms=245 >15ms=1 >20ms=0 >30ms=0 | probes=40160 wrfail=0 down=0s maxout=0s
t=207s RTT mean=1913 min=1900 max=2908 n=200 to=0 | cancels=0(+0/s) seqbad=0 len_bad=0 disc=0(0x00) | tot_n=40360 tot_to=0 maxever=19413 >2ms=1828 >5ms=245 >15ms=1 >20ms=0 >30ms=0 | probes=40360 wrfail=0 down=0s maxout=0s
t=208s RTT mean=1907 min=1904 max=1924 n=200 to=0 | cancels=0(+0/s) seqbad=0 len_bad=0 disc=0(0x00) | tot_n=40560 tot_to=0 maxever=19413 >2ms=1828 >5ms=245 >15ms=1 >20ms=0 >30ms=0 | probes=40560 wrfail=0 down=0s maxout=0s
t=209s RTT mean=1908 min=1900 max=1942 n=200 to=0 | cancels=0(+0/s) seqbad=0 len_bad=0 disc=0(0x00) | tot_n=40760 tot_to=0 maxever=19413 >2ms=1828 >5ms=245 >15ms=1 >20ms=0 >30ms=0 | probes=40760 wrfail=0 down=0s maxout=0s
t=210s RTT mean=1922 min=1905 max=2908 n=199 to=0 | cancels=0(+0/s) seqbad=0 len_bad=0 disc=0(0x00) | tot_n=40959 tot_to=0 maxever=19413 >2ms=1831 >5ms=245 >15ms=1 >20ms=0 >30ms=0 | probes=40960 wrfail=0 down=0s maxout=0s
t=211s RTT mean=1908 min=1901 max=1921 n=200 to=0 | cancels=0(+0/s) seqbad=0 len_bad=0 disc=0(0x00) | tot_n=41159 tot_to=0 maxever=19413 >2ms=1831 >5ms=245 >15ms=1 >20ms=0 >30ms=0 | probes=41160 wrfail=0 down=0s maxout=0s
t=212s RTT mean=1907 min=1905 max=1918 n=200 to=0 | cancels=0(+0/s) seqbad=0 len_bad=0 disc=0(0x00) | tot_n=41359 tot_to=0 maxever=19413 >2ms=1831 >5ms=245 >15ms=1 >20ms=0 >30ms=0 | probes=41360 wrfail=0 down=0s maxout=0s
t=213s RTT mean=1908 min=1905 max=1922 n=200 to=0 | cancels=0(+0/s) seqbad=0 len_bad=0 disc=0(0x00) | tot_n=41559 tot_to=0 maxever=19413 >2ms=1831 >5ms=245 >15ms=1 >20ms=0 >30ms=0 | probes=41560 wrfail=0 down=0s maxout=0s
t=214s RTT mean=1912 min=1797 max=2908 n=200 to=0 | cancels=0(+0/s) seqbad=0 len_bad=0 disc=0(0x00) | tot_n=41759 tot_to=0 maxever=19413 >2ms=1833 >5ms=245 >15ms=1 >20ms=0 >30ms=0 | probes=41760 wrfail=0 down=0s maxout=0s
t=215s RTT mean=1908 min=1900 max=1921 n=200 to=0 | cancels=0(+0/s) seqbad=0 len_bad=0 disc=0(0x00) | tot_n=41959 tot_to=0 maxever=19413 >2ms=1833 >5ms=245 >15ms=1 >20ms=0 >30ms=0 | probes=41960 wrfail=0 down=0s maxout=0s
t=216s RTT mean=1907 min=1905 max=1916 n=200 to=0 | cancels=0(+0/s) seqbad=0 len_bad=0 disc=0(0x00) | tot_n=42159 tot_to=0 maxever=19413 >2ms=1833 >5ms=245 >15ms=1 >20ms=0 >30ms=0 | probes=42160 wrfail=0 down=0s maxout=0s
t=217s RTT mean=1913 min=1901 max=2908 n=200 to=0 | cancels=0(+0/s) seqbad=0 len_bad=0 disc=0(0x00) | tot_n=42359 tot_to=0 maxever=19413 >2ms=1834 >5ms=245 >15ms=1 >20ms=0 >30ms=0 | probes=42360 wrfail=0 down=0s maxout=0s
t=218s RTT mean=1907 min=1905 max=1915 n=200 to=0 | cancels=0(+0/s) seqbad=0 len_bad=0 disc=0(0x00) | tot_n=42559 tot_to=0 maxever=19413 >2ms=1834 >5ms=245 >15ms=1 >20ms=0 >30ms=0 | probes=42560 wrfail=0 down=0s maxout=0s
t=219s RTT mean=1913 min=1899 max=2908 n=200 to=0 | cancels=0(+0/s) seqbad=0 len_bad=0 disc=0(0x00) | tot_n=42759 tot_to=0 maxever=19413 >2ms=1835 >5ms=245 >15ms=1 >20ms=0 >30ms=0 | probes=42760 wrfail=0 down=0s maxout=0s
t=220s RTT mean=1907 min=1905 max=1915 n=200 to=0 | cancels=0(+0/s) seqbad=0 len_bad=0 disc=0(0x00) | tot_n=42959 tot_to=0 maxever=19413 >2ms=1835 >5ms=245 >15ms=1 >20ms=0 >30ms=0 | probes=42960 wrfail=0 down=0s maxout=0s
t=221s RTT mean=1908 min=1900 max=1920 n=200 to=0 | cancels=0(+0/s) seqbad=0 len_bad=0 disc=0(0x00) | tot_n=43159 tot_to=0 maxever=19413 >2ms=1835 >5ms=245 >15ms=1 >20ms=0 >30ms=0 | probes=43160 wrfail=0 down=0s maxout=0s
t=222s RTT mean=1907 min=1905 max=1916 n=200 to=0 | cancels=0(+0/s) seqbad=0 len_bad=0 disc=0(0x00) | tot_n=43359 tot_to=0 maxever=19413 >2ms=1835 >5ms=245 >15ms=1 >20ms=0 >30ms=0 | probes=43360 wrfail=0 down=0s maxout=0s
t=223s RTT mean=1908 min=1900 max=1920 n=200 to=0 | cancels=0(+0/s) seqbad=0 len_bad=0 disc=0(0x00) | tot_n=43559 tot_to=0 maxever=19413 >2ms=1835 >5ms=245 >15ms=1 >20ms=0 >30ms=0 | probes=43560 wrfail=0 down=0s maxout=0s
t=224s RTT mean=1912 min=1905 max=2906 n=200 to=0 | cancels=0(+0/s) seqbad=0 len_bad=0 disc=0(0x00) | tot_n=43759 tot_to=0 maxever=19413 >2ms=1836 >5ms=245 >15ms=1 >20ms=0 >30ms=0 | probes=43760 wrfail=0 down=0s maxout=0s
