*** Booting nRF Connect SDK v3.4.0-99553055607b ***
*** Using Zephyr OS v4.4.0-bf801e4e3d19 ***
[00:23:52.949,420] [0m<inf> bt_sdc_hci_driver: SoftDevice Controller build revision: 
                                            c8 da 30 98 f9 f0 34 a4  4b 6e ba d3 08 19 cc 0c |..0...4. Kn......
                                            ea 51 da 47                                      |.Q.G             [0m
[00:23:52.950,692] [0m<inf> bt_hci_core: HW Platform: Nordic Semiconductor (0x0002)[0m
[00:23:52.950,705] [0m<inf> bt_hci_core: HW Variant: nRF54Lx (0x0005)[0m
[00:23:52.950,717] [0m<inf> bt_hci_core: Firmware: Standard Bluetooth controller (0x00) Version 200.12506 Build 888207768[0m
[00:23:52.951,131] [0m<inf> bt_hci_core: HCI transport: SDC[0m
[00:23:52.951,179] [0m<inf> bt_hci_core: Identity: FC:BE:FF:FA:E6:8B (random)[0m
[00:23:52.951,196] [0m<inf> bt_hci_core: HCI: version 6.3 (0x11) revision 0x3039, manufacturer 0x0059[0m
[00:23:52.951,210] [0m<inf> bt_hci_core: LMP: version 6.3 (0x11) subver 0x3039[0m

=== nRF54L15 RTT ping-pong CENTRAL ===
scan rc=0
GAP connected interval=7500
MTU err=0 mtu=23
PHY tx=2 rx=2
discovery start (post-PHY +500ms) interval=7500 phy2m=1
SUBSCRIBED, vh=18
t=1s RTT mean=0 min=0 max=0 n=0 to=0 | cancels=0(+0/s) seqbad=0 len_bad=0 disc=0(0x00) | tot_n=0 tot_to=0 maxever=0 >2ms=0 >5ms=0 >15ms=0 >20ms=0 >30ms=0 | probes=0 wrfail=0 down=0s maxout=0s
t=2s RTT mean=11909 min=11664 max=11932 n=66 to=0 | cancels=0(+0/s) seqbad=0 len_bad=0 disc=0(0x00) | tot_n=66 tot_to=0 maxever=11932 >2ms=66 >5ms=66 >15ms=0 >20ms=0 >30ms=0 | probes=67 wrfail=0 down=0s maxout=0s
t=3s RTT mean=12027 min=11910 max=19413 n=66 to=0 | cancels=0(+0/s) seqbad=0 len_bad=0 disc=0(0x00) | tot_n=132 tot_to=0 maxever=19413 >2ms=132 >5ms=132 >15ms=1 >20ms=0 >30ms=0 | probes=133 wrfail=0 down=0s maxout=0s
SCI: supported min interval=750 us, groups=1
SCI: conn_rate_request 6 x125us rc=0
t=4s RTT mean=12142 min=11911 max=19474 n=66 to=0 | cancels=0(+0/s) seqbad=0 len_bad=0 disc=0(0x00) | tot_n=198 tot_to=0 maxever=19474 >2ms=198 >5ms=198 >15ms=3 >20ms=0 >30ms=0 | probes=199 wrfail=0 down=0s maxout=0s
SCI: rate_changed status=0x00 interval=750 us subrate=1 lat=0
t=5s RTT mean=2352 min=1410 max=11912 n=185 to=0 | cancels=0(+0/s) seqbad=0 len_bad=0 disc=0(0x00) | tot_n=383 tot_to=0 maxever=19474 >2ms=374 >5ms=201 >15ms=3 >20ms=0 >30ms=0 | probes=383 wrfail=0 down=0s maxout=0s
t=6s RTT mean=2149 min=1409 max=2908 n=191 to=0 | cancels=0(+0/s) seqbad=0 len_bad=0 disc=0(0x00) | tot_n=574 tot_to=0 maxever=19474 >2ms=561 >5ms=201 >15ms=3 >20ms=0 >30ms=0 | probes=574 wrfail=0 down=0s maxout=0s
t=7s RTT mean=2142 min=1410 max=2905 n=191 to=0 | cancels=0(+0/s) seqbad=0 len_bad=0 disc=0(0x00) | tot_n=765 tot_to=0 maxever=19474 >2ms=747 >5ms=201 >15ms=3 >20ms=0 >30ms=0 | probes=765 wrfail=0 down=0s maxout=0s
t=8s RTT mean=2145 min=1410 max=2159 n=191 to=0 | cancels=0(+0/s) seqbad=0 len_bad=0 disc=0(0x00) | tot_n=956 tot_to=0 maxever=19474 >2ms=935 >5ms=201 >15ms=3 >20ms=0 >30ms=0 | probes=956 wrfail=0 down=0s maxout=0s
t=9s RTT mean=2146 min=1410 max=2908 n=191 to=0 | cancels=0(+0/s) seqbad=0 len_bad=0 disc=0(0x00) | tot_n=1147 tot_to=0 maxever=19474 >2ms=1122 >5ms=201 >15ms=3 >20ms=0 >30ms=0 | probes=1147 wrfail=0 down=0s maxout=0s
t=10s RTT mean=2161 min=1410 max=2910 n=190 to=0 | cancels=0(+0/s) seqbad=0 len_bad=0 disc=0(0x00) | tot_n=1337 tot_to=0 maxever=19474 >2ms=1308 >5ms=201 >15ms=3 >20ms=0 >30ms=0 | probes=1337 wrfail=0 down=0s maxout=0s
t=11s RTT mean=2177 min=1409 max=3656 n=190 to=0 | cancels=0(+0/s) seqbad=0 len_bad=0 disc=0(0x00) | tot_n=1527 tot_to=0 maxever=19474 >2ms=1495 >5ms=201 >15ms=3 >20ms=0 >30ms=0 | probes=1527 wrfail=0 down=0s maxout=0s
t=12s RTT mean=2193 min=1410 max=3657 n=189 to=0 | cancels=0(+0/s) seqbad=0 len_bad=0 disc=0(0x00) | tot_n=1716 tot_to=0 maxever=19474 >2ms=1682 >5ms=201 >15ms=3 >20ms=0 >30ms=0 | probes=1716 wrfail=0 down=0s maxout=0s
t=13s RTT mean=2225 min=1409 max=3658 n=188 to=0 | cancels=0(+0/s) seqbad=0 len_bad=0 disc=0(0x00) | tot_n=1904 tot_to=0 maxever=19474 >2ms=1867 >5ms=201 >15ms=3 >20ms=0 >30ms=0 | probes=1905 wrfail=0 down=0s maxout=0s
t=14s RTT mean=2217 min=1410 max=3656 n=189 to=0 | cancels=0(+0/s) seqbad=0 len_bad=0 disc=0(0x00) | tot_n=2093 tot_to=0 maxever=19474 >2ms=2051 >5ms=201 >15ms=3 >20ms=0 >30ms=0 | probes=2093 wrfail=0 down=0s maxout=0s
t=15s RTT mean=2226 min=1410 max=4406 n=188 to=0 | cancels=0(+0/s) seqbad=0 len_bad=0 disc=0(0x00) | tot_n=2281 tot_to=0 maxever=19474 >2ms=2236 >5ms=201 >15ms=3 >20ms=0 >30ms=0 | probes=2281 wrfail=0 down=0s maxout=0s
t=16s RTT mean=2193 min=1410 max=2908 n=189 to=0 | cancels=0(+0/s) seqbad=0 len_bad=0 disc=0(0x00) | tot_n=2470 tot_to=0 maxever=19474 >2ms=2422 >5ms=201 >15ms=3 >20ms=0 >30ms=0 | probes=2470 wrfail=0 down=0s maxout=0s
t=17s RTT mean=2177 min=1410 max=2917 n=190 to=0 | cancels=0(+0/s) seqbad=0 len_bad=0 disc=0(0x00) | tot_n=2660 tot_to=0 maxever=19474 >2ms=2608 >5ms=201 >15ms=3 >20ms=0 >30ms=0 | probes=2660 wrfail=0 down=0s maxout=0s
t=18s RTT mean=2165 min=1410 max=2908 n=190 to=0 | cancels=0(+0/s) seqbad=0 len_bad=0 disc=0(0x00) | tot_n=2850 tot_to=0 maxever=19474 >2ms=2794 >5ms=201 >15ms=3 >20ms=0 >30ms=0 | probes=2850 wrfail=0 down=0s maxout=0s
t=19s RTT mean=2185 min=1410 max=2908 n=189 to=0 | cancels=0(+0/s) seqbad=0 len_bad=0 disc=0(0x00) | tot_n=3039 tot_to=0 maxever=19474 >2ms=2979 >5ms=201 >15ms=3 >20ms=0 >30ms=0 | probes=3040 wrfail=0 down=0s maxout=0s
t=20s RTT mean=2212 min=1410 max=4405 n=189 to=0 | cancels=0(+0/s) seqbad=0 len_bad=0 disc=0(0x00) | tot_n=3228 tot_to=0 maxever=19474 >2ms=3163 >5ms=201 >15ms=3 >20ms=0 >30ms=0 | probes=3228 wrfail=0 down=0s maxout=0s
t=21s RTT mean=2181 min=1410 max=2908 n=190 to=0 | cancels=0(+0/s) seqbad=0 len_bad=0 disc=0(0x00) | tot_n=3418 tot_to=0 maxever=19474 >2ms=3348 >5ms=201 >15ms=3 >20ms=0 >30ms=0 | probes=3418 wrfail=0 down=0s maxout=0s
t=22s RTT mean=2161 min=1410 max=4406 n=190 to=0 | cancels=0(+0/s) seqbad=0 len_bad=0 disc=0(0x00) | tot_n=3608 tot_to=0 maxever=19474 >2ms=3534 >5ms=201 >15ms=3 >20ms=0 >30ms=0 | probes=3608 wrfail=0 down=0s maxout=0s
t=23s RTT mean=2181 min=1410 max=3658 n=190 to=0 | cancels=0(+0/s) seqbad=0 len_bad=0 disc=0(0x00) | tot_n=3798 tot_to=0 maxever=19474 >2ms=3719 >5ms=201 >15ms=3 >20ms=0 >30ms=0 | probes=3798 wrfail=0 down=0s maxout=0s
t=24s RTT mean=2185 min=1410 max=7405 n=189 to=0 | cancels=0(+0/s) seqbad=0 len_bad=0 disc=0(0x00) | tot_n=3987 tot_to=0 maxever=19474 >2ms=3906 >5ms=202 >15ms=3 >20ms=0 >30ms=0 | probes=3987 wrfail=0 down=0s maxout=0s
t=25s RTT mean=2649 min=1410 max=5918 n=174 to=0 | cancels=0(+0/s) seqbad=0 len_bad=0 disc=0(0x00) | tot_n=4161 tot_to=0 maxever=19474 >2ms=4077 >5ms=206 >15ms=3 >20ms=0 >30ms=0 | probes=4162 wrfail=0 down=0s maxout=0s
t=26s RTT mean=2146 min=1410 max=2908 n=191 to=0 | cancels=0(+0/s) seqbad=0 len_bad=0 disc=0(0x00) | tot_n=4352 tot_to=0 maxever=19474 >2ms=4264 >5ms=206 >15ms=3 >20ms=0 >30ms=0 | probes=4353 wrfail=0 down=0s maxout=0s
t=27s RTT mean=2146 min=1410 max=2908 n=191 to=0 | cancels=0(+0/s) seqbad=0 len_bad=0 disc=0(0x00) | tot_n=4543 tot_to=0 maxever=19474 >2ms=4451 >5ms=206 >15ms=3 >20ms=0 >30ms=0 | probes=4544 wrfail=0 down=0s maxout=0s
t=28s RTT mean=2145 min=1410 max=2908 n=191 to=0 | cancels=0(+0/s) seqbad=0 len_bad=0 disc=0(0x00) | tot_n=4734 tot_to=0 maxever=19474 >2ms=4638 >5ms=206 >15ms=3 >20ms=0 >30ms=0 | probes=4734 wrfail=0 down=0s maxout=0s
t=29s RTT mean=2145 min=1410 max=2169 n=191 to=0 | cancels=0(+0/s) seqbad=0 len_bad=0 disc=0(0x00) | tot_n=4925 tot_to=0 maxever=19474 >2ms=4826 >5ms=206 >15ms=3 >20ms=0 >30ms=0 | probes=4925 wrfail=0 down=0s maxout=0s
t=30s RTT mean=2145 min=1409 max=2159 n=191 to=0 | cancels=0(+0/s) seqbad=0 len_bad=0 disc=0(0x00) | tot_n=5116 tot_to=0 maxever=19474 >2ms=5014 >5ms=206 >15ms=3 >20ms=0 >30ms=0 | probes=5116 wrfail=0 down=0s maxout=0s
t=31s RTT mean=2146 min=1409 max=2907 n=191 to=0 | cancels=0(+0/s) seqbad=0 len_bad=0 disc=0(0x00) | tot_n=5307 tot_to=0 maxever=19474 >2ms=5201 >5ms=206 >15ms=3 >20ms=0 >30ms=0 | probes=5307 wrfail=0 down=0s maxout=0s
t=32s RTT mean=2142 min=1410 max=2159 n=191 to=0 | cancels=0(+0/s) seqbad=0 len_bad=0 disc=0(0x00) | tot_n=5498 tot_to=0 maxever=19474 >2ms=5388 >5ms=206 >15ms=3 >20ms=0 >30ms=0 | probes=5498 wrfail=0 down=0s maxout=0s
t=33s RTT mean=2146 min=1409 max=2905 n=191 to=0 | cancels=0(+0/s) seqbad=0 len_bad=0 disc=0(0x00) | tot_n=5689 tot_to=0 maxever=19474 >2ms=5575 >5ms=206 >15ms=3 >20ms=0 >30ms=0 | probes=5689 wrfail=0 down=0s maxout=0s
t=34s RTT mean=2145 min=1410 max=2908 n=191 to=0 | cancels=0(+0/s) seqbad=0 len_bad=0 disc=0(0x00) | tot_n=5880 tot_to=0 maxever=19474 >2ms=5762 >5ms=206 >15ms=3 >20ms=0 >30ms=0 | probes=5880 wrfail=0 down=0s maxout=0s
t=35s RTT mean=2146 min=1410 max=2908 n=191 to=0 | cancels=0(+0/s) seqbad=0 len_bad=0 disc=0(0x00) | tot_n=6071 tot_to=0 maxever=19474 >2ms=5949 >5ms=206 >15ms=3 >20ms=0 >30ms=0 | probes=6071 wrfail=0 down=0s maxout=0s
t=36s RTT mean=2142 min=1410 max=2159 n=191 to=0 | cancels=0(+0/s) seqbad=0 len_bad=0 disc=0(0x00) | tot_n=6262 tot_to=0 maxever=19474 >2ms=6136 >5ms=206 >15ms=3 >20ms=0 >30ms=0 | probes=6262 wrfail=0 down=0s maxout=0s
t=37s RTT mean=2146 min=1410 max=2908 n=191 to=0 | cancels=0(+0/s) seqbad=0 len_bad=0 disc=0(0x00) | tot_n=6453 tot_to=0 maxever=19474 >2ms=6323 >5ms=206 >15ms=3 >20ms=0 >30ms=0 | probes=6453 wrfail=0 down=0s maxout=0s
t=38s RTT mean=2141 min=1410 max=2159 n=191 to=0 | cancels=0(+0/s) seqbad=0 len_bad=0 disc=0(0x00) | tot_n=6644 tot_to=0 maxever=19474 >2ms=6510 >5ms=206 >15ms=3 >20ms=0 >30ms=0 | probes=6644 wrfail=0 down=0s maxout=0s
t=39s RTT mean=2146 min=1410 max=2908 n=191 to=0 | cancels=0(+0/s) seqbad=0 len_bad=0 disc=0(0x00) | tot_n=6835 tot_to=0 maxever=19474 >2ms=6696 >5ms=206 >15ms=3 >20ms=0 >30ms=0 | probes=6835 wrfail=0 down=0s maxout=0s
t=40s RTT mean=2149 min=1410 max=2908 n=191 to=0 | cancels=0(+0/s) seqbad=0 len_bad=0 disc=0(0x00) | tot_n=7026 tot_to=0 maxever=19474 >2ms=6883 >5ms=206 >15ms=3 >20ms=0 >30ms=0 | probes=7026 wrfail=0 down=0s maxout=0s
t=41s RTT mean=2173 min=1410 max=3655 n=190 to=0 | cancels=0(+0/s) seqbad=0 len_bad=0 disc=0(0x00) | tot_n=7216 tot_to=0 maxever=19474 >2ms=7069 >5ms=206 >15ms=3 >20ms=0 >30ms=0 | probes=7216 wrfail=0 down=0s maxout=0s
t=42s RTT mean=2205 min=1410 max=3658 n=188 to=0 | cancels=0(+0/s) seqbad=0 len_bad=0 disc=0(0x00) | tot_n=7404 tot_to=0 maxever=19474 >2ms=7254 >5ms=206 >15ms=3 >20ms=0 >30ms=0 | probes=7405 wrfail=0 down=0s maxout=0s
t=43s RTT mean=2185 min=1409 max=3658 n=190 to=0 | cancels=0(+0/s) seqbad=0 len_bad=0 disc=0(0x00) | tot_n=7594 tot_to=0 maxever=19474 >2ms=7439 >5ms=206 >15ms=3 >20ms=0 >30ms=0 | probes=7594 wrfail=0 down=0s maxout=0s
t=44s RTT mean=2173 min=1410 max=2908 n=190 to=0 | cancels=0(+0/s) seqbad=0 len_bad=0 disc=0(0x00) | tot_n=7784 tot_to=0 maxever=19474 >2ms=7625 >5ms=206 >15ms=3 >20ms=0 >30ms=0 | probes=7784 wrfail=0 down=0s maxout=0s
t=45s RTT mean=2169 min=1410 max=2918 n=190 to=0 | cancels=0(+0/s) seqbad=0 len_bad=0 disc=0(0x00) | tot_n=7974 tot_to=0 maxever=19474 >2ms=7811 >5ms=206 >15ms=3 >20ms=0 >30ms=0 | probes=7974 wrfail=0 down=0s maxout=0s
t=46s RTT mean=2165 min=1410 max=2908 n=190 to=0 | cancels=0(+0/s) seqbad=0 len_bad=0 disc=0(0x00) | tot_n=8164 tot_to=0 maxever=19474 >2ms=7997 >5ms=206 >15ms=3 >20ms=0 >30ms=0 | probes=8164 wrfail=0 down=0s maxout=0s
t=47s RTT mean=2157 min=1410 max=2908 n=191 to=0 | cancels=0(+0/s) seqbad=0 len_bad=0 disc=0(0x00) | tot_n=8355 tot_to=0 maxever=19474 >2ms=8184 >5ms=206 >15ms=3 >20ms=0 >30ms=0 | probes=8355 wrfail=0 down=0s maxout=0s
t=48s RTT mean=2165 min=1410 max=2909 n=190 to=0 | cancels=0(+0/s) seqbad=0 len_bad=0 disc=0(0x00) | tot_n=8545 tot_to=0 maxever=19474 >2ms=8371 >5ms=206 >15ms=3 >20ms=0 >30ms=0 | probes=8545 wrfail=0 down=0s maxout=0s
t=49s RTT mean=2213 min=1410 max=3658 n=188 to=0 | cancels=0(+0/s) seqbad=0 len_bad=0 disc=0(0x00) | tot_n=8733 tot_to=0 maxever=19474 >2ms=8557 >5ms=206 >15ms=3 >20ms=0 >30ms=0 | probes=8734 wrfail=0 down=0s maxout=0s
t=50s RTT mean=2153 min=1410 max=2908 n=191 to=0 | cancels=0(+0/s) seqbad=0 len_bad=0 disc=0(0x00) | tot_n=8924 tot_to=0 maxever=19474 >2ms=8743 >5ms=206 >15ms=3 >20ms=0 >30ms=0 | probes=8924 wrfail=0 down=0s maxout=0s
t=51s RTT mean=2173 min=1410 max=2908 n=190 to=0 | cancels=0(+0/s) seqbad=0 len_bad=0 disc=0(0x00) | tot_n=9114 tot_to=0 maxever=19474 >2ms=8929 >5ms=206 >15ms=3 >20ms=0 >30ms=0 | probes=9114 wrfail=0 down=0s maxout=0s
t=52s RTT mean=2169 min=1410 max=2908 n=190 to=0 | cancels=0(+0/s) seqbad=0 len_bad=0 disc=0(0x00) | tot_n=9304 tot_to=0 maxever=19474 >2ms=9116 >5ms=206 >15ms=3 >20ms=0 >30ms=0 | probes=9304 wrfail=0 down=0s maxout=0s
t=53s RTT mean=2165 min=1410 max=2909 n=190 to=0 | cancels=0(+0/s) seqbad=0 len_bad=0 disc=0(0x00) | tot_n=9494 tot_to=0 maxever=19474 >2ms=9302 >5ms=206 >15ms=3 >20ms=0 >30ms=0 | probes=9495 wrfail=0 down=0s maxout=0s
t=54s RTT mean=2205 min=1409 max=3658 n=189 to=0 | cancels=0(+0/s) seqbad=0 len_bad=0 disc=0(0x00) | tot_n=9683 tot_to=0 maxever=19474 >2ms=9487 >5ms=206 >15ms=3 >20ms=0 >30ms=0 | probes=9683 wrfail=0 down=0s maxout=0s
t=55s RTT mean=2205 min=1410 max=3655 n=189 to=0 | cancels=0(+0/s) seqbad=0 len_bad=0 disc=0(0x00) | tot_n=9872 tot_to=0 maxever=19474 >2ms=9672 >5ms=206 >15ms=3 >20ms=0 >30ms=0 | probes=9872 wrfail=0 down=0s maxout=0s
t=56s RTT mean=2205 min=1410 max=2908 n=189 to=0 | cancels=0(+0/s) seqbad=0 len_bad=0 disc=0(0x00) | tot_n=10061 tot_to=0 maxever=19474 >2ms=9857 >5ms=206 >15ms=3 >20ms=0 >30ms=0 | probes=10061 wrfail=0 down=0s maxout=0s
t=57s RTT mean=2181 min=1410 max=2918 n=189 to=0 | cancels=0(+0/s) seqbad=0 len_bad=0 disc=0(0x00) | tot_n=10250 tot_to=0 maxever=19474 >2ms=10042 >5ms=206 >15ms=3 >20ms=0 >30ms=0 | probes=10251 wrfail=0 down=0s maxout=0s
t=58s RTT mean=2173 min=1410 max=3656 n=190 to=0 | cancels=0(+0/s) seqbad=0 len_bad=0 disc=0(0x00) | tot_n=10440 tot_to=0 maxever=19474 >2ms=10228 >5ms=206 >15ms=3 >20ms=0 >30ms=0 | probes=10441 wrfail=0 down=0s maxout=0s
t=59s RTT mean=2181 min=1410 max=3655 n=190 to=0 | cancels=0(+0/s) seqbad=0 len_bad=0 disc=0(0x00) | tot_n=10630 tot_to=0 maxever=19474 >2ms=10413 >5ms=206 >15ms=3 >20ms=0 >30ms=0 | probes=10630 wrfail=0 down=0s maxout=0s
t=60s RTT mean=2157 min=1410 max=2908 n=190 to=0 | cancels=0(+0/s) seqbad=0 len_bad=0 disc=0(0x00) | tot_n=10820 tot_to=0 maxever=19474 >2ms=10598 >5ms=206 >15ms=3 >20ms=0 >30ms=0 | probes=10821 wrfail=0 down=0s maxout=0s
t=61s RTT mean=2169 min=1410 max=2908 n=190 to=0 | cancels=0(+0/s) seqbad=0 len_bad=0 disc=0(0x00) | tot_n=11010 tot_to=0 maxever=19474 >2ms=10785 >5ms=206 >15ms=3 >20ms=0 >30ms=0 | probes=11011 wrfail=0 down=0s maxout=0s
t=62s RTT mean=2185 min=1410 max=2908 n=190 to=0 | cancels=0(+0/s) seqbad=0 len_bad=0 disc=0(0x00) | tot_n=11200 tot_to=0 maxever=19474 >2ms=10973 >5ms=206 >15ms=3 >20ms=0 >30ms=0 | probes=11200 wrfail=0 down=0s maxout=0s
t=63s RTT mean=2174 min=1410 max=3658 n=190 to=0 | cancels=0(+0/s) seqbad=0 len_bad=0 disc=0(0x00) | tot_n=11390 tot_to=0 maxever=19474 >2ms=11159 >5ms=206 >15ms=3 >20ms=0 >30ms=0 | probes=11390 wrfail=0 down=0s maxout=0s
t=64s RTT mean=2193 min=1410 max=3657 n=189 to=0 | cancels=0(+0/s) seqbad=0 len_bad=0 disc=0(0x00) | tot_n=11579 tot_to=0 maxever=19474 >2ms=11345 >5ms=206 >15ms=3 >20ms=0 >30ms=0 | probes=11580 wrfail=0 down=0s maxout=0s
t=65s RTT mean=2177 min=1410 max=2917 n=190 to=0 | cancels=0(+0/s) seqbad=0 len_bad=0 disc=0(0x00) | tot_n=11769 tot_to=0 maxever=19474 >2ms=11531 >5ms=206 >15ms=3 >20ms=0 >30ms=0 | probes=11769 wrfail=0 down=0s maxout=0s
t=66s RTT mean=2193 min=1410 max=2910 n=189 to=0 | cancels=0(+0/s) seqbad=0 len_bad=0 disc=0(0x00) | tot_n=11958 tot_to=0 maxever=19474 >2ms=11717 >5ms=206 >15ms=3 >20ms=0 >30ms=0 | probes=11959 wrfail=0 down=0s maxout=0s
t=67s RTT mean=2181 min=1409 max=3656 n=190 to=0 | cancels=0(+0/s) seqbad=0 len_bad=0 disc=0(0x00) | tot_n=12148 tot_to=0 maxever=19474 >2ms=11902 >5ms=206 >15ms=3 >20ms=0 >30ms=0 | probes=12148 wrfail=0 down=0s maxout=0s
t=68s RTT mean=2173 min=1410 max=2908 n=190 to=0 | cancels=0(+0/s) seqbad=0 len_bad=0 disc=0(0x00) | tot_n=12338 tot_to=0 maxever=19474 >2ms=12088 >5ms=206 >15ms=3 >20ms=0 >30ms=0 | probes=12338 wrfail=0 down=0s maxout=0s
t=69s RTT mean=2158 min=1410 max=2908 n=190 to=0 | cancels=0(+0/s) seqbad=0 len_bad=0 disc=0(0x00) | tot_n=12528 tot_to=0 maxever=19474 >2ms=12275 >5ms=206 >15ms=3 >20ms=0 >30ms=0 | probes=12529 wrfail=0 down=0s maxout=0s
t=70s RTT mean=2185 min=1410 max=2908 n=190 to=0 | cancels=0(+0/s) seqbad=0 len_bad=0 disc=0(0x00) | tot_n=12718 tot_to=0 maxever=19474 >2ms=12460 >5ms=206 >15ms=3 >20ms=0 >30ms=0 | probes=12718 wrfail=0 down=0s maxout=0s
t=71s RTT mean=2193 min=1410 max=2918 n=189 to=0 | cancels=0(+0/s) seqbad=0 len_bad=0 disc=0(0x00) | tot_n=12907 tot_to=0 maxever=19474 >2ms=12645 >5ms=206 >15ms=3 >20ms=0 >30ms=0 | probes=12907 wrfail=0 down=0s maxout=0s
t=72s RTT mean=2169 min=1410 max=2907 n=190 to=0 | cancels=0(+0/s) seqbad=0 len_bad=0 disc=0(0x00) | tot_n=13097 tot_to=0 maxever=19474 >2ms=12831 >5ms=206 >15ms=3 >20ms=0 >30ms=0 | probes=13097 wrfail=0 down=0s maxout=0s
t=73s RTT mean=2158 min=1410 max=2908 n=191 to=0 | cancels=0(+0/s) seqbad=0 len_bad=0 disc=0(0x00) | tot_n=13288 tot_to=0 maxever=19474 >2ms=13017 >5ms=206 >15ms=3 >20ms=0 >30ms=0 | probes=13288 wrfail=0 down=0s maxout=0s
t=74s RTT mean=2165 min=1410 max=2908 n=190 to=0 | cancels=0(+0/s) seqbad=0 len_bad=0 disc=0(0x00) | tot_n=13478 tot_to=0 maxever=19474 >2ms=13202 >5ms=206 >15ms=3 >20ms=0 >30ms=0 | probes=13478 wrfail=0 down=0s maxout=0s
t=75s RTT mean=2162 min=1410 max=2918 n=190 to=0 | cancels=0(+0/s) seqbad=0 len_bad=0 disc=0(0x00) | tot_n=13668 tot_to=0 maxever=19474 >2ms=13388 >5ms=206 >15ms=3 >20ms=0 >30ms=0 | probes=13669 wrfail=0 down=0s maxout=0s
t=76s RTT mean=2153 min=1410 max=2908 n=191 to=0 | cancels=0(+0/s) seqbad=0 len_bad=0 disc=0(0x00) | tot_n=13859 tot_to=0 maxever=19474 >2ms=13574 >5ms=206 >15ms=3 >20ms=0 >30ms=0 | probes=13859 wrfail=0 down=0s maxout=0s
t=77s RTT mean=2161 min=1410 max=2916 n=190 to=0 | cancels=0(+0/s) seqbad=0 len_bad=0 disc=0(0x00) | tot_n=14049 tot_to=0 maxever=19474 >2ms=13761 >5ms=206 >15ms=3 >20ms=0 >30ms=0 | probes=14050 wrfail=0 down=0s maxout=0s
t=78s RTT mean=2185 min=1410 max=2909 n=190 to=0 | cancels=0(+0/s) seqbad=0 len_bad=0 disc=0(0x00) | tot_n=14239 tot_to=0 maxever=19474 >2ms=13946 >5ms=206 >15ms=3 >20ms=0 >30ms=0 | probes=14239 wrfail=0 down=0s maxout=0s
t=79s RTT mean=2197 min=1410 max=2912 n=189 to=0 | cancels=0(+0/s) seqbad=0 len_bad=0 disc=0(0x00) | tot_n=14428 tot_to=0 maxever=19474 >2ms=14131 >5ms=206 >15ms=3 >20ms=0 >30ms=0 | probes=14428 wrfail=0 down=0s maxout=0s
t=80s RTT mean=2225 min=1409 max=5156 n=188 to=0 | cancels=0(+0/s) seqbad=0 len_bad=0 disc=0(0x00) | tot_n=14616 tot_to=0 maxever=19474 >2ms=14315 >5ms=207 >15ms=3 >20ms=0 >30ms=0 | probes=14616 wrfail=0 down=0s maxout=0s
t=81s RTT mean=2375 min=1409 max=4408 n=183 to=0 | cancels=0(+0/s) seqbad=0 len_bad=0 disc=0(0x00) | tot_n=14799 tot_to=0 maxever=19474 >2ms=14494 >5ms=207 >15ms=3 >20ms=0 >30ms=0 | probes=14799 wrfail=0 down=0s maxout=0s
t=82s RTT mean=2319 min=1410 max=5906 n=185 to=0 | cancels=0(+0/s) seqbad=0 len_bad=0 disc=0(0x00) | tot_n=14984 tot_to=0 maxever=19474 >2ms=14677 >5ms=210 >15ms=3 >20ms=0 >30ms=0 | probes=14984 wrfail=0 down=0s maxout=0s
t=83s RTT mean=2234 min=1410 max=4408 n=187 to=0 | cancels=0(+0/s) seqbad=0 len_bad=0 disc=0(0x00) | tot_n=15171 tot_to=0 maxever=19474 >2ms=14860 >5ms=210 >15ms=3 >20ms=0 >30ms=0 | probes=15172 wrfail=0 down=0s maxout=0s
t=84s RTT mean=2273 min=1410 max=5908 n=187 to=0 | cancels=0(+0/s) seqbad=0 len_bad=0 disc=0(0x00) | tot_n=15358 tot_to=0 maxever=19474 >2ms=15042 >5ms=212 >15ms=3 >20ms=0 >30ms=0 | probes=15358 wrfail=0 down=0s maxout=0s
t=85s RTT mean=2283 min=1410 max=5158 n=186 to=0 | cancels=0(+0/s) seqbad=0 len_bad=0 disc=0(0x00) | tot_n=15544 tot_to=0 maxever=19474 >2ms=15225 >5ms=213 >15ms=3 >20ms=0 >30ms=0 | probes=15544 wrfail=0 down=0s maxout=0s
t=86s RTT mean=2299 min=1410 max=5155 n=185 to=0 | cancels=0(+0/s) seqbad=0 len_bad=0 disc=0(0x00) | tot_n=15729 tot_to=0 maxever=19474 >2ms=15407 >5ms=214 >15ms=3 >20ms=0 >30ms=0 | probes=15730 wrfail=0 down=0s maxout=0s
t=87s RTT mean=2299 min=1410 max=6657 n=186 to=0 | cancels=0(+0/s) seqbad=0 len_bad=0 disc=0(0x00) | tot_n=15915 tot_to=0 maxever=19474 >2ms=15590 >5ms=217 >15ms=3 >20ms=0 >30ms=0 | probes=15915 wrfail=0 down=0s maxout=0s
t=88s RTT mean=2303 min=1410 max=5158 n=185 to=0 | cancels=0(+0/s) seqbad=0 len_bad=0 disc=0(0x00) | tot_n=16100 tot_to=0 maxever=19474 >2ms=15772 >5ms=219 >15ms=3 >20ms=0 >30ms=0 | probes=16101 wrfail=0 down=0s maxout=0s
t=89s RTT mean=2241 min=1409 max=4405 n=188 to=0 | cancels=0(+0/s) seqbad=0 len_bad=0 disc=0(0x00) | tot_n=16288 tot_to=0 maxever=19474 >2ms=15955 >5ms=219 >15ms=3 >20ms=0 >30ms=0 | probes=16288 wrfail=0 down=0s maxout=0s
t=90s RTT mean=2286 min=1409 max=4408 n=186 to=0 | cancels=0(+0/s) seqbad=0 len_bad=0 disc=0(0x00) | tot_n=16474 tot_to=0 maxever=19474 >2ms=16139 >5ms=219 >15ms=3 >20ms=0 >30ms=0 | probes=16474 wrfail=0 down=0s maxout=0s
t=91s RTT mean=2221 min=1409 max=4407 n=188 to=0 | cancels=0(+0/s) seqbad=0 len_bad=0 disc=0(0x00) | tot_n=16662 tot_to=0 maxever=19474 >2ms=16323 >5ms=219 >15ms=3 >20ms=0 >30ms=0 | probes=16662 wrfail=0 down=0s maxout=0s
t=92s RTT mean=2229 min=1410 max=4407 n=188 to=0 | cancels=0(+0/s) seqbad=0 len_bad=0 disc=0(0x00) | tot_n=16850 tot_to=0 maxever=19474 >2ms=16507 >5ms=219 >15ms=3 >20ms=0 >30ms=0 | probes=16850 wrfail=0 down=0s maxout=0s
t=93s RTT mean=2242 min=1410 max=3658 n=187 to=0 | cancels=0(+0/s) seqbad=0 len_bad=0 disc=0(0x00) | tot_n=17037 tot_to=0 maxever=19474 >2ms=16693 >5ms=219 >15ms=3 >20ms=0 >30ms=0 | probes=17038 wrfail=0 down=0s maxout=0s
t=94s RTT mean=2173 min=1410 max=2908 n=190 to=0 | cancels=0(+0/s) seqbad=0 len_bad=0 disc=0(0x00) | tot_n=17227 tot_to=0 maxever=19474 >2ms=16880 >5ms=219 >15ms=3 >20ms=0 >30ms=0 | probes=17228 wrfail=0 down=0s maxout=0s
t=95s RTT mean=2205 min=1410 max=3656 n=189 to=0 | cancels=0(+0/s) seqbad=0 len_bad=0 disc=0(0x00) | tot_n=17416 tot_to=0 maxever=19474 >2ms=17065 >5ms=219 >15ms=3 >20ms=0 >30ms=0 | probes=17416 wrfail=0 down=0s maxout=0s
t=96s RTT mean=2201 min=1410 max=2910 n=189 to=0 | cancels=0(+0/s) seqbad=0 len_bad=0 disc=0(0x00) | tot_n=17605 tot_to=0 maxever=19474 >2ms=17250 >5ms=219 >15ms=3 >20ms=0 >30ms=0 | probes=17605 wrfail=0 down=0s maxout=0s
t=97s RTT mean=2177 min=1410 max=2907 n=190 to=0 | cancels=0(+0/s) seqbad=0 len_bad=0 disc=0(0x00) | tot_n=17795 tot_to=0 maxever=19474 >2ms=17436 >5ms=219 >15ms=3 >20ms=0 >30ms=0 | probes=17795 wrfail=0 down=0s maxout=0s
t=98s RTT mean=2197 min=1410 max=3659 n=189 to=0 | cancels=0(+0/s) seqbad=0 len_bad=0 disc=0(0x00) | tot_n=17984 tot_to=0 maxever=19474 >2ms=17621 >5ms=219 >15ms=3 >20ms=0 >30ms=0 | probes=17984 wrfail=0 down=0s maxout=0s
t=99s RTT mean=2173 min=1410 max=2917 n=190 to=0 | cancels=0(+0/s) seqbad=0 len_bad=0 disc=0(0x00) | tot_n=18174 tot_to=0 maxever=19474 >2ms=17806 >5ms=219 >15ms=3 >20ms=0 >30ms=0 | probes=18174 wrfail=0 down=0s maxout=0s
t=100s RTT mean=2197 min=1410 max=4406 n=189 to=0 | cancels=0(+0/s) seqbad=0 len_bad=0 disc=0(0x00) | tot_n=18363 tot_to=0 maxever=19474 >2ms=17992 >5ms=219 >15ms=3 >20ms=0 >30ms=0 | probes=18363 wrfail=0 down=0s maxout=0s
t=101s RTT mean=2170 min=1410 max=2916 n=190 to=0 | cancels=0(+0/s) seqbad=0 len_bad=0 disc=0(0x00) | tot_n=18553 tot_to=0 maxever=19474 >2ms=18178 >5ms=219 >15ms=3 >20ms=0 >30ms=0 | probes=18553 wrfail=0 down=0s maxout=0s
t=102s RTT mean=2193 min=1409 max=3657 n=189 to=0 | cancels=0(+0/s) seqbad=0 len_bad=0 disc=0(0x00) | tot_n=18742 tot_to=0 maxever=19474 >2ms=18363 >5ms=219 >15ms=3 >20ms=0 >30ms=0 | probes=18743 wrfail=0 down=0s maxout=0s
t=103s RTT mean=2209 min=1409 max=2918 n=189 to=0 | cancels=0(+0/s) seqbad=0 len_bad=0 disc=0(0x00) | tot_n=18931 tot_to=0 maxever=19474 >2ms=18547 >5ms=219 >15ms=3 >20ms=0 >30ms=0 | probes=18931 wrfail=0 down=0s maxout=0s
t=104s RTT mean=2173 min=1410 max=2908 n=190 to=0 | cancels=0(+0/s) seqbad=0 len_bad=0 disc=0(0x00) | tot_n=19121 tot_to=0 maxever=19474 >2ms=18733 >5ms=219 >15ms=3 >20ms=0 >30ms=0 | probes=19121 wrfail=0 down=0s maxout=0s
t=105s RTT mean=2166 min=1410 max=2915 n=190 to=0 | cancels=0(+0/s) seqbad=0 len_bad=0 disc=0(0x00) | tot_n=19311 tot_to=0 maxever=19474 >2ms=18919 >5ms=219 >15ms=3 >20ms=0 >30ms=0 | probes=19311 wrfail=0 down=0s maxout=0s
t=106s RTT mean=2173 min=1410 max=2908 n=190 to=0 | cancels=0(+0/s) seqbad=0 len_bad=0 disc=0(0x00) | tot_n=19501 tot_to=0 maxever=19474 >2ms=19105 >5ms=219 >15ms=3 >20ms=0 >30ms=0 | probes=19501 wrfail=0 down=0s maxout=0s
t=107s RTT mean=2181 min=1410 max=2918 n=190 to=0 | cancels=0(+0/s) seqbad=0 len_bad=0 disc=0(0x00) | tot_n=19691 tot_to=0 maxever=19474 >2ms=19291 >5ms=219 >15ms=3 >20ms=0 >30ms=0 | probes=19691 wrfail=0 down=0s maxout=0s
t=108s RTT mean=2189 min=1409 max=2908 n=189 to=0 | cancels=0(+0/s) seqbad=0 len_bad=0 disc=0(0x00) | tot_n=19880 tot_to=0 maxever=19474 >2ms=19477 >5ms=219 >15ms=3 >20ms=0 >30ms=0 | probes=19880 wrfail=0 down=0s maxout=0s
t=109s RTT mean=2174 min=1410 max=2909 n=190 to=0 | cancels=0(+0/s) seqbad=0 len_bad=0 disc=0(0x00) | tot_n=20070 tot_to=0 maxever=19474 >2ms=19662 >5ms=219 >15ms=3 >20ms=0 >30ms=0 | probes=20070 wrfail=0 down=0s maxout=0s
t=110s RTT mean=2169 min=1410 max=2909 n=190 to=0 | cancels=0(+0/s) seqbad=0 len_bad=0 disc=0(0x00) | tot_n=20260 tot_to=0 maxever=19474 >2ms=19849 >5ms=219 >15ms=3 >20ms=0 >30ms=0 | probes=20260 wrfail=0 down=0s maxout=0s
t=111s RTT mean=2178 min=1410 max=2908 n=190 to=0 | cancels=0(+0/s) seqbad=0 len_bad=0 disc=0(0x00) | tot_n=20450 tot_to=0 maxever=19474 >2ms=20035 >5ms=219 >15ms=3 >20ms=0 >30ms=0 | probes=20450 wrfail=0 down=0s maxout=0s
t=112s RTT mean=2197 min=1410 max=4405 n=189 to=0 | cancels=0(+0/s) seqbad=0 len_bad=0 disc=0(0x00) | tot_n=20639 tot_to=0 maxever=19474 >2ms=20219 >5ms=219 >15ms=3 >20ms=0 >30ms=0 | probes=20639 wrfail=0 down=0s maxout=0s
t=113s RTT mean=2189 min=1410 max=4405 n=189 to=0 | cancels=0(+0/s) seqbad=0 len_bad=0 disc=0(0x00) | tot_n=20828 tot_to=0 maxever=19474 >2ms=20404 >5ms=219 >15ms=3 >20ms=0 >30ms=0 | probes=20829 wrfail=0 down=0s maxout=0s
t=114s RTT mean=2181 min=1410 max=3655 n=190 to=0 | cancels=0(+0/s) seqbad=0 len_bad=0 disc=0(0x00) | tot_n=21018 tot_to=0 maxever=19474 >2ms=20590 >5ms=219 >15ms=3 >20ms=0 >30ms=0 | probes=21018 wrfail=0 down=0s maxout=0s
t=115s RTT mean=2173 min=1410 max=3658 n=190 to=0 | cancels=0(+0/s) seqbad=0 len_bad=0 disc=0(0x00) | tot_n=21208 tot_to=0 maxever=19474 >2ms=20775 >5ms=219 >15ms=3 >20ms=0 >30ms=0 | probes=21208 wrfail=0 down=0s maxout=0s
t=116s RTT mean=2197 min=1410 max=3658 n=189 to=0 | cancels=0(+0/s) seqbad=0 len_bad=0 disc=0(0x00) | tot_n=21397 tot_to=0 maxever=19474 >2ms=20960 >5ms=219 >15ms=3 >20ms=0 >30ms=0 | probes=21397 wrfail=0 down=0s maxout=0s
t=117s RTT mean=2173 min=1410 max=3666 n=190 to=0 | cancels=0(+0/s) seqbad=0 len_bad=0 disc=0(0x00) | tot_n=21587 tot_to=0 maxever=19474 >2ms=21146 >5ms=219 >15ms=3 >20ms=0 >30ms=0 | probes=21587 wrfail=0 down=0s maxout=0s
t=118s RTT mean=2173 min=1410 max=2910 n=190 to=0 | cancels=0(+0/s) seqbad=0 len_bad=0 disc=0(0x00) | tot_n=21777 tot_to=0 maxever=19474 >2ms=21332 >5ms=219 >15ms=3 >20ms=0 >30ms=0 | probes=21777 wrfail=0 down=0s maxout=0s
t=119s RTT mean=2174 min=1409 max=3658 n=190 to=0 | cancels=0(+0/s) seqbad=0 len_bad=0 disc=0(0x00) | tot_n=21967 tot_to=0 maxever=19474 >2ms=21517 >5ms=219 >15ms=3 >20ms=0 >30ms=0 | probes=21967 wrfail=0 down=0s maxout=0s
t=120s RTT mean=2229 min=1410 max=4407 n=188 to=0 | cancels=0(+0/s) seqbad=0 len_bad=0 disc=0(0x00) | tot_n=22155 tot_to=0 maxever=19474 >2ms=21697 >5ms=219 >15ms=3 >20ms=0 >30ms=0 | probes=22155 wrfail=0 down=0s maxout=0s
t=121s RTT mean=2178 min=1410 max=2908 n=189 to=0 | cancels=0(+0/s) seqbad=0 len_bad=0 disc=0(0x00) | tot_n=22344 tot_to=0 maxever=19474 >2ms=21882 >5ms=219 >15ms=3 >20ms=0 >30ms=0 | probes=22345 wrfail=0 down=0s maxout=0s
t=122s RTT mean=2177 min=1410 max=2914 n=190 to=0 | cancels=0(+0/s) seqbad=0 len_bad=0 disc=0(0x00) | tot_n=22534 tot_to=0 maxever=19474 >2ms=22069 >5ms=219 >15ms=3 >20ms=0 >30ms=0 | probes=22535 wrfail=0 down=0s maxout=0s
t=123s RTT mean=2205 min=1410 max=2909 n=189 to=0 | cancels=0(+0/s) seqbad=0 len_bad=0 disc=0(0x00) | tot_n=22723 tot_to=0 maxever=19474 >2ms=22254 >5ms=219 >15ms=3 >20ms=0 >30ms=0 | probes=22723 wrfail=0 down=0s maxout=0s
t=124s RTT mean=2169 min=1410 max=3656 n=190 to=0 | cancels=0(+0/s) seqbad=0 len_bad=0 disc=0(0x00) | tot_n=22913 tot_to=0 maxever=19474 >2ms=22441 >5ms=219 >15ms=3 >20ms=0 >30ms=0 | probes=22913 wrfail=0 down=0s maxout=0s
t=125s RTT mean=2166 min=1409 max=2908 n=190 to=0 | cancels=0(+0/s) seqbad=0 len_bad=0 disc=0(0x00) | tot_n=23103 tot_to=0 maxever=19474 >2ms=22627 >5ms=219 >15ms=3 >20ms=0 >30ms=0 | probes=23104 wrfail=0 down=0s maxout=0s
t=126s RTT mean=2177 min=1409 max=3655 n=190 to=0 | cancels=0(+0/s) seqbad=0 len_bad=0 disc=0(0x00) | tot_n=23293 tot_to=0 maxever=19474 >2ms=22813 >5ms=219 >15ms=3 >20ms=0 >30ms=0 | probes=23293 wrfail=0 down=0s maxout=0s
t=127s RTT mean=2165 min=1410 max=2908 n=190 to=0 | cancels=0(+0/s) seqbad=0 len_bad=0 disc=0(0x00) | tot_n=23483 tot_to=0 maxever=19474 >2ms=23000 >5ms=219 >15ms=3 >20ms=0 >30ms=0 | probes=23484 wrfail=0 down=0s maxout=0s
t=128s RTT mean=2169 min=1410 max=2908 n=190 to=0 | cancels=0(+0/s) seqbad=0 len_bad=0 disc=0(0x00) | tot_n=23673 tot_to=0 maxever=19474 >2ms=23186 >5ms=219 >15ms=3 >20ms=0 >30ms=0 | probes=23674 wrfail=0 down=0s maxout=0s
t=129s RTT mean=2165 min=1410 max=2908 n=191 to=0 | cancels=0(+0/s) seqbad=0 len_bad=0 disc=0(0x00) | tot_n=23864 tot_to=0 maxever=19474 >2ms=23373 >5ms=219 >15ms=3 >20ms=0 >30ms=0 | probes=23864 wrfail=0 down=0s maxout=0s
t=130s RTT mean=2165 min=1410 max=2908 n=190 to=0 | cancels=0(+0/s) seqbad=0 len_bad=0 disc=0(0x00) | tot_n=24054 tot_to=0 maxever=19474 >2ms=23559 >5ms=219 >15ms=3 >20ms=0 >30ms=0 | probes=24054 wrfail=0 down=0s maxout=0s
t=131s RTT mean=2170 min=1410 max=2908 n=190 to=0 | cancels=0(+0/s) seqbad=0 len_bad=0 disc=0(0x00) | tot_n=24244 tot_to=0 maxever=19474 >2ms=23745 >5ms=219 >15ms=3 >20ms=0 >30ms=0 | probes=24244 wrfail=0 down=0s maxout=0s
t=132s RTT mean=2177 min=1410 max=2909 n=190 to=0 | cancels=0(+0/s) seqbad=0 len_bad=0 disc=0(0x00) | tot_n=24434 tot_to=0 maxever=19474 >2ms=23930 >5ms=219 >15ms=3 >20ms=0 >30ms=0 | probes=24434 wrfail=0 down=0s maxout=0s
t=133s RTT mean=2173 min=1410 max=3658 n=190 to=0 | cancels=0(+0/s) seqbad=0 len_bad=0 disc=0(0x00) | tot_n=24624 tot_to=0 maxever=19474 >2ms=24115 >5ms=219 >15ms=3 >20ms=0 >30ms=0 | probes=24624 wrfail=0 down=0s maxout=0s
t=134s RTT mean=2193 min=1409 max=2908 n=189 to=0 | cancels=0(+0/s) seqbad=0 len_bad=0 disc=0(0x00) | tot_n=24813 tot_to=0 maxever=19474 >2ms=24302 >5ms=219 >15ms=3 >20ms=0 >30ms=0 | probes=24813 wrfail=0 down=0s maxout=0s
t=135s RTT mean=2177 min=1410 max=2918 n=190 to=0 | cancels=0(+0/s) seqbad=0 len_bad=0 disc=0(0x00) | tot_n=25003 tot_to=0 maxever=19474 >2ms=24489 >5ms=219 >15ms=3 >20ms=0 >30ms=0 | probes=25003 wrfail=0 down=0s maxout=0s
t=136s RTT mean=2173 min=1410 max=3657 n=190 to=0 | cancels=0(+0/s) seqbad=0 len_bad=0 disc=0(0x00) | tot_n=25193 tot_to=0 maxever=19474 >2ms=24676 >5ms=219 >15ms=3 >20ms=0 >30ms=0 | probes=25193 wrfail=0 down=0s maxout=0s
t=137s RTT mean=2185 min=1410 max=5907 n=189 to=0 | cancels=0(+0/s) seqbad=0 len_bad=0 disc=0(0x00) | tot_n=25382 tot_to=0 maxever=19474 >2ms=24863 >5ms=220 >15ms=3 >20ms=0 >30ms=0 | probes=25382 wrfail=0 down=0s maxout=0s
t=138s RTT mean=2357 min=1410 max=5906 n=184 to=0 | cancels=0(+0/s) seqbad=0 len_bad=0 disc=0(0x00) | tot_n=25566 tot_to=0 maxever=19474 >2ms=25045 >5ms=221 >15ms=3 >20ms=0 >30ms=0 | probes=25566 wrfail=0 down=0s maxout=0s
t=139s RTT mean=2468 min=1410 max=6658 n=179 to=0 | cancels=0(+0/s) seqbad=0 len_bad=0 disc=0(0x00) | tot_n=25745 tot_to=0 maxever=19474 >2ms=25221 >5ms=228 >15ms=3 >20ms=0 >30ms=0 | probes=25746 wrfail=0 down=0s maxout=0s
t=140s RTT mean=2184 min=1409 max=4408 n=190 to=0 | cancels=0(+0/s) seqbad=0 len_bad=0 disc=0(0x00) | tot_n=25935 tot_to=0 maxever=19474 >2ms=25407 >5ms=228 >15ms=3 >20ms=0 >30ms=0 | probes=25935 wrfail=0 down=0s maxout=0s
t=141s RTT mean=2291 min=1409 max=4418 n=186 to=0 | cancels=0(+0/s) seqbad=0 len_bad=0 disc=0(0x00) | tot_n=26121 tot_to=0 maxever=19474 >2ms=25588 >5ms=228 >15ms=3 >20ms=0 >30ms=0 | probes=26121 wrfail=0 down=0s maxout=0s
t=142s RTT mean=2528 min=1410 max=6655 n=178 to=0 | cancels=0(+0/s) seqbad=0 len_bad=0 disc=0(0x00) | tot_n=26299 tot_to=0 maxever=19474 >2ms=25763 >5ms=233 >15ms=3 >20ms=0 >30ms=0 | probes=26299 wrfail=0 down=0s maxout=0s
t=143s RTT mean=2520 min=1410 max=5909 n=178 to=0 | cancels=0(+0/s) seqbad=0 len_bad=0 disc=0(0x00) | tot_n=26477 tot_to=0 maxever=19474 >2ms=25939 >5ms=237 >15ms=3 >20ms=0 >30ms=0 | probes=26477 wrfail=0 down=0s maxout=0s
t=144s RTT mean=2374 min=1410 max=4408 n=183 to=0 | cancels=0(+0/s) seqbad=0 len_bad=0 disc=0(0x00) | tot_n=26660 tot_to=0 maxever=19474 >2ms=26119 >5ms=237 >15ms=3 >20ms=0 >30ms=0 | probes=26660 wrfail=0 down=0s maxout=0s
t=145s RTT mean=2274 min=1410 max=5168 n=186 to=0 | cancels=0(+0/s) seqbad=0 len_bad=0 disc=0(0x00) | tot_n=26846 tot_to=0 maxever=19474 >2ms=26302 >5ms=238 >15ms=3 >20ms=0 >30ms=0 | probes=26847 wrfail=0 down=0s maxout=0s
t=146s RTT mean=2185 min=1410 max=2908 n=190 to=0 | cancels=0(+0/s) seqbad=0 len_bad=0 disc=0(0x00) | tot_n=27036 tot_to=0 maxever=19474 >2ms=26488 >5ms=238 >15ms=3 >20ms=0 >30ms=0 | probes=27036 wrfail=0 down=0s maxout=0s
t=147s RTT mean=2197 min=1410 max=3655 n=189 to=0 | cancels=0(+0/s) seqbad=0 len_bad=0 disc=0(0x00) | tot_n=27225 tot_to=0 maxever=19474 >2ms=26673 >5ms=238 >15ms=3 >20ms=0 >30ms=0 | probes=27225 wrfail=0 down=0s maxout=0s
t=148s RTT mean=2173 min=1410 max=2908 n=190 to=0 | cancels=0(+0/s) seqbad=0 len_bad=0 disc=0(0x00) | tot_n=27415 tot_to=0 maxever=19474 >2ms=26858 >5ms=238 >15ms=3 >20ms=0 >30ms=0 | probes=27415 wrfail=0 down=0s maxout=0s
t=149s RTT mean=2197 min=1410 max=3658 n=189 to=0 | cancels=0(+0/s) seqbad=0 len_bad=0 disc=0(0x00) | tot_n=27604 tot_to=0 maxever=19474 >2ms=27043 >5ms=238 >15ms=3 >20ms=0 >30ms=0 | probes=27604 wrfail=0 down=0s maxout=0s
t=150s RTT mean=2173 min=1410 max=3658 n=190 to=0 | cancels=0(+0/s) seqbad=0 len_bad=0 disc=0(0x00) | tot_n=27794 tot_to=0 maxever=19474 >2ms=27228 >5ms=238 >15ms=3 >20ms=0 >30ms=0 | probes=27794 wrfail=0 down=0s maxout=0s
t=151s RTT mean=2166 min=1409 max=2918 n=190 to=0 | cancels=0(+0/s) seqbad=0 len_bad=0 disc=0(0x00) | tot_n=27984 tot_to=0 maxever=19474 >2ms=27414 >5ms=238 >15ms=3 >20ms=0 >30ms=0 | probes=27984 wrfail=0 down=0s maxout=0s
t=152s RTT mean=2177 min=1410 max=3657 n=190 to=0 | cancels=0(+0/s) seqbad=0 len_bad=0 disc=0(0x00) | tot_n=28174 tot_to=0 maxever=19474 >2ms=27600 >5ms=238 >15ms=3 >20ms=0 >30ms=0 | probes=28174 wrfail=0 down=0s maxout=0s
t=153s RTT mean=2201 min=1410 max=3658 n=189 to=0 | cancels=0(+0/s) seqbad=0 len_bad=0 disc=0(0x00) | tot_n=28363 tot_to=0 maxever=19474 >2ms=27786 >5ms=238 >15ms=3 >20ms=0 >30ms=0 | probes=28363 wrfail=0 down=0s maxout=0s
t=154s RTT mean=2201 min=1410 max=2908 n=189 to=0 | cancels=0(+0/s) seqbad=0 len_bad=0 disc=0(0x00) | tot_n=28552 tot_to=0 maxever=19474 >2ms=27971 >5ms=238 >15ms=3 >20ms=0 >30ms=0 | probes=28552 wrfail=0 down=0s maxout=0s
t=155s RTT mean=2170 min=1409 max=2917 n=190 to=0 | cancels=0(+0/s) seqbad=0 len_bad=0 disc=0(0x00) | tot_n=28742 tot_to=0 maxever=19474 >2ms=28156 >5ms=238 >15ms=3 >20ms=0 >30ms=0 | probes=28742 wrfail=0 down=0s maxout=0s
t=156s RTT mean=2213 min=1410 max=3658 n=188 to=0 | cancels=0(+0/s) seqbad=0 len_bad=0 disc=0(0x00) | tot_n=28930 tot_to=0 maxever=19474 >2ms=28341 >5ms=238 >15ms=3 >20ms=0 >30ms=0 | probes=28931 wrfail=0 down=0s maxout=0s
t=157s RTT mean=2181 min=1410 max=2917 n=190 to=0 | cancels=0(+0/s) seqbad=0 len_bad=0 disc=0(0x00) | tot_n=29120 tot_to=0 maxever=19474 >2ms=28526 >5ms=238 >15ms=3 >20ms=0 >30ms=0 | probes=29120 wrfail=0 down=0s maxout=0s
t=158s RTT mean=2181 min=1410 max=3658 n=190 to=0 | cancels=0(+0/s) seqbad=0 len_bad=0 disc=0(0x00) | tot_n=29310 tot_to=0 maxever=19474 >2ms=28712 >5ms=238 >15ms=3 >20ms=0 >30ms=0 | probes=29310 wrfail=0 down=0s maxout=0s
t=159s RTT mean=2181 min=1410 max=2909 n=189 to=0 | cancels=0(+0/s) seqbad=0 len_bad=0 disc=0(0x00) | tot_n=29499 tot_to=0 maxever=19474 >2ms=28898 >5ms=238 >15ms=3 >20ms=0 >30ms=0 | probes=29500 wrfail=0 down=0s maxout=0s
t=160s RTT mean=2153 min=1409 max=2907 n=191 to=0 | cancels=0(+0/s) seqbad=0 len_bad=0 disc=0(0x00) | tot_n=29690 tot_to=0 maxever=19474 >2ms=29085 >5ms=238 >15ms=3 >20ms=0 >30ms=0 | probes=29690 wrfail=0 down=0s maxout=0s
t=161s RTT mean=2150 min=1410 max=2908 n=191 to=0 | cancels=0(+0/s) seqbad=0 len_bad=0 disc=0(0x00) | tot_n=29881 tot_to=0 maxever=19474 >2ms=29272 >5ms=238 >15ms=3 >20ms=0 >30ms=0 | probes=29881 wrfail=0 down=0s maxout=0s
t=162s RTT mean=2145 min=1410 max=2905 n=191 to=0 | cancels=0(+0/s) seqbad=0 len_bad=0 disc=0(0x00) | tot_n=30072 tot_to=0 maxever=19474 >2ms=29459 >5ms=238 >15ms=3 >20ms=0 >30ms=0 | probes=30072 wrfail=0 down=0s maxout=0s
t=163s RTT mean=2142 min=1409 max=2908 n=191 to=0 | cancels=0(+0/s) seqbad=0 len_bad=0 disc=0(0x00) | tot_n=30263 tot_to=0 maxever=19474 >2ms=29645 >5ms=238 >15ms=3 >20ms=0 >30ms=0 | probes=30263 wrfail=0 down=0s maxout=0s
t=164s RTT mean=2278 min=1410 max=3658 n=186 to=0 | cancels=0(+0/s) seqbad=0 len_bad=0 disc=0(0x00) | tot_n=30449 tot_to=0 maxever=19474 >2ms=29828 >5ms=238 >15ms=3 >20ms=0 >30ms=0 | probes=30449 wrfail=0 down=0s maxout=0s
t=165s RTT mean=2202 min=1410 max=3668 n=189 to=0 | cancels=0(+0/s) seqbad=0 len_bad=0 disc=0(0x00) | tot_n=30638 tot_to=0 maxever=19474 >2ms=30012 >5ms=238 >15ms=3 >20ms=0 >30ms=0 | probes=30638 wrfail=0 down=0s maxout=0s
t=166s RTT mean=2141 min=1410 max=2159 n=191 to=0 | cancels=0(+0/s) seqbad=0 len_bad=0 disc=0(0x00) | tot_n=30829 tot_to=0 maxever=19474 >2ms=30199 >5ms=238 >15ms=3 >20ms=0 >30ms=0 | probes=30829 wrfail=0 down=0s maxout=0s
t=167s RTT mean=2146 min=1409 max=3656 n=191 to=0 | cancels=0(+0/s) seqbad=0 len_bad=0 disc=0(0x00) | tot_n=31020 tot_to=0 maxever=19474 >2ms=30385 >5ms=238 >15ms=3 >20ms=0 >30ms=0 | probes=31020 wrfail=0 down=0s maxout=0s
t=168s RTT mean=2149 min=1410 max=2909 n=191 to=0 | cancels=0(+0/s) seqbad=0 len_bad=0 disc=0(0x00) | tot_n=31211 tot_to=0 maxever=19474 >2ms=30572 >5ms=238 >15ms=3 >20ms=0 >30ms=0 | probes=31211 wrfail=0 down=0s maxout=0s
t=169s RTT mean=2146 min=1410 max=2907 n=191 to=0 | cancels=0(+0/s) seqbad=0 len_bad=0 disc=0(0x00) | tot_n=31402 tot_to=0 maxever=19474 >2ms=30759 >5ms=238 >15ms=3 >20ms=0 >30ms=0 | probes=31402 wrfail=0 down=0s maxout=0s
t=170s RTT mean=2193 min=1410 max=3658 n=189 to=0 | cancels=0(+0/s) seqbad=0 len_bad=0 disc=0(0x00) | tot_n=31591 tot_to=0 maxever=19474 >2ms=30945 >5ms=238 >15ms=3 >20ms=0 >30ms=0 | probes=31591 wrfail=0 down=0s maxout=0s
t=171s RTT mean=2142 min=1410 max=2169 n=191 to=0 | cancels=0(+0/s) seqbad=0 len_bad=0 disc=0(0x00) | tot_n=31782 tot_to=0 maxever=19474 >2ms=31132 >5ms=238 >15ms=3 >20ms=0 >30ms=0 | probes=31782 wrfail=0 down=0s maxout=0s
t=172s RTT mean=2145 min=1410 max=2908 n=191 to=0 | cancels=0(+0/s) seqbad=0 len_bad=0 disc=0(0x00) | tot_n=31973 tot_to=0 maxever=19474 >2ms=31319 >5ms=238 >15ms=3 >20ms=0 >30ms=0 | probes=31973 wrfail=0 down=0s maxout=0s
t=173s RTT mean=2146 min=1410 max=2168 n=191 to=0 | cancels=0(+0/s) seqbad=0 len_bad=0 disc=0(0x00) | tot_n=32164 tot_to=0 maxever=19474 >2ms=31507 >5ms=238 >15ms=3 >20ms=0 >30ms=0 | probes=32164 wrfail=0 down=0s maxout=0s
t=174s RTT mean=2169 min=1409 max=2908 n=190 to=0 | cancels=0(+0/s) seqbad=0 len_bad=0 disc=0(0x00) | tot_n=32354 tot_to=0 maxever=19474 >2ms=31694 >5ms=238 >15ms=3 >20ms=0 >30ms=0 | probes=32354 wrfail=0 down=0s maxout=0s
t=175s RTT mean=2150 min=1410 max=3656 n=191 to=0 | cancels=0(+0/s) seqbad=0 len_bad=0 disc=0(0x00) | tot_n=32545 tot_to=0 maxever=19474 >2ms=31880 >5ms=238 >15ms=3 >20ms=0 >30ms=0 | probes=32545 wrfail=0 down=0s maxout=0s
t=176s RTT mean=2153 min=1410 max=2908 n=190 to=0 | cancels=0(+0/s) seqbad=0 len_bad=0 disc=0(0x00) | tot_n=32735 tot_to=0 maxever=19474 >2ms=32067 >5ms=238 >15ms=3 >20ms=0 >30ms=0 | probes=32736 wrfail=0 down=0s maxout=0s
t=177s RTT mean=2150 min=1409 max=2908 n=191 to=0 | cancels=0(+0/s) seqbad=0 len_bad=0 disc=0(0x00) | tot_n=32926 tot_to=0 maxever=19474 >2ms=32254 >5ms=238 >15ms=3 >20ms=0 >30ms=0 | probes=32926 wrfail=0 down=0s maxout=0s
t=178s RTT mean=2145 min=1410 max=2159 n=191 to=0 | cancels=0(+0/s) seqbad=0 len_bad=0 disc=0(0x00) | tot_n=33117 tot_to=0 maxever=19474 >2ms=32442 >5ms=238 >15ms=3 >20ms=0 >30ms=0 | probes=33117 wrfail=0 down=0s maxout=0s
t=179s RTT mean=2174 min=1410 max=3658 n=190 to=0 | cancels=0(+0/s) seqbad=0 len_bad=0 disc=0(0x00) | tot_n=33307 tot_to=0 maxever=19474 >2ms=32627 >5ms=238 >15ms=3 >20ms=0 >30ms=0 | probes=33307 wrfail=0 down=0s maxout=0s
t=180s RTT mean=2145 min=1409 max=3656 n=191 to=0 | cancels=0(+0/s) seqbad=0 len_bad=0 disc=0(0x00) | tot_n=33498 tot_to=0 maxever=19474 >2ms=32811 >5ms=238 >15ms=3 >20ms=0 >30ms=0 | probes=33498 wrfail=0 down=0s maxout=0s
t=181s RTT mean=2142 min=1409 max=2169 n=191 to=0 | cancels=0(+0/s) seqbad=0 len_bad=0 disc=0(0x00) | tot_n=33689 tot_to=0 maxever=19474 >2ms=32998 >5ms=238 >15ms=3 >20ms=0 >30ms=0 | probes=33689 wrfail=0 down=0s maxout=0s
t=182s RTT mean=2145 min=1409 max=2908 n=191 to=0 | cancels=0(+0/s) seqbad=0 len_bad=0 disc=0(0x00) | tot_n=33880 tot_to=0 maxever=19474 >2ms=33185 >5ms=238 >15ms=3 >20ms=0 >30ms=0 | probes=33880 wrfail=0 down=0s maxout=0s
t=183s RTT mean=2146 min=1410 max=2908 n=191 to=0 | cancels=0(+0/s) seqbad=0 len_bad=0 disc=0(0x00) | tot_n=34071 tot_to=0 maxever=19474 >2ms=33371 >5ms=238 >15ms=3 >20ms=0 >30ms=0 | probes=34071 wrfail=0 down=0s maxout=0s
t=184s RTT mean=2165 min=1410 max=2909 n=190 to=0 | cancels=0(+0/s) seqbad=0 len_bad=0 disc=0(0x00) | tot_n=34261 tot_to=0 maxever=19474 >2ms=33558 >5ms=238 >15ms=3 >20ms=0 >30ms=0 | probes=34261 wrfail=0 down=0s maxout=0s
t=185s RTT mean=2165 min=1410 max=2910 n=190 to=0 | cancels=0(+0/s) seqbad=0 len_bad=0 disc=0(0x00) | tot_n=34451 tot_to=0 maxever=19474 >2ms=33744 >5ms=238 >15ms=3 >20ms=0 >30ms=0 | probes=34452 wrfail=0 down=0s maxout=0s
t=186s RTT mean=2142 min=1410 max=2159 n=191 to=0 | cancels=0(+0/s) seqbad=0 len_bad=0 disc=0(0x00) | tot_n=34642 tot_to=0 maxever=19474 >2ms=33931 >5ms=238 >15ms=3 >20ms=0 >30ms=0 | probes=34643 wrfail=0 down=0s maxout=0s
t=187s RTT mean=2138 min=1410 max=2168 n=192 to=0 | cancels=0(+0/s) seqbad=0 len_bad=0 disc=0(0x00) | tot_n=34834 tot_to=0 maxever=19474 >2ms=34118 >5ms=238 >15ms=3 >20ms=0 >30ms=0 | probes=34834 wrfail=0 down=0s maxout=0s
t=188s RTT mean=2278 min=1410 max=5158 n=186 to=0 | cancels=0(+0/s) seqbad=0 len_bad=0 disc=0(0x00) | tot_n=35020 tot_to=0 maxever=19474 >2ms=34299 >5ms=241 >15ms=3 >20ms=0 >30ms=0 | probes=35020 wrfail=0 down=0s maxout=0s
t=189s RTT mean=2754 min=1410 max=5158 n=171 to=0 | cancels=0(+0/s) seqbad=0 len_bad=0 disc=0(0x00) | tot_n=35191 tot_to=0 maxever=19474 >2ms=34469 >5ms=243 >15ms=3 >20ms=0 >30ms=0 | probes=35191 wrfail=0 down=0s maxout=0s
t=190s RTT mean=2528 min=1410 max=6655 n=178 to=0 | cancels=0(+0/s) seqbad=0 len_bad=0 disc=0(0x00) | tot_n=35369 tot_to=0 maxever=19474 >2ms=34643 >5ms=246 >15ms=3 >20ms=0 >30ms=0 | probes=35369 wrfail=0 down=0s maxout=0s
t=191s RTT mean=2142 min=1409 max=2169 n=191 to=0 | cancels=0(+0/s) seqbad=0 len_bad=0 disc=0(0x00) | tot_n=35560 tot_to=0 maxever=19474 >2ms=34830 >5ms=246 >15ms=3 >20ms=0 >30ms=0 | probes=35560 wrfail=0 down=0s maxout=0s
t=192s RTT mean=2149 min=1410 max=2908 n=191 to=0 | cancels=0(+0/s) seqbad=0 len_bad=0 disc=0(0x00) | tot_n=35751 tot_to=0 maxever=19474 >2ms=35017 >5ms=246 >15ms=3 >20ms=0 >30ms=0 | probes=35751 wrfail=0 down=0s maxout=0s
t=193s RTT mean=2142 min=1409 max=2908 n=191 to=0 | cancels=0(+0/s) seqbad=0 len_bad=0 disc=0(0x00) | tot_n=35942 tot_to=0 maxever=19474 >2ms=35203 >5ms=246 >15ms=3 >20ms=0 >30ms=0 | probes=35942 wrfail=0 down=0s maxout=0s
t=194s RTT mean=2146 min=1410 max=2908 n=191 to=0 | cancels=0(+0/s) seqbad=0 len_bad=0 disc=0(0x00) | tot_n=36133 tot_to=0 maxever=19474 >2ms=35389 >5ms=246 >15ms=3 >20ms=0 >30ms=0 | probes=36133 wrfail=0 down=0s maxout=0s
t=195s RTT mean=2169 min=1410 max=2909 n=190 to=0 | cancels=0(+0/s) seqbad=0 len_bad=0 disc=0(0x00) | tot_n=36323 tot_to=0 maxever=19474 >2ms=35576 >5ms=246 >15ms=3 >20ms=0 >30ms=0 | probes=36323 wrfail=0 down=0s maxout=0s
t=196s RTT mean=2169 min=1410 max=3658 n=190 to=0 | cancels=0(+0/s) seqbad=0 len_bad=0 disc=0(0x00) | tot_n=36513 tot_to=0 maxever=19474 >2ms=35762 >5ms=246 >15ms=3 >20ms=0 >30ms=0 | probes=36513 wrfail=0 down=0s maxout=0s
t=197s RTT mean=2214 min=1410 max=4405 n=188 to=0 | cancels=0(+0/s) seqbad=0 len_bad=0 disc=0(0x00) | tot_n=36701 tot_to=0 maxever=19474 >2ms=35946 >5ms=246 >15ms=3 >20ms=0 >30ms=0 | probes=36702 wrfail=0 down=0s maxout=0s
t=198s RTT mean=2146 min=1410 max=2906 n=191 to=0 | cancels=0(+0/s) seqbad=0 len_bad=0 disc=0(0x00) | tot_n=36892 tot_to=0 maxever=19474 >2ms=36133 >5ms=246 >15ms=3 >20ms=0 >30ms=0 | probes=36893 wrfail=0 down=0s maxout=0s
t=199s RTT mean=2146 min=1410 max=2907 n=191 to=0 | cancels=0(+0/s) seqbad=0 len_bad=0 disc=0(0x00) | tot_n=37083 tot_to=0 maxever=19474 >2ms=36320 >5ms=246 >15ms=3 >20ms=0 >30ms=0 | probes=37084 wrfail=0 down=0s maxout=0s
t=200s RTT mean=2145 min=1410 max=2908 n=191 to=0 | cancels=0(+0/s) seqbad=0 len_bad=0 disc=0(0x00) | tot_n=37274 tot_to=0 maxever=19474 >2ms=36507 >5ms=246 >15ms=3 >20ms=0 >30ms=0 | probes=37275 wrfail=0 down=0s maxout=0s
t=201s RTT mean=2181 min=1410 max=2918 n=190 to=0 | cancels=0(+0/s) seqbad=0 len_bad=0 disc=0(0x00) | tot_n=37464 tot_to=0 maxever=19474 >2ms=36693 >5ms=246 >15ms=3 >20ms=0 >30ms=0 | probes=37464 wrfail=0 down=0s maxout=0s
t=202s RTT mean=2197 min=1409 max=3658 n=189 to=0 | cancels=0(+0/s) seqbad=0 len_bad=0 disc=0(0x00) | tot_n=37653 tot_to=0 maxever=19474 >2ms=36878 >5ms=246 >15ms=3 >20ms=0 >30ms=0 | probes=37653 wrfail=0 down=0s maxout=0s
t=203s RTT mean=2173 min=1410 max=3657 n=190 to=0 | cancels=0(+0/s) seqbad=0 len_bad=0 disc=0(0x00) | tot_n=37843 tot_to=0 maxever=19474 >2ms=37064 >5ms=246 >15ms=3 >20ms=0 >30ms=0 | probes=37843 wrfail=0 down=0s maxout=0s
t=204s RTT mean=2142 min=1410 max=2908 n=191 to=0 | cancels=0(+0/s) seqbad=0 len_bad=0 disc=0(0x00) | tot_n=38034 tot_to=0 maxever=19474 >2ms=37250 >5ms=246 >15ms=3 >20ms=0 >30ms=0 | probes=38034 wrfail=0 down=0s maxout=0s
t=205s RTT mean=2142 min=1410 max=2169 n=191 to=0 | cancels=0(+0/s) seqbad=0 len_bad=0 disc=0(0x00) | tot_n=38225 tot_to=0 maxever=19474 >2ms=37437 >5ms=246 >15ms=3 >20ms=0 >30ms=0 | probes=38225 wrfail=0 down=0s maxout=0s
t=206s RTT mean=2145 min=1410 max=2159 n=191 to=0 | cancels=0(+0/s) seqbad=0 len_bad=0 disc=0(0x00) | tot_n=38416 tot_to=0 maxever=19474 >2ms=37625 >5ms=246 >15ms=3 >20ms=0 >30ms=0 | probes=38416 wrfail=0 down=0s maxout=0s
t=207s RTT mean=2178 min=1410 max=3658 n=190 to=0 | cancels=0(+0/s) seqbad=0 len_bad=0 disc=0(0x00) | tot_n=38606 tot_to=0 maxever=19474 >2ms=37810 >5ms=246 >15ms=3 >20ms=0 >30ms=0 | probes=38606 wrfail=0 down=0s maxout=0s
t=208s RTT mean=2145 min=1410 max=2908 n=191 to=0 | cancels=0(+0/s) seqbad=0 len_bad=0 disc=0(0x00) | tot_n=38797 tot_to=0 maxever=19474 >2ms=37996 >5ms=246 >15ms=3 >20ms=0 >30ms=0 | probes=38797 wrfail=0 down=0s maxout=0s
t=209s RTT mean=2138 min=1410 max=2169 n=191 to=0 | cancels=0(+0/s) seqbad=0 len_bad=0 disc=0(0x00) | tot_n=38988 tot_to=0 maxever=19474 >2ms=38182 >5ms=246 >15ms=3 >20ms=0 >30ms=0 | probes=38988 wrfail=0 down=0s maxout=0s
t=210s RTT mean=2157 min=1410 max=2910 n=190 to=0 | cancels=0(+0/s) seqbad=0 len_bad=0 disc=0(0x00) | tot_n=39178 tot_to=0 maxever=19474 >2ms=38371 >5ms=246 >15ms=3 >20ms=0 >30ms=0 | probes=39179 wrfail=0 down=0s maxout=0s
t=211s RTT mean=2165 min=1410 max=2908 n=191 to=0 | cancels=0(+0/s) seqbad=0 len_bad=0 disc=0(0x00) | tot_n=39369 tot_to=0 maxever=19474 >2ms=38557 >5ms=246 >15ms=3 >20ms=0 >30ms=0 | probes=39369 wrfail=0 down=0s maxout=0s
t=212s RTT mean=2145 min=1410 max=2907 n=191 to=0 | cancels=0(+0/s) seqbad=0 len_bad=0 disc=0(0x00) | tot_n=39560 tot_to=0 maxever=19474 >2ms=38744 >5ms=246 >15ms=3 >20ms=0 >30ms=0 | probes=39560 wrfail=0 down=0s maxout=0s
t=213s RTT mean=2150 min=1410 max=2908 n=190 to=0 | cancels=0(+0/s) seqbad=0 len_bad=0 disc=0(0x00) | tot_n=39750 tot_to=0 maxever=19474 >2ms=38931 >5ms=246 >15ms=3 >20ms=0 >30ms=0 | probes=39751 wrfail=0 down=0s maxout=0s
t=214s RTT mean=2138 min=1410 max=2159 n=192 to=0 | cancels=0(+0/s) seqbad=0 len_bad=0 disc=0(0x00) | tot_n=39942 tot_to=0 maxever=19474 >2ms=39118 >5ms=246 >15ms=3 >20ms=0 >30ms=0 | probes=39942 wrfail=0 down=0s maxout=0s
t=215s RTT mean=2213 min=1410 max=5907 n=188 to=0 | cancels=0(+0/s) seqbad=0 len_bad=0 disc=0(0x00) | tot_n=40130 tot_to=0 maxever=19474 >2ms=39303 >5ms=247 >15ms=3 >20ms=0 >30ms=0 | probes=40130 wrfail=0 down=0s maxout=0s
t=216s RTT mean=2193 min=1410 max=4406 n=189 to=0 | cancels=0(+0/s) seqbad=0 len_bad=0 disc=0(0x00) | tot_n=40319 tot_to=0 maxever=19474 >2ms=39491 >5ms=247 >15ms=3 >20ms=0 >30ms=0 | probes=40320 wrfail=0 down=0s maxout=0s
t=217s RTT mean=2213 min=1410 max=3658 n=189 to=0 | cancels=0(+0/s) seqbad=0 len_bad=0 disc=0(0x00) | tot_n=40508 tot_to=0 maxever=19474 >2ms=39675 >5ms=247 >15ms=3 >20ms=0 >30ms=0 | probes=40508 wrfail=0 down=0s maxout=0s
t=218s RTT mean=2161 min=1410 max=4406 n=190 to=0 | cancels=0(+0/s) seqbad=0 len_bad=0 disc=0(0x00) | tot_n=40698 tot_to=0 maxever=19474 >2ms=39862 >5ms=247 >15ms=3 >20ms=0 >30ms=0 | probes=40699 wrfail=0 down=0s maxout=0s
t=219s RTT mean=2142 min=1410 max=2169 n=191 to=0 | cancels=0(+0/s) seqbad=0 len_bad=0 disc=0(0x00) | tot_n=40889 tot_to=0 maxever=19474 >2ms=40049 >5ms=247 >15ms=3 >20ms=0 >30ms=0 | probes=40890 wrfail=0 down=0s maxout=0s
t=220s RTT mean=2149 min=1410 max=2908 n=191 to=0 | cancels=0(+0/s) seqbad=0 len_bad=0 disc=0(0x00) | tot_n=41080 tot_to=0 maxever=19474 >2ms=40236 >5ms=247 >15ms=3 >20ms=0 >30ms=0 | probes=41080 wrfail=0 down=0s maxout=0s
t=221s RTT mean=2146 min=1410 max=2169 n=191 to=0 | cancels=0(+0/s) seqbad=0 len_bad=0 disc=0(0x00) | tot_n=41271 tot_to=0 maxever=19474 >2ms=40424 >5ms=247 >15ms=3 >20ms=0 >30ms=0 | probes=41271 wrfail=0 down=0s maxout=0s
t=222s RTT mean=2153 min=1409 max=3655 n=191 to=0 | cancels=0(+0/s) seqbad=0 len_bad=0 disc=0(0x00) | tot_n=41462 tot_to=0 maxever=19474 >2ms=40610 >5ms=247 >15ms=3 >20ms=0 >30ms=0 | probes=41462 wrfail=0 down=0s maxout=0s
t=223s RTT mean=2138 min=1410 max=2169 n=191 to=0 | cancels=0(+0/s) seqbad=0 len_bad=0 disc=0(0x00) | tot_n=41653 tot_to=0 maxever=19474 >2ms=40796 >5ms=247 >15ms=3 >20ms=0 >30ms=0 | probes=41653 wrfail=0 down=0s maxout=0s
t=224s RTT mean=2145 min=1409 max=2907 n=191 to=0 | cancels=0(+0/s) seqbad=0 len_bad=0 disc=0(0x00) | tot_n=41844 tot_to=0 maxever=19474 >2ms=40983 >5ms=247 >15ms=3 >20ms=0 >30ms=0 | probes=41844 wrfail=0 down=0s maxout=0s
