¥™ε‘¥Ναρÿecho rx=0 tx=0 pend=0 stale=0
*** Booting nRF Connect SDK v3.4.0-99553055607b ***
*** Using Zephyr OS v4.4.0-bf801e4e3d19 ***
[00:36:35.327,338] [0m<inf> bt_sdc_hci_driver: SoftDevice Controller build revision: 
                                            c8 da 30 98 f9 f0 34 a4  4b 6e ba d3 08 19 cc 0c |..0...4. Kn......
                                            ea 51 da 47                                      |.Q.G             [0m
[00:36:35.328,111] [1;33m<wrn> bt_hci_core: Num of Controller's ACL packets != ACL bt_conn_tx contexts (10 != 3)[0m
[00:36:35.328,726] [0m<inf> bt_hci_core: HW Platform: Nordic Semiconductor (0x0002)[0m
[00:36:35.328,738] [0m<inf> bt_hci_core: HW Variant: nRF54Lx (0x0005)[0m
[00:36:35.328,748] [0m<inf> bt_hci_core: Firmware: Standard Bluetooth controller (0x00) Version 200.12506 Build 888207768[0m
[00:36:35.329,127] [0m<inf> bt_hci_core: HCI transport: SDC[0m
[00:36:35.329,173] [0m<inf> bt_hci_core: Identity: D6:C7:60:B1:D3:0E (random)[0m
[00:36:35.329,189] [0m<inf> bt_hci_core: HCI: version 6.3 (0x11) revision 0x3039, manufacturer 0x0059[0m
[00:36:35.329,203] [0m<inf> bt_hci_core: LMP: version 6.3 (0x11) subver 0x3039[0m

=== nRF54L15 RTT ping-pong PERIPHERAL (echo) ===
advertising
GAP connected interval=7500
PHY tx=2 rx=2
CCC: notify ENABLED
P t=1s rxkBps=25 pongs=105(+105/s) cancels=0(+0/s) notify=1 disc=0(0x00) | echo rx=0 tx=0 pend=0 stale=0
P t=2s rxkBps=93 pongs=499(+394/s) cancels=0(+0/s) notify=1 disc=0(0x00) | echo rx=0 tx=0 pend=0 stale=0
P t=3s rxkBps=81 pongs=843(+344/s) cancels=0(+0/s) notify=1 disc=0(0x00) | echo rx=0 tx=0 pend=0 stale=0
P t=4s rxkBps=89 pongs=1220(+377/s) cancels=0(+0/s) notify=1 disc=0(0x00) | echo rx=0 tx=0 pend=0 stale=0
P t=5s rxkBps=95 pongs=1620(+400/s) cancels=0(+0/s) notify=1 disc=0(0x00) | echo rx=0 tx=0 pend=0 stale=0
P t=6s rxkBps=95 pongs=2021(+401/s) cancels=0(+0/s) notify=1 disc=0(0x00) | echo rx=0 tx=0 pend=0 stale=0
P t=7s rxkBps=93 pongs=2415(+394/s) cancels=0(+0/s) notify=1 disc=0(0x00) | echo rx=0 tx=0 pend=0 stale=0
P t=8s rxkBps=94 pongs=2812(+397/s) cancels=0(+0/s) notify=1 disc=0(0x00) | echo rx=0 tx=0 pend=0 stale=0
P t=9s rxkBps=95 pongs=3211(+399/s) cancels=0(+0/s) notify=1 disc=0(0x00) | echo rx=0 tx=0 pend=0 stale=0
P t=10s rxkBps=95 pongs=3610(+399/s) cancels=0(+0/s) notify=1 disc=0(0x00) | echo rx=0 tx=0 pend=0 stale=0
P t=11s rxkBps=76 pongs=3932(+322/s) cancels=0(+0/s) notify=1 disc=0(0x00) | echo rx=0 tx=0 pend=0 stale=0
P t=12s rxkBps=94 pongs=4330(+398/s) cancels=0(+0/s) notify=1 disc=0(0x00) | echo rx=0 tx=0 pend=0 stale=0
P t=13s rxkBps=95 pongs=4730(+400/s) cancels=0(+0/s) notify=1 disc=0(0x00) | echo rx=0 tx=0 pend=0 stale=0
P t=14s rxkBps=94 pongs=5125(+395/s) cancels=0(+0/s) notify=1 disc=0(0x00) | echo rx=0 tx=0 pend=0 stale=0
P t=15s rxkBps=94 pongs=5522(+397/s) cancels=0(+0/s) notify=1 disc=0(0x00) | echo rx=0 tx=0 pend=0 stale=0
P t=16s rxkBps=94 pongs=5920(+398/s) cancels=0(+0/s) notify=1 disc=0(0x00) | echo rx=0 tx=0 pend=0 stale=0
P t=17s rxkBps=92 pongs=6310(+390/s) cancels=0(+0/s) notify=1 disc=0(0x00) | echo rx=0 tx=0 pend=0 stale=0
P t=18s rxkBps=93 pongs=6704(+394/s) cancels=0(+0/s) notify=1 disc=0(0x00) | echo rx=0 tx=0 pend=0 stale=0
P t=19s rxkBps=95 pongs=7103(+399/s) cancels=0(+0/s) notify=1 disc=0(0x00) | echo rx=0 tx=0 pend=0 stale=0
P t=20s rxkBps=88 pongs=7476(+373/s) cancels=0(+0/s) notify=1 disc=0(0x00) | echo rx=0 tx=0 pend=0 stale=0
P t=21s rxkBps=76 pongs=7798(+322/s) cancels=0(+0/s) notify=1 disc=0(0x00) | echo rx=0 tx=0 pend=0 stale=0
P t=22s rxkBps=82 pongs=8144(+346/s) cancels=0(+0/s) notify=1 disc=0(0x00) | echo rx=0 tx=0 pend=0 stale=0
P t=23s rxkBps=84 pongs=8500(+356/s) cancels=0(+0/s) notify=1 disc=0(0x00) | echo rx=0 tx=0 pend=0 stale=0
P t=24s rxkBps=71 pongs=8801(+301/s) cancels=0(+0/s) notify=1 disc=0(0x00) | echo rx=0 tx=0 pend=0 stale=0
P t=25s rxkBps=93 pongs=9193(+392/s) cancels=0(+0/s) notify=1 disc=0(0x00) | echo rx=0 tx=0 pend=0 stale=0
P t=26s rxkBps=94 pongs=9590(+397/s) cancels=0(+0/s) notify=1 disc=0(0x00) | echo rx=0 tx=0 pend=0 stale=0
P t=27s rxkBps=95 pongs=9989(+399/s) cancels=0(+0/s) notify=1 disc=0(0x00) | echo rx=0 tx=0 pend=0 stale=0
P t=28s rxkBps=95 pongs=10390(+401/s) cancels=0(+0/s) notify=1 disc=0(0x00) | echo rx=0 tx=0 pend=0 stale=0
P t=29s rxkBps=95 pongs=10790(+400/s) cancels=0(+0/s) notify=1 disc=0(0x00) | echo rx=0 tx=0 pend=0 stale=0
P t=30s rxkBps=95 pongs=11190(+400/s) cancels=0(+0/s) notify=1 disc=0(0x00) | echo rx=0 tx=0 pend=0 stale=0
P t=31s rxkBps=95 pongs=11590(+400/s) cancels=0(+0/s) notify=1 disc=0(0x00) | echo rx=0 tx=0 pend=0 stale=0
P t=32s rxkBps=95 pongs=11989(+399/s) cancels=0(+0/s) notify=1 disc=0(0x00) | echo rx=0 tx=0 pend=0 stale=0
P t=33s rxkBps=95 pongs=12388(+399/s) cancels=0(+0/s) notify=1 disc=0(0x00) | echo rx=0 tx=0 pend=0 stale=0
P t=34s rxkBps=95 pongs=12787(+399/s) cancels=0(+0/s) notify=1 disc=0(0x00) | echo rx=0 tx=0 pend=0 stale=0
P t=35s rxkBps=95 pongs=13186(+399/s) cancels=0(+0/s) notify=1 disc=0(0x00) | echo rx=0 tx=0 pend=0 stale=0
P t=36s rxkBps=93 pongs=13580(+394/s) cancels=0(+0/s) notify=1 disc=0(0x00) | echo rx=0 tx=0 pend=0 stale=0
P t=37s rxkBps=95 pongs=13980(+400/s) cancels=0(+0/s) notify=1 disc=0(0x00) | echo rx=0 tx=0 pend=0 stale=0
P t=38s rxkBps=95 pongs=14379(+399/s) cancels=0(+0/s) notify=1 disc=0(0x00) | echo rx=0 tx=0 pend=0 stale=0
P t=39s rxkBps=94 pongs=14777(+398/s) cancels=0(+0/s) notify=1 disc=0(0x00) | echo rx=0 tx=0 pend=0 stale=0
P t=40s rxkBps=95 pongs=15176(+399/s) cancels=0(+0/s) notify=1 disc=0(0x00) | echo rx=0 tx=0 pend=0 stale=0
P t=41s rxkBps=95 pongs=15576(+400/s) cancels=0(+0/s) notify=1 disc=0(0x00) | echo rx=0 tx=0 pend=0 stale=0
P t=42s rxkBps=95 pongs=15976(+400/s) cancels=0(+0/s) notify=1 disc=0(0x00) | echo rx=0 tx=0 pend=0 stale=0
P t=43s rxkBps=95 pongs=16375(+399/s) cancels=0(+0/s) notify=1 disc=0(0x00) | echo rx=0 tx=0 pend=0 stale=0
P t=44s rxkBps=94 pongs=16770(+395/s) cancels=0(+0/s) notify=1 disc=0(0x00) | echo rx=0 tx=0 pend=0 stale=0
P t=45s rxkBps=94 pongs=17166(+396/s) cancels=0(+0/s) notify=1 disc=0(0x00) | echo rx=0 tx=0 pend=0 stale=0
P t=46s rxkBps=95 pongs=17567(+401/s) cancels=0(+0/s) notify=1 disc=0(0x00) | echo rx=0 tx=0 pend=0 stale=0
P t=47s rxkBps=94 pongs=17964(+397/s) cancels=0(+0/s) notify=1 disc=0(0x00) | echo rx=0 tx=0 pend=0 stale=0
P t=48s rxkBps=95 pongs=18365(+401/s) cancels=0(+0/s) notify=1 disc=0(0x00) | echo rx=0 tx=0 pend=0 stale=0
P t=49s rxkBps=95 pongs=18765(+400/s) cancels=0(+0/s) notify=1 disc=0(0x00) | echo rx=0 tx=0 pend=0 stale=0
P t=50s rxkBps=95 pongs=19165(+400/s) cancels=0(+0/s) notify=1 disc=0(0x00) | echo rx=0 tx=0 pend=0 stale=0
P t=51s rxkBps=95 pongs=19565(+400/s) cancels=0(+0/s) notify=1 disc=0(0x00) | echo rx=0 tx=0 pend=0 stale=0
P t=52s rxkBps=95 pongs=19964(+399/s) cancels=0(+0/s) notify=1 disc=0(0x00) | echo rx=0 tx=0 pend=0 stale=0
P t=53s rxkBps=94 pongs=20362(+398/s) cancels=0(+0/s) notify=1 disc=0(0x00) | echo rx=0 tx=0 pend=0 stale=0
P t=54s rxkBps=95 pongs=20762(+400/s) cancels=0(+0/s) notify=1 disc=0(0x00) | echo rx=0 tx=0 pend=0 stale=0
P t=55s rxkBps=95 pongs=21162(+400/s) cancels=0(+0/s) notify=1 disc=0(0x00) | echo rx=0 tx=0 pend=0 stale=0
P t=56s rxkBps=94 pongs=21560(+398/s) cancels=0(+0/s) notify=1 disc=0(0x00) | echo rx=0 tx=0 pend=0 stale=0
P t=57s rxkBps=95 pongs=21960(+400/s) cancels=0(+0/s) notify=1 disc=0(0x00) | echo rx=0 tx=0 pend=0 stale=0
P t=58s rxkBps=95 pongs=22360(+400/s) cancels=0(+0/s) notify=1 disc=0(0x00) | echo rx=0 tx=0 pend=0 stale=0
P t=59s rxkBps=94 pongs=22756(+396/s) cancels=0(+0/s) notify=1 disc=0(0x00) | echo rx=0 tx=0 pend=0 stale=0
P t=60s rxkBps=94 pongs=23154(+398/s) cancels=0(+0/s) notify=1 disc=0(0x00) | echo rx=0 tx=0 pend=0 stale=0
P t=61s rxkBps=95 pongs=23554(+400/s) cancels=0(+0/s) notify=1 disc=0(0x00) | echo rx=0 tx=0 pend=0 stale=0
P t=62s rxkBps=95 pongs=23954(+400/s) cancels=0(+0/s) notify=1 disc=0(0x00) | echo rx=0 tx=0 pend=0 stale=0
P t=63s rxkBps=95 pongs=24353(+399/s) cancels=0(+0/s) notify=1 disc=0(0x00) | echo rx=0 tx=0 pend=0 stale=0
P t=64s rxkBps=95 pongs=24752(+399/s) cancels=0(+0/s) notify=1 disc=0(0x00) | echo rx=0 tx=0 pend=0 stale=0
P t=65s rxkBps=95 pongs=25151(+399/s) cancels=0(+0/s) notify=1 disc=0(0x00) | echo rx=0 tx=0 pend=0 stale=0
P t=66s rxkBps=95 pongs=25551(+400/s) cancels=0(+0/s) notify=1 disc=0(0x00) | echo rx=0 tx=0 pend=0 stale=0
P t=67s rxkBps=94 pongs=25948(+397/s) cancels=0(+0/s) notify=1 disc=0(0x00) | echo rx=0 tx=0 pend=0 stale=0
P t=68s rxkBps=92 pongs=26335(+387/s) cancels=0(+0/s) notify=1 disc=0(0x00) | echo rx=0 tx=0 pend=0 stale=0
P t=69s rxkBps=91 pongs=26720(+385/s) cancels=0(+0/s) notify=1 disc=0(0x00) | echo rx=0 tx=0 pend=0 stale=0
P t=70s rxkBps=91 pongs=27104(+384/s) cancels=0(+0/s) notify=1 disc=0(0x00) | echo rx=0 tx=0 pend=0 stale=0
P t=71s rxkBps=95 pongs=27503(+399/s) cancels=0(+0/s) notify=1 disc=0(0x00) | echo rx=0 tx=0 pend=0 stale=0
P t=72s rxkBps=95 pongs=27903(+400/s) cancels=0(+0/s) notify=1 disc=0(0x00) | echo rx=0 tx=0 pend=0 stale=0
P t=73s rxkBps=95 pongs=28303(+400/s) cancels=0(+0/s) notify=1 disc=0(0x00) | echo rx=0 tx=0 pend=0 stale=0
P t=74s rxkBps=95 pongs=28702(+399/s) cancels=0(+0/s) notify=1 disc=0(0x00) | echo rx=0 tx=0 pend=0 stale=0
P t=75s rxkBps=95 pongs=29101(+399/s) cancels=0(+0/s) notify=1 disc=0(0x00) | echo rx=0 tx=0 pend=0 stale=0
P t=76s rxkBps=95 pongs=29500(+399/s) cancels=0(+0/s) notify=1 disc=0(0x00) | echo rx=0 tx=0 pend=0 stale=0
P t=77s rxkBps=94 pongs=29895(+395/s) cancels=0(+0/s) notify=1 disc=0(0x00) | echo rx=0 tx=0 pend=0 stale=0
P t=78s rxkBps=95 pongs=30295(+400/s) cancels=0(+0/s) notify=1 disc=0(0x00) | echo rx=0 tx=0 pend=0 stale=0
P t=79s rxkBps=94 pongs=30693(+398/s) cancels=0(+0/s) notify=1 disc=0(0x00) | echo rx=0 tx=0 pend=0 stale=0
P t=80s rxkBps=95 pongs=31093(+400/s) cancels=0(+0/s) notify=1 disc=0(0x00) | echo rx=0 tx=0 pend=0 stale=0
P t=81s rxkBps=94 pongs=31488(+395/s) cancels=0(+0/s) notify=1 disc=0(0x00) | echo rx=0 tx=0 pend=0 stale=0
P t=82s rxkBps=94 pongs=31886(+398/s) cancels=0(+0/s) notify=1 disc=0(0x00) | echo rx=0 tx=0 pend=0 stale=0
P t=83s rxkBps=95 pongs=32285(+399/s) cancels=0(+0/s) notify=1 disc=0(0x00) | echo rx=0 tx=0 pend=0 stale=0
P t=84s rxkBps=95 pongs=32684(+399/s) cancels=0(+0/s) notify=1 disc=0(0x00) | echo rx=0 tx=0 pend=0 stale=0
P t=85s rxkBps=95 pongs=33084(+400/s) cancels=0(+0/s) notify=1 disc=0(0x00) | echo rx=0 tx=0 pend=0 stale=0
P t=86s rxkBps=95 pongs=33484(+400/s) cancels=0(+0/s) notify=1 disc=0(0x00) | echo rx=0 tx=0 pend=0 stale=0
P t=87s rxkBps=94 pongs=33880(+396/s) cancels=0(+0/s) notify=1 disc=0(0x00) | echo rx=0 tx=0 pend=0 stale=0
P t=88s rxkBps=95 pongs=34279(+399/s) cancels=0(+0/s) notify=1 disc=0(0x00) | echo rx=0 tx=0 pend=0 stale=0
P t=89s rxkBps=94 pongs=34676(+397/s) cancels=0(+0/s) notify=1 disc=0(0x00) | echo rx=0 tx=0 pend=0 stale=0
P t=90s rxkBps=95 pongs=35075(+399/s) cancels=0(+0/s) notify=1 disc=0(0x00) | echo rx=0 tx=0 pend=0 stale=0
P t=91s rxkBps=94 pongs=35470(+395/s) cancels=0(+0/s) notify=1 disc=0(0x00) | echo rx=0 tx=0 pend=0 stale=0
P t=92s rxkBps=93 pongs=35863(+393/s) cancels=0(+0/s) notify=1 disc=0(0x00) | echo rx=0 tx=0 pend=0 stale=0
P t=93s rxkBps=94 pongs=36260(+397/s) cancels=0(+0/s) notify=1 disc=0(0x00) | echo rx=0 tx=0 pend=0 stale=0
P t=94s rxkBps=94 pongs=36658(+398/s) cancels=0(+0/s) notify=1 disc=0(0x00) | echo rx=0 tx=0 pend=0 stale=0
P t=95s rxkBps=94 pongs=37054(+396/s) cancels=0(+0/s) notify=1 disc=0(0x00) | echo rx=0 tx=0 pend=0 stale=0
P t=96s rxkBps=95 pongs=37453(+399/s) cancels=0(+0/s) notify=1 disc=0(0x00) | echo rx=0 tx=0 pend=0 stale=0
P t=97s rxkBps=95 pongs=37853(+400/s) cancels=0(+0/s) notify=1 disc=0(0x00) | echo rx=0 tx=0 pend=0 stale=0
P t=98s rxkBps=95 pongs=38252(+399/s) cancels=0(+0/s) notify=1 disc=0(0x00) | echo rx=0 tx=0 pend=0 stale=0
P t=99s rxkBps=95 pongs=38652(+400/s) cancels=0(+0/s) notify=1 disc=0(0x00) | echo rx=0 tx=0 pend=0 stale=0
P t=100s rxkBps=95 pongs=39052(+400/s) cancels=0(+0/s) notify=1 disc=0(0x00) | echo rx=0 tx=0 pend=0 stale=0
P t=101s rxkBps=95 pongs=39451(+399/s) cancels=0(+0/s) notify=1 disc=0(0x00) | echo rx=0 tx=0 pend=0 stale=0
P t=102s rxkBps=94 pongs=39849(+398/s) cancels=0(+0/s) notify=1 disc=0(0x00) | echo rx=0 tx=0 pend=0 stale=0
P t=103s rxkBps=94 pongs=40246(+397/s) cancels=0(+0/s) notify=1 disc=0(0x00) | echo rx=0 tx=0 pend=0 stale=0
P t=104s rxkBps=94 pongs=40641(+395/s) cancels=0(+0/s) notify=1 disc=0(0x00) | echo rx=0 tx=0 pend=0 stale=0
P t=105s rxkBps=95 pongs=41042(+401/s) cancels=0(+0/s) notify=1 disc=0(0x00) | echo rx=0 tx=0 pend=0 stale=0
P t=106s rxkBps=95 pongs=41442(+400/s) cancels=0(+0/s) notify=1 disc=0(0x00) | echo rx=0 tx=0 pend=0 stale=0
P t=107s rxkBps=95 pongs=41842(+400/s) cancels=0(+0/s) notify=1 disc=0(0x00) | echo rx=0 tx=0 pend=0 stale=0
P t=108s rxkBps=95 pongs=42241(+399/s) cancels=0(+0/s) notify=1 disc=0(0x00) | echo rx=0 tx=0 pend=0 stale=0
P t=109s rxkBps=95 pongs=42640(+399/s) cancels=0(+0/s) notify=1 disc=0(0x00) | echo rx=0 tx=0 pend=0 stale=0
P t=110s rxkBps=95 pongs=43040(+400/s) cancels=0(+0/s) notify=1 disc=0(0x00) | echo rx=0 tx=0 pend=0 stale=0
P t=111s rxkBps=95 pongs=43439(+399/s) cancels=0(+0/s) notify=1 disc=0(0x00) | echo rx=0 tx=0 pend=0 stale=0
P t=112s rxkBps=94 pongs=43837(+398/s) cancels=0(+0/s) notify=1 disc=0(0x00) | echo rx=0 tx=0 pend=0 stale=0
P t=113s rxkBps=95 pongs=44237(+400/s) cancels=0(+0/s) notify=1 disc=0(0x00) | echo rx=0 tx=0 pend=0 stale=0
P t=114s rxkBps=95 pongs=44637(+400/s) cancels=0(+0/s) notify=1 disc=0(0x00) | echo rx=0 tx=0 pend=0 stale=0
P t=115s rxkBps=95 pongs=45037(+400/s) cancels=0(+0/s) notify=1 disc=0(0x00) | echo rx=0 tx=0 pend=0 stale=0
P t=116s rxkBps=95 pongs=45436(+399/s) cancels=0(+0/s) notify=1 disc=0(0x00) | echo rx=0 tx=0 pend=0 stale=0
P t=117s rxkBps=95 pongs=45836(+400/s) cancels=0(+0/s) notify=1 disc=0(0x00) | echo rx=0 tx=0 pend=0 stale=0
P t=118s rxkBps=94 pongs=46233(+397/s) cancels=0(+0/s) notify=1 disc=0(0x00) | echo rx=0 tx=0 pend=0 stale=0
P t=119s rxkBps=95 pongs=46633(+400/s) cancels=0(+0/s) notify=1 disc=0(0x00) | echo rx=0 tx=0 pend=0 stale=0
P t=120s rxkBps=95 pongs=47033(+400/s) cancels=0(+0/s) notify=1 disc=0(0x00) | echo rx=0 tx=0 pend=0 stale=0
P t=121s rxkBps=95 pongs=47433(+400/s) cancels=0(+0/s) notify=1 disc=0(0x00) | echo rx=0 tx=0 pend=0 stale=0
P t=122s rxkBps=95 pongs=47833(+400/s) cancels=0(+0/s) notify=1 disc=0(0x00) | echo rx=0 tx=0 pend=0 stale=0
P t=123s rxkBps=95 pongs=48234(+401/s) cancels=0(+0/s) notify=1 disc=0(0x00) | echo rx=0 tx=0 pend=0 stale=0
P t=124s rxkBps=95 pongs=48633(+399/s) cancels=0(+0/s) notify=1 disc=0(0x00) | echo rx=0 tx=0 pend=0 stale=0
P t=125s rxkBps=95 pongs=49033(+400/s) cancels=0(+0/s) notify=1 disc=0(0x00) | echo rx=0 tx=0 pend=0 stale=0
P t=126s rxkBps=95 pongs=49432(+399/s) cancels=0(+0/s) notify=1 disc=0(0x00) | echo rx=0 tx=0 pend=0 stale=0
P t=127s rxkBps=95 pongs=49832(+400/s) cancels=0(+0/s) notify=1 disc=0(0x00) | echo rx=0 tx=0 pend=0 stale=0
P t=128s rxkBps=95 pongs=50232(+400/s) cancels=0(+0/s) notify=1 disc=0(0x00) | echo rx=0 tx=0 pend=0 stale=0
P t=129s rxkBps=95 pongs=50631(+399/s) cancels=0(+0/s) notify=1 disc=0(0x00) | echo rx=0 tx=0 pend=0 stale=0
P t=130s rxkBps=95 pongs=51031(+400/s) cancels=0(+0/s) notify=1 disc=0(0x00) | echo rx=0 tx=0 pend=0 stale=0
P t=131s rxkBps=95 pongs=51431(+400/s) cancels=0(+0/s) notify=1 disc=0(0x00) | echo rx=0 tx=0 pend=0 stale=0
P t=132s rxkBps=95 pongs=51830(+399/s) cancels=0(+0/s) notify=1 disc=0(0x00) | echo rx=0 tx=0 pend=0 stale=0
P t=133s rxkBps=93 pongs=52224(+394/s) cancels=0(+0/s) notify=1 disc=0(0x00) | echo rx=0 tx=0 pend=0 stale=0
P t=134s rxkBps=95 pongs=52623(+399/s) cancels=0(+0/s) notify=1 disc=0(0x00) | echo rx=0 tx=0 pend=0 stale=0
P t=135s rxkBps=95 pongs=53022(+399/s) cancels=0(+0/s) notify=1 disc=0(0x00) | echo rx=0 tx=0 pend=0 stale=0
P t=136s rxkBps=95 pongs=53422(+400/s) cancels=0(+0/s) notify=1 disc=0(0x00) | echo rx=0 tx=0 pend=0 stale=0
P t=137s rxkBps=94 pongs=53820(+398/s) cancels=0(+0/s) notify=1 disc=0(0x00) | echo rx=0 tx=0 pend=0 stale=0
P t=138s rxkBps=94 pongs=54218(+398/s) cancels=0(+0/s) notify=1 disc=0(0x00) | echo rx=0 tx=0 pend=0 stale=0
P t=139s rxkBps=95 pongs=54617(+399/s) cancels=0(+0/s) notify=1 disc=0(0x00) | echo rx=0 tx=0 pend=0 stale=0
P t=140s rxkBps=94 pongs=55015(+398/s) cancels=0(+0/s) notify=1 disc=0(0x00) | echo rx=0 tx=0 pend=0 stale=0
P t=141s rxkBps=95 pongs=55414(+399/s) cancels=0(+0/s) notify=1 disc=0(0x00) | echo rx=0 tx=0 pend=0 stale=0
P t=142s rxkBps=95 pongs=55814(+400/s) cancels=0(+0/s) notify=1 disc=0(0x00) | echo rx=0 tx=0 pend=0 stale=0
P t=143s rxkBps=94 pongs=56210(+396/s) cancels=0(+0/s) notify=1 disc=0(0x00) | echo rx=0 tx=0 pend=0 stale=0
P t=144s rxkBps=95 pongs=56610(+400/s) cancels=0(+0/s) notify=1 disc=0(0x00) | echo rx=0 tx=0 pend=0 stale=0
P t=145s rxkBps=95 pongs=57009(+399/s) cancels=0(+0/s) notify=1 disc=0(0x00) | echo rx=0 tx=0 pend=0 stale=0
P t=146s rxkBps=95 pongs=57409(+400/s) cancels=0(+0/s) notify=1 disc=0(0x00) | echo rx=0 tx=0 pend=0 stale=0
P t=147s rxkBps=94 pongs=57806(+397/s) cancels=0(+0/s) notify=1 disc=0(0x00) | echo rx=0 tx=0 pend=0 stale=0
P t=148s rxkBps=94 pongs=58204(+398/s) cancels=0(+0/s) notify=1 disc=0(0x00) | echo rx=0 tx=0 pend=0 stale=0
P t=149s rxkBps=94 pongs=58600(+396/s) cancels=0(+0/s) notify=1 disc=0(0x00) | echo rx=0 tx=0 pend=0 stale=0
P t=150s rxkBps=94 pongs=58996(+396/s) cancels=0(+0/s) notify=1 disc=0(0x00) | echo rx=0 tx=0 pend=0 stale=0
P t=151s rxkBps=94 pongs=59391(+395/s) cancels=0(+0/s) notify=1 disc=0(0x00) | echo rx=0 tx=0 pend=0 stale=0
P t=152s rxkBps=95 pongs=59791(+400/s) cancels=0(+0/s) notify=1 disc=0(0x00) | echo rx=0 tx=0 pend=0 stale=0
P t=153s rxkBps=94 pongs=60189(+398/s) cancels=0(+0/s) notify=1 disc=0(0x00) | echo rx=0 tx=0 pend=0 stale=0
P t=154s rxkBps=95 pongs=60588(+399/s) cancels=0(+0/s) notify=1 disc=0(0x00) | echo rx=0 tx=0 pend=0 stale=0
P t=155s rxkBps=95 pongs=60988(+400/s) cancels=0(+0/s) notify=1 disc=0(0x00) | echo rx=0 tx=0 pend=0 stale=0
P t=156s rxkBps=95 pongs=61388(+400/s) cancels=0(+0/s) notify=1 disc=0(0x00) | echo rx=0 tx=0 pend=0 stale=0
P t=157s rxkBps=95 pongs=61787(+399/s) cancels=0(+0/s) notify=1 disc=0(0x00) | echo rx=0 tx=0 pend=0 stale=0
P t=158s rxkBps=94 pongs=62185(+398/s) cancels=0(+0/s) notify=1 disc=0(0x00) | echo rx=0 tx=0 pend=0 stale=0
P t=159s rxkBps=95 pongs=62584(+399/s) cancels=0(+0/s) notify=1 disc=0(0x00) | echo rx=0 tx=0 pend=0 stale=0
P t=160s rxkBps=95 pongs=62984(+400/s) cancels=0(+0/s) notify=1 disc=0(0x00) | echo rx=0 tx=0 pend=0 stale=0
P t=161s rxkBps=94 pongs=63382(+398/s) cancels=0(+0/s) notify=1 disc=0(0x00) | echo rx=0 tx=0 pend=0 stale=0
P t=162s rxkBps=95 pongs=63783(+401/s) cancels=0(+0/s) notify=1 disc=0(0x00) | echo rx=0 tx=0 pend=0 stale=0
P t=163s rxkBps=95 pongs=64183(+400/s) cancels=0(+0/s) notify=1 disc=0(0x00) | echo rx=0 tx=0 pend=0 stale=0
P t=164s rxkBps=95 pongs=64583(+400/s) cancels=0(+0/s) notify=1 disc=0(0x00) | echo rx=0 tx=0 pend=0 stale=0
P t=165s rxkBps=95 pongs=64983(+400/s) cancels=0(+0/s) notify=1 disc=0(0x00) | echo rx=0 tx=0 pend=0 stale=0
P t=166s rxkBps=94 pongs=65381(+398/s) cancels=0(+0/s) notify=1 disc=0(0x00) | echo rx=0 tx=0 pend=0 stale=0
P t=167s rxkBps=95 pongs=65780(+399/s) cancels=0(+0/s) notify=1 disc=0(0x00) | echo rx=0 tx=0 pend=0 stale=0
P t=168s rxkBps=95 pongs=66180(+400/s) cancels=0(+0/s) notify=1 disc=0(0x00) | echo rx=0 tx=0 pend=0 stale=0
P t=169s rxkBps=95 pongs=66580(+400/s) cancels=0(+0/s) notify=1 disc=0(0x00) | echo rx=0 tx=0 pend=0 stale=0
P t=170s rxkBps=94 pongs=66976(+396/s) cancels=0(+0/s) notify=1 disc=0(0x00) | echo rx=0 tx=0 pend=0 stale=0
P t=171s rxkBps=95 pongs=67376(+400/s) cancels=0(+0/s) notify=1 disc=0(0x00) | echo rx=0 tx=0 pend=0 stale=0
P t=172s rxkBps=94 pongs=67773(+397/s) cancels=0(+0/s) notify=1 disc=0(0x00) | echo rx=0 tx=0 pend=0 stale=0
P t=173s rxkBps=94 pongs=68170(+397/s) cancels=0(+0/s) notify=1 disc=0(0x00) | echo rx=0 tx=0 pend=0 stale=0
P t=174s rxkBps=95 pongs=68569(+399/s) cancels=0(+0/s) notify=1 disc=0(0x00) | echo rx=0 tx=0 pend=0 stale=0
P t=175s rxkBps=95 pongs=68969(+400/s) cancels=0(+0/s) notify=1 disc=0(0x00) | echo rx=0 tx=0 pend=0 stale=0
P t=176s rxkBps=95 pongs=69369(+400/s) cancels=0(+0/s) notify=1 disc=0(0x00) | echo rx=0 tx=0 pend=0 stale=0
P t=177s rxkBps=95 pongs=69769(+400/s) cancels=0(+0/s) notify=1 disc=0(0x00) | echo rx=0 tx=0 pend=0 stale=0
P t=178s rxkBps=95 pongs=70169(+400/s) cancels=0(+0/s) notify=1 disc=0(0x00) | echo rx=0 tx=0 pend=0 stale=0
P t=179s rxkBps=94 pongs=70566(+397/s) cancels=0(+0/s) notify=1 disc=0(0x00) | echo rx=0 tx=0 pend=0 stale=0
P t=180s rxkBps=92 pongs=70954(+388/s) cancels=0(+0/s) notify=1 disc=0(0x00) | echo rx=0 tx=0 pend=0 stale=0
P t=181s rxkBps=89 pongs=71328(+374/s) cancels=0(+0/s) notify=1 disc=0(0x00) | echo rx=0 tx=0 pend=0 stale=0
P t=182s rxkBps=85 pongs=71685(+357/s) cancels=0(+0/s) notify=1 disc=0(0x00) | echo rx=0 tx=0 pend=0 stale=0
P t=183s rxkBps=92 pongs=72074(+389/s) cancels=0(+0/s) notify=1 disc=0(0x00) | echo rx=0 tx=0 pend=0 stale=0
P t=184s rxkBps=92 pongs=72461(+387/s) cancels=0(+0/s) notify=1 disc=0(0x00) | echo rx=0 tx=0 pend=0 stale=0
P t=185s rxkBps=95 pongs=72861(+400/s) cancels=0(+0/s) notify=1 disc=0(0x00) | echo rx=0 tx=0 pend=0 stale=0
P t=186s rxkBps=95 pongs=73261(+400/s) cancels=0(+0/s) notify=1 disc=0(0x00) | echo rx=0 tx=0 pend=0 stale=0
P t=187s rxkBps=95 pongs=73660(+399/s) cancels=0(+0/s) notify=1 disc=0(0x00) | echo rx=0 tx=0 pend=0 stale=0
P t=188s rxkBps=95 pongs=74059(+399/s) cancels=0(+0/s) notify=1 disc=0(0x00) | echo rx=0 tx=0 pend=0 stale=0
P t=189s rxkBps=93 pongs=74452(+393/s) cancels=0(+0/s) notify=1 disc=0(0x00) | echo rx=0 tx=0 pend=0 stale=0
P t=190s rxkBps=93 pongs=74846(+394/s) cancels=0(+0/s) notify=1 disc=0(0x00) | echo rx=0 tx=0 pend=0 stale=0
P t=191s rxkBps=94 pongs=75244(+398/s) cancels=0(+0/s) notify=1 disc=0(0x00) | echo rx=0 tx=0 pend=0 stale=0
P t=192s rxkBps=92 pongs=75632(+388/s) cancels=0(+0/s) notify=1 disc=0(0x00) | echo rx=0 tx=0 pend=0 stale=0
P t=193s rxkBps=93 pongs=76024(+392/s) cancels=0(+0/s) notify=1 disc=0(0x00) | echo rx=0 tx=0 pend=0 stale=0
P t=194s rxkBps=92 pongs=76412(+388/s) cancels=0(+0/s) notify=1 disc=0(0x00) | echo rx=0 tx=0 pend=0 stale=0
P t=195s rxkBps=94 pongs=76809(+397/s) cancels=0(+0/s) notify=1 disc=0(0x00) | echo rx=0 tx=0 pend=0 stale=0
P t=196s rxkBps=94 pongs=77207(+398/s) cancels=0(+0/s) notify=1 disc=0(0x00) | echo rx=0 tx=0 pend=0 stale=0
P t=197s rxkBps=79 pongs=77540(+333/s) cancels=0(+0/s) notify=1 disc=0(0x00) | echo rx=0 tx=0 pend=0 stale=0
P t=198s rxkBps=93 pongs=77934(+394/s) cancels=0(+0/s) notify=1 disc=0(0x00) | echo rx=0 tx=0 pend=0 stale=0
P t=199s rxkBps=94 pongs=78329(+395/s) cancels=0(+0/s) notify=1 disc=0(0x00) | echo rx=0 tx=0 pend=0 stale=0
P t=200s rxkBps=95 pongs=78728(+399/s) cancels=0(+0/s) notify=1 disc=0(0x00) | echo rx=0 tx=0 pend=0 stale=0
P t=201s rxkBps=92 pongs=79118(+390/s) cancels=0(+0/s) notify=1 disc=0(0x00) | echo rx=0 tx=0 pend=0 stale=0
P t=202s rxkBps=95 pongs=79518(+400/s) cancels=0(+0/s) notify=1 disc=0(0x00) | echo rx=0 tx=0 pend=0 stale=0
P t=203s rxkBps=95 pongs=79918(+400/s) cancels=0(+0/s) notify=1 disc=0(0x00) | echo rx=0 tx=0 pend=0 stale=0
P t=204s rxkBps=94 pongs=80314(+396/s) cancels=0(+0/s) notify=1 disc=0(0x00) | echo rx=0 tx=0 pend=0 stale=0
P t=205s rxkBps=94 pongs=80712(+398/s) cancels=0(+0/s) notify=1 disc=0(0x00) | echo rx=0 tx=0 pend=0 stale=0
P t=206s rxkBps=95 pongs=81111(+399/s) cancels=0(+0/s) notify=1 disc=0(0x00) | echo rx=0 tx=0 pend=0 stale=0
P t=207s rxkBps=92 pongs=81501(+390/s) cancels=0(+0/s) notify=1 disc=0(0x00) | echo rx=0 tx=0 pend=0 stale=0
P t=208s rxkBps=95 pongs=81900(+399/s) cancels=0(+0/s) notify=1 disc=0(0x00) | echo rx=0 tx=0 pend=0 stale=0
P t=209s rxkBps=94 pongs=82296(+396/s) cancels=0(+0/s) notify=1 disc=0(0x00) | echo rx=0 tx=0 pend=0 stale=0
P t=210s rxkBps=94 pongs=82694(+398/s) cancels=0(+0/s) notify=1 disc=0(0x00) | echo rx=0 tx=0 pend=0 stale=0
P t=211s rxkBps=95 pongs=83093(+399/s) cancels=0(+0/s) notify=1 disc=0(0x00) | echo rx=0 tx=0 pend=0 stale=0
P t=212s rxkBps=95 pongs=83492(+399/s) cancels=0(+0/s) notify=1 disc=0(0x00) | echo rx=0 tx=0 pend=0 stale=0
P t=213s rxkBps=94 pongs=83890(+398/s) cancels=0(+0/s) notify=1 disc=0(0x00) | echo rx=0 tx=0 pend=0 stale=0
P t=214s rxkBps=95 pongs=84289(+399/s) cancels=0(+0/s) notify=1 disc=0(0x00) | echo rx=0 tx=0 pend=0 stale=0
P t=215s rxkBps=94 pongs=84685(+396/s) cancels=0(+0/s) notify=1 disc=0(0x00) | echo rx=0 tx=0 pend=0 stale=0
P t=216s rxkBps=94 pongs=85082(+397/s) cancels=0(+0/s) notify=1 disc=0(0x00) | echo rx=0 tx=0 pend=0 stale=0
P t=217s rxkBps=95 pongs=85481(+399/s) cancels=0(+0/s) notify=1 disc=0(0x00) | echo rx=0 tx=0 pend=0 stale=0
P t=218s rxkBps=95 pongs=85881(+400/s) cancels=0(+0/s) notify=1 disc=0(0x00) | echo rx=0 tx=0 pend=0 stale=0
P t=219s rxkBps=95 pongs=86280(+399/s) cancels=0(+0/s) notify=1 disc=0(0x00) | echo rx=0 tx=0 pend=0 stale=0
P t=220s rxkBps=95 pongs=86679(+399/s) cancels=0(+0/s) notify=1 disc=0(0x00) | echo rx=0 tx=0 pend=0 stale=0
P t=221s rxkBps=94 pongs=87077(+398/s) cancels=0(+0/s) notify=1 disc=0(0x00) | echo rx=0 tx=0 pend=0 stale=0
P t=222s rxkBps=95 pongs=87477(+400/s) cancels=0(+0/s) notify=1 disc=0(0x00) | echo rx=0 tx=0 pend=0 stale=0
P t=223s rxkBps=95 pongs=87877(+400/s) cancels=0(+0/s) notify=1 disc=0(0x00) | echo rx=0 tx=0 pend=0 stale=0
P t=224s rxkBps=93 pongs=88270(+393/s) cancels=0(+0/s) notify=1 disc=0(0x00) | echo rx=0 tx=0 pend=0 stale=0
P t=225s rxkBps=94 pongs=88668(+398/s) cancels=0(+0/s) notify=1 disc=0(0x00) | echo rx=0 tx=0 pend=0 stale=0
