   1.044  SINK rx: 110 KB/s (112800 B / 1000 ms) fsu=52 | cum_total=1524966 B cum_segs=6355 | UP sent=21148 eagain=0 lasterr=-128 txcred=0 host_pulls=0
   1.681  *** Booting Zephyr OS build v4.4.2-16-gfee9fbc62095 ***
   1.681  
   1.741  === nRF52 L2CAP CoC SINK (Zephyr 4.4.1, seg_recv) ===
   1.741  L2CAP server on PSM 0x0080
   1.741  Advertising as 'zenoh-nrf-l2cap'
   5.651  GAP connected: interval=12
   5.704  DLE updated: tx_max=251 rx_max=27
   5.764  PHY updated: tx=2 rx=2
   5.884  DLE updated: tx_max=251 rx_max=251
   5.884  CoC up — seg_recv sink ready (RX_CREDITS=64, MPS=247)
   6.728  SINK rx: 32 KB/s (33126 B / 1000 ms) fsu=0 | cum_total=33126 B cum_segs=139 | UP sent=538 eagain=0 lasterr=0 txcred=0 host_pulls=0
   7.772  SINK rx: 50 KB/s (51840 B / 1000 ms) fsu=0 | cum_total=84966 B cum_segs=355 | UP sent=1008 eagain=0 lasterr=0 txcred=21 host_pulls=0
   8.753  SINK rx: 56 KB/s (58080 B / 1000 ms) fsu=0 | cum_total=143046 B cum_segs=597 | UP sent=1495 eagain=0 lasterr=0 txcred=27 host_pulls=0
   9.777  SINK rx: 52 KB/s (53280 B / 1000 ms) fsu=0 | cum_total=196326 B cum_segs=819 | UP sent=1935 eagain=0 lasterr=0 txcred=38 host_pulls=0
  10.808  SINK rx: 52 KB/s (54005 B / 1000 ms) fsu=0 | cum_total=250331 B cum_segs=1044 | UP sent=2369 eagain=0 lasterr=0 txcred=14 host_pulls=0
  11.825  SINK rx: 49 KB/s (51115 B / 1000 ms) fsu=0 | cum_total=301446 B cum_segs=1257 | UP sent=2835 eagain=0 lasterr=0 txcred=40 host_pulls=0
  12.800  SINK rx: 52 KB/s (54240 B / 1000 ms) fsu=0 | cum_total=355686 B cum_segs=1483 | UP sent=3270 eagain=0 lasterr=0 txcred=15 host_pulls=0
  13.818  SINK rx: 53 KB/s (54720 B / 1000 ms) fsu=0 | cum_total=410406 B cum_segs=1711 | UP sent=3751 eagain=0 lasterr=0 txcred=26 host_pulls=0
  14.839  SINK rx: 52 KB/s (54005 B / 1000 ms) fsu=0 | cum_total=464411 B cum_segs=1936 | UP sent=4185 eagain=0 lasterr=0 txcred=2 host_pulls=0
  15.889  SINK rx: 53 KB/s (54720 B / 1000 ms) fsu=0 | cum_total=519131 B cum_segs=2164 | UP sent=4665 eagain=0 lasterr=0 txcred=54 host_pulls=0
  16.887  SINK rx: 55 KB/s (56875 B / 1000 ms) fsu=0 | cum_total=576006 B cum_segs=2401 | UP sent=5139 eagain=0 lasterr=0 txcred=32 host_pulls=0
  17.914  SINK rx: 53 KB/s (54720 B / 1000 ms) fsu=0 | cum_total=630726 B cum_segs=2629 | UP sent=5592 eagain=0 lasterr=0 txcred=30 host_pulls=0
  18.878  SINK rx: 52 KB/s (53525 B / 1000 ms) fsu=0 | cum_total=684251 B cum_segs=2852 | UP sent=6033 eagain=0 lasterr=0 txcred=39 host_pulls=0
  19.912  SINK rx: 48 KB/s (49195 B / 1000 ms) fsu=0 | cum_total=733446 B cum_segs=3057 | UP sent=6469 eagain=0 lasterr=0 txcred=55 host_pulls=0
  20.941  SINK rx: 56 KB/s (58325 B / 1000 ms) fsu=0 | cum_total=791771 B cum_segs=3300 | UP sent=6934 eagain=0 lasterr=0 txcred=0 host_pulls=0
  21.922  SINK rx: 53 KB/s (54955 B / 1000 ms) fsu=0 | cum_total=846726 B cum_segs=3529 | UP sent=7416 eagain=0 lasterr=0 txcred=10 host_pulls=0
  22.937  SINK rx: 52 KB/s (54005 B / 1000 ms) fsu=0 | cum_total=900731 B cum_segs=3754 | UP sent=7870 eagain=0 lasterr=0 txcred=47 host_pulls=0
  23.973  SINK rx: 57 KB/s (59040 B / 1000 ms) fsu=0 | cum_total=959771 B cum_segs=4000 | UP sent=8349 eagain=0 lasterr=0 txcred=20 host_pulls=0
  25.006  SINK rx: 53 KB/s (55200 B / 1000 ms) fsu=0 | cum_total=1014971 B cum_segs=4230 | UP sent=8830 eagain=0 lasterr=0 txcred=30 host_pulls=0
  25.975  SINK rx: 54 KB/s (56160 B / 1000 ms) fsu=0 | cum_total=1071131 B cum_segs=4464 | UP sent=9318 eagain=0 lasterr=0 txcred=35 host_pulls=0
  27.001  SINK rx: 54 KB/s (56160 B / 1000 ms) fsu=0 | cum_total=1127291 B cum_segs=4698 | UP sent=9804 eagain=0 lasterr=0 txcred=41 host_pulls=0
  28.035  SINK rx: 55 KB/s (56875 B / 1000 ms) fsu=0 | cum_total=1184166 B cum_segs=4935 | UP sent=10250 eagain=0 lasterr=0 txcred=5 host_pulls=0
  29.056  SINK rx: 50 KB/s (52085 B / 1000 ms) fsu=0 | cum_total=1236251 B cum_segs=5152 | UP sent=10720 eagain=0 lasterr=0 txcred=27 host_pulls=0
  30.038  SINK rx: 56 KB/s (58080 B / 1000 ms) fsu=0 | cum_total=1294331 B cum_segs=5394 | UP sent=11194 eagain=0 lasterr=0 txcred=45 host_pulls=0
  31.081  SINK rx: 56 KB/s (57355 B / 1000 ms) fsu=0 | cum_total=1351686 B cum_segs=5633 | UP sent=11662 eagain=0 lasterr=0 txcred=28 host_pulls=0
  32.059  SINK rx: 56 KB/s (57845 B / 1000 ms) fsu=0 | cum_total=1409531 B cum_segs=5874 | UP sent=12155 eagain=0 lasterr=0 txcred=27 host_pulls=0
  33.096  SINK rx: 53 KB/s (55200 B / 1000 ms) fsu=0 | cum_total=1464731 B cum_segs=6104 | UP sent=12638 eagain=0 lasterr=0 txcred=36 host_pulls=0
  34.123  SINK rx: 54 KB/s (55915 B / 1000 ms) fsu=0 | cum_total=1520646 B cum_segs=6337 | UP sent=13109 eagain=0 lasterr=0 txcred=56 host_pulls=0
  35.124  SINK rx: 55 KB/s (56885 B / 1000 ms) fsu=0 | cum_total=1577531 B cum_segs=6574 | UP sent=13569 eagain=0 lasterr=0 txcred=7 host_pulls=0
  36.097  SINK rx: 50 KB/s (51360 B / 1000 ms) fsu=0 | cum_total=1628891 B cum_segs=6788 | UP sent=14022 eagain=0 lasterr=0 txcred=46 host_pulls=0
  37.141  SINK rx: 55 KB/s (57120 B / 1000 ms) fsu=0 | cum_total=1686011 B cum_segs=7026 | UP sent=14478 eagain=0 lasterr=0 txcred=0 host_pulls=0
  38.147  SINK rx: 54 KB/s (55680 B / 1000 ms) fsu=0 | cum_total=1741691 B cum_segs=7258 | UP sent=14968 eagain=0 lasterr=0 txcred=43 host_pulls=0
  39.157  SINK rx: 54 KB/s (55680 B / 1000 ms) fsu=0 | cum_total=1797371 B cum_segs=7490 | UP sent=15452 eagain=0 lasterr=0 txcred=51 host_pulls=0
