   0.282  SINK rx: 180 KB/s (185045 B / 1000 ms) fsu=52 | cum_total=2303771 B cum_segs=9600 | UP sent=15982 eagain=0 lasterr=-128 txcred=64 host_pulls=0
   1.291  SINK rx: 180 KB/s (185035 B / 1000 ms) fsu=52 | cum_total=2488806 B cum_segs=10371 | UP sent=15982 eagain=0 lasterr=-128 txcred=64 host_pulls=0
   1.690  *** Booting Zephyr OS build v4.4.2-16-gfee9fbc62095 ***
   1.690  
   1.690  === nRF52 L2CAP CoC SINK (Zephyr 4.4.1, seg_recv) ===
   1.690  L2CAP server on PSM 0x0080
   1.690  Advertising as 'zenoh-nrf-l2cap'
   5.643  GAP connected: interval=12
   5.703  DLE updated: tx_max=251 rx_max=27
   5.763  PHY updated: tx=2 rx=2
   5.823  DLE updated: tx_max=251 rx_max=251
   5.883  CoC up — seg_recv sink ready (RX_CREDITS=64, MPS=247)
   5.943  Q3FSU-DONE role=P status=0x00 spacing=52 types=0x3 phys=0x2 initiator=2
   6.768  SINK rx: 34 KB/s (35046 B / 1000 ms) fsu=52 | cum_total=35046 B cum_segs=147 | UP sent=620 eagain=0 lasterr=0 txcred=23 host_pulls=0
   7.774  SINK rx: 62 KB/s (63605 B / 1000 ms) fsu=52 | cum_total=98651 B cum_segs=412 | UP sent=1136 eagain=0 lasterr=0 txcred=40 host_pulls=0
   8.785  SINK rx: 58 KB/s (60235 B / 1000 ms) fsu=52 | cum_total=158886 B cum_segs=663 | UP sent=1639 eagain=0 lasterr=0 txcred=29 host_pulls=0
   9.781  SINK rx: 61 KB/s (62880 B / 1000 ms) fsu=52 | cum_total=221766 B cum_segs=925 | UP sent=2153 eagain=0 lasterr=0 txcred=7 host_pulls=0
  10.792  SINK rx: 57 KB/s (59040 B / 1000 ms) fsu=52 | cum_total=280806 B cum_segs=1171 | UP sent=2690 eagain=0 lasterr=0 txcred=43 host_pulls=0
  11.830  SINK rx: 63 KB/s (65525 B / 1000 ms) fsu=52 | cum_total=346331 B cum_segs=1444 | UP sent=3217 eagain=0 lasterr=0 txcred=8 host_pulls=0
  12.831  SINK rx: 60 KB/s (62400 B / 1000 ms) fsu=52 | cum_total=408731 B cum_segs=1704 | UP sent=3733 eagain=0 lasterr=0 txcred=26 host_pulls=0
  13.849  SINK rx: 57 KB/s (59040 B / 1000 ms) fsu=52 | cum_total=467771 B cum_segs=1950 | UP sent=4251 eagain=0 lasterr=0 txcred=41 host_pulls=0
  14.851  SINK rx: 60 KB/s (61440 B / 1000 ms) fsu=52 | cum_total=529211 B cum_segs=2206 | UP sent=4779 eagain=0 lasterr=0 txcred=46 host_pulls=0
  15.857  SINK rx: 62 KB/s (63595 B / 1000 ms) fsu=52 | cum_total=592806 B cum_segs=2471 | UP sent=5295 eagain=0 lasterr=0 txcred=22 host_pulls=0
  16.851  SINK rx: 59 KB/s (60480 B / 1000 ms) fsu=52 | cum_total=653286 B cum_segs=2723 | UP sent=5799 eagain=0 lasterr=0 txcred=10 host_pulls=0
  17.904  SINK rx: 59 KB/s (61205 B / 1000 ms) fsu=52 | cum_total=714491 B cum_segs=2978 | UP sent=6349 eagain=0 lasterr=0 txcred=34 host_pulls=0
  18.895  SINK rx: 64 KB/s (65760 B / 1000 ms) fsu=52 | cum_total=780251 B cum_segs=3252 | UP sent=6874 eagain=0 lasterr=0 txcred=1 host_pulls=0
  19.937  SINK rx: 60 KB/s (62155 B / 1000 ms) fsu=52 | cum_total=842406 B cum_segs=3511 | UP sent=7428 eagain=0 lasterr=0 txcred=21 host_pulls=0
  20.941  SINK rx: 63 KB/s (64800 B / 1000 ms) fsu=52 | cum_total=907206 B cum_segs=3781 | UP sent=7949 eagain=0 lasterr=0 txcred=33 host_pulls=0
  21.952  SINK rx: 60 KB/s (62400 B / 1000 ms) fsu=52 | cum_total=969606 B cum_segs=4041 | UP sent=8462 eagain=0 lasterr=0 txcred=53 host_pulls=0
  22.953  SINK rx: 57 KB/s (59040 B / 1000 ms) fsu=52 | cum_total=1028646 B cum_segs=4287 | UP sent=8994 eagain=0 lasterr=0 txcred=54 host_pulls=0
  23.956  SINK rx: 58 KB/s (60245 B / 1000 ms) fsu=52 | cum_total=1088891 B cum_segs=4538 | UP sent=9504 eagain=0 lasterr=0 txcred=35 host_pulls=0
  24.962  SINK rx: 59 KB/s (60480 B / 1000 ms) fsu=52 | cum_total=1149371 B cum_segs=4790 | UP sent=10009 eagain=0 lasterr=0 txcred=23 host_pulls=0
  25.965  SINK rx: 62 KB/s (64075 B / 1000 ms) fsu=52 | cum_total=1213446 B cum_segs=5057 | UP sent=10524 eagain=0 lasterr=0 txcred=0 host_pulls=0
  27.036  SINK rx: 59 KB/s (61205 B / 1000 ms) fsu=52 | cum_total=1274651 B cum_segs=5312 | UP sent=11039 eagain=0 lasterr=0 txcred=58 host_pulls=0
  28.035  SINK rx: 58 KB/s (60000 B / 1000 ms) fsu=52 | cum_total=1334651 B cum_segs=5562 | UP sent=11579 eagain=0 lasterr=0 txcred=52 host_pulls=0
  29.027  SINK rx: 62 KB/s (63840 B / 1000 ms) fsu=52 | cum_total=1398491 B cum_segs=5828 | UP sent=12096 eagain=0 lasterr=0 txcred=27 host_pulls=0
  30.045  SINK rx: 61 KB/s (63115 B / 1000 ms) fsu=52 | cum_total=1461606 B cum_segs=6091 | UP sent=12629 eagain=0 lasterr=0 txcred=27 host_pulls=0
  31.057  SINK rx: 60 KB/s (62165 B / 1000 ms) fsu=52 | cum_total=1523771 B cum_segs=6350 | UP sent=13164 eagain=0 lasterr=0 txcred=24 host_pulls=0
  32.055  SINK rx: 62 KB/s (63595 B / 1000 ms) fsu=52 | cum_total=1587366 B cum_segs=6615 | UP sent=13680 eagain=0 lasterr=0 txcred=0 host_pulls=0
  33.059  SINK rx: 59 KB/s (61205 B / 1000 ms) fsu=52 | cum_total=1648571 B cum_segs=6870 | UP sent=14190 eagain=0 lasterr=0 txcred=24 host_pulls=0
  34.128  SINK rx: 60 KB/s (62155 B / 1000 ms) fsu=52 | cum_total=1710726 B cum_segs=7129 | UP sent=14742 eagain=0 lasterr=0 txcred=46 host_pulls=0
  35.119  SINK rx: 61 KB/s (63360 B / 1000 ms) fsu=52 | cum_total=1774086 B cum_segs=7393 | UP sent=15257 eagain=0 lasterr=0 txcred=23 host_pulls=0
  36.099  SINK rx: 60 KB/s (61440 B / 1000 ms) fsu=52 | cum_total=1835526 B cum_segs=7649 | UP sent=15779 eagain=0 lasterr=0 txcred=34 host_pulls=0
  37.166  SINK rx: 60 KB/s (61685 B / 1000 ms) fsu=52 | cum_total=1897211 B cum_segs=7906 | UP sent=16317 eagain=0 lasterr=0 txcred=29 host_pulls=0
  38.181  SINK rx: 56 KB/s (57355 B / 1000 ms) fsu=52 | cum_total=1954566 B cum_segs=8145 | UP sent=16808 eagain=0 lasterr=0 txcred=30 host_pulls=0
  39.181  SINK rx: 64 KB/s (65760 B / 1000 ms) fsu=52 | cum_total=2020326 B cum_segs=8419 | UP sent=17330 eagain=0 lasterr=0 txcred=0 host_pulls=0
