   0.180  CENRX cum_total=765916 B
   1.159  CENRX cum_total=825208 B
   2.155  CENRX cum_total=845948 B
   3.179  CENRX cum_total=845948 B
   4.209  CENRX cum_total=845948 B
   5.193  RPT occ: events=0 mean_pkts/ev=0.00 max=0 nonempty_ev=0 fsu=0 | sender: sent=3360(+1523 SDU) eagain=0(+0) poolfail=0(+0)
   5.193  CENRX cum_total=845948 B
   5.590  L2CAP disconnected
   5.590  GAP disconnected 0x08
   5.590  scan start rc=0
   5.650  found D6:C7:60:B1:D3:0E (random) (rssi -51), connecting
   5.651  Q2CONN AA=db7e170d CRCINIT=42cf30 hop=8 chan_count=37 map=ffffffff1f
   5.651  GAP connected
   5.651  phy req rc=0
   5.704  DLE: tx_max=27 rx_max=251
   5.764  PHY: tx=2 rx=2 (2=2M)
   5.764  dle req rc=0
   5.825  DLE: tx_max=251 rx_max=251
   5.825  l2cap_chan_connect rc=0
   5.883  L2CAP connected: tx.mtu=512 tx.mps=247 tx.credits=0 rx.mtu=512 rx.mps=247
   5.884  GATE conn: interval=12 (units 1.25ms) => 15.00 ms
   5.884  Q3FSU-REQ role=C auto min=150 max=150 phys=0x2 rc=0
   6.175  blasting 480-byte SDUs...
   6.175  CENRX cum_total=892552 B
   7.206  CENRX cum_total=997960 B
   8.183  CENRX cum_total=1111176 B
   9.196  CENRX cum_total=1223904 B
  10.179  CENRX cum_total=1330532 B
  11.212  CENRX cum_total=1439844 B
  12.226  CENRX cum_total=1547448 B
  13.200  CENRX cum_total=1657492 B
  14.202  CENRX cum_total=1771440 B
  15.181  RPT occ: events=0 mean_pkts/ev=0.00 max=0 nonempty_ev=0 fsu=0 | sender: sent=4391(+1031 SDU) eagain=0(+0) poolfail=0(+0)
  15.239  CENRX cum_total=1878068 B
  16.223  CENRX cum_total=1993724 B
  17.234  CENRX cum_total=2106696 B
  18.209  CENRX cum_total=2217960 B
  19.212  CENRX cum_total=2321660 B
  20.260  CENRX cum_total=2428288 B
  21.225  CENRX cum_total=2542968 B
  22.264  CENRX cum_total=2660088 B
  23.237  CENRX cum_total=2769644 B
  24.265  CENRX cum_total=2886520 B
  25.164  RPT occ: events=0 mean_pkts/ev=0.00 max=0 nonempty_ev=0 fsu=0 | sender: sent=5519(+1128 SDU) eagain=0(+0) poolfail=0(+0)
  25.276  CENRX cum_total=3001200 B
  26.258  CENRX cum_total=3119784 B
  27.234  CENRX cum_total=3232512 B
  28.248  CENRX cum_total=3341824 B
  29.237  CENRX cum_total=3457236 B
  30.275  CENRX cum_total=3567280 B
  31.256  CENRX cum_total=3686108 B
  32.284  CENRX cum_total=3803960 B
  33.259  CENRX cum_total=3919128 B
  34.242  CENRX cum_total=4032100 B
  35.181  RPT occ: events=0 mean_pkts/ev=0.00 max=0 nonempty_ev=0 fsu=0 | sender: sent=6667(+1148 SDU) eagain=0(+0) poolfail=0(+0)
  35.295  CENRX cum_total=4145072 B
  36.272  CENRX cum_total=4254628 B
  37.249  CENRX cum_total=4366624 B
  38.300  CENRX cum_total=4483012 B
  39.275  CENRX cum_total=4599644 B
