   0.227  SINK rx: 181 KB/s (185525 B / 1000 ms) fsu=52 | cum_total=2338811 B cum_segs=9746 | UP sent=15677 eagain=0 lasterr=-128 txcred=64 host_pulls=0
   1.249  SINK rx: 182 KB/s (186475 B / 1000 ms) fsu=52 | cum_total=2525286 B cum_segs=10523 | UP sent=15677 eagain=0 lasterr=-128 txcred=64 host_pulls=0
   1.694  *** Booting Zephyr OS build v4.4.2-16-gfee9fbc62095 ***
   1.694  
   1.694  === nRF52 L2CAP CoC SINK (Zephyr 4.4.1, seg_recv) ===
   1.694  L2CAP server on PSM 0x0080
   1.754  Advertising as 'zenoh-nrf-l2cap'
   5.665  GAP connected: interval=20
   5.777  DLE updated: tx_max=251 rx_max=27
   5.832  PHY updated: tx=2 rx=2
   5.998  DLE updated: tx_max=251 rx_max=251
   5.998  CoC up — seg_recv sink ready (RX_CREDITS=64, MPS=247)
   6.118  Q3FSU-DONE role=P status=0x00 spacing=52 types=0x3 phys=0x2 initiator=2
   6.753  SINK rx: 29 KB/s (30491 B / 1000 ms) fsu=52 | cum_total=30491 B cum_segs=128 | UP sent=564 eagain=0 lasterr=0 txcred=38 host_pulls=0
   7.749  SINK rx: 62 KB/s (64075 B / 1000 ms) fsu=52 | cum_total=94566 B cum_segs=395 | UP sent=1126 eagain=0 lasterr=0 txcred=50 host_pulls=0
   8.767  SINK rx: 66 KB/s (68160 B / 1000 ms) fsu=52 | cum_total=162726 B cum_segs=679 | UP sent=1677 eagain=0 lasterr=0 txcred=32 host_pulls=0
   9.803  SINK rx: 64 KB/s (66005 B / 1000 ms) fsu=52 | cum_total=228731 B cum_segs=954 | UP sent=2230 eagain=0 lasterr=0 txcred=12 host_pulls=0
  10.839  SINK rx: 65 KB/s (67200 B / 1000 ms) fsu=52 | cum_total=295931 B cum_segs=1234 | UP sent=2804 eagain=0 lasterr=0 txcred=12 host_pulls=0
  11.804  SINK rx: 62 KB/s (63595 B / 1000 ms) fsu=52 | cum_total=359526 B cum_segs=1499 | UP sent=3350 eagain=0 lasterr=0 txcred=40 host_pulls=0
  12.832  SINK rx: 67 KB/s (68885 B / 1000 ms) fsu=52 | cum_total=428411 B cum_segs=1786 | UP sent=3919 eagain=0 lasterr=0 txcred=45 host_pulls=0
  13.853  SINK rx: 64 KB/s (65995 B / 1000 ms) fsu=52 | cum_total=494406 B cum_segs=2061 | UP sent=4471 eagain=0 lasterr=0 txcred=26 host_pulls=0
  14.886  SINK rx: 61 KB/s (63360 B / 1000 ms) fsu=52 | cum_total=557766 B cum_segs=2325 | UP sent=5030 eagain=0 lasterr=0 txcred=41 host_pulls=0
  15.858  SINK rx: 65 KB/s (67445 B / 1000 ms) fsu=52 | cum_total=625211 B cum_segs=2606 | UP sent=5564 eagain=0 lasterr=0 txcred=39 host_pulls=0
  16.897  SINK rx: 59 KB/s (60960 B / 1000 ms) fsu=52 | cum_total=686171 B cum_segs=2860 | UP sent=6111 eagain=0 lasterr=0 txcred=26 host_pulls=0
  17.919  SINK rx: 65 KB/s (66955 B / 1000 ms) fsu=52 | cum_total=753126 B cum_segs=3139 | UP sent=6629 eagain=0 lasterr=0 txcred=0 host_pulls=0
  18.904  SINK rx: 57 KB/s (59040 B / 1000 ms) fsu=52 | cum_total=812166 B cum_segs=3385 | UP sent=7177 eagain=0 lasterr=0 txcred=26 host_pulls=0
  19.924  SINK rx: 59 KB/s (60480 B / 1000 ms) fsu=52 | cum_total=872646 B cum_segs=3637 | UP sent=7686 eagain=0 lasterr=0 txcred=50 host_pulls=0
  20.968  SINK rx: 64 KB/s (66485 B / 1000 ms) fsu=52 | cum_total=939131 B cum_segs=3914 | UP sent=8214 eagain=0 lasterr=0 txcred=14 host_pulls=0
  21.969  SINK rx: 58 KB/s (60000 B / 1000 ms) fsu=52 | cum_total=999131 B cum_segs=4164 | UP sent=8757 eagain=0 lasterr=0 txcred=45 host_pulls=0
  22.953  SINK rx: 61 KB/s (62880 B / 1000 ms) fsu=52 | cum_total=1062011 B cum_segs=4426 | UP sent=9273 eagain=0 lasterr=0 txcred=21 host_pulls=0
  23.976  SINK rx: 63 KB/s (65035 B / 1000 ms) fsu=52 | cum_total=1127046 B cum_segs=4697 | UP sent=9801 eagain=0 lasterr=0 txcred=26 host_pulls=0
  25.017  SINK rx: 57 KB/s (59285 B / 1000 ms) fsu=52 | cum_total=1186331 B cum_segs=4944 | UP sent=10337 eagain=0 lasterr=0 txcred=23 host_pulls=0
  25.999  SINK rx: 66 KB/s (67915 B / 1000 ms) fsu=52 | cum_total=1254246 B cum_segs=5227 | UP sent=10871 eagain=0 lasterr=0 txcred=22 host_pulls=0
  26.994  SINK rx: 60 KB/s (61920 B / 1000 ms) fsu=52 | cum_total=1316166 B cum_segs=5485 | UP sent=11424 eagain=0 lasterr=0 txcred=43 host_pulls=0
  28.025  SINK rx: 64 KB/s (66240 B / 1000 ms) fsu=52 | cum_total=1382406 B cum_segs=5761 | UP sent=11951 eagain=0 lasterr=0 txcred=8 host_pulls=0
  29.039  SINK rx: 61 KB/s (62880 B / 1000 ms) fsu=52 | cum_total=1445286 B cum_segs=6023 | UP sent=12507 eagain=0 lasterr=0 txcred=25 host_pulls=0
  30.076  SINK rx: 63 KB/s (65525 B / 1000 ms) fsu=52 | cum_total=1510811 B cum_segs=6296 | UP sent=13039 eagain=0 lasterr=0 txcred=27 host_pulls=0
  31.095  SINK rx: 60 KB/s (61440 B / 1000 ms) fsu=52 | cum_total=1572251 B cum_segs=6552 | UP sent=13582 eagain=0 lasterr=0 txcred=16 host_pulls=0
  32.080  SINK rx: 64 KB/s (66475 B / 1000 ms) fsu=52 | cum_total=1638726 B cum_segs=6829 | UP sent=14125 eagain=0 lasterr=0 txcred=48 host_pulls=0
  33.106  SINK rx: 57 KB/s (59285 B / 1000 ms) fsu=52 | cum_total=1698011 B cum_segs=7076 | UP sent=14653 eagain=0 lasterr=0 txcred=53 host_pulls=0
  34.097  SINK rx: 66 KB/s (67915 B / 1000 ms) fsu=52 | cum_total=1765926 B cum_segs=7359 | UP sent=15187 eagain=0 lasterr=0 txcred=11 host_pulls=0
  35.131  SINK rx: 59 KB/s (60480 B / 1000 ms) fsu=52 | cum_total=1826406 B cum_segs=7611 | UP sent=15734 eagain=0 lasterr=0 txcred=38 host_pulls=0
  36.114  SINK rx: 64 KB/s (66240 B / 1000 ms) fsu=52 | cum_total=1892646 B cum_segs=7887 | UP sent=16261 eagain=0 lasterr=0 txcred=3 host_pulls=0
  37.156  SINK rx: 60 KB/s (61920 B / 1000 ms) fsu=52 | cum_total=1954566 B cum_segs=8145 | UP sent=16814 eagain=0 lasterr=0 txcred=24 host_pulls=0
  38.182  SINK rx: 65 KB/s (67445 B / 1000 ms) fsu=52 | cum_total=2022011 B cum_segs=8426 | UP sent=17346 eagain=0 lasterr=0 txcred=25 host_pulls=0
  39.163  SINK rx: 59 KB/s (60715 B / 1000 ms) fsu=52 | cum_total=2082726 B cum_segs=8679 | UP sent=17894 eagain=0 lasterr=0 txcred=51 host_pulls=0
