   1.675  *** Booting Zephyr OS build v4.4.2-16-gfee9fbc62095 ***
   1.675  
   1.730  === nRF52 L2CAP CoC SINK (Zephyr 4.4.1, seg_recv) ===
   1.730  L2CAP server on PSM 0x0080
   1.730  Advertising as 'zenoh-nrf-l2cap'
   2.049  GAP connected: interval=12
   2.210  PHY updated: tx=2 rx=2
   2.265  DLE updated: tx_max=27 rx_max=251
   2.265  CoC up — seg_recv sink ready (RX_CREDITS=64, MPS=247)
   2.750  SINK rx: 15 KB/s (15611 B / 1000 ms) fsu=0 | cum_total=15611 B cum_segs=66
   3.755  SINK rx: 154 KB/s (158635 B / 1000 ms) fsu=0 | cum_total=174246 B cum_segs=727
   4.783  SINK rx: 154 KB/s (158645 B / 1000 ms) fsu=0 | cum_total=332891 B cum_segs=1388
   5.781  SINK rx: 156 KB/s (160555 B / 1000 ms) fsu=0 | cum_total=493446 B cum_segs=2057
   6.753  SINK rx: 156 KB/s (159840 B / 1000 ms) fsu=0 | cum_total=653286 B cum_segs=2723
   7.783  SINK rx: 156 KB/s (159840 B / 1000 ms) fsu=0 | cum_total=813126 B cum_segs=3389
   8.802  SINK rx: 156 KB/s (160085 B / 1000 ms) fsu=0 | cum_total=973211 B cum_segs=4056
   9.813  SINK rx: 145 KB/s (149280 B / 1000 ms) fsu=0 | cum_total=1122491 B cum_segs=4678
  10.822  SINK rx: 147 KB/s (150955 B / 1000 ms) fsu=0 | cum_total=1273446 B cum_segs=5307
  11.792  SINK rx: 139 KB/s (142560 B / 1000 ms) fsu=0 | cum_total=1416006 B cum_segs=5901
  12.819  SINK rx: 151 KB/s (155040 B / 1000 ms) fsu=0 | cum_total=1571046 B cum_segs=6547
  13.826  SINK rx: 147 KB/s (151445 B / 1000 ms) fsu=0 | cum_total=1722491 B cum_segs=7178
  14.843  SINK rx: 157 KB/s (161280 B / 1000 ms) fsu=0 | cum_total=1883771 B cum_segs=7850
  15.871  SINK rx: 157 KB/s (161035 B / 1000 ms) fsu=0 | cum_total=2044806 B cum_segs=8521
  16.847  SINK rx: 157 KB/s (161280 B / 1000 ms) fsu=0 | cum_total=2206086 B cum_segs=9193
  17.874  SINK rx: 157 KB/s (160800 B / 1000 ms) fsu=0 | cum_total=2366886 B cum_segs=9863
  18.853  SINK rx: 157 KB/s (160800 B / 1000 ms) fsu=0 | cum_total=2527686 B cum_segs=10533
  19.885  SINK rx: 157 KB/s (161280 B / 1000 ms) fsu=0 | cum_total=2688966 B cum_segs=11205
  20.911  SINK rx: 155 KB/s (158880 B / 1000 ms) fsu=0 | cum_total=2847846 B cum_segs=11867
  21.873  SINK rx: 149 KB/s (153365 B / 1000 ms) fsu=0 | cum_total=3001211 B cum_segs=12506
  22.888  SINK rx: 157 KB/s (161035 B / 1000 ms) fsu=0 | cum_total=3162246 B cum_segs=13177
  23.902  SINK rx: 157 KB/s (161525 B / 1000 ms) fsu=0 | cum_total=3323771 B cum_segs=13850
  24.919  SINK rx: 154 KB/s (158400 B / 1000 ms) fsu=0 | cum_total=3482171 B cum_segs=14510
  25.947  SINK rx: 154 KB/s (157920 B / 1000 ms) fsu=0 | cum_total=3640091 B cum_segs=15168
  26.921  SINK rx: 155 KB/s (159115 B / 1000 ms) fsu=0 | cum_total=3799206 B cum_segs=15831
  27.949  SINK rx: 157 KB/s (161045 B / 1000 ms) fsu=0 | cum_total=3960251 B cum_segs=16502
  28.976  SINK rx: 153 KB/s (157675 B / 1000 ms) fsu=0 | cum_total=4117926 B cum_segs=17159
  29.948  SINK rx: 156 KB/s (160565 B / 1000 ms) fsu=0 | cum_total=4278491 B cum_segs=17828
