   1.683  *** Booting Zephyr OS build v4.4.2-16-gfee9fbc62095 ***
   1.683  
   1.683  === nRF52 L2CAP CoC SINK (Zephyr 4.4.1, seg_recv) ===
   1.683  L2CAP server on PSM 0x0080
   1.683  Advertising as 'zenoh-nrf-l2cap'
   2.058  GAP connected: interval=30
   2.377  PHY updated: tx=2 rx=2
   2.598  DLE updated: tx_max=27 rx_max=251
   2.598  CoC up — seg_recv sink ready (RX_CREDITS=64, MPS=247)
   2.706  Q3FSU-DONE role=P status=0x00 spacing=52 types=0x3 phys=0x2 initiator=2
   2.706  SINK rx: 0 KB/s (6 B / 1000 ms) fsu=52 | cum_total=6 B cum_segs=1
   3.739  SINK rx: 147 KB/s (151200 B / 1000 ms) fsu=52 | cum_total=151206 B cum_segs=631
   4.774  SINK rx: 188 KB/s (193205 B / 1000 ms) fsu=52 | cum_total=344411 B cum_segs=1436
   5.740  SINK rx: 188 KB/s (193195 B / 1000 ms) fsu=52 | cum_total=537606 B cum_segs=2241
   6.774  SINK rx: 182 KB/s (186485 B / 1000 ms) fsu=52 | cum_total=724091 B cum_segs=3018
   7.794  SINK rx: 188 KB/s (193195 B / 1000 ms) fsu=52 | cum_total=917286 B cum_segs=3823
   8.772  SINK rx: 182 KB/s (186485 B / 1000 ms) fsu=52 | cum_total=1103771 B cum_segs=4600
   9.799  SINK rx: 188 KB/s (193440 B / 1000 ms) fsu=52 | cum_total=1297211 B cum_segs=5406
  10.777  SINK rx: 181 KB/s (185995 B / 1000 ms) fsu=52 | cum_total=1483206 B cum_segs=6181
  11.792  SINK rx: 188 KB/s (192960 B / 1000 ms) fsu=52 | cum_total=1676166 B cum_segs=6985
  12.819  SINK rx: 183 KB/s (188405 B / 1000 ms) fsu=52 | cum_total=1864571 B cum_segs=7770
  13.804  SINK rx: 189 KB/s (193675 B / 1000 ms) fsu=52 | cum_total=2058246 B cum_segs=8577
  14.833  SINK rx: 187 KB/s (192245 B / 1000 ms) fsu=52 | cum_total=2250491 B cum_segs=9378
  15.862  SINK rx: 188 KB/s (192715 B / 1000 ms) fsu=52 | cum_total=2443206 B cum_segs=10181
  16.836  SINK rx: 185 KB/s (189600 B / 1000 ms) fsu=52 | cum_total=2632806 B cum_segs=10971
  17.873  SINK rx: 189 KB/s (193920 B / 1000 ms) fsu=52 | cum_total=2826726 B cum_segs=11779
  18.856  SINK rx: 182 KB/s (186485 B / 1000 ms) fsu=52 | cum_total=3013211 B cum_segs=12556
  19.877  SINK rx: 189 KB/s (193675 B / 1000 ms) fsu=52 | cum_total=3206886 B cum_segs=13363
  20.908  SINK rx: 188 KB/s (192725 B / 1000 ms) fsu=52 | cum_total=3399611 B cum_segs=14166
  21.885  SINK rx: 185 KB/s (189600 B / 1000 ms) fsu=52 | cum_total=3589211 B cum_segs=14956
  22.914  SINK rx: 184 KB/s (189355 B / 1000 ms) fsu=52 | cum_total=3778566 B cum_segs=15745
  23.940  SINK rx: 186 KB/s (190805 B / 1000 ms) fsu=52 | cum_total=3969371 B cum_segs=16540
  24.911  SINK rx: 188 KB/s (192715 B / 1000 ms) fsu=52 | cum_total=4162086 B cum_segs=17343
  25.946  SINK rx: 183 KB/s (187925 B / 1000 ms) fsu=52 | cum_total=4350011 B cum_segs=18126
  26.967  SINK rx: 188 KB/s (192960 B / 1000 ms) fsu=52 | cum_total=4542971 B cum_segs=18930
  27.941  SINK rx: 180 KB/s (184555 B / 1000 ms) fsu=52 | cum_total=4727526 B cum_segs=19699
  28.972  SINK rx: 183 KB/s (188160 B / 1000 ms) fsu=52 | cum_total=4915686 B cum_segs=20483
  29.952  SINK rx: 188 KB/s (192725 B / 1000 ms) fsu=52 | cum_total=5108411 B cum_segs=21286
