   1.672  *** Booting Zephyr OS build v4.4.2-16-gfee9fbc62095 ***
   1.672  
   1.672  === nRF52 L2CAP CoC SINK (Zephyr 4.4.1, seg_recv) ===
   1.672  L2CAP server on PSM 0x0080
   1.726  Advertising as 'zenoh-nrf-l2cap'
   1.997  GAP connected: interval=20
   2.159  PHY updated: tx=2 rx=2
   2.325  DLE updated: tx_max=27 rx_max=251
   2.325  CoC up — seg_recv sink ready (RX_CREDITS=64, MPS=247)
   2.707  SINK rx: 11 KB/s (12006 B / 1000 ms) fsu=0 | cum_total=12006 B cum_segs=51
   3.748  SINK rx: 160 KB/s (163925 B / 1000 ms) fsu=0 | cum_total=175931 B cum_segs=734
   4.766  SINK rx: 157 KB/s (161760 B / 1000 ms) fsu=0 | cum_total=337691 B cum_segs=1408
   5.747  SINK rx: 160 KB/s (164160 B / 1000 ms) fsu=0 | cum_total=501851 B cum_segs=2092
   6.773  SINK rx: 157 KB/s (161035 B / 1000 ms) fsu=0 | cum_total=662886 B cum_segs=2763
   7.796  SINK rx: 156 KB/s (159840 B / 1000 ms) fsu=0 | cum_total=822726 B cum_segs=3429
   8.777  SINK rx: 155 KB/s (159125 B / 1000 ms) fsu=0 | cum_total=981851 B cum_segs=4092
   9.803  SINK rx: 159 KB/s (163435 B / 1000 ms) fsu=0 | cum_total=1145286 B cum_segs=4773
  10.824  SINK rx: 157 KB/s (161045 B / 1000 ms) fsu=0 | cum_total=1306331 B cum_segs=5444
  11.790  SINK rx: 159 KB/s (163680 B / 1000 ms) fsu=0 | cum_total=1470011 B cum_segs=6126
  12.819  SINK rx: 160 KB/s (163915 B / 1000 ms) fsu=0 | cum_total=1633926 B cum_segs=6809
  13.846  SINK rx: 158 KB/s (162240 B / 1000 ms) fsu=0 | cum_total=1796166 B cum_segs=7485
  14.821  SINK rx: 159 KB/s (163445 B / 1000 ms) fsu=0 | cum_total=1959611 B cum_segs=8166
  15.850  SINK rx: 154 KB/s (157920 B / 1000 ms) fsu=0 | cum_total=2117531 B cum_segs=8824
  16.819  SINK rx: 159 KB/s (163435 B / 1000 ms) fsu=0 | cum_total=2280966 B cum_segs=9505
  17.849  SINK rx: 149 KB/s (152885 B / 1000 ms) fsu=0 | cum_total=2433851 B cum_segs=10142
  18.884  SINK rx: 160 KB/s (163915 B / 1000 ms) fsu=0 | cum_total=2597766 B cum_segs=10825
  19.853  SINK rx: 159 KB/s (163445 B / 1000 ms) fsu=0 | cum_total=2761211 B cum_segs=11506
  20.866  SINK rx: 159 KB/s (162955 B / 1000 ms) fsu=0 | cum_total=2924166 B cum_segs=12185
  21.904  SINK rx: 160 KB/s (164160 B / 1000 ms) fsu=0 | cum_total=3088326 B cum_segs=12869
  22.880  SINK rx: 157 KB/s (161280 B / 1000 ms) fsu=0 | cum_total=3249606 B cum_segs=13541
  23.918  SINK rx: 159 KB/s (162965 B / 1000 ms) fsu=0 | cum_total=3412571 B cum_segs=14220
  24.889  SINK rx: 155 KB/s (159115 B / 1000 ms) fsu=0 | cum_total=3571686 B cum_segs=14883
  25.917  SINK rx: 156 KB/s (160085 B / 1000 ms) fsu=0 | cum_total=3731771 B cum_segs=15550
  26.957  SINK rx: 159 KB/s (163435 B / 1000 ms) fsu=0 | cum_total=3895206 B cum_segs=16231
  27.928  SINK rx: 160 KB/s (164160 B / 1000 ms) fsu=0 | cum_total=4059366 B cum_segs=16915
  28.960  SINK rx: 153 KB/s (157685 B / 1000 ms) fsu=0 | cum_total=4217051 B cum_segs=17572
  29.938  SINK rx: 157 KB/s (161515 B / 1000 ms) fsu=0 | cum_total=4378566 B cum_segs=18245
