   1.674  *** Booting Zephyr OS build v4.4.2-16-gfee9fbc62095 ***
   1.674  
   1.674  === nRF52 L2CAP CoC SINK (Zephyr 4.4.1, seg_recv) ===
   1.674  L2CAP server on PSM 0x0080
   1.674  Advertising as 'zenoh-nrf-l2cap'
   1.995  GAP connected: interval=30
   2.318  PHY updated: tx=2 rx=2
   2.483  DLE updated: tx_max=27 rx_max=251
   2.483  CoC up — seg_recv sink ready (RX_CREDITS=64, MPS=247)
   2.703  SINK rx: 0 KB/s (6 B / 1000 ms) fsu=0 | cum_total=6 B cum_segs=1
   3.731  SINK rx: 140 KB/s (143520 B / 1000 ms) fsu=0 | cum_total=143526 B cum_segs=599
   4.769  SINK rx: 162 KB/s (166560 B / 1000 ms) fsu=0 | cum_total=310086 B cum_segs=1293
   5.748  SINK rx: 157 KB/s (161525 B / 1000 ms) fsu=0 | cum_total=471611 B cum_segs=1966
   6.778  SINK rx: 162 KB/s (166315 B / 1000 ms) fsu=0 | cum_total=637926 B cum_segs=2659
   7.764  SINK rx: 162 KB/s (166560 B / 1000 ms) fsu=0 | cum_total=804486 B cum_segs=3353
   8.798  SINK rx: 163 KB/s (167040 B / 1000 ms) fsu=0 | cum_total=971526 B cum_segs=4049
   9.758  SINK rx: 163 KB/s (167765 B / 1000 ms) fsu=0 | cum_total=1139291 B cum_segs=4748
  10.787  SINK rx: 163 KB/s (167275 B / 1000 ms) fsu=0 | cum_total=1306566 B cum_segs=5445
  11.816  SINK rx: 155 KB/s (159125 B / 1000 ms) fsu=0 | cum_total=1465691 B cum_segs=6108
  12.797  SINK rx: 163 KB/s (167275 B / 1000 ms) fsu=0 | cum_total=1632966 B cum_segs=6805
  13.818  SINK rx: 151 KB/s (155285 B / 1000 ms) fsu=0 | cum_total=1788251 B cum_segs=7452
  14.831  SINK rx: 157 KB/s (161035 B / 1000 ms) fsu=0 | cum_total=1949286 B cum_segs=8123
  15.811  SINK rx: 164 KB/s (168000 B / 1000 ms) fsu=0 | cum_total=2117286 B cum_segs=8823
  16.840  SINK rx: 162 KB/s (166325 B / 1000 ms) fsu=0 | cum_total=2283611 B cum_segs=9516
  17.865  SINK rx: 163 KB/s (167040 B / 1000 ms) fsu=0 | cum_total=2450651 B cum_segs=10212
  18.889  SINK rx: 158 KB/s (162720 B / 1000 ms) fsu=0 | cum_total=2613371 B cum_segs=10890
  19.868  SINK rx: 158 KB/s (162720 B / 1000 ms) fsu=0 | cum_total=2776091 B cum_segs=11568
  20.902  SINK rx: 160 KB/s (164160 B / 1000 ms) fsu=0 | cum_total=2940251 B cum_segs=12252
  21.884  SINK rx: 161 KB/s (165120 B / 1000 ms) fsu=0 | cum_total=3105371 B cum_segs=12940
  22.914  SINK rx: 160 KB/s (164640 B / 1000 ms) fsu=0 | cum_total=3270011 B cum_segs=13626
  23.889  SINK rx: 163 KB/s (167275 B / 1000 ms) fsu=0 | cum_total=3437286 B cum_segs=14323
  24.921  SINK rx: 158 KB/s (162720 B / 1000 ms) fsu=0 | cum_total=3600006 B cum_segs=15001
  25.901  SINK rx: 163 KB/s (167765 B / 1000 ms) fsu=0 | cum_total=3767771 B cum_segs=15700
  26.940  SINK rx: 161 KB/s (165120 B / 1000 ms) fsu=0 | cum_total=3932891 B cum_segs=16388
  27.921  SINK rx: 163 KB/s (167520 B / 1000 ms) fsu=0 | cum_total=4100411 B cum_segs=17086
  28.937  SINK rx: 143 KB/s (146635 B / 1000 ms) fsu=0 | cum_total=4247046 B cum_segs=17697
  29.963  SINK rx: 158 KB/s (162005 B / 1000 ms) fsu=0 | cum_total=4409051 B cum_segs=18372
