   1.678  *** Booting Zephyr OS build v4.4.2-16-gfee9fbc62095 ***
   1.678  
   1.732  === nRF52 L2CAP CoC SINK (Zephyr 4.4.1, seg_recv) ===
   1.732  L2CAP server on PSM 0x0080
   1.732  Advertising as 'zenoh-nrf-l2cap'
   2.063  GAP connected: interval=40
   2.495  PHY updated: tx=2 rx=2
   2.710  DLE updated: tx_max=27 rx_max=251
   2.710  CoC up — seg_recv sink ready (RX_CREDITS=64, MPS=247)
   2.765  SINK rx: 0 KB/s (0 B / 1000 ms) fsu=0 | cum_total=0 B cum_segs=0
   3.739  SINK rx: 96 KB/s (98651 B / 1000 ms) fsu=0 | cum_total=98651 B cum_segs=412
   4.753  SINK rx: 157 KB/s (160800 B / 1000 ms) fsu=0 | cum_total=259451 B cum_segs=1082
   5.775  SINK rx: 162 KB/s (166080 B / 1000 ms) fsu=0 | cum_total=425531 B cum_segs=1774
   6.751  SINK rx: 156 KB/s (160320 B / 1000 ms) fsu=0 | cum_total=585851 B cum_segs=2442
   7.790  SINK rx: 165 KB/s (168960 B / 1000 ms) fsu=0 | cum_total=754811 B cum_segs=3146
   8.765  SINK rx: 162 KB/s (166315 B / 1000 ms) fsu=0 | cum_total=921126 B cum_segs=3839
   9.799  SINK rx: 157 KB/s (161280 B / 1000 ms) fsu=0 | cum_total=1082406 B cum_segs=4511
  10.820  SINK rx: 164 KB/s (168725 B / 1000 ms) fsu=0 | cum_total=1251131 B cum_segs=5214
  11.792  SINK rx: 148 KB/s (152160 B / 1000 ms) fsu=0 | cum_total=1403291 B cum_segs=5848
  12.819  SINK rx: 165 KB/s (168960 B / 1000 ms) fsu=0 | cum_total=1572251 B cum_segs=6552
  13.850  SINK rx: 164 KB/s (168235 B / 1000 ms) fsu=0 | cum_total=1740486 B cum_segs=7253
  14.826  SINK rx: 160 KB/s (164405 B / 1000 ms) fsu=0 | cum_total=1904891 B cum_segs=7938
  15.838  SINK rx: 142 KB/s (145920 B / 1000 ms) fsu=0 | cum_total=2050811 B cum_segs=8546
  16.862  SINK rx: 161 KB/s (165835 B / 1000 ms) fsu=0 | cum_total=2216646 B cum_segs=9237
  17.890  SINK rx: 161 KB/s (165365 B / 1000 ms) fsu=0 | cum_total=2382011 B cum_segs=9926
  18.855  SINK rx: 163 KB/s (167755 B / 1000 ms) fsu=0 | cum_total=2549766 B cum_segs=10625
  19.883  SINK rx: 151 KB/s (154805 B / 1000 ms) fsu=0 | cum_total=2704571 B cum_segs=11270
  20.913  SINK rx: 158 KB/s (161995 B / 1000 ms) fsu=0 | cum_total=2866566 B cum_segs=11945
  21.889  SINK rx: 157 KB/s (161525 B / 1000 ms) fsu=0 | cum_total=3028091 B cum_segs=12618
  22.925  SINK rx: 154 KB/s (157920 B / 1000 ms) fsu=0 | cum_total=3186011 B cum_segs=13276
  23.898  SINK rx: 158 KB/s (162720 B / 1000 ms) fsu=0 | cum_total=3348731 B cum_segs=13954
  24.930  SINK rx: 157 KB/s (161280 B / 1000 ms) fsu=0 | cum_total=3510011 B cum_segs=14626
  25.956  SINK rx: 158 KB/s (162240 B / 1000 ms) fsu=0 | cum_total=3672251 B cum_segs=15302
  26.935  SINK rx: 165 KB/s (168960 B / 1000 ms) fsu=0 | cum_total=3841211 B cum_segs=16006
  27.960  SINK rx: 160 KB/s (163915 B / 1000 ms) fsu=0 | cum_total=4005126 B cum_segs=16689
  28.982  SINK rx: 164 KB/s (168725 B / 1000 ms) fsu=0 | cum_total=4173851 B cum_segs=17392
  29.993  SINK rx: 164 KB/s (168715 B / 1000 ms) fsu=0 | cum_total=4342566 B cum_segs=18095
