   1.672  *** Booting Zephyr OS build v4.4.2-16-gfee9fbc62095 ***
   1.727  
   1.727  === nRF52 L2CAP CoC SINK (Zephyr 4.4.1, seg_recv) ===
   1.727  L2CAP server on PSM 0x0080
   1.727  Advertising as 'zenoh-nrf-l2cap'
   2.164  GAP connected: interval=40
   2.543  PHY updated: tx=2 rx=2
   2.818  DLE updated: tx_max=27 rx_max=251
   2.818  CoC up — seg_recv sink ready (RX_CREDITS=64, MPS=247)
   3.727  SINK rx: 87 KB/s (89766 B / 1000 ms) fsu=0 | cum_total=89766 B cum_segs=375
   4.753  SINK rx: 156 KB/s (160320 B / 1000 ms) fsu=0 | cum_total=250086 B cum_segs=1043
   5.780  SINK rx: 157 KB/s (161280 B / 1000 ms) fsu=0 | cum_total=411366 B cum_segs=1715
   6.758  SINK rx: 154 KB/s (157920 B / 1000 ms) fsu=0 | cum_total=569286 B cum_segs=2373
   7.786  SINK rx: 149 KB/s (152640 B / 1000 ms) fsu=0 | cum_total=721926 B cum_segs=3009
   8.759  SINK rx: 160 KB/s (164640 B / 1000 ms) fsu=0 | cum_total=886566 B cum_segs=3695
   9.776  SINK rx: 159 KB/s (162965 B / 1000 ms) fsu=0 | cum_total=1049531 B cum_segs=4374
  10.788  SINK rx: 159 KB/s (162955 B / 1000 ms) fsu=0 | cum_total=1212486 B cum_segs=5053
  11.822  SINK rx: 163 KB/s (167040 B / 1000 ms) fsu=0 | cum_total=1379526 B cum_segs=5749
  12.795  SINK rx: 160 KB/s (164405 B / 1000 ms) fsu=0 | cum_total=1543931 B cum_segs=6434
  13.813  SINK rx: 165 KB/s (168960 B / 1000 ms) fsu=0 | cum_total=1712891 B cum_segs=7138
  14.842  SINK rx: 165 KB/s (169675 B / 1000 ms) fsu=0 | cum_total=1882566 B cum_segs=7845
  15.813  SINK rx: 157 KB/s (160800 B / 1000 ms) fsu=0 | cum_total=2043366 B cum_segs=8515
  16.833  SINK rx: 165 KB/s (169440 B / 1000 ms) fsu=0 | cum_total=2212806 B cum_segs=9221
  17.864  SINK rx: 156 KB/s (160320 B / 1000 ms) fsu=0 | cum_total=2373126 B cum_segs=9889
  18.889  SINK rx: 159 KB/s (162965 B / 1000 ms) fsu=0 | cum_total=2536091 B cum_segs=10568
  19.864  SINK rx: 157 KB/s (161035 B / 1000 ms) fsu=0 | cum_total=2697126 B cum_segs=11239
  20.888  SINK rx: 157 KB/s (161280 B / 1000 ms) fsu=0 | cum_total=2858406 B cum_segs=11911
  21.867  SINK rx: 158 KB/s (162005 B / 1000 ms) fsu=0 | cum_total=3020411 B cum_segs=12586
  22.893  SINK rx: 145 KB/s (148800 B / 1000 ms) fsu=0 | cum_total=3169211 B cum_segs=13206
  23.912  SINK rx: 147 KB/s (151200 B / 1000 ms) fsu=0 | cum_total=3320411 B cum_segs=13836
  24.941  SINK rx: 157 KB/s (161035 B / 1000 ms) fsu=0 | cum_total=3481446 B cum_segs=14507
  25.907  SINK rx: 156 KB/s (160565 B / 1000 ms) fsu=0 | cum_total=3642011 B cum_segs=15176
  26.936  SINK rx: 159 KB/s (163435 B / 1000 ms) fsu=0 | cum_total=3805446 B cum_segs=15857
  27.963  SINK rx: 153 KB/s (157205 B / 1000 ms) fsu=0 | cum_total=3962651 B cum_segs=16512
  28.927  SINK rx: 155 KB/s (159115 B / 1000 ms) fsu=0 | cum_total=4121766 B cum_segs=17175
  29.949  SINK rx: 158 KB/s (162720 B / 1000 ms) fsu=0 | cum_total=4284486 B cum_segs=17853
