   1.690  *** Booting Zephyr OS build v4.4.2-16-gfee9fbc62095 ***
   1.690  
   1.690  === nRF52 L2CAP CoC SINK (Zephyr 4.4.1, seg_recv) ===
   1.690  L2CAP server on PSM 0x0080
   1.690  Advertising as 'zenoh-nrf-l2cap'
   2.009  GAP connected: interval=12
   2.118  PHY updated: tx=2 rx=2
   2.170  DLE updated: tx_max=27 rx_max=251
   2.170  CoC up — seg_recv sink ready (RX_CREDITS=64, MPS=247)
   2.281  Q3FSU-DONE role=P status=0x00 spacing=52 types=0x3 phys=0x2 initiator=2
   2.714  SINK rx: 29 KB/s (30246 B / 1000 ms) fsu=52 | cum_total=30246 B cum_segs=127
   3.738  SINK rx: 176 KB/s (180960 B / 1000 ms) fsu=52 | cum_total=211206 B cum_segs=881
   4.766  SINK rx: 173 KB/s (177845 B / 1000 ms) fsu=52 | cum_total=389051 B cum_segs=1622
   5.740  SINK rx: 183 KB/s (187435 B / 1000 ms) fsu=52 | cum_total=576486 B cum_segs=2403
   6.764  SINK rx: 187 KB/s (192245 B / 1000 ms) fsu=52 | cum_total=768731 B cum_segs=3204
   7.793  SINK rx: 188 KB/s (193195 B / 1000 ms) fsu=52 | cum_total=961926 B cum_segs=4009
   8.775  SINK rx: 188 KB/s (193440 B / 1000 ms) fsu=52 | cum_total=1155366 B cum_segs=4815
   9.811  SINK rx: 187 KB/s (192245 B / 1000 ms) fsu=52 | cum_total=1347611 B cum_segs=5616
  10.788  SINK rx: 186 KB/s (191040 B / 1000 ms) fsu=52 | cum_total=1538651 B cum_segs=6412
  11.824  SINK rx: 187 KB/s (191755 B / 1000 ms) fsu=52 | cum_total=1730406 B cum_segs=7211
  12.789  SINK rx: 185 KB/s (189600 B / 1000 ms) fsu=52 | cum_total=1920006 B cum_segs=8001
  13.818  SINK rx: 187 KB/s (191520 B / 1000 ms) fsu=52 | cum_total=2111526 B cum_segs=8799
  14.852  SINK rx: 187 KB/s (192480 B / 1000 ms) fsu=52 | cum_total=2304006 B cum_segs=9601
  15.870  SINK rx: 188 KB/s (192960 B / 1000 ms) fsu=52 | cum_total=2496966 B cum_segs=10405
  16.852  SINK rx: 188 KB/s (192725 B / 1000 ms) fsu=52 | cum_total=2689691 B cum_segs=11208
  17.878  SINK rx: 188 KB/s (193195 B / 1000 ms) fsu=52 | cum_total=2882886 B cum_segs=12013
  18.844  SINK rx: 189 KB/s (193920 B / 1000 ms) fsu=52 | cum_total=3076806 B cum_segs=12821
  19.878  SINK rx: 186 KB/s (191285 B / 1000 ms) fsu=52 | cum_total=3268091 B cum_segs=13618
  20.902  SINK rx: 188 KB/s (192715 B / 1000 ms) fsu=52 | cum_total=3460806 B cum_segs=14421
  21.874  SINK rx: 186 KB/s (190805 B / 1000 ms) fsu=52 | cum_total=3651611 B cum_segs=15216
  22.901  SINK rx: 185 KB/s (190315 B / 1000 ms) fsu=52 | cum_total=3841926 B cum_segs=16009
  23.930  SINK rx: 189 KB/s (193685 B / 1000 ms) fsu=52 | cum_total=4035611 B cum_segs=16816
  24.901  SINK rx: 187 KB/s (192235 B / 1000 ms) fsu=52 | cum_total=4227846 B cum_segs=17617
  25.935  SINK rx: 188 KB/s (192960 B / 1000 ms) fsu=52 | cum_total=4420806 B cum_segs=18421
  26.920  SINK rx: 186 KB/s (190560 B / 1000 ms) fsu=52 | cum_total=4611366 B cum_segs=19215
  27.947  SINK rx: 188 KB/s (192725 B / 1000 ms) fsu=52 | cum_total=4804091 B cum_segs=20018
  28.970  SINK rx: 185 KB/s (190080 B / 1000 ms) fsu=52 | cum_total=4994171 B cum_segs=20810
  29.942  SINK rx: 186 KB/s (190795 B / 1000 ms) fsu=52 | cum_total=5184966 B cum_segs=21605
