   1.728  *** Booting Zephyr OS build v4.4.2-16-gfee9fbc62095 ***
   1.728  
   1.728  === nRF52 L2CAP CoC SINK (Zephyr 4.4.1, seg_recv) ===
   1.728  L2CAP server on PSM 0x0080
   1.728  Advertising as 'zenoh-nrf-l2cap'
   2.003  GAP connected: interval=30
   2.277  PHY updated: tx=2 rx=2
   2.489  DLE updated: tx_max=27 rx_max=251
   2.489  CoC up — seg_recv sink ready (RX_CREDITS=64, MPS=247)
   2.595  Q3FSU-DONE role=P status=0x00 spacing=52 types=0x3 phys=0x2 initiator=2
   2.761  SINK rx: 0 KB/s (6 B / 1000 ms) fsu=52 | cum_total=6 B cum_segs=1
   3.737  SINK rx: 161 KB/s (165365 B / 1000 ms) fsu=52 | cum_total=165371 B cum_segs=690
   4.761  SINK rx: 187 KB/s (192480 B / 1000 ms) fsu=52 | cum_total=357851 B cum_segs=1492
   5.794  SINK rx: 181 KB/s (186240 B / 1000 ms) fsu=52 | cum_total=544091 B cum_segs=2268
   6.774  SINK rx: 189 KB/s (193675 B / 1000 ms) fsu=52 | cum_total=737766 B cum_segs=3075
   7.806  SINK rx: 162 KB/s (166080 B / 1000 ms) fsu=52 | cum_total=903846 B cum_segs=3767
   8.792  SINK rx: 178 KB/s (182645 B / 1000 ms) fsu=52 | cum_total=1086491 B cum_segs=4528
   9.827  SINK rx: 187 KB/s (192480 B / 1000 ms) fsu=52 | cum_total=1278971 B cum_segs=5330
  10.802  SINK rx: 187 KB/s (191755 B / 1000 ms) fsu=52 | cum_total=1470726 B cum_segs=6129
  11.826  SINK rx: 187 KB/s (191520 B / 1000 ms) fsu=52 | cum_total=1662246 B cum_segs=6927
  12.851  SINK rx: 186 KB/s (191040 B / 1000 ms) fsu=52 | cum_total=1853286 B cum_segs=7723
  13.832  SINK rx: 187 KB/s (192480 B / 1000 ms) fsu=52 | cum_total=2045766 B cum_segs=8525
  14.857  SINK rx: 186 KB/s (191040 B / 1000 ms) fsu=52 | cum_total=2236806 B cum_segs=9321
  15.878  SINK rx: 188 KB/s (192725 B / 1000 ms) fsu=52 | cum_total=2429531 B cum_segs=10124
  16.852  SINK rx: 189 KB/s (193675 B / 1000 ms) fsu=52 | cum_total=2623206 B cum_segs=10931
  17.870  SINK rx: 167 KB/s (171360 B / 1000 ms) fsu=52 | cum_total=2794566 B cum_segs=11645
  18.893  SINK rx: 187 KB/s (192480 B / 1000 ms) fsu=52 | cum_total=2987046 B cum_segs=12447
  19.917  SINK rx: 181 KB/s (185525 B / 1000 ms) fsu=52 | cum_total=3172571 B cum_segs=13220
  20.897  SINK rx: 186 KB/s (191275 B / 1000 ms) fsu=52 | cum_total=3363846 B cum_segs=14017
  21.933  SINK rx: 182 KB/s (186485 B / 1000 ms) fsu=52 | cum_total=3550331 B cum_segs=14794
  22.952  SINK rx: 188 KB/s (193195 B / 1000 ms) fsu=52 | cum_total=3743526 B cum_segs=15599
  23.923  SINK rx: 189 KB/s (193685 B / 1000 ms) fsu=52 | cum_total=3937211 B cum_segs=16406
  24.944  SINK rx: 185 KB/s (189835 B / 1000 ms) fsu=52 | cum_total=4127046 B cum_segs=17197
  25.972  SINK rx: 185 KB/s (190080 B / 1000 ms) fsu=52 | cum_total=4317126 B cum_segs=17989
  26.942  SINK rx: 187 KB/s (192480 B / 1000 ms) fsu=52 | cum_total=4509606 B cum_segs=18791
  27.971  SINK rx: 188 KB/s (192960 B / 1000 ms) fsu=52 | cum_total=4702566 B cum_segs=19595
  28.995  SINK rx: 188 KB/s (193205 B / 1000 ms) fsu=52 | cum_total=4895771 B cum_segs=20400
