   1.687  *** Booting Zephyr OS build v4.4.2-16-gfee9fbc62095 ***
   1.688  
   1.688  === nRF52 L2CAP CoC SINK (Zephyr 4.4.1, seg_recv) ===
   1.688  L2CAP server on PSM 0x0080
   1.688  Advertising as 'zenoh-nrf-l2cap'
   2.003  GAP connected: interval=20
   2.163  PHY updated: tx=2 rx=2
   2.327  DLE updated: tx_max=27 rx_max=251
   2.327  CoC up — seg_recv sink ready (RX_CREDITS=64, MPS=247)
   2.758  SINK rx: 10 KB/s (10566 B / 1000 ms) fsu=0 | cum_total=10566 B cum_segs=45
   3.733  SINK rx: 159 KB/s (163680 B / 1000 ms) fsu=0 | cum_total=174246 B cum_segs=727
   4.761  SINK rx: 158 KB/s (162240 B / 1000 ms) fsu=0 | cum_total=336486 B cum_segs=1403
   5.741  SINK rx: 160 KB/s (164160 B / 1000 ms) fsu=0 | cum_total=500646 B cum_segs=2087
   6.757  SINK rx: 160 KB/s (164405 B / 1000 ms) fsu=0 | cum_total=665051 B cum_segs=2772
   7.779  SINK rx: 153 KB/s (157195 B / 1000 ms) fsu=0 | cum_total=822246 B cum_segs=3427
   8.807  SINK rx: 156 KB/s (160320 B / 1000 ms) fsu=0 | cum_total=982566 B cum_segs=4095
   9.772  SINK rx: 160 KB/s (164160 B / 1000 ms) fsu=0 | cum_total=1146726 B cum_segs=4779
  10.799  SINK rx: 158 KB/s (162005 B / 1000 ms) fsu=0 | cum_total=1308731 B cum_segs=5454
  11.823  SINK rx: 160 KB/s (164160 B / 1000 ms) fsu=0 | cum_total=1472891 B cum_segs=6138
  12.788  SINK rx: 156 KB/s (159840 B / 1000 ms) fsu=0 | cum_total=1632731 B cum_segs=6804
  13.812  SINK rx: 159 KB/s (163680 B / 1000 ms) fsu=0 | cum_total=1796411 B cum_segs=7486
  14.841  SINK rx: 160 KB/s (164395 B / 1000 ms) fsu=0 | cum_total=1960806 B cum_segs=8171
  15.862  SINK rx: 155 KB/s (159125 B / 1000 ms) fsu=0 | cum_total=2119931 B cum_segs=8834
  16.841  SINK rx: 159 KB/s (163680 B / 1000 ms) fsu=0 | cum_total=2283611 B cum_segs=9516
  17.873  SINK rx: 160 KB/s (164395 B / 1000 ms) fsu=0 | cum_total=2448006 B cum_segs=10201
  18.849  SINK rx: 160 KB/s (164160 B / 1000 ms) fsu=0 | cum_total=2612166 B cum_segs=10885
  19.877  SINK rx: 154 KB/s (158645 B / 1000 ms) fsu=0 | cum_total=2770811 B cum_segs=11546
  20.905  SINK rx: 158 KB/s (162475 B / 1000 ms) fsu=0 | cum_total=2933286 B cum_segs=12223
  21.878  SINK rx: 160 KB/s (164640 B / 1000 ms) fsu=0 | cum_total=3097926 B cum_segs=12909
  22.895  SINK rx: 156 KB/s (160320 B / 1000 ms) fsu=0 | cum_total=3258246 B cum_segs=13577
  23.924  SINK rx: 153 KB/s (156725 B / 1000 ms) fsu=0 | cum_total=3414971 B cum_segs=14230
  24.906  SINK rx: 159 KB/s (163200 B / 1000 ms) fsu=0 | cum_total=3578171 B cum_segs=14910
  25.934  SINK rx: 159 KB/s (163680 B / 1000 ms) fsu=0 | cum_total=3741851 B cum_segs=15592
  26.908  SINK rx: 154 KB/s (158155 B / 1000 ms) fsu=0 | cum_total=3900006 B cum_segs=16251
  27.941  SINK rx: 158 KB/s (162005 B / 1000 ms) fsu=0 | cum_total=4062011 B cum_segs=16926
  28.963  SINK rx: 160 KB/s (164395 B / 1000 ms) fsu=0 | cum_total=4226406 B cum_segs=17611
  29.945  SINK rx: 160 KB/s (164640 B / 1000 ms) fsu=0 | cum_total=4391046 B cum_segs=18297
