   1.727  *** Booting Zephyr OS build v4.4.2-16-gfee9fbc62095 ***
   1.727  
   1.727  === nRF52 L2CAP CoC SINK (Zephyr 4.4.1, seg_recv) ===
   1.727  L2CAP server on PSM 0x0080
   1.727  Advertising as 'zenoh-nrf-l2cap'
   2.163  GAP connected: interval=12
   2.276  PHY updated: tx=2 rx=2
   2.332  DLE updated: tx_max=27 rx_max=251
   2.387  CoC up — seg_recv sink ready (RX_CREDITS=64, MPS=247)
   2.772  SINK rx: 7 KB/s (7206 B / 1000 ms) fsu=0 | cum_total=7206 B cum_segs=31
   3.735  SINK rx: 152 KB/s (156000 B / 1000 ms) fsu=0 | cum_total=163206 B cum_segs=681
   4.769  SINK rx: 154 KB/s (158645 B / 1000 ms) fsu=0 | cum_total=321851 B cum_segs=1342
   5.794  SINK rx: 155 KB/s (159595 B / 1000 ms) fsu=0 | cum_total=481446 B cum_segs=2007
   6.769  SINK rx: 155 KB/s (158880 B / 1000 ms) fsu=0 | cum_total=640326 B cum_segs=2669
   7.804  SINK rx: 155 KB/s (159605 B / 1000 ms) fsu=0 | cum_total=799931 B cum_segs=3334
   8.776  SINK rx: 157 KB/s (160800 B / 1000 ms) fsu=0 | cum_total=960731 B cum_segs=4004
   9.797  SINK rx: 155 KB/s (159115 B / 1000 ms) fsu=0 | cum_total=1119846 B cum_segs=4667
  10.823  SINK rx: 149 KB/s (153365 B / 1000 ms) fsu=0 | cum_total=1273211 B cum_segs=5306
  11.836  SINK rx: 155 KB/s (159360 B / 1000 ms) fsu=0 | cum_total=1432571 B cum_segs=5970
  12.862  SINK rx: 152 KB/s (156000 B / 1000 ms) fsu=0 | cum_total=1588571 B cum_segs=6620
  13.828  SINK rx: 154 KB/s (157920 B / 1000 ms) fsu=0 | cum_total=1746491 B cum_segs=7278
  14.845  SINK rx: 156 KB/s (159840 B / 1000 ms) fsu=0 | cum_total=1906331 B cum_segs=7944
  15.862  SINK rx: 152 KB/s (155755 B / 1000 ms) fsu=0 | cum_total=2062086 B cum_segs=8593
  16.842  SINK rx: 152 KB/s (156245 B / 1000 ms) fsu=0 | cum_total=2218331 B cum_segs=9244
  17.862  SINK rx: 152 KB/s (156000 B / 1000 ms) fsu=0 | cum_total=2374331 B cum_segs=9894
  18.890  SINK rx: 157 KB/s (161035 B / 1000 ms) fsu=0 | cum_total=2535366 B cum_segs=10565
  19.914  SINK rx: 154 KB/s (158400 B / 1000 ms) fsu=0 | cum_total=2693766 B cum_segs=11225
  20.887  SINK rx: 155 KB/s (159360 B / 1000 ms) fsu=0 | cum_total=2853126 B cum_segs=11889
  21.911  SINK rx: 156 KB/s (160565 B / 1000 ms) fsu=0 | cum_total=3013691 B cum_segs=12558
  22.937  SINK rx: 156 KB/s (160320 B / 1000 ms) fsu=0 | cum_total=3174011 B cum_segs=13226
  23.952  SINK rx: 153 KB/s (157675 B / 1000 ms) fsu=0 | cum_total=3331686 B cum_segs=13883
  24.927  SINK rx: 157 KB/s (161280 B / 1000 ms) fsu=0 | cum_total=3492966 B cum_segs=14555
  25.953  SINK rx: 156 KB/s (160565 B / 1000 ms) fsu=0 | cum_total=3653531 B cum_segs=15224
  26.979  SINK rx: 151 KB/s (155275 B / 1000 ms) fsu=0 | cum_total=3808806 B cum_segs=15871
  27.952  SINK rx: 155 KB/s (159125 B / 1000 ms) fsu=0 | cum_total=3967931 B cum_segs=16534
  28.981  SINK rx: 156 KB/s (160555 B / 1000 ms) fsu=0 | cum_total=4128486 B cum_segs=17203
  29.957  SINK rx: 157 KB/s (161280 B / 1000 ms) fsu=0 | cum_total=4289766 B cum_segs=17875
