   1.724  *** Booting Zephyr OS build v4.4.2-16-gfee9fbc62095 ***
   1.724  
   1.724  === nRF52 L2CAP CoC SINK (Zephyr 4.4.1, seg_recv) ===
   1.724  L2CAP server on PSM 0x0080
   1.724  Advertising as 'zenoh-nrf-l2cap'
   2.107  GAP connected: interval=40
   2.481  PHY updated: tx=2 rx=2
   2.748  DLE updated: tx_max=27 rx_max=251
   2.748  CoC up — seg_recv sink ready (RX_CREDITS=64, MPS=247)
   2.907  Q3FSU-DONE role=P status=0x00 spacing=52 types=0x3 phys=0x2 initiator=2
   3.720  SINK rx: 108 KB/s (110651 B / 1000 ms) fsu=52 | cum_total=110651 B cum_segs=462
   4.737  SINK rx: 188 KB/s (192715 B / 1000 ms) fsu=52 | cum_total=303366 B cum_segs=1265
   5.752  SINK rx: 188 KB/s (193440 B / 1000 ms) fsu=52 | cum_total=496806 B cum_segs=2071
   6.775  SINK rx: 187 KB/s (192480 B / 1000 ms) fsu=52 | cum_total=689286 B cum_segs=2873
   7.786  SINK rx: 188 KB/s (193205 B / 1000 ms) fsu=52 | cum_total=882491 B cum_segs=3678
   8.763  SINK rx: 189 KB/s (193675 B / 1000 ms) fsu=52 | cum_total=1076166 B cum_segs=4485
   9.795  SINK rx: 188 KB/s (193440 B / 1000 ms) fsu=52 | cum_total=1269606 B cum_segs=5291
  10.821  SINK rx: 188 KB/s (192960 B / 1000 ms) fsu=52 | cum_total=1462566 B cum_segs=6095
  11.800  SINK rx: 188 KB/s (193205 B / 1000 ms) fsu=52 | cum_total=1655771 B cum_segs=6900
  12.841  SINK rx: 188 KB/s (193440 B / 1000 ms) fsu=52 | cum_total=1849211 B cum_segs=7706
  13.812  SINK rx: 188 KB/s (193195 B / 1000 ms) fsu=52 | cum_total=2042406 B cum_segs=8511
  14.834  SINK rx: 188 KB/s (193205 B / 1000 ms) fsu=52 | cum_total=2235611 B cum_segs=9316
  15.854  SINK rx: 188 KB/s (192960 B / 1000 ms) fsu=52 | cum_total=2428571 B cum_segs=10120
  16.874  SINK rx: 188 KB/s (193440 B / 1000 ms) fsu=52 | cum_total=2622011 B cum_segs=10926
  17.841  SINK rx: 188 KB/s (192960 B / 1000 ms) fsu=52 | cum_total=2814971 B cum_segs=11730
  18.871  SINK rx: 188 KB/s (192715 B / 1000 ms) fsu=52 | cum_total=3007686 B cum_segs=12533
  19.858  SINK rx: 188 KB/s (193205 B / 1000 ms) fsu=52 | cum_total=3200891 B cum_segs=13338
  20.887  SINK rx: 188 KB/s (193195 B / 1000 ms) fsu=52 | cum_total=3394086 B cum_segs=14143
  21.914  SINK rx: 188 KB/s (192725 B / 1000 ms) fsu=52 | cum_total=3586811 B cum_segs=14946
  22.928  SINK rx: 188 KB/s (193195 B / 1000 ms) fsu=52 | cum_total=3780006 B cum_segs=15751
  23.897  SINK rx: 185 KB/s (189600 B / 1000 ms) fsu=52 | cum_total=3969606 B cum_segs=16541
  24.911  SINK rx: 186 KB/s (190560 B / 1000 ms) fsu=52 | cum_total=4160166 B cum_segs=17335
  25.934  SINK rx: 187 KB/s (192480 B / 1000 ms) fsu=52 | cum_total=4352646 B cum_segs=18137
  26.951  SINK rx: 188 KB/s (193440 B / 1000 ms) fsu=52 | cum_total=4546086 B cum_segs=18943
  27.974  SINK rx: 187 KB/s (192245 B / 1000 ms) fsu=52 | cum_total=4738331 B cum_segs=19744
  28.941  SINK rx: 189 KB/s (193675 B / 1000 ms) fsu=52 | cum_total=4932006 B cum_segs=20551
  29.967  SINK rx: 188 KB/s (193440 B / 1000 ms) fsu=52 | cum_total=5125446 B cum_segs=21357
