   1.711  *** Booting Zephyr OS build v4.4.2-16-gfee9fbc62095 ***
   1.711  
   1.711  === nRF52 L2CAP CoC SINK (Zephyr 4.4.1, seg_recv) ===
   1.711  L2CAP server on PSM 0x0080
   1.711  Advertising as 'zenoh-nrf-l2cap'
   2.137  GAP connected: interval=40
   2.516  PHY updated: tx=2 rx=2
   2.786  DLE updated: tx_max=27 rx_max=251
   2.786  CoC up — seg_recv sink ready (RX_CREDITS=64, MPS=247)
   2.896  Q3FSU-DONE role=P status=0x00 spacing=52 types=0x3 phys=0x2 initiator=2
   3.755  SINK rx: 105 KB/s (108486 B / 1000 ms) fsu=52 | cum_total=108486 B cum_segs=453
   4.764  SINK rx: 177 KB/s (181920 B / 1000 ms) fsu=52 | cum_total=290406 B cum_segs=1211
   5.768  SINK rx: 186 KB/s (191285 B / 1000 ms) fsu=52 | cum_total=481691 B cum_segs=2008
   6.787  SINK rx: 181 KB/s (185760 B / 1000 ms) fsu=52 | cum_total=667451 B cum_segs=2782
   7.804  SINK rx: 179 KB/s (183840 B / 1000 ms) fsu=52 | cum_total=851291 B cum_segs=3548
   8.775  SINK rx: 188 KB/s (192960 B / 1000 ms) fsu=52 | cum_total=1044251 B cum_segs=4352
   9.802  SINK rx: 188 KB/s (192715 B / 1000 ms) fsu=52 | cum_total=1236966 B cum_segs=5155
  10.822  SINK rx: 188 KB/s (192725 B / 1000 ms) fsu=52 | cum_total=1429691 B cum_segs=5958
  11.839  SINK rx: 188 KB/s (193195 B / 1000 ms) fsu=52 | cum_total=1622886 B cum_segs=6763
  12.802  SINK rx: 174 KB/s (178805 B / 1000 ms) fsu=52 | cum_total=1801691 B cum_segs=7508
  13.829  SINK rx: 187 KB/s (191755 B / 1000 ms) fsu=52 | cum_total=1993446 B cum_segs=8307
  14.863  SINK rx: 171 KB/s (175445 B / 1000 ms) fsu=52 | cum_total=2168891 B cum_segs=9038
  15.838  SINK rx: 169 KB/s (173280 B / 1000 ms) fsu=52 | cum_total=2342171 B cum_segs=9760
  16.854  SINK rx: 188 KB/s (192715 B / 1000 ms) fsu=52 | cum_total=2534886 B cum_segs=10563
  17.869  SINK rx: 179 KB/s (183605 B / 1000 ms) fsu=52 | cum_total=2718491 B cum_segs=11328
  18.890  SINK rx: 187 KB/s (192480 B / 1000 ms) fsu=52 | cum_total=2910971 B cum_segs=12130
  19.869  SINK rx: 179 KB/s (183840 B / 1000 ms) fsu=52 | cum_total=3094811 B cum_segs=12896
  20.884  SINK rx: 179 KB/s (183840 B / 1000 ms) fsu=52 | cum_total=3278651 B cum_segs=13662
  21.904  SINK rx: 188 KB/s (193440 B / 1000 ms) fsu=52 | cum_total=3472091 B cum_segs=14468
  22.911  SINK rx: 168 KB/s (172800 B / 1000 ms) fsu=52 | cum_total=3644891 B cum_segs=15188
  23.925  SINK rx: 188 KB/s (193440 B / 1000 ms) fsu=52 | cum_total=3838331 B cum_segs=15994
  24.930  SINK rx: 188 KB/s (192960 B / 1000 ms) fsu=52 | cum_total=4031291 B cum_segs=16798
  25.946  SINK rx: 180 KB/s (184800 B / 1000 ms) fsu=52 | cum_total=4216091 B cum_segs=17568
  26.970  SINK rx: 188 KB/s (193195 B / 1000 ms) fsu=52 | cum_total=4409286 B cum_segs=18373
  27.981  SINK rx: 177 KB/s (182165 B / 1000 ms) fsu=52 | cum_total=4591451 B cum_segs=19132
  28.956  SINK rx: 185 KB/s (189835 B / 1000 ms) fsu=52 | cum_total=4781286 B cum_segs=19923
  29.970  SINK rx: 179 KB/s (183840 B / 1000 ms) fsu=52 | cum_total=4965126 B cum_segs=20689
