   1.719  *** Booting Zephyr OS build v4.4.2-16-gfee9fbc62095 ***
   1.719  
   1.719  === nRF52 L2CAP CoC SINK (Zephyr 4.4.1, seg_recv) ===
   1.719  L2CAP server on PSM 0x0080
   1.719  Advertising as 'zenoh-nrf-l2cap'
   2.153  GAP connected: interval=20
   2.365  PHY updated: tx=2 rx=2
   2.468  DLE updated: tx_max=27 rx_max=251
   2.468  CoC up — seg_recv sink ready (RX_CREDITS=64, MPS=247)
   2.731  SINK rx: 0 KB/s (6 B / 1000 ms) fsu=0 | cum_total=6 B cum_segs=1
   3.760  SINK rx: 146 KB/s (150485 B / 1000 ms) fsu=0 | cum_total=150491 B cum_segs=628
   4.778  SINK rx: 155 KB/s (159595 B / 1000 ms) fsu=0 | cum_total=310086 B cum_segs=1293
   5.750  SINK rx: 156 KB/s (160085 B / 1000 ms) fsu=0 | cum_total=470171 B cum_segs=1960
   6.783  SINK rx: 144 KB/s (147595 B / 1000 ms) fsu=0 | cum_total=617766 B cum_segs=2575
   7.812  SINK rx: 156 KB/s (160320 B / 1000 ms) fsu=0 | cum_total=778086 B cum_segs=3243
   8.799  SINK rx: 159 KB/s (163680 B / 1000 ms) fsu=0 | cum_total=941766 B cum_segs=3925
   9.781  SINK rx: 158 KB/s (162005 B / 1000 ms) fsu=0 | cum_total=1103771 B cum_segs=4600
  10.801  SINK rx: 154 KB/s (158400 B / 1000 ms) fsu=0 | cum_total=1262171 B cum_segs=5260
  11.811  SINK rx: 158 KB/s (162240 B / 1000 ms) fsu=0 | cum_total=1424411 B cum_segs=5936
  12.845  SINK rx: 160 KB/s (163915 B / 1000 ms) fsu=0 | cum_total=1588326 B cum_segs=6619
  13.811  SINK rx: 157 KB/s (161045 B / 1000 ms) fsu=0 | cum_total=1749371 B cum_segs=7290
  14.841  SINK rx: 152 KB/s (155755 B / 1000 ms) fsu=0 | cum_total=1905126 B cum_segs=7939
  15.865  SINK rx: 156 KB/s (160320 B / 1000 ms) fsu=0 | cum_total=2065446 B cum_segs=8607
  16.837  SINK rx: 156 KB/s (160085 B / 1000 ms) fsu=0 | cum_total=2225531 B cum_segs=9274
  17.862  SINK rx: 159 KB/s (163435 B / 1000 ms) fsu=0 | cum_total=2388966 B cum_segs=9955
  18.895  SINK rx: 156 KB/s (160320 B / 1000 ms) fsu=0 | cum_total=2549286 B cum_segs=10623
  19.869  SINK rx: 152 KB/s (155765 B / 1000 ms) fsu=0 | cum_total=2705051 B cum_segs=11272
  20.892  SINK rx: 157 KB/s (161515 B / 1000 ms) fsu=0 | cum_total=2866566 B cum_segs=11945
  21.907  SINK rx: 153 KB/s (156960 B / 1000 ms) fsu=0 | cum_total=3023526 B cum_segs=12599
  22.923  SINK rx: 156 KB/s (159840 B / 1000 ms) fsu=0 | cum_total=3183366 B cum_segs=13265
  23.902  SINK rx: 155 KB/s (159125 B / 1000 ms) fsu=0 | cum_total=3342491 B cum_segs=13928
  24.932  SINK rx: 159 KB/s (163435 B / 1000 ms) fsu=0 | cum_total=3505926 B cum_segs=14609
  25.955  SINK rx: 158 KB/s (162005 B / 1000 ms) fsu=0 | cum_total=3667931 B cum_segs=15284
  26.935  SINK rx: 153 KB/s (156715 B / 1000 ms) fsu=0 | cum_total=3824646 B cum_segs=15937
  27.959  SINK rx: 154 KB/s (158165 B / 1000 ms) fsu=0 | cum_total=3982811 B cum_segs=16596
  28.986  SINK rx: 155 KB/s (159595 B / 1000 ms) fsu=0 | cum_total=4142406 B cum_segs=17261
  29.956  SINK rx: 157 KB/s (161280 B / 1000 ms) fsu=0 | cum_total=4303686 B cum_segs=17933
