   1.947  *** Booting Zephyr OS build v4.4.2-16-gfee9fbc62095 ***
   1.947  [00:10:11.276,785] [0m<inf> bt_hci_core: HW Platform: Nordic Semiconductor (0x0002)[0m
   1.947  [00:10:11.276,798] [0m<inf> bt_hci_core: HW Variant: nRF54Lx (0x0005)[0m
   1.947  [00:10:11.276,809] [0m<inf> bt_hci_core: Firmware: Standard Bluetooth controller (0x00) Version 4.4 Build 2[0m
   1.947  [00:10:11.277,148] [0m<inf> bt_hci_core: HCI transport: Controller[0m
   1.947  [00:10:11.277,195] [0m<inf> bt_hci_core: Identity: D6:C7:60:B1:D3:0E (random)[0m
   1.947  [00:10:11.277,211] [0m<inf> bt_hci_core: HCI: version 5.4 (0x0d) revision 0x0000, manufacturer 0x05f1[0m
   2.002  [00:10:11.277,226] [0m<inf> bt_hci_core: LMP: version 5.4 (0x0d) subver 0xffff[0m
   2.002  
   2.002  === nRF54L15 RTT ping-pong CENTRAL ===
   2.002  scan rc=0
   2.002  Q2CONN AA=669dd742 CRCINIT=ea7d3a hop=12 chan_count=37 map=ffffffff1f
   2.002  GAP connected interval=7500
   2.002  MTU err=0 mtu=247
   2.598  PHY tx=2 rx=2
   2.650  discovery start (post-PHY +500ms) interval=7500 phy2m=1
   2.650  SUBSCRIBED, vh=14
   2.650  BLAST: phy_update->2M rc=0
   2.650  BLAST first16_call_us: 140 127 127 129 128 128 128 128 209 123 51 49 48 49 49 48
   3.631  PHY tx=2 rx=2
   3.686  BLASTC comp=196 exkBps=0 cgap_us[min/avg/max]=137/1528/19724
   3.686  BLAST phy=2/2 att=206 ok=206 enomem=0 err=0 call_us[min/avg/max]=48/1436/19698 okgap_max_us=19710
   3.686  t=1s RTT mean=0 min=0 max=0 n=0 to=0 | cancels=0(+0/s) seqbad=0 len_bad=0 disc=0(0x00) | tot_n=0 tot_to=0 maxever=0 >2ms=0 >5ms=0 >15ms=0 >20ms=0 >30ms=0 | probes=0 wrfail=0 down=0s maxout=0s
   4.932  BLASTC comp=662 exkBps=0 cgap_us[min/avg/max]=1331/1511/6109
   4.932  BLAST phy=2/2 att=662 ok=662 enomem=0 err=0 call_us[min/avg/max]=1317/1499/6100 okgap_max_us=6111
   4.932  t=2s RTT mean=0 min=0 max=0 n=0 to=0 | cancels=0(+0/s) seqbad=0 len_bad=0 disc=0(0x00) | tot_n=0 tot_to=0 maxever=0 >2ms=0 >5ms=0 >15ms=0 >20ms=0 >30ms=0 | probes=0 wrfail=0 down=0s maxout=0s
   4.988  t=3s RTT mean=0 min=0 max=0 n=0 to=0 | cancels=0(+0/s) seqbad=0 len_bad=0 disc=0(0x00) | tot_n=0 tot_to=0 maxever=0 >2ms=0 >5ms=0 >15ms=0 >20ms=0 >30ms=0 | probes=0 wrfail=0 down=0s maxout=0s
   4.988  BLASTC comp=664 exkBps=0 cgap_us[min/avg/max]=1332/1507/6109
   4.988  BLAST phy=2/2 att=664 ok=664 enomem=0 err=0 call_us[min/avg/max]=1318/1496/6101 okgap_max_us=6112
   6.921  BLASTC comp=656 exkBps=0 cgap_us[min/avg/max]=1331/1522/9430
   6.921  BLAST phy=2/2 att=656 ok=656 enomem=0 err=0 call_us[min/avg/max]=1316/1511/9421 okgap_max_us=9432
   6.976  t=4s RTT mean=0 min=0 max=0 n=0 to=0 | cancels=0(+0/s) seqbad=0 len_bad=0 disc=0(0x00) | tot_n=0 tot_to=0 maxever=0 >2ms=0 >5ms=0 >15ms=0 >20ms=0 >30ms=0 | probes=0 wrfail=0 down=0s maxout=0s
   6.976  BLASTC comp=663 exkBps=0 cgap_us[min/avg/max]=1322/1508/7501
   6.976  BLAST phy=2/2 att=663 ok=663 enomem=0 err=0 call_us[min/avg/max]=1309/1497/7489 okgap_max_us=7501
   6.976  t=5s RTT mean=0 min=0 max=0 n=0 to=0 | cancels=0(+0/s) seqbad=0 len_bad=0 disc=0(0x00) | tot_n=0 tot_to=0 maxever=0 >2ms=0 >5ms=0 >15ms=0 >20ms=0 >30ms=0 | probes=0 wrfail=0 down=0s maxout=0s
   8.928  BLASTC comp=658 exkBps=0 cgap_us[min/avg/max]=1331/1521/7501
   8.928  BLAST phy=2/2 att=658 ok=658 enomem=0 err=0 call_us[min/avg/max]=1316/1509/7490 okgap_max_us=7501
   8.978  t=6s RTT mean=0 min=0 max=0 n=0 to=0 | cancels=0(+0/s) seqbad=0 len_bad=0 disc=0(0x00) | tot_n=0 tot_to=0 maxever=0 >2ms=0 >5ms=0 >15ms=0 >20ms=0 >30ms=0 | probes=0 wrfail=0 down=0s maxout=0s
   8.978  BLASTC comp=645 exkBps=0 cgap_us[min/avg/max]=1332/1548/7501
   8.978  BLAST phy=2/2 att=645 ok=645 enomem=0 err=0 call_us[min/avg/max]=1318/1537/7489 okgap_max_us=7501
   8.978  t=7s RTT mean=0 min=0 max=0 n=0 to=0 | cancels=0(+0/s) seqbad=0 len_bad=0 disc=0(0x00) | tot_n=0 tot_to=0 maxever=0 >2ms=0 >5ms=0 >15ms=0 >20ms=0 >30ms=0 | probes=0 wrfail=0 down=0s maxout=0s
  10.945  BLASTC comp=661 exkBps=0 cgap_us[min/avg/max]=1321/1513/2783
  10.945  BLAST phy=2/2 att=661 ok=661 enomem=0 err=0 call_us[min/avg/max]=1215/1502/2771 okgap_max_us=2782
  10.945  t=8s RTT mean=0 min=0 max=0 n=0 to=0 | cancels=0(+0/s) seqbad=0 len_bad=0 disc=0(0x00) | tot_n=0 tot_to=0 maxever=0 >2ms=0 >5ms=0 >15ms=0 >20ms=0 >30ms=0 | probes=0 wrfail=0 down=0s maxout=0s
  10.945  BLASTC comp=657 exkBps=0 cgap_us[min/avg/max]=1332/1523/9430
  11.000  BLAST phy=2/2 att=657 ok=657 enomem=0 err=0 call_us[min/avg/max]=1318/1512/9421 okgap_max_us=9432
  11.000  t=9s RTT mean=0 min=0 max=0 n=0 to=0 | cancels=0(+0/s) seqbad=0 len_bad=0 disc=0(0x00) | tot_n=0 tot_to=0 maxever=0 >2ms=0 >5ms=0 >15ms=0 >20ms=0 >30ms=0 | probes=0 wrfail=0 down=0s maxout=0s
  12.943  BLASTC comp=636 exkBps=0 cgap_us[min/avg/max]=1329/1570/10820
  12.943  BLAST phy=2/2 att=636 ok=636 enomem=0 err=0 call_us[min/avg/max]=1316/1559/10811 okgap_max_us=10822
  12.943  t=10s RTT mean=0 min=0 max=0 n=0 to=0 | cancels=0(+0/s) seqbad=0 len_bad=0 disc=0(0x00) | tot_n=0 tot_to=0 maxever=0 >2ms=0 >5ms=0 >15ms=0 >20ms=0 >30ms=0 | probes=0 wrfail=0 down=0s maxout=0s
  12.943  BLASTC comp=637 exkBps=0 cgap_us[min/avg/max]=1322/1570/9430
  12.993  BLAST phy=2/2 att=637 ok=637 enomem=0 err=0 call_us[min/avg/max]=1309/1559/9421 okgap_max_us=9432
  12.993  t=11s RTT mean=0 min=0 max=0 n=0 to=0 | cancels=0(+0/s) seqbad=0 len_bad=0 disc=0(0x00) | tot_n=0 tot_to=0 maxever=0 >2ms=0 >5ms=0 >15ms=0 >20ms=0 >30ms=0 | probes=0 wrfail=0 down=0s maxout=0s
  14.943  BLASTC comp=657 exkBps=0 cgap_us[min/avg/max]=1331/1523/6110
  14.943  BLAST phy=2/2 att=657 ok=657 enomem=0 err=0 call_us[min/avg/max]=1278/1512/6100 okgap_max_us=6112
  14.943  t=12s RTT mean=0 min=0 max=0 n=0 to=0 | cancels=0(+0/s) seqbad=0 len_bad=0 disc=0(0x00) | tot_n=0 tot_to=0 maxever=0 >2ms=0 >5ms=0 >15ms=0 >20ms=0 >30ms=0 | probes=0 wrfail=0 down=0s maxout=0s
  14.943  BLASTC comp=664 exkBps=0 cgap_us[min/avg/max]=1330/1504/2842
  14.995  BLAST phy=2/2 att=664 ok=664 enomem=0 err=0 call_us[min/avg/max]=1316/1493/2834 okgap_max_us=2845
  14.995  t=13s RTT mean=0 min=0 max=0 n=0 to=0 | cancels=0(+0/s) seqbad=0 len_bad=0 disc=0(0x00) | tot_n=0 tot_to=0 maxever=0 >2ms=0 >5ms=0 >15ms=0 >20ms=0 >30ms=0 | probes=0 wrfail=0 down=0s maxout=0s
  16.905  BLASTC comp=665 exkBps=0 cgap_us[min/avg/max]=1331/1504/3261
  16.960  BLAST phy=2/2 att=665 ok=665 enomem=0 err=0 call_us[min/avg/max]=1317/1493/3248 okgap_max_us=3259
  16.960  t=14s RTT mean=0 min=0 max=0 n=0 to=0 | cancels=0(+0/s) seqbad=0 len_bad=0 disc=0(0x00) | tot_n=0 tot_to=0 maxever=0 >2ms=0 >5ms=0 >15ms=0 >20ms=0 >30ms=0 | probes=0 wrfail=0 down=0s maxout=0s
  16.960  BLASTC comp=648 exkBps=0 cgap_us[min/avg/max]=1332/1544/9430
  16.960  BLAST phy=2/2 att=648 ok=648 enomem=0 err=0 call_us[min/avg/max]=1318/1533/9421 okgap_max_us=9433
  17.012  t=15s RTT mean=0 min=0 max=0 n=0 to=0 | cancels=0(+0/s) seqbad=0 len_bad=0 disc=0(0x00) | tot_n=0 tot_to=0 maxever=0 >2ms=0 >5ms=0 >15ms=0 >20ms=0 >30ms=0 | probes=0 wrfail=0 down=0s maxout=0s
  18.914  BLASTC comp=664 exkBps=0 cgap_us[min/avg/max]=1331/1504/2780
  18.914  BLAST phy=2/2 att=664 ok=664 enomem=0 err=0 call_us[min/avg/max]=1317/1493/2767 okgap_max_us=2778
  18.965  t=16s RTT mean=0 min=0 max=0 n=0 to=0 | cancels=0(+0/s) seqbad=0 len_bad=0 disc=0(0x00) | tot_n=0 tot_to=0 maxever=0 >2ms=0 >5ms=0 >15ms=0 >20ms=0 >30ms=0 | probes=0 wrfail=0 down=0s maxout=0s
  18.965  BLASTC comp=660 exkBps=0 cgap_us[min/avg/max]=1321/1515/7501
  18.965  BLAST phy=2/2 att=660 ok=660 enomem=0 err=0 call_us[min/avg/max]=1309/1504/7489 okgap_max_us=7500
  18.965  t=17s RTT mean=0 min=0 max=0 n=0 to=0 | cancels=0(+0/s) seqbad=0 len_bad=0 disc=0(0x00) | tot_n=0 tot_to=0 maxever=0 >2ms=0 >5ms=0 >15ms=0 >20ms=0 >30ms=0 | probes=0 wrfail=0 down=0s maxout=0s
  20.902  BLASTC comp=614 exkBps=0 cgap_us[min/avg/max]=1332/1630/16930
  20.954  BLAST phy=2/2 att=614 ok=614 enomem=0 err=0 call_us[min/avg/max]=1318/1618/16921 okgap_max_us=16932
  20.954  t=18s RTT mean=0 min=0 max=0 n=0 to=0 | cancels=0(+0/s) seqbad=0 len_bad=0 disc=0(0x00) | tot_n=0 tot_to=0 maxever=0 >2ms=0 >5ms=0 >15ms=0 >20ms=0 >30ms=0 | probes=0 wrfail=0 down=0s maxout=0s
  20.954  BLASTC comp=646 exkBps=0 cgap_us[min/avg/max]=1327/1546/9429
  20.954  BLAST phy=2/2 att=646 ok=646 enomem=0 err=0 call_us[min/avg/max]=1314/1535/9421 okgap_max_us=9432
  21.009  t=19s RTT mean=0 min=0 max=0 n=0 to=0 | cancels=0(+0/s) seqbad=0 len_bad=0 disc=0(0x00) | tot_n=0 tot_to=0 maxever=0 >2ms=0 >5ms=0 >15ms=0 >20ms=0 >30ms=0 | probes=0 wrfail=0 down=0s maxout=0s
  22.914  BLASTC comp=661 exkBps=0 cgap_us[min/avg/max]=1327/1513/3318
  22.914  BLAST phy=2/2 att=661 ok=661 enomem=0 err=0 call_us[min/avg/max]=1315/1502/3309 okgap_max_us=3320
  22.969  t=20s RTT mean=0 min=0 max=0 n=0 to=0 | cancels=0(+0/s) seqbad=0 len_bad=0 disc=0(0x00) | tot_n=0 tot_to=0 maxever=0 >2ms=0 >5ms=0 >15ms=0 >20ms=0 >30ms=0 | probes=0 wrfail=0 down=0s maxout=0s
  22.969  BLASTC comp=663 exkBps=0 cgap_us[min/avg/max]=1332/1509/3319
  22.969  BLAST phy=2/2 att=663 ok=663 enomem=0 err=0 call_us[min/avg/max]=1318/1498/3309 okgap_max_us=3321
  22.969  t=21s RTT mean=0 min=0 max=0 n=0 to=0 | cancels=0(+0/s) seqbad=0 len_bad=0 disc=0(0x00) | tot_n=0 tot_to=0 maxever=0 >2ms=0 >5ms=0 >15ms=0 >20ms=0 >30ms=0 | probes=0 wrfail=0 down=0s maxout=0s
  24.936  BLASTC comp=662 exkBps=0 cgap_us[min/avg/max]=1332/1508/2780
  24.936  BLAST phy=2/2 att=662 ok=662 enomem=0 err=0 call_us[min/avg/max]=1312/1497/2767 okgap_max_us=2778
  24.936  t=22s RTT mean=0 min=0 max=0 n=0 to=0 | cancels=0(+0/s) seqbad=0 len_bad=0 disc=0(0x00) | tot_n=0 tot_to=0 maxever=0 >2ms=0 >5ms=0 >15ms=0 >20ms=0 >30ms=0 | probes=0 wrfail=0 down=0s maxout=0s
  24.936  BLASTC comp=664 exkBps=0 cgap_us[min/avg/max]=1321/1506/2780
  24.991  BLAST phy=2/2 att=664 ok=664 enomem=0 err=0 call_us[min/avg/max]=1309/1495/2767 okgap_max_us=2778
  24.991  t=23s RTT mean=0 min=0 max=0 n=0 to=0 | cancels=0(+0/s) seqbad=0 len_bad=0 disc=0(0x00) | tot_n=0 tot_to=0 maxever=0 >2ms=0 >5ms=0 >15ms=0 >20ms=0 >30ms=0 | probes=0 wrfail=0 down=0s maxout=0s
  26.925  BLASTC comp=663 exkBps=0 cgap_us[min/avg/max]=1331/1509/4716
  26.925  BLAST phy=2/2 att=663 ok=663 enomem=0 err=0 call_us[min/avg/max]=1317/1498/4707 okgap_max_us=4718
  26.976  t=24s RTT mean=0 min=0 max=0 n=0 to=0 | cancels=0(+0/s) seqbad=0 len_bad=0 disc=0(0x00) | tot_n=0 tot_to=0 maxever=0 >2ms=0 >5ms=0 >15ms=0 >20ms=0 >30ms=0 | probes=0 wrfail=0 down=0s maxout=0s
  26.976  BLASTC comp=652 exkBps=0 cgap_us[min/avg/max]=1332/1532/9430
  26.976  BLAST phy=2/2 att=652 ok=652 enomem=0 err=0 call_us[min/avg/max]=1318/1520/9421 okgap_max_us=9432
  26.976  t=25s RTT mean=0 min=0 max=0 n=0 to=0 | cancels=0(+0/s) seqbad=0 len_bad=0 disc=0(0x00) | tot_n=0 tot_to=0 maxever=0 >2ms=0 >5ms=0 >15ms=0 >20ms=0 >30ms=0 | probes=0 wrfail=0 down=0s maxout=0s
  28.922  BLASTC comp=657 exkBps=0 cgap_us[min/avg/max]=1327/1522/9429
  28.922  BLAST phy=2/2 att=657 ok=657 enomem=0 err=0 call_us[min/avg/max]=1276/1511/9421 okgap_max_us=9432
  28.975  t=26s RTT mean=0 min=0 max=0 n=0 to=0 | cancels=0(+0/s) seqbad=0 len_bad=0 disc=0(0x00) | tot_n=0 tot_to=0 maxever=0 >2ms=0 >5ms=0 >15ms=0 >20ms=0 >30ms=0 | probes=0 wrfail=0 down=0s maxout=0s
  28.975  BLASTC comp=649 exkBps=0 cgap_us[min/avg/max]=1329/1542/7500
  28.975  BLAST phy=2/2 att=649 ok=649 enomem=0 err=0 call_us[min/avg/max]=1316/1530/7489 okgap_max_us=7501
  28.975  t=27s RTT mean=0 min=0 max=0 n=0 to=0 | cancels=0(+0/s) seqbad=0 len_bad=0 disc=0(0x00) | tot_n=0 tot_to=0 maxever=0 >2ms=0 >5ms=0 >15ms=0 >20ms=0 >30ms=0 | probes=0 wrfail=0 down=0s maxout=0s
