   2.013  *** Booting Zephyr OS build v4.4.2-16-gfee9fbc62095 ***
   2.013  [00:14:40.064,079] [0m<inf> bt_hci_core: HW Platform: Nordic Semiconductor (0x0002)[0m
   2.014  [00:14:40.064,091] [0m<inf> bt_hci_core: HW Variant: nRF54Lx (0x0005)[0m
   2.069  [00:14:40.064,102] [0m<inf> bt_hci_core: Firmware: Standard Bluetooth controller (0x00) Version 4.4 Build 2[0m
   2.069  [00:14:40.064,442] [0m<inf> bt_hci_core: HCI transport: Controller[0m
   2.069  [00:14:40.064,489] [0m<inf> bt_hci_core: Identity: D6:C7:60:B1:D3:0E (random)[0m
   2.069  [00:14:40.064,505] [0m<inf> bt_hci_core: HCI: version 5.4 (0x0d) revision 0x0000, manufacturer 0x05f1[0m
   2.069  [00:14:40.064,520] [0m<inf> bt_hci_core: LMP: version 5.4 (0x0d) subver 0xffff[0m
   2.069  
   2.069  === nRF54L15 RTT ping-pong CENTRAL ===
   2.069  scan rc=0
   2.069  Q2CONN AA=12df735e CRCINIT=1829a9 hop=8 chan_count=37 map=ffffffff1f
   2.069  GAP connected interval=25000
   2.069  MTU err=0 mtu=247
   2.987  PHY tx=2 rx=2
   2.987  discovery start (post-PHY +500ms) interval=25000 phy2m=1
   2.987  SUBSCRIBED, vh=14
   2.987  BLAST: phy_update->2M rc=0
   2.987  BLAST first16_call_us: 117 111 114 114 114 114 114 114 107 50 49 49 48 48 48 48
   4.019  t=1s RTT mean=0 min=0 max=0 n=0 to=0 | cancels=0(+0/s) seqbad=0 len_bad=0 disc=0(0x00) | tot_n=0 tot_to=0 maxever=0 >2ms=0 >5ms=0 >15ms=0 >20ms=0 >30ms=0 | probes=0 wrfail=0 down=0s maxout=0s
   4.019  PHY tx=2 rx=2
   4.074  BLASTC comp=10 exkBps=0 cgap_us[min/avg/max]=123/9679/86131
   4.074  BLAST phy=2/2 att=20 ok=20 enomem=0 err=0 call_us[min/avg/max]=48/4348/85455 okgap_max_us=194
   4.074  BLASTC comp=646 exkBps=0 cgap_us[min/avg/max]=1316/1487/4104
   4.074  BLAST phy=2/2 att=646 ok=646 enomem=0 err=0 call_us[min/avg/max]=1309/1476/4093 okgap_max_us=85525
   4.074  t=2s RTT mean=0 min=0 max=0 n=0 to=0 | cancels=0(+0/s) seqbad=0 len_bad=0 disc=0(0x00) | tot_n=0 tot_to=0 maxever=0 >2ms=0 >5ms=0 >15ms=0 >20ms=0 >30ms=0 | probes=0 wrfail=0 down=0s maxout=0s
   6.038  BLASTC comp=656 exkBps=0 cgap_us[min/avg/max]=1388/1524/25000
   6.038  BLAST phy=2/2 att=656 ok=656 enomem=0 err=0 call_us[min/avg/max]=1324/1513/24988 okgap_max_us=25000
   6.038  t=3s RTT mean=0 min=0 max=0 n=0 to=0 | cancels=0(+0/s) seqbad=0 len_bad=0 disc=0(0x00) | tot_n=0 tot_to=0 maxever=0 >2ms=0 >5ms=0 >15ms=0 >20ms=0 >30ms=0 | probes=0 wrfail=0 down=0s maxout=0s
   6.038  BLASTC comp=677 exkBps=0 cgap_us[min/avg/max]=1389/1477/4107
   6.094  BLAST phy=2/2 att=677 ok=677 enomem=0 err=0 call_us[min/avg/max]=1330/1466/4098 okgap_max_us=4109
   6.094  t=4s RTT mean=0 min=0 max=0 n=0 to=0 | cancels=0(+0/s) seqbad=0 len_bad=0 disc=0(0x00) | tot_n=0 tot_to=0 maxever=0 >2ms=0 >5ms=0 >15ms=0 >20ms=0 >30ms=0 | probes=0 wrfail=0 down=0s maxout=0s
   8.037  t=5s RTT mean=0 min=0 max=0 n=0 to=0 | cancels=0(+0/s) seqbad=0 len_bad=0 disc=0(0x00) | tot_n=0 tot_to=0 maxever=0 >2ms=0 >5ms=0 >15ms=0 >20ms=0 >30ms=0 | probes=0 wrfail=0 down=0s maxout=0s
   8.037  BLASTC comp=661 exkBps=0 cgap_us[min/avg/max]=1388/1535/16645
   8.037  BLAST phy=2/2 att=661 ok=661 enomem=0 err=0 call_us[min/avg/max]=1307/1524/16643 okgap_max_us=16646
   8.037  BLASTC comp=644 exkBps=0 cgap_us[min/avg/max]=1390/1529/19430
   8.092  BLAST phy=2/2 att=644 ok=644 enomem=0 err=0 call_us[min/avg/max]=1321/1518/19422 okgap_max_us=19433
   8.092  t=6s RTT mean=0 min=0 max=0 n=0 to=0 | cancels=0(+0/s) seqbad=0 len_bad=0 disc=0(0x00) | tot_n=0 tot_to=0 maxever=0 >2ms=0 >5ms=0 >15ms=0 >20ms=0 >30ms=0 | probes=0 wrfail=0 down=0s maxout=0s
  10.048  BLASTC comp=675 exkBps=0 cgap_us[min/avg/max]=1388/1481/4108
  10.049  BLAST phy=2/2 att=675 ok=675 enomem=0 err=0 call_us[min/avg/max]=1329/1470/4100 okgap_max_us=4111
  10.049  t=7s RTT mean=0 min=0 max=0 n=0 to=0 | cancels=0(+0/s) seqbad=0 len_bad=0 disc=0(0x00) | tot_n=0 tot_to=0 maxever=0 >2ms=0 >5ms=0 >15ms=0 >20ms=0 >30ms=0 | probes=0 wrfail=0 down=0s maxout=0s
  10.049  BLASTC comp=671 exkBps=0 cgap_us[min/avg/max]=1389/1490/8286
  10.049  BLAST phy=2/2 att=671 ok=671 enomem=0 err=0 call_us[min/avg/max]=1322/1479/8277 okgap_max_us=8288
  10.103  t=8s RTT mean=0 min=0 max=0 n=0 to=0 | cancels=0(+0/s) seqbad=0 len_bad=0 disc=0(0x00) | tot_n=0 tot_to=0 maxever=0 >2ms=0 >5ms=0 >15ms=0 >20ms=0 >30ms=0 | probes=0 wrfail=0 down=0s maxout=0s
  12.000  BLASTC comp=666 exkBps=0 cgap_us[min/avg/max]=1386/1501/18037
  12.054  BLAST phy=2/2 att=666 ok=666 enomem=0 err=0 call_us[min/avg/max]=1299/1490/18028 okgap_max_us=18039
  12.054  t=9s RTT mean=0 min=0 max=0 n=0 to=0 | cancels=0(+0/s) seqbad=0 len_bad=0 disc=0(0x00) | tot_n=0 tot_to=0 maxever=0 >2ms=0 >5ms=0 >15ms=0 >20ms=0 >30ms=0 | probes=0 wrfail=0 down=0s maxout=0s
  12.054  BLASTC comp=676 exkBps=0 cgap_us[min/avg/max]=1389/1479/5500
  12.054  BLAST phy=2/2 att=676 ok=676 enomem=0 err=0 call_us[min/avg/max]=1322/1468/5491 okgap_max_us=5502
  12.109  t=10s RTT mean=0 min=0 max=0 n=0 to=0 | cancels=0(+0/s) seqbad=0 len_bad=0 disc=0(0x00) | tot_n=0 tot_to=0 maxever=0 >2ms=0 >5ms=0 >15ms=0 >20ms=0 >30ms=0 | probes=0 wrfail=0 down=0s maxout=0s
  14.022  BLASTC comp=618 exkBps=0 cgap_us[min/avg/max]=1386/1618/45834
  14.022  BLAST phy=2/2 att=618 ok=618 enomem=0 err=0 call_us[min/avg/max]=1299/1607/45824 okgap_max_us=45835
  14.077  t=11s RTT mean=0 min=0 max=0 n=0 to=0 | cancels=0(+0/s) seqbad=0 len_bad=0 disc=0(0x00) | tot_n=0 tot_to=0 maxever=0 >2ms=0 >5ms=0 >15ms=0 >20ms=0 >30ms=0 | probes=0 wrfail=0 down=0s maxout=0s
  14.077  BLASTC comp=668 exkBps=0 cgap_us[min/avg/max]=1389/1497/13858
  14.077  BLAST phy=2/2 att=668 ok=668 enomem=0 err=0 call_us[min/avg/max]=1322/1486/13849 okgap_max_us=13860
  14.077  t=12s RTT mean=0 min=0 max=0 n=0 to=0 | cancels=0(+0/s) seqbad=0 len_bad=0 disc=0(0x00) | tot_n=0 tot_to=0 maxever=0 >2ms=0 >5ms=0 >15ms=0 >20ms=0 >30ms=0 | probes=0 wrfail=0 down=0s maxout=0s
  16.021  BLASTC comp=647 exkBps=0 cgap_us[min/avg/max]=1386/1545/18037
  16.021  BLAST phy=2/2 att=647 ok=647 enomem=0 err=0 call_us[min/avg/max]=1299/1534/18028 okgap_max_us=18039
  16.072  t=13s RTT mean=0 min=0 max=0 n=0 to=0 | cancels=0(+0/s) seqbad=0 len_bad=0 disc=0(0x00) | tot_n=0 tot_to=0 maxever=0 >2ms=0 >5ms=0 >15ms=0 >20ms=0 >30ms=0 | probes=0 wrfail=0 down=0s maxout=0s
  16.072  BLASTC comp=653 exkBps=0 cgap_us[min/avg/max]=1388/1531/22216
  16.072  BLAST phy=2/2 att=653 ok=653 enomem=0 err=0 call_us[min/avg/max]=1322/1520/22207 okgap_max_us=22218
  16.072  t=14s RTT mean=0 min=0 max=0 n=0 to=0 | cancels=0(+0/s) seqbad=0 len_bad=0 disc=0(0x00) | tot_n=0 tot_to=0 maxever=0 >2ms=0 >5ms=0 >15ms=0 >20ms=0 >30ms=0 | probes=0 wrfail=0 down=0s maxout=0s
  18.017  BLASTC comp=660 exkBps=0 cgap_us[min/avg/max]=1386/1515/23610
  18.018  BLAST phy=2/2 att=660 ok=660 enomem=0 err=0 call_us[min/avg/max]=1299/1504/23600 okgap_max_us=23612
  18.070  t=15s RTT mean=0 min=0 max=0 n=0 to=0 | cancels=0(+0/s) seqbad=0 len_bad=0 disc=0(0x00) | tot_n=0 tot_to=0 maxever=0 >2ms=0 >5ms=0 >15ms=0 >20ms=0 >30ms=0 | probes=0 wrfail=0 down=0s maxout=0s
  18.070  BLASTC comp=674 exkBps=0 cgap_us[min/avg/max]=1389/1483/4107
  18.070  BLAST phy=2/2 att=674 ok=674 enomem=0 err=0 call_us[min/avg/max]=1323/1472/4098 okgap_max_us=4109
  18.070  t=16s RTT mean=0 min=0 max=0 n=0 to=0 | cancels=0(+0/s) seqbad=0 len_bad=0 disc=0(0x00) | tot_n=0 tot_to=0 maxever=0 >2ms=0 >5ms=0 >15ms=0 >20ms=0 >30ms=0 | probes=0 wrfail=0 down=0s maxout=0s
  20.006  BLASTC comp=671 exkBps=0 cgap_us[min/avg/max]=1386/1490/4107
  20.061  BLAST phy=2/2 att=671 ok=671 enomem=0 err=0 call_us[min/avg/max]=1299/1479/4098 okgap_max_us=4110
  20.061  t=17s RTT mean=0 min=0 max=0 n=0 to=0 | cancels=0(+0/s) seqbad=0 len_bad=0 disc=0(0x00) | tot_n=0 tot_to=0 maxever=0 >2ms=0 >5ms=0 >15ms=0 >20ms=0 >30ms=0 | probes=0 wrfail=0 down=0s maxout=0s
  20.061  BLASTC comp=672 exkBps=0 cgap_us[min/avg/max]=1389/1488/12465
  20.061  BLAST phy=2/2 att=672 ok=672 enomem=0 err=0 call_us[min/avg/max]=1322/1477/12455 okgap_max_us=12467
  20.117  t=18s RTT mean=0 min=0 max=0 n=0 to=0 | cancels=0(+0/s) seqbad=0 len_bad=0 disc=0(0x00) | tot_n=0 tot_to=0 maxever=0 >2ms=0 >5ms=0 >15ms=0 >20ms=0 >30ms=0 | probes=0 wrfail=0 down=0s maxout=0s
  22.010  BLASTC comp=662 exkBps=0 cgap_us[min/avg/max]=1385/1510/20823
  22.010  BLAST phy=2/2 att=662 ok=662 enomem=0 err=0 call_us[min/avg/max]=1300/1499/20815 okgap_max_us=20826
  22.065  t=19s RTT mean=0 min=0 max=0 n=0 to=0 | cancels=0(+0/s) seqbad=0 len_bad=0 disc=0(0x00) | tot_n=0 tot_to=0 maxever=0 >2ms=0 >5ms=0 >15ms=0 >20ms=0 >30ms=0 | probes=0 wrfail=0 down=0s maxout=0s
  22.065  BLASTC comp=659 exkBps=0 cgap_us[min/avg/max]=1389/1517/25001
  22.065  BLAST phy=2/2 att=659 ok=659 enomem=0 err=0 call_us[min/avg/max]=1322/1506/24990 okgap_max_us=25001
  22.065  t=20s RTT mean=0 min=0 max=0 n=0 to=0 | cancels=0(+0/s) seqbad=0 len_bad=0 disc=0(0x00) | tot_n=0 tot_to=0 maxever=0 >2ms=0 >5ms=0 >15ms=0 >20ms=0 >30ms=0 | probes=0 wrfail=0 down=0s maxout=0s
  24.014  BLASTC comp=657 exkBps=0 cgap_us[min/avg/max]=1385/1522/27712
  24.014  BLAST phy=2/2 att=657 ok=657 enomem=0 err=0 call_us[min/avg/max]=1300/1511/27702 okgap_max_us=27714
  24.069  t=21s RTT mean=0 min=0 max=0 n=0 to=0 | cancels=0(+0/s) seqbad=0 len_bad=0 disc=0(0x00) | tot_n=0 tot_to=0 maxever=0 >2ms=0 >5ms=0 >15ms=0 >20ms=0 >30ms=0 | probes=0 wrfail=0 down=0s maxout=0s
  24.069  BLASTC comp=672 exkBps=0 cgap_us[min/avg/max]=1389/1488/11072
  24.069  BLAST phy=2/2 att=672 ok=672 enomem=0 err=0 call_us[min/avg/max]=1322/1477/11063 okgap_max_us=11074
  24.070  t=22s RTT mean=0 min=0 max=0 n=0 to=0 | cancels=0(+0/s) seqbad=0 len_bad=0 disc=0(0x00) | tot_n=0 tot_to=0 maxever=0 >2ms=0 >5ms=0 >15ms=0 >20ms=0 >30ms=0 | probes=0 wrfail=0 down=0s maxout=0s
  26.033  BLASTC comp=680 exkBps=0 cgap_us[min/avg/max]=1384/1470/2720
  26.033  BLAST phy=2/2 att=680 ok=680 enomem=0 err=0 call_us[min/avg/max]=1292/1459/2709 okgap_max_us=2720
  26.033  t=23s RTT mean=0 min=0 max=0 n=0 to=0 | cancels=0(+0/s) seqbad=0 len_bad=0 disc=0(0x00) | tot_n=0 tot_to=0 maxever=0 >2ms=0 >5ms=0 >15ms=0 >20ms=0 >30ms=0 | probes=0 wrfail=0 down=0s maxout=0s
  26.085  BLASTC comp=648 exkBps=0 cgap_us[min/avg/max]=1389/1543/19430
  26.085  BLAST phy=2/2 att=648 ok=648 enomem=0 err=0 call_us[min/avg/max]=1322/1532/19421 okgap_max_us=19432
  26.085  t=24s RTT mean=0 min=0 max=0 n=0 to=0 | cancels=0(+0/s) seqbad=0 len_bad=0 disc=0(0x00) | tot_n=0 tot_to=0 maxever=0 >2ms=0 >5ms=0 >15ms=0 >20ms=0 >30ms=0 | probes=0 wrfail=0 down=0s maxout=0s
  28.016  BLASTC comp=661 exkBps=0 cgap_us[min/avg/max]=1385/1512/25000
  28.016  BLAST phy=2/2 att=661 ok=661 enomem=0 err=0 call_us[min/avg/max]=1300/1501/24989 okgap_max_us=25000
  28.071  t=25s RTT mean=0 min=0 max=0 n=0 to=0 | cancels=0(+0/s) seqbad=0 len_bad=0 disc=0(0x00) | tot_n=0 tot_to=0 maxever=0 >2ms=0 >5ms=0 >15ms=0 >20ms=0 >30ms=0 | probes=0 wrfail=0 down=0s maxout=0s
  28.071  BLASTC comp=678 exkBps=0 cgap_us[min/avg/max]=1390/1474/2781
  28.071  BLAST phy=2/2 att=678 ok=678 enomem=0 err=0 call_us[min/avg/max]=1322/1463/2771 okgap_max_us=2782
  28.071  t=26s RTT mean=0 min=0 max=0 n=0 to=0 | cancels=0(+0/s) seqbad=0 len_bad=0 disc=0(0x00) | tot_n=0 tot_to=0 maxever=0 >2ms=0 >5ms=0 >15ms=0 >20ms=0 >30ms=0 | probes=0 wrfail=0 down=0s maxout=0s
