   1.713  *** Booting Zephyr OS build v4.4.2-16-gfee9fbc62095 ***
   1.713  [00:42:45.136,754] [0m<inf> bt_hci_core: HW Platform: Nordic Semiconductor (0x0002)[0m
   1.713  [00:42:45.136,767] [0m<inf> bt_hci_core: HW Variant: nRF54Lx (0x0005)[0m
   1.713  [00:42:45.136,779] [0m<inf> bt_hci_core: Firmware: Standard Bluetooth controller (0x00) Version 4.4 Build 2[0m
   1.713  [00:42:45.137,130] [0m<inf> bt_hci_core: HCI transport: Controller[0m
   1.713  [00:42:45.137,175] [0m<inf> bt_hci_core: Identity: FC:BE:FF:FA:E6:8B (random)[0m
   1.768  [00:42:45.137,191] [0m<inf> bt_hci_core: HCI: version 5.4 (0x0d) revision 0x0000, manufacturer 0x05f1[0m
   1.768  [00:42:45.137,206] [0m<inf> bt_hci_core: LMP: version 5.4 (0x0d) subver 0xffff[0m
   1.768  
   1.768  === nRF54L15 RTT ping-pong PERIPHERAL (echo) ===
   1.768  advertising
   2.946  GAP connected interval=50000
   2.946  PHY tx=2 rx=2
   3.000  P t=1s rxkBps=0 blkkBps=0 pongs=0(+0/s) cancels=0(+0/s) notify=0 disc=0(0x00) | echo rx=0 tx=0 pend=0 stale=0
   4.450  CCC: notify ENABLED
   4.505  P t=2s rxkBps=35 blkkBps=0 pongs=148(+148/s) cancels=0(+0/s) notify=1 disc=0(0x00) | echo rx=0 tx=0 pend=0 stale=0
   5.727  P t=3s rxkBps=166 blkkBps=0 pongs=845(+697/s) cancels=0(+0/s) notify=1 disc=0(0x00) | echo rx=0 tx=0 pend=0 stale=0
   5.727  P t=4s rxkBps=166 blkkBps=0 pongs=1542(+697/s) cancels=0(+0/s) notify=1 disc=0(0x00) | echo rx=0 tx=0 pend=0 stale=0
   7.699  P t=5s rxkBps=173 blkkBps=0 pongs=2271(+729/s) cancels=0(+0/s) notify=1 disc=0(0x00) | echo rx=0 tx=0 pend=0 stale=0
   7.699  P t=6s rxkBps=195 blkkBps=0 pongs=3090(+819/s) cancels=0(+0/s) notify=1 disc=0(0x00) | echo rx=0 tx=0 pend=0 stale=0
   9.679  P t=7s rxkBps=182 blkkBps=0 pongs=3856(+766/s) cancels=0(+0/s) notify=1 disc=0(0x00) | echo rx=0 tx=0 pend=0 stale=0
   9.734  P t=8s rxkBps=177 blkkBps=0 pongs=4600(+744/s) cancels=0(+0/s) notify=1 disc=0(0x00) | echo rx=0 tx=0 pend=0 stale=0
  11.718  P t=9s rxkBps=194 blkkBps=0 pongs=5417(+817/s) cancels=0(+0/s) notify=1 disc=0(0x00) | echo rx=0 tx=0 pend=0 stale=0
  11.718  P t=10s rxkBps=175 blkkBps=0 pongs=6152(+735/s) cancels=0(+0/s) notify=1 disc=0(0x00) | echo rx=0 tx=0 pend=0 stale=0
  13.713  P t=11s rxkBps=194 blkkBps=0 pongs=6968(+816/s) cancels=0(+0/s) notify=1 disc=0(0x00) | echo rx=0 tx=0 pend=0 stale=0
  13.713  P t=12s rxkBps=189 blkkBps=0 pongs=7763(+795/s) cancels=0(+0/s) notify=1 disc=0(0x00) | echo rx=0 tx=0 pend=0 stale=0
  15.711  P t=13s rxkBps=194 blkkBps=0 pongs=8580(+817/s) cancels=0(+0/s) notify=1 disc=0(0x00) | echo rx=0 tx=0 pend=0 stale=0
  15.711  P t=14s rxkBps=189 blkkBps=0 pongs=9376(+796/s) cancels=0(+0/s) notify=1 disc=0(0x00) | echo rx=0 tx=0 pend=0 stale=0
  17.708  P t=15s rxkBps=193 blkkBps=0 pongs=10190(+814/s) cancels=0(+0/s) notify=1 disc=0(0x00) | echo rx=0 tx=0 pend=0 stale=0
  17.708  P t=16s rxkBps=194 blkkBps=0 pongs=11008(+818/s) cancels=0(+0/s) notify=1 disc=0(0x00) | echo rx=0 tx=0 pend=0 stale=0
  19.713  P t=17s rxkBps=188 blkkBps=0 pongs=11797(+789/s) cancels=0(+0/s) notify=1 disc=0(0x00) | echo rx=0 tx=0 pend=0 stale=0
  19.713  P t=18s rxkBps=194 blkkBps=0 pongs=12614(+817/s) cancels=0(+0/s) notify=1 disc=0(0x00) | echo rx=0 tx=0 pend=0 stale=0
  21.703  P t=19s rxkBps=195 blkkBps=0 pongs=13433(+819/s) cancels=0(+0/s) notify=1 disc=0(0x00) | echo rx=0 tx=0 pend=0 stale=0
  21.703  P t=20s rxkBps=185 blkkBps=0 pongs=14211(+778/s) cancels=0(+0/s) notify=1 disc=0(0x00) | echo rx=0 tx=0 pend=0 stale=0
  23.707  P t=21s rxkBps=193 blkkBps=0 pongs=15021(+810/s) cancels=0(+0/s) notify=1 disc=0(0x00) | echo rx=0 tx=0 pend=0 stale=0
  23.707  P t=22s rxkBps=175 blkkBps=0 pongs=15756(+735/s) cancels=0(+0/s) notify=1 disc=0(0x00) | echo rx=0 tx=0 pend=0 stale=0
  25.695  P t=23s rxkBps=194 blkkBps=0 pongs=16574(+818/s) cancels=0(+0/s) notify=1 disc=0(0x00) | echo rx=0 tx=0 pend=0 stale=0
  25.695  P t=24s rxkBps=175 blkkBps=0 pongs=17312(+738/s) cancels=0(+0/s) notify=1 disc=0(0x00) | echo rx=0 tx=0 pend=0 stale=0
  27.727  P t=25s rxkBps=185 blkkBps=0 pongs=18089(+777/s) cancels=0(+0/s) notify=1 disc=0(0x00) | echo rx=0 tx=0 pend=0 stale=0
  27.727  P t=26s rxkBps=189 blkkBps=0 pongs=18884(+795/s) cancels=0(+0/s) notify=1 disc=0(0x00) | echo rx=0 tx=0 pend=0 stale=0
  29.707  P t=27s rxkBps=182 blkkBps=0 pongs=19651(+767/s) cancels=0(+0/s) notify=1 disc=0(0x00) | echo rx=0 tx=0 pend=0 stale=0
  29.707  P t=28s rxkBps=194 blkkBps=0 pongs=20466(+815/s) cancels=0(+0/s) notify=1 disc=0(0x00) | echo rx=0 tx=0 pend=0 stale=0
