   1.678  *** Booting Zephyr OS build v4.4.2-16-gfee9fbc62095 ***
   1.733  [00:26:29.165,104] [0m<inf> bt_hci_core: HW Platform: Nordic Semiconductor (0x0002)[0m
   1.733  [00:26:29.165,117] [0m<inf> bt_hci_core: HW Variant: nRF54Lx (0x0005)[0m
   1.733  [00:26:29.165,129] [0m<inf> bt_hci_core: Firmware: Standard Bluetooth controller (0x00) Version 4.4 Build 2[0m
   1.733  [00:26:29.165,479] [0m<inf> bt_hci_core: HCI transport: Controller[0m
   1.733  [00:26:29.165,525] [0m<inf> bt_hci_core: Identity: FC:BE:FF:FA:E6:8B (random)[0m
   1.733  [00:26:29.165,541] [0m<inf> bt_hci_core: HCI: version 5.4 (0x0d) revision 0x0000, manufacturer 0x05f1[0m
   1.733  [00:26:29.165,556] [0m<inf> bt_hci_core: LMP: version 5.4 (0x0d) subver 0xffff[0m
   1.733  
   1.733  === nRF54L15 RTT ping-pong PERIPHERAL (echo) ===
   1.733  advertising
   3.095  GAP connected interval=15000
   3.095  PHY tx=2 rx=2
   3.151  P t=1s rxkBps=0 blkkBps=0 pongs=0(+0/s) cancels=0(+0/s) notify=0 disc=0(0x00) | echo rx=0 tx=0 pend=0 stale=0
   3.151  CCC: notify ENABLED
   4.723  P t=2s rxkBps=113 blkkBps=0 pongs=478(+478/s) cancels=0(+0/s) notify=1 disc=0(0x00) | echo rx=0 tx=0 pend=0 stale=0
   4.723  P t=3s rxkBps=142 blkkBps=0 pongs=1077(+599/s) cancels=0(+0/s) notify=1 disc=0(0x00) | echo rx=0 tx=0 pend=0 stale=0
   6.716  P t=4s rxkBps=147 blkkBps=0 pongs=1697(+620/s) cancels=0(+0/s) notify=1 disc=0(0x00) | echo rx=0 tx=0 pend=0 stale=0
   6.717  P t=5s rxkBps=157 blkkBps=0 pongs=2358(+661/s) cancels=0(+0/s) notify=1 disc=0(0x00) | echo rx=0 tx=0 pend=0 stale=0
   8.729  P t=6s rxkBps=153 blkkBps=0 pongs=3002(+644/s) cancels=0(+0/s) notify=1 disc=0(0x00) | echo rx=0 tx=0 pend=0 stale=0
   8.729  P t=7s rxkBps=158 blkkBps=0 pongs=3666(+664/s) cancels=0(+0/s) notify=1 disc=0(0x00) | echo rx=0 tx=0 pend=0 stale=0
  10.719  P t=8s rxkBps=153 blkkBps=0 pongs=4311(+645/s) cancels=0(+0/s) notify=1 disc=0(0x00) | echo rx=0 tx=0 pend=0 stale=0
  10.719  P t=9s rxkBps=147 blkkBps=0 pongs=4930(+619/s) cancels=0(+0/s) notify=1 disc=0(0x00) | echo rx=0 tx=0 pend=0 stale=0
  12.726  P t=10s rxkBps=154 blkkBps=0 pongs=5580(+650/s) cancels=0(+0/s) notify=1 disc=0(0x00) | echo rx=0 tx=0 pend=0 stale=0
  12.727  P t=11s rxkBps=137 blkkBps=0 pongs=6156(+576/s) cancels=0(+0/s) notify=1 disc=0(0x00) | echo rx=0 tx=0 pend=0 stale=0
  14.680  P t=12s rxkBps=150 blkkBps=0 pongs=6786(+630/s) cancels=0(+0/s) notify=1 disc=0(0x00) | echo rx=0 tx=0 pend=0 stale=0
  14.735  P t=13s rxkBps=156 blkkBps=0 pongs=7442(+656/s) cancels=0(+0/s) notify=1 disc=0(0x00) | echo rx=0 tx=0 pend=0 stale=0
  16.684  P t=14s rxkBps=154 blkkBps=0 pongs=8092(+650/s) cancels=0(+0/s) notify=1 disc=0(0x00) | echo rx=0 tx=0 pend=0 stale=0
  16.736  P t=15s rxkBps=153 blkkBps=0 pongs=8737(+645/s) cancels=0(+0/s) notify=1 disc=0(0x00) | echo rx=0 tx=0 pend=0 stale=0
  18.682  P t=16s rxkBps=155 blkkBps=0 pongs=9388(+651/s) cancels=0(+0/s) notify=1 disc=0(0x00) | echo rx=0 tx=0 pend=0 stale=0
  18.735  P t=17s rxkBps=158 blkkBps=0 pongs=10054(+666/s) cancels=0(+0/s) notify=1 disc=0(0x00) | echo rx=0 tx=0 pend=0 stale=0
  20.719  P t=18s rxkBps=155 blkkBps=0 pongs=10707(+653/s) cancels=0(+0/s) notify=1 disc=0(0x00) | echo rx=0 tx=0 pend=0 stale=0
  20.719  P t=19s rxkBps=152 blkkBps=0 pongs=11348(+641/s) cancels=0(+0/s) notify=1 disc=0(0x00) | echo rx=0 tx=0 pend=0 stale=0
  22.726  P t=20s rxkBps=156 blkkBps=0 pongs=12005(+657/s) cancels=0(+0/s) notify=1 disc=0(0x00) | echo rx=0 tx=0 pend=0 stale=0
  22.726  P t=21s rxkBps=147 blkkBps=0 pongs=12622(+617/s) cancels=0(+0/s) notify=1 disc=0(0x00) | echo rx=0 tx=0 pend=0 stale=0
  24.724  P t=22s rxkBps=142 blkkBps=0 pongs=13222(+600/s) cancels=0(+0/s) notify=1 disc=0(0x00) | echo rx=0 tx=0 pend=0 stale=0
  24.725  P t=23s rxkBps=133 blkkBps=0 pongs=13784(+562/s) cancels=0(+0/s) notify=1 disc=0(0x00) | echo rx=0 tx=0 pend=0 stale=0
  26.729  P t=24s rxkBps=148 blkkBps=0 pongs=14407(+623/s) cancels=0(+0/s) notify=1 disc=0(0x00) | echo rx=0 tx=0 pend=0 stale=0
  26.729  P t=25s rxkBps=156 blkkBps=0 pongs=15063(+656/s) cancels=0(+0/s) notify=1 disc=0(0x00) | echo rx=0 tx=0 pend=0 stale=0
  28.729  P t=26s rxkBps=155 blkkBps=0 pongs=15714(+651/s) cancels=0(+0/s) notify=1 disc=0(0x00) | echo rx=0 tx=0 pend=0 stale=0
  28.729  P t=27s rxkBps=152 blkkBps=0 pongs=16352(+638/s) cancels=0(+0/s) notify=1 disc=0(0x00) | echo rx=0 tx=0 pend=0 stale=0
