   1.678  *** Booting Zephyr OS build v4.4.2-16-gfee9fbc62095 ***
   1.678  [01:01:49.825,215] [0m<inf> bt_hci_core: HW Platform: Nordic Semiconductor (0x0002)[0m
   1.678  [01:01:49.825,228] [0m<inf> bt_hci_core: HW Variant: nRF54Lx (0x0005)[0m
   1.735  [01:01:49.825,240] [0m<inf> bt_hci_core: Firmware: Standard Bluetooth controller (0x00) Version 4.4 Build 2[0m
   1.735  [01:01:49.825,590] [0m<inf> bt_hci_core: HCI transport: Controller[0m
   1.735  [01:01:49.825,636] [0m<inf> bt_hci_core: Identity: FC:BE:FF:FA:E6:8B (random)[0m
   1.735  [01:01:49.825,652] [0m<inf> bt_hci_core: HCI: version 5.4 (0x0d) revision 0x0000, manufacturer 0x05f1[0m
   1.735  [01:01:49.825,667] [0m<inf> bt_hci_core: LMP: version 5.4 (0x0d) subver 0xffff[0m
   1.735  
   1.735  === nRF54L15 RTT ping-pong PERIPHERAL (echo) ===
   1.735  advertising
   2.968  GAP connected interval=37500
   2.969  PHY tx=2 rx=2
   2.969  P t=1s rxkBps=0 blkkBps=0 pongs=0(+0/s) cancels=0(+0/s) notify=0 disc=0(0x00) | echo rx=0 tx=0 pend=0 stale=0
   4.207  CCC: notify ENABLED
   4.207  P t=2s rxkBps=79 blkkBps=0 pongs=334(+334/s) cancels=0(+0/s) notify=1 disc=0(0x00) | echo rx=0 tx=0 pend=0 stale=0
   5.670  P t=3s rxkBps=156 blkkBps=0 pongs=992(+658/s) cancels=0(+0/s) notify=1 disc=0(0x00) | echo rx=0 tx=0 pend=0 stale=0
   5.725  P t=4s rxkBps=149 blkkBps=0 pongs=1620(+628/s) cancels=0(+0/s) notify=1 disc=0(0x00) | echo rx=0 tx=0 pend=0 stale=0
   7.707  P t=5s rxkBps=164 blkkBps=0 pongs=2310(+690/s) cancels=0(+0/s) notify=1 disc=0(0x00) | echo rx=0 tx=0 pend=0 stale=0
   7.707  P t=6s rxkBps=158 blkkBps=0 pongs=2976(+666/s) cancels=0(+0/s) notify=1 disc=0(0x00) | echo rx=0 tx=0 pend=0 stale=0
   9.711  P t=7s rxkBps=152 blkkBps=0 pongs=3614(+638/s) cancels=0(+0/s) notify=1 disc=0(0x00) | echo rx=0 tx=0 pend=0 stale=0
   9.711  P t=8s rxkBps=148 blkkBps=0 pongs=4238(+624/s) cancels=0(+0/s) notify=1 disc=0(0x00) | echo rx=0 tx=0 pend=0 stale=0
  11.710  P t=9s rxkBps=162 blkkBps=0 pongs=4922(+684/s) cancels=0(+0/s) notify=1 disc=0(0x00) | echo rx=0 tx=0 pend=0 stale=0
  11.710  P t=10s rxkBps=164 blkkBps=0 pongs=5612(+690/s) cancels=0(+0/s) notify=1 disc=0(0x00) | echo rx=0 tx=0 pend=0 stale=0
  13.699  P t=11s rxkBps=160 blkkBps=0 pongs=6286(+674/s) cancels=0(+0/s) notify=1 disc=0(0x00) | echo rx=0 tx=0 pend=0 stale=0
  13.699  P t=12s rxkBps=157 blkkBps=0 pongs=6948(+662/s) cancels=0(+0/s) notify=1 disc=0(0x00) | echo rx=0 tx=0 pend=0 stale=0
  15.697  P t=13s rxkBps=158 blkkBps=0 pongs=7615(+667/s) cancels=0(+0/s) notify=1 disc=0(0x00) | echo rx=0 tx=0 pend=0 stale=0
  15.697  P t=14s rxkBps=162 blkkBps=0 pongs=8297(+682/s) cancels=0(+0/s) notify=1 disc=0(0x00) | echo rx=0 tx=0 pend=0 stale=0
  17.706  P t=15s rxkBps=155 blkkBps=0 pongs=8948(+651/s) cancels=0(+0/s) notify=1 disc=0(0x00) | echo rx=0 tx=0 pend=0 stale=0
  17.706  P t=16s rxkBps=147 blkkBps=0 pongs=9569(+621/s) cancels=0(+0/s) notify=1 disc=0(0x00) | echo rx=0 tx=0 pend=0 stale=0
  19.705  P t=17s rxkBps=154 blkkBps=0 pongs=10218(+649/s) cancels=0(+0/s) notify=1 disc=0(0x00) | echo rx=0 tx=0 pend=0 stale=0
  19.705  P t=18s rxkBps=151 blkkBps=0 pongs=10855(+637/s) cancels=0(+0/s) notify=1 disc=0(0x00) | echo rx=0 tx=0 pend=0 stale=0
  21.703  P t=19s rxkBps=160 blkkBps=0 pongs=11527(+672/s) cancels=0(+0/s) notify=1 disc=0(0x00) | echo rx=0 tx=0 pend=0 stale=0
  21.703  P t=20s rxkBps=159 blkkBps=0 pongs=12196(+669/s) cancels=0(+0/s) notify=1 disc=0(0x00) | echo rx=0 tx=0 pend=0 stale=0
  23.697  P t=21s rxkBps=165 blkkBps=0 pongs=12889(+693/s) cancels=0(+0/s) notify=1 disc=0(0x00) | echo rx=0 tx=0 pend=0 stale=0
  23.697  P t=22s rxkBps=159 blkkBps=0 pongs=13558(+669/s) cancels=0(+0/s) notify=1 disc=0(0x00) | echo rx=0 tx=0 pend=0 stale=0
  25.681  P t=23s rxkBps=151 blkkBps=0 pongs=14192(+634/s) cancels=0(+0/s) notify=1 disc=0(0x00) | echo rx=0 tx=0 pend=0 stale=0
  25.735  P t=24s rxkBps=149 blkkBps=0 pongs=14820(+628/s) cancels=0(+0/s) notify=1 disc=0(0x00) | echo rx=0 tx=0 pend=0 stale=0
  27.724  P t=25s rxkBps=164 blkkBps=0 pongs=15512(+692/s) cancels=0(+0/s) notify=1 disc=0(0x00) | echo rx=0 tx=0 pend=0 stale=0
  27.724  P t=26s rxkBps=161 blkkBps=0 pongs=16189(+677/s) cancels=0(+0/s) notify=1 disc=0(0x00) | echo rx=0 tx=0 pend=0 stale=0
  29.713  P t=27s rxkBps=157 blkkBps=0 pongs=16852(+663/s) cancels=0(+0/s) notify=1 disc=0(0x00) | echo rx=0 tx=0 pend=0 stale=0
  29.713  P t=28s rxkBps=153 blkkBps=0 pongs=17495(+643/s) cancels=0(+0/s) notify=1 disc=0(0x00) | echo rx=0 tx=0 pend=0 stale=0
