   1.725  *** Booting Zephyr OS build v4.4.2-16-gfee9fbc62095 ***
   1.725  [01:01:03.975,571] [0m<inf> bt_hci_core: HW Platform: Nordic Semiconductor (0x0002)[0m
   1.725  [01:01:03.975,583] [0m<inf> bt_hci_core: HW Variant: nRF54Lx (0x0005)[0m
   1.725  [01:01:03.975,595] [0m<inf> bt_hci_core: Firmware: Standard Bluetooth controller (0x00) Version 4.4 Build 2[0m
   1.725  [01:01:03.975,946] [0m<inf> bt_hci_core: HCI transport: Controller[0m
   1.725  [01:01:03.975,991] [0m<inf> bt_hci_core: Identity: FC:BE:FF:FA:E6:8B (random)[0m
   1.725  [01:01:03.976,008] [0m<inf> bt_hci_core: HCI: version 5.4 (0x0d) revision 0x0000, manufacturer 0x05f1[0m
   1.780  [01:01:03.976,023] [0m<inf> bt_hci_core: LMP: version 5.4 (0x0d) subver 0xffff[0m
   1.780  
   1.780  === nRF54L15 RTT ping-pong PERIPHERAL (echo) ===
   1.780  advertising
   3.116  GAP connected interval=15000
   3.116  PHY tx=2 rx=2
   3.116  P t=1s rxkBps=0 blkkBps=0 pongs=0(+0/s) cancels=0(+0/s) notify=0 disc=0(0x00) | echo rx=0 tx=0 pend=0 stale=0
   3.116  CCC: notify ENABLED
   4.681  P t=2s rxkBps=122 blkkBps=0 pongs=515(+515/s) cancels=0(+0/s) notify=1 disc=0(0x00) | echo rx=0 tx=0 pend=0 stale=0
   4.737  P t=3s rxkBps=157 blkkBps=0 pongs=1177(+662/s) cancels=0(+0/s) notify=1 disc=0(0x00) | echo rx=0 tx=0 pend=0 stale=0
   6.693  P t=4s rxkBps=156 blkkBps=0 pongs=1835(+658/s) cancels=0(+0/s) notify=1 disc=0(0x00) | echo rx=0 tx=0 pend=0 stale=0
   6.748  P t=5s rxkBps=183 blkkBps=0 pongs=2605(+770/s) cancels=0(+0/s) notify=1 disc=0(0x00) | echo rx=0 tx=0 pend=0 stale=0
   8.701  P t=6s rxkBps=180 blkkBps=0 pongs=3363(+758/s) cancels=0(+0/s) notify=1 disc=0(0x00) | echo rx=0 tx=0 pend=0 stale=0
   8.701  P t=7s rxkBps=186 blkkBps=0 pongs=4147(+784/s) cancels=0(+0/s) notify=1 disc=0(0x00) | echo rx=0 tx=0 pend=0 stale=0
  10.705  P t=8s rxkBps=188 blkkBps=0 pongs=4936(+789/s) cancels=0(+0/s) notify=1 disc=0(0x00) | echo rx=0 tx=0 pend=0 stale=0
  10.705  P t=9s rxkBps=186 blkkBps=0 pongs=5720(+784/s) cancels=0(+0/s) notify=1 disc=0(0x00) | echo rx=0 tx=0 pend=0 stale=0
  12.703  P t=10s rxkBps=190 blkkBps=0 pongs=6520(+800/s) cancels=0(+0/s) notify=1 disc=0(0x00) | echo rx=0 tx=0 pend=0 stale=0
  12.703  P t=11s rxkBps=190 blkkBps=0 pongs=7319(+799/s) cancels=0(+0/s) notify=1 disc=0(0x00) | echo rx=0 tx=0 pend=0 stale=0
  14.706  P t=12s rxkBps=185 blkkBps=0 pongs=8098(+779/s) cancels=0(+0/s) notify=1 disc=0(0x00) | echo rx=0 tx=0 pend=0 stale=0
  14.707  P t=13s rxkBps=189 blkkBps=0 pongs=8894(+796/s) cancels=0(+0/s) notify=1 disc=0(0x00) | echo rx=0 tx=0 pend=0 stale=0
  16.706  P t=14s rxkBps=188 blkkBps=0 pongs=9687(+793/s) cancels=0(+0/s) notify=1 disc=0(0x00) | echo rx=0 tx=0 pend=0 stale=0
  16.706  P t=15s rxkBps=186 blkkBps=0 pongs=10468(+781/s) cancels=0(+0/s) notify=1 disc=0(0x00) | echo rx=0 tx=0 pend=0 stale=0
  18.711  P t=16s rxkBps=188 blkkBps=0 pongs=11261(+793/s) cancels=0(+0/s) notify=1 disc=0(0x00) | echo rx=0 tx=0 pend=0 stale=0
  18.711  P t=17s rxkBps=187 blkkBps=0 pongs=12049(+788/s) cancels=0(+0/s) notify=1 disc=0(0x00) | echo rx=0 tx=0 pend=0 stale=0
  20.712  P t=18s rxkBps=188 blkkBps=0 pongs=12842(+793/s) cancels=0(+0/s) notify=1 disc=0(0x00) | echo rx=0 tx=0 pend=0 stale=0
  20.712  P t=19s rxkBps=189 blkkBps=0 pongs=13637(+795/s) cancels=0(+0/s) notify=1 disc=0(0x00) | echo rx=0 tx=0 pend=0 stale=0
  22.713  P t=20s rxkBps=189 blkkBps=0 pongs=14433(+796/s) cancels=0(+0/s) notify=1 disc=0(0x00) | echo rx=0 tx=0 pend=0 stale=0
  22.713  P t=21s rxkBps=186 blkkBps=0 pongs=15217(+784/s) cancels=0(+0/s) notify=1 disc=0(0x00) | echo rx=0 tx=0 pend=0 stale=0
  24.720  P t=22s rxkBps=189 blkkBps=0 pongs=16013(+796/s) cancels=0(+0/s) notify=1 disc=0(0x00) | echo rx=0 tx=0 pend=0 stale=0
  24.720  P t=23s rxkBps=187 blkkBps=0 pongs=16798(+785/s) cancels=0(+0/s) notify=1 disc=0(0x00) | echo rx=0 tx=0 pend=0 stale=0
  26.718  P t=24s rxkBps=188 blkkBps=0 pongs=17589(+791/s) cancels=0(+0/s) notify=1 disc=0(0x00) | echo rx=0 tx=0 pend=0 stale=0
  26.718  P t=25s rxkBps=187 blkkBps=0 pongs=18375(+786/s) cancels=0(+0/s) notify=1 disc=0(0x00) | echo rx=0 tx=0 pend=0 stale=0
  28.716  P t=26s rxkBps=188 blkkBps=0 pongs=19166(+791/s) cancels=0(+0/s) notify=1 disc=0(0x00) | echo rx=0 tx=0 pend=0 stale=0
  28.716  P t=27s rxkBps=189 blkkBps=0 pongs=19963(+797/s) cancels=0(+0/s) notify=1 disc=0(0x00) | echo rx=0 tx=0 pend=0 stale=0
