   1.671  *** Booting Zephyr OS build v4.4.2-16-gfee9fbc62095 ***
   1.723  [00:21:59.626,163] [0m<inf> bt_hci_core: HW Platform: Nordic Semiconductor (0x0002)[0m
   1.723  [00:21:59.626,176] [0m<inf> bt_hci_core: HW Variant: nRF54Lx (0x0005)[0m
   1.723  [00:21:59.626,187] [0m<inf> bt_hci_core: Firmware: Standard Bluetooth controller (0x00) Version 4.4 Build 2[0m
   1.723  [00:21:59.626,538] [0m<inf> bt_hci_core: HCI transport: Controller[0m
   1.723  [00:21:59.626,584] [0m<inf> bt_hci_core: Identity: FC:BE:FF:FA:E6:8B (random)[0m
   1.723  [00:21:59.626,600] [0m<inf> bt_hci_core: HCI: version 5.4 (0x0d) revision 0x0000, manufacturer 0x05f1[0m
   1.723  [00:21:59.626,615] [0m<inf> bt_hci_core: LMP: version 5.4 (0x0d) subver 0xffff[0m
   1.723  
   1.778  === nRF54L15 RTT ping-pong PERIPHERAL (echo) ===
   1.778  advertising
   3.068  GAP connected interval=37500
   3.068  PHY tx=2 rx=2
   3.121  P t=1s rxkBps=0 blkkBps=0 pongs=0(+0/s) cancels=0(+0/s) notify=0 disc=0(0x00) | echo rx=0 tx=0 pend=0 stale=0
   4.306  CCC: notify ENABLED
   4.360  P t=2s rxkBps=52 blkkBps=0 pongs=222(+222/s) cancels=0(+0/s) notify=1 disc=0(0x00) | echo rx=0 tx=0 pend=0 stale=0
   5.679  P t=3s rxkBps=154 blkkBps=0 pongs=871(+649/s) cancels=0(+0/s) notify=1 disc=0(0x00) | echo rx=0 tx=0 pend=0 stale=0
   5.733  P t=4s rxkBps=158 blkkBps=0 pongs=1537(+666/s) cancels=0(+0/s) notify=1 disc=0(0x00) | echo rx=0 tx=0 pend=0 stale=0
   7.714  P t=5s rxkBps=156 blkkBps=0 pongs=2193(+656/s) cancels=0(+0/s) notify=1 disc=0(0x00) | echo rx=0 tx=0 pend=0 stale=0
   7.714  P t=6s rxkBps=153 blkkBps=0 pongs=2839(+646/s) cancels=0(+0/s) notify=1 disc=0(0x00) | echo rx=0 tx=0 pend=0 stale=0
   9.693  P t=7s rxkBps=152 blkkBps=0 pongs=3480(+641/s) cancels=0(+0/s) notify=1 disc=0(0x00) | echo rx=0 tx=0 pend=0 stale=0
   9.694  P t=8s rxkBps=157 blkkBps=0 pongs=4141(+661/s) cancels=0(+0/s) notify=1 disc=0(0x00) | echo rx=0 tx=0 pend=0 stale=0
  11.719  P t=9s rxkBps=159 blkkBps=0 pongs=4811(+670/s) cancels=0(+0/s) notify=1 disc=0(0x00) | echo rx=0 tx=0 pend=0 stale=0
  11.719  P t=10s rxkBps=144 blkkBps=0 pongs=5417(+606/s) cancels=0(+0/s) notify=1 disc=0(0x00) | echo rx=0 tx=0 pend=0 stale=0
  13.698  P t=11s rxkBps=153 blkkBps=0 pongs=6060(+643/s) cancels=0(+0/s) notify=1 disc=0(0x00) | echo rx=0 tx=0 pend=0 stale=0
  13.698  P t=12s rxkBps=149 blkkBps=0 pongs=6687(+627/s) cancels=0(+0/s) notify=1 disc=0(0x00) | echo rx=0 tx=0 pend=0 stale=0
  15.727  P t=13s rxkBps=145 blkkBps=0 pongs=7299(+612/s) cancels=0(+0/s) notify=1 disc=0(0x00) | echo rx=0 tx=0 pend=0 stale=0
  15.728  P t=14s rxkBps=155 blkkBps=0 pongs=7950(+651/s) cancels=0(+0/s) notify=1 disc=0(0x00) | echo rx=0 tx=0 pend=0 stale=0
  17.721  P t=15s rxkBps=152 blkkBps=0 pongs=8591(+641/s) cancels=0(+0/s) notify=1 disc=0(0x00) | echo rx=0 tx=0 pend=0 stale=0
  17.721  P t=16s rxkBps=149 blkkBps=0 pongs=9220(+629/s) cancels=0(+0/s) notify=1 disc=0(0x00) | echo rx=0 tx=0 pend=0 stale=0
  19.721  P t=17s rxkBps=152 blkkBps=0 pongs=9858(+638/s) cancels=0(+0/s) notify=1 disc=0(0x00) | echo rx=0 tx=0 pend=0 stale=0
  19.721  P t=18s rxkBps=133 blkkBps=0 pongs=10417(+559/s) cancels=0(+0/s) notify=1 disc=0(0x00) | echo rx=0 tx=0 pend=0 stale=0
  21.717  P t=19s rxkBps=137 blkkBps=0 pongs=10993(+576/s) cancels=0(+0/s) notify=1 disc=0(0x00) | echo rx=0 tx=0 pend=0 stale=0
  21.717  P t=20s rxkBps=159 blkkBps=0 pongs=11663(+670/s) cancels=0(+0/s) notify=1 disc=0(0x00) | echo rx=0 tx=0 pend=0 stale=0
  23.711  P t=21s rxkBps=146 blkkBps=0 pongs=12278(+615/s) cancels=0(+0/s) notify=1 disc=0(0x00) | echo rx=0 tx=0 pend=0 stale=0
  23.711  P t=22s rxkBps=158 blkkBps=0 pongs=12943(+665/s) cancels=0(+0/s) notify=1 disc=0(0x00) | echo rx=0 tx=0 pend=0 stale=0
  25.694  P t=23s rxkBps=153 blkkBps=0 pongs=13587(+644/s) cancels=0(+0/s) notify=1 disc=0(0x00) | echo rx=0 tx=0 pend=0 stale=0
  25.694  P t=24s rxkBps=149 blkkBps=0 pongs=14215(+628/s) cancels=0(+0/s) notify=1 disc=0(0x00) | echo rx=0 tx=0 pend=0 stale=0
  27.681  P t=25s rxkBps=134 blkkBps=0 pongs=14779(+564/s) cancels=0(+0/s) notify=1 disc=0(0x00) | echo rx=0 tx=0 pend=0 stale=0
  27.735  P t=26s rxkBps=152 blkkBps=0 pongs=15420(+641/s) cancels=0(+0/s) notify=1 disc=0(0x00) | echo rx=0 tx=0 pend=0 stale=0
  29.710  P t=27s rxkBps=149 blkkBps=0 pongs=16048(+628/s) cancels=0(+0/s) notify=1 disc=0(0x00) | echo rx=0 tx=0 pend=0 stale=0
  29.710  P t=28s rxkBps=155 blkkBps=0 pongs=16700(+652/s) cancels=0(+0/s) notify=1 disc=0(0x00) | echo rx=0 tx=0 pend=0 stale=0
