   1.671  *** Booting Zephyr OS build v4.4.2-16-gfee9fbc62095 ***
   1.671  [00:04:36.702,855] [0m<inf> bt_hci_core: HW Platform: Nordic Semiconductor (0x0002)[0m
   1.671  [00:04:36.702,868] [0m<inf> bt_hci_core: HW Variant: nRF54Lx (0x0005)[0m
   1.726  [00:04:36.702,880] [0m<inf> bt_hci_core: Firmware: Standard Bluetooth controller (0x00) Version 4.4 Build 2[0m
   1.726  [00:04:36.703,230] [0m<inf> bt_hci_core: HCI transport: Controller[0m
   1.727  [00:04:36.703,276] [0m<inf> bt_hci_core: Identity: FC:BE:FF:FA:E6:8B (random)[0m
   1.727  [00:04:36.703,292] [0m<inf> bt_hci_core: HCI: version 5.4 (0x0d) revision 0x0000, manufacturer 0x05f1[0m
   1.727  [00:04:36.703,307] [0m<inf> bt_hci_core: LMP: version 5.4 (0x0d) subver 0xffff[0m
   1.727  
   1.727  === nRF54L15 RTT ping-pong PERIPHERAL (echo) ===
   1.727  advertising
   2.957  GAP connected interval=15000
   2.957  PHY tx=2 rx=2
   2.957  P t=1s rxkBps=0 blkkBps=0 pongs=0(+0/s) cancels=0(+0/s) notify=0 disc=0(0x00) | echo rx=0 tx=0 pend=0 stale=0
   2.957  CCC: notify ENABLED
   4.688  P t=2s rxkBps=139 blkkBps=0 pongs=584(+584/s) cancels=0(+0/s) notify=1 disc=0(0x00) | echo rx=0 tx=0 pend=0 stale=0
   4.688  P t=3s rxkBps=156 blkkBps=0 pongs=1239(+655/s) cancels=0(+0/s) notify=1 disc=0(0x00) | echo rx=0 tx=0 pend=0 stale=0
   6.671  P t=4s rxkBps=152 blkkBps=0 pongs=1878(+639/s) cancels=0(+0/s) notify=1 disc=0(0x00) | echo rx=0 tx=0 pend=0 stale=0
   6.722  P t=5s rxkBps=183 blkkBps=0 pongs=2646(+768/s) cancels=0(+0/s) notify=1 disc=0(0x00) | echo rx=0 tx=0 pend=0 stale=0
   8.669  P t=6s rxkBps=176 blkkBps=0 pongs=3385(+739/s) cancels=0(+0/s) notify=1 disc=0(0x00) | echo rx=0 tx=0 pend=0 stale=0
   8.721  P t=7s rxkBps=173 blkkBps=0 pongs=4113(+728/s) cancels=0(+0/s) notify=1 disc=0(0x00) | echo rx=0 tx=0 pend=0 stale=0
  10.695  P t=8s rxkBps=189 blkkBps=0 pongs=4909(+796/s) cancels=0(+0/s) notify=1 disc=0(0x00) | echo rx=0 tx=0 pend=0 stale=0
  10.695  P t=9s rxkBps=189 blkkBps=0 pongs=5704(+795/s) cancels=0(+0/s) notify=1 disc=0(0x00) | echo rx=0 tx=0 pend=0 stale=0
  12.696  P t=10s rxkBps=180 blkkBps=0 pongs=6462(+758/s) cancels=0(+0/s) notify=1 disc=0(0x00) | echo rx=0 tx=0 pend=0 stale=0
  12.697  P t=11s rxkBps=185 blkkBps=0 pongs=7241(+779/s) cancels=0(+0/s) notify=1 disc=0(0x00) | echo rx=0 tx=0 pend=0 stale=0
  14.694  P t=12s rxkBps=189 blkkBps=0 pongs=8036(+795/s) cancels=0(+0/s) notify=1 disc=0(0x00) | echo rx=0 tx=0 pend=0 stale=0
  14.694  P t=13s rxkBps=185 blkkBps=0 pongs=8816(+780/s) cancels=0(+0/s) notify=1 disc=0(0x00) | echo rx=0 tx=0 pend=0 stale=0
  16.682  P t=14s rxkBps=189 blkkBps=0 pongs=9611(+795/s) cancels=0(+0/s) notify=1 disc=0(0x00) | echo rx=0 tx=0 pend=0 stale=0
  16.682  P t=15s rxkBps=185 blkkBps=0 pongs=10390(+779/s) cancels=0(+0/s) notify=1 disc=0(0x00) | echo rx=0 tx=0 pend=0 stale=0
  18.676  P t=16s rxkBps=189 blkkBps=0 pongs=11187(+797/s) cancels=0(+0/s) notify=1 disc=0(0x00) | echo rx=0 tx=0 pend=0 stale=0
  18.677  P t=17s rxkBps=188 blkkBps=0 pongs=11980(+793/s) cancels=0(+0/s) notify=1 disc=0(0x00) | echo rx=0 tx=0 pend=0 stale=0
  20.668  P t=18s rxkBps=186 blkkBps=0 pongs=12762(+782/s) cancels=0(+0/s) notify=1 disc=0(0x00) | echo rx=0 tx=0 pend=0 stale=0
  20.724  P t=19s rxkBps=189 blkkBps=0 pongs=13559(+797/s) cancels=0(+0/s) notify=1 disc=0(0x00) | echo rx=0 tx=0 pend=0 stale=0
  22.712  P t=20s rxkBps=189 blkkBps=0 pongs=14354(+795/s) cancels=0(+0/s) notify=1 disc=0(0x00) | echo rx=0 tx=0 pend=0 stale=0
  22.712  P t=21s rxkBps=189 blkkBps=0 pongs=15151(+797/s) cancels=0(+0/s) notify=1 disc=0(0x00) | echo rx=0 tx=0 pend=0 stale=0
  24.699  P t=22s rxkBps=189 blkkBps=0 pongs=15947(+796/s) cancels=0(+0/s) notify=1 disc=0(0x00) | echo rx=0 tx=0 pend=0 stale=0
  24.699  P t=23s rxkBps=190 blkkBps=0 pongs=16745(+798/s) cancels=0(+0/s) notify=1 disc=0(0x00) | echo rx=0 tx=0 pend=0 stale=0
  26.679  P t=24s rxkBps=190 blkkBps=0 pongs=17543(+798/s) cancels=0(+0/s) notify=1 disc=0(0x00) | echo rx=0 tx=0 pend=0 stale=0
  26.679  P t=25s rxkBps=189 blkkBps=0 pongs=18340(+797/s) cancels=0(+0/s) notify=1 disc=0(0x00) | echo rx=0 tx=0 pend=0 stale=0
  28.685  P t=26s rxkBps=189 blkkBps=0 pongs=19135(+795/s) cancels=0(+0/s) notify=1 disc=0(0x00) | echo rx=0 tx=0 pend=0 stale=0
  28.686  P t=27s rxkBps=188 blkkBps=0 pongs=19928(+793/s) cancels=0(+0/s) notify=1 disc=0(0x00) | echo rx=0 tx=0 pend=0 stale=0
