   1.938  *** Booting Zephyr OS build v4.4.2-16-gfee9fbc62095 ***
   1.938  [00:51:07.689,318] [0m<inf> bt_hci_core: HW Platform: Nordic Semiconductor (0x0002)[0m
   1.938  [00:51:07.689,331] [0m<inf> bt_hci_core: HW Variant: nRF54Lx (0x0005)[0m
   1.938  [00:51:07.689,342] [0m<inf> bt_hci_core: Firmware: Standard Bluetooth controller (0x00) Version 4.4 Build 2[0m
   1.938  [00:51:07.689,682] [0m<inf> bt_hci_core: HCI transport: Controller[0m
   1.938  [00:51:07.689,729] [0m<inf> bt_hci_core: Identity: D6:C7:60:B1:D3:0E (random)[0m
   1.938  [00:51:07.689,744] [0m<inf> bt_hci_core: HCI: version 5.4 (0x0d) revision 0x0000, manufacturer 0x05f1[0m
   1.993  [00:51:07.689,760] [0m<inf> bt_hci_core: LMP: version 5.4 (0x0d) subver 0xffff[0m
   1.993  
   1.993  === nRF54L15 RTT ping-pong CENTRAL ===
   1.993  scan rc=0
   1.993  Q2CONN AA=41c5f6fc CRCINIT=983d47 hop=8 chan_count=37 map=ffffffff1f
   1.993  GAP connected interval=7500
   1.993  MTU err=0 mtu=247
   2.591  PHY tx=2 rx=2
   2.591  discovery start (post-PHY +500ms) interval=7500 phy2m=1
   2.644  SUBSCRIBED, vh=14
   2.644  BLAST: phy_update->2M rc=0
   2.644  BLAST first16_call_us: 118 112 111 113 113 113 114 114 114 108 50 48 48 48 48 49
   3.610  PHY tx=2 rx=2
   3.665  t=1s RTT mean=0 min=0 max=0 n=0 to=0 | cancels=0(+0/s) seqbad=0 len_bad=0 disc=0(0x00) | tot_n=0 tot_to=0 maxever=0 >2ms=0 >5ms=0 >15ms=0 >20ms=0 >30ms=0 | probes=0 wrfail=0 down=0s maxout=0s
   3.665  BLASTC comp=190 exkBps=0 cgap_us[min/avg/max]=121/1587/28905
   3.665  BLAST phy=2/2 att=200 ok=200 enomem=0 err=0 call_us[min/avg/max]=48/1489/28228 okgap_max_us=28240
   4.912  t=2s RTT mean=0 min=0 max=0 n=0 to=0 | cancels=0(+0/s) seqbad=0 len_bad=0 disc=0(0x00) | tot_n=0 tot_to=0 maxever=0 >2ms=0 >5ms=0 >15ms=0 >20ms=0 >30ms=0 | probes=0 wrfail=0 down=0s maxout=0s
   4.912  BLASTC comp=661 exkBps=0 cgap_us[min/avg/max]=1331/1511/3263
   4.967  BLAST phy=2/2 att=661 ok=661 enomem=0 err=0 call_us[min/avg/max]=1318/1500/3250 okgap_max_us=3262
   4.967  t=3s RTT mean=0 min=0 max=0 n=0 to=0 | cancels=0(+0/s) seqbad=0 len_bad=0 disc=0(0x00) | tot_n=0 tot_to=0 maxever=0 >2ms=0 >5ms=0 >15ms=0 >20ms=0 >30ms=0 | probes=0 wrfail=0 down=0s maxout=0s
   4.967  BLASTC comp=665 exkBps=0 cgap_us[min/avg/max]=1332/1504/4719
   4.967  BLAST phy=2/2 att=665 ok=665 enomem=0 err=0 call_us[min/avg/max]=1218/1493/4709 okgap_max_us=4721
   6.932  t=4s RTT mean=0 min=0 max=0 n=0 to=0 | cancels=0(+0/s) seqbad=0 len_bad=0 disc=0(0x00) | tot_n=0 tot_to=0 maxever=0 >2ms=0 >5ms=0 >15ms=0 >20ms=0 >30ms=0 | probes=0 wrfail=0 down=0s maxout=0s
   6.932  BLASTC comp=664 exkBps=0 cgap_us[min/avg/max]=1328/1507/3263
   6.932  BLAST phy=2/2 att=664 ok=664 enomem=0 err=0 call_us[min/avg/max]=1164/1495/3256 okgap_max_us=3261
   6.932  BLASTC comp=661 exkBps=0 cgap_us[min/avg/max]=1332/1511/3262
   6.987  BLAST phy=2/2 att=661 ok=661 enomem=0 err=0 call_us[min/avg/max]=1313/1500/3250 okgap_max_us=3327
   6.987  t=5s RTT mean=0 min=0 max=0 n=0 to=0 | cancels=0(+0/s) seqbad=0 len_bad=0 disc=0(0x00) | tot_n=0 tot_to=0 maxever=0 >2ms=0 >5ms=0 >15ms=0 >20ms=0 >30ms=0 | probes=0 wrfail=0 down=0s maxout=0s
   8.888  BLASTC comp=663 exkBps=0 cgap_us[min/avg/max]=1332/1508/3261
   8.944  BLAST phy=2/2 att=663 ok=663 enomem=0 err=0 call_us[min/avg/max]=1318/1497/3250 okgap_max_us=3261
   8.944  t=6s RTT mean=0 min=0 max=0 n=0 to=0 | cancels=0(+0/s) seqbad=0 len_bad=0 disc=0(0x00) | tot_n=0 tot_to=0 maxever=0 >2ms=0 >5ms=0 >15ms=0 >20ms=0 >30ms=0 | probes=0 wrfail=0 down=0s maxout=0s
   8.944  t=7s RTT mean=0 min=0 max=0 n=0 to=0 | cancels=0(+0/s) seqbad=0 len_bad=0 disc=0(0x00) | tot_n=0 tot_to=0 maxever=0 >2ms=0 >5ms=0 >15ms=0 >20ms=0 >30ms=0 | probes=0 wrfail=0 down=0s maxout=0s
   8.944  BLASTC comp=664 exkBps=0 cgap_us[min/avg/max]=1332/1507/3262
   8.998  BLAST phy=2/2 att=664 ok=664 enomem=0 err=0 call_us[min/avg/max]=1266/1496/3250 okgap_max_us=3261
  10.891  BLASTC comp=657 exkBps=0 cgap_us[min/avg/max]=1329/1520/7501
  10.946  BLAST phy=2/2 att=657 ok=657 enomem=0 err=0 call_us[min/avg/max]=1305/1509/7490 okgap_max_us=7501
  10.946  t=8s RTT mean=0 min=0 max=0 n=0 to=0 | cancels=0(+0/s) seqbad=0 len_bad=0 disc=0(0x00) | tot_n=0 tot_to=0 maxever=0 >2ms=0 >5ms=0 >15ms=0 >20ms=0 >30ms=0 | probes=0 wrfail=0 down=0s maxout=0s
  10.946  BLASTC comp=666 exkBps=0 cgap_us[min/avg/max]=1331/1502/3261
  10.946  BLAST phy=2/2 att=666 ok=666 enomem=0 err=0 call_us[min/avg/max]=1318/1490/3250 okgap_max_us=3261
  11.000  t=9s RTT mean=0 min=0 max=0 n=0 to=0 | cancels=0(+0/s) seqbad=0 len_bad=0 disc=0(0x00) | tot_n=0 tot_to=0 maxever=0 >2ms=0 >5ms=0 >15ms=0 >20ms=0 >30ms=0 | probes=0 wrfail=0 down=0s maxout=0s
  12.892  BLASTC comp=666 exkBps=0 cgap_us[min/avg/max]=1331/1502/3261
  12.944  BLAST phy=2/2 att=666 ok=666 enomem=0 err=0 call_us[min/avg/max]=1316/1491/3249 okgap_max_us=3261
  12.944  t=10s RTT mean=0 min=0 max=0 n=0 to=0 | cancels=0(+0/s) seqbad=0 len_bad=0 disc=0(0x00) | tot_n=0 tot_to=0 maxever=0 >2ms=0 >5ms=0 >15ms=0 >20ms=0 >30ms=0 | probes=0 wrfail=0 down=0s maxout=0s
  12.944  BLASTC comp=664 exkBps=0 cgap_us[min/avg/max]=1332/1504/3261
  12.944  BLAST phy=2/2 att=664 ok=664 enomem=0 err=0 call_us[min/avg/max]=1312/1493/3250 okgap_max_us=3261
  12.996  t=11s RTT mean=0 min=0 max=0 n=0 to=0 | cancels=0(+0/s) seqbad=0 len_bad=0 disc=0(0x00) | tot_n=0 tot_to=0 maxever=0 >2ms=0 >5ms=0 >15ms=0 >20ms=0 >30ms=0 | probes=0 wrfail=0 down=0s maxout=0s
  14.930  BLASTC comp=663 exkBps=0 cgap_us[min/avg/max]=1331/1508/4715
  14.930  BLAST phy=2/2 att=663 ok=663 enomem=0 err=0 call_us[min/avg/max]=1316/1497/4705 okgap_max_us=4716
  14.930  t=12s RTT mean=0 min=0 max=0 n=0 to=0 | cancels=0(+0/s) seqbad=0 len_bad=0 disc=0(0x00) | tot_n=0 tot_to=0 maxever=0 >2ms=0 >5ms=0 >15ms=0 >20ms=0 >30ms=0 | probes=0 wrfail=0 down=0s maxout=0s
  14.930  BLASTC comp=648 exkBps=0 cgap_us[min/avg/max]=1332/1544/10762
  14.985  BLAST phy=2/2 att=648 ok=648 enomem=0 err=0 call_us[min/avg/max]=1259/1533/10751 okgap_max_us=10762
  14.985  t=13s RTT mean=0 min=0 max=0 n=0 to=0 | cancels=0(+0/s) seqbad=0 len_bad=0 disc=0(0x00) | tot_n=0 tot_to=0 maxever=0 >2ms=0 >5ms=0 >15ms=0 >20ms=0 >30ms=0 | probes=0 wrfail=0 down=0s maxout=0s
  16.924  BLASTC comp=662 exkBps=0 cgap_us[min/avg/max]=1332/1508/3271
  16.924  BLAST phy=2/2 att=662 ok=662 enomem=0 err=0 call_us[min/avg/max]=1318/1497/3259 okgap_max_us=3270
  16.924  t=14s RTT mean=0 min=0 max=0 n=0 to=0 | cancels=0(+0/s) seqbad=0 len_bad=0 disc=0(0x00) | tot_n=0 tot_to=0 maxever=0 >2ms=0 >5ms=0 >15ms=0 >20ms=0 >30ms=0 | probes=0 wrfail=0 down=0s maxout=0s
  16.924  BLASTC comp=667 exkBps=0 cgap_us[min/avg/max]=1326/1499/1933
  16.977  BLAST phy=2/2 att=667 ok=667 enomem=0 err=0 call_us[min/avg/max]=1313/1488/1924 okgap_max_us=1935
  16.977  t=15s RTT mean=0 min=0 max=0 n=0 to=0 | cancels=0(+0/s) seqbad=0 len_bad=0 disc=0(0x00) | tot_n=0 tot_to=0 maxever=0 >2ms=0 >5ms=0 >15ms=0 >20ms=0 >30ms=0 | probes=0 wrfail=0 down=0s maxout=0s
  18.917  BLASTC comp=655 exkBps=0 cgap_us[min/avg/max]=1331/1527/4716
  18.917  BLAST phy=2/2 att=655 ok=655 enomem=0 err=0 call_us[min/avg/max]=1262/1516/4707 okgap_max_us=4718
  18.969  t=16s RTT mean=0 min=0 max=0 n=0 to=0 | cancels=0(+0/s) seqbad=0 len_bad=0 disc=0(0x00) | tot_n=0 tot_to=0 maxever=0 >2ms=0 >5ms=0 >15ms=0 >20ms=0 >30ms=0 | probes=0 wrfail=0 down=0s maxout=0s
  18.969  t=17s RTT mean=0 min=0 max=0 n=0 to=0 | cancels=0(+0/s) seqbad=0 len_bad=0 disc=0(0x00) | tot_n=0 tot_to=0 maxever=0 >2ms=0 >5ms=0 >15ms=0 >20ms=0 >30ms=0 | probes=0 wrfail=0 down=0s maxout=0s
  18.969  BLASTC comp=663 exkBps=0 cgap_us[min/avg/max]=1332/1515/9423
  18.969  BLAST phy=2/2 att=663 ok=663 enomem=0 err=0 call_us[min/avg/max]=1312/1504/9419 okgap_max_us=3326
  20.920  BLASTC comp=657 exkBps=0 cgap_us[min/avg/max]=1331/1513/9430
  20.920  BLAST phy=2/2 att=657 ok=657 enomem=0 err=0 call_us[min/avg/max]=1316/1502/9421 okgap_max_us=9489
  20.920  t=18s RTT mean=0 min=0 max=0 n=0 to=0 | cancels=0(+0/s) seqbad=0 len_bad=0 disc=0(0x00) | tot_n=0 tot_to=0 maxever=0 >2ms=0 >5ms=0 >15ms=0 >20ms=0 >30ms=0 | probes=0 wrfail=0 down=0s maxout=0s
  20.973  BLASTC comp=661 exkBps=0 cgap_us[min/avg/max]=1332/1513/3265
  20.973  BLAST phy=2/2 att=661 ok=661 enomem=0 err=0 call_us[min/avg/max]=1259/1502/3253 okgap_max_us=3264
  20.973  t=19s RTT mean=0 min=0 max=0 n=0 to=0 | cancels=0(+0/s) seqbad=0 len_bad=0 disc=0(0x00) | tot_n=0 tot_to=0 maxever=0 >2ms=0 >5ms=0 >15ms=0 >20ms=0 >30ms=0 | probes=0 wrfail=0 down=0s maxout=0s
  22.916  BLASTC comp=659 exkBps=0 cgap_us[min/avg/max]=1329/1515/3264
  22.916  BLAST phy=2/2 att=659 ok=659 enomem=0 err=0 call_us[min/avg/max]=1316/1504/3252 okgap_max_us=3263
  22.972  t=20s RTT mean=0 min=0 max=0 n=0 to=0 | cancels=0(+0/s) seqbad=0 len_bad=0 disc=0(0x00) | tot_n=0 tot_to=0 maxever=0 >2ms=0 >5ms=0 >15ms=0 >20ms=0 >30ms=0 | probes=0 wrfail=0 down=0s maxout=0s
  22.972  BLASTC comp=660 exkBps=0 cgap_us[min/avg/max]=1332/1515/3319
  22.972  BLAST phy=2/2 att=660 ok=660 enomem=0 err=0 call_us[min/avg/max]=1318/1504/3310 okgap_max_us=3321
  22.972  t=21s RTT mean=0 min=0 max=0 n=0 to=0 | cancels=0(+0/s) seqbad=0 len_bad=0 disc=0(0x00) | tot_n=0 tot_to=0 maxever=0 >2ms=0 >5ms=0 >15ms=0 >20ms=0 >30ms=0 | probes=0 wrfail=0 down=0s maxout=0s
  24.915  BLASTC comp=655 exkBps=0 cgap_us[min/avg/max]=1331/1527/7500
  24.915  BLAST phy=2/2 att=655 ok=655 enomem=0 err=0 call_us[min/avg/max]=1259/1516/7489 okgap_max_us=7500
  24.971  t=22s RTT mean=0 min=0 max=0 n=0 to=0 | cancels=0(+0/s) seqbad=0 len_bad=0 disc=0(0x00) | tot_n=0 tot_to=0 maxever=0 >2ms=0 >5ms=0 >15ms=0 >20ms=0 >30ms=0 | probes=0 wrfail=0 down=0s maxout=0s
  24.971  BLASTC comp=658 exkBps=0 cgap_us[min/avg/max]=1331/1518/9430
  24.971  BLAST phy=2/2 att=658 ok=658 enomem=0 err=0 call_us[min/avg/max]=1312/1506/9421 okgap_max_us=9433
  24.971  t=23s RTT mean=0 min=0 max=0 n=0 to=0 | cancels=0(+0/s) seqbad=0 len_bad=0 disc=0(0x00) | tot_n=0 tot_to=0 maxever=0 >2ms=0 >5ms=0 >15ms=0 >20ms=0 >30ms=0 | probes=0 wrfail=0 down=0s maxout=0s
  26.924  BLASTC comp=656 exkBps=0 cgap_us[min/avg/max]=1331/1524/7501
  26.924  BLAST phy=2/2 att=656 ok=656 enomem=0 err=0 call_us[min/avg/max]=1317/1513/7490 okgap_max_us=7501
  26.924  t=24s RTT mean=0 min=0 max=0 n=0 to=0 | cancels=0(+0/s) seqbad=0 len_bad=0 disc=0(0x00) | tot_n=0 tot_to=0 maxever=0 >2ms=0 >5ms=0 >15ms=0 >20ms=0 >30ms=0 | probes=0 wrfail=0 down=0s maxout=0s
  26.924  BLASTC comp=661 exkBps=0 cgap_us[min/avg/max]=1332/1513/9429
  26.980  BLAST phy=2/2 att=661 ok=661 enomem=0 err=0 call_us[min/avg/max]=1259/1502/9421 okgap_max_us=9432
  26.980  t=25s RTT mean=0 min=0 max=0 n=0 to=0 | cancels=0(+0/s) seqbad=0 len_bad=0 disc=0(0x00) | tot_n=0 tot_to=0 maxever=0 >2ms=0 >5ms=0 >15ms=0 >20ms=0 >30ms=0 | probes=0 wrfail=0 down=0s maxout=0s
  28.922  BLASTC comp=663 exkBps=0 cgap_us[min/avg/max]=1327/1506/3319
  28.922  BLAST phy=2/2 att=663 ok=663 enomem=0 err=0 call_us[min/avg/max]=1314/1495/3309 okgap_max_us=3321
  28.922  t=26s RTT mean=0 min=0 max=0 n=0 to=0 | cancels=0(+0/s) seqbad=0 len_bad=0 disc=0(0x00) | tot_n=0 tot_to=0 maxever=0 >2ms=0 >5ms=0 >15ms=0 >20ms=0 >30ms=0 | probes=0 wrfail=0 down=0s maxout=0s
  28.973  BLASTC comp=657 exkBps=0 cgap_us[min/avg/max]=1332/1522/9430
  28.973  BLAST phy=2/2 att=657 ok=657 enomem=0 err=0 call_us[min/avg/max]=1318/1511/9421 okgap_max_us=9432
  28.973  t=27s RTT mean=0 min=0 max=0 n=0 to=0 | cancels=0(+0/s) seqbad=0 len_bad=0 disc=0(0x00) | tot_n=0 tot_to=0 maxever=0 >2ms=0 >5ms=0 >15ms=0 >20ms=0 >30ms=0 | probes=0 wrfail=0 down=0s maxout=0s
