   2.036  *** Booting Zephyr OS build v4.4.2-16-gfee9fbc62095 ***
   2.036  [00:39:20.554,492] [0m<inf> bt_hci_core: HW Platform: Nordic Semiconductor (0x0002)[0m
   2.036  [00:39:20.554,504] [0m<inf> bt_hci_core: HW Variant: nRF54Lx (0x0005)[0m
   2.036  [00:39:20.554,515] [0m<inf> bt_hci_core: Firmware: Standard Bluetooth controller (0x00) Version 4.4 Build 2[0m
   2.036  [00:39:20.554,855] [0m<inf> bt_hci_core: HCI transport: Controller[0m
   2.087  [00:39:20.554,902] [0m<inf> bt_hci_core: Identity: D6:C7:60:B1:D3:0E (random)[0m
   2.087  [00:39:20.554,918] [0m<inf> bt_hci_core: HCI: version 5.4 (0x0d) revision 0x0000, manufacturer 0x05f1[0m
   2.087  [00:39:20.554,933] [0m<inf> bt_hci_core: LMP: version 5.4 (0x0d) subver 0xffff[0m
   2.087  
   2.087  === nRF54L15 RTT ping-pong CENTRAL ===
   2.087  scan rc=0
   2.087  Q2CONN AA=163c2e07 CRCINIT=90e752 hop=15 chan_count=37 map=ffffffff1f
   2.087  GAP connected interval=37500
   3.099  MTU err=0 mtu=247
   3.099  PHY tx=2 rx=2
   3.149  discovery start (post-PHY +500ms) interval=37500 phy2m=1
   3.149  t=1s RTT mean=0 min=0 max=0 n=0 to=0 | cancels=0(+0/s) seqbad=0 len_bad=0 disc=0(0x00) | tot_n=0 tot_to=0 maxever=0 >2ms=0 >5ms=0 >15ms=0 >20ms=0 >30ms=0 | probes=0 wrfail=0 down=1s maxout=1s
   3.203  SUBSCRIBED, vh=14
   3.203  BLAST: phy_update->2M rc=0
   3.203  BLASTC comp=1 exkBps=0 cgap_us[min/avg/max]=4294967295/0/0
   3.203  BLAST phy=2/2 att=1 ok=1 enomem=0 err=0 call_us[min/avg/max]=116/116/116 okgap_max_us=0
   3.203  BLAST first16_call_us: 116 118 114 113 113 113 113 114 107 50 48 48 48 49 49 49
   4.282  PHY tx=2 rx=2
   4.282  t=2s RTT mean=0 min=0 max=0 n=0 to=0 | cancels=0(+0/s) seqbad=0 len_bad=0 disc=0(0x00) | tot_n=0 tot_to=0 maxever=0 >2ms=0 >5ms=0 >15ms=0 >20ms=0 >30ms=0 | probes=0 wrfail=0 down=1s maxout=1s
   4.335  BLASTC comp=491 exkBps=0 cgap_us[min/avg/max]=123/1727/142154
   4.335  BLAST phy=2/2 att=501 ok=501 enomem=0 err=0 call_us[min/avg/max]=48/1682/141475 okgap_max_us=141487
   6.048  t=3s RTT mean=0 min=0 max=0 n=0 to=0 | cancels=0(+0/s) seqbad=0 len_bad=0 disc=0(0x00) | tot_n=0 tot_to=0 maxever=0 >2ms=0 >5ms=0 >15ms=0 >20ms=0 >30ms=0 | probes=0 wrfail=0 down=1s maxout=1s
   6.048  BLASTC comp=672 exkBps=0 cgap_us[min/avg/max]=1388/1488/24965
   6.048  BLAST phy=2/2 att=672 ok=672 enomem=0 err=0 call_us[min/avg/max]=1321/1477/24957 okgap_max_us=24968
   6.048  BLASTC comp=662 exkBps=0 cgap_us[min/avg/max]=1390/1510/24967
   6.103  BLAST phy=2/2 att=662 ok=662 enomem=0 err=0 call_us[min/avg/max]=1294/1499/24957 okgap_max_us=24969
   6.103  t=4s RTT mean=0 min=0 max=0 n=0 to=0 | cancels=0(+0/s) seqbad=0 len_bad=0 disc=0(0x00) | tot_n=0 tot_to=0 maxever=0 >2ms=0 >5ms=0 >15ms=0 >20ms=0 >30ms=0 | probes=0 wrfail=0 down=1s maxout=1s
   8.050  BLASTC comp=677 exkBps=0 cgap_us[min/avg/max]=1389/1477/20786
   8.050  BLAST phy=2/2 att=677 ok=677 enomem=0 err=0 call_us[min/avg/max]=1303/1466/20777 okgap_max_us=20788
   8.050  t=5s RTT mean=0 min=0 max=0 n=0 to=0 | cancels=0(+0/s) seqbad=0 len_bad=0 disc=0(0x00) | tot_n=0 tot_to=0 maxever=0 >2ms=0 >5ms=0 >15ms=0 >20ms=0 >30ms=0 | probes=0 wrfail=0 down=1s maxout=1s
   8.051  BLASTC comp=677 exkBps=0 cgap_us[min/avg/max]=1389/1477/20786
   8.104  BLAST phy=2/2 att=677 ok=677 enomem=0 err=0 call_us[min/avg/max]=1330/1466/20777 okgap_max_us=20789
   8.104  t=6s RTT mean=0 min=0 max=0 n=0 to=0 | cancels=0(+0/s) seqbad=0 len_bad=0 disc=0(0x00) | tot_n=0 tot_to=0 maxever=0 >2ms=0 >5ms=0 >15ms=0 >20ms=0 >30ms=0 | probes=0 wrfail=0 down=1s maxout=1s
  10.034  BLASTC comp=649 exkBps=0 cgap_us[min/avg/max]=1389/1540/40175
  10.034  BLAST phy=2/2 att=649 ok=649 enomem=0 err=0 call_us[min/avg/max]=1325/1529/40165 okgap_max_us=40176
  10.085  t=7s RTT mean=0 min=0 max=0 n=0 to=0 | cancels=0(+0/s) seqbad=0 len_bad=0 disc=0(0x00) | tot_n=0 tot_to=0 maxever=0 >2ms=0 >5ms=0 >15ms=0 >20ms=0 >30ms=0 | probes=0 wrfail=0 down=1s maxout=1s
  10.085  BLASTC comp=687 exkBps=0 cgap_us[min/avg/max]=1389/1455/2782
  10.085  BLAST phy=2/2 att=687 ok=687 enomem=0 err=0 call_us[min/avg/max]=1330/1444/2772 okgap_max_us=2783
  10.085  t=8s RTT mean=0 min=0 max=0 n=0 to=0 | cancels=0(+0/s) seqbad=0 len_bad=0 disc=0(0x00) | tot_n=0 tot_to=0 maxever=0 >2ms=0 >5ms=0 >15ms=0 >20ms=0 >30ms=0 | probes=0 wrfail=0 down=1s maxout=1s
  12.044  BLASTC comp=686 exkBps=0 cgap_us[min/avg/max]=1388/1457/2785
  12.044  BLAST phy=2/2 att=686 ok=686 enomem=0 err=0 call_us[min/avg/max]=1312/1446/2775 okgap_max_us=2786
  12.044  t=9s RTT mean=0 min=0 max=0 n=0 to=0 | cancels=0(+0/s) seqbad=0 len_bad=0 disc=0(0x00) | tot_n=0 tot_to=0 maxever=0 >2ms=0 >5ms=0 >15ms=0 >20ms=0 >30ms=0 | probes=0 wrfail=0 down=1s maxout=1s
  12.044  BLASTC comp=688 exkBps=0 cgap_us[min/avg/max]=1389/1453/2782
  12.094  BLAST phy=2/2 att=688 ok=688 enomem=0 err=0 call_us[min/avg/max]=1330/1442/2771 okgap_max_us=2782
  12.094  t=10s RTT mean=0 min=0 max=0 n=0 to=0 | cancels=0(+0/s) seqbad=0 len_bad=0 disc=0(0x00) | tot_n=0 tot_to=0 maxever=0 >2ms=0 >5ms=0 >15ms=0 >20ms=0 >30ms=0 | probes=0 wrfail=0 down=1s maxout=1s
  14.026  BLASTC comp=689 exkBps=0 cgap_us[min/avg/max]=1389/1451/4069
  14.026  BLAST phy=2/2 att=689 ok=689 enomem=0 err=0 call_us[min/avg/max]=1326/1440/4060 okgap_max_us=4071
  14.081  t=11s RTT mean=0 min=0 max=0 n=0 to=0 | cancels=0(+0/s) seqbad=0 len_bad=0 disc=0(0x00) | tot_n=0 tot_to=0 maxever=0 >2ms=0 >5ms=0 >15ms=0 >20ms=0 >30ms=0 | probes=0 wrfail=0 down=1s maxout=1s
  14.081  BLASTC comp=681 exkBps=0 cgap_us[min/avg/max]=1388/1468/18000
  14.081  BLAST phy=2/2 att=681 ok=681 enomem=0 err=0 call_us[min/avg/max]=1331/1457/17991 okgap_max_us=18003
  14.081  t=12s RTT mean=0 min=0 max=0 n=0 to=0 | cancels=0(+0/s) seqbad=0 len_bad=0 disc=0(0x00) | tot_n=0 tot_to=0 maxever=0 >2ms=0 >5ms=0 >15ms=0 >20ms=0 >30ms=0 | probes=0 wrfail=0 down=1s maxout=1s
  16.032  BLASTC comp=687 exkBps=0 cgap_us[min/avg/max]=1386/1455/2782
  16.032  BLAST phy=2/2 att=687 ok=687 enomem=0 err=0 call_us[min/avg/max]=1280/1444/2771 okgap_max_us=2782
  16.088  t=13s RTT mean=0 min=0 max=0 n=0 to=0 | cancels=0(+0/s) seqbad=0 len_bad=0 disc=0(0x00) | tot_n=0 tot_to=0 maxever=0 >2ms=0 >5ms=0 >15ms=0 >20ms=0 >30ms=0 | probes=0 wrfail=0 down=1s maxout=1s
  16.088  BLASTC comp=693 exkBps=0 cgap_us[min/avg/max]=1389/1443/2782
  16.088  BLAST phy=2/2 att=693 ok=693 enomem=0 err=0 call_us[min/avg/max]=1323/1432/2771 okgap_max_us=2781
  16.088  t=14s RTT mean=0 min=0 max=0 n=0 to=0 | cancels=0(+0/s) seqbad=0 len_bad=0 disc=0(0x00) | tot_n=0 tot_to=0 maxever=0 >2ms=0 >5ms=0 >15ms=0 >20ms=0 >30ms=0 | probes=0 wrfail=0 down=1s maxout=1s
  18.008  BLASTC comp=669 exkBps=0 cgap_us[min/avg/max]=1385/1494/33323
  18.062  BLAST phy=2/2 att=669 ok=669 enomem=0 err=0 call_us[min/avg/max]=1303/1483/33307 okgap_max_us=33319
  18.062  t=15s RTT mean=0 min=0 max=0 n=0 to=0 | cancels=0(+0/s) seqbad=0 len_bad=0 disc=0(0x00) | tot_n=0 tot_to=0 maxever=0 >2ms=0 >5ms=0 >15ms=0 >20ms=0 >30ms=0 | probes=0 wrfail=0 down=1s maxout=1s
  18.062  BLASTC comp=678 exkBps=0 cgap_us[min/avg/max]=1390/1474/23572
  18.062  BLAST phy=2/2 att=678 ok=678 enomem=0 err=0 call_us[min/avg/max]=1322/1463/23563 okgap_max_us=23574
  18.116  t=16s RTT mean=0 min=0 max=0 n=0 to=0 | cancels=0(+0/s) seqbad=0 len_bad=0 disc=0(0x00) | tot_n=0 tot_to=0 maxever=0 >2ms=0 >5ms=0 >15ms=0 >20ms=0 >30ms=0 | probes=0 wrfail=0 down=1s maxout=1s
  20.049  BLASTC comp=693 exkBps=0 cgap_us[min/avg/max]=1385/1443/2782
  20.049  BLAST phy=2/2 att=693 ok=693 enomem=0 err=0 call_us[min/avg/max]=1301/1432/2771 okgap_max_us=2782
  20.049  t=17s RTT mean=0 min=0 max=0 n=0 to=0 | cancels=0(+0/s) seqbad=0 len_bad=0 disc=0(0x00) | tot_n=0 tot_to=0 maxever=0 >2ms=0 >5ms=0 >15ms=0 >20ms=0 >30ms=0 | probes=0 wrfail=0 down=1s maxout=1s
  20.049  BLASTC comp=691 exkBps=0 cgap_us[min/avg/max]=1390/1447/2782
  20.102  BLAST phy=2/2 att=691 ok=691 enomem=0 err=0 call_us[min/avg/max]=1322/1436/2771 okgap_max_us=2782
  20.102  t=18s RTT mean=0 min=0 max=0 n=0 to=0 | cancels=0(+0/s) seqbad=0 len_bad=0 disc=0(0x00) | tot_n=0 tot_to=0 maxever=0 >2ms=0 >5ms=0 >15ms=0 >20ms=0 >30ms=0 | probes=0 wrfail=0 down=1s maxout=1s
  22.024  BLASTC comp=689 exkBps=0 cgap_us[min/avg/max]=1385/1451/2782
  22.024  BLAST phy=2/2 att=689 ok=689 enomem=0 err=0 call_us[min/avg/max]=1300/1440/2771 okgap_max_us=2782
  22.079  t=19s RTT mean=0 min=0 max=0 n=0 to=0 | cancels=0(+0/s) seqbad=0 len_bad=0 disc=0(0x00) | tot_n=0 tot_to=0 maxever=0 >2ms=0 >5ms=0 >15ms=0 >20ms=0 >30ms=0 | probes=0 wrfail=0 down=1s maxout=1s
  22.079  BLASTC comp=691 exkBps=0 cgap_us[min/avg/max]=1389/1447/2782
  22.079  BLAST phy=2/2 att=691 ok=691 enomem=0 err=0 call_us[min/avg/max]=1322/1436/2771 okgap_max_us=2782
  22.079  t=20s RTT mean=0 min=0 max=0 n=0 to=0 | cancels=0(+0/s) seqbad=0 len_bad=0 disc=0(0x00) | tot_n=0 tot_to=0 maxever=0 >2ms=0 >5ms=0 >15ms=0 >20ms=0 >30ms=0 | probes=0 wrfail=0 down=1s maxout=1s
  24.025  BLASTC comp=690 exkBps=0 cgap_us[min/avg/max]=1386/1449/2782
  24.025  BLAST phy=2/2 att=690 ok=690 enomem=0 err=0 call_us[min/avg/max]=1303/1438/2771 okgap_max_us=2782
  24.079  t=21s RTT mean=0 min=0 max=0 n=0 to=0 | cancels=0(+0/s) seqbad=0 len_bad=0 disc=0(0x00) | tot_n=0 tot_to=0 maxever=0 >2ms=0 >5ms=0 >15ms=0 >20ms=0 >30ms=0 | probes=0 wrfail=0 down=1s maxout=1s
  24.079  BLASTC comp=691 exkBps=0 cgap_us[min/avg/max]=1390/1447/2782
  24.079  BLAST phy=2/2 att=691 ok=691 enomem=0 err=0 call_us[min/avg/max]=1322/1436/2771 okgap_max_us=2782
  24.079  t=22s RTT mean=0 min=0 max=0 n=0 to=0 | cancels=0(+0/s) seqbad=0 len_bad=0 disc=0(0x00) | tot_n=0 tot_to=0 maxever=0 >2ms=0 >5ms=0 >15ms=0 >20ms=0 >30ms=0 | probes=0 wrfail=0 down=1s maxout=1s
  26.028  BLASTC comp=683 exkBps=0 cgap_us[min/avg/max]=1385/1464/16607
  26.028  BLAST phy=2/2 att=683 ok=683 enomem=0 err=0 call_us[min/avg/max]=1315/1453/16598 okgap_max_us=16609
  26.082  t=23s RTT mean=0 min=0 max=0 n=0 to=0 | cancels=0(+0/s) seqbad=0 len_bad=0 disc=0(0x00) | tot_n=0 tot_to=0 maxever=0 >2ms=0 >5ms=0 >15ms=0 >20ms=0 >30ms=0 | probes=0 wrfail=0 down=1s maxout=1s
  26.082  BLASTC comp=650 exkBps=0 cgap_us[min/avg/max]=1389/1538/24965
  26.082  BLAST phy=2/2 att=650 ok=650 enomem=0 err=0 call_us[min/avg/max]=1322/1527/24956 okgap_max_us=24967
  26.082  t=24s RTT mean=0 min=0 max=0 n=0 to=0 | cancels=0(+0/s) seqbad=0 len_bad=0 disc=0(0x00) | tot_n=0 tot_to=0 maxever=0 >2ms=0 >5ms=0 >15ms=0 >20ms=0 >30ms=0 | probes=0 wrfail=0 down=1s maxout=1s
  28.017  BLASTC comp=690 exkBps=0 cgap_us[min/avg/max]=1385/1449/2782
  28.017  BLAST phy=2/2 att=690 ok=690 enomem=0 err=0 call_us[min/avg/max]=1315/1438/2771 okgap_max_us=2782
  28.070  t=25s RTT mean=0 min=0 max=0 n=0 to=0 | cancels=0(+0/s) seqbad=0 len_bad=0 disc=0(0x00) | tot_n=0 tot_to=0 maxever=0 >2ms=0 >5ms=0 >15ms=0 >20ms=0 >30ms=0 | probes=0 wrfail=0 down=1s maxout=1s
  28.070  BLASTC comp=687 exkBps=0 cgap_us[min/avg/max]=1390/1455/2782
  28.070  BLAST phy=2/2 att=687 ok=687 enomem=0 err=0 call_us[min/avg/max]=1322/1444/2771 okgap_max_us=2782
  28.125  t=26s RTT mean=0 min=0 max=0 n=0 to=0 | cancels=0(+0/s) seqbad=0 len_bad=0 disc=0(0x00) | tot_n=0 tot_to=0 maxever=0 >2ms=0 >5ms=0 >15ms=0 >20ms=0 >30ms=0 | probes=0 wrfail=0 down=1s maxout=1s
