   2.003  *** Booting Zephyr OS build v4.4.2-16-gfee9fbc62095 ***
   2.003  [00:06:15.691,652] [0m<inf> bt_hci_core: HW Platform: Nordic Semiconductor (0x0002)[0m
   2.058  [00:06:15.691,664] [0m<inf> bt_hci_core: HW Variant: nRF54Lx (0x0005)[0m
   2.058  [00:06:15.691,676] [0m<inf> bt_hci_core: Firmware: Standard Bluetooth controller (0x00) Version 4.4 Build 2[0m
   2.058  [00:06:15.692,015] [0m<inf> bt_hci_core: HCI transport: Controller[0m
   2.058  [00:06:15.692,062] [0m<inf> bt_hci_core: Identity: D6:C7:60:B1:D3:0E (random)[0m
   2.058  [00:06:15.692,078] [0m<inf> bt_hci_core: HCI: version 5.4 (0x0d) revision 0x0000, manufacturer 0x05f1[0m
   2.058  [00:06:15.692,093] [0m<inf> bt_hci_core: LMP: version 5.4 (0x0d) subver 0xffff[0m
   2.058  
   2.058  === nRF54L15 RTT ping-pong CENTRAL ===
   2.058  scan rc=0
   2.058  Q2CONN AA=29d72724 CRCINIT=48baaf hop=10 chan_count=37 map=ffffffff1f
   2.112  GAP connected interval=7500
   2.112  MTU err=0 mtu=247
   2.703  PHY tx=2 rx=2
   2.703  discovery start (post-PHY +500ms) interval=7500 phy2m=1
   2.703  SUBSCRIBED, vh=14
   2.703  BLAST: phy_update->2M rc=0
   2.756  BLAST first16_call_us: 133 127 126 129 129 129 207 130 129 123 51 49 49 48 49 49
   3.726  PHY tx=2 rx=2
   3.781  t=1s RTT mean=0 min=0 max=0 n=0 to=0 | cancels=0(+0/s) seqbad=0 len_bad=0 disc=0(0x00) | tot_n=0 tot_to=0 maxever=0 >2ms=0 >5ms=0 >15ms=0 >20ms=0 >30ms=0 | probes=0 wrfail=0 down=0s maxout=0s
   3.781  BLASTC comp=192 exkBps=0 cgap_us[min/avg/max]=138/1566/19722
   3.781  BLAST phy=2/2 att=202 ok=202 enomem=0 err=0 call_us[min/avg/max]=48/1470/19698 okgap_max_us=19709
   5.012  t=2s RTT mean=0 min=0 max=0 n=0 to=0 | cancels=0(+0/s) seqbad=0 len_bad=0 disc=0(0x00) | tot_n=0 tot_to=0 maxever=0 >2ms=0 >5ms=0 >15ms=0 >20ms=0 >30ms=0 | probes=0 wrfail=0 down=0s maxout=0s
   5.013  BLASTC comp=664 exkBps=0 cgap_us[min/avg/max]=1331/1507/3262
   5.068  BLAST phy=2/2 att=664 ok=664 enomem=0 err=0 call_us[min/avg/max]=1258/1496/3249 okgap_max_us=3261
   5.068  t=3s RTT mean=0 min=0 max=0 n=0 to=0 | cancels=0(+0/s) seqbad=0 len_bad=0 disc=0(0x00) | tot_n=0 tot_to=0 maxever=0 >2ms=0 >5ms=0 >15ms=0 >20ms=0 >30ms=0 | probes=0 wrfail=0 down=0s maxout=0s
   5.068  BLASTC comp=664 exkBps=0 cgap_us[min/avg/max]=1331/1504/3261
   5.068  BLAST phy=2/2 att=664 ok=664 enomem=0 err=0 call_us[min/avg/max]=1318/1493/3250 okgap_max_us=3261
   7.018  t=4s RTT mean=0 min=0 max=0 n=0 to=0 | cancels=0(+0/s) seqbad=0 len_bad=0 disc=0(0x00) | tot_n=0 tot_to=0 maxever=0 >2ms=0 >5ms=0 >15ms=0 >20ms=0 >30ms=0 | probes=0 wrfail=0 down=0s maxout=0s
   7.018  BLASTC comp=656 exkBps=0 cgap_us[min/avg/max]=1331/1524/7501
   7.071  BLAST phy=2/2 att=656 ok=656 enomem=0 err=0 call_us[min/avg/max]=1203/1513/7490 okgap_max_us=7501
   7.071  t=5s RTT mean=0 min=0 max=0 n=0 to=0 | cancels=0(+0/s) seqbad=0 len_bad=0 disc=0(0x00) | tot_n=0 tot_to=0 maxever=0 >2ms=0 >5ms=0 >15ms=0 >20ms=0 >30ms=0 | probes=0 wrfail=0 down=0s maxout=0s
   7.071  BLASTC comp=661 exkBps=0 cgap_us[min/avg/max]=1320/1513/3262
   7.071  BLAST phy=2/2 att=661 ok=661 enomem=0 err=0 call_us[min/avg/max]=1153/1502/3250 okgap_max_us=3261
   9.010  BLASTC comp=661 exkBps=0 cgap_us[min/avg/max]=1329/1511/6110
   9.011  BLAST phy=2/2 att=661 ok=661 enomem=0 err=0 call_us[min/avg/max]=1312/1500/6101 okgap_max_us=6112
   9.064  t=6s RTT mean=0 min=0 max=0 n=0 to=0 | cancels=0(+0/s) seqbad=0 len_bad=0 disc=0(0x00) | tot_n=0 tot_to=0 maxever=0 >2ms=0 >5ms=0 >15ms=0 >20ms=0 >30ms=0 | probes=0 wrfail=0 down=0s maxout=0s
   9.064  BLASTC comp=665 exkBps=0 cgap_us[min/avg/max]=1332/1504/3265
   9.064  BLAST phy=2/2 att=665 ok=665 enomem=0 err=0 call_us[min/avg/max]=1318/1493/3252 okgap_max_us=3264
   9.064  t=7s RTT mean=0 min=0 max=0 n=0 to=0 | cancels=0(+0/s) seqbad=0 len_bad=0 disc=0(0x00) | tot_n=0 tot_to=0 maxever=0 >2ms=0 >5ms=0 >15ms=0 >20ms=0 >30ms=0 | probes=0 wrfail=0 down=0s maxout=0s
  11.027  t=8s RTT mean=0 min=0 max=0 n=0 to=0 | cancels=0(+0/s) seqbad=0 len_bad=0 disc=0(0x00) | tot_n=0 tot_to=0 maxever=0 >2ms=0 >5ms=0 >15ms=0 >20ms=0 >30ms=0 | probes=0 wrfail=0 down=0s maxout=0s
  11.027  BLASTC comp=660 exkBps=0 cgap_us[min/avg/max]=1331/1518/9430
  11.027  BLAST phy=2/2 att=660 ok=660 enomem=0 err=0 call_us[min/avg/max]=1270/1507/9421 okgap_max_us=9432
  11.084  BLASTC comp=640 exkBps=0 cgap_us[min/avg/max]=1332/1558/16929
  11.084  BLAST phy=2/2 att=640 ok=640 enomem=0 err=0 call_us[min/avg/max]=1313/1547/16921 okgap_max_us=16933
  11.084  t=9s RTT mean=0 min=0 max=0 n=0 to=0 | cancels=0(+0/s) seqbad=0 len_bad=0 disc=0(0x00) | tot_n=0 tot_to=0 maxever=0 >2ms=0 >5ms=0 >15ms=0 >20ms=0 >30ms=0 | probes=0 wrfail=0 down=0s maxout=0s
  12.997  BLASTC comp=663 exkBps=0 cgap_us[min/avg/max]=1332/1508/3264
  13.052  BLAST phy=2/2 att=663 ok=663 enomem=0 err=0 call_us[min/avg/max]=1318/1497/3252 okgap_max_us=3263
  13.052  t=10s RTT mean=0 min=0 max=0 n=0 to=0 | cancels=0(+0/s) seqbad=0 len_bad=0 disc=0(0x00) | tot_n=0 tot_to=0 maxever=0 >2ms=0 >5ms=0 >15ms=0 >20ms=0 >30ms=0 | probes=0 wrfail=0 down=0s maxout=0s
  13.052  BLASTC comp=659 exkBps=0 cgap_us[min/avg/max]=1332/1518/3264
  13.052  BLAST phy=2/2 att=659 ok=659 enomem=0 err=0 call_us[min/avg/max]=1268/1507/3251 okgap_max_us=3263
  13.108  t=11s RTT mean=0 min=0 max=0 n=0 to=0 | cancels=0(+0/s) seqbad=0 len_bad=0 disc=0(0x00) | tot_n=0 tot_to=0 maxever=0 >2ms=0 >5ms=0 >15ms=0 >20ms=0 >30ms=0 | probes=0 wrfail=0 down=0s maxout=0s
  15.007  BLASTC comp=662 exkBps=0 cgap_us[min/avg/max]=1327/1508/3261
  15.007  BLAST phy=2/2 att=662 ok=662 enomem=0 err=0 call_us[min/avg/max]=1313/1497/3250 okgap_max_us=3261
  15.058  t=12s RTT mean=0 min=0 max=0 n=0 to=0 | cancels=0(+0/s) seqbad=0 len_bad=0 disc=0(0x00) | tot_n=0 tot_to=0 maxever=0 >2ms=0 >5ms=0 >15ms=0 >20ms=0 >30ms=0 | probes=0 wrfail=0 down=0s maxout=0s
  15.058  BLASTC comp=651 exkBps=0 cgap_us[min/avg/max]=1327/1536/9430
  15.058  BLAST phy=2/2 att=651 ok=651 enomem=0 err=0 call_us[min/avg/max]=1313/1525/9421 okgap_max_us=9432
  15.113  t=13s RTT mean=0 min=0 max=0 n=0 to=0 | cancels=0(+0/s) seqbad=0 len_bad=0 disc=0(0x00) | tot_n=0 tot_to=0 maxever=0 >2ms=0 >5ms=0 >15ms=0 >20ms=0 >30ms=0 | probes=0 wrfail=0 down=0s maxout=0s
  16.999  BLASTC comp=664 exkBps=0 cgap_us[min/avg/max]=1331/1507/4716
  17.054  BLAST phy=2/2 att=664 ok=664 enomem=0 err=0 call_us[min/avg/max]=1317/1496/4707 okgap_max_us=4718
  17.054  t=14s RTT mean=0 min=0 max=0 n=0 to=0 | cancels=0(+0/s) seqbad=0 len_bad=0 disc=0(0x00) | tot_n=0 tot_to=0 maxever=0 >2ms=0 >5ms=0 >15ms=0 >20ms=0 >30ms=0 | probes=0 wrfail=0 down=0s maxout=0s
  17.054  BLASTC comp=646 exkBps=0 cgap_us[min/avg/max]=1332/1546/9430
  17.054  BLAST phy=2/2 att=646 ok=646 enomem=0 err=0 call_us[min/avg/max]=1313/1535/9421 okgap_max_us=9432
  17.109  t=15s RTT mean=0 min=0 max=0 n=0 to=0 | cancels=0(+0/s) seqbad=0 len_bad=0 disc=0(0x00) | tot_n=0 tot_to=0 maxever=0 >2ms=0 >5ms=0 >15ms=0 >20ms=0 >30ms=0 | probes=0 wrfail=0 down=0s maxout=0s
  19.046  BLASTC comp=660 exkBps=0 cgap_us[min/avg/max]=1330/1515/4717
  19.046  BLAST phy=2/2 att=660 ok=660 enomem=0 err=0 call_us[min/avg/max]=1316/1504/4708 okgap_max_us=4719
  19.046  t=16s RTT mean=0 min=0 max=0 n=0 to=0 | cancels=0(+0/s) seqbad=0 len_bad=0 disc=0(0x00) | tot_n=0 tot_to=0 maxever=0 >2ms=0 >5ms=0 >15ms=0 >20ms=0 >30ms=0 | probes=0 wrfail=0 down=0s maxout=0s
  19.046  BLASTC comp=661 exkBps=0 cgap_us[min/avg/max]=1332/1513/3318
  19.046  BLAST phy=2/2 att=661 ok=661 enomem=0 err=0 call_us[min/avg/max]=1259/1502/3310 okgap_max_us=3321
  19.099  t=17s RTT mean=0 min=0 max=0 n=0 to=0 | cancels=0(+0/s) seqbad=0 len_bad=0 disc=0(0x00) | tot_n=0 tot_to=0 maxever=0 >2ms=0 >5ms=0 >15ms=0 >20ms=0 >30ms=0 | probes=0 wrfail=0 down=0s maxout=0s
  21.000  BLASTC comp=651 exkBps=0 cgap_us[min/avg/max]=1332/1534/6109
  21.052  BLAST phy=2/2 att=651 ok=651 enomem=0 err=0 call_us[min/avg/max]=1318/1523/6098 okgap_max_us=6109
  21.052  t=18s RTT mean=0 min=0 max=0 n=0 to=0 | cancels=0(+0/s) seqbad=0 len_bad=0 disc=0(0x00) | tot_n=0 tot_to=0 maxever=0 >2ms=0 >5ms=0 >15ms=0 >20ms=0 >30ms=0 | probes=0 wrfail=0 down=0s maxout=0s
  21.052  BLASTC comp=660 exkBps=0 cgap_us[min/avg/max]=1332/1515/3265
  21.052  BLAST phy=2/2 att=660 ok=660 enomem=0 err=0 call_us[min/avg/max]=1261/1504/3252 okgap_max_us=3264
  21.107  t=19s RTT mean=0 min=0 max=0 n=0 to=0 | cancels=0(+0/s) seqbad=0 len_bad=0 disc=0(0x00) | tot_n=0 tot_to=0 maxever=0 >2ms=0 >5ms=0 >15ms=0 >20ms=0 >30ms=0 | probes=0 wrfail=0 down=0s maxout=0s
  23.011  BLASTC comp=661 exkBps=0 cgap_us[min/avg/max]=1330/1514/3318
  23.011  BLAST phy=2/2 att=661 ok=661 enomem=0 err=0 call_us[min/avg/max]=1261/1502/3310 okgap_max_us=3321
  23.066  t=20s RTT mean=0 min=0 max=0 n=0 to=0 | cancels=0(+0/s) seqbad=0 len_bad=0 disc=0(0x00) | tot_n=0 tot_to=0 maxever=0 >2ms=0 >5ms=0 >15ms=0 >20ms=0 >30ms=0 | probes=0 wrfail=0 down=0s maxout=0s
  23.066  BLASTC comp=662 exkBps=0 cgap_us[min/avg/max]=1332/1508/3261
  23.066  BLAST phy=2/2 att=662 ok=662 enomem=0 err=0 call_us[min/avg/max]=1313/1497/3250 okgap_max_us=3261
  23.066  t=21s RTT mean=0 min=0 max=0 n=0 to=0 | cancels=0(+0/s) seqbad=0 len_bad=0 disc=0(0x00) | tot_n=0 tot_to=0 maxever=0 >2ms=0 >5ms=0 >15ms=0 >20ms=0 >30ms=0 | probes=0 wrfail=0 down=0s maxout=0s
  25.016  BLASTC comp=644 exkBps=0 cgap_us[min/avg/max]=1332/1553/10820
  25.016  BLAST phy=2/2 att=644 ok=644 enomem=0 err=0 call_us[min/avg/max]=1317/1542/10811 okgap_max_us=10822
  25.069  t=22s RTT mean=0 min=0 max=0 n=0 to=0 | cancels=0(+0/s) seqbad=0 len_bad=0 disc=0(0x00) | tot_n=0 tot_to=0 maxever=0 >2ms=0 >5ms=0 >15ms=0 >20ms=0 >30ms=0 | probes=0 wrfail=0 down=0s maxout=0s
  25.069  BLASTC comp=650 exkBps=0 cgap_us[min/avg/max]=1332/1539/9430
  25.069  BLAST phy=2/2 att=650 ok=650 enomem=0 err=0 call_us[min/avg/max]=1259/1528/9421 okgap_max_us=9432
  25.069  t=23s RTT mean=0 min=0 max=0 n=0 to=0 | cancels=0(+0/s) seqbad=0 len_bad=0 disc=0(0x00) | tot_n=0 tot_to=0 maxever=0 >2ms=0 >5ms=0 >15ms=0 >20ms=0 >30ms=0 | probes=0 wrfail=0 down=0s maxout=0s
  27.014  BLASTC comp=655 exkBps=0 cgap_us[min/avg/max]=1332/1525/9430
  27.014  BLAST phy=2/2 att=655 ok=655 enomem=0 err=0 call_us[min/avg/max]=1318/1513/9420 okgap_max_us=9432
  27.068  t=24s RTT mean=0 min=0 max=0 n=0 to=0 | cancels=0(+0/s) seqbad=0 len_bad=0 disc=0(0x00) | tot_n=0 tot_to=0 maxever=0 >2ms=0 >5ms=0 >15ms=0 >20ms=0 >30ms=0 | probes=0 wrfail=0 down=0s maxout=0s
  27.068  BLASTC comp=661 exkBps=0 cgap_us[min/avg/max]=1332/1513/9433
  27.068  BLAST phy=2/2 att=661 ok=661 enomem=0 err=0 call_us[min/avg/max]=1318/1502/9424 okgap_max_us=9435
  27.068  t=25s RTT mean=0 min=0 max=0 n=0 to=0 | cancels=0(+0/s) seqbad=0 len_bad=0 disc=0(0x00) | tot_n=0 tot_to=0 maxever=0 >2ms=0 >5ms=0 >15ms=0 >20ms=0 >30ms=0 | probes=0 wrfail=0 down=0s maxout=0s
  29.002  BLASTC comp=659 exkBps=0 cgap_us[min/avg/max]=1330/1518/9430
  29.057  BLAST phy=2/2 att=659 ok=659 enomem=0 err=0 call_us[min/avg/max]=1262/1507/9421 okgap_max_us=9433
  29.057  t=26s RTT mean=0 min=0 max=0 n=0 to=0 | cancels=0(+0/s) seqbad=0 len_bad=0 disc=0(0x00) | tot_n=0 tot_to=0 maxever=0 >2ms=0 >5ms=0 >15ms=0 >20ms=0 >30ms=0 | probes=0 wrfail=0 down=0s maxout=0s
  29.057  BLASTC comp=661 exkBps=0 cgap_us[min/avg/max]=1327/1511/3318
  29.057  BLAST phy=2/2 att=661 ok=661 enomem=0 err=0 call_us[min/avg/max]=1312/1500/3310 okgap_max_us=3321
  29.112  t=27s RTT mean=0 min=0 max=0 n=0 to=0 | cancels=0(+0/s) seqbad=0 len_bad=0 disc=0(0x00) | tot_n=0 tot_to=0 maxever=0 >2ms=0 >5ms=0 >15ms=0 >20ms=0 >30ms=0 | probes=0 wrfail=0 down=0s maxout=0s
