   1.662  *** Booting Zephyr OS build v4.4.2-16-gfee9fbc62095 ***
   1.713  [00:38:49.382,143] [0m<inf> bt_hci_core: HW Platform: Nordic Semiconductor (0x0002)[0m
   1.713  [00:38:49.382,156] [0m<inf> bt_hci_core: HW Variant: nRF54Lx (0x0005)[0m
   1.713  [00:38:49.382,167] [0m<inf> bt_hci_core: Firmware: Standard Bluetooth controller (0x00) Version 4.4 Build 2[0m
   1.713  [00:38:49.382,518] [0m<inf> bt_hci_core: HCI transport: Controller[0m
   1.713  [00:38:49.382,564] [0m<inf> bt_hci_core: Identity: FC:BE:FF:FA:E6:8B (random)[0m
   1.713  [00:38:49.382,580] [0m<inf> bt_hci_core: HCI: version 5.4 (0x0d) revision 0x0000, manufacturer 0x05f1[0m
   1.713  [00:38:49.382,595] [0m<inf> bt_hci_core: LMP: version 5.4 (0x0d) subver 0xffff[0m
   1.713  
   1.764  === nRF54L15 RTT ping-pong PERIPHERAL (echo) ===
   1.764  advertising
   2.960  GAP connected interval=37500
   2.960  PHY tx=2 rx=2
   2.960  P t=1s rxkBps=0 blkkBps=0 pongs=0(+0/s) cancels=0(+0/s) notify=0 disc=0(0x00) | echo rx=0 tx=0 pend=0 stale=0
   4.201  CCC: notify ENABLED
   4.201  P t=2s rxkBps=79 blkkBps=0 pongs=334(+334/s) cancels=0(+0/s) notify=1 disc=0(0x00) | echo rx=0 tx=0 pend=0 stale=0
   5.702  P t=3s rxkBps=164 blkkBps=0 pongs=1023(+689/s) cancels=0(+0/s) notify=1 disc=0(0x00) | echo rx=0 tx=0 pend=0 stale=0
   5.702  P t=4s rxkBps=158 blkkBps=0 pongs=1687(+664/s) cancels=0(+0/s) notify=1 disc=0(0x00) | echo rx=0 tx=0 pend=0 stale=0
   7.687  P t=5s rxkBps=182 blkkBps=0 pongs=2451(+764/s) cancels=0(+0/s) notify=1 disc=0(0x00) | echo rx=0 tx=0 pend=0 stale=0
   7.687  P t=6s rxkBps=189 blkkBps=0 pongs=3247(+796/s) cancels=0(+0/s) notify=1 disc=0(0x00) | echo rx=0 tx=0 pend=0 stale=0
   9.679  P t=7s rxkBps=197 blkkBps=0 pongs=4074(+827/s) cancels=0(+0/s) notify=1 disc=0(0x00) | echo rx=0 tx=0 pend=0 stale=0
   9.679  P t=8s rxkBps=191 blkkBps=0 pongs=4877(+803/s) cancels=0(+0/s) notify=1 disc=0(0x00) | echo rx=0 tx=0 pend=0 stale=0
  11.691  P t=9s rxkBps=197 blkkBps=0 pongs=5704(+827/s) cancels=0(+0/s) notify=1 disc=0(0x00) | echo rx=0 tx=0 pend=0 stale=0
  11.691  P t=10s rxkBps=196 blkkBps=0 pongs=6529(+825/s) cancels=0(+0/s) notify=1 disc=0(0x00) | echo rx=0 tx=0 pend=0 stale=0
  13.674  P t=11s rxkBps=196 blkkBps=0 pongs=7353(+824/s) cancels=0(+0/s) notify=1 disc=0(0x00) | echo rx=0 tx=0 pend=0 stale=0
  13.728  P t=12s rxkBps=191 blkkBps=0 pongs=8155(+802/s) cancels=0(+0/s) notify=1 disc=0(0x00) | echo rx=0 tx=0 pend=0 stale=0
  15.679  P t=13s rxkBps=183 blkkBps=0 pongs=8926(+771/s) cancels=0(+0/s) notify=1 disc=0(0x00) | echo rx=0 tx=0 pend=0 stale=0
  15.679  P t=14s rxkBps=195 blkkBps=0 pongs=9746(+820/s) cancels=0(+0/s) notify=1 disc=0(0x00) | echo rx=0 tx=0 pend=0 stale=0
  17.711  P t=15s rxkBps=195 blkkBps=0 pongs=10568(+822/s) cancels=0(+0/s) notify=1 disc=0(0x00) | echo rx=0 tx=0 pend=0 stale=0
  17.711  P t=16s rxkBps=189 blkkBps=0 pongs=11362(+794/s) cancels=0(+0/s) notify=1 disc=0(0x00) | echo rx=0 tx=0 pend=0 stale=0
  19.717  P t=17s rxkBps=184 blkkBps=0 pongs=12137(+775/s) cancels=0(+0/s) notify=1 disc=0(0x00) | echo rx=0 tx=0 pend=0 stale=0
  19.717  P t=18s rxkBps=189 blkkBps=0 pongs=12933(+796/s) cancels=0(+0/s) notify=1 disc=0(0x00) | echo rx=0 tx=0 pend=0 stale=0
  21.711  P t=19s rxkBps=196 blkkBps=0 pongs=13756(+823/s) cancels=0(+0/s) notify=1 disc=0(0x00) | echo rx=0 tx=0 pend=0 stale=0
  21.711  P t=20s rxkBps=196 blkkBps=0 pongs=14580(+824/s) cancels=0(+0/s) notify=1 disc=0(0x00) | echo rx=0 tx=0 pend=0 stale=0
  23.722  P t=21s rxkBps=194 blkkBps=0 pongs=15398(+818/s) cancels=0(+0/s) notify=1 disc=0(0x00) | echo rx=0 tx=0 pend=0 stale=0
  23.722  P t=22s rxkBps=196 blkkBps=0 pongs=16223(+825/s) cancels=0(+0/s) notify=1 disc=0(0x00) | echo rx=0 tx=0 pend=0 stale=0
  25.674  P t=23s rxkBps=185 blkkBps=0 pongs=17001(+778/s) cancels=0(+0/s) notify=1 disc=0(0x00) | echo rx=0 tx=0 pend=0 stale=0
  25.730  P t=24s rxkBps=166 blkkBps=0 pongs=17699(+698/s) cancels=0(+0/s) notify=1 disc=0(0x00) | echo rx=0 tx=0 pend=0 stale=0
  27.679  P t=25s rxkBps=194 blkkBps=0 pongs=18517(+818/s) cancels=0(+0/s) notify=1 disc=0(0x00) | echo rx=0 tx=0 pend=0 stale=0
  27.735  P t=26s rxkBps=196 blkkBps=0 pongs=19342(+825/s) cancels=0(+0/s) notify=1 disc=0(0x00) | echo rx=0 tx=0 pend=0 stale=0
  29.690  P t=27s rxkBps=196 blkkBps=0 pongs=20165(+823/s) cancels=0(+0/s) notify=1 disc=0(0x00) | echo rx=0 tx=0 pend=0 stale=0
  29.690  P t=28s rxkBps=196 blkkBps=0 pongs=20988(+823/s) cancels=0(+0/s) notify=1 disc=0(0x00) | echo rx=0 tx=0 pend=0 stale=0
