   1.898  *** Booting Zephyr OS build v4.4.2-16-gfee9fbc62095 ***
   1.951  [01:01:47.337,404] [0m<inf> bt_hci_core: HW Platform: Nordic Semiconductor (0x0002)[0m
   1.951  [01:01:47.337,417] [0m<inf> bt_hci_core: HW Variant: nRF54Lx (0x0005)[0m
   1.951  [01:01:47.337,428] [0m<inf> bt_hci_core: Firmware: Standard Bluetooth controller (0x00) Version 4.4 Build 2[0m
   1.951  [01:01:47.337,768] [0m<inf> bt_hci_core: HCI transport: Controller[0m
   1.951  [01:01:47.337,814] [0m<inf> bt_hci_core: Identity: D6:C7:60:B1:D3:0E (random)[0m
   1.951  [01:01:47.337,830] [0m<inf> bt_hci_core: HCI: version 5.4 (0x0d) revision 0x0000, manufacturer 0x05f1[0m
   1.951  [01:01:47.337,845] [0m<inf> bt_hci_core: LMP: version 5.4 (0x0d) subver 0xffff[0m
   1.951  
   2.003  === nRF54L15 RTT ping-pong CENTRAL ===
   2.003  scan rc=0
   2.003  Q2CONN AA=2d121b6f CRCINIT=354633 hop=16 chan_count=37 map=ffffffff1f
   2.003  GAP connected interval=37500
   3.024  MTU err=0 mtu=247
   3.024  PHY tx=2 rx=2
   3.024  discovery start (post-PHY +500ms) interval=37500 phy2m=1
   3.024  t=1s RTT mean=0 min=0 max=0 n=0 to=0 | cancels=0(+0/s) seqbad=0 len_bad=0 disc=0(0x00) | tot_n=0 tot_to=0 maxever=0 >2ms=0 >5ms=0 >15ms=0 >20ms=0 >30ms=0 | probes=0 wrfail=0 down=1s maxout=1s
   3.079  SUBSCRIBED, vh=14
   3.079  BLAST: phy_update->2M rc=0
   3.079  BLASTC comp=1 exkBps=0 cgap_us[min/avg/max]=4294967295/0/0
   3.079  BLAST phy=2/2 att=1 ok=1 enomem=0 err=0 call_us[min/avg/max]=117/117/117 okgap_max_us=0
   3.079  BLAST first16_call_us: 117 118 113 113 114 114 114 114 107 50 48 48 48 48 48 48
   4.156  PHY tx=2 rx=2
   4.207  t=2s RTT mean=0 min=0 max=0 n=0 to=0 | cancels=0(+0/s) seqbad=0 len_bad=0 disc=0(0x00) | tot_n=0 tot_to=0 maxever=0 >2ms=0 >5ms=0 >15ms=0 >20ms=0 >30ms=0 | probes=0 wrfail=0 down=1s maxout=1s
   4.207  BLASTC comp=482 exkBps=0 cgap_us[min/avg/max]=123/1760/136844
   4.207  BLAST phy=2/2 att=492 ok=492 enomem=0 err=0 call_us[min/avg/max]=48/1713/136166 okgap_max_us=136178
   5.939  t=3s RTT mean=0 min=0 max=0 n=0 to=0 | cancels=0(+0/s) seqbad=0 len_bad=0 disc=0(0x00) | tot_n=0 tot_to=0 maxever=0 >2ms=0 >5ms=0 >15ms=0 >20ms=0 >30ms=0 | probes=0 wrfail=0 down=1s maxout=1s
   5.939  BLASTC comp=665 exkBps=0 cgap_us[min/avg/max]=1388/1503/22179
   5.939  BLAST phy=2/2 att=665 ok=665 enomem=0 err=0 call_us[min/avg/max]=1375/1492/22170 okgap_max_us=22181
   5.994  t=4s RTT mean=0 min=0 max=0 n=0 to=0 | cancels=0(+0/s) seqbad=0 len_bad=0 disc=0(0x00) | tot_n=0 tot_to=0 maxever=0 >2ms=0 >5ms=0 >15ms=0 >20ms=0 >30ms=0 | probes=0 wrfail=0 down=1s maxout=1s
   5.994  BLASTC comp=641 exkBps=0 cgap_us[min/avg/max]=1390/1559/24965
   5.994  BLAST phy=2/2 att=641 ok=641 enomem=0 err=0 call_us[min/avg/max]=1320/1549/24956 okgap_max_us=24967
   7.924  t=5s RTT mean=0 min=0 max=0 n=0 to=0 | cancels=0(+0/s) seqbad=0 len_bad=0 disc=0(0x00) | tot_n=0 tot_to=0 maxever=0 >2ms=0 >5ms=0 >15ms=0 >20ms=0 >30ms=0 | probes=0 wrfail=0 down=1s maxout=1s
   7.924  BLASTC comp=690 exkBps=0 cgap_us[min/avg/max]=1385/1449/8255
   7.924  BLAST phy=2/2 att=690 ok=690 enomem=0 err=0 call_us[min/avg/max]=1320/1438/8245 okgap_max_us=8257
   7.980  BLASTC comp=640 exkBps=0 cgap_us[min/avg/max]=1389/1562/40182
   7.980  BLAST phy=2/2 att=640 ok=640 enomem=0 err=0 call_us[min/avg/max]=1376/1551/40171 okgap_max_us=40183
   7.980  t=6s RTT mean=0 min=0 max=0 n=0 to=0 | cancels=0(+0/s) seqbad=0 len_bad=0 disc=0(0x00) | tot_n=0 tot_to=0 maxever=0 >2ms=0 >5ms=0 >15ms=0 >20ms=0 >30ms=0 | probes=0 wrfail=0 down=1s maxout=1s
   9.922  BLASTC comp=664 exkBps=0 cgap_us[min/avg/max]=1388/1505/24965
   9.922  BLAST phy=2/2 att=664 ok=664 enomem=0 err=0 call_us[min/avg/max]=1310/1494/24956 okgap_max_us=24967
   9.976  t=7s RTT mean=0 min=0 max=0 n=0 to=0 | cancels=0(+0/s) seqbad=0 len_bad=0 disc=0(0x00) | tot_n=0 tot_to=0 maxever=0 >2ms=0 >5ms=0 >15ms=0 >20ms=0 >30ms=0 | probes=0 wrfail=0 down=1s maxout=1s
   9.976  BLASTC comp=624 exkBps=0 cgap_us[min/avg/max]=1390/1602/36109
   9.976  BLAST phy=2/2 att=624 ok=624 enomem=0 err=0 call_us[min/avg/max]=1330/1591/36099 okgap_max_us=36111
   9.976  t=8s RTT mean=0 min=0 max=0 n=0 to=0 | cancels=0(+0/s) seqbad=0 len_bad=0 disc=0(0x00) | tot_n=0 tot_to=0 maxever=0 >2ms=0 >5ms=0 >15ms=0 >20ms=0 >30ms=0 | probes=0 wrfail=0 down=1s maxout=1s
  11.929  BLASTC comp=684 exkBps=0 cgap_us[min/avg/max]=1389/1461/13821
  11.929  BLAST phy=2/2 att=684 ok=684 enomem=0 err=0 call_us[min/avg/max]=1376/1450/13812 okgap_max_us=13823
  11.929  t=9s RTT mean=0 min=0 max=0 n=0 to=0 | cancels=0(+0/s) seqbad=0 len_bad=0 disc=0(0x00) | tot_n=0 tot_to=0 maxever=0 >2ms=0 >5ms=0 >15ms=0 >20ms=0 >30ms=0 | probes=0 wrfail=0 down=1s maxout=1s
  11.984  BLASTC comp=690 exkBps=0 cgap_us[min/avg/max]=1389/1449/2782
  11.984  BLAST phy=2/2 att=690 ok=690 enomem=0 err=0 call_us[min/avg/max]=1330/1438/2771 okgap_max_us=2782
  11.984  t=10s RTT mean=0 min=0 max=0 n=0 to=0 | cancels=0(+0/s) seqbad=0 len_bad=0 disc=0(0x00) | tot_n=0 tot_to=0 maxever=0 >2ms=0 >5ms=0 >15ms=0 >20ms=0 >30ms=0 | probes=0 wrfail=0 down=1s maxout=1s
  13.917  BLASTC comp=648 exkBps=0 cgap_us[min/avg/max]=1388/1543/40176
  13.917  BLAST phy=2/2 att=648 ok=648 enomem=0 err=0 call_us[min/avg/max]=1325/1532/40164 okgap_max_us=40176
  13.970  t=11s RTT mean=0 min=0 max=0 n=0 to=0 | cancels=0(+0/s) seqbad=0 len_bad=0 disc=0(0x00) | tot_n=0 tot_to=0 maxever=0 >2ms=0 >5ms=0 >15ms=0 >20ms=0 >30ms=0 | probes=0 wrfail=0 down=1s maxout=1s
  13.970  BLASTC comp=687 exkBps=0 cgap_us[min/avg/max]=1390/1455/8249
  13.970  BLAST phy=2/2 att=687 ok=687 enomem=0 err=0 call_us[min/avg/max]=1376/1444/8239 okgap_max_us=8251
  13.970  t=12s RTT mean=0 min=0 max=0 n=0 to=0 | cancels=0(+0/s) seqbad=0 len_bad=0 disc=0(0x00) | tot_n=0 tot_to=0 maxever=0 >2ms=0 >5ms=0 >15ms=0 >20ms=0 >30ms=0 | probes=0 wrfail=0 down=1s maxout=1s
  15.914  BLASTC comp=667 exkBps=0 cgap_us[min/avg/max]=1388/1499/37501
  15.914  BLAST phy=2/2 att=667 ok=667 enomem=0 err=0 call_us[min/avg/max]=1326/1488/37489 okgap_max_us=37501
  15.969  t=13s RTT mean=0 min=0 max=0 n=0 to=0 | cancels=0(+0/s) seqbad=0 len_bad=0 disc=0(0x00) | tot_n=0 tot_to=0 maxever=0 >2ms=0 >5ms=0 >15ms=0 >20ms=0 >30ms=0 | probes=0 wrfail=0 down=1s maxout=1s
  15.969  BLASTC comp=681 exkBps=0 cgap_us[min/avg/max]=1387/1468/15213
  15.969  BLAST phy=2/2 att=681 ok=681 enomem=0 err=0 call_us[min/avg/max]=1323/1457/15205 okgap_max_us=15217
  15.969  t=14s RTT mean=0 min=0 max=0 n=0 to=0 | cancels=0(+0/s) seqbad=0 len_bad=0 disc=0(0x00) | tot_n=0 tot_to=0 maxever=0 >2ms=0 >5ms=0 >15ms=0 >20ms=0 >30ms=0 | probes=0 wrfail=0 down=1s maxout=1s
  17.917  BLASTC comp=646 exkBps=0 cgap_us[min/avg/max]=1390/1547/40175
  17.917  BLAST phy=2/2 att=646 ok=646 enomem=0 err=0 call_us[min/avg/max]=1376/1536/40165 okgap_max_us=40176
  17.972  t=15s RTT mean=0 min=0 max=0 n=0 to=0 | cancels=0(+0/s) seqbad=0 len_bad=0 disc=0(0x00) | tot_n=0 tot_to=0 maxever=0 >2ms=0 >5ms=0 >15ms=0 >20ms=0 >30ms=0 | probes=0 wrfail=0 down=1s maxout=1s
  17.972  BLASTC comp=625 exkBps=0 cgap_us[min/avg/max]=1390/1599/62465
  17.972  BLAST phy=2/2 att=625 ok=625 enomem=0 err=0 call_us[min/avg/max]=1322/1588/62456 okgap_max_us=62467
  17.973  t=16s RTT mean=0 min=0 max=0 n=0 to=0 | cancels=0(+0/s) seqbad=0 len_bad=0 disc=0(0x00) | tot_n=0 tot_to=0 maxever=0 >2ms=0 >5ms=0 >15ms=0 >20ms=0 >30ms=0 | probes=0 wrfail=0 down=1s maxout=1s
  19.921  BLASTC comp=623 exkBps=0 cgap_us[min/avg/max]=1385/1605/40175
  19.921  BLAST phy=2/2 att=623 ok=623 enomem=0 err=0 call_us[min/avg/max]=1315/1594/40164 okgap_max_us=40176
  19.973  t=17s RTT mean=0 min=0 max=0 n=0 to=0 | cancels=0(+0/s) seqbad=0 len_bad=0 disc=0(0x00) | tot_n=0 tot_to=0 maxever=0 >2ms=0 >5ms=0 >15ms=0 >20ms=0 >30ms=0 | probes=0 wrfail=0 down=1s maxout=1s
  19.973  BLASTC comp=665 exkBps=0 cgap_us[min/avg/max]=1390/1503/24965
  19.973  BLAST phy=2/2 att=665 ok=665 enomem=0 err=0 call_us[min/avg/max]=1375/1492/24956 okgap_max_us=24967
  19.973  t=18s RTT mean=0 min=0 max=0 n=0 to=0 | cancels=0(+0/s) seqbad=0 len_bad=0 disc=0(0x00) | tot_n=0 tot_to=0 maxever=0 >2ms=0 >5ms=0 >15ms=0 >20ms=0 >30ms=0 | probes=0 wrfail=0 down=1s maxout=1s
  21.923  BLASTC comp=665 exkBps=0 cgap_us[min/avg/max]=1385/1503/29145
  21.924  BLAST phy=2/2 att=665 ok=665 enomem=0 err=0 call_us[min/avg/max]=1315/1492/29136 okgap_max_us=29148
  21.924  t=19s RTT mean=0 min=0 max=0 n=0 to=0 | cancels=0(+0/s) seqbad=0 len_bad=0 disc=0(0x00) | tot_n=0 tot_to=0 maxever=0 >2ms=0 >5ms=0 >15ms=0 >20ms=0 >30ms=0 | probes=0 wrfail=0 down=1s maxout=1s
  21.974  BLASTC comp=676 exkBps=0 cgap_us[min/avg/max]=1390/1479/24965
  21.974  BLAST phy=2/2 att=676 ok=676 enomem=0 err=0 call_us[min/avg/max]=1322/1468/24956 okgap_max_us=24967
  21.974  t=20s RTT mean=0 min=0 max=0 n=0 to=0 | cancels=0(+0/s) seqbad=0 len_bad=0 disc=0(0x00) | tot_n=0 tot_to=0 maxever=0 >2ms=0 >5ms=0 >15ms=0 >20ms=0 >30ms=0 | probes=0 wrfail=0 down=1s maxout=1s
  23.913  BLASTC comp=693 exkBps=0 cgap_us[min/avg/max]=1388/1442/2685
  23.913  BLAST phy=2/2 att=693 ok=693 enomem=0 err=0 call_us[min/avg/max]=1375/1431/2674 okgap_max_us=2685
  23.964  t=21s RTT mean=0 min=0 max=0 n=0 to=0 | cancels=0(+0/s) seqbad=0 len_bad=0 disc=0(0x00) | tot_n=0 tot_to=0 maxever=0 >2ms=0 >5ms=0 >15ms=0 >20ms=0 >30ms=0 | probes=0 wrfail=0 down=1s maxout=1s
  23.964  BLASTC comp=666 exkBps=0 cgap_us[min/avg/max]=1388/1501/36109
  23.964  BLAST phy=2/2 att=666 ok=666 enomem=0 err=0 call_us[min/avg/max]=1322/1490/36100 okgap_max_us=36111
  23.964  t=22s RTT mean=0 min=0 max=0 n=0 to=0 | cancels=0(+0/s) seqbad=0 len_bad=0 disc=0(0x00) | tot_n=0 tot_to=0 maxever=0 >2ms=0 >5ms=0 >15ms=0 >20ms=0 >30ms=0 | probes=0 wrfail=0 down=1s maxout=1s
  25.952  BLASTC comp=582 exkBps=0 cgap_us[min/avg/max]=1385/1722/77674
  25.952  BLAST phy=2/2 att=582 ok=582 enomem=0 err=0 call_us[min/avg/max]=1281/1711/77657 okgap_max_us=40176
  25.952  t=23s RTT mean=0 min=0 max=0 n=0 to=0 | cancels=0(+0/s) seqbad=0 len_bad=0 disc=0(0x00) | tot_n=0 tot_to=0 maxever=0 >2ms=0 >5ms=0 >15ms=0 >20ms=0 >30ms=0 | probes=0 wrfail=0 down=1s maxout=1s
  25.952  BLASTC comp=682 exkBps=0 cgap_us[min/avg/max]=1388/1462/13821
  25.952  BLAST phy=2/2 att=682 ok=682 enomem=0 err=0 call_us[min/avg/max]=1324/1451/13812 okgap_max_us=77732
  26.006  t=24s RTT mean=0 min=0 max=0 n=0 to=0 | cancels=0(+0/s) seqbad=0 len_bad=0 disc=0(0x00) | tot_n=0 tot_to=0 maxever=0 >2ms=0 >5ms=0 >15ms=0 >20ms=0 >30ms=0 | probes=0 wrfail=0 down=1s maxout=1s
  27.942  BLASTC comp=692 exkBps=0 cgap_us[min/avg/max]=1388/1445/2781
  27.942  BLAST phy=2/2 att=692 ok=692 enomem=0 err=0 call_us[min/avg/max]=1327/1434/2770 okgap_max_us=2781
  27.942  t=25s RTT mean=0 min=0 max=0 n=0 to=0 | cancels=0(+0/s) seqbad=0 len_bad=0 disc=0(0x00) | tot_n=0 tot_to=0 maxever=0 >2ms=0 >5ms=0 >15ms=0 >20ms=0 >30ms=0 | probes=0 wrfail=0 down=1s maxout=1s
  27.942  BLASTC comp=676 exkBps=0 cgap_us[min/avg/max]=1388/1479/26358
  27.943  BLAST phy=2/2 att=676 ok=676 enomem=0 err=0 call_us[min/avg/max]=1322/1468/26349 okgap_max_us=26360
  27.993  t=26s RTT mean=0 min=0 max=0 n=0 to=0 | cancels=0(+0/s) seqbad=0 len_bad=0 disc=0(0x00) | tot_n=0 tot_to=0 maxever=0 >2ms=0 >5ms=0 >15ms=0 >20ms=0 >30ms=0 | probes=0 wrfail=0 down=1s maxout=1s
  29.934  BLASTC comp=636 exkBps=0 cgap_us[min/avg/max]=1390/1572/40176
  29.934  BLAST phy=2/2 att=636 ok=636 enomem=0 err=0 call_us[min/avg/max]=1376/1561/40164 okgap_max_us=40176
  29.934  t=27s RTT mean=0 min=0 max=0 n=0 to=0 | cancels=0(+0/s) seqbad=0 len_bad=0 disc=0(0x00) | tot_n=0 tot_to=0 maxever=0 >2ms=0 >5ms=0 >15ms=0 >20ms=0 >30ms=0 | probes=0 wrfail=0 down=1s maxout=1s
  29.934  BLASTC comp=667 exkBps=0 cgap_us[min/avg/max]=1390/1499/22183
  29.989  BLAST phy=2/2 att=667 ok=667 enomem=0 err=0 call_us[min/avg/max]=1322/1488/22175 okgap_max_us=22186
  29.989  t=28s RTT mean=0 min=0 max=0 n=0 to=0 | cancels=0(+0/s) seqbad=0 len_bad=0 disc=0(0x00) | tot_n=0 tot_to=0 maxever=0 >2ms=0 >5ms=0 >15ms=0 >20ms=0 >30ms=0 | probes=0 wrfail=0 down=1s maxout=1s
