   1.675  *** Booting Zephyr OS build v4.4.2-16-gfee9fbc62095 ***
   1.675  [00:47:14.242,803] [0m<inf> bt_hci_core: HW Platform: Nordic Semiconductor (0x0002)[0m
   1.728  [00:47:14.242,816] [0m<inf> bt_hci_core: HW Variant: nRF54Lx (0x0005)[0m
   1.728  [00:47:14.242,827] [0m<inf> bt_hci_core: Firmware: Standard Bluetooth controller (0x00) Version 4.4 Build 2[0m
   1.728  [00:47:14.243,178] [0m<inf> bt_hci_core: HCI transport: Controller[0m
   1.728  [00:47:14.243,224] [0m<inf> bt_hci_core: Identity: FC:BE:FF:FA:E6:8B (random)[0m
   1.728  [00:47:14.243,240] [0m<inf> bt_hci_core: HCI: version 5.4 (0x0d) revision 0x0000, manufacturer 0x05f1[0m
   1.728  [00:47:14.243,255] [0m<inf> bt_hci_core: LMP: version 5.4 (0x0d) subver 0xffff[0m
   1.728  
   1.728  === nRF54L15 RTT ping-pong PERIPHERAL (echo) ===
   1.728  advertising
   3.081  GAP connected interval=25000
   3.081  PHY tx=2 rx=2
   3.081  P t=1s rxkBps=0 blkkBps=0 pongs=0(+0/s) cancels=0(+0/s) notify=0 disc=0(0x00) | echo rx=0 tx=0 pend=0 stale=0
   3.081  CCC: notify ENABLED
   4.717  P t=2s rxkBps=95 blkkBps=0 pongs=401(+401/s) cancels=0(+0/s) notify=1 disc=0(0x00) | echo rx=0 tx=0 pend=0 stale=0
   4.717  P t=3s rxkBps=161 blkkBps=0 pongs=1080(+679/s) cancels=0(+0/s) notify=1 disc=0(0x00) | echo rx=0 tx=0 pend=0 stale=0
   6.716  P t=4s rxkBps=158 blkkBps=0 pongs=1746(+666/s) cancels=0(+0/s) notify=1 disc=0(0x00) | echo rx=0 tx=0 pend=0 stale=0
   6.716  P t=5s rxkBps=177 blkkBps=0 pongs=2489(+743/s) cancels=0(+0/s) notify=1 disc=0(0x00) | echo rx=0 tx=0 pend=0 stale=0
   8.709  P t=6s rxkBps=188 blkkBps=0 pongs=3281(+792/s) cancels=0(+0/s) notify=1 disc=0(0x00) | echo rx=0 tx=0 pend=0 stale=0
   8.709  P t=7s rxkBps=190 blkkBps=0 pongs=4079(+798/s) cancels=0(+0/s) notify=1 disc=0(0x00) | echo rx=0 tx=0 pend=0 stale=0
  10.704  P t=8s rxkBps=181 blkkBps=0 pongs=4842(+763/s) cancels=0(+0/s) notify=1 disc=0(0x00) | echo rx=0 tx=0 pend=0 stale=0
  10.704  P t=9s rxkBps=186 blkkBps=0 pongs=5623(+781/s) cancels=0(+0/s) notify=1 disc=0(0x00) | echo rx=0 tx=0 pend=0 stale=0
  12.707  P t=10s rxkBps=190 blkkBps=0 pongs=6421(+798/s) cancels=0(+0/s) notify=1 disc=0(0x00) | echo rx=0 tx=0 pend=0 stale=0
  12.708  P t=11s rxkBps=188 blkkBps=0 pongs=7214(+793/s) cancels=0(+0/s) notify=1 disc=0(0x00) | echo rx=0 tx=0 pend=0 stale=0
  14.710  P t=12s rxkBps=189 blkkBps=0 pongs=8010(+796/s) cancels=0(+0/s) notify=1 disc=0(0x00) | echo rx=0 tx=0 pend=0 stale=0
  14.710  P t=13s rxkBps=187 blkkBps=0 pongs=8797(+787/s) cancels=0(+0/s) notify=1 disc=0(0x00) | echo rx=0 tx=0 pend=0 stale=0
  16.721  P t=14s rxkBps=187 blkkBps=0 pongs=9584(+787/s) cancels=0(+0/s) notify=1 disc=0(0x00) | echo rx=0 tx=0 pend=0 stale=0
  16.721  P t=15s rxkBps=187 blkkBps=0 pongs=10371(+787/s) cancels=0(+0/s) notify=1 disc=0(0x00) | echo rx=0 tx=0 pend=0 stale=0
  18.724  P t=16s rxkBps=189 blkkBps=0 pongs=11167(+796/s) cancels=0(+0/s) notify=1 disc=0(0x00) | echo rx=0 tx=0 pend=0 stale=0
  18.724  P t=17s rxkBps=190 blkkBps=0 pongs=11966(+799/s) cancels=0(+0/s) notify=1 disc=0(0x00) | echo rx=0 tx=0 pend=0 stale=0
  20.709  P t=18s rxkBps=190 blkkBps=0 pongs=12766(+800/s) cancels=0(+0/s) notify=1 disc=0(0x00) | echo rx=0 tx=0 pend=0 stale=0
  20.709  P t=19s rxkBps=187 blkkBps=0 pongs=13551(+785/s) cancels=0(+0/s) notify=1 disc=0(0x00) | echo rx=0 tx=0 pend=0 stale=0
  22.725  P t=20s rxkBps=186 blkkBps=0 pongs=14335(+784/s) cancels=0(+0/s) notify=1 disc=0(0x00) | echo rx=0 tx=0 pend=0 stale=0
  22.725  P t=21s rxkBps=185 blkkBps=0 pongs=15115(+780/s) cancels=0(+0/s) notify=1 disc=0(0x00) | echo rx=0 tx=0 pend=0 stale=0
  24.682  P t=22s rxkBps=181 blkkBps=0 pongs=15875(+760/s) cancels=0(+0/s) notify=1 disc=0(0x00) | echo rx=0 tx=0 pend=0 stale=0
  24.737  P t=23s rxkBps=186 blkkBps=0 pongs=16659(+784/s) cancels=0(+0/s) notify=1 disc=0(0x00) | echo rx=0 tx=0 pend=0 stale=0
  26.683  P t=24s rxkBps=190 blkkBps=0 pongs=17458(+799/s) cancels=0(+0/s) notify=1 disc=0(0x00) | echo rx=0 tx=0 pend=0 stale=0
  26.738  P t=25s rxkBps=189 blkkBps=0 pongs=18255(+797/s) cancels=0(+0/s) notify=1 disc=0(0x00) | echo rx=0 tx=0 pend=0 stale=0
  28.690  P t=26s rxkBps=189 blkkBps=0 pongs=19051(+796/s) cancels=0(+0/s) notify=1 disc=0(0x00) | echo rx=0 tx=0 pend=0 stale=0
  28.690  P t=27s rxkBps=187 blkkBps=0 pongs=19837(+786/s) cancels=0(+0/s) notify=1 disc=0(0x00) | echo rx=0 tx=0 pend=0 stale=0
