   1.717  *** Booting Zephyr OS build v4.4.2-16-gfee9fbc62095 ***
   1.717  [01:08:54.324,325] [0m<inf> bt_hci_core: HW Platform: Nordic Semiconductor (0x0002)[0m
   1.717  [01:08:54.324,338] [0m<inf> bt_hci_core: HW Variant: nRF54Lx (0x0005)[0m
   1.717  [01:08:54.324,350] [0m<inf> bt_hci_core: Firmware: Standard Bluetooth controller (0x00) Version 4.4 Build 2[0m
   1.717  [01:08:54.324,700] [0m<inf> bt_hci_core: HCI transport: Controller[0m
   1.717  [01:08:54.324,746] [0m<inf> bt_hci_core: Identity: FC:BE:FF:FA:E6:8B (random)[0m
   1.717  [01:08:54.324,762] [0m<inf> bt_hci_core: HCI: version 5.4 (0x0d) revision 0x0000, manufacturer 0x05f1[0m
   1.769  [01:08:54.324,777] [0m<inf> bt_hci_core: LMP: version 5.4 (0x0d) subver 0xffff[0m
   1.769  
   1.769  === nRF54L15 RTT ping-pong PERIPHERAL (echo) ===
   1.769  advertising
   3.060  GAP connected interval=50000
   3.060  PHY tx=2 rx=2
   3.114  P t=1s rxkBps=0 blkkBps=0 pongs=0(+0/s) cancels=0(+0/s) notify=0 disc=0(0x00) | echo rx=0 tx=0 pend=0 stale=0
   4.606  CCC: notify ENABLED
   4.606  P t=2s rxkBps=14 blkkBps=0 pongs=62(+62/s) cancels=0(+0/s) notify=1 disc=0(0x00) | echo rx=0 tx=0 pend=0 stale=0
   5.683  P t=3s rxkBps=157 blkkBps=0 pongs=722(+660/s) cancels=0(+0/s) notify=1 disc=0(0x00) | echo rx=0 tx=0 pend=0 stale=0
   5.733  P t=4s rxkBps=128 blkkBps=0 pongs=1260(+538/s) cancels=0(+0/s) notify=1 disc=0(0x00) | echo rx=0 tx=0 pend=0 stale=0
   7.727  P t=5s rxkBps=163 blkkBps=0 pongs=1945(+685/s) cancels=0(+0/s) notify=1 disc=0(0x00) | echo rx=0 tx=0 pend=0 stale=0
   7.727  P t=6s rxkBps=165 blkkBps=0 pongs=2639(+694/s) cancels=0(+0/s) notify=1 disc=0(0x00) | echo rx=0 tx=0 pend=0 stale=0
   9.720  P t=7s rxkBps=158 blkkBps=0 pongs=3306(+667/s) cancels=0(+0/s) notify=1 disc=0(0x00) | echo rx=0 tx=0 pend=0 stale=0
   9.720  P t=8s rxkBps=166 blkkBps=0 pongs=4004(+698/s) cancels=0(+0/s) notify=1 disc=0(0x00) | echo rx=0 tx=0 pend=0 stale=0
  11.714  P t=9s rxkBps=149 blkkBps=0 pongs=4633(+629/s) cancels=0(+0/s) notify=1 disc=0(0x00) | echo rx=0 tx=0 pend=0 stale=0
  11.714  P t=10s rxkBps=157 blkkBps=0 pongs=5293(+660/s) cancels=0(+0/s) notify=1 disc=0(0x00) | echo rx=0 tx=0 pend=0 stale=0
  13.702  P t=11s rxkBps=166 blkkBps=0 pongs=5992(+699/s) cancels=0(+0/s) notify=1 disc=0(0x00) | echo rx=0 tx=0 pend=0 stale=0
  13.702  P t=12s rxkBps=162 blkkBps=0 pongs=6676(+684/s) cancels=0(+0/s) notify=1 disc=0(0x00) | echo rx=0 tx=0 pend=0 stale=0
  15.702  P t=13s rxkBps=161 blkkBps=0 pongs=7354(+678/s) cancels=0(+0/s) notify=1 disc=0(0x00) | echo rx=0 tx=0 pend=0 stale=0
  15.702  P t=14s rxkBps=149 blkkBps=0 pongs=7980(+626/s) cancels=0(+0/s) notify=1 disc=0(0x00) | echo rx=0 tx=0 pend=0 stale=0
  17.715  P t=15s rxkBps=140 blkkBps=0 pongs=8568(+588/s) cancels=0(+0/s) notify=1 disc=0(0x00) | echo rx=0 tx=0 pend=0 stale=0
  17.715  P t=16s rxkBps=165 blkkBps=0 pongs=9263(+695/s) cancels=0(+0/s) notify=1 disc=0(0x00) | echo rx=0 tx=0 pend=0 stale=0
  19.726  P t=17s rxkBps=166 blkkBps=0 pongs=9960(+697/s) cancels=0(+0/s) notify=1 disc=0(0x00) | echo rx=0 tx=0 pend=0 stale=0
  19.726  P t=18s rxkBps=151 blkkBps=0 pongs=10596(+636/s) cancels=0(+0/s) notify=1 disc=0(0x00) | echo rx=0 tx=0 pend=0 stale=0
  21.713  P t=19s rxkBps=151 blkkBps=0 pongs=11233(+637/s) cancels=0(+0/s) notify=1 disc=0(0x00) | echo rx=0 tx=0 pend=0 stale=0
  21.713  P t=20s rxkBps=165 blkkBps=0 pongs=11929(+696/s) cancels=0(+0/s) notify=1 disc=0(0x00) | echo rx=0 tx=0 pend=0 stale=0
  23.703  P t=21s rxkBps=158 blkkBps=0 pongs=12593(+664/s) cancels=0(+0/s) notify=1 disc=0(0x00) | echo rx=0 tx=0 pend=0 stale=0
  23.703  P t=22s rxkBps=157 blkkBps=0 pongs=13256(+663/s) cancels=0(+0/s) notify=1 disc=0(0x00) | echo rx=0 tx=0 pend=0 stale=0
  25.699  P t=23s rxkBps=158 blkkBps=0 pongs=13921(+665/s) cancels=0(+0/s) notify=1 disc=0(0x00) | echo rx=0 tx=0 pend=0 stale=0
  25.699  P t=24s rxkBps=152 blkkBps=0 pongs=14559(+638/s) cancels=0(+0/s) notify=1 disc=0(0x00) | echo rx=0 tx=0 pend=0 stale=0
  27.706  P t=25s rxkBps=160 blkkBps=0 pongs=15233(+674/s) cancels=0(+0/s) notify=1 disc=0(0x00) | echo rx=0 tx=0 pend=0 stale=0
  27.707  P t=26s rxkBps=158 blkkBps=0 pongs=15898(+665/s) cancels=0(+0/s) notify=1 disc=0(0x00) | echo rx=0 tx=0 pend=0 stale=0
  29.709  P t=27s rxkBps=166 blkkBps=0 pongs=16596(+698/s) cancels=0(+0/s) notify=1 disc=0(0x00) | echo rx=0 tx=0 pend=0 stale=0
  29.709  P t=28s rxkBps=157 blkkBps=0 pongs=17259(+663/s) cancels=0(+0/s) notify=1 disc=0(0x00) | echo rx=0 tx=0 pend=0 stale=0
