   1.726  *** Booting Zephyr OS build v4.4.2-16-gfee9fbc62095 ***
   1.726  [00:29:17.220,004] [0m<inf> bt_hci_core: HW Platform: Nordic Semiconductor (0x0002)[0m
   1.726  [00:29:17.220,017] [0m<inf> bt_hci_core: HW Variant: nRF54Lx (0x0005)[0m
   1.782  [00:29:17.220,029] [0m<inf> bt_hci_core: Firmware: Standard Bluetooth controller (0x00) Version 4.4 Build 2[0m
   1.782  [00:29:17.220,379] [0m<inf> bt_hci_core: HCI transport: Controller[0m
   1.782  [00:29:17.220,425] [0m<inf> bt_hci_core: Identity: FC:BE:FF:FA:E6:8B (random)[0m
   1.782  [00:29:17.220,441] [0m<inf> bt_hci_core: HCI: version 5.4 (0x0d) revision 0x0000, manufacturer 0x05f1[0m
   1.782  [00:29:17.220,456] [0m<inf> bt_hci_core: LMP: version 5.4 (0x0d) subver 0xffff[0m
   1.782  
   1.782  === nRF54L15 RTT ping-pong PERIPHERAL (echo) ===
   1.782  advertising
   3.074  GAP connected interval=7500
   3.074  PHY tx=2 rx=2
   3.074  CCC: notify ENABLED
   3.125  P t=1s rxkBps=0 blkkBps=0 pongs=0(+0/s) cancels=0(+0/s) notify=1 disc=0(0x00) | echo rx=0 tx=0 pend=0 stale=0
   4.740  P t=2s rxkBps=151 blkkBps=0 pongs=635(+635/s) cancels=0(+0/s) notify=1 disc=0(0x00) | echo rx=0 tx=0 pend=0 stale=0
   4.740  P t=3s rxkBps=155 blkkBps=0 pongs=1286(+651/s) cancels=0(+0/s) notify=1 disc=0(0x00) | echo rx=0 tx=0 pend=0 stale=0
   6.746  P t=4s rxkBps=158 blkkBps=0 pongs=1953(+667/s) cancels=0(+0/s) notify=1 disc=0(0x00) | echo rx=0 tx=0 pend=0 stale=0
   6.746  P t=5s rxkBps=189 blkkBps=0 pongs=2750(+797/s) cancels=0(+0/s) notify=1 disc=0(0x00) | echo rx=0 tx=0 pend=0 stale=0
   8.738  P t=6s rxkBps=189 blkkBps=0 pongs=3547(+797/s) cancels=0(+0/s) notify=1 disc=0(0x00) | echo rx=0 tx=0 pend=0 stale=0
   8.738  P t=7s rxkBps=189 blkkBps=0 pongs=4343(+796/s) cancels=0(+0/s) notify=1 disc=0(0x00) | echo rx=0 tx=0 pend=0 stale=0
  10.735  P t=8s rxkBps=190 blkkBps=0 pongs=5142(+799/s) cancels=0(+0/s) notify=1 disc=0(0x00) | echo rx=0 tx=0 pend=0 stale=0
  10.735  P t=9s rxkBps=189 blkkBps=0 pongs=5939(+797/s) cancels=0(+0/s) notify=1 disc=0(0x00) | echo rx=0 tx=0 pend=0 stale=0
  12.723  P t=10s rxkBps=180 blkkBps=0 pongs=6695(+756/s) cancels=0(+0/s) notify=1 disc=0(0x00) | echo rx=0 tx=0 pend=0 stale=0
  12.779  P t=11s rxkBps=188 blkkBps=0 pongs=7484(+789/s) cancels=0(+0/s) notify=1 disc=0(0x00) | echo rx=0 tx=0 pend=0 stale=0
  14.722  P t=12s rxkBps=187 blkkBps=0 pongs=8270(+786/s) cancels=0(+0/s) notify=1 disc=0(0x00) | echo rx=0 tx=0 pend=0 stale=0
  14.776  P t=13s rxkBps=188 blkkBps=0 pongs=9063(+793/s) cancels=0(+0/s) notify=1 disc=0(0x00) | echo rx=0 tx=0 pend=0 stale=0
  16.744  P t=14s rxkBps=181 blkkBps=0 pongs=9824(+761/s) cancels=0(+0/s) notify=1 disc=0(0x00) | echo rx=0 tx=0 pend=0 stale=0
  16.744  P t=15s rxkBps=183 blkkBps=0 pongs=10594(+770/s) cancels=0(+0/s) notify=1 disc=0(0x00) | echo rx=0 tx=0 pend=0 stale=0
  18.736  P t=16s rxkBps=189 blkkBps=0 pongs=11388(+794/s) cancels=0(+0/s) notify=1 disc=0(0x00) | echo rx=0 tx=0 pend=0 stale=0
  18.736  P t=17s rxkBps=183 blkkBps=0 pongs=12157(+769/s) cancels=0(+0/s) notify=1 disc=0(0x00) | echo rx=0 tx=0 pend=0 stale=0
  20.728  P t=18s rxkBps=189 blkkBps=0 pongs=12951(+794/s) cancels=0(+0/s) notify=1 disc=0(0x00) | echo rx=0 tx=0 pend=0 stale=0
  20.728  P t=19s rxkBps=184 blkkBps=0 pongs=13725(+774/s) cancels=0(+0/s) notify=1 disc=0(0x00) | echo rx=0 tx=0 pend=0 stale=0
  22.728  P t=20s rxkBps=186 blkkBps=0 pongs=14507(+782/s) cancels=0(+0/s) notify=1 disc=0(0x00) | echo rx=0 tx=0 pend=0 stale=0
  22.783  P t=21s rxkBps=184 blkkBps=0 pongs=15283(+776/s) cancels=0(+0/s) notify=1 disc=0(0x00) | echo rx=0 tx=0 pend=0 stale=0
  24.726  P t=22s rxkBps=188 blkkBps=0 pongs=16076(+793/s) cancels=0(+0/s) notify=1 disc=0(0x00) | echo rx=0 tx=0 pend=0 stale=0
  24.780  P t=23s rxkBps=188 blkkBps=0 pongs=16868(+792/s) cancels=0(+0/s) notify=1 disc=0(0x00) | echo rx=0 tx=0 pend=0 stale=0
  26.742  P t=24s rxkBps=189 blkkBps=0 pongs=17665(+797/s) cancels=0(+0/s) notify=1 disc=0(0x00) | echo rx=0 tx=0 pend=0 stale=0
  26.742  P t=25s rxkBps=189 blkkBps=0 pongs=18461(+796/s) cancels=0(+0/s) notify=1 disc=0(0x00) | echo rx=0 tx=0 pend=0 stale=0
  28.745  P t=26s rxkBps=188 blkkBps=0 pongs=19250(+789/s) cancels=0(+0/s) notify=1 disc=0(0x00) | echo rx=0 tx=0 pend=0 stale=0
  28.745  P t=27s rxkBps=186 blkkBps=0 pongs=20034(+784/s) cancels=0(+0/s) notify=1 disc=0(0x00) | echo rx=0 tx=0 pend=0 stale=0
