   1.716  *** Booting Zephyr OS build v4.4.2-16-gfee9fbc62095 ***
   1.716  [00:41:37.872,625] [0m<inf> bt_hci_core: HW Platform: Nordic Semiconductor (0x0002)[0m
   1.716  [00:41:37.872,637] [0m<inf> bt_hci_core: HW Variant: nRF54Lx (0x0005)[0m
   1.716  [00:41:37.872,649] [0m<inf> bt_hci_core: Firmware: Standard Bluetooth controller (0x00) Version 4.4 Build 2[0m
   1.716  [00:41:37.873,000] [0m<inf> bt_hci_core: HCI transport: Controller[0m
   1.716  [00:41:37.873,046] [0m<inf> bt_hci_core: Identity: FC:BE:FF:FA:E6:8B (random)[0m
   1.772  [00:41:37.873,062] [0m<inf> bt_hci_core: HCI: version 5.4 (0x0d) revision 0x0000, manufacturer 0x05f1[0m
   1.772  [00:41:37.873,077] [0m<inf> bt_hci_core: LMP: version 5.4 (0x0d) subver 0xffff[0m
   1.772  
   1.772  === nRF54L15 RTT ping-pong PERIPHERAL (echo) ===
   1.772  advertising
   2.964  GAP connected interval=50000
   2.964  PHY tx=2 rx=2
   2.964  P t=1s rxkBps=0 blkkBps=0 pongs=0(+0/s) cancels=0(+0/s) notify=0 disc=0(0x00) | echo rx=0 tx=0 pend=0 stale=0
   4.485  CCC: notify ENABLED
   4.485  P t=2s rxkBps=37 blkkBps=0 pongs=158(+158/s) cancels=0(+0/s) notify=1 disc=0(0x00) | echo rx=0 tx=0 pend=0 stale=0
   5.707  P t=3s rxkBps=166 blkkBps=0 pongs=856(+698/s) cancels=0(+0/s) notify=1 disc=0(0x00) | echo rx=0 tx=0 pend=0 stale=0
   5.707  P t=4s rxkBps=160 blkkBps=0 pongs=1528(+672/s) cancels=0(+0/s) notify=1 disc=0(0x00) | echo rx=0 tx=0 pend=0 stale=0
   7.699  P t=5s rxkBps=166 blkkBps=0 pongs=2225(+697/s) cancels=0(+0/s) notify=1 disc=0(0x00) | echo rx=0 tx=0 pend=0 stale=0
   7.699  P t=6s rxkBps=166 blkkBps=0 pongs=2924(+699/s) cancels=0(+0/s) notify=1 disc=0(0x00) | echo rx=0 tx=0 pend=0 stale=0
   9.692  P t=7s rxkBps=166 blkkBps=0 pongs=3623(+699/s) cancels=0(+0/s) notify=1 disc=0(0x00) | echo rx=0 tx=0 pend=0 stale=0
   9.744  P t=8s rxkBps=166 blkkBps=0 pongs=4321(+698/s) cancels=0(+0/s) notify=1 disc=0(0x00) | echo rx=0 tx=0 pend=0 stale=0
  11.726  P t=9s rxkBps=165 blkkBps=0 pongs=5017(+696/s) cancels=0(+0/s) notify=1 disc=0(0x00) | echo rx=0 tx=0 pend=0 stale=0
  11.727  P t=10s rxkBps=166 blkkBps=0 pongs=5716(+699/s) cancels=0(+0/s) notify=1 disc=0(0x00) | echo rx=0 tx=0 pend=0 stale=0
  13.698  P t=11s rxkBps=166 blkkBps=0 pongs=6413(+697/s) cancels=0(+0/s) notify=1 disc=0(0x00) | echo rx=0 tx=0 pend=0 stale=0
  13.705  P t=12s rxkBps=166 blkkBps=0 pongs=7110(+697/s) cancels=0(+0/s) notify=1 disc=0(0x00) | echo rx=0 tx=0 pend=0 stale=0
  15.699  P t=13s rxkBps=165 blkkBps=0 pongs=7806(+696/s) cancels=0(+0/s) notify=1 disc=0(0x00) | echo rx=0 tx=0 pend=0 stale=0
  15.700  P t=14s rxkBps=166 blkkBps=0 pongs=8506(+700/s) cancels=0(+0/s) notify=1 disc=0(0x00) | echo rx=0 tx=0 pend=0 stale=0
  17.706  P t=15s rxkBps=166 blkkBps=0 pongs=9204(+698/s) cancels=0(+0/s) notify=1 disc=0(0x00) | echo rx=0 tx=0 pend=0 stale=0
  17.706  P t=16s rxkBps=166 blkkBps=0 pongs=9902(+698/s) cancels=0(+0/s) notify=1 disc=0(0x00) | echo rx=0 tx=0 pend=0 stale=0
  19.684  P t=17s rxkBps=166 blkkBps=0 pongs=10601(+699/s) cancels=0(+0/s) notify=1 disc=0(0x00) | echo rx=0 tx=0 pend=0 stale=0
  19.739  P t=18s rxkBps=165 blkkBps=0 pongs=11294(+693/s) cancels=0(+0/s) notify=1 disc=0(0x00) | echo rx=0 tx=0 pend=0 stale=0
  21.688  P t=19s rxkBps=166 blkkBps=0 pongs=11992(+698/s) cancels=0(+0/s) notify=1 disc=0(0x00) | echo rx=0 tx=0 pend=0 stale=0
  21.743  P t=20s rxkBps=166 blkkBps=0 pongs=12692(+700/s) cancels=0(+0/s) notify=1 disc=0(0x00) | echo rx=0 tx=0 pend=0 stale=0
  23.684  P t=21s rxkBps=165 blkkBps=0 pongs=13386(+694/s) cancels=0(+0/s) notify=1 disc=0(0x00) | echo rx=0 tx=0 pend=0 stale=0
  23.738  P t=22s rxkBps=165 blkkBps=0 pongs=14082(+696/s) cancels=0(+0/s) notify=1 disc=0(0x00) | echo rx=0 tx=0 pend=0 stale=0
  25.728  P t=23s rxkBps=166 blkkBps=0 pongs=14779(+697/s) cancels=0(+0/s) notify=1 disc=0(0x00) | echo rx=0 tx=0 pend=0 stale=0
  25.728  P t=24s rxkBps=160 blkkBps=0 pongs=15453(+674/s) cancels=0(+0/s) notify=1 disc=0(0x00) | echo rx=0 tx=0 pend=0 stale=0
  27.695  P t=25s rxkBps=163 blkkBps=0 pongs=16139(+686/s) cancels=0(+0/s) notify=1 disc=0(0x00) | echo rx=0 tx=0 pend=0 stale=0
  27.750  P t=26s rxkBps=165 blkkBps=0 pongs=16835(+696/s) cancels=0(+0/s) notify=1 disc=0(0x00) | echo rx=0 tx=0 pend=0 stale=0
  29.736  P t=27s rxkBps=165 blkkBps=0 pongs=17530(+695/s) cancels=0(+0/s) notify=1 disc=0(0x00) | echo rx=0 tx=0 pend=0 stale=0
  29.736  P t=28s rxkBps=165 blkkBps=0 pongs=18224(+694/s) cancels=0(+0/s) notify=1 disc=0(0x00) | echo rx=0 tx=0 pend=0 stale=0
