   1.298  t=1s RTT mean=0 min=0 max=0 n=0 to=0 | cancels=0(+0/s) seqbad=0 len_bad=0 disc=0(0x00) | tot_n=0 tot_to=0 maxever=0 >2ms=0 >5ms=0 >15ms=0 >20ms=0 >30ms=0 | probes=0 wrfail=0 down=1s maxout=1s
   1.299  t=2s RTT mean=0 min=0 max=0 n=0 to=0 | cancels=0(+0/s) seqbad=0 len_bad=0 disc=0(0x00) | tot_n=0 tot_to=0 maxever=0 >2ms=0 >5ms=0 >15ms=0 >20ms=0 >30ms=0 | probes=0 wrfail=0 down=2s maxout=2s
   1.887  *** Booting Zephyr OS build v4.4.2-16-gfee9fbc62095 ***
   1.887  [00:29:45.024,060] [0m<inf> bt_hci_core: HW Platform: Nordic Semiconductor (0x0002)[0m
   1.942  [00:29:45.024,073] [0m<inf> bt_hci_core: HW Variant: nRF54Lx (0x0005)[0m
   1.942  [00:29:45.024,084] [0m<inf> bt_hci_core: Firmware: Standard Bluetooth controller (0x00) Version 4.4 Build 2[0m
   1.942  [00:29:45.024,443] [0m<inf> bt_hci_core: HCI transport: Controller[0m
   1.942  [00:29:45.024,491] [0m<inf> bt_hci_core: Identity: FC:BE:FF:FA:E6:8B (random)[0m
   1.942  [00:29:45.024,507] [0m<inf> bt_hci_core: HCI: version 5.4 (0x0d) revision 0x0000, manufacturer 0x05f1[0m
   1.942  [00:29:45.024,522] [0m<inf> bt_hci_core: LMP: version 5.4 (0x0d) subver 0xffff[0m
   1.942  
   1.942  === nRF54L15 RTT ping-pong CENTRAL ===
   1.942  scan rc=0
   1.993  Q2CONN AA=e9940bf7 CRCINIT=cdafa3 hop=11 chan_count=37 map=ffffffff1f
   1.993  GAP connected interval=7500
   1.993  MTU err=0 mtu=247
   2.625  PHY tx=2 rx=2
   2.625  discovery start (post-PHY +500ms) interval=7500 phy2m=1
   2.625  SUBSCRIBED, vh=14
   2.625  BLAST: phy_update->2M rc=0
   2.626  BLAST first16_call_us: 157 180 123 121 120 120 121 120 120 114 54 54 53 54 53 53
   3.608  PHY tx=2 rx=2
   3.661  t=1s RTT mean=0 min=0 max=0 n=0 to=0 | cancels=0(+0/s) seqbad=0 len_bad=104 disc=0(0x00) | tot_n=0 tot_to=0 maxever=0 >2ms=0 >5ms=0 >15ms=0 >20ms=0 >30ms=0 | probes=0 wrfail=0 down=0s maxout=0s
   3.661  BLASTC comp=116 exkBps=25 cgap_us[min/avg/max]=130/2607/20009
   3.661  BLAST phy=2/2 att=126 ok=126 enomem=0 err=0 call_us[min/avg/max]=53/2369/20002 okgap_max_us=20014
   4.909  t=2s RTT mean=0 min=0 max=0 n=0 to=0 | cancels=0(+0/s) seqbad=0 len_bad=479 disc=0(0x00) | tot_n=0 tot_to=0 maxever=0 >2ms=0 >5ms=0 >15ms=0 >20ms=0 >30ms=0 | probes=0 wrfail=0 down=0s maxout=0s
   4.909  BLASTC comp=375 exkBps=89 cgap_us[min/avg/max]=2395/2666/12603
   4.909  BLAST phy=2/2 att=375 ok=375 enomem=0 err=0 call_us[min/avg/max]=2378/2655/12592 okgap_max_us=12603
   4.965  t=3s RTT mean=0 min=0 max=0 n=0 to=0 | cancels=0(+0/s) seqbad=0 len_bad=838 disc=0(0x00) | tot_n=0 tot_to=0 maxever=0 >2ms=0 >5ms=0 >15ms=0 >20ms=0 >30ms=0 | probes=0 wrfail=0 down=0s maxout=0s
   4.965  BLASTC comp=359 exkBps=85 cgap_us[min/avg/max]=2394/2785/27603
   4.965  BLAST phy=2/2 att=359 ok=359 enomem=0 err=0 call_us[min/avg/max]=2324/2773/27592 okgap_max_us=27603
   6.578  FSU: request [150..150] us (ACL both dirs, 1M+2M) rc=0
   6.578  t=4s RTT mean=0 min=0 max=0 n=0 to=0 | cancels=0(+0/s) seqbad=0 len_bad=1162 disc=0(0x00) | tot_n=0 tot_to=0 maxever=0 >2ms=0 >5ms=0 >15ms=0 >20ms=0 >30ms=0 | probes=0 wrfail=0 down=0s maxout=0s
   6.578  BLASTC comp=325 exkBps=77 cgap_us[min/avg/max]=1441/3076/25106
   6.633  BLAST phy=2/2 att=325 ok=325 enomem=0 err=0 call_us[min/avg/max]=1430/3065/25094 okgap_max_us=25105
   7.928  t=5s RTT mean=0 min=0 max=0 n=0 to=0 | cancels=0(+0/s) seqbad=0 len_bad=1474 disc=0(0x00) | tot_n=0 tot_to=0 maxever=0 >2ms=0 >5ms=0 >15ms=0 >20ms=0 >30ms=0 | probes=0 wrfail=0 down=0s maxout=0s
   7.928  BLASTC comp=312 exkBps=74 cgap_us[min/avg/max]=2395/3205/25106
   7.928  BLAST phy=2/2 att=312 ok=312 enomem=0 err=0 call_us[min/avg/max]=2380/3194/25094 okgap_max_us=25106
   7.979  t=6s RTT mean=0 min=0 max=0 n=0 to=0 | cancels=0(+0/s) seqbad=0 len_bad=1815 disc=0(0x00) | tot_n=0 tot_to=0 maxever=0 >2ms=0 >5ms=0 >15ms=0 >20ms=0 >30ms=0 | probes=0 wrfail=0 down=0s maxout=0s
   7.979  BLASTC comp=341 exkBps=81 cgap_us[min/avg/max]=2394/2932/25106
   7.979  BLAST phy=2/2 att=341 ok=341 enomem=0 err=0 call_us[min/avg/max]=2323/2920/25095 okgap_max_us=25106
   9.919  t=7s RTT mean=0 min=0 max=0 n=0 to=0 | cancels=0(+0/s) seqbad=0 len_bad=2210 disc=0(0x00) | tot_n=0 tot_to=0 maxever=0 >2ms=0 >5ms=0 >15ms=0 >20ms=0 >30ms=0 | probes=0 wrfail=0 down=0s maxout=0s
   9.919  BLASTC comp=394 exkBps=93 cgap_us[min/avg/max]=2394/2538/5007
   9.919  BLAST phy=2/2 att=394 ok=394 enomem=0 err=0 call_us[min/avg/max]=2383/2526/4996 okgap_max_us=5007
   9.919  BLASTC comp=390 exkBps=92 cgap_us[min/avg/max]=2396/2564/5102
   9.973  BLAST phy=2/2 att=390 ok=390 enomem=0 err=0 call_us[min/avg/max]=2384/2552/5090 okgap_max_us=5102
   9.974  t=8s RTT mean=0 min=0 max=0 n=0 to=0 | cancels=0(+0/s) seqbad=0 len_bad=2600 disc=0(0x00) | tot_n=0 tot_to=0 maxever=0 >2ms=0 >5ms=0 >15ms=0 >20ms=0 >30ms=0 | probes=0 wrfail=0 down=0s maxout=0s
  11.909  BLASTC comp=377 exkBps=89 cgap_us[min/avg/max]=2378/2652/10106
  11.910  BLAST phy=2/2 att=377 ok=377 enomem=0 err=0 call_us[min/avg/max]=2300/2640/10095 okgap_max_us=10106
  11.965  t=9s RTT mean=0 min=0 max=0 n=0 to=0 | cancels=0(+0/s) seqbad=0 len_bad=2977 disc=0(0x00) | tot_n=0 tot_to=0 maxever=0 >2ms=0 >5ms=0 >15ms=0 >20ms=0 >30ms=0 | probes=0 wrfail=0 down=0s maxout=0s
  11.965  BLASTC comp=300 exkBps=71 cgap_us[min/avg/max]=2396/3333/25106
  11.965  BLAST phy=2/2 att=300 ok=300 enomem=0 err=0 call_us[min/avg/max]=2384/3321/25095 okgap_max_us=25106
  11.965  t=10s RTT mean=0 min=0 max=0 n=0 to=0 | cancels=0(+0/s) seqbad=0 len_bad=3277 disc=0(0x00) | tot_n=0 tot_to=0 maxever=0 >2ms=0 >5ms=0 >15ms=0 >20ms=0 >30ms=0 | probes=0 wrfail=0 down=0s maxout=0s
  13.930  BLASTC comp=394 exkBps=93 cgap_us[min/avg/max]=2395/2538/7500
  13.930  BLAST phy=2/2 att=394 ok=394 enomem=0 err=0 call_us[min/avg/max]=2383/2526/7489 okgap_max_us=7500
  13.930  t=11s RTT mean=0 min=0 max=0 n=0 to=0 | cancels=0(+0/s) seqbad=0 len_bad=3671 disc=0(0x00) | tot_n=0 tot_to=0 maxever=0 >2ms=0 >5ms=0 >15ms=0 >20ms=0 >30ms=0 | probes=0 wrfail=0 down=0s maxout=0s
  13.930  BLASTC comp=391 exkBps=93 cgap_us[min/avg/max]=2396/2557/5000
  13.930  BLAST phy=2/2 att=391 ok=391 enomem=0 err=0 call_us[min/avg/max]=2329/2545/4988 okgap_max_us=4999
  13.985  t=12s RTT mean=0 min=0 max=0 n=0 to=0 | cancels=0(+0/s) seqbad=0 len_bad=4062 disc=0(0x00) | tot_n=0 tot_to=0 maxever=0 >2ms=0 >5ms=0 >15ms=0 >20ms=0 >30ms=0 | probes=0 wrfail=0 down=0s maxout=0s
  15.923  BLASTC comp=380 exkBps=90 cgap_us[min/avg/max]=2394/2631/12603
  15.923  BLAST phy=2/2 att=380 ok=380 enomem=0 err=0 call_us[min/avg/max]=2378/2620/12592 okgap_max_us=12603
  15.923  t=13s RTT mean=0 min=0 max=0 n=0 to=0 | cancels=0(+0/s) seqbad=0 len_bad=4442 disc=0(0x00) | tot_n=0 tot_to=0 maxever=0 >2ms=0 >5ms=0 >15ms=0 >20ms=0 >30ms=0 | probes=0 wrfail=0 down=0s maxout=0s
  15.923  BLASTC comp=391 exkBps=93 cgap_us[min/avg/max]=2394/2557/10105
  15.978  BLAST phy=2/2 att=391 ok=391 enomem=0 err=0 call_us[min/avg/max]=2383/2546/10095 okgap_max_us=10106
  15.978  t=14s RTT mean=0 min=0 max=0 n=0 to=0 | cancels=0(+0/s) seqbad=0 len_bad=4833 disc=0(0x00) | tot_n=0 tot_to=0 maxever=0 >2ms=0 >5ms=0 >15ms=0 >20ms=0 >30ms=0 | probes=0 wrfail=0 down=0s maxout=0s
  17.929  BLASTC comp=376 exkBps=89 cgap_us[min/avg/max]=2380/2659/14997
  17.929  BLAST phy=2/2 att=376 ok=376 enomem=0 err=0 call_us[min/avg/max]=2315/2647/14987 okgap_max_us=14998
  17.929  t=15s RTT mean=0 min=0 max=0 n=0 to=0 | cancels=0(+0/s) seqbad=0 len_bad=5209 disc=0(0x00) | tot_n=0 tot_to=0 maxever=0 >2ms=0 >5ms=0 >15ms=0 >20ms=0 >30ms=0 | probes=0 wrfail=0 down=0s maxout=0s
  17.929  BLASTC comp=389 exkBps=92 cgap_us[min/avg/max]=2396/2570/12603
  17.929  BLAST phy=2/2 att=389 ok=389 enomem=0 err=0 call_us[min/avg/max]=2384/2559/12591 okgap_max_us=12603
  17.984  t=16s RTT mean=0 min=0 max=0 n=0 to=0 | cancels=0(+0/s) seqbad=0 len_bad=5598 disc=0(0x00) | tot_n=0 tot_to=0 maxever=0 >2ms=0 >5ms=0 >15ms=0 >20ms=0 >30ms=0 | probes=0 wrfail=0 down=0s maxout=0s
  19.890  BLASTC comp=293 exkBps=69 cgap_us[min/avg/max]=2393/3413/25106
  19.945  BLAST phy=2/2 att=293 ok=293 enomem=0 err=0 call_us[min/avg/max]=2382/3401/25095 okgap_max_us=25106
  19.945  t=17s RTT mean=0 min=0 max=0 n=0 to=0 | cancels=0(+0/s) seqbad=0 len_bad=5891 disc=0(0x00) | tot_n=0 tot_to=0 maxever=0 >2ms=0 >5ms=0 >15ms=0 >20ms=0 >30ms=0 | probes=0 wrfail=0 down=0s maxout=0s
  19.945  BLASTC comp=367 exkBps=87 cgap_us[min/avg/max]=2396/2724/25106
  19.945  BLAST phy=2/2 att=367 ok=367 enomem=0 err=0 call_us[min/avg/max]=2330/2713/25094 okgap_max_us=25105
  20.001  t=18s RTT mean=0 min=0 max=0 n=0 to=0 | cancels=0(+0/s) seqbad=0 len_bad=6258 disc=0(0x00) | tot_n=0 tot_to=0 maxever=0 >2ms=0 >5ms=0 >15ms=0 >20ms=0 >30ms=0 | probes=0 wrfail=0 down=0s maxout=0s
  21.890  BLASTC comp=376 exkBps=89 cgap_us[min/avg/max]=2396/2659/12499
  21.945  BLAST phy=2/2 att=376 ok=376 enomem=0 err=0 call_us[min/avg/max]=2379/2648/12488 okgap_max_us=12499
  21.945  t=19s RTT mean=0 min=0 max=0 n=0 to=0 | cancels=0(+0/s) seqbad=0 len_bad=6634 disc=0(0x00) | tot_n=0 tot_to=0 maxever=0 >2ms=0 >5ms=0 >15ms=0 >20ms=0 >30ms=0 | probes=0 wrfail=0 down=0s maxout=0s
  21.945  BLASTC comp=359 exkBps=85 cgap_us[min/avg/max]=2393/2785/12500
  21.945  BLAST phy=2/2 att=359 ok=359 enomem=0 err=0 call_us[min/avg/max]=2381/2774/12488 okgap_max_us=12500
  21.998  t=20s RTT mean=0 min=0 max=0 n=0 to=0 | cancels=0(+0/s) seqbad=0 len_bad=6993 disc=0(0x00) | tot_n=0 tot_to=0 maxever=0 >2ms=0 >5ms=0 >15ms=0 >20ms=0 >30ms=0 | probes=0 wrfail=0 down=0s maxout=0s
  23.930  BLASTC comp=394 exkBps=93 cgap_us[min/avg/max]=2380/2537/5000
  23.930  BLAST phy=2/2 att=394 ok=394 enomem=0 err=0 call_us[min/avg/max]=2315/2526/4988 okgap_max_us=4999
  23.930  t=21s RTT mean=0 min=0 max=0 n=0 to=0 | cancels=0(+0/s) seqbad=0 len_bad=7387 disc=0(0x00) | tot_n=0 tot_to=0 maxever=0 >2ms=0 >5ms=0 >15ms=0 >20ms=0 >30ms=0 | probes=0 wrfail=0 down=0s maxout=0s
  23.930  BLASTC comp=388 exkBps=92 cgap_us[min/avg/max]=2396/2577/10106
  23.930  BLAST phy=2/2 att=388 ok=388 enomem=0 err=0 call_us[min/avg/max]=2384/2565/10095 okgap_max_us=10106
  23.983  t=22s RTT mean=0 min=0 max=0 n=0 to=0 | cancels=0(+0/s) seqbad=0 len_bad=7776 disc=0(0x00) | tot_n=0 tot_to=0 maxever=0 >2ms=0 >5ms=0 >15ms=0 >20ms=0 >30ms=0 | probes=0 wrfail=0 down=0s maxout=0s
  25.926  BLASTC comp=390 exkBps=92 cgap_us[min/avg/max]=2396/2564/7500
  25.927  BLAST phy=2/2 att=390 ok=390 enomem=0 err=0 call_us[min/avg/max]=2381/2552/7489 okgap_max_us=7500
  25.927  t=23s RTT mean=0 min=0 max=0 n=0 to=0 | cancels=0(+0/s) seqbad=0 len_bad=8166 disc=0(0x00) | tot_n=0 tot_to=0 maxever=0 >2ms=0 >5ms=0 >15ms=0 >20ms=0 >30ms=0 | probes=0 wrfail=0 down=0s maxout=0s
  25.927  BLASTC comp=385 exkBps=91 cgap_us[min/avg/max]=2396/2597/10106
  25.927  BLAST phy=2/2 att=385 ok=385 enomem=0 err=0 call_us[min/avg/max]=2321/2585/10095 okgap_max_us=10106
  25.982  t=24s RTT mean=0 min=0 max=0 n=0 to=0 | cancels=0(+0/s) seqbad=0 len_bad=8551 disc=0(0x00) | tot_n=0 tot_to=0 maxever=0 >2ms=0 >5ms=0 >15ms=0 >20ms=0 >30ms=0 | probes=0 wrfail=0 down=0s maxout=0s
  27.926  BLASTC comp=387 exkBps=92 cgap_us[min/avg/max]=2395/2583/10106
  27.926  BLAST phy=2/2 att=387 ok=387 enomem=0 err=0 call_us[min/avg/max]=2383/2572/10095 okgap_max_us=10106
  27.926  t=25s RTT mean=0 min=0 max=0 n=0 to=0 | cancels=0(+0/s) seqbad=0 len_bad=8938 disc=0(0x00) | tot_n=0 tot_to=0 maxever=0 >2ms=0 >5ms=0 >15ms=0 >20ms=0 >30ms=0 | probes=0 wrfail=0 down=0s maxout=0s
  27.926  BLASTC comp=393 exkBps=93 cgap_us[min/avg/max]=2396/2544/5103
  27.926  BLAST phy=2/2 att=393 ok=393 enomem=0 err=0 call_us[min/avg/max]=2384/2533/5091 okgap_max_us=5102
  27.982  t=26s RTT mean=0 min=0 max=0 n=0 to=0 | cancels=0(+0/s) seqbad=0 len_bad=9331 disc=0(0x00) | tot_n=0 tot_to=0 maxever=0 >2ms=0 >5ms=0 >15ms=0 >20ms=0 >30ms=0 | probes=0 wrfail=0 down=0s maxout=0s
  29.886  BLASTC comp=348 exkBps=82 cgap_us[min/avg/max]=2374/2873/10106
  29.942  BLAST phy=2/2 att=348 ok=348 enomem=0 err=0 call_us[min/avg/max]=2303/2861/10095 okgap_max_us=10106
  29.942  t=27s RTT mean=0 min=0 max=0 n=0 to=0 | cancels=0(+0/s) seqbad=0 len_bad=9679 disc=0(0x00) | tot_n=0 tot_to=0 maxever=0 >2ms=0 >5ms=0 >15ms=0 >20ms=0 >30ms=0 | probes=0 wrfail=0 down=0s maxout=0s
  29.942  BLASTC comp=384 exkBps=91 cgap_us[min/avg/max]=2396/2604/10106
  29.942  BLAST phy=2/2 att=384 ok=384 enomem=0 err=0 call_us[min/avg/max]=2384/2592/10095 okgap_max_us=10106
  29.993  t=28s RTT mean=0 min=0 max=0 n=0 to=0 | cancels=0(+0/s) seqbad=0 len_bad=10063 disc=0(0x00) | tot_n=0 tot_to=0 maxever=0 >2ms=0 >5ms=0 >15ms=0 >20ms=0 >30ms=0 | probes=0 wrfail=0 down=0s maxout=0s
  31.924  BLASTC comp=394 exkBps=93 cgap_us[min/avg/max]=2395/2538/7500
  31.924  BLAST phy=2/2 att=394 ok=394 enomem=0 err=0 call_us[min/avg/max]=2384/2526/7489 okgap_max_us=7500
  31.924  t=29s RTT mean=0 min=0 max=0 n=0 to=0 | cancels=0(+0/s) seqbad=0 len_bad=10457 disc=0(0x00) | tot_n=0 tot_to=0 maxever=0 >2ms=0 >5ms=0 >15ms=0 >20ms=0 >30ms=0 | probes=0 wrfail=0 down=0s maxout=0s
  31.924  BLASTC comp=389 exkBps=92 cgap_us[min/avg/max]=2396/2570/10105
  31.976  BLAST phy=2/2 att=389 ok=389 enomem=0 err=0 call_us[min/avg/max]=2321/2559/10094 okgap_max_us=10105
  31.976  t=30s RTT mean=0 min=0 max=0 n=0 to=0 | cancels=0(+0/s) seqbad=0 len_bad=10846 disc=0(0x00) | tot_n=0 tot_to=0 maxever=0 >2ms=0 >5ms=0 >15ms=0 >20ms=0 >30ms=0 | probes=0 wrfail=0 down=0s maxout=0s
  33.908  BLASTC comp=389 exkBps=92 cgap_us[min/avg/max]=2395/2570/10106
  33.909  BLAST phy=2/2 att=389 ok=389 enomem=0 err=0 call_us[min/avg/max]=2383/2559/10094 okgap_max_us=10106
  33.964  t=31s RTT mean=0 min=0 max=0 n=0 to=0 | cancels=0(+0/s) seqbad=0 len_bad=11235 disc=0(0x00) | tot_n=0 tot_to=0 maxever=0 >2ms=0 >5ms=0 >15ms=0 >20ms=0 >30ms=0 | probes=0 wrfail=0 down=0s maxout=0s
  33.964  BLASTC comp=378 exkBps=90 cgap_us[min/avg/max]=2396/2645/10119
  33.964  BLAST phy=2/2 att=378 ok=378 enomem=0 err=0 call_us[min/avg/max]=2384/2634/10107 okgap_max_us=10106
  33.964  t=32s RTT mean=0 min=0 max=0 n=0 to=0 | cancels=0(+0/s) seqbad=0 len_bad=11613 disc=0(0x00) | tot_n=0 tot_to=0 maxever=0 >2ms=0 >5ms=0 >15ms=0 >20ms=0 >30ms=0 | probes=0 wrfail=0 down=0s maxout=0s
  35.895  BLASTC comp=343 exkBps=81 cgap_us[min/avg/max]=2374/2915/10107
  35.895  BLAST phy=2/2 att=343 ok=343 enomem=0 err=0 call_us[min/avg/max]=2303/2903/10096 okgap_max_us=10178
  35.951  t=33s RTT mean=0 min=0 max=0 n=0 to=0 | cancels=0(+0/s) seqbad=0 len_bad=11956 disc=0(0x00) | tot_n=0 tot_to=0 maxever=0 >2ms=0 >5ms=0 >15ms=0 >20ms=0 >30ms=0 | probes=0 wrfail=0 down=0s maxout=0s
  35.951  BLASTC comp=377 exkBps=89 cgap_us[min/avg/max]=2396/2652/17606
  35.951  BLAST phy=2/2 att=377 ok=377 enomem=0 err=0 call_us[min/avg/max]=2384/2641/17595 okgap_max_us=17606
  35.951  t=34s RTT mean=0 min=0 max=0 n=0 to=0 | cancels=0(+0/s) seqbad=0 len_bad=12333 disc=0(0x00) | tot_n=0 tot_to=0 maxever=0 >2ms=0 >5ms=0 >15ms=0 >20ms=0 >30ms=0 | probes=0 wrfail=0 down=0s maxout=0s
  37.890  BLASTC comp=390 exkBps=92 cgap_us[min/avg/max]=2396/2564/10107
  37.891  BLAST phy=2/2 att=390 ok=390 enomem=0 err=0 call_us[min/avg/max]=2384/2552/10096 okgap_max_us=10107
  37.942  t=35s RTT mean=0 min=0 max=0 n=0 to=0 | cancels=0(+0/s) seqbad=0 len_bad=12722 disc=0(0x00) | tot_n=0 tot_to=0 maxever=0 >2ms=0 >5ms=0 >15ms=0 >20ms=0 >30ms=0 | probes=0 wrfail=0 down=0s maxout=0s
  37.942  BLASTC comp=348 exkBps=82 cgap_us[min/avg/max]=2395/2873/17606
  37.942  BLAST phy=2/2 att=348 ok=348 enomem=0 err=0 call_us[min/avg/max]=2384/2861/17594 okgap_max_us=17606
  37.997  t=36s RTT mean=0 min=0 max=0 n=0 to=0 | cancels=0(+0/s) seqbad=0 len_bad=13072 disc=0(0x00) | tot_n=0 tot_to=0 maxever=0 >2ms=0 >5ms=0 >15ms=0 >20ms=0 >30ms=0 | probes=0 wrfail=0 down=0s maxout=0s
  39.893  BLASTC comp=352 exkBps=83 cgap_us[min/avg/max]=2389/2840/25106
  39.893  BLAST phy=2/2 att=352 ok=352 enomem=0 err=0 call_us[min/avg/max]=2284/2829/25094 okgap_max_us=25106
  39.948  t=37s RTT mean=0 min=0 max=0 n=0 to=0 | cancels=0(+0/s) seqbad=0 len_bad=13422 disc=0(0x00) | tot_n=0 tot_to=0 maxever=0 >2ms=0 >5ms=0 >15ms=0 >20ms=0 >30ms=0 | probes=0 wrfail=0 down=0s maxout=0s
  39.948  BLASTC comp=364 exkBps=86 cgap_us[min/avg/max]=2396/2747/25106
  39.948  BLAST phy=2/2 att=364 ok=364 enomem=0 err=0 call_us[min/avg/max]=2384/2736/25095 okgap_max_us=25106
  39.948  t=38s RTT mean=0 min=0 max=0 n=0 to=0 | cancels=0(+0/s) seqbad=0 len_bad=13788 disc=0(0x00) | tot_n=0 tot_to=0 maxever=0 >2ms=0 >5ms=0 >15ms=0 >20ms=0 >30ms=0 | probes=0 wrfail=0 down=0s maxout=0s
  41.898  BLASTC comp=389 exkBps=92 cgap_us[min/avg/max]=2374/2570/7500
  41.898  BLAST phy=2/2 att=389 ok=389 enomem=0 err=0 call_us[min/avg/max]=2303/2558/7489 okgap_max_us=7501
  41.953  t=39s RTT mean=0 min=0 max=0 n=0 to=0 | cancels=0(+0/s) seqbad=0 len_bad=14176 disc=0(0x00) | tot_n=0 tot_to=0 maxever=0 >2ms=0 >5ms=0 >15ms=0 >20ms=0 >30ms=0 | probes=0 wrfail=0 down=0s maxout=0s
  41.953  BLASTC comp=330 exkBps=78 cgap_us[min/avg/max]=2396/3030/17606
  41.953  BLAST phy=2/2 att=330 ok=330 enomem=0 err=0 call_us[min/avg/max]=2384/3018/17595 okgap_max_us=17606
  41.953  t=40s RTT mean=0 min=0 max=0 n=0 to=0 | cancels=0(+0/s) seqbad=0 len_bad=14507 disc=0(0x00) | tot_n=0 tot_to=0 maxever=0 >2ms=0 >5ms=0 >15ms=0 >20ms=0 >30ms=0 | probes=0 wrfail=0 down=0s maxout=0s
  43.897  BLASTC comp=306 exkBps=72 cgap_us[min/avg/max]=2396/3268/22500
  43.897  BLAST phy=2/2 att=306 ok=306 enomem=0 err=0 call_us[min/avg/max]=2379/3256/22488 okgap_max_us=22499
  43.953  t=41s RTT mean=0 min=0 max=0 n=0 to=0 | cancels=0(+0/s) seqbad=0 len_bad=14813 disc=0(0x00) | tot_n=0 tot_to=0 maxever=0 >2ms=0 >5ms=0 >15ms=0 >20ms=0 >30ms=0 | probes=0 wrfail=0 down=0s maxout=0s
  43.953  BLASTC comp=373 exkBps=88 cgap_us[min/avg/max]=2396/2680/17608
  43.953  BLAST phy=2/2 att=373 ok=373 enomem=0 err=0 call_us[min/avg/max]=2322/2669/17597 okgap_max_us=17608
  43.953  t=42s RTT mean=0 min=0 max=0 n=0 to=0 | cancels=0(+0/s) seqbad=0 len_bad=15186 disc=0(0x00) | tot_n=0 tot_to=0 maxever=0 >2ms=0 >5ms=0 >15ms=0 >20ms=0 >30ms=0 | probes=0 wrfail=0 down=0s maxout=0s
  45.884  BLASTC comp=393 exkBps=93 cgap_us[min/avg/max]=2395/2544/7500
  45.939  BLAST phy=2/2 att=393 ok=393 enomem=0 err=0 call_us[min/avg/max]=2384/2533/7489 okgap_max_us=7500
  45.939  t=43s RTT mean=0 min=0 max=0 n=0 to=0 | cancels=0(+0/s) seqbad=0 len_bad=15579 disc=0(0x00) | tot_n=0 tot_to=0 maxever=0 >2ms=0 >5ms=0 >15ms=0 >20ms=0 >30ms=0 | probes=0 wrfail=0 down=0s maxout=0s
  45.939  BLASTC comp=360 exkBps=85 cgap_us[min/avg/max]=2396/2778/15000
  45.939  BLAST phy=2/2 att=360 ok=360 enomem=0 err=0 call_us[min/avg/max]=2384/2766/14989 okgap_max_us=15001
  45.994  t=44s RTT mean=0 min=0 max=0 n=0 to=0 | cancels=0(+0/s) seqbad=0 len_bad=15939 disc=0(0x00) | tot_n=0 tot_to=0 maxever=0 >2ms=0 >5ms=0 >15ms=0 >20ms=0 >30ms=0 | probes=0 wrfail=0 down=0s maxout=0s
  47.894  BLASTC comp=388 exkBps=92 cgap_us[min/avg/max]=2374/2577/10107
  47.894  BLAST phy=2/2 att=388 ok=388 enomem=0 err=0 call_us[min/avg/max]=2303/2565/10096 okgap_max_us=10178
  47.949  t=45s RTT mean=0 min=0 max=0 n=0 to=0 | cancels=0(+0/s) seqbad=0 len_bad=16327 disc=0(0x00) | tot_n=0 tot_to=0 maxever=0 >2ms=0 >5ms=0 >15ms=0 >20ms=0 >30ms=0 | probes=0 wrfail=0 down=0s maxout=0s
  47.949  BLASTC comp=383 exkBps=91 cgap_us[min/avg/max]=2396/2610/10106
  47.949  BLAST phy=2/2 att=383 ok=383 enomem=0 err=0 call_us[min/avg/max]=2384/2599/10095 okgap_max_us=10106
  47.949  t=46s RTT mean=0 min=0 max=0 n=0 to=0 | cancels=0(+0/s) seqbad=0 len_bad=16710 disc=0(0x00) | tot_n=0 tot_to=0 maxever=0 >2ms=0 >5ms=0 >15ms=0 >20ms=0 >30ms=0 | probes=0 wrfail=0 down=0s maxout=0s
  49.917  BLASTC comp=378 exkBps=90 cgap_us[min/avg/max]=2396/2645/17606
  49.917  BLAST phy=2/2 att=378 ok=378 enomem=0 err=0 call_us[min/avg/max]=2384/2634/17594 okgap_max_us=17605
  49.917  t=47s RTT mean=0 min=0 max=0 n=0 to=0 | cancels=0(+0/s) seqbad=0 len_bad=17088 disc=0(0x00) | tot_n=0 tot_to=0 maxever=0 >2ms=0 >5ms=0 >15ms=0 >20ms=0 >30ms=0 | probes=0 wrfail=0 down=0s maxout=0s
  49.917  BLASTC comp=303 exkBps=72 cgap_us[min/avg/max]=2393/3299/17609
  49.973  BLAST phy=2/2 att=303 ok=303 enomem=0 err=0 call_us[min/avg/max]=2321/3288/17598 okgap_max_us=17609
  49.973  t=48s RTT mean=0 min=0 max=0 n=0 to=0 | cancels=0(+0/s) seqbad=0 len_bad=17391 disc=0(0x00) | tot_n=0 tot_to=0 maxever=0 >2ms=0 >5ms=0 >15ms=0 >20ms=0 >30ms=0 | probes=0 wrfail=0 down=0s maxout=0s
  51.914  BLASTC comp=368 exkBps=87 cgap_us[min/avg/max]=2396/2717/10106
  51.914  BLAST phy=2/2 att=368 ok=368 enomem=0 err=0 call_us[min/avg/max]=2384/2705/10095 okgap_max_us=10106
  51.914  t=49s RTT mean=0 min=0 max=0 n=0 to=0 | cancels=0(+0/s) seqbad=0 len_bad=17757 disc=0(0x00) | tot_n=0 tot_to=0 maxever=0 >2ms=0 >5ms=0 >15ms=0 >20ms=0 >30ms=0 | probes=0 wrfail=0 down=0s maxout=0s
  51.969  BLASTC comp=390 exkBps=92 cgap_us[min/avg/max]=2396/2564/10106
  51.969  BLAST phy=2/2 att=390 ok=390 enomem=0 err=0 call_us[min/avg/max]=2384/2553/10035 okgap_max_us=10046
  51.969  t=50s RTT mean=0 min=0 max=0 n=0 to=0 | cancels=0(+0/s) seqbad=0 len_bad=18149 disc=0(0x00) | tot_n=0 tot_to=0 maxever=0 >2ms=0 >5ms=0 >15ms=0 >20ms=0 >30ms=0 | probes=0 wrfail=0 down=0s maxout=0s
  53.892  BLASTC comp=385 exkBps=91 cgap_us[min/avg/max]=2374/2597/10106
  53.892  BLAST phy=2/2 att=385 ok=385 enomem=0 err=0 call_us[min/avg/max]=2303/2585/10095 okgap_max_us=10106
  53.945  t=51s RTT mean=0 min=0 max=0 n=0 to=0 | cancels=0(+0/s) seqbad=0 len_bad=18535 disc=0(0x00) | tot_n=0 tot_to=0 maxever=0 >2ms=0 >5ms=0 >15ms=0 >20ms=0 >30ms=0 | probes=0 wrfail=0 down=0s maxout=0s
  53.945  BLASTC comp=378 exkBps=90 cgap_us[min/avg/max]=2396/2645/10106
  53.945  BLAST phy=2/2 att=378 ok=378 enomem=0 err=0 call_us[min/avg/max]=2380/2634/10095 okgap_max_us=10106
  53.945  t=52s RTT mean=0 min=0 max=0 n=0 to=0 | cancels=0(+0/s) seqbad=0 len_bad=18913 disc=0(0x00) | tot_n=0 tot_to=0 maxever=0 >2ms=0 >5ms=0 >15ms=0 >20ms=0 >30ms=0 | probes=0 wrfail=0 down=0s maxout=0s
  55.882  BLASTC comp=334 exkBps=79 cgap_us[min/avg/max]=2395/2994/25105
  55.934  BLAST phy=2/2 att=334 ok=334 enomem=0 err=0 call_us[min/avg/max]=2384/2982/25095 okgap_max_us=25106
  55.934  t=53s RTT mean=0 min=0 max=0 n=0 to=0 | cancels=0(+0/s) seqbad=0 len_bad=19247 disc=0(0x00) | tot_n=0 tot_to=0 maxever=0 >2ms=0 >5ms=0 >15ms=0 >20ms=0 >30ms=0 | probes=0 wrfail=0 down=0s maxout=0s
  55.934  BLASTC comp=397 exkBps=94 cgap_us[min/avg/max]=2396/2524/4893
  55.934  BLAST phy=2/2 att=397 ok=397 enomem=0 err=0 call_us[min/avg/max]=2321/2513/4882 okgap_max_us=4894
  55.987  t=54s RTT mean=0 min=0 max=0 n=0 to=0 | cancels=0(+0/s) seqbad=0 len_bad=19643 disc=0(0x00) | tot_n=0 tot_to=0 maxever=0 >2ms=0 >5ms=0 >15ms=0 >20ms=0 >30ms=0 | probes=0 wrfail=0 down=0s maxout=0s
  57.892  BLASTC comp=372 exkBps=88 cgap_us[min/avg/max]=2396/2681/10106
  57.892  BLAST phy=2/2 att=372 ok=372 enomem=0 err=0 call_us[min/avg/max]=2379/2670/10095 okgap_max_us=10106
  57.947  t=55s RTT mean=0 min=0 max=0 n=0 to=0 | cancels=0(+0/s) seqbad=0 len_bad=20016 disc=0(0x00) | tot_n=0 tot_to=0 maxever=0 >2ms=0 >5ms=0 >15ms=0 >20ms=0 >30ms=0 | probes=0 wrfail=0 down=0s maxout=0s
  57.947  BLASTC comp=356 exkBps=84 cgap_us[min/avg/max]=2394/2809/32607
  57.947  BLAST phy=2/2 att=356 ok=356 enomem=0 err=0 call_us[min/avg/max]=2383/2797/32596 okgap_max_us=32607
  57.947  t=56s RTT mean=0 min=0 max=0 n=0 to=0 | cancels=0(+0/s) seqbad=0 len_bad=20372 disc=0(0x00) | tot_n=0 tot_to=0 maxever=0 >2ms=0 >5ms=0 >15ms=0 >20ms=0 >30ms=0 | probes=0 wrfail=0 down=0s maxout=0s
  59.901  BLASTC comp=298 exkBps=71 cgap_us[min/avg/max]=2373/3355/25107
  59.901  BLAST phy=2/2 att=298 ok=298 enomem=0 err=0 call_us[min/avg/max]=2303/3343/25095 okgap_max_us=25106
  59.957  t=57s RTT mean=0 min=0 max=0 n=0 to=0 | cancels=0(+0/s) seqbad=0 len_bad=20668 disc=0(0x00) | tot_n=0 tot_to=0 maxever=0 >2ms=0 >5ms=0 >15ms=0 >20ms=0 >30ms=0 | probes=0 wrfail=0 down=0s maxout=0s
  59.957  BLASTC comp=286 exkBps=68 cgap_us[min/avg/max]=2396/3496/40107
  59.957  BLAST phy=2/2 att=286 ok=286 enomem=0 err=0 call_us[min/avg/max]=2384/3484/40095 okgap_max_us=40106
  59.957  t=58s RTT mean=0 min=0 max=0 n=0 to=0 | cancels=0(+0/s) seqbad=0 len_bad=20956 disc=0(0x00) | tot_n=0 tot_to=0 maxever=0 >2ms=0 >5ms=0 >15ms=0 >20ms=0 >30ms=0 | probes=0 wrfail=0 down=0s maxout=0s
