   1.672  *** Booting Zephyr OS build v4.4.2-16-gfee9fbc62095 ***
   1.727  [00:30:45.288,112] [0m<inf> bt_hci_core: HW Platform: Nordic Semiconductor (0x0002)[0m
   1.727  [00:30:45.288,125] [0m<inf> bt_hci_core: HW Variant: nRF54Lx (0x0005)[0m
   1.727  [00:30:45.288,137] [0m<inf> bt_hci_core: Firmware: Standard Bluetooth controller (0x00) Version 4.4 Build 2[0m
   1.727  [00:30:45.288,479] [0m<inf> bt_hci_core: HCI transport: Controller[0m
   1.727  [00:30:45.288,525] [0m<inf> bt_hci_core: Identity: D6:C7:60:B1:D3:0E (random)[0m
   1.727  [00:30:45.288,541] [0m<inf> bt_hci_core: HCI: version 5.4 (0x0d) revision 0x0000, manufacturer 0x05f1[0m
   1.727  [00:30:45.288,556] [0m<inf> bt_hci_core: LMP: version 5.4 (0x0d) subver 0xffff[0m
   1.727  
   1.782  === nRF54L15 RTT ping-pong PERIPHERAL (echo) ===
   1.782  advertising
   3.085  GAP connected interval=15000
   3.085  PHY tx=2 rx=2
   3.085  P t=1s rxkBps=0 blkkBps=0 pongs=0(+0/s) cancels=0(+0/s) notify=0 disc=0(0x00) | echo rx=0 tx=0 pend=0 stale=0
   3.085  CCC: notify ENABLED
   4.698  P t=2s rxkBps=68 blkkBps=0 pongs=289(+289/s) cancels=0(+0/s) notify=1 disc=0(0x00) | echo rx=0 tx=0 pend=0 stale=0
   4.698  P t=3s rxkBps=88 blkkBps=0 pongs=659(+370/s) cancels=0(+0/s) notify=1 disc=0(0x00) | echo rx=0 tx=0 pend=0 stale=0
   6.697  P t=4s rxkBps=89 blkkBps=0 pongs=1033(+374/s) cancels=0(+0/s) notify=1 disc=0(0x00) | echo rx=0 tx=0 pend=0 stale=0
   6.697  P t=5s rxkBps=79 blkkBps=0 pongs=1367(+334/s) cancels=0(+0/s) notify=1 disc=0(0x00) | echo rx=0 tx=0 pend=0 stale=0
   8.690  P t=6s rxkBps=76 blkkBps=0 pongs=1690(+323/s) cancels=0(+0/s) notify=1 disc=0(0x00) | echo rx=0 tx=0 pend=0 stale=0
   8.690  P t=7s rxkBps=88 blkkBps=0 pongs=2062(+372/s) cancels=0(+0/s) notify=1 disc=0(0x00) | echo rx=0 tx=0 pend=0 stale=0
  10.714  P t=8s rxkBps=93 blkkBps=0 pongs=2456(+394/s) cancels=0(+0/s) notify=1 disc=0(0x00) | echo rx=0 tx=0 pend=0 stale=0
  10.714  P t=9s rxkBps=91 blkkBps=0 pongs=2839(+383/s) cancels=0(+0/s) notify=1 disc=0(0x00) | echo rx=0 tx=0 pend=0 stale=0
  12.712  P t=10s rxkBps=91 blkkBps=0 pongs=3221(+382/s) cancels=0(+0/s) notify=1 disc=0(0x00) | echo rx=0 tx=0 pend=0 stale=0
  12.713  P t=11s rxkBps=91 blkkBps=0 pongs=3607(+386/s) cancels=0(+0/s) notify=1 disc=0(0x00) | echo rx=0 tx=0 pend=0 stale=0
  14.728  P t=12s rxkBps=88 blkkBps=0 pongs=3980(+373/s) cancels=0(+0/s) notify=1 disc=0(0x00) | echo rx=0 tx=0 pend=0 stale=0
  14.728  P t=13s rxkBps=67 blkkBps=0 pongs=4262(+282/s) cancels=0(+0/s) notify=1 disc=0(0x00) | echo rx=0 tx=0 pend=0 stale=0
  16.718  P t=14s rxkBps=67 blkkBps=0 pongs=4546(+284/s) cancels=0(+0/s) notify=1 disc=0(0x00) | echo rx=0 tx=0 pend=0 stale=0
  16.718  P t=15s rxkBps=58 blkkBps=0 pongs=4792(+246/s) cancels=0(+0/s) notify=1 disc=0(0x00) | echo rx=0 tx=0 pend=0 stale=0
  18.724  P t=16s rxkBps=89 blkkBps=0 pongs=5166(+374/s) cancels=0(+0/s) notify=1 disc=0(0x00) | echo rx=0 tx=0 pend=0 stale=0
  18.724  P t=17s rxkBps=85 blkkBps=0 pongs=5524(+358/s) cancels=0(+0/s) notify=1 disc=0(0x00) | echo rx=0 tx=0 pend=0 stale=0
  20.726  P t=18s rxkBps=87 blkkBps=0 pongs=5892(+368/s) cancels=0(+0/s) notify=1 disc=0(0x00) | echo rx=0 tx=0 pend=0 stale=0
  20.727  P t=19s rxkBps=87 blkkBps=0 pongs=6258(+366/s) cancels=0(+0/s) notify=1 disc=0(0x00) | echo rx=0 tx=0 pend=0 stale=0
  22.711  P t=20s rxkBps=88 blkkBps=0 pongs=6631(+373/s) cancels=0(+0/s) notify=1 disc=0(0x00) | echo rx=0 tx=0 pend=0 stale=0
  22.711  P t=21s rxkBps=91 blkkBps=0 pongs=7013(+382/s) cancels=0(+0/s) notify=1 disc=0(0x00) | echo rx=0 tx=0 pend=0 stale=0
  24.715  P t=22s rxkBps=86 blkkBps=0 pongs=7378(+365/s) cancels=0(+0/s) notify=1 disc=0(0x00) | echo rx=0 tx=0 pend=0 stale=0
  24.715  P t=23s rxkBps=71 blkkBps=0 pongs=7676(+298/s) cancels=0(+0/s) notify=1 disc=0(0x00) | echo rx=0 tx=0 pend=0 stale=0
  26.723  P t=24s rxkBps=91 blkkBps=0 pongs=8062(+386/s) cancels=0(+0/s) notify=1 disc=0(0x00) | echo rx=0 tx=0 pend=0 stale=0
  26.723  P t=25s rxkBps=89 blkkBps=0 pongs=8437(+375/s) cancels=0(+0/s) notify=1 disc=0(0x00) | echo rx=0 tx=0 pend=0 stale=0
  28.706  P t=26s rxkBps=90 blkkBps=0 pongs=8815(+378/s) cancels=0(+0/s) notify=1 disc=0(0x00) | echo rx=0 tx=0 pend=0 stale=0
  28.706  P t=27s rxkBps=91 blkkBps=0 pongs=9198(+383/s) cancels=0(+0/s) notify=1 disc=0(0x00) | echo rx=0 tx=0 pend=0 stale=0
  30.692  P t=28s rxkBps=91 blkkBps=0 pongs=9580(+382/s) cancels=0(+0/s) notify=1 disc=0(0x00) | echo rx=0 tx=0 pend=0 stale=0
  30.692  P t=29s rxkBps=84 blkkBps=0 pongs=9935(+355/s) cancels=0(+0/s) notify=1 disc=0(0x00) | echo rx=0 tx=0 pend=0 stale=0
  32.695  P t=30s rxkBps=67 blkkBps=0 pongs=10217(+282/s) cancels=0(+0/s) notify=1 disc=0(0x00) | echo rx=0 tx=0 pend=0 stale=0
  32.695  P t=31s rxkBps=70 blkkBps=0 pongs=10511(+294/s) cancels=0(+0/s) notify=1 disc=0(0x00) | echo rx=0 tx=0 pend=0 stale=0
  34.688  P t=32s rxkBps=72 blkkBps=0 pongs=10816(+305/s) cancels=0(+0/s) notify=1 disc=0(0x00) | echo rx=0 tx=0 pend=0 stale=0
  34.742  P t=33s rxkBps=88 blkkBps=0 pongs=11187(+371/s) cancels=0(+0/s) notify=1 disc=0(0x00) | echo rx=0 tx=0 pend=0 stale=0
  36.682  P t=34s rxkBps=82 blkkBps=0 pongs=11533(+346/s) cancels=0(+0/s) notify=1 disc=0(0x00) | echo rx=0 tx=0 pend=0 stale=0
  36.737  P t=35s rxkBps=89 blkkBps=0 pongs=11909(+376/s) cancels=0(+0/s) notify=1 disc=0(0x00) | echo rx=0 tx=0 pend=0 stale=0
  38.731  P t=36s rxkBps=92 blkkBps=0 pongs=12297(+388/s) cancels=0(+0/s) notify=1 disc=0(0x00) | echo rx=0 tx=0 pend=0 stale=0
  38.731  P t=37s rxkBps=92 blkkBps=0 pongs=12687(+390/s) cancels=0(+0/s) notify=1 disc=0(0x00) | echo rx=0 tx=0 pend=0 stale=0
  40.692  P t=38s rxkBps=81 blkkBps=0 pongs=13031(+344/s) cancels=0(+0/s) notify=1 disc=0(0x00) | echo rx=0 tx=0 pend=0 stale=0
  40.747  P t=39s rxkBps=90 blkkBps=0 pongs=13410(+379/s) cancels=0(+0/s) notify=1 disc=0(0x00) | echo rx=0 tx=0 pend=0 stale=0
  42.690  P t=40s rxkBps=90 blkkBps=0 pongs=13791(+381/s) cancels=0(+0/s) notify=1 disc=0(0x00) | echo rx=0 tx=0 pend=0 stale=0
  42.745  P t=41s rxkBps=88 blkkBps=0 pongs=14163(+372/s) cancels=0(+0/s) notify=1 disc=0(0x00) | echo rx=0 tx=0 pend=0 stale=0
  44.696  P t=42s rxkBps=89 blkkBps=0 pongs=14540(+377/s) cancels=0(+0/s) notify=1 disc=0(0x00) | echo rx=0 tx=0 pend=0 stale=0
  44.696  P t=43s rxkBps=91 blkkBps=0 pongs=14924(+384/s) cancels=0(+0/s) notify=1 disc=0(0x00) | echo rx=0 tx=0 pend=0 stale=0
  46.709  P t=44s rxkBps=89 blkkBps=0 pongs=15300(+376/s) cancels=0(+0/s) notify=1 disc=0(0x00) | echo rx=0 tx=0 pend=0 stale=0
  46.709  P t=45s rxkBps=81 blkkBps=0 pongs=15643(+343/s) cancels=0(+0/s) notify=1 disc=0(0x00) | echo rx=0 tx=0 pend=0 stale=0
  48.692  P t=46s rxkBps=92 blkkBps=0 pongs=16030(+387/s) cancels=0(+0/s) notify=1 disc=0(0x00) | echo rx=0 tx=0 pend=0 stale=0
  48.744  P t=47s rxkBps=90 blkkBps=0 pongs=16408(+378/s) cancels=0(+0/s) notify=1 disc=0(0x00) | echo rx=0 tx=0 pend=0 stale=0
  50.729  P t=48s rxkBps=92 blkkBps=0 pongs=16797(+389/s) cancels=0(+0/s) notify=1 disc=0(0x00) | echo rx=0 tx=0 pend=0 stale=0
  50.729  P t=49s rxkBps=85 blkkBps=0 pongs=17155(+358/s) cancels=0(+0/s) notify=1 disc=0(0x00) | echo rx=0 tx=0 pend=0 stale=0
  52.721  P t=50s rxkBps=92 blkkBps=0 pongs=17545(+390/s) cancels=0(+0/s) notify=1 disc=0(0x00) | echo rx=0 tx=0 pend=0 stale=0
  52.722  P t=51s rxkBps=89 blkkBps=0 pongs=17921(+376/s) cancels=0(+0/s) notify=1 disc=0(0x00) | echo rx=0 tx=0 pend=0 stale=0
  54.708  P t=52s rxkBps=78 blkkBps=0 pongs=18252(+331/s) cancels=0(+0/s) notify=1 disc=0(0x00) | echo rx=0 tx=0 pend=0 stale=0
  54.708  P t=53s rxkBps=88 blkkBps=0 pongs=18622(+370/s) cancels=0(+0/s) notify=1 disc=0(0x00) | echo rx=0 tx=0 pend=0 stale=0
  56.706  P t=54s rxkBps=92 blkkBps=0 pongs=19011(+389/s) cancels=0(+0/s) notify=1 disc=0(0x00) | echo rx=0 tx=0 pend=0 stale=0
  56.706  P t=55s rxkBps=92 blkkBps=0 pongs=19398(+387/s) cancels=0(+0/s) notify=1 disc=0(0x00) | echo rx=0 tx=0 pend=0 stale=0
  58.696  P t=56s rxkBps=86 blkkBps=0 pongs=19759(+361/s) cancels=0(+0/s) notify=1 disc=0(0x00) | echo rx=0 tx=0 pend=0 stale=0
  58.696  P t=57s rxkBps=88 blkkBps=0 pongs=20130(+371/s) cancels=0(+0/s) notify=1 disc=0(0x00) | echo rx=0 tx=0 pend=0 stale=0
