   1.721  *** Booting Zephyr OS build v4.4.2-16-gfee9fbc62095 ***
   1.722  [00:38:00.737,391] [0m<inf> bt_hci_core: HW Platform: Nordic Semiconductor (0x0002)[0m
   1.722  [00:38:00.737,404] [0m<inf> bt_hci_core: HW Variant: nRF54Lx (0x0005)[0m
   1.722  [00:38:00.737,416] [0m<inf> bt_hci_core: Firmware: Standard Bluetooth controller (0x00) Version 4.4 Build 2[0m
   1.722  [00:38:00.737,758] [0m<inf> bt_hci_core: HCI transport: Controller[0m
   1.722  [00:38:00.737,804] [0m<inf> bt_hci_core: Identity: D6:C7:60:B1:D3:0E (random)[0m
   1.772  [00:38:00.737,820] [0m<inf> bt_hci_core: HCI: version 5.4 (0x0d) revision 0x0000, manufacturer 0x05f1[0m
   1.772  [00:38:00.737,835] [0m<inf> bt_hci_core: LMP: version 5.4 (0x0d) subver 0xffff[0m
   1.772  
   1.772  === nRF54L15 RTT ping-pong PERIPHERAL (echo) ===
   1.772  advertising
   3.015  GAP connected interval=25000
   3.015  PHY tx=2 rx=2
   3.015  P t=1s rxkBps=0 blkkBps=0 pongs=0(+0/s) cancels=0(+0/s) notify=0 disc=0(0x00) | echo rx=0 tx=0 pend=0 stale=0
   3.015  CCC: notify ENABLED
   4.693  P t=2s rxkBps=57 blkkBps=0 pongs=243(+243/s) cancels=0(+0/s) notify=1 disc=0(0x00) | echo rx=0 tx=0 pend=0 stale=0
   4.748  P t=3s rxkBps=75 blkkBps=0 pongs=559(+316/s) cancels=0(+0/s) notify=1 disc=0(0x00) | echo rx=0 tx=0 pend=0 stale=0
   6.702  P t=4s rxkBps=69 blkkBps=0 pongs=851(+292/s) cancels=0(+0/s) notify=1 disc=0(0x00) | echo rx=0 tx=0 pend=0 stale=0
   6.703  P t=5s rxkBps=74 blkkBps=0 pongs=1165(+314/s) cancels=0(+0/s) notify=1 disc=0(0x00) | echo rx=0 tx=0 pend=0 stale=0
   8.703  P t=6s rxkBps=92 blkkBps=0 pongs=1555(+390/s) cancels=0(+0/s) notify=1 disc=0(0x00) | echo rx=0 tx=0 pend=0 stale=0
   8.704  P t=7s rxkBps=85 blkkBps=0 pongs=1915(+360/s) cancels=0(+0/s) notify=1 disc=0(0x00) | echo rx=0 tx=0 pend=0 stale=0
  10.700  P t=8s rxkBps=80 blkkBps=0 pongs=2254(+339/s) cancels=0(+0/s) notify=1 disc=0(0x00) | echo rx=0 tx=0 pend=0 stale=0
  10.700  P t=9s rxkBps=73 blkkBps=0 pongs=2564(+310/s) cancels=0(+0/s) notify=1 disc=0(0x00) | echo rx=0 tx=0 pend=0 stale=0
  12.717  P t=10s rxkBps=86 blkkBps=0 pongs=2925(+361/s) cancels=0(+0/s) notify=1 disc=0(0x00) | echo rx=0 tx=0 pend=0 stale=0
  12.717  P t=11s rxkBps=89 blkkBps=0 pongs=3301(+376/s) cancels=0(+0/s) notify=1 disc=0(0x00) | echo rx=0 tx=0 pend=0 stale=0
  14.721  P t=12s rxkBps=87 blkkBps=0 pongs=3668(+367/s) cancels=0(+0/s) notify=1 disc=0(0x00) | echo rx=0 tx=0 pend=0 stale=0
  14.721  P t=13s rxkBps=92 blkkBps=0 pongs=4055(+387/s) cancels=0(+0/s) notify=1 disc=0(0x00) | echo rx=0 tx=0 pend=0 stale=0
  16.712  P t=14s rxkBps=90 blkkBps=0 pongs=4435(+380/s) cancels=0(+0/s) notify=1 disc=0(0x00) | echo rx=0 tx=0 pend=0 stale=0
  16.713  P t=15s rxkBps=84 blkkBps=0 pongs=4790(+355/s) cancels=0(+0/s) notify=1 disc=0(0x00) | echo rx=0 tx=0 pend=0 stale=0
  18.727  P t=16s rxkBps=88 blkkBps=0 pongs=5161(+371/s) cancels=0(+0/s) notify=1 disc=0(0x00) | echo rx=0 tx=0 pend=0 stale=0
  18.727  P t=17s rxkBps=85 blkkBps=0 pongs=5520(+359/s) cancels=0(+0/s) notify=1 disc=0(0x00) | echo rx=0 tx=0 pend=0 stale=0
  20.728  P t=18s rxkBps=74 blkkBps=0 pongs=5834(+314/s) cancels=0(+0/s) notify=1 disc=0(0x00) | echo rx=0 tx=0 pend=0 stale=0
  20.728  P t=19s rxkBps=81 blkkBps=0 pongs=6178(+344/s) cancels=0(+0/s) notify=1 disc=0(0x00) | echo rx=0 tx=0 pend=0 stale=0
  22.733  P t=20s rxkBps=93 blkkBps=0 pongs=6572(+394/s) cancels=0(+0/s) notify=1 disc=0(0x00) | echo rx=0 tx=0 pend=0 stale=0
  22.733  P t=21s rxkBps=90 blkkBps=0 pongs=6950(+378/s) cancels=0(+0/s) notify=1 disc=0(0x00) | echo rx=0 tx=0 pend=0 stale=0
  24.724  P t=22s rxkBps=86 blkkBps=0 pongs=7312(+362/s) cancels=0(+0/s) notify=1 disc=0(0x00) | echo rx=0 tx=0 pend=0 stale=0
  24.724  P t=23s rxkBps=83 blkkBps=0 pongs=7664(+352/s) cancels=0(+0/s) notify=1 disc=0(0x00) | echo rx=0 tx=0 pend=0 stale=0
  26.723  P t=24s rxkBps=61 blkkBps=0 pongs=7921(+257/s) cancels=0(+0/s) notify=1 disc=0(0x00) | echo rx=0 tx=0 pend=0 stale=0
  26.723  P t=25s rxkBps=82 blkkBps=0 pongs=8266(+345/s) cancels=0(+0/s) notify=1 disc=0(0x00) | echo rx=0 tx=0 pend=0 stale=0
  28.720  P t=26s rxkBps=88 blkkBps=0 pongs=8638(+372/s) cancels=0(+0/s) notify=1 disc=0(0x00) | echo rx=0 tx=0 pend=0 stale=0
  28.720  P t=27s rxkBps=87 blkkBps=0 pongs=9004(+366/s) cancels=0(+0/s) notify=1 disc=0(0x00) | echo rx=0 tx=0 pend=0 stale=0
  30.728  P t=28s rxkBps=78 blkkBps=0 pongs=9332(+328/s) cancels=0(+0/s) notify=1 disc=0(0x00) | echo rx=0 tx=0 pend=0 stale=0
  30.728  P t=29s rxkBps=86 blkkBps=0 pongs=9696(+364/s) cancels=0(+0/s) notify=1 disc=0(0x00) | echo rx=0 tx=0 pend=0 stale=0
  32.738  P t=30s rxkBps=82 blkkBps=0 pongs=10044(+348/s) cancels=0(+0/s) notify=1 disc=0(0x00) | echo rx=0 tx=0 pend=0 stale=0
  32.738  P t=31s rxkBps=69 blkkBps=0 pongs=10336(+292/s) cancels=0(+0/s) notify=1 disc=0(0x00) | echo rx=0 tx=0 pend=0 stale=0
  34.733  P t=32s rxkBps=83 blkkBps=0 pongs=10686(+350/s) cancels=0(+0/s) notify=1 disc=0(0x00) | echo rx=0 tx=0 pend=0 stale=0
  34.734  P t=33s rxkBps=87 blkkBps=0 pongs=11053(+367/s) cancels=0(+0/s) notify=1 disc=0(0x00) | echo rx=0 tx=0 pend=0 stale=0
  36.737  P t=34s rxkBps=85 blkkBps=0 pongs=11413(+360/s) cancels=0(+0/s) notify=1 disc=0(0x00) | echo rx=0 tx=0 pend=0 stale=0
  36.737  P t=35s rxkBps=85 blkkBps=0 pongs=11771(+358/s) cancels=0(+0/s) notify=1 disc=0(0x00) | echo rx=0 tx=0 pend=0 stale=0
  38.737  P t=36s rxkBps=88 blkkBps=0 pongs=12144(+373/s) cancels=0(+0/s) notify=1 disc=0(0x00) | echo rx=0 tx=0 pend=0 stale=0
  38.737  P t=37s rxkBps=91 blkkBps=0 pongs=12530(+386/s) cancels=0(+0/s) notify=1 disc=0(0x00) | echo rx=0 tx=0 pend=0 stale=0
  40.739  P t=38s rxkBps=91 blkkBps=0 pongs=12912(+382/s) cancels=0(+0/s) notify=1 disc=0(0x00) | echo rx=0 tx=0 pend=0 stale=0
  40.739  P t=39s rxkBps=92 blkkBps=0 pongs=13301(+389/s) cancels=0(+0/s) notify=1 disc=0(0x00) | echo rx=0 tx=0 pend=0 stale=0
  42.690  P t=40s rxkBps=86 blkkBps=0 pongs=13665(+364/s) cancels=0(+0/s) notify=1 disc=0(0x00) | echo rx=0 tx=0 pend=0 stale=0
  42.745  P t=41s rxkBps=90 blkkBps=0 pongs=14045(+380/s) cancels=0(+0/s) notify=1 disc=0(0x00) | echo rx=0 tx=0 pend=0 stale=0
  44.703  P t=42s rxkBps=82 blkkBps=0 pongs=14393(+348/s) cancels=0(+0/s) notify=1 disc=0(0x00) | echo rx=0 tx=0 pend=0 stale=0
  44.703  P t=43s rxkBps=88 blkkBps=0 pongs=14766(+373/s) cancels=0(+0/s) notify=1 disc=0(0x00) | echo rx=0 tx=0 pend=0 stale=0
  46.703  P t=44s rxkBps=93 blkkBps=0 pongs=15158(+392/s) cancels=0(+0/s) notify=1 disc=0(0x00) | echo rx=0 tx=0 pend=0 stale=0
  46.703  P t=45s rxkBps=80 blkkBps=0 pongs=15495(+337/s) cancels=0(+0/s) notify=1 disc=0(0x00) | echo rx=0 tx=0 pend=0 stale=0
  48.722  P t=46s rxkBps=87 blkkBps=0 pongs=15861(+366/s) cancels=0(+0/s) notify=1 disc=0(0x00) | echo rx=0 tx=0 pend=0 stale=0
  48.722  P t=47s rxkBps=89 blkkBps=0 pongs=16235(+374/s) cancels=0(+0/s) notify=1 disc=0(0x00) | echo rx=0 tx=0 pend=0 stale=0
  50.724  P t=48s rxkBps=89 blkkBps=0 pongs=16611(+376/s) cancels=0(+0/s) notify=1 disc=0(0x00) | echo rx=0 tx=0 pend=0 stale=0
  50.724  P t=49s rxkBps=93 blkkBps=0 pongs=17003(+392/s) cancels=0(+0/s) notify=1 disc=0(0x00) | echo rx=0 tx=0 pend=0 stale=0
  52.730  P t=50s rxkBps=91 blkkBps=0 pongs=17389(+386/s) cancels=0(+0/s) notify=1 disc=0(0x00) | echo rx=0 tx=0 pend=0 stale=0
  52.730  P t=51s rxkBps=82 blkkBps=0 pongs=17736(+347/s) cancels=0(+0/s) notify=1 disc=0(0x00) | echo rx=0 tx=0 pend=0 stale=0
  54.738  P t=52s rxkBps=81 blkkBps=0 pongs=18079(+343/s) cancels=0(+0/s) notify=1 disc=0(0x00) | echo rx=0 tx=0 pend=0 stale=0
  54.738  P t=53s rxkBps=89 blkkBps=0 pongs=18455(+376/s) cancels=0(+0/s) notify=1 disc=0(0x00) | echo rx=0 tx=0 pend=0 stale=0
  56.699  P t=54s rxkBps=88 blkkBps=0 pongs=18828(+373/s) cancels=0(+0/s) notify=1 disc=0(0x00) | echo rx=0 tx=0 pend=0 stale=0
  56.754  P t=55s rxkBps=70 blkkBps=0 pongs=19125(+297/s) cancels=0(+0/s) notify=1 disc=0(0x00) | echo rx=0 tx=0 pend=0 stale=0
  58.723  P t=56s rxkBps=70 blkkBps=0 pongs=19422(+297/s) cancels=0(+0/s) notify=1 disc=0(0x00) | echo rx=0 tx=0 pend=0 stale=0
  58.723  P t=57s rxkBps=84 blkkBps=0 pongs=19776(+354/s) cancels=0(+0/s) notify=1 disc=0(0x00) | echo rx=0 tx=0 pend=0 stale=0
