   0.324  *** Booting Zephyr OS build v4.4.1-14-g9999e0404460 ***
   0.324  
   0.324  === nRF52840 L2CAP CoC central (Zephyr 4.4.1) ===
   0.325  scan start rc=0
   0.380  found FC:BE:FF:FA:E6:8B (random) (rssi -56), connecting
   0.380  Q2CONN AA=4349f76b CRCINIT=e27c76 hop=14 chan_count=37 map=ffffffff1f
   0.490  GAP connected
   0.490  phy req rc=0
   0.545  PHY: tx=2 rx=2 (2=2M)
   0.545  dle req rc=0
   0.599  DLE: tx_max=251 rx_max=27
   0.599  l2cap_chan_connect rc=0
   0.654  L2CAP connected: tx.mtu=512 tx.mps=247 tx.credits=0 rx.mtu=245 rx.mps=247
   0.654  GATE conn: interval=10 (units 1.25ms) => 12.50 ms
   0.654  Q3FSU-REQ role=C auto min=150 max=150 phys=0x2 rc=0
   0.983  blasting 480-byte SDUs...
  10.690  RPT occ: events=816 mean_pkts/ev=7.32 max=8 nonempty_ev=805 fsu=0 | sender: sent=3019(+3019 SDU) eagain=0(+0) poolfail=0(+0)
  20.724  RPT occ: events=801 mean_pkts/ev=7.76 max=8 nonempty_ev=796 fsu=0 | sender: sent=6076(+3057 SDU) eagain=0(+0) poolfail=0(+0)
  30.687  RPT occ: events=801 mean_pkts/ev=7.63 max=8 nonempty_ev=789 fsu=0 | sender: sent=9076(+3000 SDU) eagain=0(+0) poolfail=0(+0)
  40.712  RPT occ: events=801 mean_pkts/ev=7.59 max=8 nonempty_ev=777 fsu=0 | sender: sent=12068(+2992 SDU) eagain=0(+0) poolfail=0(+0)
  50.719  RPT occ: events=801 mean_pkts/ev=7.49 max=8 nonempty_ev=785 fsu=0 | sender: sent=15025(+2957 SDU) eagain=0(+0) poolfail=0(+0)
  60.766  RPT occ: events=801 mean_pkts/ev=7.63 max=8 nonempty_ev=789 fsu=0 | sender: sent=18033(+3008 SDU) eagain=0(+0) poolfail=0(+0)
  70.767  RPT occ: events=802 mean_pkts/ev=7.54 max=8 nonempty_ev=790 fsu=0 | sender: sent=20997(+2964 SDU) eagain=0(+0) poolfail=0(+0)
