   0.349  GAP connected: interval=16
   0.521  PHY updated: tx=2 rx=2
   0.579  DLE updated: tx_max=27 rx_max=251
   0.579  CoC up — seg_recv sink ready (RX_CREDITS=64, MPS=247)
   1.277  SINK rx: 47 KB/s (48731 B / 1000 ms) fsu=0 | cum_total=48731 B cum_segs=204
   2.270  SINK rx: 139 KB/s (142795 B / 1000 ms) fsu=0 | cum_total=191526 B cum_segs=799
   3.295  SINK rx: 148 KB/s (151680 B / 1000 ms) fsu=0 | cum_total=343206 B cum_segs=1431
   4.289  SINK rx: 144 KB/s (148085 B / 1000 ms) fsu=0 | cum_total=491291 B cum_segs=2048
   5.282  SINK rx: 148 KB/s (152395 B / 1000 ms) fsu=0 | cum_total=643686 B cum_segs=2683
   6.284  SINK rx: 143 KB/s (146645 B / 1000 ms) fsu=0 | cum_total=790331 B cum_segs=3294
   7.342  SINK rx: 153 KB/s (157675 B / 1000 ms) fsu=0 | cum_total=948006 B cum_segs=3951
   8.310  SINK rx: 149 KB/s (152640 B / 1000 ms) fsu=0 | cum_total=1100646 B cum_segs=4587
   9.353  SINK rx: 149 KB/s (153365 B / 1000 ms) fsu=0 | cum_total=1254011 B cum_segs=5226
  10.338  SINK rx: 141 KB/s (144960 B / 1000 ms) fsu=0 | cum_total=1398971 B cum_segs=5830
  11.330  SINK rx: 150 KB/s (154080 B / 1000 ms) fsu=0 | cum_total=1553051 B cum_segs=6472
  12.369  SINK rx: 144 KB/s (147595 B / 1000 ms) fsu=0 | cum_total=1700646 B cum_segs=7087
  13.365  SINK rx: 147 KB/s (150720 B / 1000 ms) fsu=0 | cum_total=1851366 B cum_segs=7715
  14.395  SINK rx: 140 KB/s (143765 B / 1000 ms) fsu=0 | cum_total=1995131 B cum_segs=8314
  15.406  SINK rx: 147 KB/s (151200 B / 1000 ms) fsu=0 | cum_total=2146331 B cum_segs=8944
  16.384  SINK rx: 142 KB/s (145920 B / 1000 ms) fsu=0 | cum_total=2292251 B cum_segs=9552
  17.375  SINK rx: 136 KB/s (139680 B / 1000 ms) fsu=0 | cum_total=2431931 B cum_segs=10134
  18.411  SINK rx: 148 KB/s (152160 B / 1000 ms) fsu=0 | cum_total=2584091 B cum_segs=10768
  19.398  SINK rx: 146 KB/s (150240 B / 1000 ms) fsu=0 | cum_total=2734331 B cum_segs=11394
  20.402  SINK rx: 146 KB/s (150475 B / 1000 ms) fsu=0 | cum_total=2884806 B cum_segs=12021
  21.444  SINK rx: 143 KB/s (146645 B / 1000 ms) fsu=0 | cum_total=3031451 B cum_segs=12632
  22.426  SINK rx: 141 KB/s (145195 B / 1000 ms) fsu=0 | cum_total=3176646 B cum_segs=13237
  23.462  SINK rx: 140 KB/s (143765 B / 1000 ms) fsu=0 | cum_total=3320411 B cum_segs=13836
  24.475  SINK rx: 149 KB/s (152640 B / 1000 ms) fsu=0 | cum_total=3473051 B cum_segs=14472
  25.486  SINK rx: 138 KB/s (142315 B / 1000 ms) fsu=0 | cum_total=3615366 B cum_segs=15065
  26.470  SINK rx: 146 KB/s (149760 B / 1000 ms) fsu=0 | cum_total=3765126 B cum_segs=15689
  27.498  SINK rx: 151 KB/s (155040 B / 1000 ms) fsu=0 | cum_total=3920166 B cum_segs=16335
  28.495  SINK rx: 152 KB/s (155765 B / 1000 ms) fsu=0 | cum_total=4075931 B cum_segs=16984
  29.473  SINK rx: 137 KB/s (140640 B / 1000 ms) fsu=0 | cum_total=4216571 B cum_segs=17570
  30.527  SINK rx: 141 KB/s (144480 B / 1000 ms) fsu=0 | cum_total=4361051 B cum_segs=18172
  31.517  SINK rx: 141 KB/s (144715 B / 1000 ms) fsu=0 | cum_total=4505766 B cum_segs=18775
  32.523  SINK rx: 142 KB/s (146165 B / 1000 ms) fsu=0 | cum_total=4651931 B cum_segs=19384
  33.551  SINK rx: 147 KB/s (151200 B / 1000 ms) fsu=0 | cum_total=4803131 B cum_segs=20014
  34.547  SINK rx: 146 KB/s (149995 B / 1000 ms) fsu=0 | cum_total=4953126 B cum_segs=20639
  35.563  SINK rx: 136 KB/s (140160 B / 1000 ms) fsu=0 | cum_total=5093286 B cum_segs=21223
  36.535  SINK rx: 147 KB/s (151200 B / 1000 ms) fsu=0 | cum_total=5244486 B cum_segs=21853
  37.589  SINK rx: 143 KB/s (146880 B / 1000 ms) fsu=0 | cum_total=5391366 B cum_segs=22465
  38.574  SINK rx: 131 KB/s (134165 B / 1000 ms) fsu=0 | cum_total=5525531 B cum_segs=23024
  39.556  SINK rx: 146 KB/s (149515 B / 1000 ms) fsu=0 | cum_total=5675046 B cum_segs=23647
  40.598  SINK rx: 141 KB/s (144960 B / 1000 ms) fsu=0 | cum_total=5820006 B cum_segs=24251
  41.588  SINK rx: 136 KB/s (139925 B / 1000 ms) fsu=0 | cum_total=5959931 B cum_segs=24834
  42.585  SINK rx: 149 KB/s (153120 B / 1000 ms) fsu=0 | cum_total=6113051 B cum_segs=25472
  43.621  SINK rx: 142 KB/s (146400 B / 1000 ms) fsu=0 | cum_total=6259451 B cum_segs=26082
  44.609  SINK rx: 147 KB/s (150955 B / 1000 ms) fsu=0 | cum_total=6410406 B cum_segs=26711
  45.604  SINK rx: 134 KB/s (137760 B / 1000 ms) fsu=0 | cum_total=6548166 B cum_segs=27285
  46.656  SINK rx: 140 KB/s (144000 B / 1000 ms) fsu=0 | cum_total=6692166 B cum_segs=27885
  47.668  SINK rx: 150 KB/s (153845 B / 1000 ms) fsu=0 | cum_total=6846011 B cum_segs=28526
  48.668  SINK rx: 145 KB/s (148555 B / 1000 ms) fsu=0 | cum_total=6994566 B cum_segs=29145
  49.646  SINK rx: 142 KB/s (145685 B / 1000 ms) fsu=0 | cum_total=7140251 B cum_segs=29752
  50.675  SINK rx: 131 KB/s (135115 B / 1000 ms) fsu=0 | cum_total=7275366 B cum_segs=30315
  51.675  SINK rx: 151 KB/s (154805 B / 1000 ms) fsu=0 | cum_total=7430171 B cum_segs=30960
  52.671  SINK rx: 146 KB/s (150240 B / 1000 ms) fsu=0 | cum_total=7580411 B cum_segs=31586
  53.717  SINK rx: 142 KB/s (146400 B / 1000 ms) fsu=0 | cum_total=7726811 B cum_segs=32196
  54.716  SINK rx: 145 KB/s (149035 B / 1000 ms) fsu=0 | cum_total=7875846 B cum_segs=32817
  55.710  SINK rx: 145 KB/s (148800 B / 1000 ms) fsu=0 | cum_total=8024646 B cum_segs=33437
  56.719  SINK rx: 143 KB/s (147360 B / 1000 ms) fsu=0 | cum_total=8172006 B cum_segs=34051
  57.754  SINK rx: 135 KB/s (139200 B / 1000 ms) fsu=0 | cum_total=8311206 B cum_segs=34631
  58.739  SINK rx: 143 KB/s (146880 B / 1000 ms) fsu=0 | cum_total=8458086 B cum_segs=35243
  59.726  SINK rx: 148 KB/s (151925 B / 1000 ms) fsu=0 | cum_total=8610011 B cum_segs=35876
  60.777  SINK rx: 139 KB/s (142560 B / 1000 ms) fsu=0 | cum_total=8752571 B cum_segs=36470
  61.747  SINK rx: 140 KB/s (143755 B / 1000 ms) fsu=0 | cum_total=8896326 B cum_segs=37069
  62.793  SINK rx: 149 KB/s (152885 B / 1000 ms) fsu=0 | cum_total=9049211 B cum_segs=37706
  63.773  SINK rx: 144 KB/s (148075 B / 1000 ms) fsu=0 | cum_total=9197286 B cum_segs=38323
  64.771  SINK rx: 138 KB/s (142080 B / 1000 ms) fsu=0 | cum_total=9339366 B cum_segs=38915
  65.808  SINK rx: 139 KB/s (143285 B / 1000 ms) fsu=0 | cum_total=9482651 B cum_segs=39512
  66.800  SINK rx: 139 KB/s (142795 B / 1000 ms) fsu=0 | cum_total=9625446 B cum_segs=40107
  67.810  SINK rx: 140 KB/s (143520 B / 1000 ms) fsu=0 | cum_total=9768966 B cum_segs=40705
  68.793  SINK rx: 135 KB/s (138485 B / 1000 ms) fsu=0 | cum_total=9907451 B cum_segs=41282
  69.829  SINK rx: 140 KB/s (143520 B / 1000 ms) fsu=0 | cum_total=10050971 B cum_segs=41880
  70.859  SINK rx: 145 KB/s (149035 B / 1000 ms) fsu=0 | cum_total=10200006 B cum_segs=42501
  71.831  SINK rx: 147 KB/s (151445 B / 1000 ms) fsu=0 | cum_total=10351451 B cum_segs=43132
  72.874  SINK rx: 136 KB/s (139435 B / 1000 ms) fsu=0 | cum_total=10490886 B cum_segs=43713
  73.874  SINK rx: 137 KB/s (141120 B / 1000 ms) fsu=0 | cum_total=10632006 B cum_segs=44301
  74.852  SINK rx: 136 KB/s (140160 B / 1000 ms) fsu=0 | cum_total=10772166 B cum_segs=44885
