   1.717  *** Booting Zephyr OS build v4.4.2-16-gfee9fbc62095 ***
   1.717  [00:17:44.238,612] [0m<inf> bt_hci_core: HW Platform: Nordic Semiconductor (0x0002)[0m
   1.717  [00:17:44.238,625] [0m<inf> bt_hci_core: HW Variant: nRF54Lx (0x0005)[0m
   1.717  [00:17:44.238,637] [0m<inf> bt_hci_core: Firmware: Standard Bluetooth controller (0x00) Version 4.4 Build 2[0m
   1.717  [00:17:44.238,979] [0m<inf> bt_hci_core: HCI transport: Controller[0m
   1.717  [00:17:44.239,025] [0m<inf> bt_hci_core: Identity: D6:C7:60:B1:D3:0E (random)[0m
   1.717  [00:17:44.239,041] [0m<inf> bt_hci_core: HCI: version 5.4 (0x0d) revision 0x0000, manufacturer 0x05f1[0m
   1.770  [00:17:44.239,056] [0m<inf> bt_hci_core: LMP: version 5.4 (0x0d) subver 0xffff[0m
   1.770  
   1.770  === nRF54L15 RTT ping-pong PERIPHERAL (echo) ===
   1.770  advertising
   2.945  GAP connected interval=7500
   2.945  PHY tx=2 rx=2
   2.945  CCC: notify ENABLED
   2.945  P t=1s rxkBps=8 blkkBps=0 pongs=34(+34/s) cancels=0(+0/s) notify=1 disc=0(0x00) | echo rx=0 tx=0 pend=0 stale=0
   4.683  P t=2s rxkBps=91 blkkBps=0 pongs=416(+382/s) cancels=0(+0/s) notify=1 disc=0(0x00) | echo rx=0 tx=0 pend=0 stale=0
   4.739  P t=3s rxkBps=90 blkkBps=0 pongs=796(+380/s) cancels=0(+0/s) notify=1 disc=0(0x00) | echo rx=0 tx=0 pend=0 stale=0
   6.701  P t=4s rxkBps=90 blkkBps=0 pongs=1177(+381/s) cancels=0(+0/s) notify=1 disc=0(0x00) | echo rx=0 tx=0 pend=0 stale=0
   6.701  P t=5s rxkBps=88 blkkBps=0 pongs=1548(+371/s) cancels=0(+0/s) notify=1 disc=0(0x00) | echo rx=0 tx=0 pend=0 stale=0
   8.716  P t=6s rxkBps=91 blkkBps=0 pongs=1931(+383/s) cancels=0(+0/s) notify=1 disc=0(0x00) | echo rx=0 tx=0 pend=0 stale=0
   8.716  P t=7s rxkBps=91 blkkBps=0 pongs=2316(+385/s) cancels=0(+0/s) notify=1 disc=0(0x00) | echo rx=0 tx=0 pend=0 stale=0
  10.726  P t=8s rxkBps=92 blkkBps=0 pongs=2703(+387/s) cancels=0(+0/s) notify=1 disc=0(0x00) | echo rx=0 tx=0 pend=0 stale=0
  10.727  P t=9s rxkBps=92 blkkBps=0 pongs=3090(+387/s) cancels=0(+0/s) notify=1 disc=0(0x00) | echo rx=0 tx=0 pend=0 stale=0
  12.683  P t=10s rxkBps=92 blkkBps=0 pongs=3478(+388/s) cancels=0(+0/s) notify=1 disc=0(0x00) | echo rx=0 tx=0 pend=0 stale=0
  12.735  P t=11s rxkBps=93 blkkBps=0 pongs=3870(+392/s) cancels=0(+0/s) notify=1 disc=0(0x00) | echo rx=0 tx=0 pend=0 stale=0
  14.695  P t=12s rxkBps=91 blkkBps=0 pongs=4252(+382/s) cancels=0(+0/s) notify=1 disc=0(0x00) | echo rx=0 tx=0 pend=0 stale=0
  14.695  P t=13s rxkBps=92 blkkBps=0 pongs=4640(+388/s) cancels=0(+0/s) notify=1 disc=0(0x00) | echo rx=0 tx=0 pend=0 stale=0
  16.702  P t=14s rxkBps=91 blkkBps=0 pongs=5026(+386/s) cancels=0(+0/s) notify=1 disc=0(0x00) | echo rx=0 tx=0 pend=0 stale=0
  16.702  P t=15s rxkBps=88 blkkBps=0 pongs=5398(+372/s) cancels=0(+0/s) notify=1 disc=0(0x00) | echo rx=0 tx=0 pend=0 stale=0
  18.715  P t=16s rxkBps=91 blkkBps=0 pongs=5781(+383/s) cancels=0(+0/s) notify=1 disc=0(0x00) | echo rx=0 tx=0 pend=0 stale=0
  18.715  P t=17s rxkBps=88 blkkBps=0 pongs=6151(+370/s) cancels=0(+0/s) notify=1 disc=0(0x00) | echo rx=0 tx=0 pend=0 stale=0
  20.683  P t=18s rxkBps=91 blkkBps=0 pongs=6537(+386/s) cancels=0(+0/s) notify=1 disc=0(0x00) | echo rx=0 tx=0 pend=0 stale=0
  20.738  P t=19s rxkBps=91 blkkBps=0 pongs=6919(+382/s) cancels=0(+0/s) notify=1 disc=0(0x00) | echo rx=0 tx=0 pend=0 stale=0
  22.693  P t=20s rxkBps=91 blkkBps=0 pongs=7304(+385/s) cancels=0(+0/s) notify=1 disc=0(0x00) | echo rx=0 tx=0 pend=0 stale=0
  22.693  P t=21s rxkBps=89 blkkBps=0 pongs=7678(+374/s) cancels=0(+0/s) notify=1 disc=0(0x00) | echo rx=0 tx=0 pend=0 stale=0
  24.698  P t=22s rxkBps=92 blkkBps=0 pongs=8066(+388/s) cancels=0(+0/s) notify=1 disc=0(0x00) | echo rx=0 tx=0 pend=0 stale=0
  24.698  P t=23s rxkBps=91 blkkBps=0 pongs=8452(+386/s) cancels=0(+0/s) notify=1 disc=0(0x00) | echo rx=0 tx=0 pend=0 stale=0
  26.712  P t=24s rxkBps=89 blkkBps=0 pongs=8828(+376/s) cancels=0(+0/s) notify=1 disc=0(0x00) | echo rx=0 tx=0 pend=0 stale=0
  26.712  P t=25s rxkBps=90 blkkBps=0 pongs=9208(+380/s) cancels=0(+0/s) notify=1 disc=0(0x00) | echo rx=0 tx=0 pend=0 stale=0
  28.727  P t=26s rxkBps=91 blkkBps=0 pongs=9591(+383/s) cancels=0(+0/s) notify=1 disc=0(0x00) | echo rx=0 tx=0 pend=0 stale=0
  28.727  P t=27s rxkBps=90 blkkBps=0 pongs=9971(+380/s) cancels=0(+0/s) notify=1 disc=0(0x00) | echo rx=0 tx=0 pend=0 stale=0
  30.685  P t=28s rxkBps=91 blkkBps=0 pongs=10356(+385/s) cancels=0(+0/s) notify=1 disc=0(0x00) | echo rx=0 tx=0 pend=0 stale=0
  30.740  P t=29s rxkBps=92 blkkBps=0 pongs=10746(+390/s) cancels=0(+0/s) notify=1 disc=0(0x00) | echo rx=0 tx=0 pend=0 stale=0
  32.693  P t=30s rxkBps=89 blkkBps=0 pongs=11122(+376/s) cancels=0(+0/s) notify=1 disc=0(0x00) | echo rx=0 tx=0 pend=0 stale=0
  32.749  P t=31s rxkBps=91 blkkBps=0 pongs=11508(+386/s) cancels=0(+0/s) notify=1 disc=0(0x00) | echo rx=0 tx=0 pend=0 stale=0
  34.716  P t=32s rxkBps=91 blkkBps=0 pongs=11890(+382/s) cancels=0(+0/s) notify=1 disc=0(0x00) | echo rx=0 tx=0 pend=0 stale=0
  34.716  P t=33s rxkBps=91 blkkBps=0 pongs=12273(+383/s) cancels=0(+0/s) notify=1 disc=0(0x00) | echo rx=0 tx=0 pend=0 stale=0
  36.725  P t=34s rxkBps=87 blkkBps=0 pongs=12641(+368/s) cancels=0(+0/s) notify=1 disc=0(0x00) | echo rx=0 tx=0 pend=0 stale=0
  36.725  P t=35s rxkBps=90 blkkBps=0 pongs=13020(+379/s) cancels=0(+0/s) notify=1 disc=0(0x00) | echo rx=0 tx=0 pend=0 stale=0
  38.723  P t=36s rxkBps=91 blkkBps=0 pongs=13403(+383/s) cancels=0(+0/s) notify=1 disc=0(0x00) | echo rx=0 tx=0 pend=0 stale=0
  38.723  P t=37s rxkBps=91 blkkBps=0 pongs=13789(+386/s) cancels=0(+0/s) notify=1 disc=0(0x00) | echo rx=0 tx=0 pend=0 stale=0
  40.731  P t=38s rxkBps=91 blkkBps=0 pongs=14173(+384/s) cancels=0(+0/s) notify=1 disc=0(0x00) | echo rx=0 tx=0 pend=0 stale=0
  40.731  P t=39s rxkBps=91 blkkBps=0 pongs=14556(+383/s) cancels=0(+0/s) notify=1 disc=0(0x00) | echo rx=0 tx=0 pend=0 stale=0
  42.695  P t=40s rxkBps=90 blkkBps=0 pongs=14936(+380/s) cancels=0(+0/s) notify=1 disc=0(0x00) | echo rx=0 tx=0 pend=0 stale=0
  42.750  P t=41s rxkBps=90 blkkBps=0 pongs=15317(+381/s) cancels=0(+0/s) notify=1 disc=0(0x00) | echo rx=0 tx=0 pend=0 stale=0
  44.706  P t=42s rxkBps=92 blkkBps=0 pongs=15704(+387/s) cancels=0(+0/s) notify=1 disc=0(0x00) | echo rx=0 tx=0 pend=0 stale=0
  44.707  P t=43s rxkBps=91 blkkBps=0 pongs=16089(+385/s) cancels=0(+0/s) notify=1 disc=0(0x00) | echo rx=0 tx=0 pend=0 stale=0
