   1.678  *** Booting Zephyr OS build v4.4.2-16-gfee9fbc62095 ***
   1.678  [00:32:35.312,401] [0m<inf> bt_hci_core: HW Platform: Nordic Semiconductor (0x0002)[0m
   1.678  [00:32:35.312,414] [0m<inf> bt_hci_core: HW Variant: nRF54Lx (0x0005)[0m
   1.732  [00:32:35.312,425] [0m<inf> bt_hci_core: Firmware: Standard Bluetooth controller (0x00) Version 4.4 Build 2[0m
   1.732  [00:32:35.312,768] [0m<inf> bt_hci_core: HCI transport: Controller[0m
   1.732  [00:32:35.312,813] [0m<inf> bt_hci_core: Identity: D6:C7:60:B1:D3:0E (random)[0m
   1.732  [00:32:35.312,830] [0m<inf> bt_hci_core: HCI: version 5.4 (0x0d) revision 0x0000, manufacturer 0x05f1[0m
   1.732  [00:32:35.312,845] [0m<inf> bt_hci_core: LMP: version 5.4 (0x0d) subver 0xffff[0m
   1.732  
   1.732  === nRF54L15 RTT ping-pong PERIPHERAL (echo) ===
   1.732  advertising
   2.925  GAP connected interval=25000
   2.925  PHY tx=2 rx=2
   2.925  P t=1s rxkBps=0 blkkBps=0 pongs=0(+0/s) cancels=0(+0/s) notify=0 disc=0(0x00) | echo rx=0 tx=0 pend=0 stale=0
   2.980  CCC: notify ENABLED
   4.717  P t=2s rxkBps=67 blkkBps=0 pongs=285(+285/s) cancels=0(+0/s) notify=1 disc=0(0x00) | echo rx=0 tx=0 pend=0 stale=0
   4.717  P t=3s rxkBps=86 blkkBps=0 pongs=648(+363/s) cancels=0(+0/s) notify=1 disc=0(0x00) | echo rx=0 tx=0 pend=0 stale=0
   6.717  P t=4s rxkBps=85 blkkBps=0 pongs=1006(+358/s) cancels=0(+0/s) notify=1 disc=0(0x00) | echo rx=0 tx=0 pend=0 stale=0
   6.718  P t=5s rxkBps=87 blkkBps=0 pongs=1375(+369/s) cancels=0(+0/s) notify=1 disc=0(0x00) | echo rx=0 tx=0 pend=0 stale=0
   8.714  P t=6s rxkBps=93 blkkBps=0 pongs=1766(+391/s) cancels=0(+0/s) notify=1 disc=0(0x00) | echo rx=0 tx=0 pend=0 stale=0
   8.714  P t=7s rxkBps=82 blkkBps=0 pongs=2114(+348/s) cancels=0(+0/s) notify=1 disc=0(0x00) | echo rx=0 tx=0 pend=0 stale=0
  10.713  P t=8s rxkBps=86 blkkBps=0 pongs=2476(+362/s) cancels=0(+0/s) notify=1 disc=0(0x00) | echo rx=0 tx=0 pend=0 stale=0
  10.713  P t=9s rxkBps=89 blkkBps=0 pongs=2850(+374/s) cancels=0(+0/s) notify=1 disc=0(0x00) | echo rx=0 tx=0 pend=0 stale=0
  12.717  P t=10s rxkBps=91 blkkBps=0 pongs=3233(+383/s) cancels=0(+0/s) notify=1 disc=0(0x00) | echo rx=0 tx=0 pend=0 stale=0
  12.717  P t=11s rxkBps=90 blkkBps=0 pongs=3612(+379/s) cancels=0(+0/s) notify=1 disc=0(0x00) | echo rx=0 tx=0 pend=0 stale=0
  14.683  P t=12s rxkBps=92 blkkBps=0 pongs=3999(+387/s) cancels=0(+0/s) notify=1 disc=0(0x00) | echo rx=0 tx=0 pend=0 stale=0
  14.683  P t=13s rxkBps=85 blkkBps=0 pongs=4358(+359/s) cancels=0(+0/s) notify=1 disc=0(0x00) | echo rx=0 tx=0 pend=0 stale=0
  16.687  P t=14s rxkBps=89 blkkBps=0 pongs=4733(+375/s) cancels=0(+0/s) notify=1 disc=0(0x00) | echo rx=0 tx=0 pend=0 stale=0
  16.687  P t=15s rxkBps=91 blkkBps=0 pongs=5117(+384/s) cancels=0(+0/s) notify=1 disc=0(0x00) | echo rx=0 tx=0 pend=0 stale=0
  18.697  P t=16s rxkBps=86 blkkBps=0 pongs=5480(+363/s) cancels=0(+0/s) notify=1 disc=0(0x00) | echo rx=0 tx=0 pend=0 stale=0
  18.697  P t=17s rxkBps=86 blkkBps=0 pongs=5845(+365/s) cancels=0(+0/s) notify=1 disc=0(0x00) | echo rx=0 tx=0 pend=0 stale=0
  20.715  P t=18s rxkBps=90 blkkBps=0 pongs=6224(+379/s) cancels=0(+0/s) notify=1 disc=0(0x00) | echo rx=0 tx=0 pend=0 stale=0
  20.715  P t=19s rxkBps=83 blkkBps=0 pongs=6575(+351/s) cancels=0(+0/s) notify=1 disc=0(0x00) | echo rx=0 tx=0 pend=0 stale=0
  22.703  P t=20s rxkBps=86 blkkBps=0 pongs=6937(+362/s) cancels=0(+0/s) notify=1 disc=0(0x00) | echo rx=0 tx=0 pend=0 stale=0
  22.703  P t=21s rxkBps=91 blkkBps=0 pongs=7322(+385/s) cancels=0(+0/s) notify=1 disc=0(0x00) | echo rx=0 tx=0 pend=0 stale=0
  24.703  P t=22s rxkBps=92 blkkBps=0 pongs=7711(+389/s) cancels=0(+0/s) notify=1 disc=0(0x00) | echo rx=0 tx=0 pend=0 stale=0
  24.703  P t=23s rxkBps=87 blkkBps=0 pongs=8077(+366/s) cancels=0(+0/s) notify=1 disc=0(0x00) | echo rx=0 tx=0 pend=0 stale=0
  26.721  P t=24s rxkBps=90 blkkBps=0 pongs=8458(+381/s) cancels=0(+0/s) notify=1 disc=0(0x00) | echo rx=0 tx=0 pend=0 stale=0
  26.721  P t=25s rxkBps=91 blkkBps=0 pongs=8844(+386/s) cancels=0(+0/s) notify=1 disc=0(0x00) | echo rx=0 tx=0 pend=0 stale=0
  28.714  P t=26s rxkBps=89 blkkBps=0 pongs=9220(+376/s) cancels=0(+0/s) notify=1 disc=0(0x00) | echo rx=0 tx=0 pend=0 stale=0
  28.714  P t=27s rxkBps=91 blkkBps=0 pongs=9602(+382/s) cancels=0(+0/s) notify=1 disc=0(0x00) | echo rx=0 tx=0 pend=0 stale=0
  30.675  P t=28s rxkBps=90 blkkBps=0 pongs=9981(+379/s) cancels=0(+0/s) notify=1 disc=0(0x00) | echo rx=0 tx=0 pend=0 stale=0
  30.729  P t=29s rxkBps=92 blkkBps=0 pongs=10369(+388/s) cancels=0(+0/s) notify=1 disc=0(0x00) | echo rx=0 tx=0 pend=0 stale=0
  32.679  P t=30s rxkBps=82 blkkBps=0 pongs=10717(+348/s) cancels=0(+0/s) notify=1 disc=0(0x00) | echo rx=0 tx=0 pend=0 stale=0
  32.679  P t=31s rxkBps=87 blkkBps=0 pongs=11083(+366/s) cancels=0(+0/s) notify=1 disc=0(0x00) | echo rx=0 tx=0 pend=0 stale=0
  34.676  P t=32s rxkBps=83 blkkBps=0 pongs=11433(+350/s) cancels=0(+0/s) notify=1 disc=0(0x00) | echo rx=0 tx=0 pend=0 stale=0
  34.731  P t=33s rxkBps=83 blkkBps=0 pongs=11784(+351/s) cancels=0(+0/s) notify=1 disc=0(0x00) | echo rx=0 tx=0 pend=0 stale=0
  36.692  P t=34s rxkBps=86 blkkBps=0 pongs=12146(+362/s) cancels=0(+0/s) notify=1 disc=0(0x00) | echo rx=0 tx=0 pend=0 stale=0
  36.692  P t=35s rxkBps=88 blkkBps=0 pongs=12519(+373/s) cancels=0(+0/s) notify=1 disc=0(0x00) | echo rx=0 tx=0 pend=0 stale=0
  38.704  P t=36s rxkBps=90 blkkBps=0 pongs=12900(+381/s) cancels=0(+0/s) notify=1 disc=0(0x00) | echo rx=0 tx=0 pend=0 stale=0
  38.704  P t=37s rxkBps=91 blkkBps=0 pongs=13285(+385/s) cancels=0(+0/s) notify=1 disc=0(0x00) | echo rx=0 tx=0 pend=0 stale=0
  40.703  P t=38s rxkBps=85 blkkBps=0 pongs=13643(+358/s) cancels=0(+0/s) notify=1 disc=0(0x00) | echo rx=0 tx=0 pend=0 stale=0
  40.704  P t=39s rxkBps=91 blkkBps=0 pongs=14028(+385/s) cancels=0(+0/s) notify=1 disc=0(0x00) | echo rx=0 tx=0 pend=0 stale=0
  42.676  P t=40s rxkBps=86 blkkBps=0 pongs=14393(+365/s) cancels=0(+0/s) notify=1 disc=0(0x00) | echo rx=0 tx=0 pend=0 stale=0
  42.731  P t=41s rxkBps=93 blkkBps=0 pongs=14785(+392/s) cancels=0(+0/s) notify=1 disc=0(0x00) | echo rx=0 tx=0 pend=0 stale=0
  44.687  P t=42s rxkBps=88 blkkBps=0 pongs=15158(+373/s) cancels=0(+0/s) notify=1 disc=0(0x00) | echo rx=0 tx=0 pend=0 stale=0
  44.687  P t=43s rxkBps=83 blkkBps=0 pongs=15509(+351/s) cancels=0(+0/s) notify=1 disc=0(0x00) | echo rx=0 tx=0 pend=0 stale=0
