   2.060  *** Booting Zephyr OS build v4.4.2-16-gfee9fbc62095 ***
   2.060  [00:27:09.360,378] [0m<inf> bt_hci_core: HW Platform: Nordic Semiconductor (0x0002)[0m
   2.061  [00:27:09.360,390] [0m<inf> bt_hci_core: HW Variant: nRF54Lx (0x0005)[0m
   2.061  [00:27:09.360,402] [0m<inf> bt_hci_core: Firmware: Standard Bluetooth controller (0x00) Version 4.4 Build 2[0m
   2.061  [00:27:09.360,761] [0m<inf> bt_hci_core: HCI transport: Controller[0m
   2.061  [00:27:09.360,809] [0m<inf> bt_hci_core: Identity: FC:BE:FF:FA:E6:8B (random)[0m
   2.061  [00:27:09.360,825] [0m<inf> bt_hci_core: HCI: version 5.4 (0x0d) revision 0x0000, manufacturer 0x05f1[0m
   2.116  [00:27:09.360,840] [0m<inf> bt_hci_core: LMP: version 5.4 (0x0d) subver 0xffff[0m
   2.116  
   2.116  === nRF54L15 RTT ping-pong CENTRAL ===
   2.116  scan rc=0
   2.116  Q2CONN AA=c86963ba CRCINIT=5a1877 hop=10 chan_count=37 map=ffffffff1f
   2.116  GAP connected interval=15000
   2.116  MTU err=0 mtu=247
   2.826  PHY tx=2 rx=2
   2.826  discovery start (post-PHY +500ms) interval=15000 phy2m=1
   2.826  SUBSCRIBED, vh=14
   2.826  BLAST: phy_update->2M rc=0
   2.826  BLAST first16_call_us: 125 119 121 121 121 120 121 120 113 53 53 53 54 53 53 53
   3.860  PHY tx=2 rx=2
   3.861  BLASTC comp=64 exkBps=12 cgap_us[min/avg/max]=130/3143/47926
   3.861  BLAST phy=2/2 att=74 ok=74 enomem=0 err=0 call_us[min/avg/max]=53/2664/47110 okgap_max_us=47121
   3.916  t=1s RTT mean=0 min=0 max=0 n=0 to=0 | cancels=0(+0/s) seqbad=0 len_bad=53 disc=0(0x00) | tot_n=0 tot_to=0 maxever=0 >2ms=0 >5ms=0 >15ms=0 >20ms=0 >30ms=0 | probes=0 wrfail=0 down=0s maxout=0s
   5.057  t=2s RTT mean=0 min=0 max=0 n=0 to=0 | cancels=0(+0/s) seqbad=0 len_bad=434 disc=0(0x00) | tot_n=0 tot_to=0 maxever=0 >2ms=0 >5ms=0 >15ms=0 >20ms=0 >30ms=0 | probes=0 wrfail=0 down=0s maxout=0s
   5.058  BLASTC comp=382 exkBps=91 cgap_us[min/avg/max]=2391/2638/18015
   5.058  BLAST phy=2/2 att=382 ok=382 enomem=0 err=0 call_us[min/avg/max]=2379/2627/18004 okgap_max_us=18015
   5.058  BLASTC comp=370 exkBps=88 cgap_us[min/avg/max]=2396/2682/22808
   5.058  BLAST phy=2/2 att=370 ok=370 enomem=0 err=0 call_us[min/avg/max]=2327/2670/22797 okgap_max_us=22808
   5.113  t=3s RTT mean=0 min=0 max=0 n=0 to=0 | cancels=0(+0/s) seqbad=0 len_bad=805 disc=0(0x00) | tot_n=0 tot_to=0 maxever=0 >2ms=0 >5ms=0 >15ms=0 >20ms=0 >30ms=0 | probes=0 wrfail=0 down=0s maxout=0s
   6.803  FSU: request [150..150] us (ACL both dirs, 1M+2M) rc=0
   6.858  BLASTC comp=361 exkBps=85 cgap_us[min/avg/max]=1441/2768/18013
   6.858  BLAST phy=2/2 att=361 ok=361 enomem=0 err=0 call_us[min/avg/max]=1430/2757/18002 okgap_max_us=18013
   6.858  t=4s RTT mean=0 min=0 max=0 n=0 to=0 | cancels=0(+0/s) seqbad=0 len_bad=1165 disc=0(0x00) | tot_n=0 tot_to=0 maxever=0 >2ms=0 >5ms=0 >15ms=0 >20ms=0 >30ms=0 | probes=0 wrfail=0 down=0s maxout=0s
   8.063  BLASTC comp=363 exkBps=86 cgap_us[min/avg/max]=2391/2755/18012
   8.063  BLAST phy=2/2 att=363 ok=363 enomem=0 err=0 call_us[min/avg/max]=2380/2743/18000 okgap_max_us=18012
   8.063  t=5s RTT mean=0 min=0 max=0 n=0 to=0 | cancels=0(+0/s) seqbad=0 len_bad=1528 disc=0(0x00) | tot_n=0 tot_to=0 maxever=0 >2ms=0 >5ms=0 >15ms=0 >20ms=0 >30ms=0 | probes=0 wrfail=0 down=0s maxout=0s
   8.063  BLASTC comp=368 exkBps=87 cgap_us[min/avg/max]=2396/2717/18012
   8.063  BLAST phy=2/2 att=368 ok=368 enomem=0 err=0 call_us[min/avg/max]=2384/2706/18001 okgap_max_us=18012
   8.118  t=6s RTT mean=0 min=0 max=0 n=0 to=0 | cancels=0(+0/s) seqbad=0 len_bad=1896 disc=0(0x00) | tot_n=0 tot_to=0 maxever=0 >2ms=0 >5ms=0 >15ms=0 >20ms=0 >30ms=0 | probes=0 wrfail=0 down=0s maxout=0s
  10.025  BLASTC comp=385 exkBps=91 cgap_us[min/avg/max]=2378/2596/18013
  10.025  BLAST phy=2/2 att=385 ok=385 enomem=0 err=0 call_us[min/avg/max]=2314/2584/18001 okgap_max_us=18012
  10.080  t=7s RTT mean=0 min=0 max=0 n=0 to=0 | cancels=0(+0/s) seqbad=0 len_bad=2281 disc=0(0x00) | tot_n=0 tot_to=0 maxever=0 >2ms=0 >5ms=0 >15ms=0 >20ms=0 >30ms=0 | probes=0 wrfail=0 down=0s maxout=0s
  10.080  BLASTC comp=372 exkBps=88 cgap_us[min/avg/max]=2396/2688/33013
  10.080  BLAST phy=2/2 att=372 ok=372 enomem=0 err=0 call_us[min/avg/max]=2380/2677/33002 okgap_max_us=33013
  10.080  t=8s RTT mean=0 min=0 max=0 n=0 to=0 | cancels=0(+0/s) seqbad=0 len_bad=2653 disc=0(0x00) | tot_n=0 tot_to=0 maxever=0 >2ms=0 >5ms=0 >15ms=0 >20ms=0 >30ms=0 | probes=0 wrfail=0 down=0s maxout=0s
  12.033  BLASTC comp=378 exkBps=90 cgap_us[min/avg/max]=2383/2646/20412
  12.033  BLAST phy=2/2 att=378 ok=378 enomem=0 err=0 call_us[min/avg/max]=2318/2634/20395 okgap_max_us=20406
  12.088  t=9s RTT mean=0 min=0 max=0 n=0 to=0 | cancels=0(+0/s) seqbad=0 len_bad=3031 disc=0(0x00) | tot_n=0 tot_to=0 maxever=0 >2ms=0 >5ms=0 >15ms=0 >20ms=0 >30ms=0 | probes=0 wrfail=0 down=0s maxout=0s
  12.089  BLASTC comp=387 exkBps=92 cgap_us[min/avg/max]=2393/2582/10210
  12.089  BLAST phy=2/2 att=387 ok=387 enomem=0 err=0 call_us[min/avg/max]=2330/2571/10198 okgap_max_us=10209
  12.089  t=10s RTT mean=0 min=0 max=0 n=0 to=0 | cancels=0(+0/s) seqbad=0 len_bad=3418 disc=0(0x00) | tot_n=0 tot_to=0 maxever=0 >2ms=0 >5ms=0 >15ms=0 >20ms=0 >30ms=0 | probes=0 wrfail=0 down=0s maxout=0s
  14.058  BLASTC comp=375 exkBps=89 cgap_us[min/avg/max]=2393/2667/18013
  14.058  BLAST phy=2/2 att=375 ok=375 enomem=0 err=0 call_us[min/avg/max]=2380/2655/18002 okgap_max_us=18013
  14.059  t=11s RTT mean=0 min=0 max=0 n=0 to=0 | cancels=0(+0/s) seqbad=0 len_bad=3793 disc=0(0x00) | tot_n=0 tot_to=0 maxever=0 >2ms=0 >5ms=0 >15ms=0 >20ms=0 >30ms=0 | probes=0 wrfail=0 down=0s maxout=0s
  14.059  BLASTC comp=386 exkBps=91 cgap_us[min/avg/max]=2395/2591/12603
  14.059  BLAST phy=2/2 att=386 ok=386 enomem=0 err=0 call_us[min/avg/max]=2330/2579/12593 okgap_max_us=12604
  14.114  t=12s RTT mean=0 min=0 max=0 n=0 to=0 | cancels=0(+0/s) seqbad=0 len_bad=4179 disc=0(0x00) | tot_n=0 tot_to=0 maxever=0 >2ms=0 >5ms=0 >15ms=0 >20ms=0 >30ms=0 | probes=0 wrfail=0 down=0s maxout=0s
  16.045  BLASTC comp=372 exkBps=88 cgap_us[min/avg/max]=2383/2687/18013
  16.045  BLAST phy=2/2 att=372 ok=372 enomem=0 err=0 call_us[min/avg/max]=2312/2675/18001 okgap_max_us=18013
  16.045  t=13s RTT mean=0 min=0 max=0 n=0 to=0 | cancels=0(+0/s) seqbad=0 len_bad=4551 disc=0(0x00) | tot_n=0 tot_to=0 maxever=0 >2ms=0 >5ms=0 >15ms=0 >20ms=0 >30ms=0 | probes=0 wrfail=0 down=0s maxout=0s
  16.045  BLASTC comp=376 exkBps=89 cgap_us[min/avg/max]=2395/2660/18013
  16.098  BLAST phy=2/2 att=376 ok=376 enomem=0 err=0 call_us[min/avg/max]=2379/2648/18001 okgap_max_us=18013
  16.098  t=14s RTT mean=0 min=0 max=0 n=0 to=0 | cancels=0(+0/s) seqbad=0 len_bad=4927 disc=0(0x00) | tot_n=0 tot_to=0 maxever=0 >2ms=0 >5ms=0 >15ms=0 >20ms=0 >30ms=0 | probes=0 wrfail=0 down=0s maxout=0s
  18.051  BLASTC comp=362 exkBps=86 cgap_us[min/avg/max]=2378/2762/18013
  18.051  BLAST phy=2/2 att=362 ok=362 enomem=0 err=0 call_us[min/avg/max]=2332/2751/18002 okgap_max_us=18013
  18.051  t=15s RTT mean=0 min=0 max=0 n=0 to=0 | cancels=0(+0/s) seqbad=0 len_bad=5290 disc=0(0x00) | tot_n=0 tot_to=0 maxever=0 >2ms=0 >5ms=0 >15ms=0 >20ms=0 >30ms=0 | probes=0 wrfail=0 down=0s maxout=0s
  18.051  BLASTC comp=376 exkBps=89 cgap_us[min/avg/max]=2396/2658/18013
  18.103  BLAST phy=2/2 att=376 ok=376 enomem=0 err=0 call_us[min/avg/max]=2379/2647/18002 okgap_max_us=18013
  18.103  t=16s RTT mean=0 min=0 max=0 n=0 to=0 | cancels=0(+0/s) seqbad=0 len_bad=5666 disc=0(0x00) | tot_n=0 tot_to=0 maxever=0 >2ms=0 >5ms=0 >15ms=0 >20ms=0 >30ms=0 | probes=0 wrfail=0 down=0s maxout=0s
  20.047  BLASTC comp=379 exkBps=90 cgap_us[min/avg/max]=2389/2639/18013
  20.047  BLAST phy=2/2 att=379 ok=379 enomem=0 err=0 call_us[min/avg/max]=2283/2627/18001 okgap_max_us=18013
  20.047  t=17s RTT mean=0 min=0 max=0 n=0 to=0 | cancels=0(+0/s) seqbad=0 len_bad=6045 disc=0(0x00) | tot_n=0 tot_to=0 maxever=0 >2ms=0 >5ms=0 >15ms=0 >20ms=0 >30ms=0 | probes=0 wrfail=0 down=0s maxout=0s
  20.047  BLASTC comp=394 exkBps=93 cgap_us[min/avg/max]=2396/2538/7808
  20.102  BLAST phy=2/2 att=394 ok=394 enomem=0 err=0 call_us[min/avg/max]=2321/2527/7797 okgap_max_us=7809
  20.102  t=18s RTT mean=0 min=0 max=0 n=0 to=0 | cancels=0(+0/s) seqbad=0 len_bad=6439 disc=0(0x00) | tot_n=0 tot_to=0 maxever=0 >2ms=0 >5ms=0 >15ms=0 >20ms=0 >30ms=0 | probes=0 wrfail=0 down=0s maxout=0s
  22.051  BLASTC comp=379 exkBps=90 cgap_us[min/avg/max]=2373/2637/18013
  22.051  BLAST phy=2/2 att=379 ok=379 enomem=0 err=0 call_us[min/avg/max]=2302/2626/18002 okgap_max_us=18013
  22.051  t=19s RTT mean=0 min=0 max=0 n=0 to=0 | cancels=0(+0/s) seqbad=0 len_bad=6818 disc=0(0x00) | tot_n=0 tot_to=0 maxever=0 >2ms=0 >5ms=0 >15ms=0 >20ms=0 >30ms=0 | probes=0 wrfail=0 down=0s maxout=0s
  22.051  BLASTC comp=385 exkBps=91 cgap_us[min/avg/max]=2394/2597/12603
  22.106  BLAST phy=2/2 att=385 ok=385 enomem=0 err=0 call_us[min/avg/max]=2380/2586/12592 okgap_max_us=12603
  22.106  t=20s RTT mean=0 min=0 max=0 n=0 to=0 | cancels=0(+0/s) seqbad=0 len_bad=7203 disc=0(0x00) | tot_n=0 tot_to=0 maxever=0 >2ms=0 >5ms=0 >15ms=0 >20ms=0 >30ms=0 | probes=0 wrfail=0 down=0s maxout=0s
  24.043  BLASTC comp=355 exkBps=84 cgap_us[min/avg/max]=2373/2817/18020
  24.043  BLAST phy=2/2 att=355 ok=355 enomem=0 err=0 call_us[min/avg/max]=2302/2806/18009 okgap_max_us=18020
  24.043  t=21s RTT mean=0 min=0 max=0 n=0 to=0 | cancels=0(+0/s) seqbad=0 len_bad=7557 disc=0(0x00) | tot_n=0 tot_to=0 maxever=0 >2ms=0 >5ms=0 >15ms=0 >20ms=0 >30ms=0 | probes=0 wrfail=0 down=0s maxout=0s
  24.098  BLASTC comp=362 exkBps=86 cgap_us[min/avg/max]=2395/2761/18012
  24.098  BLAST phy=2/2 att=362 ok=362 enomem=0 err=0 call_us[min/avg/max]=2380/2749/18002 okgap_max_us=18013
  24.098  t=22s RTT mean=0 min=0 max=0 n=0 to=0 | cancels=0(+0/s) seqbad=0 len_bad=7920 disc=0(0x00) | tot_n=0 tot_to=0 maxever=0 >2ms=0 >5ms=0 >15ms=0 >20ms=0 >30ms=0 | probes=0 wrfail=0 down=0s maxout=0s
  26.050  BLASTC comp=367 exkBps=87 cgap_us[min/avg/max]=2395/2725/40206
  26.050  BLAST phy=2/2 att=367 ok=367 enomem=0 err=0 call_us[min/avg/max]=2379/2713/40194 okgap_max_us=40206
  26.050  t=23s RTT mean=0 min=0 max=0 n=0 to=0 | cancels=0(+0/s) seqbad=0 len_bad=8287 disc=0(0x00) | tot_n=0 tot_to=0 maxever=0 >2ms=0 >5ms=0 >15ms=0 >20ms=0 >30ms=0 | probes=0 wrfail=0 down=0s maxout=0s
  26.050  BLASTC comp=374 exkBps=89 cgap_us[min/avg/max]=2396/2674/15001
  26.105  BLAST phy=2/2 att=374 ok=374 enomem=0 err=0 call_us[min/avg/max]=2322/2662/14989 okgap_max_us=15001
  26.105  t=24s RTT mean=0 min=0 max=0 n=0 to=0 | cancels=0(+0/s) seqbad=0 len_bad=8661 disc=0(0x00) | tot_n=0 tot_to=0 maxever=0 >2ms=0 >5ms=0 >15ms=0 >20ms=0 >30ms=0 | probes=0 wrfail=0 down=0s maxout=0s
  28.016  BLASTC comp=364 exkBps=86 cgap_us[min/avg/max]=2373/2746/18013
  28.071  BLAST phy=2/2 att=364 ok=364 enomem=0 err=0 call_us[min/avg/max]=2302/2734/18002 okgap_max_us=18013
  28.071  t=25s RTT mean=0 min=0 max=0 n=0 to=0 | cancels=0(+0/s) seqbad=0 len_bad=9025 disc=0(0x00) | tot_n=0 tot_to=0 maxever=0 >2ms=0 >5ms=0 >15ms=0 >20ms=0 >30ms=0 | probes=0 wrfail=0 down=0s maxout=0s
  28.071  BLASTC comp=372 exkBps=88 cgap_us[min/avg/max]=2393/2688/18012
  28.071  BLAST phy=2/2 att=372 ok=372 enomem=0 err=0 call_us[min/avg/max]=2381/2677/18001 okgap_max_us=18012
  28.126  t=26s RTT mean=0 min=0 max=0 n=0 to=0 | cancels=0(+0/s) seqbad=0 len_bad=9397 disc=0(0x00) | tot_n=0 tot_to=0 maxever=0 >2ms=0 >5ms=0 >15ms=0 >20ms=0 >30ms=0 | probes=0 wrfail=0 down=0s maxout=0s
  30.035  BLASTC comp=366 exkBps=87 cgap_us[min/avg/max]=2373/2732/18012
  30.035  BLAST phy=2/2 att=366 ok=366 enomem=0 err=0 call_us[min/avg/max]=2302/2721/18002 okgap_max_us=18013
  30.090  t=27s RTT mean=0 min=0 max=0 n=0 to=0 | cancels=0(+0/s) seqbad=0 len_bad=9763 disc=0(0x00) | tot_n=0 tot_to=0 maxever=0 >2ms=0 >5ms=0 >15ms=0 >20ms=0 >30ms=0 | probes=0 wrfail=0 down=0s maxout=0s
  30.090  BLASTC comp=379 exkBps=90 cgap_us[min/avg/max]=2392/2637/12603
  30.090  BLAST phy=2/2 att=379 ok=379 enomem=0 err=0 call_us[min/avg/max]=2322/2626/12592 okgap_max_us=12603
  30.090  t=28s RTT mean=0 min=0 max=0 n=0 to=0 | cancels=0(+0/s) seqbad=0 len_bad=10142 disc=0(0x00) | tot_n=0 tot_to=0 maxever=0 >2ms=0 >5ms=0 >15ms=0 >20ms=0 >30ms=0 | probes=0 wrfail=0 down=0s maxout=0s
  32.044  BLASTC comp=391 exkBps=93 cgap_us[min/avg/max]=2394/2558/10207
  32.044  BLAST phy=2/2 att=391 ok=391 enomem=0 err=0 call_us[min/avg/max]=2379/2546/10196 okgap_max_us=10207
  32.044  t=29s RTT mean=0 min=0 max=0 n=0 to=0 | cancels=0(+0/s) seqbad=0 len_bad=10534 disc=0(0x00) | tot_n=0 tot_to=0 maxever=0 >2ms=0 >5ms=0 >15ms=0 >20ms=0 >30ms=0 | probes=0 wrfail=0 down=0s maxout=0s
  32.097  BLASTC comp=356 exkBps=84 cgap_us[min/avg/max]=2396/2809/20412
  32.097  BLAST phy=2/2 att=356 ok=356 enomem=0 err=0 call_us[min/avg/max]=2322/2798/20400 okgap_max_us=20411
  32.097  t=30s RTT mean=0 min=0 max=0 n=0 to=0 | cancels=0(+0/s) seqbad=0 len_bad=10890 disc=0(0x00) | tot_n=0 tot_to=0 maxever=0 >2ms=0 >5ms=0 >15ms=0 >20ms=0 >30ms=0 | probes=0 wrfail=0 down=0s maxout=0s
  34.015  BLASTC comp=376 exkBps=89 cgap_us[min/avg/max]=2374/2658/18013
  34.070  BLAST phy=2/2 att=376 ok=376 enomem=0 err=0 call_us[min/avg/max]=2286/2647/18001 okgap_max_us=18012
  34.070  t=31s RTT mean=0 min=0 max=0 n=0 to=0 | cancels=0(+0/s) seqbad=0 len_bad=11266 disc=0(0x00) | tot_n=0 tot_to=0 maxever=0 >2ms=0 >5ms=0 >15ms=0 >20ms=0 >30ms=0 | probes=0 wrfail=0 down=0s maxout=0s
  34.070  BLASTC comp=372 exkBps=88 cgap_us[min/avg/max]=2387/2688/20412
  34.070  BLAST phy=2/2 att=372 ok=372 enomem=0 err=0 call_us[min/avg/max]=2281/2677/20401 okgap_max_us=20413
  34.125  t=32s RTT mean=0 min=0 max=0 n=0 to=0 | cancels=0(+0/s) seqbad=0 len_bad=11638 disc=0(0x00) | tot_n=0 tot_to=0 maxever=0 >2ms=0 >5ms=0 >15ms=0 >20ms=0 >30ms=0 | probes=0 wrfail=0 down=0s maxout=0s
  36.031  BLASTC comp=368 exkBps=87 cgap_us[min/avg/max]=2373/2717/25206
  36.031  BLAST phy=2/2 att=368 ok=368 enomem=0 err=0 call_us[min/avg/max]=2302/2706/25195 okgap_max_us=25207
  36.086  t=33s RTT mean=0 min=0 max=0 n=0 to=0 | cancels=0(+0/s) seqbad=0 len_bad=12006 disc=0(0x00) | tot_n=0 tot_to=0 maxever=0 >2ms=0 >5ms=0 >15ms=0 >20ms=0 >30ms=0 | probes=0 wrfail=0 down=0s maxout=0s
  36.086  BLASTC comp=368 exkBps=87 cgap_us[min/avg/max]=2396/2716/18013
  36.086  BLAST phy=2/2 att=368 ok=368 enomem=0 err=0 call_us[min/avg/max]=2322/2704/18002 okgap_max_us=18013
  36.086  t=34s RTT mean=0 min=0 max=0 n=0 to=0 | cancels=0(+0/s) seqbad=0 len_bad=12374 disc=0(0x00) | tot_n=0 tot_to=0 maxever=0 >2ms=0 >5ms=0 >15ms=0 >20ms=0 >30ms=0 | probes=0 wrfail=0 down=0s maxout=0s
  38.053  BLASTC comp=367 exkBps=87 cgap_us[min/avg/max]=2394/2725/18013
  38.053  BLAST phy=2/2 att=367 ok=367 enomem=0 err=0 call_us[min/avg/max]=2380/2713/18003 okgap_max_us=18014
  38.053  t=35s RTT mean=0 min=0 max=0 n=0 to=0 | cancels=0(+0/s) seqbad=0 len_bad=12741 disc=0(0x00) | tot_n=0 tot_to=0 maxever=0 >2ms=0 >5ms=0 >15ms=0 >20ms=0 >30ms=0 | probes=0 wrfail=0 down=0s maxout=0s
  38.053  BLASTC comp=375 exkBps=89 cgap_us[min/avg/max]=2396/2667/18012
  38.108  BLAST phy=2/2 att=375 ok=375 enomem=0 err=0 call_us[min/avg/max]=2321/2655/18001 okgap_max_us=18012
  38.108  t=36s RTT mean=0 min=0 max=0 n=0 to=0 | cancels=0(+0/s) seqbad=0 len_bad=13116 disc=0(0x00) | tot_n=0 tot_to=0 maxever=0 >2ms=0 >5ms=0 >15ms=0 >20ms=0 >30ms=0 | probes=0 wrfail=0 down=0s maxout=0s
  40.011  BLASTC comp=377 exkBps=89 cgap_us[min/avg/max]=2373/2651/20411
  40.064  BLAST phy=2/2 att=377 ok=377 enomem=0 err=0 call_us[min/avg/max]=2303/2640/20401 okgap_max_us=20412
  40.064  t=37s RTT mean=0 min=0 max=0 n=0 to=0 | cancels=0(+0/s) seqbad=0 len_bad=13493 disc=0(0x00) | tot_n=0 tot_to=0 maxever=0 >2ms=0 >5ms=0 >15ms=0 >20ms=0 >30ms=0 | probes=0 wrfail=0 down=0s maxout=0s
  40.064  BLASTC comp=371 exkBps=88 cgap_us[min/avg/max]=2394/2702/18012
  40.064  BLAST phy=2/2 att=371 ok=371 enomem=0 err=0 call_us[min/avg/max]=2380/2691/18001 okgap_max_us=18012
  40.119  t=38s RTT mean=0 min=0 max=0 n=0 to=0 | cancels=0(+0/s) seqbad=0 len_bad=13863 disc=0(0x00) | tot_n=0 tot_to=0 maxever=0 >2ms=0 >5ms=0 >15ms=0 >20ms=0 >30ms=0 | probes=0 wrfail=0 down=0s maxout=0s
  42.020  BLASTC comp=387 exkBps=92 cgap_us[min/avg/max]=2394/2578/12604
  42.020  BLAST phy=2/2 att=387 ok=387 enomem=0 err=0 call_us[min/avg/max]=2329/2567/12592 okgap_max_us=12603
  42.074  t=39s RTT mean=0 min=0 max=0 n=0 to=0 | cancels=0(+0/s) seqbad=0 len_bad=14251 disc=0(0x00) | tot_n=0 tot_to=0 maxever=0 >2ms=0 >5ms=0 >15ms=0 >20ms=0 >30ms=0 | probes=0 wrfail=0 down=0s maxout=0s
  42.074  BLASTC comp=372 exkBps=88 cgap_us[min/avg/max]=2395/2687/15002
  42.074  BLAST phy=2/2 att=372 ok=372 enomem=0 err=0 call_us[min/avg/max]=2321/2675/14990 okgap_max_us=15002
  42.074  t=40s RTT mean=0 min=0 max=0 n=0 to=0 | cancels=0(+0/s) seqbad=0 len_bad=14623 disc=0(0x00) | tot_n=0 tot_to=0 maxever=0 >2ms=0 >5ms=0 >15ms=0 >20ms=0 >30ms=0 | probes=0 wrfail=0 down=0s maxout=0s
  44.037  BLASTC comp=377 exkBps=89 cgap_us[min/avg/max]=2393/2653/30008
  44.037  BLAST phy=2/2 att=377 ok=377 enomem=0 err=0 call_us[min/avg/max]=2380/2641/29996 okgap_max_us=30007
  44.092  t=41s RTT mean=0 min=0 max=0 n=0 to=0 | cancels=0(+0/s) seqbad=0 len_bad=15000 disc=0(0x00) | tot_n=0 tot_to=0 maxever=0 >2ms=0 >5ms=0 >15ms=0 >20ms=0 >30ms=0 | probes=0 wrfail=0 down=0s maxout=0s
  44.092  BLASTC comp=357 exkBps=85 cgap_us[min/avg/max]=2395/2801/18014
  44.092  BLAST phy=2/2 att=357 ok=357 enomem=0 err=0 call_us[min/avg/max]=2321/2790/18004 okgap_max_us=18015
  44.092  t=42s RTT mean=0 min=0 max=0 n=0 to=0 | cancels=0(+0/s) seqbad=0 len_bad=15357 disc=0(0x00) | tot_n=0 tot_to=0 maxever=0 >2ms=0 >5ms=0 >15ms=0 >20ms=0 >30ms=0 | probes=0 wrfail=0 down=0s maxout=0s
