   1.686  *** Booting Zephyr OS build v4.4.2-16-gfee9fbc62095 ***
   1.686  [00:21:38.593,072] [0m<inf> bt_hci_core: HW Platform: Nordic Semiconductor (0x0002)[0m
   1.686  [00:21:38.593,085] [0m<inf> bt_hci_core: HW Variant: nRF54Lx (0x0005)[0m
   1.686  [00:21:38.593,097] [0m<inf> bt_hci_core: Firmware: Standard Bluetooth controller (0x00) Version 4.4 Build 2[0m
   1.686  [00:21:38.593,439] [0m<inf> bt_hci_core: HCI transport: Controller[0m
   1.741  [00:21:38.593,485] [0m<inf> bt_hci_core: Identity: D6:C7:60:B1:D3:0E (random)[0m
   1.741  [00:21:38.593,501] [0m<inf> bt_hci_core: HCI: version 5.4 (0x0d) revision 0x0000, manufacturer 0x05f1[0m
   1.741  [00:21:38.593,516] [0m<inf> bt_hci_core: LMP: version 5.4 (0x0d) subver 0xffff[0m
   1.741  
   1.741  === nRF54L15 RTT ping-pong PERIPHERAL (echo) ===
   1.741  advertising
   2.941  GAP connected interval=7500
   2.941  PHY tx=2 rx=2
   2.941  CCC: notify ENABLED
   2.941  P t=1s rxkBps=5 blkkBps=0 pongs=24(+24/s) cancels=0(+0/s) notify=1 disc=0(0x00) | echo rx=0 tx=0 pend=0 stale=0
   4.693  P t=2s rxkBps=90 blkkBps=0 pongs=404(+380/s) cancels=0(+0/s) notify=1 disc=0(0x00) | echo rx=0 tx=0 pend=0 stale=0
   4.693  P t=3s rxkBps=91 blkkBps=0 pongs=788(+384/s) cancels=0(+0/s) notify=1 disc=0(0x00) | echo rx=0 tx=0 pend=0 stale=0
   6.700  P t=4s rxkBps=88 blkkBps=0 pongs=1158(+370/s) cancels=0(+0/s) notify=1 disc=0(0x00) | echo rx=0 tx=0 pend=0 stale=0
   6.700  P t=5s rxkBps=89 blkkBps=0 pongs=1532(+374/s) cancels=0(+0/s) notify=1 disc=0(0x00) | echo rx=0 tx=0 pend=0 stale=0
   8.678  P t=6s rxkBps=90 blkkBps=0 pongs=1912(+380/s) cancels=0(+0/s) notify=1 disc=0(0x00) | echo rx=0 tx=0 pend=0 stale=0
   8.678  P t=7s rxkBps=91 blkkBps=0 pongs=2295(+383/s) cancels=0(+0/s) notify=1 disc=0(0x00) | echo rx=0 tx=0 pend=0 stale=0
  10.708  P t=8s rxkBps=89 blkkBps=0 pongs=2671(+376/s) cancels=0(+0/s) notify=1 disc=0(0x00) | echo rx=0 tx=0 pend=0 stale=0
  10.708  P t=9s rxkBps=90 blkkBps=0 pongs=3049(+378/s) cancels=0(+0/s) notify=1 disc=0(0x00) | echo rx=0 tx=0 pend=0 stale=0
  12.682  P t=10s rxkBps=91 blkkBps=0 pongs=3433(+384/s) cancels=0(+0/s) notify=1 disc=0(0x00) | echo rx=0 tx=0 pend=0 stale=0
  12.683  P t=11s rxkBps=89 blkkBps=0 pongs=3810(+377/s) cancels=0(+0/s) notify=1 disc=0(0x00) | echo rx=0 tx=0 pend=0 stale=0
  14.712  P t=12s rxkBps=91 blkkBps=0 pongs=4194(+384/s) cancels=0(+0/s) notify=1 disc=0(0x00) | echo rx=0 tx=0 pend=0 stale=0
  14.712  P t=13s rxkBps=90 blkkBps=0 pongs=4574(+380/s) cancels=0(+0/s) notify=1 disc=0(0x00) | echo rx=0 tx=0 pend=0 stale=0
  16.690  P t=14s rxkBps=88 blkkBps=0 pongs=4945(+371/s) cancels=0(+0/s) notify=1 disc=0(0x00) | echo rx=0 tx=0 pend=0 stale=0
  16.690  P t=15s rxkBps=91 blkkBps=0 pongs=5327(+382/s) cancels=0(+0/s) notify=1 disc=0(0x00) | echo rx=0 tx=0 pend=0 stale=0
  18.665  P t=16s rxkBps=93 blkkBps=0 pongs=5719(+392/s) cancels=0(+0/s) notify=1 disc=0(0x00) | echo rx=0 tx=0 pend=0 stale=0
  18.717  P t=17s rxkBps=86 blkkBps=0 pongs=6081(+362/s) cancels=0(+0/s) notify=1 disc=0(0x00) | echo rx=0 tx=0 pend=0 stale=0
  20.694  P t=18s rxkBps=89 blkkBps=0 pongs=6456(+375/s) cancels=0(+0/s) notify=1 disc=0(0x00) | echo rx=0 tx=0 pend=0 stale=0
  20.694  P t=19s rxkBps=89 blkkBps=0 pongs=6830(+374/s) cancels=0(+0/s) notify=1 disc=0(0x00) | echo rx=0 tx=0 pend=0 stale=0
  22.663  P t=20s rxkBps=91 blkkBps=0 pongs=7212(+382/s) cancels=0(+0/s) notify=1 disc=0(0x00) | echo rx=0 tx=0 pend=0 stale=0
  22.718  P t=21s rxkBps=91 blkkBps=0 pongs=7598(+386/s) cancels=0(+0/s) notify=1 disc=0(0x00) | echo rx=0 tx=0 pend=0 stale=0
  24.673  P t=22s rxkBps=90 blkkBps=0 pongs=7976(+378/s) cancels=0(+0/s) notify=1 disc=0(0x00) | echo rx=0 tx=0 pend=0 stale=0
  24.673  P t=23s rxkBps=85 blkkBps=0 pongs=8333(+357/s) cancels=0(+0/s) notify=1 disc=0(0x00) | echo rx=0 tx=0 pend=0 stale=0
  26.709  P t=24s rxkBps=88 blkkBps=0 pongs=8706(+373/s) cancels=0(+0/s) notify=1 disc=0(0x00) | echo rx=0 tx=0 pend=0 stale=0
  26.710  P t=25s rxkBps=89 blkkBps=0 pongs=9081(+375/s) cancels=0(+0/s) notify=1 disc=0(0x00) | echo rx=0 tx=0 pend=0 stale=0
  28.662  P t=26s rxkBps=84 blkkBps=0 pongs=9434(+353/s) cancels=0(+0/s) notify=1 disc=0(0x00) | echo rx=0 tx=0 pend=0 stale=0
  28.717  P t=27s rxkBps=83 blkkBps=0 pongs=9784(+350/s) cancels=0(+0/s) notify=1 disc=0(0x00) | echo rx=0 tx=0 pend=0 stale=0
  30.668  P t=28s rxkBps=74 blkkBps=0 pongs=10095(+311/s) cancels=0(+0/s) notify=1 disc=0(0x00) | echo rx=0 tx=0 pend=0 stale=0
  30.723  P t=29s rxkBps=77 blkkBps=0 pongs=10419(+324/s) cancels=0(+0/s) notify=1 disc=0(0x00) | echo rx=0 tx=0 pend=0 stale=0
  32.700  P t=30s rxkBps=80 blkkBps=0 pongs=10756(+337/s) cancels=0(+0/s) notify=1 disc=0(0x00) | echo rx=0 tx=0 pend=0 stale=0
  32.700  P t=31s rxkBps=88 blkkBps=0 pongs=11129(+373/s) cancels=0(+0/s) notify=1 disc=0(0x00) | echo rx=0 tx=0 pend=0 stale=0
  34.682  P t=32s rxkBps=92 blkkBps=0 pongs=11516(+387/s) cancels=0(+0/s) notify=1 disc=0(0x00) | echo rx=0 tx=0 pend=0 stale=0
  34.682  P t=33s rxkBps=92 blkkBps=0 pongs=11905(+389/s) cancels=0(+0/s) notify=1 disc=0(0x00) | echo rx=0 tx=0 pend=0 stale=0
  36.713  P t=34s rxkBps=89 blkkBps=0 pongs=12281(+376/s) cancels=0(+0/s) notify=1 disc=0(0x00) | echo rx=0 tx=0 pend=0 stale=0
  36.713  P t=35s rxkBps=91 blkkBps=0 pongs=12666(+385/s) cancels=0(+0/s) notify=1 disc=0(0x00) | echo rx=0 tx=0 pend=0 stale=0
  38.694  P t=36s rxkBps=89 blkkBps=0 pongs=13041(+375/s) cancels=0(+0/s) notify=1 disc=0(0x00) | echo rx=0 tx=0 pend=0 stale=0
  38.695  P t=37s rxkBps=93 blkkBps=0 pongs=13433(+392/s) cancels=0(+0/s) notify=1 disc=0(0x00) | echo rx=0 tx=0 pend=0 stale=0
  40.670  P t=38s rxkBps=91 blkkBps=0 pongs=13817(+384/s) cancels=0(+0/s) notify=1 disc=0(0x00) | echo rx=0 tx=0 pend=0 stale=0
  40.725  P t=39s rxkBps=89 blkkBps=0 pongs=14191(+374/s) cancels=0(+0/s) notify=1 disc=0(0x00) | echo rx=0 tx=0 pend=0 stale=0
  42.700  P t=40s rxkBps=91 blkkBps=0 pongs=14577(+386/s) cancels=0(+0/s) notify=1 disc=0(0x00) | echo rx=0 tx=0 pend=0 stale=0
  42.700  P t=41s rxkBps=91 blkkBps=0 pongs=14961(+384/s) cancels=0(+0/s) notify=1 disc=0(0x00) | echo rx=0 tx=0 pend=0 stale=0
  44.665  P t=42s rxkBps=88 blkkBps=0 pongs=15333(+372/s) cancels=0(+0/s) notify=1 disc=0(0x00) | echo rx=0 tx=0 pend=0 stale=0
  44.721  P t=43s rxkBps=86 blkkBps=0 pongs=15694(+361/s) cancels=0(+0/s) notify=1 disc=0(0x00) | echo rx=0 tx=0 pend=0 stale=0
