   1.695  *** Booting Zephyr OS build v4.4.2-16-gfee9fbc62095 ***
   1.695  [00:20:51.693,048] [0m<inf> bt_hci_core: HW Platform: Nordic Semiconductor (0x0002)[0m
   1.695  [00:20:51.693,061] [0m<inf> bt_hci_core: HW Variant: nRF54Lx (0x0005)[0m
   1.695  [00:20:51.693,073] [0m<inf> bt_hci_core: Firmware: Standard Bluetooth controller (0x00) Version 4.4 Build 2[0m
   1.695  [00:20:51.693,415] [0m<inf> bt_hci_core: HCI transport: Controller[0m
   1.695  [00:20:51.693,461] [0m<inf> bt_hci_core: Identity: D6:C7:60:B1:D3:0E (random)[0m
   1.695  [00:20:51.693,477] [0m<inf> bt_hci_core: HCI: version 5.4 (0x0d) revision 0x0000, manufacturer 0x05f1[0m
   1.750  [00:20:51.693,492] [0m<inf> bt_hci_core: LMP: version 5.4 (0x0d) subver 0xffff[0m
   1.750  
   1.750  === nRF54L15 RTT ping-pong PERIPHERAL (echo) ===
   1.750  advertising
   2.948  GAP connected interval=7500
   2.948  PHY tx=2 rx=2
   2.948  CCC: notify ENABLED
   2.948  P t=1s rxkBps=6 blkkBps=0 pongs=26(+26/s) cancels=0(+0/s) notify=1 disc=0(0x00) | echo rx=0 tx=0 pend=0 stale=0
   4.679  P t=2s rxkBps=92 blkkBps=0 pongs=414(+388/s) cancels=0(+0/s) notify=1 disc=0(0x00) | echo rx=0 tx=0 pend=0 stale=0
   4.679  P t=3s rxkBps=90 blkkBps=0 pongs=792(+378/s) cancels=0(+0/s) notify=1 disc=0(0x00) | echo rx=0 tx=0 pend=0 stale=0
   6.697  P t=4s rxkBps=91 blkkBps=0 pongs=1176(+384/s) cancels=0(+0/s) notify=1 disc=0(0x00) | echo rx=0 tx=0 pend=0 stale=0
   6.697  P t=5s rxkBps=91 blkkBps=0 pongs=1561(+385/s) cancels=0(+0/s) notify=1 disc=0(0x00) | echo rx=0 tx=0 pend=0 stale=0
   8.671  P t=6s rxkBps=92 blkkBps=0 pongs=1948(+387/s) cancels=0(+0/s) notify=1 disc=0(0x00) | echo rx=0 tx=0 pend=0 stale=0
   8.671  P t=7s rxkBps=90 blkkBps=0 pongs=2328(+380/s) cancels=0(+0/s) notify=1 disc=0(0x00) | echo rx=0 tx=0 pend=0 stale=0
  10.688  P t=8s rxkBps=85 blkkBps=0 pongs=2685(+357/s) cancels=0(+0/s) notify=1 disc=0(0x00) | echo rx=0 tx=0 pend=0 stale=0
  10.689  P t=9s rxkBps=75 blkkBps=0 pongs=3003(+318/s) cancels=0(+0/s) notify=1 disc=0(0x00) | echo rx=0 tx=0 pend=0 stale=0
  12.656  P t=10s rxkBps=70 blkkBps=0 pongs=3300(+297/s) cancels=0(+0/s) notify=1 disc=0(0x00) | echo rx=0 tx=0 pend=0 stale=0
  12.711  P t=11s rxkBps=59 blkkBps=0 pongs=3550(+250/s) cancels=0(+0/s) notify=1 disc=0(0x00) | echo rx=0 tx=0 pend=0 stale=0
  14.665  P t=12s rxkBps=81 blkkBps=0 pongs=3890(+340/s) cancels=0(+0/s) notify=1 disc=0(0x00) | echo rx=0 tx=0 pend=0 stale=0
  14.720  P t=13s rxkBps=92 blkkBps=0 pongs=4278(+388/s) cancels=0(+0/s) notify=1 disc=0(0x00) | echo rx=0 tx=0 pend=0 stale=0
  16.691  P t=14s rxkBps=92 blkkBps=0 pongs=4665(+387/s) cancels=0(+0/s) notify=1 disc=0(0x00) | echo rx=0 tx=0 pend=0 stale=0
  16.691  P t=15s rxkBps=93 blkkBps=0 pongs=5059(+394/s) cancels=0(+0/s) notify=1 disc=0(0x00) | echo rx=0 tx=0 pend=0 stale=0
  18.665  P t=16s rxkBps=86 blkkBps=0 pongs=5420(+361/s) cancels=0(+0/s) notify=1 disc=0(0x00) | echo rx=0 tx=0 pend=0 stale=0
  18.717  P t=17s rxkBps=61 blkkBps=0 pongs=5680(+260/s) cancels=0(+0/s) notify=1 disc=0(0x00) | echo rx=0 tx=0 pend=0 stale=0
  20.670  P t=18s rxkBps=68 blkkBps=0 pongs=5966(+286/s) cancels=0(+0/s) notify=1 disc=0(0x00) | echo rx=0 tx=0 pend=0 stale=0
  20.670  P t=19s rxkBps=71 blkkBps=0 pongs=6267(+301/s) cancels=0(+0/s) notify=1 disc=0(0x00) | echo rx=0 tx=0 pend=0 stale=0
  22.696  P t=20s rxkBps=61 blkkBps=0 pongs=6525(+258/s) cancels=0(+0/s) notify=1 disc=0(0x00) | echo rx=0 tx=0 pend=0 stale=0
  22.697  P t=21s rxkBps=91 blkkBps=0 pongs=6908(+383/s) cancels=0(+0/s) notify=1 disc=0(0x00) | echo rx=0 tx=0 pend=0 stale=0
  24.712  P t=22s rxkBps=93 blkkBps=0 pongs=7299(+391/s) cancels=0(+0/s) notify=1 disc=0(0x00) | echo rx=0 tx=0 pend=0 stale=0
  24.712  P t=23s rxkBps=92 blkkBps=0 pongs=7686(+387/s) cancels=0(+0/s) notify=1 disc=0(0x00) | echo rx=0 tx=0 pend=0 stale=0
  26.661  P t=24s rxkBps=73 blkkBps=0 pongs=7994(+308/s) cancels=0(+0/s) notify=1 disc=0(0x00) | echo rx=0 tx=0 pend=0 stale=0
  26.716  P t=25s rxkBps=58 blkkBps=0 pongs=8241(+247/s) cancels=0(+0/s) notify=1 disc=0(0x00) | echo rx=0 tx=0 pend=0 stale=0
  28.685  P t=26s rxkBps=61 blkkBps=0 pongs=8497(+256/s) cancels=0(+0/s) notify=1 disc=0(0x00) | echo rx=0 tx=0 pend=0 stale=0
  28.685  P t=27s rxkBps=77 blkkBps=0 pongs=8821(+324/s) cancels=0(+0/s) notify=1 disc=0(0x00) | echo rx=0 tx=0 pend=0 stale=0
  30.701  P t=28s rxkBps=88 blkkBps=0 pongs=9193(+372/s) cancels=0(+0/s) notify=1 disc=0(0x00) | echo rx=0 tx=0 pend=0 stale=0
  30.702  P t=29s rxkBps=79 blkkBps=0 pongs=9526(+333/s) cancels=0(+0/s) notify=1 disc=0(0x00) | echo rx=0 tx=0 pend=0 stale=0
  32.668  P t=30s rxkBps=66 blkkBps=0 pongs=9806(+280/s) cancels=0(+0/s) notify=1 disc=0(0x00) | echo rx=0 tx=0 pend=0 stale=0
  32.723  P t=31s rxkBps=73 blkkBps=0 pongs=10114(+308/s) cancels=0(+0/s) notify=1 disc=0(0x00) | echo rx=0 tx=0 pend=0 stale=0
  34.677  P t=32s rxkBps=87 blkkBps=0 pongs=10480(+366/s) cancels=0(+0/s) notify=1 disc=0(0x00) | echo rx=0 tx=0 pend=0 stale=0
  34.677  P t=33s rxkBps=88 blkkBps=0 pongs=10850(+370/s) cancels=0(+0/s) notify=1 disc=0(0x00) | echo rx=0 tx=0 pend=0 stale=0
  36.695  P t=34s rxkBps=90 blkkBps=0 pongs=11228(+378/s) cancels=0(+0/s) notify=1 disc=0(0x00) | echo rx=0 tx=0 pend=0 stale=0
  36.695  P t=35s rxkBps=89 blkkBps=0 pongs=11602(+374/s) cancels=0(+0/s) notify=1 disc=0(0x00) | echo rx=0 tx=0 pend=0 stale=0
  38.665  P t=36s rxkBps=90 blkkBps=0 pongs=11982(+380/s) cancels=0(+0/s) notify=1 disc=0(0x00) | echo rx=0 tx=0 pend=0 stale=0
  38.720  P t=37s rxkBps=90 blkkBps=0 pongs=12360(+378/s) cancels=0(+0/s) notify=1 disc=0(0x00) | echo rx=0 tx=0 pend=0 stale=0
  40.690  P t=38s rxkBps=90 blkkBps=0 pongs=12741(+381/s) cancels=0(+0/s) notify=1 disc=0(0x00) | echo rx=0 tx=0 pend=0 stale=0
  40.690  P t=39s rxkBps=91 blkkBps=0 pongs=13125(+384/s) cancels=0(+0/s) notify=1 disc=0(0x00) | echo rx=0 tx=0 pend=0 stale=0
  42.666  P t=40s rxkBps=91 blkkBps=0 pongs=13508(+383/s) cancels=0(+0/s) notify=1 disc=0(0x00) | echo rx=0 tx=0 pend=0 stale=0
  42.721  P t=41s rxkBps=88 blkkBps=0 pongs=13881(+373/s) cancels=0(+0/s) notify=1 disc=0(0x00) | echo rx=0 tx=0 pend=0 stale=0
  44.702  P t=42s rxkBps=90 blkkBps=0 pongs=14260(+379/s) cancels=0(+0/s) notify=1 disc=0(0x00) | echo rx=0 tx=0 pend=0 stale=0
  44.703  P t=43s rxkBps=90 blkkBps=0 pongs=14640(+380/s) cancels=0(+0/s) notify=1 disc=0(0x00) | echo rx=0 tx=0 pend=0 stale=0
