   0.471  SINK rx: 0 KB/s (0 B / 1000 ms) fsu=65 | cum_total=5206331 B cum_segs=21694
   1.495  SINK rx: 0 KB/s (0 B / 1000 ms) fsu=65 | cum_total=5206331 B cum_segs=21694
   1.729  *** Booting nRF Connect SDK v3.4.0-99553055607b ***
   1.729  *** Using Zephyr OS v4.4.0-bf801e4e3d19 ***
   1.729  
   1.729  === nRF52 L2CAP CoC SINK (Zephyr 4.4.1, seg_recv) ===
   1.729  L2CAP server on PSM 0x0080
   1.729  Advertising as 'zenoh-nrf-l2cap'
   1.783  GAP connected: interval=12
   1.895  PHY updated: tx=2 rx=2
   1.948  DLE updated: tx_max=251 rx_max=251
   5.968  GAP disconnected (0x08)
   5.968  Advertising as 'zenoh-nrf-l2cap'
   6.087  GAP connected: interval=12
   6.204  PHY updated: tx=2 rx=2
   6.258  DLE updated: tx_max=251 rx_max=251
   6.311  CoC up — seg_recv sink ready (RX_CREDITS=64, MPS=247)
   6.759  SINK rx: 14 KB/s (14651 B / 1000 ms) fsu=0 | cum_total=14651 B cum_segs=62
   7.767  SINK rx: 157 KB/s (161035 B / 1000 ms) fsu=0 | cum_total=175686 B cum_segs=733
   8.748  SINK rx: 157 KB/s (161045 B / 1000 ms) fsu=0 | cum_total=336731 B cum_segs=1404
   9.791  SINK rx: 157 KB/s (161035 B / 1000 ms) fsu=0 | cum_total=497766 B cum_segs=2075
  10.764  SINK rx: 157 KB/s (161280 B / 1000 ms) fsu=0 | cum_total=659046 B cum_segs=2747
  11.800  SINK rx: 157 KB/s (161045 B / 1000 ms) fsu=0 | cum_total=820091 B cum_segs=3418
  12.820  SINK rx: 157 KB/s (161280 B / 1000 ms) fsu=0 | cum_total=981371 B cum_segs=4090
  13.788  SINK rx: 157 KB/s (160800 B / 1000 ms) fsu=0 | cum_total=1142171 B cum_segs=4760
  14.822  SINK rx: 157 KB/s (161280 B / 1000 ms) fsu=0 | cum_total=1303451 B cum_segs=5432
  15.829  SINK rx: 157 KB/s (161280 B / 1000 ms) fsu=0 | cum_total=1464731 B cum_segs=6104
  16.807  SINK rx: 155 KB/s (159360 B / 1000 ms) fsu=0 | cum_total=1624091 B cum_segs=6768
  17.847  SINK rx: 157 KB/s (161280 B / 1000 ms) fsu=0 | cum_total=1785371 B cum_segs=7440
  18.819  SINK rx: 157 KB/s (161280 B / 1000 ms) fsu=0 | cum_total=1946651 B cum_segs=8112
  19.866  SINK rx: 157 KB/s (161280 B / 1000 ms) fsu=0 | cum_total=2107931 B cum_segs=8784
  20.845  SINK rx: 157 KB/s (161035 B / 1000 ms) fsu=0 | cum_total=2268966 B cum_segs=9455
  21.885  SINK rx: 156 KB/s (159840 B / 1000 ms) fsu=0 | cum_total=2428806 B cum_segs=10121
  22.887  SINK rx: 157 KB/s (161280 B / 1000 ms) fsu=0 | cum_total=2590086 B cum_segs=10793
  23.853  SINK rx: 157 KB/s (160800 B / 1000 ms) fsu=0 | cum_total=2750886 B cum_segs=11463
  24.882  SINK rx: 157 KB/s (160800 B / 1000 ms) fsu=0 | cum_total=2911686 B cum_segs=12133
  25.922  SINK rx: 154 KB/s (157920 B / 1000 ms) fsu=0 | cum_total=3069606 B cum_segs=12791
  26.897  SINK rx: 154 KB/s (158400 B / 1000 ms) fsu=0 | cum_total=3228006 B cum_segs=13451
  27.922  SINK rx: 156 KB/s (160085 B / 1000 ms) fsu=0 | cum_total=3388091 B cum_segs=14118
  28.900  SINK rx: 149 KB/s (153120 B / 1000 ms) fsu=0 | cum_total=3541211 B cum_segs=14756
  29.943  SINK rx: 157 KB/s (161515 B / 1000 ms) fsu=0 | cum_total=3702726 B cum_segs=15429
  30.922  SINK rx: 157 KB/s (161280 B / 1000 ms) fsu=0 | cum_total=3864006 B cum_segs=16101
  31.949  SINK rx: 157 KB/s (161280 B / 1000 ms) fsu=0 | cum_total=4025286 B cum_segs=16773
