   0.060  PHY: tx=2 rx=2 (2=2M)
   0.060  dle req rc=0
   0.120  DLE: tx_max=251 rx_max=251
   0.120  l2cap_chan_connect rc=0
   0.120  L2CAP connected: tx.mtu=512 tx.mps=247 tx.credits=0 rx.mtu=245 rx.mps=247
   0.121  GATE conn: interval=12 (units 1.25ms) => 15.00 ms
   0.121  Q3FSU-REQ role=C auto min=150 max=150 phys=0x2 rc=0
   0.181  Q3FSU-DONE role=C status=0x00 spacing=150 types=0x0 phys=0x0 initiator=0
   0.457  blasting 480-byte SDUs...
   2.070  *** Booting nRF Connect SDK v3.4.0-99553055607b ***
   2.070  *** Using Zephyr OS v4.4.0-bf801e4e3d19 ***
   2.070  
   2.070  === nRF52840 L2CAP CoC central (Zephyr 4.4.1) ===
   2.070  scan start rc=0
   2.130  found D6:C7:60:B1:D3:0E (random) (rssi -30), connecting
   2.130  GAP connected
   2.130  phy req rc=0
   2.298  PHY: tx=2 rx=2 (2=2M)
   2.298  dle req rc=0
   2.356  DLE: tx_max=251 rx_max=251
   2.356  l2cap_chan_connect rc=0
   2.356  L2CAP connected: tx.mtu=512 tx.mps=247 tx.credits=0 rx.mtu=245 rx.mps=247
   2.356  GATE conn: interval=12 (units 1.25ms) => 15.00 ms
   2.409  Q3FSU-REQ role=C auto min=150 max=150 phys=0x2 rc=0
   2.409  Q3FSU-DONE role=C status=0x00 spacing=150 types=0x0 phys=0x0 initiator=0
   2.702  blasting 480-byte SDUs...
  12.067  RPT occ: (SDC no-occ) fsu=150 | sender: sent=3175(+3175 SDU) eagain=0(+0) poolfail=0(+0)
  22.111  RPT occ: (SDC no-occ) fsu=150 | sender: sent=6498(+3323 SDU) eagain=0(+0) poolfail=0(+0)
