   1.747  found D6:C7:60:B1:D3:0E (random) (rssi -32), connecting
   1.747  GAP connected
   1.747  phy req rc=0
   1.850  PHY: tx=2 rx=2 (2=2M)
   1.850  dle req rc=0
   1.850  DLE: tx_max=251 rx_max=251
   1.850  l2cap_chan_connect rc=0
   1.908  L2CAP connected: tx.mtu=512 tx.mps=247 tx.credits=0 rx.mtu=245 rx.mps=247
   1.908  GATE conn: interval=6 (units 1.25ms) => 7.50 ms
   1.908  Q3FSU-REQ role=C auto min=52 max=52 phys=0x2 rc=0
   1.908  Q3FSU-DONE role=C status=0x00 spacing=65 types=0x3 phys=0x2 initiator=0
   2.088  *** Booting nRF Connect SDK v3.4.0-99553055607b ***
   2.088  *** Using Zephyr OS v4.4.0-bf801e4e3d19 ***
   2.088  
   2.088  === nRF52840 L2CAP CoC central (Zephyr 4.4.1) ===
   2.088  scan start rc=0
   6.034  found D6:C7:60:B1:D3:0E (random) (rssi -31), connecting
   6.034  GAP connected
   6.034  phy req rc=0
   6.095  PHY: tx=2 rx=2 (2=2M)
   6.095  dle req rc=0
   6.148  DLE: tx_max=251 rx_max=251
   6.148  l2cap_chan_connect rc=0
   6.148  L2CAP connected: tx.mtu=512 tx.mps=247 tx.credits=0 rx.mtu=245 rx.mps=247
   6.148  GATE conn: interval=6 (units 1.25ms) => 7.50 ms
   6.148  Q3FSU-REQ role=C auto min=52 max=52 phys=0x2 rc=0
   6.202  Q3FSU-DONE role=C status=0x00 spacing=65 types=0x3 phys=0x2 initiator=0
   6.479  blasting 480-byte SDUs...
  12.104  RPT occ: (SDC no-occ) fsu=65 | sender: sent=1941(+1941 SDU) eagain=0(+0) poolfail=0(+0)
  22.101  RPT occ: (SDC no-occ) fsu=65 | sender: sent=5278(+3337 SDU) eagain=0(+0) poolfail=0(+0)
