   0.353  SINK rx: 0 KB/s (0 B / 1000 ms) fsu=0 | cum_total=4703046 B cum_segs=19597
   1.369  SINK rx: 0 KB/s (0 B / 1000 ms) fsu=0 | cum_total=4703046 B cum_segs=19597
   1.711  *** Booting nRF Connect SDK v3.4.0-99553055607b ***
   1.711  *** Using Zephyr OS v4.4.0-bf801e4e3d19 ***
   1.711  
   1.711  === nRF52 L2CAP CoC SINK (Zephyr 4.4.1, seg_recv) ===
   1.711  L2CAP server on PSM 0x0080
   1.711  Advertising as 'zenoh-nrf-l2cap'
   1.772  GAP connected: interval=12
   1.882  PHY updated: tx=2 rx=2
   1.938  DLE updated: tx_max=251 rx_max=251
   5.980  GAP disconnected (0x08)
   5.980  Advertising as 'zenoh-nrf-l2cap'
   6.037  GAP connected: interval=12
   6.157  PHY updated: tx=2 rx=2
   6.213  DLE updated: tx_max=251 rx_max=251
   6.271  CoC up — seg_recv sink ready (RX_CREDITS=64, MPS=247)
   6.325  Q3FSU-DONE role=P status=0x00 spacing=65 types=0x3 phys=0x2 initiator=2
   6.729  SINK rx: 23 KB/s (23771 B / 1000 ms) fsu=65 | cum_total=23771 B cum_segs=100
   7.744  SINK rx: 172 KB/s (177120 B / 1000 ms) fsu=65 | cum_total=200891 B cum_segs=838
   8.729  SINK rx: 173 KB/s (177355 B / 1000 ms) fsu=65 | cum_total=378246 B cum_segs=1577
   9.785  SINK rx: 171 KB/s (175445 B / 1000 ms) fsu=65 | cum_total=553691 B cum_segs=2308
  10.770  SINK rx: 173 KB/s (177355 B / 1000 ms) fsu=65 | cum_total=731046 B cum_segs=3047
  11.765  SINK rx: 172 KB/s (177120 B / 1000 ms) fsu=65 | cum_total=908166 B cum_segs=3785
  12.795  SINK rx: 173 KB/s (177600 B / 1000 ms) fsu=65 | cum_total=1085766 B cum_segs=4525
  13.769  SINK rx: 173 KB/s (177365 B / 1000 ms) fsu=65 | cum_total=1263131 B cum_segs=5264
  14.800  SINK rx: 173 KB/s (177600 B / 1000 ms) fsu=65 | cum_total=1440731 B cum_segs=6004
  15.820  SINK rx: 173 KB/s (177355 B / 1000 ms) fsu=65 | cum_total=1618086 B cum_segs=6743
  16.806  SINK rx: 171 KB/s (175445 B / 1000 ms) fsu=65 | cum_total=1793531 B cum_segs=7474
  17.829  SINK rx: 173 KB/s (177600 B / 1000 ms) fsu=65 | cum_total=1971131 B cum_segs=8214
  18.821  SINK rx: 173 KB/s (177355 B / 1000 ms) fsu=65 | cum_total=2148486 B cum_segs=8953
  19.840  SINK rx: 173 KB/s (177365 B / 1000 ms) fsu=65 | cum_total=2325851 B cum_segs=9692
  20.864  SINK rx: 173 KB/s (177600 B / 1000 ms) fsu=65 | cum_total=2503451 B cum_segs=10432
  21.882  SINK rx: 172 KB/s (177120 B / 1000 ms) fsu=65 | cum_total=2680571 B cum_segs=11170
  22.874  SINK rx: 173 KB/s (177600 B / 1000 ms) fsu=65 | cum_total=2858171 B cum_segs=11910
  23.894  SINK rx: 173 KB/s (177600 B / 1000 ms) fsu=65 | cum_total=3035771 B cum_segs=12650
  24.888  SINK rx: 173 KB/s (177355 B / 1000 ms) fsu=65 | cum_total=3213126 B cum_segs=13389
  25.888  SINK rx: 173 KB/s (177365 B / 1000 ms) fsu=65 | cum_total=3390491 B cum_segs=14128
  26.899  SINK rx: 171 KB/s (175200 B / 1000 ms) fsu=65 | cum_total=3565691 B cum_segs=14858
  27.887  SINK rx: 173 KB/s (177600 B / 1000 ms) fsu=65 | cum_total=3743291 B cum_segs=15598
  28.897  SINK rx: 173 KB/s (177355 B / 1000 ms) fsu=65 | cum_total=3920646 B cum_segs=16337
  29.937  SINK rx: 170 KB/s (174720 B / 1000 ms) fsu=65 | cum_total=4095366 B cum_segs=17065
  30.955  SINK rx: 172 KB/s (176640 B / 1000 ms) fsu=65 | cum_total=4272006 B cum_segs=17801
  31.925  SINK rx: 173 KB/s (177600 B / 1000 ms) fsu=65 | cum_total=4449606 B cum_segs=18541
