   0.343  PHY updated: tx=2 rx=2
   0.455  DLE updated: tx_max=251 rx_max=251
   0.567  CoC up — seg_recv sink ready (RX_CREDITS=64, MPS=247)
   0.567  SINK rx: 0 KB/s (0 B / 1000 ms) fsu=0 | cum_total=0 B cum_segs=0
   1.589  SINK rx: 106 KB/s (108731 B / 1000 ms) fsu=0 | cum_total=108731 B cum_segs=454
   1.707  *** Booting nRF Connect SDK v3.4.0-99553055607b ***
   1.707  *** Using Zephyr OS v4.4.0-bf801e4e3d19 ***
   1.707  
   1.767  === nRF52 L2CAP CoC SINK (Zephyr 4.4.1, seg_recv) ===
   1.767  L2CAP server on PSM 0x0080
   1.767  Advertising as 'zenoh-nrf-l2cap'
   2.166  GAP connected: interval=30
   2.465  PHY updated: tx=2 rx=2
   2.585  DLE updated: tx_max=251 rx_max=251
   2.699  CoC up — seg_recv sink ready (RX_CREDITS=64, MPS=247)
   2.759  SINK rx: 0 KB/s (0 B / 1000 ms) fsu=0 | cum_total=0 B cum_segs=0
   3.751  SINK rx: 112 KB/s (115686 B / 1000 ms) fsu=0 | cum_total=115686 B cum_segs=483
   4.763  SINK rx: 161 KB/s (165120 B / 1000 ms) fsu=0 | cum_total=280806 B cum_segs=1171
   5.791  SINK rx: 163 KB/s (167520 B / 1000 ms) fsu=0 | cum_total=448326 B cum_segs=1869
   6.767  SINK rx: 163 KB/s (167765 B / 1000 ms) fsu=0 | cum_total=616091 B cum_segs=2568
   7.770  SINK rx: 163 KB/s (167520 B / 1000 ms) fsu=0 | cum_total=783611 B cum_segs=3266
   8.807  SINK rx: 163 KB/s (167520 B / 1000 ms) fsu=0 | cum_total=951131 B cum_segs=3964
   9.797  SINK rx: 163 KB/s (167520 B / 1000 ms) fsu=0 | cum_total=1118651 B cum_segs=4662
  10.805  SINK rx: 161 KB/s (165120 B / 1000 ms) fsu=0 | cum_total=1283771 B cum_segs=5350
  11.796  SINK rx: 163 KB/s (167275 B / 1000 ms) fsu=0 | cum_total=1451046 B cum_segs=6047
  12.850  SINK rx: 158 KB/s (162240 B / 1000 ms) fsu=0 | cum_total=1613286 B cum_segs=6723
  13.830  SINK rx: 163 KB/s (167765 B / 1000 ms) fsu=0 | cum_total=1781051 B cum_segs=7422
  14.821  SINK rx: 160 KB/s (163915 B / 1000 ms) fsu=0 | cum_total=1944966 B cum_segs=8105
  15.840  SINK rx: 160 KB/s (163925 B / 1000 ms) fsu=0 | cum_total=2108891 B cum_segs=8788
  16.878  SINK rx: 163 KB/s (167520 B / 1000 ms) fsu=0 | cum_total=2276411 B cum_segs=9486
  17.859  SINK rx: 163 KB/s (167275 B / 1000 ms) fsu=0 | cum_total=2443686 B cum_segs=10183
  18.894  SINK rx: 164 KB/s (168000 B / 1000 ms) fsu=0 | cum_total=2611686 B cum_segs=10883
  19.883  SINK rx: 159 KB/s (163445 B / 1000 ms) fsu=0 | cum_total=2775131 B cum_segs=11564
  20.886  SINK rx: 161 KB/s (165355 B / 1000 ms) fsu=0 | cum_total=2940486 B cum_segs=12253
  21.895  SINK rx: 163 KB/s (167520 B / 1000 ms) fsu=0 | cum_total=3108006 B cum_segs=12951
  22.918  SINK rx: 160 KB/s (164640 B / 1000 ms) fsu=0 | cum_total=3272646 B cum_segs=13637
  23.888  SINK rx: 163 KB/s (167765 B / 1000 ms) fsu=0 | cum_total=3440411 B cum_segs=14336
  24.924  SINK rx: 162 KB/s (166795 B / 1000 ms) fsu=0 | cum_total=3607206 B cum_segs=15031
  25.931  SINK rx: 163 KB/s (167765 B / 1000 ms) fsu=0 | cum_total=3774971 B cum_segs=15730
  26.911  SINK rx: 164 KB/s (168000 B / 1000 ms) fsu=0 | cum_total=3942971 B cum_segs=16430
  27.949  SINK rx: 158 KB/s (162720 B / 1000 ms) fsu=0 | cum_total=4105691 B cum_segs=17108
  28.980  SINK rx: 156 KB/s (160320 B / 1000 ms) fsu=0 | cum_total=4266011 B cum_segs=17776
  29.966  SINK rx: 163 KB/s (167520 B / 1000 ms) fsu=0 | cum_total=4433531 B cum_segs=18474
  30.944  SINK rx: 163 KB/s (167520 B / 1000 ms) fsu=0 | cum_total=4601051 B cum_segs=19172
  31.982  SINK rx: 159 KB/s (163200 B / 1000 ms) fsu=0 | cum_total=4764251 B cum_segs=19852
