   0.222  PHY updated: tx=2 rx=2
   0.439  DLE updated: tx_max=27 rx_max=251
   0.439  CoC up — seg_recv sink ready (RX_CREDITS=64, MPS=247)
   0.551  Q3FSU-DONE role=P status=0x00 spacing=52 types=0x3 phys=0x2 initiator=2
   0.727  SINK rx: 0 KB/s (6 B / 1000 ms) fsu=52 | cum_total=6 B cum_segs=1
   1.676  *** Booting Zephyr OS build v4.4.2-16-gfee9fbc62095 ***
   1.676  
   1.676  === nRF52 L2CAP CoC SINK (Zephyr 4.4.1, seg_recv) ===
   1.676  L2CAP server on PSM 0x0080
   1.736  Advertising as 'zenoh-nrf-l2cap'
   2.135  GAP connected: interval=30
   2.412  PHY updated: tx=2 rx=2
   2.578  DLE updated: tx_max=27 rx_max=251
   2.629  CoC up — seg_recv sink ready (RX_CREDITS=64, MPS=247)
   2.748  SINK rx: 0 KB/s (6 B / 1000 ms) fsu=0 | cum_total=6 B cum_segs=1
   2.748  Q3FSU-DONE role=P status=0x00 spacing=52 types=0x3 phys=0x2 initiator=2
   3.717  SINK rx: 146 KB/s (150485 B / 1000 ms) fsu=52 | cum_total=150491 B cum_segs=628
   4.748  SINK rx: 195 KB/s (199915 B / 1000 ms) fsu=52 | cum_total=350406 B cum_segs=1461
   5.762  SINK rx: 195 KB/s (200160 B / 1000 ms) fsu=52 | cum_total=550566 B cum_segs=2295
   6.764  SINK rx: 195 KB/s (199925 B / 1000 ms) fsu=52 | cum_total=750491 B cum_segs=3128
   7.791  SINK rx: 195 KB/s (199915 B / 1000 ms) fsu=52 | cum_total=950406 B cum_segs=3961
   8.763  SINK rx: 195 KB/s (199925 B / 1000 ms) fsu=52 | cum_total=1150331 B cum_segs=4794
   9.777  SINK rx: 195 KB/s (199915 B / 1000 ms) fsu=52 | cum_total=1350246 B cum_segs=5627
  10.819  SINK rx: 195 KB/s (199925 B / 1000 ms) fsu=52 | cum_total=1550171 B cum_segs=6460
  11.777  SINK rx: 195 KB/s (199915 B / 1000 ms) fsu=52 | cum_total=1750086 B cum_segs=7293
  12.814  SINK rx: 195 KB/s (200160 B / 1000 ms) fsu=52 | cum_total=1950246 B cum_segs=8127
  13.847  SINK rx: 195 KB/s (199925 B / 1000 ms) fsu=52 | cum_total=2150171 B cum_segs=8960
  14.802  SINK rx: 188 KB/s (193195 B / 1000 ms) fsu=52 | cum_total=2343366 B cum_segs=9765
  15.831  SINK rx: 195 KB/s (199925 B / 1000 ms) fsu=52 | cum_total=2543291 B cum_segs=10598
  16.849  SINK rx: 195 KB/s (199915 B / 1000 ms) fsu=52 | cum_total=2743206 B cum_segs=11431
  17.868  SINK rx: 195 KB/s (199925 B / 1000 ms) fsu=52 | cum_total=2943131 B cum_segs=12264
  18.838  SINK rx: 189 KB/s (194400 B / 1000 ms) fsu=52 | cum_total=3137531 B cum_segs=13074
  19.842  SINK rx: 192 KB/s (197035 B / 1000 ms) fsu=52 | cum_total=3334566 B cum_segs=13895
  20.872  SINK rx: 194 KB/s (199200 B / 1000 ms) fsu=52 | cum_total=3533766 B cum_segs=14725
  21.888  SINK rx: 190 KB/s (195360 B / 1000 ms) fsu=52 | cum_total=3729126 B cum_segs=15539
  22.911  SINK rx: 195 KB/s (200160 B / 1000 ms) fsu=52 | cum_total=3929286 B cum_segs=16373
  23.899  SINK rx: 191 KB/s (196085 B / 1000 ms) fsu=52 | cum_total=4125371 B cum_segs=17190
  24.935  SINK rx: 195 KB/s (200160 B / 1000 ms) fsu=52 | cum_total=4325531 B cum_segs=18024
  25.898  SINK rx: 195 KB/s (199915 B / 1000 ms) fsu=52 | cum_total=4525446 B cum_segs=18857
  26.912  SINK rx: 195 KB/s (199925 B / 1000 ms) fsu=52 | cum_total=4725371 B cum_segs=19690
  27.959  SINK rx: 195 KB/s (199915 B / 1000 ms) fsu=52 | cum_total=4925286 B cum_segs=20523
  28.938  SINK rx: 195 KB/s (199925 B / 1000 ms) fsu=52 | cum_total=5125211 B cum_segs=21356
  29.929  SINK rx: 195 KB/s (199915 B / 1000 ms) fsu=52 | cum_total=5325126 B cum_segs=22189
  30.956  SINK rx: 189 KB/s (193685 B / 1000 ms) fsu=52 | cum_total=5518811 B cum_segs=22996
  31.966  SINK rx: 188 KB/s (193195 B / 1000 ms) fsu=52 | cum_total=5712006 B cum_segs=23801
