   1.618  found D6:C7:60:B1:D3:0E (random) (rssi -30), connecting
   1.737  GAP connected
   1.737  phy req rc=0
   2.078  *** Booting nRF Connect SDK v3.4.0-99553055607b ***
   2.078  *** Using Zephyr OS v4.4.0-bf801e4e3d19 ***
   2.078  
   2.078  === nRF52840 L2CAP CoC central (Zephyr 4.4.1) ===
   2.078  scan start rc=0
   5.960  found D6:C7:60:B1:D3:0E (random) (rssi -30), connecting
   6.019  GAP connected
   6.019  phy req rc=0
   6.466  PHY: tx=2 rx=2 (2=2M)
   6.466  dle req rc=0
   6.520  l2cap_chan_connect rc=0
   6.690  DLE: tx_max=251 rx_max=251
   6.749  L2CAP connected: tx.mtu=512 tx.mps=247 tx.credits=0 rx.mtu=245 rx.mps=247
   6.749  GATE conn: interval=40 (units 1.25ms) => 50.00 ms
   6.749  Q3FSU-REQ role=C auto min=52 max=52 phys=0x2 rc=0
   6.869  Q3FSU-DONE role=C status=0x00 spacing=65 types=0x3 phys=0x2 initiator=0
   7.032  blasting 480-byte SDUs...
  12.062  RPT occ: (SDC no-occ) fsu=65 | sender: sent=2064(+2064 SDU) eagain=0(+0) poolfail=0(+0)
  22.070  RPT occ: (SDC no-occ) fsu=65 | sender: sent=5991(+3927 SDU) eagain=0(+0) poolfail=0(+0)
