   0.351  SINK rx: 0 KB/s (0 B / 1000 ms) fsu=65 | cum_total=5189051 B cum_segs=21622
   1.374  SINK rx: 0 KB/s (0 B / 1000 ms) fsu=65 | cum_total=5189051 B cum_segs=21622
   1.545  CoC down
   1.545  GAP disconnected (0x08)
   1.605  Advertising as 'zenoh-nrf-l2cap'
   1.725  *** Booting nRF Connect SDK v3.4.0-99553055607b ***
   1.725  *** Using Zephyr OS v4.4.0-bf801e4e3d19 ***
   1.725  
   1.725  === nRF52 L2CAP CoC SINK (Zephyr 4.4.1, seg_recv) ===
   1.725  L2CAP server on PSM 0x0080
   1.725  Advertising as 'zenoh-nrf-l2cap'
   1.781  GAP connected: interval=12
   1.895  PHY updated: tx=2 rx=2
   5.814  GAP disconnected (0x08)
   5.814  Advertising as 'zenoh-nrf-l2cap'
   5.874  GAP connected: interval=12
   6.047  PHY updated: tx=2 rx=2
   6.107  DLE updated: tx_max=251 rx_max=251
   6.107  CoC up — seg_recv sink ready (RX_CREDITS=64, MPS=247)
   6.748  SINK rx: 42 KB/s (43686 B / 1000 ms) fsu=0 | cum_total=43686 B cum_segs=183
   7.754  SINK rx: 157 KB/s (161045 B / 1000 ms) fsu=0 | cum_total=204731 B cum_segs=854
   8.728  SINK rx: 157 KB/s (161280 B / 1000 ms) fsu=0 | cum_total=366011 B cum_segs=1526
   9.752  SINK rx: 157 KB/s (161280 B / 1000 ms) fsu=0 | cum_total=527291 B cum_segs=2198
  10.742  SINK rx: 157 KB/s (161280 B / 1000 ms) fsu=0 | cum_total=688571 B cum_segs=2870
  11.775  SINK rx: 157 KB/s (161035 B / 1000 ms) fsu=0 | cum_total=849606 B cum_segs=3541
  12.767  SINK rx: 157 KB/s (161280 B / 1000 ms) fsu=0 | cum_total=1010886 B cum_segs=4213
  13.790  SINK rx: 157 KB/s (161280 B / 1000 ms) fsu=0 | cum_total=1172166 B cum_segs=4885
  14.817  SINK rx: 157 KB/s (161280 B / 1000 ms) fsu=0 | cum_total=1333446 B cum_segs=5557
  15.835  SINK rx: 157 KB/s (161280 B / 1000 ms) fsu=0 | cum_total=1494726 B cum_segs=6229
  16.815  SINK rx: 155 KB/s (159605 B / 1000 ms) fsu=0 | cum_total=1654331 B cum_segs=6894
  17.844  SINK rx: 157 KB/s (160800 B / 1000 ms) fsu=0 | cum_total=1815131 B cum_segs=7564
  18.857  SINK rx: 155 KB/s (159360 B / 1000 ms) fsu=0 | cum_total=1974491 B cum_segs=8228
  19.825  SINK rx: 157 KB/s (161280 B / 1000 ms) fsu=0 | cum_total=2135771 B cum_segs=8900
  20.848  SINK rx: 157 KB/s (161280 B / 1000 ms) fsu=0 | cum_total=2297051 B cum_segs=9572
  21.841  SINK rx: 155 KB/s (158880 B / 1000 ms) fsu=0 | cum_total=2455931 B cum_segs=10234
  22.886  SINK rx: 153 KB/s (157675 B / 1000 ms) fsu=0 | cum_total=2613606 B cum_segs=10891
  23.866  SINK rx: 157 KB/s (161280 B / 1000 ms) fsu=0 | cum_total=2774886 B cum_segs=11563
  24.854  SINK rx: 155 KB/s (159125 B / 1000 ms) fsu=0 | cum_total=2934011 B cum_segs=12226
  25.908  SINK rx: 157 KB/s (160800 B / 1000 ms) fsu=0 | cum_total=3094811 B cum_segs=12896
  26.874  SINK rx: 155 KB/s (159360 B / 1000 ms) fsu=0 | cum_total=3254171 B cum_segs=13560
  27.903  SINK rx: 155 KB/s (159115 B / 1000 ms) fsu=0 | cum_total=3413286 B cum_segs=14223
  28.903  SINK rx: 157 KB/s (161280 B / 1000 ms) fsu=0 | cum_total=3574566 B cum_segs=14895
  29.888  SINK rx: 157 KB/s (161280 B / 1000 ms) fsu=0 | cum_total=3735846 B cum_segs=15567
  30.922  SINK rx: 156 KB/s (159840 B / 1000 ms) fsu=0 | cum_total=3895686 B cum_segs=16233
  31.914  SINK rx: 157 KB/s (161280 B / 1000 ms) fsu=0 | cum_total=4056966 B cum_segs=16905
