   0.347  SINK rx: 0 KB/s (0 B / 1000 ms) fsu=0 | cum_total=4773126 B cum_segs=19889
   1.336  SINK rx: 0 KB/s (0 B / 1000 ms) fsu=0 | cum_total=4773126 B cum_segs=19889
   1.562  CoC down
   1.562  GAP disconnected (0x08)
   1.562  Advertising as 'zenoh-nrf-l2cap'
   1.729  *** Booting nRF Connect SDK v3.4.0-99553055607b ***
   1.729  *** Using Zephyr OS v4.4.0-bf801e4e3d19 ***
   1.729  
   1.729  === nRF52 L2CAP CoC SINK (Zephyr 4.4.1, seg_recv) ===
   1.729  L2CAP server on PSM 0x0080
   1.729  Advertising as 'zenoh-nrf-l2cap'
   1.783  GAP connected: interval=20
   5.800  GAP disconnected (0x08)
   5.800  Advertising as 'zenoh-nrf-l2cap'
   5.920  GAP connected: interval=20
   6.156  PHY updated: tx=2 rx=2
   6.216  DLE updated: tx_max=251 rx_max=251
   6.266  CoC up — seg_recv sink ready (RX_CREDITS=64, MPS=247)
   6.380  Q3FSU-DONE role=P status=0x00 spacing=65 types=0x3 phys=0x2 initiator=2
   6.738  SINK rx: 23 KB/s (24006 B / 1000 ms) fsu=65 | cum_total=24006 B cum_segs=101
   7.727  SINK rx: 179 KB/s (184085 B / 1000 ms) fsu=65 | cum_total=208091 B cum_segs=868
   8.786  SINK rx: 177 KB/s (181920 B / 1000 ms) fsu=65 | cum_total=390011 B cum_segs=1626
   9.743  SINK rx: 179 KB/s (183360 B / 1000 ms) fsu=65 | cum_total=573371 B cum_segs=2390
  10.769  SINK rx: 178 KB/s (182635 B / 1000 ms) fsu=65 | cum_total=756006 B cum_segs=3151
  11.787  SINK rx: 179 KB/s (184085 B / 1000 ms) fsu=65 | cum_total=940091 B cum_segs=3918
  12.781  SINK rx: 179 KB/s (183595 B / 1000 ms) fsu=65 | cum_total=1123686 B cum_segs=4683
  13.816  SINK rx: 177 KB/s (181440 B / 1000 ms) fsu=65 | cum_total=1305126 B cum_segs=5439
  14.826  SINK rx: 179 KB/s (183840 B / 1000 ms) fsu=65 | cum_total=1488966 B cum_segs=6205
  15.787  SINK rx: 179 KB/s (183605 B / 1000 ms) fsu=65 | cum_total=1672571 B cum_segs=6970
  16.823  SINK rx: 179 KB/s (184075 B / 1000 ms) fsu=65 | cum_total=1856646 B cum_segs=7737
  17.856  SINK rx: 179 KB/s (184085 B / 1000 ms) fsu=65 | cum_total=2040731 B cum_segs=8504
  18.842  SINK rx: 179 KB/s (183595 B / 1000 ms) fsu=65 | cum_total=2224326 B cum_segs=9269
  19.836  SINK rx: 179 KB/s (184085 B / 1000 ms) fsu=65 | cum_total=2408411 B cum_segs=10036
  20.863  SINK rx: 179 KB/s (184075 B / 1000 ms) fsu=65 | cum_total=2592486 B cum_segs=10803
  21.841  SINK rx: 179 KB/s (183360 B / 1000 ms) fsu=65 | cum_total=2775846 B cum_segs=11567
  22.880  SINK rx: 179 KB/s (184085 B / 1000 ms) fsu=65 | cum_total=2959931 B cum_segs=12334
  23.866  SINK rx: 179 KB/s (184075 B / 1000 ms) fsu=65 | cum_total=3144006 B cum_segs=13101
  24.893  SINK rx: 176 KB/s (181205 B / 1000 ms) fsu=65 | cum_total=3325211 B cum_segs=13856
  25.913  SINK rx: 179 KB/s (184075 B / 1000 ms) fsu=65 | cum_total=3509286 B cum_segs=14623
  26.891  SINK rx: 179 KB/s (184085 B / 1000 ms) fsu=65 | cum_total=3693371 B cum_segs=15390
  27.917  SINK rx: 178 KB/s (183115 B / 1000 ms) fsu=65 | cum_total=3876486 B cum_segs=16153
  28.926  SINK rx: 176 KB/s (180725 B / 1000 ms) fsu=65 | cum_total=4057211 B cum_segs=16906
  29.960  SINK rx: 179 KB/s (183360 B / 1000 ms) fsu=65 | cum_total=4240571 B cum_segs=17670
  30.932  SINK rx: 179 KB/s (183595 B / 1000 ms) fsu=65 | cum_total=4424166 B cum_segs=18435
  31.957  SINK rx: 177 KB/s (182165 B / 1000 ms) fsu=65 | cum_total=4606331 B cum_segs=19194
