   0.120  PHY: tx=2 rx=2 (2=2M)
   0.120  dle req rc=0
   0.176  DLE: tx_max=251 rx_max=251
   0.176  l2cap_chan_connect rc=0
   0.177  L2CAP connected: tx.mtu=512 tx.mps=247 tx.credits=0 rx.mtu=245 rx.mps=247
   0.237  GATE conn: interval=12 (units 1.25ms) => 15.00 ms
   0.237  Q3FSU-REQ role=C auto min=150 max=150 phys=0x2 rc=0
   0.237  Q3FSU-DONE role=C status=0x00 spacing=150 types=0x0 phys=0x0 initiator=0
   0.521  blasting 480-byte SDUs...
   2.061  *** Booting nRF Connect SDK v3.4.0-99553055607b ***
   2.061  *** Using Zephyr OS v4.4.0-bf801e4e3d19 ***
   2.061  
   2.061  === nRF52840 L2CAP CoC central (Zephyr 4.4.1) ===
   2.061  scan start rc=0
   2.120  found D6:C7:60:B1:D3:0E (random) (rssi -30), connecting
   2.120  GAP connected
   2.120  phy req rc=0
   2.282  PHY: tx=2 rx=2 (2=2M)
   2.282  dle req rc=0
   2.339  DLE: tx_max=251 rx_max=251
   2.339  l2cap_chan_connect rc=0
   2.340  L2CAP connected: tx.mtu=512 tx.mps=247 tx.credits=0 rx.mtu=245 rx.mps=247
   2.340  GATE conn: interval=12 (units 1.25ms) => 15.00 ms
   2.400  Q3FSU-REQ role=C auto min=150 max=150 phys=0x2 rc=0
   2.400  Q3FSU-DONE role=C status=0x00 spacing=150 types=0x0 phys=0x0 initiator=0
   2.691  blasting 480-byte SDUs...
  12.111  RPT occ: (SDC no-occ) fsu=150 | sender: sent=3203(+3203 SDU) eagain=0(+0) poolfail=0(+0)
  22.069  RPT occ: (SDC no-occ) fsu=150 | sender: sent=6525(+3322 SDU) eagain=0(+0) poolfail=0(+0)
