   0.121  DLE updated: tx_max=27 rx_max=251
   0.121  CoC up — seg_recv sink ready (RX_CREDITS=64, MPS=247)
   0.178  Q3FSU-DONE role=P status=0x00 spacing=52 types=0x3 phys=0x2 initiator=2
   0.593  SINK rx: 19 KB/s (20166 B / 1000 ms) fsu=52 | cum_total=20166 B cum_segs=85
   1.624  SINK rx: 188 KB/s (193205 B / 1000 ms) fsu=52 | cum_total=213371 B cum_segs=890
   1.682  *** Booting Zephyr OS build v4.4.2-16-gfee9fbc62095 ***
   1.682  
   1.742  === nRF52 L2CAP CoC SINK (Zephyr 4.4.1, seg_recv) ===
   1.742  L2CAP server on PSM 0x0080
   1.742  Advertising as 'zenoh-nrf-l2cap'
   2.133  GAP connected: interval=12
   2.248  PHY updated: tx=2 rx=2
   2.300  DLE updated: tx_max=27 rx_max=251
   2.300  CoC up — seg_recv sink ready (RX_CREDITS=64, MPS=247)
   2.355  Q3FSU-DONE role=P status=0x00 spacing=52 types=0x3 phys=0x2 initiator=2
   2.771  SINK rx: 12 KB/s (13211 B / 1000 ms) fsu=52 | cum_total=13211 B cum_segs=56
   3.761  SINK rx: 187 KB/s (191755 B / 1000 ms) fsu=52 | cum_total=204966 B cum_segs=855
   4.794  SINK rx: 189 KB/s (193685 B / 1000 ms) fsu=52 | cum_total=398651 B cum_segs=1662
   5.746  SINK rx: 188 KB/s (193195 B / 1000 ms) fsu=52 | cum_total=591846 B cum_segs=2467
   6.764  SINK rx: 189 KB/s (193685 B / 1000 ms) fsu=52 | cum_total=785531 B cum_segs=3274
   7.809  SINK rx: 188 KB/s (193440 B / 1000 ms) fsu=52 | cum_total=978971 B cum_segs=4080
   8.775  SINK rx: 187 KB/s (192235 B / 1000 ms) fsu=52 | cum_total=1171206 B cum_segs=4881
   9.804  SINK rx: 188 KB/s (193440 B / 1000 ms) fsu=52 | cum_total=1364646 B cum_segs=5687
  10.790  SINK rx: 186 KB/s (190805 B / 1000 ms) fsu=52 | cum_total=1555451 B cum_segs=6482
  11.806  SINK rx: 186 KB/s (191040 B / 1000 ms) fsu=52 | cum_total=1746491 B cum_segs=7278
  12.841  SINK rx: 188 KB/s (192960 B / 1000 ms) fsu=52 | cum_total=1939451 B cum_segs=8082
  13.861  SINK rx: 187 KB/s (191755 B / 1000 ms) fsu=52 | cum_total=2131206 B cum_segs=8881
  14.838  SINK rx: 188 KB/s (193440 B / 1000 ms) fsu=52 | cum_total=2324646 B cum_segs=9687
  15.847  SINK rx: 188 KB/s (193440 B / 1000 ms) fsu=52 | cum_total=2518086 B cum_segs=10493
  16.866  SINK rx: 187 KB/s (191765 B / 1000 ms) fsu=52 | cum_total=2709851 B cum_segs=11292
  17.887  SINK rx: 188 KB/s (193440 B / 1000 ms) fsu=52 | cum_total=2903291 B cum_segs=12098
  18.854  SINK rx: 189 KB/s (193675 B / 1000 ms) fsu=52 | cum_total=3096966 B cum_segs=12905
  19.891  SINK rx: 188 KB/s (193440 B / 1000 ms) fsu=52 | cum_total=3290406 B cum_segs=13711
  20.898  SINK rx: 187 KB/s (192480 B / 1000 ms) fsu=52 | cum_total=3482886 B cum_segs=14513
  21.911  SINK rx: 188 KB/s (193205 B / 1000 ms) fsu=52 | cum_total=3676091 B cum_segs=15318
  22.892  SINK rx: 188 KB/s (193440 B / 1000 ms) fsu=52 | cum_total=3869531 B cum_segs=16124
  23.912  SINK rx: 189 KB/s (193675 B / 1000 ms) fsu=52 | cum_total=4063206 B cum_segs=16931
  24.941  SINK rx: 187 KB/s (192480 B / 1000 ms) fsu=52 | cum_total=4255686 B cum_segs=17733
  25.955  SINK rx: 187 KB/s (192245 B / 1000 ms) fsu=52 | cum_total=4447931 B cum_segs=18534
  26.968  SINK rx: 186 KB/s (191040 B / 1000 ms) fsu=52 | cum_total=4638971 B cum_segs=19330
  27.959  SINK rx: 187 KB/s (191755 B / 1000 ms) fsu=52 | cum_total=4830726 B cum_segs=20129
  28.973  SINK rx: 188 KB/s (193440 B / 1000 ms) fsu=52 | cum_total=5024166 B cum_segs=20935
  29.954  SINK rx: 187 KB/s (191765 B / 1000 ms) fsu=52 | cum_total=5215931 B cum_segs=21734
  30.974  SINK rx: 188 KB/s (193440 B / 1000 ms) fsu=52 | cum_total=5409371 B cum_segs=22540
  31.956  SINK rx: 181 KB/s (185515 B / 1000 ms) fsu=52 | cum_total=5594886 B cum_segs=23313
