   0.359  SINK rx: 0 KB/s (0 B / 1000 ms) fsu=0 | cum_total=4831206 B cum_segs=20131
   1.391  SINK rx: 0 KB/s (0 B / 1000 ms) fsu=0 | cum_total=4831206 B cum_segs=20131
   1.562  CoC down
   1.562  GAP disconnected (0x08)
   1.562  Advertising as 'zenoh-nrf-l2cap'
   1.737  *** Booting nRF Connect SDK v3.4.0-99553055607b ***
   1.737  *** Using Zephyr OS v4.4.0-bf801e4e3d19 ***
   1.737  
   1.737  === nRF52 L2CAP CoC SINK (Zephyr 4.4.1, seg_recv) ===
   1.737  L2CAP server on PSM 0x0080
   1.737  Advertising as 'zenoh-nrf-l2cap'
   1.737  GAP connected: interval=40
   2.190  PHY updated: tx=2 rx=2
   5.960  GAP disconnected (0x08)
   5.960  Advertising as 'zenoh-nrf-l2cap'
   6.019  GAP connected: interval=40
   6.466  PHY updated: tx=2 rx=2
   6.640  CoC up — seg_recv sink ready (RX_CREDITS=64, MPS=247)
   6.640  DLE updated: tx_max=251 rx_max=251
   6.749  SINK rx: 0 KB/s (0 B / 1000 ms) fsu=0 | cum_total=0 B cum_segs=0
   6.870  Q3FSU-DONE role=P status=0x00 spacing=65 types=0x3 phys=0x2 initiator=2
   7.763  SINK rx: 123 KB/s (126971 B / 1000 ms) fsu=65 | cum_total=126971 B cum_segs=530
   8.770  SINK rx: 189 KB/s (193675 B / 1000 ms) fsu=65 | cum_total=320646 B cum_segs=1337
   9.743  SINK rx: 189 KB/s (193685 B / 1000 ms) fsu=65 | cum_total=514331 B cum_segs=2144
  10.750  SINK rx: 189 KB/s (193675 B / 1000 ms) fsu=65 | cum_total=708006 B cum_segs=2951
  11.773  SINK rx: 183 KB/s (187680 B / 1000 ms) fsu=65 | cum_total=895686 B cum_segs=3733
  12.803  SINK rx: 186 KB/s (190805 B / 1000 ms) fsu=65 | cum_total=1086491 B cum_segs=4528
  13.777  SINK rx: 187 KB/s (192235 B / 1000 ms) fsu=65 | cum_total=1278726 B cum_segs=5329
  14.800  SINK rx: 189 KB/s (193685 B / 1000 ms) fsu=65 | cum_total=1472411 B cum_segs=6136
  15.811  SINK rx: 184 KB/s (189355 B / 1000 ms) fsu=65 | cum_total=1661766 B cum_segs=6925
  16.831  SINK rx: 187 KB/s (192000 B / 1000 ms) fsu=65 | cum_total=1853766 B cum_segs=7725
  17.816  SINK rx: 180 KB/s (185045 B / 1000 ms) fsu=65 | cum_total=2038811 B cum_segs=8496
  18.835  SINK rx: 188 KB/s (193195 B / 1000 ms) fsu=65 | cum_total=2232006 B cum_segs=9301
  19.865  SINK rx: 178 KB/s (182645 B / 1000 ms) fsu=65 | cum_total=2414651 B cum_segs=10062
  20.853  SINK rx: 183 KB/s (187915 B / 1000 ms) fsu=65 | cum_total=2602566 B cum_segs=10845
  21.832  SINK rx: 187 KB/s (192245 B / 1000 ms) fsu=65 | cum_total=2794811 B cum_segs=11646
  22.866  SINK rx: 184 KB/s (189120 B / 1000 ms) fsu=65 | cum_total=2983931 B cum_segs=12434
  23.899  SINK rx: 189 KB/s (193675 B / 1000 ms) fsu=65 | cum_total=3177606 B cum_segs=13241
  24.867  SINK rx: 188 KB/s (193205 B / 1000 ms) fsu=65 | cum_total=3370811 B cum_segs=14046
  25.860  SINK rx: 189 KB/s (193675 B / 1000 ms) fsu=65 | cum_total=3564486 B cum_segs=14853
  26.898  SINK rx: 189 KB/s (193685 B / 1000 ms) fsu=65 | cum_total=3758171 B cum_segs=15660
  27.907  SINK rx: 189 KB/s (193675 B / 1000 ms) fsu=65 | cum_total=3951846 B cum_segs=16467
  28.939  SINK rx: 189 KB/s (193685 B / 1000 ms) fsu=65 | cum_total=4145531 B cum_segs=17274
  29.925  SINK rx: 185 KB/s (190315 B / 1000 ms) fsu=65 | cum_total=4335846 B cum_segs=18067
  30.947  SINK rx: 174 KB/s (178805 B / 1000 ms) fsu=65 | cum_total=4514651 B cum_segs=18812
  31.961  SINK rx: 189 KB/s (193675 B / 1000 ms) fsu=65 | cum_total=4708326 B cum_segs=19619
