   1.723  found D6:C7:60:B1:D3:0E (random) (rssi -32), connecting
   1.723  Q2CONN AA=afa33f58 CRCINIT=734bf9 hop=15 chan_count=37 map=ffffffff1f
   1.783  GAP connected
   1.783  phy req rc=0
   2.070  *** Booting Zephyr OS build v4.4.2-16-gfee9fbc62095 ***
   2.070  
   2.070  === nRF52840 L2CAP CoC central (Zephyr 4.4.1) ===
   2.070  scan start rc=0
   6.103  found D6:C7:60:B1:D3:0E (random) (rssi -30), connecting
   6.103  Q2CONN AA=8882e12e CRCINIT=3884d8 hop=9 chan_count=37 map=ffffffff1f
   6.161  GAP connected
   6.161  phy req rc=0
   6.551  PHY: tx=2 rx=2 (2=2M)
   6.551  dle req rc=0
   6.663  l2cap_chan_connect rc=0
   6.780  DLE: tx_max=251 rx_max=27
   6.836  L2CAP connected: tx.mtu=512 tx.mps=247 tx.credits=0 rx.mtu=245 rx.mps=247
   6.836  GATE conn: interval=40 (units 1.25ms) => 50.00 ms
   6.895  Q3FSU-REQ role=C auto min=150 max=150 phys=0x2 rc=0
   7.196  blasting 480-byte SDUs...
  12.386  RPT occ: events=0 mean_pkts/ev=0.00 max=0 nonempty_ev=0 fsu=0 | sender: sent=1899(+1899 SDU) eagain=0(+0) poolfail=0(+0)
  22.383  RPT occ: events=0 mean_pkts/ev=0.00 max=0 nonempty_ev=0 fsu=0 | sender: sent=5425(+3526 SDU) eagain=0(+0) poolfail=0(+0)
