   0.060  DLE updated: tx_max=27 rx_max=251
   0.060  CoC up — seg_recv sink ready (RX_CREDITS=64, MPS=247)
   0.581  SINK rx: 24 KB/s (25211 B / 1000 ms) fsu=0 | cum_total=25211 B cum_segs=106
   1.593  SINK rx: 157 KB/s (161035 B / 1000 ms) fsu=0 | cum_total=186246 B cum_segs=777
   1.709  *** Booting Zephyr OS build v4.4.2-16-gfee9fbc62095 ***
   1.709  
   1.709  === nRF52 L2CAP CoC SINK (Zephyr 4.4.1, seg_recv) ===
   1.709  L2CAP server on PSM 0x0080
   1.709  Advertising as 'zenoh-nrf-l2cap'
   1.999  GAP connected: interval=6
   2.053  PHY updated: tx=2 rx=2
   2.111  DLE updated: tx_max=27 rx_max=251
   2.111  CoC up — seg_recv sink ready (RX_CREDITS=64, MPS=247)
   2.752  SINK rx: 42 KB/s (43931 B / 1000 ms) fsu=0 | cum_total=43931 B cum_segs=184
   3.749  SINK rx: 156 KB/s (160075 B / 1000 ms) fsu=0 | cum_total=204006 B cum_segs=851
   4.761  SINK rx: 156 KB/s (160085 B / 1000 ms) fsu=0 | cum_total=364091 B cum_segs=1518
   5.740  SINK rx: 156 KB/s (160555 B / 1000 ms) fsu=0 | cum_total=524646 B cum_segs=2187
   6.749  SINK rx: 157 KB/s (161045 B / 1000 ms) fsu=0 | cum_total=685691 B cum_segs=2858
   7.781  SINK rx: 157 KB/s (161280 B / 1000 ms) fsu=0 | cum_total=846971 B cum_segs=3530
   8.760  SINK rx: 157 KB/s (161280 B / 1000 ms) fsu=0 | cum_total=1008251 B cum_segs=4202
   9.787  SINK rx: 157 KB/s (161035 B / 1000 ms) fsu=0 | cum_total=1169286 B cum_segs=4873
  10.813  SINK rx: 157 KB/s (160800 B / 1000 ms) fsu=0 | cum_total=1330086 B cum_segs=5543
  11.813  SINK rx: 157 KB/s (161280 B / 1000 ms) fsu=0 | cum_total=1491366 B cum_segs=6215
  12.845  SINK rx: 157 KB/s (161280 B / 1000 ms) fsu=0 | cum_total=1652646 B cum_segs=6887
  13.808  SINK rx: 157 KB/s (161280 B / 1000 ms) fsu=0 | cum_total=1813926 B cum_segs=7559
  14.836  SINK rx: 157 KB/s (161280 B / 1000 ms) fsu=0 | cum_total=1975206 B cum_segs=8231
  15.860  SINK rx: 157 KB/s (161280 B / 1000 ms) fsu=0 | cum_total=2136486 B cum_segs=8903
  16.833  SINK rx: 157 KB/s (161280 B / 1000 ms) fsu=0 | cum_total=2297766 B cum_segs=9575
  17.866  SINK rx: 157 KB/s (161045 B / 1000 ms) fsu=0 | cum_total=2458811 B cum_segs=10246
  18.839  SINK rx: 157 KB/s (161515 B / 1000 ms) fsu=0 | cum_total=2620326 B cum_segs=10919
  19.887  SINK rx: 157 KB/s (161280 B / 1000 ms) fsu=0 | cum_total=2781606 B cum_segs=11591
  20.891  SINK rx: 157 KB/s (161045 B / 1000 ms) fsu=0 | cum_total=2942651 B cum_segs=12262
  21.872  SINK rx: 157 KB/s (161280 B / 1000 ms) fsu=0 | cum_total=3103931 B cum_segs=12934
  22.924  SINK rx: 157 KB/s (161280 B / 1000 ms) fsu=0 | cum_total=3265211 B cum_segs=13606
  23.876  SINK rx: 157 KB/s (161280 B / 1000 ms) fsu=0 | cum_total=3426491 B cum_segs=14278
  24.893  SINK rx: 157 KB/s (161280 B / 1000 ms) fsu=0 | cum_total=3587771 B cum_segs=14950
  25.896  SINK rx: 157 KB/s (161280 B / 1000 ms) fsu=0 | cum_total=3749051 B cum_segs=15622
  26.918  SINK rx: 157 KB/s (161280 B / 1000 ms) fsu=0 | cum_total=3910331 B cum_segs=16294
  27.937  SINK rx: 157 KB/s (161280 B / 1000 ms) fsu=0 | cum_total=4071611 B cum_segs=16966
  28.921  SINK rx: 157 KB/s (161035 B / 1000 ms) fsu=0 | cum_total=4232646 B cum_segs=17637
  29.968  SINK rx: 157 KB/s (161280 B / 1000 ms) fsu=0 | cum_total=4393926 B cum_segs=18309
  30.970  SINK rx: 157 KB/s (161280 B / 1000 ms) fsu=0 | cum_total=4555206 B cum_segs=18981
  31.962  SINK rx: 157 KB/s (161280 B / 1000 ms) fsu=0 | cum_total=4716486 B cum_segs=19653
