   1.717  found D6:C7:60:B1:D3:0E (random) (rssi -32), connecting
   1.777  GAP connected
   1.777  phy req rc=0
   1.954  *** Booting nRF Connect SDK v3.4.0-99553055607b ***
   1.954  *** Using Zephyr OS v4.4.0-bf801e4e3d19 ***
   1.954  
   1.954  === nRF52840 L2CAP CoC central (Zephyr 4.4.1) ===
   1.954  scan start rc=0
   5.873  found D6:C7:60:B1:D3:0E (random) (rssi -30), connecting
   5.933  GAP connected
   5.933  phy req rc=0
   6.337  PHY: tx=2 rx=2 (2=2M)
   6.337  dle req rc=0
   6.398  l2cap_chan_connect rc=0
   6.568  DLE: tx_max=251 rx_max=251
   6.627  L2CAP connected: tx.mtu=512 tx.mps=247 tx.credits=0 rx.mtu=245 rx.mps=247
   6.627  GATE conn: interval=40 (units 1.25ms) => 50.00 ms
   6.627  Q3FSU-REQ role=C auto min=150 max=150 phys=0x2 rc=0
   6.792  Q3FSU-DONE role=C status=0x00 spacing=150 types=0x0 phys=0x0 initiator=0
   6.905  blasting 480-byte SDUs...
  11.933  RPT occ: (SDC no-occ) fsu=150 | sender: sent=1777(+1777 SDU) eagain=0(+0) poolfail=0(+0)
  21.941  RPT occ: (SDC no-occ) fsu=150 | sender: sent=5228(+3451 SDU) eagain=0(+0) poolfail=0(+0)
  31.997  RPT occ: (SDC no-occ) fsu=150 | sender: sent=8682(+3454 SDU) eagain=0(+0) poolfail=0(+0)
