   1.723  *** Booting Zephyr OS build v4.4.2-16-gfee9fbc62095 ***
   1.723  
   1.723  === nRF52 L2CAP CoC SINK (Zephyr 4.4.1, seg_recv) ===
   1.723  L2CAP server on PSM 0x0080
   1.723  Advertising as 'zenoh-nrf-l2cap'
   2.422  GAP connected: interval=6
   2.422  DLE updated: tx_max=251 rx_max=27
   2.477  PHY updated: tx=2 rx=2
   2.532  DLE updated: tx_max=251 rx_max=251
   2.532  CoC up — seg_recv sink ready (RX_CREDITS=64, MPS=247)
   3.017  SINK rx: 14 KB/s (15131 B / 1000 ms) fsu=0 | cum_total=15131 B cum_segs=64 | UP sent=412 eagain=0 lasterr=0 txcred=104 host_pulls=0
   3.506  CTRACE n=1652 nofeed=30 cr0=0 ctrlfull=1622 hostheld=0 | ctrlempty=0 ctrlbufs=64 cr_mean_x10=978 returns=14 ret_cr=583 zero_ep=0
   4.038  SINK rx: 57 KB/s (59040 B / 1000 ms) fsu=0 | cum_total=74171 B cum_segs=310 | UP sent=907 eagain=0 lasterr=0 txcred=101 host_pulls=0
   4.529  CTRACE n=1669 nofeed=0 cr0=0 ctrlfull=1669 hostheld=0 | ctrlempty=0 ctrlbufs=64 cr_mean_x10=989 returns=11 ret_cr=440 zero_ep=0
   5.068  SINK rx: 57 KB/s (59040 B / 1000 ms) fsu=0 | cum_total=133211 B cum_segs=556 | UP sent=1406 eagain=0 lasterr=0 txcred=94 host_pulls=0
   5.555  CTRACE n=1672 nofeed=0 cr0=0 ctrlfull=1672 hostheld=0 | ctrlempty=0 ctrlbufs=64 cr_mean_x10=952 returns=12 ret_cr=480 zero_ep=0
   6.093  SINK rx: 57 KB/s (59040 B / 1000 ms) fsu=0 | cum_total=192251 B cum_segs=802 | UP sent=1907 eagain=0 lasterr=0 txcred=126 host_pulls=0
   6.531  CTRACE n=1667 nofeed=0 cr0=0 ctrlfull=1667 hostheld=0 | ctrlempty=0 ctrlbufs=64 cr_mean_x10=914 returns=12 ret_cr=480 zero_ep=0
   7.066  SINK rx: 57 KB/s (59040 B / 1000 ms) fsu=0 | cum_total=251291 B cum_segs=1048 | UP sent=2406 eagain=0 lasterr=0 txcred=119 host_pulls=0
   7.555  CTRACE n=1666 nofeed=0 cr0=0 ctrlfull=1666 hostheld=0 | ctrlempty=0 ctrlbufs=64 cr_mean_x10=877 returns=12 ret_cr=480 zero_ep=0
   8.098  SINK rx: 57 KB/s (59040 B / 1000 ms) fsu=0 | cum_total=310331 B cum_segs=1294 | UP sent=2908 eagain=0 lasterr=0 txcred=109 host_pulls=0
   8.578  CTRACE n=1674 nofeed=0 cr0=0 ctrlfull=1674 hostheld=0 | ctrlempty=0 ctrlbufs=64 cr_mean_x10=895 returns=11 ret_cr=440 zero_ep=0
   9.122  SINK rx: 57 KB/s (59040 B / 1000 ms) fsu=0 | cum_total=369371 B cum_segs=1540 | UP sent=3401 eagain=0 lasterr=0 txcred=108 host_pulls=0
   9.605  CTRACE n=1671 nofeed=0 cr0=0 ctrlfull=1671 hostheld=0 | ctrlempty=0 ctrlbufs=64 cr_mean_x10=1060 returns=11 ret_cr=439 zero_ep=0
  10.135  SINK rx: 57 KB/s (59040 B / 1000 ms) fsu=0 | cum_total=428411 B cum_segs=1786 | UP sent=3898 eagain=0 lasterr=0 txcred=103 host_pulls=0
  10.616  CTRACE n=1670 nofeed=0 cr0=0 ctrlfull=1670 hostheld=0 | ctrlempty=0 ctrlbufs=64 cr_mean_x10=1026 returns=11 ret_cr=440 zero_ep=0
  11.152  SINK rx: 57 KB/s (59040 B / 1000 ms) fsu=0 | cum_total=487451 B cum_segs=2032 | UP sent=4384 eagain=0 lasterr=0 txcred=108 host_pulls=0
  11.639  CTRACE n=1671 nofeed=0 cr0=0 ctrlfull=1671 hostheld=0 | ctrlempty=0 ctrlbufs=64 cr_mean_x10=991 returns=12 ret_cr=480 zero_ep=0
  12.181  SINK rx: 57 KB/s (59040 B / 1000 ms) fsu=0 | cum_total=546491 B cum_segs=2278 | UP sent=4878 eagain=0 lasterr=0 txcred=106 host_pulls=0
  12.619  CTRACE n=1669 nofeed=0 cr0=0 ctrlfull=1669 hostheld=0 | ctrlempty=0 ctrlbufs=64 cr_mean_x10=952 returns=12 ret_cr=480 zero_ep=0
  13.151  SINK rx: 56 KB/s (57355 B / 1000 ms) fsu=0 | cum_total=603846 B cum_segs=2517 | UP sent=5368 eagain=0 lasterr=0 txcred=68 host_pulls=0
  13.639  CTRACE n=1676 nofeed=0 cr0=0 ctrlfull=1676 hostheld=0 | ctrlempty=0 ctrlbufs=64 cr_mean_x10=917 returns=12 ret_cr=480 zero_ep=0
  14.184  SINK rx: 56 KB/s (57365 B / 1000 ms) fsu=0 | cum_total=661211 B cum_segs=2756 | UP sent=5859 eagain=0 lasterr=0 txcred=69 host_pulls=0
  14.665  CTRACE n=1670 nofeed=0 cr0=0 ctrlfull=1670 hostheld=0 | ctrlempty=0 ctrlbufs=64 cr_mean_x10=877 returns=12 ret_cr=480 zero_ep=0
  15.206  SINK rx: 57 KB/s (58795 B / 1000 ms) fsu=0 | cum_total=720006 B cum_segs=3001 | UP sent=6356 eagain=0 lasterr=0 txcred=64 host_pulls=0
  15.685  CTRACE n=1674 nofeed=0 cr0=0 ctrlfull=1674 hostheld=0 | ctrlempty=0 ctrlbufs=64 cr_mean_x10=897 returns=13 ret_cr=520 zero_ep=0
  16.220  SINK rx: 55 KB/s (56885 B / 1000 ms) fsu=0 | cum_total=776891 B cum_segs=3238 | UP sent=6846 eagain=0 lasterr=0 txcred=107 host_pulls=0
  16.649  CTRACE n=1670 nofeed=0 cr0=0 ctrlfull=1670 hostheld=0 | ctrlempty=0 ctrlbufs=64 cr_mean_x10=1059 returns=11 ret_cr=440 zero_ep=0
  17.240  SINK rx: 55 KB/s (57120 B / 1000 ms) fsu=0 | cum_total=834011 B cum_segs=3476 | UP sent=7336 eagain=0 lasterr=0 txcred=109 host_pulls=0
  17.674  CTRACE n=1675 nofeed=0 cr0=0 ctrlfull=1675 hostheld=0 | ctrlempty=0 ctrlbufs=64 cr_mean_x10=1019 returns=11 ret_cr=440 zero_ep=0
  18.216  SINK rx: 56 KB/s (57600 B / 1000 ms) fsu=0 | cum_total=891611 B cum_segs=3716 | UP sent=7828 eagain=0 lasterr=0 txcred=109 host_pulls=0
  18.700  CTRACE n=1671 nofeed=0 cr0=0 ctrlfull=1671 hostheld=0 | ctrlempty=0 ctrlbufs=64 cr_mean_x10=983 returns=11 ret_cr=440 zero_ep=0
  19.244  SINK rx: 56 KB/s (58315 B / 1000 ms) fsu=0 | cum_total=949926 B cum_segs=3959 | UP sent=8321 eagain=0 lasterr=0 txcred=108 host_pulls=0
  19.733  CTRACE n=1671 nofeed=0 cr0=0 ctrlfull=1671 hostheld=0 | ctrlempty=0 ctrlbufs=64 cr_mean_x10=945 returns=11 ret_cr=440 zero_ep=0
  20.271  SINK rx: 57 KB/s (59040 B / 1000 ms) fsu=0 | cum_total=1008966 B cum_segs=4205 | UP sent=8815 eagain=0 lasterr=0 txcred=106 host_pulls=0
  20.703  CTRACE n=1670 nofeed=0 cr0=0 ctrlfull=1670 hostheld=0 | ctrlempty=0 ctrlbufs=64 cr_mean_x10=907 returns=10 ret_cr=400 zero_ep=0
  21.254  SINK rx: 57 KB/s (59040 B / 1000 ms) fsu=0 | cum_total=1068006 B cum_segs=4451 | UP sent=9309 eagain=0 lasterr=0 txcred=103 host_pulls=0
  21.743  CTRACE n=1671 nofeed=0 cr0=0 ctrlfull=1671 hostheld=0 | ctrlempty=0 ctrlbufs=64 cr_mean_x10=869 returns=11 ret_cr=440 zero_ep=0
  22.283  SINK rx: 57 KB/s (59040 B / 1000 ms) fsu=0 | cum_total=1127046 B cum_segs=4697 | UP sent=9799 eagain=0 lasterr=0 txcred=106 host_pulls=0
  22.773  CTRACE n=1672 nofeed=0 cr0=0 ctrlfull=1672 hostheld=0 | ctrlempty=0 ctrlbufs=64 cr_mean_x10=936 returns=11 ret_cr=439 zero_ep=0
  23.313  SINK rx: 57 KB/s (59040 B / 1000 ms) fsu=0 | cum_total=1186086 B cum_segs=4943 | UP sent=10300 eagain=0 lasterr=0 txcred=97 host_pulls=0
  23.741  CTRACE n=1674 nofeed=0 cr0=0 ctrlfull=1674 hostheld=0 | ctrlempty=0 ctrlbufs=64 cr_mean_x10=1055 returns=11 ret_cr=440 zero_ep=0
  24.330  SINK rx: 57 KB/s (59040 B / 1000 ms) fsu=0 | cum_total=1245126 B cum_segs=5189 | UP sent=10796 eagain=0 lasterr=0 txcred=93 host_pulls=0
  24.758  CTRACE n=1670 nofeed=0 cr0=0 ctrlfull=1670 hostheld=0 | ctrlempty=0 ctrlbufs=64 cr_mean_x10=1023 returns=11 ret_cr=440 zero_ep=0
  25.355  SINK rx: 57 KB/s (59040 B / 1000 ms) fsu=0 | cum_total=1304166 B cum_segs=5435 | UP sent=11287 eagain=0 lasterr=0 txcred=94 host_pulls=0
  25.788  CTRACE n=1669 nofeed=0 cr0=0 ctrlfull=1669 hostheld=0 | ctrlempty=0 ctrlbufs=64 cr_mean_x10=980 returns=12 ret_cr=480 zero_ep=0
  26.332  SINK rx: 57 KB/s (59040 B / 1000 ms) fsu=0 | cum_total=1363206 B cum_segs=5681 | UP sent=11782 eagain=0 lasterr=0 txcred=91 host_pulls=0
  26.815  CTRACE n=1668 nofeed=0 cr0=0 ctrlfull=1668 hostheld=0 | ctrlempty=0 ctrlbufs=64 cr_mean_x10=946 returns=12 ret_cr=480 zero_ep=0
  27.350  SINK rx: 57 KB/s (59040 B / 1000 ms) fsu=0 | cum_total=1422246 B cum_segs=5927 | UP sent=12281 eagain=0 lasterr=0 txcred=125 host_pulls=0
  27.788  CTRACE n=1670 nofeed=0 cr0=0 ctrlfull=1670 hostheld=0 | ctrlempty=0 ctrlbufs=64 cr_mean_x10=906 returns=12 ret_cr=480 zero_ep=0
  28.381  SINK rx: 57 KB/s (59040 B / 1000 ms) fsu=0 | cum_total=1481286 B cum_segs=6173 | UP sent=12781 eagain=0 lasterr=0 txcred=117 host_pulls=0
  28.814  CTRACE n=1673 nofeed=0 cr0=0 ctrlfull=1673 hostheld=0 | ctrlempty=0 ctrlbufs=64 cr_mean_x10=869 returns=12 ret_cr=480 zero_ep=0
  29.360  SINK rx: 57 KB/s (59040 B / 1000 ms) fsu=0 | cum_total=1540326 B cum_segs=6419 | UP sent=13275 eagain=0 lasterr=0 txcred=114 host_pulls=0
  29.852  CTRACE n=1673 nofeed=0 cr0=0 ctrlfull=1673 hostheld=0 | ctrlempty=0 ctrlbufs=64 cr_mean_x10=966 returns=13 ret_cr=520 zero_ep=0
  30.393  SINK rx: 57 KB/s (59040 B / 1000 ms) fsu=0 | cum_total=1599366 B cum_segs=6665 | UP sent=13768 eagain=0 lasterr=0 txcred=114 host_pulls=0
  30.824  CTRACE n=1670 nofeed=0 cr0=0 ctrlfull=1670 hostheld=0 | ctrlempty=0 ctrlbufs=64 cr_mean_x10=1052 returns=12 ret_cr=480 zero_ep=0
  31.413  SINK rx: 57 KB/s (59040 B / 1000 ms) fsu=0 | cum_total=1658406 B cum_segs=6911 | UP sent=14266 eagain=0 lasterr=0 txcred=108 host_pulls=0
  31.850  CTRACE n=1669 nofeed=0 cr0=0 ctrlfull=1669 hostheld=0 | ctrlempty=0 ctrlbufs=64 cr_mean_x10=1014 returns=12 ret_cr=480 zero_ep=0
  32.444  SINK rx: 57 KB/s (59040 B / 1000 ms) fsu=0 | cum_total=1717446 B cum_segs=7157 | UP sent=14765 eagain=0 lasterr=0 txcred=100 host_pulls=0
  32.872  CTRACE n=1673 nofeed=0 cr0=0 ctrlfull=1673 hostheld=0 | ctrlempty=0 ctrlbufs=64 cr_mean_x10=976 returns=12 ret_cr=480 zero_ep=0
  33.463  SINK rx: 57 KB/s (59040 B / 1000 ms) fsu=0 | cum_total=1776486 B cum_segs=7403 | UP sent=15268 eagain=0 lasterr=0 txcred=90 host_pulls=0
  33.898  CTRACE n=1669 nofeed=0 cr0=0 ctrlfull=1669 hostheld=0 | ctrlempty=0 ctrlbufs=64 cr_mean_x10=937 returns=12 ret_cr=480 zero_ep=0
  34.444  SINK rx: 57 KB/s (59040 B / 1000 ms) fsu=0 | cum_total=1835526 B cum_segs=7649 | UP sent=15771 eagain=0 lasterr=0 txcred=120 host_pulls=0
  34.874  CTRACE n=1669 nofeed=0 cr0=0 ctrlfull=1669 hostheld=0 | ctrlempty=0 ctrlbufs=64 cr_mean_x10=903 returns=12 ret_cr=480 zero_ep=0
  35.469  SINK rx: 57 KB/s (59040 B / 1000 ms) fsu=0 | cum_total=1894566 B cum_segs=7895 | UP sent=16258 eagain=0 lasterr=0 txcred=125 host_pulls=0
  35.898  CTRACE n=1674 nofeed=0 cr0=0 ctrlfull=1674 hostheld=0 | ctrlempty=0 ctrlbufs=64 cr_mean_x10=865 returns=12 ret_cr=480 zero_ep=0
  36.499  SINK rx: 57 KB/s (59040 B / 1000 ms) fsu=0 | cum_total=1953606 B cum_segs=8141 | UP sent=16749 eagain=0 lasterr=0 txcred=126 host_pulls=0
  36.931  CTRACE n=1669 nofeed=0 cr0=0 ctrlfull=1669 hostheld=0 | ctrlempty=0 ctrlbufs=64 cr_mean_x10=987 returns=13 ret_cr=520 zero_ep=0
  37.474  SINK rx: 57 KB/s (58805 B / 1000 ms) fsu=0 | cum_total=2012411 B cum_segs=8386 | UP sent=17243 eagain=0 lasterr=0 txcred=83 host_pulls=0
  37.902  CTRACE n=1671 nofeed=0 cr0=0 ctrlfull=1671 hostheld=0 | ctrlempty=0 ctrlbufs=64 cr_mean_x10=1045 returns=12 ret_cr=480 zero_ep=0
  38.494  SINK rx: 57 KB/s (59040 B / 1000 ms) fsu=0 | cum_total=2071451 B cum_segs=8632 | UP sent=17741 eagain=0 lasterr=0 txcred=77 host_pulls=0
  38.928  CTRACE n=1670 nofeed=0 cr0=0 ctrlfull=1670 hostheld=0 | ctrlempty=0 ctrlbufs=64 cr_mean_x10=1006 returns=12 ret_cr=480 zero_ep=0
  39.513  SINK rx: 57 KB/s (58560 B / 1000 ms) fsu=0 | cum_total=2130011 B cum_segs=8876 | UP sent=18237 eagain=0 lasterr=0 txcred=73 host_pulls=0
  39.939  CTRACE n=1670 nofeed=0 cr0=0 ctrlfull=1670 hostheld=0 | ctrlempty=0 ctrlbufs=64 cr_mean_x10=969 returns=12 ret_cr=480 zero_ep=0
