   1.670  *** Booting Zephyr OS build v4.4.2-16-gfee9fbc62095 ***
   1.671  
   1.726  === nRF52 L2CAP CoC SINK (Zephyr 4.4.1, seg_recv) ===
   1.726  L2CAP server on PSM 0x0080
   1.726  Advertising as 'zenoh-nrf-l2cap'
   2.379  GAP connected: interval=6
   2.434  DLE updated: tx_max=251 rx_max=27
   2.434  PHY updated: tx=2 rx=2
   2.489  DLE updated: tx_max=251 rx_max=251
   2.490  CoC up — seg_recv sink ready (RX_CREDITS=64, MPS=247)
   3.033  SINK rx: 27 KB/s (28571 B / 1000 ms) fsu=0 | cum_total=28571 B cum_segs=120 | UP sent=0 eagain=0 lasterr=0 txcred=417 host_pulls=0
   3.520  CTRACE n=1693 nofeed=1693 cr0=0 ctrlfull=0 hostheld=0 | ctrlempty=1618 ctrlbufs=64 cr_mean_x10=4150 returns=1 ret_cr=64 zero_ep=0
   4.010  SINK rx: 157 KB/s (161760 B / 1000 ms) fsu=0 | cum_total=190331 B cum_segs=794 | UP sent=0 eagain=0 lasterr=0 txcred=417 host_pulls=0
   4.495  CTRACE n=1694 nofeed=1694 cr0=0 ctrlfull=0 hostheld=0 | ctrlempty=1606 ctrlbufs=64 cr_mean_x10=4170 returns=0 ret_cr=0 zero_ep=0
   5.027  SINK rx: 157 KB/s (161760 B / 1000 ms) fsu=0 | cum_total=352091 B cum_segs=1468 | UP sent=0 eagain=0 lasterr=0 txcred=417 host_pulls=0
   5.515  CTRACE n=1694 nofeed=1694 cr0=0 ctrlfull=0 hostheld=0 | ctrlempty=1608 ctrlbufs=64 cr_mean_x10=4170 returns=0 ret_cr=0 zero_ep=0
   6.065  SINK rx: 151 KB/s (155275 B / 1000 ms) fsu=0 | cum_total=507366 B cum_segs=2115 | UP sent=0 eagain=0 lasterr=0 txcred=417 host_pulls=0
   6.547  CTRACE n=1696 nofeed=1696 cr0=0 ctrlfull=0 hostheld=0 | ctrlempty=1612 ctrlbufs=64 cr_mean_x10=4170 returns=0 ret_cr=0 zero_ep=0
   7.085  SINK rx: 149 KB/s (152885 B / 1000 ms) fsu=0 | cum_total=660251 B cum_segs=2752 | UP sent=0 eagain=0 lasterr=0 txcred=417 host_pulls=0
   7.571  CTRACE n=1695 nofeed=1695 cr0=0 ctrlfull=0 hostheld=0 | ctrlempty=1616 ctrlbufs=64 cr_mean_x10=4170 returns=0 ret_cr=0 zero_ep=0
   8.059  SINK rx: 156 KB/s (160320 B / 1000 ms) fsu=0 | cum_total=820571 B cum_segs=3420 | UP sent=0 eagain=0 lasterr=0 txcred=417 host_pulls=0
   8.542  CTRACE n=1692 nofeed=1692 cr0=0 ctrlfull=0 hostheld=0 | ctrlempty=1608 ctrlbufs=64 cr_mean_x10=4170 returns=0 ret_cr=0 zero_ep=0
   9.072  SINK rx: 158 KB/s (161995 B / 1000 ms) fsu=0 | cum_total=982566 B cum_segs=4095 | UP sent=0 eagain=0 lasterr=0 txcred=417 host_pulls=0
   9.568  CTRACE n=1696 nofeed=1696 cr0=0 ctrlfull=0 hostheld=0 | ctrlempty=1609 ctrlbufs=64 cr_mean_x10=4170 returns=0 ret_cr=0 zero_ep=0
  10.112  SINK rx: 157 KB/s (161280 B / 1000 ms) fsu=0 | cum_total=1143846 B cum_segs=4767 | UP sent=0 eagain=0 lasterr=0 txcred=417 host_pulls=0
  10.602  CTRACE n=1693 nofeed=1693 cr0=0 ctrlfull=0 hostheld=0 | ctrlempty=1606 ctrlbufs=64 cr_mean_x10=4170 returns=0 ret_cr=0 zero_ep=0
  11.147  SINK rx: 158 KB/s (162005 B / 1000 ms) fsu=0 | cum_total=1305851 B cum_segs=5442 | UP sent=0 eagain=0 lasterr=0 txcred=417 host_pulls=0
  11.583  CTRACE n=1695 nofeed=1695 cr0=0 ctrlfull=0 hostheld=0 | ctrlempty=1610 ctrlbufs=64 cr_mean_x10=4170 returns=0 ret_cr=0 zero_ep=0
  12.123  SINK rx: 157 KB/s (161035 B / 1000 ms) fsu=0 | cum_total=1466886 B cum_segs=6113 | UP sent=0 eagain=0 lasterr=0 txcred=417 host_pulls=0
  12.615  CTRACE n=1694 nofeed=1694 cr0=0 ctrlfull=0 hostheld=0 | ctrlempty=1596 ctrlbufs=64 cr_mean_x10=4170 returns=0 ret_cr=0 zero_ep=0
  13.160  SINK rx: 157 KB/s (161760 B / 1000 ms) fsu=0 | cum_total=1628646 B cum_segs=6787 | UP sent=0 eagain=0 lasterr=0 txcred=417 host_pulls=0
  13.649  CTRACE n=1694 nofeed=1694 cr0=0 ctrlfull=0 hostheld=0 | ctrlempty=1607 ctrlbufs=64 cr_mean_x10=4170 returns=0 ret_cr=0 zero_ep=0
  14.187  SINK rx: 157 KB/s (161760 B / 1000 ms) fsu=0 | cum_total=1790406 B cum_segs=7461 | UP sent=0 eagain=0 lasterr=0 txcred=417 host_pulls=0
  14.625  CTRACE n=1694 nofeed=1694 cr0=0 ctrlfull=0 hostheld=0 | ctrlempty=1610 ctrlbufs=64 cr_mean_x10=4170 returns=0 ret_cr=0 zero_ep=0
  15.159  SINK rx: 157 KB/s (161525 B / 1000 ms) fsu=0 | cum_total=1951931 B cum_segs=8134 | UP sent=0 eagain=0 lasterr=0 txcred=417 host_pulls=0
  15.647  CTRACE n=1693 nofeed=1693 cr0=0 ctrlfull=0 hostheld=0 | ctrlempty=1602 ctrlbufs=64 cr_mean_x10=4170 returns=0 ret_cr=0 zero_ep=0
  16.188  SINK rx: 157 KB/s (161035 B / 1000 ms) fsu=0 | cum_total=2112966 B cum_segs=8805 | UP sent=0 eagain=0 lasterr=0 txcred=417 host_pulls=0
  16.678  CTRACE n=1695 nofeed=1695 cr0=0 ctrlfull=0 hostheld=0 | ctrlempty=1611 ctrlbufs=64 cr_mean_x10=4170 returns=0 ret_cr=0 zero_ep=0
  17.222  SINK rx: 157 KB/s (160800 B / 1000 ms) fsu=0 | cum_total=2273766 B cum_segs=9475 | UP sent=0 eagain=0 lasterr=0 txcred=417 host_pulls=0
  17.650  CTRACE n=1693 nofeed=1693 cr0=0 ctrlfull=0 hostheld=0 | ctrlempty=1608 ctrlbufs=64 cr_mean_x10=4170 returns=0 ret_cr=0 zero_ep=0
  18.233  SINK rx: 157 KB/s (161760 B / 1000 ms) fsu=0 | cum_total=2435526 B cum_segs=10149 | UP sent=0 eagain=0 lasterr=0 txcred=417 host_pulls=0
  18.667  CTRACE n=1694 nofeed=1694 cr0=0 ctrlfull=0 hostheld=0 | ctrlempty=1603 ctrlbufs=64 cr_mean_x10=4170 returns=0 ret_cr=0 zero_ep=0
  19.211  SINK rx: 157 KB/s (161760 B / 1000 ms) fsu=0 | cum_total=2597286 B cum_segs=10823 | UP sent=0 eagain=0 lasterr=0 txcred=417 host_pulls=0
  19.693  CTRACE n=1695 nofeed=1695 cr0=0 ctrlfull=0 hostheld=0 | ctrlempty=1610 ctrlbufs=64 cr_mean_x10=4170 returns=0 ret_cr=0 zero_ep=0
  20.229  SINK rx: 156 KB/s (160565 B / 1000 ms) fsu=0 | cum_total=2757851 B cum_segs=11492 | UP sent=0 eagain=0 lasterr=0 txcred=417 host_pulls=0
  20.724  CTRACE n=1694 nofeed=1694 cr0=0 ctrlfull=0 hostheld=0 | ctrlempty=1607 ctrlbufs=64 cr_mean_x10=4170 returns=0 ret_cr=0 zero_ep=0
  21.262  SINK rx: 157 KB/s (160800 B / 1000 ms) fsu=0 | cum_total=2918651 B cum_segs=12162 | UP sent=0 eagain=0 lasterr=0 txcred=417 host_pulls=0
  21.698  CTRACE n=1694 nofeed=1694 cr0=0 ctrlfull=0 hostheld=0 | ctrlempty=1604 ctrlbufs=64 cr_mean_x10=4170 returns=0 ret_cr=0 zero_ep=0
  22.240  SINK rx: 156 KB/s (160555 B / 1000 ms) fsu=0 | cum_total=3079206 B cum_segs=12831 | UP sent=0 eagain=0 lasterr=0 txcred=417 host_pulls=0
  22.728  CTRACE n=1695 nofeed=1695 cr0=0 ctrlfull=0 hostheld=0 | ctrlempty=1614 ctrlbufs=64 cr_mean_x10=4170 returns=0 ret_cr=0 zero_ep=0
  23.267  SINK rx: 157 KB/s (161280 B / 1000 ms) fsu=0 | cum_total=3240486 B cum_segs=13503 | UP sent=0 eagain=0 lasterr=0 txcred=417 host_pulls=0
  23.748  CTRACE n=1692 nofeed=1692 cr0=0 ctrlfull=0 hostheld=0 | ctrlempty=1596 ctrlbufs=64 cr_mean_x10=4170 returns=0 ret_cr=0 zero_ep=0
  24.288  SINK rx: 156 KB/s (159840 B / 1000 ms) fsu=0 | cum_total=3400326 B cum_segs=14169 | UP sent=0 eagain=0 lasterr=0 txcred=417 host_pulls=0
  24.781  CTRACE n=1695 nofeed=1695 cr0=0 ctrlfull=0 hostheld=0 | ctrlempty=1607 ctrlbufs=64 cr_mean_x10=4170 returns=0 ret_cr=0 zero_ep=0
  25.332  SINK rx: 157 KB/s (161045 B / 1000 ms) fsu=0 | cum_total=3561371 B cum_segs=14840 | UP sent=0 eagain=0 lasterr=0 txcred=417 host_pulls=0
  25.765  CTRACE n=1695 nofeed=1695 cr0=0 ctrlfull=0 hostheld=0 | ctrlempty=1609 ctrlbufs=64 cr_mean_x10=4170 returns=0 ret_cr=0 zero_ep=0
  26.302  SINK rx: 157 KB/s (161280 B / 1000 ms) fsu=0 | cum_total=3722651 B cum_segs=15512 | UP sent=0 eagain=0 lasterr=0 txcred=417 host_pulls=0
  26.794  CTRACE n=1694 nofeed=1694 cr0=0 ctrlfull=0 hostheld=0 | ctrlempty=1610 ctrlbufs=64 cr_mean_x10=4170 returns=0 ret_cr=0 zero_ep=0
  27.332  SINK rx: 157 KB/s (161035 B / 1000 ms) fsu=0 | cum_total=3883686 B cum_segs=16183 | UP sent=0 eagain=0 lasterr=0 txcred=417 host_pulls=0
  27.765  CTRACE n=1696 nofeed=1696 cr0=0 ctrlfull=0 hostheld=0 | ctrlempty=1607 ctrlbufs=64 cr_mean_x10=4170 returns=0 ret_cr=0 zero_ep=0
  28.360  SINK rx: 158 KB/s (162005 B / 1000 ms) fsu=0 | cum_total=4045691 B cum_segs=16858 | UP sent=0 eagain=0 lasterr=0 txcred=417 host_pulls=0
  28.793  CTRACE n=1693 nofeed=1693 cr0=0 ctrlfull=0 hostheld=0 | ctrlempty=1609 ctrlbufs=64 cr_mean_x10=4170 returns=0 ret_cr=0 zero_ep=0
  29.340  SINK rx: 157 KB/s (161760 B / 1000 ms) fsu=0 | cum_total=4207451 B cum_segs=17532 | UP sent=0 eagain=0 lasterr=0 txcred=417 host_pulls=0
  29.824  CTRACE n=1694 nofeed=1694 cr0=0 ctrlfull=0 hostheld=0 | ctrlempty=1604 ctrlbufs=64 cr_mean_x10=4170 returns=0 ret_cr=0 zero_ep=0
  30.360  SINK rx: 158 KB/s (161995 B / 1000 ms) fsu=0 | cum_total=4369446 B cum_segs=18207 | UP sent=0 eagain=0 lasterr=0 txcred=417 host_pulls=0
  30.848  CTRACE n=1695 nofeed=1695 cr0=0 ctrlfull=0 hostheld=0 | ctrlempty=1608 ctrlbufs=64 cr_mean_x10=4170 returns=0 ret_cr=0 zero_ep=0
  31.393  SINK rx: 150 KB/s (153600 B / 1000 ms) fsu=0 | cum_total=4523046 B cum_segs=18847 | UP sent=0 eagain=0 lasterr=0 txcred=417 host_pulls=0
  31.821  CTRACE n=1696 nofeed=1696 cr0=0 ctrlfull=0 hostheld=0 | ctrlempty=1618 ctrlbufs=64 cr_mean_x10=4170 returns=0 ret_cr=0 zero_ep=0
  32.411  SINK rx: 157 KB/s (161045 B / 1000 ms) fsu=0 | cum_total=4684091 B cum_segs=19518 | UP sent=0 eagain=0 lasterr=0 txcred=417 host_pulls=0
  32.840  CTRACE n=1695 nofeed=1695 cr0=0 ctrlfull=0 hostheld=0 | ctrlempty=1610 ctrlbufs=64 cr_mean_x10=4170 returns=0 ret_cr=0 zero_ep=0
  33.429  SINK rx: 158 KB/s (161995 B / 1000 ms) fsu=0 | cum_total=4846086 B cum_segs=20193 | UP sent=0 eagain=0 lasterr=0 txcred=417 host_pulls=0
  33.867  CTRACE n=1693 nofeed=1693 cr0=0 ctrlfull=0 hostheld=0 | ctrlempty=1611 ctrlbufs=64 cr_mean_x10=4170 returns=0 ret_cr=0 zero_ep=0
  34.404  SINK rx: 157 KB/s (161045 B / 1000 ms) fsu=0 | cum_total=5007131 B cum_segs=20864 | UP sent=0 eagain=0 lasterr=0 txcred=417 host_pulls=0
  34.880  CTRACE n=1696 nofeed=1696 cr0=0 ctrlfull=0 hostheld=0 | ctrlempty=1611 ctrlbufs=64 cr_mean_x10=4170 returns=0 ret_cr=0 zero_ep=0
  35.428  SINK rx: 158 KB/s (162240 B / 1000 ms) fsu=0 | cum_total=5169371 B cum_segs=21540 | UP sent=0 eagain=0 lasterr=0 txcred=417 host_pulls=0
  35.863  CTRACE n=1693 nofeed=1693 cr0=0 ctrlfull=0 hostheld=0 | ctrlempty=1608 ctrlbufs=64 cr_mean_x10=4170 returns=0 ret_cr=0 zero_ep=0
  36.451  SINK rx: 157 KB/s (160800 B / 1000 ms) fsu=0 | cum_total=5330171 B cum_segs=22210 | UP sent=0 eagain=0 lasterr=0 txcred=417 host_pulls=0
  36.891  CTRACE n=1694 nofeed=1694 cr0=0 ctrlfull=0 hostheld=0 | ctrlempty=1604 ctrlbufs=64 cr_mean_x10=4170 returns=0 ret_cr=0 zero_ep=0
  37.485  SINK rx: 158 KB/s (162240 B / 1000 ms) fsu=0 | cum_total=5492411 B cum_segs=22886 | UP sent=0 eagain=0 lasterr=0 txcred=417 host_pulls=0
  37.913  CTRACE n=1693 nofeed=1693 cr0=0 ctrlfull=0 hostheld=0 | ctrlempty=1612 ctrlbufs=64 cr_mean_x10=4170 returns=0 ret_cr=0 zero_ep=0
  38.454  SINK rx: 157 KB/s (161760 B / 1000 ms) fsu=0 | cum_total=5654171 B cum_segs=23560 | UP sent=0 eagain=0 lasterr=0 txcred=417 host_pulls=0
  38.946  CTRACE n=1694 nofeed=1694 cr0=0 ctrlfull=0 hostheld=0 | ctrlempty=1609 ctrlbufs=64 cr_mean_x10=4170 returns=0 ret_cr=0 zero_ep=0
  39.490  SINK rx: 158 KB/s (162240 B / 1000 ms) fsu=0 | cum_total=5816411 B cum_segs=24236 | UP sent=0 eagain=0 lasterr=0 txcred=417 host_pulls=0
  39.924  CTRACE n=1695 nofeed=1695 cr0=0 ctrlfull=0 hostheld=0 | ctrlempty=1609 ctrlbufs=64 cr_mean_x10=4170 returns=0 ret_cr=0 zero_ep=0
