   0.352  CENRX cum_total=38628372 B
   0.924  CTRACE n=1721 nofeed=0 cr0=1721 ctrlfull=0 hostheld=0 | ctrlempty=0 ctrlbufs=64 cr_mean_x10=0 returns=0 ret_cr=0 zero_ep=1
   1.375  CENRX cum_total=38628372 B
   1.956  CTRACE n=1721 nofeed=0 cr0=1721 ctrlfull=0 hostheld=0 | ctrlempty=0 ctrlbufs=64 cr_mean_x10=0 returns=0 ret_cr=0 zero_ep=1
   2.300  L2CAP disconnected
   2.301  GAP disconnected 0x08
   2.301  scan start rc=0
   2.301  found D6:C7:60:B1:D3:0E (random) (rssi -29), connecting
   2.301  Q2CONN AA=aebac6ca CRCINIT=8a0d1f hop=5 chan_count=37 map=ffffffff1f
   2.301  GAP connected
   2.353  phy req rc=0
   2.353  DLE: tx_max=27 rx_max=251
   2.405  PHY: tx=2 rx=2 (2=2M)
   2.405  dle req rc=0
   2.405  DLE: tx_max=251 rx_max=251
   2.405  l2cap_chan_connect rc=0
   2.455  L2CAP connected: tx.mtu=512 tx.mps=247 tx.credits=0 rx.mtu=512 rx.mps=247
   2.455  GATE conn: interval=6 (units 1.25ms) => 7.50 ms
   2.455  Q3FSU-REQ role=C auto min=150 max=150 phys=0x2 rc=0
   2.741  blasting 480-byte SDUs...
   3.390  CENRX cum_total=38732804 B
   3.442  CTRACE n=1649 nofeed=526 cr0=1688 ctrlfull=0 hostheld=1 | ctrlempty=474 ctrlbufs=64 cr_mean_x10=195 returns=6 ret_cr=57 zero_ep=7
   4.364  CENRX cum_total=38827964 B
   4.484  CTRACE n=1671 nofeed=18 cr0=1653 ctrlfull=0 hostheld=0 | ctrlempty=0 ctrlbufs=64 cr_mean_x10=0 returns=9 ret_cr=78 zero_ep=10
   4.983  RPT occ: events=0 mean_pkts/ev=0.00 max=0 nonempty_ev=0 fsu=0 | sender: sent=69877(+1093 SDU) eagain=0(+0) poolfail=0(+0)
   5.376  CENRX cum_total=38923124 B
   5.486  CTRACE n=1672 nofeed=20 cr0=1652 ctrlfull=0 hostheld=0 | ctrlempty=0 ctrlbufs=64 cr_mean_x10=0 returns=10 ret_cr=95 zero_ep=11
   6.359  CENRX cum_total=39018772 B
   6.471  CTRACE n=1674 nofeed=18 cr0=1656 ctrlfull=0 hostheld=0 | ctrlempty=0 ctrlbufs=64 cr_mean_x10=0 returns=9 ret_cr=85 zero_ep=10
   7.385  CENRX cum_total=39113688 B
   7.497  CTRACE n=1668 nofeed=19 cr0=1649 ctrlfull=0 hostheld=0 | ctrlempty=0 ctrlbufs=64 cr_mean_x10=0 returns=10 ret_cr=79 zero_ep=11
   8.404  CENRX cum_total=39209092 B
   8.518  CTRACE n=1670 nofeed=20 cr0=1650 ctrlfull=0 hostheld=0 | ctrlempty=0 ctrlbufs=64 cr_mean_x10=0 returns=10 ret_cr=95 zero_ep=11
   9.372  CENRX cum_total=39304496 B
   9.551  CTRACE n=1674 nofeed=18 cr0=1656 ctrlfull=0 hostheld=0 | ctrlempty=0 ctrlbufs=64 cr_mean_x10=0 returns=9 ret_cr=86 zero_ep=10
  10.397  CENRX cum_total=39399168 B
  10.510  CTRACE n=1671 nofeed=20 cr0=1651 ctrlfull=0 hostheld=0 | ctrlempty=0 ctrlbufs=64 cr_mean_x10=0 returns=10 ret_cr=95 zero_ep=11
  11.412  CENRX cum_total=39494328 B
  11.521  CTRACE n=1671 nofeed=18 cr0=1653 ctrlfull=0 hostheld=0 | ctrlempty=0 ctrlbufs=64 cr_mean_x10=0 returns=9 ret_cr=77 zero_ep=10
  12.370  CENRX cum_total=39589732 B
  12.547  CTRACE n=1669 nofeed=20 cr0=1649 ctrlfull=0 hostheld=0 | ctrlempty=0 ctrlbufs=64 cr_mean_x10=0 returns=10 ret_cr=87 zero_ep=11
  13.399  CENRX cum_total=39683672 B
  13.564  CTRACE n=1673 nofeed=18 cr0=1655 ctrlfull=0 hostheld=0 | ctrlempty=0 ctrlbufs=64 cr_mean_x10=0 returns=9 ret_cr=86 zero_ep=10
  14.408  CENRX cum_total=39779320 B
  14.578  CTRACE n=1673 nofeed=19 cr0=1654 ctrlfull=0 hostheld=0 | ctrlempty=0 ctrlbufs=64 cr_mean_x10=0 returns=9 ret_cr=86 zero_ep=10
  15.015  RPT occ: events=0 mean_pkts/ev=0.00 max=0 nonempty_ev=0 fsu=0 | sender: sent=71825(+1948 SDU) eagain=0(+0) poolfail=0(+0)
  15.418  CENRX cum_total=39874724 B
  15.592  CTRACE n=1669 nofeed=20 cr0=1649 ctrlfull=0 hostheld=0 | ctrlempty=0 ctrlbufs=64 cr_mean_x10=0 returns=10 ret_cr=95 zero_ep=11
  16.398  CENRX cum_total=39969884 B
  16.631  CTRACE n=1672 nofeed=18 cr0=1654 ctrlfull=0 hostheld=0 | ctrlempty=0 ctrlbufs=64 cr_mean_x10=0 returns=9 ret_cr=85 zero_ep=10
  17.384  CENRX cum_total=40064312 B
  17.615  CTRACE n=1670 nofeed=19 cr0=1651 ctrlfull=0 hostheld=0 | ctrlempty=0 ctrlbufs=64 cr_mean_x10=0 returns=10 ret_cr=87 zero_ep=11
  18.412  CENRX cum_total=40158740 B
  18.644  CTRACE n=1669 nofeed=17 cr0=1652 ctrlfull=0 hostheld=0 | ctrlempty=0 ctrlbufs=64 cr_mean_x10=0 returns=9 ret_cr=70 zero_ep=10
  19.403  CENRX cum_total=40253900 B
  19.643  CTRACE n=1669 nofeed=20 cr0=1649 ctrlfull=0 hostheld=0 | ctrlempty=0 ctrlbufs=64 cr_mean_x10=0 returns=10 ret_cr=95 zero_ep=11
  20.402  CENRX cum_total=40349304 B
  20.674  CTRACE n=1668 nofeed=20 cr0=1648 ctrlfull=0 hostheld=0 | ctrlempty=0 ctrlbufs=64 cr_mean_x10=0 returns=10 ret_cr=87 zero_ep=11
  21.411  CENRX cum_total=40444708 B
  21.642  CTRACE n=1669 nofeed=17 cr0=1652 ctrlfull=0 hostheld=0 | ctrlempty=0 ctrlbufs=64 cr_mean_x10=0 returns=9 ret_cr=61 zero_ep=10
  22.424  CENRX cum_total=40540356 B
  22.655  CTRACE n=1665 nofeed=17 cr0=1648 ctrlfull=0 hostheld=0 | ctrlempty=0 ctrlbufs=64 cr_mean_x10=0 returns=10 ret_cr=55 zero_ep=11
  23.400  CENRX cum_total=40635760 B
  23.681  CTRACE n=1668 nofeed=17 cr0=1651 ctrlfull=0 hostheld=0 | ctrlempty=0 ctrlbufs=64 cr_mean_x10=0 returns=10 ret_cr=71 zero_ep=10
  24.436  CENRX cum_total=40731408 B
  24.716  CTRACE n=1669 nofeed=17 cr0=1652 ctrlfull=0 hostheld=0 | ctrlempty=0 ctrlbufs=64 cr_mean_x10=0 returns=9 ret_cr=62 zero_ep=10
  24.999  RPT occ: events=0 mean_pkts/ev=0.00 max=0 nonempty_ev=0 fsu=0 | sender: sent=73772(+1947 SDU) eagain=0(+0) poolfail=0(+0)
  25.402  CENRX cum_total=40826812 B
  25.698  CTRACE n=1669 nofeed=20 cr0=1649 ctrlfull=0 hostheld=0 | ctrlempty=0 ctrlbufs=64 cr_mean_x10=0 returns=10 ret_cr=95 zero_ep=11
  26.430  CENRX cum_total=40922216 B
  26.716  CTRACE n=1673 nofeed=18 cr0=1655 ctrlfull=0 hostheld=0 | ctrlempty=0 ctrlbufs=64 cr_mean_x10=0 returns=9 ret_cr=85 zero_ep=10
  27.408  CENRX cum_total=41017620 B
  27.740  CTRACE n=1671 nofeed=20 cr0=1651 ctrlfull=0 hostheld=0 | ctrlempty=0 ctrlbufs=64 cr_mean_x10=0 returns=9 ret_cr=85 zero_ep=10
  28.430  CENRX cum_total=41112292 B
  28.765  CTRACE n=1668 nofeed=20 cr0=1648 ctrlfull=0 hostheld=0 | ctrlempty=0 ctrlbufs=64 cr_mean_x10=0 returns=10 ret_cr=95 zero_ep=11
  29.438  CENRX cum_total=41207452 B
  29.783  CTRACE n=1673 nofeed=18 cr0=1655 ctrlfull=0 hostheld=0 | ctrlempty=0 ctrlbufs=64 cr_mean_x10=0 returns=9 ret_cr=86 zero_ep=10
  30.413  CENRX cum_total=41302368 B
  30.761  CTRACE n=1668 nofeed=20 cr0=1648 ctrlfull=0 hostheld=0 | ctrlempty=0 ctrlbufs=64 cr_mean_x10=0 returns=10 ret_cr=95 zero_ep=11
  31.430  CENRX cum_total=41397528 B
  31.785  CTRACE n=1673 nofeed=18 cr0=1655 ctrlfull=0 hostheld=0 | ctrlempty=0 ctrlbufs=64 cr_mean_x10=0 returns=9 ret_cr=85 zero_ep=10
  32.415  CENRX cum_total=41492688 B
  32.825  CTRACE n=1667 nofeed=18 cr0=1649 ctrlfull=0 hostheld=0 | ctrlempty=0 ctrlbufs=64 cr_mean_x10=0 returns=10 ret_cr=79 zero_ep=11
  33.472  CENRX cum_total=41587848 B
  33.815  CTRACE n=1672 nofeed=18 cr0=1654 ctrlfull=0 hostheld=0 | ctrlempty=0 ctrlbufs=64 cr_mean_x10=0 returns=9 ret_cr=86 zero_ep=10
  34.432  CENRX cum_total=41682764 B
  34.835  CTRACE n=1673 nofeed=19 cr0=1654 ctrlfull=0 hostheld=0 | ctrlempty=0 ctrlbufs=64 cr_mean_x10=0 returns=9 ret_cr=86 zero_ep=10
  35.013  RPT occ: events=0 mean_pkts/ev=0.00 max=0 nonempty_ev=0 fsu=0 | sender: sent=75720(+1948 SDU) eagain=0(+0) poolfail=0(+0)
  35.452  CENRX cum_total=41776704 B
  35.853  CTRACE n=1669 nofeed=20 cr0=1649 ctrlfull=0 hostheld=0 | ctrlempty=0 ctrlbufs=64 cr_mean_x10=0 returns=10 ret_cr=95 zero_ep=11
  36.429  CENRX cum_total=41872352 B
  36.835  CTRACE n=1671 nofeed=18 cr0=1653 ctrlfull=0 hostheld=0 | ctrlempty=0 ctrlbufs=64 cr_mean_x10=0 returns=9 ret_cr=85 zero_ep=10
  37.458  CENRX cum_total=41967756 B
  37.867  CTRACE n=1669 nofeed=20 cr0=1649 ctrlfull=0 hostheld=0 | ctrlempty=0 ctrlbufs=64 cr_mean_x10=0 returns=10 ret_cr=95 zero_ep=11
  38.450  CENRX cum_total=42062916 B
  38.848  CTRACE n=1669 nofeed=17 cr0=1652 ctrlfull=0 hostheld=0 | ctrlempty=0 ctrlbufs=64 cr_mean_x10=0 returns=9 ret_cr=70 zero_ep=10
  39.475  CENRX cum_total=42158564 B
  39.885  CTRACE n=1668 nofeed=18 cr0=1650 ctrlfull=0 hostheld=0 | ctrlempty=0 ctrlbufs=64 cr_mean_x10=0 returns=9 ret_cr=70 zero_ep=10
