   0.165  CTRACE n=1721 nofeed=0 cr0=1721 ctrlfull=0 hostheld=0 | ctrlempty=0 ctrlbufs=64 cr_mean_x10=0 returns=0 ret_cr=0 zero_ep=1
   0.330  CENRX cum_total=18694548 B
   1.156  CTRACE n=1721 nofeed=0 cr0=1721 ctrlfull=0 hostheld=0 | ctrlempty=0 ctrlbufs=64 cr_mean_x10=0 returns=0 ret_cr=0 zero_ep=1
   1.321  CENRX cum_total=18694548 B
   2.136  CTRACE n=1721 nofeed=0 cr0=1721 ctrlfull=0 hostheld=0 | ctrlempty=0 ctrlbufs=64 cr_mean_x10=0 returns=0 ret_cr=0 zero_ep=1
   2.356  CEL2CAP disconnected
   2.356  GAP disconnected 0x08
   2.356  scan start rc=0
   2.356  NRX cum_total=18694548 B
   2.356  found D6:C7:60:B1:D3:0E (random) (rssi -30), connecting
   2.356  Q2CONN AA=cf876429 CRCINIT=ce9f53 hop=8 chan_count=37 map=ffffffff1f
   2.411  GAP connected
   2.411  phy req rc=0
   2.411  DLE: tx_max=27 rx_max=251
   2.466  PHY: tx=2 rx=2 (2=2M)
   2.466  dle req rc=0
   2.466  DLE: tx_max=251 rx_max=251
   2.466  l2cap_chan_connect rc=0
   2.521  L2CAP connected: tx.mtu=512 tx.mps=247 tx.credits=0 rx.mtu=512 rx.mps=247
   2.521  GATE conn: interval=6 (units 1.25ms) => 7.50 ms
   2.521  Q3FSU-REQ role=C auto min=150 max=150 phys=0x2 rc=0
   2.851  blasting 480-byte SDUs...
   3.347  CENRX cum_total=18804836 B
   3.511  CTRACE n=1648 nofeed=522 cr0=1443 ctrlfull=0 hostheld=0 | ctrlempty=792 ctrlbufs=64 cr_mean_x10=195 returns=3 ret_cr=29 zero_ep=5
   4.334  CENRX cum_total=18925128 B
   4.444  RPT occ: events=0 mean_pkts/ev=0.00 max=0 nonempty_ev=0 fsu=0 | sender: sent=38502(+990 SDU) eagain=0(+0) poolfail=0(+0)
   4.554  CTRACE n=1671 nofeed=12 cr0=1659 ctrlfull=0 hostheld=0 | ctrlempty=574 ctrlbufs=64 cr_mean_x10=0 returns=6 ret_cr=57 zero_ep=7
   5.374  CENRX cum_total=19046396 B
   5.539  CTRACE n=1667 nofeed=12 cr0=1655 ctrlfull=0 hostheld=0 | ctrlempty=567 ctrlbufs=64 cr_mean_x10=0 returns=6 ret_cr=57 zero_ep=7
   6.362  CENRX cum_total=19167420 B
   6.582  CTRACE n=1667 nofeed=12 cr0=1655 ctrlfull=0 hostheld=0 | ctrlempty=572 ctrlbufs=64 cr_mean_x10=0 returns=6 ret_cr=57 zero_ep=7
   7.345  CENRX cum_total=19288688 B
   7.565  CTRACE n=1669 nofeed=12 cr0=1657 ctrlfull=0 hostheld=0 | ctrlempty=574 ctrlbufs=64 cr_mean_x10=0 returns=6 ret_cr=57 zero_ep=7
   8.385  CENRX cum_total=19409712 B
   8.550  CTRACE n=1669 nofeed=12 cr0=1657 ctrlfull=0 hostheld=0 | ctrlempty=578 ctrlbufs=64 cr_mean_x10=0 returns=6 ret_cr=57 zero_ep=7
   9.369  CENRX cum_total=19530980 B
   9.589  CTRACE n=1667 nofeed=12 cr0=1655 ctrlfull=0 hostheld=0 | ctrlempty=562 ctrlbufs=64 cr_mean_x10=0 returns=6 ret_cr=57 zero_ep=7
  10.356  CENRX cum_total=19651028 B
  10.575  CTRACE n=1670 nofeed=12 cr0=1658 ctrlfull=0 hostheld=0 | ctrlempty=566 ctrlbufs=64 cr_mean_x10=0 returns=6 ret_cr=57 zero_ep=7
  11.388  CENRX cum_total=19772296 B
  11.602  CTRACE n=1669 nofeed=11 cr0=1658 ctrlfull=0 hostheld=0 | ctrlempty=581 ctrlbufs=64 cr_mean_x10=0 returns=5 ret_cr=48 zero_ep=6
  12.371  CENRX cum_total=19893564 B
  12.591  CTRACE n=1668 nofeed=13 cr0=1655 ctrlfull=0 hostheld=0 | ctrlempty=590 ctrlbufs=64 cr_mean_x10=0 returns=6 ret_cr=57 zero_ep=7
  13.360  CENRX cum_total=20014344 B
  13.634  CTRACE n=1668 nofeed=12 cr0=1656 ctrlfull=0 hostheld=0 | ctrlempty=579 ctrlbufs=64 cr_mean_x10=0 returns=6 ret_cr=57 zero_ep=7
  14.349  CENRX cum_total=20135612 B
  14.459  RPT occ: events=0 mean_pkts/ev=0.00 max=0 nonempty_ev=0 fsu=0 | sender: sent=39732(+1230 SDU) eagain=0(+0) poolfail=0(+0)
  14.624  CTRACE n=1668 nofeed=12 cr0=1656 ctrlfull=0 hostheld=0 | ctrlempty=582 ctrlbufs=64 cr_mean_x10=0 returns=6 ret_cr=57 zero_ep=7
  15.393  CENRX cum_total=20256392 B
  15.668  CTRACE n=1667 nofeed=12 cr0=1655 ctrlfull=0 hostheld=0 | ctrlempty=586 ctrlbufs=64 cr_mean_x10=0 returns=6 ret_cr=57 zero_ep=7
  16.383  CENRX cum_total=20377172 B
  16.654  CTRACE n=1668 nofeed=12 cr0=1656 ctrlfull=0 hostheld=0 | ctrlempty=588 ctrlbufs=64 cr_mean_x10=0 returns=6 ret_cr=57 zero_ep=7
  17.367  CENRX cum_total=20498440 B
  17.642  CTRACE n=1668 nofeed=12 cr0=1656 ctrlfull=0 hostheld=0 | ctrlempty=580 ctrlbufs=64 cr_mean_x10=0 returns=6 ret_cr=57 zero_ep=7
  18.356  CENRX cum_total=20619464 B
  18.685  CTRACE n=1666 nofeed=12 cr0=1654 ctrlfull=0 hostheld=0 | ctrlempty=577 ctrlbufs=64 cr_mean_x10=0 returns=6 ret_cr=57 zero_ep=7
  19.397  CENRX cum_total=20740732 B
  19.672  CTRACE n=1669 nofeed=12 cr0=1657 ctrlfull=0 hostheld=0 | ctrlempty=582 ctrlbufs=64 cr_mean_x10=0 returns=6 ret_cr=57 zero_ep=7
  20.387  CENRX cum_total=20861756 B
  20.714  CTRACE n=1669 nofeed=12 cr0=1657 ctrlfull=0 hostheld=0 | ctrlempty=583 ctrlbufs=64 cr_mean_x10=0 returns=6 ret_cr=57 zero_ep=7
  21.358  CENRX cum_total=20982536 B
  21.685  CTRACE n=1670 nofeed=12 cr0=1658 ctrlfull=0 hostheld=0 | ctrlempty=596 ctrlbufs=64 cr_mean_x10=0 returns=6 ret_cr=57 zero_ep=7
  22.400  CENRX cum_total=21102096 B
  22.730  CTRACE n=1666 nofeed=12 cr0=1654 ctrlfull=0 hostheld=0 | ctrlempty=584 ctrlbufs=64 cr_mean_x10=0 returns=6 ret_cr=57 zero_ep=7
  23.387  CENRX cum_total=21223364 B
  23.717  CTRACE n=1668 nofeed=12 cr0=1656 ctrlfull=0 hostheld=0 | ctrlempty=578 ctrlbufs=64 cr_mean_x10=0 returns=6 ret_cr=57 zero_ep=7
  24.368  CENRX cum_total=21343412 B
  24.478  RPT occ: events=0 mean_pkts/ev=0.00 max=0 nonempty_ev=0 fsu=0 | sender: sent=40941(+1209 SDU) eagain=0(+0) poolfail=0(+0)
  24.753  CTRACE n=1668 nofeed=12 cr0=1656 ctrlfull=0 hostheld=0 | ctrlempty=584 ctrlbufs=64 cr_mean_x10=0 returns=6 ret_cr=57 zero_ep=7
  25.409  CENRX cum_total=21464192 B
  25.740  CTRACE n=1669 nofeed=12 cr0=1657 ctrlfull=0 hostheld=0 | ctrlempty=580 ctrlbufs=64 cr_mean_x10=0 returns=6 ret_cr=57 zero_ep=7
  26.399  CENRX cum_total=21585704 B
  26.784  CTRACE n=1667 nofeed=12 cr0=1655 ctrlfull=0 hostheld=0 | ctrlempty=581 ctrlbufs=64 cr_mean_x10=0 returns=6 ret_cr=57 zero_ep=7
  27.385  CENRX cum_total=21706972 B
  27.765  CTRACE n=1667 nofeed=12 cr0=1655 ctrlfull=0 hostheld=0 | ctrlempty=583 ctrlbufs=64 cr_mean_x10=0 returns=6 ret_cr=57 zero_ep=7
  28.370  CENRX cum_total=21828484 B
  28.810  CTRACE n=1668 nofeed=12 cr0=1656 ctrlfull=0 hostheld=0 | ctrlempty=583 ctrlbufs=64 cr_mean_x10=0 returns=6 ret_cr=57 zero_ep=7
  29.415  CENRX cum_total=21947800 B
  29.799  CTRACE n=1668 nofeed=12 cr0=1656 ctrlfull=0 hostheld=0 | ctrlempty=580 ctrlbufs=64 cr_mean_x10=0 returns=6 ret_cr=57 zero_ep=7
  30.404  CENRX cum_total=22068824 B
  30.789  CTRACE n=1669 nofeed=12 cr0=1657 ctrlfull=0 hostheld=0 | ctrlempty=580 ctrlbufs=64 cr_mean_x10=0 returns=6 ret_cr=57 zero_ep=7
  31.389  CENRX cum_total=22190092 B
  31.824  CTRACE n=1670 nofeed=12 cr0=1658 ctrlfull=0 hostheld=0 | ctrlempty=582 ctrlbufs=64 cr_mean_x10=0 returns=6 ret_cr=57 zero_ep=7
  32.426  CENRX cum_total=22310384 B
  32.811  CTRACE n=1669 nofeed=12 cr0=1657 ctrlfull=0 hostheld=0 | ctrlempty=583 ctrlbufs=64 cr_mean_x10=0 returns=6 ret_cr=57 zero_ep=7
  33.414  CENRX cum_total=22431652 B
  33.846  CTRACE n=1669 nofeed=12 cr0=1657 ctrlfull=0 hostheld=0 | ctrlempty=580 ctrlbufs=64 cr_mean_x10=0 returns=6 ret_cr=57 zero_ep=7
  34.396  CENRX cum_total=22551456 B
  34.451  RPT occ: events=0 mean_pkts/ev=0.00 max=0 nonempty_ev=0 fsu=0 | sender: sent=42171(+1230 SDU) eagain=0(+0) poolfail=0(+0)
  34.836  CTRACE n=1669 nofeed=12 cr0=1657 ctrlfull=0 hostheld=0 | ctrlempty=576 ctrlbufs=64 cr_mean_x10=0 returns=6 ret_cr=57 zero_ep=7
  35.386  CENRX cum_total=22672724 B
  35.877  CTRACE n=1668 nofeed=12 cr0=1656 ctrlfull=0 hostheld=0 | ctrlempty=580 ctrlbufs=64 cr_mean_x10=0 returns=6 ret_cr=57 zero_ep=7
  36.424  CENRX cum_total=22793748 B
  36.864  CTRACE n=1667 nofeed=12 cr0=1655 ctrlfull=0 hostheld=0 | ctrlempty=579 ctrlbufs=64 cr_mean_x10=0 returns=6 ret_cr=57 zero_ep=7
  37.413  CENRX cum_total=22913796 B
  37.908  CTRACE n=1666 nofeed=12 cr0=1654 ctrlfull=0 hostheld=0 | ctrlempty=582 ctrlbufs=64 cr_mean_x10=0 returns=6 ret_cr=57 zero_ep=7
  38.403  CENRX cum_total=23034088 B
  38.895  CTRACE n=1669 nofeed=12 cr0=1657 ctrlfull=0 hostheld=0 | ctrlempty=584 ctrlbufs=64 cr_mean_x10=0 returns=6 ret_cr=57 zero_ep=7
  39.390  CENRX cum_total=23154868 B
  39.935  CTRACE n=1668 nofeed=12 cr0=1656 ctrlfull=0 hostheld=0 | ctrlempty=583 ctrlbufs=64 cr_mean_x10=0 returns=6 ret_cr=57 zero_ep=7
