   1.670  *** Booting Zephyr OS build v4.4.2-16-gfee9fbc62095 ***
   1.670  
   1.670  === nRF52 L2CAP CoC SINK (Zephyr 4.4.1, seg_recv) ===
   1.725  L2CAP server on PSM 0x0080
   1.725  Advertising as 'zenoh-nrf-l2cap'
   2.367  GAP connected: interval=6
   2.421  DLE updated: tx_max=251 rx_max=27
   2.421  PHY updated: tx=2 rx=2
   2.476  DLE updated: tx_max=251 rx_max=251
   2.476  CoC up — seg_recv sink ready (RX_CREDITS=64, MPS=247)
   3.024  SINK rx: 14 KB/s (15131 B / 1000 ms) fsu=0 | cum_total=15131 B cum_segs=64 | UP sent=409 eagain=0 lasterr=0 txcred=29 host_pulls=0
   3.513  CTRACE n=1654 nofeed=39 cr0=143 ctrlfull=1472 hostheld=0 | ctrlempty=3 ctrlbufs=64 cr_mean_x10=362 returns=12 ret_cr=511 zero_ep=2
   4.051  SINK rx: 57 KB/s (59040 B / 1000 ms) fsu=0 | cum_total=74171 B cum_segs=310 | UP sent=900 eagain=0 lasterr=0 txcred=30 host_pulls=0
   4.483  CTRACE n=1673 nofeed=0 cr0=0 ctrlfull=1673 hostheld=0 | ctrlempty=0 ctrlbufs=64 cr_mean_x10=377 returns=11 ret_cr=440 zero_ep=0
   5.026  SINK rx: 56 KB/s (58315 B / 1000 ms) fsu=0 | cum_total=132486 B cum_segs=553 | UP sent=1370 eagain=0 lasterr=0 txcred=11 host_pulls=0
   5.511  CTRACE n=1674 nofeed=0 cr0=0 ctrlfull=1674 hostheld=0 | ctrlempty=0 ctrlbufs=64 cr_mean_x10=354 returns=11 ret_cr=440 zero_ep=0
   6.044  SINK rx: 53 KB/s (54720 B / 1000 ms) fsu=0 | cum_total=187206 B cum_segs=781 | UP sent=1850 eagain=0 lasterr=0 txcred=23 host_pulls=0
   6.531  CTRACE n=1673 nofeed=0 cr0=2 ctrlfull=1671 hostheld=0 | ctrlempty=0 ctrlbufs=64 cr_mean_x10=307 returns=12 ret_cr=480 zero_ep=1
   7.062  SINK rx: 53 KB/s (54720 B / 1000 ms) fsu=0 | cum_total=241926 B cum_segs=1009 | UP sent=2331 eagain=0 lasterr=0 txcred=34 host_pulls=0
   7.546  CTRACE n=1672 nofeed=0 cr0=103 ctrlfull=1569 hostheld=0 | ctrlempty=0 ctrlbufs=64 cr_mean_x10=261 returns=11 ret_cr=419 zero_ep=6
   8.077  SINK rx: 57 KB/s (58560 B / 1000 ms) fsu=0 | cum_total=300486 B cum_segs=1253 | UP sent=2815 eagain=0 lasterr=0 txcred=42 host_pulls=0
   8.569  CTRACE n=1671 nofeed=0 cr0=257 ctrlfull=1414 hostheld=0 | ctrlempty=0 ctrlbufs=64 cr_mean_x10=235 returns=11 ret_cr=383 zero_ep=6
   9.103  SINK rx: 57 KB/s (59040 B / 1000 ms) fsu=0 | cum_total=359526 B cum_segs=1499 | UP sent=3306 eagain=0 lasterr=0 txcred=43 host_pulls=0
   9.540  CTRACE n=1671 nofeed=0 cr0=206 ctrlfull=1465 hostheld=0 | ctrlempty=0 ctrlbufs=64 cr_mean_x10=298 returns=12 ret_cr=436 zero_ep=4
  10.131  SINK rx: 57 KB/s (59040 B / 1000 ms) fsu=0 | cum_total=418566 B cum_segs=1745 | UP sent=3791 eagain=0 lasterr=0 txcred=50 host_pulls=0
  10.568  CTRACE n=1674 nofeed=0 cr0=0 ctrlfull=1674 hostheld=0 | ctrlempty=0 ctrlbufs=64 cr_mean_x10=417 returns=11 ret_cr=440 zero_ep=0
  11.112  SINK rx: 48 KB/s (49440 B / 1000 ms) fsu=0 | cum_total=468006 B cum_segs=1951 | UP sent=4239 eagain=0 lasterr=0 txcred=53 host_pulls=0
  11.601  CTRACE n=1678 nofeed=0 cr0=0 ctrlfull=1678 hostheld=0 | ctrlempty=0 ctrlbufs=64 cr_mean_x10=380 returns=10 ret_cr=400 zero_ep=0
  12.146  SINK rx: 51 KB/s (52320 B / 1000 ms) fsu=0 | cum_total=520326 B cum_segs=2169 | UP sent=4667 eagain=0 lasterr=0 txcred=35 host_pulls=0
  12.624  CTRACE n=1681 nofeed=0 cr0=0 ctrlfull=1681 hostheld=0 | ctrlempty=0 ctrlbufs=64 cr_mean_x10=353 returns=11 ret_cr=440 zero_ep=0
  13.159  SINK rx: 54 KB/s (55680 B / 1000 ms) fsu=0 | cum_total=576006 B cum_segs=2401 | UP sent=5108 eagain=0 lasterr=0 txcred=4 host_pulls=0
  13.636  CTRACE n=1677 nofeed=0 cr0=0 ctrlfull=1677 hostheld=0 | ctrlempty=0 ctrlbufs=64 cr_mean_x10=328 returns=11 ret_cr=440 zero_ep=0
  14.163  SINK rx: 48 KB/s (49205 B / 1000 ms) fsu=0 | cum_total=625211 B cum_segs=2606 | UP sent=5564 eagain=0 lasterr=0 txcred=40 host_pulls=0
  14.651  CTRACE n=1673 nofeed=0 cr0=56 ctrlfull=1617 hostheld=0 | ctrlempty=0 ctrlbufs=64 cr_mean_x10=277 returns=12 ret_cr=470 zero_ep=5
  15.184  SINK rx: 57 KB/s (59040 B / 1000 ms) fsu=0 | cum_total=684251 B cum_segs=2852 | UP sent=6061 eagain=0 lasterr=0 txcred=35 host_pulls=0
  15.662  CTRACE n=1673 nofeed=0 cr0=206 ctrlfull=1467 hostheld=0 | ctrlempty=0 ctrlbufs=64 cr_mean_x10=246 returns=12 ret_cr=435 zero_ep=6
  16.212  SINK rx: 57 KB/s (59040 B / 1000 ms) fsu=0 | cum_total=743291 B cum_segs=3098 | UP sent=6560 eagain=0 lasterr=0 txcred=28 host_pulls=0
  16.642  CTRACE n=1673 nofeed=0 cr0=306 ctrlfull=1367 hostheld=0 | ctrlempty=0 ctrlbufs=64 cr_mean_x10=230 returns=12 ret_cr=412 zero_ep=6
  17.184  SINK rx: 57 KB/s (59040 B / 1000 ms) fsu=0 | cum_total=802331 B cum_segs=3344 | UP sent=7060 eagain=0 lasterr=0 txcred=61 host_pulls=0
  17.667  CTRACE n=1669 nofeed=0 cr0=0 ctrlfull=1669 hostheld=0 | ctrlempty=0 ctrlbufs=64 cr_mean_x10=427 returns=12 ret_cr=479 zero_ep=0
  18.203  SINK rx: 57 KB/s (59275 B / 1000 ms) fsu=0 | cum_total=861606 B cum_segs=3591 | UP sent=7558 eagain=0 lasterr=0 txcred=54 host_pulls=0
  18.682  CTRACE n=1670 nofeed=0 cr0=0 ctrlfull=1670 hostheld=0 | ctrlempty=0 ctrlbufs=64 cr_mean_x10=387 returns=12 ret_cr=480 zero_ep=0
  19.212  SINK rx: 57 KB/s (58805 B / 1000 ms) fsu=0 | cum_total=920411 B cum_segs=3836 | UP sent=8020 eagain=0 lasterr=0 txcred=44 host_pulls=0
  19.689  CTRACE n=1675 nofeed=0 cr0=0 ctrlfull=1675 hostheld=0 | ctrlempty=0 ctrlbufs=64 cr_mean_x10=364 returns=11 ret_cr=440 zero_ep=0
  20.226  SINK rx: 48 KB/s (49195 B / 1000 ms) fsu=0 | cum_total=969606 B cum_segs=4041 | UP sent=8467 eagain=0 lasterr=0 txcred=48 host_pulls=0
  20.713  CTRACE n=1673 nofeed=0 cr0=0 ctrlfull=1673 hostheld=0 | ctrlempty=0 ctrlbufs=64 cr_mean_x10=314 returns=11 ret_cr=440 zero_ep=0
  21.248  SINK rx: 57 KB/s (59040 B / 1000 ms) fsu=0 | cum_total=1028646 B cum_segs=4287 | UP sent=8966 eagain=0 lasterr=0 txcred=40 host_pulls=0
  21.719  CTRACE n=1672 nofeed=0 cr0=71 ctrlfull=1601 hostheld=0 | ctrlempty=0 ctrlbufs=64 cr_mean_x10=277 returns=12 ret_cr=470 zero_ep=5
  22.254  SINK rx: 57 KB/s (59040 B / 1000 ms) fsu=0 | cum_total=1087686 B cum_segs=4533 | UP sent=9462 eagain=0 lasterr=0 txcred=37 host_pulls=0
  22.746  CTRACE n=1671 nofeed=0 cr0=204 ctrlfull=1467 hostheld=0 | ctrlempty=0 ctrlbufs=64 cr_mean_x10=247 returns=11 ret_cr=395 zero_ep=6
  23.283  SINK rx: 57 KB/s (59040 B / 1000 ms) fsu=0 | cum_total=1146726 B cum_segs=4779 | UP sent=9952 eagain=0 lasterr=0 txcred=38 host_pulls=0
  23.709  CTRACE n=1674 nofeed=0 cr0=318 ctrlfull=1356 hostheld=0 | ctrlempty=0 ctrlbufs=64 cr_mean_x10=223 returns=11 ret_cr=372 zero_ep=6
  24.307  SINK rx: 57 KB/s (59040 B / 1000 ms) fsu=0 | cum_total=1205766 B cum_segs=5025 | UP sent=10431 eagain=0 lasterr=0 txcred=52 host_pulls=0
  24.737  CTRACE n=1675 nofeed=0 cr0=0 ctrlfull=1675 hostheld=0 | ctrlempty=0 ctrlbufs=64 cr_mean_x10=433 returns=11 ret_cr=440 zero_ep=0
  25.316  SINK rx: 50 KB/s (51840 B / 1000 ms) fsu=0 | cum_total=1257606 B cum_segs=5241 | UP sent=10888 eagain=0 lasterr=0 txcred=45 host_pulls=0
  25.746  CTRACE n=1675 nofeed=0 cr0=0 ctrlfull=1675 hostheld=0 | ctrlempty=0 ctrlbufs=64 cr_mean_x10=392 returns=11 ret_cr=440 zero_ep=0
  26.341  SINK rx: 55 KB/s (56405 B / 1000 ms) fsu=0 | cum_total=1314011 B cum_segs=5476 | UP sent=11351 eagain=0 lasterr=0 txcred=34 host_pulls=0
  26.772  CTRACE n=1674 nofeed=0 cr0=0 ctrlfull=1674 hostheld=0 | ctrlempty=0 ctrlbufs=64 cr_mean_x10=366 returns=11 ret_cr=440 zero_ep=0
  27.311  SINK rx: 50 KB/s (51360 B / 1000 ms) fsu=0 | cum_total=1365371 B cum_segs=5690 | UP sent=11800 eagain=0 lasterr=0 txcred=36 host_pulls=0
  27.790  CTRACE n=1679 nofeed=0 cr0=0 ctrlfull=1679 hostheld=0 | ctrlempty=0 ctrlbufs=64 cr_mean_x10=315 returns=10 ret_cr=400 zero_ep=0
  28.319  SINK rx: 55 KB/s (56875 B / 1000 ms) fsu=0 | cum_total=1422246 B cum_segs=5927 | UP sent=12285 eagain=0 lasterr=0 txcred=43 host_pulls=0
  28.798  CTRACE n=1668 nofeed=0 cr0=35 ctrlfull=1633 hostheld=0 | ctrlempty=0 ctrlbufs=64 cr_mean_x10=288 returns=12 ret_cr=474 zero_ep=4
  29.343  SINK rx: 57 KB/s (59040 B / 1000 ms) fsu=0 | cum_total=1481286 B cum_segs=6173 | UP sent=12782 eagain=0 lasterr=0 txcred=38 host_pulls=0
  29.826  CTRACE n=1674 nofeed=0 cr0=170 ctrlfull=1504 hostheld=0 | ctrlempty=0 ctrlbufs=64 cr_mean_x10=253 returns=11 ret_cr=410 zero_ep=5
  30.361  SINK rx: 52 KB/s (53760 B / 1000 ms) fsu=0 | cum_total=1535046 B cum_segs=6397 | UP sent=13221 eagain=0 lasterr=0 txcred=9 host_pulls=0
  30.790  CTRACE n=1673 nofeed=0 cr0=334 ctrlfull=1339 hostheld=0 | ctrlempty=0 ctrlbufs=64 cr_mean_x10=234 returns=12 ret_cr=411 zero_ep=6
  31.384  SINK rx: 55 KB/s (56405 B / 1000 ms) fsu=0 | cum_total=1591451 B cum_segs=6632 | UP sent=13708 eagain=0 lasterr=0 txcred=55 host_pulls=0
  31.805  CTRACE n=1675 nofeed=0 cr0=81 ctrlfull=1594 hostheld=0 | ctrlempty=0 ctrlbufs=64 cr_mean_x10=369 returns=12 ret_cr=462 zero_ep=2
  32.395  SINK rx: 55 KB/s (57120 B / 1000 ms) fsu=0 | cum_total=1648571 B cum_segs=6870 | UP sent=14196 eagain=0 lasterr=0 txcred=59 host_pulls=0
  32.829  CTRACE n=1671 nofeed=0 cr0=0 ctrlfull=1671 hostheld=0 | ctrlempty=0 ctrlbufs=64 cr_mean_x10=400 returns=11 ret_cr=440 zero_ep=0
  33.426  SINK rx: 57 KB/s (59040 B / 1000 ms) fsu=0 | cum_total=1707611 B cum_segs=7116 | UP sent=14691 eagain=0 lasterr=0 txcred=56 host_pulls=0
  33.865  CTRACE n=1669 nofeed=0 cr0=0 ctrlfull=1669 hostheld=0 | ctrlempty=0 ctrlbufs=64 cr_mean_x10=365 returns=11 ret_cr=440 zero_ep=0
  34.406  SINK rx: 57 KB/s (59040 B / 1000 ms) fsu=0 | cum_total=1766651 B cum_segs=7362 | UP sent=15177 eagain=0 lasterr=0 txcred=62 host_pulls=0
  34.887  CTRACE n=1673 nofeed=0 cr0=0 ctrlfull=1673 hostheld=0 | ctrlempty=0 ctrlbufs=64 cr_mean_x10=335 returns=12 ret_cr=480 zero_ep=0
  35.418  SINK rx: 56 KB/s (57835 B / 1000 ms) fsu=0 | cum_total=1824486 B cum_segs=7603 | UP sent=15644 eagain=0 lasterr=0 txcred=5 host_pulls=0
  35.901  CTRACE n=1674 nofeed=0 cr0=19 ctrlfull=1655 hostheld=0 | ctrlempty=0 ctrlbufs=64 cr_mean_x10=296 returns=12 ret_cr=477 zero_ep=3
  36.443  SINK rx: 56 KB/s (58080 B / 1000 ms) fsu=0 | cum_total=1882566 B cum_segs=7845 | UP sent=16138 eagain=0 lasterr=0 txcred=3 host_pulls=0
  36.873  CTRACE n=1671 nofeed=0 cr0=153 ctrlfull=1518 hostheld=0 | ctrlempty=0 ctrlbufs=64 cr_mean_x10=256 returns=12 ret_cr=447 zero_ep=6
  37.468  SINK rx: 56 KB/s (57845 B / 1000 ms) fsu=0 | cum_total=1940411 B cum_segs=8086 | UP sent=16631 eagain=0 lasterr=0 txcred=2 host_pulls=0
  37.898  CTRACE n=1671 nofeed=0 cr0=329 ctrlfull=1342 hostheld=0 | ctrlempty=0 ctrlbufs=64 cr_mean_x10=226 returns=12 ret_cr=411 zero_ep=6
  38.490  SINK rx: 54 KB/s (55915 B / 1000 ms) fsu=0 | cum_total=1996326 B cum_segs=8319 | UP sent=17117 eagain=0 lasterr=0 txcred=49 host_pulls=0
  38.924  CTRACE n=1674 nofeed=0 cr0=94 ctrlfull=1580 hostheld=0 | ctrlempty=0 ctrlbufs=64 cr_mean_x10=370 returns=12 ret_cr=462 zero_ep=2
  39.463  SINK rx: 57 KB/s (59040 B / 1000 ms) fsu=0 | cum_total=2055366 B cum_segs=8565 | UP sent=17614 eagain=0 lasterr=0 txcred=43 host_pulls=0
  39.901  CTRACE n=1671 nofeed=0 cr0=0 ctrlfull=1671 hostheld=0 | ctrlempty=0 ctrlbufs=64 cr_mean_x10=401 returns=12 ret_cr=480 zero_ep=0
