   1.689  *** Booting Zephyr OS build v4.4.2-16-gfee9fbc62095 ***
   1.689  
   1.689  === nRF52 L2CAP CoC SINK (Zephyr 4.4.1, seg_recv) ===
   1.689  L2CAP server on PSM 0x0080
   1.689  Advertising as 'zenoh-nrf-l2cap'
   2.339  GAP connected: interval=6
   2.339  DLE updated: tx_max=251 rx_max=27
   2.390  PHY updated: tx=2 rx=2
   2.445  DLE updated: tx_max=251 rx_max=251
   2.445  CoC up — seg_recv sink ready (RX_CREDITS=64, MPS=247)
   2.993  SINK rx: 21 KB/s (21606 B / 1000 ms) fsu=0 | cum_total=21606 B cum_segs=91 | UP sent=366 eagain=0 lasterr=0 txcred=241 host_pulls=0
   3.428  CTRACE n=1658 nofeed=8 cr0=0 ctrlfull=1650 hostheld=0 | ctrlempty=0 ctrlbufs=8 cr_mean_x10=2620 returns=11 ret_cr=463 zero_ep=0
   4.033  SINK rx: 92 KB/s (94805 B / 1000 ms) fsu=0 | cum_total=116411 B cum_segs=486 | UP sent=762 eagain=0 lasterr=0 txcred=255 host_pulls=0
   4.474  CTRACE n=1674 nofeed=0 cr0=0 ctrlfull=1674 hostheld=0 | ctrlempty=0 ctrlbufs=8 cr_mean_x10=2478 returns=10 ret_cr=400 zero_ep=0
   5.014  SINK rx: 92 KB/s (95040 B / 1000 ms) fsu=0 | cum_total=211451 B cum_segs=882 | UP sent=1157 eagain=0 lasterr=0 txcred=229 host_pulls=0
   5.455  CTRACE n=1672 nofeed=0 cr0=0 ctrlfull=1672 hostheld=0 | ctrlempty=0 ctrlbufs=8 cr_mean_x10=2471 returns=10 ret_cr=400 zero_ep=0
   6.060  SINK rx: 92 KB/s (94795 B / 1000 ms) fsu=0 | cum_total=306246 B cum_segs=1277 | UP sent=1552 eagain=0 lasterr=0 txcred=244 host_pulls=0
   6.501  CTRACE n=1675 nofeed=0 cr0=0 ctrlfull=1675 hostheld=0 | ctrlempty=0 ctrlbufs=8 cr_mean_x10=2475 returns=9 ret_cr=360 zero_ep=0
   7.046  SINK rx: 92 KB/s (94560 B / 1000 ms) fsu=0 | cum_total=400806 B cum_segs=1671 | UP sent=1947 eagain=0 lasterr=0 txcred=259 host_pulls=0
   7.486  CTRACE n=1683 nofeed=0 cr0=0 ctrlfull=1683 hostheld=0 | ctrlempty=0 ctrlbufs=8 cr_mean_x10=2475 returns=10 ret_cr=400 zero_ep=0
   8.087  SINK rx: 93 KB/s (95285 B / 1000 ms) fsu=0 | cum_total=496091 B cum_segs=2068 | UP sent=2342 eagain=0 lasterr=0 txcred=232 host_pulls=0
   8.523  CTRACE n=1681 nofeed=0 cr0=0 ctrlfull=1681 hostheld=0 | ctrlempty=0 ctrlbufs=8 cr_mean_x10=2468 returns=10 ret_cr=400 zero_ep=0
   9.073  SINK rx: 92 KB/s (94795 B / 1000 ms) fsu=0 | cum_total=590886 B cum_segs=2463 | UP sent=2738 eagain=0 lasterr=0 txcred=247 host_pulls=0
   9.514  CTRACE n=1679 nofeed=0 cr0=0 ctrlfull=1679 hostheld=0 | ctrlempty=0 ctrlbufs=8 cr_mean_x10=2476 returns=9 ret_cr=360 zero_ep=0
  10.119  SINK rx: 92 KB/s (94325 B / 1000 ms) fsu=0 | cum_total=685211 B cum_segs=2856 | UP sent=3132 eagain=0 lasterr=0 txcred=263 host_pulls=0
  10.504  CTRACE n=1674 nofeed=0 cr0=0 ctrlfull=1674 hostheld=0 | ctrlempty=0 ctrlbufs=8 cr_mean_x10=2472 returns=10 ret_cr=400 zero_ep=0
  11.105  SINK rx: 92 KB/s (94315 B / 1000 ms) fsu=0 | cum_total=779526 B cum_segs=3249 | UP sent=3524 eagain=0 lasterr=0 txcred=240 host_pulls=0
  11.544  CTRACE n=1680 nofeed=0 cr0=0 ctrlfull=1680 hostheld=0 | ctrlempty=0 ctrlbufs=8 cr_mean_x10=2473 returns=9 ret_cr=360 zero_ep=0
  12.142  SINK rx: 92 KB/s (94560 B / 1000 ms) fsu=0 | cum_total=874086 B cum_segs=3643 | UP sent=3919 eagain=0 lasterr=0 txcred=255 host_pulls=0
  12.528  CTRACE n=1679 nofeed=0 cr0=0 ctrlfull=1679 hostheld=0 | ctrlempty=0 ctrlbufs=8 cr_mean_x10=2476 returns=10 ret_cr=400 zero_ep=0
  13.133  SINK rx: 92 KB/s (94325 B / 1000 ms) fsu=0 | cum_total=968411 B cum_segs=4036 | UP sent=4311 eagain=0 lasterr=0 txcred=232 host_pulls=0
  13.574  CTRACE n=1673 nofeed=0 cr0=0 ctrlfull=1673 hostheld=0 | ctrlempty=0 ctrlbufs=8 cr_mean_x10=2469 returns=9 ret_cr=360 zero_ep=0
  14.120  SINK rx: 92 KB/s (94560 B / 1000 ms) fsu=0 | cum_total=1062971 B cum_segs=4430 | UP sent=4705 eagain=0 lasterr=0 txcred=248 host_pulls=0
  14.556  CTRACE n=1673 nofeed=0 cr0=0 ctrlfull=1673 hostheld=0 | ctrlempty=0 ctrlbufs=8 cr_mean_x10=2478 returns=9 ret_cr=360 zero_ep=0
  15.158  SINK rx: 92 KB/s (94315 B / 1000 ms) fsu=0 | cum_total=1157286 B cum_segs=4823 | UP sent=5099 eagain=0 lasterr=0 txcred=264 host_pulls=0
  15.596  CTRACE n=1673 nofeed=0 cr0=0 ctrlfull=1673 hostheld=0 | ctrlempty=0 ctrlbufs=8 cr_mean_x10=2472 returns=10 ret_cr=400 zero_ep=0
  16.146  SINK rx: 92 KB/s (95040 B / 1000 ms) fsu=0 | cum_total=1252326 B cum_segs=5219 | UP sent=5494 eagain=0 lasterr=0 txcred=238 host_pulls=0
  16.587  CTRACE n=1672 nofeed=0 cr0=0 ctrlfull=1672 hostheld=0 | ctrlempty=0 ctrlbufs=8 cr_mean_x10=2473 returns=9 ret_cr=360 zero_ep=0
  17.187  SINK rx: 92 KB/s (94805 B / 1000 ms) fsu=0 | cum_total=1347131 B cum_segs=5614 | UP sent=5890 eagain=0 lasterr=0 txcred=252 host_pulls=0
  17.624  CTRACE n=1672 nofeed=0 cr0=0 ctrlfull=1672 hostheld=0 | ctrlempty=0 ctrlbufs=8 cr_mean_x10=2477 returns=10 ret_cr=400 zero_ep=0
  18.173  SINK rx: 92 KB/s (95040 B / 1000 ms) fsu=0 | cum_total=1442171 B cum_segs=6010 | UP sent=6286 eagain=0 lasterr=0 txcred=266 host_pulls=0
  18.610  CTRACE n=1672 nofeed=0 cr0=0 ctrlfull=1672 hostheld=0 | ctrlempty=0 ctrlbufs=8 cr_mean_x10=2470 returns=10 ret_cr=400 zero_ep=0
  19.215  SINK rx: 92 KB/s (94795 B / 1000 ms) fsu=0 | cum_total=1536966 B cum_segs=6405 | UP sent=6680 eagain=0 lasterr=0 txcred=241 host_pulls=0
  19.653  CTRACE n=1679 nofeed=0 cr0=0 ctrlfull=1679 hostheld=0 | ctrlempty=0 ctrlbufs=8 cr_mean_x10=2476 returns=9 ret_cr=360 zero_ep=0
  20.204  SINK rx: 92 KB/s (94805 B / 1000 ms) fsu=0 | cum_total=1631771 B cum_segs=6800 | UP sent=7076 eagain=0 lasterr=0 txcred=255 host_pulls=0
  20.642  CTRACE n=1682 nofeed=0 cr0=0 ctrlfull=1682 hostheld=0 | ctrlempty=0 ctrlbufs=8 cr_mean_x10=2474 returns=10 ret_cr=400 zero_ep=0
  21.247  SINK rx: 93 KB/s (95275 B / 1000 ms) fsu=0 | cum_total=1727046 B cum_segs=7197 | UP sent=7472 eagain=0 lasterr=0 txcred=228 host_pulls=0
  21.628  CTRACE n=1682 nofeed=0 cr0=0 ctrlfull=1682 hostheld=0 | ctrlempty=0 ctrlbufs=8 cr_mean_x10=2470 returns=9 ret_cr=360 zero_ep=0
  22.234  SINK rx: 92 KB/s (94805 B / 1000 ms) fsu=0 | cum_total=1821851 B cum_segs=7592 | UP sent=7867 eagain=0 lasterr=0 txcred=243 host_pulls=0
  22.673  CTRACE n=1680 nofeed=0 cr0=0 ctrlfull=1680 hostheld=0 | ctrlempty=0 ctrlbufs=8 cr_mean_x10=2478 returns=9 ret_cr=360 zero_ep=0
  23.274  SINK rx: 92 KB/s (95040 B / 1000 ms) fsu=0 | cum_total=1916891 B cum_segs=7988 | UP sent=8264 eagain=0 lasterr=0 txcred=256 host_pulls=0
  23.659  CTRACE n=1681 nofeed=0 cr0=0 ctrlfull=1681 hostheld=0 | ctrlempty=0 ctrlbufs=8 cr_mean_x10=2473 returns=10 ret_cr=400 zero_ep=0
  24.264  SINK rx: 92 KB/s (94795 B / 1000 ms) fsu=0 | cum_total=2011686 B cum_segs=8383 | UP sent=8658 eagain=0 lasterr=0 txcred=231 host_pulls=0
  24.705  CTRACE n=1673 nofeed=0 cr0=0 ctrlfull=1673 hostheld=0 | ctrlempty=0 ctrlbufs=8 cr_mean_x10=2471 returns=9 ret_cr=360 zero_ep=0
  25.310  SINK rx: 92 KB/s (94805 B / 1000 ms) fsu=0 | cum_total=2106491 B cum_segs=8778 | UP sent=9053 eagain=0 lasterr=0 txcred=246 host_pulls=0
  25.691  CTRACE n=1676 nofeed=0 cr0=0 ctrlfull=1676 hostheld=0 | ctrlempty=0 ctrlbufs=8 cr_mean_x10=2477 returns=10 ret_cr=400 zero_ep=0
  26.296  SINK rx: 92 KB/s (94315 B / 1000 ms) fsu=0 | cum_total=2200806 B cum_segs=9171 | UP sent=9446 eagain=0 lasterr=0 txcred=262 host_pulls=0
  26.736  CTRACE n=1673 nofeed=0 cr0=0 ctrlfull=1673 hostheld=0 | ctrlempty=0 ctrlbufs=8 cr_mean_x10=2468 returns=10 ret_cr=400 zero_ep=0
  27.342  SINK rx: 92 KB/s (95040 B / 1000 ms) fsu=0 | cum_total=2295846 B cum_segs=9567 | UP sent=9842 eagain=0 lasterr=0 txcred=236 host_pulls=0
  27.719  CTRACE n=1673 nofeed=0 cr0=0 ctrlfull=1673 hostheld=0 | ctrlempty=0 ctrlbufs=8 cr_mean_x10=2475 returns=9 ret_cr=360 zero_ep=0
  28.323  SINK rx: 92 KB/s (94560 B / 1000 ms) fsu=0 | cum_total=2390406 B cum_segs=9961 | UP sent=10237 eagain=0 lasterr=0 txcred=251 host_pulls=0
  28.763  CTRACE n=1674 nofeed=0 cr0=0 ctrlfull=1674 hostheld=0 | ctrlempty=0 ctrlbufs=8 cr_mean_x10=2474 returns=10 ret_cr=400 zero_ep=0
  29.367  SINK rx: 92 KB/s (94805 B / 1000 ms) fsu=0 | cum_total=2485211 B cum_segs=10356 | UP sent=10632 eagain=0 lasterr=0 txcred=266 host_pulls=0
  29.750  CTRACE n=1679 nofeed=0 cr0=0 ctrlfull=1679 hostheld=0 | ctrlempty=0 ctrlbufs=8 cr_mean_x10=2471 returns=9 ret_cr=360 zero_ep=0
  30.352  SINK rx: 92 KB/s (94315 B / 1000 ms) fsu=0 | cum_total=2579526 B cum_segs=10749 | UP sent=11024 eagain=0 lasterr=0 txcred=243 host_pulls=0
  30.738  CTRACE n=1677 nofeed=0 cr0=0 ctrlfull=1677 hostheld=0 | ctrlempty=0 ctrlbufs=8 cr_mean_x10=2477 returns=10 ret_cr=400 zero_ep=0
  31.398  SINK rx: 91 KB/s (94080 B / 1000 ms) fsu=0 | cum_total=2673606 B cum_segs=11141 | UP sent=11417 eagain=0 lasterr=0 txcred=260 host_pulls=0
  31.783  CTRACE n=1683 nofeed=0 cr0=0 ctrlfull=1683 hostheld=0 | ctrlempty=0 ctrlbufs=8 cr_mean_x10=2468 returns=9 ret_cr=360 zero_ep=0
  32.389  SINK rx: 92 KB/s (94560 B / 1000 ms) fsu=0 | cum_total=2768166 B cum_segs=11535 | UP sent=11810 eagain=0 lasterr=0 txcred=236 host_pulls=0
  32.774  CTRACE n=1682 nofeed=0 cr0=0 ctrlfull=1682 hostheld=0 | ctrlempty=0 ctrlbufs=8 cr_mean_x10=2477 returns=9 ret_cr=360 zero_ep=0
  33.375  SINK rx: 91 KB/s (94080 B / 1000 ms) fsu=0 | cum_total=2862246 B cum_segs=11927 | UP sent=12203 eagain=0 lasterr=0 txcred=253 host_pulls=0
  33.815  CTRACE n=1681 nofeed=0 cr0=0 ctrlfull=1681 hostheld=0 | ctrlempty=0 ctrlbufs=8 cr_mean_x10=2472 returns=10 ret_cr=400 zero_ep=0
  34.418  SINK rx: 92 KB/s (94325 B / 1000 ms) fsu=0 | cum_total=2956571 B cum_segs=12320 | UP sent=12594 eagain=0 lasterr=0 txcred=230 host_pulls=0
  34.803  CTRACE n=1674 nofeed=0 cr0=0 ctrlfull=1674 hostheld=0 | ctrlempty=0 ctrlbufs=8 cr_mean_x10=2474 returns=9 ret_cr=360 zero_ep=0
  35.406  SINK rx: 92 KB/s (94795 B / 1000 ms) fsu=0 | cum_total=3051366 B cum_segs=12715 | UP sent=12990 eagain=0 lasterr=0 txcred=245 host_pulls=0
  35.847  CTRACE n=1673 nofeed=0 cr0=0 ctrlfull=1673 hostheld=0 | ctrlempty=0 ctrlbufs=8 cr_mean_x10=2475 returns=10 ret_cr=400 zero_ep=0
  36.448  SINK rx: 92 KB/s (94560 B / 1000 ms) fsu=0 | cum_total=3145926 B cum_segs=13109 | UP sent=13385 eagain=0 lasterr=0 txcred=260 host_pulls=0
  36.834  CTRACE n=1673 nofeed=0 cr0=0 ctrlfull=1673 hostheld=0 | ctrlempty=0 ctrlbufs=8 cr_mean_x10=2470 returns=9 ret_cr=360 zero_ep=0
  37.433  SINK rx: 92 KB/s (94805 B / 1000 ms) fsu=0 | cum_total=3240731 B cum_segs=13504 | UP sent=13779 eagain=0 lasterr=0 txcred=235 host_pulls=0
  37.871  CTRACE n=1674 nofeed=0 cr0=0 ctrlfull=1674 hostheld=0 | ctrlempty=0 ctrlbufs=8 cr_mean_x10=2477 returns=9 ret_cr=360 zero_ep=0
  38.475  SINK rx: 92 KB/s (94795 B / 1000 ms) fsu=0 | cum_total=3335526 B cum_segs=13899 | UP sent=14175 eagain=0 lasterr=0 txcred=249 host_pulls=0
  38.860  CTRACE n=1674 nofeed=0 cr0=0 ctrlfull=1674 hostheld=0 | ctrlempty=0 ctrlbufs=8 cr_mean_x10=2472 returns=10 ret_cr=400 zero_ep=0
  39.463  SINK rx: 92 KB/s (94560 B / 1000 ms) fsu=0 | cum_total=3430086 B cum_segs=14293 | UP sent=14569 eagain=0 lasterr=0 txcred=265 host_pulls=0
  39.846  CTRACE n=1679 nofeed=0 cr0=0 ctrlfull=1679 hostheld=0 | ctrlempty=0 ctrlbufs=8 cr_mean_x10=2473 returns=9 ret_cr=360 zero_ep=0
