   2.051  *** Booting nRF Connect SDK v3.4.0-99553055607b ***
   2.051  *** Using Zephyr OS v4.4.0-bf801e4e3d19 ***
   2.051  
   2.051  === nRF52840 L2CAP CoC central (Zephyr 4.4.1) ===
   2.051  scan start rc=0
   2.051  found FC:BE:FF:FA:E6:8B (random) (rssi -30), connecting
   2.101  GAP connected
   2.101  phy req rc=0
   2.155  GAP disconnected 0x3e
   2.155  scan start rc=0
   2.206  found FC:BE:FF:FA:E6:8B (random) (rssi -30), connecting
   2.206  GAP connected
   2.206  phy req rc=0
   2.371  PHY: tx=2 rx=2 (2=2M)
   2.371  dle req rc=0
   2.426  DLE: tx_max=251 rx_max=251
   2.426  l2cap_chan_connect rc=0
   2.477  L2CAP connected: tx.mtu=512 tx.mps=247 tx.credits=0 rx.mtu=245 rx.mps=247
   2.477  GATE conn: interval=12 (units 1.25ms) => 15.00 ms
   2.477  Q3FSU-REQ role=C auto min=150 max=150 phys=0x2 rc=0
   2.532  Q3FSU-DONE role=C status=0x00 spacing=150 types=0x0 phys=0x0 initiator=0
   2.749  blasting 480-byte SDUs...
  12.063  RPT occ: (SDC no-occ) fsu=150 | sender: sent=2823(+2823 SDU) eagain=0(+0) poolfail=0(+0)
  22.080  RPT occ: (SDC no-occ) fsu=150 | sender: sent=5789(+2966 SDU) eagain=0(+0) poolfail=0(+0)
