   1.717  *** Booting nRF Connect SDK v3.4.0-99553055607b ***
   1.717  *** Using Zephyr OS v4.4.0-bf801e4e3d19 ***
   1.717  
   1.717  === nRF52 L2CAP CoC SINK (Zephyr 4.4.1, seg_recv) ===
   1.717  L2CAP server on PSM 0x0080
   1.717  Advertising as 'zenoh-nrf-l2cap'
   2.039  GAP connected: interval=12
   2.194  PHY updated: tx=2 rx=2
   2.250  DLE updated: tx_max=251 rx_max=251
   2.250  CoC up — seg_recv sink ready (RX_CREDITS=64, MPS=247)
   2.741  SINK rx: 17 KB/s (18246 B / 1000 ms) fsu=0 | cum_total=18246 B cum_segs=77
   3.717  SINK rx: 141 KB/s (144480 B / 1000 ms) fsu=0 | cum_total=162726 B cum_segs=679
   4.750  SINK rx: 141 KB/s (144480 B / 1000 ms) fsu=0 | cum_total=307206 B cum_segs=1281
   5.781  SINK rx: 138 KB/s (142325 B / 1000 ms) fsu=0 | cum_total=449531 B cum_segs=1874
   6.751  SINK rx: 141 KB/s (144715 B / 1000 ms) fsu=0 | cum_total=594246 B cum_segs=2477
   7.780  SINK rx: 140 KB/s (143765 B / 1000 ms) fsu=0 | cum_total=738011 B cum_segs=3076
   8.761  SINK rx: 140 KB/s (144235 B / 1000 ms) fsu=0 | cum_total=882246 B cum_segs=3677
   9.790  SINK rx: 140 KB/s (143520 B / 1000 ms) fsu=0 | cum_total=1025766 B cum_segs=4275
  10.817  SINK rx: 140 KB/s (144245 B / 1000 ms) fsu=0 | cum_total=1170011 B cum_segs=4876
  11.786  SINK rx: 141 KB/s (144960 B / 1000 ms) fsu=0 | cum_total=1314971 B cum_segs=5480
  12.817  SINK rx: 139 KB/s (142795 B / 1000 ms) fsu=0 | cum_total=1457766 B cum_segs=6075
  13.839  SINK rx: 141 KB/s (144960 B / 1000 ms) fsu=0 | cum_total=1602726 B cum_segs=6679
  14.820  SINK rx: 141 KB/s (144480 B / 1000 ms) fsu=0 | cum_total=1747206 B cum_segs=7281
  15.838  SINK rx: 141 KB/s (144480 B / 1000 ms) fsu=0 | cum_total=1891686 B cum_segs=7883
  16.860  SINK rx: 141 KB/s (144725 B / 1000 ms) fsu=0 | cum_total=2036411 B cum_segs=8486
  17.883  SINK rx: 141 KB/s (145195 B / 1000 ms) fsu=0 | cum_total=2181606 B cum_segs=9091
  18.861  SINK rx: 141 KB/s (144725 B / 1000 ms) fsu=0 | cum_total=2326331 B cum_segs=9694
  19.877  SINK rx: 141 KB/s (144715 B / 1000 ms) fsu=0 | cum_total=2471046 B cum_segs=10297
  20.907  SINK rx: 141 KB/s (145205 B / 1000 ms) fsu=0 | cum_total=2616251 B cum_segs=10902
  21.873  SINK rx: 141 KB/s (145195 B / 1000 ms) fsu=0 | cum_total=2761446 B cum_segs=11507
  22.909  SINK rx: 139 KB/s (143040 B / 1000 ms) fsu=0 | cum_total=2904486 B cum_segs=12103
  23.930  SINK rx: 141 KB/s (144480 B / 1000 ms) fsu=0 | cum_total=3048966 B cum_segs=12705
  24.908  SINK rx: 141 KB/s (144960 B / 1000 ms) fsu=0 | cum_total=3193926 B cum_segs=13309
  25.942  SINK rx: 141 KB/s (144480 B / 1000 ms) fsu=0 | cum_total=3338406 B cum_segs=13911
  26.923  SINK rx: 140 KB/s (143765 B / 1000 ms) fsu=0 | cum_total=3482171 B cum_segs=14510
  27.953  SINK rx: 141 KB/s (144715 B / 1000 ms) fsu=0 | cum_total=3626886 B cum_segs=15113
  28.969  SINK rx: 141 KB/s (144960 B / 1000 ms) fsu=0 | cum_total=3771846 B cum_segs=15717
  29.980  SINK rx: 140 KB/s (144000 B / 1000 ms) fsu=0 | cum_total=3915846 B cum_segs=16317
