   1.709  *** Booting nRF Connect SDK v3.4.0-99553055607b ***
   1.709  *** Using Zephyr OS v4.4.0-bf801e4e3d19 ***
   1.709  
   1.709  === nRF52 L2CAP CoC SINK (Zephyr 4.4.1, seg_recv) ===
   1.709  L2CAP server on PSM 0x0080
   1.709  Advertising as 'zenoh-nrf-l2cap'
   1.979  GAP connected: interval=12
   2.090  PHY updated: tx=2 rx=2
   2.144  DLE updated: tx_max=251 rx_max=251
   2.195  CoC up — seg_recv sink ready (RX_CREDITS=64, MPS=247)
   2.247  Q3FSU-DONE role=P status=0x00 spacing=65 types=0x3 phys=0x2 initiator=2
   2.736  SINK rx: 28 KB/s (29531 B / 1000 ms) fsu=65 | cum_total=29531 B cum_segs=124
   3.713  SINK rx: 157 KB/s (161280 B / 1000 ms) fsu=65 | cum_total=190811 B cum_segs=796
   4.732  SINK rx: 157 KB/s (161035 B / 1000 ms) fsu=65 | cum_total=351846 B cum_segs=1467
   5.761  SINK rx: 157 KB/s (161045 B / 1000 ms) fsu=65 | cum_total=512891 B cum_segs=2138
   6.734  SINK rx: 157 KB/s (161280 B / 1000 ms) fsu=65 | cum_total=674171 B cum_segs=2810
   7.748  SINK rx: 157 KB/s (161760 B / 1000 ms) fsu=65 | cum_total=835931 B cum_segs=3484
   8.770  SINK rx: 150 KB/s (154080 B / 1000 ms) fsu=65 | cum_total=990011 B cum_segs=4126
   9.786  SINK rx: 157 KB/s (160800 B / 1000 ms) fsu=65 | cum_total=1150811 B cum_segs=4796
  10.760  SINK rx: 157 KB/s (161515 B / 1000 ms) fsu=65 | cum_total=1312326 B cum_segs=5469
  11.772  SINK rx: 157 KB/s (161525 B / 1000 ms) fsu=65 | cum_total=1473851 B cum_segs=6142
  12.800  SINK rx: 157 KB/s (161035 B / 1000 ms) fsu=65 | cum_total=1634886 B cum_segs=6813
  13.828  SINK rx: 157 KB/s (161045 B / 1000 ms) fsu=65 | cum_total=1795931 B cum_segs=7484
  14.801  SINK rx: 157 KB/s (161515 B / 1000 ms) fsu=65 | cum_total=1957446 B cum_segs=8157
  15.843  SINK rx: 155 KB/s (159125 B / 1000 ms) fsu=65 | cum_total=2116571 B cum_segs=8820
  16.817  SINK rx: 157 KB/s (161515 B / 1000 ms) fsu=65 | cum_total=2278086 B cum_segs=9493
  17.843  SINK rx: 157 KB/s (161045 B / 1000 ms) fsu=65 | cum_total=2439131 B cum_segs=10164
  18.866  SINK rx: 157 KB/s (161515 B / 1000 ms) fsu=65 | cum_total=2600646 B cum_segs=10837
  19.844  SINK rx: 151 KB/s (155285 B / 1000 ms) fsu=65 | cum_total=2755931 B cum_segs=11484
  20.854  SINK rx: 155 KB/s (159595 B / 1000 ms) fsu=65 | cum_total=2915526 B cum_segs=12149
  21.866  SINK rx: 153 KB/s (157440 B / 1000 ms) fsu=65 | cum_total=3072966 B cum_segs=12805
  22.876  SINK rx: 156 KB/s (160320 B / 1000 ms) fsu=65 | cum_total=3233286 B cum_segs=13473
  23.909  SINK rx: 154 KB/s (158165 B / 1000 ms) fsu=65 | cum_total=3391451 B cum_segs=14132
  24.883  SINK rx: 155 KB/s (158880 B / 1000 ms) fsu=65 | cum_total=3550331 B cum_segs=14794
  25.908  SINK rx: 156 KB/s (160320 B / 1000 ms) fsu=65 | cum_total=3710651 B cum_segs=15462
  26.933  SINK rx: 157 KB/s (161280 B / 1000 ms) fsu=65 | cum_total=3871931 B cum_segs=16134
  27.959  SINK rx: 154 KB/s (158155 B / 1000 ms) fsu=65 | cum_total=4030086 B cum_segs=16793
  28.927  SINK rx: 156 KB/s (160085 B / 1000 ms) fsu=65 | cum_total=4190171 B cum_segs=17460
  29.952  SINK rx: 156 KB/s (160555 B / 1000 ms) fsu=65 | cum_total=4350726 B cum_segs=18129
