   1.670  *** Booting nRF Connect SDK v3.4.0-99553055607b ***
   1.670  *** Using Zephyr OS v4.4.0-bf801e4e3d19 ***
   1.670  
   1.670  === nRF52 L2CAP CoC SINK (Zephyr 4.4.1, seg_recv) ===
   1.722  L2CAP server on PSM 0x0080
   1.722  Advertising as 'zenoh-nrf-l2cap'
   2.040  GAP connected: interval=12
   2.205  PHY updated: tx=2 rx=2
   2.260  DLE updated: tx_max=251 rx_max=251
   2.260  CoC up — seg_recv sink ready (RX_CREDITS=64, MPS=247)
   2.690  SINK rx: 12 KB/s (12966 B / 1000 ms) fsu=0 | cum_total=12966 B cum_segs=55
   3.710  SINK rx: 139 KB/s (143285 B / 1000 ms) fsu=0 | cum_total=156251 B cum_segs=652
   4.729  SINK rx: 133 KB/s (137035 B / 1000 ms) fsu=0 | cum_total=293286 B cum_segs=1223
   5.757  SINK rx: 140 KB/s (144000 B / 1000 ms) fsu=0 | cum_total=437286 B cum_segs=1823
   6.732  SINK rx: 139 KB/s (142805 B / 1000 ms) fsu=0 | cum_total=580091 B cum_segs=2418
   7.763  SINK rx: 141 KB/s (144960 B / 1000 ms) fsu=0 | cum_total=725051 B cum_segs=3022
   8.747  SINK rx: 140 KB/s (144000 B / 1000 ms) fsu=0 | cum_total=869051 B cum_segs=3622
   9.784  SINK rx: 141 KB/s (144480 B / 1000 ms) fsu=0 | cum_total=1013531 B cum_segs=4224
  10.764  SINK rx: 130 KB/s (133920 B / 1000 ms) fsu=0 | cum_total=1147451 B cum_segs=4782
  11.785  SINK rx: 123 KB/s (126475 B / 1000 ms) fsu=0 | cum_total=1273926 B cum_segs=5309
  12.818  SINK rx: 139 KB/s (143040 B / 1000 ms) fsu=0 | cum_total=1416966 B cum_segs=5905
  13.798  SINK rx: 140 KB/s (144000 B / 1000 ms) fsu=0 | cum_total=1560966 B cum_segs=6505
  14.819  SINK rx: 141 KB/s (144960 B / 1000 ms) fsu=0 | cum_total=1705926 B cum_segs=7109
  15.844  SINK rx: 140 KB/s (144000 B / 1000 ms) fsu=0 | cum_total=1849926 B cum_segs=7709
  16.822  SINK rx: 140 KB/s (144245 B / 1000 ms) fsu=0 | cum_total=1994171 B cum_segs=8310
  17.853  SINK rx: 138 KB/s (141600 B / 1000 ms) fsu=0 | cum_total=2135771 B cum_segs=8900
  18.873  SINK rx: 138 KB/s (142080 B / 1000 ms) fsu=0 | cum_total=2277851 B cum_segs=9492
  19.851  SINK rx: 141 KB/s (144960 B / 1000 ms) fsu=0 | cum_total=2422811 B cum_segs=10096
  20.890  SINK rx: 140 KB/s (144235 B / 1000 ms) fsu=0 | cum_total=2567046 B cum_segs=10697
  21.864  SINK rx: 140 KB/s (144000 B / 1000 ms) fsu=0 | cum_total=2711046 B cum_segs=11297
  22.896  SINK rx: 141 KB/s (144480 B / 1000 ms) fsu=0 | cum_total=2855526 B cum_segs=11899
  23.875  SINK rx: 141 KB/s (145205 B / 1000 ms) fsu=0 | cum_total=3000731 B cum_segs=12504
  24.902  SINK rx: 140 KB/s (143755 B / 1000 ms) fsu=0 | cum_total=3144486 B cum_segs=13103
  25.885  SINK rx: 140 KB/s (144000 B / 1000 ms) fsu=0 | cum_total=3288486 B cum_segs=13703
  26.921  SINK rx: 139 KB/s (142805 B / 1000 ms) fsu=0 | cum_total=3431291 B cum_segs=14298
  27.940  SINK rx: 139 KB/s (142795 B / 1000 ms) fsu=0 | cum_total=3574086 B cum_segs=14893
  28.910  SINK rx: 139 KB/s (142805 B / 1000 ms) fsu=0 | cum_total=3716891 B cum_segs=15488
  29.936  SINK rx: 141 KB/s (144960 B / 1000 ms) fsu=0 | cum_total=3861851 B cum_segs=16092
