   1.740  *** Booting nRF Connect SDK v3.4.0-99553055607b ***
   1.740  *** Using Zephyr OS v4.4.0-bf801e4e3d19 ***
   1.740  [01:10:04.830,419] [0m<inf> bt_sdc_hci_driver: SoftDevice Controller build revision:
   1.740                                              c8 da 30 98 f9 f0 34 a4  4b 6e ba d3 08 19 cc 0c |..0...4. Kn......
   1.740                                              ea 51 da 47                                      |.Q.G             [0m
   1.740  [01:10:04.831,203] [1;33m<wrn> bt_hci_core: Num of Controller's ACL packets != ACL bt_conn_tx contexts (10 != 3)[0m
   1.740  [01:10:04.831,846] [0m<inf> bt_hci_core: HW Platform: Nordic Semiconductor (0x0002)[0m
   1.791  [01:10:04.831,857] [0m<inf> bt_hci_core: HW Variant: nRF54Lx (0x0005)[0m
   1.791  [01:10:04.831,868] [0m<inf> bt_hci_core: Firmware: Standard Bluetooth controller (0x00) Version 200.12506 Build 888207768[0m
   1.791  [01:10:04.832,258] [0m<inf> bt_hci_core: HCI transport: SDC[0m
   1.791  [01:10:04.832,303] [0m<inf> bt_hci_core: Identity: FC:BE:FF:FA:E6:8B (random)[0m
   1.791  [01:10:04.832,320] [0m<inf> bt_hci_core: HCI: version 6.3 (0x11) revision 0x3039, manufacturer 0x0059[0m
   1.791  [01:10:04.832,336] [0m<inf> bt_hci_core: LMP: version 6.3 (0x11) subver 0x3039[0m
   1.791  
   1.791  === nRF54L15 RTT ping-pong PERIPHERAL (echo) ===
   1.791  advertising
   3.023  GAP connected interval=7500
   3.023  PHY tx=2 rx=2
   3.023  CCC: notify ENABLED
   3.023  P t=1s rxkBps=3 blkkBps=0 pongs=15(+15/s) cancels=0(+0/s) notify=1 disc=0(0x00) | echo rx=0 tx=0 pend=0 stale=0
   4.704  P t=2s rxkBps=125 blkkBps=0 pongs=542(+527/s) cancels=0(+0/s) notify=1 disc=0(0x00) | echo rx=0 tx=0 pend=0 stale=0
   4.704  P t=3s rxkBps=126 blkkBps=0 pongs=1073(+531/s) cancels=0(+0/s) notify=1 disc=0(0x00) | echo rx=0 tx=0 pend=0 stale=0
   6.717  P t=4s rxkBps=125 blkkBps=0 pongs=1599(+526/s) cancels=0(+0/s) notify=1 disc=0(0x00) | echo rx=0 tx=0 pend=0 stale=0
   6.717  P t=5s rxkBps=126 blkkBps=0 pongs=2130(+531/s) cancels=0(+0/s) notify=1 disc=0(0x00) | echo rx=0 tx=0 pend=0 stale=0
   8.728  P t=6s rxkBps=125 blkkBps=0 pongs=2657(+527/s) cancels=0(+0/s) notify=1 disc=0(0x00) | echo rx=0 tx=0 pend=0 stale=0
   8.728  P t=7s rxkBps=126 blkkBps=0 pongs=3187(+530/s) cancels=0(+0/s) notify=1 disc=0(0x00) | echo rx=0 tx=0 pend=0 stale=0
  10.737  P t=8s rxkBps=125 blkkBps=0 pongs=3714(+527/s) cancels=0(+0/s) notify=1 disc=0(0x00) | echo rx=0 tx=0 pend=0 stale=0
  10.737  P t=9s rxkBps=126 blkkBps=0 pongs=4243(+529/s) cancels=0(+0/s) notify=1 disc=0(0x00) | echo rx=0 tx=0 pend=0 stale=0
  12.723  P t=10s rxkBps=125 blkkBps=0 pongs=4768(+525/s) cancels=0(+0/s) notify=1 disc=0(0x00) | echo rx=0 tx=0 pend=0 stale=0
  12.723  P t=11s rxkBps=127 blkkBps=0 pongs=5301(+533/s) cancels=0(+0/s) notify=1 disc=0(0x00) | echo rx=0 tx=0 pend=0 stale=0
  14.740  P t=12s rxkBps=126 blkkBps=0 pongs=5832(+531/s) cancels=0(+0/s) notify=1 disc=0(0x00) | echo rx=0 tx=0 pend=0 stale=0
  14.740  P t=13s rxkBps=125 blkkBps=0 pongs=6359(+527/s) cancels=0(+0/s) notify=1 disc=0(0x00) | echo rx=0 tx=0 pend=0 stale=0
  16.727  P t=14s rxkBps=157 blkkBps=0 pongs=7021(+662/s) cancels=0(+0/s) notify=1 disc=0(0x00) | echo rx=0 tx=0 pend=0 stale=0
  16.728  P t=15s rxkBps=157 blkkBps=0 pongs=7684(+663/s) cancels=0(+0/s) notify=1 disc=0(0x00) | echo rx=0 tx=0 pend=0 stale=0
  18.726  P t=16s rxkBps=158 blkkBps=0 pongs=8349(+665/s) cancels=0(+0/s) notify=1 disc=0(0x00) | echo rx=0 tx=0 pend=0 stale=0
  18.726  P t=17s rxkBps=158 blkkBps=0 pongs=9015(+666/s) cancels=0(+0/s) notify=1 disc=0(0x00) | echo rx=0 tx=0 pend=0 stale=0
  20.721  P t=18s rxkBps=158 blkkBps=0 pongs=9679(+664/s) cancels=0(+0/s) notify=1 disc=0(0x00) | echo rx=0 tx=0 pend=0 stale=0
  20.721  P t=19s rxkBps=158 blkkBps=0 pongs=10344(+665/s) cancels=0(+0/s) notify=1 disc=0(0x00) | echo rx=0 tx=0 pend=0 stale=0
  22.720  P t=20s rxkBps=157 blkkBps=0 pongs=11006(+662/s) cancels=0(+0/s) notify=1 disc=0(0x00) | echo rx=0 tx=0 pend=0 stale=0
  22.720  P t=21s rxkBps=155 blkkBps=0 pongs=11657(+651/s) cancels=0(+0/s) notify=1 disc=0(0x00) | echo rx=0 tx=0 pend=0 stale=0
  24.711  P t=22s rxkBps=158 blkkBps=0 pongs=12324(+667/s) cancels=0(+0/s) notify=1 disc=0(0x00) | echo rx=0 tx=0 pend=0 stale=0
  24.711  P t=23s rxkBps=158 blkkBps=0 pongs=12991(+667/s) cancels=0(+0/s) notify=1 disc=0(0x00) | echo rx=0 tx=0 pend=0 stale=0
  26.704  P t=24s rxkBps=158 blkkBps=0 pongs=13657(+666/s) cancels=0(+0/s) notify=1 disc=0(0x00) | echo rx=0 tx=0 pend=0 stale=0
  26.758  P t=25s rxkBps=157 blkkBps=0 pongs=14320(+663/s) cancels=0(+0/s) notify=1 disc=0(0x00) | echo rx=0 tx=0 pend=0 stale=0
  28.707  P t=26s rxkBps=155 blkkBps=0 pongs=14973(+653/s) cancels=0(+0/s) notify=1 disc=0(0x00) | echo rx=0 tx=0 pend=0 stale=0
  28.760  P t=27s rxkBps=155 blkkBps=0 pongs=15627(+654/s) cancels=0(+0/s) notify=1 disc=0(0x00) | echo rx=0 tx=0 pend=0 stale=0
