   1.716  *** Booting nRF Connect SDK v3.4.0-99553055607b ***
   1.716  *** Using Zephyr OS v4.4.0-bf801e4e3d19 ***
   1.716  [00:05:54.191,733] [0m<inf> bt_sdc_hci_driver: SoftDevice Controller build revision:
   1.770                                              c8 da 30 98 f9 f0 34 a4  4b 6e ba d3 08 19 cc 0c |..0...4. Kn......
   1.770                                              ea 51 da 47                                      |.Q.G             [0m
   1.770  [00:05:54.192,517] [1;33m<wrn> bt_hci_core: Num of Controller's ACL packets != ACL bt_conn_tx contexts (10 != 3)[0m
   1.770  [00:05:54.193,160] [0m<inf> bt_hci_core: HW Platform: Nordic Semiconductor (0x0002)[0m
   1.770  [00:05:54.193,171] [0m<inf> bt_hci_core: HW Variant: nRF54Lx (0x0005)[0m
   1.770  [00:05:54.193,182] [0m<inf> bt_hci_core: Firmware: Standard Bluetooth controller (0x00) Version 200.12506 Build 888207768[0m
   1.770  [00:05:54.193,572] [0m<inf> bt_hci_core: HCI transport: SDC[0m
   1.825  [00:05:54.193,618] [0m<inf> bt_hci_core: Identity: FC:BE:FF:FA:E6:8B (random)[0m
   1.826  [00:05:54.193,634] [0m<inf> bt_hci_core: HCI: version 6.3 (0x11) revision 0x3039, manufacturer 0x0059[0m
   1.826  [00:05:54.193,650] [0m<inf> bt_hci_core: LMP: version 6.3 (0x11) subver 0x3039[0m
   1.826  
   1.826  === nRF54L15 RTT ping-pong PERIPHERAL (echo) ===
   1.826  advertising
   2.961  GAP connected interval=7500
   2.961  PHY tx=2 rx=2
   2.961  CCC: notify ENABLED
   3.016  P t=1s rxkBps=10 blkkBps=0 pongs=42(+42/s) cancels=0(+0/s) notify=1 disc=0(0x00) | echo rx=0 tx=0 pend=0 stale=0
   4.756  P t=2s rxkBps=127 blkkBps=0 pongs=575(+533/s) cancels=0(+0/s) notify=1 disc=0(0x00) | echo rx=0 tx=0 pend=0 stale=0
   4.756  P t=3s rxkBps=125 blkkBps=0 pongs=1100(+525/s) cancels=0(+0/s) notify=1 disc=0(0x00) | echo rx=0 tx=0 pend=0 stale=0
   6.749  P t=4s rxkBps=124 blkkBps=0 pongs=1623(+523/s) cancels=0(+0/s) notify=1 disc=0(0x00) | echo rx=0 tx=0 pend=0 stale=0
   6.749  P t=5s rxkBps=125 blkkBps=0 pongs=2150(+527/s) cancels=0(+0/s) notify=1 disc=0(0x00) | echo rx=0 tx=0 pend=0 stale=0
   8.742  P t=6s rxkBps=125 blkkBps=0 pongs=2676(+526/s) cancels=0(+0/s) notify=1 disc=0(0x00) | echo rx=0 tx=0 pend=0 stale=0
   8.742  P t=7s rxkBps=126 blkkBps=0 pongs=3206(+530/s) cancels=0(+0/s) notify=1 disc=0(0x00) | echo rx=0 tx=0 pend=0 stale=0
  10.728  P t=8s rxkBps=125 blkkBps=0 pongs=3734(+528/s) cancels=0(+0/s) notify=1 disc=0(0x00) | echo rx=0 tx=0 pend=0 stale=0
  10.728  P t=9s rxkBps=125 blkkBps=0 pongs=4260(+526/s) cancels=0(+0/s) notify=1 disc=0(0x00) | echo rx=0 tx=0 pend=0 stale=0
  12.726  P t=10s rxkBps=126 blkkBps=0 pongs=4789(+529/s) cancels=0(+0/s) notify=1 disc=0(0x00) | echo rx=0 tx=0 pend=0 stale=0
  12.726  P t=11s rxkBps=126 blkkBps=0 pongs=5318(+529/s) cancels=0(+0/s) notify=1 disc=0(0x00) | echo rx=0 tx=0 pend=0 stale=0
  14.722  P t=12s rxkBps=126 blkkBps=0 pongs=5847(+529/s) cancels=0(+0/s) notify=1 disc=0(0x00) | echo rx=0 tx=0 pend=0 stale=0
  14.722  P t=13s rxkBps=126 blkkBps=0 pongs=6376(+529/s) cancels=0(+0/s) notify=1 disc=0(0x00) | echo rx=0 tx=0 pend=0 stale=0
  16.716  P t=14s rxkBps=157 blkkBps=0 pongs=7035(+659/s) cancels=0(+0/s) notify=1 disc=0(0x00) | echo rx=0 tx=0 pend=0 stale=0
  16.771  P t=15s rxkBps=157 blkkBps=0 pongs=7698(+663/s) cancels=0(+0/s) notify=1 disc=0(0x00) | echo rx=0 tx=0 pend=0 stale=0
  18.715  P t=16s rxkBps=158 blkkBps=0 pongs=8364(+666/s) cancels=0(+0/s) notify=1 disc=0(0x00) | echo rx=0 tx=0 pend=0 stale=0
  18.766  P t=17s rxkBps=155 blkkBps=0 pongs=9018(+654/s) cancels=0(+0/s) notify=1 disc=0(0x00) | echo rx=0 tx=0 pend=0 stale=0
  20.709  P t=18s rxkBps=139 blkkBps=0 pongs=9602(+584/s) cancels=0(+0/s) notify=1 disc=0(0x00) | echo rx=0 tx=0 pend=0 stale=0
  20.764  P t=19s rxkBps=157 blkkBps=0 pongs=10265(+663/s) cancels=0(+0/s) notify=1 disc=0(0x00) | echo rx=0 tx=0 pend=0 stale=0
  22.709  P t=20s rxkBps=157 blkkBps=0 pongs=10927(+662/s) cancels=0(+0/s) notify=1 disc=0(0x00) | echo rx=0 tx=0 pend=0 stale=0
  22.764  P t=21s rxkBps=157 blkkBps=0 pongs=11589(+662/s) cancels=0(+0/s) notify=1 disc=0(0x00) | echo rx=0 tx=0 pend=0 stale=0
  24.708  P t=22s rxkBps=157 blkkBps=0 pongs=12252(+663/s) cancels=0(+0/s) notify=1 disc=0(0x00) | echo rx=0 tx=0 pend=0 stale=0
  24.764  P t=23s rxkBps=157 blkkBps=0 pongs=12912(+660/s) cancels=0(+0/s) notify=1 disc=0(0x00) | echo rx=0 tx=0 pend=0 stale=0
  26.712  P t=24s rxkBps=158 blkkBps=0 pongs=13577(+665/s) cancels=0(+0/s) notify=1 disc=0(0x00) | echo rx=0 tx=0 pend=0 stale=0
  26.762  P t=25s rxkBps=158 blkkBps=0 pongs=14243(+666/s) cancels=0(+0/s) notify=1 disc=0(0x00) | echo rx=0 tx=0 pend=0 stale=0
  28.707  P t=26s rxkBps=158 blkkBps=0 pongs=14908(+665/s) cancels=0(+0/s) notify=1 disc=0(0x00) | echo rx=0 tx=0 pend=0 stale=0
  28.760  P t=27s rxkBps=157 blkkBps=0 pongs=15570(+662/s) cancels=0(+0/s) notify=1 disc=0(0x00) | echo rx=0 tx=0 pend=0 stale=0
