   1.736  *** Booting nRF Connect SDK v3.4.0-99553055607b ***
   1.736  *** Using Zephyr OS v4.4.0-bf801e4e3d19 ***
   1.736  [01:00:58.463,249] [0m<inf> bt_sdc_hci_driver: SoftDevice Controller build revision:
   1.736                                              c8 da 30 98 f9 f0 34 a4  4b 6e ba d3 08 19 cc 0c |..0...4. Kn......
   1.736                                              ea 51 da 47                                      |.Q.G             [0m
   1.736  [01:00:58.464,042] [1;33m<wrn> bt_hci_core: Num of Controller's ACL packets != ACL bt_conn_tx contexts (10 != 3)[0m
   1.736  [01:00:58.464,693] [0m<inf> bt_hci_core: HW Platform: Nordic Semiconductor (0x0002)[0m
   1.791  [01:00:58.464,705] [0m<inf> bt_hci_core: HW Variant: nRF54Lx (0x0005)[0m
   1.791  [01:00:58.464,716] [0m<inf> bt_hci_core: Firmware: Standard Bluetooth controller (0x00) Version 200.12506 Build 888207768[0m
   1.791  [01:00:58.465,111] [0m<inf> bt_hci_core: HCI transport: SDC[0m
   1.791  [01:00:58.465,157] [0m<inf> bt_hci_core: Identity: FC:BE:FF:FA:E6:8B (random)[0m
   1.791  [01:00:58.465,174] [0m<inf> bt_hci_core: HCI: version 6.3 (0x11) revision 0x3039, manufacturer 0x0059[0m
   1.791  [01:00:58.465,190] [0m<inf> bt_hci_core: LMP: version 6.3 (0x11) subver 0x3039[0m
   1.791  
   1.791  === nRF54L15 RTT ping-pong PERIPHERAL (echo) ===
   1.791  advertising
   3.094  GAP connected interval=7500
   3.094  PHY tx=2 rx=2
   3.094  P t=1s rxkBps=0 blkkBps=0 pongs=0(+0/s) cancels=0(+0/s) notify=0 disc=0(0x00) | echo rx=0 tx=0 pend=0 stale=0
   3.094  CCC: notify ENABLED
   4.701  P t=2s rxkBps=116 blkkBps=0 pongs=491(+491/s) cancels=0(+0/s) notify=1 disc=0(0x00) | echo rx=0 tx=0 pend=0 stale=0
   4.701  P t=3s rxkBps=126 blkkBps=0 pongs=1022(+531/s) cancels=0(+0/s) notify=1 disc=0(0x00) | echo rx=0 tx=0 pend=0 stale=0
   6.695  P t=4s rxkBps=127 blkkBps=0 pongs=1555(+533/s) cancels=0(+0/s) notify=1 disc=0(0x00) | echo rx=0 tx=0 pend=0 stale=0
   6.750  P t=5s rxkBps=127 blkkBps=0 pongs=2090(+535/s) cancels=0(+0/s) notify=1 disc=0(0x00) | echo rx=0 tx=0 pend=0 stale=0
   8.715  P t=6s rxkBps=126 blkkBps=0 pongs=2619(+529/s) cancels=0(+0/s) notify=1 disc=0(0x00) | echo rx=0 tx=0 pend=0 stale=0
   8.715  P t=7s rxkBps=126 blkkBps=0 pongs=3150(+531/s) cancels=0(+0/s) notify=1 disc=0(0x00) | echo rx=0 tx=0 pend=0 stale=0
  10.709  P t=8s rxkBps=126 blkkBps=0 pongs=3680(+530/s) cancels=0(+0/s) notify=1 disc=0(0x00) | echo rx=0 tx=0 pend=0 stale=0
  10.710  P t=9s rxkBps=126 blkkBps=0 pongs=4212(+532/s) cancels=0(+0/s) notify=1 disc=0(0x00) | echo rx=0 tx=0 pend=0 stale=0
  12.726  P t=10s rxkBps=127 blkkBps=0 pongs=4746(+534/s) cancels=0(+0/s) notify=1 disc=0(0x00) | echo rx=0 tx=0 pend=0 stale=0
  12.726  P t=11s rxkBps=126 blkkBps=0 pongs=5278(+532/s) cancels=0(+0/s) notify=1 disc=0(0x00) | echo rx=0 tx=0 pend=0 stale=0
  14.695  P t=12s rxkBps=127 blkkBps=0 pongs=5811(+533/s) cancels=0(+0/s) notify=1 disc=0(0x00) | echo rx=0 tx=0 pend=0 stale=0
  14.750  P t=13s rxkBps=126 blkkBps=0 pongs=6343(+532/s) cancels=0(+0/s) notify=1 disc=0(0x00) | echo rx=0 tx=0 pend=0 stale=0
  16.704  P t=14s rxkBps=154 blkkBps=0 pongs=6993(+650/s) cancels=0(+0/s) notify=1 disc=0(0x00) | echo rx=0 tx=0 pend=0 stale=0
  16.704  P t=15s rxkBps=158 blkkBps=0 pongs=7659(+666/s) cancels=0(+0/s) notify=1 disc=0(0x00) | echo rx=0 tx=0 pend=0 stale=0
  18.707  P t=16s rxkBps=158 blkkBps=0 pongs=8326(+667/s) cancels=0(+0/s) notify=1 disc=0(0x00) | echo rx=0 tx=0 pend=0 stale=0
  18.707  P t=17s rxkBps=158 blkkBps=0 pongs=8993(+667/s) cancels=0(+0/s) notify=1 disc=0(0x00) | echo rx=0 tx=0 pend=0 stale=0
  20.721  P t=18s rxkBps=157 blkkBps=0 pongs=9655(+662/s) cancels=0(+0/s) notify=1 disc=0(0x00) | echo rx=0 tx=0 pend=0 stale=0
  20.721  P t=19s rxkBps=158 blkkBps=0 pongs=10322(+667/s) cancels=0(+0/s) notify=1 disc=0(0x00) | echo rx=0 tx=0 pend=0 stale=0
  22.696  P t=20s rxkBps=158 blkkBps=0 pongs=10989(+667/s) cancels=0(+0/s) notify=1 disc=0(0x00) | echo rx=0 tx=0 pend=0 stale=0
  22.751  P t=21s rxkBps=158 blkkBps=0 pongs=11656(+667/s) cancels=0(+0/s) notify=1 disc=0(0x00) | echo rx=0 tx=0 pend=0 stale=0
  24.744  P t=22s rxkBps=158 blkkBps=0 pongs=12323(+667/s) cancels=0(+0/s) notify=1 disc=0(0x00) | echo rx=0 tx=0 pend=0 stale=0
  24.744  P t=23s rxkBps=158 blkkBps=0 pongs=12989(+666/s) cancels=0(+0/s) notify=1 disc=0(0x00) | echo rx=0 tx=0 pend=0 stale=0
  26.740  P t=24s rxkBps=158 blkkBps=0 pongs=13656(+667/s) cancels=0(+0/s) notify=1 disc=0(0x00) | echo rx=0 tx=0 pend=0 stale=0
  26.740  P t=25s rxkBps=158 blkkBps=0 pongs=14323(+667/s) cancels=0(+0/s) notify=1 disc=0(0x00) | echo rx=0 tx=0 pend=0 stale=0
  28.693  P t=26s rxkBps=158 blkkBps=0 pongs=14987(+664/s) cancels=0(+0/s) notify=1 disc=0(0x00) | echo rx=0 tx=0 pend=0 stale=0
  28.749  P t=27s rxkBps=158 blkkBps=0 pongs=15653(+666/s) cancels=0(+0/s) notify=1 disc=0(0x00) | echo rx=0 tx=0 pend=0 stale=0
