   2.041  *** Booting nRF Connect SDK v3.4.0-99553055607b ***
   2.041  *** Using Zephyr OS v4.4.0-bf801e4e3d19 ***
   2.041  [00:07:33.874,866] [0m<inf> bt_sdc_hci_driver: SoftDevice Controller build revision:
   2.041                                              c8 da 30 98 f9 f0 34 a4  4b 6e ba d3 08 19 cc 0c |..0...4. Kn......
   2.041                                              ea 51 da 47                                      |.Q.G             [0m
   2.095  [00:07:33.876,069] [0m<inf> bt_hci_core: HW Platform: Nordic Semiconductor (0x0002)[0m
   2.095  [00:07:33.876,082] [0m<inf> bt_hci_core: HW Variant: nRF54Lx (0x0005)[0m
   2.095  [00:07:33.876,093] [0m<inf> bt_hci_core: Firmware: Standard Bluetooth controller (0x00) Version 200.12506 Build 888207768[0m
   2.095  [00:07:33.876,491] [0m<inf> bt_hci_core: HCI transport: SDC[0m
   2.095  [00:07:33.876,538] [0m<inf> bt_hci_core: Identity: D6:C7:60:B1:D3:0E (random)[0m
   2.095  [00:07:33.876,554] [0m<inf> bt_hci_core: HCI: version 6.3 (0x11) revision 0x3039, manufacturer 0x0059[0m
   2.095  [00:07:33.876,570] [0m<inf> bt_hci_core: LMP: version 6.3 (0x11) subver 0x3039[0m
   2.095  
   2.095  === nRF54L15 RTT ping-pong CENTRAL ===
   2.095  scan rc=0
   2.146  GAP connected interval=7500
   2.146  MTU err=0 mtu=247
   2.796  PHY tx=2 rx=2
   2.796  discovery start (post-PHY +500ms) interval=7500 phy2m=1
   2.796  SUBSCRIBED, vh=18
   2.796  BLAST: phy_update->2M rc=0
   2.796  BLAST first16_call_us: 122 115 114 117 116 117 127 117 116 112 52 49 49 48 49 48
   2.796  PHY tx=2 rx=2
   4.035  BLASTC comp=140 exkBps=0 cgap_us[min/avg/max]=125/1785/4717
   4.035  BLAST phy=2/2 att=150 ok=150 enomem=0 err=0 call_us[min/avg/max]=48/1643/4707 okgap_max_us=4718
   4.035  t=1s RTT mean=0 min=0 max=0 n=0 to=0 | cancels=0(+0/s) seqbad=0 len_bad=0 disc=0(0x00) | tot_n=0 tot_to=0 maxever=0 >2ms=0 >5ms=0 >15ms=0 >20ms=0 >30ms=0 | probes=0 wrfail=0 down=0s maxout=0s
   4.089  t=2s RTT mean=0 min=0 max=0 n=0 to=0 | cancels=0(+0/s) seqbad=0 len_bad=0 disc=0(0x00) | tot_n=0 tot_to=0 maxever=0 >2ms=0 >5ms=0 >15ms=0 >20ms=0 >30ms=0 | probes=0 wrfail=0 down=0s maxout=0s
   4.089  BLASTC comp=528 exkBps=0 cgap_us[min/avg/max]=1390/1895/4717
   4.089  BLAST phy=2/2 att=528 ok=528 enomem=0 err=0 call_us[min/avg/max]=1375/1884/4707 okgap_max_us=4717
   6.040  BLASTC comp=533 exkBps=0 cgap_us[min/avg/max]=1388/1874/3303
   6.040  BLAST phy=2/2 att=533 ok=533 enomem=0 err=0 call_us[min/avg/max]=1319/1863/3293 okgap_max_us=3374
   6.040  t=3s RTT mean=0 min=0 max=0 n=0 to=0 | cancels=0(+0/s) seqbad=0 len_bad=0 disc=0(0x00) | tot_n=0 tot_to=0 maxever=0 >2ms=0 >5ms=0 >15ms=0 >20ms=0 >30ms=0 | probes=0 wrfail=0 down=0s maxout=0s
   6.040  BLASTC comp=534 exkBps=0 cgap_us[min/avg/max]=1390/1873/3303
   6.095  BLAST phy=2/2 att=534 ok=534 enomem=0 err=0 call_us[min/avg/max]=1331/1862/3293 okgap_max_us=3303
   6.095  t=4s RTT mean=0 min=0 max=0 n=0 to=0 | cancels=0(+0/s) seqbad=0 len_bad=0 disc=0(0x00) | tot_n=0 tot_to=0 maxever=0 >2ms=0 >5ms=0 >15ms=0 >20ms=0 >30ms=0 | probes=0 wrfail=0 down=0s maxout=0s
   8.051  BLASTC comp=533 exkBps=0 cgap_us[min/avg/max]=1386/1877/3305
   8.051  BLAST phy=2/2 att=533 ok=533 enomem=0 err=0 call_us[min/avg/max]=1375/1866/3293 okgap_max_us=3303
   8.051  t=5s RTT mean=0 min=0 max=0 n=0 to=0 | cancels=0(+0/s) seqbad=0 len_bad=0 disc=0(0x00) | tot_n=0 tot_to=0 maxever=0 >2ms=0 >5ms=0 >15ms=0 >20ms=0 >30ms=0 | probes=0 wrfail=0 down=0s maxout=0s
   8.051  BLASTC comp=529 exkBps=0 cgap_us[min/avg/max]=1390/1888/10800
   8.051  BLAST phy=2/2 att=529 ok=529 enomem=0 err=0 call_us[min/avg/max]=1315/1877/10789 okgap_max_us=10800
   8.104  t=6s RTT mean=0 min=0 max=0 n=0 to=0 | cancels=0(+0/s) seqbad=0 len_bad=0 disc=0(0x00) | tot_n=0 tot_to=0 maxever=0 >2ms=0 >5ms=0 >15ms=0 >20ms=0 >30ms=0 | probes=0 wrfail=0 down=0s maxout=0s
  10.044  BLASTC comp=534 exkBps=0 cgap_us[min/avg/max]=1390/1873/3302
  10.044  BLAST phy=2/2 att=534 ok=534 enomem=0 err=0 call_us[min/avg/max]=1288/1862/3292 okgap_max_us=3302
  10.044  t=7s RTT mean=0 min=0 max=0 n=0 to=0 | cancels=0(+0/s) seqbad=0 len_bad=0 disc=0(0x00) | tot_n=0 tot_to=0 maxever=0 >2ms=0 >5ms=0 >15ms=0 >20ms=0 >30ms=0 | probes=0 wrfail=0 down=0s maxout=0s
  10.044  BLASTC comp=533 exkBps=0 cgap_us[min/avg/max]=1389/1877/3306
  10.095  BLAST phy=2/2 att=533 ok=533 enomem=0 err=0 call_us[min/avg/max]=1375/1866/3295 okgap_max_us=3303
  10.095  t=8s RTT mean=0 min=0 max=0 n=0 to=0 | cancels=0(+0/s) seqbad=0 len_bad=0 disc=0(0x00) | tot_n=0 tot_to=0 maxever=0 >2ms=0 >5ms=0 >15ms=0 >20ms=0 >30ms=0 | probes=0 wrfail=0 down=0s maxout=0s
  12.003  BLASTC comp=533 exkBps=0 cgap_us[min/avg/max]=1390/1874/3302
  12.055  BLAST phy=2/2 att=533 ok=533 enomem=0 err=0 call_us[min/avg/max]=1333/1863/3292 okgap_max_us=3364
  12.055  t=9s RTT mean=0 min=0 max=0 n=0 to=0 | cancels=0(+0/s) seqbad=0 len_bad=0 disc=0(0x00) | tot_n=0 tot_to=0 maxever=0 >2ms=0 >5ms=0 >15ms=0 >20ms=0 >30ms=0 | probes=0 wrfail=0 down=0s maxout=0s
  12.055  BLASTC comp=534 exkBps=0 cgap_us[min/avg/max]=1390/1873/3303
  12.055  BLAST phy=2/2 att=534 ok=534 enomem=0 err=0 call_us[min/avg/max]=1321/1862/3293 okgap_max_us=3303
  12.110  t=10s RTT mean=0 min=0 max=0 n=0 to=0 | cancels=0(+0/s) seqbad=0 len_bad=0 disc=0(0x00) | tot_n=0 tot_to=0 maxever=0 >2ms=0 >5ms=0 >15ms=0 >20ms=0 >30ms=0 | probes=0 wrfail=0 down=0s maxout=0s
  14.046  BLASTC comp=529 exkBps=0 cgap_us[min/avg/max]=1390/1891/10801
  14.046  BLAST phy=2/2 att=529 ok=529 enomem=0 err=0 call_us[min/avg/max]=1379/1881/10790 okgap_max_us=10801
  14.046  t=11s RTT mean=0 min=0 max=0 n=0 to=0 | cancels=0(+0/s) seqbad=0 len_bad=0 disc=0(0x00) | tot_n=0 tot_to=0 maxever=0 >2ms=0 >5ms=0 >15ms=0 >20ms=0 >30ms=0 | probes=0 wrfail=0 down=0s maxout=0s
  14.046  BLASTC comp=533 exkBps=0 cgap_us[min/avg/max]=1387/1874/3303
  14.100  BLAST phy=2/2 att=533 ok=533 enomem=0 err=0 call_us[min/avg/max]=1330/1863/3293 okgap_max_us=3362
  14.100  t=12s RTT mean=0 min=0 max=0 n=0 to=0 | cancels=0(+0/s) seqbad=0 len_bad=0 disc=0(0x00) | tot_n=0 tot_to=0 maxever=0 >2ms=0 >5ms=0 >15ms=0 >20ms=0 >30ms=0 | probes=0 wrfail=0 down=0s maxout=0s
  15.735  FSU: request [52..52] us (ACL both dirs, 1M+2M) rc=0
  15.735  FSU: updated status=0x00 spacing=70 us phys=0x3 types=0x3 initiator=0
  15.735  BLASTC comp=558 exkBps=0 cgap_us[min/avg/max]=1229/1793/10847
  15.735  BLAST phy=2/2 att=558 ok=558 enomem=0 err=0 call_us[min/avg/max]=1215/1782/10835 okgap_max_us=10846
  15.790  t=13s RTT mean=0 min=0 max=0 n=0 to=0 | cancels=0(+0/s) seqbad=0 len_bad=0 disc=0(0x00) | tot_n=0 tot_to=0 maxever=0 >2ms=0 >5ms=0 >15ms=0 >20ms=0 >30ms=0 | probes=0 wrfail=0 down=0s maxout=0s
  17.031  BLASTC comp=660 exkBps=0 cgap_us[min/avg/max]=1225/1515/3808
  17.031  BLAST phy=2/2 att=660 ok=660 enomem=0 err=0 call_us[min/avg/max]=1215/1504/3797 okgap_max_us=3808
  17.084  t=14s RTT mean=0 min=0 max=0 n=0 to=0 | cancels=0(+0/s) seqbad=0 len_bad=0 disc=0(0x00) | tot_n=0 tot_to=0 maxever=0 >2ms=0 >5ms=0 >15ms=0 >20ms=0 >30ms=0 | probes=0 wrfail=0 down=0s maxout=0s
  17.084  BLASTC comp=665 exkBps=0 cgap_us[min/avg/max]=1228/1503/3808
  17.084  BLAST phy=2/2 att=665 ok=665 enomem=0 err=0 call_us[min/avg/max]=1157/1492/3797 okgap_max_us=3808
  17.084  t=15s RTT mean=0 min=0 max=0 n=0 to=0 | cancels=0(+0/s) seqbad=0 len_bad=0 disc=0(0x00) | tot_n=0 tot_to=0 maxever=0 >2ms=0 >5ms=0 >15ms=0 >20ms=0 >30ms=0 | probes=0 wrfail=0 down=0s maxout=0s
  19.047  BLASTC comp=658 exkBps=0 cgap_us[min/avg/max]=1228/1519/10043
  19.047  BLAST phy=2/2 att=658 ok=658 enomem=0 err=0 call_us[min/avg/max]=1169/1508/10032 okgap_max_us=10043
  19.047  t=16s RTT mean=0 min=0 max=0 n=0 to=0 | cancels=0(+0/s) seqbad=0 len_bad=0 disc=0(0x00) | tot_n=0 tot_to=0 maxever=0 >2ms=0 >5ms=0 >15ms=0 >20ms=0 >30ms=0 | probes=0 wrfail=0 down=0s maxout=0s
  19.047  BLASTC comp=662 exkBps=0 cgap_us[min/avg/max]=1228/1510/3808
  19.102  BLAST phy=2/2 att=662 ok=662 enomem=0 err=0 call_us[min/avg/max]=1215/1499/3797 okgap_max_us=3808
  19.102  t=17s RTT mean=0 min=0 max=0 n=0 to=0 | cancels=0(+0/s) seqbad=0 len_bad=0 disc=0(0x00) | tot_n=0 tot_to=0 maxever=0 >2ms=0 >5ms=0 >15ms=0 >20ms=0 >30ms=0 | probes=0 wrfail=0 down=0s maxout=0s
  21.055  BLASTC comp=664 exkBps=0 cgap_us[min/avg/max]=1228/1505/3808
  21.055  BLAST phy=2/2 att=664 ok=664 enomem=0 err=0 call_us[min/avg/max]=1150/1495/3797 okgap_max_us=3808
  21.055  t=18s RTT mean=0 min=0 max=0 n=0 to=0 | cancels=0(+0/s) seqbad=0 len_bad=0 disc=0(0x00) | tot_n=0 tot_to=0 maxever=0 >2ms=0 >5ms=0 >15ms=0 >20ms=0 >30ms=0 | probes=0 wrfail=0 down=0s maxout=0s
  21.055  BLASTC comp=666 exkBps=0 cgap_us[min/avg/max]=1228/1501/3808
  21.055  BLAST phy=2/2 att=666 ok=666 enomem=0 err=0 call_us[min/avg/max]=1160/1490/3797 okgap_max_us=3808
  21.110  t=19s RTT mean=0 min=0 max=0 n=0 to=0 | cancels=0(+0/s) seqbad=0 len_bad=0 disc=0(0x00) | tot_n=0 tot_to=0 maxever=0 >2ms=0 >5ms=0 >15ms=0 >20ms=0 >30ms=0 | probes=0 wrfail=0 down=0s maxout=0s
  23.002  BLASTC comp=659 exkBps=0 cgap_us[min/avg/max]=1226/1517/3806
  23.057  BLAST phy=2/2 att=659 ok=659 enomem=0 err=0 call_us[min/avg/max]=1216/1506/3795 okgap_max_us=3806
  23.057  t=20s RTT mean=0 min=0 max=0 n=0 to=0 | cancels=0(+0/s) seqbad=0 len_bad=0 disc=0(0x00) | tot_n=0 tot_to=0 maxever=0 >2ms=0 >5ms=0 >15ms=0 >20ms=0 >30ms=0 | probes=0 wrfail=0 down=0s maxout=0s
  23.057  BLASTC comp=663 exkBps=0 cgap_us[min/avg/max]=1228/1508/3807
  23.057  BLAST phy=2/2 att=663 ok=663 enomem=0 err=0 call_us[min/avg/max]=1157/1497/3797 okgap_max_us=3808
  23.108  t=21s RTT mean=0 min=0 max=0 n=0 to=0 | cancels=0(+0/s) seqbad=0 len_bad=0 disc=0(0x00) | tot_n=0 tot_to=0 maxever=0 >2ms=0 >5ms=0 >15ms=0 >20ms=0 >30ms=0 | probes=0 wrfail=0 down=0s maxout=0s
  25.048  BLASTC comp=660 exkBps=0 cgap_us[min/avg/max]=1228/1515/3808
  25.048  BLAST phy=2/2 att=660 ok=660 enomem=0 err=0 call_us[min/avg/max]=1170/1504/3802 okgap_max_us=3813
  25.048  t=22s RTT mean=0 min=0 max=0 n=0 to=0 | cancels=0(+0/s) seqbad=0 len_bad=0 disc=0(0x00) | tot_n=0 tot_to=0 maxever=0 >2ms=0 >5ms=0 >15ms=0 >20ms=0 >30ms=0 | probes=0 wrfail=0 down=0s maxout=0s
  25.048  BLASTC comp=661 exkBps=0 cgap_us[min/avg/max]=1228/1512/3808
  25.103  BLAST phy=2/2 att=661 ok=661 enomem=0 err=0 call_us[min/avg/max]=1215/1502/3797 okgap_max_us=3808
  25.103  t=23s RTT mean=0 min=0 max=0 n=0 to=0 | cancels=0(+0/s) seqbad=0 len_bad=0 disc=0(0x00) | tot_n=0 tot_to=0 maxever=0 >2ms=0 >5ms=0 >15ms=0 >20ms=0 >30ms=0 | probes=0 wrfail=0 down=0s maxout=0s
  27.004  BLASTC comp=663 exkBps=0 cgap_us[min/avg/max]=1228/1508/3805
  27.059  BLAST phy=2/2 att=663 ok=663 enomem=0 err=0 call_us[min/avg/max]=1152/1497/3795 okgap_max_us=3806
  27.059  t=24s RTT mean=0 min=0 max=0 n=0 to=0 | cancels=0(+0/s) seqbad=0 len_bad=0 disc=0(0x00) | tot_n=0 tot_to=0 maxever=0 >2ms=0 >5ms=0 >15ms=0 >20ms=0 >30ms=0 | probes=0 wrfail=0 down=0s maxout=0s
  27.059  BLASTC comp=662 exkBps=0 cgap_us[min/avg/max]=1228/1510/3808
  27.059  BLAST phy=2/2 att=662 ok=662 enomem=0 err=0 call_us[min/avg/max]=1161/1499/3797 okgap_max_us=3808
  27.114  t=25s RTT mean=0 min=0 max=0 n=0 to=0 | cancels=0(+0/s) seqbad=0 len_bad=0 disc=0(0x00) | tot_n=0 tot_to=0 maxever=0 >2ms=0 >5ms=0 >15ms=0 >20ms=0 >30ms=0 | probes=0 wrfail=0 down=0s maxout=0s
  29.013  BLASTC comp=661 exkBps=0 cgap_us[min/avg/max]=1228/1512/3808
  29.013  BLAST phy=2/2 att=661 ok=661 enomem=0 err=0 call_us[min/avg/max]=1217/1502/3797 okgap_max_us=3808
  29.063  t=26s RTT mean=0 min=0 max=0 n=0 to=0 | cancels=0(+0/s) seqbad=0 len_bad=0 disc=0(0x00) | tot_n=0 tot_to=0 maxever=0 >2ms=0 >5ms=0 >15ms=0 >20ms=0 >30ms=0 | probes=0 wrfail=0 down=0s maxout=0s
  29.063  BLASTC comp=666 exkBps=0 cgap_us[min/avg/max]=1228/1501/3808
  29.063  BLAST phy=2/2 att=666 ok=666 enomem=0 err=0 call_us[min/avg/max]=1139/1490/3797 okgap_max_us=3808
  29.118  t=27s RTT mean=0 min=0 max=0 n=0 to=0 | cancels=0(+0/s) seqbad=0 len_bad=0 disc=0(0x00) | tot_n=0 tot_to=0 maxever=0 >2ms=0 >5ms=0 >15ms=0 >20ms=0 >30ms=0 | probes=0 wrfail=0 down=0s maxout=0s
