   1.736  *** Booting nRF Connect SDK v3.4.0-99553055607b ***
   1.736  *** Using Zephyr OS v4.4.0-bf801e4e3d19 ***
   1.736  [00:06:28.140,337] [0m<inf> bt_sdc_hci_driver: SoftDevice Controller build revision:
   1.736                                              c8 da 30 98 f9 f0 34 a4  4b 6e ba d3 08 19 cc 0c |..0...4. Kn......
   1.736                                              ea 51 da 47                                      |.Q.G             [0m
   1.736  [00:06:28.141,131] [1;33m<wrn> bt_hci_core: Num of Controller's ACL packets != ACL bt_conn_tx contexts (10 != 3)[0m
   1.736  [00:06:28.141,782] [0m<inf> bt_hci_core: HW Platform: Nordic Semiconductor (0x0002)[0m
   1.791  [00:06:28.141,793] [0m<inf> bt_hci_core: HW Variant: nRF54Lx (0x0005)[0m
   1.791  [00:06:28.141,804] [0m<inf> bt_hci_core: Firmware: Standard Bluetooth controller (0x00) Version 200.12506 Build 888207768[0m
   1.791  [00:06:28.142,200] [0m<inf> bt_hci_core: HCI transport: SDC[0m
   1.791  [00:06:28.142,246] [0m<inf> bt_hci_core: Identity: FC:BE:FF:FA:E6:8B (random)[0m
   1.791  [00:06:28.142,263] [0m<inf> bt_hci_core: HCI: version 6.3 (0x11) revision 0x3039, manufacturer 0x0059[0m
   1.792  [00:06:28.142,279] [0m<inf> bt_hci_core: LMP: version 6.3 (0x11) subver 0x3039[0m
   1.792  
   1.792  === nRF54L15 RTT ping-pong PERIPHERAL (echo) ===
   1.792  advertising
   3.089  GAP connected interval=7500
   3.089  PHY tx=2 rx=2
   3.089  P t=1s rxkBps=0 blkkBps=0 pongs=0(+0/s) cancels=0(+0/s) notify=0 disc=0(0x00) | echo rx=0 tx=0 pend=0 stale=0
   3.089  CCC: notify ENABLED
   4.713  P t=2s rxkBps=124 blkkBps=0 pongs=524(+524/s) cancels=0(+0/s) notify=1 disc=0(0x00) | echo rx=0 tx=0 pend=0 stale=0
   4.714  P t=3s rxkBps=127 blkkBps=0 pongs=1058(+534/s) cancels=0(+0/s) notify=1 disc=0(0x00) | echo rx=0 tx=0 pend=0 stale=0
   6.713  P t=4s rxkBps=126 blkkBps=0 pongs=1590(+532/s) cancels=0(+0/s) notify=1 disc=0(0x00) | echo rx=0 tx=0 pend=0 stale=0
   6.713  P t=5s rxkBps=127 blkkBps=0 pongs=2123(+533/s) cancels=0(+0/s) notify=1 disc=0(0x00) | echo rx=0 tx=0 pend=0 stale=0
   8.706  P t=6s rxkBps=127 blkkBps=0 pongs=2657(+534/s) cancels=0(+0/s) notify=1 disc=0(0x00) | echo rx=0 tx=0 pend=0 stale=0
   8.706  P t=7s rxkBps=127 blkkBps=0 pongs=3190(+533/s) cancels=0(+0/s) notify=1 disc=0(0x00) | echo rx=0 tx=0 pend=0 stale=0
  10.717  P t=8s rxkBps=126 blkkBps=0 pongs=3721(+531/s) cancels=0(+0/s) notify=1 disc=0(0x00) | echo rx=0 tx=0 pend=0 stale=0
  10.717  P t=9s rxkBps=124 blkkBps=0 pongs=4242(+521/s) cancels=0(+0/s) notify=1 disc=0(0x00) | echo rx=0 tx=0 pend=0 stale=0
  12.715  P t=10s rxkBps=125 blkkBps=0 pongs=4769(+527/s) cancels=0(+0/s) notify=1 disc=0(0x00) | echo rx=0 tx=0 pend=0 stale=0
  12.715  P t=11s rxkBps=124 blkkBps=0 pongs=5292(+523/s) cancels=0(+0/s) notify=1 disc=0(0x00) | echo rx=0 tx=0 pend=0 stale=0
  14.727  P t=12s rxkBps=126 blkkBps=0 pongs=5822(+530/s) cancels=0(+0/s) notify=1 disc=0(0x00) | echo rx=0 tx=0 pend=0 stale=0
  14.727  P t=13s rxkBps=126 blkkBps=0 pongs=6352(+530/s) cancels=0(+0/s) notify=1 disc=0(0x00) | echo rx=0 tx=0 pend=0 stale=0
  16.730  P t=14s rxkBps=126 blkkBps=0 pongs=6881(+529/s) cancels=0(+0/s) notify=1 disc=0(0x00) | echo rx=0 tx=0 pend=0 stale=0
  16.730  P t=15s rxkBps=125 blkkBps=0 pongs=7408(+527/s) cancels=0(+0/s) notify=1 disc=0(0x00) | echo rx=0 tx=0 pend=0 stale=0
  18.738  P t=16s rxkBps=126 blkkBps=0 pongs=7937(+529/s) cancels=0(+0/s) notify=1 disc=0(0x00) | echo rx=0 tx=0 pend=0 stale=0
  18.739  P t=17s rxkBps=125 blkkBps=0 pongs=8465(+528/s) cancels=0(+0/s) notify=1 disc=0(0x00) | echo rx=0 tx=0 pend=0 stale=0
  20.733  P t=18s rxkBps=126 blkkBps=0 pongs=8995(+530/s) cancels=0(+0/s) notify=1 disc=0(0x00) | echo rx=0 tx=0 pend=0 stale=0
  20.733  P t=19s rxkBps=126 blkkBps=0 pongs=9524(+529/s) cancels=0(+0/s) notify=1 disc=0(0x00) | echo rx=0 tx=0 pend=0 stale=0
  22.733  P t=20s rxkBps=125 blkkBps=0 pongs=10050(+526/s) cancels=0(+0/s) notify=1 disc=0(0x00) | echo rx=0 tx=0 pend=0 stale=0
  22.733  P t=21s rxkBps=126 blkkBps=0 pongs=10580(+530/s) cancels=0(+0/s) notify=1 disc=0(0x00) | echo rx=0 tx=0 pend=0 stale=0
  24.731  P t=22s rxkBps=125 blkkBps=0 pongs=11106(+526/s) cancels=0(+0/s) notify=1 disc=0(0x00) | echo rx=0 tx=0 pend=0 stale=0
  24.731  P t=23s rxkBps=125 blkkBps=0 pongs=11634(+528/s) cancels=0(+0/s) notify=1 disc=0(0x00) | echo rx=0 tx=0 pend=0 stale=0
  26.729  P t=24s rxkBps=126 blkkBps=0 pongs=12164(+530/s) cancels=0(+0/s) notify=1 disc=0(0x00) | echo rx=0 tx=0 pend=0 stale=0
  26.729  P t=25s rxkBps=125 blkkBps=0 pongs=12690(+526/s) cancels=0(+0/s) notify=1 disc=0(0x00) | echo rx=0 tx=0 pend=0 stale=0
  28.725  P t=26s rxkBps=126 blkkBps=0 pongs=13220(+530/s) cancels=0(+0/s) notify=1 disc=0(0x00) | echo rx=0 tx=0 pend=0 stale=0
  28.725  P t=27s rxkBps=126 blkkBps=0 pongs=13750(+530/s) cancels=0(+0/s) notify=1 disc=0(0x00) | echo rx=0 tx=0 pend=0 stale=0
