   1.707  *** Booting nRF Connect SDK v3.4.0-99553055607b ***
   1.707  *** Using Zephyr OS v4.4.0-bf801e4e3d19 ***
   1.707  [00:07:02.123,558] [0m<inf> bt_sdc_hci_driver: SoftDevice Controller build revision:
   1.762                                              c8 da 30 98 f9 f0 34 a4  4b 6e ba d3 08 19 cc 0c |..0...4. Kn......
   1.762                                              ea 51 da 47                                      |.Q.G             [0m
   1.762  [00:07:02.124,342] [1;33m<wrn> bt_hci_core: Num of Controller's ACL packets != ACL bt_conn_tx contexts (10 != 3)[0m
   1.762  [00:07:02.124,986] [0m<inf> bt_hci_core: HW Platform: Nordic Semiconductor (0x0002)[0m
   1.762  [00:07:02.124,997] [0m<inf> bt_hci_core: HW Variant: nRF54Lx (0x0005)[0m
   1.763  [00:07:02.125,007] [0m<inf> bt_hci_core: Firmware: Standard Bluetooth controller (0x00) Version 200.12506 Build 888207768[0m
   1.818  [00:07:02.125,398] [0m<inf> bt_hci_core: HCI transport: SDC[0m
   1.818  [00:07:02.125,444] [0m<inf> bt_hci_core: Identity: FC:BE:FF:FA:E6:8B (random)[0m
   1.818  [00:07:02.125,460] [0m<inf> bt_hci_core: HCI: version 6.3 (0x11) revision 0x3039, manufacturer 0x0059[0m
   1.818  [00:07:02.125,476] [0m<inf> bt_hci_core: LMP: version 6.3 (0x11) subver 0x3039[0m
   1.818  
   1.818  === nRF54L15 RTT ping-pong PERIPHERAL (echo) ===
   1.818  advertising
   3.122  GAP connected interval=7500
   3.122  PHY tx=2 rx=2
   3.122  P t=1s rxkBps=0 blkkBps=0 pongs=0(+0/s) cancels=0(+0/s) notify=0 disc=0(0x00) | echo rx=0 tx=0 pend=0 stale=0
   3.122  CCC: notify ENABLED
   4.740  P t=2s rxkBps=115 blkkBps=0 pongs=485(+485/s) cancels=0(+0/s) notify=1 disc=0(0x00) | echo rx=0 tx=0 pend=0 stale=0
   4.740  P t=3s rxkBps=124 blkkBps=0 pongs=1009(+524/s) cancels=0(+0/s) notify=1 disc=0(0x00) | echo rx=0 tx=0 pend=0 stale=0
   6.753  P t=4s rxkBps=126 blkkBps=0 pongs=1539(+530/s) cancels=0(+0/s) notify=1 disc=0(0x00) | echo rx=0 tx=0 pend=0 stale=0
   6.753  P t=5s rxkBps=125 blkkBps=0 pongs=2065(+526/s) cancels=0(+0/s) notify=1 disc=0(0x00) | echo rx=0 tx=0 pend=0 stale=0
   8.742  P t=6s rxkBps=126 blkkBps=0 pongs=2596(+531/s) cancels=0(+0/s) notify=1 disc=0(0x00) | echo rx=0 tx=0 pend=0 stale=0
   8.742  P t=7s rxkBps=126 blkkBps=0 pongs=3125(+529/s) cancels=0(+0/s) notify=1 disc=0(0x00) | echo rx=0 tx=0 pend=0 stale=0
  10.701  P t=8s rxkBps=125 blkkBps=0 pongs=3651(+526/s) cancels=0(+0/s) notify=1 disc=0(0x00) | echo rx=0 tx=0 pend=0 stale=0
  10.756  P t=9s rxkBps=124 blkkBps=0 pongs=4173(+522/s) cancels=0(+0/s) notify=1 disc=0(0x00) | echo rx=0 tx=0 pend=0 stale=0
  12.711  P t=10s rxkBps=124 blkkBps=0 pongs=4694(+521/s) cancels=0(+0/s) notify=1 disc=0(0x00) | echo rx=0 tx=0 pend=0 stale=0
  12.711  P t=11s rxkBps=126 blkkBps=0 pongs=5224(+530/s) cancels=0(+0/s) notify=1 disc=0(0x00) | echo rx=0 tx=0 pend=0 stale=0
  14.714  P t=12s rxkBps=126 blkkBps=0 pongs=5756(+532/s) cancels=0(+0/s) notify=1 disc=0(0x00) | echo rx=0 tx=0 pend=0 stale=0
  14.714  P t=13s rxkBps=126 blkkBps=0 pongs=6285(+529/s) cancels=0(+0/s) notify=1 disc=0(0x00) | echo rx=0 tx=0 pend=0 stale=0
  16.706  P t=14s rxkBps=126 blkkBps=0 pongs=6816(+531/s) cancels=0(+0/s) notify=1 disc=0(0x00) | echo rx=0 tx=0 pend=0 stale=0
  16.759  P t=15s rxkBps=125 blkkBps=0 pongs=7344(+528/s) cancels=0(+0/s) notify=1 disc=0(0x00) | echo rx=0 tx=0 pend=0 stale=0
  18.707  P t=16s rxkBps=125 blkkBps=0 pongs=7871(+527/s) cancels=0(+0/s) notify=1 disc=0(0x00) | echo rx=0 tx=0 pend=0 stale=0
  18.763  P t=17s rxkBps=126 blkkBps=0 pongs=8400(+529/s) cancels=0(+0/s) notify=1 disc=0(0x00) | echo rx=0 tx=0 pend=0 stale=0
  20.740  P t=18s rxkBps=126 blkkBps=0 pongs=8931(+531/s) cancels=0(+0/s) notify=1 disc=0(0x00) | echo rx=0 tx=0 pend=0 stale=0
  20.740  P t=19s rxkBps=126 blkkBps=0 pongs=9462(+531/s) cancels=0(+0/s) notify=1 disc=0(0x00) | echo rx=0 tx=0 pend=0 stale=0
  22.747  P t=20s rxkBps=126 blkkBps=0 pongs=9991(+529/s) cancels=0(+0/s) notify=1 disc=0(0x00) | echo rx=0 tx=0 pend=0 stale=0
  22.747  P t=21s rxkBps=126 blkkBps=0 pongs=10522(+531/s) cancels=0(+0/s) notify=1 disc=0(0x00) | echo rx=0 tx=0 pend=0 stale=0
  24.734  P t=22s rxkBps=126 blkkBps=0 pongs=11053(+531/s) cancels=0(+0/s) notify=1 disc=0(0x00) | echo rx=0 tx=0 pend=0 stale=0
  24.734  P t=23s rxkBps=126 blkkBps=0 pongs=11582(+529/s) cancels=0(+0/s) notify=1 disc=0(0x00) | echo rx=0 tx=0 pend=0 stale=0
  26.728  P t=24s rxkBps=125 blkkBps=0 pongs=12110(+528/s) cancels=0(+0/s) notify=1 disc=0(0x00) | echo rx=0 tx=0 pend=0 stale=0
  26.728  P t=25s rxkBps=126 blkkBps=0 pongs=12639(+529/s) cancels=0(+0/s) notify=1 disc=0(0x00) | echo rx=0 tx=0 pend=0 stale=0
  28.739  P t=26s rxkBps=126 blkkBps=0 pongs=13170(+531/s) cancels=0(+0/s) notify=1 disc=0(0x00) | echo rx=0 tx=0 pend=0 stale=0
  28.739  P t=27s rxkBps=126 blkkBps=0 pongs=13702(+532/s) cancels=0(+0/s) notify=1 disc=0(0x00) | echo rx=0 tx=0 pend=0 stale=0
