   1.685  *** Booting nRF Connect SDK v3.4.0-99553055607b ***
   1.685  *** Using Zephyr OS v4.4.0-bf801e4e3d19 ***
   1.741  [01:03:49.392,905] [0m<inf> bt_sdc_hci_driver: SoftDevice Controller build revision:
   1.741                                              c8 da 30 98 f9 f0 34 a4  4b 6e ba d3 08 19 cc 0c |..0...4. Kn......
   1.741                                              ea 51 da 47                                      |.Q.G             [0m
   1.741  [01:03:49.393,698] [1;33m<wrn> bt_hci_core: Num of Controller's ACL packets != ACL bt_conn_tx contexts (10 != 3)[0m
   1.741  [01:03:49.394,349] [0m<inf> bt_hci_core: HW Platform: Nordic Semiconductor (0x0002)[0m
   1.741  [01:03:49.394,360] [0m<inf> bt_hci_core: HW Variant: nRF54Lx (0x0005)[0m
   1.794  [01:03:49.394,371] [0m<inf> bt_hci_core: Firmware: Standard Bluetooth controller (0x00) Version 200.12506 Build 888207768[0m
   1.794  [01:03:49.394,767] [0m<inf> bt_hci_core: HCI transport: SDC[0m
   1.794  [01:03:49.394,812] [0m<inf> bt_hci_core: Identity: FC:BE:FF:FA:E6:8B (random)[0m
   1.794  [01:03:49.394,829] [0m<inf> bt_hci_core: HCI: version 6.3 (0x11) revision 0x3039, manufacturer 0x0059[0m
   1.794  [01:03:49.394,845] [0m<inf> bt_hci_core: LMP: version 6.3 (0x11) subver 0x3039[0m
   1.794  
   1.794  === nRF54L15 RTT ping-pong PERIPHERAL (echo) ===
   1.794  advertising
   2.993  GAP connected interval=7500
   2.993  PHY tx=2 rx=2
   2.993  CCC: notify ENABLED
   2.993  P t=1s rxkBps=8 blkkBps=0 pongs=35(+35/s) cancels=0(+0/s) notify=1 disc=0(0x00) | echo rx=0 tx=0 pend=0 stale=0
   4.715  P t=2s rxkBps=126 blkkBps=0 pongs=566(+531/s) cancels=0(+0/s) notify=1 disc=0(0x00) | echo rx=0 tx=0 pend=0 stale=0
   4.715  P t=3s rxkBps=126 blkkBps=0 pongs=1095(+529/s) cancels=0(+0/s) notify=1 disc=0(0x00) | echo rx=0 tx=0 pend=0 stale=0
   6.719  P t=4s rxkBps=126 blkkBps=0 pongs=1626(+531/s) cancels=0(+0/s) notify=1 disc=0(0x00) | echo rx=0 tx=0 pend=0 stale=0
   6.719  P t=5s rxkBps=125 blkkBps=0 pongs=2152(+526/s) cancels=0(+0/s) notify=1 disc=0(0x00) | echo rx=0 tx=0 pend=0 stale=0
   8.728  P t=6s rxkBps=126 blkkBps=0 pongs=2681(+529/s) cancels=0(+0/s) notify=1 disc=0(0x00) | echo rx=0 tx=0 pend=0 stale=0
   8.728  P t=7s rxkBps=124 blkkBps=0 pongs=3203(+522/s) cancels=0(+0/s) notify=1 disc=0(0x00) | echo rx=0 tx=0 pend=0 stale=0
  10.730  P t=8s rxkBps=126 blkkBps=0 pongs=3734(+531/s) cancels=0(+0/s) notify=1 disc=0(0x00) | echo rx=0 tx=0 pend=0 stale=0
  10.730  P t=9s rxkBps=125 blkkBps=0 pongs=4262(+528/s) cancels=0(+0/s) notify=1 disc=0(0x00) | echo rx=0 tx=0 pend=0 stale=0
  12.735  P t=10s rxkBps=126 blkkBps=0 pongs=4794(+532/s) cancels=0(+0/s) notify=1 disc=0(0x00) | echo rx=0 tx=0 pend=0 stale=0
  12.735  P t=11s rxkBps=125 blkkBps=0 pongs=5320(+526/s) cancels=0(+0/s) notify=1 disc=0(0x00) | echo rx=0 tx=0 pend=0 stale=0
  14.729  P t=12s rxkBps=126 blkkBps=0 pongs=5851(+531/s) cancels=0(+0/s) notify=1 disc=0(0x00) | echo rx=0 tx=0 pend=0 stale=0
  14.729  P t=13s rxkBps=124 blkkBps=0 pongs=6375(+524/s) cancels=0(+0/s) notify=1 disc=0(0x00) | echo rx=0 tx=0 pend=0 stale=0
  16.736  P t=14s rxkBps=158 blkkBps=0 pongs=7039(+664/s) cancels=0(+0/s) notify=1 disc=0(0x00) | echo rx=0 tx=0 pend=0 stale=0
  16.736  P t=15s rxkBps=158 blkkBps=0 pongs=7703(+664/s) cancels=0(+0/s) notify=1 disc=0(0x00) | echo rx=0 tx=0 pend=0 stale=0
  18.735  P t=16s rxkBps=157 blkkBps=0 pongs=8366(+663/s) cancels=0(+0/s) notify=1 disc=0(0x00) | echo rx=0 tx=0 pend=0 stale=0
  18.735  P t=17s rxkBps=157 blkkBps=0 pongs=9025(+659/s) cancels=0(+0/s) notify=1 disc=0(0x00) | echo rx=0 tx=0 pend=0 stale=0
  20.745  P t=18s rxkBps=157 blkkBps=0 pongs=9687(+662/s) cancels=0(+0/s) notify=1 disc=0(0x00) | echo rx=0 tx=0 pend=0 stale=0
  20.745  P t=19s rxkBps=157 blkkBps=0 pongs=10350(+663/s) cancels=0(+0/s) notify=1 disc=0(0x00) | echo rx=0 tx=0 pend=0 stale=0
  22.742  P t=20s rxkBps=157 blkkBps=0 pongs=11012(+662/s) cancels=0(+0/s) notify=1 disc=0(0x00) | echo rx=0 tx=0 pend=0 stale=0
  22.742  P t=21s rxkBps=158 blkkBps=0 pongs=11678(+666/s) cancels=0(+0/s) notify=1 disc=0(0x00) | echo rx=0 tx=0 pend=0 stale=0
  24.694  P t=22s rxkBps=157 blkkBps=0 pongs=12341(+663/s) cancels=0(+0/s) notify=1 disc=0(0x00) | echo rx=0 tx=0 pend=0 stale=0
  24.749  P t=23s rxkBps=157 blkkBps=0 pongs=13003(+662/s) cancels=0(+0/s) notify=1 disc=0(0x00) | echo rx=0 tx=0 pend=0 stale=0
  26.704  P t=24s rxkBps=158 blkkBps=0 pongs=13668(+665/s) cancels=0(+0/s) notify=1 disc=0(0x00) | echo rx=0 tx=0 pend=0 stale=0
  26.704  P t=25s rxkBps=157 blkkBps=0 pongs=14329(+661/s) cancels=0(+0/s) notify=1 disc=0(0x00) | echo rx=0 tx=0 pend=0 stale=0
  28.700  P t=26s rxkBps=157 blkkBps=0 pongs=14988(+659/s) cancels=0(+0/s) notify=1 disc=0(0x00) | echo rx=0 tx=0 pend=0 stale=0
  28.755  P t=27s rxkBps=158 blkkBps=0 pongs=15653(+665/s) cancels=0(+0/s) notify=1 disc=0(0x00) | echo rx=0 tx=0 pend=0 stale=0
