   1.719  *** Booting Zephyr OS build v4.4.2-16-gfee9fbc62095 ***
   1.720  [00:58:28.887,515] [0m<inf> bt_hci_core: HW Platform: Nordic Semiconductor (0x0002)[0m
   1.720  [00:58:28.887,528] [0m<inf> bt_hci_core: HW Variant: nRF54Lx (0x0005)[0m
   1.720  [00:58:28.887,539] [0m<inf> bt_hci_core: Firmware: Standard Bluetooth controller (0x00) Version 4.4 Build 2[0m
   1.720  [00:58:28.887,882] [0m<inf> bt_hci_core: HCI transport: Controller[0m
   1.720  [00:58:28.887,927] [0m<inf> bt_hci_core: Identity: D6:C7:60:B1:D3:0E (random)[0m
   1.775  [00:58:28.887,944] [0m<inf> bt_hci_core: HCI: version 5.4 (0x0d) revision 0x0000, manufacturer 0x05f1[0m
   1.775  [00:58:28.887,959] [0m<inf> bt_hci_core: LMP: version 5.4 (0x0d) subver 0xffff[0m
   1.775  
   1.775  === nRF54L15 RTT ping-pong PERIPHERAL (echo) ===
   1.775  advertising
   3.110  GAP connected interval=25000
   3.110  PHY tx=2 rx=2
   3.110  P t=1s rxkBps=0 blkkBps=0 pongs=0(+0/s) cancels=0(+0/s) notify=0 disc=0(0x00) | echo rx=0 tx=0 pend=0 stale=0
   3.110  CCC: notify ENABLED
   4.727  P t=2s rxkBps=45 blkkBps=0 pongs=191(+191/s) cancels=0(+0/s) notify=1 disc=0(0x00) | echo rx=0 tx=0 pend=0 stale=0
   4.727  P t=3s rxkBps=94 blkkBps=0 pongs=589(+398/s) cancels=0(+0/s) notify=1 disc=0(0x00) | echo rx=0 tx=0 pend=0 stale=0
   6.729  P t=4s rxkBps=92 blkkBps=0 pongs=977(+388/s) cancels=0(+0/s) notify=1 disc=0(0x00) | echo rx=0 tx=0 pend=0 stale=0
   6.729  P t=5s rxkBps=100 blkkBps=0 pongs=1400(+423/s) cancels=0(+0/s) notify=1 disc=0(0x00) | echo rx=0 tx=0 pend=0 stale=0
   8.741  P t=6s rxkBps=101 blkkBps=0 pongs=1828(+428/s) cancels=0(+0/s) notify=1 disc=0(0x00) | echo rx=0 tx=0 pend=0 stale=0
   8.741  P t=7s rxkBps=98 blkkBps=0 pongs=2240(+412/s) cancels=0(+0/s) notify=1 disc=0(0x00) | echo rx=0 tx=0 pend=0 stale=0
  10.713  P t=8s rxkBps=104 blkkBps=0 pongs=2677(+437/s) cancels=0(+0/s) notify=1 disc=0(0x00) | echo rx=0 tx=0 pend=0 stale=0
  10.713  P t=9s rxkBps=100 blkkBps=0 pongs=3098(+421/s) cancels=0(+0/s) notify=1 disc=0(0x00) | echo rx=0 tx=0 pend=0 stale=0
  12.701  P t=10s rxkBps=102 blkkBps=0 pongs=3530(+432/s) cancels=0(+0/s) notify=1 disc=0(0x00) | echo rx=0 tx=0 pend=0 stale=0
  12.701  P t=11s rxkBps=102 blkkBps=0 pongs=3959(+429/s) cancels=0(+0/s) notify=1 disc=0(0x00) | echo rx=0 tx=0 pend=0 stale=0
  14.720  P t=12s rxkBps=99 blkkBps=0 pongs=4377(+418/s) cancels=0(+0/s) notify=1 disc=0(0x00) | echo rx=0 tx=0 pend=0 stale=0
  14.720  P t=13s rxkBps=104 blkkBps=0 pongs=4816(+439/s) cancels=0(+0/s) notify=1 disc=0(0x00) | echo rx=0 tx=0 pend=0 stale=0
  16.734  P t=14s rxkBps=101 blkkBps=0 pongs=5240(+424/s) cancels=0(+0/s) notify=1 disc=0(0x00) | echo rx=0 tx=0 pend=0 stale=0
  16.734  P t=15s rxkBps=100 blkkBps=0 pongs=5663(+423/s) cancels=0(+0/s) notify=1 disc=0(0x00) | echo rx=0 tx=0 pend=0 stale=0
  18.732  P t=16s rxkBps=99 blkkBps=0 pongs=6079(+416/s) cancels=0(+0/s) notify=1 disc=0(0x00) | echo rx=0 tx=0 pend=0 stale=0
  18.732  P t=17s rxkBps=104 blkkBps=0 pongs=6518(+439/s) cancels=0(+0/s) notify=1 disc=0(0x00) | echo rx=0 tx=0 pend=0 stale=0
  20.735  P t=18s rxkBps=103 blkkBps=0 pongs=6953(+435/s) cancels=0(+0/s) notify=1 disc=0(0x00) | echo rx=0 tx=0 pend=0 stale=0
  20.735  P t=19s rxkBps=101 blkkBps=0 pongs=7380(+427/s) cancels=0(+0/s) notify=1 disc=0(0x00) | echo rx=0 tx=0 pend=0 stale=0
  22.695  P t=20s rxkBps=103 blkkBps=0 pongs=7815(+435/s) cancels=0(+0/s) notify=1 disc=0(0x00) | echo rx=0 tx=0 pend=0 stale=0
  22.748  P t=21s rxkBps=99 blkkBps=0 pongs=8234(+419/s) cancels=0(+0/s) notify=1 disc=0(0x00) | echo rx=0 tx=0 pend=0 stale=0
  24.697  P t=22s rxkBps=103 blkkBps=0 pongs=8668(+434/s) cancels=0(+0/s) notify=1 disc=0(0x00) | echo rx=0 tx=0 pend=0 stale=0
  24.752  P t=23s rxkBps=99 blkkBps=0 pongs=9087(+419/s) cancels=0(+0/s) notify=1 disc=0(0x00) | echo rx=0 tx=0 pend=0 stale=0
  26.708  P t=24s rxkBps=102 blkkBps=0 pongs=9519(+432/s) cancels=0(+0/s) notify=1 disc=0(0x00) | echo rx=0 tx=0 pend=0 stale=0
  26.708  P t=25s rxkBps=102 blkkBps=0 pongs=9949(+430/s) cancels=0(+0/s) notify=1 disc=0(0x00) | echo rx=0 tx=0 pend=0 stale=0
  28.708  P t=26s rxkBps=101 blkkBps=0 pongs=10376(+427/s) cancels=0(+0/s) notify=1 disc=0(0x00) | echo rx=0 tx=0 pend=0 stale=0
  28.708  P t=27s rxkBps=102 blkkBps=0 pongs=10807(+431/s) cancels=0(+0/s) notify=1 disc=0(0x00) | echo rx=0 tx=0 pend=0 stale=0
  30.703  P t=28s rxkBps=100 blkkBps=0 pongs=11230(+423/s) cancels=0(+0/s) notify=1 disc=0(0x00) | echo rx=0 tx=0 pend=0 stale=0
  30.707  P t=29s rxkBps=102 blkkBps=0 pongs=11660(+430/s) cancels=0(+0/s) notify=1 disc=0(0x00) | echo rx=0 tx=0 pend=0 stale=0
  32.715  P t=30s rxkBps=103 blkkBps=0 pongs=12095(+435/s) cancels=0(+0/s) notify=1 disc=0(0x00) | echo rx=0 tx=0 pend=0 stale=0
  32.715  P t=31s rxkBps=101 blkkBps=0 pongs=12520(+425/s) cancels=0(+0/s) notify=1 disc=0(0x00) | echo rx=0 tx=0 pend=0 stale=0
  34.714  P t=32s rxkBps=103 blkkBps=0 pongs=12954(+434/s) cancels=0(+0/s) notify=1 disc=0(0x00) | echo rx=0 tx=0 pend=0 stale=0
  34.714  P t=33s rxkBps=94 blkkBps=0 pongs=13352(+398/s) cancels=0(+0/s) notify=1 disc=0(0x00) | echo rx=0 tx=0 pend=0 stale=0
  36.710  P t=34s rxkBps=101 blkkBps=0 pongs=13778(+426/s) cancels=0(+0/s) notify=1 disc=0(0x00) | echo rx=0 tx=0 pend=0 stale=0
  36.710  P t=35s rxkBps=104 blkkBps=0 pongs=14216(+438/s) cancels=0(+0/s) notify=1 disc=0(0x00) | echo rx=0 tx=0 pend=0 stale=0
  38.724  P t=36s rxkBps=101 blkkBps=0 pongs=14640(+424/s) cancels=0(+0/s) notify=1 disc=0(0x00) | echo rx=0 tx=0 pend=0 stale=0
  38.724  P t=37s rxkBps=103 blkkBps=0 pongs=15076(+436/s) cancels=0(+0/s) notify=1 disc=0(0x00) | echo rx=0 tx=0 pend=0 stale=0
  40.714  P t=38s rxkBps=100 blkkBps=0 pongs=15499(+423/s) cancels=0(+0/s) notify=1 disc=0(0x00) | echo rx=0 tx=0 pend=0 stale=0
  40.714  P t=39s rxkBps=100 blkkBps=0 pongs=15921(+422/s) cancels=0(+0/s) notify=1 disc=0(0x00) | echo rx=0 tx=0 pend=0 stale=0
  42.701  P t=40s rxkBps=99 blkkBps=0 pongs=16340(+419/s) cancels=0(+0/s) notify=1 disc=0(0x00) | echo rx=0 tx=0 pend=0 stale=0
  42.756  P t=41s rxkBps=101 blkkBps=0 pongs=16766(+426/s) cancels=0(+0/s) notify=1 disc=0(0x00) | echo rx=0 tx=0 pend=0 stale=0
  44.745  P t=42s rxkBps=101 blkkBps=0 pongs=17192(+426/s) cancels=0(+0/s) notify=1 disc=0(0x00) | echo rx=0 tx=0 pend=0 stale=0
  44.745  P t=43s rxkBps=102 blkkBps=0 pongs=17621(+429/s) cancels=0(+0/s) notify=1 disc=0(0x00) | echo rx=0 tx=0 pend=0 stale=0
