   1.454  P t=61s rxkBps=0 blkkBps=0 pongs=24192(+0/s) cancels=0(+0/s) notify=1 disc=0(0x00) | echo rx=0 tx=0 pend=0 stale=0
   1.455  P t=62s rxkBps=0 blkkBps=0 pongs=24192(+0/s) cancels=0(+0/s) notify=1 disc=0(0x00) | echo rx=0 tx=0 pend=0 stale=0
   1.729  *** Booting nRF Connect SDK v3.4.0-99553055607b ***
   1.729  *** Using Zephyr OS v4.4.0-bf801e4e3d19 ***
   1.729  [00:31:04.886,964] [0m<inf> bt_sdc_hci_driver: SoftDevice Controller build revision:
   1.729                                              c8 da 30 98 f9 f0 34 a4  4b 6e ba d3 08 19 cc 0c |..0...4. Kn......
   1.729                                              ea 51 da 47                                      |.Q.G             [0m
   1.729  [00:31:04.887,729] [1;33m<wrn> bt_hci_core: Num of Controller's ACL packets != ACL bt_conn_tx contexts (10 != 3)[0m
   1.781  [00:31:04.888,356] [0m<inf> bt_hci_core: HW Platform: Nordic Semiconductor (0x0002)[0m
   1.781  [00:31:04.888,367] [0m<inf> bt_hci_core: HW Variant: nRF54Lx (0x0005)[0m
   1.781  [00:31:04.888,378] [0m<inf> bt_hci_core: Firmware: Standard Bluetooth controller (0x00) Version 200.12506 Build 888207768[0m
   1.781  [00:31:04.888,763] [0m<inf> bt_hci_core: HCI transport: SDC[0m
   1.781  [00:31:04.888,808] [0m<inf> bt_hci_core: Identity: D6:C7:60:B1:D3:0E (random)[0m
   1.781  [00:31:04.888,824] [0m<inf> bt_hci_core: HCI: version 6.3 (0x11) revision 0x3039, manufacturer 0x0059[0m
   1.836  [00:31:04.888,839] [0m<inf> bt_hci_core: LMP: version 6.3 (0x11) subver 0x3039[0m
   1.836  
   1.836  === nRF54L15 RTT ping-pong PERIPHERAL (echo) ===
   1.836  advertising
   3.092  GAP connected interval=25000
   3.092  PHY tx=2 rx=2
   3.144  P t=1s rxkBps=0 blkkBps=0 pongs=0(+0/s) cancels=0(+0/s) notify=0 disc=0(0x00) | echo rx=0 tx=0 pend=0 stale=0
   4.120  CCC: notify ENABLED
   4.120  P t=2s rxkBps=52 blkkBps=0 pongs=219(+219/s) cancels=0(+0/s) notify=1 disc=0(0x00) | echo rx=0 tx=0 pend=0 stale=0
   5.748  P t=3s rxkBps=91 blkkBps=0 pongs=601(+382/s) cancels=0(+0/s) notify=1 disc=0(0x00) | echo rx=0 tx=0 pend=0 stale=0
   5.748  P t=4s rxkBps=93 blkkBps=0 pongs=993(+392/s) cancels=0(+0/s) notify=1 disc=0(0x00) | echo rx=0 tx=0 pend=0 stale=0
   7.743  P t=5s rxkBps=94 blkkBps=0 pongs=1390(+397/s) cancels=0(+0/s) notify=1 disc=0(0x00) | echo rx=0 tx=0 pend=0 stale=0
   7.743  P t=6s rxkBps=94 blkkBps=0 pongs=1785(+395/s) cancels=0(+0/s) notify=1 disc=0(0x00) | echo rx=0 tx=0 pend=0 stale=0
   9.748  P t=7s rxkBps=94 blkkBps=0 pongs=2180(+395/s) cancels=0(+0/s) notify=1 disc=0(0x00) | echo rx=0 tx=0 pend=0 stale=0
   9.748  P t=8s rxkBps=95 blkkBps=0 pongs=2579(+399/s) cancels=0(+0/s) notify=1 disc=0(0x00) | echo rx=0 tx=0 pend=0 stale=0
  11.710  P t=9s rxkBps=92 blkkBps=0 pongs=2966(+387/s) cancels=0(+0/s) notify=1 disc=0(0x00) | echo rx=0 tx=0 pend=0 stale=0
  11.710  P t=10s rxkBps=91 blkkBps=0 pongs=3351(+385/s) cancels=0(+0/s) notify=1 disc=0(0x00) | echo rx=0 tx=0 pend=0 stale=0
  13.723  P t=11s rxkBps=94 blkkBps=0 pongs=3747(+396/s) cancels=0(+0/s) notify=1 disc=0(0x00) | echo rx=0 tx=0 pend=0 stale=0
  13.723  P t=12s rxkBps=92 blkkBps=0 pongs=4137(+390/s) cancels=0(+0/s) notify=1 disc=0(0x00) | echo rx=0 tx=0 pend=0 stale=0
  15.735  P t=13s rxkBps=90 blkkBps=0 pongs=4515(+378/s) cancels=0(+0/s) notify=1 disc=0(0x00) | echo rx=0 tx=0 pend=0 stale=0
  15.736  P t=14s rxkBps=86 blkkBps=0 pongs=4876(+361/s) cancels=0(+0/s) notify=1 disc=0(0x00) | echo rx=0 tx=0 pend=0 stale=0
  17.732  P t=15s rxkBps=93 blkkBps=0 pongs=5270(+394/s) cancels=0(+0/s) notify=1 disc=0(0x00) | echo rx=0 tx=0 pend=0 stale=0
  17.732  P t=16s rxkBps=94 blkkBps=0 pongs=5667(+397/s) cancels=0(+0/s) notify=1 disc=0(0x00) | echo rx=0 tx=0 pend=0 stale=0
  19.746  P t=17s rxkBps=94 blkkBps=0 pongs=6062(+395/s) cancels=0(+0/s) notify=1 disc=0(0x00) | echo rx=0 tx=0 pend=0 stale=0
  19.746  P t=18s rxkBps=94 blkkBps=0 pongs=6458(+396/s) cancels=0(+0/s) notify=1 disc=0(0x00) | echo rx=0 tx=0 pend=0 stale=0
  21.709  P t=19s rxkBps=94 blkkBps=0 pongs=6855(+397/s) cancels=0(+0/s) notify=1 disc=0(0x00) | echo rx=0 tx=0 pend=0 stale=0
  21.709  P t=20s rxkBps=95 blkkBps=0 pongs=7254(+399/s) cancels=0(+0/s) notify=1 disc=0(0x00) | echo rx=0 tx=0 pend=0 stale=0
  23.704  P t=21s rxkBps=95 blkkBps=0 pongs=7653(+399/s) cancels=0(+0/s) notify=1 disc=0(0x00) | echo rx=0 tx=0 pend=0 stale=0
  23.759  P t=22s rxkBps=94 blkkBps=0 pongs=8048(+395/s) cancels=0(+0/s) notify=1 disc=0(0x00) | echo rx=0 tx=0 pend=0 stale=0
  25.715  P t=23s rxkBps=92 blkkBps=0 pongs=8435(+387/s) cancels=0(+0/s) notify=1 disc=0(0x00) | echo rx=0 tx=0 pend=0 stale=0
  25.715  P t=24s rxkBps=93 blkkBps=0 pongs=8826(+391/s) cancels=0(+0/s) notify=1 disc=0(0x00) | echo rx=0 tx=0 pend=0 stale=0
  27.721  P t=25s rxkBps=95 blkkBps=0 pongs=9225(+399/s) cancels=0(+0/s) notify=1 disc=0(0x00) | echo rx=0 tx=0 pend=0 stale=0
  27.721  P t=26s rxkBps=93 blkkBps=0 pongs=9618(+393/s) cancels=0(+0/s) notify=1 disc=0(0x00) | echo rx=0 tx=0 pend=0 stale=0
  29.735  P t=27s rxkBps=93 blkkBps=0 pongs=10012(+394/s) cancels=0(+0/s) notify=1 disc=0(0x00) | echo rx=0 tx=0 pend=0 stale=0
  29.736  P t=28s rxkBps=92 blkkBps=0 pongs=10402(+390/s) cancels=0(+0/s) notify=1 disc=0(0x00) | echo rx=0 tx=0 pend=0 stale=0
  31.743  P t=29s rxkBps=94 blkkBps=0 pongs=10799(+397/s) cancels=0(+0/s) notify=1 disc=0(0x00) | echo rx=0 tx=0 pend=0 stale=0
  31.744  P t=30s rxkBps=94 blkkBps=0 pongs=11194(+395/s) cancels=0(+0/s) notify=1 disc=0(0x00) | echo rx=0 tx=0 pend=0 stale=0
  33.743  P t=31s rxkBps=91 blkkBps=0 pongs=11577(+383/s) cancels=0(+0/s) notify=1 disc=0(0x00) | echo rx=0 tx=0 pend=0 stale=0
  33.743  P t=32s rxkBps=93 blkkBps=0 pongs=11968(+391/s) cancels=0(+0/s) notify=1 disc=0(0x00) | echo rx=0 tx=0 pend=0 stale=0
  35.698  P t=33s rxkBps=94 blkkBps=0 pongs=12364(+396/s) cancels=0(+0/s) notify=1 disc=0(0x00) | echo rx=0 tx=0 pend=0 stale=0
  35.754  P t=34s rxkBps=93 blkkBps=0 pongs=12755(+391/s) cancels=0(+0/s) notify=1 disc=0(0x00) | echo rx=0 tx=0 pend=0 stale=0
  37.709  P t=35s rxkBps=91 blkkBps=0 pongs=13140(+385/s) cancels=0(+0/s) notify=1 disc=0(0x00) | echo rx=0 tx=0 pend=0 stale=0
  37.764  P t=36s rxkBps=94 blkkBps=0 pongs=13536(+396/s) cancels=0(+0/s) notify=1 disc=0(0x00) | echo rx=0 tx=0 pend=0 stale=0
  39.718  P t=37s rxkBps=94 blkkBps=0 pongs=13931(+395/s) cancels=0(+0/s) notify=1 disc=0(0x00) | echo rx=0 tx=0 pend=0 stale=0
  39.718  P t=38s rxkBps=92 blkkBps=0 pongs=14320(+389/s) cancels=0(+0/s) notify=1 disc=0(0x00) | echo rx=0 tx=0 pend=0 stale=0
  41.737  P t=39s rxkBps=93 blkkBps=0 pongs=14712(+392/s) cancels=0(+0/s) notify=1 disc=0(0x00) | echo rx=0 tx=0 pend=0 stale=0
  41.738  P t=40s rxkBps=91 blkkBps=0 pongs=15096(+384/s) cancels=0(+0/s) notify=1 disc=0(0x00) | echo rx=0 tx=0 pend=0 stale=0
  43.751  P t=41s rxkBps=93 blkkBps=0 pongs=15489(+393/s) cancels=0(+0/s) notify=1 disc=0(0x00) | echo rx=0 tx=0 pend=0 stale=0
  43.751  P t=42s rxkBps=91 blkkBps=0 pongs=15875(+386/s) cancels=0(+0/s) notify=1 disc=0(0x00) | echo rx=0 tx=0 pend=0 stale=0
  45.704  P t=43s rxkBps=93 blkkBps=0 pongs=16268(+393/s) cancels=0(+0/s) notify=1 disc=0(0x00) | echo rx=0 tx=0 pend=0 stale=0
  45.760  P t=44s rxkBps=93 blkkBps=0 pongs=16661(+393/s) cancels=0(+0/s) notify=1 disc=0(0x00) | echo rx=0 tx=0 pend=0 stale=0
  47.709  P t=45s rxkBps=93 blkkBps=0 pongs=17054(+393/s) cancels=0(+0/s) notify=1 disc=0(0x00) | echo rx=0 tx=0 pend=0 stale=0
  47.760  P t=46s rxkBps=92 blkkBps=0 pongs=17441(+387/s) cancels=0(+0/s) notify=1 disc=0(0x00) | echo rx=0 tx=0 pend=0 stale=0
  49.704  P t=47s rxkBps=91 blkkBps=0 pongs=17827(+386/s) cancels=0(+0/s) notify=1 disc=0(0x00) | echo rx=0 tx=0 pend=0 stale=0
  49.759  P t=48s rxkBps=95 blkkBps=0 pongs=18226(+399/s) cancels=0(+0/s) notify=1 disc=0(0x00) | echo rx=0 tx=0 pend=0 stale=0
  51.709  P t=49s rxkBps=94 blkkBps=0 pongs=18624(+398/s) cancels=0(+0/s) notify=1 disc=0(0x00) | echo rx=0 tx=0 pend=0 stale=0
  51.762  P t=50s rxkBps=88 blkkBps=0 pongs=18995(+371/s) cancels=0(+0/s) notify=1 disc=0(0x00) | echo rx=0 tx=0 pend=0 stale=0
  53.727  P t=51s rxkBps=92 blkkBps=0 pongs=19385(+390/s) cancels=0(+0/s) notify=1 disc=0(0x00) | echo rx=0 tx=0 pend=0 stale=0
  53.727  P t=52s rxkBps=92 blkkBps=0 pongs=19774(+389/s) cancels=0(+0/s) notify=1 disc=0(0x00) | echo rx=0 tx=0 pend=0 stale=0
  55.735  P t=53s rxkBps=93 blkkBps=0 pongs=20165(+391/s) cancels=0(+0/s) notify=1 disc=0(0x00) | echo rx=0 tx=0 pend=0 stale=0
  55.735  P t=54s rxkBps=90 blkkBps=0 pongs=20543(+378/s) cancels=0(+0/s) notify=1 disc=0(0x00) | echo rx=0 tx=0 pend=0 stale=0
  57.741  P t=55s rxkBps=92 blkkBps=0 pongs=20932(+389/s) cancels=0(+0/s) notify=1 disc=0(0x00) | echo rx=0 tx=0 pend=0 stale=0
  57.741  P t=56s rxkBps=94 blkkBps=0 pongs=21327(+395/s) cancels=0(+0/s) notify=1 disc=0(0x00) | echo rx=0 tx=0 pend=0 stale=0
  59.751  P t=57s rxkBps=91 blkkBps=0 pongs=21713(+386/s) cancels=0(+0/s) notify=1 disc=0(0x00) | echo rx=0 tx=0 pend=0 stale=0
  59.751  P t=58s rxkBps=86 blkkBps=0 pongs=22078(+365/s) cancels=0(+0/s) notify=1 disc=0(0x00) | echo rx=0 tx=0 pend=0 stale=0
