   0.385  P t=60s rxkBps=0 blkkBps=0 pongs=22685(+0/s) cancels=0(+0/s) notify=1 disc=0(0x00) | echo rx=0 tx=0 pend=0 stale=0
   0.385  P t=61s rxkBps=0 blkkBps=0 pongs=22685(+0/s) cancels=0(+0/s) notify=1 disc=0(0x00) | echo rx=0 tx=0 pend=0 stale=0
   1.677  *** Booting nRF Connect SDK v3.4.0-99553055607b ***
   1.677  *** Using Zephyr OS v4.4.0-bf801e4e3d19 ***
   1.677  [00:23:48.843,456] [0m<inf> bt_sdc_hci_driver: SoftDevice Controller build revision:
   1.732                                              c8 da 30 98 f9 f0 34 a4  4b 6e ba d3 08 19 cc 0c |..0...4. Kn......
   1.732                                              ea 51 da 47                                      |.Q.G             [0m
   1.732  [00:23:48.844,222] [1;33m<wrn> bt_hci_core: Num of Controller's ACL packets != ACL bt_conn_tx contexts (10 != 3)[0m
   1.732  [00:23:48.844,848] [0m<inf> bt_hci_core: HW Platform: Nordic Semiconductor (0x0002)[0m
   1.732  [00:23:48.844,860] [0m<inf> bt_hci_core: HW Variant: nRF54Lx (0x0005)[0m
   1.732  [00:23:48.844,871] [0m<inf> bt_hci_core: Firmware: Standard Bluetooth controller (0x00) Version 200.12506 Build 888207768[0m
   1.786  [00:23:48.845,256] [0m<inf> bt_hci_core: HCI transport: SDC[0m
   1.786  [00:23:48.845,301] [0m<inf> bt_hci_core: Identity: D6:C7:60:B1:D3:0E (random)[0m
   1.786  [00:23:48.845,317] [0m<inf> bt_hci_core: HCI: version 6.3 (0x11) revision 0x3039, manufacturer 0x0059[0m
   1.786  [00:23:48.845,331] [0m<inf> bt_hci_core: LMP: version 6.3 (0x11) subver 0x3039[0m
   1.786  
   1.786  === nRF54L15 RTT ping-pong PERIPHERAL (echo) ===
   1.786  advertising
   3.024  GAP connected interval=25000
   3.024  PHY tx=2 rx=2
   3.024  P t=1s rxkBps=0 blkkBps=0 pongs=0(+0/s) cancels=0(+0/s) notify=0 disc=0(0x00) | echo rx=0 tx=0 pend=0 stale=0
   4.060  CCC: notify ENABLED
   4.060  P t=2s rxkBps=58 blkkBps=0 pongs=244(+244/s) cancels=0(+0/s) notify=1 disc=0(0x00) | echo rx=0 tx=0 pend=0 stale=0
   5.673  P t=3s rxkBps=92 blkkBps=0 pongs=634(+390/s) cancels=0(+0/s) notify=1 disc=0(0x00) | echo rx=0 tx=0 pend=0 stale=0
   5.728  P t=4s rxkBps=91 blkkBps=0 pongs=1020(+386/s) cancels=0(+0/s) notify=1 disc=0(0x00) | echo rx=0 tx=0 pend=0 stale=0
   7.677  P t=5s rxkBps=89 blkkBps=0 pongs=1394(+374/s) cancels=0(+0/s) notify=1 disc=0(0x00) | echo rx=0 tx=0 pend=0 stale=0
   7.732  P t=6s rxkBps=94 blkkBps=0 pongs=1792(+398/s) cancels=0(+0/s) notify=1 disc=0(0x00) | echo rx=0 tx=0 pend=0 stale=0
   9.680  P t=7s rxkBps=94 blkkBps=0 pongs=2189(+397/s) cancels=0(+0/s) notify=1 disc=0(0x00) | echo rx=0 tx=0 pend=0 stale=0
   9.735  P t=8s rxkBps=94 blkkBps=0 pongs=2586(+397/s) cancels=0(+0/s) notify=1 disc=0(0x00) | echo rx=0 tx=0 pend=0 stale=0
  11.690  P t=9s rxkBps=89 blkkBps=0 pongs=2961(+375/s) cancels=0(+0/s) notify=1 disc=0(0x00) | echo rx=0 tx=0 pend=0 stale=0
  11.690  P t=10s rxkBps=90 blkkBps=0 pongs=3342(+381/s) cancels=0(+0/s) notify=1 disc=0(0x00) | echo rx=0 tx=0 pend=0 stale=0
  13.691  P t=11s rxkBps=93 blkkBps=0 pongs=3733(+391/s) cancels=0(+0/s) notify=1 disc=0(0x00) | echo rx=0 tx=0 pend=0 stale=0
  13.691  P t=12s rxkBps=93 blkkBps=0 pongs=4127(+394/s) cancels=0(+0/s) notify=1 disc=0(0x00) | echo rx=0 tx=0 pend=0 stale=0
  15.693  P t=13s rxkBps=92 blkkBps=0 pongs=4515(+388/s) cancels=0(+0/s) notify=1 disc=0(0x00) | echo rx=0 tx=0 pend=0 stale=0
  15.694  P t=14s rxkBps=87 blkkBps=0 pongs=4883(+368/s) cancels=0(+0/s) notify=1 disc=0(0x00) | echo rx=0 tx=0 pend=0 stale=0
  17.686  P t=15s rxkBps=94 blkkBps=0 pongs=5278(+395/s) cancels=0(+0/s) notify=1 disc=0(0x00) | echo rx=0 tx=0 pend=0 stale=0
  17.686  P t=16s rxkBps=94 blkkBps=0 pongs=5676(+398/s) cancels=0(+0/s) notify=1 disc=0(0x00) | echo rx=0 tx=0 pend=0 stale=0
  19.689  P t=17s rxkBps=93 blkkBps=0 pongs=6068(+392/s) cancels=0(+0/s) notify=1 disc=0(0x00) | echo rx=0 tx=0 pend=0 stale=0
  19.689  P t=18s rxkBps=94 blkkBps=0 pongs=6466(+398/s) cancels=0(+0/s) notify=1 disc=0(0x00) | echo rx=0 tx=0 pend=0 stale=0
  21.688  P t=19s rxkBps=95 blkkBps=0 pongs=6865(+399/s) cancels=0(+0/s) notify=1 disc=0(0x00) | echo rx=0 tx=0 pend=0 stale=0
  21.688  P t=20s rxkBps=91 blkkBps=0 pongs=7249(+384/s) cancels=0(+0/s) notify=1 disc=0(0x00) | echo rx=0 tx=0 pend=0 stale=0
  23.699  P t=21s rxkBps=78 blkkBps=0 pongs=7577(+328/s) cancels=0(+0/s) notify=1 disc=0(0x00) | echo rx=0 tx=0 pend=0 stale=0
  23.699  P t=22s rxkBps=93 blkkBps=0 pongs=7968(+391/s) cancels=0(+0/s) notify=1 disc=0(0x00) | echo rx=0 tx=0 pend=0 stale=0
  25.681  P t=23s rxkBps=94 blkkBps=0 pongs=8364(+396/s) cancels=0(+0/s) notify=1 disc=0(0x00) | echo rx=0 tx=0 pend=0 stale=0
  25.736  P t=24s rxkBps=91 blkkBps=0 pongs=8750(+386/s) cancels=0(+0/s) notify=1 disc=0(0x00) | echo rx=0 tx=0 pend=0 stale=0
  27.677  P t=25s rxkBps=94 blkkBps=0 pongs=9146(+396/s) cancels=0(+0/s) notify=1 disc=0(0x00) | echo rx=0 tx=0 pend=0 stale=0
  27.729  P t=26s rxkBps=94 blkkBps=0 pongs=9543(+397/s) cancels=0(+0/s) notify=1 disc=0(0x00) | echo rx=0 tx=0 pend=0 stale=0
  29.675  P t=27s rxkBps=94 blkkBps=0 pongs=9940(+397/s) cancels=0(+0/s) notify=1 disc=0(0x00) | echo rx=0 tx=0 pend=0 stale=0
  29.731  P t=28s rxkBps=95 blkkBps=0 pongs=10339(+399/s) cancels=0(+0/s) notify=1 disc=0(0x00) | echo rx=0 tx=0 pend=0 stale=0
  31.681  P t=29s rxkBps=94 blkkBps=0 pongs=10735(+396/s) cancels=0(+0/s) notify=1 disc=0(0x00) | echo rx=0 tx=0 pend=0 stale=0
  31.736  P t=30s rxkBps=93 blkkBps=0 pongs=11128(+393/s) cancels=0(+0/s) notify=1 disc=0(0x00) | echo rx=0 tx=0 pend=0 stale=0
  33.695  P t=31s rxkBps=95 blkkBps=0 pongs=11527(+399/s) cancels=0(+0/s) notify=1 disc=0(0x00) | echo rx=0 tx=0 pend=0 stale=0
  33.695  P t=32s rxkBps=93 blkkBps=0 pongs=11918(+391/s) cancels=0(+0/s) notify=1 disc=0(0x00) | echo rx=0 tx=0 pend=0 stale=0
  35.682  P t=33s rxkBps=94 blkkBps=0 pongs=12314(+396/s) cancels=0(+0/s) notify=1 disc=0(0x00) | echo rx=0 tx=0 pend=0 stale=0
  35.736  P t=34s rxkBps=95 blkkBps=0 pongs=12713(+399/s) cancels=0(+0/s) notify=1 disc=0(0x00) | echo rx=0 tx=0 pend=0 stale=0
  37.685  P t=35s rxkBps=94 blkkBps=0 pongs=13108(+395/s) cancels=0(+0/s) notify=1 disc=0(0x00) | echo rx=0 tx=0 pend=0 stale=0
  37.685  P t=36s rxkBps=92 blkkBps=0 pongs=13496(+388/s) cancels=0(+0/s) notify=1 disc=0(0x00) | echo rx=0 tx=0 pend=0 stale=0
  39.675  P t=37s rxkBps=92 blkkBps=0 pongs=13885(+389/s) cancels=0(+0/s) notify=1 disc=0(0x00) | echo rx=0 tx=0 pend=0 stale=0
  39.726  P t=38s rxkBps=92 blkkBps=0 pongs=14274(+389/s) cancels=0(+0/s) notify=1 disc=0(0x00) | echo rx=0 tx=0 pend=0 stale=0
  41.676  P t=39s rxkBps=93 blkkBps=0 pongs=14668(+394/s) cancels=0(+0/s) notify=1 disc=0(0x00) | echo rx=0 tx=0 pend=0 stale=0
  41.732  P t=40s rxkBps=94 blkkBps=0 pongs=15063(+395/s) cancels=0(+0/s) notify=1 disc=0(0x00) | echo rx=0 tx=0 pend=0 stale=0
  43.728  P t=41s rxkBps=92 blkkBps=0 pongs=15451(+388/s) cancels=0(+0/s) notify=1 disc=0(0x00) | echo rx=0 tx=0 pend=0 stale=0
  43.729  P t=42s rxkBps=95 blkkBps=0 pongs=15851(+400/s) cancels=0(+0/s) notify=1 disc=0(0x00) | echo rx=0 tx=0 pend=0 stale=0
  45.719  P t=43s rxkBps=94 blkkBps=0 pongs=16246(+395/s) cancels=0(+0/s) notify=1 disc=0(0x00) | echo rx=0 tx=0 pend=0 stale=0
  45.719  P t=44s rxkBps=91 blkkBps=0 pongs=16632(+386/s) cancels=0(+0/s) notify=1 disc=0(0x00) | echo rx=0 tx=0 pend=0 stale=0
  47.713  P t=45s rxkBps=94 blkkBps=0 pongs=17028(+396/s) cancels=0(+0/s) notify=1 disc=0(0x00) | echo rx=0 tx=0 pend=0 stale=0
  47.713  P t=46s rxkBps=90 blkkBps=0 pongs=17409(+381/s) cancels=0(+0/s) notify=1 disc=0(0x00) | echo rx=0 tx=0 pend=0 stale=0
  49.697  P t=47s rxkBps=74 blkkBps=0 pongs=17720(+311/s) cancels=0(+0/s) notify=1 disc=0(0x00) | echo rx=0 tx=0 pend=0 stale=0
  49.698  P t=48s rxkBps=89 blkkBps=0 pongs=18094(+374/s) cancels=0(+0/s) notify=1 disc=0(0x00) | echo rx=0 tx=0 pend=0 stale=0
  51.692  P t=49s rxkBps=93 blkkBps=0 pongs=18488(+394/s) cancels=0(+0/s) notify=1 disc=0(0x00) | echo rx=0 tx=0 pend=0 stale=0
  51.692  P t=50s rxkBps=93 blkkBps=0 pongs=18882(+394/s) cancels=0(+0/s) notify=1 disc=0(0x00) | echo rx=0 tx=0 pend=0 stale=0
  53.697  P t=51s rxkBps=91 blkkBps=0 pongs=19268(+386/s) cancels=0(+0/s) notify=1 disc=0(0x00) | echo rx=0 tx=0 pend=0 stale=0
  53.697  P t=52s rxkBps=93 blkkBps=0 pongs=19659(+391/s) cancels=0(+0/s) notify=1 disc=0(0x00) | echo rx=0 tx=0 pend=0 stale=0
  55.694  P t=53s rxkBps=93 blkkBps=0 pongs=20053(+394/s) cancels=0(+0/s) notify=1 disc=0(0x00) | echo rx=0 tx=0 pend=0 stale=0
  55.694  P t=54s rxkBps=93 blkkBps=0 pongs=20447(+394/s) cancels=0(+0/s) notify=1 disc=0(0x00) | echo rx=0 tx=0 pend=0 stale=0
  57.702  P t=55s rxkBps=94 blkkBps=0 pongs=20844(+397/s) cancels=0(+0/s) notify=1 disc=0(0x00) | echo rx=0 tx=0 pend=0 stale=0
  57.702  P t=56s rxkBps=94 blkkBps=0 pongs=21241(+397/s) cancels=0(+0/s) notify=1 disc=0(0x00) | echo rx=0 tx=0 pend=0 stale=0
  59.710  P t=57s rxkBps=93 blkkBps=0 pongs=21632(+391/s) cancels=0(+0/s) notify=1 disc=0(0x00) | echo rx=0 tx=0 pend=0 stale=0
  59.710  P t=58s rxkBps=94 blkkBps=0 pongs=22029(+397/s) cancels=0(+0/s) notify=1 disc=0(0x00) | echo rx=0 tx=0 pend=0 stale=0
