   1.514  P t=61s rxkBps=0 blkkBps=0 pongs=24099(+0/s) cancels=0(+0/s) notify=1 disc=0(0x00) | echo rx=0 tx=0 pend=0 stale=0
   1.514  P t=62s rxkBps=0 blkkBps=0 pongs=24099(+0/s) cancels=0(+0/s) notify=1 disc=0(0x00) | echo rx=0 tx=0 pend=0 stale=0
   1.730  *** Booting nRF Connect SDK v3.4.0-99553055607b ***
   1.730  *** Using Zephyr OS v4.4.0-bf801e4e3d19 ***
   1.730  [00:25:53.446,576] [0m<inf> bt_sdc_hci_driver: SoftDevice Controller build revision:
   1.730                                              c8 da 30 98 f9 f0 34 a4  4b 6e ba d3 08 19 cc 0c |..0...4. Kn......
   1.730                                              ea 51 da 47                                      |.Q.G             [0m
   1.781  [00:25:53.447,341] [1;33m<wrn> bt_hci_core: Num of Controller's ACL packets != ACL bt_conn_tx contexts (10 != 3)[0m
   1.781  [00:25:53.447,968] [0m<inf> bt_hci_core: HW Platform: Nordic Semiconductor (0x0002)[0m
   1.781  [00:25:53.447,979] [0m<inf> bt_hci_core: HW Variant: nRF54Lx (0x0005)[0m
   1.781  [00:25:53.447,990] [0m<inf> bt_hci_core: Firmware: Standard Bluetooth controller (0x00) Version 200.12506 Build 888207768[0m
   1.781  [00:25:53.448,375] [0m<inf> bt_hci_core: HCI transport: SDC[0m
   1.781  [00:25:53.448,420] [0m<inf> bt_hci_core: Identity: D6:C7:60:B1:D3:0E (random)[0m
   1.781  [00:25:53.448,437] [0m<inf> bt_hci_core: HCI: version 6.3 (0x11) revision 0x3039, manufacturer 0x0059[0m
   1.836  [00:25:53.448,451] [0m<inf> bt_hci_core: LMP: version 6.3 (0x11) subver 0x3039[0m
   1.837  
   1.837  === nRF54L15 RTT ping-pong PERIPHERAL (echo) ===
   1.837  advertising
   3.087  GAP connected interval=25000
   3.087  PHY tx=2 rx=2
   3.143  P t=1s rxkBps=0 blkkBps=0 pongs=0(+0/s) cancels=0(+0/s) notify=0 disc=0(0x00) | echo rx=0 tx=0 pend=0 stale=0
   4.123  CCC: notify ENABLED
   4.123  P t=2s rxkBps=52 blkkBps=0 pongs=221(+221/s) cancels=0(+0/s) notify=1 disc=0(0x00) | echo rx=0 tx=0 pend=0 stale=0
   5.750  P t=3s rxkBps=93 blkkBps=0 pongs=614(+393/s) cancels=0(+0/s) notify=1 disc=0(0x00) | echo rx=0 tx=0 pend=0 stale=0
   5.750  P t=4s rxkBps=94 blkkBps=0 pongs=1009(+395/s) cancels=0(+0/s) notify=1 disc=0(0x00) | echo rx=0 tx=0 pend=0 stale=0
   7.707  P t=5s rxkBps=92 blkkBps=0 pongs=1397(+388/s) cancels=0(+0/s) notify=1 disc=0(0x00) | echo rx=0 tx=0 pend=0 stale=0
   7.762  P t=6s rxkBps=93 blkkBps=0 pongs=1789(+392/s) cancels=0(+0/s) notify=1 disc=0(0x00) | echo rx=0 tx=0 pend=0 stale=0
   9.698  P t=7s rxkBps=94 blkkBps=0 pongs=2186(+397/s) cancels=0(+0/s) notify=1 disc=0(0x00) | echo rx=0 tx=0 pend=0 stale=0
   9.754  P t=8s rxkBps=93 blkkBps=0 pongs=2577(+391/s) cancels=0(+0/s) notify=1 disc=0(0x00) | echo rx=0 tx=0 pend=0 stale=0
  11.721  P t=9s rxkBps=93 blkkBps=0 pongs=2970(+393/s) cancels=0(+0/s) notify=1 disc=0(0x00) | echo rx=0 tx=0 pend=0 stale=0
  11.721  P t=10s rxkBps=80 blkkBps=0 pongs=3308(+338/s) cancels=0(+0/s) notify=1 disc=0(0x00) | echo rx=0 tx=0 pend=0 stale=0
  13.731  P t=11s rxkBps=83 blkkBps=0 pongs=3658(+350/s) cancels=0(+0/s) notify=1 disc=0(0x00) | echo rx=0 tx=0 pend=0 stale=0
  13.731  P t=12s rxkBps=94 blkkBps=0 pongs=4056(+398/s) cancels=0(+0/s) notify=1 disc=0(0x00) | echo rx=0 tx=0 pend=0 stale=0
  15.712  P t=13s rxkBps=94 blkkBps=0 pongs=4453(+397/s) cancels=0(+0/s) notify=1 disc=0(0x00) | echo rx=0 tx=0 pend=0 stale=0
  15.712  P t=14s rxkBps=91 blkkBps=0 pongs=4836(+383/s) cancels=0(+0/s) notify=1 disc=0(0x00) | echo rx=0 tx=0 pend=0 stale=0
  17.727  P t=15s rxkBps=104 blkkBps=0 pongs=5274(+438/s) cancels=0(+0/s) notify=1 disc=0(0x00) | echo rx=0 tx=0 pend=0 stale=0
  17.727  P t=16s rxkBps=103 blkkBps=0 pongs=5709(+435/s) cancels=0(+0/s) notify=1 disc=0(0x00) | echo rx=0 tx=0 pend=0 stale=0
  19.714  P t=17s rxkBps=102 blkkBps=0 pongs=6141(+432/s) cancels=0(+0/s) notify=1 disc=0(0x00) | echo rx=0 tx=0 pend=0 stale=0
  19.714  P t=18s rxkBps=98 blkkBps=0 pongs=6554(+413/s) cancels=0(+0/s) notify=1 disc=0(0x00) | echo rx=0 tx=0 pend=0 stale=0
  21.723  P t=19s rxkBps=104 blkkBps=0 pongs=6991(+437/s) cancels=0(+0/s) notify=1 disc=0(0x00) | echo rx=0 tx=0 pend=0 stale=0
  21.723  P t=20s rxkBps=103 blkkBps=0 pongs=7426(+435/s) cancels=0(+0/s) notify=1 disc=0(0x00) | echo rx=0 tx=0 pend=0 stale=0
  23.714  P t=21s rxkBps=104 blkkBps=0 pongs=7865(+439/s) cancels=0(+0/s) notify=1 disc=0(0x00) | echo rx=0 tx=0 pend=0 stale=0
  23.715  P t=22s rxkBps=101 blkkBps=0 pongs=8292(+427/s) cancels=0(+0/s) notify=1 disc=0(0x00) | echo rx=0 tx=0 pend=0 stale=0
  25.715  P t=23s rxkBps=100 blkkBps=0 pongs=8714(+422/s) cancels=0(+0/s) notify=1 disc=0(0x00) | echo rx=0 tx=0 pend=0 stale=0
  25.715  P t=24s rxkBps=102 blkkBps=0 pongs=9145(+431/s) cancels=0(+0/s) notify=1 disc=0(0x00) | echo rx=0 tx=0 pend=0 stale=0
  27.707  P t=25s rxkBps=104 blkkBps=0 pongs=9583(+438/s) cancels=0(+0/s) notify=1 disc=0(0x00) | echo rx=0 tx=0 pend=0 stale=0
  27.761  P t=26s rxkBps=103 blkkBps=0 pongs=10018(+435/s) cancels=0(+0/s) notify=1 disc=0(0x00) | echo rx=0 tx=0 pend=0 stale=0
  29.702  P t=27s rxkBps=103 blkkBps=0 pongs=10454(+436/s) cancels=0(+0/s) notify=1 disc=0(0x00) | echo rx=0 tx=0 pend=0 stale=0
  29.758  P t=28s rxkBps=102 blkkBps=0 pongs=10885(+431/s) cancels=0(+0/s) notify=1 disc=0(0x00) | echo rx=0 tx=0 pend=0 stale=0
  31.746  P t=29s rxkBps=103 blkkBps=0 pongs=11320(+435/s) cancels=0(+0/s) notify=1 disc=0(0x00) | echo rx=0 tx=0 pend=0 stale=0
  31.746  P t=30s rxkBps=103 blkkBps=0 pongs=11756(+436/s) cancels=0(+0/s) notify=1 disc=0(0x00) | echo rx=0 tx=0 pend=0 stale=0
  33.744  P t=31s rxkBps=99 blkkBps=0 pongs=12175(+419/s) cancels=0(+0/s) notify=1 disc=0(0x00) | echo rx=0 tx=0 pend=0 stale=0
  33.744  P t=32s rxkBps=98 blkkBps=0 pongs=12590(+415/s) cancels=0(+0/s) notify=1 disc=0(0x00) | echo rx=0 tx=0 pend=0 stale=0
  35.743  P t=33s rxkBps=103 blkkBps=0 pongs=13025(+435/s) cancels=0(+0/s) notify=1 disc=0(0x00) | echo rx=0 tx=0 pend=0 stale=0
  35.744  P t=34s rxkBps=103 blkkBps=0 pongs=13461(+436/s) cancels=0(+0/s) notify=1 disc=0(0x00) | echo rx=0 tx=0 pend=0 stale=0
  37.734  P t=35s rxkBps=100 blkkBps=0 pongs=13884(+423/s) cancels=0(+0/s) notify=1 disc=0(0x00) | echo rx=0 tx=0 pend=0 stale=0
  37.734  P t=36s rxkBps=104 blkkBps=0 pongs=14321(+437/s) cancels=0(+0/s) notify=1 disc=0(0x00) | echo rx=0 tx=0 pend=0 stale=0
  39.752  P t=37s rxkBps=103 blkkBps=0 pongs=14754(+433/s) cancels=0(+0/s) notify=1 disc=0(0x00) | echo rx=0 tx=0 pend=0 stale=0
  39.752  P t=38s rxkBps=103 blkkBps=0 pongs=15190(+436/s) cancels=0(+0/s) notify=1 disc=0(0x00) | echo rx=0 tx=0 pend=0 stale=0
  41.709  P t=39s rxkBps=102 blkkBps=0 pongs=15622(+432/s) cancels=0(+0/s) notify=1 disc=0(0x00) | echo rx=0 tx=0 pend=0 stale=0
  41.764  P t=40s rxkBps=96 blkkBps=0 pongs=16029(+407/s) cancels=0(+0/s) notify=1 disc=0(0x00) | echo rx=0 tx=0 pend=0 stale=0
  43.713  P t=41s rxkBps=103 blkkBps=0 pongs=16462(+433/s) cancels=0(+0/s) notify=1 disc=0(0x00) | echo rx=0 tx=0 pend=0 stale=0
  43.714  P t=42s rxkBps=103 blkkBps=0 pongs=16897(+435/s) cancels=0(+0/s) notify=1 disc=0(0x00) | echo rx=0 tx=0 pend=0 stale=0
  45.755  P t=43s rxkBps=103 blkkBps=0 pongs=17332(+435/s) cancels=0(+0/s) notify=1 disc=0(0x00) | echo rx=0 tx=0 pend=0 stale=0
  45.755  P t=44s rxkBps=104 blkkBps=0 pongs=17770(+438/s) cancels=0(+0/s) notify=1 disc=0(0x00) | echo rx=0 tx=0 pend=0 stale=0
  47.718  P t=45s rxkBps=103 blkkBps=0 pongs=18206(+436/s) cancels=0(+0/s) notify=1 disc=0(0x00) | echo rx=0 tx=0 pend=0 stale=0
  47.718  P t=46s rxkBps=103 blkkBps=0 pongs=18642(+436/s) cancels=0(+0/s) notify=1 disc=0(0x00) | echo rx=0 tx=0 pend=0 stale=0
  49.715  P t=47s rxkBps=104 blkkBps=0 pongs=19080(+438/s) cancels=0(+0/s) notify=1 disc=0(0x00) | echo rx=0 tx=0 pend=0 stale=0
  49.715  P t=48s rxkBps=100 blkkBps=0 pongs=19500(+420/s) cancels=0(+0/s) notify=1 disc=0(0x00) | echo rx=0 tx=0 pend=0 stale=0
  51.743  P t=49s rxkBps=101 blkkBps=0 pongs=19925(+425/s) cancels=0(+0/s) notify=1 disc=0(0x00) | echo rx=0 tx=0 pend=0 stale=0
  51.743  P t=50s rxkBps=99 blkkBps=0 pongs=20344(+419/s) cancels=0(+0/s) notify=1 disc=0(0x00) | echo rx=0 tx=0 pend=0 stale=0
  53.742  P t=51s rxkBps=103 blkkBps=0 pongs=20780(+436/s) cancels=0(+0/s) notify=1 disc=0(0x00) | echo rx=0 tx=0 pend=0 stale=0
  53.743  P t=52s rxkBps=102 blkkBps=0 pongs=21211(+431/s) cancels=0(+0/s) notify=1 disc=0(0x00) | echo rx=0 tx=0 pend=0 stale=0
  55.735  P t=53s rxkBps=104 blkkBps=0 pongs=21649(+438/s) cancels=0(+0/s) notify=1 disc=0(0x00) | echo rx=0 tx=0 pend=0 stale=0
  55.735  P t=54s rxkBps=104 blkkBps=0 pongs=22086(+437/s) cancels=0(+0/s) notify=1 disc=0(0x00) | echo rx=0 tx=0 pend=0 stale=0
  57.736  P t=55s rxkBps=102 blkkBps=0 pongs=22517(+431/s) cancels=0(+0/s) notify=1 disc=0(0x00) | echo rx=0 tx=0 pend=0 stale=0
  57.736  P t=56s rxkBps=103 blkkBps=0 pongs=22953(+436/s) cancels=0(+0/s) notify=1 disc=0(0x00) | echo rx=0 tx=0 pend=0 stale=0
  59.731  P t=57s rxkBps=104 blkkBps=0 pongs=23391(+438/s) cancels=0(+0/s) notify=1 disc=0(0x00) | echo rx=0 tx=0 pend=0 stale=0
  59.731  P t=58s rxkBps=104 blkkBps=0 pongs=23829(+438/s) cancels=0(+0/s) notify=1 disc=0(0x00) | echo rx=0 tx=0 pend=0 stale=0
