   1.516  P t=61s rxkBps=0 blkkBps=0 pongs=24123(+0/s) cancels=0(+0/s) notify=1 disc=0(0x00) | echo rx=0 tx=0 pend=0 stale=0
   1.572  P t=62s rxkBps=0 blkkBps=0 pongs=24123(+0/s) cancels=0(+0/s) notify=1 disc=0(0x00) | echo rx=0 tx=0 pend=0 stale=0
   1.736  *** Booting nRF Connect SDK v3.4.0-99553055607b ***
   1.736  *** Using Zephyr OS v4.4.0-bf801e4e3d19 ***
   1.736  [00:30:02.617,413] [0m<inf> bt_sdc_hci_driver: SoftDevice Controller build revision:
   1.736                                              c8 da 30 98 f9 f0 34 a4  4b 6e ba d3 08 19 cc 0c |..0...4. Kn......
   1.736                                              ea 51 da 47                                      |.Q.G             [0m
   1.736  [00:30:02.618,179] [1;33m<wrn> bt_hci_core: Num of Controller's ACL packets != ACL bt_conn_tx contexts (10 != 3)[0m
   1.736  [00:30:02.618,804] [0m<inf> bt_hci_core: HW Platform: Nordic Semiconductor (0x0002)[0m
   1.791  [00:30:02.618,816] [0m<inf> bt_hci_core: HW Variant: nRF54Lx (0x0005)[0m
   1.791  [00:30:02.618,827] [0m<inf> bt_hci_core: Firmware: Standard Bluetooth controller (0x00) Version 200.12506 Build 888207768[0m
   1.791  [00:30:02.619,212] [0m<inf> bt_hci_core: HCI transport: SDC[0m
   1.791  [00:30:02.619,257] [0m<inf> bt_hci_core: Identity: D6:C7:60:B1:D3:0E (random)[0m
   1.791  [00:30:02.619,273] [0m<inf> bt_hci_core: HCI: version 6.3 (0x11) revision 0x3039, manufacturer 0x0059[0m
   1.791  [00:30:02.619,287] [0m<inf> bt_hci_core: LMP: version 6.3 (0x11) subver 0x3039[0m
   1.791  
   1.791  === nRF54L15 RTT ping-pong PERIPHERAL (echo) ===
   1.791  advertising
   2.970  GAP connected interval=25000
   2.970  PHY tx=2 rx=2
   2.970  P t=1s rxkBps=0 blkkBps=0 pongs=0(+0/s) cancels=0(+0/s) notify=0 disc=0(0x00) | echo rx=0 tx=0 pend=0 stale=0
   4.010  CCC: notify ENABLED
   4.010  P t=2s rxkBps=67 blkkBps=0 pongs=283(+283/s) cancels=0(+0/s) notify=1 disc=0(0x00) | echo rx=0 tx=0 pend=0 stale=0
   5.728  P t=3s rxkBps=93 blkkBps=0 pongs=677(+394/s) cancels=0(+0/s) notify=1 disc=0(0x00) | echo rx=0 tx=0 pend=0 stale=0
   5.728  P t=4s rxkBps=93 blkkBps=0 pongs=1070(+393/s) cancels=0(+0/s) notify=1 disc=0(0x00) | echo rx=0 tx=0 pend=0 stale=0
   7.743  P t=5s rxkBps=94 blkkBps=0 pongs=1468(+398/s) cancels=0(+0/s) notify=1 disc=0(0x00) | echo rx=0 tx=0 pend=0 stale=0
   7.743  P t=6s rxkBps=93 blkkBps=0 pongs=1862(+394/s) cancels=0(+0/s) notify=1 disc=0(0x00) | echo rx=0 tx=0 pend=0 stale=0
   9.693  P t=7s rxkBps=93 blkkBps=0 pongs=2254(+392/s) cancels=0(+0/s) notify=1 disc=0(0x00) | echo rx=0 tx=0 pend=0 stale=0
   9.748  P t=8s rxkBps=93 blkkBps=0 pongs=2645(+391/s) cancels=0(+0/s) notify=1 disc=0(0x00) | echo rx=0 tx=0 pend=0 stale=0
  11.740  P t=9s rxkBps=94 blkkBps=0 pongs=3042(+397/s) cancels=0(+0/s) notify=1 disc=0(0x00) | echo rx=0 tx=0 pend=0 stale=0
  11.740  P t=10s rxkBps=93 blkkBps=0 pongs=3435(+393/s) cancels=0(+0/s) notify=1 disc=0(0x00) | echo rx=0 tx=0 pend=0 stale=0
  13.747  P t=11s rxkBps=93 blkkBps=0 pongs=3827(+392/s) cancels=0(+0/s) notify=1 disc=0(0x00) | echo rx=0 tx=0 pend=0 stale=0
  13.747  P t=12s rxkBps=94 blkkBps=0 pongs=4225(+398/s) cancels=0(+0/s) notify=1 disc=0(0x00) | echo rx=0 tx=0 pend=0 stale=0
  15.706  P t=13s rxkBps=94 blkkBps=0 pongs=4621(+396/s) cancels=0(+0/s) notify=1 disc=0(0x00) | echo rx=0 tx=0 pend=0 stale=0
  15.706  P t=14s rxkBps=94 blkkBps=0 pongs=5016(+395/s) cancels=0(+0/s) notify=1 disc=0(0x00) | echo rx=0 tx=0 pend=0 stale=0
  17.716  P t=15s rxkBps=103 blkkBps=0 pongs=5452(+436/s) cancels=0(+0/s) notify=1 disc=0(0x00) | echo rx=0 tx=0 pend=0 stale=0
  17.716  P t=16s rxkBps=100 blkkBps=0 pongs=5874(+422/s) cancels=0(+0/s) notify=1 disc=0(0x00) | echo rx=0 tx=0 pend=0 stale=0
  19.722  P t=17s rxkBps=104 blkkBps=0 pongs=6311(+437/s) cancels=0(+0/s) notify=1 disc=0(0x00) | echo rx=0 tx=0 pend=0 stale=0
  19.722  P t=18s rxkBps=103 blkkBps=0 pongs=6745(+434/s) cancels=0(+0/s) notify=1 disc=0(0x00) | echo rx=0 tx=0 pend=0 stale=0
  21.729  P t=19s rxkBps=103 blkkBps=0 pongs=7180(+435/s) cancels=0(+0/s) notify=1 disc=0(0x00) | echo rx=0 tx=0 pend=0 stale=0
  21.729  P t=20s rxkBps=102 blkkBps=0 pongs=7611(+431/s) cancels=0(+0/s) notify=1 disc=0(0x00) | echo rx=0 tx=0 pend=0 stale=0
  23.731  P t=21s rxkBps=101 blkkBps=0 pongs=8038(+427/s) cancels=0(+0/s) notify=1 disc=0(0x00) | echo rx=0 tx=0 pend=0 stale=0
  23.731  P t=22s rxkBps=101 blkkBps=0 pongs=8463(+425/s) cancels=0(+0/s) notify=1 disc=0(0x00) | echo rx=0 tx=0 pend=0 stale=0
  25.698  P t=23s rxkBps=103 blkkBps=0 pongs=8896(+433/s) cancels=0(+0/s) notify=1 disc=0(0x00) | echo rx=0 tx=0 pend=0 stale=0
  25.752  P t=24s rxkBps=103 blkkBps=0 pongs=9330(+434/s) cancels=0(+0/s) notify=1 disc=0(0x00) | echo rx=0 tx=0 pend=0 stale=0
  27.716  P t=25s rxkBps=99 blkkBps=0 pongs=9747(+417/s) cancels=0(+0/s) notify=1 disc=0(0x00) | echo rx=0 tx=0 pend=0 stale=0
  27.717  P t=26s rxkBps=101 blkkBps=0 pongs=10175(+428/s) cancels=0(+0/s) notify=1 disc=0(0x00) | echo rx=0 tx=0 pend=0 stale=0
  29.738  P t=27s rxkBps=104 blkkBps=0 pongs=10612(+437/s) cancels=0(+0/s) notify=1 disc=0(0x00) | echo rx=0 tx=0 pend=0 stale=0
  29.738  P t=28s rxkBps=104 blkkBps=0 pongs=11051(+439/s) cancels=0(+0/s) notify=1 disc=0(0x00) | echo rx=0 tx=0 pend=0 stale=0
  31.749  P t=29s rxkBps=104 blkkBps=0 pongs=11488(+437/s) cancels=0(+0/s) notify=1 disc=0(0x00) | echo rx=0 tx=0 pend=0 stale=0
  31.749  P t=30s rxkBps=104 blkkBps=0 pongs=11928(+440/s) cancels=0(+0/s) notify=1 disc=0(0x00) | echo rx=0 tx=0 pend=0 stale=0
  33.706  P t=31s rxkBps=101 blkkBps=0 pongs=12355(+427/s) cancels=0(+0/s) notify=1 disc=0(0x00) | echo rx=0 tx=0 pend=0 stale=0
  33.762  P t=32s rxkBps=104 blkkBps=0 pongs=12792(+437/s) cancels=0(+0/s) notify=1 disc=0(0x00) | echo rx=0 tx=0 pend=0 stale=0
  35.707  P t=33s rxkBps=103 blkkBps=0 pongs=13228(+436/s) cancels=0(+0/s) notify=1 disc=0(0x00) | echo rx=0 tx=0 pend=0 stale=0
  35.707  P t=34s rxkBps=103 blkkBps=0 pongs=13663(+435/s) cancels=0(+0/s) notify=1 disc=0(0x00) | echo rx=0 tx=0 pend=0 stale=0
  37.702  P t=35s rxkBps=103 blkkBps=0 pongs=14099(+436/s) cancels=0(+0/s) notify=1 disc=0(0x00) | echo rx=0 tx=0 pend=0 stale=0
  37.753  P t=36s rxkBps=103 blkkBps=0 pongs=14535(+436/s) cancels=0(+0/s) notify=1 disc=0(0x00) | echo rx=0 tx=0 pend=0 stale=0
  39.727  P t=37s rxkBps=104 blkkBps=0 pongs=14972(+437/s) cancels=0(+0/s) notify=1 disc=0(0x00) | echo rx=0 tx=0 pend=0 stale=0
  39.727  P t=38s rxkBps=89 blkkBps=0 pongs=15347(+375/s) cancels=0(+0/s) notify=1 disc=0(0x00) | echo rx=0 tx=0 pend=0 stale=0
  41.729  P t=39s rxkBps=102 blkkBps=0 pongs=15778(+431/s) cancels=0(+0/s) notify=1 disc=0(0x00) | echo rx=0 tx=0 pend=0 stale=0
  41.729  P t=40s rxkBps=102 blkkBps=0 pongs=16207(+429/s) cancels=0(+0/s) notify=1 disc=0(0x00) | echo rx=0 tx=0 pend=0 stale=0
  43.726  P t=41s rxkBps=102 blkkBps=0 pongs=16637(+430/s) cancels=0(+0/s) notify=1 disc=0(0x00) | echo rx=0 tx=0 pend=0 stale=0
  43.726  P t=42s rxkBps=103 blkkBps=0 pongs=17071(+434/s) cancels=0(+0/s) notify=1 disc=0(0x00) | echo rx=0 tx=0 pend=0 stale=0
  45.732  P t=43s rxkBps=104 blkkBps=0 pongs=17508(+437/s) cancels=0(+0/s) notify=1 disc=0(0x00) | echo rx=0 tx=0 pend=0 stale=0
  45.732  P t=44s rxkBps=104 blkkBps=0 pongs=17945(+437/s) cancels=0(+0/s) notify=1 disc=0(0x00) | echo rx=0 tx=0 pend=0 stale=0
  47.737  P t=45s rxkBps=89 blkkBps=0 pongs=18322(+377/s) cancels=0(+0/s) notify=1 disc=0(0x00) | echo rx=0 tx=0 pend=0 stale=0
  47.737  P t=46s rxkBps=102 blkkBps=0 pongs=18751(+429/s) cancels=0(+0/s) notify=1 disc=0(0x00) | echo rx=0 tx=0 pend=0 stale=0
  49.749  P t=47s rxkBps=103 blkkBps=0 pongs=19186(+435/s) cancels=0(+0/s) notify=1 disc=0(0x00) | echo rx=0 tx=0 pend=0 stale=0
  49.749  P t=48s rxkBps=103 blkkBps=0 pongs=19622(+436/s) cancels=0(+0/s) notify=1 disc=0(0x00) | echo rx=0 tx=0 pend=0 stale=0
  51.713  P t=49s rxkBps=103 blkkBps=0 pongs=20057(+435/s) cancels=0(+0/s) notify=1 disc=0(0x00) | echo rx=0 tx=0 pend=0 stale=0
  51.713  P t=50s rxkBps=103 blkkBps=0 pongs=20492(+435/s) cancels=0(+0/s) notify=1 disc=0(0x00) | echo rx=0 tx=0 pend=0 stale=0
  53.734  P t=51s rxkBps=104 blkkBps=0 pongs=20929(+437/s) cancels=0(+0/s) notify=1 disc=0(0x00) | echo rx=0 tx=0 pend=0 stale=0
  53.734  P t=52s rxkBps=102 blkkBps=0 pongs=21360(+431/s) cancels=0(+0/s) notify=1 disc=0(0x00) | echo rx=0 tx=0 pend=0 stale=0
  55.708  P t=53s rxkBps=103 blkkBps=0 pongs=21796(+436/s) cancels=0(+0/s) notify=1 disc=0(0x00) | echo rx=0 tx=0 pend=0 stale=0
  55.759  P t=54s rxkBps=103 blkkBps=0 pongs=22232(+436/s) cancels=0(+0/s) notify=1 disc=0(0x00) | echo rx=0 tx=0 pend=0 stale=0
  57.710  P t=55s rxkBps=101 blkkBps=0 pongs=22660(+428/s) cancels=0(+0/s) notify=1 disc=0(0x00) | echo rx=0 tx=0 pend=0 stale=0
  57.711  P t=56s rxkBps=101 blkkBps=0 pongs=23084(+424/s) cancels=0(+0/s) notify=1 disc=0(0x00) | echo rx=0 tx=0 pend=0 stale=0
  59.722  P t=57s rxkBps=102 blkkBps=0 pongs=23513(+429/s) cancels=0(+0/s) notify=1 disc=0(0x00) | echo rx=0 tx=0 pend=0 stale=0
  59.723  P t=58s rxkBps=104 blkkBps=0 pongs=23951(+438/s) cancels=0(+0/s) notify=1 disc=0(0x00) | echo rx=0 tx=0 pend=0 stale=0
