   0.381  P t=60s rxkBps=0 blkkBps=0 pongs=22494(+0/s) cancels=0(+0/s) notify=1 disc=0(0x00) | echo rx=0 tx=0 pend=0 stale=0
   0.381  P t=61s rxkBps=0 blkkBps=0 pongs=22494(+0/s) cancels=0(+0/s) notify=1 disc=0(0x00) | echo rx=0 tx=0 pend=0 stale=0
   1.691  *** Booting nRF Connect SDK v3.4.0-99553055607b ***
   1.743  *** Using Zephyr OS v4.4.0-bf801e4e3d19 ***
   1.743  [00:17:35.189,068] [0m<inf> bt_sdc_hci_driver: SoftDevice Controller build revision:
   1.743                                              c8 da 30 98 f9 f0 34 a4  4b 6e ba d3 08 19 cc 0c |..0...4. Kn......
   1.743                                              ea 51 da 47                                      |.Q.G             [0m
   1.743  [00:17:35.189,833] [1;33m<wrn> bt_hci_core: Num of Controller's ACL packets != ACL bt_conn_tx contexts (10 != 3)[0m
   1.743  [00:17:35.190,459] [0m<inf> bt_hci_core: HW Platform: Nordic Semiconductor (0x0002)[0m
   1.796  [00:17:35.190,471] [0m<inf> bt_hci_core: HW Variant: nRF54Lx (0x0005)[0m
   1.796  [00:17:35.190,482] [0m<inf> bt_hci_core: Firmware: Standard Bluetooth controller (0x00) Version 200.12506 Build 888207768[0m
   1.796  [00:17:35.190,866] [0m<inf> bt_hci_core: HCI transport: SDC[0m
   1.796  [00:17:35.190,912] [0m<inf> bt_hci_core: Identity: D6:C7:60:B1:D3:0E (random)[0m
   1.796  [00:17:35.190,928] [0m<inf> bt_hci_core: HCI: version 6.3 (0x11) revision 0x3039, manufacturer 0x0059[0m
   1.796  [00:17:35.190,942] [0m<inf> bt_hci_core: LMP: version 6.3 (0x11) subver 0x3039[0m
   1.797  
   1.797  === nRF54L15 RTT ping-pong PERIPHERAL (echo) ===
   1.797  advertising
   3.090  GAP connected interval=7500
   3.090  PHY tx=2 rx=2
   3.090  P t=1s rxkBps=0 blkkBps=0 pongs=0(+0/s) cancels=0(+0/s) notify=0 disc=0(0x00) | echo rx=0 tx=0 pend=0 stale=0
   3.090  CCC: notify ENABLED
   4.718  P t=2s rxkBps=93 blkkBps=0 pongs=391(+391/s) cancels=0(+0/s) notify=1 disc=0(0x00) | echo rx=0 tx=0 pend=0 stale=0
   4.719  P t=3s rxkBps=93 blkkBps=0 pongs=783(+392/s) cancels=0(+0/s) notify=1 disc=0(0x00) | echo rx=0 tx=0 pend=0 stale=0
   6.729  P t=4s rxkBps=93 blkkBps=0 pongs=1176(+393/s) cancels=0(+0/s) notify=1 disc=0(0x00) | echo rx=0 tx=0 pend=0 stale=0
   6.729  P t=5s rxkBps=93 blkkBps=0 pongs=1569(+393/s) cancels=0(+0/s) notify=1 disc=0(0x00) | echo rx=0 tx=0 pend=0 stale=0
   8.717  P t=6s rxkBps=93 blkkBps=0 pongs=1963(+394/s) cancels=0(+0/s) notify=1 disc=0(0x00) | echo rx=0 tx=0 pend=0 stale=0
   8.717  P t=7s rxkBps=94 blkkBps=0 pongs=2358(+395/s) cancels=0(+0/s) notify=1 disc=0(0x00) | echo rx=0 tx=0 pend=0 stale=0
  10.705  P t=8s rxkBps=80 blkkBps=0 pongs=2694(+336/s) cancels=0(+0/s) notify=1 disc=0(0x00) | echo rx=0 tx=0 pend=0 stale=0
  10.761  P t=9s rxkBps=93 blkkBps=0 pongs=3086(+392/s) cancels=0(+0/s) notify=1 disc=0(0x00) | echo rx=0 tx=0 pend=0 stale=0
  12.711  P t=10s rxkBps=94 blkkBps=0 pongs=3482(+396/s) cancels=0(+0/s) notify=1 disc=0(0x00) | echo rx=0 tx=0 pend=0 stale=0
  12.711  P t=11s rxkBps=94 blkkBps=0 pongs=3879(+397/s) cancels=0(+0/s) notify=1 disc=0(0x00) | echo rx=0 tx=0 pend=0 stale=0
  14.707  P t=12s rxkBps=94 blkkBps=0 pongs=4276(+397/s) cancels=0(+0/s) notify=1 disc=0(0x00) | echo rx=0 tx=0 pend=0 stale=0
  14.763  P t=13s rxkBps=94 blkkBps=0 pongs=4674(+398/s) cancels=0(+0/s) notify=1 disc=0(0x00) | echo rx=0 tx=0 pend=0 stale=0
  16.725  P t=14s rxkBps=92 blkkBps=0 pongs=5063(+389/s) cancels=0(+0/s) notify=1 disc=0(0x00) | echo rx=0 tx=0 pend=0 stale=0
  16.725  P t=15s rxkBps=94 blkkBps=0 pongs=5461(+398/s) cancels=0(+0/s) notify=1 disc=0(0x00) | echo rx=0 tx=0 pend=0 stale=0
  18.722  P t=16s rxkBps=94 blkkBps=0 pongs=5856(+395/s) cancels=0(+0/s) notify=1 disc=0(0x00) | echo rx=0 tx=0 pend=0 stale=0
  18.722  P t=17s rxkBps=94 blkkBps=0 pongs=6251(+395/s) cancels=0(+0/s) notify=1 disc=0(0x00) | echo rx=0 tx=0 pend=0 stale=0
  20.727  P t=18s rxkBps=95 blkkBps=0 pongs=6650(+399/s) cancels=0(+0/s) notify=1 disc=0(0x00) | echo rx=0 tx=0 pend=0 stale=0
  20.728  P t=19s rxkBps=94 blkkBps=0 pongs=7047(+397/s) cancels=0(+0/s) notify=1 disc=0(0x00) | echo rx=0 tx=0 pend=0 stale=0
  22.700  P t=20s rxkBps=92 blkkBps=0 pongs=7437(+390/s) cancels=0(+0/s) notify=1 disc=0(0x00) | echo rx=0 tx=0 pend=0 stale=0
  22.751  P t=21s rxkBps=94 blkkBps=0 pongs=7835(+398/s) cancels=0(+0/s) notify=1 disc=0(0x00) | echo rx=0 tx=0 pend=0 stale=0
  24.709  P t=22s rxkBps=94 blkkBps=0 pongs=8231(+396/s) cancels=0(+0/s) notify=1 disc=0(0x00) | echo rx=0 tx=0 pend=0 stale=0
  24.710  P t=23s rxkBps=94 blkkBps=0 pongs=8629(+398/s) cancels=0(+0/s) notify=1 disc=0(0x00) | echo rx=0 tx=0 pend=0 stale=0
  26.715  P t=24s rxkBps=93 blkkBps=0 pongs=9023(+394/s) cancels=0(+0/s) notify=1 disc=0(0x00) | echo rx=0 tx=0 pend=0 stale=0
  26.715  P t=25s rxkBps=93 blkkBps=0 pongs=9415(+392/s) cancels=0(+0/s) notify=1 disc=0(0x00) | echo rx=0 tx=0 pend=0 stale=0
  28.748  P t=26s rxkBps=94 blkkBps=0 pongs=9813(+398/s) cancels=0(+0/s) notify=1 disc=0(0x00) | echo rx=0 tx=0 pend=0 stale=0
  28.748  P t=27s rxkBps=93 blkkBps=0 pongs=10205(+392/s) cancels=0(+0/s) notify=1 disc=0(0x00) | echo rx=0 tx=0 pend=0 stale=0
  30.713  P t=28s rxkBps=94 blkkBps=0 pongs=10600(+395/s) cancels=0(+0/s) notify=1 disc=0(0x00) | echo rx=0 tx=0 pend=0 stale=0
  30.713  P t=29s rxkBps=90 blkkBps=0 pongs=10979(+379/s) cancels=0(+0/s) notify=1 disc=0(0x00) | echo rx=0 tx=0 pend=0 stale=0
  32.719  P t=30s rxkBps=94 blkkBps=0 pongs=11375(+396/s) cancels=0(+0/s) notify=1 disc=0(0x00) | echo rx=0 tx=0 pend=0 stale=0
  32.720  P t=31s rxkBps=94 blkkBps=0 pongs=11771(+396/s) cancels=0(+0/s) notify=1 disc=0(0x00) | echo rx=0 tx=0 pend=0 stale=0
  34.709  P t=32s rxkBps=94 blkkBps=0 pongs=12167(+396/s) cancels=0(+0/s) notify=1 disc=0(0x00) | echo rx=0 tx=0 pend=0 stale=0
  34.759  P t=33s rxkBps=94 blkkBps=0 pongs=12565(+398/s) cancels=0(+0/s) notify=1 disc=0(0x00) | echo rx=0 tx=0 pend=0 stale=0
  36.719  P t=34s rxkBps=94 blkkBps=0 pongs=12960(+395/s) cancels=0(+0/s) notify=1 disc=0(0x00) | echo rx=0 tx=0 pend=0 stale=0
  36.719  P t=35s rxkBps=94 blkkBps=0 pongs=13355(+395/s) cancels=0(+0/s) notify=1 disc=0(0x00) | echo rx=0 tx=0 pend=0 stale=0
  38.730  P t=36s rxkBps=93 blkkBps=0 pongs=13749(+394/s) cancels=0(+0/s) notify=1 disc=0(0x00) | echo rx=0 tx=0 pend=0 stale=0
  38.730  P t=37s rxkBps=94 blkkBps=0 pongs=14144(+395/s) cancels=0(+0/s) notify=1 disc=0(0x00) | echo rx=0 tx=0 pend=0 stale=0
  40.732  P t=38s rxkBps=94 blkkBps=0 pongs=14540(+396/s) cancels=0(+0/s) notify=1 disc=0(0x00) | echo rx=0 tx=0 pend=0 stale=0
  40.732  P t=39s rxkBps=93 blkkBps=0 pongs=14933(+393/s) cancels=0(+0/s) notify=1 disc=0(0x00) | echo rx=0 tx=0 pend=0 stale=0
  42.723  P t=40s rxkBps=94 blkkBps=0 pongs=15328(+395/s) cancels=0(+0/s) notify=1 disc=0(0x00) | echo rx=0 tx=0 pend=0 stale=0
  42.723  P t=41s rxkBps=93 blkkBps=0 pongs=15722(+394/s) cancels=0(+0/s) notify=1 disc=0(0x00) | echo rx=0 tx=0 pend=0 stale=0
  44.729  P t=42s rxkBps=94 blkkBps=0 pongs=16120(+398/s) cancels=0(+0/s) notify=1 disc=0(0x00) | echo rx=0 tx=0 pend=0 stale=0
  44.729  P t=43s rxkBps=94 blkkBps=0 pongs=16516(+396/s) cancels=0(+0/s) notify=1 disc=0(0x00) | echo rx=0 tx=0 pend=0 stale=0
  46.721  P t=44s rxkBps=94 blkkBps=0 pongs=16911(+395/s) cancels=0(+0/s) notify=1 disc=0(0x00) | echo rx=0 tx=0 pend=0 stale=0
  46.722  P t=45s rxkBps=93 blkkBps=0 pongs=17305(+394/s) cancels=0(+0/s) notify=1 disc=0(0x00) | echo rx=0 tx=0 pend=0 stale=0
  48.712  P t=46s rxkBps=93 blkkBps=0 pongs=17697(+392/s) cancels=0(+0/s) notify=1 disc=0(0x00) | echo rx=0 tx=0 pend=0 stale=0
  48.765  P t=47s rxkBps=94 blkkBps=0 pongs=18093(+396/s) cancels=0(+0/s) notify=1 disc=0(0x00) | echo rx=0 tx=0 pend=0 stale=0
  50.745  P t=48s rxkBps=94 blkkBps=0 pongs=18491(+398/s) cancels=0(+0/s) notify=1 disc=0(0x00) | echo rx=0 tx=0 pend=0 stale=0
  50.745  P t=49s rxkBps=93 blkkBps=0 pongs=18885(+394/s) cancels=0(+0/s) notify=1 disc=0(0x00) | echo rx=0 tx=0 pend=0 stale=0
  52.745  P t=50s rxkBps=94 blkkBps=0 pongs=19280(+395/s) cancels=0(+0/s) notify=1 disc=0(0x00) | echo rx=0 tx=0 pend=0 stale=0
  52.745  P t=51s rxkBps=94 blkkBps=0 pongs=19677(+397/s) cancels=0(+0/s) notify=1 disc=0(0x00) | echo rx=0 tx=0 pend=0 stale=0
  54.756  P t=52s rxkBps=93 blkkBps=0 pongs=20070(+393/s) cancels=0(+0/s) notify=1 disc=0(0x00) | echo rx=0 tx=0 pend=0 stale=0
  54.756  P t=53s rxkBps=94 blkkBps=0 pongs=20465(+395/s) cancels=0(+0/s) notify=1 disc=0(0x00) | echo rx=0 tx=0 pend=0 stale=0
  56.708  P t=54s rxkBps=93 blkkBps=0 pongs=20858(+393/s) cancels=0(+0/s) notify=1 disc=0(0x00) | echo rx=0 tx=0 pend=0 stale=0
  56.763  P t=55s rxkBps=94 blkkBps=0 pongs=21255(+397/s) cancels=0(+0/s) notify=1 disc=0(0x00) | echo rx=0 tx=0 pend=0 stale=0
  58.707  P t=56s rxkBps=93 blkkBps=0 pongs=21647(+392/s) cancels=0(+0/s) notify=1 disc=0(0x00) | echo rx=0 tx=0 pend=0 stale=0
  58.762  P t=57s rxkBps=94 blkkBps=0 pongs=22043(+396/s) cancels=0(+0/s) notify=1 disc=0(0x00) | echo rx=0 tx=0 pend=0 stale=0
