   0.545  P t=60s rxkBps=0 blkkBps=0 pongs=22579(+0/s) cancels=0(+0/s) notify=1 disc=0(0x00) | echo rx=0 tx=0 pend=0 stale=0
   0.545  P t=61s rxkBps=0 blkkBps=0 pongs=22579(+0/s) cancels=0(+0/s) notify=1 disc=0(0x00) | echo rx=0 tx=0 pend=0 stale=0
   1.738  *** Booting nRF Connect SDK v3.4.0-99553055607b ***
   1.738  *** Using Zephyr OS v4.4.0-bf801e4e3d19 ***
   1.738  [00:19:39.567,028] [0m<inf> bt_sdc_hci_driver: SoftDevice Controller build revision:
   1.738                                              c8 da 30 98 f9 f0 34 a4  4b 6e ba d3 08 19 cc 0c |..0...4. Kn......
   1.738                                              ea 51 da 47                                      |.Q.G             [0m
   1.793  [00:19:39.567,794] [1;33m<wrn> bt_hci_core: Num of Controller's ACL packets != ACL bt_conn_tx contexts (10 != 3)[0m
   1.793  [00:19:39.568,420] [0m<inf> bt_hci_core: HW Platform: Nordic Semiconductor (0x0002)[0m
   1.793  [00:19:39.568,431] [0m<inf> bt_hci_core: HW Variant: nRF54Lx (0x0005)[0m
   1.793  [00:19:39.568,442] [0m<inf> bt_hci_core: Firmware: Standard Bluetooth controller (0x00) Version 200.12506 Build 888207768[0m
   1.793  [00:19:39.568,827] [0m<inf> bt_hci_core: HCI transport: SDC[0m
   1.793  [00:19:39.568,872] [0m<inf> bt_hci_core: Identity: D6:C7:60:B1:D3:0E (random)[0m
   1.844  [00:19:39.568,889] [0m<inf> bt_hci_core: HCI: version 6.3 (0x11) revision 0x3039, manufacturer 0x0059[0m
   1.844  [00:19:39.568,903] [0m<inf> bt_hci_core: LMP: version 6.3 (0x11) subver 0x3039[0m
   1.844  
   1.844  === nRF54L15 RTT ping-pong PERIPHERAL (echo) ===
   1.844  advertising
   2.970  GAP connected interval=7500
   2.970  PHY tx=2 rx=2
   2.970  CCC: notify ENABLED
   3.025  P t=1s rxkBps=8 blkkBps=0 pongs=34(+34/s) cancels=0(+0/s) notify=1 disc=0(0x00) | echo rx=0 tx=0 pend=0 stale=0
   4.743  P t=2s rxkBps=94 blkkBps=0 pongs=431(+397/s) cancels=0(+0/s) notify=1 disc=0(0x00) | echo rx=0 tx=0 pend=0 stale=0
   4.743  P t=3s rxkBps=90 blkkBps=0 pongs=810(+379/s) cancels=0(+0/s) notify=1 disc=0(0x00) | echo rx=0 tx=0 pend=0 stale=0
   6.747  P t=4s rxkBps=89 blkkBps=0 pongs=1187(+377/s) cancels=0(+0/s) notify=1 disc=0(0x00) | echo rx=0 tx=0 pend=0 stale=0
   6.748  P t=5s rxkBps=88 blkkBps=0 pongs=1560(+373/s) cancels=0(+0/s) notify=1 disc=0(0x00) | echo rx=0 tx=0 pend=0 stale=0
   8.756  P t=6s rxkBps=85 blkkBps=0 pongs=1919(+359/s) cancels=0(+0/s) notify=1 disc=0(0x00) | echo rx=0 tx=0 pend=0 stale=0
   8.757  P t=7s rxkBps=93 blkkBps=0 pongs=2313(+394/s) cancels=0(+0/s) notify=1 disc=0(0x00) | echo rx=0 tx=0 pend=0 stale=0
  10.766  P t=8s rxkBps=93 blkkBps=0 pongs=2706(+393/s) cancels=0(+0/s) notify=1 disc=0(0x00) | echo rx=0 tx=0 pend=0 stale=0
  10.766  P t=9s rxkBps=93 blkkBps=0 pongs=3100(+394/s) cancels=0(+0/s) notify=1 disc=0(0x00) | echo rx=0 tx=0 pend=0 stale=0
  12.749  P t=10s rxkBps=94 blkkBps=0 pongs=3496(+396/s) cancels=0(+0/s) notify=1 disc=0(0x00) | echo rx=0 tx=0 pend=0 stale=0
  12.749  P t=11s rxkBps=93 blkkBps=0 pongs=3887(+391/s) cancels=0(+0/s) notify=1 disc=0(0x00) | echo rx=0 tx=0 pend=0 stale=0
  14.742  P t=12s rxkBps=92 blkkBps=0 pongs=4277(+390/s) cancels=0(+0/s) notify=1 disc=0(0x00) | echo rx=0 tx=0 pend=0 stale=0
  14.742  P t=13s rxkBps=91 blkkBps=0 pongs=4662(+385/s) cancels=0(+0/s) notify=1 disc=0(0x00) | echo rx=0 tx=0 pend=0 stale=0
  16.730  P t=14s rxkBps=94 blkkBps=0 pongs=5059(+397/s) cancels=0(+0/s) notify=1 disc=0(0x00) | echo rx=0 tx=0 pend=0 stale=0
  16.730  P t=15s rxkBps=92 blkkBps=0 pongs=5447(+388/s) cancels=0(+0/s) notify=1 disc=0(0x00) | echo rx=0 tx=0 pend=0 stale=0
  18.742  P t=16s rxkBps=94 blkkBps=0 pongs=5845(+398/s) cancels=0(+0/s) notify=1 disc=0(0x00) | echo rx=0 tx=0 pend=0 stale=0
  18.742  P t=17s rxkBps=93 blkkBps=0 pongs=6236(+391/s) cancels=0(+0/s) notify=1 disc=0(0x00) | echo rx=0 tx=0 pend=0 stale=0
  20.735  P t=18s rxkBps=93 blkkBps=0 pongs=6629(+393/s) cancels=0(+0/s) notify=1 disc=0(0x00) | echo rx=0 tx=0 pend=0 stale=0
  20.735  P t=19s rxkBps=93 blkkBps=0 pongs=7021(+392/s) cancels=0(+0/s) notify=1 disc=0(0x00) | echo rx=0 tx=0 pend=0 stale=0
  22.728  P t=20s rxkBps=93 blkkBps=0 pongs=7412(+391/s) cancels=0(+0/s) notify=1 disc=0(0x00) | echo rx=0 tx=0 pend=0 stale=0
  22.728  P t=21s rxkBps=93 blkkBps=0 pongs=7806(+394/s) cancels=0(+0/s) notify=1 disc=0(0x00) | echo rx=0 tx=0 pend=0 stale=0
  24.714  P t=22s rxkBps=94 blkkBps=0 pongs=8201(+395/s) cancels=0(+0/s) notify=1 disc=0(0x00) | echo rx=0 tx=0 pend=0 stale=0
  24.768  P t=23s rxkBps=93 blkkBps=0 pongs=8593(+392/s) cancels=0(+0/s) notify=1 disc=0(0x00) | echo rx=0 tx=0 pend=0 stale=0
  26.748  P t=24s rxkBps=92 blkkBps=0 pongs=8983(+390/s) cancels=0(+0/s) notify=1 disc=0(0x00) | echo rx=0 tx=0 pend=0 stale=0
  26.748  P t=25s rxkBps=95 blkkBps=0 pongs=9382(+399/s) cancels=0(+0/s) notify=1 disc=0(0x00) | echo rx=0 tx=0 pend=0 stale=0
  28.743  P t=26s rxkBps=93 blkkBps=0 pongs=9776(+394/s) cancels=0(+0/s) notify=1 disc=0(0x00) | echo rx=0 tx=0 pend=0 stale=0
  28.743  P t=27s rxkBps=94 blkkBps=0 pongs=10172(+396/s) cancels=0(+0/s) notify=1 disc=0(0x00) | echo rx=0 tx=0 pend=0 stale=0
  30.732  P t=28s rxkBps=94 blkkBps=0 pongs=10569(+397/s) cancels=0(+0/s) notify=1 disc=0(0x00) | echo rx=0 tx=0 pend=0 stale=0
  30.732  P t=29s rxkBps=92 blkkBps=0 pongs=10959(+390/s) cancels=0(+0/s) notify=1 disc=0(0x00) | echo rx=0 tx=0 pend=0 stale=0
  32.732  P t=30s rxkBps=90 blkkBps=0 pongs=11339(+380/s) cancels=0(+0/s) notify=1 disc=0(0x00) | echo rx=0 tx=0 pend=0 stale=0
  32.732  P t=31s rxkBps=92 blkkBps=0 pongs=11728(+389/s) cancels=0(+0/s) notify=1 disc=0(0x00) | echo rx=0 tx=0 pend=0 stale=0
  34.724  P t=32s rxkBps=94 blkkBps=0 pongs=12125(+397/s) cancels=0(+0/s) notify=1 disc=0(0x00) | echo rx=0 tx=0 pend=0 stale=0
  34.775  P t=33s rxkBps=72 blkkBps=0 pongs=12431(+306/s) cancels=0(+0/s) notify=1 disc=0(0x00) | echo rx=0 tx=0 pend=0 stale=0
  36.757  P t=34s rxkBps=94 blkkBps=0 pongs=12828(+397/s) cancels=0(+0/s) notify=1 disc=0(0x00) | echo rx=0 tx=0 pend=0 stale=0
  36.758  P t=35s rxkBps=93 blkkBps=0 pongs=13222(+394/s) cancels=0(+0/s) notify=1 disc=0(0x00) | echo rx=0 tx=0 pend=0 stale=0
  38.748  P t=36s rxkBps=94 blkkBps=0 pongs=13617(+395/s) cancels=0(+0/s) notify=1 disc=0(0x00) | echo rx=0 tx=0 pend=0 stale=0
  38.748  P t=37s rxkBps=94 blkkBps=0 pongs=14012(+395/s) cancels=0(+0/s) notify=1 disc=0(0x00) | echo rx=0 tx=0 pend=0 stale=0
  40.742  P t=38s rxkBps=94 blkkBps=0 pongs=14409(+397/s) cancels=0(+0/s) notify=1 disc=0(0x00) | echo rx=0 tx=0 pend=0 stale=0
  40.743  P t=39s rxkBps=94 blkkBps=0 pongs=14805(+396/s) cancels=0(+0/s) notify=1 disc=0(0x00) | echo rx=0 tx=0 pend=0 stale=0
  42.743  P t=40s rxkBps=92 blkkBps=0 pongs=15192(+387/s) cancels=0(+0/s) notify=1 disc=0(0x00) | echo rx=0 tx=0 pend=0 stale=0
  42.743  P t=41s rxkBps=93 blkkBps=0 pongs=15583(+391/s) cancels=0(+0/s) notify=1 disc=0(0x00) | echo rx=0 tx=0 pend=0 stale=0
  44.742  P t=42s rxkBps=93 blkkBps=0 pongs=15974(+391/s) cancels=0(+0/s) notify=1 disc=0(0x00) | echo rx=0 tx=0 pend=0 stale=0
  44.743  P t=43s rxkBps=91 blkkBps=0 pongs=16360(+386/s) cancels=0(+0/s) notify=1 disc=0(0x00) | echo rx=0 tx=0 pend=0 stale=0
  46.741  P t=44s rxkBps=91 blkkBps=0 pongs=16746(+386/s) cancels=0(+0/s) notify=1 disc=0(0x00) | echo rx=0 tx=0 pend=0 stale=0
  46.741  P t=45s rxkBps=93 blkkBps=0 pongs=17139(+393/s) cancels=0(+0/s) notify=1 disc=0(0x00) | echo rx=0 tx=0 pend=0 stale=0
  48.736  P t=46s rxkBps=92 blkkBps=0 pongs=17527(+388/s) cancels=0(+0/s) notify=1 disc=0(0x00) | echo rx=0 tx=0 pend=0 stale=0
  48.737  P t=47s rxkBps=85 blkkBps=0 pongs=17884(+357/s) cancels=0(+0/s) notify=1 disc=0(0x00) | echo rx=0 tx=0 pend=0 stale=0
  50.744  P t=48s rxkBps=90 blkkBps=0 pongs=18265(+381/s) cancels=0(+0/s) notify=1 disc=0(0x00) | echo rx=0 tx=0 pend=0 stale=0
  50.744  P t=49s rxkBps=93 blkkBps=0 pongs=18657(+392/s) cancels=0(+0/s) notify=1 disc=0(0x00) | echo rx=0 tx=0 pend=0 stale=0
  52.729  P t=50s rxkBps=93 blkkBps=0 pongs=19051(+394/s) cancels=0(+0/s) notify=1 disc=0(0x00) | echo rx=0 tx=0 pend=0 stale=0
  52.782  P t=51s rxkBps=91 blkkBps=0 pongs=19437(+386/s) cancels=0(+0/s) notify=1 disc=0(0x00) | echo rx=0 tx=0 pend=0 stale=0
  54.721  P t=52s rxkBps=92 blkkBps=0 pongs=19827(+390/s) cancels=0(+0/s) notify=1 disc=0(0x00) | echo rx=0 tx=0 pend=0 stale=0
  54.776  P t=53s rxkBps=94 blkkBps=0 pongs=20223(+396/s) cancels=0(+0/s) notify=1 disc=0(0x00) | echo rx=0 tx=0 pend=0 stale=0
  56.744  P t=54s rxkBps=94 blkkBps=0 pongs=20618(+395/s) cancels=0(+0/s) notify=1 disc=0(0x00) | echo rx=0 tx=0 pend=0 stale=0
  56.744  P t=55s rxkBps=94 blkkBps=0 pongs=21014(+396/s) cancels=0(+0/s) notify=1 disc=0(0x00) | echo rx=0 tx=0 pend=0 stale=0
  58.761  P t=56s rxkBps=94 blkkBps=0 pongs=21409(+395/s) cancels=0(+0/s) notify=1 disc=0(0x00) | echo rx=0 tx=0 pend=0 stale=0
  58.761  P t=57s rxkBps=93 blkkBps=0 pongs=21801(+392/s) cancels=0(+0/s) notify=1 disc=0(0x00) | echo rx=0 tx=0 pend=0 stale=0
