   1.961  *** Booting Zephyr OS build v4.4.2-16-gfee9fbc62095 ***
   1.961  [00:18:50.993,238] [0m<inf> bt_hci_core: HW Platform: Nordic Semiconductor (0x0002)[0m
   1.961  [00:18:50.993,250] [0m<inf> bt_hci_core: HW Variant: nRF54Lx (0x0005)[0m
   1.961  [00:18:50.993,262] [0m<inf> bt_hci_core: Firmware: Standard Bluetooth controller (0x00) Version 4.4 Build 2[0m
   1.961  [00:18:50.993,611] [0m<inf> bt_hci_core: HCI transport: Controller[0m
   1.961  [00:18:50.993,660] [0m<inf> bt_hci_core: Identity: FC:BE:FF:FA:E6:8B (random)[0m
   1.961  [00:18:50.993,676] [0m<inf> bt_hci_core: HCI: version 5.4 (0x0d) revision 0x0000, manufacturer 0x05f1[0m
   2.019  [00:18:50.993,691] [0m<inf> bt_hci_core: LMP: version 5.4 (0x0d) subver 0xffff[0m
   2.020  
   2.020  === nRF54L15 RTT ping-pong CENTRAL ===
   2.020  scan rc=0
   2.020  Q2CONN AA=32fa9cb3 CRCINIT=d588a0 hop=6 chan_count=37 map=ffffffff1f
   2.020  GAP connected interval=25000
   2.020  MTU err=0 mtu=247
   2.878  PHY tx=2 rx=2
   2.878  discovery start (post-PHY +500ms) interval=25000 phy2m=1
   2.879  SUBSCRIBED, vh=14
   2.879  BLAST: phy_update->2M rc=0
   2.879  BLAST first16_call_us: 124 119 122 121 122 122 121 121 114 55 53 53 53 54 53 54
   3.931  t=1s RTT mean=0 min=0 max=0 n=0 to=0 | cancels=0(+0/s) seqbad=0 len_bad=0 disc=0(0x00) | tot_n=0 tot_to=0 maxever=0 >2ms=0 >5ms=0 >15ms=0 >20ms=0 >30ms=0 | probes=0 wrfail=0 down=0s maxout=0s
   3.931  PHY tx=2 rx=2
   3.991  BLASTC comp=10 exkBps=0 cgap_us[min/avg/max]=130/10212/90860
   3.991  BLAST phy=2/2 att=20 ok=20 enomem=0 err=0 call_us[min/avg/max]=53/4588/90138 okgap_max_us=193
   3.991  t=2s RTT mean=0 min=0 max=0 n=0 to=0 | cancels=0(+0/s) seqbad=0 len_bad=365 disc=0(0x00) | tot_n=0 tot_to=0 maxever=0 >2ms=0 >5ms=0 >15ms=0 >20ms=0 >30ms=0 | probes=0 wrfail=0 down=0s maxout=0s
   3.991  BLASTC comp=367 exkBps=87 cgap_us[min/avg/max]=1491/2607/20206
   3.991  BLAST phy=2/2 att=367 ok=367 enomem=0 err=0 call_us[min/avg/max]=1413/2595/20188 okgap_max_us=90210
   5.902  RPT pe: events=79 mean=9.72 mode=10 max=11 | 1:1 3:2 10:75 11:1
   5.902  t=3s RTT mean=0 min=0 max=0 n=0 to=0 | cancels=0(+0/s) seqbad=0 len_bad=752 disc=0(0x00) | tot_n=0 tot_to=0 maxever=0 >2ms=0 >5ms=0 >15ms=0 >20ms=0 >30ms=0 | probes=0 wrfail=0 down=0s maxout=0s
   5.902  BLASTC comp=386 exkBps=91 cgap_us[min/avg/max]=2395/2590/20208
   5.902  BLAST phy=2/2 att=386 ok=386 enomem=0 err=0 call_us[min/avg/max]=2323/2579/20195 okgap_max_us=20207
   5.902  FSU: request [52..52] us (ACL both dirs, 1M+2M) rc=0
   6.945  FSU: updated status=0x00 spacing=52 us phys=0x3 types=0x3 initiator=0
   6.945  BLASTC comp=396 exkBps=94 cgap_us[min/avg/max]=2201/2523/4791
   6.945  BLAST phy=2/2 att=396 ok=396 enomem=0 err=0 call_us[min/avg/max]=2189/2511/4779 okgap_max_us=4791
   6.945  t=4s RTT mean=0 min=0 max=0 n=0 to=0 | cancels=0(+0/s) seqbad=0 len_bad=1148 disc=0(0x00) | tot_n=0 tot_to=0 maxever=0 >2ms=0 >5ms=0 >15ms=0 >20ms=0 >30ms=0 | probes=0 wrfail=0 down=0s maxout=0s
   6.997  RPT pe: events=80 mean=10.46 mode=11 max=11 | 7:1 10:39 11:40
   6.997  BLASTC comp=432 exkBps=102 cgap_us[min/avg/max]=2198/2314/11794
   6.997  BLAST phy=2/2 att=432 ok=432 enomem=0 err=0 call_us[min/avg/max]=2138/2302/11782 okgap_max_us=11794
   6.997  t=5s RTT mean=0 min=0 max=0 n=0 to=0 | cancels=0(+0/s) seqbad=0 len_bad=1580 disc=0(0x00) | tot_n=0 tot_to=0 maxever=0 >2ms=0 >5ms=0 >15ms=0 >20ms=0 >30ms=0 | probes=0 wrfail=0 down=0s maxout=0s
   8.921  BLASTC comp=432 exkBps=102 cgap_us[min/avg/max]=2194/2314/5184
   8.981  BLAST phy=2/2 att=432 ok=432 enomem=0 err=0 call_us[min/avg/max]=2139/2303/5172 okgap_max_us=5184
   8.982  t=6s RTT mean=0 min=0 max=0 n=0 to=0 | cancels=0(+0/s) seqbad=0 len_bad=2012 disc=0(0x00) | tot_n=0 tot_to=0 maxever=0 >2ms=0 >5ms=0 >15ms=0 >20ms=0 >30ms=0 | probes=0 wrfail=0 down=0s maxout=0s
   8.982  RPT pe: events=80 mean=10.81 mode=11 max=11 | 1:1 6:1 11:78
   8.982  BLASTC comp=421 exkBps=100 cgap_us[min/avg/max]=2197/2375/25001
   8.982  BLAST phy=2/2 att=421 ok=421 enomem=0 err=0 call_us[min/avg/max]=2135/2363/24989 okgap_max_us=25001
   9.036  t=7s RTT mean=0 min=0 max=0 n=0 to=0 | cancels=0(+0/s) seqbad=0 len_bad=2433 disc=0(0x00) | tot_n=0 tot_to=0 maxever=0 >2ms=0 >5ms=0 >15ms=0 >20ms=0 >30ms=0 | probes=0 wrfail=0 down=0s maxout=0s
  10.945  t=8s RTT mean=0 min=0 max=0 n=0 to=0 | cancels=0(+0/s) seqbad=0 len_bad=2867 disc=0(0x00) | tot_n=0 tot_to=0 maxever=0 >2ms=0 >5ms=0 >15ms=0 >20ms=0 >30ms=0 | probes=0 wrfail=0 down=0s maxout=0s
  10.945  BLASTC comp=435 exkBps=103 cgap_us[min/avg/max]=2195/2346/25001
  10.945  BLAST phy=2/2 att=435 ok=435 enomem=0 err=0 call_us[min/avg/max]=2112/2334/24996 okgap_max_us=5184
  10.996  RPT pe: events=80 mean=10.61 mode=11 max=11 | 1:2 4:1 8:1 10:1 11:75
  10.996  BLASTC comp=405 exkBps=96 cgap_us[min/avg/max]=2191/2418/25002
  10.996  BLAST phy=2/2 att=405 ok=405 enomem=0 err=0 call_us[min/avg/max]=2131/2406/24989 okgap_max_us=25068
  10.996  t=9s RTT mean=0 min=0 max=0 n=0 to=0 | cancels=0(+0/s) seqbad=0 len_bad=3273 disc=0(0x00) | tot_n=0 tot_to=0 maxever=0 >2ms=0 >5ms=0 >15ms=0 >20ms=0 >30ms=0 | probes=0 wrfail=0 down=0s maxout=0s
  12.921  BLASTC comp=430 exkBps=102 cgap_us[min/avg/max]=2197/2325/16195
  12.980  BLAST phy=2/2 att=430 ok=430 enomem=0 err=0 call_us[min/avg/max]=2140/2313/16184 okgap_max_us=16196
  12.980  t=10s RTT mean=0 min=0 max=0 n=0 to=0 | cancels=0(+0/s) seqbad=0 len_bad=3703 disc=0(0x00) | tot_n=0 tot_to=0 maxever=0 >2ms=0 >5ms=0 >15ms=0 >20ms=0 >30ms=0 | probes=0 wrfail=0 down=0s maxout=0s
  12.980  RPT pe: events=80 mean=10.76 mode=11 max=11 | 4:1 5:2 11:77
  12.980  BLASTC comp=422 exkBps=100 cgap_us[min/avg/max]=2199/2369/18392
  12.980  BLAST phy=2/2 att=422 ok=422 enomem=0 err=0 call_us[min/avg/max]=2136/2357/18381 okgap_max_us=18392
  13.040  t=11s RTT mean=0 min=0 max=0 n=0 to=0 | cancels=0(+0/s) seqbad=0 len_bad=4125 disc=0(0x00) | tot_n=0 tot_to=0 maxever=0 >2ms=0 >5ms=0 >15ms=0 >20ms=0 >30ms=0 | probes=0 wrfail=0 down=0s maxout=0s
  14.959  BLASTC comp=431 exkBps=102 cgap_us[min/avg/max]=2194/2320/16196
  14.959  BLAST phy=2/2 att=431 ok=431 enomem=0 err=0 call_us[min/avg/max]=2115/2308/16184 okgap_max_us=16196
  14.959  t=12s RTT mean=0 min=0 max=0 n=0 to=0 | cancels=0(+0/s) seqbad=0 len_bad=4556 disc=0(0x00) | tot_n=0 tot_to=0 maxever=0 >2ms=0 >5ms=0 >15ms=0 >20ms=0 >30ms=0 | probes=0 wrfail=0 down=0s maxout=0s
  14.959  RPT pe: events=80 mean=10.86 mode=11 max=11 | 5:1 6:1 11:78
  14.959  BLASTC comp=430 exkBps=102 cgap_us[min/avg/max]=2196/2325/18396
  15.019  BLAST phy=2/2 att=430 ok=430 enomem=0 err=0 call_us[min/avg/max]=2153/2313/18384 okgap_max_us=18396
  15.020  t=13s RTT mean=0 min=0 max=0 n=0 to=0 | cancels=0(+0/s) seqbad=0 len_bad=4987 disc=0(0x00) | tot_n=0 tot_to=0 maxever=0 >2ms=0 >5ms=0 >15ms=0 >20ms=0 >30ms=0 | probes=0 wrfail=0 down=0s maxout=0s
  16.926  BLASTC comp=438 exkBps=104 cgap_us[min/avg/max]=2188/2283/7391
  16.926  BLAST phy=2/2 att=438 ok=438 enomem=0 err=0 call_us[min/avg/max]=2119/2271/7379 okgap_max_us=7391
  16.986  t=14s RTT mean=0 min=0 max=0 n=0 to=0 | cancels=0(+0/s) seqbad=0 len_bad=5425 disc=0(0x00) | tot_n=0 tot_to=0 maxever=0 >2ms=0 >5ms=0 >15ms=0 >20ms=0 >30ms=0 | probes=0 wrfail=0 down=0s maxout=0s
  16.986  RPT pe: events=80 mean=10.97 mode=11 max=11 | 9:1 11:79
  16.986  BLASTC comp=438 exkBps=104 cgap_us[min/avg/max]=2199/2283/4401
  16.986  BLAST phy=2/2 att=438 ok=438 enomem=0 err=0 call_us[min/avg/max]=2126/2271/4389 okgap_max_us=4401
  16.986  t=15s RTT mean=0 min=0 max=0 n=0 to=0 | cancels=0(+0/s) seqbad=0 len_bad=5863 disc=0(0x00) | tot_n=0 tot_to=0 maxever=0 >2ms=0 >5ms=0 >15ms=0 >20ms=0 >30ms=0 | probes=0 wrfail=0 down=0s maxout=0s
  18.915  BLASTC comp=434 exkBps=103 cgap_us[min/avg/max]=2189/2304/9592
  18.972  BLAST phy=2/2 att=434 ok=434 enomem=0 err=0 call_us[min/avg/max]=2104/2292/9581 okgap_max_us=9593
  18.972  t=16s RTT mean=0 min=0 max=0 n=0 to=0 | cancels=0(+0/s) seqbad=0 len_bad=6297 disc=0(0x00) | tot_n=0 tot_to=0 maxever=0 >2ms=0 >5ms=0 >15ms=0 >20ms=0 >30ms=0 | probes=0 wrfail=0 down=0s maxout=0s
  18.972  RPT pe: events=80 mean=10.82 mode=11 max=11 | 0:1 8:1 11:78
  18.972  BLASTC comp=426 exkBps=101 cgap_us[min/avg/max]=2198/2347/27988
  18.972  BLAST phy=2/2 att=426 ok=426 enomem=0 err=0 call_us[min/avg/max]=2126/2335/27977 okgap_max_us=27988
  19.030  t=17s RTT mean=0 min=0 max=0 n=0 to=0 | cancels=0(+0/s) seqbad=0 len_bad=6723 disc=0(0x00) | tot_n=0 tot_to=0 maxever=0 >2ms=0 >5ms=0 >15ms=0 >20ms=0 >30ms=0 | probes=0 wrfail=0 down=0s maxout=0s
  20.940  BLASTC comp=425 exkBps=101 cgap_us[min/avg/max]=2188/2352/27988
  20.940  BLAST phy=2/2 att=425 ok=425 enomem=0 err=0 call_us[min/avg/max]=2102/2340/27976 okgap_max_us=27988
  21.000  t=18s RTT mean=0 min=0 max=0 n=0 to=0 | cancels=0(+0/s) seqbad=0 len_bad=7148 disc=0(0x00) | tot_n=0 tot_to=0 maxever=0 >2ms=0 >5ms=0 >15ms=0 >20ms=0 >30ms=0 | probes=0 wrfail=0 down=0s maxout=0s
  21.000  RPT pe: events=80 mean=10.72 mode=11 max=11 | 0:2 11:78
  21.000  BLASTC comp=425 exkBps=101 cgap_us[min/avg/max]=2198/2352/27988
  21.000  BLAST phy=2/2 att=425 ok=425 enomem=0 err=0 call_us[min/avg/max]=2126/2341/27976 okgap_max_us=27988
  21.000  t=19s RTT mean=0 min=0 max=0 n=0 to=0 | cancels=0(+0/s) seqbad=0 len_bad=7573 disc=0(0x00) | tot_n=0 tot_to=0 maxever=0 >2ms=0 >5ms=0 >15ms=0 >20ms=0 >30ms=0 | probes=0 wrfail=0 down=0s maxout=0s
  22.927  BLASTC comp=431 exkBps=102 cgap_us[min/avg/max]=2188/2320/9593
  22.927  BLAST phy=2/2 att=431 ok=431 enomem=0 err=0 call_us[min/avg/max]=2100/2308/9581 okgap_max_us=9593
  22.984  t=20s RTT mean=0 min=0 max=0 n=0 to=0 | cancels=0(+0/s) seqbad=0 len_bad=8004 disc=0(0x00) | tot_n=0 tot_to=0 maxever=0 >2ms=0 >5ms=0 >15ms=0 >20ms=0 >30ms=0 | probes=0 wrfail=0 down=0s maxout=0s
  22.985  RPT pe: events=80 mean=10.87 mode=11 max=11 | 7:1 8:2 11:77
  22.985  BLASTC comp=433 exkBps=103 cgap_us[min/avg/max]=2197/2309/11793
  22.985  BLAST phy=2/2 att=433 ok=433 enomem=0 err=0 call_us[min/avg/max]=2125/2297/11782 okgap_max_us=11794
  23.045  t=21s RTT mean=0 min=0 max=0 n=0 to=0 | cancels=0(+0/s) seqbad=0 len_bad=8437 disc=0(0x00) | tot_n=0 tot_to=0 maxever=0 >2ms=0 >5ms=0 >15ms=0 >20ms=0 >30ms=0 | probes=0 wrfail=0 down=0s maxout=0s
  24.961  BLASTC comp=435 exkBps=103 cgap_us[min/avg/max]=2189/2298/4410
  24.961  BLAST phy=2/2 att=435 ok=435 enomem=0 err=0 call_us[min/avg/max]=2106/2286/4398 okgap_max_us=4410
  24.961  t=22s RTT mean=0 min=0 max=0 n=0 to=0 | cancels=0(+0/s) seqbad=0 len_bad=8872 disc=0(0x00) | tot_n=0 tot_to=0 maxever=0 >2ms=0 >5ms=0 >15ms=0 >20ms=0 >30ms=0 | probes=0 wrfail=0 down=0s maxout=0s
  24.961  RPT pe: events=80 mean=10.98 mode=11 max=11 |BLASTC comp=436 exkBps=103 cgap_us[min/avg/max]=2191/2293/5191
  25.016  BLAST phy=2/2 att=436 ok=436 enomem=0 err=0 call_us[min/avg/max]=2125/2281/5179 okgap_max_us=5191
  25.016   10:1 11:79
  25.016  t=23s RTT mean=0 min=0 max=0 n=0 to=0 | cancels=0(+0/s) seqbad=0 len_bad=9308 disc=0(0x00) | tot_n=0 tot_to=0 maxever=0 >2ms=0 >5ms=0 >15ms=0 >20ms=0 >30ms=0 | probes=0 wrfail=0 down=0s maxout=0s
  26.972  t=24s RTT mean=0 min=0 max=0 n=0 to=0 | cancels=0(+0/s) seqbad=0 len_bad=9741 disc=0(0x00) | tot_n=0 tot_to=0 maxever=0 >2ms=0 >5ms=0 >15ms=0 >20ms=0 >30ms=0 | probes=0 wrfail=0 down=0s maxout=0s
  26.972  BLASTC comp=435 exkBps=103 cgap_us[min/avg/max]=2199/2346/27987
  26.972  BLAST phy=2/2 att=435 ok=435 enomem=0 err=0 call_us[min/avg/max]=2131/2334/27983 okgap_max_us=4399
  26.972  BLASTC comp=431 exkBps=102 cgap_us[min/avg/max]=2199/2272/2991
  26.972  BLAST phy=2/2 att=431 ok=431 enomem=0 err=0 call_us[min/avg/max]=2131/2260/2979 okgap_max_us=28055
  26.972  RPT pe: events=80 mean=10.86 mode=11 max=11 | 0:1 11:79
  27.027  t=25s RTT mean=0 min=0 max=0 n=0 to=0 | cancels=0(+0/s) seqbad=0 len_bad=10174 disc=0(0x00) | tot_n=0 tot_to=0 maxever=0 >2ms=0 >5ms=0 >15ms=0 >20ms=0 >30ms=0 | probes=0 wrfail=0 down=0s maxout=0s
  28.927  BLASTC comp=433 exkBps=103 cgap_us[min/avg/max]=2193/2309/5189
  28.927  BLAST phy=2/2 att=433 ok=433 enomem=0 err=0 call_us[min/avg/max]=2128/2297/5176 okgap_max_us=5188
  28.986  t=26s RTT mean=0 min=0 max=0 n=0 to=0 | cancels=0(+0/s) seqbad=0 len_bad=10608 disc=0(0x00) | tot_n=0 tot_to=0 maxever=0 >2ms=0 >5ms=0 >15ms=0 >20ms=0 >30ms=0 | probes=0 wrfail=0 down=0s maxout=0s
  28.986  BLASTC comp=426 exkBps=101 cgap_us[min/avg/max]=2199/2347/18398
  28.986  BLAST phy=2/2 att=426 ok=426 enomem=0 err=0 call_us[min/avg/max]=2126/2335/18386 okgap_max_us=18398
  28.986  RPT pe: events=80 mean=10.88 mode=11 max=11 | 4:1 9:1 11:78
  28.986  t=27s RTT mean=0 min=0 max=0 n=0 to=0 | cancels=0(+0/s) seqbad=0 len_bad=11034 disc=0(0x00) | tot_n=0 tot_to=0 maxever=0 >2ms=0 >5ms=0 >15ms=0 >20ms=0 >30ms=0 | probes=0 wrfail=0 down=0s maxout=0s
  30.935  BLASTC comp=434 exkBps=103 cgap_us[min/avg/max]=2191/2304/5193
  30.935  BLAST phy=2/2 att=434 ok=434 enomem=0 err=0 call_us[min/avg/max]=2103/2292/5182 okgap_max_us=5193
  30.995  t=28s RTT mean=0 min=0 max=0 n=0 to=0 | cancels=0(+0/s) seqbad=0 len_bad=11468 disc=0(0x00) | tot_n=0 tot_to=0 maxever=0 >2ms=0 >5ms=0 >15ms=0 >20ms=0 >30ms=0 | probes=0 wrfail=0 down=0s maxout=0s
  30.995  BLASTC comp=428 exkBps=101 cgap_us[min/avg/max]=2199/2336/25001
  30.995  BLAST phy=2/2 att=428 ok=428 enomem=0 err=0 call_us[min/avg/max]=2126/2324/24989 okgap_max_us=25001
  30.995  RPT pe: events=80 mean=10.87 mode=11 max=11 | 1:1 11:79
  30.995  t=29s RTT mean=0 min=0 max=0 n=0 to=0 | cancels=0(+0/s) seqbad=0 len_bad=11896 disc=0(0x00) | tot_n=0 tot_to=0 maxever=0 >2ms=0 >5ms=0 >15ms=0 >20ms=0 >30ms=0 | probes=0 wrfail=0 down=0s maxout=0s
  32.958  BLASTC comp=418 exkBps=99 cgap_us[min/avg/max]=2192/2392/27991
  32.958  BLAST phy=2/2 att=418 ok=418 enomem=0 err=0 call_us[min/avg/max]=2104/2380/27979 okgap_max_us=27991
  32.958  t=30s RTT mean=0 min=0 max=0 n=0 to=0 | cancels=0(+0/s) seqbad=0 len_bad=12314 disc=0(0x00) | tot_n=0 tot_to=0 maxever=0 >2ms=0 >5ms=0 >15ms=0 >20ms=0 >30ms=0 | probes=0 wrfail=0 down=0s maxout=0s
  32.958  BLASTC comp=430 exkBps=102 cgap_us[min/avg/max]=2199/2325/11794
  33.018  BLAST phy=2/2 att=430 ok=430 enomem=0 err=0 call_us[min/avg/max]=2126/2313/11782 okgap_max_us=11794
  33.018  RPT pe: events=80 mean=10.76 mode=11 max=11 | 0:1 7:2 11:77
  33.018  t=31s RTT mean=0 min=0 max=0 n=0 to=0 | cancels=0(+0/s) seqbad=0 len_bad=12744 disc=0(0x00) | tot_n=0 tot_to=0 maxever=0 >2ms=0 >5ms=0 >15ms=0 >20ms=0 >30ms=0 | probes=0 wrfail=0 down=0s maxout=0s
  34.931  BLASTC comp=435 exkBps=103 cgap_us[min/avg/max]=2191/2298/5187
  34.931  BLAST phy=2/2 att=435 ok=435 enomem=0 err=0 call_us[min/avg/max]=2107/2286/5175 okgap_max_us=5187
  34.992  t=32s RTT mean=0 min=0 max=0 n=0 to=0 | cancels=0(+0/s) seqbad=0 len_bad=13179 disc=0(0x00) | tot_n=0 tot_to=0 maxever=0 >2ms=0 >5ms=0 >15ms=0 >20ms=0 >30ms=0 | probes=0 wrfail=0 down=0s maxout=0s
  34.992  BLASTC comp=424 exkBps=101 cgap_us[min/avg/max]=2197/2358/20597
  34.992  BLAST phy=2/2 att=424 ok=424 enomem=0 err=0 call_us[min/avg/max]=2125/2346/20586 okgap_max_us=20598
  34.992  RPT pe: events=80 mean=10.90 mode=11 max=11 | 3:1 11:79
  34.992  t=33s RTT mean=0 min=0 max=0 n=0 to=0 | cancels=0(+0/s) seqbad=0 len_bad=13603 disc=0(0x00) | tot_n=0 tot_to=0 maxever=0 >2ms=0 >5ms=0 >15ms=0 >20ms=0 >30ms=0 | probes=0 wrfail=0 down=0s maxout=0s
  36.962  BLASTC comp=438 exkBps=104 cgap_us[min/avg/max]=2192/2283/5189
  36.962  BLAST phy=2/2 att=438 ok=438 enomem=0 err=0 call_us[min/avg/max]=2107/2271/5177 okgap_max_us=5189
  36.962  t=34s RTT mean=0 min=0 max=0 n=0 to=0 | cancels=0(+0/s) seqbad=0 len_bad=14041 disc=0(0x00) | tot_n=0 tot_to=0 maxever=0 >2ms=0 >5ms=0 >15ms=0 >20ms=0 >30ms=0 | probes=0 wrfail=0 down=0s maxout=0s
  36.962  BLASTC comp=432 exkBps=102 cgap_us[min/avg/max]=2197/2314/11793
  36.962  BLAST phy=2/2 att=432 ok=432 enomem=0 err=0 call_us[min/avg/max]=2126/2302/11781 okgap_max_us=11793
  37.013  RPT pe: events=80 mean=10.95 mode=11 max=11 | 7:1 11:79
  37.013  t=35s RTT mean=0 min=0 max=0 n=0 to=0 | cancels=0(+0/s) seqbad=0 len_bad=14473 disc=0(0x00) | tot_n=0 tot_to=0 maxever=0 >2ms=0 >5ms=0 >15ms=0 >20ms=0 >30ms=0 | probes=0 wrfail=0 down=0s maxout=0s
  38.938  BLASTC comp=438 exkBps=104 cgap_us[min/avg/max]=2193/2283/4399
  38.938  BLAST phy=2/2 att=438 ok=438 enomem=0 err=0 call_us[min/avg/max]=2105/2271/4387 okgap_max_us=4399
  38.998  t=36s RTT mean=0 min=0 max=0 n=0 to=0 | cancels=0(+0/s) seqbad=0 len_bad=14911 disc=0(0x00) | tot_n=0 tot_to=0 maxever=0 >2ms=0 >5ms=0 >15ms=0 >20ms=0 >30ms=0 | probes=0 wrfail=0 down=0s maxout=0s
  38.999  BLASTC comp=437 exkBps=104 cgap_us[min/avg/max]=2197/2288/4400
  38.999  BLAST phy=2/2 att=437 ok=437 enomem=0 err=0 call_us[min/avg/max]=2126/2276/4388 okgap_max_us=4400
  38.999  RPT pe: events=80 mean=11.00 mode=11 max=11 | 11:80
  38.999  t=37s RTT mean=0 min=0 max=0 n=0 to=0 | cancels=0(+0/s) seqbad=0 len_bad=15348 disc=0(0x00) | tot_n=0 tot_to=0 maxever=0 >2ms=0 >5ms=0 >15ms=0 >20ms=0 >30ms=0 | probes=0 wrfail=0 down=0s maxout=0s
  40.967  BLASTC comp=432 exkBps=102 cgap_us[min/avg/max]=2193/2314/11794
  40.968  BLAST phy=2/2 att=432 ok=432 enomem=0 err=0 call_us[min/avg/max]=2105/2302/11782 okgap_max_us=11794
  40.968  t=38s RTT mean=0 min=0 max=0 n=0 to=0 | cancels=0(+0/s) seqbad=0 len_bad=15781 disc=0(0x00) | tot_n=0 tot_to=0 maxever=0 >2ms=0 >5ms=0 >15ms=0 >20ms=0 >30ms=0 | probes=0 wrfail=0 down=0s maxout=0s
  40.968  BLASTC comp=433 exkBps=103 cgap_us[min/avg/max]=2191/2309/5194
  40.968  BLAST phy=2/2 att=433 ok=433 enomem=0 err=0 call_us[min/avg/max]=2083/2297/5182 okgap_max_us=5194
  40.968  RPT pe: events=80 mean=10.93 mode=11 max=11 | 7:1 10:1 11:78
  41.028  t=39s RTT mean=0 min=0 max=0 n=0 to=0 | cancels=0(+0/s) seqbad=0 len_bad=16214 disc=0(0x00) | tot_n=0 tot_to=0 maxever=0 >2ms=0 >5ms=0 >15ms=0 >20ms=0 >30ms=0 | probes=0 wrfail=0 down=0s maxout=0s
  42.963  BLASTC comp=437 exkBps=104 cgap_us[min/avg/max]=2193/2288/4402
  42.963  BLAST phy=2/2 att=437 ok=437 enomem=0 err=0 call_us[min/avg/max]=2107/2276/4390 okgap_max_us=4402
  42.963  t=40s RTT mean=0 min=0 max=0 n=0 to=0 | cancels=0(+0/s) seqbad=0 len_bad=16651 disc=0(0x00) | tot_n=0 tot_to=0 maxever=0 >2ms=0 >5ms=0 >15ms=0 >20ms=0 >30ms=0 | probes=0 wrfail=0 down=0s maxout=0s
  42.963  BLASTC comp=438 exkBps=104 cgap_us[min/avg/max]=2199/2283/4399
  42.963  BLAST phy=2/2 att=438 ok=438 enomem=0 err=0 call_us[min/avg/max]=2126/2271/4386 okgap_max_us=4398
  43.014  RPT pe: events=80 mean=11.00 mode=11 max=11 | 11:80
  43.014  t=41s RTT mean=0 min=0 max=0 n=0 to=0 | cancels=0(+0/s) seqbad=0 len_bad=17089 disc=0(0x00) | tot_n=0 tot_to=0 maxever=0 >2ms=0 >5ms=0 >15ms=0 >20ms=0 >30ms=0 | probes=0 wrfail=0 down=0s maxout=0s
  44.933  BLASTC comp=434 exkBps=103 cgap_us[min/avg/max]=2193/2304/9592
  44.933  BLAST phy=2/2 att=434 ok=434 enomem=0 err=0 call_us[min/avg/max]=2104/2292/9581 okgap_max_us=9592
  44.986  t=42s RTT mean=0 min=0 max=0 n=0 to=0 | cancels=0(+0/s) seqbad=0 len_bad=17523 disc=0(0x00) | tot_n=0 tot_to=0 maxever=0 >2ms=0 >5ms=0 >15ms=0 >20ms=0 >30ms=0 | probes=0 wrfail=0 down=0s maxout=0s
  44.986  BLASTC comp=437 exkBps=104 cgap_us[min/avg/max]=2199/2288/4399
  44.986  BLAST phy=2/2 att=437 ok=437 enomem=0 err=0 call_us[min/avg/max]=2126/2276/4387 okgap_max_us=4399
  44.986  RPT pe: events=80 mean=10.96 mode=11 max=11 | 8:1 11:79
  44.986  t=43s RTT mean=0 min=0 max=0 n=0 to=0 | cancels=0(+0/s) seqbad=0 len_bad=17960 disc=0(0x00) | tot_n=0 tot_to=0 maxever=0 >2ms=0 >5ms=0 >15ms=0 >20ms=0 >30ms=0 | probes=0 wrfail=0 down=0s maxout=0s
