17:20 building SDC duplex firmware...
17:20 OK /tmp/dxsdc/c-on
17:20 OK /tmp/dxsdc/c-off
17:21 OK /tmp/dxsdc/pgecho
17:22 open off rep1 agg=168
17:23 open on rep2 agg=184.0
17:24 open on rep3 agg=189
17:25 open off rep4 agg=164.0
17:26 open off rep5 agg=158
17:27 open on rep6 agg=186
17:28 open on rep7 agg=184
17:29 open off rep8 agg=167.0
17:30 sdc off rep1 agg=164.0
17:31 sdc on rep2 agg=190
17:32 sdc on rep3 agg=184
17:33 sdc off rep4 agg=163
17:34 sdc off rep5 agg=170
17:35 sdc on rep6 agg=186
17:37 sdc on rep7 agg=184
17:38 sdc off rep8 agg=167.0
DXSDC_DONE
