   0.715  SINK rx: 187 KB/s (192235 B / 1000 ms) fsu=52 | cum_total=2668326 B cum_segs=11119 | UP sent=26894 eagain=0 lasterr=-128 txcred=64 host_pulls=0
   1.676  *** Booting Zephyr OS build v4.4.2-16-gfee9fbc62095 ***
   1.676  
   1.736  === nRF52 L2CAP CoC SINK (Zephyr 4.4.1, seg_recv) ===
   1.736  L2CAP server on PSM 0x0080
   1.736  Advertising as 'zenoh-nrf-l2cap'
   5.654  GAP connected: interval=20
   5.762  DLE updated: tx_max=251 rx_max=27
   5.883  PHY updated: tx=2 rx=2
   6.003  DLE updated: tx_max=251 rx_max=251
   6.003  CoC up — seg_recv sink ready (RX_CREDITS=64, MPS=247)
   6.124  Q3FSU-DONE role=P status=0x00 spacing=52 types=0x3 phys=0x2 initiator=2
   6.748  SINK rx: 30 KB/s (30726 B / 1000 ms) fsu=52 | cum_total=30726 B cum_segs=129 | UP sent=556 eagain=0 lasterr=0 txcred=5 host_pulls=0
   7.745  SINK rx: 62 KB/s (64085 B / 1000 ms) fsu=52 | cum_total=94811 B cum_segs=396 | UP sent=1118 eagain=0 lasterr=0 txcred=58 host_pulls=0
   8.765  SINK rx: 66 KB/s (67915 B / 1000 ms) fsu=52 | cum_total=162726 B cum_segs=679 | UP sent=1686 eagain=0 lasterr=0 txcred=64 host_pulls=0
   9.790  SINK rx: 67 KB/s (68885 B / 1000 ms) fsu=52 | cum_total=231611 B cum_segs=966 | UP sent=2248 eagain=0 lasterr=0 txcred=35 host_pulls=0
  10.782  SINK rx: 66 KB/s (67680 B / 1000 ms) fsu=52 | cum_total=299291 B cum_segs=1248 | UP sent=2808 eagain=0 lasterr=0 txcred=7 host_pulls=0
  11.804  SINK rx: 65 KB/s (66720 B / 1000 ms) fsu=52 | cum_total=366011 B cum_segs=1526 | UP sent=3381 eagain=0 lasterr=0 txcred=9 host_pulls=0
  12.802  SINK rx: 61 KB/s (63360 B / 1000 ms) fsu=52 | cum_total=429371 B cum_segs=1790 | UP sent=3940 eagain=0 lasterr=0 txcred=24 host_pulls=0
  13.822  SINK rx: 66 KB/s (67915 B / 1000 ms) fsu=52 | cum_total=497286 B cum_segs=2073 | UP sent=4477 eagain=0 lasterr=0 txcred=60 host_pulls=0
  14.852  SINK rx: 64 KB/s (66240 B / 1000 ms) fsu=52 | cum_total=563526 B cum_segs=2349 | UP sent=5043 eagain=0 lasterr=0 txcred=27 host_pulls=0
  15.879  SINK rx: 63 KB/s (65280 B / 1000 ms) fsu=52 | cum_total=628806 B cum_segs=2621 | UP sent=5611 eagain=0 lasterr=0 txcred=34 host_pulls=0
  16.864  SINK rx: 63 KB/s (65280 B / 1000 ms) fsu=52 | cum_total=694086 B cum_segs=2893 | UP sent=6159 eagain=0 lasterr=0 txcred=59 host_pulls=0
  17.909  SINK rx: 63 KB/s (65045 B / 1000 ms) fsu=52 | cum_total=759131 B cum_segs=3164 | UP sent=6699 eagain=0 lasterr=0 txcred=12 host_pulls=0
  18.887  SINK rx: 62 KB/s (64320 B / 1000 ms) fsu=52 | cum_total=823451 B cum_segs=3432 | UP sent=7262 eagain=0 lasterr=0 txcred=23 host_pulls=0
  19.921  SINK rx: 65 KB/s (67435 B / 1000 ms) fsu=52 | cum_total=890886 B cum_segs=3713 | UP sent=7794 eagain=0 lasterr=0 txcred=64 host_pulls=0
  20.950  SINK rx: 64 KB/s (66485 B / 1000 ms) fsu=52 | cum_total=957371 B cum_segs=3990 | UP sent=8365 eagain=0 lasterr=0 txcred=27 host_pulls=0
  21.931  SINK rx: 65 KB/s (66955 B / 1000 ms) fsu=52 | cum_total=1024326 B cum_segs=4269 | UP sent=8938 eagain=0 lasterr=0 txcred=28 host_pulls=0
  22.954  SINK rx: 63 KB/s (65525 B / 1000 ms) fsu=52 | cum_total=1089851 B cum_segs=4542 | UP sent=9505 eagain=0 lasterr=0 txcred=34 host_pulls=0
  23.946  SINK rx: 65 KB/s (66720 B / 1000 ms) fsu=52 | cum_total=1156571 B cum_segs=4820 | UP sent=10051 eagain=0 lasterr=0 txcred=63 host_pulls=0
  24.979  SINK rx: 66 KB/s (68160 B / 1000 ms) fsu=52 | cum_total=1224731 B cum_segs=5104 | UP sent=10606 eagain=0 lasterr=0 txcred=0 host_pulls=0
  26.020  SINK rx: 65 KB/s (66720 B / 1000 ms) fsu=52 | cum_total=1291451 B cum_segs=5382 | UP sent=11185 eagain=0 lasterr=0 txcred=36 host_pulls=0
  26.987  SINK rx: 63 KB/s (65035 B / 1000 ms) fsu=52 | cum_total=1356486 B cum_segs=5653 | UP sent=11750 eagain=0 lasterr=0 txcred=44 host_pulls=0
  28.039  SINK rx: 64 KB/s (65760 B / 1000 ms) fsu=52 | cum_total=1422246 B cum_segs=5927 | UP sent=12301 eagain=0 lasterr=0 txcred=27 host_pulls=0
  29.062  SINK rx: 64 KB/s (66005 B / 1000 ms) fsu=52 | cum_total=1488251 B cum_segs=6202 | UP sent=12844 eagain=0 lasterr=0 txcred=16 host_pulls=0
  30.045  SINK rx: 60 KB/s (61920 B / 1000 ms) fsu=52 | cum_total=1550171 B cum_segs=6460 | UP sent=13379 eagain=0 lasterr=0 txcred=55 host_pulls=0
  31.067  SINK rx: 65 KB/s (66720 B / 1000 ms) fsu=52 | cum_total=1616891 B cum_segs=6738 | UP sent=13926 eagain=0 lasterr=0 txcred=0 host_pulls=0
  32.108  SINK rx: 64 KB/s (65995 B / 1000 ms) fsu=52 | cum_total=1682886 B cum_segs=7013 | UP sent=14496 eagain=0 lasterr=0 txcred=5 host_pulls=0
  33.086  SINK rx: 63 KB/s (64800 B / 1000 ms) fsu=52 | cum_total=1747686 B cum_segs=7283 | UP sent=15061 eagain=0 lasterr=0 txcred=55 host_pulls=0
  34.129  SINK rx: 66 KB/s (68160 B / 1000 ms) fsu=52 | cum_total=1815846 B cum_segs=7567 | UP sent=15603 eagain=0 lasterr=0 txcred=46 host_pulls=0
  35.096  SINK rx: 66 KB/s (67925 B / 1000 ms) fsu=52 | cum_total=1883771 B cum_segs=7850 | UP sent=16173 eagain=0 lasterr=0 txcred=9 host_pulls=0
  36.119  SINK rx: 58 KB/s (60235 B / 1000 ms) fsu=52 | cum_total=1944006 B cum_segs=8101 | UP sent=16719 eagain=0 lasterr=0 txcred=37 host_pulls=0
  37.148  SINK rx: 67 KB/s (68640 B / 1000 ms) fsu=52 | cum_total=2012646 B cum_segs=8387 | UP sent=17265 eagain=0 lasterr=0 txcred=24 host_pulls=0
  38.146  SINK rx: 65 KB/s (66720 B / 1000 ms) fsu=52 | cum_total=2079366 B cum_segs=8665 | UP sent=17822 eagain=0 lasterr=0 txcred=0 host_pulls=0
  39.198  SINK rx: 63 KB/s (65525 B / 1000 ms) fsu=52 | cum_total=2144891 B cum_segs=8938 | UP sent=18396 eagain=0 lasterr=0 txcred=41 host_pulls=0
  40.171  SINK rx: 64 KB/s (66475 B / 1000 ms) fsu=52 | cum_total=2211366 B cum_segs=9215 | UP sent=18967 eagain=0 lasterr=0 txcred=44 host_pulls=0
  41.220  SINK rx: 65 KB/s (66965 B / 1000 ms) fsu=52 | cum_total=2278331 B cum_segs=9494 | UP sent=19514 eagain=0 lasterr=0 txcred=30 host_pulls=0
  42.199  SINK rx: 65 KB/s (66720 B / 1000 ms) fsu=52 | cum_total=2345051 B cum_segs=9772 | UP sent=20069 eagain=0 lasterr=0 txcred=8 host_pulls=0
  43.219  SINK rx: 63 KB/s (65280 B / 1000 ms) fsu=52 | cum_total=2410331 B cum_segs=10044 | UP sent=20636 eagain=0 lasterr=0 txcred=15 host_pulls=0
  44.265  SINK rx: 63 KB/s (64800 B / 1000 ms) fsu=52 | cum_total=2475131 B cum_segs=10314 | UP sent=21196 eagain=0 lasterr=0 txcred=29 host_pulls=0
  45.233  SINK rx: 67 KB/s (68875 B / 1000 ms) fsu=52 | cum_total=2544006 B cum_segs=10601 | UP sent=21754 eagain=0 lasterr=0 txcred=45 host_pulls=0
  46.268  SINK rx: 60 KB/s (62165 B / 1000 ms) fsu=52 | cum_total=2606171 B cum_segs=10860 | UP sent=22292 eagain=0 lasterr=0 txcred=40 host_pulls=0
  47.278  SINK rx: 64 KB/s (65760 B / 1000 ms) fsu=52 | cum_total=2671931 B cum_segs=11134 | UP sent=22835 eagain=0 lasterr=0 txcred=30 host_pulls=0
  48.277  SINK rx: 61 KB/s (63115 B / 1000 ms) fsu=52 | cum_total=2735046 B cum_segs=11397 | UP sent=23375 eagain=0 lasterr=0 txcred=23 host_pulls=0
  49.305  SINK rx: 63 KB/s (64800 B / 1000 ms) fsu=52 | cum_total=2799846 B cum_segs=11667 | UP sent=23920 eagain=0 lasterr=0 txcred=52 host_pulls=0
  50.343  SINK rx: 64 KB/s (66240 B / 1000 ms) fsu=52 | cum_total=2866086 B cum_segs=11943 | UP sent=24464 eagain=0 lasterr=0 txcred=0 host_pulls=0
  51.329  SINK rx: 62 KB/s (64085 B / 1000 ms) fsu=52 | cum_total=2930171 B cum_segs=12210 | UP sent=25028 eagain=0 lasterr=0 txcred=51 host_pulls=0
  52.354  SINK rx: 64 KB/s (66475 B / 1000 ms) fsu=52 | cum_total=2996646 B cum_segs=12487 | UP sent=25588 eagain=0 lasterr=0 txcred=24 host_pulls=0
  53.379  SINK rx: 65 KB/s (67200 B / 1000 ms) fsu=52 | cum_total=3063846 B cum_segs=12767 | UP sent=26130 eagain=0 lasterr=0 txcred=15 host_pulls=0
  54.399  SINK rx: 60 KB/s (62400 B / 1000 ms) fsu=52 | cum_total=3126246 B cum_segs=13027 | UP sent=26685 eagain=0 lasterr=0 txcred=34 host_pulls=0
  55.389  SINK rx: 65 KB/s (67445 B / 1000 ms) fsu=52 | cum_total=3193691 B cum_segs=13308 | UP sent=27260 eagain=0 lasterr=0 txcred=33 host_pulls=0
  56.425  SINK rx: 67 KB/s (68640 B / 1000 ms) fsu=52 | cum_total=3262331 B cum_segs=13594 | UP sent=27826 eagain=0 lasterr=0 txcred=41 host_pulls=0
  57.416  SINK rx: 66 KB/s (67680 B / 1000 ms) fsu=52 | cum_total=3330011 B cum_segs=13876 | UP sent=28373 eagain=0 lasterr=0 txcred=27 host_pulls=0
  58.405  SINK rx: 64 KB/s (65995 B / 1000 ms) fsu=52 | cum_total=3396006 B cum_segs=14151 | UP sent=28942 eagain=0 lasterr=0 txcred=32 host_pulls=0
  59.439  SINK rx: 59 KB/s (60960 B / 1000 ms) fsu=52 | cum_total=3456966 B cum_segs=14405 | UP sent=29448 eagain=0 lasterr=0 txcred=18 host_pulls=0
