   0.576  SINK rx: 156 KB/s (159840 B / 1000 ms) fsu=52 | cum_total=2173926 B cum_segs=9059 | UP sent=28724 eagain=0 lasterr=-128 txcred=64 host_pulls=0
   1.737  SINK rx: 157 KB/s (161280 B / 1000 ms) fsu=52 | cum_total=2335206 B cum_segs=9731 | UP sent=28724 eagain=0 lasterr=-128 txc*** Booting Zephyr OS build v4.4.2-16-gfee9fbc62095 ***
   1.737  
   1.737  === nRF52 L2CAP CoC SINK (Zephyr 4.4.1, seg_recv) ===
   1.737  L2CAP server on PSM 0x0080
   1.737  Advertising as 'zenoh-nrf-l2cap'
   5.685  GAP connected: interval=12
   5.803  DLE updated: tx_max=251 rx_max=27
   5.856  PHY updated: tx=2 rx=2
   5.915  DLE updated: tx_max=251 rx_max=251
   5.916  CoC up — seg_recv sink ready (RX_CREDITS=64, MPS=247)
   6.739  SINK rx: 33 KB/s (34811 B / 1000 ms) fsu=0 | cum_total=34811 B cum_segs=146 | UP sent=557 eagain=0 lasterr=0 txcred=45 host_pulls=0
   7.792  SINK rx: 57 KB/s (59040 B / 1000 ms) fsu=0 | cum_total=93851 B cum_segs=392 | UP sent=1054 eagain=0 lasterr=0 txcred=39 host_pulls=0
   8.774  SINK rx: 57 KB/s (59040 B / 1000 ms) fsu=0 | cum_total=152891 B cum_segs=638 | UP sent=1551 eagain=0 lasterr=0 txcred=35 host_pulls=0
   9.799  SINK rx: 57 KB/s (59040 B / 1000 ms) fsu=0 | cum_total=211931 B cum_segs=884 | UP sent=2050 eagain=0 lasterr=0 txcred=27 host_pulls=0
  10.793  SINK rx: 57 KB/s (59040 B / 1000 ms) fsu=0 | cum_total=270971 B cum_segs=1130 | UP sent=2548 eagain=0 lasterr=0 txcred=63 host_pulls=0
  11.832  SINK rx: 57 KB/s (59040 B / 1000 ms) fsu=0 | cum_total=330011 B cum_segs=1376 | UP sent=3049 eagain=0 lasterr=0 txcred=54 host_pulls=0
  12.814  SINK rx: 57 KB/s (59040 B / 1000 ms) fsu=0 | cum_total=389051 B cum_segs=1622 | UP sent=3545 eagain=0 lasterr=0 txcred=50 host_pulls=0
  13.871  SINK rx: 57 KB/s (59040 B / 1000 ms) fsu=0 | cum_total=448091 B cum_segs=1868 | UP sent=4043 eagain=0 lasterr=0 txcred=44 host_pulls=0
  14.841  SINK rx: 57 KB/s (58560 B / 1000 ms) fsu=0 | cum_total=506651 B cum_segs=2112 | UP sent=4525 eagain=0 lasterr=0 txcred=13 host_pulls=0
  15.891  SINK rx: 56 KB/s (58080 B / 1000 ms) fsu=0 | cum_total=564731 B cum_segs=2354 | UP sent=5019 eagain=0 lasterr=0 txcred=11 host_pulls=0
  16.857  SINK rx: 59 KB/s (60480 B / 1000 ms) fsu=0 | cum_total=625211 B cum_segs=2606 | UP sent=5524 eagain=0 lasterr=0 txcred=38 host_pulls=0
  17.897  SINK rx: 57 KB/s (59040 B / 1000 ms) fsu=0 | cum_total=684251 B cum_segs=2852 | UP sent=6029 eagain=0 lasterr=0 txcred=26 host_pulls=0
  18.928  SINK rx: 57 KB/s (58560 B / 1000 ms) fsu=0 | cum_total=742811 B cum_segs=3096 | UP sent=6506 eagain=0 lasterr=0 txcred=0 host_pulls=0
  19.915  SINK rx: 58 KB/s (59520 B / 1000 ms) fsu=0 | cum_total=802331 B cum_segs=3344 | UP sent=7019 eagain=0 lasterr=0 txcred=61 host_pulls=0
  20.951  SINK rx: 57 KB/s (58560 B / 1000 ms) fsu=0 | cum_total=860891 B cum_segs=3588 | UP sent=7513 eagain=0 lasterr=0 txcred=18 host_pulls=0
  21.941  SINK rx: 56 KB/s (57600 B / 1000 ms) fsu=0 | cum_total=918491 B cum_segs=3828 | UP sent=8005 eagain=0 lasterr=0 txcred=18 host_pulls=0
  22.984  SINK rx: 57 KB/s (58795 B / 1000 ms) fsu=0 | cum_total=977286 B cum_segs=4073 | UP sent=8502 eagain=0 lasterr=0 txcred=13 host_pulls=0
  23.966  SINK rx: 59 KB/s (60480 B / 1000 ms) fsu=0 | cum_total=1037766 B cum_segs=4325 | UP sent=9006 eagain=0 lasterr=0 txcred=1 host_pulls=0
  24.998  SINK rx: 56 KB/s (57600 B / 1000 ms) fsu=0 | cum_total=1095366 B cum_segs=4565 | UP sent=9498 eagain=0 lasterr=0 txcred=1 host_pulls=0
  26.000  SINK rx: 55 KB/s (56405 B / 1000 ms) fsu=0 | cum_total=1151771 B cum_segs=4800 | UP sent=9985 eagain=0 lasterr=0 txcred=6 host_pulls=0
  26.994  SINK rx: 57 KB/s (59040 B / 1000 ms) fsu=0 | cum_total=1210811 B cum_segs=5046 | UP sent=10483 eagain=0 lasterr=0 txcred=41 host_pulls=0
  28.024  SINK rx: 58 KB/s (60000 B / 1000 ms) fsu=0 | cum_total=1270811 B cum_segs=5296 | UP sent=10985 eagain=0 lasterr=0 txcred=31 host_pulls=0
  29.065  SINK rx: 56 KB/s (57835 B / 1000 ms) fsu=0 | cum_total=1328646 B cum_segs=5537 | UP sent=11478 eagain=0 lasterr=0 txcred=30 host_pulls=0
  30.073  SINK rx: 57 KB/s (59285 B / 1000 ms) fsu=0 | cum_total=1387931 B cum_segs=5784 | UP sent=11977 eagain=0 lasterr=0 txcred=23 host_pulls=0
  31.049  SINK rx: 57 KB/s (58795 B / 1000 ms) fsu=0 | cum_total=1446726 B cum_segs=6029 | UP sent=12474 eagain=0 lasterr=0 txcred=18 host_pulls=0
  32.075  SINK rx: 55 KB/s (57120 B / 1000 ms) fsu=0 | cum_total=1503846 B cum_segs=6267 | UP sent=12965 eagain=0 lasterr=0 txcred=19 host_pulls=0
  33.116  SINK rx: 54 KB/s (56160 B / 1000 ms) fsu=0 | cum_total=1560006 B cum_segs=6501 | UP sent=13445 eagain=0 lasterr=0 txcred=31 host_pulls=0
  34.095  SINK rx: 57 KB/s (59040 B / 1000 ms) fsu=0 | cum_total=1619046 B cum_segs=6747 | UP sent=13934 eagain=0 lasterr=0 txcred=33 host_pulls=0
  35.086  SINK rx: 57 KB/s (59040 B / 1000 ms) fsu=0 | cum_total=1678086 B cum_segs=6993 | UP sent=14424 eagain=0 lasterr=0 txcred=36 host_pulls=0
  36.107  SINK rx: 57 KB/s (59040 B / 1000 ms) fsu=0 | cum_total=1737126 B cum_segs=7239 | UP sent=14915 eagain=0 lasterr=0 txcred=37 host_pulls=0
  37.166  SINK rx: 57 KB/s (59040 B / 1000 ms) fsu=0 | cum_total=1796166 B cum_segs=7485 | UP sent=15408 eagain=0 lasterr=0 txcred=36 host_pulls=0
  38.128  SINK rx: 56 KB/s (58080 B / 1000 ms) fsu=0 | cum_total=1854246 B cum_segs=7727 | UP sent=15894 eagain=0 lasterr=0 txcred=1 host_pulls=0
  39.173  SINK rx: 56 KB/s (57365 B / 1000 ms) fsu=0 | cum_total=1911611 B cum_segs=7966 | UP sent=16384 eagain=0 lasterr=0 txcred=2 host_pulls=0
  40.154  SINK rx: 58 KB/s (59755 B / 1000 ms) fsu=0 | cum_total=1971366 B cum_segs=8215 | UP sent=16879 eagain=0 lasterr=0 txcred=0 host_pulls=0
  41.216  SINK rx: 56 KB/s (58325 B / 1000 ms) fsu=0 | cum_total=2029691 B cum_segs=8458 | UP sent=17381 eagain=0 lasterr=0 txcred=31 host_pulls=0
  42.205  SINK rx: 56 KB/s (57355 B / 1000 ms) fsu=0 | cum_total=2087046 B cum_segs=8697 | UP sent=17872 eagain=0 lasterr=0 txcred=32 host_pulls=0
  43.241  SINK rx: 56 KB/s (58325 B / 1000 ms) fsu=0 | cum_total=2145371 B cum_segs=8940 | UP sent=18367 eagain=0 lasterr=0 txcred=29 host_pulls=0
  44.216  SINK rx: 57 KB/s (59040 B / 1000 ms) fsu=0 | cum_total=2204411 B cum_segs=9186 | UP sent=18865 eagain=0 lasterr=0 txcred=23 host_pulls=0
  45.251  SINK rx: 55 KB/s (57120 B / 1000 ms) fsu=0 | cum_total=2261531 B cum_segs=9424 | UP sent=19356 eagain=0 lasterr=0 txcred=24 host_pulls=0
  46.250  SINK rx: 56 KB/s (58315 B / 1000 ms) fsu=0 | cum_total=2319846 B cum_segs=9667 | UP sent=19851 eagain=0 lasterr=0 txcred=21 host_pulls=0
  47.253  SINK rx: 56 KB/s (58080 B / 1000 ms) fsu=0 | cum_total=2377926 B cum_segs=9909 | UP sent=20345 eagain=0 lasterr=0 txcred=19 host_pulls=0
  48.259  SINK rx: 57 KB/s (58560 B / 1000 ms) fsu=0 | cum_total=2436486 B cum_segs=10153 | UP sent=20840 eagain=0 lasterr=0 txcred=56 host_pulls=0
  49.312  SINK rx: 57 KB/s (59285 B / 1000 ms) fsu=0 | cum_total=2495771 B cum_segs=10400 | UP sent=21339 eagain=0 lasterr=0 txcred=49 host_pulls=0
  50.336  SINK rx: 56 KB/s (58080 B / 1000 ms) fsu=0 | cum_total=2553851 B cum_segs=10642 | UP sent=21834 eagain=0 lasterr=0 txcred=47 host_pulls=0
  51.321  SINK rx: 57 KB/s (59040 B / 1000 ms) fsu=0 | cum_total=2612891 B cum_segs=10888 | UP sent=22332 eagain=0 lasterr=0 txcred=41 host_pulls=0
  52.332  SINK rx: 59 KB/s (60715 B / 1000 ms) fsu=0 | cum_total=2673606 B cum_segs=11141 | UP sent=22837 eagain=0 lasterr=0 txcred=28 host_pulls=0
  53.350  SINK rx: 56 KB/s (57365 B / 1000 ms) fsu=0 | cum_total=2730971 B cum_segs=11380 | UP sent=23324 eagain=0 lasterr=0 txcred=33 host_pulls=0
  54.343  SINK rx: 57 KB/s (59040 B / 1000 ms) fsu=0 | cum_total=2790011 B cum_segs=11626 | UP sent=23810 eagain=0 lasterr=0 txcred=39 host_pulls=0
  55.371  SINK rx: 57 KB/s (59040 B / 1000 ms) fsu=0 | cum_total=2849051 B cum_segs=11872 | UP sent=24315 eagain=0 lasterr=0 txcred=26 host_pulls=0
  56.362  SINK rx: 57 KB/s (59040 B / 1000 ms) fsu=0 | cum_total=2908091 B cum_segs=12118 | UP sent=24809 eagain=0 lasterr=0 txcred=64 host_pulls=0
  57.395  SINK rx: 57 KB/s (59040 B / 1000 ms) fsu=0 | cum_total=2967131 B cum_segs=12364 | UP sent=25308 eagain=0 lasterr=0 txcred=57 host_pulls=0
  58.433  SINK rx: 57 KB/s (59040 B / 1000 ms) fsu=0 | cum_total=3026171 B cum_segs=12610 | UP sent=25795 eagain=0 lasterr=0 txcred=63 host_pulls=0
  59.400  SINK rx: 57 KB/s (59040 B / 1000 ms) fsu=0 | cum_total=3085211 B cum_segs=12856 | UP sent=26293 eagain=0 lasterr=0 txcred=57 host_pulls=0
