   0.466  CENRX cum_total=0 B
   1.501  CENRX cum_total=0 B
   2.468  CENRX cum_total=0 B
   3.475  CENRX cum_total=0 B
   4.504  RPT occ: events=0 mean_pkts/ev=0.00 max=0 nonempty_ev=0 fsu=0 | sender: sent=5211(+2496 SDU) eagain=0(+0) poolfail=0(+0)
   4.504  CENRX cum_total=0 B
   5.478  CENRX cum_total=0 B
   5.596  L2CAP disconnected
   5.596  GAP disconnected 0x08
   5.596  scan start rc=0
   5.596  found D6:C7:60:B1:D3:0E (random) (rssi -40), connecting
   5.596  Q2CONN AA=b8862135 CRCINIT=93cd7d hop=6 chan_count=37 map=ffffffff1f
   5.656  GAP connected
   5.656  phy req rc=0
   5.716  DLE: tx_max=27 rx_max=251
   5.825  PHY: tx=2 rx=2 (2=2M)
   5.825  dle req rc=0
   5.942  DLE: tx_max=251 rx_max=251
   5.942  l2cap_chan_connect rc=0
   6.002  L2CAP connected: tx.mtu=512 tx.mps=247 tx.credits=0 rx.mtu=512 rx.mps=247
   6.002  GATE conn: interval=20 (units 1.25ms) => 25.00 ms
   6.002  Q3FSU-REQ role=C auto min=150 max=150 phys=0x2 rc=0
   6.287  blasting 480-byte SDUs...
   6.507  CENRX cum_total=69784 B
   7.509  CENRX cum_total=192516 B
   8.493  CENRX cum_total=311588 B
   9.513  CENRX cum_total=433588 B
  10.500  CENRX cum_total=557784 B
  11.526  CENRX cum_total=679540 B
  12.505  CENRX cum_total=798612 B
  13.528  CENRX cum_total=921344 B
  14.495  RPT occ: events=0 mean_pkts/ev=0.00 max=0 nonempty_ev=0 fsu=0 | sender: sent=6242(+1031 SDU) eagain=0(+0) poolfail=0(+0)
  14.495  CENRX cum_total=1038708 B
  15.525  CENRX cum_total=1161440 B
  16.515  CENRX cum_total=1275144 B
  17.509  CENRX cum_total=1393728 B
  18.528  CENRX cum_total=1511336 B
  19.509  CENRX cum_total=1632848 B
  20.527  CENRX cum_total=1754848 B
  21.520  CENRX cum_total=1872700 B
  22.524  CENRX cum_total=1992504 B
  23.560  CENRX cum_total=2113772 B
  24.509  RPT occ: events=0 mean_pkts/ev=0.00 max=0 nonempty_ev=0 fsu=0 | sender: sent=7452(+1210 SDU) eagain=0(+0) poolfail=0(+0)
  24.570  CENRX cum_total=2235772 B
  25.566  CENRX cum_total=2357040 B
  26.554  CENRX cum_total=2473916 B
  27.533  CENRX cum_total=2591524 B
  28.570  CENRX cum_total=2711328 B
  29.545  CENRX cum_total=2833328 B
  30.584  CENRX cum_total=2954352 B
  31.576  CENRX cum_total=3073912 B
  32.562  CENRX cum_total=3195912 B
  33.555  CENRX cum_total=3315716 B
  34.520  RPT occ: events=0 mean_pkts/ev=0.00 max=0 nonempty_ev=0 fsu=0 | sender: sent=8661(+1209 SDU) eagain=0(+0) poolfail=0(+0)
  34.579  CENRX cum_total=3436008 B
  35.553  CENRX cum_total=3556544 B
  36.591  CENRX cum_total=3677568 B
  37.588  CENRX cum_total=3798836 B
  38.584  CENRX cum_total=3919616 B
  39.564  CENRX cum_total=4039420 B
  40.605  CENRX cum_total=4159224 B
  41.613  CENRX cum_total=4282688 B
  42.596  CENRX cum_total=4402492 B
  43.623  CENRX cum_total=4522540 B
  44.538  RPT occ: events=0 mean_pkts/ev=0.00 max=0 nonempty_ev=0 fsu=0 | sender: sent=9891(+1230 SDU) eagain=0(+0) poolfail=0(+0)
  44.599  CENRX cum_total=4642100 B
  45.582  CENRX cum_total=4758488 B
  46.587  CENRX cum_total=4880732 B
  47.612  CENRX cum_total=4997364 B
  48.633  CENRX cum_total=5118876 B
  49.612  CENRX cum_total=5237948 B
  50.643  CENRX cum_total=5357508 B
  51.624  CENRX cum_total=5477312 B
  52.604  CENRX cum_total=5599312 B
  53.607  CENRX cum_total=5721556 B
  54.520  RPT occ: events=0 mean_pkts/ev=0.00 max=0 nonempty_ev=0 fsu=0 | sender: sent=11101(+1210 SDU) eagain=0(+0) poolfail=0(+0)
  54.635  CENRX cum_total=5844044 B
  55.612  CENRX cum_total=5965068 B
  56.614  CENRX cum_total=6086580 B
  57.645  CENRX cum_total=6204432 B
  58.629  CENRX cum_total=6327652 B
  59.622  CENRX cum_total=6448676 B
