   0.648  SINK rx: 61 KB/s (62880 B / 1000 ms) fsu=52 | cum_total=3434406 B cum_segs=14311 | UP sent=29273 eagain=0 lasterr=0 txcred=21 host_pulls=0
   1.725  *** Booting Zephyr OS build v4.4.2-16-gfee9fbc62095 ***
   1.725  
   1.725  === nRF52 L2CAP CoC SINK (Zephyr 4.4.1, seg_recv) ===
   1.725  L2CAP server on PSM 0x0080
   1.725  Advertising as 'zenoh-nrf-l2cap'
   5.627  GAP connected: interval=12
   5.739  DLE updated: tx_max=251 rx_max=27
   5.800  PHY updated: tx=2 rx=2
   5.859  DLE updated: tx_max=251 rx_max=251
   5.859  CoC up — seg_recv sink ready (RX_CREDITS=64, MPS=247)
   5.917  Q3FSU-DONE role=P status=0x00 spacing=52 types=0x3 phys=0x2 initiator=2
   6.726  SINK rx: 34 KB/s (35291 B / 1000 ms) fsu=52 | cum_total=35291 B cum_segs=148 | UP sent=638 eagain=0 lasterr=0 txcred=100 host_pulls=0
   7.771  SINK rx: 66 KB/s (67680 B / 1000 ms) fsu=52 | cum_total=102971 B cum_segs=430 | UP sent=1171 eagain=0 lasterr=0 txcred=59 host_pulls=0
   8.748  SINK rx: 60 KB/s (61675 B / 1000 ms) fsu=52 | cum_total=164646 B cum_segs=687 | UP sent=1723 eagain=0 lasterr=0 txcred=81 host_pulls=0
   9.819  SINK rx: 64 KB/s (66240 B / 1000 ms) fsu=52 | cum_total=230886 B cum_segs=963 | UP sent=2249 eagain=0 lasterr=0 txcred=87 host_pulls=0
  10.789  SINK rx: 58 KB/s (59765 B / 1000 ms) fsu=52 | cum_total=290651 B cum_segs=1212 | UP sent=2766 eagain=0 lasterr=0 txcred=104 host_pulls=0
  11.822  SINK rx: 57 KB/s (59040 B / 1000 ms) fsu=52 | cum_total=349691 B cum_segs=1458 | UP sent=3280 eagain=0 lasterr=0 txcred=122 host_pulls=0
  12.856  SINK rx: 62 KB/s (63840 B / 1000 ms) fsu=52 | cum_total=413531 B cum_segs=1724 | UP sent=3809 eagain=0 lasterr=0 txcred=86 host_pulls=0
  13.856  SINK rx: 62 KB/s (64075 B / 1000 ms) fsu=52 | cum_total=477606 B cum_segs=1991 | UP sent=4328 eagain=0 lasterr=0 txcred=59 host_pulls=0
  14.879  SINK rx: 59 KB/s (60960 B / 1000 ms) fsu=52 | cum_total=538566 B cum_segs=2245 | UP sent=4877 eagain=0 lasterr=0 txcred=84 host_pulls=0
  15.879  SINK rx: 63 KB/s (64565 B / 1000 ms) fsu=52 | cum_total=603131 B cum_segs=2514 | UP sent=5397 eagain=0 lasterr=0 txcred=97 host_pulls=0
  16.863  SINK rx: 60 KB/s (61440 B / 1000 ms) fsu=52 | cum_total=664571 B cum_segs=2770 | UP sent=5906 eagain=0 lasterr=0 txcred=121 host_pulls=0
  17.881  SINK rx: 57 KB/s (59040 B / 1000 ms) fsu=52 | cum_total=723611 B cum_segs=3016 | UP sent=6410 eagain=0 lasterr=0 txcred=109 host_pulls=0
  18.926  SINK rx: 57 KB/s (59040 B / 1000 ms) fsu=52 | cum_total=782651 B cum_segs=3262 | UP sent=6936 eagain=0 lasterr=0 txcred=116 host_pulls=0
  19.913  SINK rx: 61 KB/s (63115 B / 1000 ms) fsu=52 | cum_total=845766 B cum_segs=3525 | UP sent=7459 eagain=0 lasterr=0 txcred=85 host_pulls=0
  20.929  SINK rx: 63 KB/s (64800 B / 1000 ms) fsu=52 | cum_total=910566 B cum_segs=3795 | UP sent=7992 eagain=0 lasterr=0 txcred=125 host_pulls=0
  21.969  SINK rx: 57 KB/s (59040 B / 1000 ms) fsu=52 | cum_total=969606 B cum_segs=4041 | UP sent=8515 eagain=0 lasterr=0 txcred=95 host_pulls=0
  22.956  SINK rx: 62 KB/s (63605 B / 1000 ms) fsu=52 | cum_total=1033211 B cum_segs=4306 | UP sent=9038 eagain=0 lasterr=0 txcred=105 host_pulls=0
  23.990  SINK rx: 62 KB/s (64320 B / 1000 ms) fsu=52 | cum_total=1097531 B cum_segs=4574 | UP sent=9573 eagain=0 lasterr=0 txcred=103 host_pulls=0
  24.977  SINK rx: 62 KB/s (63595 B / 1000 ms) fsu=52 | cum_total=1161126 B cum_segs=4839 | UP sent=10117 eagain=0 lasterr=0 txcred=92 host_pulls=0
  25.995  SINK rx: 62 KB/s (64320 B / 1000 ms) fsu=52 | cum_total=1225446 B cum_segs=5107 | UP sent=10660 eagain=0 lasterr=0 txcred=123 host_pulls=0
  27.027  SINK rx: 62 KB/s (63605 B / 1000 ms) fsu=52 | cum_total=1289051 B cum_segs=5372 | UP sent=11196 eagain=0 lasterr=0 txcred=79 host_pulls=0
  28.014  SINK rx: 62 KB/s (64320 B / 1000 ms) fsu=52 | cum_total=1353371 B cum_segs=5640 | UP sent=11732 eagain=0 lasterr=0 txcred=116 host_pulls=0
  29.049  SINK rx: 61 KB/s (63115 B / 1000 ms) fsu=52 | cum_total=1416486 B cum_segs=5903 | UP sent=12273 eagain=0 lasterr=0 txcred=109 host_pulls=0
  30.039  SINK rx: 63 KB/s (64800 B / 1000 ms) fsu=52 | cum_total=1481286 B cum_segs=6173 | UP sent=12804 eagain=0 lasterr=0 txcred=110 host_pulls=0
  31.088  SINK rx: 57 KB/s (59040 B / 1000 ms) fsu=52 | cum_total=1540326 B cum_segs=6419 | UP sent=13323 eagain=0 lasterr=0 txcred=125 host_pulls=0
  32.090  SINK rx: 62 KB/s (64320 B / 1000 ms) fsu=52 | cum_total=1604646 B cum_segs=6687 | UP sent=13854 eagain=0 lasterr=0 txcred=86 host_pulls=0
  33.122  SINK rx: 62 KB/s (63605 B / 1000 ms) fsu=52 | cum_total=1668251 B cum_segs=6952 | UP sent=14396 eagain=0 lasterr=0 txcred=117 host_pulls=0
  34.122  SINK rx: 62 KB/s (63595 B / 1000 ms) fsu=52 | cum_total=1731846 B cum_segs=7217 | UP sent=14931 eagain=0 lasterr=0 txcred=75 host_pulls=0
  35.115  SINK rx: 62 KB/s (64320 B / 1000 ms) fsu=52 | cum_total=1796166 B cum_segs=7485 | UP sent=15470 eagain=0 lasterr=0 txcred=109 host_pulls=0
  36.155  SINK rx: 61 KB/s (62645 B / 1000 ms) fsu=52 | cum_total=1858811 B cum_segs=7746 | UP sent=16006 eagain=0 lasterr=0 txcred=107 host_pulls=0
  37.146  SINK rx: 63 KB/s (65280 B / 1000 ms) fsu=52 | cum_total=1924091 B cum_segs=8018 | UP sent=16536 eagain=0 lasterr=0 txcred=110 host_pulls=0
  38.174  SINK rx: 60 KB/s (61440 B / 1000 ms) fsu=52 | cum_total=1985531 B cum_segs=8274 | UP sent=17080 eagain=0 lasterr=0 txcred=99 host_pulls=0
  39.155  SINK rx: 64 KB/s (65995 B / 1000 ms) fsu=52 | cum_total=2051526 B cum_segs=8549 | UP sent=17606 eagain=0 lasterr=0 txcred=65 host_pulls=0
  40.209  SINK rx: 58 KB/s (60245 B / 1000 ms) fsu=52 | cum_total=2111771 B cum_segs=8800 | UP sent=18151 eagain=0 lasterr=0 txcred=93 host_pulls=0
  41.175  SINK rx: 64 KB/s (65760 B / 1000 ms) fsu=52 | cum_total=2177531 B cum_segs=9074 | UP sent=18677 eagain=0 lasterr=0 txcred=60 host_pulls=0
  42.190  SINK rx: 60 KB/s (61920 B / 1000 ms) fsu=52 | cum_total=2239451 B cum_segs=9332 | UP sent=19230 eagain=0 lasterr=0 txcred=122 host_pulls=0
  43.235  SINK rx: 64 KB/s (66475 B / 1000 ms) fsu=52 | cum_total=2305926 B cum_segs=9609 | UP sent=19758 eagain=0 lasterr=0 txcred=86 host_pulls=0
  44.218  SINK rx: 59 KB/s (60960 B / 1000 ms) fsu=52 | cum_total=2366886 B cum_segs=9863 | UP sent=20284 eagain=0 lasterr=0 txcred=93 host_pulls=0
  45.254  SINK rx: 58 KB/s (59520 B / 1000 ms) fsu=52 | cum_total=2426406 B cum_segs=10111 | UP sent=20807 eagain=0 lasterr=0 txcred=103 host_pulls=0
  46.298  SINK rx: 64 KB/s (65760 B / 1000 ms) fsu=52 | cum_total=2492166 B cum_segs=10385 | UP sent=21332 eagain=0 lasterr=0 txcred=70 host_pulls=0
  47.280  SINK rx: 60 KB/s (61685 B / 1000 ms) fsu=52 | cum_total=2553851 B cum_segs=10642 | UP sent=21880 eagain=0 lasterr=0 txcred=95 host_pulls=0
  48.280  SINK rx: 63 KB/s (65035 B / 1000 ms) fsu=52 | cum_total=2618886 B cum_segs=10913 | UP sent=22406 eagain=0 lasterr=0 txcred=103 host_pulls=0
  49.329  SINK rx: 61 KB/s (62880 B / 1000 ms) fsu=52 | cum_total=2681766 B cum_segs=11175 | UP sent=22934 eagain=0 lasterr=0 txcred=108 host_pulls=0
  50.308  SINK rx: 60 KB/s (62400 B / 1000 ms) fsu=52 | cum_total=2744166 B cum_segs=11435 | UP sent=23474 eagain=0 lasterr=0 txcred=100 host_pulls=0
  51.341  SINK rx: 62 KB/s (63605 B / 1000 ms) fsu=52 | cum_total=2807771 B cum_segs=11700 | UP sent=23990 eagain=0 lasterr=0 txcred=76 host_pulls=0
  52.332  SINK rx: 59 KB/s (60960 B / 1000 ms) fsu=52 | cum_total=2868731 B cum_segs=11954 | UP sent=24527 eagain=0 lasterr=0 txcred=114 host_pulls=0
  53.350  SINK rx: 61 KB/s (63360 B / 1000 ms) fsu=52 | cum_total=2932091 B cum_segs=12218 | UP sent=25055 eagain=0 lasterr=0 txcred=77 host_pulls=0
  54.385  SINK rx: 62 KB/s (64320 B / 1000 ms) fsu=52 | cum_total=2996411 B cum_segs=12486 | UP sent=25574 eagain=0 lasterr=0 txcred=50 host_pulls=0
  55.400  SINK rx: 57 KB/s (59275 B / 1000 ms) fsu=52 | cum_total=3055686 B cum_segs=12733 | UP sent=26104 eagain=0 lasterr=0 txcred=94 host_pulls=0
  56.401  SINK rx: 63 KB/s (64565 B / 1000 ms) fsu=52 | cum_total=3120251 B cum_segs=13002 | UP sent=26637 eagain=0 lasterr=0 txcred=95 host_pulls=0
  57.440  SINK rx: 61 KB/s (63360 B / 1000 ms) fsu=52 | cum_total=3183611 B cum_segs=13266 | UP sent=27157 eagain=0 lasterr=0 txcred=108 host_pulls=0
  58.441  SINK rx: 58 KB/s (60235 B / 1000 ms) fsu=52 | cum_total=3243846 B cum_segs=13517 | UP sent=27699 eagain=0 lasterr=0 txcred=99 host_pulls=0
  59.429  SINK rx: 64 KB/s (66005 B / 1000 ms) fsu=52 | cum_total=3309851 B cum_segs=13792 | UP sent=28225 eagain=0 lasterr=0 txcred=65 host_pulls=0
