   1.952  *** Booting Zephyr OS build v4.4.2-16-gfee9fbc62095 ***
   1.953  [00:09:52.353,384] [0m<inf> bt_hci_core: HW Platform: Nordic Semiconductor (0x0002)[0m
   1.953  [00:09:52.353,396] [0m<inf> bt_hci_core: HW Variant: nRF54Lx (0x0005)[0m
   1.953  [00:09:52.353,408] [0m<inf> bt_hci_core: Firmware: Standard Bluetooth controller (0x00) Version 4.4 Build 2[0m
   1.953  [00:09:52.353,767] [0m<inf> bt_hci_core: HCI transport: Controller[0m
   1.953  [00:09:52.353,815] [0m<inf> bt_hci_core: Identity: D6:C7:60:B1:D3:0E (random)[0m
   2.009  [00:09:52.353,831] [0m<inf> bt_hci_core: HCI: version 5.4 (0x0d) revision 0x0000, manufacturer 0x05f1[0m
   2.009  [00:09:52.353,846] [0m<inf> bt_hci_core: LMP: version 5.4 (0x0d) subver 0xffff[0m
   2.009  
   2.009  === nRF54L15 RTT ping-pong CENTRAL ===
   2.009  scan rc=0
   2.009  Q2CONN AA=4b4d6fc6 CRCINIT=4097a7 hop=8 chan_count=37 map=ffffffff1f
   2.009  GAP connected interval=50000
   3.052  MTU err=0 mtu=247
   3.052  PHY tx=2 rx=2
   3.052  t=1s RTT mean=0 min=0 max=0 n=0 to=0 | cancels=0(+0/s) seqbad=0 len_bad=0 disc=0(0x00) | tot_n=0 tot_to=0 maxever=0 >2ms=0 >5ms=0 >15ms=0 >20ms=0 >30ms=0 | probes=0 wrfail=0 down=1s maxout=1s
   3.052  discovery start (post-PHY +500ms) interval=50000 phy2m=1
   3.285  SUBSCRIBED, vh=14
   3.285  BLAST: phy_update->2M rc=0
   3.285  BLASTC comp=1 exkBps=0 cgap_us[min/avg/max]=4294967295/0/0
   3.285  BLAST phy=2/2 att=1 ok=1 enomem=0 err=0 call_us[min/avg/max]=126/126/126 okgap_max_us=0
   3.285  BLAST first16_call_us: 126 124 120 121 121 120 121 121 114 54 53 53 54 53 54 53
   4.423  PHY tx=2 rx=2
   4.423  t=2s RTT mean=0 min=0 max=0 n=0 to=0 | cancels=0(+0/s) seqbad=0 len_bad=0 disc=0(0x00) | tot_n=0 tot_to=0 maxever=0 >2ms=0 >5ms=0 >15ms=0 >20ms=0 >30ms=0 | probes=0 wrfail=0 down=1s maxout=1s
   4.483  BLASTC comp=324 exkBps=0 cgap_us[min/avg/max]=130/1999/191707
   4.483  BLAST phy=2/2 att=334 ok=334 enomem=0 err=0 call_us[min/avg/max]=53/1928/190986 okgap_max_us=190997
   5.958  t=3s RTT mean=0 min=0 max=0 n=0 to=0 | cancels=0(+0/s) seqbad=0 len_bad=0 disc=0(0x00) | tot_n=0 tot_to=0 maxever=0 >2ms=0 >5ms=0 >15ms=0 >20ms=0 >30ms=0 | probes=0 wrfail=0 down=1s maxout=1s
   5.958  BLASTC comp=679 exkBps=0 cgap_us[min/avg/max]=1390/1472/27713
   5.958  BLAST phy=2/2 att=679 ok=679 enomem=0 err=0 call_us[min/avg/max]=1320/1461/27703 okgap_max_us=27714
   5.958  BLASTC comp=700 exkBps=0 cgap_us[min/avg/max]=1390/1428/2645
   6.018  BLAST phy=2/2 att=700 ok=700 enomem=0 err=0 call_us[min/avg/max]=1228/1417/2634 okgap_max_us=2645
   6.018  t=4s RTT mean=0 min=0 max=0 n=0 to=0 | cancels=0(+0/s) seqbad=0 len_bad=0 disc=0(0x00) | tot_n=0 tot_to=0 maxever=0 >2ms=0 >5ms=0 >15ms=0 >20ms=0 >30ms=0 | probes=0 wrfail=0 down=1s maxout=1s
   7.288  FSU: request [150..150] us (ACL both dirs, 1M+2M) rc=0
   7.288  BLASTC comp=681 exkBps=0 cgap_us[min/avg/max]=1389/1468/23534
   7.288  BLAST phy=2/2 att=681 ok=681 enomem=0 err=0 call_us[min/avg/max]=1299/1457/23523 okgap_max_us=23535
   7.341  t=5s RTT mean=0 min=0 max=0 n=0 to=0 | cancels=0(+0/s) seqbad=0 len_bad=0 disc=0(0x00) | tot_n=0 tot_to=0 maxever=0 >2ms=0 >5ms=0 >15ms=0 >20ms=0 >30ms=0 | probes=0 wrfail=0 down=1s maxout=1s
   8.940  BLASTC comp=699 exkBps=0 cgap_us[min/avg/max]=1390/1430/2782
   8.940  BLAST phy=2/2 att=699 ok=699 enomem=0 err=0 call_us[min/avg/max]=1330/1419/2771 okgap_max_us=2782
   8.991  t=6s RTT mean=0 min=0 max=0 n=0 to=0 | cancels=0(+0/s) seqbad=0 len_bad=0 disc=0(0x00) | tot_n=0 tot_to=0 maxever=0 >2ms=0 >5ms=0 >15ms=0 >20ms=0 >30ms=0 | probes=0 wrfail=0 down=1s maxout=1s
   8.992  BLASTC comp=694 exkBps=0 cgap_us[min/avg/max]=1390/1440/2787
   8.992  BLAST phy=2/2 att=694 ok=694 enomem=0 err=0 call_us[min/avg/max]=1325/1429/2776 okgap_max_us=2787
   8.992  t=7s RTT mean=0 min=0 max=0 n=0 to=0 | cancels=0(+0/s) seqbad=0 len_bad=0 disc=0(0x00) | tot_n=0 tot_to=0 maxever=0 >2ms=0 >5ms=0 >15ms=0 >20ms=0 >30ms=0 | probes=0 wrfail=0 down=1s maxout=1s
  10.932  BLASTC comp=698 exkBps=0 cgap_us[min/avg/max]=1387/1432/2787
  10.932  BLAST phy=2/2 att=698 ok=698 enomem=0 err=0 call_us[min/avg/max]=1307/1421/2776 okgap_max_us=2787
  10.992  t=8s RTT mean=0 min=0 max=0 n=0 to=0 | cancels=0(+0/s) seqbad=0 len_bad=0 disc=0(0x00) | tot_n=0 tot_to=0 maxever=0 >2ms=0 >5ms=0 >15ms=0 >20ms=0 >30ms=0 | probes=0 wrfail=0 down=1s maxout=1s
  10.992  BLASTC comp=699 exkBps=0 cgap_us[min/avg/max]=1390/1430/2786
  10.992  BLAST phy=2/2 att=699 ok=699 enomem=0 err=0 call_us[min/avg/max]=1323/1419/2776 okgap_max_us=2787
  10.992  t=9s RTT mean=0 min=0 max=0 n=0 to=0 | cancels=0(+0/s) seqbad=0 len_bad=0 disc=0(0x00) | tot_n=0 tot_to=0 maxever=0 >2ms=0 >5ms=0 >15ms=0 >20ms=0 >30ms=0 | probes=0 wrfail=0 down=1s maxout=1s
  12.949  BLASTC comp=681 exkBps=0 cgap_us[min/avg/max]=1388/1468/24927
  12.949  BLAST phy=2/2 att=681 ok=681 enomem=0 err=0 call_us[min/avg/max]=1307/1457/24917 okgap_max_us=24928
  12.949  t=10s RTT mean=0 min=0 max=0 n=0 to=0 | cancels=0(+0/s) seqbad=0 len_bad=0 disc=0(0x00) | tot_n=0 tot_to=0 maxever=0 >2ms=0 >5ms=0 >15ms=0 >20ms=0 >30ms=0 | probes=0 wrfail=0 down=1s maxout=1s
  13.010  BLASTC comp=693 exkBps=0 cgap_us[min/avg/max]=1389/1443/2783
  13.010  BLAST phy=2/2 att=693 ok=693 enomem=0 err=0 call_us[min/avg/max]=1325/1431/2772 okgap_max_us=2783
  13.010  t=11s RTT mean=0 min=0 max=0 n=0 to=0 | cancels=0(+0/s) seqbad=0 len_bad=0 disc=0(0x00) | tot_n=0 tot_to=0 maxever=0 >2ms=0 >5ms=0 >15ms=0 >20ms=0 >30ms=0 | probes=0 wrfail=0 down=1s maxout=1s
  14.964  BLASTC comp=661 exkBps=0 cgap_us[min/avg/max]=1388/1512/47215
  14.964  BLAST phy=2/2 att=661 ok=661 enomem=0 err=0 call_us[min/avg/max]=1322/1501/47206 okgap_max_us=47217
  14.964  t=12s RTT mean=0 min=0 max=0 n=0 to=0 | cancels=0(+0/s) seqbad=0 len_bad=0 disc=0(0x00) | tot_n=0 tot_to=0 maxever=0 >2ms=0 >5ms=0 >15ms=0 >20ms=0 >30ms=0 | probes=0 wrfail=0 down=1s maxout=1s
  14.964  BLASTC comp=698 exkBps=0 cgap_us[min/avg/max]=1391/1432/2782
  14.964  BLAST phy=2/2 att=698 ok=698 enomem=0 err=0 call_us[min/avg/max]=1332/1421/2772 okgap_max_us=2783
  15.019  t=13s RTT mean=0 min=0 max=0 n=0 to=0 | cancels=0(+0/s) seqbad=0 len_bad=0 disc=0(0x00) | tot_n=0 tot_to=0 maxever=0 >2ms=0 >5ms=0 >15ms=0 >20ms=0 >30ms=0 | probes=0 wrfail=0 down=1s maxout=1s
  16.972  BLASTC comp=673 exkBps=0 cgap_us[min/avg/max]=1384/1485/37464
  16.972  BLAST phy=2/2 att=673 ok=673 enomem=0 err=0 call_us[min/avg/max]=1297/1474/37454 okgap_max_us=37465
  16.972  t=14s RTT mean=0 min=0 max=0 n=0 to=0 | cancels=0(+0/s) seqbad=0 len_bad=0 disc=0(0x00) | tot_n=0 tot_to=0 maxever=0 >2ms=0 >5ms=0 >15ms=0 >20ms=0 >30ms=0 | probes=0 wrfail=0 down=1s maxout=1s
  16.972  BLASTC comp=697 exkBps=0 cgap_us[min/avg/max]=1391/1434/2784
  16.972  BLAST phy=2/2 att=697 ok=697 enomem=0 err=0 call_us[min/avg/max]=1317/1423/2774 okgap_max_us=2786
  17.032  t=15s RTT mean=0 min=0 max=0 n=0 to=0 | cancels=0(+0/s) seqbad=0 len_bad=0 disc=0(0x00) | tot_n=0 tot_to=0 maxever=0 >2ms=0 >5ms=0 >15ms=0 >20ms=0 >30ms=0 | probes=0 wrfail=0 down=1s maxout=1s
  18.929  BLASTC comp=697 exkBps=0 cgap_us[min/avg/max]=1384/1434/2782
  18.929  BLAST phy=2/2 att=697 ok=697 enomem=0 err=0 call_us[min/avg/max]=1297/1423/2771 okgap_max_us=2782
  18.989  t=16s RTT mean=0 min=0 max=0 n=0 to=0 | cancels=0(+0/s) seqbad=0 len_bad=0 disc=0(0x00) | tot_n=0 tot_to=0 maxever=0 >2ms=0 >5ms=0 >15ms=0 >20ms=0 >30ms=0 | probes=0 wrfail=0 down=1s maxout=1s
  18.989  BLASTC comp=699 exkBps=0 cgap_us[min/avg/max]=1391/1430/2782
  18.989  BLAST phy=2/2 att=699 ok=699 enomem=0 err=0 call_us[min/avg/max]=1317/1419/2771 okgap_max_us=2782
  18.989  t=17s RTT mean=0 min=0 max=0 n=0 to=0 | cancels=0(+0/s) seqbad=0 len_bad=0 disc=0(0x00) | tot_n=0 tot_to=0 maxever=0 >2ms=0 >5ms=0 >15ms=0 >20ms=0 >30ms=0 | probes=0 wrfail=0 down=1s maxout=1s
  20.946  BLASTC comp=668 exkBps=0 cgap_us[min/avg/max]=1384/1497/44430
  20.946  BLAST phy=2/2 att=668 ok=668 enomem=0 err=0 call_us[min/avg/max]=1297/1485/44419 okgap_max_us=44430
  20.946  t=18s RTT mean=0 min=0 max=0 n=0 to=0 | cancels=0(+0/s) seqbad=0 len_bad=0 disc=0(0x00) | tot_n=0 tot_to=0 maxever=0 >2ms=0 >5ms=0 >15ms=0 >20ms=0 >30ms=0 | probes=0 wrfail=0 down=1s maxout=1s
  21.003  BLASTC comp=678 exkBps=0 cgap_us[min/avg/max]=1391/1474/31900
  21.003  BLAST phy=2/2 att=678 ok=678 enomem=0 err=0 call_us[min/avg/max]=1317/1463/31889 okgap_max_us=31900
  21.003  t=19s RTT mean=0 min=0 max=0 n=0 to=0 | cancels=0(+0/s) seqbad=0 len_bad=0 disc=0(0x00) | tot_n=0 tot_to=0 maxever=0 >2ms=0 >5ms=0 >15ms=0 >20ms=0 >30ms=0 | probes=0 wrfail=0 down=1s maxout=1s
  22.933  BLASTC comp=697 exkBps=0 cgap_us[min/avg/max]=1384/1434/2782
  22.933  BLAST phy=2/2 att=697 ok=697 enomem=0 err=0 call_us[min/avg/max]=1297/1423/2771 okgap_max_us=2782
  22.991  t=20s RTT mean=0 min=0 max=0 n=0 to=0 | cancels=0(+0/s) seqbad=0 len_bad=0 disc=0(0x00) | tot_n=0 tot_to=0 maxever=0 >2ms=0 >5ms=0 >15ms=0 >20ms=0 >30ms=0 | probes=0 wrfail=0 down=1s maxout=1s
  22.991  BLASTC comp=670 exkBps=0 cgap_us[min/avg/max]=1383/1492/41643
  22.991  BLAST phy=2/2 att=670 ok=670 enomem=0 err=0 call_us[min/avg/max]=1311/1481/41633 okgap_max_us=41644
  22.991  t=21s RTT mean=0 min=0 max=0 n=0 to=0 | cancels=0(+0/s) seqbad=0 len_bad=0 disc=0(0x00) | tot_n=0 tot_to=0 maxever=0 >2ms=0 >5ms=0 >15ms=0 >20ms=0 >30ms=0 | probes=0 wrfail=0 down=1s maxout=1s
  24.936  BLASTC comp=685 exkBps=0 cgap_us[min/avg/max]=1383/1459/16570
  24.936  BLAST phy=2/2 att=685 ok=685 enomem=0 err=0 call_us[min/avg/max]=1296/1448/16559 okgap_max_us=16570
  24.996  t=22s RTT mean=0 min=0 max=0 n=0 to=0 | cancels=0(+0/s) seqbad=0 len_bad=0 disc=0(0x00) | tot_n=0 tot_to=0 maxever=0 >2ms=0 >5ms=0 >15ms=0 >20ms=0 >30ms=0 | probes=0 wrfail=0 down=1s maxout=1s
  24.997  BLASTC comp=698 exkBps=0 cgap_us[min/avg/max]=1390/1432/2782
  24.997  BLAST phy=2/2 att=698 ok=698 enomem=0 err=0 call_us[min/avg/max]=1318/1421/2771 okgap_max_us=2783
  24.997  t=23s RTT mean=0 min=0 max=0 n=0 to=0 | cancels=0(+0/s) seqbad=0 len_bad=0 disc=0(0x00) | tot_n=0 tot_to=0 maxever=0 >2ms=0 >5ms=0 >15ms=0 >20ms=0 >30ms=0 | probes=0 wrfail=0 down=1s maxout=1s
  26.942  BLASTC comp=690 exkBps=0 cgap_us[min/avg/max]=1383/1449/13783
  26.942  BLAST phy=2/2 att=690 ok=690 enomem=0 err=0 call_us[min/avg/max]=1297/1437/13772 okgap_max_us=13783
  27.001  t=24s RTT mean=0 min=0 max=0 n=0 to=0 | cancels=0(+0/s) seqbad=0 len_bad=0 disc=0(0x00) | tot_n=0 tot_to=0 maxever=0 >2ms=0 >5ms=0 >15ms=0 >20ms=0 >30ms=0 | probes=0 wrfail=0 down=1s maxout=1s
  27.001  BLASTC comp=697 exkBps=0 cgap_us[min/avg/max]=1390/1434/2783
  27.001  BLAST phy=2/2 att=697 ok=697 enomem=0 err=0 call_us[min/avg/max]=1318/1423/2771 okgap_max_us=2782
  27.001  t=25s RTT mean=0 min=0 max=0 n=0 to=0 | cancels=0(+0/s) seqbad=0 len_bad=0 disc=0(0x00) | tot_n=0 tot_to=0 maxever=0 >2ms=0 >5ms=0 >15ms=0 >20ms=0 >30ms=0 | probes=0 wrfail=0 down=1s maxout=1s
  28.925  BLASTC comp=700 exkBps=0 cgap_us[min/avg/max]=1383/1428/2647
  28.925  BLAST phy=2/2 att=700 ok=700 enomem=0 err=0 call_us[min/avg/max]=1297/1417/2636 okgap_max_us=2647
  28.980  t=26s RTT mean=0 min=0 max=0 n=0 to=0 | cancels=0(+0/s) seqbad=0 len_bad=0 disc=0(0x00) | tot_n=0 tot_to=0 maxever=0 >2ms=0 >5ms=0 >15ms=0 >20ms=0 >30ms=0 | probes=0 wrfail=0 down=1s maxout=1s
  28.980  BLASTC comp=671 exkBps=0 cgap_us[min/avg/max]=1390/1490/36071
  28.980  BLAST phy=2/2 att=671 ok=671 enomem=0 err=0 call_us[min/avg/max]=1317/1479/36061 okgap_max_us=36073
  28.980  t=27s RTT mean=0 min=0 max=0 n=0 to=0 | cancels=0(+0/s) seqbad=0 len_bad=0 disc=0(0x00) | tot_n=0 tot_to=0 maxever=0 >2ms=0 >5ms=0 >15ms=0 >20ms=0 >30ms=0 | probes=0 wrfail=0 down=1s maxout=1s
