   1.921  *** Booting Zephyr OS build v4.4.2-16-gfee9fbc62095 ***
   1.921  [01:07:03.297,015] [0m<inf> bt_hci_core: HW Platform: Nordic Semiconductor (0x0002)[0m
   1.921  [01:07:03.297,027] [0m<inf> bt_hci_core: HW Variant: nRF54Lx (0x0005)[0m
   1.921  [01:07:03.297,038] [0m<inf> bt_hci_core: Firmware: Standard Bluetooth controller (0x00) Version 4.4 Build 2[0m
   1.979  [01:07:03.297,397] [0m<inf> bt_hci_core: HCI transport: Controller[0m
   1.979  [01:07:03.297,446] [0m<inf> bt_hci_core: Identity: D6:C7:60:B1:D3:0E (random)[0m
   1.979  [01:07:03.297,461] [0m<inf> bt_hci_core: HCI: version 5.4 (0x0d) revision 0x0000, manufacturer 0x05f1[0m
   1.979  [01:07:03.297,476] [0m<inf> bt_hci_core: LMP: version 5.4 (0x0d) subver 0xffff[0m
   1.979  
   1.979  === nRF54L15 RTT ping-pong CENTRAL ===
   1.979  scan rc=0
   1.979  Q2CONN AA=ddf9510a CRCINIT=746db9 hop=15 chan_count=37 map=ffffffff1f
   1.979  GAP connected interval=50000
   3.023  MTU err=0 mtu=247
   3.023  PHY tx=2 rx=2
   3.023  t=1s RTT mean=0 min=0 max=0 n=0 to=0 | cancels=0(+0/s) seqbad=0 len_bad=0 disc=0(0x00) | tot_n=0 tot_to=0 maxever=0 >2ms=0 >5ms=0 >15ms=0 >20ms=0 >30ms=0 | probes=0 wrfail=0 down=1s maxout=1s
   3.023  discovery start (post-PHY +500ms) interval=50000 phy2m=1
   3.310  SUBSCRIBED, vh=14
   3.310  BLAST: phy_update->2M rc=0
   3.310  BLASTC comp=1 exkBps=0 cgap_us[min/avg/max]=4294967295/0/0
   3.310  BLAST phy=2/2 att=1 ok=1 enomem=0 err=0 call_us[min/avg/max]=125/125/125 okgap_max_us=0
   3.363  BLAST first16_call_us: 125 124 121 121 121 121 121 120 114 54 53 53 54 53 54 53
   4.454  PHY tx=2 rx=2
   4.454  t=2s RTT mean=0 min=0 max=0 n=0 to=0 | cancels=0(+0/s) seqbad=0 len_bad=0 disc=0(0x00) | tot_n=0 tot_to=0 maxever=0 >2ms=0 >5ms=0 >15ms=0 >20ms=0 >30ms=0 | probes=0 wrfail=0 down=1s maxout=1s
   4.454  BLASTC comp=308 exkBps=0 cgap_us[min/avg/max]=130/1981/158100
   4.454  BLAST phy=2/2 att=318 ok=318 enomem=0 err=0 call_us[min/avg/max]=53/1907/157379 okgap_max_us=157390
   5.907  t=3s RTT mean=0 min=0 max=0 n=0 to=0 | cancels=0(+0/s) seqbad=0 len_bad=0 disc=0(0x00) | tot_n=0 tot_to=0 maxever=0 >2ms=0 >5ms=0 >15ms=0 >20ms=0 >30ms=0 | probes=0 wrfail=0 down=1s maxout=1s
   5.965  BLASTC comp=679 exkBps=0 cgap_us[min/avg/max]=1390/1454/15183
   5.965  BLAST phy=2/2 att=679 ok=679 enomem=0 err=0 call_us[min/avg/max]=1321/1443/15174 okgap_max_us=22207
   5.965  BLASTC comp=671 exkBps=0 cgap_us[min/avg/max]=1383/1490/40251
   5.965  BLAST phy=2/2 att=671 ok=671 enomem=0 err=0 call_us[min/avg/max]=1215/1478/40240 okgap_max_us=40251
   5.965  t=4s RTT mean=0 min=0 max=0 n=0 to=0 | cancels=0(+0/s) seqbad=0 len_bad=0 disc=0(0x00) | tot_n=0 tot_to=0 maxever=0 >2ms=0 >5ms=0 >15ms=0 >20ms=0 >30ms=0 | probes=0 wrfail=0 down=1s maxout=1s
   7.300  FSU: request [150..150] us (ACL both dirs, 1M+2M) rc=0
   7.300  BLASTC comp=698 exkBps=0 cgap_us[min/avg/max]=1388/1432/2782
   7.300  BLAST phy=2/2 att=698 ok=698 enomem=0 err=0 call_us[min/avg/max]=1307/1421/2771 okgap_max_us=2782
   7.300  t=5s RTT mean=0 min=0 max=0 n=0 to=0 | cancels=0(+0/s) seqbad=0 len_bad=0 disc=0(0x00) | tot_n=0 tot_to=0 maxever=0 >2ms=0 >5ms=0 >15ms=0 >20ms=0 >30ms=0 | probes=0 wrfail=0 down=1s maxout=1s
   8.951  BLASTC comp=671 exkBps=0 cgap_us[min/avg/max]=1391/1490/27715
   8.951  BLAST phy=2/2 att=671 ok=671 enomem=0 err=0 call_us[min/avg/max]=1330/1479/27705 okgap_max_us=27716
   8.951  t=6s RTT mean=0 min=0 max=0 n=0 to=0 | cancels=0(+0/s) seqbad=0 len_bad=0 disc=0(0x00) | tot_n=0 tot_to=0 maxever=0 >2ms=0 >5ms=0 >15ms=0 >20ms=0 >30ms=0 | probes=0 wrfail=0 down=1s maxout=1s
   8.951  BLASTC comp=686 exkBps=0 cgap_us[min/avg/max]=1390/1457/15176
   8.951  BLAST phy=2/2 att=686 ok=686 enomem=0 err=0 call_us[min/avg/max]=1323/1446/15166 okgap_max_us=15177
   9.010  t=7s RTT mean=0 min=0 max=0 n=0 to=0 | cancels=0(+0/s) seqbad=0 len_bad=0 disc=0(0x00) | tot_n=0 tot_to=0 maxever=0 >2ms=0 >5ms=0 >15ms=0 >20ms=0 >30ms=0 | probes=0 wrfail=0 down=1s maxout=1s
  10.923  BLASTC comp=689 exkBps=0 cgap_us[min/avg/max]=1388/1451/12390
  10.923  BLAST phy=2/2 att=689 ok=689 enomem=0 err=0 call_us[min/avg/max]=1308/1440/12380 okgap_max_us=12391
  10.923  t=8s RTT mean=0 min=0 max=0 n=0 to=0 | cancels=0(+0/s) seqbad=0 len_bad=0 disc=0(0x00) | tot_n=0 tot_to=0 maxever=0 >2ms=0 >5ms=0 >15ms=0 >20ms=0 >30ms=0 | probes=0 wrfail=0 down=1s maxout=1s
  10.976  BLASTC comp=690 exkBps=0 cgap_us[min/avg/max]=1391/1449/12390
  10.976  BLAST phy=2/2 att=690 ok=690 enomem=0 err=0 call_us[min/avg/max]=1323/1437/12379 okgap_max_us=12390
  10.976  t=9s RTT mean=0 min=0 max=0 n=0 to=0 | cancels=0(+0/s) seqbad=0 len_bad=0 disc=0(0x00) | tot_n=0 tot_to=0 maxever=0 >2ms=0 >5ms=0 >15ms=0 >20ms=0 >30ms=0 | probes=0 wrfail=0 down=1s maxout=1s
  12.929  BLASTC comp=664 exkBps=0 cgap_us[min/avg/max]=1389/1506/24928
  12.929  BLAST phy=2/2 att=664 ok=664 enomem=0 err=0 call_us[min/avg/max]=1308/1494/24917 okgap_max_us=24928
  12.929  t=10s RTT mean=0 min=0 max=0 n=0 to=0 | cancels=0(+0/s) seqbad=0 len_bad=0 disc=0(0x00) | tot_n=0 tot_to=0 maxever=0 >2ms=0 >5ms=0 >15ms=0 >20ms=0 >30ms=0 | probes=0 wrfail=0 down=1s maxout=1s
  12.929  BLASTC comp=666 exkBps=0 cgap_us[min/avg/max]=1390/1501/47215
  12.983  BLAST phy=2/2 att=666 ok=666 enomem=0 err=0 call_us[min/avg/max]=1326/1490/47206 okgap_max_us=47217
  12.983  t=11s RTT mean=0 min=0 max=0 n=0 to=0 | cancels=0(+0/s) seqbad=0 len_bad=0 disc=0(0x00) | tot_n=0 tot_to=0 maxever=0 >2ms=0 >5ms=0 >15ms=0 >20ms=0 >30ms=0 | probes=0 wrfail=0 down=1s maxout=1s
  14.911  BLASTC comp=674 exkBps=0 cgap_us[min/avg/max]=1389/1483/34678
  14.911  BLAST phy=2/2 att=674 ok=674 enomem=0 err=0 call_us[min/avg/max]=1310/1472/34668 okgap_max_us=34679
  14.964  t=12s RTT mean=0 min=0 max=0 n=0 to=0 | cancels=0(+0/s) seqbad=0 len_bad=0 disc=0(0x00) | tot_n=0 tot_to=0 maxever=0 >2ms=0 >5ms=0 >15ms=0 >20ms=0 >30ms=0 | probes=0 wrfail=0 down=1s maxout=1s
  14.964  BLASTC comp=676 exkBps=0 cgap_us[min/avg/max]=1381/1479/34678
  14.964  BLAST phy=2/2 att=676 ok=676 enomem=0 err=0 call_us[min/avg/max]=1276/1467/34668 okgap_max_us=34679
  14.964  t=13s RTT mean=0 min=0 max=0 n=0 to=0 | cancels=0(+0/s) seqbad=0 len_bad=0 disc=0(0x00) | tot_n=0 tot_to=0 maxever=0 >2ms=0 >5ms=0 >15ms=0 >20ms=0 >30ms=0 | probes=0 wrfail=0 down=1s maxout=1s
  16.922  BLASTC comp=696 exkBps=0 cgap_us[min/avg/max]=1384/1436/2782
  16.923  BLAST phy=2/2 att=696 ok=696 enomem=0 err=0 call_us[min/avg/max]=1298/1425/2771 okgap_max_us=2782
  16.975  t=14s RTT mean=0 min=0 max=0 n=0 to=0 | cancels=0(+0/s) seqbad=0 len_bad=0 disc=0(0x00) | tot_n=0 tot_to=0 maxever=0 >2ms=0 >5ms=0 >15ms=0 >20ms=0 >30ms=0 | probes=0 wrfail=0 down=1s maxout=1s
  16.975  BLASTC comp=670 exkBps=0 cgap_us[min/avg/max]=1391/1492/36071
  16.975  BLAST phy=2/2 att=670 ok=670 enomem=0 err=0 call_us[min/avg/max]=1317/1481/36060 okgap_max_us=36071
  16.975  t=15s RTT mean=0 min=0 max=0 n=0 to=0 | cancels=0(+0/s) seqbad=0 len_bad=0 disc=0(0x00) | tot_n=0 tot_to=0 maxever=0 >2ms=0 >5ms=0 >15ms=0 >20ms=0 >30ms=0 | probes=0 wrfail=0 down=1s maxout=1s
  18.910  t=16s RTT mean=0 min=0 max=0 n=0 to=0 | cancels=0(+0/s) seqbad=0 len_bad=0 disc=0(0x00) | tot_n=0 tot_to=0 maxever=0 >2ms=0 >5ms=0 >15ms=0 >20ms=0 >30ms=0 | probes=0 wrfail=0 down=1s maxout=1s
  18.970  BLASTC comp=683 exkBps=0 cgap_us[min/avg/max]=1384/1482/29106
  18.970  BLAST phy=2/2 att=683 ok=683 enomem=0 err=0 call_us[min/avg/max]=1296/1471/29102 okgap_max_us=8212
  18.970  BLASTC comp=689 exkBps=0 cgap_us[min/avg/max]=1391/1433/2783
  18.970  BLAST phy=2/2 att=689 ok=689 enomem=0 err=0 call_us[min/avg/max]=1321/1422/2771 okgap_max_us=29173
  18.970  t=17s RTT mean=0 min=0 max=0 n=0 to=0 | cancels=0(+0/s) seqbad=0 len_bad=0 disc=0(0x00) | tot_n=0 tot_to=0 maxever=0 >2ms=0 >5ms=0 >15ms=0 >20ms=0 >30ms=0 | probes=0 wrfail=0 down=1s maxout=1s
  20.922  BLASTC comp=698 exkBps=0 cgap_us[min/avg/max]=1387/1432/2784
  20.922  BLAST phy=2/2 att=698 ok=698 enomem=0 err=0 call_us[min/avg/max]=1323/1421/2773 okgap_max_us=2785
  20.981  t=18s RTT mean=0 min=0 max=0 n=0 to=0 | cancels=0(+0/s) seqbad=0 len_bad=0 disc=0(0x00) | tot_n=0 tot_to=0 maxever=0 >2ms=0 >5ms=0 >15ms=0 >20ms=0 >30ms=0 | probes=0 wrfail=0 down=1s maxout=1s
  20.982  BLASTC comp=694 exkBps=0 cgap_us[min/avg/max]=1390/1440/2783
  20.982  BLAST phy=2/2 att=694 ok=694 enomem=0 err=0 call_us[min/avg/max]=1318/1429/2771 okgap_max_us=2783
  20.982  t=19s RTT mean=0 min=0 max=0 n=0 to=0 | cancels=0(+0/s) seqbad=0 len_bad=0 disc=0(0x00) | tot_n=0 tot_to=0 maxever=0 >2ms=0 >5ms=0 >15ms=0 >20ms=0 >30ms=0 | probes=0 wrfail=0 down=1s maxout=1s
  22.915  BLASTC comp=694 exkBps=0 cgap_us[min/avg/max]=1383/1440/4031
  22.915  BLAST phy=2/2 att=694 ok=694 enomem=0 err=0 call_us[min/avg/max]=1298/1429/4021 okgap_max_us=4032
  22.975  t=20s RTT mean=0 min=0 max=0 n=0 to=0 | cancels=0(+0/s) seqbad=0 len_bad=0 disc=0(0x00) | tot_n=0 tot_to=0 maxever=0 >2ms=0 >5ms=0 >15ms=0 >20ms=0 >30ms=0 | probes=0 wrfail=0 down=1s maxout=1s
  22.975  BLASTC comp=694 exkBps=0 cgap_us[min/avg/max]=1390/1440/6820
  22.975  BLAST phy=2/2 att=694 ok=694 enomem=0 err=0 call_us[min/avg/max]=1317/1429/6810 okgap_max_us=6821
  22.975  t=21s RTT mean=0 min=0 max=0 n=0 to=0 | cancels=0(+0/s) seqbad=0 len_bad=0 disc=0(0x00) | tot_n=0 tot_to=0 maxever=0 >2ms=0 >5ms=0 >15ms=0 >20ms=0 >30ms=0 | probes=0 wrfail=0 down=1s maxout=1s
  24.921  BLASTC comp=699 exkBps=0 cgap_us[min/avg/max]=1384/1430/2783
  24.921  BLAST phy=2/2 att=699 ok=699 enomem=0 err=0 call_us[min/avg/max]=1279/1419/2772 okgap_max_us=2783
  24.981  t=22s RTT mean=0 min=0 max=0 n=0 to=0 | cancels=0(+0/s) seqbad=0 len_bad=0 disc=0(0x00) | tot_n=0 tot_to=0 maxever=0 >2ms=0 >5ms=0 >15ms=0 >20ms=0 >30ms=0 | probes=0 wrfail=0 down=1s maxout=1s
  24.981  BLASTC comp=699 exkBps=0 cgap_us[min/avg/max]=1391/1430/2783
  24.981  BLAST phy=2/2 att=699 ok=699 enomem=0 err=0 call_us[min/avg/max]=1317/1419/2771 okgap_max_us=2782
  24.981  t=23s RTT mean=0 min=0 max=0 n=0 to=0 | cancels=0(+0/s) seqbad=0 len_bad=0 disc=0(0x00) | tot_n=0 tot_to=0 maxever=0 >2ms=0 >5ms=0 >15ms=0 >20ms=0 >30ms=0 | probes=0 wrfail=0 down=1s maxout=1s
  26.912  BLASTC comp=668 exkBps=0 cgap_us[min/avg/max]=1384/1497/38857
  26.912  BLAST phy=2/2 att=668 ok=668 enomem=0 err=0 call_us[min/avg/max]=1298/1485/38847 okgap_max_us=38859
  26.964  t=24s RTT mean=0 min=0 max=0 n=0 to=0 | cancels=0(+0/s) seqbad=0 len_bad=0 disc=0(0x00) | tot_n=0 tot_to=0 maxever=0 >2ms=0 >5ms=0 >15ms=0 >20ms=0 >30ms=0 | probes=0 wrfail=0 down=1s maxout=1s
  26.964  BLASTC comp=693 exkBps=0 cgap_us[min/avg/max]=1391/1443/6818
  26.964  BLAST phy=2/2 att=693 ok=693 enomem=0 err=0 call_us[min/avg/max]=1318/1431/6807 okgap_max_us=6818
  26.964  t=25s RTT mean=0 min=0 max=0 n=0 to=0 | cancels=0(+0/s) seqbad=0 len_bad=0 disc=0(0x00) | tot_n=0 tot_to=0 maxever=0 >2ms=0 >5ms=0 >15ms=0 >20ms=0 >30ms=0 | probes=0 wrfail=0 down=1s maxout=1s
  28.910  BLASTC comp=700 exkBps=0 cgap_us[min/avg/max]=1384/1428/2643
  28.910  BLAST phy=2/2 att=700 ok=700 enomem=0 err=0 call_us[min/avg/max]=1297/1417/2632 okgap_max_us=2643
  28.966  t=26s RTT mean=0 min=0 max=0 n=0 to=0 | cancels=0(+0/s) seqbad=0 len_bad=0 disc=0(0x00) | tot_n=0 tot_to=0 maxever=0 >2ms=0 >5ms=0 >15ms=0 >20ms=0 >30ms=0 | probes=0 wrfail=0 down=1s maxout=1s
  28.966  BLASTC comp=697 exkBps=0 cgap_us[min/avg/max]=1390/1434/2782
  28.966  BLAST phy=2/2 att=697 ok=697 enomem=0 err=0 call_us[min/avg/max]=1317/1423/2771 okgap_max_us=2783
  28.966  t=27s RTT mean=0 min=0 max=0 n=0 to=0 | cancels=0(+0/s) seqbad=0 len_bad=0 disc=0(0x00) | tot_n=0 tot_to=0 maxever=0 >2ms=0 >5ms=0 >15ms=0 >20ms=0 >30ms=0 | probes=0 wrfail=0 down=1s maxout=1s
