   1.690  *** Booting Zephyr OS build v4.4.2-16-gfee9fbc62095 ***
   1.690  [00:47:17.360,643] [0m<inf> bt_hci_core: HW Platform: Nordic Semiconductor (0x0002)[0m
   1.751  [00:47:17.360,655] [0m<inf> bt_hci_core: HW Variant: nRF54Lx (0x0005)[0m
   1.751  [00:47:17.360,667] [0m<inf> bt_hci_core: Firmware: Standard Bluetooth controller (0x00) Version 4.4 Build 2[0m
   1.751  [00:47:17.361,018] [0m<inf> bt_hci_core: HCI transport: Controller[0m
   1.751  [00:47:17.361,064] [0m<inf> bt_hci_core: Identity: FC:BE:FF:FA:E6:8B (random)[0m
   1.751  [00:47:17.361,080] [0m<inf> bt_hci_core: HCI: version 5.4 (0x0d) revision 0x0000, manufacturer 0x05f1[0m
   1.751  [00:47:17.361,095] [0m<inf> bt_hci_core: LMP: version 5.4 (0x0d) subver 0xffff[0m
   1.751  
   1.751  === nRF54L15 RTT ping-pong PERIPHERAL (echo) ===
   1.751  advertising
   3.185  GAP connected interval=25000
   3.185  PHY tx=2 rx=2
   3.185  P t=1s rxkBps=0 blkkBps=0 pongs=0(+0/s) cancels=0(+0/s) notify=0 disc=0(0x00) | echo rx=0 tx=0 pend=0 stale=0
   3.185  CCC: notify ENABLED
   4.740  P t=2s rxkBps=84 blkkBps=0 pongs=355(+355/s) cancels=0(+0/s) notify=1 disc=0(0x00) | echo rx=0 tx=0 pend=0 stale=0
   4.741  P t=3s rxkBps=159 blkkBps=0 pongs=1026(+671/s) cancels=0(+0/s) notify=1 disc=0(0x00) | echo rx=0 tx=0 pend=0 stale=0
   6.749  P t=4s rxkBps=160 blkkBps=0 pongs=1701(+675/s) cancels=0(+0/s) notify=1 disc=0(0x00) | echo rx=0 tx=0 pend=0 stale=0
   6.749  P t=5s rxkBps=171 blkkBps=0 pongs=2421(+720/s) cancels=0(+0/s) notify=1 disc=0(0x00) | echo rx=0 tx=0 pend=0 stale=0
   8.722  P t=6s rxkBps=190 blkkBps=0 pongs=3219(+798/s) cancels=0(+0/s) notify=1 disc=0(0x00) | echo rx=0 tx=0 pend=0 stale=0
   8.722  P t=7s rxkBps=190 blkkBps=0 pongs=4017(+798/s) cancels=0(+0/s) notify=1 disc=0(0x00) | echo rx=0 tx=0 pend=0 stale=0
  10.733  P t=8s rxkBps=186 blkkBps=0 pongs=4801(+784/s) cancels=0(+0/s) notify=1 disc=0(0x00) | echo rx=0 tx=0 pend=0 stale=0
  10.733  P t=9s rxkBps=190 blkkBps=0 pongs=5600(+799/s) cancels=0(+0/s) notify=1 disc=0(0x00) | echo rx=0 tx=0 pend=0 stale=0
  12.700  P t=10s rxkBps=189 blkkBps=0 pongs=6395(+795/s) cancels=0(+0/s) notify=1 disc=0(0x00) | echo rx=0 tx=0 pend=0 stale=0
  12.751  P t=11s rxkBps=190 blkkBps=0 pongs=7193(+798/s) cancels=0(+0/s) notify=1 disc=0(0x00) | echo rx=0 tx=0 pend=0 stale=0
  14.696  P t=12s rxkBps=189 blkkBps=0 pongs=7990(+797/s) cancels=0(+0/s) notify=1 disc=0(0x00) | echo rx=0 tx=0 pend=0 stale=0
  14.749  P t=13s rxkBps=187 blkkBps=0 pongs=8777(+787/s) cancels=0(+0/s) notify=1 disc=0(0x00) | echo rx=0 tx=0 pend=0 stale=0
  16.701  P t=14s rxkBps=190 blkkBps=0 pongs=9575(+798/s) cancels=0(+0/s) notify=1 disc=0(0x00) | echo rx=0 tx=0 pend=0 stale=0
  16.761  P t=15s rxkBps=186 blkkBps=0 pongs=10358(+783/s) cancels=0(+0/s) notify=1 disc=0(0x00) | echo rx=0 tx=0 pend=0 stale=0
  18.707  P t=16s rxkBps=187 blkkBps=0 pongs=11143(+785/s) cancels=0(+0/s) notify=1 disc=0(0x00) | echo rx=0 tx=0 pend=0 stale=0
  18.707  P t=17s rxkBps=189 blkkBps=0 pongs=11940(+797/s) cancels=0(+0/s) notify=1 disc=0(0x00) | echo rx=0 tx=0 pend=0 stale=0
  20.703  P t=18s rxkBps=187 blkkBps=0 pongs=12728(+788/s) cancels=0(+0/s) notify=1 disc=0(0x00) | echo rx=0 tx=0 pend=0 stale=0
  20.763  P t=19s rxkBps=190 blkkBps=0 pongs=13526(+798/s) cancels=0(+0/s) notify=1 disc=0(0x00) | echo rx=0 tx=0 pend=0 stale=0
  22.754  P t=20s rxkBps=186 blkkBps=0 pongs=14307(+781/s) cancels=0(+0/s) notify=1 disc=0(0x00) | echo rx=0 tx=0 pend=0 stale=0
  22.754  P t=21s rxkBps=190 blkkBps=0 pongs=15107(+800/s) cancels=0(+0/s) notify=1 disc=0(0x00) | echo rx=0 tx=0 pend=0 stale=0
  24.725  P t=22s rxkBps=183 blkkBps=0 pongs=15876(+769/s) cancels=0(+0/s) notify=1 disc=0(0x00) | echo rx=0 tx=0 pend=0 stale=0
  24.725  P t=23s rxkBps=189 blkkBps=0 pongs=16673(+797/s) cancels=0(+0/s) notify=1 disc=0(0x00) | echo rx=0 tx=0 pend=0 stale=0
  26.737  P t=24s rxkBps=190 blkkBps=0 pongs=17471(+798/s) cancels=0(+0/s) notify=1 disc=0(0x00) | echo rx=0 tx=0 pend=0 stale=0
  26.737  P t=25s rxkBps=189 blkkBps=0 pongs=18266(+795/s) cancels=0(+0/s) notify=1 disc=0(0x00) | echo rx=0 tx=0 pend=0 stale=0
  28.735  P t=26s rxkBps=189 blkkBps=0 pongs=19061(+795/s) cancels=0(+0/s) notify=1 disc=0(0x00) | echo rx=0 tx=0 pend=0 stale=0
  28.735  P t=27s rxkBps=186 blkkBps=0 pongs=19845(+784/s) cancels=0(+0/s) notify=1 disc=0(0x00) | echo rx=0 tx=0 pend=0 stale=0
