   2.034  *** Booting Zephyr OS build v4.4.2-16-gfee9fbc62095 ***
   2.034  [00:26:19.736,550] [0m<inf> bt_hci_core: HW Platform: Nordic Semiconductor (0x0002)[0m
   2.034  [00:26:19.736,562] [0m<inf> bt_hci_core: HW Variant: nRF54Lx (0x0005)[0m
   2.087  [00:26:19.736,574] [0m<inf> bt_hci_core: Firmware: Standard Bluetooth controller (0x00) Version 4.4 Build 2[0m
   2.087  [00:26:19.736,933] [0m<inf> bt_hci_core: HCI transport: Controller[0m
   2.087  [00:26:19.736,981] [0m<inf> bt_hci_core: Identity: D6:C7:60:B1:D3:0E (random)[0m
   2.087  [00:26:19.736,997] [0m<inf> bt_hci_core: HCI: version 5.4 (0x0d) revision 0x0000, manufacturer 0x05f1[0m
   2.087  [00:26:19.737,012] [0m<inf> bt_hci_core: LMP: version 5.4 (0x0d) subver 0xffff[0m
   2.087  
   2.087  === nRF54L15 RTT ping-pong CENTRAL ===
   2.087  scan rc=0
   2.087  Q2CONN AA=13e41696 CRCINIT=869cf7 hop=10 chan_count=37 map=ffffffff1f
   2.771  GAP connected interval=7500
   2.771  MTU err=0 mtu=247
   2.771  PHY tx=2 rx=2
   2.771  discovery start (post-PHY +500ms) interval=7500 phy2m=1
   2.828  SUBSCRIBED, vh=14
   2.828  BLAST: phy_update->2M rc=0
   2.828  BLAST first16_call_us: 128 119 119 121 121 121 120 121 121 114 54 53 54 53 54 53
   2.828  PHY tx=2 rx=2
   4.016  BLASTC comp=156 exkBps=0 cgap_us[min/avg/max]=130/1603/29807
   4.070  BLAST phy=2/2 att=166 ok=166 enomem=0 err=0 call_us[min/avg/max]=53/1486/29087 okgap_max_us=29098
   4.070  t=1s RTT mean=0 min=0 max=0 n=0 to=0 | cancels=0(+0/s) seqbad=0 len_bad=0 disc=0(0x00) | tot_n=0 tot_to=0 maxever=0 >2ms=0 >5ms=0 >15ms=0 >20ms=0 >30ms=0 | probes=0 wrfail=0 down=0s maxout=0s
   4.070  BLASTC comp=667 exkBps=0 cgap_us[min/avg/max]=1329/1499/1933
   4.070  BLAST phy=2/2 att=667 ok=667 enomem=0 err=0 call_us[min/avg/max]=1308/1488/1922 okgap_max_us=2009
   4.128  t=2s RTT mean=0 min=0 max=0 n=0 to=0 | cancels=0(+0/s) seqbad=0 len_bad=0 disc=0(0x00) | tot_n=0 tot_to=0 maxever=0 >2ms=0 >5ms=0 >15ms=0 >20ms=0 >30ms=0 | probes=0 wrfail=0 down=0s maxout=0s
   6.021  BLASTC comp=667 exkBps=0 cgap_us[min/avg/max]=1327/1499/1937
   6.075  BLAST phy=2/2 att=667 ok=667 enomem=0 err=0 call_us[min/avg/max]=1313/1488/1926 okgap_max_us=1937
   6.075  t=3s RTT mean=0 min=0 max=0 n=0 to=0 | cancels=0(+0/s) seqbad=0 len_bad=0 disc=0(0x00) | tot_n=0 tot_to=0 maxever=0 >2ms=0 >5ms=0 >15ms=0 >20ms=0 >30ms=0 | probes=0 wrfail=0 down=0s maxout=0s
   6.075  FSU: request [150..150] us (ACL both dirs, 1M+2M) rc=0
   6.075  BLASTC comp=661 exkBps=0 cgap_us[min/avg/max]=1323/1511/7501
   6.075  BLAST phy=2/2 att=661 ok=661 enomem=0 err=0 call_us[min/avg/max]=1309/1500/7489 okgap_max_us=7501
   6.135  t=4s RTT mean=0 min=0 max=0 n=0 to=0 | cancels=0(+0/s) seqbad=0 len_bad=0 disc=0(0x00) | tot_n=0 tot_to=0 maxever=0 >2ms=0 >5ms=0 >15ms=0 >20ms=0 >30ms=0 | probes=0 wrfail=0 down=0s maxout=0s
   8.034  BLASTC comp=640 exkBps=0 cgap_us[min/avg/max]=1328/1562/7501
   8.034  BLAST phy=2/2 att=640 ok=640 enomem=0 err=0 call_us[min/avg/max]=1315/1551/7490 okgap_max_us=7501
   8.093  t=5s RTT mean=0 min=0 max=0 n=0 to=0 | cancels=0(+0/s) seqbad=0 len_bad=0 disc=0(0x00) | tot_n=0 tot_to=0 maxever=0 >2ms=0 >5ms=0 >15ms=0 >20ms=0 >30ms=0 | probes=0 wrfail=0 down=0s maxout=0s
   8.093  BLASTC comp=662 exkBps=0 cgap_us[min/avg/max]=1316/1510/4715
   8.094  BLAST phy=2/2 att=662 ok=662 enomem=0 err=0 call_us[min/avg/max]=1302/1499/4705 okgap_max_us=4716
   8.094  t=6s RTT mean=0 min=0 max=0 n=0 to=0 | cancels=0(+0/s) seqbad=0 len_bad=0 disc=0(0x00) | tot_n=0 tot_to=0 maxever=0 >2ms=0 >5ms=0 >15ms=0 >20ms=0 >30ms=0 | probes=0 wrfail=0 down=0s maxout=0s
  10.037  BLASTC comp=664 exkBps=0 cgap_us[min/avg/max]=1329/1505/2782
  10.037  BLAST phy=2/2 att=664 ok=664 enomem=0 err=0 call_us[min/avg/max]=1315/1493/2769 okgap_max_us=2780
  10.091  t=7s RTT mean=0 min=0 max=0 n=0 to=0 | cancels=0(+0/s) seqbad=0 len_bad=0 disc=0(0x00) | tot_n=0 tot_to=0 maxever=0 >2ms=0 >5ms=0 >15ms=0 >20ms=0 >30ms=0 | probes=0 wrfail=0 down=0s maxout=0s
  10.091  BLASTC comp=660 exkBps=0 cgap_us[min/avg/max]=1329/1515/3257
  10.091  BLAST phy=2/2 att=660 ok=660 enomem=0 err=0 call_us[min/avg/max]=1311/1504/3245 okgap_max_us=3257
  10.091  t=8s RTT mean=0 min=0 max=0 n=0 to=0 | cancels=0(+0/s) seqbad=0 len_bad=0 disc=0(0x00) | tot_n=0 tot_to=0 maxever=0 >2ms=0 >5ms=0 >15ms=0 >20ms=0 >30ms=0 | probes=0 wrfail=0 down=0s maxout=0s
  12.039  BLASTC comp=665 exkBps=0 cgap_us[min/avg/max]=1320/1504/2782
  12.039  BLAST phy=2/2 att=665 ok=665 enomem=0 err=0 call_us[min/avg/max]=1212/1492/2770 okgap_max_us=2781
  12.099  t=9s RTT mean=0 min=0 max=0 n=0 to=0 | cancels=0(+0/s) seqbad=0 len_bad=0 disc=0(0x00) | tot_n=0 tot_to=0 maxever=0 >2ms=0 >5ms=0 >15ms=0 >20ms=0 >30ms=0 | probes=0 wrfail=0 down=0s maxout=0s
  12.099  BLASTC comp=656 exkBps=0 cgap_us[min/avg/max]=1329/1523/4715
  12.099  BLAST phy=2/2 att=656 ok=656 enomem=0 err=0 call_us[min/avg/max]=1315/1512/4706 okgap_max_us=4717
  12.099  t=10s RTT mean=0 min=0 max=0 n=0 to=0 | cancels=0(+0/s) seqbad=0 len_bad=0 disc=0(0x00) | tot_n=0 tot_to=0 maxever=0 >2ms=0 >5ms=0 >15ms=0 >20ms=0 >30ms=0 | probes=0 wrfail=0 down=0s maxout=0s
  14.051  BLASTC comp=663 exkBps=0 cgap_us[min/avg/max]=1329/1508/2787
  14.052  BLAST phy=2/2 att=663 ok=663 enomem=0 err=0 call_us[min/avg/max]=1309/1497/2776 okgap_max_us=2787
  14.052  t=11s RTT mean=0 min=0 max=0 n=0 to=0 | cancels=0(+0/s) seqbad=0 len_bad=0 disc=0(0x00) | tot_n=0 tot_to=0 maxever=0 >2ms=0 >5ms=0 >15ms=0 >20ms=0 >30ms=0 | probes=0 wrfail=0 down=0s maxout=0s
  14.052  BLASTC comp=661 exkBps=0 cgap_us[min/avg/max]=1316/1513/4715
  14.109  BLAST phy=2/2 att=661 ok=661 enomem=0 err=0 call_us[min/avg/max]=1302/1501/4705 okgap_max_us=4717
  14.109  t=12s RTT mean=0 min=0 max=0 n=0 to=0 | cancels=0(+0/s) seqbad=0 len_bad=0 disc=0(0x00) | tot_n=0 tot_to=0 maxever=0 >2ms=0 >5ms=0 >15ms=0 >20ms=0 >30ms=0 | probes=0 wrfail=0 down=0s maxout=0s
  16.016  BLASTC comp=663 exkBps=0 cgap_us[min/avg/max]=1329/1507/2781
  16.068  BLAST phy=2/2 att=663 ok=663 enomem=0 err=0 call_us[min/avg/max]=1310/1496/2770 okgap_max_us=2781
  16.068  t=13s RTT mean=0 min=0 max=0 n=0 to=0 | cancels=0(+0/s) seqbad=0 len_bad=0 disc=0(0x00) | tot_n=0 tot_to=0 maxever=0 >2ms=0 >5ms=0 >15ms=0 >20ms=0 >30ms=0 | probes=0 wrfail=0 down=0s maxout=0s
  16.068  BLASTC comp=665 exkBps=0 cgap_us[min/avg/max]=1329/1504/2781
  16.068  BLAST phy=2/2 att=665 ok=665 enomem=0 err=0 call_us[min/avg/max]=1310/1492/2770 okgap_max_us=2781
  16.128  t=14s RTT mean=0 min=0 max=0 n=0 to=0 | cancels=0(+0/s) seqbad=0 len_bad=0 disc=0(0x00) | tot_n=0 tot_to=0 maxever=0 >2ms=0 >5ms=0 >15ms=0 >20ms=0 >30ms=0 | probes=0 wrfail=0 down=0s maxout=0s
  18.038  BLASTC comp=665 exkBps=0 cgap_us[min/avg/max]=1329/1504/2781
  18.038  BLAST phy=2/2 att=665 ok=665 enomem=0 err=0 call_us[min/avg/max]=1315/1492/2770 okgap_max_us=2781
  18.095  t=15s RTT mean=0 min=0 max=0 n=0 to=0 | cancels=0(+0/s) seqbad=0 len_bad=0 disc=0(0x00) | tot_n=0 tot_to=0 maxever=0 >2ms=0 >5ms=0 >15ms=0 >20ms=0 >30ms=0 | probes=0 wrfail=0 down=0s maxout=0s
  18.095  BLASTC comp=662 exkBps=0 cgap_us[min/avg/max]=1329/1509/2782
  18.095  BLAST phy=2/2 att=662 ok=662 enomem=0 err=0 call_us[min/avg/max]=1316/1498/2770 okgap_max_us=2781
  18.095  t=16s RTT mean=0 min=0 max=0 n=0 to=0 | cancels=0(+0/s) seqbad=0 len_bad=0 disc=0(0x00) | tot_n=0 tot_to=0 maxever=0 >2ms=0 >5ms=0 >15ms=0 >20ms=0 >30ms=0 | probes=0 wrfail=0 down=0s maxout=0s
  20.060  BLASTC comp=664 exkBps=0 cgap_us[min/avg/max]=1329/1506/2782
  20.060  BLAST phy=2/2 att=664 ok=664 enomem=0 err=0 call_us[min/avg/max]=1310/1495/2770 okgap_max_us=2781
  20.060  t=17s RTT mean=0 min=0 max=0 n=0 to=0 | cancels=0(+0/s) seqbad=0 len_bad=0 disc=0(0x00) | tot_n=0 tot_to=0 maxever=0 >2ms=0 >5ms=0 >15ms=0 >20ms=0 >30ms=0 | probes=0 wrfail=0 down=0s maxout=0s
  20.060  BLASTC comp=667 exkBps=0 cgap_us[min/avg/max]=1329/1499/1932
  20.060  BLAST phy=2/2 att=667 ok=667 enomem=0 err=0 call_us[min/avg/max]=1316/1488/1925 okgap_max_us=1937
  20.121  t=18s RTT mean=0 min=0 max=0 n=0 to=0 | cancels=0(+0/s) seqbad=0 len_bad=0 disc=0(0x00) | tot_n=0 tot_to=0 maxever=0 >2ms=0 >5ms=0 >15ms=0 >20ms=0 >30ms=0 | probes=0 wrfail=0 down=0s maxout=0s
  22.019  BLASTC comp=666 exkBps=0 cgap_us[min/avg/max]=1329/1500/1932
  22.079  BLAST phy=2/2 att=666 ok=666 enomem=0 err=0 call_us[min/avg/max]=1316/1489/1921 okgap_max_us=1932
  22.079  t=19s RTT mean=0 min=0 max=0 n=0 to=0 | cancels=0(+0/s) seqbad=0 len_bad=0 disc=0(0x00) | tot_n=0 tot_to=0 maxever=0 >2ms=0 >5ms=0 >15ms=0 >20ms=0 >30ms=0 | probes=0 wrfail=0 down=0s maxout=0s
  22.079  BLASTC comp=667 exkBps=0 cgap_us[min/avg/max]=1329/1499/1933
  22.079  BLAST phy=2/2 att=667 ok=667 enomem=0 err=0 call_us[min/avg/max]=1229/1488/1922 okgap_max_us=1994
  22.079  t=20s RTT mean=0 min=0 max=0 n=0 to=0 | cancels=0(+0/s) seqbad=0 len_bad=0 disc=0(0x00) | tot_n=0 tot_to=0 maxever=0 >2ms=0 >5ms=0 >15ms=0 >20ms=0 >30ms=0 | probes=0 wrfail=0 down=0s maxout=0s
  24.064  BLASTC comp=661 exkBps=0 cgap_us[min/avg/max]=1329/1513/6109
  24.064  BLAST phy=2/2 att=661 ok=661 enomem=0 err=0 call_us[min/avg/max]=1311/1502/6099 okgap_max_us=6110
  24.064  t=21s RTT mean=0 min=0 max=0 n=0 to=0 | cancels=0(+0/s) seqbad=0 len_bad=0 disc=0(0x00) | tot_n=0 tot_to=0 maxever=0 >2ms=0 >5ms=0 >15ms=0 >20ms=0 >30ms=0 | probes=0 wrfail=0 down=0s maxout=0s
  24.064  BLASTC comp=661 exkBps=0 cgap_us[min/avg/max]=1329/1511/2845
  24.064  BLAST phy=2/2 att=661 ok=661 enomem=0 err=0 call_us[min/avg/max]=1316/1500/2836 okgap_max_us=2847
  24.117  t=22s RTT mean=0 min=0 max=0 n=0 to=0 | cancels=0(+0/s) seqbad=0 len_bad=0 disc=0(0x00) | tot_n=0 tot_to=0 maxever=0 >2ms=0 >5ms=0 >15ms=0 >20ms=0 >30ms=0 | probes=0 wrfail=0 down=0s maxout=0s
  26.068  BLASTC comp=664 exkBps=0 cgap_us[min/avg/max]=1329/1506/2845
  26.068  BLAST phy=2/2 att=664 ok=664 enomem=0 err=0 call_us[min/avg/max]=1310/1495/2836 okgap_max_us=2847
  26.068  t=23s RTT mean=0 min=0 max=0 n=0 to=0 | cancels=0(+0/s) seqbad=0 len_bad=0 disc=0(0x00) | tot_n=0 tot_to=0 maxever=0 >2ms=0 >5ms=0 >15ms=0 >20ms=0 >30ms=0 | probes=0 wrfail=0 down=0s maxout=0s
  26.068  BLASTC comp=663 exkBps=0 cgap_us[min/avg/max]=1316/1508/2845
  26.068  BLAST phy=2/2 att=663 ok=663 enomem=0 err=0 call_us[min/avg/max]=1276/1497/2836 okgap_max_us=2848
  26.128  t=24s RTT mean=0 min=0 max=0 n=0 to=0 | cancels=0(+0/s) seqbad=0 len_bad=0 disc=0(0x00) | tot_n=0 tot_to=0 maxever=0 >2ms=0 >5ms=0 >15ms=0 >20ms=0 >30ms=0 | probes=0 wrfail=0 down=0s maxout=0s
  28.033  BLASTC comp=662 exkBps=0 cgap_us[min/avg/max]=1329/1509/2845
  28.033  BLAST phy=2/2 att=662 ok=662 enomem=0 err=0 call_us[min/avg/max]=1315/1498/2836 okgap_max_us=2847
  28.093  t=25s RTT mean=0 min=0 max=0 n=0 to=0 | cancels=0(+0/s) seqbad=0 len_bad=0 disc=0(0x00) | tot_n=0 tot_to=0 maxever=0 >2ms=0 >5ms=0 >15ms=0 >20ms=0 >30ms=0 | probes=0 wrfail=0 down=0s maxout=0s
  28.093  BLASTC comp=665 exkBps=0 cgap_us[min/avg/max]=1329/1506/2845
  28.093  BLAST phy=2/2 att=665 ok=665 enomem=0 err=0 call_us[min/avg/max]=1310/1495/2836 okgap_max_us=2847
  28.093  t=26s RTT mean=0 min=0 max=0 n=0 to=0 | cancels=0(+0/s) seqbad=0 len_bad=0 disc=0(0x00) | tot_n=0 tot_to=0 maxever=0 >2ms=0 >5ms=0 >15ms=0 >20ms=0 >30ms=0 | probes=0 wrfail=0 down=0s maxout=0s
