   2.038  *** Booting Zephyr OS build v4.4.2-16-gfee9fbc62095 ***
   2.038  [00:57:10.660,279] [0m<inf> bt_hci_core: HW Platform: Nordic Semiconductor (0x0002)[0m
   2.038  [00:57:10.660,292] [0m<inf> bt_hci_core: HW Variant: nRF54Lx (0x0005)[0m
   2.038  [00:57:10.660,303] [0m<inf> bt_hci_core: Firmware: Standard Bluetooth controller (0x00) Version 4.4 Build 2[0m
   2.098  [00:57:10.660,662] [0m<inf> bt_hci_core: HCI transport: Controller[0m
   2.098  [00:57:10.660,711] [0m<inf> bt_hci_core: Identity: D6:C7:60:B1:D3:0E (random)[0m
   2.098  [00:57:10.660,726] [0m<inf> bt_hci_core: HCI: version 5.4 (0x0d) revision 0x0000, manufacturer 0x05f1[0m
   2.098  [00:57:10.660,741] [0m<inf> bt_hci_core: LMP: version 5.4 (0x0d) subver 0xffff[0m
   2.098  
   2.098  === nRF54L15 RTT ping-pong CENTRAL ===
   2.098  scan rc=0
   2.098  Q2CONN AA=28ec2a54 CRCINIT=10c0b2 hop=8 chan_count=37 map=ffffffff1f
   2.098  GAP connected interval=37500
   3.124  MTU err=0 mtu=247
   3.124  PHY tx=2 rx=2
   3.124  discovery start (post-PHY +500ms) interval=37500 phy2m=1
   3.124  t=1s RTT mean=0 min=0 max=0 n=0 to=0 | cancels=0(+0/s) seqbad=0 len_bad=0 disc=0(0x00) | tot_n=0 tot_to=0 maxever=0 >2ms=0 >5ms=0 >15ms=0 >20ms=0 >30ms=0 | probes=0 wrfail=0 down=1s maxout=1s
   3.183  SUBSCRIBED, vh=14
   3.183  BLAST: phy_update->2M rc=0
   3.183  BLASTC comp=1 exkBps=0 cgap_us[min/avg/max]=4294967295/0/0
   3.183  BLAST phy=2/2 att=1 ok=1 enomem=0 err=0 call_us[min/avg/max]=125/125/125 okgap_max_us=0
   3.183  BLAST first16_call_us: 125 124 121 120 121 121 120 121 114 54 53 53 53 53 53 54
   4.284  PHY tx=2 rx=2
   4.284  BLASTC comp=490 exkBps=0 cgap_us[min/avg/max]=130/1729/130044
   4.284  BLAST phy=2/2 att=500 ok=500 enomem=0 err=0 call_us[min/avg/max]=53/1683/129323 okgap_max_us=129334
   4.344  t=2s RTT mean=0 min=0 max=0 n=0 to=0 | cancels=0(+0/s) seqbad=0 len_bad=0 disc=0(0x00) | tot_n=0 tot_to=0 maxever=0 >2ms=0 >5ms=0 >15ms=0 >20ms=0 >30ms=0 | probes=0 wrfail=0 down=1s maxout=1s
   6.019  BLASTC comp=664 exkBps=0 cgap_us[min/avg/max]=1387/1506/24964
   6.019  BLAST phy=2/2 att=664 ok=664 enomem=0 err=0 call_us[min/avg/max]=1331/1494/24954 okgap_max_us=24965
   6.075  t=3s RTT mean=0 min=0 max=0 n=0 to=0 | cancels=0(+0/s) seqbad=0 len_bad=0 disc=0(0x00) | tot_n=0 tot_to=0 maxever=0 >2ms=0 >5ms=0 >15ms=0 >20ms=0 >30ms=0 | probes=0 wrfail=0 down=1s maxout=1s
   6.075  BLASTC comp=688 exkBps=0 cgap_us[min/avg/max]=1390/1453/2784
   6.075  BLAST phy=2/2 att=688 ok=688 enomem=0 err=0 call_us[min/avg/max]=1324/1442/2772 okgap_max_us=2783
   6.075  t=4s RTT mean=0 min=0 max=0 n=0 to=0 | cancels=0(+0/s) seqbad=0 len_bad=0 disc=0(0x00) | tot_n=0 tot_to=0 maxever=0 >2ms=0 >5ms=0 >15ms=0 >20ms=0 >30ms=0 | probes=0 wrfail=0 down=1s maxout=1s
   7.156  FSU: request [52..52] us (ACL both dirs, 1M+2M) rc=0
   7.156  FSU: updated status=0x00 spacing=52 us phys=0x3 types=0x3 initiator=0
   7.216  BLASTC comp=774 exkBps=0 cgap_us[min/avg/max]=1194/1292/29123
   7.216  BLAST phy=2/2 att=774 ok=774 enomem=0 err=0 call_us[min/avg/max]=1180/1281/29112 okgap_max_us=29123
   7.216  t=5s RTT mean=0 min=0 max=0 n=0 to=0 | cancels=0(+0/s) seqbad=0 len_bad=0 disc=0(0x00) | tot_n=0 tot_to=0 maxever=0 >2ms=0 >5ms=0 >15ms=0 >20ms=0 >30ms=0 | probes=0 wrfail=0 down=1s maxout=1s
   9.037  BLASTC comp=802 exkBps=0 cgap_us[min/avg/max]=1189/1247/29122
   9.037  BLAST phy=2/2 att=802 ok=802 enomem=0 err=0 call_us[min/avg/max]=1135/1235/29112 okgap_max_us=29124
   9.097  t=6s RTT mean=0 min=0 max=0 n=0 to=0 | cancels=0(+0/s) seqbad=0 len_bad=0 disc=0(0x00) | tot_n=0 tot_to=0 maxever=0 >2ms=0 >5ms=0 >15ms=0 >20ms=0 >30ms=0 | probes=0 wrfail=0 down=1s maxout=1s
   9.097  BLASTC comp=822 exkBps=0 cgap_us[min/avg/max]=1194/1215/2390
   9.097  BLAST phy=2/2 att=822 ok=822 enomem=0 err=0 call_us[min/avg/max]=1128/1204/2380 okgap_max_us=2391
   9.097  t=7s RTT mean=0 min=0 max=0 n=0 to=0 | cancels=0(+0/s) seqbad=0 len_bad=0 disc=0(0x00) | tot_n=0 tot_to=0 maxever=0 >2ms=0 >5ms=0 >15ms=0 >20ms=0 >30ms=0 | probes=0 wrfail=0 down=1s maxout=1s
  11.062  BLASTC comp=790 exkBps=0 cgap_us[min/avg/max]=1189/1266/38994
  11.062  BLAST phy=2/2 att=790 ok=790 enomem=0 err=0 call_us[min/avg/max]=1084/1255/38981 okgap_max_us=38992
  11.062  t=8s RTT mean=0 min=0 max=0 n=0 to=0 | cancels=0(+0/s) seqbad=0 len_bad=0 disc=0(0x00) | tot_n=0 tot_to=0 maxever=0 >2ms=0 >5ms=0 >15ms=0 >20ms=0 >30ms=0 | probes=0 wrfail=0 down=1s maxout=1s
  11.062  BLASTC comp=819 exkBps=0 cgap_us[min/avg/max]=1195/1221/6379
  11.062  BLAST phy=2/2 att=819 ok=819 enomem=0 err=0 call_us[min/avg/max]=1127/1209/6368 okgap_max_us=6380
  11.122  t=9s RTT mean=0 min=0 max=0 n=0 to=0 | cancels=0(+0/s) seqbad=0 len_bad=0 disc=0(0x00) | tot_n=0 tot_to=0 maxever=0 >2ms=0 >5ms=0 >15ms=0 >20ms=0 >30ms=0 | probes=0 wrfail=0 down=1s maxout=1s
  13.042  BLASTC comp=773 exkBps=0 cgap_us[min/avg/max]=1178/1292/36304
  13.042  BLAST phy=2/2 att=773 ok=773 enomem=0 err=0 call_us[min/avg/max]=1112/1281/36293 okgap_max_us=36305
  13.042  t=10s RTT mean=0 min=0 max=0 n=0 to=0 | cancels=0(+0/s) seqbad=0 len_bad=0 disc=0(0x00) | tot_n=0 tot_to=0 maxever=0 >2ms=0 >5ms=0 >15ms=0 >20ms=0 >30ms=0 | probes=0 wrfail=0 down=1s maxout=1s
  13.102  BLASTC comp=823 exkBps=0 cgap_us[min/avg/max]=1186/1215/2391
  13.102  BLAST phy=2/2 att=823 ok=823 enomem=0 err=0 call_us[min/avg/max]=1121/1204/2379 okgap_max_us=2390
  13.102  t=11s RTT mean=0 min=0 max=0 n=0 to=0 | cancels=0(+0/s) seqbad=0 len_bad=0 disc=0(0x00) | tot_n=0 tot_to=0 maxever=0 >2ms=0 >5ms=0 >15ms=0 >20ms=0 >30ms=0 | probes=0 wrfail=0 down=1s maxout=1s
  15.041  BLASTC comp=821 exkBps=0 cgap_us[min/avg/max]=1193/1218/2392
  15.041  BLAST phy=2/2 att=821 ok=821 enomem=0 err=0 call_us[min/avg/max]=1140/1206/2381 okgap_max_us=2392
  15.102  t=12s RTT mean=0 min=0 max=0 n=0 to=0 | cancels=0(+0/s) seqbad=0 len_bad=0 disc=0(0x00) | tot_n=0 tot_to=0 maxever=0 >2ms=0 >5ms=0 >15ms=0 >20ms=0 >30ms=0 | probes=0 wrfail=0 down=1s maxout=1s
  15.102  BLASTC comp=821 exkBps=0 cgap_us[min/avg/max]=1194/1217/2391
  15.102  BLAST phy=2/2 att=821 ok=821 enomem=0 err=0 call_us[min/avg/max]=1119/1205/2379 okgap_max_us=2391
  15.102  t=13s RTT mean=0 min=0 max=0 n=0 to=0 | cancels=0(+0/s) seqbad=0 len_bad=0 disc=0(0x00) | tot_n=0 tot_to=0 maxever=0 >2ms=0 >5ms=0 >15ms=0 >20ms=0 >30ms=0 | probes=0 wrfail=0 down=1s maxout=1s
  17.038  BLASTC comp=822 exkBps=0 cgap_us[min/avg/max]=1186/1217/2391
  17.038  BLAST phy=2/2 att=822 ok=822 enomem=0 err=0 call_us[min/avg/max]=1115/1205/2379 okgap_max_us=2391
  17.098  t=14s RTT mean=0 min=0 max=0 n=0 to=0 | cancels=0(+0/s) seqbad=0 len_bad=0 disc=0(0x00) | tot_n=0 tot_to=0 maxever=0 >2ms=0 >5ms=0 >15ms=0 >20ms=0 >30ms=0 | probes=0 wrfail=0 down=1s maxout=1s
  17.098  BLASTC comp=801 exkBps=0 cgap_us[min/avg/max]=1194/1248/25528
  17.098  BLAST phy=2/2 att=801 ok=801 enomem=0 err=0 call_us[min/avg/max]=1121/1237/25518 okgap_max_us=25529
  17.098  t=15s RTT mean=0 min=0 max=0 n=0 to=0 | cancels=0(+0/s) seqbad=0 len_bad=0 disc=0(0x00) | tot_n=0 tot_to=0 maxever=0 >2ms=0 >5ms=0 >15ms=0 >20ms=0 >30ms=0 | probes=0 wrfail=0 down=1s maxout=1s
  19.051  BLASTC comp=817 exkBps=0 cgap_us[min/avg/max]=1172/1223/9963
  19.051  BLAST phy=2/2 att=817 ok=817 enomem=0 err=0 call_us[min/avg/max]=1102/1211/9953 okgap_max_us=9964
  19.051  t=16s RTT mean=0 min=0 max=0 n=0 to=0 | cancels=0(+0/s) seqbad=0 len_bad=0 disc=0(0x00) | tot_n=0 tot_to=0 maxever=0 >2ms=0 >5ms=0 >15ms=0 >20ms=0 >30ms=0 | probes=0 wrfail=0 down=1s maxout=1s
  19.051  BLASTC comp=819 exkBps=0 cgap_us[min/avg/max]=1186/1221/2392
  19.105  BLAST phy=2/2 att=819 ok=819 enomem=0 err=0 call_us[min/avg/max]=1122/1210/2381 okgap_max_us=2392
  19.105  t=17s RTT mean=0 min=0 max=0 n=0 to=0 | cancels=0(+0/s) seqbad=0 len_bad=0 disc=0(0x00) | tot_n=0 tot_to=0 maxever=0 >2ms=0 >5ms=0 >15ms=0 >20ms=0 >30ms=0 | probes=0 wrfail=0 down=1s maxout=1s
  21.043  BLASTC comp=820 exkBps=0 cgap_us[min/avg/max]=1194/1219/6379
  21.043  BLAST phy=2/2 att=820 ok=820 enomem=0 err=0 call_us[min/avg/max]=1127/1208/6368 okgap_max_us=6379
  21.043  t=18s RTT mean=0 min=0 max=0 n=0 to=0 | cancels=0(+0/s) seqbad=0 len_bad=0 disc=0(0x00) | tot_n=0 tot_to=0 maxever=0 >2ms=0 >5ms=0 >15ms=0 >20ms=0 >30ms=0 | probes=0 wrfail=0 down=1s maxout=1s
  21.099  BLASTC comp=826 exkBps=0 cgap_us[min/avg/max]=1186/1209/1496
  21.099  BLAST phy=2/2 att=826 ok=826 enomem=0 err=0 call_us[min/avg/max]=1080/1198/1482 okgap_max_us=1493
  21.099  t=19s RTT mean=0 min=0 max=0 n=0 to=0 | cancels=0(+0/s) seqbad=0 len_bad=0 disc=0(0x00) | tot_n=0 tot_to=0 maxever=0 >2ms=0 >5ms=0 >15ms=0 >20ms=0 >30ms=0 | probes=0 wrfail=0 down=1s maxout=1s
  23.051  BLASTC comp=779 exkBps=0 cgap_us[min/avg/max]=1185/1284/36304
  23.051  BLAST phy=2/2 att=779 ok=779 enomem=0 err=0 call_us[min/avg/max]=1115/1273/36294 okgap_max_us=36305
  23.051  t=20s RTT mean=0 min=0 max=0 n=0 to=0 | cancels=0(+0/s) seqbad=0 len_bad=0 disc=0(0x00) | tot_n=0 tot_to=0 maxever=0 >2ms=0 >5ms=0 >15ms=0 >20ms=0 >30ms=0 | probes=0 wrfail=0 down=1s maxout=1s
  23.051  BLASTC comp=796 exkBps=0 cgap_us[min/avg/max]=1195/1256/32714
  23.111  BLAST phy=2/2 att=796 ok=796 enomem=0 err=0 call_us[min/avg/max]=1121/1245/32704 okgap_max_us=32715
  23.111  t=21s RTT mean=0 min=0 max=0 n=0 to=0 | cancels=0(+0/s) seqbad=0 len_bad=0 disc=0(0x00) | tot_n=0 tot_to=0 maxever=0 >2ms=0 >5ms=0 >15ms=0 >20ms=0 >30ms=0 | probes=0 wrfail=0 down=1s maxout=1s
  25.063  BLASTC comp=823 exkBps=0 cgap_us[min/avg/max]=1173/1214/2391
  25.063  BLAST phy=2/2 att=823 ok=823 enomem=0 err=0 call_us[min/avg/max]=1101/1202/2380 okgap_max_us=2391
  25.063  t=22s RTT mean=0 min=0 max=0 n=0 to=0 | cancels=0(+0/s) seqbad=0 len_bad=0 disc=0(0x00) | tot_n=0 tot_to=0 maxever=0 >2ms=0 >5ms=0 >15ms=0 >20ms=0 >30ms=0 | probes=0 wrfail=0 down=1s maxout=1s
  25.063  BLASTC comp=800 exkBps=0 cgap_us[min/avg/max]=1186/1250/31516
  25.063  BLAST phy=2/2 att=800 ok=800 enomem=0 err=0 call_us[min/avg/max]=1121/1239/31507 okgap_max_us=31518
  25.123  t=23s RTT mean=0 min=0 max=0 n=0 to=0 | cancels=0(+0/s) seqbad=0 len_bad=0 disc=0(0x00) | tot_n=0 tot_to=0 maxever=0 >2ms=0 >5ms=0 >15ms=0 >20ms=0 >30ms=0 | probes=0 wrfail=0 down=1s maxout=1s
  27.056  BLASTC comp=802 exkBps=0 cgap_us[min/avg/max]=1194/1247/27925
  27.056  BLAST phy=2/2 att=802 ok=802 enomem=0 err=0 call_us[min/avg/max]=1127/1235/27915 okgap_max_us=27926
  27.056  t=24s RTT mean=0 min=0 max=0 n=0 to=0 | cancels=0(+0/s) seqbad=0 len_bad=0 disc=0(0x00) | tot_n=0 tot_to=0 maxever=0 >2ms=0 >5ms=0 >15ms=0 >20ms=0 >30ms=0 | probes=0 wrfail=0 down=1s maxout=1s
  27.056  BLASTC comp=801 exkBps=0 cgap_us[min/avg/max]=1186/1247/27926
  27.117  BLAST phy=2/2 att=801 ok=801 enomem=0 err=0 call_us[min/avg/max]=1122/1236/27915 okgap_max_us=27927
  27.117  t=25s RTT mean=0 min=0 max=0 n=0 to=0 | cancels=0(+0/s) seqbad=0 len_bad=0 disc=0(0x00) | tot_n=0 tot_to=0 maxever=0 >2ms=0 >5ms=0 >15ms=0 >20ms=0 >30ms=0 | probes=0 wrfail=0 down=1s maxout=1s
  29.025  BLASTC comp=799 exkBps=0 cgap_us[min/avg/max]=1185/1252/31516
  29.025  BLAST phy=2/2 att=799 ok=799 enomem=0 err=0 call_us[min/avg/max]=1115/1240/31507 okgap_max_us=31518
  29.085  t=26s RTT mean=0 min=0 max=0 n=0 to=0 | cancels=0(+0/s) seqbad=0 len_bad=0 disc=0(0x00) | tot_n=0 tot_to=0 maxever=0 >2ms=0 >5ms=0 >15ms=0 >20ms=0 >30ms=0 | probes=0 wrfail=0 down=1s maxout=1s
  29.085  BLASTC comp=792 exkBps=0 cgap_us[min/avg/max]=1194/1262/38984
  29.085  BLAST phy=2/2 att=792 ok=792 enomem=0 err=0 call_us[min/avg/max]=1121/1251/38971 okgap_max_us=38982
  29.085  t=27s RTT mean=0 min=0 max=0 n=0 to=0 | cancels=0(+0/s) seqbad=0 len_bad=0 disc=0(0x00) | tot_n=0 tot_to=0 maxever=0 >2ms=0 >5ms=0 >15ms=0 >20ms=0 >30ms=0 | probes=0 wrfail=0 down=1s maxout=1s
