   1.689  *** Booting Zephyr OS build v4.4.2-16-gfee9fbc62095 ***
   1.689  [00:26:55.496,323] [0m<inf> bt_hci_core: HW Platform: Nordic Semiconductor (0x0002)[0m
   1.689  [00:26:55.496,336] [0m<inf> bt_hci_core: HW Variant: nRF54Lx (0x0005)[0m
   1.749  [00:26:55.496,348] [0m<inf> bt_hci_core: Firmware: Standard Bluetooth controller (0x00) Version 4.4 Build 2[0m
   1.749  [00:26:55.496,698] [0m<inf> bt_hci_core: HCI transport: Controller[0m
   1.749  [00:26:55.496,744] [0m<inf> bt_hci_core: Identity: FC:BE:FF:FA:E6:8B (random)[0m
   1.749  [00:26:55.496,760] [0m<inf> bt_hci_core: HCI: version 5.4 (0x0d) revision 0x0000, manufacturer 0x05f1[0m
   1.749  [00:26:55.496,775] [0m<inf> bt_hci_core: LMP: version 5.4 (0x0d) subver 0xffff[0m
   1.749  
   1.749  === nRF54L15 RTT ping-pong PERIPHERAL (echo) ===
   1.749  advertising
   2.967  GAP connected interval=7500
   2.967  PHY tx=2 rx=2
   2.967  CCC: notify ENABLED
   3.024  P t=1s rxkBps=7 blkkBps=0 pongs=31(+31/s) cancels=0(+0/s) notify=1 disc=0(0x00) | echo rx=0 tx=0 pend=0 stale=0
   4.696  P t=2s rxkBps=157 blkkBps=0 pongs=693(+662/s) cancels=0(+0/s) notify=1 disc=0(0x00) | echo rx=0 tx=0 pend=0 stale=0
   4.696  P t=3s rxkBps=157 blkkBps=0 pongs=1355(+662/s) cancels=0(+0/s) notify=1 disc=0(0x00) | echo rx=0 tx=0 pend=0 stale=0
   6.713  P t=4s rxkBps=160 blkkBps=0 pongs=2027(+672/s) cancels=0(+0/s) notify=1 disc=0(0x00) | echo rx=0 tx=0 pend=0 stale=0
   6.713  P t=5s rxkBps=188 blkkBps=0 pongs=2818(+791/s) cancels=0(+0/s) notify=1 disc=0(0x00) | echo rx=0 tx=0 pend=0 stale=0
   8.688  P t=6s rxkBps=188 blkkBps=0 pongs=3610(+792/s) cancels=0(+0/s) notify=1 disc=0(0x00) | echo rx=0 tx=0 pend=0 stale=0
   8.745  P t=7s rxkBps=186 blkkBps=0 pongs=4391(+781/s) cancels=0(+0/s) notify=1 disc=0(0x00) | echo rx=0 tx=0 pend=0 stale=0
  10.707  P t=8s rxkBps=190 blkkBps=0 pongs=5190(+799/s) cancels=0(+0/s) notify=1 disc=0(0x00) | echo rx=0 tx=0 pend=0 stale=0
  10.707  P t=9s rxkBps=190 blkkBps=0 pongs=5988(+798/s) cancels=0(+0/s) notify=1 disc=0(0x00) | echo rx=0 tx=0 pend=0 stale=0
  12.695  P t=10s rxkBps=189 blkkBps=0 pongs=6783(+795/s) cancels=0(+0/s) notify=1 disc=0(0x00) | echo rx=0 tx=0 pend=0 stale=0
  12.695  P t=11s rxkBps=189 blkkBps=0 pongs=7577(+794/s) cancels=0(+0/s) notify=1 disc=0(0x00) | echo rx=0 tx=0 pend=0 stale=0
  14.699  P t=12s rxkBps=190 blkkBps=0 pongs=8375(+798/s) cancels=0(+0/s) notify=1 disc=0(0x00) | echo rx=0 tx=0 pend=0 stale=0
  14.699  P t=13s rxkBps=188 blkkBps=0 pongs=9164(+789/s) cancels=0(+0/s) notify=1 disc=0(0x00) | echo rx=0 tx=0 pend=0 stale=0
  16.680  P t=14s rxkBps=190 blkkBps=0 pongs=9962(+798/s) cancels=0(+0/s) notify=1 disc=0(0x00) | echo rx=0 tx=0 pend=0 stale=0
  16.731  P t=15s rxkBps=190 blkkBps=0 pongs=10760(+798/s) cancels=0(+0/s) notify=1 disc=0(0x00) | echo rx=0 tx=0 pend=0 stale=0
  18.708  P t=16s rxkBps=188 blkkBps=0 pongs=11549(+789/s) cancels=0(+0/s) notify=1 disc=0(0x00) | echo rx=0 tx=0 pend=0 stale=0
  18.708  P t=17s rxkBps=189 blkkBps=0 pongs=12344(+795/s) cancels=0(+0/s) notify=1 disc=0(0x00) | echo rx=0 tx=0 pend=0 stale=0
  20.719  P t=18s rxkBps=189 blkkBps=0 pongs=13141(+797/s) cancels=0(+0/s) notify=1 disc=0(0x00) | echo rx=0 tx=0 pend=0 stale=0
  20.719  P t=19s rxkBps=190 blkkBps=0 pongs=13939(+798/s) cancels=0(+0/s) notify=1 disc=0(0x00) | echo rx=0 tx=0 pend=0 stale=0
  22.714  P t=20s rxkBps=189 blkkBps=0 pongs=14735(+796/s) cancels=0(+0/s) notify=1 disc=0(0x00) | echo rx=0 tx=0 pend=0 stale=0
  22.714  P t=21s rxkBps=189 blkkBps=0 pongs=15531(+796/s) cancels=0(+0/s) notify=1 disc=0(0x00) | echo rx=0 tx=0 pend=0 stale=0
  24.729  P t=22s rxkBps=189 blkkBps=0 pongs=16326(+795/s) cancels=0(+0/s) notify=1 disc=0(0x00) | echo rx=0 tx=0 pend=0 stale=0
  24.729  P t=23s rxkBps=189 blkkBps=0 pongs=17121(+795/s) cancels=0(+0/s) notify=1 disc=0(0x00) | echo rx=0 tx=0 pend=0 stale=0
  26.714  P t=24s rxkBps=190 blkkBps=0 pongs=17919(+798/s) cancels=0(+0/s) notify=1 disc=0(0x00) | echo rx=0 tx=0 pend=0 stale=0
  26.714  P t=25s rxkBps=187 blkkBps=0 pongs=18706(+787/s) cancels=0(+0/s) notify=1 disc=0(0x00) | echo rx=0 tx=0 pend=0 stale=0
  28.729  P t=26s rxkBps=189 blkkBps=0 pongs=19503(+797/s) cancels=0(+0/s) notify=1 disc=0(0x00) | echo rx=0 tx=0 pend=0 stale=0
  28.729  P t=27s rxkBps=187 blkkBps=0 pongs=20288(+785/s) cancels=0(+0/s) notify=1 disc=0(0x00) | echo rx=0 tx=0 pend=0 stale=0
