   1.671  *** Booting Zephyr OS build v4.4.2-16-gfee9fbc62095 ***
   1.732  [00:00:32.500,062] [0m<inf> bt_hci_core: HW Platform: Nordic Semiconductor (0x0002)[0m
   1.732  [00:00:32.500,075] [0m<inf> bt_hci_core: HW Variant: nRF54Lx (0x0005)[0m
   1.732  [00:00:32.500,087] [0m<inf> bt_hci_core: Firmware: Standard Bluetooth controller (0x00) Version 4.4 Build 2[0m
   1.732  [00:00:32.500,437] [0m<inf> bt_hci_core: HCI transport: Controller[0m
   1.732  [00:00:32.500,483] [0m<inf> bt_hci_core: Identity: FC:BE:FF:FA:E6:8B (random)[0m
   1.732  [00:00:32.500,499] [0m<inf> bt_hci_core: HCI: version 5.4 (0x0d) revision 0x0000, manufacturer 0x05f1[0m
   1.732  [00:00:32.500,514] [0m<inf> bt_hci_core: LMP: version 5.4 (0x0d) subver 0xffff[0m
   1.732  
   1.732  === nRF54L15 RTT ping-pong PERIPHERAL (echo) ===
   1.732  advertising
   3.015  GAP connected interval=7500
   3.015  PHY tx=2 rx=2
   3.015  CCC: notify ENABLED
   3.015  P t=1s rxkBps=5 blkkBps=0 pongs=24(+24/s) cancels=0(+0/s) notify=1 disc=0(0x00) | echo rx=0 tx=0 pend=0 stale=0
   4.680  P t=2s rxkBps=158 blkkBps=0 pongs=689(+665/s) cancels=0(+0/s) notify=1 disc=0(0x00) | echo rx=0 tx=0 pend=0 stale=0
   4.741  P t=3s rxkBps=157 blkkBps=0 pongs=1352(+663/s) cancels=0(+0/s) notify=1 disc=0(0x00) | echo rx=0 tx=0 pend=0 stale=0
   6.695  P t=4s rxkBps=160 blkkBps=0 pongs=2026(+674/s) cancels=0(+0/s) notify=1 disc=0(0x00) | echo rx=0 tx=0 pend=0 stale=0
   6.695  P t=5s rxkBps=189 blkkBps=0 pongs=2822(+796/s) cancels=0(+0/s) notify=1 disc=0(0x00) | echo rx=0 tx=0 pend=0 stale=0
   8.714  P t=6s rxkBps=189 blkkBps=0 pongs=3618(+796/s) cancels=0(+0/s) notify=1 disc=0(0x00) | echo rx=0 tx=0 pend=0 stale=0
   8.714  P t=7s rxkBps=189 blkkBps=0 pongs=4413(+795/s) cancels=0(+0/s) notify=1 disc=0(0x00) | echo rx=0 tx=0 pend=0 stale=0
  10.704  P t=8s rxkBps=189 blkkBps=0 pongs=5210(+797/s) cancels=0(+0/s) notify=1 disc=0(0x00) | echo rx=0 tx=0 pend=0 stale=0
  10.704  P t=9s rxkBps=188 blkkBps=0 pongs=6003(+793/s) cancels=0(+0/s) notify=1 disc=0(0x00) | echo rx=0 tx=0 pend=0 stale=0
  12.691  P t=10s rxkBps=189 blkkBps=0 pongs=6799(+796/s) cancels=0(+0/s) notify=1 disc=0(0x00) | echo rx=0 tx=0 pend=0 stale=0
  12.691  P t=11s rxkBps=190 blkkBps=0 pongs=7598(+799/s) cancels=0(+0/s) notify=1 disc=0(0x00) | echo rx=0 tx=0 pend=0 stale=0
  14.705  P t=12s rxkBps=190 blkkBps=0 pongs=8396(+798/s) cancels=0(+0/s) notify=1 disc=0(0x00) | echo rx=0 tx=0 pend=0 stale=0
  14.705  P t=13s rxkBps=188 blkkBps=0 pongs=9186(+790/s) cancels=0(+0/s) notify=1 disc=0(0x00) | echo rx=0 tx=0 pend=0 stale=0
  16.731  P t=14s rxkBps=189 blkkBps=0 pongs=9981(+795/s) cancels=0(+0/s) notify=1 disc=0(0x00) | echo rx=0 tx=0 pend=0 stale=0
  16.731  P t=15s rxkBps=190 blkkBps=0 pongs=10779(+798/s) cancels=0(+0/s) notify=1 disc=0(0x00) | echo rx=0 tx=0 pend=0 stale=0
  18.683  P t=16s rxkBps=189 blkkBps=0 pongs=11576(+797/s) cancels=0(+0/s) notify=1 disc=0(0x00) | echo rx=0 tx=0 pend=0 stale=0
  18.738  P t=17s rxkBps=188 blkkBps=0 pongs=12366(+790/s) cancels=0(+0/s) notify=1 disc=0(0x00) | echo rx=0 tx=0 pend=0 stale=0
  20.695  P t=18s rxkBps=189 blkkBps=0 pongs=13163(+797/s) cancels=0(+0/s) notify=1 disc=0(0x00) | echo rx=0 tx=0 pend=0 stale=0
  20.695  P t=19s rxkBps=189 blkkBps=0 pongs=13960(+797/s) cancels=0(+0/s) notify=1 disc=0(0x00) | echo rx=0 tx=0 pend=0 stale=0
  22.700  P t=20s rxkBps=188 blkkBps=0 pongs=14752(+792/s) cancels=0(+0/s) notify=1 disc=0(0x00) | echo rx=0 tx=0 pend=0 stale=0
  22.700  P t=21s rxkBps=189 blkkBps=0 pongs=15548(+796/s) cancels=0(+0/s) notify=1 disc=0(0x00) | echo rx=0 tx=0 pend=0 stale=0
  24.697  P t=22s rxkBps=189 blkkBps=0 pongs=16342(+794/s) cancels=0(+0/s) notify=1 disc=0(0x00) | echo rx=0 tx=0 pend=0 stale=0
  24.697  P t=23s rxkBps=188 blkkBps=0 pongs=17135(+793/s) cancels=0(+0/s) notify=1 disc=0(0x00) | echo rx=0 tx=0 pend=0 stale=0
  26.722  P t=24s rxkBps=189 blkkBps=0 pongs=17931(+796/s) cancels=0(+0/s) notify=1 disc=0(0x00) | echo rx=0 tx=0 pend=0 stale=0
  26.722  P t=25s rxkBps=190 blkkBps=0 pongs=18730(+799/s) cancels=0(+0/s) notify=1 disc=0(0x00) | echo rx=0 tx=0 pend=0 stale=0
  28.716  P t=26s rxkBps=190 blkkBps=0 pongs=19530(+800/s) cancels=0(+0/s) notify=1 disc=0(0x00) | echo rx=0 tx=0 pend=0 stale=0
  28.717  P t=27s rxkBps=189 blkkBps=0 pongs=20327(+797/s) cancels=0(+0/s) notify=1 disc=0(0x00) | echo rx=0 tx=0 pend=0 stale=0
