   1.715  *** Booting Zephyr OS build v4.4.2-16-gfee9fbc62095 ***
   1.715  [00:25:15.053,208] [0m<inf> bt_hci_core: HW Platform: Nordic Semiconductor (0x0002)[0m
   1.715  [00:25:15.053,221] [0m<inf> bt_hci_core: HW Variant: nRF54Lx (0x0005)[0m
   1.715  [00:25:15.053,232] [0m<inf> bt_hci_core: Firmware: Standard Bluetooth controller (0x00) Version 4.4 Build 2[0m
   1.715  [00:25:15.053,583] [0m<inf> bt_hci_core: HCI transport: Controller[0m
   1.715  [00:25:15.053,629] [0m<inf> bt_hci_core: Identity: FC:BE:FF:FA:E6:8B (random)[0m
   1.715  [00:25:15.053,645] [0m<inf> bt_hci_core: HCI: version 5.4 (0x0d) revision 0x0000, manufacturer 0x05f1[0m
   1.772  [00:25:15.053,660] [0m<inf> bt_hci_core: LMP: version 5.4 (0x0d) subver 0xffff[0m
   1.772  
   1.772  === nRF54L15 RTT ping-pong PERIPHERAL (echo) ===
   1.772  advertising
   2.969  GAP connected interval=15000
   2.969  PHY tx=2 rx=2
   2.969  P t=1s rxkBps=0 blkkBps=0 pongs=0(+0/s) cancels=0(+0/s) notify=0 disc=0(0x00) | echo rx=0 tx=0 pend=0 stale=0
   2.969  CCC: notify ENABLED
   4.694  P t=2s rxkBps=143 blkkBps=0 pongs=601(+601/s) cancels=0(+0/s) notify=1 disc=0(0x00) | echo rx=0 tx=0 pend=0 stale=0
   4.694  P t=3s rxkBps=156 blkkBps=0 pongs=1258(+657/s) cancels=0(+0/s) notify=1 disc=0(0x00) | echo rx=0 tx=0 pend=0 stale=0
   6.732  P t=4s rxkBps=156 blkkBps=0 pongs=1913(+655/s) cancels=0(+0/s) notify=1 disc=0(0x00) | echo rx=0 tx=0 pend=0 stale=0
   6.732  P t=5s rxkBps=158 blkkBps=0 pongs=2577(+664/s) cancels=0(+0/s) notify=1 disc=0(0x00) | echo rx=0 tx=0 pend=0 stale=0
   8.690  P t=6s rxkBps=158 blkkBps=0 pongs=3241(+664/s) cancels=0(+0/s) notify=1 disc=0(0x00) | echo rx=0 tx=0 pend=0 stale=0
   8.690  P t=7s rxkBps=157 blkkBps=0 pongs=3902(+661/s) cancels=0(+0/s) notify=1 disc=0(0x00) | echo rx=0 tx=0 pend=0 stale=0
  10.700  P t=8s rxkBps=157 blkkBps=0 pongs=4563(+661/s) cancels=0(+0/s) notify=1 disc=0(0x00) | echo rx=0 tx=0 pend=0 stale=0
  10.700  P t=9s rxkBps=158 blkkBps=0 pongs=5228(+665/s) cancels=0(+0/s) notify=1 disc=0(0x00) | echo rx=0 tx=0 pend=0 stale=0
  12.687  P t=10s rxkBps=158 blkkBps=0 pongs=5893(+665/s) cancels=0(+0/s) notify=1 disc=0(0x00) | echo rx=0 tx=0 pend=0 stale=0
  12.687  P t=11s rxkBps=158 blkkBps=0 pongs=6559(+666/s) cancels=0(+0/s) notify=1 disc=0(0x00) | echo rx=0 tx=0 pend=0 stale=0
  14.700  P t=12s rxkBps=158 blkkBps=0 pongs=7225(+666/s) cancels=0(+0/s) notify=1 disc=0(0x00) | echo rx=0 tx=0 pend=0 stale=0
  14.700  P t=13s rxkBps=158 blkkBps=0 pongs=7890(+665/s) cancels=0(+0/s) notify=1 disc=0(0x00) | echo rx=0 tx=0 pend=0 stale=0
  16.733  P t=14s rxkBps=158 blkkBps=0 pongs=8554(+664/s) cancels=0(+0/s) notify=1 disc=0(0x00) | echo rx=0 tx=0 pend=0 stale=0
  16.733  P t=15s rxkBps=158 blkkBps=0 pongs=9219(+665/s) cancels=0(+0/s) notify=1 disc=0(0x00) | echo rx=0 tx=0 pend=0 stale=0
  18.722  P t=16s rxkBps=158 blkkBps=0 pongs=9885(+666/s) cancels=0(+0/s) notify=1 disc=0(0x00) | echo rx=0 tx=0 pend=0 stale=0
  18.722  P t=17s rxkBps=158 blkkBps=0 pongs=10552(+667/s) cancels=0(+0/s) notify=1 disc=0(0x00) | echo rx=0 tx=0 pend=0 stale=0
  20.692  P t=18s rxkBps=158 blkkBps=0 pongs=11219(+667/s) cancels=0(+0/s) notify=1 disc=0(0x00) | echo rx=0 tx=0 pend=0 stale=0
  20.692  P t=19s rxkBps=157 blkkBps=0 pongs=11880(+661/s) cancels=0(+0/s) notify=1 disc=0(0x00) | echo rx=0 tx=0 pend=0 stale=0
  22.731  P t=20s rxkBps=158 blkkBps=0 pongs=12547(+667/s) cancels=0(+0/s) notify=1 disc=0(0x00) | echo rx=0 tx=0 pend=0 stale=0
  22.731  P t=21s rxkBps=157 blkkBps=0 pongs=13206(+659/s) cancels=0(+0/s) notify=1 disc=0(0x00) | echo rx=0 tx=0 pend=0 stale=0
  24.689  P t=22s rxkBps=157 blkkBps=0 pongs=13865(+659/s) cancels=0(+0/s) notify=1 disc=0(0x00) | echo rx=0 tx=0 pend=0 stale=0
  24.689  P t=23s rxkBps=158 blkkBps=0 pongs=14532(+667/s) cancels=0(+0/s) notify=1 disc=0(0x00) | echo rx=0 tx=0 pend=0 stale=0
  26.735  P t=24s rxkBps=158 blkkBps=0 pongs=15198(+666/s) cancels=0(+0/s) notify=1 disc=0(0x00) | echo rx=0 tx=0 pend=0 stale=0
  26.735  P t=25s rxkBps=157 blkkBps=0 pongs=15858(+660/s) cancels=0(+0/s) notify=1 disc=0(0x00) | echo rx=0 tx=0 pend=0 stale=0
  28.698  P t=26s rxkBps=158 blkkBps=0 pongs=16524(+666/s) cancels=0(+0/s) notify=1 disc=0(0x00) | echo rx=0 tx=0 pend=0 stale=0
  28.698  P t=27s rxkBps=157 blkkBps=0 pongs=17187(+663/s) cancels=0(+0/s) notify=1 disc=0(0x00) | echo rx=0 tx=0 pend=0 stale=0
