   1.940  *** Booting Zephyr OS build v4.4.2-16-gfee9fbc62095 ***
   1.940  [00:25:12.611,495] [0m<inf> bt_hci_core: HW Platform: Nordic Semiconductor (0x0002)[0m
   1.940  [00:25:12.611,507] [0m<inf> bt_hci_core: HW Variant: nRF54Lx (0x0005)[0m
   1.940  [00:25:12.611,519] [0m<inf> bt_hci_core: Firmware: Standard Bluetooth controller (0x00) Version 4.4 Build 2[0m
   1.940  [00:25:12.611,878] [0m<inf> bt_hci_core: HCI transport: Controller[0m
   1.996  [00:25:12.611,926] [0m<inf> bt_hci_core: Identity: D6:C7:60:B1:D3:0E (random)[0m
   1.996  [00:25:12.611,942] [0m<inf> bt_hci_core: HCI: version 5.4 (0x0d) revision 0x0000, manufacturer 0x05f1[0m
   1.996  [00:25:12.611,957] [0m<inf> bt_hci_core: LMP: version 5.4 (0x0d) subver 0xffff[0m
   1.996  
   1.996  === nRF54L15 RTT ping-pong CENTRAL ===
   1.996  scan rc=0
   1.996  Q2CONN AA=c9ce93f2 CRCINIT=936d5f hop=11 chan_count=37 map=ffffffff1f
   1.996  GAP connected interval=15000
   1.996  MTU err=0 mtu=247
   2.744  PHY tx=2 rx=2
   2.744  discovery start (post-PHY +500ms) interval=15000 phy2m=1
   2.744  SUBSCRIBED, vh=14
   2.744  BLAST: phy_update->2M rc=0
   2.744  BLAST first16_call_us: 126 119 119 121 121 121 120 121 121 114 54 53 54 53 53 53
   3.771  PHY tx=2 rx=2
   3.771  BLASTC comp=106 exkBps=0 cgap_us[min/avg/max]=130/1885/53448
   3.771  BLAST phy=2/2 att=116 ok=116 enomem=0 err=0 call_us[min/avg/max]=53/1696/52730 okgap_max_us=52741
   3.825  t=1s RTT mean=0 min=0 max=0 n=0 to=0 | cancels=0(+0/s) seqbad=0 len_bad=0 disc=0(0x00) | tot_n=0 tot_to=0 maxever=0 >2ms=0 >5ms=0 >15ms=0 >20ms=0 >30ms=0 | probes=0 wrfail=0 down=0s maxout=0s
   4.926  t=2s RTT mean=0 min=0 max=0 n=0 to=0 | cancels=0(+0/s) seqbad=0 len_bad=0 disc=0(0x00) | tot_n=0 tot_to=0 maxever=0 >2ms=0 >5ms=0 >15ms=0 >20ms=0 >30ms=0 | probes=0 wrfail=0 down=0s maxout=0s
   4.926  BLASTC comp=663 exkBps=0 cgap_us[min/avg/max]=1384/1509/3856
   4.986  BLAST phy=2/2 att=663 ok=663 enomem=0 err=0 call_us[min/avg/max]=1331/1498/3846 okgap_max_us=3858
   4.986  t=3s RTT mean=0 min=0 max=0 n=0 to=0 | cancels=0(+0/s) seqbad=0 len_bad=0 disc=0(0x00) | tot_n=0 tot_to=0 maxever=0 >2ms=0 >5ms=0 >15ms=0 >20ms=0 >30ms=0 | probes=0 wrfail=0 down=0s maxout=0s
   4.986  BLASTC comp=648 exkBps=0 cgap_us[min/avg/max]=1391/1544/17463
   4.986  BLAST phy=2/2 att=648 ok=648 enomem=0 err=0 call_us[min/avg/max]=1249/1533/17451 okgap_max_us=17462
   6.731  FSU: request [150..150] us (ACL both dirs, 1M+2M) rc=0
   6.732  BLASTC comp=661 exkBps=0 cgap_us[min/avg/max]=1390/1510/3856
   6.732  BLAST phy=2/2 att=661 ok=661 enomem=0 err=0 call_us[min/avg/max]=1321/1499/3846 okgap_max_us=3857
   6.732  t=4s RTT mean=0 min=0 max=0 n=0 to=0 | cancels=0(+0/s) seqbad=0 len_bad=0 disc=0(0x00) | tot_n=0 tot_to=0 maxever=0 >2ms=0 >5ms=0 >15ms=0 >20ms=0 >30ms=0 | probes=0 wrfail=0 down=0s maxout=0s
   7.944  BLASTC comp=666 exkBps=0 cgap_us[min/avg/max]=1385/1502/3856
   7.944  BLAST phy=2/2 att=666 ok=666 enomem=0 err=0 call_us[min/avg/max]=1332/1491/3844 okgap_max_us=3855
   7.944  t=5s RTT mean=0 min=0 max=0 n=0 to=0 | cancels=0(+0/s) seqbad=0 len_bad=0 disc=0(0x00) | tot_n=0 tot_to=0 maxever=0 >2ms=0 >5ms=0 >15ms=0 >20ms=0 >30ms=0 | probes=0 wrfail=0 down=0s maxout=0s
   8.004  t=6s RTT mean=0 min=0 max=0 n=0 to=0 | cancels=0(+0/s) seqbad=0 len_bad=0 disc=0(0x00) | tot_n=0 tot_to=0 maxever=0 >2ms=0 >5ms=0 >15ms=0 >20ms=0 >30ms=0 | probes=0 wrfail=0 down=0s maxout=0s
   8.004  BLASTC comp=665 exkBps=0 cgap_us[min/avg/max]=1391/1504/2782
   8.004  BLAST phy=2/2 att=665 ok=665 enomem=0 err=0 call_us[min/avg/max]=1325/1493/2771 okgap_max_us=2782
   9.952  BLASTC comp=657 exkBps=0 cgap_us[min/avg/max]=1391/1519/3863
   9.952  BLAST phy=2/2 att=657 ok=657 enomem=0 err=0 call_us[min/avg/max]=1286/1508/3852 okgap_max_us=3863
   9.952  t=7s RTT mean=0 min=0 max=0 n=0 to=0 | cancels=0(+0/s) seqbad=0 len_bad=0 disc=0(0x00) | tot_n=0 tot_to=0 maxever=0 >2ms=0 >5ms=0 >15ms=0 >20ms=0 >30ms=0 | probes=0 wrfail=0 down=0s maxout=0s
   9.952  BLASTC comp=664 exkBps=0 cgap_us[min/avg/max]=1382/1507/3859
   9.952  BLAST phy=2/2 att=664 ok=664 enomem=0 err=0 call_us[min/avg/max]=1318/1495/3849 okgap_max_us=3860
  10.012  t=8s RTT mean=0 min=0 max=0 n=0 to=0 | cancels=0(+0/s) seqbad=0 len_bad=0 disc=0(0x00) | tot_n=0 tot_to=0 maxever=0 >2ms=0 >5ms=0 >15ms=0 >20ms=0 >30ms=0 | probes=0 wrfail=0 down=0s maxout=0s
  11.919  BLASTC comp=666 exkBps=0 cgap_us[min/avg/max]=1390/1502/2783
  11.919  BLAST phy=2/2 att=666 ok=666 enomem=0 err=0 call_us[min/avg/max]=1336/1491/2771 okgap_max_us=2782
  11.979  t=9s RTT mean=0 min=0 max=0 n=0 to=0 | cancels=0(+0/s) seqbad=0 len_bad=0 disc=0(0x00) | tot_n=0 tot_to=0 maxever=0 >2ms=0 >5ms=0 >15ms=0 >20ms=0 >30ms=0 | probes=0 wrfail=0 down=0s maxout=0s
  11.979  BLASTC comp=664 exkBps=0 cgap_us[min/avg/max]=1389/1503/2782
  11.979  BLAST phy=2/2 att=664 ok=664 enomem=0 err=0 call_us[min/avg/max]=1322/1492/2771 okgap_max_us=2782
  11.979  t=10s RTT mean=0 min=0 max=0 n=0 to=0 | cancels=0(+0/s) seqbad=0 len_bad=0 disc=0(0x00) | tot_n=0 tot_to=0 maxever=0 >2ms=0 >5ms=0 >15ms=0 >20ms=0 >30ms=0 | probes=0 wrfail=0 down=0s maxout=0s
  13.946  BLASTC comp=666 exkBps=0 cgap_us[min/avg/max]=1386/1502/2783
  13.946  BLAST phy=2/2 att=666 ok=666 enomem=0 err=0 call_us[min/avg/max]=1323/1491/2771 okgap_max_us=2782
  13.946  t=11s RTT mean=0 min=0 max=0 n=0 to=0 | cancels=0(+0/s) seqbad=0 len_bad=0 disc=0(0x00) | tot_n=0 tot_to=0 maxever=0 >2ms=0 >5ms=0 >15ms=0 >20ms=0 >30ms=0 | probes=0 wrfail=0 down=0s maxout=0s
  13.946  BLASTC comp=667 exkBps=0 cgap_us[min/avg/max]=1390/1500/2471
  14.006  BLAST phy=2/2 att=667 ok=667 enomem=0 err=0 call_us[min/avg/max]=1318/1489/2460 okgap_max_us=2471
  14.006  t=12s RTT mean=0 min=0 max=0 n=0 to=0 | cancels=0(+0/s) seqbad=0 len_bad=0 disc=0(0x00) | tot_n=0 tot_to=0 maxever=0 >2ms=0 >5ms=0 >15ms=0 >20ms=0 >30ms=0 | probes=0 wrfail=0 down=0s maxout=0s
  15.965  BLASTC comp=662 exkBps=0 cgap_us[min/avg/max]=1391/1508/2782
  15.965  BLAST phy=2/2 att=662 ok=662 enomem=0 err=0 call_us[min/avg/max]=1333/1496/2771 okgap_max_us=2782
  15.965  t=13s RTT mean=0 min=0 max=0 n=0 to=0 | cancels=0(+0/s) seqbad=0 len_bad=0 disc=0(0x00) | tot_n=0 tot_to=0 maxever=0 >2ms=0 >5ms=0 >15ms=0 >20ms=0 >30ms=0 | probes=0 wrfail=0 down=0s maxout=0s
  15.965  BLASTC comp=666 exkBps=0 cgap_us[min/avg/max]=1381/1502/2782
  15.965  BLAST phy=2/2 att=666 ok=666 enomem=0 err=0 call_us[min/avg/max]=1278/1491/2771 okgap_max_us=2782
  16.023  t=14s RTT mean=0 min=0 max=0 n=0 to=0 | cancels=0(+0/s) seqbad=0 len_bad=0 disc=0(0x00) | tot_n=0 tot_to=0 maxever=0 >2ms=0 >5ms=0 >15ms=0 >20ms=0 >30ms=0 | probes=0 wrfail=0 down=0s maxout=0s
  17.928  BLASTC comp=665 exkBps=0 cgap_us[min/avg/max]=1391/1505/2782
  17.928  BLAST phy=2/2 att=665 ok=665 enomem=0 err=0 call_us[min/avg/max]=1322/1493/2771 okgap_max_us=2783
  17.988  t=15s RTT mean=0 min=0 max=0 n=0 to=0 | cancels=0(+0/s) seqbad=0 len_bad=0 disc=0(0x00) | tot_n=0 tot_to=0 maxever=0 >2ms=0 >5ms=0 >15ms=0 >20ms=0 >30ms=0 | probes=0 wrfail=0 down=0s maxout=0s
  17.988  BLASTC comp=666 exkBps=0 cgap_us[min/avg/max]=1391/1499/2466
  17.988  BLAST phy=2/2 att=666 ok=666 enomem=0 err=0 call_us[min/avg/max]=1325/1487/2455 okgap_max_us=2528
  17.988  t=16s RTT mean=0 min=0 max=0 n=0 to=0 | cancels=0(+0/s) seqbad=0 len_bad=0 disc=0(0x00) | tot_n=0 tot_to=0 maxever=0 >2ms=0 >5ms=0 >15ms=0 >20ms=0 >30ms=0 | probes=0 wrfail=0 down=0s maxout=0s
  19.964  BLASTC comp=667 exkBps=0 cgap_us[min/avg/max]=1381/1500/2471
  19.964  BLAST phy=2/2 att=667 ok=667 enomem=0 err=0 call_us[min/avg/max]=1323/1489/2460 okgap_max_us=2471
  19.964  t=17s RTT mean=0 min=0 max=0 n=0 to=0 | cancels=0(+0/s) seqbad=0 len_bad=0 disc=0(0x00) | tot_n=0 tot_to=0 maxever=0 >2ms=0 >5ms=0 >15ms=0 >20ms=0 >30ms=0 | probes=0 wrfail=0 down=0s maxout=0s
  19.964  BLASTC comp=666 exkBps=0 cgap_us[min/avg/max]=1383/1502/2783
  19.964  BLAST phy=2/2 att=666 ok=666 enomem=0 err=0 call_us[min/avg/max]=1277/1491/2771 okgap_max_us=2782
  20.025  t=18s RTT mean=0 min=0 max=0 n=0 to=0 | cancels=0(+0/s) seqbad=0 len_bad=0 disc=0(0x00) | tot_n=0 tot_to=0 maxever=0 >2ms=0 >5ms=0 >15ms=0 >20ms=0 >30ms=0 | probes=0 wrfail=0 down=0s maxout=0s
  21.935  BLASTC comp=661 exkBps=0 cgap_us[min/avg/max]=1390/1510/2783
  21.936  BLAST phy=2/2 att=661 ok=661 enomem=0 err=0 call_us[min/avg/max]=1322/1499/2772 okgap_max_us=2783
  21.936  t=19s RTT mean=0 min=0 max=0 n=0 to=0 | cancels=0(+0/s) seqbad=0 len_bad=0 disc=0(0x00) | tot_n=0 tot_to=0 maxever=0 >2ms=0 >5ms=0 >15ms=0 >20ms=0 >30ms=0 | probes=0 wrfail=0 down=0s maxout=0s
  21.994  BLASTC comp=667 exkBps=0 cgap_us[min/avg/max]=1382/1500/2469
  21.994  BLAST phy=2/2 att=667 ok=667 enomem=0 err=0 call_us[min/avg/max]=1317/1489/2458 okgap_max_us=2469
  21.994  t=20s RTT mean=0 min=0 max=0 n=0 to=0 | cancels=0(+0/s) seqbad=0 len_bad=0 disc=0(0x00) | tot_n=0 tot_to=0 maxever=0 >2ms=0 >5ms=0 >15ms=0 >20ms=0 >30ms=0 | probes=0 wrfail=0 down=0s maxout=0s
  23.909  BLASTC comp=658 exkBps=0 cgap_us[min/avg/max]=1391/1521/12216
  23.969  BLAST phy=2/2 att=658 ok=658 enomem=0 err=0 call_us[min/avg/max]=1323/1509/12205 okgap_max_us=12216
  23.969  t=21s RTT mean=0 min=0 max=0 n=0 to=0 | cancels=0(+0/s) seqbad=0 len_bad=0 disc=0(0x00) | tot_n=0 tot_to=0 maxever=0 >2ms=0 >5ms=0 >15ms=0 >20ms=0 >30ms=0 | probes=0 wrfail=0 down=0s maxout=0s
  23.969  BLASTC comp=660 exkBps=0 cgap_us[min/avg/max]=1385/1512/9430
  23.969  BLAST phy=2/2 att=660 ok=660 enomem=0 err=0 call_us[min/avg/max]=1315/1501/9419 okgap_max_us=9430
  24.029  t=22s RTT mean=0 min=0 max=0 n=0 to=0 | cancels=0(+0/s) seqbad=0 len_bad=0 disc=0(0x00) | tot_n=0 tot_to=0 maxever=0 >2ms=0 >5ms=0 >15ms=0 >20ms=0 >30ms=0 | probes=0 wrfail=0 down=0s maxout=0s
  25.962  BLASTC comp=667 exkBps=0 cgap_us[min/avg/max]=1381/1500/2470
  25.962  BLAST phy=2/2 att=667 ok=667 enomem=0 err=0 call_us[min/avg/max]=1323/1489/2461 okgap_max_us=2472
  25.962  t=23s RTT mean=0 min=0 max=0 n=0 to=0 | cancels=0(+0/s) seqbad=0 len_bad=0 disc=0(0x00) | tot_n=0 tot_to=0 maxever=0 >2ms=0 >5ms=0 >15ms=0 >20ms=0 >30ms=0 | probes=0 wrfail=0 down=0s maxout=0s
  25.962  BLASTC comp=667 exkBps=0 cgap_us[min/avg/max]=1388/1500/2469
  25.962  BLAST phy=2/2 att=667 ok=667 enomem=0 err=0 call_us[min/avg/max]=1317/1489/2458 okgap_max_us=2469
  26.023  t=24s RTT mean=0 min=0 max=0 n=0 to=0 | cancels=0(+0/s) seqbad=0 len_bad=0 disc=0(0x00) | tot_n=0 tot_to=0 maxever=0 >2ms=0 >5ms=0 >15ms=0 >20ms=0 >30ms=0 | probes=0 wrfail=0 down=0s maxout=0s
  27.955  BLASTC comp=659 exkBps=0 cgap_us[min/avg/max]=1389/1514/9430
  27.955  BLAST phy=2/2 att=659 ok=659 enomem=0 err=0 call_us[min/avg/max]=1320/1503/9419 okgap_max_us=9430
  27.955  t=25s RTT mean=0 min=0 max=0 n=0 to=0 | cancels=0(+0/s) seqbad=0 len_bad=0 disc=0(0x00) | tot_n=0 tot_to=0 maxever=0 >2ms=0 >5ms=0 >15ms=0 >20ms=0 >30ms=0 | probes=0 wrfail=0 down=0s maxout=0s
  27.955  BLASTC comp=665 exkBps=0 cgap_us[min/avg/max]=1382/1504/2783
  27.955  BLAST phy=2/2 att=665 ok=665 enomem=0 err=0 call_us[min/avg/max]=1318/1493/2771 okgap_max_us=2783
  28.015  t=26s RTT mean=0 min=0 max=0 n=0 to=0 | cancels=0(+0/s) seqbad=0 len_bad=0 disc=0(0x00) | tot_n=0 tot_to=0 maxever=0 >2ms=0 >5ms=0 >15ms=0 >20ms=0 >30ms=0 | probes=0 wrfail=0 down=0s maxout=0s
  29.908  BLASTC comp=664 exkBps=0 cgap_us[min/avg/max]=1391/1507/2783
  29.969  BLAST phy=2/2 att=664 ok=664 enomem=0 err=0 call_us[min/avg/max]=1323/1495/2772 okgap_max_us=2783
  29.969  t=27s RTT mean=0 min=0 max=0 n=0 to=0 | cancels=0(+0/s) seqbad=0 len_bad=0 disc=0(0x00) | tot_n=0 tot_to=0 maxever=0 >2ms=0 >5ms=0 >15ms=0 >20ms=0 >30ms=0 | probes=0 wrfail=0 down=0s maxout=0s
  29.969  BLASTC comp=662 exkBps=0 cgap_us[min/avg/max]=1390/1508/2783
  29.969  BLAST phy=2/2 att=662 ok=662 enomem=0 err=0 call_us[min/avg/max]=1316/1496/2772 okgap_max_us=2783
