   1.704  *** Booting Zephyr OS build v4.4.2-16-gfee9fbc62095 ***
   1.704  [00:30:16.701,646] [0m<inf> bt_hci_core: HW Platform: Nordic Semiconductor (0x0002)[0m
   1.704  [00:30:16.701,659] [0m<inf> bt_hci_core: HW Variant: nRF54Lx (0x0005)[0m
   1.765  [00:30:16.701,671] [0m<inf> bt_hci_core: Firmware: Standard Bluetooth controller (0x00) Version 4.4 Build 2[0m
   1.765  [00:30:16.702,022] [0m<inf> bt_hci_core: HCI transport: Controller[0m
   1.765  [00:30:16.702,067] [0m<inf> bt_hci_core: Identity: FC:BE:FF:FA:E6:8B (random)[0m
   1.765  [00:30:16.702,083] [0m<inf> bt_hci_core: HCI: version 5.4 (0x0d) revision 0x0000, manufacturer 0x05f1[0m
   1.765  [00:30:16.702,098] [0m<inf> bt_hci_core: LMP: version 5.4 (0x0d) subver 0xffff[0m
   1.765  
   1.765  === nRF54L15 RTT ping-pong PERIPHERAL (echo) ===
   1.765  advertising
   3.072  GAP connected interval=25000
   3.072  PHY tx=2 rx=2
   3.131  P t=1s rxkBps=0 blkkBps=0 pongs=0(+0/s) cancels=0(+0/s) notify=0 disc=0(0x00) | echo rx=0 tx=0 pend=0 stale=0
   3.131  CCC: notify ENABLED
   4.702  P t=2s rxkBps=91 blkkBps=0 pongs=385(+385/s) cancels=0(+0/s) notify=1 disc=0(0x00) | echo rx=0 tx=0 pend=0 stale=0
   4.702  P t=3s rxkBps=156 blkkBps=0 pongs=1043(+658/s) cancels=0(+0/s) notify=1 disc=0(0x00) | echo rx=0 tx=0 pend=0 stale=0
   6.725  P t=4s rxkBps=154 blkkBps=0 pongs=1691(+648/s) cancels=0(+0/s) notify=1 disc=0(0x00) | echo rx=0 tx=0 pend=0 stale=0
   6.725  P t=5s rxkBps=161 blkkBps=0 pongs=2369(+678/s) cancels=0(+0/s) notify=1 disc=0(0x00) | echo rx=0 tx=0 pend=0 stale=0
   8.711  P t=6s rxkBps=161 blkkBps=0 pongs=3046(+677/s) cancels=0(+0/s) notify=1 disc=0(0x00) | echo rx=0 tx=0 pend=0 stale=0
   8.711  P t=7s rxkBps=161 blkkBps=0 pongs=3723(+677/s) cancels=0(+0/s) notify=1 disc=0(0x00) | echo rx=0 tx=0 pend=0 stale=0
  10.735  P t=8s rxkBps=158 blkkBps=0 pongs=4389(+666/s) cancels=0(+0/s) notify=1 disc=0(0x00) | echo rx=0 tx=0 pend=0 stale=0
  10.735  P t=9s rxkBps=162 blkkBps=0 pongs=5069(+680/s) cancels=0(+0/s) notify=1 disc=0(0x00) | echo rx=0 tx=0 pend=0 stale=0
  12.722  P t=10s rxkBps=156 blkkBps=0 pongs=5725(+656/s) cancels=0(+0/s) notify=1 disc=0(0x00) | echo rx=0 tx=0 pend=0 stale=0
  12.722  P t=11s rxkBps=160 blkkBps=0 pongs=6398(+673/s) cancels=0(+0/s) notify=1 disc=0(0x00) | echo rx=0 tx=0 pend=0 stale=0
  14.718  P t=12s rxkBps=159 blkkBps=0 pongs=7068(+670/s) cancels=0(+0/s) notify=1 disc=0(0x00) | echo rx=0 tx=0 pend=0 stale=0
  14.718  P t=13s rxkBps=152 blkkBps=0 pongs=7706(+638/s) cancels=0(+0/s) notify=1 disc=0(0x00) | echo rx=0 tx=0 pend=0 stale=0
  16.699  P t=14s rxkBps=157 blkkBps=0 pongs=8366(+660/s) cancels=0(+0/s) notify=1 disc=0(0x00) | echo rx=0 tx=0 pend=0 stale=0
  16.759  P t=15s rxkBps=158 blkkBps=0 pongs=9032(+666/s) cancels=0(+0/s) notify=1 disc=0(0x00) | echo rx=0 tx=0 pend=0 stale=0
  18.721  P t=16s rxkBps=161 blkkBps=0 pongs=9710(+678/s) cancels=0(+0/s) notify=1 disc=0(0x00) | echo rx=0 tx=0 pend=0 stale=0
  18.721  P t=17s rxkBps=161 blkkBps=0 pongs=10389(+679/s) cancels=0(+0/s) notify=1 disc=0(0x00) | echo rx=0 tx=0 pend=0 stale=0
  20.708  P t=18s rxkBps=161 blkkBps=0 pongs=11068(+679/s) cancels=0(+0/s) notify=1 disc=0(0x00) | echo rx=0 tx=0 pend=0 stale=0
  20.708  P t=19s rxkBps=161 blkkBps=0 pongs=11745(+677/s) cancels=0(+0/s) notify=1 disc=0(0x00) | echo rx=0 tx=0 pend=0 stale=0
  22.702  P t=20s rxkBps=157 blkkBps=0 pongs=12404(+659/s) cancels=0(+0/s) notify=1 disc=0(0x00) | echo rx=0 tx=0 pend=0 stale=0
  22.702  P t=21s rxkBps=161 blkkBps=0 pongs=13081(+677/s) cancels=0(+0/s) notify=1 disc=0(0x00) | echo rx=0 tx=0 pend=0 stale=0
  24.718  P t=22s rxkBps=161 blkkBps=0 pongs=13758(+677/s) cancels=0(+0/s) notify=1 disc=0(0x00) | echo rx=0 tx=0 pend=0 stale=0
  24.718  P t=23s rxkBps=160 blkkBps=0 pongs=14433(+675/s) cancels=0(+0/s) notify=1 disc=0(0x00) | echo rx=0 tx=0 pend=0 stale=0
  26.711  P t=24s rxkBps=162 blkkBps=0 pongs=15113(+680/s) cancels=0(+0/s) notify=1 disc=0(0x00) | echo rx=0 tx=0 pend=0 stale=0
  26.711  P t=25s rxkBps=162 blkkBps=0 pongs=15793(+680/s) cancels=0(+0/s) notify=1 disc=0(0x00) | echo rx=0 tx=0 pend=0 stale=0
  28.701  P t=26s rxkBps=161 blkkBps=0 pongs=16471(+678/s) cancels=0(+0/s) notify=1 disc=0(0x00) | echo rx=0 tx=0 pend=0 stale=0
  28.759  P t=27s rxkBps=159 blkkBps=0 pongs=17140(+669/s) cancels=0(+0/s) notify=1 disc=0(0x00) | echo rx=0 tx=0 pend=0 stale=0
