   1.729  *** Booting nRF Connect SDK v3.4.0-99553055607b ***
   1.730  *** Using Zephyr OS v4.4.0-bf801e4e3d19 ***
   1.730  [00:12:45.988,625] [0m<inf> bt_sdc_hci_driver: SoftDevice Controller build revision:
   1.730                                              c8 da 30 98 f9 f0 34 a4  4b 6e ba d3 08 19 cc 0c |..0...4. Kn......
   1.730                                              ea 51 da 47                                      |.Q.G             [0m
   1.730  [00:12:45.989,408] [1;33m<wrn> bt_hci_core: Num of Controller's ACL packets != ACL bt_conn_tx contexts (10 != 3)[0m
   1.790  [00:12:45.990,051] [0m<inf> bt_hci_core: HW Platform: Nordic Semiconductor (0x0002)[0m
   1.790  [00:12:45.990,062] [0m<inf> bt_hci_core: HW Variant: nRF54Lx (0x0005)[0m
   1.790  [00:12:45.990,073] [0m<inf> bt_hci_core: Firmware: Standard Bluetooth controller (0x00) Version 200.12506 Build 888207768[0m
   1.790  [00:12:45.990,463] [0m<inf> bt_hci_core: HCI transport: SDC[0m
   1.790  [00:12:45.990,508] [0m<inf> bt_hci_core: Identity: FC:BE:FF:FA:E6:8B (random)[0m
   1.790  [00:12:45.990,525] [0m<inf> bt_hci_core: HCI: version 6.3 (0x11) revision 0x3039, manufacturer 0x0059[0m
   1.790  [00:12:45.990,541] [0m<inf> bt_hci_core: LMP: version 6.3 (0x11) subver 0x3039[0m
   1.790  
   1.790  === nRF54L15 RTT ping-pong PERIPHERAL (echo) ===
   1.790  advertising
   2.993  GAP connected interval=25000
   2.993  PHY tx=2 rx=2
   2.993  P t=1s rxkBps=0 blkkBps=0 pongs=0(+0/s) cancels=0(+0/s) notify=0 disc=0(0x00) | echo rx=0 tx=0 pend=0 stale=0
   3.993  CCC: notify ENABLED
   4.053  P t=2s rxkBps=112 blkkBps=0 pongs=473(+473/s) cancels=0(+0/s) notify=1 disc=0(0x00) | echo rx=0 tx=0 pend=0 stale=0
   5.725  P t=3s rxkBps=161 blkkBps=0 pongs=1150(+677/s) cancels=0(+0/s) notify=1 disc=0(0x00) | echo rx=0 tx=0 pend=0 stale=0
   5.725  P t=4s rxkBps=159 blkkBps=0 pongs=1820(+670/s) cancels=0(+0/s) notify=1 disc=0(0x00) | echo rx=0 tx=0 pend=0 stale=0
   7.723  P t=5s rxkBps=161 blkkBps=0 pongs=2496(+676/s) cancels=0(+0/s) notify=1 disc=0(0x00) | echo rx=0 tx=0 pend=0 stale=0
   7.724  P t=6s rxkBps=161 blkkBps=0 pongs=3174(+678/s) cancels=0(+0/s) notify=1 disc=0(0x00) | echo rx=0 tx=0 pend=0 stale=0
   9.724  P t=7s rxkBps=160 blkkBps=0 pongs=3847(+673/s) cancels=0(+0/s) notify=1 disc=0(0x00) | echo rx=0 tx=0 pend=0 stale=0
   9.724  P t=8s rxkBps=161 blkkBps=0 pongs=4525(+678/s) cancels=0(+0/s) notify=1 disc=0(0x00) | echo rx=0 tx=0 pend=0 stale=0
  11.719  P t=9s rxkBps=159 blkkBps=0 pongs=5195(+670/s) cancels=0(+0/s) notify=1 disc=0(0x00) | echo rx=0 tx=0 pend=0 stale=0
  11.719  P t=10s rxkBps=158 blkkBps=0 pongs=5862(+667/s) cancels=0(+0/s) notify=1 disc=0(0x00) | echo rx=0 tx=0 pend=0 stale=0
  13.706  P t=11s rxkBps=156 blkkBps=0 pongs=6518(+656/s) cancels=0(+0/s) notify=1 disc=0(0x00) | echo rx=0 tx=0 pend=0 stale=0
  13.706  P t=12s rxkBps=159 blkkBps=0 pongs=7187(+669/s) cancels=0(+0/s) notify=1 disc=0(0x00) | echo rx=0 tx=0 pend=0 stale=0
  15.724  P t=13s rxkBps=161 blkkBps=0 pongs=7864(+677/s) cancels=0(+0/s) notify=1 disc=0(0x00) | echo rx=0 tx=0 pend=0 stale=0
  15.724  P t=14s rxkBps=157 blkkBps=0 pongs=8524(+660/s) cancels=0(+0/s) notify=1 disc=0(0x00) | echo rx=0 tx=0 pend=0 stale=0
  17.751  P t=15s rxkBps=179 blkkBps=0 pongs=9278(+754/s) cancels=0(+0/s) notify=1 disc=0(0x00) | echo rx=0 tx=0 pend=0 stale=0
  17.751  P t=16s rxkBps=179 blkkBps=0 pongs=10031(+753/s) cancels=0(+0/s) notify=1 disc=0(0x00) | echo rx=0 tx=0 pend=0 stale=0
  19.725  P t=17s rxkBps=179 blkkBps=0 pongs=10785(+754/s) cancels=0(+0/s) notify=1 disc=0(0x00) | echo rx=0 tx=0 pend=0 stale=0
  19.725  P t=18s rxkBps=180 blkkBps=0 pongs=11544(+759/s) cancels=0(+0/s) notify=1 disc=0(0x00) | echo rx=0 tx=0 pend=0 stale=0
  21.697  P t=19s rxkBps=179 blkkBps=0 pongs=12298(+754/s) cancels=0(+0/s) notify=1 disc=0(0x00) | echo rx=0 tx=0 pend=0 stale=0
  21.756  P t=20s rxkBps=180 blkkBps=0 pongs=13055(+757/s) cancels=0(+0/s) notify=1 disc=0(0x00) | echo rx=0 tx=0 pend=0 stale=0
  23.743  P t=21s rxkBps=180 blkkBps=0 pongs=13814(+759/s) cancels=0(+0/s) notify=1 disc=0(0x00) | echo rx=0 tx=0 pend=0 stale=0
  23.743  P t=22s rxkBps=180 blkkBps=0 pongs=14571(+757/s) cancels=0(+0/s) notify=1 disc=0(0x00) | echo rx=0 tx=0 pend=0 stale=0
  25.734  P t=23s rxkBps=180 blkkBps=0 pongs=15330(+759/s) cancels=0(+0/s) notify=1 disc=0(0x00) | echo rx=0 tx=0 pend=0 stale=0
  25.734  P t=24s rxkBps=181 blkkBps=0 pongs=16090(+760/s) cancels=0(+0/s) notify=1 disc=0(0x00) | echo rx=0 tx=0 pend=0 stale=0
  27.737  P t=25s rxkBps=180 blkkBps=0 pongs=16849(+759/s) cancels=0(+0/s) notify=1 disc=0(0x00) | echo rx=0 tx=0 pend=0 stale=0
  27.737  P t=26s rxkBps=180 blkkBps=0 pongs=17608(+759/s) cancels=0(+0/s) notify=1 disc=0(0x00) | echo rx=0 tx=0 pend=0 stale=0
  29.750  P t=27s rxkBps=180 blkkBps=0 pongs=18366(+758/s) cancels=0(+0/s) notify=1 disc=0(0x00) | echo rx=0 tx=0 pend=0 stale=0
  29.750  P t=28s rxkBps=177 blkkBps=0 pongs=19113(+747/s) cancels=0(+0/s) notify=1 disc=0(0x00) | echo rx=0 tx=0 pend=0 stale=0
