   1.736  *** Booting nRF Connect SDK v3.4.0-99553055607b ***
   1.736  *** Using Zephyr OS v4.4.0-bf801e4e3d19 ***
   1.736  [01:04:02.022,177] [0m<inf> bt_sdc_hci_driver: SoftDevice Controller build revision:
   1.736                                              c8 da 30 98 f9 f0 34 a4  4b 6e ba d3 08 19 cc 0c |..0...4. Kn......
   1.736                                              ea 51 da 47                                      |.Q.G             [0m
   1.736  [01:04:02.022,961] [1;33m<wrn> bt_hci_core: Num of Controller's ACL packets != ACL bt_conn_tx contexts (10 != 3)[0m
   1.795  [01:04:02.023,603] [0m<inf> bt_hci_core: HW Platform: Nordic Semiconductor (0x0002)[0m
   1.795  [01:04:02.023,615] [0m<inf> bt_hci_core: HW Variant: nRF54Lx (0x0005)[0m
   1.795  [01:04:02.023,625] [0m<inf> bt_hci_core: Firmware: Standard Bluetooth controller (0x00) Version 200.12506 Build 888207768[0m
   1.795  [01:04:02.024,016] [0m<inf> bt_hci_core: HCI transport: SDC[0m
   1.795  [01:04:02.024,061] [0m<inf> bt_hci_core: Identity: FC:BE:FF:FA:E6:8B (random)[0m
   1.795  [01:04:02.024,078] [0m<inf> bt_hci_core: HCI: version 6.3 (0x11) revision 0x3039, manufacturer 0x0059[0m
   1.795  [01:04:02.024,093] [0m<inf> bt_hci_core: LMP: version 6.3 (0x11) subver 0x3039[0m
   1.795  
   1.795  === nRF54L15 RTT ping-pong PERIPHERAL (echo) ===
   1.795  advertising
   3.057  GAP connected interval=50000
   3.057  P t=1s rxkBps=0 blkkBps=0 pongs=0(+0/s) cancels=0(+0/s) notify=0 disc=0(0x00) | echo rx=0 tx=0 pend=0 stale=0
   3.057  PHY tx=2 rx=2
   4.595  CCC: notify ENABLED
   4.655  P t=2s rxkBps=16 blkkBps=0 pongs=69(+69/s) cancels=0(+0/s) notify=1 disc=0(0x00) | echo rx=0 tx=0 pend=0 stale=0
   5.738  P t=3s rxkBps=161 blkkBps=0 pongs=748(+679/s) cancels=0(+0/s) notify=1 disc=0(0x00) | echo rx=0 tx=0 pend=0 stale=0
   5.738  P t=4s rxkBps=157 blkkBps=0 pongs=1408(+660/s) cancels=0(+0/s) notify=1 disc=0(0x00) | echo rx=0 tx=0 pend=0 stale=0
   7.729  P t=5s rxkBps=155 blkkBps=0 pongs=2060(+652/s) cancels=0(+0/s) notify=1 disc=0(0x00) | echo rx=0 tx=0 pend=0 stale=0
   7.729  P t=6s rxkBps=162 blkkBps=0 pongs=2744(+684/s) cancels=0(+0/s) notify=1 disc=0(0x00) | echo rx=0 tx=0 pend=0 stale=0
   9.714  P t=7s rxkBps=162 blkkBps=0 pongs=3427(+683/s) cancels=0(+0/s) notify=1 disc=0(0x00) | echo rx=0 tx=0 pend=0 stale=0
   9.714  P t=8s rxkBps=162 blkkBps=0 pongs=4111(+684/s) cancels=0(+0/s) notify=1 disc=0(0x00) | echo rx=0 tx=0 pend=0 stale=0
  11.719  P t=9s rxkBps=160 blkkBps=0 pongs=4783(+672/s) cancels=0(+0/s) notify=1 disc=0(0x00) | echo rx=0 tx=0 pend=0 stale=0
  11.719  P t=10s rxkBps=161 blkkBps=0 pongs=5462(+679/s) cancels=0(+0/s) notify=1 disc=0(0x00) | echo rx=0 tx=0 pend=0 stale=0
  13.736  P t=11s rxkBps=150 blkkBps=0 pongs=6094(+632/s) cancels=0(+0/s) notify=1 disc=0(0x00) | echo rx=0 tx=0 pend=0 stale=0
  13.737  P t=12s rxkBps=162 blkkBps=0 pongs=6778(+684/s) cancels=0(+0/s) notify=1 disc=0(0x00) | echo rx=0 tx=0 pend=0 stale=0
  15.734  P t=13s rxkBps=162 blkkBps=0 pongs=7462(+684/s) cancels=0(+0/s) notify=1 disc=0(0x00) | echo rx=0 tx=0 pend=0 stale=0
  15.734  P t=14s rxkBps=139 blkkBps=0 pongs=8047(+585/s) cancels=0(+0/s) notify=1 disc=0(0x00) | echo rx=0 tx=0 pend=0 stale=0
  17.699  P t=15s rxkBps=176 blkkBps=0 pongs=8786(+739/s) cancels=0(+0/s) notify=1 disc=0(0x00) | echo rx=0 tx=0 pend=0 stale=0
  17.757  P t=16s rxkBps=178 blkkBps=0 pongs=9537(+751/s) cancels=0(+0/s) notify=1 disc=0(0x00) | echo rx=0 tx=0 pend=0 stale=0
  19.703  P t=17s rxkBps=183 blkkBps=0 pongs=10308(+771/s) cancels=0(+0/s) notify=1 disc=0(0x00) | echo rx=0 tx=0 pend=0 stale=0
  19.763  P t=18s rxkBps=181 blkkBps=0 pongs=11071(+763/s) cancels=0(+0/s) notify=1 disc=0(0x00) | echo rx=0 tx=0 pend=0 stale=0
  21.715  P t=19s rxkBps=184 blkkBps=0 pongs=11847(+776/s) cancels=0(+0/s) notify=1 disc=0(0x00) | echo rx=0 tx=0 pend=0 stale=0
  21.715  P t=20s rxkBps=177 blkkBps=0 pongs=12592(+745/s) cancels=0(+0/s) notify=1 disc=0(0x00) | echo rx=0 tx=0 pend=0 stale=0
  23.731  P t=21s rxkBps=185 blkkBps=0 pongs=13370(+778/s) cancels=0(+0/s) notify=1 disc=0(0x00) | echo rx=0 tx=0 pend=0 stale=0
  23.731  P t=22s rxkBps=185 blkkBps=0 pongs=14147(+777/s) cancels=0(+0/s) notify=1 disc=0(0x00) | echo rx=0 tx=0 pend=0 stale=0
  25.736  P t=23s rxkBps=185 blkkBps=0 pongs=14924(+777/s) cancels=0(+0/s) notify=1 disc=0(0x00) | echo rx=0 tx=0 pend=0 stale=0
  25.736  P t=24s rxkBps=178 blkkBps=0 pongs=15675(+751/s) cancels=0(+0/s) notify=1 disc=0(0x00) | echo rx=0 tx=0 pend=0 stale=0
  27.745  P t=25s rxkBps=185 blkkBps=0 pongs=16454(+779/s) cancels=0(+0/s) notify=1 disc=0(0x00) | echo rx=0 tx=0 pend=0 stale=0
  27.745  P t=26s rxkBps=184 blkkBps=0 pongs=17230(+776/s) cancels=0(+0/s) notify=1 disc=0(0x00) | echo rx=0 tx=0 pend=0 stale=0
  29.705  P t=27s rxkBps=185 blkkBps=0 pongs=18010(+780/s) cancels=0(+0/s) notify=1 disc=0(0x00) | echo rx=0 tx=0 pend=0 stale=0
  29.765  P t=28s rxkBps=184 blkkBps=0 pongs=18783(+773/s) cancels=0(+0/s) notify=1 disc=0(0x00) | echo rx=0 tx=0 pend=0 stale=0
