   1.961  *** Booting nRF Connect SDK v3.4.0-99553055607b ***
   1.961  *** Using Zephyr OS v4.4.0-bf801e4e3d19 ***
   1.961  [00:12:43.541,044] [0m<inf> bt_sdc_hci_driver: SoftDevice Controller build revision:
   1.961                                              c8 da 30 98 f9 f0 34 a4  4b 6e ba d3 08 19 cc 0c |..0...4. Kn......
   1.961                                              ea 51 da 47                                      |.Q.G             [0m
   1.961  [00:12:43.542,248] [0m<inf> bt_hci_core: HW Platform: Nordic Semiconductor (0x0002)[0m
   2.021  [00:12:43.542,260] [0m<inf> bt_hci_core: HW Variant: nRF54Lx (0x0005)[0m
   2.021  [00:12:43.542,272] [0m<inf> bt_hci_core: Firmware: Standard Bluetooth controller (0x00) Version 200.12506 Build 888207768[0m
   2.021  [00:12:43.542,671] [0m<inf> bt_hci_core: HCI transport: SDC[0m
   2.021  [00:12:43.542,718] [0m<inf> bt_hci_core: Identity: D6:C7:60:B1:D3:0E (random)[0m
   2.021  [00:12:43.542,734] [0m<inf> bt_hci_core: HCI: version 6.3 (0x11) revision 0x3039, manufacturer 0x0059[0m
   2.021  [00:12:43.542,749] [0m<inf> bt_hci_core: LMP: version 6.3 (0x11) subver 0x3039[0m
   2.021  
   2.021  === nRF54L15 RTT ping-pong CENTRAL ===
   2.021  scan rc=0
   2.021  GAP connected interval=25000
   2.021  MTU err=0 mtu=247
   2.993  PHY tx=2 rx=2
   2.993  discovery start (post-PHY +500ms) interval=25000 phy2m=1
   2.993  t=1s RTT mean=0 min=0 max=0 n=0 to=0 | cancels=0(+0/s) seqbad=0 len_bad=0 disc=0(0x00) | tot_n=0 tot_to=0 maxever=0 >2ms=0 >5ms=0 >15ms=0 >20ms=0 >30ms=0 | probes=0 wrfail=0 down=1s maxout=1s
   2.993  SUBSCRIBED, vh=18
   3.045  BLAST: phy_update->2M rc=0
   3.046  BLASTC comp=1 exkBps=0 cgap_us[min/avg/max]=4294967295/0/0
   3.046  BLAST phy=2/2 att=1 ok=1 enomem=0 err=0 call_us[min/avg/max]=121/121/121 okgap_max_us=0
   3.046  BLAST first16_call_us: 121 120 117 116 117 117 117 117 110 52 49 48 48 48 48 48
   3.046  PHY tx=2 rx=2
   4.934  t=2s RTT mean=0 min=0 max=0 n=0 to=0 | cancels=0(+0/s) seqbad=0 len_bad=0 disc=0(0x00) | tot_n=0 tot_to=0 maxever=0 >2ms=0 >5ms=0 >15ms=0 >20ms=0 >30ms=0 | probes=0 wrfail=0 down=1s maxout=1s
   4.994  BLASTC comp=639 exkBps=0 cgap_us[min/avg/max]=126/1483/18364
   4.994  BLAST phy=2/2 att=649 ok=649 enomem=0 err=0 call_us[min/avg/max]=48/1450/17693 okgap_max_us=17703
   4.994  BLASTC comp=673 exkBps=0 cgap_us[min/avg/max]=1383/1485/2780
   4.994  BLAST phy=2/2 att=673 ok=673 enomem=0 err=0 call_us[min/avg/max]=1217/1474/2769 okgap_max_us=2780
   4.994  t=3s RTT mean=0 min=0 max=0 n=0 to=0 | cancels=0(+0/s) seqbad=0 len_bad=0 disc=0(0x00) | tot_n=0 tot_to=0 maxever=0 >2ms=0 >5ms=0 >15ms=0 >20ms=0 >30ms=0 | probes=0 wrfail=0 down=1s maxout=1s
   6.925  BLASTC comp=674 exkBps=0 cgap_us[min/avg/max]=1387/1483/5500
   6.981  BLAST phy=2/2 att=674 ok=674 enomem=0 err=0 call_us[min/avg/max]=1324/1472/5489 okgap_max_us=5500
   6.981  t=4s RTT mean=0 min=0 max=0 n=0 to=0 | cancels=0(+0/s) seqbad=0 len_bad=0 disc=0(0x00) | tot_n=0 tot_to=0 maxever=0 >2ms=0 >5ms=0 >15ms=0 >20ms=0 >30ms=0 | probes=0 wrfail=0 down=1s maxout=1s
   6.981  BLASTC comp=675 exkBps=0 cgap_us[min/avg/max]=1390/1481/2780
   6.981  BLAST phy=2/2 att=675 ok=675 enomem=0 err=0 call_us[min/avg/max]=1329/1470/2769 okgap_max_us=2780
   7.037  t=5s RTT mean=0 min=0 max=0 n=0 to=0 | cancels=0(+0/s) seqbad=0 len_bad=0 disc=0(0x00) | tot_n=0 tot_to=0 maxever=0 >2ms=0 >5ms=0 >15ms=0 >20ms=0 >30ms=0 | probes=0 wrfail=0 down=1s maxout=1s
   8.937  BLASTC comp=678 exkBps=0 cgap_us[min/avg/max]=1387/1474/4107
   8.937  BLAST phy=2/2 att=678 ok=678 enomem=0 err=0 call_us[min/avg/max]=1324/1464/4096 okgap_max_us=4107
   8.995  t=6s RTT mean=0 min=0 max=0 n=0 to=0 | cancels=0(+0/s) seqbad=0 len_bad=0 disc=0(0x00) | tot_n=0 tot_to=0 maxever=0 >2ms=0 >5ms=0 >15ms=0 >20ms=0 >30ms=0 | probes=0 wrfail=0 down=1s maxout=1s
   8.995  BLASTC comp=674 exkBps=0 cgap_us[min/avg/max]=1390/1483/4108
   8.995  BLAST phy=2/2 att=674 ok=674 enomem=0 err=0 call_us[min/avg/max]=1330/1472/4097 okgap_max_us=4108
   8.995  t=7s RTT mean=0 min=0 max=0 n=0 to=0 | cancels=0(+0/s) seqbad=0 len_bad=0 disc=0(0x00) | tot_n=0 tot_to=0 maxever=0 >2ms=0 >5ms=0 >15ms=0 >20ms=0 >30ms=0 | probes=0 wrfail=0 down=1s maxout=1s
  10.927  BLASTC comp=678 exkBps=0 cgap_us[min/avg/max]=1386/1474/2779
  10.984  BLAST phy=2/2 att=678 ok=678 enomem=0 err=0 call_us[min/avg/max]=1324/1464/2768 okgap_max_us=2779
  10.984  t=8s RTT mean=0 min=0 max=0 n=0 to=0 | cancels=0(+0/s) seqbad=0 len_bad=0 disc=0(0x00) | tot_n=0 tot_to=0 maxever=0 >2ms=0 >5ms=0 >15ms=0 >20ms=0 >30ms=0 | probes=0 wrfail=0 down=1s maxout=1s
  10.984  BLASTC comp=659 exkBps=0 cgap_us[min/avg/max]=1390/1517/16644
  10.984  BLAST phy=2/2 att=659 ok=659 enomem=0 err=0 call_us[min/avg/max]=1330/1506/16633 okgap_max_us=16644
  11.043  t=9s RTT mean=0 min=0 max=0 n=0 to=0 | cancels=0(+0/s) seqbad=0 len_bad=0 disc=0(0x00) | tot_n=0 tot_to=0 maxever=0 >2ms=0 >5ms=0 >15ms=0 >20ms=0 >30ms=0 | probes=0 wrfail=0 down=1s maxout=1s
  12.947  BLASTC comp=678 exkBps=0 cgap_us[min/avg/max]=1387/1474/2780
  12.947  BLAST phy=2/2 att=678 ok=678 enomem=0 err=0 call_us[min/avg/max]=1324/1464/2769 okgap_max_us=2780
  13.007  t=10s RTT mean=0 min=0 max=0 n=0 to=0 | cancels=0(+0/s) seqbad=0 len_bad=0 disc=0(0x00) | tot_n=0 tot_to=0 maxever=0 >2ms=0 >5ms=0 >15ms=0 >20ms=0 >30ms=0 | probes=0 wrfail=0 down=1s maxout=1s
  13.007  BLASTC comp=656 exkBps=0 cgap_us[min/avg/max]=1387/1524/20824
  13.007  BLAST phy=2/2 att=656 ok=656 enomem=0 err=0 call_us[min/avg/max]=1333/1513/20813 okgap_max_us=20824
  13.007  t=11s RTT mean=0 min=0 max=0 n=0 to=0 | cancels=0(+0/s) seqbad=0 len_bad=0 disc=0(0x00) | tot_n=0 tot_to=0 maxever=0 >2ms=0 >5ms=0 >15ms=0 >20ms=0 >30ms=0 | probes=0 wrfail=0 down=1s maxout=1s
  14.921  BLASTC comp=668 exkBps=0 cgap_us[min/avg/max]=1387/1497/13859
  14.972  BLAST phy=2/2 att=668 ok=668 enomem=0 err=0 call_us[min/avg/max]=1305/1486/13848 okgap_max_us=13859
  14.972  t=12s RTT mean=0 min=0 max=0 n=0 to=0 | cancels=0(+0/s) seqbad=0 len_bad=0 disc=0(0x00) | tot_n=0 tot_to=0 maxever=0 >2ms=0 >5ms=0 >15ms=0 >20ms=0 >30ms=0 | probes=0 wrfail=0 down=1s maxout=1s
  14.972  BLASTC comp=663 exkBps=0 cgap_us[min/avg/max]=1388/1508/16643
  14.972  BLAST phy=2/2 att=663 ok=663 enomem=0 err=0 call_us[min/avg/max]=1321/1497/16634 okgap_max_us=16645
  15.026  t=13s RTT mean=0 min=0 max=0 n=0 to=0 | cancels=0(+0/s) seqbad=0 len_bad=0 disc=0(0x00) | tot_n=0 tot_to=0 maxever=0 >2ms=0 >5ms=0 >15ms=0 >20ms=0 >30ms=0 | probes=0 wrfail=0 down=1s maxout=1s
  15.026  FSU: request [52..52] us (ACL both dirs, 1M+2M) rc=0
  16.019  FSU: updated status=0x00 spacing=70 us phys=0x3 types=0x3 initiator=0
  16.073  BLASTC comp=689 exkBps=0 cgap_us[min/avg/max]=1228/1450/27737
  16.073  BLAST phy=2/2 att=689 ok=689 enomem=0 err=0 call_us[min/avg/max]=1214/1439/27727 okgap_max_us=27738
  16.073  t=14s RTT mean=0 min=0 max=0 n=0 to=0 | cancels=0(+0/s) seqbad=0 len_bad=0 disc=0(0x00) | tot_n=0 tot_to=0 maxever=0 >2ms=0 >5ms=0 >15ms=0 >20ms=0 >30ms=0 | probes=0 wrfail=0 down=1s maxout=1s
  17.921  BLASTC comp=756 exkBps=0 cgap_us[min/avg/max]=1226/1322/2798
  17.973  BLAST phy=2/2 att=756 ok=756 enomem=0 err=0 call_us[min/avg/max]=1165/1311/2787 okgap_max_us=2798
  17.974  t=15s RTT mean=0 min=0 max=0 n=0 to=0 | cancels=0(+0/s) seqbad=0 len_bad=0 disc=0(0x00) | tot_n=0 tot_to=0 maxever=0 >2ms=0 >5ms=0 >15ms=0 >20ms=0 >30ms=0 | probes=0 wrfail=0 down=1s maxout=1s
  17.974  BLASTC comp=752 exkBps=0 cgap_us[min/avg/max]=1215/1329/5293
  17.974  BLAST phy=2/2 att=752 ok=752 enomem=0 err=0 call_us[min/avg/max]=1109/1318/5282 okgap_max_us=5293
  18.034  t=16s RTT mean=0 min=0 max=0 n=0 to=0 | cancels=0(+0/s) seqbad=0 len_bad=0 disc=0(0x00) | tot_n=0 tot_to=0 maxever=0 >2ms=0 >5ms=0 >15ms=0 >20ms=0 >30ms=0 | probes=0 wrfail=0 down=1s maxout=1s
  19.948  BLASTC comp=756 exkBps=0 cgap_us[min/avg/max]=1225/1322/2798
  19.948  BLAST phy=2/2 att=756 ok=756 enomem=0 err=0 call_us[min/avg/max]=1154/1311/2787 okgap_max_us=2797
  19.948  t=17s RTT mean=0 min=0 max=0 n=0 to=0 | cancels=0(+0/s) seqbad=0 len_bad=0 disc=0(0x00) | tot_n=0 tot_to=0 maxever=0 >2ms=0 >5ms=0 >15ms=0 >20ms=0 >30ms=0 | probes=0 wrfail=0 down=1s maxout=1s
  20.008  BLASTC comp=758 exkBps=0 cgap_us[min/avg/max]=1228/1319/2797
  20.008  BLAST phy=2/2 att=758 ok=758 enomem=0 err=0 call_us[min/avg/max]=1161/1308/2787 okgap_max_us=2797
  20.008  t=18s RTT mean=0 min=0 max=0 n=0 to=0 | cancels=0(+0/s) seqbad=0 len_bad=0 disc=0(0x00) | tot_n=0 tot_to=0 maxever=0 >2ms=0 >5ms=0 >15ms=0 >20ms=0 >30ms=0 | probes=0 wrfail=0 down=1s maxout=1s
  21.963  BLASTC comp=755 exkBps=0 cgap_us[min/avg/max]=1225/1324/2798
  21.963  BLAST phy=2/2 att=755 ok=755 enomem=0 err=0 call_us[min/avg/max]=1155/1313/2787 okgap_max_us=2797
  21.963  t=19s RTT mean=0 min=0 max=0 n=0 to=0 | cancels=0(+0/s) seqbad=0 len_bad=0 disc=0(0x00) | tot_n=0 tot_to=0 maxever=0 >2ms=0 >5ms=0 >15ms=0 >20ms=0 >30ms=0 | probes=0 wrfail=0 down=1s maxout=1s
  21.963  BLASTC comp=757 exkBps=0 cgap_us[min/avg/max]=1228/1321/2799
  22.023  BLAST phy=2/2 att=757 ok=757 enomem=0 err=0 call_us[min/avg/max]=1161/1310/2787 okgap_max_us=2798
  22.023  t=20s RTT mean=0 min=0 max=0 n=0 to=0 | cancels=0(+0/s) seqbad=0 len_bad=0 disc=0(0x00) | tot_n=0 tot_to=0 maxever=0 >2ms=0 >5ms=0 >15ms=0 >20ms=0 >30ms=0 | probes=0 wrfail=0 down=1s maxout=1s
  23.959  BLASTC comp=758 exkBps=0 cgap_us[min/avg/max]=1222/1319/2798
  23.959  BLAST phy=2/2 att=758 ok=758 enomem=0 err=0 call_us[min/avg/max]=1155/1308/2787 okgap_max_us=2797
  23.959  t=21s RTT mean=0 min=0 max=0 n=0 to=0 | cancels=0(+0/s) seqbad=0 len_bad=0 disc=0(0x00) | tot_n=0 tot_to=0 maxever=0 >2ms=0 >5ms=0 >15ms=0 >20ms=0 >30ms=0 | probes=0 wrfail=0 down=1s maxout=1s
  23.959  BLASTC comp=758 exkBps=0 cgap_us[min/avg/max]=1228/1319/2797
  24.010  BLAST phy=2/2 att=758 ok=758 enomem=0 err=0 call_us[min/avg/max]=1160/1308/2787 okgap_max_us=2797
  24.010  t=22s RTT mean=0 min=0 max=0 n=0 to=0 | cancels=0(+0/s) seqbad=0 len_bad=0 disc=0(0x00) | tot_n=0 tot_to=0 maxever=0 >2ms=0 >5ms=0 >15ms=0 >20ms=0 >30ms=0 | probes=0 wrfail=0 down=1s maxout=1s
  25.954  BLASTC comp=759 exkBps=0 cgap_us[min/avg/max]=1226/1317/2798
  25.954  BLAST phy=2/2 att=759 ok=759 enomem=0 err=0 call_us[min/avg/max]=1153/1306/2788 okgap_max_us=2798
  25.954  t=23s RTT mean=0 min=0 max=0 n=0 to=0 | cancels=0(+0/s) seqbad=0 len_bad=0 disc=0(0x00) | tot_n=0 tot_to=0 maxever=0 >2ms=0 >5ms=0 >15ms=0 >20ms=0 >30ms=0 | probes=0 wrfail=0 down=1s maxout=1s
  26.007  BLASTC comp=760 exkBps=0 cgap_us[min/avg/max]=1222/1315/2797
  26.007  BLAST phy=2/2 att=760 ok=760 enomem=0 err=0 call_us[min/avg/max]=1116/1304/2787 okgap_max_us=2797
  26.007  t=24s RTT mean=0 min=0 max=0 n=0 to=0 | cancels=0(+0/s) seqbad=0 len_bad=0 disc=0(0x00) | tot_n=0 tot_to=0 maxever=0 >2ms=0 >5ms=0 >15ms=0 >20ms=0 >30ms=0 | probes=0 wrfail=0 down=1s maxout=1s
  27.964  BLASTC comp=759 exkBps=0 cgap_us[min/avg/max]=1227/1317/2798
  27.964  BLAST phy=2/2 att=759 ok=759 enomem=0 err=0 call_us[min/avg/max]=1153/1306/2787 okgap_max_us=2797
  27.964  t=25s RTT mean=0 min=0 max=0 n=0 to=0 | cancels=0(+0/s) seqbad=0 len_bad=0 disc=0(0x00) | tot_n=0 tot_to=0 maxever=0 >2ms=0 >5ms=0 >15ms=0 >20ms=0 >30ms=0 | probes=0 wrfail=0 down=1s maxout=1s
  27.964  BLASTC comp=759 exkBps=0 cgap_us[min/avg/max]=1228/1317/2798
  28.024  BLAST phy=2/2 att=759 ok=759 enomem=0 err=0 call_us[min/avg/max]=1161/1306/2787 okgap_max_us=2797
  28.024  t=26s RTT mean=0 min=0 max=0 n=0 to=0 | cancels=0(+0/s) seqbad=0 len_bad=0 disc=0(0x00) | tot_n=0 tot_to=0 maxever=0 >2ms=0 >5ms=0 >15ms=0 >20ms=0 >30ms=0 | probes=0 wrfail=0 down=1s maxout=1s
  29.969  BLASTC comp=758 exkBps=0 cgap_us[min/avg/max]=1224/1319/4009
  29.969  BLAST phy=2/2 att=758 ok=758 enomem=0 err=0 call_us[min/avg/max]=1156/1308/3999 okgap_max_us=4010
  29.969  t=27s RTT mean=0 min=0 max=0 n=0 to=0 | cancels=0(+0/s) seqbad=0 len_bad=0 disc=0(0x00) | tot_n=0 tot_to=0 maxever=0 >2ms=0 >5ms=0 >15ms=0 >20ms=0 >30ms=0 | probes=0 wrfail=0 down=1s maxout=1s
  29.969  BLASTC comp=746 exkBps=0 cgap_us[min/avg/max]=1228/1340/8975
  29.969  BLAST phy=2/2 att=746 ok=746 enomem=0 err=0 call_us[min/avg/max]=1161/1329/8964 okgap_max_us=8975
