   1.706  *** Booting nRF Connect SDK v3.4.0-99553055607b ***
   1.706  *** Using Zephyr OS v4.4.0-bf801e4e3d19 ***
   1.706  [01:04:36.305,557] [0m<inf> bt_sdc_hci_driver: SoftDevice Controller build revision:
   1.706                                              c8 da 30 98 f9 f0 34 a4  4b 6e ba d3 08 19 cc 0c |..0...4. Kn......
   1.766                                              ea 51 da 47                                      |.Q.G             [0m
   1.766  [01:04:36.306,340] [1;33m<wrn> bt_hci_core: Num of Controller's ACL packets != ACL bt_conn_tx contexts (10 != 3)[0m
   1.766  [01:04:36.306,983] [0m<inf> bt_hci_core: HW Platform: Nordic Semiconductor (0x0002)[0m
   1.766  [01:04:36.306,994] [0m<inf> bt_hci_core: HW Variant: nRF54Lx (0x0005)[0m
   1.766  [01:04:36.307,005] [0m<inf> bt_hci_core: Firmware: Standard Bluetooth controller (0x00) Version 200.12506 Build 888207768[0m
   1.766  [01:04:36.307,395] [0m<inf> bt_hci_core: HCI transport: SDC[0m
   1.766  [01:04:36.307,440] [0m<inf> bt_hci_core: Identity: FC:BE:FF:FA:E6:8B (random)[0m
   1.824  [01:04:36.307,457] [0m<inf> bt_hci_core: HCI: version 6.3 (0x11) revision 0x3039, manufacturer 0x0059[0m
   1.824  [01:04:36.307,473] [0m<inf> bt_hci_core: LMP: version 6.3 (0x11) subver 0x3039[0m
   1.824  
   1.824  === nRF54L15 RTT ping-pong PERIPHERAL (echo) ===
   1.824  advertising
   3.089  GAP connected interval=50000
   3.089  P t=1s rxkBps=0 blkkBps=0 pongs=0(+0/s) cancels=0(+0/s) notify=0 disc=0(0x00) | echo rx=0 tx=0 pend=0 stale=0
   3.089  PHY tx=2 rx=2
   4.611  CCC: notify ENABLED
   4.611  P t=2s rxkBps=14 blkkBps=0 pongs=62(+62/s) cancels=0(+0/s) notify=1 disc=0(0x00) | echo rx=0 tx=0 pend=0 stale=0
   5.702  P t=3s rxkBps=162 blkkBps=0 pongs=745(+683/s) cancels=0(+0/s) notify=1 disc=0(0x00) | echo rx=0 tx=0 pend=0 stale=0
   5.702  P t=4s rxkBps=162 blkkBps=0 pongs=1428(+683/s) cancels=0(+0/s) notify=1 disc=0(0x00) | echo rx=0 tx=0 pend=0 stale=0
   7.700  P t=5s rxkBps=162 blkkBps=0 pongs=2112(+684/s) cancels=0(+0/s) notify=1 disc=0(0x00) | echo rx=0 tx=0 pend=0 stale=0
   7.700  P t=6s rxkBps=162 blkkBps=0 pongs=2796(+684/s) cancels=0(+0/s) notify=1 disc=0(0x00) | echo rx=0 tx=0 pend=0 stale=0
   9.699  P t=7s rxkBps=162 blkkBps=0 pongs=3480(+684/s) cancels=0(+0/s) notify=1 disc=0(0x00) | echo rx=0 tx=0 pend=0 stale=0
   9.759  P t=8s rxkBps=162 blkkBps=0 pongs=4164(+684/s) cancels=0(+0/s) notify=1 disc=0(0x00) | echo rx=0 tx=0 pend=0 stale=0
  11.741  P t=9s rxkBps=162 blkkBps=0 pongs=4848(+684/s) cancels=0(+0/s) notify=1 disc=0(0x00) | echo rx=0 tx=0 pend=0 stale=0
  11.741  P t=10s rxkBps=145 blkkBps=0 pongs=5457(+609/s) cancels=0(+0/s) notify=1 disc=0(0x00) | echo rx=0 tx=0 pend=0 stale=0
  13.698  P t=11s rxkBps=156 blkkBps=0 pongs=6115(+658/s) cancels=0(+0/s) notify=1 disc=0(0x00) | echo rx=0 tx=0 pend=0 stale=0
  13.751  P t=12s rxkBps=158 blkkBps=0 pongs=6782(+667/s) cancels=0(+0/s) notify=1 disc=0(0x00) | echo rx=0 tx=0 pend=0 stale=0
  15.700  P t=13s rxkBps=162 blkkBps=0 pongs=7465(+683/s) cancels=0(+0/s) notify=1 disc=0(0x00) | echo rx=0 tx=0 pend=0 stale=0
  15.700  P t=14s rxkBps=148 blkkBps=0 pongs=8090(+625/s) cancels=0(+0/s) notify=1 disc=0(0x00) | echo rx=0 tx=0 pend=0 stale=0
  17.727  P t=15s rxkBps=153 blkkBps=0 pongs=8734(+644/s) cancels=0(+0/s) notify=1 disc=0(0x00) | echo rx=0 tx=0 pend=0 stale=0
  17.727  P t=16s rxkBps=157 blkkBps=0 pongs=9394(+660/s) cancels=0(+0/s) notify=1 disc=0(0x00) | echo rx=0 tx=0 pend=0 stale=0
  19.725  P t=17s rxkBps=160 blkkBps=0 pongs=10067(+673/s) cancels=0(+0/s) notify=1 disc=0(0x00) | echo rx=0 tx=0 pend=0 stale=0
  19.725  P t=18s rxkBps=162 blkkBps=0 pongs=10749(+682/s) cancels=0(+0/s) notify=1 disc=0(0x00) | echo rx=0 tx=0 pend=0 stale=0
  21.740  P t=19s rxkBps=151 blkkBps=0 pongs=11386(+637/s) cancels=0(+0/s) notify=1 disc=0(0x00) | echo rx=0 tx=0 pend=0 stale=0
  21.740  P t=20s rxkBps=157 blkkBps=0 pongs=12045(+659/s) cancels=0(+0/s) notify=1 disc=0(0x00) | echo rx=0 tx=0 pend=0 stale=0
  23.748  P t=21s rxkBps=161 blkkBps=0 pongs=12723(+678/s) cancels=0(+0/s) notify=1 disc=0(0x00) | echo rx=0 tx=0 pend=0 stale=0
  23.748  P t=22s rxkBps=162 blkkBps=0 pongs=13406(+683/s) cancels=0(+0/s) notify=1 disc=0(0x00) | echo rx=0 tx=0 pend=0 stale=0
  25.738  P t=23s rxkBps=163 blkkBps=0 pongs=14091(+685/s) cancels=0(+0/s) notify=1 disc=0(0x00) | echo rx=0 tx=0 pend=0 stale=0
  25.738  P t=24s rxkBps=156 blkkBps=0 pongs=14748(+657/s) cancels=0(+0/s) notify=1 disc=0(0x00) | echo rx=0 tx=0 pend=0 stale=0
  27.693  P t=25s rxkBps=157 blkkBps=0 pongs=15408(+660/s) cancels=0(+0/s) notify=1 disc=0(0x00) | echo rx=0 tx=0 pend=0 stale=0
  27.748  P t=26s rxkBps=156 blkkBps=0 pongs=16066(+658/s) cancels=0(+0/s) notify=1 disc=0(0x00) | echo rx=0 tx=0 pend=0 stale=0
  29.694  P t=27s rxkBps=159 blkkBps=0 pongs=16736(+670/s) cancels=0(+0/s) notify=1 disc=0(0x00) | echo rx=0 tx=0 pend=0 stale=0
  29.754  P t=28s rxkBps=157 blkkBps=0 pongs=17399(+663/s) cancels=0(+0/s) notify=1 disc=0(0x00) | echo rx=0 tx=0 pend=0 stale=0
