   1.936  *** Booting nRF Connect SDK v3.4.0-99553055607b ***
   1.936  *** Using Zephyr OS v4.4.0-bf801e4e3d19 ***
   1.992  [00:39:53.579,472] [0m<inf> bt_sdc_hci_driver: SoftDevice Controller build revision:
   1.992                                              c8 da 30 98 f9 f0 34 a4  4b 6e ba d3 08 19 cc 0c |..0...4. Kn......
   1.992                                              ea 51 da 47                                      |.Q.G             [0m
   1.992  [00:39:53.580,691] [0m<inf> bt_hci_core: HW Platform: Nordic Semiconductor (0x0002)[0m
   1.992  [00:39:53.580,704] [0m<inf> bt_hci_core: HW Variant: nRF54Lx (0x0005)[0m
   1.992  [00:39:53.580,715] [0m<inf> bt_hci_core: Firmware: Standard Bluetooth controller (0x00) Version 200.12506 Build 888207768[0m
   1.992  [00:39:53.581,119] [0m<inf> bt_hci_core: HCI transport: SDC[0m
   2.050  [00:39:53.581,167] [0m<inf> bt_hci_core: Identity: D6:C7:60:B1:D3:0E (random)[0m
   2.050  [00:39:53.581,183] [0m<inf> bt_hci_core: HCI: version 6.3 (0x11) revision 0x3039, manufacturer 0x0059[0m
   2.050  [00:39:53.581,199] [0m<inf> bt_hci_core: LMP: version 6.3 (0x11) subver 0x3039[0m
   2.050  
   2.050  === nRF54L15 RTT ping-pong CENTRAL ===
   2.050  scan rc=0
   3.094  GAP connected interval=37500
   3.094  MTU err=0 mtu=247
   3.095  PHY tx=2 rx=2
   3.095  t=1s RTT mean=0 min=0 max=0 n=0 to=0 | cancels=0(+0/s) seqbad=0 len_bad=0 disc=0(0x00) | tot_n=0 tot_to=0 maxever=0 >2ms=0 >5ms=0 >15ms=0 >20ms=0 >30ms=0 | probes=0 wrfail=0 down=1s maxout=1s
   3.377  discovery start (post-PHY +500ms) interval=37500 phy2m=1
   3.377  SUBSCRIBED, vh=18
   3.377  BLAST: phy_update->2M rc=0
   3.377  BLASTC comp=1 exkBps=0 cgap_us[min/avg/max]=4294967295/0/0
   3.377  BLAST phy=2/2 att=1 ok=1 enomem=0 err=0 call_us[min/avg/max]=157/157/157 okgap_max_us=0
   3.377  PHY tx=2 rx=2
   3.377  BLAST first16_call_us: 157 318 120 118 118 118 118 118 118 112 52 49 48 49 49 48
   4.950  BLASTC comp=398 exkBps=0 cgap_us[min/avg/max]=128/1500/37480
   4.950  BLAST phy=2/2 att=408 ok=408 enomem=0 err=0 call_us[min/avg/max]=48/1452/36794 okgap_max_us=36805
   5.010  t=2s RTT mean=0 min=0 max=0 n=0 to=0 | cancels=0(+0/s) seqbad=0 len_bad=0 disc=0(0x00) | tot_n=0 tot_to=0 maxever=0 >2ms=0 >5ms=0 >15ms=0 >20ms=0 >30ms=0 | probes=0 wrfail=0 down=1s maxout=1s
   5.010  BLASTC comp=673 exkBps=0 cgap_us[min/avg/max]=1390/1485/26358
   5.010  BLAST phy=2/2 att=673 ok=673 enomem=0 err=0 call_us[min/avg/max]=1342/1474/26347 okgap_max_us=26358
   5.010  t=3s RTT mean=0 min=0 max=0 n=0 to=0 | cancels=0(+0/s) seqbad=0 len_bad=0 disc=0(0x00) | tot_n=0 tot_to=0 maxever=0 >2ms=0 >5ms=0 >15ms=0 >20ms=0 >30ms=0 | probes=0 wrfail=0 down=1s maxout=1s
   6.980  BLASTC comp=655 exkBps=0 cgap_us[min/avg/max]=1387/1526/26358
   6.980  BLAST phy=2/2 att=655 ok=655 enomem=0 err=0 call_us[min/avg/max]=1339/1515/26347 okgap_max_us=26358
   6.980  t=4s RTT mean=0 min=0 max=0 n=0 to=0 | cancels=0(+0/s) seqbad=0 len_bad=0 disc=0(0x00) | tot_n=0 tot_to=0 maxever=0 >2ms=0 >5ms=0 >15ms=0 >20ms=0 >30ms=0 | probes=0 wrfail=0 down=1s maxout=1s
   6.980  BLASTC comp=689 exkBps=0 cgap_us[min/avg/max]=1390/1451/2780
   6.980  BLAST phy=2/2 att=689 ok=689 enomem=0 err=0 call_us[min/avg/max]=1328/1440/2770 okgap_max_us=2780
   7.039  t=5s RTT mean=0 min=0 max=0 n=0 to=0 | cancels=0(+0/s) seqbad=0 len_bad=0 disc=0(0x00) | tot_n=0 tot_to=0 maxever=0 >2ms=0 >5ms=0 >15ms=0 >20ms=0 >30ms=0 | probes=0 wrfail=0 down=1s maxout=1s
   8.946  BLASTC comp=692 exkBps=0 cgap_us[min/avg/max]=1390/1445/4069
   8.946  BLAST phy=2/2 att=692 ok=692 enomem=0 err=0 call_us[min/avg/max]=1347/1434/4059 okgap_max_us=4069
   8.999  t=6s RTT mean=0 min=0 max=0 n=0 to=0 | cancels=0(+0/s) seqbad=0 len_bad=0 disc=0(0x00) | tot_n=0 tot_to=0 maxever=0 >2ms=0 >5ms=0 >15ms=0 >20ms=0 >30ms=0 | probes=0 wrfail=0 down=1s maxout=1s
   8.999  BLASTC comp=683 exkBps=0 cgap_us[min/avg/max]=1390/1464/11035
   8.999  BLAST phy=2/2 att=683 ok=683 enomem=0 err=0 call_us[min/avg/max]=1330/1453/11025 okgap_max_us=11035
   8.999  t=7s RTT mean=0 min=0 max=0 n=0 to=0 | cancels=0(+0/s) seqbad=0 len_bad=0 disc=0(0x00) | tot_n=0 tot_to=0 maxever=0 >2ms=0 >5ms=0 >15ms=0 >20ms=0 >30ms=0 | probes=0 wrfail=0 down=1s maxout=1s
  10.979  BLASTC comp=692 exkBps=0 cgap_us[min/avg/max]=1387/1445/2780
  10.979  BLAST phy=2/2 att=692 ok=692 enomem=0 err=0 call_us[min/avg/max]=1339/1434/2769 okgap_max_us=2780
  10.979  t=8s RTT mean=0 min=0 max=0 n=0 to=0 | cancels=0(+0/s) seqbad=0 len_bad=0 disc=0(0x00) | tot_n=0 tot_to=0 maxever=0 >2ms=0 >5ms=0 >15ms=0 >20ms=0 >30ms=0 | probes=0 wrfail=0 down=1s maxout=1s
  10.979  BLASTC comp=671 exkBps=0 cgap_us[min/avg/max]=1390/1490/33323
  10.979  BLAST phy=2/2 att=671 ok=671 enomem=0 err=0 call_us[min/avg/max]=1353/1479/33312 okgap_max_us=33323
  11.041  t=9s RTT mean=0 min=0 max=0 n=0 to=0 | cancels=0(+0/s) seqbad=0 len_bad=0 disc=0(0x00) | tot_n=0 tot_to=0 maxever=0 >2ms=0 >5ms=0 >15ms=0 >20ms=0 >30ms=0 | probes=0 wrfail=0 down=1s maxout=1s
  12.927  BLASTC comp=667 exkBps=0 cgap_us[min/avg/max]=1386/1499/33324
  12.988  BLAST phy=2/2 att=667 ok=667 enomem=0 err=0 call_us[min/avg/max]=1342/1488/33313 okgap_max_us=33324
  12.988  t=10s RTT mean=0 min=0 max=0 n=0 to=0 | cancels=0(+0/s) seqbad=0 len_bad=0 disc=0(0x00) | tot_n=0 tot_to=0 maxever=0 >2ms=0 >5ms=0 >15ms=0 >20ms=0 >30ms=0 | probes=0 wrfail=0 down=1s maxout=1s
  12.988  BLASTC comp=691 exkBps=0 cgap_us[min/avg/max]=1381/1447/2780
  12.988  BLAST phy=2/2 att=691 ok=691 enomem=0 err=0 call_us[min/avg/max]=1275/1436/2769 okgap_max_us=2780
  13.043  t=11s RTT mean=0 min=0 max=0 n=0 to=0 | cancels=0(+0/s) seqbad=0 len_bad=0 disc=0(0x00) | tot_n=0 tot_to=0 maxever=0 >2ms=0 >5ms=0 >15ms=0 >20ms=0 >30ms=0 | probes=0 wrfail=0 down=1s maxout=1s
  14.982  BLASTC comp=691 exkBps=0 cgap_us[min/avg/max]=1390/1447/4061
  14.982  BLAST phy=2/2 att=691 ok=691 enomem=0 err=0 call_us[min/avg/max]=1352/1436/4052 okgap_max_us=4062
  14.982  t=12s RTT mean=0 min=0 max=0 n=0 to=0 | cancels=0(+0/s) seqbad=0 len_bad=0 disc=0(0x00) | tot_n=0 tot_to=0 maxever=0 >2ms=0 >5ms=0 >15ms=0 >20ms=0 >30ms=0 | probes=0 wrfail=0 down=1s maxout=1s
  14.982  BLASTC comp=691 exkBps=0 cgap_us[min/avg/max]=1390/1447/2780
  14.982  BLAST phy=2/2 att=691 ok=691 enomem=0 err=0 call_us[min/avg/max]=1322/1436/2769 okgap_max_us=2780
  15.036  t=13s RTT mean=0 min=0 max=0 n=0 to=0 | cancels=0(+0/s) seqbad=0 len_bad=0 disc=0(0x00) | tot_n=0 tot_to=0 maxever=0 >2ms=0 >5ms=0 >15ms=0 >20ms=0 >30ms=0 | probes=0 wrfail=0 down=1s maxout=1s
  16.302  FSU: request [150..150] us (ACL both dirs, 1M+2M) rc=0
  16.302  FSU: updated status=0x00 spacing=150 us phys=0x0 types=0x0 initiator=0
  16.356  BLASTC comp=613 exkBps=0 cgap_us[min/avg/max]=1386/1631/40282
  16.356  BLAST phy=2/2 att=613 ok=613 enomem=0 err=0 call_us[min/avg/max]=1329/1620/40272 okgap_max_us=40282
  16.356  t=14s RTT mean=0 min=0 max=0 n=0 to=0 | cancels=0(+0/s) seqbad=0 len_bad=0 disc=0(0x00) | tot_n=0 tot_to=0 maxever=0 >2ms=0 >5ms=0 >15ms=0 >20ms=0 >30ms=0 | probes=0 wrfail=0 down=1s maxout=1s
  17.928  BLASTC comp=692 exkBps=0 cgap_us[min/avg/max]=1386/1445/2780
  17.988  BLAST phy=2/2 att=692 ok=692 enomem=0 err=0 call_us[min/avg/max]=1349/1434/2769 okgap_max_us=2780
  17.988  t=15s RTT mean=0 min=0 max=0 n=0 to=0 | cancels=0(+0/s) seqbad=0 len_bad=0 disc=0(0x00) | tot_n=0 tot_to=0 maxever=0 >2ms=0 >5ms=0 >15ms=0 >20ms=0 >30ms=0 | probes=0 wrfail=0 down=1s maxout=1s
  17.988  BLASTC comp=692 exkBps=0 cgap_us[min/avg/max]=1390/1445/2779
  17.988  BLAST phy=2/2 att=692 ok=692 enomem=0 err=0 call_us[min/avg/max]=1320/1434/2769 okgap_max_us=2779
  18.048  t=16s RTT mean=0 min=0 max=0 n=0 to=0 | cancels=0(+0/s) seqbad=0 len_bad=0 disc=0(0x00) | tot_n=0 tot_to=0 maxever=0 >2ms=0 >5ms=0 >15ms=0 >20ms=0 >30ms=0 | probes=0 wrfail=0 down=1s maxout=1s
  19.960  BLASTC comp=691 exkBps=0 cgap_us[min/avg/max]=1386/1447/2781
  19.961  BLAST phy=2/2 att=691 ok=691 enomem=0 err=0 call_us[min/avg/max]=1327/1436/2770 okgap_max_us=2781
  19.961  t=17s RTT mean=0 min=0 max=0 n=0 to=0 | cancels=0(+0/s) seqbad=0 len_bad=0 disc=0(0x00) | tot_n=0 tot_to=0 maxever=0 >2ms=0 >5ms=0 >15ms=0 >20ms=0 >30ms=0 | probes=0 wrfail=0 down=1s maxout=1s
  20.021  BLASTC comp=691 exkBps=0 cgap_us[min/avg/max]=1390/1447/2780
  20.021  BLAST phy=2/2 att=691 ok=691 enomem=0 err=0 call_us[min/avg/max]=1346/1436/2769 okgap_max_us=2780
  20.021  t=18s RTT mean=0 min=0 max=0 n=0 to=0 | cancels=0(+0/s) seqbad=0 len_bad=0 disc=0(0x00) | tot_n=0 tot_to=0 maxever=0 >2ms=0 >5ms=0 >15ms=0 >20ms=0 >30ms=0 | probes=0 wrfail=0 down=1s maxout=1s
  21.943  BLASTC comp=674 exkBps=0 cgap_us[min/avg/max]=1381/1483/24965
  21.943  BLAST phy=2/2 att=674 ok=674 enomem=0 err=0 call_us[min/avg/max]=1329/1472/24955 okgap_max_us=24965
  22.002  t=19s RTT mean=0 min=0 max=0 n=0 to=0 | cancels=0(+0/s) seqbad=0 len_bad=0 disc=0(0x00) | tot_n=0 tot_to=0 maxever=0 >2ms=0 >5ms=0 >15ms=0 >20ms=0 >30ms=0 | probes=0 wrfail=0 down=1s maxout=1s
  22.002  BLASTC comp=681 exkBps=0 cgap_us[min/avg/max]=1382/1468/20786
  22.002  BLAST phy=2/2 att=681 ok=681 enomem=0 err=0 call_us[min/avg/max]=1277/1457/20775 okgap_max_us=20786
  22.002  t=20s RTT mean=0 min=0 max=0 n=0 to=0 | cancels=0(+0/s) seqbad=0 len_bad=0 disc=0(0x00) | tot_n=0 tot_to=0 maxever=0 >2ms=0 >5ms=0 >15ms=0 >20ms=0 >30ms=0 | probes=0 wrfail=0 down=1s maxout=1s
  23.971  t=21s RTT mean=0 min=0 max=0 n=0 to=0 | cancels=0(+0/s) seqbad=0 len_bad=0 disc=0(0x00) | tot_n=0 tot_to=0 maxever=0 >2ms=0 >5ms=0 >15ms=0 >20ms=0 >30ms=0 | probes=0 wrfail=0 down=1s maxout=1s
  23.971  BLASTC comp=654 exkBps=0 cgap_us[min/avg/max]=1390/1554/24967
  23.971  BLAST phy=2/2 att=654 ok=654 enomem=0 err=0 call_us[min/avg/max]=1336/1543/24963 okgap_max_us=24966
  23.971  BLASTC comp=665 exkBps=0 cgap_us[min/avg/max]=1390/1478/24965
  24.021  BLAST phy=2/2 att=665 ok=665 enomem=0 err=0 call_us[min/avg/max]=1322/1467/24955 okgap_max_us=25032
  24.021  t=22s RTT mean=0 min=0 max=0 n=0 to=0 | cancels=0(+0/s) seqbad=0 len_bad=0 disc=0(0x00) | tot_n=0 tot_to=0 maxever=0 >2ms=0 >5ms=0 >15ms=0 >20ms=0 >30ms=0 | probes=0 wrfail=0 down=1s maxout=1s
  25.961  BLASTC comp=692 exkBps=0 cgap_us[min/avg/max]=1386/1445/2780
  25.961  BLAST phy=2/2 att=692 ok=692 enomem=0 err=0 call_us[min/avg/max]=1324/1434/2769 okgap_max_us=2780
  25.962  t=23s RTT mean=0 min=0 max=0 n=0 to=0 | cancels=0(+0/s) seqbad=0 len_bad=0 disc=0(0x00) | tot_n=0 tot_to=0 maxever=0 >2ms=0 >5ms=0 >15ms=0 >20ms=0 >30ms=0 | probes=0 wrfail=0 down=1s maxout=1s
  26.021  BLASTC comp=692 exkBps=0 cgap_us[min/avg/max]=1390/1445/2779
  26.021  BLAST phy=2/2 att=692 ok=692 enomem=0 err=0 call_us[min/avg/max]=1345/1434/2769 okgap_max_us=2779
  26.021  t=24s RTT mean=0 min=0 max=0 n=0 to=0 | cancels=0(+0/s) seqbad=0 len_bad=0 disc=0(0x00) | tot_n=0 tot_to=0 maxever=0 >2ms=0 >5ms=0 >15ms=0 >20ms=0 >30ms=0 | probes=0 wrfail=0 down=1s maxout=1s
  27.936  BLASTC comp=692 exkBps=0 cgap_us[min/avg/max]=1387/1445/2779
  27.992  BLAST phy=2/2 att=692 ok=692 enomem=0 err=0 call_us[min/avg/max]=1329/1434/2768 okgap_max_us=2779
  27.992  t=25s RTT mean=0 min=0 max=0 n=0 to=0 | cancels=0(+0/s) seqbad=0 len_bad=0 disc=0(0x00) | tot_n=0 tot_to=0 maxever=0 >2ms=0 >5ms=0 >15ms=0 >20ms=0 >30ms=0 | probes=0 wrfail=0 down=1s maxout=1s
  27.992  BLASTC comp=693 exkBps=0 cgap_us[min/avg/max]=1390/1443/2779
  27.992  BLAST phy=2/2 att=693 ok=693 enomem=0 err=0 call_us[min/avg/max]=1320/1432/2769 okgap_max_us=2780
  28.044  t=26s RTT mean=0 min=0 max=0 n=0 to=0 | cancels=0(+0/s) seqbad=0 len_bad=0 disc=0(0x00) | tot_n=0 tot_to=0 maxever=0 >2ms=0 >5ms=0 >15ms=0 >20ms=0 >30ms=0 | probes=0 wrfail=0 down=1s maxout=1s
  29.927  BLASTC comp=691 exkBps=0 cgap_us[min/avg/max]=1389/1447/2780
  29.987  BLAST phy=2/2 att=691 ok=691 enomem=0 err=0 call_us[min/avg/max]=1335/1436/2769 okgap_max_us=2780
  29.987  t=27s RTT mean=0 min=0 max=0 n=0 to=0 | cancels=0(+0/s) seqbad=0 len_bad=0 disc=0(0x00) | tot_n=0 tot_to=0 maxever=0 >2ms=0 >5ms=0 >15ms=0 >20ms=0 >30ms=0 | probes=0 wrfail=0 down=1s maxout=1s
  29.987  BLASTC comp=692 exkBps=0 cgap_us[min/avg/max]=1388/1445/2779
  29.987  BLAST phy=2/2 att=692 ok=692 enomem=0 err=0 call_us[min/avg/max]=1321/1434/2768 okgap_max_us=2779
