   1.976  *** Booting nRF Connect SDK v3.4.0-99553055607b ***
   1.976  *** Using Zephyr OS v4.4.0-bf801e4e3d19 ***
   1.976  [00:35:53.761,978] [0m<inf> bt_sdc_hci_driver: SoftDevice Controller build revision:
   1.976                                              c8 da 30 98 f9 f0 34 a4  4b 6e ba d3 08 19 cc 0c |..0...4. Kn......
   1.976                                              ea 51 da 47                                      |.Q.G             [0m
   1.976  [00:35:53.763,196] [0m<inf> bt_hci_core: HW Platform: Nordic Semiconductor (0x0002)[0m
   1.976  [00:35:53.763,209] [0m<inf> bt_hci_core: HW Variant: nRF54Lx (0x0005)[0m
   1.976  [00:35:53.763,221] [0m<inf> bt_hci_core: Firmware: Standard Bluetooth controller (0x00) Version 200.12506 Build 888207768[0m
   2.030  [00:35:53.763,624] [0m<inf> bt_hci_core: HCI transport: SDC[0m
   2.030  [00:35:53.763,672] [0m<inf> bt_hci_core: Identity: D6:C7:60:B1:D3:0E (random)[0m
   2.030  [00:35:53.763,688] [0m<inf> bt_hci_core: HCI: version 6.3 (0x11) revision 0x3039, manufacturer 0x0059[0m
   2.030  [00:35:53.763,703] [0m<inf> bt_hci_core: LMP: version 6.3 (0x11) subver 0x3039[0m
   2.030  
   2.031  === nRF54L15 RTT ping-pong CENTRAL ===
   2.031  scan rc=0
   3.058  GAP connected interval=25000
   3.058  MTU err=0 mtu=247
   3.058  PHY tx=2 rx=2
   3.058  discovery start (post-PHY +500ms) interval=25000 phy2m=1
   3.058  t=1s RTT mean=0 min=0 max=0 n=0 to=0 | cancels=0(+0/s) seqbad=0 len_bad=0 disc=0(0x00) | tot_n=0 tot_to=0 maxever=0 >2ms=0 >5ms=0 >15ms=0 >20ms=0 >30ms=0 | probes=0 wrfail=0 down=1s maxout=1s
   3.058  SUBSCRIBED, vh=18
   3.114  BLAST: phy_update->2M rc=0
   3.114  BLASTC comp=1 exkBps=0 cgap_us[min/avg/max]=4294967295/0/0
   3.114  BLAST phy=2/2 att=1 ok=1 enomem=0 err=0 call_us[min/avg/max]=132/132/132 okgap_max_us=0
   3.114  BLAST first16_call_us: 132 121 116 118 118 118 118 118 117 112 52 49 49 49 48 128
   3.114  PHY tx=2 rx=2
   4.952  BLASTC comp=584 exkBps=0 cgap_us[min/avg/max]=127/1451/2779
   4.952  BLAST phy=2/2 att=594 ok=594 enomem=0 err=0 call_us[min/avg/max]=48/1416/2768 okgap_max_us=2779
   4.952  t=2s RTT mean=0 min=0 max=0 n=0 to=0 | cancels=0(+0/s) seqbad=0 len_bad=0 disc=0(0x00) | tot_n=0 tot_to=0 maxever=0 >2ms=0 >5ms=0 >15ms=0 >20ms=0 >30ms=0 | probes=0 wrfail=0 down=1s maxout=1s
   5.012  BLASTC comp=675 exkBps=0 cgap_us[min/avg/max]=1390/1481/2781
   5.012  BLAST phy=2/2 att=675 ok=675 enomem=0 err=0 call_us[min/avg/max]=1330/1470/2770 okgap_max_us=2781
   5.012  t=3s RTT mean=0 min=0 max=0 n=0 to=0 | cancels=0(+0/s) seqbad=0 len_bad=0 disc=0(0x00) | tot_n=0 tot_to=0 maxever=0 >2ms=0 >5ms=0 >15ms=0 >20ms=0 >30ms=0 | probes=0 wrfail=0 down=1s maxout=1s
   6.952  BLASTC comp=678 exkBps=0 cgap_us[min/avg/max]=1387/1474/2779
   6.952  BLAST phy=2/2 att=678 ok=678 enomem=0 err=0 call_us[min/avg/max]=1323/1464/2769 okgap_max_us=2779
   6.952  t=4s RTT mean=0 min=0 max=0 n=0 to=0 | cancels=0(+0/s) seqbad=0 len_bad=0 disc=0(0x00) | tot_n=0 tot_to=0 maxever=0 >2ms=0 >5ms=0 >15ms=0 >20ms=0 >30ms=0 | probes=0 wrfail=0 down=1s maxout=1s
   7.012  BLASTC comp=677 exkBps=0 cgap_us[min/avg/max]=1390/1477/2808
   7.012  BLAST phy=2/2 att=677 ok=677 enomem=0 err=0 call_us[min/avg/max]=1329/1466/2798 okgap_max_us=2808
   7.012  t=5s RTT mean=0 min=0 max=0 n=0 to=0 | cancels=0(+0/s) seqbad=0 len_bad=0 disc=0(0x00) | tot_n=0 tot_to=0 maxever=0 >2ms=0 >5ms=0 >15ms=0 >20ms=0 >30ms=0 | probes=0 wrfail=0 down=1s maxout=1s
   8.944  BLASTC comp=677 exkBps=0 cgap_us[min/avg/max]=1389/1477/2808
   8.945  BLAST phy=2/2 att=677 ok=677 enomem=0 err=0 call_us[min/avg/max]=1324/1466/2798 okgap_max_us=2808
   9.005  t=6s RTT mean=0 min=0 max=0 n=0 to=0 | cancels=0(+0/s) seqbad=0 len_bad=0 disc=0(0x00) | tot_n=0 tot_to=0 maxever=0 >2ms=0 >5ms=0 >15ms=0 >20ms=0 >30ms=0 | probes=0 wrfail=0 down=1s maxout=1s
   9.005  BLASTC comp=680 exkBps=0 cgap_us[min/avg/max]=1390/1470/2697
   9.005  BLAST phy=2/2 att=680 ok=680 enomem=0 err=0 call_us[min/avg/max]=1329/1459/2686 okgap_max_us=2697
   9.005  t=7s RTT mean=0 min=0 max=0 n=0 to=0 | cancels=0(+0/s) seqbad=0 len_bad=0 disc=0(0x00) | tot_n=0 tot_to=0 maxever=0 >2ms=0 >5ms=0 >15ms=0 >20ms=0 >30ms=0 | probes=0 wrfail=0 down=1s maxout=1s
  10.925  BLASTC comp=649 exkBps=0 cgap_us[min/avg/max]=1386/1540/22216
  10.985  BLAST phy=2/2 att=649 ok=649 enomem=0 err=0 call_us[min/avg/max]=1323/1529/22206 okgap_max_us=22216
  10.985  t=8s RTT mean=0 min=0 max=0 n=0 to=0 | cancels=0(+0/s) seqbad=0 len_bad=0 disc=0(0x00) | tot_n=0 tot_to=0 maxever=0 >2ms=0 >5ms=0 >15ms=0 >20ms=0 >30ms=0 | probes=0 wrfail=0 down=1s maxout=1s
  10.985  BLASTC comp=679 exkBps=0 cgap_us[min/avg/max]=1390/1472/2777
  10.985  BLAST phy=2/2 att=679 ok=679 enomem=0 err=0 call_us[min/avg/max]=1333/1461/2767 okgap_max_us=2777
  11.045  t=9s RTT mean=0 min=0 max=0 n=0 to=0 | cancels=0(+0/s) seqbad=0 len_bad=0 disc=0(0x00) | tot_n=0 tot_to=0 maxever=0 >2ms=0 >5ms=0 >15ms=0 >20ms=0 >30ms=0 | probes=0 wrfail=0 down=1s maxout=1s
  12.932  BLASTC comp=673 exkBps=0 cgap_us[min/avg/max]=1386/1485/9679
  12.932  BLAST phy=2/2 att=673 ok=673 enomem=0 err=0 call_us[min/avg/max]=1324/1475/9669 okgap_max_us=9680
  12.992  t=10s RTT mean=0 min=0 max=0 n=0 to=0 | cancels=0(+0/s) seqbad=0 len_bad=0 disc=0(0x00) | tot_n=0 tot_to=0 maxever=0 >2ms=0 >5ms=0 >15ms=0 >20ms=0 >30ms=0 | probes=0 wrfail=0 down=1s maxout=1s
  12.992  BLASTC comp=678 exkBps=0 cgap_us[min/avg/max]=1390/1474/2780
  12.992  BLAST phy=2/2 att=678 ok=678 enomem=0 err=0 call_us[min/avg/max]=1322/1464/2769 okgap_max_us=2780
  12.992  t=11s RTT mean=0 min=0 max=0 n=0 to=0 | cancels=0(+0/s) seqbad=0 len_bad=0 disc=0(0x00) | tot_n=0 tot_to=0 maxever=0 >2ms=0 >5ms=0 >15ms=0 >20ms=0 >30ms=0 | probes=0 wrfail=0 down=1s maxout=1s
  14.926  BLASTC comp=677 exkBps=0 cgap_us[min/avg/max]=1386/1477/2780
  14.987  BLAST phy=2/2 att=677 ok=677 enomem=0 err=0 call_us[min/avg/max]=1314/1466/2769 okgap_max_us=2780
  14.987  t=12s RTT mean=0 min=0 max=0 n=0 to=0 | cancels=0(+0/s) seqbad=0 len_bad=0 disc=0(0x00) | tot_n=0 tot_to=0 maxever=0 >2ms=0 >5ms=0 >15ms=0 >20ms=0 >30ms=0 | probes=0 wrfail=0 down=1s maxout=1s
  14.987  BLASTC comp=680 exkBps=0 cgap_us[min/avg/max]=1390/1470/2697
  14.987  BLAST phy=2/2 att=680 ok=680 enomem=0 err=0 call_us[min/avg/max]=1321/1459/2687 okgap_max_us=2697
  15.047  t=13s RTT mean=0 min=0 max=0 n=0 to=0 | cancels=0(+0/s) seqbad=0 len_bad=0 disc=0(0x00) | tot_n=0 tot_to=0 maxever=0 >2ms=0 >5ms=0 >15ms=0 >20ms=0 >30ms=0 | probes=0 wrfail=0 down=1s maxout=1s
  16.061  FSU: request [150..150] us (ACL both dirs, 1M+2M) rc=0
  16.061  FSU: updated status=0x00 spacing=150 us phys=0x0 types=0x0 initiator=0
  16.061  BLASTC comp=626 exkBps=0 cgap_us[min/avg/max]=1385/1597/27825
  16.061  BLAST phy=2/2 att=626 ok=626 enomem=0 err=0 call_us[min/avg/max]=1314/1586/27813 okgap_max_us=27824
  16.121  t=14s RTT mean=0 min=0 max=0 n=0 to=0 | cancels=0(+0/s) seqbad=0 len_bad=0 disc=0(0x00) | tot_n=0 tot_to=0 maxever=0 >2ms=0 >5ms=0 >15ms=0 >20ms=0 >30ms=0 | probes=0 wrfail=0 down=1s maxout=1s
  17.968  BLASTC comp=667 exkBps=0 cgap_us[min/avg/max]=1386/1499/18037
  17.968  BLAST phy=2/2 att=667 ok=667 enomem=0 err=0 call_us[min/avg/max]=1325/1488/18026 okgap_max_us=18037
  17.968  t=15s RTT mean=0 min=0 max=0 n=0 to=0 | cancels=0(+0/s) seqbad=0 len_bad=0 disc=0(0x00) | tot_n=0 tot_to=0 maxever=0 >2ms=0 >5ms=0 >15ms=0 >20ms=0 >30ms=0 | probes=0 wrfail=0 down=1s maxout=1s
  17.968  BLASTC comp=658 exkBps=0 cgap_us[min/avg/max]=1390/1519/16644
  17.968  BLAST phy=2/2 att=658 ok=658 enomem=0 err=0 call_us[min/avg/max]=1321/1508/16633 okgap_max_us=16644
  18.028  t=16s RTT mean=0 min=0 max=0 n=0 to=0 | cancels=0(+0/s) seqbad=0 len_bad=0 disc=0(0x00) | tot_n=0 tot_to=0 maxever=0 >2ms=0 >5ms=0 >15ms=0 >20ms=0 >30ms=0 | probes=0 wrfail=0 down=1s maxout=1s
  19.920  BLASTC comp=673 exkBps=0 cgap_us[min/avg/max]=1387/1485/6893
  19.980  BLAST phy=2/2 att=673 ok=673 enomem=0 err=0 call_us[min/avg/max]=1313/1475/6883 okgap_max_us=6893
  19.980  t=17s RTT mean=0 min=0 max=0 n=0 to=0 | cancels=0(+0/s) seqbad=0 len_bad=0 disc=0(0x00) | tot_n=0 tot_to=0 maxever=0 >2ms=0 >5ms=0 >15ms=0 >20ms=0 >30ms=0 | probes=0 wrfail=0 down=1s maxout=1s
  19.980  BLASTC comp=672 exkBps=0 cgap_us[min/avg/max]=1390/1488/13858
  19.980  BLAST phy=2/2 att=672 ok=672 enomem=0 err=0 call_us[min/avg/max]=1321/1477/13848 okgap_max_us=13858
  20.033  t=18s RTT mean=0 min=0 max=0 n=0 to=0 | cancels=0(+0/s) seqbad=0 len_bad=0 disc=0(0x00) | tot_n=0 tot_to=0 maxever=0 >2ms=0 >5ms=0 >15ms=0 >20ms=0 >30ms=0 | probes=0 wrfail=0 down=1s maxout=1s
  21.939  BLASTC comp=677 exkBps=0 cgap_us[min/avg/max]=1387/1477/4077
  21.939  BLAST phy=2/2 att=677 ok=677 enomem=0 err=0 call_us[min/avg/max]=1314/1466/4066 okgap_max_us=4077
  21.992  t=19s RTT mean=0 min=0 max=0 n=0 to=0 | cancels=0(+0/s) seqbad=0 len_bad=0 disc=0(0x00) | tot_n=0 tot_to=0 maxever=0 >2ms=0 >5ms=0 >15ms=0 >20ms=0 >30ms=0 | probes=0 wrfail=0 down=1s maxout=1s
  21.992  BLASTC comp=678 exkBps=0 cgap_us[min/avg/max]=1390/1474/4109
  21.992  BLAST phy=2/2 att=678 ok=678 enomem=0 err=0 call_us[min/avg/max]=1322/1464/4099 okgap_max_us=4109
  21.992  t=20s RTT mean=0 min=0 max=0 n=0 to=0 | cancels=0(+0/s) seqbad=0 len_bad=0 disc=0(0x00) | tot_n=0 tot_to=0 maxever=0 >2ms=0 >5ms=0 >15ms=0 >20ms=0 >30ms=0 | probes=0 wrfail=0 down=1s maxout=1s
  23.919  BLASTC comp=678 exkBps=0 cgap_us[min/avg/max]=1385/1474/2780
  23.979  BLAST phy=2/2 att=678 ok=678 enomem=0 err=0 call_us[min/avg/max]=1314/1464/2769 okgap_max_us=2780
  23.979  t=21s RTT mean=0 min=0 max=0 n=0 to=0 | cancels=0(+0/s) seqbad=0 len_bad=0 disc=0(0x00) | tot_n=0 tot_to=0 maxever=0 >2ms=0 >5ms=0 >15ms=0 >20ms=0 >30ms=0 | probes=0 wrfail=0 down=1s maxout=1s
  23.979  BLASTC comp=678 exkBps=0 cgap_us[min/avg/max]=1390/1474/4107
  23.979  BLAST phy=2/2 att=678 ok=678 enomem=0 err=0 call_us[min/avg/max]=1321/1464/4097 okgap_max_us=4108
  24.038  t=22s RTT mean=0 min=0 max=0 n=0 to=0 | cancels=0(+0/s) seqbad=0 len_bad=0 disc=0(0x00) | tot_n=0 tot_to=0 maxever=0 >2ms=0 >5ms=0 >15ms=0 >20ms=0 >30ms=0 | probes=0 wrfail=0 down=1s maxout=1s
  25.963  BLASTC comp=661 exkBps=0 cgap_us[min/avg/max]=1386/1512/27690
  25.963  BLAST phy=2/2 att=661 ok=661 enomem=0 err=0 call_us[min/avg/max]=1313/1502/27679 okgap_max_us=27690
  25.963  t=23s RTT mean=0 min=0 max=0 n=0 to=0 | cancels=0(+0/s) seqbad=0 len_bad=0 disc=0(0x00) | tot_n=0 tot_to=0 maxever=0 >2ms=0 >5ms=0 >15ms=0 >20ms=0 >30ms=0 | probes=0 wrfail=0 down=1s maxout=1s
  25.963  BLASTC comp=675 exkBps=0 cgap_us[min/avg/max]=1389/1481/8292
  26.015  BLAST phy=2/2 att=675 ok=675 enomem=0 err=0 call_us[min/avg/max]=1321/1470/8282 okgap_max_us=8292
  26.016  t=24s RTT mean=0 min=0 max=0 n=0 to=0 | cancels=0(+0/s) seqbad=0 len_bad=0 disc=0(0x00) | tot_n=0 tot_to=0 maxever=0 >2ms=0 >5ms=0 >15ms=0 >20ms=0 >30ms=0 | probes=0 wrfail=0 down=1s maxout=1s
  27.924  BLASTC comp=674 exkBps=0 cgap_us[min/avg/max]=1387/1483/4107
  27.981  BLAST phy=2/2 att=674 ok=674 enomem=0 err=0 call_us[min/avg/max]=1313/1472/4096 okgap_max_us=4107
  27.981  t=25s RTT mean=0 min=0 max=0 n=0 to=0 | cancels=0(+0/s) seqbad=0 len_bad=0 disc=0(0x00) | tot_n=0 tot_to=0 maxever=0 >2ms=0 >5ms=0 >15ms=0 >20ms=0 >30ms=0 | probes=0 wrfail=0 down=1s maxout=1s
  27.981  BLASTC comp=674 exkBps=0 cgap_us[min/avg/max]=1390/1483/4076
  27.981  BLAST phy=2/2 att=674 ok=674 enomem=0 err=0 call_us[min/avg/max]=1322/1472/4066 okgap_max_us=4076
  28.041  t=26s RTT mean=0 min=0 max=0 n=0 to=0 | cancels=0(+0/s) seqbad=0 len_bad=0 disc=0(0x00) | tot_n=0 tot_to=0 maxever=0 >2ms=0 >5ms=0 >15ms=0 >20ms=0 >30ms=0 | probes=0 wrfail=0 down=1s maxout=1s
  29.957  BLASTC comp=679 exkBps=0 cgap_us[min/avg/max]=1386/1472/2779
  29.957  BLAST phy=2/2 att=679 ok=679 enomem=0 err=0 call_us[min/avg/max]=1314/1461/2768 okgap_max_us=2779
  29.957  t=27s RTT mean=0 min=0 max=0 n=0 to=0 | cancels=0(+0/s) seqbad=0 len_bad=0 disc=0(0x00) | tot_n=0 tot_to=0 maxever=0 >2ms=0 >5ms=0 >15ms=0 >20ms=0 >30ms=0 | probes=0 wrfail=0 down=1s maxout=1s
  29.958  BLASTC comp=661 exkBps=0 cgap_us[min/avg/max]=1390/1512/27689
