   1.937  *** Booting nRF Connect SDK v3.4.0-99553055607b ***
   1.937  *** Using Zephyr OS v4.4.0-bf801e4e3d19 ***
   1.937  [00:39:19.400,925] [0m<inf> bt_sdc_hci_driver: SoftDevice Controller build revision:
   1.994                                              c8 da 30 98 f9 f0 34 a4  4b 6e ba d3 08 19 cc 0c |..0...4. Kn......
   1.994                                              ea 51 da 47                                      |.Q.G             [0m
   1.994  [00:39:19.402,129] [0m<inf> bt_hci_core: HW Platform: Nordic Semiconductor (0x0002)[0m
   1.994  [00:39:19.402,141] [0m<inf> bt_hci_core: HW Variant: nRF54Lx (0x0005)[0m
   1.994  [00:39:19.402,153] [0m<inf> bt_hci_core: Firmware: Standard Bluetooth controller (0x00) Version 200.12506 Build 888207768[0m
   1.994  [00:39:19.402,551] [0m<inf> bt_hci_core: HCI transport: SDC[0m
   1.994  [00:39:19.402,599] [0m<inf> bt_hci_core: Identity: D6:C7:60:B1:D3:0E (random)[0m
   2.046  [00:39:19.402,615] [0m<inf> bt_hci_core: HCI: version 6.3 (0x11) revision 0x3039, manufacturer 0x0059[0m
   2.046  [00:39:19.402,630] [0m<inf> bt_hci_core: LMP: version 6.3 (0x11) subver 0x3039[0m
   2.046  
   2.046  === nRF54L15 RTT ping-pong CENTRAL ===
   2.046  scan rc=0
   2.046  GAP connected interval=50000
   3.094  MTU err=0 mtu=247
   3.094  PHY tx=2 rx=2
   3.154  t=1s RTT mean=0 min=0 max=0 n=0 to=0 | cancels=0(+0/s) seqbad=0 len_bad=0 disc=0(0x00) | tot_n=0 tot_to=0 maxever=0 >2ms=0 >5ms=0 >15ms=0 >20ms=0 >30ms=0 | probes=0 wrfail=0 down=1s maxout=1s
   3.554  discovery start (post-PHY +500ms) interval=50000 phy2m=1
   3.554  SUBSCRIBED, vh=18
   3.554  BLAST: phy_update->2M rc=0
   3.554  BLASTC comp=1 exkBps=0 cgap_us[min/avg/max]=4294967295/0/0
   3.554  BLAST phy=2/2 att=1 ok=1 enomem=0 err=0 call_us[min/avg/max]=121/121/121 okgap_max_us=0
   3.614  BLAST first16_call_us: 121 120 116 117 117 117 117 117 109 51 49 48 49 48 47 48
   4.581  PHY tx=2 rx=2
   4.632  BLASTC comp=275 exkBps=0 cgap_us[min/avg/max]=126/1442/11135
   4.632  BLAST phy=2/2 att=285 ok=285 enomem=0 err=0 call_us[min/avg/max]=47/1380/10463 okgap_max_us=10474
   4.632  t=2s RTT mean=0 min=0 max=0 n=0 to=0 | cancels=0(+0/s) seqbad=0 len_bad=0 disc=0(0x00) | tot_n=0 tot_to=0 maxever=0 >2ms=0 >5ms=0 >15ms=0 >20ms=0 >30ms=0 | probes=0 wrfail=0 down=1s maxout=1s
   5.927  BLASTC comp=681 exkBps=0 cgap_us[min/avg/max]=1386/1468/4041
   5.980  BLAST phy=2/2 att=681 ok=681 enomem=0 err=0 call_us[min/avg/max]=1333/1457/4037 okgap_max_us=4048
   5.980  t=3s RTT mean=0 min=0 max=0 n=0 to=0 | cancels=0(+0/s) seqbad=0 len_bad=0 disc=0(0x00) | tot_n=0 tot_to=0 maxever=0 >2ms=0 >5ms=0 >15ms=0 >20ms=0 >30ms=0 | probes=0 wrfail=0 down=1s maxout=1s
   5.980  BLASTC comp=673 exkBps=0 cgap_us[min/avg/max]=1389/1485/22142
   5.980  BLAST phy=2/2 att=673 ok=673 enomem=0 err=0 call_us[min/avg/max]=1331/1475/22131 okgap_max_us=22142
   6.040  t=4s RTT mean=0 min=0 max=0 n=0 to=0 | cancels=0(+0/s) seqbad=0 len_bad=0 disc=0(0x00) | tot_n=0 tot_to=0 maxever=0 >2ms=0 >5ms=0 >15ms=0 >20ms=0 >30ms=0 | probes=0 wrfail=0 down=1s maxout=1s
   7.939  BLASTC comp=656 exkBps=0 cgap_us[min/avg/max]=1389/1524/41636
   7.939  BLAST phy=2/2 att=656 ok=656 enomem=0 err=0 call_us[min/avg/max]=1323/1513/41627 okgap_max_us=41637
   7.995  t=5s RTT mean=0 min=0 max=0 n=0 to=0 | cancels=0(+0/s) seqbad=0 len_bad=0 disc=0(0x00) | tot_n=0 tot_to=0 maxever=0 >2ms=0 >5ms=0 >15ms=0 >20ms=0 >30ms=0 | probes=0 wrfail=0 down=1s maxout=1s
   7.995  BLASTC comp=654 exkBps=0 cgap_us[min/avg/max]=1389/1529/41649
   7.995  BLAST phy=2/2 att=654 ok=654 enomem=0 err=0 call_us[min/avg/max]=1332/1518/41640 okgap_max_us=41651
   7.995  t=6s RTT mean=0 min=0 max=0 n=0 to=0 | cancels=0(+0/s) seqbad=0 len_bad=0 disc=0(0x00) | tot_n=0 tot_to=0 maxever=0 >2ms=0 >5ms=0 >15ms=0 >20ms=0 >30ms=0 | probes=0 wrfail=0 down=1s maxout=1s
   9.923  BLASTC comp=685 exkBps=0 cgap_us[min/avg/max]=1387/1459/4033
   9.974  BLAST phy=2/2 att=685 ok=685 enomem=0 err=0 call_us[min/avg/max]=1351/1448/4023 okgap_max_us=4034
   9.974  t=7s RTT mean=0 min=0 max=0 n=0 to=0 | cancels=0(+0/s) seqbad=0 len_bad=0 disc=0(0x00) | tot_n=0 tot_to=0 maxever=0 >2ms=0 >5ms=0 >15ms=0 >20ms=0 >30ms=0 | probes=0 wrfail=0 down=1s maxout=1s
   9.974  BLASTC comp=655 exkBps=0 cgap_us[min/avg/max]=1390/1526/38859
   9.974  BLAST phy=2/2 att=655 ok=655 enomem=0 err=0 call_us[min/avg/max]=1322/1515/38850 okgap_max_us=38860
  10.030  t=8s RTT mean=0 min=0 max=0 n=0 to=0 | cancels=0(+0/s) seqbad=0 len_bad=0 disc=0(0x00) | tot_n=0 tot_to=0 maxever=0 >2ms=0 >5ms=0 >15ms=0 >20ms=0 >30ms=0 | probes=0 wrfail=0 down=1s maxout=1s
  11.963  BLASTC comp=685 exkBps=0 cgap_us[min/avg/max]=1387/1459/4033
  11.964  BLAST phy=2/2 att=685 ok=685 enomem=0 err=0 call_us[min/avg/max]=1314/1449/4023 okgap_max_us=4034
  11.964  t=9s RTT mean=0 min=0 max=0 n=0 to=0 | cancels=0(+0/s) seqbad=0 len_bad=0 disc=0(0x00) | tot_n=0 tot_to=0 maxever=0 >2ms=0 >5ms=0 >15ms=0 >20ms=0 >30ms=0 | probes=0 wrfail=0 down=1s maxout=1s
  11.964  BLASTC comp=645 exkBps=0 cgap_us[min/avg/max]=1390/1550/44430
  12.023  BLAST phy=2/2 att=645 ok=645 enomem=0 err=0 call_us[min/avg/max]=1322/1539/44419 okgap_max_us=44430
  12.023  t=10s RTT mean=0 min=0 max=0 n=0 to=0 | cancels=0(+0/s) seqbad=0 len_bad=0 disc=0(0x00) | tot_n=0 tot_to=0 maxever=0 >2ms=0 >5ms=0 >15ms=0 >20ms=0 >30ms=0 | probes=0 wrfail=0 down=1s maxout=1s
  13.931  BLASTC comp=641 exkBps=0 cgap_us[min/avg/max]=1385/1560/38858
  13.991  BLAST phy=2/2 att=641 ok=641 enomem=0 err=0 call_us[min/avg/max]=1314/1549/38848 okgap_max_us=38858
  13.991  t=11s RTT mean=0 min=0 max=0 n=0 to=0 | cancels=0(+0/s) seqbad=0 len_bad=0 disc=0(0x00) | tot_n=0 tot_to=0 maxever=0 >2ms=0 >5ms=0 >15ms=0 >20ms=0 >30ms=0 | probes=0 wrfail=0 down=1s maxout=1s
  13.991  BLASTC comp=682 exkBps=0 cgap_us[min/avg/max]=1390/1466/4033
  13.991  BLAST phy=2/2 att=682 ok=682 enomem=0 err=0 call_us[min/avg/max]=1322/1455/4023 okgap_max_us=4034
  14.041  t=12s RTT mean=0 min=0 max=0 n=0 to=0 | cancels=0(+0/s) seqbad=0 len_bad=0 disc=0(0x00) | tot_n=0 tot_to=0 maxever=0 >2ms=0 >5ms=0 >15ms=0 >20ms=0 >30ms=0 | probes=0 wrfail=0 down=1s maxout=1s
  15.953  BLASTC comp=647 exkBps=0 cgap_us[min/avg/max]=1386/1545/31893
  15.953  BLAST phy=2/2 att=647 ok=647 enomem=0 err=0 call_us[min/avg/max]=1314/1534/31882 okgap_max_us=31893
  15.954  t=13s RTT mean=0 min=0 max=0 n=0 to=0 | cancels=0(+0/s) seqbad=0 len_bad=0 disc=0(0x00) | tot_n=0 tot_to=0 maxever=0 >2ms=0 >5ms=0 >15ms=0 >20ms=0 >30ms=0 | probes=0 wrfail=0 down=1s maxout=1s
  16.014  FSU: request [52..52] us (ACL both dirs, 1M+2M) rc=0
  16.014  FSU: updated status=0x00 spacing=70 us phys=0x3 types=0x3 initiator=0
  16.014  BLASTC comp=568 exkBps=0 cgap_us[min/avg/max]=1229/1762/50063
  16.014  BLAST phy=2/2 att=568 ok=568 enomem=0 err=0 call_us[min/avg/max]=1216/1751/50023 okgap_max_us=50034
  16.014  t=14s RTT mean=0 min=0 max=0 n=0 to=0 | cancels=0(+0/s) seqbad=0 len_bad=0 disc=0(0x00) | tot_n=0 tot_to=0 maxever=0 >2ms=0 >5ms=0 >15ms=0 >20ms=0 >30ms=0 | probes=0 wrfail=0 down=1s maxout=1s
  17.963  BLASTC comp=778 exkBps=0 cgap_us[min/avg/max]=1223/1285/3157
  17.963  BLAST phy=2/2 att=778 ok=778 enomem=0 err=0 call_us[min/avg/max]=1162/1274/3147 okgap_max_us=3157
  17.963  t=15s RTT mean=0 min=0 max=0 n=0 to=0 | cancels=0(+0/s) seqbad=0 len_bad=0 disc=0(0x00) | tot_n=0 tot_to=0 maxever=0 >2ms=0 >5ms=0 >15ms=0 >20ms=0 >30ms=0 | probes=0 wrfail=0 down=1s maxout=1s
  17.963  BLASTC comp=779 exkBps=0 cgap_us[min/avg/max]=1228/1283/3157
  18.022  BLAST phy=2/2 att=779 ok=779 enomem=0 err=0 call_us[min/avg/max]=1160/1272/3146 okgap_max_us=3157
  18.022  t=16s RTT mean=0 min=0 max=0 n=0 to=0 | cancels=0(+0/s) seqbad=0 len_bad=0 disc=0(0x00) | tot_n=0 tot_to=0 maxever=0 >2ms=0 >5ms=0 >15ms=0 >20ms=0 >30ms=0 | probes=0 wrfail=0 down=1s maxout=1s
  19.943  BLASTC comp=773 exkBps=0 cgap_us[min/avg/max]=1225/1293/5615
  19.943  BLAST phy=2/2 att=773 ok=773 enomem=0 err=0 call_us[min/avg/max]=1152/1282/5605 okgap_max_us=5616
  20.002  t=17s RTT mean=0 min=0 max=0 n=0 to=0 | cancels=0(+0/s) seqbad=0 len_bad=0 disc=0(0x00) | tot_n=0 tot_to=0 maxever=0 >2ms=0 >5ms=0 >15ms=0 >20ms=0 >30ms=0 | probes=0 wrfail=0 down=1s maxout=1s
  20.003  BLASTC comp=777 exkBps=0 cgap_us[min/avg/max]=1229/1287/3157
  20.003  BLAST phy=2/2 att=777 ok=777 enomem=0 err=0 call_us[min/avg/max]=1160/1276/3146 okgap_max_us=3157
  20.003  t=18s RTT mean=0 min=0 max=0 n=0 to=0 | cancels=0(+0/s) seqbad=0 len_bad=0 disc=0(0x00) | tot_n=0 tot_to=0 maxever=0 >2ms=0 >5ms=0 >15ms=0 >20ms=0 >30ms=0 | probes=0 wrfail=0 down=1s maxout=1s
  21.955  BLASTC comp=776 exkBps=0 cgap_us[min/avg/max]=1226/1288/4410
  21.955  BLAST phy=2/2 att=776 ok=776 enomem=0 err=0 call_us[min/avg/max]=1155/1277/4399 okgap_max_us=4410
  21.955  t=19s RTT mean=0 min=0 max=0 n=0 to=0 | cancels=0(+0/s) seqbad=0 len_bad=0 disc=0(0x00) | tot_n=0 tot_to=0 maxever=0 >2ms=0 >5ms=0 >15ms=0 >20ms=0 >30ms=0 | probes=0 wrfail=0 down=1s maxout=1s
  22.015  BLASTC comp=778 exkBps=0 cgap_us[min/avg/max]=1228/1285/3157
  22.015  BLAST phy=2/2 att=778 ok=778 enomem=0 err=0 call_us[min/avg/max]=1161/1274/3146 okgap_max_us=3157
  22.015  t=20s RTT mean=0 min=0 max=0 n=0 to=0 | cancels=0(+0/s) seqbad=0 len_bad=0 disc=0(0x00) | tot_n=0 tot_to=0 maxever=0 >2ms=0 >5ms=0 >15ms=0 >20ms=0 >30ms=0 | probes=0 wrfail=0 down=1s maxout=1s
  23.923  BLASTC comp=774 exkBps=0 cgap_us[min/avg/max]=1227/1291/3157
  23.983  BLAST phy=2/2 att=774 ok=774 enomem=0 err=0 call_us[min/avg/max]=1155/1281/3146 okgap_max_us=3157
  23.983  t=21s RTT mean=0 min=0 max=0 n=0 to=0 | cancels=0(+0/s) seqbad=0 len_bad=0 disc=0(0x00) | tot_n=0 tot_to=0 maxever=0 >2ms=0 >5ms=0 >15ms=0 >20ms=0 >30ms=0 | probes=0 wrfail=0 down=1s maxout=1s
  23.983  BLASTC comp=778 exkBps=0 cgap_us[min/avg/max]=1228/1285/3157
  23.983  BLAST phy=2/2 att=778 ok=778 enomem=0 err=0 call_us[min/avg/max]=1122/1274/3146 okgap_max_us=3157
  24.043  t=22s RTT mean=0 min=0 max=0 n=0 to=0 | cancels=0(+0/s) seqbad=0 len_bad=0 disc=0(0x00) | tot_n=0 tot_to=0 maxever=0 >2ms=0 >5ms=0 >15ms=0 >20ms=0 >30ms=0 | probes=0 wrfail=0 down=1s maxout=1s
  25.981  BLASTC comp=774 exkBps=0 cgap_us[min/avg/max]=1228/1291/3157
  25.981  BLAST phy=2/2 att=774 ok=774 enomem=0 err=0 call_us[min/avg/max]=1154/1281/3146 okgap_max_us=3157
  25.981  t=23s RTT mean=0 min=0 max=0 n=0 to=0 | cancels=0(+0/s) seqbad=0 len_bad=0 disc=0(0x00) | tot_n=0 tot_to=0 maxever=0 >2ms=0 >5ms=0 >15ms=0 >20ms=0 >30ms=0 | probes=0 wrfail=0 down=1s maxout=1s
  25.981  BLASTC comp=773 exkBps=0 cgap_us[min/avg/max]=1228/1293/10547
  25.981  BLAST phy=2/2 att=773 ok=773 enomem=0 err=0 call_us[min/avg/max]=1161/1282/10536 okgap_max_us=10547
  26.041  t=24s RTT mean=0 min=0 max=0 n=0 to=0 | cancels=0(+0/s) seqbad=0 len_bad=0 disc=0(0x00) | tot_n=0 tot_to=0 maxever=0 >2ms=0 >5ms=0 >15ms=0 >20ms=0 >30ms=0 | probes=0 wrfail=0 down=1s maxout=1s
  27.975  BLASTC comp=772 exkBps=0 cgap_us[min/avg/max]=1225/1295/3157
  27.975  BLAST phy=2/2 att=772 ok=772 enomem=0 err=0 call_us[min/avg/max]=1169/1284/3146 okgap_max_us=3157
  27.975  t=25s RTT mean=0 min=0 max=0 n=0 to=0 | cancels=0(+0/s) seqbad=0 len_bad=0 disc=0(0x00) | tot_n=0 tot_to=0 maxever=0 >2ms=0 >5ms=0 >15ms=0 >20ms=0 >30ms=0 | probes=0 wrfail=0 down=1s maxout=1s
  27.975  BLASTC comp=780 exkBps=0 cgap_us[min/avg/max]=1228/1282/3157
  27.975  BLAST phy=2/2 att=780 ok=780 enomem=0 err=0 call_us[min/avg/max]=1160/1271/3146 okgap_max_us=3157
  28.035  t=26s RTT mean=0 min=0 max=0 n=0 to=0 | cancels=0(+0/s) seqbad=0 len_bad=0 disc=0(0x00) | tot_n=0 tot_to=0 maxever=0 >2ms=0 >5ms=0 >15ms=0 >20ms=0 >30ms=0 | probes=0 wrfail=0 down=1s maxout=1s
  29.927  BLASTC comp=770 exkBps=0 cgap_us[min/avg/max]=1223/1298/15479
  29.987  BLAST phy=2/2 att=770 ok=770 enomem=0 err=0 call_us[min/avg/max]=1153/1287/15469 okgap_max_us=15480
  29.987  t=27s RTT mean=0 min=0 max=0 n=0 to=0 | cancels=0(+0/s) seqbad=0 len_bad=0 disc=0(0x00) | tot_n=0 tot_to=0 maxever=0 >2ms=0 >5ms=0 >15ms=0 >20ms=0 >30ms=0 | probes=0 wrfail=0 down=1s maxout=1s
  29.988  BLASTC comp=765 exkBps=0 cgap_us[min/avg/max]=1228/1307/19178
  29.988  BLAST phy=2/2 att=765 ok=765 enomem=0 err=0 call_us[min/avg/max]=1161/1296/19168 okgap_max_us=19179
