   2.049  *** Booting nRF Connect SDK v3.4.0-99553055607b ***
   2.049  *** Using Zephyr OS v4.4.0-bf801e4e3d19 ***
   2.049  [00:38:10.974,167] [0m<inf> bt_sdc_hci_driver: SoftDevice Controller build revision:
   2.049                                              c8 da 30 98 f9 f0 34 a4  4b 6e ba d3 08 19 cc 0c |..0...4. Kn......
   2.109                                              ea 51 da 47                                      |.Q.G             [0m
   2.109  [00:38:10.975,371] [0m<inf> bt_hci_core: HW Platform: Nordic Semiconductor (0x0002)[0m
   2.109  [00:38:10.975,383] [0m<inf> bt_hci_core: HW Variant: nRF54Lx (0x0005)[0m
   2.109  [00:38:10.975,395] [0m<inf> bt_hci_core: Firmware: Standard Bluetooth controller (0x00) Version 200.12506 Build 888207768[0m
   2.109  [00:38:10.975,793] [0m<inf> bt_hci_core: HCI transport: SDC[0m
   2.109  [00:38:10.975,840] [0m<inf> bt_hci_core: Identity: D6:C7:60:B1:D3:0E (random)[0m
   2.109  [00:38:10.975,857] [0m<inf> bt_hci_core: HCI: version 6.3 (0x11) revision 0x3039, manufacturer 0x0059[0m
   2.165  [00:38:10.975,872] [0m<inf> bt_hci_core: LMP: version 6.3 (0x11) subver 0x3039[0m
   2.165  
   2.165  === nRF54L15 RTT ping-pong CENTRAL ===
   2.165  scan rc=0
   2.165  GAP connected interval=50000
   3.237  MTU err=0 mtu=247
   3.237  PHY tx=2 rx=2
   3.237  t=1s RTT mean=0 min=0 max=0 n=0 to=0 | cancels=0(+0/s) seqbad=0 len_bad=0 disc=0(0x00) | tot_n=0 tot_to=0 maxever=0 >2ms=0 >5ms=0 >15ms=0 >20ms=0 >30ms=0 | probes=0 wrfail=0 down=1s maxout=1s
   3.641  discovery start (post-PHY +500ms) interval=50000 phy2m=1
   3.641  SUBSCRIBED, vh=18
   3.642  BLAST: phy_update->2M rc=0
   3.642  BLASTC comp=1 exkBps=0 cgap_us[min/avg/max]=4294967295/0/0
   3.693  BLAST phy=2/2 att=1 ok=1 enomem=0 err=0 call_us[min/avg/max]=121/121/121 okgap_max_us=0
   3.694  BLAST first16_call_us: 121 121 116 117 116 117 117 117 110 52 48 48 48 48 48 48
   4.731  PHY tx=2 rx=2
   4.731  BLASTC comp=266 exkBps=0 cgap_us[min/avg/max]=126/1491/16826
   4.731  BLAST phy=2/2 att=276 ok=276 enomem=0 err=0 call_us[min/avg/max]=48/1426/16155 okgap_max_us=16166
   4.731  t=2s RTT mean=0 min=0 max=0 n=0 to=0 | cancels=0(+0/s) seqbad=0 len_bad=0 disc=0(0x00) | tot_n=0 tot_to=0 maxever=0 >2ms=0 >5ms=0 >15ms=0 >20ms=0 >30ms=0 | probes=0 wrfail=0 down=1s maxout=1s
   6.059  BLASTC comp=668 exkBps=0 cgap_us[min/avg/max]=1386/1497/12391
   6.059  BLAST phy=2/2 att=668 ok=668 enomem=0 err=0 call_us[min/avg/max]=1333/1486/12381 okgap_max_us=12391
   6.110  t=3s RTT mean=0 min=0 max=0 n=0 to=0 | cancels=0(+0/s) seqbad=0 len_bad=0 disc=0(0x00) | tot_n=0 tot_to=0 maxever=0 >2ms=0 >5ms=0 >15ms=0 >20ms=0 >30ms=0 | probes=0 wrfail=0 down=1s maxout=1s
   6.110  BLASTC comp=671 exkBps=0 cgap_us[min/avg/max]=1389/1490/22142
   6.110  BLAST phy=2/2 att=671 ok=671 enomem=0 err=0 call_us[min/avg/max]=1330/1479/22131 okgap_max_us=22142
   6.110  t=4s RTT mean=0 min=0 max=0 n=0 to=0 | cancels=0(+0/s) seqbad=0 len_bad=0 disc=0(0x00) | tot_n=0 tot_to=0 maxever=0 >2ms=0 >5ms=0 >15ms=0 >20ms=0 >30ms=0 | probes=0 wrfail=0 down=1s maxout=1s
   8.054  BLASTC comp=686 exkBps=0 cgap_us[min/avg/max]=1386/1457/4034
   8.054  BLAST phy=2/2 att=686 ok=686 enomem=0 err=0 call_us[min/avg/max]=1321/1446/4023 okgap_max_us=4034
   8.105  t=5s RTT mean=0 min=0 max=0 n=0 to=0 | cancels=0(+0/s) seqbad=0 len_bad=0 disc=0(0x00) | tot_n=0 tot_to=0 maxever=0 >2ms=0 >5ms=0 >15ms=0 >20ms=0 >30ms=0 | probes=0 wrfail=0 down=1s maxout=1s
   8.105  BLASTC comp=683 exkBps=0 cgap_us[min/avg/max]=1389/1464/5425
   8.105  BLAST phy=2/2 att=683 ok=683 enomem=0 err=0 call_us[min/avg/max]=1330/1453/5415 okgap_max_us=5425
   8.105  t=6s RTT mean=0 min=0 max=0 n=0 to=0 | cancels=0(+0/s) seqbad=0 len_bad=0 disc=0(0x00) | tot_n=0 tot_to=0 maxever=0 >2ms=0 >5ms=0 >15ms=0 >20ms=0 >30ms=0 | probes=0 wrfail=0 down=1s maxout=1s
  10.061  BLASTC comp=684 exkBps=0 cgap_us[min/avg/max]=1385/1461/4034
  10.061  BLAST phy=2/2 att=684 ok=684 enomem=0 err=0 call_us[min/avg/max]=1328/1451/4023 okgap_max_us=4034
  10.061  t=7s RTT mean=0 min=0 max=0 n=0 to=0 | cancels=0(+0/s) seqbad=0 len_bad=0 disc=0(0x00) | tot_n=0 tot_to=0 maxever=0 >2ms=0 >5ms=0 >15ms=0 >20ms=0 >30ms=0 | probes=0 wrfail=0 down=1s maxout=1s
  10.112  BLASTC comp=685 exkBps=0 cgap_us[min/avg/max]=1388/1459/4034
  10.112  BLAST phy=2/2 att=685 ok=685 enomem=0 err=0 call_us[min/avg/max]=1332/1449/4023 okgap_max_us=4034
  10.112  t=8s RTT mean=0 min=0 max=0 n=0 to=0 | cancels=0(+0/s) seqbad=0 len_bad=0 disc=0(0x00) | tot_n=0 tot_to=0 maxever=0 >2ms=0 >5ms=0 >15ms=0 >20ms=0 >30ms=0 | probes=0 wrfail=0 down=1s maxout=1s
  12.059  BLASTC comp=683 exkBps=0 cgap_us[min/avg/max]=1378/1464/4033
  12.059  BLAST phy=2/2 att=683 ok=683 enomem=0 err=0 call_us[min/avg/max]=1272/1453/4023 okgap_max_us=4034
  12.059  t=9s RTT mean=0 min=0 max=0 n=0 to=0 | cancels=0(+0/s) seqbad=0 len_bad=0 disc=0(0x00) | tot_n=0 tot_to=0 maxever=0 >2ms=0 >5ms=0 >15ms=0 >20ms=0 >30ms=0 | probes=0 wrfail=0 down=1s maxout=1s
  12.119  BLASTC comp=687 exkBps=0 cgap_us[min/avg/max]=1389/1455/4033
  12.119  BLAST phy=2/2 att=687 ok=687 enomem=0 err=0 call_us[min/avg/max]=1322/1444/4023 okgap_max_us=4034
  12.119  t=10s RTT mean=0 min=0 max=0 n=0 to=0 | cancels=0(+0/s) seqbad=0 len_bad=0 disc=0(0x00) | tot_n=0 tot_to=0 maxever=0 >2ms=0 >5ms=0 >15ms=0 >20ms=0 >30ms=0 | probes=0 wrfail=0 down=1s maxout=1s
  14.052  BLASTC comp=685 exkBps=0 cgap_us[min/avg/max]=1388/1459/4033
  14.052  BLAST phy=2/2 att=685 ok=685 enomem=0 err=0 call_us[min/avg/max]=1314/1449/4023 okgap_max_us=4034
  14.102  t=11s RTT mean=0 min=0 max=0 n=0 to=0 | cancels=0(+0/s) seqbad=0 len_bad=0 disc=0(0x00) | tot_n=0 tot_to=0 maxever=0 >2ms=0 >5ms=0 >15ms=0 >20ms=0 >30ms=0 | probes=0 wrfail=0 down=1s maxout=1s
  14.103  BLASTC comp=682 exkBps=0 cgap_us[min/avg/max]=1390/1466/6828
  14.103  BLAST phy=2/2 att=682 ok=682 enomem=0 err=0 call_us[min/avg/max]=1321/1455/6818 okgap_max_us=6828
  14.103  t=12s RTT mean=0 min=0 max=0 n=0 to=0 | cancels=0(+0/s) seqbad=0 len_bad=0 disc=0(0x00) | tot_n=0 tot_to=0 maxever=0 >2ms=0 >5ms=0 >15ms=0 >20ms=0 >30ms=0 | probes=0 wrfail=0 down=1s maxout=1s
  16.040  BLASTC comp=632 exkBps=0 cgap_us[min/avg/max]=1387/1582/44430
  16.040  BLAST phy=2/2 att=632 ok=632 enomem=0 err=0 call_us[min/avg/max]=1315/1571/44419 okgap_max_us=44430
  16.093  t=13s RTT mean=0 min=0 max=0 n=0 to=0 | cancels=0(+0/s) seqbad=0 len_bad=0 disc=0(0x00) | tot_n=0 tot_to=0 maxever=0 >2ms=0 >5ms=0 >15ms=0 >20ms=0 >30ms=0 | probes=0 wrfail=0 down=1s maxout=1s
  16.093  FSU: request [150..150] us (ACL both dirs, 1M+2M) rc=0
  16.093  FSU: updated status=0x00 spacing=150 us phys=0x0 types=0x0 initiator=0
  16.093  BLASTC comp=561 exkBps=0 cgap_us[min/avg/max]=1389/1782/50139
  16.093  BLAST phy=2/2 att=561 ok=561 enomem=0 err=0 call_us[min/avg/max]=1321/1771/50098 okgap_max_us=50108
  16.154  t=14s RTT mean=0 min=0 max=0 n=0 to=0 | cancels=0(+0/s) seqbad=0 len_bad=0 disc=0(0x00) | tot_n=0 tot_to=0 maxever=0 >2ms=0 >5ms=0 >15ms=0 >20ms=0 >30ms=0 | probes=0 wrfail=0 down=1s maxout=1s
  18.050  BLASTC comp=688 exkBps=0 cgap_us[min/avg/max]=1386/1453/4033
  18.050  BLAST phy=2/2 att=688 ok=688 enomem=0 err=0 call_us[min/avg/max]=1314/1442/4023 okgap_max_us=4034
  18.110  t=15s RTT mean=0 min=0 max=0 n=0 to=0 | cancels=0(+0/s) seqbad=0 len_bad=0 disc=0(0x00) | tot_n=0 tot_to=0 maxever=0 >2ms=0 >5ms=0 >15ms=0 >20ms=0 >30ms=0 | probes=0 wrfail=0 down=1s maxout=1s
  18.110  BLASTC comp=686 exkBps=0 cgap_us[min/avg/max]=1390/1457/4033
  18.110  BLAST phy=2/2 att=686 ok=686 enomem=0 err=0 call_us[min/avg/max]=1322/1446/4023 okgap_max_us=4034
  18.110  t=16s RTT mean=0 min=0 max=0 n=0 to=0 | cancels=0(+0/s) seqbad=0 len_bad=0 disc=0(0x00) | tot_n=0 tot_to=0 maxever=0 >2ms=0 >5ms=0 >15ms=0 >20ms=0 >30ms=0 | probes=0 wrfail=0 down=1s maxout=1s
  20.061  BLASTC comp=682 exkBps=0 cgap_us[min/avg/max]=1385/1466/4033
  20.061  BLAST phy=2/2 att=682 ok=682 enomem=0 err=0 call_us[min/avg/max]=1313/1455/4023 okgap_max_us=4034
  20.061  t=17s RTT mean=0 min=0 max=0 n=0 to=0 | cancels=0(+0/s) seqbad=0 len_bad=0 disc=0(0x00) | tot_n=0 tot_to=0 maxever=0 >2ms=0 >5ms=0 >15ms=0 >20ms=0 >30ms=0 | probes=0 wrfail=0 down=1s maxout=1s
  20.112  BLASTC comp=682 exkBps=0 cgap_us[min/avg/max]=1381/1466/4034
  20.112  BLAST phy=2/2 att=682 ok=682 enomem=0 err=0 call_us[min/avg/max]=1276/1455/4023 okgap_max_us=4034
  20.112  t=18s RTT mean=0 min=0 max=0 n=0 to=0 | cancels=0(+0/s) seqbad=0 len_bad=0 disc=0(0x00) | tot_n=0 tot_to=0 maxever=0 >2ms=0 >5ms=0 >15ms=0 >20ms=0 >30ms=0 | probes=0 wrfail=0 down=1s maxout=1s
  22.076  BLASTC comp=686 exkBps=0 cgap_us[min/avg/max]=1386/1457/4033
  22.076  BLAST phy=2/2 att=686 ok=686 enomem=0 err=0 call_us[min/avg/max]=1315/1446/4023 okgap_max_us=4034
  22.076  t=19s RTT mean=0 min=0 max=0 n=0 to=0 | cancels=0(+0/s) seqbad=0 len_bad=0 disc=0(0x00) | tot_n=0 tot_to=0 maxever=0 >2ms=0 >5ms=0 >15ms=0 >20ms=0 >30ms=0 | probes=0 wrfail=0 down=1s maxout=1s
  22.076  BLASTC comp=687 exkBps=0 cgap_us[min/avg/max]=1390/1455/4034
  22.076  BLAST phy=2/2 att=687 ok=687 enomem=0 err=0 call_us[min/avg/max]=1321/1444/4023 okgap_max_us=4034
  22.134  t=20s RTT mean=0 min=0 max=0 n=0 to=0 | cancels=0(+0/s) seqbad=0 len_bad=0 disc=0(0x00) | tot_n=0 tot_to=0 maxever=0 >2ms=0 >5ms=0 >15ms=0 >20ms=0 >30ms=0 | probes=0 wrfail=0 down=1s maxout=1s
  24.055  BLASTC comp=654 exkBps=0 cgap_us[min/avg/max]=1388/1529/26320
  24.055  BLAST phy=2/2 att=654 ok=654 enomem=0 err=0 call_us[min/avg/max]=1315/1518/26309 okgap_max_us=26320
  24.115  t=21s RTT mean=0 min=0 max=0 n=0 to=0 | cancels=0(+0/s) seqbad=0 len_bad=0 disc=0(0x00) | tot_n=0 tot_to=0 maxever=0 >2ms=0 >5ms=0 >15ms=0 >20ms=0 >30ms=0 | probes=0 wrfail=0 down=1s maxout=1s
  24.115  BLASTC comp=682 exkBps=0 cgap_us[min/avg/max]=1389/1466/4040
  24.115  BLAST phy=2/2 att=682 ok=682 enomem=0 err=0 call_us[min/avg/max]=1321/1455/4030 okgap_max_us=4040
  24.115  t=22s RTT mean=0 min=0 max=0 n=0 to=0 | cancels=0(+0/s) seqbad=0 len_bad=0 disc=0(0x00) | tot_n=0 tot_to=0 maxever=0 >2ms=0 >5ms=0 >15ms=0 >20ms=0 >30ms=0 | probes=0 wrfail=0 down=1s maxout=1s
  26.086  BLASTC comp=663 exkBps=0 cgap_us[min/avg/max]=1387/1508/31893
  26.087  BLAST phy=2/2 att=663 ok=663 enomem=0 err=0 call_us[min/avg/max]=1316/1497/31883 okgap_max_us=31893
  26.087  t=23s RTT mean=0 min=0 max=0 n=0 to=0 | cancels=0(+0/s) seqbad=0 len_bad=0 disc=0(0x00) | tot_n=0 tot_to=0 maxever=0 >2ms=0 >5ms=0 >15ms=0 >20ms=0 >30ms=0 | probes=0 wrfail=0 down=1s maxout=1s
  26.087  BLASTC comp=685 exkBps=0 cgap_us[min/avg/max]=1389/1459/4033
  26.087  BLAST phy=2/2 att=685 ok=685 enomem=0 err=0 call_us[min/avg/max]=1321/1449/4023 okgap_max_us=4034
  26.143  t=24s RTT mean=0 min=0 max=0 n=0 to=0 | cancels=0(+0/s) seqbad=0 len_bad=0 disc=0(0x00) | tot_n=0 tot_to=0 maxever=0 >2ms=0 >5ms=0 >15ms=0 >20ms=0 >30ms=0 | probes=0 wrfail=0 down=1s maxout=1s
  28.073  BLASTC comp=684 exkBps=0 cgap_us[min/avg/max]=1386/1461/5421
  28.073  BLAST phy=2/2 att=684 ok=684 enomem=0 err=0 call_us[min/avg/max]=1315/1451/5410 okgap_max_us=5421
  28.073  t=25s RTT mean=0 min=0 max=0 n=0 to=0 | cancels=0(+0/s) seqbad=0 len_bad=0 disc=0(0x00) | tot_n=0 tot_to=0 maxever=0 >2ms=0 >5ms=0 >15ms=0 >20ms=0 >30ms=0 | probes=0 wrfail=0 down=1s maxout=1s
  28.073  BLASTC comp=685 exkBps=0 cgap_us[min/avg/max]=1388/1459/4033
  28.133  BLAST phy=2/2 att=685 ok=685 enomem=0 err=0 call_us[min/avg/max]=1321/1449/4023 okgap_max_us=4034
  28.133  t=26s RTT mean=0 min=0 max=0 n=0 to=0 | cancels=0(+0/s) seqbad=0 len_bad=0 disc=0(0x00) | tot_n=0 tot_to=0 maxever=0 >2ms=0 >5ms=0 >15ms=0 >20ms=0 >30ms=0 | probes=0 wrfail=0 down=1s maxout=1s
