   1.738  *** Booting nRF Connect SDK v3.4.0-99553055607b ***
   1.738  *** Using Zephyr OS v4.4.0-bf801e4e3d19 ***
   1.738  [00:42:47.497,847] [0m<inf> bt_sdc_hci_driver: SoftDevice Controller build revision:
   1.738                                              c8 da 30 98 f9 f0 34 a4  4b 6e ba d3 08 19 cc 0c |..0...4. Kn......
   1.738                                              ea 51 da 47                                      |.Q.G             [0m
   1.738  [00:42:47.498,640] [1;33m<wrn> bt_hci_core: Num of Controller's ACL packets != ACL bt_conn_tx contexts (10 != 3)[0m
   1.799  [00:42:47.499,291] [0m<inf> bt_hci_core: HW Platform: Nordic Semiconductor (0x0002)[0m
   1.799  [00:42:47.499,302] [0m<inf> bt_hci_core: HW Variant: nRF54Lx (0x0005)[0m
   1.799  [00:42:47.499,313] [0m<inf> bt_hci_core: Firmware: Standard Bluetooth controller (0x00) Version 200.12506 Build 888207768[0m
   1.799  [00:42:47.499,708] [0m<inf> bt_hci_core: HCI transport: SDC[0m
   1.799  [00:42:47.499,754] [0m<inf> bt_hci_core: Identity: FC:BE:FF:FA:E6:8B (random)[0m
   1.799  [00:42:47.499,771] [0m<inf> bt_hci_core: HCI: version 6.3 (0x11) revision 0x3039, manufacturer 0x0059[0m
   1.799  [00:42:47.499,787] [0m<inf> bt_hci_core: LMP: version 6.3 (0x11) subver 0x3039[0m
   1.799  
   1.799  === nRF54L15 RTT ping-pong PERIPHERAL (echo) ===
   1.799  advertising
   3.011  GAP connected interval=15000
   3.011  PHY tx=2 rx=2
   3.011  P t=1s rxkBps=0 blkkBps=0 pongs=0(+0/s) cancels=0(+0/s) notify=0 disc=0(0x00) | echo rx=0 tx=0 pend=0 stale=0
   3.011  CCC: notify ENABLED
   4.703  P t=2s rxkBps=128 blkkBps=0 pongs=538(+538/s) cancels=0(+0/s) notify=1 disc=0(0x00) | echo rx=0 tx=0 pend=0 stale=0
   4.760  P t=3s rxkBps=141 blkkBps=0 pongs=1133(+595/s) cancels=0(+0/s) notify=1 disc=0(0x00) | echo rx=0 tx=0 pend=0 stale=0
   6.724  P t=4s rxkBps=142 blkkBps=0 pongs=1733(+600/s) cancels=0(+0/s) notify=1 disc=0(0x00) | echo rx=0 tx=0 pend=0 stale=0
   6.724  P t=5s rxkBps=142 blkkBps=0 pongs=2332(+599/s) cancels=0(+0/s) notify=1 disc=0(0x00) | echo rx=0 tx=0 pend=0 stale=0
   8.725  P t=6s rxkBps=142 blkkBps=0 pongs=2929(+597/s) cancels=0(+0/s) notify=1 disc=0(0x00) | echo rx=0 tx=0 pend=0 stale=0
   8.725  P t=7s rxkBps=141 blkkBps=0 pongs=3524(+595/s) cancels=0(+0/s) notify=1 disc=0(0x00) | echo rx=0 tx=0 pend=0 stale=0
  10.723  P t=8s rxkBps=142 blkkBps=0 pongs=4121(+597/s) cancels=0(+0/s) notify=1 disc=0(0x00) | echo rx=0 tx=0 pend=0 stale=0
  10.723  P t=9s rxkBps=142 blkkBps=0 pongs=4719(+598/s) cancels=0(+0/s) notify=1 disc=0(0x00) | echo rx=0 tx=0 pend=0 stale=0
  12.726  P t=10s rxkBps=141 blkkBps=0 pongs=5311(+592/s) cancels=0(+0/s) notify=1 disc=0(0x00) | echo rx=0 tx=0 pend=0 stale=0
  12.726  P t=11s rxkBps=142 blkkBps=0 pongs=5907(+596/s) cancels=0(+0/s) notify=1 disc=0(0x00) | echo rx=0 tx=0 pend=0 stale=0
  14.732  P t=12s rxkBps=142 blkkBps=0 pongs=6506(+599/s) cancels=0(+0/s) notify=1 disc=0(0x00) | echo rx=0 tx=0 pend=0 stale=0
  14.732  P t=13s rxkBps=139 blkkBps=0 pongs=7092(+586/s) cancels=0(+0/s) notify=1 disc=0(0x00) | echo rx=0 tx=0 pend=0 stale=0
  16.757  P t=14s rxkBps=159 blkkBps=0 pongs=7760(+668/s) cancels=0(+0/s) notify=1 disc=0(0x00) | echo rx=0 tx=0 pend=0 stale=0
  16.757  P t=15s rxkBps=171 blkkBps=0 pongs=8480(+720/s) cancels=0(+0/s) notify=1 disc=0(0x00) | echo rx=0 tx=0 pend=0 stale=0
  18.751  P t=16s rxkBps=173 blkkBps=0 pongs=9210(+730/s) cancels=0(+0/s) notify=1 disc=0(0x00) | echo rx=0 tx=0 pend=0 stale=0
  18.751  P t=17s rxkBps=173 blkkBps=0 pongs=9937(+727/s) cancels=0(+0/s) notify=1 disc=0(0x00) | echo rx=0 tx=0 pend=0 stale=0
  20.728  P t=18s rxkBps=173 blkkBps=0 pongs=10664(+727/s) cancels=0(+0/s) notify=1 disc=0(0x00) | echo rx=0 tx=0 pend=0 stale=0
  20.728  P t=19s rxkBps=173 blkkBps=0 pongs=11392(+728/s) cancels=0(+0/s) notify=1 disc=0(0x00) | echo rx=0 tx=0 pend=0 stale=0
  22.750  P t=20s rxkBps=173 blkkBps=0 pongs=12120(+728/s) cancels=0(+0/s) notify=1 disc=0(0x00) | echo rx=0 tx=0 pend=0 stale=0
  22.750  P t=21s rxkBps=173 blkkBps=0 pongs=12849(+729/s) cancels=0(+0/s) notify=1 disc=0(0x00) | echo rx=0 tx=0 pend=0 stale=0
  24.744  P t=22s rxkBps=173 blkkBps=0 pongs=13579(+730/s) cancels=0(+0/s) notify=1 disc=0(0x00) | echo rx=0 tx=0 pend=0 stale=0
  24.744  P t=23s rxkBps=174 blkkBps=0 pongs=14310(+731/s) cancels=0(+0/s) notify=1 disc=0(0x00) | echo rx=0 tx=0 pend=0 stale=0
  26.731  P t=24s rxkBps=173 blkkBps=0 pongs=15039(+729/s) cancels=0(+0/s) notify=1 disc=0(0x00) | echo rx=0 tx=0 pend=0 stale=0
  26.731  P t=25s rxkBps=172 blkkBps=0 pongs=15765(+726/s) cancels=0(+0/s) notify=1 disc=0(0x00) | echo rx=0 tx=0 pend=0 stale=0
  28.705  P t=26s rxkBps=172 blkkBps=0 pongs=16489(+724/s) cancels=0(+0/s) notify=1 disc=0(0x00) | echo rx=0 tx=0 pend=0 stale=0
  28.759  P t=27s rxkBps=173 blkkBps=0 pongs=17217(+728/s) cancels=0(+0/s) notify=1 disc=0(0x00) | echo rx=0 tx=0 pend=0 stale=0
