   2.064  *** Booting nRF Connect SDK v3.4.0-99553055607b ***
   2.064  *** Using Zephyr OS v4.4.0-bf801e4e3d19 ***
   2.064  [00:43:53.683,757] [0m<inf> bt_sdc_hci_driver: SoftDevice Controller build revision:
   2.064                                              c8 da 30 98 f9 f0 34 a4  4b 6e ba d3 08 19 cc 0c |..0...4. Kn......
   2.064                                              ea 51 da 47                                      |.Q.G             [0m
   2.064  [00:43:53.684,961] [0m<inf> bt_hci_core: HW Platform: Nordic Semiconductor (0x0002)[0m
   2.064  [00:43:53.684,974] [0m<inf> bt_hci_core: HW Variant: nRF54Lx (0x0005)[0m
   2.124  [00:43:53.684,985] [0m<inf> bt_hci_core: Firmware: Standard Bluetooth controller (0x00) Version 200.12506 Build 888207768[0m
   2.124  [00:43:53.685,384] [0m<inf> bt_hci_core: HCI transport: SDC[0m
   2.124  [00:43:53.685,431] [0m<inf> bt_hci_core: Identity: D6:C7:60:B1:D3:0E (random)[0m
   2.124  [00:43:53.685,447] [0m<inf> bt_hci_core: HCI: version 6.3 (0x11) revision 0x3039, manufacturer 0x0059[0m
   2.124  [00:43:53.685,463] [0m<inf> bt_hci_core: LMP: version 6.3 (0x11) subver 0x3039[0m
   2.124  
   2.124  === nRF54L15 RTT ping-pong CENTRAL ===
   2.124  scan rc=0
   2.124  GAP connected interval=7500
   2.124  MTU err=0 mtu=247
   2.787  PHY tx=2 rx=2
   2.788  discovery start (post-PHY +500ms) interval=7500 phy2m=1
   2.788  SUBSCRIBED, vh=18
   2.788  BLAST: phy_update->2M rc=0
   2.788  BLAST first16_call_us: 122 115 114 117 117 117 117 117 116 111 52 49 48 48 48 48
   2.788  PHY tx=2 rx=2
   4.056  BLASTC comp=140 exkBps=0 cgap_us[min/avg/max]=124/1783/4692
   4.056  BLAST phy=2/2 att=150 ok=150 enomem=0 err=0 call_us[min/avg/max]=48/1642/4681 okgap_max_us=4692
   4.056  t=1s RTT mean=0 min=0 max=0 n=0 to=0 | cancels=0(+0/s) seqbad=0 len_bad=0 disc=0(0x00) | tot_n=0 tot_to=0 maxever=0 >2ms=0 >5ms=0 >15ms=0 >20ms=0 >30ms=0 | probes=0 wrfail=0 down=0s maxout=0s
   4.116  t=2s RTT mean=0 min=0 max=0 n=0 to=0 | cancels=0(+0/s) seqbad=0 len_bad=0 disc=0(0x00) | tot_n=0 tot_to=0 maxever=0 >2ms=0 >5ms=0 >15ms=0 >20ms=0 >30ms=0 | probes=0 wrfail=0 down=0s maxout=0s
   4.116  BLASTC comp=528 exkBps=0 cgap_us[min/avg/max]=1390/1898/4686
   4.116  BLAST phy=2/2 att=528 ok=528 enomem=0 err=0 call_us[min/avg/max]=1353/1887/4676 okgap_max_us=4686
   6.050  t=3s RTT mean=0 min=0 max=0 n=0 to=0 | cancels=0(+0/s) seqbad=0 len_bad=0 disc=0(0x00) | tot_n=0 tot_to=0 maxever=0 >2ms=0 >5ms=0 >15ms=0 >20ms=0 >30ms=0 | probes=0 wrfail=0 down=0s maxout=0s
   6.050  BLASTC comp=527 exkBps=0 cgap_us[min/avg/max]=1386/1895/4686
   6.050  BLAST phy=2/2 att=527 ok=527 enomem=0 err=0 call_us[min/avg/max]=1322/1884/4676 okgap_max_us=4687
   6.105  BLASTC comp=529 exkBps=0 cgap_us[min/avg/max]=1376/1888/4687
   6.105  BLAST phy=2/2 att=529 ok=529 enomem=0 err=0 call_us[min/avg/max]=1212/1877/4676 okgap_max_us=4687
   6.105  t=4s RTT mean=0 min=0 max=0 n=0 to=0 | cancels=0(+0/s) seqbad=0 len_bad=0 disc=0(0x00) | tot_n=0 tot_to=0 maxever=0 >2ms=0 >5ms=0 >15ms=0 >20ms=0 >30ms=0 | probes=0 wrfail=0 down=0s maxout=0s
   8.059  t=5s RTT mean=0 min=0 max=0 n=0 to=0 | cancels=0(+0/s) seqbad=0 len_bad=0 disc=0(0x00) | tot_n=0 tot_to=0 maxever=0 >2ms=0 >5ms=0 >15ms=0 >20ms=0 >30ms=0 | probes=0 wrfail=0 down=0s maxout=0s
   8.059  BLASTC comp=529 exkBps=0 cgap_us[min/avg/max]=1385/1894/4686
   8.059  BLAST phy=2/2 att=529 ok=529 enomem=0 err=0 call_us[min/avg/max]=1375/1883/4676 okgap_max_us=4686
   8.059  BLASTC comp=530 exkBps=0 cgap_us[min/avg/max]=1389/1884/4686
   8.120  BLAST phy=2/2 att=530 ok=530 enomem=0 err=0 call_us[min/avg/max]=1321/1873/4676 okgap_max_us=4686
   8.120  t=6s RTT mean=0 min=0 max=0 n=0 to=0 | cancels=0(+0/s) seqbad=0 len_bad=0 disc=0(0x00) | tot_n=0 tot_to=0 maxever=0 >2ms=0 >5ms=0 >15ms=0 >20ms=0 >30ms=0 | probes=0 wrfail=0 down=0s maxout=0s
  10.075  BLASTC comp=527 exkBps=0 cgap_us[min/avg/max]=1390/1895/4689
  10.075  BLAST phy=2/2 att=527 ok=527 enomem=0 err=0 call_us[min/avg/max]=1338/1884/4679 okgap_max_us=4689
  10.075  t=7s RTT mean=0 min=0 max=0 n=0 to=0 | cancels=0(+0/s) seqbad=0 len_bad=0 disc=0(0x00) | tot_n=0 tot_to=0 maxever=0 >2ms=0 >5ms=0 >15ms=0 >20ms=0 >30ms=0 | probes=0 wrfail=0 down=0s maxout=0s
  10.075  t=8s RTT mean=0 min=0 max=0 n=0 to=0 | cancels=0(+0/s) seqbad=0 len_bad=0 disc=0(0x00) | tot_n=0 tot_to=0 maxever=0 >2ms=0 >5ms=0 >15ms=0 >20ms=0 >30ms=0 | probes=0 wrfail=0 down=0s maxout=0s
  10.075  BLASTC comp=529 exkBps=0 cgap_us[min/avg/max]=1390/1894/4686
  10.135  BLAST phy=2/2 att=529 ok=529 enomem=0 err=0 call_us[min/avg/max]=1344/1883/4676 okgap_max_us=4686
  12.052  BLASTC comp=531 exkBps=0 cgap_us[min/avg/max]=1386/1881/4686
  12.052  BLAST phy=2/2 att=531 ok=531 enomem=0 err=0 call_us[min/avg/max]=1245/1870/4676 okgap_max_us=4686
  12.052  t=9s RTT mean=0 min=0 max=0 n=0 to=0 | cancels=0(+0/s) seqbad=0 len_bad=0 disc=0(0x00) | tot_n=0 tot_to=0 maxever=0 >2ms=0 >5ms=0 >15ms=0 >20ms=0 >30ms=0 | probes=0 wrfail=0 down=0s maxout=0s
  12.104  BLASTC comp=530 exkBps=0 cgap_us[min/avg/max]=1390/1884/4686
  12.105  BLAST phy=2/2 att=530 ok=530 enomem=0 err=0 call_us[min/avg/max]=1293/1873/4676 okgap_max_us=4686
  12.105  t=10s RTT mean=0 min=0 max=0 n=0 to=0 | cancels=0(+0/s) seqbad=0 len_bad=0 disc=0(0x00) | tot_n=0 tot_to=0 maxever=0 >2ms=0 >5ms=0 >15ms=0 >20ms=0 >30ms=0 | probes=0 wrfail=0 down=0s maxout=0s
  14.067  BLASTC comp=532 exkBps=0 cgap_us[min/avg/max]=1390/1883/4685
  14.067  BLAST phy=2/2 att=532 ok=532 enomem=0 err=0 call_us[min/avg/max]=1349/1872/4675 okgap_max_us=4686
  14.067  t=11s RTT mean=0 min=0 max=0 n=0 to=0 | cancels=0(+0/s) seqbad=0 len_bad=0 disc=0(0x00) | tot_n=0 tot_to=0 maxever=0 >2ms=0 >5ms=0 >15ms=0 >20ms=0 >30ms=0 | probes=0 wrfail=0 down=0s maxout=0s
  14.067  BLASTC comp=526 exkBps=0 cgap_us[min/avg/max]=1390/1899/4687
  14.067  BLAST phy=2/2 att=526 ok=526 enomem=0 err=0 call_us[min/avg/max]=1327/1888/4676 okgap_max_us=4687
  14.127  t=12s RTT mean=0 min=0 max=0 n=0 to=0 | cancels=0(+0/s) seqbad=0 len_bad=0 disc=0(0x00) | tot_n=0 tot_to=0 maxever=0 >2ms=0 >5ms=0 >15ms=0 >20ms=0 >30ms=0 | probes=0 wrfail=0 down=0s maxout=0s
  15.750  FSU: request [52..52] us (ACL both dirs, 1M+2M) rc=0
  15.750  FSU: updated status=0x00 spacing=70 us phys=0x3 types=0x3 initiator=0
  15.750  BLASTC comp=556 exkBps=0 cgap_us[min/avg/max]=1229/1798/10848
  15.802  BLAST phy=2/2 att=556 ok=556 enomem=0 err=0 call_us[min/avg/max]=1211/1787/10837 okgap_max_us=10847
  15.802  t=13s RTT mean=0 min=0 max=0 n=0 to=0 | cancels=0(+0/s) seqbad=0 len_bad=0 disc=0(0x00) | tot_n=0 tot_to=0 maxever=0 >2ms=0 >5ms=0 >15ms=0 >20ms=0 >30ms=0 | probes=0 wrfail=0 down=0s maxout=0s
  17.051  BLASTC comp=664 exkBps=0 cgap_us[min/avg/max]=1228/1507/3772
  17.051  BLAST phy=2/2 att=664 ok=664 enomem=0 err=0 call_us[min/avg/max]=1195/1497/3762 okgap_max_us=3772
  17.051  t=14s RTT mean=0 min=0 max=0 n=0 to=0 | cancels=0(+0/s) seqbad=0 len_bad=0 disc=0(0x00) | tot_n=0 tot_to=0 maxever=0 >2ms=0 >5ms=0 >15ms=0 >20ms=0 >30ms=0 | probes=0 wrfail=0 down=0s maxout=0s
  17.103  BLASTC comp=660 exkBps=0 cgap_us[min/avg/max]=1221/1513/3774
  17.103  BLAST phy=2/2 att=660 ok=660 enomem=0 err=0 call_us[min/avg/max]=1114/1502/3764 okgap_max_us=3774
  17.103  t=15s RTT mean=0 min=0 max=0 n=0 to=0 | cancels=0(+0/s) seqbad=0 len_bad=0 disc=0(0x00) | tot_n=0 tot_to=0 maxever=0 >2ms=0 >5ms=0 >15ms=0 >20ms=0 >30ms=0 | probes=0 wrfail=0 down=0s maxout=0s
  19.033  BLASTC comp=659 exkBps=0 cgap_us[min/avg/max]=1222/1517/7501
  19.033  BLAST phy=2/2 att=659 ok=659 enomem=0 err=0 call_us[min/avg/max]=1163/1506/7490 okgap_max_us=7501
  19.087  t=16s RTT mean=0 min=0 max=0 n=0 to=0 | cancels=0(+0/s) seqbad=0 len_bad=0 disc=0(0x00) | tot_n=0 tot_to=0 maxever=0 >2ms=0 >5ms=0 >15ms=0 >20ms=0 >30ms=0 | probes=0 wrfail=0 down=0s maxout=0s
  19.087  BLASTC comp=643 exkBps=0 cgap_us[min/avg/max]=1228/1557/7501
  19.087  BLAST phy=2/2 att=643 ok=643 enomem=0 err=0 call_us[min/avg/max]=1188/1546/7491 okgap_max_us=7502
  19.087  t=17s RTT mean=0 min=0 max=0 n=0 to=0 | cancels=0(+0/s) seqbad=0 len_bad=0 disc=0(0x00) | tot_n=0 tot_to=0 maxever=0 >2ms=0 >5ms=0 >15ms=0 >20ms=0 >30ms=0 | probes=0 wrfail=0 down=0s maxout=0s
  21.051  BLASTC comp=661 exkBps=0 cgap_us[min/avg/max]=1228/1510/7500
  21.051  BLAST phy=2/2 att=661 ok=661 enomem=0 err=0 call_us[min/avg/max]=1161/1500/7490 okgap_max_us=7500
  21.051  t=18s RTT mean=0 min=0 max=0 n=0 to=0 | cancels=0(+0/s) seqbad=0 len_bad=0 disc=0(0x00) | tot_n=0 tot_to=0 maxever=0 >2ms=0 >5ms=0 >15ms=0 >20ms=0 >30ms=0 | probes=0 wrfail=0 down=0s maxout=0s
  21.103  BLASTC comp=661 exkBps=0 cgap_us[min/avg/max]=1228/1512/2547
  21.103  BLAST phy=2/2 att=661 ok=661 enomem=0 err=0 call_us[min/avg/max]=1160/1501/2536 okgap_max_us=2547
  21.103  t=19s RTT mean=0 min=0 max=0 n=0 to=0 | cancels=0(+0/s) seqbad=0 len_bad=0 disc=0(0x00) | tot_n=0 tot_to=0 maxever=0 >2ms=0 >5ms=0 >15ms=0 >20ms=0 >30ms=0 | probes=0 wrfail=0 down=0s maxout=0s
  23.033  BLASTC comp=663 exkBps=0 cgap_us[min/avg/max]=1226/1510/2546
  23.033  BLAST phy=2/2 att=663 ok=663 enomem=0 err=0 call_us[min/avg/max]=1196/1499/2541 okgap_max_us=2552
  23.093  t=20s RTT mean=0 min=0 max=0 n=0 to=0 | cancels=0(+0/s) seqbad=0 len_bad=0 disc=0(0x00) | tot_n=0 tot_to=0 maxever=0 >2ms=0 >5ms=0 >15ms=0 >20ms=0 >30ms=0 | probes=0 wrfail=0 down=0s maxout=0s
  23.093  BLASTC comp=661 exkBps=0 cgap_us[min/avg/max]=1229/1510/2546
  23.093  BLAST phy=2/2 att=661 ok=661 enomem=0 err=0 call_us[min/avg/max]=1155/1500/2536 okgap_max_us=2606
  23.093  t=21s RTT mean=0 min=0 max=0 n=0 to=0 | cancels=0(+0/s) seqbad=0 len_bad=0 disc=0(0x00) | tot_n=0 tot_to=0 maxever=0 >2ms=0 >5ms=0 >15ms=0 >20ms=0 >30ms=0 | probes=0 wrfail=0 down=0s maxout=0s
  25.059  BLASTC comp=665 exkBps=0 cgap_us[min/avg/max]=1225/1503/2547
  25.059  BLAST phy=2/2 att=665 ok=665 enomem=0 err=0 call_us[min/avg/max]=1164/1492/2536 okgap_max_us=2547
  25.059  t=22s RTT mean=0 min=0 max=0 n=0 to=0 | cancels=0(+0/s) seqbad=0 len_bad=0 disc=0(0x00) | tot_n=0 tot_to=0 maxever=0 >2ms=0 >5ms=0 >15ms=0 >20ms=0 >30ms=0 | probes=0 wrfail=0 down=0s maxout=0s
  25.059  BLASTC comp=661 exkBps=0 cgap_us[min/avg/max]=1228/1514/2546
  25.120  BLAST phy=2/2 att=661 ok=661 enomem=0 err=0 call_us[min/avg/max]=1191/1504/2543 okgap_max_us=2554
  25.120  t=23s RTT mean=0 min=0 max=0 n=0 to=0 | cancels=0(+0/s) seqbad=0 len_bad=0 disc=0(0x00) | tot_n=0 tot_to=0 maxever=0 >2ms=0 >5ms=0 >15ms=0 >20ms=0 >30ms=0 | probes=0 wrfail=0 down=0s maxout=0s
  27.041  BLASTC comp=663 exkBps=0 cgap_us[min/avg/max]=1228/1506/2547
  27.041  BLAST phy=2/2 att=663 ok=663 enomem=0 err=0 call_us[min/avg/max]=1161/1495/2536 okgap_max_us=2603
  27.101  t=24s RTT mean=0 min=0 max=0 n=0 to=0 | cancels=0(+0/s) seqbad=0 len_bad=0 disc=0(0x00) | tot_n=0 tot_to=0 maxever=0 >2ms=0 >5ms=0 >15ms=0 >20ms=0 >30ms=0 | probes=0 wrfail=0 down=0s maxout=0s
  27.101  BLASTC comp=663 exkBps=0 cgap_us[min/avg/max]=1228/1508/2547
  27.101  BLAST phy=2/2 att=663 ok=663 enomem=0 err=0 call_us[min/avg/max]=1161/1497/2542 okgap_max_us=2553
  27.101  t=25s RTT mean=0 min=0 max=0 n=0 to=0 | cancels=0(+0/s) seqbad=0 len_bad=0 disc=0(0x00) | tot_n=0 tot_to=0 maxever=0 >2ms=0 >5ms=0 >15ms=0 >20ms=0 >30ms=0 | probes=0 wrfail=0 down=0s maxout=0s
  29.067  BLASTC comp=663 exkBps=0 cgap_us[min/avg/max]=1223/1510/2548
  29.067  BLAST phy=2/2 att=663 ok=663 enomem=0 err=0 call_us[min/avg/max]=1194/1499/2537 okgap_max_us=2548
  29.067  t=26s RTT mean=0 min=0 max=0 n=0 to=0 | cancels=0(+0/s) seqbad=0 len_bad=0 disc=0(0x00) | tot_n=0 tot_to=0 maxever=0 >2ms=0 >5ms=0 >15ms=0 >20ms=0 >30ms=0 | probes=0 wrfail=0 down=0s maxout=0s
  29.067  BLASTC comp=662 exkBps=0 cgap_us[min/avg/max]=1228/1508/2547
  29.067  BLAST phy=2/2 att=662 ok=662 enomem=0 err=0 call_us[min/avg/max]=1156/1497/2536 okgap_max_us=2607
  29.121  t=27s RTT mean=0 min=0 max=0 n=0 to=0 | cancels=0(+0/s) seqbad=0 len_bad=0 disc=0(0x00) | tot_n=0 tot_to=0 maxever=0 >2ms=0 >5ms=0 >15ms=0 >20ms=0 >30ms=0 | probes=0 wrfail=0 down=0s maxout=0s
