   1.723  *** Booting nRF Connect SDK v3.4.0-99553055607b ***
   1.723  *** Using Zephyr OS v4.4.0-bf801e4e3d19 ***
   1.723  [00:40:30.311,488] [0m<inf> bt_sdc_hci_driver: SoftDevice Controller build revision:
   1.723                                              c8 da 30 98 f9 f0 34 a4  4b 6e ba d3 08 19 cc 0c |..0...4. Kn......
   1.723                                              ea 51 da 47                                      |.Q.G             [0m
   1.723  [00:40:30.312,272] [1;33m<wrn> bt_hci_core: Num of Controller's ACL packets != ACL bt_conn_tx contexts (10 != 3)[0m
   1.780  [00:40:30.312,915] [0m<inf> bt_hci_core: HW Platform: Nordic Semiconductor (0x0002)[0m
   1.780  [00:40:30.312,926] [0m<inf> bt_hci_core: HW Variant: nRF54Lx (0x0005)[0m
   1.780  [00:40:30.312,937] [0m<inf> bt_hci_core: Firmware: Standard Bluetooth controller (0x00) Version 200.12506 Build 888207768[0m
   1.780  [00:40:30.313,327] [0m<inf> bt_hci_core: HCI transport: SDC[0m
   1.780  [00:40:30.313,372] [0m<inf> bt_hci_core: Identity: FC:BE:FF:FA:E6:8B (random)[0m
   1.780  [00:40:30.313,389] [0m<inf> bt_hci_core: HCI: version 6.3 (0x11) revision 0x3039, manufacturer 0x0059[0m
   1.780  [00:40:30.313,405] [0m<inf> bt_hci_core: LMP: version 6.3 (0x11) subver 0x3039[0m
   1.780  
   1.837  === nRF54L15 RTT ping-pong PERIPHERAL (echo) ===
   1.837  advertising
   2.996  GAP connected interval=37500
   2.996  PHY tx=2 rx=2
   2.996  P t=1s rxkBps=0 blkkBps=0 pongs=0(+0/s) cancels=0(+0/s) notify=0 disc=0(0x00) | echo rx=0 tx=0 pend=0 stale=0
   4.248  CCC: notify ENABLED
   4.307  P t=2s rxkBps=72 blkkBps=0 pongs=303(+303/s) cancels=0(+0/s) notify=1 disc=0(0x00) | echo rx=0 tx=0 pend=0 stale=0
   5.736  P t=3s rxkBps=162 blkkBps=0 pongs=983(+680/s) cancels=0(+0/s) notify=1 disc=0(0x00) | echo rx=0 tx=0 pend=0 stale=0
   5.736  P t=4s rxkBps=164 blkkBps=0 pongs=1672(+689/s) cancels=0(+0/s) notify=1 disc=0(0x00) | echo rx=0 tx=0 pend=0 stale=0
   7.709  P t=5s rxkBps=164 blkkBps=0 pongs=2362(+690/s) cancels=0(+0/s) notify=1 disc=0(0x00) | echo rx=0 tx=0 pend=0 stale=0
   7.709  P t=6s rxkBps=158 blkkBps=0 pongs=3028(+666/s) cancels=0(+0/s) notify=1 disc=0(0x00) | echo rx=0 tx=0 pend=0 stale=0
   9.708  P t=7s rxkBps=163 blkkBps=0 pongs=3716(+688/s) cancels=0(+0/s) notify=1 disc=0(0x00) | echo rx=0 tx=0 pend=0 stale=0
   9.708  P t=8s rxkBps=164 blkkBps=0 pongs=4407(+691/s) cancels=0(+0/s) notify=1 disc=0(0x00) | echo rx=0 tx=0 pend=0 stale=0
  11.703  P t=9s rxkBps=164 blkkBps=0 pongs=5098(+691/s) cancels=0(+0/s) notify=1 disc=0(0x00) | echo rx=0 tx=0 pend=0 stale=0
  11.703  P t=10s rxkBps=161 blkkBps=0 pongs=5777(+679/s) cancels=0(+0/s) notify=1 disc=0(0x00) | echo rx=0 tx=0 pend=0 stale=0
  13.720  P t=11s rxkBps=164 blkkBps=0 pongs=6469(+692/s) cancels=0(+0/s) notify=1 disc=0(0x00) | echo rx=0 tx=0 pend=0 stale=0
  13.720  P t=12s rxkBps=164 blkkBps=0 pongs=7161(+692/s) cancels=0(+0/s) notify=1 disc=0(0x00) | echo rx=0 tx=0 pend=0 stale=0
  15.705  P t=13s rxkBps=164 blkkBps=0 pongs=7852(+691/s) cancels=0(+0/s) notify=1 disc=0(0x00) | echo rx=0 tx=0 pend=0 stale=0
  15.705  P t=14s rxkBps=153 blkkBps=0 pongs=8496(+644/s) cancels=0(+0/s) notify=1 disc=0(0x00) | echo rx=0 tx=0 pend=0 stale=0
  17.714  P t=15s rxkBps=183 blkkBps=0 pongs=9265(+769/s) cancels=0(+0/s) notify=1 disc=0(0x00) | echo rx=0 tx=0 pend=0 stale=0
  17.714  P t=16s rxkBps=183 blkkBps=0 pongs=10037(+772/s) cancels=0(+0/s) notify=1 disc=0(0x00) | echo rx=0 tx=0 pend=0 stale=0
  19.736  P t=17s rxkBps=184 blkkBps=0 pongs=10812(+775/s) cancels=0(+0/s) notify=1 disc=0(0x00) | echo rx=0 tx=0 pend=0 stale=0
  19.736  P t=18s rxkBps=183 blkkBps=0 pongs=11582(+770/s) cancels=0(+0/s) notify=1 disc=0(0x00) | echo rx=0 tx=0 pend=0 stale=0
  21.744  P t=19s rxkBps=182 blkkBps=0 pongs=12349(+767/s) cancels=0(+0/s) notify=1 disc=0(0x00) | echo rx=0 tx=0 pend=0 stale=0
  21.744  P t=20s rxkBps=182 blkkBps=0 pongs=13114(+765/s) cancels=0(+0/s) notify=1 disc=0(0x00) | echo rx=0 tx=0 pend=0 stale=0
  23.725  P t=21s rxkBps=184 blkkBps=0 pongs=13887(+773/s) cancels=0(+0/s) notify=1 disc=0(0x00) | echo rx=0 tx=0 pend=0 stale=0
  23.725  P t=22s rxkBps=183 blkkBps=0 pongs=14658(+771/s) cancels=0(+0/s) notify=1 disc=0(0x00) | echo rx=0 tx=0 pend=0 stale=0
  25.730  P t=23s rxkBps=183 blkkBps=0 pongs=15427(+769/s) cancels=0(+0/s) notify=1 disc=0(0x00) | echo rx=0 tx=0 pend=0 stale=0
  25.730  P t=24s rxkBps=183 blkkBps=0 pongs=16197(+770/s) cancels=0(+0/s) notify=1 disc=0(0x00) | echo rx=0 tx=0 pend=0 stale=0
  27.747  P t=25s rxkBps=183 blkkBps=0 pongs=16969(+772/s) cancels=0(+0/s) notify=1 disc=0(0x00) | echo rx=0 tx=0 pend=0 stale=0
  27.747  P t=26s rxkBps=183 blkkBps=0 pongs=17740(+771/s) cancels=0(+0/s) notify=1 disc=0(0x00) | echo rx=0 tx=0 pend=0 stale=0
  29.741  P t=27s rxkBps=183 blkkBps=0 pongs=18510(+770/s) cancels=0(+0/s) notify=1 disc=0(0x00) | echo rx=0 tx=0 pend=0 stale=0
  29.741  P t=28s rxkBps=183 blkkBps=0 pongs=19281(+771/s) cancels=0(+0/s) notify=1 disc=0(0x00) | echo rx=0 tx=0 pend=0 stale=0
