   1.690  *** Booting Zephyr OS build v4.4.2-16-gfee9fbc62095 ***
   1.690  
   1.690  === nRF52 L2CAP CoC SINK (Zephyr 4.4.1, seg_recv) ===
   1.690  L2CAP server on PSM 0x0080
   1.690  Advertising as 'zenoh-nrf-l2cap'
   1.978  GAP connected: interval=12
   2.032  DLE updated: tx_max=251 rx_max=27
   2.086  PHY updated: tx=2 rx=2
   2.202  DLE updated: tx_max=251 rx_max=251
   2.202  CoC up — seg_recv sink ready (RX_CREDITS=64, MPS=247)
   2.731  SINK rx: 25 KB/s (26406 B / 1000 ms) fsu=0 | cum_total=26406 B cum_segs=111 | UP sent=64 eagain=0 lasterr=0 txcred=64 host_pulls=0
   3.774  SINK rx: 154 KB/s (158165 B / 1000 ms) fsu=0 | cum_total=184571 B cum_segs=770 | UP sent=64 eagain=0 lasterr=0 txcred=64 host_pulls=0
   4.738  SINK rx: 157 KB/s (161035 B / 1000 ms) fsu=0 | cum_total=345606 B cum_segs=1441 | UP sent=64 eagain=0 lasterr=0 txcred=64 host_pulls=0
   5.786  SINK rx: 157 KB/s (161280 B / 1000 ms) fsu=0 | cum_total=506886 B cum_segs=2113 | UP sent=64 eagain=0 lasterr=0 txcred=64 host_pulls=0
   6.812  SINK rx: 156 KB/s (160565 B / 1000 ms) fsu=0 | cum_total=667451 B cum_segs=2782 | UP sent=64 eagain=0 lasterr=0 txcred=64 host_pulls=0
   7.819  SINK rx: 157 KB/s (161280 B / 1000 ms) fsu=0 | cum_total=828731 B cum_segs=3454 | UP sent=64 eagain=0 lasterr=0 txcred=64 host_pulls=0
   8.843  SINK rx: 157 KB/s (161280 B / 1000 ms) fsu=0 | cum_total=990011 B cum_segs=4126 | UP sent=64 eagain=0 lasterr=0 txcred=64 host_pulls=0
   9.841  SINK rx: 158 KB/s (161995 B / 1000 ms) fsu=0 | cum_total=1152006 B cum_segs=4801 | UP sent=64 eagain=0 lasterr=0 txcred=64 host_pulls=0
  10.862  SINK rx: 155 KB/s (159605 B / 1000 ms) fsu=0 | cum_total=1311611 B cum_segs=5466 | UP sent=64 eagain=0 lasterr=0 txcred=64 host_pulls=0
  11.855  SINK rx: 157 KB/s (160800 B / 1000 ms) fsu=0 | cum_total=1472411 B cum_segs=6136 | UP sent=64 eagain=0 lasterr=0 txcred=64 host_pulls=0
  12.861  SINK rx: 157 KB/s (161035 B / 1000 ms) fsu=0 | cum_total=1633446 B cum_segs=6807 | UP sent=64 eagain=0 lasterr=0 txcred=64 host_pulls=0
  13.855  SINK rx: 157 KB/s (161525 B / 1000 ms) fsu=0 | cum_total=1794971 B cum_segs=7480 | UP sent=64 eagain=0 lasterr=0 txcred=64 host_pulls=0
  14.868  SINK rx: 154 KB/s (158155 B / 1000 ms) fsu=0 | cum_total=1953126 B cum_segs=8139 | UP sent=64 eagain=0 lasterr=0 txcred=64 host_pulls=0
  15.898  SINK rx: 155 KB/s (159605 B / 1000 ms) fsu=0 | cum_total=2112731 B cum_segs=8804 | UP sent=64 eagain=0 lasterr=0 txcred=64 host_pulls=0
  16.938  SINK rx: 157 KB/s (161035 B / 1000 ms) fsu=0 | cum_total=2273766 B cum_segs=9475 | UP sent=64 eagain=0 lasterr=0 txcred=64 host_pulls=0
  17.914  SINK rx: 157 KB/s (161525 B / 1000 ms) fsu=0 | cum_total=2435291 B cum_segs=10148 | UP sent=64 eagain=0 lasterr=0 txcred=64 host_pulls=0
  18.917  SINK rx: 157 KB/s (161515 B / 1000 ms) fsu=0 | cum_total=2596806 B cum_segs=10821 | UP sent=64 eagain=0 lasterr=0 txcred=64 host_pulls=0
  19.933  SINK rx: 157 KB/s (161525 B / 1000 ms) fsu=0 | cum_total=2758331 B cum_segs=11494 | UP sent=64 eagain=0 lasterr=0 txcred=64 host_pulls=0
  20.979  SINK rx: 157 KB/s (161515 B / 1000 ms) fsu=0 | cum_total=2919846 B cum_segs=12167 | UP sent=64 eagain=0 lasterr=0 txcred=64 host_pulls=0
  21.956  SINK rx: 157 KB/s (161525 B / 1000 ms) fsu=0 | cum_total=3081371 B cum_segs=12840 | UP sent=64 eagain=0 lasterr=0 txcred=64 host_pulls=0
  22.999  SINK rx: 157 KB/s (161760 B / 1000 ms) fsu=0 | cum_total=3243131 B cum_segs=13514 | UP sent=64 eagain=0 lasterr=0 txcred=64 host_pulls=0
  23.994  SINK rx: 157 KB/s (161760 B / 1000 ms) fsu=0 | cum_total=3404891 B cum_segs=14188 | UP sent=64 eagain=0 lasterr=0 txcred=64 host_pulls=0
  25.023  SINK rx: 157 KB/s (161280 B / 1000 ms) fsu=0 | cum_total=3566171 B cum_segs=14860 | UP sent=64 eagain=0 lasterr=0 txcred=64 host_pulls=0
  26.035  SINK rx: 157 KB/s (161760 B / 1000 ms) fsu=0 | cum_total=3727931 B cum_segs=15534 | UP sent=64 eagain=0 lasterr=0 txcred=64 host_pulls=0
  27.036  SINK rx: 157 KB/s (160800 B / 1000 ms) fsu=0 | cum_total=3888731 B cum_segs=16204 | UP sent=64 eagain=0 lasterr=0 txcred=64 host_pulls=0
  28.082  SINK rx: 157 KB/s (161515 B / 1000 ms) fsu=0 | cum_total=4050246 B cum_segs=16877 | UP sent=64 eagain=0 lasterr=0 txcred=64 host_pulls=0
  29.064  SINK rx: 157 KB/s (161760 B / 1000 ms) fsu=0 | cum_total=4212006 B cum_segs=17551 | UP sent=64 eagain=0 lasterr=0 txcred=64 host_pulls=0
