   0.279  SIN 27 KB/s (13050B / 1000 ) | cmtotl=80918  um_es389
   1.287  SINKr 2Bs1560  00m) mttl8287Bcmsg=56
   2.295  xB/s (139812 B / 1000 ms) | cum_total=8768390 B cum_segs=35937
   5.287  *** Booting Zephyr OS build v4.4.1-14-g9999e0404460 ***
   5.289  
   5.293  L2CAP CoC SINK (Zephyr 4.4.1, seg_recv) ===
   5.296  2CAP server on PSM 0x0080
   5.299   as 'zenoh-nrf-l2cap'
   8.372  GAP connected: interval=40
   8.773  PHY updated: tx=2 rx=2
   9.024  DLE updated: tx_max=27 rx_max=251
   9.029  CoC up — seg_recv sink ready (RX_CREDITS=64, MPS=247)
   9.324  SINK rx: 0 KB/s (6 B / 1000 ms) | cum_total=6 B cum_segs=1
  10.331  SINK rx: 120 KB/s (123220 B / 1000 ms) | cum_total=123226 B cum_segs=506
  11.338  SINK rx: 103 KB/s (106140 B / 1000 ms) | cum_total=229366 B cum_segs=941
  12.346  SINK rx: 125 KB/s (128100 B / 1000 ms) | cum_total=357466 B cum_segs=1466
  13.354  SINK rx: 115 KB/s (118096 B / 1000 ms) | cum_total=475562 B cum_segs=1950
  14.361  SINK rx: 122 KB/s (125416 B / 1000 ms) | cum_total=600978 B cum_segs=2464
  15.369  SINK rx: 146 KB/s (150060 B / 1000 ms) | cum_total=751038 B cum_segs=3079
  16.376  SINK rx: 130 KB/s (133468 B / 1000 ms) | cum_total=884506 B cum_segs=3626
  17.384  SINK rx: 100 KB/s (102724 B / 1000 ms) | cum_total=987230 B cum_segs=4047
  18.391  SINK rx: 130 KB/s (133712 B / 1000 ms) | cum_total=1120942 B cum_segs=4595
  19.398  SINK rx: 111 KB/s (113948 B / 1000 ms) | cum_total=1234890 B cum_segs=5062
  20.405  SINK rx: 137 KB/s (140300 B / 1000 ms) | cum_total=1375190 B cum_segs=5637
  21.413  SINK rx: 143 KB/s (146888 B / 1000 ms) | cum_total=1522078 B cum_segs=6239
  22.421  SINK rx: 120 KB/s (123220 B / 1000 ms) | cum_total=1645298 B cum_segs=6744
  23.428  SINK rx: 109 KB/s (112240 B / 1000 ms) | cum_total=1757538 B cum_segs=7204
  24.436  SINK rx: 128 KB/s (131760 B / 1000 ms) | cum_total=1889298 B cum_segs=7744
  25.444  SINK rx: 144 KB/s (147864 B / 1000 ms) | cum_total=2037162 B cum_segs=8350
  26.452  SINK rx: 137 KB/s (140788 B / 1000 ms) | cum_total=2177950 B cum_segs=8927
  27.458  SINK rx: 132 KB/s (135908 B / 1000 ms) | cum_total=2313858 B cum_segs=9484
  28.466  SINK rx: 125 KB/s (128588 B / 1000 ms) | cum_total=2442446 B cum_segs=10011
  29.473  SINK rx: 134 KB/s (138104 B / 1000 ms) | cum_total=2580550 B cum_segs=10577
  30.481  SINK rx: 142 KB/s (145668 B / 1000 ms) | cum_total=2726218 B cum_segs=11174
  31.488  SINK rx: 98 KB/s (101260 B / 1000 ms) | cum_total=2827478 B cum_segs=11589
  32.496  SINK rx: 113 KB/s (116388 B / 1000 ms) | cum_total=2943866 B cum_segs=12066
  33.504  SINK rx: 104 KB/s (107116 B / 1000 ms) | cum_total=3050982 B cum_segs=12505
  34.512  SINK rx: 100 KB/s (103212 B / 1000 ms) | cum_total=3154194 B cum_segs=12928
  35.518  SINK rx: 110 KB/s (113460 B / 1000 ms) | cum_total=3267654 B cum_segs=13393
  36.525  SINK rx: 111 KB/s (113704 B / 1000 ms) | cum_total=3381358 B cum_segs=13859
  37.533  SINK rx: 146 KB/s (150060 B / 1000 ms) | cum_total=3531418 B cum_segs=14474
  38.540  SINK rx: 86 KB/s (88328 B / 1000 ms) | cum_total=3619746 B cum_segs=14836
  39.546  SINK rx: 115 KB/s (118096 B / 1000 ms) | cum_total=3737842 B cum_segs=15320
  40.553  SINK rx: 129 KB/s (132248 B / 1000 ms) | cum_total=3870090 B cum_segs=15862
  41.561  SINK rx: 137 KB/s (141276 B / 1000 ms) | cum_total=4011366 B cum_segs=16441
  42.569  SINK rx: 150 KB/s (153964 B / 1000 ms) | cum_total=4165330 B cum_segs=17072
  43.576  SINK rx: 113 KB/s (115900 B / 1000 ms) | cum_total=4281230 B cum_segs=17547
  44.585  SINK rx: 126 KB/s (129564 B / 1000 ms) | cum_total=4410794 B cum_segs=18078
