   1.689  *** Booting Zephyr OS build v4.4.2-16-gfee9fbc62095 ***
   1.689  [01:06:55.033,905] [0m<inf> bt_hci_core: HW Platform: Nordic Semiconductor (0x0002)[0m
   1.749  [01:06:55.033,918] [0m<inf> bt_hci_core: HW Variant: nRF54Lx (0x0005)[0m
   1.750  [01:06:55.033,930] [0m<inf> bt_hci_core: Firmware: Standard Bluetooth controller (0x00) Version 4.4 Build 2[0m
   1.750  [01:06:55.034,272] [0m<inf> bt_hci_core: HCI transport: Controller[0m
   1.750  [01:06:55.034,318] [0m<inf> bt_hci_core: Identity: D6:C7:60:B1:D3:0E (random)[0m
   1.750  [01:06:55.034,334] [0m<inf> bt_hci_core: HCI: version 5.4 (0x0d) revision 0x0000, manufacturer 0x05f1[0m
   1.750  [01:06:55.034,349] [0m<inf> bt_hci_core: LMP: version 5.4 (0x0d) subver 0xffff[0m
   1.750  
   1.750  === nRF54L15 RTT ping-pong PERIPHERAL (echo) ===
   1.750  advertising
   3.068  GAP connected interval=22500
   3.068  PHY tx=2 rx=2
   3.128  P t=1s rxkBps=0 blkkBps=0 pongs=0(+0/s) cancels=0(+0/s) notify=0 disc=0(0x00) | echo rx=0 tx=0 pend=0 stale=0
   3.129  CCC: notify ENABLED
   4.732  P t=2s rxkBps=62 blkkBps=0 pongs=264(+264/s) cancels=0(+0/s) notify=1 disc=0(0x00) | echo rx=0 tx=0 pend=0 stale=0
   4.732  P t=3s rxkBps=93 blkkBps=0 pongs=658(+394/s) cancels=0(+0/s) notify=1 disc=0(0x00) | echo rx=0 tx=0 pend=0 stale=0
   6.742  P t=4s rxkBps=92 blkkBps=0 pongs=1047(+389/s) cancels=0(+0/s) notify=1 disc=0(0x00) | echo rx=0 tx=0 pend=0 stale=0
   6.742  P t=5s rxkBps=100 blkkBps=0 pongs=1468(+421/s) cancels=0(+0/s) notify=1 disc=0(0x00) | echo rx=0 tx=0 pend=0 stale=0
   8.691  P t=6s rxkBps=101 blkkBps=0 pongs=1894(+426/s) cancels=0(+0/s) notify=1 disc=0(0x00) | echo rx=0 tx=0 pend=0 stale=0
   8.746  P t=7s rxkBps=103 blkkBps=0 pongs=2327(+433/s) cancels=0(+0/s) notify=1 disc=0(0x00) | echo rx=0 tx=0 pend=0 stale=0
  10.716  P t=8s rxkBps=104 blkkBps=0 pongs=2767(+440/s) cancels=0(+0/s) notify=1 disc=0(0x00) | echo rx=0 tx=0 pend=0 stale=0
  10.716  P t=9s rxkBps=103 blkkBps=0 pongs=3200(+433/s) cancels=0(+0/s) notify=1 disc=0(0x00) | echo rx=0 tx=0 pend=0 stale=0
  12.703  P t=10s rxkBps=102 blkkBps=0 pongs=3630(+430/s) cancels=0(+0/s) notify=1 disc=0(0x00) | echo rx=0 tx=0 pend=0 stale=0
  12.703  P t=11s rxkBps=103 blkkBps=0 pongs=4065(+435/s) cancels=0(+0/s) notify=1 disc=0(0x00) | echo rx=0 tx=0 pend=0 stale=0
  14.699  P t=12s rxkBps=104 blkkBps=0 pongs=4505(+440/s) cancels=0(+0/s) notify=1 disc=0(0x00) | echo rx=0 tx=0 pend=0 stale=0
  14.700  P t=13s rxkBps=104 blkkBps=0 pongs=4943(+438/s) cancels=0(+0/s) notify=1 disc=0(0x00) | echo rx=0 tx=0 pend=0 stale=0
  16.700  P t=14s rxkBps=102 blkkBps=0 pongs=5375(+432/s) cancels=0(+0/s) notify=1 disc=0(0x00) | echo rx=0 tx=0 pend=0 stale=0
  16.700  P t=15s rxkBps=102 blkkBps=0 pongs=5806(+431/s) cancels=0(+0/s) notify=1 disc=0(0x00) | echo rx=0 tx=0 pend=0 stale=0
  18.708  P t=16s rxkBps=102 blkkBps=0 pongs=6235(+429/s) cancels=0(+0/s) notify=1 disc=0(0x00) | echo rx=0 tx=0 pend=0 stale=0
  18.708  P t=17s rxkBps=103 blkkBps=0 pongs=6669(+434/s) cancels=0(+0/s) notify=1 disc=0(0x00) | echo rx=0 tx=0 pend=0 stale=0
  20.736  P t=18s rxkBps=105 blkkBps=0 pongs=7110(+441/s) cancels=0(+0/s) notify=1 disc=0(0x00) | echo rx=0 tx=0 pend=0 stale=0
  20.737  P t=19s rxkBps=104 blkkBps=0 pongs=7549(+439/s) cancels=0(+0/s) notify=1 disc=0(0x00) | echo rx=0 tx=0 pend=0 stale=0
  22.699  P t=20s rxkBps=105 blkkBps=0 pongs=7991(+442/s) cancels=0(+0/s) notify=1 disc=0(0x00) | echo rx=0 tx=0 pend=0 stale=0
  22.700  P t=21s rxkBps=103 blkkBps=0 pongs=8426(+435/s) cancels=0(+0/s) notify=1 disc=0(0x00) | echo rx=0 tx=0 pend=0 stale=0
  24.739  P t=22s rxkBps=102 blkkBps=0 pongs=8855(+429/s) cancels=0(+0/s) notify=1 disc=0(0x00) | echo rx=0 tx=0 pend=0 stale=0
  24.740  P t=23s rxkBps=104 blkkBps=0 pongs=9294(+439/s) cancels=0(+0/s) notify=1 disc=0(0x00) | echo rx=0 tx=0 pend=0 stale=0
  26.722  P t=24s rxkBps=103 blkkBps=0 pongs=9727(+433/s) cancels=0(+0/s) notify=1 disc=0(0x00) | echo rx=0 tx=0 pend=0 stale=0
  26.723  P t=25s rxkBps=101 blkkBps=0 pongs=10152(+425/s) cancels=0(+0/s) notify=1 disc=0(0x00) | echo rx=0 tx=0 pend=0 stale=0
  28.695  P t=26s rxkBps=97 blkkBps=0 pongs=10562(+410/s) cancels=0(+0/s) notify=1 disc=0(0x00) | echo rx=0 tx=0 pend=0 stale=0
  28.751  P t=27s rxkBps=103 blkkBps=0 pongs=10995(+433/s) cancels=0(+0/s) notify=1 disc=0(0x00) | echo rx=0 tx=0 pend=0 stale=0
  30.708  P t=28s rxkBps=104 blkkBps=0 pongs=11433(+438/s) cancels=0(+0/s) notify=1 disc=0(0x00) | echo rx=0 tx=0 pend=0 stale=0
  30.708  P t=29s rxkBps=102 blkkBps=0 pongs=11862(+429/s) cancels=0(+0/s) notify=1 disc=0(0x00) | echo rx=0 tx=0 pend=0 stale=0
  32.729  P t=30s rxkBps=104 blkkBps=0 pongs=12299(+437/s) cancels=0(+0/s) notify=1 disc=0(0x00) | echo rx=0 tx=0 pend=0 stale=0
  32.729  P t=31s rxkBps=100 blkkBps=0 pongs=12721(+422/s) cancels=0(+0/s) notify=1 disc=0(0x00) | echo rx=0 tx=0 pend=0 stale=0
  34.735  P t=32s rxkBps=103 blkkBps=0 pongs=13156(+435/s) cancels=0(+0/s) notify=1 disc=0(0x00) | echo rx=0 tx=0 pend=0 stale=0
  34.735  P t=33s rxkBps=103 blkkBps=0 pongs=13589(+433/s) cancels=0(+0/s) notify=1 disc=0(0x00) | echo rx=0 tx=0 pend=0 stale=0
  36.693  P t=34s rxkBps=100 blkkBps=0 pongs=14012(+423/s) cancels=0(+0/s) notify=1 disc=0(0x00) | echo rx=0 tx=0 pend=0 stale=0
  36.753  P t=35s rxkBps=104 blkkBps=0 pongs=14449(+437/s) cancels=0(+0/s) notify=1 disc=0(0x00) | echo rx=0 tx=0 pend=0 stale=0
  38.735  P t=36s rxkBps=104 blkkBps=0 pongs=14888(+439/s) cancels=0(+0/s) notify=1 disc=0(0x00) | echo rx=0 tx=0 pend=0 stale=0
  38.735  P t=37s rxkBps=103 blkkBps=0 pongs=15324(+436/s) cancels=0(+0/s) notify=1 disc=0(0x00) | echo rx=0 tx=0 pend=0 stale=0
  40.716  P t=38s rxkBps=103 blkkBps=0 pongs=15760(+436/s) cancels=0(+0/s) notify=1 disc=0(0x00) | echo rx=0 tx=0 pend=0 stale=0
  40.716  P t=39s rxkBps=101 blkkBps=0 pongs=16187(+427/s) cancels=0(+0/s) notify=1 disc=0(0x00) | echo rx=0 tx=0 pend=0 stale=0
  42.729  P t=40s rxkBps=102 blkkBps=0 pongs=16619(+432/s) cancels=0(+0/s) notify=1 disc=0(0x00) | echo rx=0 tx=0 pend=0 stale=0
  42.729  P t=41s rxkBps=104 blkkBps=0 pongs=17057(+438/s) cancels=0(+0/s) notify=1 disc=0(0x00) | echo rx=0 tx=0 pend=0 stale=0
  44.702  P t=42s rxkBps=104 blkkBps=0 pongs=17496(+439/s) cancels=0(+0/s) notify=1 disc=0(0x00) | echo rx=0 tx=0 pend=0 stale=0
  44.702  P t=43s rxkBps=104 blkkBps=0 pongs=17933(+437/s) cancels=0(+0/s) notify=1 disc=0(0x00) | echo rx=0 tx=0 pend=0 stale=0
