   2.050  *** Booting Zephyr OS build v4.4.2-16-gfee9fbc62095 ***
   2.050  [00:02:25.249,015] [0m<inf> bt_hci_core: HW Platform: Nordic Semiconductor (0x0002)[0m
   2.050  [00:02:25.249,027] [0m<inf> bt_hci_core: HW Variant: nRF54Lx (0x0005)[0m
   2.109  [00:02:25.249,039] [0m<inf> bt_hci_core: Firmware: Standard Bluetooth controller (0x00) Version 4.4 Build 2[0m
   2.109  [00:02:25.249,388] [0m<inf> bt_hci_core: HCI transport: Controller[0m
   2.109  [00:02:25.249,436] [0m<inf> bt_hci_core: Identity: FC:BE:FF:FA:E6:8B (random)[0m
   2.109  [00:02:25.249,452] [0m<inf> bt_hci_core: HCI: version 5.4 (0x0d) revision 0x0000, manufacturer 0x05f1[0m
   2.109  [00:02:25.249,468] [0m<inf> bt_hci_core: LMP: version 5.4 (0x0d) subver 0xffff[0m
   2.109  
   2.109  === nRF54L15 RTT ping-pong CENTRAL ===
   2.109  scan rc=0
   2.109  Q2CONN AA=cc489c8a CRCINIT=bf19e1 hop=11 chan_count=37 map=ffffffff1f
   2.109  GAP connected interval=35000
   3.143  MTU err=0 mtu=247
   3.143  PHY tx=2 rx=2
   3.143  discovery start (post-PHY +500ms) interval=35000 phy2m=1
   3.204  t=1s RTT mean=0 min=0 max=0 n=0 to=0 | cancels=0(+0/s) seqbad=0 len_bad=0 disc=0(0x00) | tot_n=0 tot_to=0 maxever=0 >2ms=0 >5ms=0 >15ms=0 >20ms=0 >30ms=0 | probes=0 wrfail=0 down=1s maxout=1s
   3.204  SUBSCRIBED, vh=14
   3.204  BLAST: phy_update->2M rc=0
   3.204  BLASTC comp=1 exkBps=0 cgap_us[min/avg/max]=4294967295/0/0
   3.204  BLAST phy=2/2 att=1 ok=1 enomem=0 err=0 call_us[min/avg/max]=125/125/125 okgap_max_us=0
   3.204  BLAST first16_call_us: 125 124 119 122 121 122 122 122 122 114 55 54 53 54 54 53
   4.310  PHY tx=2 rx=2
   4.310  t=2s RTT mean=0 min=0 max=0 n=0 to=0 | cancels=0(+0/s) seqbad=0 len_bad=282 disc=0(0x00) | tot_n=0 tot_to=0 maxever=0 >2ms=0 >5ms=0 >15ms=0 >20ms=0 >30ms=0 | probes=0 wrfail=0 down=1s maxout=1s
   4.310  BLASTC comp=293 exkBps=67 cgap_us[min/avg/max]=130/2896/134445
   4.363  BLAST phy=2/2 att=303 ok=303 enomem=0 err=0 call_us[min/avg/max]=53/2789/133719 okgap_max_us=133731
   6.029  RPT pe: events=56 mean=11.76 mode=14 max=14 | 1:8 7:3 14:45
   6.083  BLASTC comp=371 exkBps=88 cgap_us[min/avg/max]=2391/2693/20617
   6.083  BLAST phy=2/2 att=371 ok=371 enomem=0 err=0 call_us[min/avg/max]=2323/2681/20606 okgap_max_us=20618
   6.083  t=3s RTT mean=0 min=0 max=0 n=0 to=0 | cancels=0(+0/s) seqbad=0 len_bad=654 disc=0(0x00) | tot_n=0 tot_to=0 maxever=0 >2ms=0 >5ms=0 >15ms=0 >20ms=0 >30ms=0 | probes=0 wrfail=0 down=1s maxout=1s
   6.142  t=4s RTT mean=0 min=0 max=0 n=0 to=0 | cancels=0(+0/s) seqbad=0 len_bad=1036 disc=0(0x00) | tot_n=0 tot_to=0 maxever=0 >2ms=0 >5ms=0 >15ms=0 >20ms=0 >30ms=0 | probes=0 wrfail=0 down=1s maxout=1s
   6.142  BLASTC comp=382 exkBps=91 cgap_us[min/avg/max]=2396/2619/20618
   6.142  BLAST phy=2/2 att=382 ok=382 enomem=0 err=0 call_us[min/avg/max]=2384/2607/20606 okgap_max_us=20618
   7.060  FSU: request [52..52] us (ACL both dirs, 1M+2M) rc=0
   7.061  FSU: updated status=0x00 spacing=52 us phys=0x3 types=0x3 initiator=0
   7.061  RPT pe: events=58 mean=14.05 mode=14 max=15 | 6:1 7:2 14:30 15:25
   7.117  t=5s RTT mean=0 min=0 max=0 n=0 to=0 | cancels=0(+0/s) seqbad=0 len_bad=1439 disc=0(0x00) | tot_n=0 tot_to=0 maxever=0 >2ms=0 >5ms=0 >15ms=0 >20ms=0 >30ms=0 | probes=0 wrfail=0 down=1s maxout=1s
   7.117  BLASTC comp=404 exkBps=96 cgap_us[min/avg/max]=1422/2476/27815
   7.117  BLAST phy=2/2 att=404 ok=404 enomem=0 err=0 call_us[min/avg/max]=1410/2464/27803 okgap_max_us=27815
   9.053  BLASTC comp=403 exkBps=96 cgap_us[min/avg/max]=2184/2480/30597
   9.054  BLAST phy=2/2 att=403 ok=403 enomem=0 err=0 call_us[min/avg/max]=2012/2468/30586 okgap_max_us=30597
   9.109  t=6s RTT mean=0 min=0 max=0 n=0 to=0 | cancels=0(+0/s) seqbad=0 len_bad=1842 disc=0(0x00) | tot_n=0 tot_to=0 maxever=0 >2ms=0 >5ms=0 >15ms=0 >20ms=0 >30ms=0 | probes=0 wrfail=0 down=1s maxout=1s
   9.109  RPT pe: events=57 mean=14.63 mode=15 max=15 | 3:1 8:1 13:1 15:54
   9.109  BLASTC comp=415 exkBps=98 cgap_us[min/avg/max]=2199/2408/8588
   9.109  BLAST phy=2/2 att=415 ok=415 enomem=0 err=0 call_us[min/avg/max]=2134/2396/8576 okgap_max_us=8588
   9.109  t=7s RTT mean=0 min=0 max=0 n=0 to=0 | cancels=0(+0/s) seqbad=0 len_bad=2257 disc=0(0x00) | tot_n=0 tot_to=0 maxever=0 >2ms=0 >5ms=0 >15ms=0 >20ms=0 >30ms=0 | probes=0 wrfail=0 down=1s maxout=1s
  11.049  BLASTC comp=415 exkBps=98 cgap_us[min/avg/max]=2195/2409/15190
  11.049  BLAST phy=2/2 att=415 ok=415 enomem=0 err=0 call_us[min/avg/max]=2120/2397/15179 okgap_max_us=15191
  11.109  t=8s RTT mean=0 min=0 max=0 n=0 to=0 | cancels=0(+0/s) seqbad=0 len_bad=2672 disc=0(0x00) | tot_n=0 tot_to=0 maxever=0 >2ms=0 >5ms=0 >15ms=0 >20ms=0 >30ms=0 | probes=0 wrfail=0 down=1s maxout=1s
  11.109  RPT pe: events=57 mean=14.89 mode=15 max=15 | 10:1 14:1 15:55
  11.109  BLASTC comp=422 exkBps=100 cgap_us[min/avg/max]=2200/2368/6388
  11.109  BLAST phy=2/2 att=422 ok=422 enomem=0 err=0 call_us[min/avg/max]=2135/2356/6376 okgap_max_us=6388
  11.109  t=9s RTT mean=0 min=0 max=0 n=0 to=0 | cancels=0(+0/s) seqbad=0 len_bad=3094 disc=0(0x00) | tot_n=0 tot_to=0 maxever=0 >2ms=0 >5ms=0 >15ms=0 >20ms=0 >30ms=0 | probes=0 wrfail=0 down=1s maxout=1s
  13.090  BLASTC comp=417 exkBps=99 cgap_us[min/avg/max]=2194/2397/6386
  13.091  BLAST phy=2/2 att=417 ok=417 enomem=0 err=0 call_us[min/avg/max]=2121/2385/6375 okgap_max_us=6386
  13.091  t=10s RTT mean=0 min=0 max=0 n=0 to=0 | cancels=0(+0/s) seqbad=0 len_bad=3511 disc=0(0x00) | tot_n=0 tot_to=0 maxever=0 >2ms=0 >5ms=0 >15ms=0 >20ms=0 >30ms=0 | probes=0 wrfail=0 down=1s maxout=1s
  13.091  RPT pe: events=57 mean=14.73 mode=15 max=15 | 7:1 10:1 14:2 15:53
  13.091  BLASTC comp=409 exkBps=97 cgap_us[min/avg/max]=2191/2449/21795
  13.091  BLAST phy=2/2 att=409 ok=409 enomem=0 err=0 call_us[min/avg/max]=2166/2437/21783 okgap_max_us=21795
  13.151  t=11s RTT mean=0 min=0 max=0 n=0 to=0 | cancels=0(+0/s) seqbad=0 len_bad=3920 disc=0(0x00) | tot_n=0 tot_to=0 maxever=0 >2ms=0 >5ms=0 >15ms=0 >20ms=0 >30ms=0 | probes=0 wrfail=0 down=1s maxout=1s
  15.049  BLASTC comp=419 exkBps=99 cgap_us[min/avg/max]=2199/2385/12989
  15.049  BLAST phy=2/2 att=419 ok=419 enomem=0 err=0 call_us[min/avg/max]=2139/2373/12978 okgap_max_us=12989
  15.100  t=12s RTT mean=0 min=0 max=0 n=0 to=0 | cancels=0(+0/s) seqbad=0 len_bad=4339 disc=0(0x00) | tot_n=0 tot_to=0 maxever=0 >2ms=0 >5ms=0 >15ms=0 >20ms=0 >30ms=0 | probes=0 wrfail=0 down=1s maxout=1s
  15.100  RPT pe: events=57 mean=14.92 mode=15 max=15 | 11:1 15:56
  15.100  t=13s RTT mean=0 min=0 max=0 n=0 to=0 | cancels=0(+0/s) seqbad=0 len_bad=4762 disc=0(0x00) | tot_n=0 tot_to=0 maxever=0 >2ms=0 >5ms=0 >15ms=0 >20ms=0 >30ms=0 | probes=0 wrfail=0 down=1s maxout=1s
  15.100  BLASTC comp=424 exkBps=101 cgap_us[min/avg/max]=2196/2388/15183
  15.161  BLAST phy=2/2 att=424 ok=424 enomem=0 err=0 call_us[min/avg/max]=2135/2376/15178 okgap_max_us=6321
  17.083  t=14s RTT mean=0 min=0 max=0 n=0 to=0 | cancels=0(+0/s) seqbad=0 len_bad=5161 disc=0(0x00) | tot_n=0 tot_to=0 maxever=0 >2ms=0 >5ms=0 >15ms=0 >20ms=0 >30ms=0 | probes=0 wrfail=0 down=1s maxout=1s
  17.083  BLASTC comp=399 exkBps=95 cgap_us[min/avg/max]=2198/2543/30598
  17.083  BLAST phy=2/2 att=399 ok=399 enomem=0 err=0 call_us[min/avg/max]=2131/2531/30593 okgap_max_us=26195
  17.083  RPT pe: events=57 mean=14.42 mode=15 max=15 | 3:1 5:1 9:1 10:1 15:53
  17.083  BLASTC comp=413 exkBps=98 cgap_us[min/avg/max]=2192/2352/6385
  17.083  BLAST phy=2/2 att=413 ok=413 enomem=0 err=0 call_us[min/avg/max]=2130/2340/6373 okgap_max_us=30666
  17.142  t=15s RTT mean=0 min=0 max=0 n=0 to=0 | cancels=0(+0/s) seqbad=0 len_bad=5576 disc=0(0x00) | tot_n=0 tot_to=0 maxever=0 >2ms=0 >5ms=0 >15ms=0 >20ms=0 >30ms=0 | probes=0 wrfail=0 down=1s maxout=1s
  19.066  BLASTC comp=424 exkBps=101 cgap_us[min/avg/max]=2199/2357/4399
  19.067  BLAST phy=2/2 att=424 ok=424 enomem=0 err=0 call_us[min/avg/max]=2128/2345/4388 okgap_max_us=4399
  19.067  t=16s RTT mean=0 min=0 max=0 n=0 to=0 | cancels=0(+0/s) seqbad=0 len_bad=6000 disc=0(0x00) | tot_n=0 tot_to=0 maxever=0 >2ms=0 >5ms=0 >15ms=0 >20ms=0 >30ms=0 | probes=0 wrfail=0 down=1s maxout=1s
  19.067  BLASTC comp=400 exkBps=95 cgap_us[min/avg/max]=2198/2499/28396
  19.125  BLAST phy=2/2 att=400 ok=400 enomem=0 err=0 call_us[min/avg/max]=2125/2487/28384 okgap_max_us=28396
  19.126  RPT pe: events=57 mean=14.70 mode=15 max=15 | 5:1 8:1 15:55
  19.126  t=17s RTT mean=0 min=0 max=0 n=0 to=0 | cancels=0(+0/s) seqbad=0 len_bad=6399 disc=0(0x00) | tot_n=0 tot_to=0 maxever=0 >2ms=0 >5ms=0 >15ms=0 >20ms=0 >30ms=0 | probes=0 wrfail=0 down=1s maxout=1s
  21.032  BLASTC comp=420 exkBps=100 cgap_us[min/avg/max]=2198/2385/12989
  21.092  BLAST phy=2/2 att=420 ok=420 enomem=0 err=0 call_us[min/avg/max]=2186/2373/12978 okgap_max_us=12989
  21.093  t=18s RTT mean=0 min=0 max=0 n=0 to=0 | cancels=0(+0/s) seqbad=0 len_bad=6819 disc=0(0x00) | tot_n=0 tot_to=0 maxever=0 >2ms=0 >5ms=0 >15ms=0 >20ms=0 >30ms=0 | probes=0 wrfail=0 down=1s maxout=1s
  21.093  RPT pe: events=58 mean=14.77 mode=15 max=15 | 6:1 11:1 15:56
  21.093  BLASTC comp=413 exkBps=98 cgap_us[min/avg/max]=2195/2420/23995
  21.093  BLAST phy=2/2 att=413 ok=413 enomem=0 err=0 call_us[min/avg/max]=2134/2408/23983 okgap_max_us=23995
  21.150  t=19s RTT mean=0 min=0 max=0 n=0 to=0 | cancels=0(+0/s) seqbad=0 len_bad=7233 disc=0(0x00) | tot_n=0 tot_to=0 maxever=0 >2ms=0 >5ms=0 >15ms=0 >20ms=0 >30ms=0 | probes=0 wrfail=0 down=1s maxout=1s
  23.050  BLASTC comp=419 exkBps=99 cgap_us[min/avg/max]=2191/2386/10789
  23.050  BLAST phy=2/2 att=419 ok=419 enomem=0 err=0 call_us[min/avg/max]=2084/2374/10776 okgap_max_us=10788
  23.110  t=20s RTT mean=0 min=0 max=0 n=0 to=0 | cancels=0(+0/s) seqbad=0 len_bad=7652 disc=0(0x00) | tot_n=0 tot_to=0 maxever=0 >2ms=0 >5ms=0 >15ms=0 >20ms=0 >30ms=0 | probes=0 wrfail=0 down=1s maxout=1s
  23.110  BLASTC comp=422 exkBps=100 cgap_us[min/avg/max]=2189/2368/8588
  23.110  BLAST phy=2/2 att=422 ok=422 enomem=0 err=0 call_us[min/avg/max]=2125/2356/8576 okgap_max_us=8588
  23.110  RPT pe: events=57 mean=14.84 mode=15 max=15 | 12:1 13:3 15:53
  23.110  t=21s RTT mean=0 min=0 max=0 n=0 to=0 | cancels=0(+0/s) seqbad=0 len_bad=8074 disc=0(0x00) | tot_n=0 tot_to=0 maxever=0 >2ms=0 >5ms=0 >15ms=0 >20ms=0 >30ms=0 | probes=0 wrfail=0 down=1s maxout=1s
  25.084  BLASTC comp=412 exkBps=98 cgap_us[min/avg/max]=2198/2426/21794
  25.084  BLAST phy=2/2 att=412 ok=412 enomem=0 err=0 call_us[min/avg/max]=2130/2414/21781 okgap_max_us=21793
  25.084  t=22s RTT mean=0 min=0 max=0 n=0 to=0 | cancels=0(+0/s) seqbad=0 len_bad=8486 disc=0(0x00) | tot_n=0 tot_to=0 maxever=0 >2ms=0 >5ms=0 >15ms=0 >20ms=0 >30ms=0 | probes=0 wrfail=0 down=1s maxout=1s
  25.084  BLASTC comp=392 exkBps=93 cgap_us[min/avg/max]=2200/2549/39119
  25.084  BLAST phy=2/2 att=392 ok=392 enomem=0 err=0 call_us[min/avg/max]=2126/2538/39108 okgap_max_us=39120
  25.084  RPT pe: events=57 mean=14.36 mode=15 max=15 | 1:1 3:1 7:1 13:1 15:53
  25.144  t=23s RTT mean=0 min=0 max=0 n=0 to=0 | cancels=0(+0/s) seqbad=0 len_bad=8878 disc=0(0x00) | tot_n=0 tot_to=0 maxever=0 >2ms=0 >5ms=0 >15ms=0 >20ms=0 >30ms=0 | probes=0 wrfail=0 down=1s maxout=1s
  27.078  BLASTC comp=418 exkBps=99 cgap_us[min/avg/max]=2193/2392/17392
  27.078  BLAST phy=2/2 att=418 ok=418 enomem=0 err=0 call_us[min/avg/max]=2119/2380/17380 okgap_max_us=17392
  27.079  t=24s RTT mean=0 min=0 max=0 n=0 to=0 | cancels=0(+0/s) seqbad=0 len_bad=9296 disc=0(0x00) | tot_n=0 tot_to=0 maxever=0 >2ms=0 >5ms=0 >15ms=0 >20ms=0 >30ms=0 | probes=0 wrfail=0 down=1s maxout=1s
  27.079  RPT pe: events=58 mean=14.72 mode=15 max=15 | 5:1 9:1 15:56
  27.133  t=25s RTT mean=0 min=0 max=0 n=0 to=0 | cancels=0(+0/s) seqbad=0 len_bad=9713 disc=0(0x00) | tot_n=0 tot_to=0 maxever=0 >2ms=0 >5ms=0 >15ms=0 >20ms=0 >30ms=0 | probes=0 wrfail=0 down=1s maxout=1s
  27.133  BLASTC comp=419 exkBps=99 cgap_us[min/avg/max]=2199/2432/26189
  27.133  BLAST phy=2/2 att=419 ok=419 enomem=0 err=0 call_us[min/avg/max]=2187/2420/26183 okgap_max_us=4463
  29.043  BLASTC comp=408 exkBps=97 cgap_us[min/avg/max]=2198/2407/10788
  29.043  BLAST phy=2/2 att=408 ok=408 enomem=0 err=0 call_us[min/avg/max]=2130/2395/10776 okgap_max_us=26255
  29.100  t=26s RTT mean=0 min=0 max=0 n=0 to=0 | cancels=0(+0/s) seqbad=0 len_bad=10123 disc=0(0x00) | tot_n=0 tot_to=0 maxever=0 >2ms=0 >5ms=0 >15ms=0 >20ms=0 >30ms=0 | probes=0 wrfail=0 down=1s maxout=1s
  29.100  BLASTC comp=418 exkBps=99 cgap_us[min/avg/max]=2197/2391/21794
  29.100  BLAST phy=2/2 att=418 ok=418 enomem=0 err=0 call_us[min/avg/max]=2125/2379/21782 okgap_max_us=21794
  29.100  RPT pe: events=56 mean=14.75 mode=15 max=15 | 7:1 12:1 13:1 14:1 15:52
  29.151  t=27s RTT mean=0 min=0 max=0 n=0 to=0 | cancels=0(+0/s) seqbad=0 len_bad=10541 disc=0(0x00) | tot_n=0 tot_to=0 maxever=0 >2ms=0 >5ms=0 >15ms=0 >20ms=0 >30ms=0 | probes=0 wrfail=0 down=1s maxout=1s
  31.077  BLASTC comp=413 exkBps=98 cgap_us[min/avg/max]=2192/2420/28396
  31.077  BLAST phy=2/2 att=413 ok=413 enomem=0 err=0 call_us[min/avg/max]=2107/2408/28384 okgap_max_us=28396
  31.077  t=28s RTT mean=0 min=0 max=0 n=0 to=0 | cancels=0(+0/s) seqbad=0 len_bad=10954 disc=0(0x00) | tot_n=0 tot_to=0 maxever=0 >2ms=0 >5ms=0 >15ms=0 >20ms=0 >30ms=0 | probes=0 wrfail=0 down=1s maxout=1s
  31.077  BLASTC comp=414 exkBps=98 cgap_us[min/avg/max]=2193/2414/28397
  31.137  BLAST phy=2/2 att=414 ok=414 enomem=0 err=0 call_us[min/avg/max]=2126/2403/28384 okgap_max_us=28396
  31.137  RPT pe: events=57 mean=14.54 mode=15 max=15 | 4:2 12:1 14:1 15:53
  31.137  t=29s RTT mean=0 min=0 max=0 n=0 to=0 | cancels=0(+0/s) seqbad=0 len_bad=11369 disc=0(0x00) | tot_n=0 tot_to=0 maxever=0 >2ms=0 >5ms=0 >15ms=0 >20ms=0 >30ms=0 | probes=0 wrfail=0 down=1s maxout=1s
  33.075  BLASTC comp=404 exkBps=96 cgap_us[min/avg/max]=2192/2474/23996
  33.075  BLAST phy=2/2 att=404 ok=404 enomem=0 err=0 call_us[min/avg/max]=2120/2462/23984 okgap_max_us=23996
  33.075  t=30s RTT mean=0 min=0 max=0 n=0 to=0 | cancels=0(+0/s) seqbad=0 len_bad=11773 disc=0(0x00) | tot_n=0 tot_to=0 maxever=0 >2ms=0 >5ms=0 >15ms=0 >20ms=0 >30ms=0 | probes=0 wrfail=0 down=1s maxout=1s
  33.075  BLASTC comp=396 exkBps=94 cgap_us[min/avg/max]=2199/2524/35001
  33.133  BLAST phy=2/2 att=396 ok=396 enomem=0 err=0 call_us[min/avg/max]=2124/2513/34990 okgap_max_us=35002
  33.134  RPT pe: events=58 mean=14.24 mode=15 max=15 | 1:2 6:1 11:1 12:1 15:53
  33.134  t=31s RTT mean=0 min=0 max=0 n=0 to=0 | cancels=0(+0/s) seqbad=0 len_bad=12168 disc=0(0x00) | tot_n=0 tot_to=0 maxever=0 >2ms=0 >5ms=0 >15ms=0 >20ms=0 >30ms=0 | probes=0 wrfail=0 down=1s maxout=1s
  35.080  BLASTC comp=413 exkBps=98 cgap_us[min/avg/max]=2199/2425/30598
  35.080  BLAST phy=2/2 att=413 ok=413 enomem=0 err=0 call_us[min/avg/max]=2185/2413/30586 okgap_max_us=30598
  35.080  t=32s RTT mean=0 min=0 max=0 n=0 to=0 | cancels=0(+0/s) seqbad=0 len_bad=12581 disc=0(0x00) | tot_n=0 tot_to=0 maxever=0 >2ms=0 >5ms=0 >15ms=0 >20ms=0 >30ms=0 | probes=0 wrfail=0 down=1s maxout=1s
  35.080  BLASTC comp=401 exkBps=95 cgap_us[min/avg/max]=2197/2492/30598
  35.080  BLAST phy=2/2 att=401 ok=401 enomem=0 err=0 call_us[min/avg/max]=2125/2480/30587 okgap_max_us=30598
  35.133  RPT pe: events=57 mean=14.40 mode=15 max=15 | 3:1 4:1 9:1 10:1 15:53
  35.133  t=33s RTT mean=0 min=0 max=0 n=0 to=0 | cancels=0(+0/s) seqbad=0 len_bad=12983 disc=0(0x00) | tot_n=0 tot_to=0 maxever=0 >2ms=0 >5ms=0 >15ms=0 >20ms=0 >30ms=0 | probes=0 wrfail=0 down=1s maxout=1s
  37.033  BLASTC comp=408 exkBps=97 cgap_us[min/avg/max]=2192/2450/28396
  37.093  BLAST phy=2/2 att=408 ok=408 enomem=0 err=0 call_us[min/avg/max]=2088/2438/28384 okgap_max_us=28396
  37.094  t=34s RTT mean=0 min=0 max=0 n=0 to=0 | cancels=0(+0/s) seqbad=0 len_bad=13391 disc=0(0x00) | tot_n=0 tot_to=0 maxever=0 >2ms=0 >5ms=0 >15ms=0 >20ms=0 >30ms=0 | probes=0 wrfail=0 down=1s maxout=1s
  37.094  BLASTC comp=414 exkBps=98 cgap_us[min/avg/max]=2199/2414/21793
  37.094  BLAST phy=2/2 att=414 ok=414 enomem=0 err=0 call_us[min/avg/max]=2125/2402/21781 okgap_max_us=21793
  37.094  RPT pe: events=57 mean=14.68 mode=15 max=15 | 4:1 8:1 15:55
  37.153  t=35s RTT mean=0 min=0 max=0 n=0 to=0 | cancels=0(+0/s) seqbad=0 len_bad=13805 disc=0(0x00) | tot_n=0 tot_to=0 maxever=0 >2ms=0 >5ms=0 >15ms=0 >20ms=0 >30ms=0 | probes=0 wrfail=0 down=1s maxout=1s
  39.060  BLASTC comp=417 exkBps=99 cgap_us[min/avg/max]=2193/2397/6385
  39.060  BLAST phy=2/2 att=417 ok=417 enomem=0 err=0 call_us[min/avg/max]=2120/2385/6373 okgap_max_us=6385
  39.061  t=36s RTT mean=0 min=0 max=0 n=0 to=0 | cancels=0(+0/s) seqbad=0 len_bad=14222 disc=0(0x00) | tot_n=0 tot_to=0 maxever=0 >2ms=0 >5ms=0 >15ms=0 >20ms=0 >30ms=0 | probes=0 wrfail=0 down=1s maxout=1s
  39.121  BLASTC comp=418 exkBps=99 cgap_us[min/avg/max]=2200/2391/10788
  39.121  BLAST phy=2/2 att=418 ok=418 enomem=0 err=0 call_us[min/avg/max]=2124/2379/10777 okgap_max_us=10788
  39.121  RPT pe: events=57 mean=14.94 mode=15 max=15 | 12:1 15:56
  39.121  t=37s RTT mean=0 min=0 max=0 n=0 to=0 | cancels=0(+0/s) seqbad=0 len_bad=14640 disc=0(0x00) | tot_n=0 tot_to=0 maxever=0 >2ms=0 >5ms=0 >15ms=0 >20ms=0 >30ms=0 | probes=0 wrfail=0 down=1s maxout=1s
  41.047  BLASTC comp=410 exkBps=97 cgap_us[min/avg/max]=2193/2438/32799
  41.047  BLAST phy=2/2 att=410 ok=410 enomem=0 err=0 call_us[min/avg/max]=2120/2426/32786 okgap_max_us=32798
  41.108  t=38s RTT mean=0 min=0 max=0 n=0 to=0 | cancels=0(+0/s) seqbad=0 len_bad=15050 disc=0(0x00) | tot_n=0 tot_to=0 maxever=0 >2ms=0 >5ms=0 >15ms=0 >20ms=0 >30ms=0 | probes=0 wrfail=0 down=1s maxout=1s
  41.108  BLASTC comp=415 exkBps=98 cgap_us[min/avg/max]=2191/2413/8587
  41.108  BLAST phy=2/2 att=415 ok=415 enomem=0 err=0 call_us[min/avg/max]=2178/2401/8576 okgap_max_us=8588
  41.108  RPT pe: events=57 mean=14.73 mode=15 max=15 | 2:1 13:1 15:55
  41.108  t=39s RTT mean=0 min=0 max=0 n=0 to=0 | cancels=0(+0/s) seqbad=0 len_bad=15465 disc=0(0x00) | tot_n=0 tot_to=0 maxever=0 >2ms=0 >5ms=0 >15ms=0 >20ms=0 >30ms=0 | probes=0 wrfail=0 down=1s maxout=1s
  43.076  BLASTC comp=406 exkBps=96 cgap_us[min/avg/max]=2199/2462/23995
  43.076  BLAST phy=2/2 att=406 ok=406 enomem=0 err=0 call_us[min/avg/max]=2129/2450/23983 okgap_max_us=23995
  43.076  t=40s RTT mean=0 min=0 max=0 n=0 to=0 | cancels=0(+0/s) seqbad=0 len_bad=15871 disc=0(0x00) | tot_n=0 tot_to=0 maxever=0 >2ms=0 >5ms=0 >15ms=0 >20ms=0 >30ms=0 | probes=0 wrfail=0 down=1s maxout=1s
  43.076  BLASTC comp=413 exkBps=98 cgap_us[min/avg/max]=2198/2420/32799
  43.127  BLAST phy=2/2 att=413 ok=413 enomem=0 err=0 call_us[min/avg/max]=2126/2408/32787 okgap_max_us=32799
  43.127  RPT pe: events=57 mean=14.50 mode=15 max=15 | 2:1 6:1 9:1 15:54
  43.127  t=41s RTT mean=0 min=0 max=0 n=0 to=0 | cancels=0(+0/s) seqbad=0 len_bad=16284 disc=0(0x00) | tot_n=0 tot_to=0 maxever=0 >2ms=0 >5ms=0 >15ms=0 >20ms=0 >30ms=0 | probes=0 wrfail=0 down=1s maxout=1s
