   1.732  *** Booting Zephyr OS build v4.4.2-16-gfee9fbc62095 ***
   1.732  [01:01:26.313,477] [0m<inf> bt_hci_core: HW Platform: Nordic Semiconductor (0x0002)[0m
   1.732  [01:01:26.313,490] [0m<inf> bt_hci_core: HW Variant: nRF54Lx (0x0005)[0m
   1.732  [01:01:26.313,501] [0m<inf> bt_hci_core: Firmware: Standard Bluetooth controller (0x00) Version 4.4 Build 2[0m
   1.732  [01:01:26.313,844] [0m<inf> bt_hci_core: HCI transport: Controller[0m
   1.732  [01:01:26.313,890] [0m<inf> bt_hci_core: Identity: D6:C7:60:B1:D3:0E (random)[0m
   1.732  [01:01:26.313,906] [0m<inf> bt_hci_core: HCI: version 5.4 (0x0d) revision 0x0000, manufacturer 0x05f1[0m
   1.792  [01:01:26.313,921] [0m<inf> bt_hci_core: LMP: version 5.4 (0x0d) subver 0xffff[0m
   1.792  
   1.792  === nRF54L15 RTT ping-pong PERIPHERAL (echo) ===
   1.792  advertising
   2.940  GAP connected interval=12500
   2.940  PHY tx=2 rx=2
   2.940  CCC: notify ENABLED
   3.001  P t=1s rxkBps=3 blkkBps=0 pongs=14(+14/s) cancels=0(+0/s) notify=1 disc=0(0x00) | echo rx=0 tx=0 pend=0 stale=0
   4.691  P t=2s rxkBps=89 blkkBps=0 pongs=390(+376/s) cancels=0(+0/s) notify=1 disc=0(0x00) | echo rx=0 tx=0 pend=0 stale=0
   4.752  P t=3s rxkBps=93 blkkBps=0 pongs=781(+391/s) cancels=0(+0/s) notify=1 disc=0(0x00) | echo rx=0 tx=0 pend=0 stale=0
   6.705  P t=4s rxkBps=92 blkkBps=0 pongs=1171(+390/s) cancels=0(+0/s) notify=1 disc=0(0x00) | echo rx=0 tx=0 pend=0 stale=0
   6.705  P t=5s rxkBps=94 blkkBps=0 pongs=1566(+395/s) cancels=0(+0/s) notify=1 disc=0(0x00) | echo rx=0 tx=0 pend=0 stale=0
   8.719  P t=6s rxkBps=91 blkkBps=0 pongs=1952(+386/s) cancels=0(+0/s) notify=1 disc=0(0x00) | echo rx=0 tx=0 pend=0 stale=0
   8.719  P t=7s rxkBps=93 blkkBps=0 pongs=2345(+393/s) cancels=0(+0/s) notify=1 disc=0(0x00) | echo rx=0 tx=0 pend=0 stale=0
  10.743  P t=8s rxkBps=91 blkkBps=0 pongs=2728(+383/s) cancels=0(+0/s) notify=1 disc=0(0x00) | echo rx=0 tx=0 pend=0 stale=0
  10.743  P t=9s rxkBps=94 blkkBps=0 pongs=3123(+395/s) cancels=0(+0/s) notify=1 disc=0(0x00) | echo rx=0 tx=0 pend=0 stale=0
  12.704  P t=10s rxkBps=93 blkkBps=0 pongs=3516(+393/s) cancels=0(+0/s) notify=1 disc=0(0x00) | echo rx=0 tx=0 pend=0 stale=0
  12.704  P t=11s rxkBps=93 blkkBps=0 pongs=3907(+391/s) cancels=0(+0/s) notify=1 disc=0(0x00) | echo rx=0 tx=0 pend=0 stale=0
  14.705  P t=12s rxkBps=93 blkkBps=0 pongs=4301(+394/s) cancels=0(+0/s) notify=1 disc=0(0x00) | echo rx=0 tx=0 pend=0 stale=0
  14.705  P t=13s rxkBps=90 blkkBps=0 pongs=4681(+380/s) cancels=0(+0/s) notify=1 disc=0(0x00) | echo rx=0 tx=0 pend=0 stale=0
  16.712  P t=14s rxkBps=93 blkkBps=0 pongs=5073(+392/s) cancels=0(+0/s) notify=1 disc=0(0x00) | echo rx=0 tx=0 pend=0 stale=0
  16.712  P t=15s rxkBps=94 blkkBps=0 pongs=5468(+395/s) cancels=0(+0/s) notify=1 disc=0(0x00) | echo rx=0 tx=0 pend=0 stale=0
  18.704  P t=16s rxkBps=91 blkkBps=0 pongs=5850(+382/s) cancels=0(+0/s) notify=1 disc=0(0x00) | echo rx=0 tx=0 pend=0 stale=0
  18.704  P t=17s rxkBps=94 blkkBps=0 pongs=6245(+395/s) cancels=0(+0/s) notify=1 disc=0(0x00) | echo rx=0 tx=0 pend=0 stale=0
  20.727  P t=18s rxkBps=92 blkkBps=0 pongs=6633(+388/s) cancels=0(+0/s) notify=1 disc=0(0x00) | echo rx=0 tx=0 pend=0 stale=0
  20.727  P t=19s rxkBps=94 blkkBps=0 pongs=7028(+395/s) cancels=0(+0/s) notify=1 disc=0(0x00) | echo rx=0 tx=0 pend=0 stale=0
  22.719  P t=20s rxkBps=93 blkkBps=0 pongs=7419(+391/s) cancels=0(+0/s) notify=1 disc=0(0x00) | echo rx=0 tx=0 pend=0 stale=0
  22.719  P t=21s rxkBps=92 blkkBps=0 pongs=7808(+389/s) cancels=0(+0/s) notify=1 disc=0(0x00) | echo rx=0 tx=0 pend=0 stale=0
  24.719  P t=22s rxkBps=94 blkkBps=0 pongs=8206(+398/s) cancels=0(+0/s) notify=1 disc=0(0x00) | echo rx=0 tx=0 pend=0 stale=0
  24.719  P t=23s rxkBps=93 blkkBps=0 pongs=8600(+394/s) cancels=0(+0/s) notify=1 disc=0(0x00) | echo rx=0 tx=0 pend=0 stale=0
  26.744  P t=24s rxkBps=92 blkkBps=0 pongs=8987(+387/s) cancels=0(+0/s) notify=1 disc=0(0x00) | echo rx=0 tx=0 pend=0 stale=0
  26.745  P t=25s rxkBps=90 blkkBps=0 pongs=9366(+379/s) cancels=0(+0/s) notify=1 disc=0(0x00) | echo rx=0 tx=0 pend=0 stale=0
  28.734  P t=26s rxkBps=92 blkkBps=0 pongs=9756(+390/s) cancels=0(+0/s) notify=1 disc=0(0x00) | echo rx=0 tx=0 pend=0 stale=0
  28.735  P t=27s rxkBps=91 blkkBps=0 pongs=10142(+386/s) cancels=0(+0/s) notify=1 disc=0(0x00) | echo rx=0 tx=0 pend=0 stale=0
  30.714  P t=28s rxkBps=94 blkkBps=0 pongs=10540(+398/s) cancels=0(+0/s) notify=1 disc=0(0x00) | echo rx=0 tx=0 pend=0 stale=0
  30.714  P t=29s rxkBps=94 blkkBps=0 pongs=10935(+395/s) cancels=0(+0/s) notify=1 disc=0(0x00) | echo rx=0 tx=0 pend=0 stale=0
  32.722  P t=30s rxkBps=92 blkkBps=0 pongs=11323(+388/s) cancels=0(+0/s) notify=1 disc=0(0x00) | echo rx=0 tx=0 pend=0 stale=0
  32.722  P t=31s rxkBps=92 blkkBps=0 pongs=11712(+389/s) cancels=0(+0/s) notify=1 disc=0(0x00) | echo rx=0 tx=0 pend=0 stale=0
  34.745  P t=32s rxkBps=93 blkkBps=0 pongs=12105(+393/s) cancels=0(+0/s) notify=1 disc=0(0x00) | echo rx=0 tx=0 pend=0 stale=0
  34.745  P t=33s rxkBps=94 blkkBps=0 pongs=12500(+395/s) cancels=0(+0/s) notify=1 disc=0(0x00) | echo rx=0 tx=0 pend=0 stale=0
  36.716  P t=34s rxkBps=93 blkkBps=0 pongs=12894(+394/s) cancels=0(+0/s) notify=1 disc=0(0x00) | echo rx=0 tx=0 pend=0 stale=0
  36.716  P t=35s rxkBps=93 blkkBps=0 pongs=13287(+393/s) cancels=0(+0/s) notify=1 disc=0(0x00) | echo rx=0 tx=0 pend=0 stale=0
  38.748  P t=36s rxkBps=93 blkkBps=0 pongs=13680(+393/s) cancels=0(+0/s) notify=1 disc=0(0x00) | echo rx=0 tx=0 pend=0 stale=0
  38.748  P t=37s rxkBps=93 blkkBps=0 pongs=14072(+392/s) cancels=0(+0/s) notify=1 disc=0(0x00) | echo rx=0 tx=0 pend=0 stale=0
  40.730  P t=38s rxkBps=93 blkkBps=0 pongs=14466(+394/s) cancels=0(+0/s) notify=1 disc=0(0x00) | echo rx=0 tx=0 pend=0 stale=0
  40.730  P t=39s rxkBps=93 blkkBps=0 pongs=14859(+393/s) cancels=0(+0/s) notify=1 disc=0(0x00) | echo rx=0 tx=0 pend=0 stale=0
  42.701  P t=40s rxkBps=93 blkkBps=0 pongs=15250(+391/s) cancels=0(+0/s) notify=1 disc=0(0x00) | echo rx=0 tx=0 pend=0 stale=0
  42.758  P t=41s rxkBps=91 blkkBps=0 pongs=15635(+385/s) cancels=0(+0/s) notify=1 disc=0(0x00) | echo rx=0 tx=0 pend=0 stale=0
  44.697  P t=42s rxkBps=93 blkkBps=0 pongs=16026(+391/s) cancels=0(+0/s) notify=1 disc=0(0x00) | echo rx=0 tx=0 pend=0 stale=0
  44.753  P t=43s rxkBps=92 blkkBps=0 pongs=16416(+390/s) cancels=0(+0/s) notify=1 disc=0(0x00) | echo rx=0 tx=0 pend=0 stale=0
