   2.024  *** Booting Zephyr OS build v4.4.2-16-gfee9fbc62095 ***
   2.024  [01:02:15.875,552] [0m<inf> bt_hci_core: HW Platform: Nordic Semiconductor (0x0002)[0m
   2.024  [01:02:15.875,564] [0m<inf> bt_hci_core: HW Variant: nRF54Lx (0x0005)[0m
   2.083  [01:02:15.875,576] [0m<inf> bt_hci_core: Firmware: Standard Bluetooth controller (0x00) Version 4.4 Build 2[0m
   2.083  [01:02:15.875,925] [0m<inf> bt_hci_core: HCI transport: Controller[0m
   2.083  [01:02:15.875,973] [0m<inf> bt_hci_core: Identity: FC:BE:FF:FA:E6:8B (random)[0m
   2.083  [01:02:15.875,990] [0m<inf> bt_hci_core: HCI: version 5.4 (0x0d) revision 0x0000, manufacturer 0x05f1[0m
   2.083  [01:02:15.876,005] [0m<inf> bt_hci_core: LMP: version 5.4 (0x0d) subver 0xffff[0m
   2.083  
   2.083  === nRF54L15 RTT ping-pong CENTRAL ===
   2.083  scan rc=0
   2.083  Q2CONN AA=8ecaa8b5 CRCINIT=58756a hop=16 chan_count=37 map=ffffffff1f
   2.083  GAP connected interval=12500
   2.083  MTU err=0 mtu=247
   2.822  PHY tx=2 rx=2
   2.822  discovery start (post-PHY +500ms) interval=12500 phy2m=1
   2.822  SUBSCRIBED, vh=14
   2.822  BLAST: phy_update->2M rc=0
   2.882  BLAST first16_call_us: 127 120 119 122 121 122 122 121 122 114 55 53 53 54 53 54
   3.863  PHY tx=2 rx=2
   3.863  t=1s RTT mean=0 min=0 max=0 n=0 to=0 | cancels=0(+0/s) seqbad=0 len_bad=59 disc=0(0x00) | tot_n=0 tot_to=0 maxever=0 >2ms=0 >5ms=0 >15ms=0 >20ms=0 >30ms=0 | probes=0 wrfail=0 down=0s maxout=0s
   3.920  BLASTC comp=71 exkBps=14 cgap_us[min/avg/max]=129/2854/45152
   3.921  BLAST phy=2/2 att=81 ok=81 enomem=0 err=0 call_us[min/avg/max]=53/2456/44429 okgap_max_us=44440
   5.065  t=2s RTT mean=0 min=0 max=0 n=0 to=0 | cancels=0(+0/s) seqbad=0 len_bad=448 disc=0(0x00) | tot_n=0 tot_to=0 maxever=0 >2ms=0 >5ms=0 >15ms=0 >20ms=0 >30ms=0 | probes=0 wrfail=0 down=0s maxout=0s
   5.066  BLASTC comp=389 exkBps=92 cgap_us[min/avg/max]=2395/2570/10103
   5.066  BLAST phy=2/2 att=389 ok=389 enomem=0 err=0 call_us[min/avg/max]=2323/2558/10090 okgap_max_us=10102
   5.066  RPT pe: events=160 mean=4.91 mode=5 max=5 | 0:1 2:2 3:1 4:1 5:155
   5.066  t=3s RTT mean=0 min=0 max=0 n=0 to=0 | cancels=0(+0/s) seqbad=0 len_bad=837 disc=0(0x00) | tot_n=0 tot_to=0 maxever=0 >2ms=0 >5ms=0 >15ms=0 >20ms=0 >30ms=0 | probes=0 wrfail=0 down=0s maxout=0s
   5.126  BLASTC comp=389 exkBps=92 cgap_us[min/avg/max]=2395/2570/15412
   5.126  BLAST phy=2/2 att=389 ok=389 enomem=0 err=0 call_us[min/avg/max]=2323/2558/15400 okgap_max_us=15412
   6.795  FSU: request [150..150] us (ACL both dirs, 1M+2M) rc=0
   6.795  t=4s RTT mean=0 min=0 max=0 n=0 to=0 | cancels=0(+0/s) seqbad=0 len_bad=1214 disc=0(0x00) | tot_n=0 tot_to=0 maxever=0 >2ms=0 >5ms=0 >15ms=0 >20ms=0 >30ms=0 | probes=0 wrfail=0 down=0s maxout=0s
   6.795  BLASTC comp=377 exkBps=89 cgap_us[min/avg/max]=2394/2652/15412
   6.853  BLAST phy=2/2 att=377 ok=377 enomem=0 err=0 call_us[min/avg/max]=2322/2640/15400 okgap_max_us=15412
   7.030  RPT pe: events=160 mean=4.86 mode=5 max=5 | 0:1 1:2 2:2 3:1 4:1 5:153
   7.030  t=5s RTT mean=0 min=0 max=0 n=0 to=0 | cancels=0(+0/s) seqbad=0 len_bad=1603 disc=0(0x00) | tot_n=0 tot_to=0 maxever=0 >2ms=0 >5ms=0 >15ms=0 >20ms=0 >30ms=0 | probes=0 wrfail=0 down=0s maxout=0s
   7.083  BLASTC comp=389 exkBps=92 cgap_us[min/avg/max]=2394/2570/12501
   7.083  BLAST phy=2/2 att=389 ok=389 enomem=0 err=0 call_us[min/avg/max]=2323/2558/12489 okgap_max_us=12501
   9.059  t=6s RTT mean=0 min=0 max=0 n=0 to=0 | cancels=0(+0/s) seqbad=0 len_bad=1992 disc=0(0x00) | tot_n=0 tot_to=0 maxever=0 >2ms=0 >5ms=0 >15ms=0 >20ms=0 >30ms=0 | probes=0 wrfail=0 down=0s maxout=0s
   9.059  BLASTC comp=389 exkBps=92 cgap_us[min/avg/max]=2388/2570/12501
   9.059  BLAST phy=2/2 att=389 ok=389 enomem=0 err=0 call_us[min/avg/max]=2311/2558/12490 okgap_max_us=12502
   9.059  RPT pe: events=160 mean=4.92 mode=5 max=5 | 1:3 5:157
   9.119  t=7s RTT mean=0 min=0 max=0 n=0 to=0 | cancels=0(+0/s) seqbad=0 len_bad=2382 disc=0(0x00) | tot_n=0 tot_to=0 maxever=0 >2ms=0 >5ms=0 >15ms=0 >20ms=0 >30ms=0 | probes=0 wrfail=0 down=0s maxout=0s
   9.119  BLASTC comp=390 exkBps=92 cgap_us[min/avg/max]=2395/2564/12501
   9.119  BLAST phy=2/2 att=390 ok=390 enomem=0 err=0 call_us[min/avg/max]=2323/2552/12490 okgap_max_us=12502
  11.080  t=8s RTT mean=0 min=0 max=0 n=0 to=0 | cancels=0(+0/s) seqbad=0 len_bad=2765 disc=0(0x00) | tot_n=0 tot_to=0 maxever=0 >2ms=0 >5ms=0 >15ms=0 >20ms=0 >30ms=0 | probes=0 wrfail=0 down=0s maxout=0s
  11.080  BLASTC comp=383 exkBps=91 cgap_us[min/avg/max]=2392/2610/15412
  11.080  BLAST phy=2/2 att=383 ok=383 enomem=0 err=0 call_us[min/avg/max]=2320/2599/15401 okgap_max_us=15412
  11.080  RPT pe: events=160 mean=4.85 mode=5 max=5 | 0:4 2:1 5:155
  11.080  BLASTC comp=387 exkBps=92 cgap_us[min/avg/max]=2395/2584/15411
  11.080  BLAST phy=2/2 att=387 ok=387 enomem=0 err=0 call_us[min/avg/max]=2295/2571/15400 okgap_max_us=15412
  11.080  t=9s RTT mean=0 min=0 max=0 n=0 to=0 | cancels=0(+0/s) seqbad=0 len_bad=3153 disc=0(0x00) | tot_n=0 tot_to=0 maxever=0 >2ms=0 >5ms=0 >15ms=0 >20ms=0 >30ms=0 | probes=0 wrfail=0 down=0s maxout=0s
  13.036  BLASTC comp=382 exkBps=91 cgap_us[min/avg/max]=2391/2617/15412
  13.036  BLAST phy=2/2 att=382 ok=382 enomem=0 err=0 call_us[min/avg/max]=2303/2605/15401 okgap_max_us=15413
  13.097  t=10s RTT mean=0 min=0 max=0 n=0 to=0 | cancels=0(+0/s) seqbad=0 len_bad=3535 disc=0(0x00) | tot_n=0 tot_to=0 maxever=0 >2ms=0 >5ms=0 >15ms=0 >20ms=0 >30ms=0 | probes=0 wrfail=0 down=0s maxout=0s
  13.097  RPT pe: events=160 mean=4.90 mode=5 max=5 | 0:2 1:1 3:1 5:156
  13.097  BLASTC comp=387 exkBps=92 cgap_us[min/avg/max]=2395/2583/15412
  13.097  BLAST phy=2/2 att=387 ok=387 enomem=0 err=0 call_us[min/avg/max]=2330/2572/15400 okgap_max_us=15412
  13.097  t=11s RTT mean=0 min=0 max=0 n=0 to=0 | cancels=0(+0/s) seqbad=0 len_bad=3922 disc=0(0x00) | tot_n=0 tot_to=0 maxever=0 >2ms=0 >5ms=0 >15ms=0 >20ms=0 >30ms=0 | probes=0 wrfail=0 down=0s maxout=0s
  15.013  BLASTC comp=393 exkBps=93 cgap_us[min/avg/max]=2390/2544/5307
  15.070  BLAST phy=2/2 att=393 ok=393 enomem=0 err=0 call_us[min/avg/max]=2315/2532/5295 okgap_max_us=5307
  15.070  t=12s RTT mean=0 min=0 max=0 n=0 to=0 | cancels=0(+0/s) seqbad=0 len_bad=4315 disc=0(0x00) | tot_n=0 tot_to=0 maxever=0 >2ms=0 >5ms=0 >15ms=0 >20ms=0 >30ms=0 | probes=0 wrfail=0 down=0s maxout=0s
  15.070  RPT pe: events=160 mean=5.00 mode=5 max=5 | 5:160
  15.070  BLASTC comp=388 exkBps=92 cgap_us[min/avg/max]=2395/2577/5307
  15.070  BLAST phy=2/2 att=388 ok=388 enomem=0 err=0 call_us[min/avg/max]=2328/2565/5295 okgap_max_us=5307
  15.130  t=13s RTT mean=0 min=0 max=0 n=0 to=0 | cancels=0(+0/s) seqbad=0 len_bad=4703 disc=0(0x00) | tot_n=0 tot_to=0 maxever=0 >2ms=0 >5ms=0 >15ms=0 >20ms=0 >30ms=0 | probes=0 wrfail=0 down=0s maxout=0s
  17.026  BLASTC comp=396 exkBps=94 cgap_us[min/avg/max]=2390/2525/5306
  17.026  BLAST phy=2/2 att=396 ok=396 enomem=0 err=0 call_us[min/avg/max]=2309/2513/5295 okgap_max_us=5307
  17.079  t=14s RTT mean=0 min=0 max=0 n=0 to=0 | cancels=0(+0/s) seqbad=0 len_bad=5099 disc=0(0x00) | tot_n=0 tot_to=0 maxever=0 >2ms=0 >5ms=0 >15ms=0 >20ms=0 >30ms=0 | probes=0 wrfail=0 down=0s maxout=0s
  17.079  RPT pe: events=160 mean=4.98 mode=5 max=5 | 4:2 5:158
  17.079  BLASTC comp=392 exkBps=93 cgap_us[min/avg/max]=2394/2551/5308
  17.079  BLAST phy=2/2 att=392 ok=392 enomem=0 err=0 call_us[min/avg/max]=2330/2539/5296 okgap_max_us=5308
  17.136  t=15s RTT mean=0 min=0 max=0 n=0 to=0 | cancels=0(+0/s) seqbad=0 len_bad=5491 disc=0(0x00) | tot_n=0 tot_to=0 maxever=0 >2ms=0 >5ms=0 >15ms=0 >20ms=0 >30ms=0 | probes=0 wrfail=0 down=0s maxout=0s
  19.082  t=16s RTT mean=0 min=0 max=0 n=0 to=0 | cancels=0(+0/s) seqbad=0 len_bad=5884 disc=0(0x00) | tot_n=0 tot_to=0 maxever=0 >2ms=0 >5ms=0 >15ms=0 >20ms=0 >30ms=0 | probes=0 wrfail=0 down=0s maxout=0s
  19.082  BLASTC comp=394 exkBps=93 cgap_us[min/avg/max]=2391/2544/5307
  19.082  BLAST phy=2/2 att=394 ok=394 enomem=0 err=0 call_us[min/avg/max]=2310/2532/5295 okgap_max_us=5307
  19.082  RPT pe: events=160 mean=5.00 mode=5 max=5 | 5:160
  19.082  BLASTC comp=392 exkBps=93 cgap_us[min/avg/max]=2395/2544/7701
  19.082  BLAST phy=2/2 att=392 ok=392 enomem=0 err=0 call_us[min/avg/max]=2324/2533/7689 okgap_max_us=7701
  19.082  t=17s RTT mean=0 min=0 max=0 n=0 to=0 | cancels=0(+0/s) seqbad=0 len_bad=6277 disc=0(0x00) | tot_n=0 tot_to=0 maxever=0 >2ms=0 >5ms=0 >15ms=0 >20ms=0 >30ms=0 | probes=0 wrfail=0 down=0s maxout=0s
  21.044  BLASTC comp=392 exkBps=93 cgap_us[min/avg/max]=2392/2551/5307
  21.044  BLAST phy=2/2 att=392 ok=392 enomem=0 err=0 call_us[min/avg/max]=2326/2539/5295 okgap_max_us=5307
  21.044  t=18s RTT mean=0 min=0 max=0 n=0 to=0 | cancels=0(+0/s) seqbad=0 len_bad=6669 disc=0(0x00) | tot_n=0 tot_to=0 maxever=0 >2ms=0 >5ms=0 >15ms=0 >20ms=0 >30ms=0 | probes=0 wrfail=0 down=0s maxout=0s
  21.104  RPT pe: events=160 mean=5.00 mode=5 max=5 | 5:160
  21.104  BLASTC comp=391 exkBps=93 cgap_us[min/avg/max]=2392/2557/5307
  21.104  BLAST phy=2/2 att=391 ok=391 enomem=0 err=0 call_us[min/avg/max]=2331/2545/5295 okgap_max_us=5307
  21.104  t=19s RTT mean=0 min=0 max=0 n=0 to=0 | cancels=0(+0/s) seqbad=0 len_bad=7060 disc=0(0x00) | tot_n=0 tot_to=0 maxever=0 >2ms=0 >5ms=0 >15ms=0 >20ms=0 >30ms=0 | probes=0 wrfail=0 down=0s maxout=0s
  23.015  BLASTC comp=394 exkBps=93 cgap_us[min/avg/max]=2391/2538/5304
  23.072  BLAST phy=2/2 att=394 ok=394 enomem=0 err=0 call_us[min/avg/max]=2310/2526/5292 okgap_max_us=5304
  23.072  t=20s RTT mean=0 min=0 max=0 n=0 to=0 | cancels=0(+0/s) seqbad=0 len_bad=7454 disc=0(0x00) | tot_n=0 tot_to=0 maxever=0 >2ms=0 >5ms=0 >15ms=0 >20ms=0 >30ms=0 | probes=0 wrfail=0 down=0s maxout=0s
  23.072  RPT pe: events=160 mean=5.00 mode=5 max=5 | 5:160
  23.072  BLASTC comp=387 exkBps=92 cgap_us[min/avg/max]=2396/2583/5308
  23.072  BLAST phy=2/2 att=387 ok=387 enomem=0 err=0 call_us[min/avg/max]=2331/2572/5296 okgap_max_us=5308
  23.132  t=21s RTT mean=0 min=0 max=0 n=0 to=0 | cancels=0(+0/s) seqbad=0 len_bad=7841 disc=0(0x00) | tot_n=0 tot_to=0 maxever=0 >2ms=0 >5ms=0 >15ms=0 >20ms=0 >30ms=0 | probes=0 wrfail=0 down=0s maxout=0s
  25.037  BLASTC comp=389 exkBps=92 cgap_us[min/avg/max]=2391/2570/5307
  25.037  BLAST phy=2/2 att=389 ok=389 enomem=0 err=0 call_us[min/avg/max]=2309/2558/5296 okgap_max_us=5308
  25.098  t=22s RTT mean=0 min=0 max=0 n=0 to=0 | cancels=0(+0/s) seqbad=0 len_bad=8230 disc=0(0x00) | tot_n=0 tot_to=0 maxever=0 >2ms=0 >5ms=0 >15ms=0 >20ms=0 >30ms=0 | probes=0 wrfail=0 down=0s maxout=0s
  25.098  RPT pe: events=160 mean=5.00 mode=5 max=5 | 5:160
  25.098  BLASTC comp=396 exkBps=94 cgap_us[min/avg/max]=2393/2525/5307
  25.098  BLAST phy=2/2 att=396 ok=396 enomem=0 err=0 call_us[min/avg/max]=2331/2513/5295 okgap_max_us=5307
  25.098  t=23s RTT mean=0 min=0 max=0 n=0 to=0 | cancels=0(+0/s) seqbad=0 len_bad=8627 disc=0(0x00) | tot_n=0 tot_to=0 maxever=0 >2ms=0 >5ms=0 >15ms=0 >20ms=0 >30ms=0 | probes=0 wrfail=0 down=0s maxout=0s
  27.012  BLASTC comp=394 exkBps=93 cgap_us[min/avg/max]=2389/2538/15412
  27.072  BLAST phy=2/2 att=394 ok=394 enomem=0 err=0 call_us[min/avg/max]=2282/2526/15401 okgap_max_us=15412
  27.072  t=24s RTT mean=0 min=0 max=0 n=0 to=0 | cancels=0(+0/s) seqbad=0 len_bad=9021 disc=0(0x00) | tot_n=0 tot_to=0 maxever=0 >2ms=0 >5ms=0 >15ms=0 >20ms=0 >30ms=0 | probes=0 wrfail=0 down=0s maxout=0s
  27.072  RPT pe: events=160 mean=4.95 mode=5 max=5 | 0:1 2:1 5:158
  27.072  BLASTC comp=391 exkBps=93 cgap_us[min/avg/max]=2395/2557/10102
  27.072  BLAST phy=2/2 att=391 ok=391 enomem=0 err=0 call_us[min/avg/max]=2321/2545/10091 okgap_max_us=10103
  27.132  t=25s RTT mean=0 min=0 max=0 n=0 to=0 | cancels=0(+0/s) seqbad=0 len_bad=9412 disc=0(0x00) | tot_n=0 tot_to=0 maxever=0 >2ms=0 >5ms=0 >15ms=0 >20ms=0 >30ms=0 | probes=0 wrfail=0 down=0s maxout=0s
  29.056  BLASTC comp=393 exkBps=93 cgap_us[min/avg/max]=2385/2544/5307
  29.057  BLAST phy=2/2 att=393 ok=393 enomem=0 err=0 call_us[min/avg/max]=2294/2532/5295 okgap_max_us=5307
  29.057  t=26s RTT mean=0 min=0 max=0 n=0 to=0 | cancels=0(+0/s) seqbad=0 len_bad=9805 disc=0(0x00) | tot_n=0 tot_to=0 maxever=0 >2ms=0 >5ms=0 >15ms=0 >20ms=0 >30ms=0 | probes=0 wrfail=0 down=0s maxout=0s
  29.057  RPT pe: events=160 mean=5.00 mode=5 max=5 | 5:160
  29.057  BLASTC comp=390 exkBps=92 cgap_us[min/avg/max]=2395/2564/5307
  29.117  BLAST phy=2/2 att=390 ok=390 enomem=0 err=0 call_us[min/avg/max]=2322/2552/5295 okgap_max_us=5307
  29.117  t=27s RTT mean=0 min=0 max=0 n=0 to=0 | cancels=0(+0/s) seqbad=0 len_bad=10195 disc=0(0x00) | tot_n=0 tot_to=0 maxever=0 >2ms=0 >5ms=0 >15ms=0 >20ms=0 >30ms=0 | probes=0 wrfail=0 down=0s maxout=0s
  31.016  BLASTC comp=385 exkBps=91 cgap_us[min/avg/max]=2384/2597/10103
  31.072  BLAST phy=2/2 att=385 ok=385 enomem=0 err=0 call_us[min/avg/max]=2296/2585/10091 okgap_max_us=10103
  31.072  t=28s RTT mean=0 min=0 max=0 n=0 to=0 | cancels=0(+0/s) seqbad=0 len_bad=10580 disc=0(0x00) | tot_n=0 tot_to=0 maxever=0 >2ms=0 >5ms=0 >15ms=0 >20ms=0 >30ms=0 | probes=0 wrfail=0 down=0s maxout=0s
  31.072  RPT pe: events=160 mean=4.96 mode=5 max=5 | 2:1 3:1 5:158
  31.072  BLASTC comp=396 exkBps=94 cgap_us[min/avg/max]=2395/2525/5307
  31.072  BLAST phy=2/2 att=396 ok=396 enomem=0 err=0 call_us[min/avg/max]=2322/2513/5295 okgap_max_us=5307
  31.129  t=29s RTT mean=0 min=0 max=0 n=0 to=0 | cancels=0(+0/s) seqbad=0 len_bad=10976 disc=0(0x00) | tot_n=0 tot_to=0 maxever=0 >2ms=0 >5ms=0 >15ms=0 >20ms=0 >30ms=0 | probes=0 wrfail=0 down=0s maxout=0s
  33.039  BLASTC comp=389 exkBps=92 cgap_us[min/avg/max]=2384/2570/12502
  33.039  BLAST phy=2/2 att=389 ok=389 enomem=0 err=0 call_us[min/avg/max]=2294/2558/12490 okgap_max_us=12502
  33.099  t=30s RTT mean=0 min=0 max=0 n=0 to=0 | cancels=0(+0/s) seqbad=0 len_bad=11364 disc=0(0x00) | tot_n=0 tot_to=0 maxever=0 >2ms=0 >5ms=0 >15ms=0 >20ms=0 >30ms=0 | probes=0 wrfail=0 down=0s maxout=0s
  33.099  RPT pe: events=160 mean=4.93 mode=5 max=5 | 0:1 1:1 4:1 5:157
  33.099  BLASTC comp=390 exkBps=92 cgap_us[min/avg/max]=2395/2564/15415
  33.099  BLAST phy=2/2 att=390 ok=390 enomem=0 err=0 call_us[min/avg/max]=2378/2552/15404 okgap_max_us=15415
  33.099  t=31s RTT mean=0 min=0 max=0 n=0 to=0 | cancels=0(+0/s) seqbad=0 len_bad=11755 disc=0(0x00) | tot_n=0 tot_to=0 maxever=0 >2ms=0 >5ms=0 >15ms=0 >20ms=0 >30ms=0 | probes=0 wrfail=0 down=0s maxout=0s
  35.051  BLASTC comp=389 exkBps=92 cgap_us[min/avg/max]=2385/2570/10102
  35.051  BLAST phy=2/2 att=389 ok=389 enomem=0 err=0 call_us[min/avg/max]=2303/2558/10091 okgap_max_us=10102
  35.052  t=32s RTT mean=0 min=0 max=0 n=0 to=0 | cancels=0(+0/s) seqbad=0 len_bad=12144 disc=0(0x00) | tot_n=0 tot_to=0 maxever=0 >2ms=0 >5ms=0 >15ms=0 >20ms=0 >30ms=0 | probes=0 wrfail=0 down=0s maxout=0s
  35.052  RPT pe: events=160 mean=4.96 mode=5 max=5 | 2:1 4:3 5:156
  35.052  BLASTC comp=394 exkBps=93 cgap_us[min/avg/max]=2394/2538/5303
  35.112  BLAST phy=2/2 att=394 ok=394 enomem=0 err=0 call_us[min/avg/max]=2322/2526/5292 okgap_max_us=5304
  35.112  t=33s RTT mean=0 min=0 max=0 n=0 to=0 | cancels=0(+0/s) seqbad=0 len_bad=12538 disc=0(0x00) | tot_n=0 tot_to=0 maxever=0 >2ms=0 >5ms=0 >15ms=0 >20ms=0 >30ms=0 | probes=0 wrfail=0 down=0s maxout=0s
  37.062  BLASTC comp=395 exkBps=94 cgap_us[min/avg/max]=2384/2531/7706
  37.063  BLAST phy=2/2 att=395 ok=395 enomem=0 err=0 call_us[min/avg/max]=2295/2519/7694 okgap_max_us=7706
  37.063  t=34s RTT mean=0 min=0 max=0 n=0 to=0 | cancels=0(+0/s) seqbad=0 len_bad=12933 disc=0(0x00) | tot_n=0 tot_to=0 maxever=0 >2ms=0 >5ms=0 >15ms=0 >20ms=0 >30ms=0 | probes=0 wrfail=0 down=0s maxout=0s
  37.063  RPT pe: events=160 mean=4.95 mode=5 max=5 | 2:1 3:2 5:157
  37.063  BLASTC comp=392 exkBps=93 cgap_us[min/avg/max]=2394/2551/10102
  37.063  BLAST phy=2/2 att=392 ok=392 enomem=0 err=0 call_us[min/avg/max]=2322/2539/10091 okgap_max_us=10102
  37.123  t=35s RTT mean=0 min=0 max=0 n=0 to=0 | cancels=0(+0/s) seqbad=0 len_bad=13325 disc=0(0x00) | tot_n=0 tot_to=0 maxever=0 >2ms=0 >5ms=0 >15ms=0 >20ms=0 >30ms=0 | probes=0 wrfail=0 down=0s maxout=0s
  39.033  BLASTC comp=392 exkBps=93 cgap_us[min/avg/max]=2384/2551/7705
  39.033  BLAST phy=2/2 att=392 ok=392 enomem=0 err=0 call_us[min/avg/max]=2295/2539/7693 okgap_max_us=7705
  39.086  t=36s RTT mean=0 min=0 max=0 n=0 to=0 | cancels=0(+0/s) seqbad=0 len_bad=13717 disc=0(0x00) | tot_n=0 tot_to=0 maxever=0 >2ms=0 >5ms=0 >15ms=0 >20ms=0 >30ms=0 | probes=0 wrfail=0 down=0s maxout=0s
  39.086  RPT pe: events=160 mean=4.95 mode=5 max=5 | 3:3 4:1 5:156
  39.086  BLASTC comp=397 exkBps=94 cgap_us[min/avg/max]=2393/2518/5307
  39.086  BLAST phy=2/2 att=397 ok=397 enomem=0 err=0 call_us[min/avg/max]=2322/2507/5295 okgap_max_us=5307
  39.086  t=37s RTT mean=0 min=0 max=0 n=0 to=0 | cancels=0(+0/s) seqbad=0 len_bad=14114 disc=0(0x00) | tot_n=0 tot_to=0 maxever=0 >2ms=0 >5ms=0 >15ms=0 >20ms=0 >30ms=0 | probes=0 wrfail=0 down=0s maxout=0s
  41.036  BLASTC comp=394 exkBps=93 cgap_us[min/avg/max]=2384/2538/10102
  41.036  BLAST phy=2/2 att=394 ok=394 enomem=0 err=0 call_us[min/avg/max]=2295/2526/10090 okgap_max_us=10102
  41.093  t=38s RTT mean=0 min=0 max=0 n=0 to=0 | cancels=0(+0/s) seqbad=0 len_bad=14508 disc=0(0x00) | tot_n=0 tot_to=0 maxever=0 >2ms=0 >5ms=0 >15ms=0 >20ms=0 >30ms=0 | probes=0 wrfail=0 down=0s maxout=0s
  41.093  BLASTC comp=391 exkBps=93 cgap_us[min/avg/max]=2388/2557/10104
  41.093  BLAST phy=2/2 att=391 ok=391 enomem=0 err=0 call_us[min/avg/max]=2322/2545/10091 okgap_max_us=10103
  41.093  RPT pe: events=160 mean=4.92 mode=5 max=5 | 2:4 5:156
  41.093  t=39s RTT mean=0 min=0 max=0 n=0 to=0 | cancels=0(+0/s) seqbad=0 len_bad=14899 disc=0(0x00) | tot_n=0 tot_to=0 maxever=0 >2ms=0 >5ms=0 >15ms=0 >20ms=0 >30ms=0 | probes=0 wrfail=0 down=0s maxout=0s
  43.056  BLASTC comp=386 exkBps=91 cgap_us[min/avg/max]=2394/2590/12501
  43.056  BLAST phy=2/2 att=386 ok=386 enomem=0 err=0 call_us[min/avg/max]=2313/2578/12489 okgap_max_us=12501
  43.056  t=40s RTT mean=0 min=0 max=0 n=0 to=0 | cancels=0(+0/s) seqbad=0 len_bad=15286 disc=0(0x00) | tot_n=0 tot_to=0 maxever=0 >2ms=0 >5ms=0 >15ms=0 >20ms=0 >30ms=0 | probes=0 wrfail=0 down=0s maxout=0s
  43.056  BLASTC comp=382 exkBps=91 cgap_us[min/avg/max]=2395/2617/17809
  43.056  BLAST phy=2/2 att=382 ok=382 enomem=0 err=0 call_us[min/avg/max]=2322/2605/17797 okgap_max_us=17809
  43.112  RPT pe: events=160 mean=4.85 mode=5 max=5 | 0:1 1:3 2:1 4:3 5:152
  43.112  t=41s RTT mean=0 min=0 max=0 n=0 to=0 | cancels=0(+0/s) seqbad=0 len_bad=15668 disc=0(0x00) | tot_n=0 tot_to=0 maxever=0 >2ms=0 >5ms=0 >15ms=0 >20ms=0 >30ms=0 | probes=0 wrfail=0 down=0s maxout=0s
