   2.030  *** Booting Zephyr OS build v4.4.2-16-gfee9fbc62095 ***
   2.030  [00:03:12.146,873] [0m<inf> bt_hci_core: HW Platform: Nordic Semiconductor (0x0002)[0m
   2.030  [00:03:12.146,885] [0m<inf> bt_hci_core: HW Variant: nRF54Lx (0x0005)[0m
   2.084  [00:03:12.146,897] [0m<inf> bt_hci_core: Firmware: Standard Bluetooth controller (0x00) Version 4.4 Build 2[0m
   2.084  [00:03:12.147,246] [0m<inf> bt_hci_core: HCI transport: Controller[0m
   2.084  [00:03:12.147,294] [0m<inf> bt_hci_core: Identity: FC:BE:FF:FA:E6:8B (random)[0m
   2.084  [00:03:12.147,311] [0m<inf> bt_hci_core: HCI: version 5.4 (0x0d) revision 0x0000, manufacturer 0x05f1[0m
   2.084  [00:03:12.147,326] [0m<inf> bt_hci_core: LMP: version 5.4 (0x0d) subver 0xffff[0m
   2.084  
   2.084  === nRF54L15 RTT ping-pong CENTRAL ===
   2.084  scan rc=0
   2.084  Q2CONN AA=2249b156 CRCINIT=c59dbb hop=5 chan_count=37 map=ffffffff1f
   2.084  GAP connected interval=35000
   3.102  MTU err=0 mtu=247
   3.103  PHY tx=2 rx=2
   3.103  discovery start (post-PHY +500ms) interval=35000 phy2m=1
   3.163  t=1s RTT mean=0 min=0 max=0 n=0 to=0 | cancels=0(+0/s) seqbad=0 len_bad=0 disc=0(0x00) | tot_n=0 tot_to=0 maxever=0 >2ms=0 >5ms=0 >15ms=0 >20ms=0 >30ms=0 | probes=0 wrfail=0 down=1s maxout=1s
   3.163  SUBSCRIBED, vh=14
   3.163  BLAST: phy_update->2M rc=0
   3.163  BLASTC comp=1 exkBps=0 cgap_us[min/avg/max]=4294967295/0/0
   3.163  BLAST phy=2/2 att=1 ok=1 enomem=0 err=0 call_us[min/avg/max]=126/126/126 okgap_max_us=0
   3.163  BLAST first16_call_us: 126 123 122 121 122 121 122 121 115 55 53 53 54 53 54 54
   4.214  PHY tx=2 rx=2
   4.267  BLASTC comp=290 exkBps=66 cgap_us[min/avg/max]=131/3095/135498
   4.267  BLAST phy=2/2 att=300 ok=300 enomem=0 err=0 call_us[min/avg/max]=53/2979/134777 okgap_max_us=134789
   4.267  t=2s RTT mean=0 min=0 max=0 n=0 to=0 | cancels=0(+0/s) seqbad=0 len_bad=280 disc=0(0x00) | tot_n=0 tot_to=0 maxever=0 >2ms=0 >5ms=0 >15ms=0 >20ms=0 >30ms=0 | probes=0 wrfail=0 down=1s maxout=1s
   6.071  RPT pe: events=56 mean=12.19 mode=14 max=15 | 1:7 3:1 14:47 15:1
   6.071  BLASTC comp=391 exkBps=93 cgap_us[min/avg/max]=2394/2559/6233
   6.071  BLAST phy=2/2 att=391 ok=391 enomem=0 err=0 call_us[min/avg/max]=2335/2547/6222 okgap_max_us=6233
   6.071  t=3s RTT mean=0 min=0 max=0 n=0 to=0 | cancels=0(+0/s) seqbad=0 len_bad=671 disc=0(0x00) | tot_n=0 tot_to=0 maxever=0 >2ms=0 >5ms=0 >15ms=0 >20ms=0 >30ms=0 | probes=0 wrfail=0 down=1s maxout=1s
   6.071  BLASTC comp=394 exkBps=93 cgap_us[min/avg/max]=2385/2535/6234
   6.071  BLAST phy=2/2 att=394 ok=394 enomem=0 err=0 call_us[min/avg/max]=2319/2523/6222 okgap_max_us=6234
   6.131  t=4s RTT mean=0 min=0 max=0 n=0 to=0 | cancels=0(+0/s) seqbad=0 len_bad=1065 disc=0(0x00) | tot_n=0 tot_to=0 maxever=0 >2ms=0 >5ms=0 >15ms=0 >20ms=0 >30ms=0 | probes=0 wrfail=0 down=1s maxout=1s
   7.114  FSU: request [150..150] us (ACL both dirs, 1M+2M) rc=0
   7.167  RPT pe: events=57 mean=13.87 mode=14 max=15 | 6:1 14:55 15:1
   7.167  t=5s RTT mean=0 min=0 max=0 n=0 to=0 | cancels=0(+0/s) seqbad=0 len_bad=1453 disc=0(0x00) | tot_n=0 tot_to=0 maxever=0 >2ms=0 >5ms=0 >15ms=0 >20ms=0 >30ms=0 | probes=0 wrfail=0 down=1s maxout=1s
   7.167  BLASTC comp=390 exkBps=92 cgap_us[min/avg/max]=1442/2571/23014
   7.167  BLAST phy=2/2 att=390 ok=390 enomem=0 err=0 call_us[min/avg/max]=1431/2559/23003 okgap_max_us=23014
   9.028  BLASTC comp=380 exkBps=90 cgap_us[min/avg/max]=2390/2626/32603
   9.029  BLAST phy=2/2 att=380 ok=380 enomem=0 err=0 call_us[min/avg/max]=2325/2614/32590 okgap_max_us=32602
   9.081  t=6s RTT mean=0 min=0 max=0 n=0 to=0 | cancels=0(+0/s) seqbad=0 len_bad=1834 disc=0(0x00) | tot_n=0 tot_to=0 maxever=0 >2ms=0 >5ms=0 >15ms=0 >20ms=0 >30ms=0 | probes=0 wrfail=0 down=1s maxout=1s
   9.081  RPT pe: events=57 mean=13.54 mode=14 max=15 | 2:1 3:1 11:1 14:54
   9.081  BLASTC comp=381 exkBps=90 cgap_us[min/avg/max]=2394/2622/32599
   9.081  BLAST phy=2/2 att=381 ok=381 enomem=0 err=0 call_us[min/avg/max]=2331/2610/32587 okgap_max_us=32599
   9.139  t=7s RTT mean=0 min=0 max=0 n=0 to=0 | cancels=0(+0/s) seqbad=0 len_bad=2215 disc=0(0x00) | tot_n=0 tot_to=0 maxever=0 >2ms=0 >5ms=0 >15ms=0 >20ms=0 >30ms=0 | probes=0 wrfail=0 down=1s maxout=1s
  11.047  BLASTC comp=390 exkBps=92 cgap_us[min/avg/max]=2391/2565/18220
  11.047  BLAST phy=2/2 att=390 ok=390 enomem=0 err=0 call_us[min/avg/max]=2316/2553/18209 okgap_max_us=18221
  11.047  t=8s RTT mean=0 min=0 max=0 n=0 to=0 | cancels=0(+0/s) seqbad=0 len_bad=2605 disc=0(0x00) | tot_n=0 tot_to=0 maxever=0 >2ms=0 >5ms=0 >15ms=0 >20ms=0 >30ms=0 | probes=0 wrfail=0 down=1s maxout=1s
  11.107  RPT pe: events=57 mean=13.89 mode=14 max=15 | 8:1 14:56
  11.107  BLASTC comp=397 exkBps=94 cgap_us[min/avg/max]=2394/2516/4791
  11.107  BLAST phy=2/2 att=397 ok=397 enomem=0 err=0 call_us[min/avg/max]=2330/2504/4779 okgap_max_us=4791
  11.107  t=9s RTT mean=0 min=0 max=0 n=0 to=0 | cancels=0(+0/s) seqbad=0 len_bad=3002 disc=0(0x00) | tot_n=0 tot_to=0 maxever=0 >2ms=0 >5ms=0 >15ms=0 >20ms=0 >30ms=0 | probes=0 wrfail=0 down=1s maxout=1s
  13.029  BLASTC comp=396 exkBps=94 cgap_us[min/avg/max]=2390/2526/4791
  13.029  BLAST phy=2/2 att=396 ok=396 enomem=0 err=0 call_us[min/avg/max]=2324/2514/4779 okgap_max_us=4791
  13.084  t=10s RTT mean=0 min=0 max=0 n=0 to=0 | cancels=0(+0/s) seqbad=0 len_bad=3398 disc=0(0x00) | tot_n=0 tot_to=0 maxever=0 >2ms=0 >5ms=0 >15ms=0 >20ms=0 >30ms=0 | probes=0 wrfail=0 down=1s maxout=1s
  13.084  RPT pe: events=57 mean=14.00 mode=14 max=15 | 14:57
  13.084  BLASTC comp=397 exkBps=94 cgap_us[min/avg/max]=2392/2516/4790
  13.084  BLAST phy=2/2 att=397 ok=397 enomem=0 err=0 call_us[min/avg/max]=2331/2504/4779 okgap_max_us=4790
  13.084  t=11s RTT mean=0 min=0 max=0 n=0 to=0 | cancels=0(+0/s) seqbad=0 len_bad=3795 disc=0(0x00) | tot_n=0 tot_to=0 maxever=0 >2ms=0 >5ms=0 >15ms=0 >20ms=0 >30ms=0 | probes=0 wrfail=0 down=1s maxout=1s
  15.048  BLASTC comp=387 exkBps=92 cgap_us[min/avg/max]=2390/2585/25411
  15.048  BLAST phy=2/2 att=387 ok=387 enomem=0 err=0 call_us[min/avg/max]=2360/2573/25399 okgap_max_us=25411
  15.048  t=12s RTT mean=0 min=0 max=0 n=0 to=0 | cancels=0(+0/s) seqbad=0 len_bad=4182 disc=0(0x00) | tot_n=0 tot_to=0 maxever=0 >2ms=0 >5ms=0 >15ms=0 >20ms=0 >30ms=0 | probes=0 wrfail=0 down=1s maxout=1s
  15.108  RPT pe: events=58 mean=13.75 mode=14 max=15 | 5:1 9:1 14:56
  15.108  BLASTC comp=392 exkBps=93 cgap_us[min/avg/max]=2393/2552/15823
  15.108  BLAST phy=2/2 att=392 ok=392 enomem=0 err=0 call_us[min/avg/max]=2331/2540/15812 okgap_max_us=15824
  15.108  t=13s RTT mean=0 min=0 max=0 n=0 to=0 | cancels=0(+0/s) seqbad=0 len_bad=4574 disc=0(0x00) | tot_n=0 tot_to=0 maxever=0 >2ms=0 >5ms=0 >15ms=0 >20ms=0 >30ms=0 | probes=0 wrfail=0 down=1s maxout=1s
  17.049  BLASTC comp=393 exkBps=93 cgap_us[min/avg/max]=2393/2542/11029
  17.049  BLAST phy=2/2 att=393 ok=393 enomem=0 err=0 call_us[min/avg/max]=2338/2530/11018 okgap_max_us=11029
  17.049  t=14s RTT mean=0 min=0 max=0 n=0 to=0 | cancels=0(+0/s) seqbad=0 len_bad=4968 disc=0(0x00) | tot_n=0 tot_to=0 maxever=0 >2ms=0 >5ms=0 >15ms=0 >20ms=0 >30ms=0 | probes=0 wrfail=0 down=1s maxout=1s
  17.049  RPT pe: events=57 mean=13.87 mode=14 max=15 | 10:1 11:1 14:55
  17.110  BLASTC comp=391 exkBps=93 cgap_us[min/avg/max]=2385/2559/13426
  17.110  BLAST phy=2/2 att=391 ok=391 enomem=0 err=0 call_us[min/avg/max]=2278/2547/13414 okgap_max_us=13426
  17.110  t=15s RTT mean=0 min=0 max=0 n=0 to=0 | cancels=0(+0/s) seqbad=0 len_bad=5358 disc=0(0x00) | tot_n=0 tot_to=0 maxever=0 >2ms=0 >5ms=0 >15ms=0 >20ms=0 >30ms=0 | probes=0 wrfail=0 down=1s maxout=1s
  19.069  t=16s RTT mean=0 min=0 max=0 n=0 to=0 | cancels=0(+0/s) seqbad=0 len_bad=5738 disc=0(0x00) | tot_n=0 tot_to=0 maxever=0 >2ms=0 >5ms=0 >15ms=0 >20ms=0 >30ms=0 | probes=0 wrfail=0 down=1s maxout=1s
  19.069  BLASTC comp=381 exkBps=90 cgap_us[min/avg/max]=2393/2651/20618
  19.069  BLAST phy=2/2 att=381 ok=381 enomem=0 err=0 call_us[min/avg/max]=2338/2639/20613 okgap_max_us=20618
  19.069  RPT pe: events=57 mean=13.28 mode=14 max=15 | 4:2 7:3 14:52
  19.069  BLASTC comp=361 exkBps=86 cgap_us[min/avg/max]=2394/2741/27809
  19.069  BLAST phy=2/2 att=361 ok=361 enomem=0 err=0 call_us[min/avg/max]=2326/2729/27797 okgap_max_us=27809
  19.121  t=17s RTT mean=0 min=0 max=0 n=0 to=0 | cancels=0(+0/s) seqbad=0 len_bad=6101 disc=0(0x00) | tot_n=0 tot_to=0 maxever=0 >2ms=0 >5ms=0 >15ms=0 >20ms=0 >30ms=0 | probes=0 wrfail=0 down=1s maxout=1s
  21.027  BLASTC comp=384 exkBps=91 cgap_us[min/avg/max]=2385/2602/20617
  21.027  BLAST phy=2/2 att=384 ok=384 enomem=0 err=0 call_us[min/avg/max]=2318/2590/20605 okgap_max_us=20617
  21.087  t=18s RTT mean=0 min=0 max=0 n=0 to=0 | cancels=0(+0/s) seqbad=0 len_bad=6485 disc=0(0x00) | tot_n=0 tot_to=0 maxever=0 >2ms=0 >5ms=0 >15ms=0 >20ms=0 >30ms=0 | probes=0 wrfail=0 down=1s maxout=1s
  21.087  RPT pe: events=57 mean=13.61 mode=14 max=15 | 6:1 7:2 14:54
  21.087  BLASTC comp=388 exkBps=92 cgap_us[min/avg/max]=2387/2578/23014
  21.088  BLAST phy=2/2 att=388 ok=388 enomem=0 err=0 call_us[min/avg/max]=2323/2566/22996 okgap_max_us=23008
  21.088  t=19s RTT mean=0 min=0 max=0 n=0 to=0 | cancels=0(+0/s) seqbad=0 len_bad=6873 disc=0(0x00) | tot_n=0 tot_to=0 maxever=0 >2ms=0 >5ms=0 >15ms=0 >20ms=0 >30ms=0 | probes=0 wrfail=0 down=1s maxout=1s
  23.062  BLASTC comp=388 exkBps=92 cgap_us[min/avg/max]=2395/2578/20618
  23.062  BLAST phy=2/2 att=388 ok=388 enomem=0 err=0 call_us[min/avg/max]=2323/2566/20605 okgap_max_us=20617
  23.062  t=20s RTT mean=0 min=0 max=0 n=0 to=0 | cancels=0(+0/s) seqbad=0 len_bad=7261 disc=0(0x00) | tot_n=0 tot_to=0 maxever=0 >2ms=0 >5ms=0 >15ms=0 >20ms=0 >30ms=0 | probes=0 wrfail=0 down=1s maxout=1s
  23.062  BLASTC comp=382 exkBps=91 cgap_us[min/avg/max]=2393/2615/32602
  23.062  BLAST phy=2/2 att=382 ok=382 enomem=0 err=0 call_us[min/avg/max]=2322/2603/32590 okgap_max_us=32602
  23.114  RPT pe: events=57 mean=13.66 mode=14 max=15 | 2:1 7:1 14:55
  23.114  t=21s RTT mean=0 min=0 max=0 n=0 to=0 | cancels=0(+0/s) seqbad=0 len_bad=7643 disc=0(0x00) | tot_n=0 tot_to=0 maxever=0 >2ms=0 >5ms=0 >15ms=0 >20ms=0 >30ms=0 | probes=0 wrfail=0 down=1s maxout=1s
  25.028  BLASTC comp=388 exkBps=92 cgap_us[min/avg/max]=2392/2578/25411
  25.028  BLAST phy=2/2 att=388 ok=388 enomem=0 err=0 call_us[min/avg/max]=2319/2566/25400 okgap_max_us=25412
  25.088  t=22s RTT mean=0 min=0 max=0 n=0 to=0 | cancels=0(+0/s) seqbad=0 len_bad=8030 disc=0(0x00) | tot_n=0 tot_to=0 maxever=0 >2ms=0 >5ms=0 >15ms=0 >20ms=0 >30ms=0 | probes=0 wrfail=0 down=1s maxout=1s
  25.088  BLASTC comp=363 exkBps=86 cgap_us[min/avg/max]=2395/2752/25412
  25.088  BLAST phy=2/2 att=363 ok=363 enomem=0 err=0 call_us[min/avg/max]=2378/2740/25400 okgap_max_us=25412
  25.088  RPT pe: events=57 mean=13.35 mode=14 max=15 | 5:3 7:1 11:1 14:52
  25.088  t=23s RTT mean=0 min=0 max=0 n=0 to=0 | cancels=0(+0/s) seqbad=0 len_bad=8394 disc=0(0x00) | tot_n=0 tot_to=0 maxever=0 >2ms=0 >5ms=0 >15ms=0 >20ms=0 >30ms=0 | probes=0 wrfail=0 down=1s maxout=1s
  27.048  BLASTC comp=377 exkBps=89 cgap_us[min/avg/max]=2387/2654/25412
  27.048  BLAST phy=2/2 att=377 ok=377 enomem=0 err=0 call_us[min/avg/max]=2315/2642/25400 okgap_max_us=25412
  27.048  t=24s RTT mean=0 min=0 max=0 n=0 to=0 | cancels=0(+0/s) seqbad=0 len_bad=8771 disc=0(0x00) | tot_n=0 tot_to=0 maxever=0 >2ms=0 >5ms=0 >15ms=0 >20ms=0 >30ms=0 | probes=0 wrfail=0 down=1s maxout=1s
  27.101  BLASTC comp=398 exkBps=94 cgap_us[min/avg/max]=2393/2510/4793
  27.101  BLAST phy=2/2 att=398 ok=398 enomem=0 err=0 call_us[min/avg/max]=2321/2498/4780 okgap_max_us=4792
  27.101  RPT pe: events=57 mean=13.68 mode=14 max=15 | 5:2 14:55
  27.101  t=25s RTT mean=0 min=0 max=0 n=0 to=0 | cancels=0(+0/s) seqbad=0 len_bad=9169 disc=0(0x00) | tot_n=0 tot_to=0 maxever=0 >2ms=0 >5ms=0 >15ms=0 >20ms=0 >30ms=0 | probes=0 wrfail=0 down=1s maxout=1s
  29.020  BLASTC comp=395 exkBps=94 cgap_us[min/avg/max]=2387/2533/6233
  29.071  BLAST phy=2/2 att=395 ok=395 enomem=0 err=0 call_us[min/avg/max]=2314/2521/6221 okgap_max_us=6233
  29.071  t=26s RTT mean=0 min=0 max=0 n=0 to=0 | cancels=0(+0/s) seqbad=0 len_bad=9564 disc=0(0x00) | tot_n=0 tot_to=0 maxever=0 >2ms=0 >5ms=0 >15ms=0 >20ms=0 >30ms=0 | probes=0 wrfail=0 down=1s maxout=1s
  29.071  BLASTC comp=386 exkBps=91 cgap_us[min/avg/max]=2393/2592/27809
  29.071  BLAST phy=2/2 att=386 ok=386 enomem=0 err=0 call_us[min/avg/max]=2321/2580/27798 okgap_max_us=27809
  29.071  RPT pe: events=58 mean=13.86 mode=14 max=15 | 6:1 14:57
  29.128  t=27s RTT mean=0 min=0 max=0 n=0 to=0 | cancels=0(+0/s) seqbad=0 len_bad=9950 disc=0(0x00) | tot_n=0 tot_to=0 maxever=0 >2ms=0 >5ms=0 >15ms=0 >20ms=0 >30ms=0 | probes=0 wrfail=0 down=1s maxout=1s
  31.020  BLASTC comp=384 exkBps=91 cgap_us[min/avg/max]=2395/2602/27816
  31.080  BLAST phy=2/2 att=384 ok=384 enomem=0 err=0 call_us[min/avg/max]=2326/2590/27804 okgap_max_us=27816
  31.080  t=28s RTT mean=0 min=0 max=0 n=0 to=0 | cancels=0(+0/s) seqbad=0 len_bad=10335 disc=0(0x00) | tot_n=0 tot_to=0 maxever=0 >2ms=0 >5ms=0 >15ms=0 >20ms=0 >30ms=0 | probes=0 wrfail=0 down=1s maxout=1s
  31.080  BLASTC comp=381 exkBps=90 cgap_us[min/avg/max]=2386/2626/30206
  31.080  BLAST phy=2/2 att=381 ok=381 enomem=0 err=0 call_us[min/avg/max]=2280/2614/30194 okgap_max_us=30206
  31.080  RPT pe: events=57 mean=13.57 mode=14 max=15 | 3:1 4:1 11:1 14:54
  31.140  t=29s RTT mean=0 min=0 max=0 n=0 to=0 | cancels=0(+0/s) seqbad=0 len_bad=10715 disc=0(0x00) | tot_n=0 tot_to=0 maxever=0 >2ms=0 >5ms=0 >15ms=0 >20ms=0 >30ms=0 | probes=0 wrfail=0 down=1s maxout=1s
  33.063  BLASTC comp=377 exkBps=89 cgap_us[min/avg/max]=2394/2656/30205
  33.063  BLAST phy=2/2 att=377 ok=377 enomem=0 err=0 call_us[min/avg/max]=2327/2644/30194 okgap_max_us=30205
  33.063  t=30s RTT mean=0 min=0 max=0 n=0 to=0 | cancels=0(+0/s) seqbad=0 len_bad=11092 disc=0(0x00) | tot_n=0 tot_to=0 maxever=0 >2ms=0 >5ms=0 >15ms=0 >20ms=0 >30ms=0 | probes=0 wrfail=0 down=1s maxout=1s
  33.063  BLASTC comp=396 exkBps=94 cgap_us[min/avg/max]=2395/2520/4792
  33.063  BLAST phy=2/2 att=396 ok=396 enomem=0 err=0 call_us[min/avg/max]=2326/2508/4781 okgap_max_us=4856
  33.123  RPT pe: events=57 mean=13.80 mode=14 max=15 | 3:1 14:56
  33.123  t=31s RTT mean=0 min=0 max=0 n=0 to=0 | cancels=0(+0/s) seqbad=0 len_bad=11489 disc=0(0x00) | tot_n=0 tot_to=0 maxever=0 >2ms=0 >5ms=0 >15ms=0 >20ms=0 >30ms=0 | probes=0 wrfail=0 down=1s maxout=1s
  35.044  BLASTC comp=369 exkBps=87 cgap_us[min/avg/max]=2387/2707/38836
  35.044  BLAST phy=2/2 att=369 ok=369 enomem=0 err=0 call_us[min/avg/max]=2313/2695/38825 okgap_max_us=38836
  35.044  t=32s RTT mean=0 min=0 max=0 n=0 to=0 | cancels=0(+0/s) seqbad=0 len_bad=11857 disc=0(0x00) | tot_n=0 tot_to=0 maxever=0 >2ms=0 >5ms=0 >15ms=0 >20ms=0 >30ms=0 | probes=0 wrfail=0 down=1s maxout=1s
  35.101  BLASTC comp=386 exkBps=91 cgap_us[min/avg/max]=2386/2592/27808
  35.101  BLAST phy=2/2 att=386 ok=386 enomem=0 err=0 call_us[min/avg/max]=2322/2580/27797 okgap_max_us=27808
  35.101  RPT pe: events=57 mean=13.36 mode=14 max=15 | 0:1 2:1 4:1 14:54
  35.101  t=33s RTT mean=0 min=0 max=0 n=0 to=0 | cancels=0(+0/s) seqbad=0 len_bad=12243 disc=0(0x00) | tot_n=0 tot_to=0 maxever=0 >2ms=0 >5ms=0 >15ms=0 >20ms=0 >30ms=0 | probes=0 wrfail=0 down=1s maxout=1s
  37.049  BLASTC comp=375 exkBps=89 cgap_us[min/avg/max]=2395/2668/38836
  37.049  BLAST phy=2/2 att=375 ok=375 enomem=0 err=0 call_us[min/avg/max]=2328/2656/38824 okgap_max_us=38836
  37.049  t=34s RTT mean=0 min=0 max=0 n=0 to=0 | cancels=0(+0/s) seqbad=0 len_bad=12619 disc=0(0x00) | tot_n=0 tot_to=0 maxever=0 >2ms=0 >5ms=0 >15ms=0 >20ms=0 >30ms=0 | probes=0 wrfail=0 down=1s maxout=1s
  37.109  BLASTC comp=377 exkBps=89 cgap_us[min/avg/max]=2395/2650/35002
  37.110  BLAST phy=2/2 att=377 ok=377 enomem=0 err=0 call_us[min/avg/max]=2323/2638/34990 okgap_max_us=35002
  37.110  RPT pe: events=57 mean=13.33 mode=14 max=15 | 0:1 1:1 8:1 9:1 14:53
  37.110  t=35s RTT mean=0 min=0 max=0 n=0 to=0 | cancels=0(+0/s) seqbad=0 len_bad=12996 disc=0(0x00) | tot_n=0 tot_to=0 maxever=0 >2ms=0 >5ms=0 >15ms=0 >20ms=0 >30ms=0 | probes=0 wrfail=0 down=1s maxout=1s
  39.059  BLASTC comp=383 exkBps=91 cgap_us[min/avg/max]=2389/2612/35001
  39.059  BLAST phy=2/2 att=383 ok=383 enomem=0 err=0 call_us[min/avg/max]=2317/2600/34990 okgap_max_us=35001
  39.059  t=36s RTT mean=0 min=0 max=0 n=0 to=0 | cancels=0(+0/s) seqbad=0 len_bad=13379 disc=0(0x00) | tot_n=0 tot_to=0 maxever=0 >2ms=0 >5ms=0 >15ms=0 >20ms=0 >30ms=0 | probes=0 wrfail=0 down=1s maxout=1s
  39.059  BLASTC comp=369 exkBps=87 cgap_us[min/avg/max]=2395/2707/35000
  39.059  BLAST phy=2/2 att=369 ok=369 enomem=0 err=0 call_us[min/avg/max]=2322/2695/34988 okgap_max_us=34999
  39.120  RPT pe: events=57 mean=13.31 mode=14 max=15 | 1:2 6:1 9:1 14:53
  39.120  t=37s RTT mean=0 min=0 max=0 n=0 to=0 | cancels=0(+0/s) seqbad=0 len_bad=13747 disc=0(0x00) | tot_n=0 tot_to=0 maxever=0 >2ms=0 >5ms=0 >15ms=0 >20ms=0 >30ms=0 | probes=0 wrfail=0 down=1s maxout=1s
  41.022  BLASTC comp=395 exkBps=94 cgap_us[min/avg/max]=2395/2533/4791
  41.082  BLAST phy=2/2 att=395 ok=395 enomem=0 err=0 call_us[min/avg/max]=2381/2521/4779 okgap_max_us=4791
  41.082  t=38s RTT mean=0 min=0 max=0 n=0 to=0 | cancels=0(+0/s) seqbad=0 len_bad=14143 disc=0(0x00) | tot_n=0 tot_to=0 maxever=0 >2ms=0 >5ms=0 >15ms=0 >20ms=0 >30ms=0 | probes=0 wrfail=0 down=1s maxout=1s
  41.082  BLASTC comp=395 exkBps=94 cgap_us[min/avg/max]=2393/2529/4793
  41.082  BLAST phy=2/2 att=395 ok=395 enomem=0 err=0 call_us[min/avg/max]=2322/2517/4780 okgap_max_us=4792
  41.082  RPT pe: events=57 mean=14.00 mode=14 max=15 | 14:57
  41.143  t=39s RTT mean=0 min=0 max=0 n=0 to=0 | cancels=0(+0/s) seqbad=0 len_bad=14538 disc=0(0x00) | tot_n=0 tot_to=0 maxever=0 >2ms=0 >5ms=0 >15ms=0 >20ms=0 >30ms=0 | probes=0 wrfail=0 down=1s maxout=1s
  43.049  BLASTC comp=389 exkBps=92 cgap_us[min/avg/max]=2388/2572/20618
  43.049  BLAST phy=2/2 att=389 ok=389 enomem=0 err=0 call_us[min/avg/max]=2315/2560/20606 okgap_max_us=20618
  43.049  t=40s RTT mean=0 min=0 max=0 n=0 to=0 | cancels=0(+0/s) seqbad=0 len_bad=14926 disc=0(0x00) | tot_n=0 tot_to=0 maxever=0 >2ms=0 >5ms=0 >15ms=0 >20ms=0 >30ms=0 | probes=0 wrfail=0 down=1s maxout=1s
  43.109  BLASTC comp=392 exkBps=93 cgap_us[min/avg/max]=2394/2552/18217
  43.109  BLAST phy=2/2 att=392 ok=392 enomem=0 err=0 call_us[min/avg/max]=2322/2540/18206 okgap_max_us=18217
  43.109  RPT pe: events=58 mean=13.79 mode=14 max=15 | 7:1 9:1 14:56
  43.109  t=41s RTT mean=0 min=0 max=0 n=0 to=0 | cancels=0(+0/s) seqbad=0 len_bad=15319 disc=0(0x00) | tot_n=0 tot_to=0 maxever=0 >2ms=0 >5ms=0 >15ms=0 >20ms=0 >30ms=0 | probes=0 wrfail=0 down=1s maxout=1s
