   1.693  *** Booting Zephyr OS build v4.4.2-16-gfee9fbc62095 ***
   1.693  [01:08:28.970,947] [0m<inf> bt_hci_core: HW Platform: Nordic Semiconductor (0x0002)[0m
   1.693  [01:08:28.970,960] [0m<inf> bt_hci_core: HW Variant: nRF54Lx (0x0005)[0m
   1.753  [01:08:28.970,972] [0m<inf> bt_hci_core: Firmware: Standard Bluetooth controller (0x00) Version 4.4 Build 2[0m
   1.753  [01:08:28.971,314] [0m<inf> bt_hci_core: HCI transport: Controller[0m
   1.753  [01:08:28.971,360] [0m<inf> bt_hci_core: Identity: D6:C7:60:B1:D3:0E (random)[0m
   1.753  [01:08:28.971,376] [0m<inf> bt_hci_core: HCI: version 5.4 (0x0d) revision 0x0000, manufacturer 0x05f1[0m
   1.753  [01:08:28.971,391] [0m<inf> bt_hci_core: LMP: version 5.4 (0x0d) subver 0xffff[0m
   1.753  
   1.753  === nRF54L15 RTT ping-pong PERIPHERAL (echo) ===
   1.753  advertising
   2.962  GAP connected interval=22500
   2.962  PHY tx=2 rx=2
   2.962  P t=1s rxkBps=0 blkkBps=0 pongs=0(+0/s) cancels=0(+0/s) notify=0 disc=0(0x00) | echo rx=0 tx=0 pend=0 stale=0
   2.962  CCC: notify ENABLED
   4.730  P t=2s rxkBps=74 blkkBps=0 pongs=311(+311/s) cancels=0(+0/s) notify=1 disc=0(0x00) | echo rx=0 tx=0 pend=0 stale=0
   4.730  P t=3s rxkBps=92 blkkBps=0 pongs=698(+387/s) cancels=0(+0/s) notify=1 disc=0(0x00) | echo rx=0 tx=0 pend=0 stale=0
   6.688  P t=4s rxkBps=83 blkkBps=0 pongs=1048(+350/s) cancels=0(+0/s) notify=1 disc=0(0x00) | echo rx=0 tx=0 pend=0 stale=0
   6.748  P t=5s rxkBps=93 blkkBps=0 pongs=1442(+394/s) cancels=0(+0/s) notify=1 disc=0(0x00) | echo rx=0 tx=0 pend=0 stale=0
   8.703  P t=6s rxkBps=92 blkkBps=0 pongs=1831(+389/s) cancels=0(+0/s) notify=1 disc=0(0x00) | echo rx=0 tx=0 pend=0 stale=0
   8.704  P t=7s rxkBps=93 blkkBps=0 pongs=2224(+393/s) cancels=0(+0/s) notify=1 disc=0(0x00) | echo rx=0 tx=0 pend=0 stale=0
  10.693  P t=8s rxkBps=92 blkkBps=0 pongs=2614(+390/s) cancels=0(+0/s) notify=1 disc=0(0x00) | echo rx=0 tx=0 pend=0 stale=0
  10.752  P t=9s rxkBps=91 blkkBps=0 pongs=3000(+386/s) cancels=0(+0/s) notify=1 disc=0(0x00) | echo rx=0 tx=0 pend=0 stale=0
  12.695  P t=10s rxkBps=94 blkkBps=0 pongs=3395(+395/s) cancels=0(+0/s) notify=1 disc=0(0x00) | echo rx=0 tx=0 pend=0 stale=0
  12.749  P t=11s rxkBps=93 blkkBps=0 pongs=3789(+394/s) cancels=0(+0/s) notify=1 disc=0(0x00) | echo rx=0 tx=0 pend=0 stale=0
  14.717  P t=12s rxkBps=92 blkkBps=0 pongs=4176(+387/s) cancels=0(+0/s) notify=1 disc=0(0x00) | echo rx=0 tx=0 pend=0 stale=0
  14.717  P t=13s rxkBps=94 blkkBps=0 pongs=4571(+395/s) cancels=0(+0/s) notify=1 disc=0(0x00) | echo rx=0 tx=0 pend=0 stale=0
  16.719  P t=14s rxkBps=93 blkkBps=0 pongs=4964(+393/s) cancels=0(+0/s) notify=1 disc=0(0x00) | echo rx=0 tx=0 pend=0 stale=0
  16.719  P t=15s rxkBps=92 blkkBps=0 pongs=5353(+389/s) cancels=0(+0/s) notify=1 disc=0(0x00) | echo rx=0 tx=0 pend=0 stale=0
  18.702  P t=16s rxkBps=90 blkkBps=0 pongs=5733(+380/s) cancels=0(+0/s) notify=1 disc=0(0x00) | echo rx=0 tx=0 pend=0 stale=0
  18.702  P t=17s rxkBps=90 blkkBps=0 pongs=6111(+378/s) cancels=0(+0/s) notify=1 disc=0(0x00) | echo rx=0 tx=0 pend=0 stale=0
  20.728  P t=18s rxkBps=92 blkkBps=0 pongs=6498(+387/s) cancels=0(+0/s) notify=1 disc=0(0x00) | echo rx=0 tx=0 pend=0 stale=0
  20.728  P t=19s rxkBps=94 blkkBps=0 pongs=6896(+398/s) cancels=0(+0/s) notify=1 disc=0(0x00) | echo rx=0 tx=0 pend=0 stale=0
  22.707  P t=20s rxkBps=93 blkkBps=0 pongs=7287(+391/s) cancels=0(+0/s) notify=1 disc=0(0x00) | echo rx=0 tx=0 pend=0 stale=0
  22.707  P t=21s rxkBps=92 blkkBps=0 pongs=7675(+388/s) cancels=0(+0/s) notify=1 disc=0(0x00) | echo rx=0 tx=0 pend=0 stale=0
  24.743  P t=22s rxkBps=91 blkkBps=0 pongs=8060(+385/s) cancels=0(+0/s) notify=1 disc=0(0x00) | echo rx=0 tx=0 pend=0 stale=0
  24.743  P t=23s rxkBps=91 blkkBps=0 pongs=8444(+384/s) cancels=0(+0/s) notify=1 disc=0(0x00) | echo rx=0 tx=0 pend=0 stale=0
  26.743  P t=24s rxkBps=93 blkkBps=0 pongs=8837(+393/s) cancels=0(+0/s) notify=1 disc=0(0x00) | echo rx=0 tx=0 pend=0 stale=0
  26.743  P t=25s rxkBps=94 blkkBps=0 pongs=9233(+396/s) cancels=0(+0/s) notify=1 disc=0(0x00) | echo rx=0 tx=0 pend=0 stale=0
  28.722  P t=26s rxkBps=92 blkkBps=0 pongs=9622(+389/s) cancels=0(+0/s) notify=1 disc=0(0x00) | echo rx=0 tx=0 pend=0 stale=0
  28.722  P t=27s rxkBps=94 blkkBps=0 pongs=10017(+395/s) cancels=0(+0/s) notify=1 disc=0(0x00) | echo rx=0 tx=0 pend=0 stale=0
  30.739  P t=28s rxkBps=95 blkkBps=0 pongs=10417(+400/s) cancels=0(+0/s) notify=1 disc=0(0x00) | echo rx=0 tx=0 pend=0 stale=0
  30.739  P t=29s rxkBps=94 blkkBps=0 pongs=10813(+396/s) cancels=0(+0/s) notify=1 disc=0(0x00) | echo rx=0 tx=0 pend=0 stale=0
  32.705  P t=30s rxkBps=90 blkkBps=0 pongs=11194(+381/s) cancels=0(+0/s) notify=1 disc=0(0x00) | echo rx=0 tx=0 pend=0 stale=0
  32.705  P t=31s rxkBps=92 blkkBps=0 pongs=11582(+388/s) cancels=0(+0/s) notify=1 disc=0(0x00) | echo rx=0 tx=0 pend=0 stale=0
  34.739  P t=32s rxkBps=91 blkkBps=0 pongs=11967(+385/s) cancels=0(+0/s) notify=1 disc=0(0x00) | echo rx=0 tx=0 pend=0 stale=0
  34.739  P t=33s rxkBps=91 blkkBps=0 pongs=12352(+385/s) cancels=0(+0/s) notify=1 disc=0(0x00) | echo rx=0 tx=0 pend=0 stale=0
  36.750  P t=34s rxkBps=94 blkkBps=0 pongs=12747(+395/s) cancels=0(+0/s) notify=1 disc=0(0x00) | echo rx=0 tx=0 pend=0 stale=0
  36.750  P t=35s rxkBps=94 blkkBps=0 pongs=13143(+396/s) cancels=0(+0/s) notify=1 disc=0(0x00) | echo rx=0 tx=0 pend=0 stale=0
  38.730  P t=36s rxkBps=93 blkkBps=0 pongs=13537(+394/s) cancels=0(+0/s) notify=1 disc=0(0x00) | echo rx=0 tx=0 pend=0 stale=0
  38.730  P t=37s rxkBps=94 blkkBps=0 pongs=13935(+398/s) cancels=0(+0/s) notify=1 disc=0(0x00) | echo rx=0 tx=0 pend=0 stale=0
  40.708  P t=38s rxkBps=92 blkkBps=0 pongs=14325(+390/s) cancels=0(+0/s) notify=1 disc=0(0x00) | echo rx=0 tx=0 pend=0 stale=0
  40.708  P t=39s rxkBps=88 blkkBps=0 pongs=14696(+371/s) cancels=0(+0/s) notify=1 disc=0(0x00) | echo rx=0 tx=0 pend=0 stale=0
  42.722  P t=40s rxkBps=90 blkkBps=0 pongs=15076(+380/s) cancels=0(+0/s) notify=1 disc=0(0x00) | echo rx=0 tx=0 pend=0 stale=0
  42.722  P t=41s rxkBps=86 blkkBps=0 pongs=15437(+361/s) cancels=0(+0/s) notify=1 disc=0(0x00) | echo rx=0 tx=0 pend=0 stale=0
  44.737  P t=42s rxkBps=91 blkkBps=0 pongs=15821(+384/s) cancels=0(+0/s) notify=1 disc=0(0x00) | echo rx=0 tx=0 pend=0 stale=0
  44.737  P t=43s rxkBps=93 blkkBps=0 pongs=16214(+393/s) cancels=0(+0/s) notify=1 disc=0(0x00) | echo rx=0 tx=0 pend=0 stale=0
