   0.825  P t=45s rxkBps=0 blkkBps=0 pongs=17148(+0/s) cancels=0(+0/s) notify=1 disc=0(0x00) | echo rx=0 tx=0 pend=0 stale=0
   0.825  P t=46s rxkBps=0 blkkBps=0 pongs=17148(+0/s) cancels=0(+0/s) notify=1 disc=0(0x00) | echo rx=0 tx=0 pend=0 stale=0
   1.705  *** Booting Zephyr OS build v4.4.2-16-gfee9fbc62095 ***
   1.705  [00:03:09.579,152] [0m<inf> bt_hci_core: HW Platform: Nordic Semiconductor (0x0002)[0m
   1.705  [00:03:09.579,165] [0m<inf> bt_hci_core: HW Variant: nRF54Lx (0x0005)[0m
   1.705  [00:03:09.579,176] [0m<inf> bt_hci_core: Firmware: Standard Bluetooth controller (0x00) Version 4.4 Build 2[0m
   1.705  [00:03:09.579,519] [0m<inf> bt_hci_core: HCI transport: Controller[0m
   1.759  [00:03:09.579,564] [0m<inf> bt_hci_core: Identity: D6:C7:60:B1:D3:0E (random)[0m
   1.760  [00:03:09.579,581] [0m<inf> bt_hci_core: HCI: version 5.4 (0x0d) revision 0x0000, manufacturer 0x05f1[0m
   1.760  [00:03:09.579,596] [0m<inf> bt_hci_core: LMP: version 5.4 (0x0d) subver 0xffff[0m
   1.760  
   1.760  === nRF54L15 RTT ping-pong PERIPHERAL (echo) ===
   1.760  advertising
   3.103  GAP connected interval=35000
   3.103  PHY tx=2 rx=2
   3.103  P t=1s rxkBps=0 blkkBps=0 pongs=0(+0/s) cancels=0(+0/s) notify=0 disc=0(0x00) | echo rx=0 tx=0 pend=0 stale=0
   4.267  CCC: notify ENABLED
   4.267  P t=2s rxkBps=37 blkkBps=0 pongs=159(+159/s) cancels=0(+0/s) notify=1 disc=0(0x00) | echo rx=0 tx=0 pend=0 stale=0
   5.711  P t=3s rxkBps=91 blkkBps=0 pongs=541(+382/s) cancels=0(+0/s) notify=1 disc=0(0x00) | echo rx=0 tx=0 pend=0 stale=0
   5.711  P t=4s rxkBps=93 blkkBps=0 pongs=933(+392/s) cancels=0(+0/s) notify=1 disc=0(0x00) | echo rx=0 tx=0 pend=0 stale=0
   7.693  P t=5s rxkBps=92 blkkBps=0 pongs=1323(+390/s) cancels=0(+0/s) notify=1 disc=0(0x00) | echo rx=0 tx=0 pend=0 stale=0
   7.753  P t=6s rxkBps=90 blkkBps=0 pongs=1702(+379/s) cancels=0(+0/s) notify=1 disc=0(0x00) | echo rx=0 tx=0 pend=0 stale=0
   9.715  P t=7s rxkBps=94 blkkBps=0 pongs=2099(+397/s) cancels=0(+0/s) notify=1 disc=0(0x00) | echo rx=0 tx=0 pend=0 stale=0
   9.715  P t=8s rxkBps=91 blkkBps=0 pongs=2481(+382/s) cancels=0(+0/s) notify=1 disc=0(0x00) | echo rx=0 tx=0 pend=0 stale=0
  11.688  P t=9s rxkBps=92 blkkBps=0 pongs=2870(+389/s) cancels=0(+0/s) notify=1 disc=0(0x00) | echo rx=0 tx=0 pend=0 stale=0
  11.748  P t=10s rxkBps=94 blkkBps=0 pongs=3266(+396/s) cancels=0(+0/s) notify=1 disc=0(0x00) | echo rx=0 tx=0 pend=0 stale=0
  13.716  P t=11s rxkBps=94 blkkBps=0 pongs=3663(+397/s) cancels=0(+0/s) notify=1 disc=0(0x00) | echo rx=0 tx=0 pend=0 stale=0
  13.716  P t=12s rxkBps=94 blkkBps=0 pongs=4061(+398/s) cancels=0(+0/s) notify=1 disc=0(0x00) | echo rx=0 tx=0 pend=0 stale=0
  15.742  P t=13s rxkBps=91 blkkBps=0 pongs=4443(+382/s) cancels=0(+0/s) notify=1 disc=0(0x00) | echo rx=0 tx=0 pend=0 stale=0
  15.742  P t=14s rxkBps=93 blkkBps=0 pongs=4836(+393/s) cancels=0(+0/s) notify=1 disc=0(0x00) | echo rx=0 tx=0 pend=0 stale=0
  17.702  P t=15s rxkBps=93 blkkBps=0 pongs=5230(+394/s) cancels=0(+0/s) notify=1 disc=0(0x00) | echo rx=0 tx=0 pend=0 stale=0
  17.702  P t=16s rxkBps=91 blkkBps=0 pongs=5615(+385/s) cancels=0(+0/s) notify=1 disc=0(0x00) | echo rx=0 tx=0 pend=0 stale=0
  19.709  P t=17s rxkBps=87 blkkBps=0 pongs=5982(+367/s) cancels=0(+0/s) notify=1 disc=0(0x00) | echo rx=0 tx=0 pend=0 stale=0
  19.710  P t=18s rxkBps=88 blkkBps=0 pongs=6352(+370/s) cancels=0(+0/s) notify=1 disc=0(0x00) | echo rx=0 tx=0 pend=0 stale=0
  21.736  P t=19s rxkBps=95 blkkBps=0 pongs=6752(+400/s) cancels=0(+0/s) notify=1 disc=0(0x00) | echo rx=0 tx=0 pend=0 stale=0
  21.736  P t=20s rxkBps=90 blkkBps=0 pongs=7130(+378/s) cancels=0(+0/s) notify=1 disc=0(0x00) | echo rx=0 tx=0 pend=0 stale=0
  23.743  P t=21s rxkBps=91 blkkBps=0 pongs=7512(+382/s) cancels=0(+0/s) notify=1 disc=0(0x00) | echo rx=0 tx=0 pend=0 stale=0
  23.743  P t=22s rxkBps=94 blkkBps=0 pongs=7909(+397/s) cancels=0(+0/s) notify=1 disc=0(0x00) | echo rx=0 tx=0 pend=0 stale=0
  25.726  P t=23s rxkBps=87 blkkBps=0 pongs=8278(+369/s) cancels=0(+0/s) notify=1 disc=0(0x00) | echo rx=0 tx=0 pend=0 stale=0
  25.726  P t=24s rxkBps=87 blkkBps=0 pongs=8644(+366/s) cancels=0(+0/s) notify=1 disc=0(0x00) | echo rx=0 tx=0 pend=0 stale=0
  27.729  P t=25s rxkBps=93 blkkBps=0 pongs=9037(+393/s) cancels=0(+0/s) notify=1 disc=0(0x00) | echo rx=0 tx=0 pend=0 stale=0
  27.729  P t=26s rxkBps=94 blkkBps=0 pongs=9435(+398/s) cancels=0(+0/s) notify=1 disc=0(0x00) | echo rx=0 tx=0 pend=0 stale=0
  29.709  P t=27s rxkBps=93 blkkBps=0 pongs=9828(+393/s) cancels=0(+0/s) notify=1 disc=0(0x00) | echo rx=0 tx=0 pend=0 stale=0
  29.709  P t=28s rxkBps=89 blkkBps=0 pongs=10203(+375/s) cancels=0(+0/s) notify=1 disc=0(0x00) | echo rx=0 tx=0 pend=0 stale=0
  31.733  P t=29s rxkBps=91 blkkBps=0 pongs=10585(+382/s) cancels=0(+0/s) notify=1 disc=0(0x00) | echo rx=0 tx=0 pend=0 stale=0
  31.733  P t=30s rxkBps=90 blkkBps=0 pongs=10963(+378/s) cancels=0(+0/s) notify=1 disc=0(0x00) | echo rx=0 tx=0 pend=0 stale=0
  33.734  P t=31s rxkBps=93 blkkBps=0 pongs=11357(+394/s) cancels=0(+0/s) notify=1 disc=0(0x00) | echo rx=0 tx=0 pend=0 stale=0
  33.734  P t=32s rxkBps=87 blkkBps=0 pongs=11726(+369/s) cancels=0(+0/s) notify=1 disc=0(0x00) | echo rx=0 tx=0 pend=0 stale=0
  35.717  P t=33s rxkBps=94 blkkBps=0 pongs=12122(+396/s) cancels=0(+0/s) notify=1 disc=0(0x00) | echo rx=0 tx=0 pend=0 stale=0
  35.717  P t=34s rxkBps=86 blkkBps=0 pongs=12486(+364/s) cancels=0(+0/s) notify=1 disc=0(0x00) | echo rx=0 tx=0 pend=0 stale=0
  37.696  P t=35s rxkBps=93 blkkBps=0 pongs=12877(+391/s) cancels=0(+0/s) notify=1 disc=0(0x00) | echo rx=0 tx=0 pend=0 stale=0
  37.756  P t=36s rxkBps=91 blkkBps=0 pongs=13260(+383/s) cancels=0(+0/s) notify=1 disc=0(0x00) | echo rx=0 tx=0 pend=0 stale=0
  39.696  P t=37s rxkBps=85 blkkBps=0 pongs=13617(+357/s) cancels=0(+0/s) notify=1 disc=0(0x00) | echo rx=0 tx=0 pend=0 stale=0
  39.751  P t=38s rxkBps=94 blkkBps=0 pongs=14014(+397/s) cancels=0(+0/s) notify=1 disc=0(0x00) | echo rx=0 tx=0 pend=0 stale=0
  41.701  P t=39s rxkBps=93 blkkBps=0 pongs=14406(+392/s) cancels=0(+0/s) notify=1 disc=0(0x00) | echo rx=0 tx=0 pend=0 stale=0
  41.701  P t=40s rxkBps=93 blkkBps=0 pongs=14798(+392/s) cancels=0(+0/s) notify=1 disc=0(0x00) | echo rx=0 tx=0 pend=0 stale=0
  43.705  P t=41s rxkBps=92 blkkBps=0 pongs=15188(+390/s) cancels=0(+0/s) notify=1 disc=0(0x00) | echo rx=0 tx=0 pend=0 stale=0
  43.705  P t=42s rxkBps=94 blkkBps=0 pongs=15584(+396/s) cancels=0(+0/s) notify=1 disc=0(0x00) | echo rx=0 tx=0 pend=0 stale=0
