   1.906  *** Booting Zephyr OS build v4.4.2-16-gfee9fbc62095 ***
   1.906  [00:56:47.134,677] [0m<inf> bt_hci_core: HW Platform: Nordic Semiconductor (0x0002)[0m
   1.966  [00:56:47.134,689] [0m<inf> bt_hci_core: HW Variant: nRF54Lx (0x0005)[0m
   1.966  [00:56:47.134,702] [0m<inf> bt_hci_core: Firmware: Standard Bluetooth controller (0x00) Version 4.4 Build 2[0m
   1.966  [00:56:47.135,050] [0m<inf> bt_hci_core: HCI transport: Controller[0m
   1.966  [00:56:47.135,099] [0m<inf> bt_hci_core: Identity: FC:BE:FF:FA:E6:8B (random)[0m
   1.966  [00:56:47.135,115] [0m<inf> bt_hci_core: HCI: version 5.4 (0x0d) revision 0x0000, manufacturer 0x05f1[0m
   1.966  [00:56:47.135,130] [0m<inf> bt_hci_core: LMP: version 5.4 (0x0d) subver 0xffff[0m
   1.966  
   1.966  === nRF54L15 RTT ping-pong CENTRAL ===
   1.966  scan rc=0
   1.966  Q2CONN AA=a105d84a CRCINIT=d76e5b hop=15 chan_count=37 map=ffffffff1f
   1.966  GAP connected interval=12500
   2.025  MTU err=0 mtu=247
   2.660  PHY tx=2 rx=2
   2.660  discovery start (post-PHY +500ms) interval=12500 phy2m=1
   2.660  SUBSCRIBED, vh=14
   2.660  BLAST: phy_update->2M rc=0
   2.720  BLAST first16_call_us: 124 119 122 121 122 121 121 122 115 55 54 53 53 54 53 54
   3.690  PHY tx=2 rx=2
   3.690  BLASTC comp=91 exkBps=19 cgap_us[min/avg/max]=130/2756/45017
   3.747  BLAST phy=2/2 att=101 ok=101 enomem=0 err=0 call_us[min/avg/max]=53/2445/44294 okgap_max_us=44306
   3.747  t=1s RTT mean=0 min=0 max=0 n=0 to=0 | cancels=0(+0/s) seqbad=0 len_bad=80 disc=0(0x00) | tot_n=0 tot_to=0 maxever=0 >2ms=0 >5ms=0 >15ms=0 >20ms=0 >30ms=0 | probes=0 wrfail=0 down=0s maxout=0s
   4.953  BLASTC comp=390 exkBps=92 cgap_us[min/avg/max]=2394/2564/10102
   4.954  BLAST phy=2/2 att=390 ok=390 enomem=0 err=0 call_us[min/avg/max]=2334/2552/10091 okgap_max_us=10102
   4.954  t=2s RTT mean=0 min=0 max=0 n=0 to=0 | cancels=0(+0/s) seqbad=0 len_bad=470 disc=0(0x00) | tot_n=0 tot_to=0 maxever=0 >2ms=0 >5ms=0 >15ms=0 >20ms=0 >30ms=0 | probes=0 wrfail=0 down=0s maxout=0s
   4.954  RPT pe: events=160 mean=4.96 mode=5 max=6 | 2:1 3:1 5:158
   4.954  BLASTC comp=395 exkBps=94 cgap_us[min/avg/max]=2394/2531/5303
   4.954  BLAST phy=2/2 att=395 ok=395 enomem=0 err=0 call_us[min/avg/max]=2331/2519/5292 okgap_max_us=5304
   5.014  t=3s RTT mean=0 min=0 max=0 n=0 to=0 | cancels=0(+0/s) seqbad=0 len_bad=865 disc=0(0x00) | tot_n=0 tot_to=0 maxever=0 >2ms=0 >5ms=0 >15ms=0 >20ms=0 >30ms=0 | probes=0 wrfail=0 down=0s maxout=0s
   6.650  FSU: request [150..150] us (ACL both dirs, 1M+2M) rc=0
   6.710  BLASTC comp=391 exkBps=93 cgap_us[min/avg/max]=2389/2557/5304
   6.710  BLAST phy=2/2 att=391 ok=391 enomem=0 err=0 call_us[min/avg/max]=2306/2545/5292 okgap_max_us=5304
   6.710  t=4s RTT mean=0 min=0 max=0 n=0 to=0 | cancels=0(+0/s) seqbad=0 len_bad=1256 disc=0(0x00) | tot_n=0 tot_to=0 maxever=0 >2ms=0 >5ms=0 >15ms=0 >20ms=0 >30ms=0 | probes=0 wrfail=0 down=0s maxout=0s
   7.931  RPT pe: events=160 mean=5.00 mode=5 max=6 | 5:160
   7.931  BLASTC comp=394 exkBps=93 cgap_us[min/avg/max]=2393/2538/5307
   7.931  BLAST phy=2/2 att=394 ok=394 enomem=0 err=0 call_us[min/avg/max]=2337/2526/5295 okgap_max_us=5307
   7.931  t=5s RTT mean=0 min=0 max=0 n=0 to=0 | cancels=0(+0/s) seqbad=0 len_bad=1650 disc=0(0x00) | tot_n=0 tot_to=0 maxever=0 >2ms=0 >5ms=0 >15ms=0 >20ms=0 >30ms=0 | probes=0 wrfail=0 down=0s maxout=0s
   7.985  BLASTC comp=393 exkBps=93 cgap_us[min/avg/max]=2393/2544/5304
   7.985  BLAST phy=2/2 att=393 ok=393 enomem=0 err=0 call_us[min/avg/max]=2333/2532/5292 okgap_max_us=5304
   7.985  t=6s RTT mean=0 min=0 max=0 n=0 to=0 | cancels=0(+0/s) seqbad=0 len_bad=2043 disc=0(0x00) | tot_n=0 tot_to=0 maxever=0 >2ms=0 >5ms=0 >15ms=0 >20ms=0 >30ms=0 | probes=0 wrfail=0 down=0s maxout=0s
   9.909  RPT pe: events=160 mean=4.96 mode=5 max=6 | 0:1 5:159
   9.909  BLASTC comp=387 exkBps=92 cgap_us[min/avg/max]=2394/2584/15411
   9.959  BLAST phy=2/2 att=387 ok=387 enomem=0 err=0 call_us[min/avg/max]=2340/2572/15400 okgap_max_us=15411
   9.959  t=7s RTT mean=0 min=0 max=0 n=0 to=0 | cancels=0(+0/s) seqbad=0 len_bad=2430 disc=0(0x00) | tot_n=0 tot_to=0 maxever=0 >2ms=0 >5ms=0 >15ms=0 >20ms=0 >30ms=0 | probes=0 wrfail=0 down=0s maxout=0s
   9.959  BLASTC comp=393 exkBps=93 cgap_us[min/avg/max]=2393/2544/12501
   9.959  BLAST phy=2/2 att=393 ok=393 enomem=0 err=0 call_us[min/avg/max]=2332/2532/12489 okgap_max_us=12501
  10.020  t=8s RTT mean=0 min=0 max=0 n=0 to=0 | cancels=0(+0/s) seqbad=0 len_bad=2823 disc=0(0x00) | tot_n=0 tot_to=0 maxever=0 >2ms=0 >5ms=0 >15ms=0 >20ms=0 >30ms=0 | probes=0 wrfail=0 down=0s maxout=0s
  10.925  RPT pe: events=160 mean=4.90 mode=5 max=6 | 0:1 1:1 2:1 4:3 5:154
  10.925  BLASTC comp=384 exkBps=91 cgap_us[min/avg/max]=2395/2604/15411
  10.925  BLAST phy=2/2 att=384 ok=384 enomem=0 err=0 call_us[min/avg/max]=2339/2592/15400 okgap_max_us=15412
  10.986  t=9s RTT mean=0 min=0 max=0 n=0 to=0 | cancels=0(+0/s) seqbad=0 len_bad=3207 disc=0(0x00) | tot_n=0 tot_to=0 maxever=0 >2ms=0 >5ms=0 >15ms=0 >20ms=0 >30ms=0 | probes=0 wrfail=0 down=0s maxout=0s
  12.926  BLASTC comp=395 exkBps=94 cgap_us[min/avg/max]=2389/2531/7706
  12.926  BLAST phy=2/2 att=395 ok=395 enomem=0 err=0 call_us[min/avg/max]=2323/2519/7687 okgap_max_us=7699
  12.987  t=10s RTT mean=0 min=0 max=0 n=0 to=0 | cancels=0(+0/s) seqbad=0 len_bad=3602 disc=0(0x00) | tot_n=0 tot_to=0 maxever=0 >2ms=0 >5ms=0 >15ms=0 >20ms=0 >30ms=0 | probes=0 wrfail=0 down=0s maxout=0s
  12.987  RPT pe: events=160 mean=4.96 mode=5 max=6 | 3:2 4:1 5:157
  12.987  BLASTC comp=397 exkBps=94 cgap_us[min/avg/max]=2393/2518/7705
  12.987  BLAST phy=2/2 att=397 ok=397 enomem=0 err=0 call_us[min/avg/max]=2333/2506/7694 okgap_max_us=7706
  12.987  t=11s RTT mean=0 min=0 max=0 n=0 to=0 | cancels=0(+0/s) seqbad=0 len_bad=3999 disc=0(0x00) | tot_n=0 tot_to=0 maxever=0 >2ms=0 >5ms=0 >15ms=0 >20ms=0 >30ms=0 | probes=0 wrfail=0 down=0s maxout=0s
  14.918  BLASTC comp=388 exkBps=92 cgap_us[min/avg/max]=2391/2577/7706
  14.918  BLAST phy=2/2 att=388 ok=388 enomem=0 err=0 call_us[min/avg/max]=2307/2565/7694 okgap_max_us=7706
  14.973  t=12s RTT mean=0 min=0 max=0 n=0 to=0 | cancels=0(+0/s) seqbad=0 len_bad=4388 disc=0(0x00) | tot_n=0 tot_to=0 maxever=0 >2ms=0 >5ms=0 >15ms=0 >20ms=0 >30ms=0 | probes=0 wrfail=0 down=0s maxout=0s
  14.973  RPT pe: events=160 mean=4.93 mode=5 max=6 | 3:5 5:155
  14.973  BLASTC comp=396 exkBps=94 cgap_us[min/avg/max]=2385/2525/5304
  14.973  BLAST phy=2/2 att=396 ok=396 enomem=0 err=0 call_us[min/avg/max]=2278/2513/5292 okgap_max_us=5304
  14.973  t=13s RTT mean=0 min=0 max=0 n=0 to=0 | cancels=0(+0/s) seqbad=0 len_bad=4784 disc=0(0x00) | tot_n=0 tot_to=0 maxever=0 >2ms=0 >5ms=0 >15ms=0 >20ms=0 >30ms=0 | probes=0 wrfail=0 down=0s maxout=0s
  16.925  BLASTC comp=382 exkBps=91 cgap_us[min/avg/max]=2385/2617/10103
  16.925  BLAST phy=2/2 att=382 ok=382 enomem=0 err=0 call_us[min/avg/max]=2296/2605/10091 okgap_max_us=10103
  16.985  t=14s RTT mean=0 min=0 max=0 n=0 to=0 | cancels=0(+0/s) seqbad=0 len_bad=5166 disc=0(0x00) | tot_n=0 tot_to=0 maxever=0 >2ms=0 >5ms=0 >15ms=0 >20ms=0 >30ms=0 | probes=0 wrfail=0 down=0s maxout=0s
  16.985  RPT pe: events=160 mean=4.87 mode=5 max=6 | 0:1 2:5 5:154
  16.985  BLASTC comp=390 exkBps=92 cgap_us[min/avg/max]=2395/2564/15412
  16.985  BLAST phy=2/2 att=390 ok=390 enomem=0 err=0 call_us[min/avg/max]=2323/2552/15400 okgap_max_us=15412
  16.985  t=15s RTT mean=0 min=0 max=0 n=0 to=0 | cancels=0(+0/s) seqbad=0 len_bad=5556 disc=0(0x00) | tot_n=0 tot_to=0 maxever=0 >2ms=0 >5ms=0 >15ms=0 >20ms=0 >30ms=0 | probes=0 wrfail=0 down=0s maxout=0s
  18.908  BLASTC comp=387 exkBps=92 cgap_us[min/avg/max]=2384/2583/12502
  18.908  BLAST phy=2/2 att=387 ok=387 enomem=0 err=0 call_us[min/avg/max]=2294/2571/12490 okgap_max_us=12502
  18.966  t=16s RTT mean=0 min=0 max=0 n=0 to=0 | cancels=0(+0/s) seqbad=0 len_bad=5943 disc=0(0x00) | tot_n=0 tot_to=0 maxever=0 >2ms=0 >5ms=0 >15ms=0 >20ms=0 >30ms=0 | probes=0 wrfail=0 down=0s maxout=0s
  18.966  BLASTC comp=391 exkBps=93 cgap_us[min/avg/max]=2395/2557/12501
  18.966  BLAST phy=2/2 att=391 ok=391 enomem=0 err=0 call_us[min/avg/max]=2323/2545/12489 okgap_max_us=12501
  18.966  RPT pe: events=160 mean=4.91 mode=5 max=6 | 1:2 2:2 5:156
  19.024  t=17s RTT mean=0 min=0 max=0 n=0 to=0 | cancels=0(+0/s) seqbad=0 len_bad=6334 disc=0(0x00) | tot_n=0 tot_to=0 maxever=0 >2ms=0 >5ms=0 >15ms=0 >20ms=0 >30ms=0 | probes=0 wrfail=0 down=0s maxout=0s
  20.933  BLASTC comp=390 exkBps=92 cgap_us[min/avg/max]=2378/2564/12501
  20.933  BLAST phy=2/2 att=390 ok=390 enomem=0 err=0 call_us[min/avg/max]=2289/2552/12490 okgap_max_us=12502
  20.933  t=18s RTT mean=0 min=0 max=0 n=0 to=0 | cancels=0(+0/s) seqbad=0 len_bad=6724 disc=0(0x00) | tot_n=0 tot_to=0 maxever=0 >2ms=0 >5ms=0 >15ms=0 >20ms=0 >30ms=0 | probes=0 wrfail=0 down=0s maxout=0s
  20.993  BLASTC comp=396 exkBps=94 cgap_us[min/avg/max]=2394/2525/10103
  20.993  BLAST phy=2/2 att=396 ok=396 enomem=0 err=0 call_us[min/avg/max]=2323/2513/10091 okgap_max_us=10103
  20.994  RPT pe: events=160 mean=4.92 mode=5 max=6 | 1:2 2:1 4:1 5:156
  20.994  t=19s RTT mean=0 min=0 max=0 n=0 to=0 | cancels=0(+0/s) seqbad=0 len_bad=7120 disc=0(0x00) | tot_n=0 tot_to=0 maxever=0 >2ms=0 >5ms=0 >15ms=0 >20ms=0 >30ms=0 | probes=0 wrfail=0 down=0s maxout=0s
  22.899  BLASTC comp=392 exkBps=93 cgap_us[min/avg/max]=2390/2551/12501
  22.959  BLAST phy=2/2 att=392 ok=392 enomem=0 err=0 call_us[min/avg/max]=2300/2539/12490 okgap_max_us=12502
  22.959  t=20s RTT mean=0 min=0 max=0 n=0 to=0 | cancels=0(+0/s) seqbad=0 len_bad=7512 disc=0(0x00) | tot_n=0 tot_to=0 maxever=0 >2ms=0 >5ms=0 >15ms=0 >20ms=0 >30ms=0 | probes=0 wrfail=0 down=0s maxout=0s
  22.959  BLASTC comp=393 exkBps=93 cgap_us[min/avg/max]=2393/2544/15411
  22.959  BLAST phy=2/2 att=393 ok=393 enomem=0 err=0 call_us[min/avg/max]=2324/2532/15400 okgap_max_us=15412
  22.959  RPT pe: events=160 mean=4.94 mode=5 max=6 | 0:1 1:1 5:158
  23.013  t=21s RTT mean=0 min=0 max=0 n=0 to=0 | cancels=0(+0/s) seqbad=0 len_bad=7905 disc=0(0x00) | tot_n=0 tot_to=0 maxever=0 >2ms=0 >5ms=0 >15ms=0 >20ms=0 >30ms=0 | probes=0 wrfail=0 down=0s maxout=0s
  24.926  BLASTC comp=396 exkBps=94 cgap_us[min/avg/max]=2389/2525/4802
  24.926  BLAST phy=2/2 att=396 ok=396 enomem=0 err=0 call_us[min/avg/max]=2300/2513/4791 okgap_max_us=4802
  24.986  t=22s RTT mean=0 min=0 max=0 n=0 to=0 | cancels=0(+0/s) seqbad=0 len_bad=8301 disc=0(0x00) | tot_n=0 tot_to=0 maxever=0 >2ms=0 >5ms=0 >15ms=0 >20ms=0 >30ms=0 | probes=0 wrfail=0 down=0s maxout=0s
  24.987  BLASTC comp=390 exkBps=92 cgap_us[min/avg/max]=2393/2564/15412
  24.987  BLAST phy=2/2 att=390 ok=390 enomem=0 err=0 call_us[min/avg/max]=2323/2552/15400 okgap_max_us=15412
  24.987  RPT pe: events=160 mean=4.96 mode=5 max=6 | 0:1 5:159
  24.987  t=23s RTT mean=0 min=0 max=0 n=0 to=0 | cancels=0(+0/s) seqbad=0 len_bad=8691 disc=0(0x00) | tot_n=0 tot_to=0 maxever=0 >2ms=0 >5ms=0 >15ms=0 >20ms=0 >30ms=0 | probes=0 wrfail=0 down=0s maxout=0s
  26.928  BLASTC comp=385 exkBps=91 cgap_us[min/avg/max]=2390/2597/15412
  26.928  BLAST phy=2/2 att=385 ok=385 enomem=0 err=0 call_us[min/avg/max]=2301/2585/15400 okgap_max_us=15412
  26.928  t=24s RTT mean=0 min=0 max=0 n=0 to=0 | cancels=0(+0/s) seqbad=0 len_bad=9076 disc=0(0x00) | tot_n=0 tot_to=0 maxever=0 >2ms=0 >5ms=0 >15ms=0 >20ms=0 >30ms=0 | probes=0 wrfail=0 down=0s maxout=0s
  26.983  BLASTC comp=394 exkBps=93 cgap_us[min/avg/max]=2393/2538/7705
  26.983  BLAST phy=2/2 att=394 ok=394 enomem=0 err=0 call_us[min/avg/max]=2323/2526/7694 okgap_max_us=7705
  26.983  RPT pe: events=160 mean=4.95 mode=5 max=6 | 0:1 3:1 5:158
  26.983  t=25s RTT mean=0 min=0 max=0 n=0 to=0 | cancels=0(+0/s) seqbad=0 len_bad=9470 disc=0(0x00) | tot_n=0 tot_to=0 maxever=0 >2ms=0 >5ms=0 >15ms=0 >20ms=0 >30ms=0 | probes=0 wrfail=0 down=0s maxout=0s
  28.908  BLASTC comp=383 exkBps=91 cgap_us[min/avg/max]=2389/2610/12501
  28.908  BLAST phy=2/2 att=383 ok=383 enomem=0 err=0 call_us[min/avg/max]=2300/2599/12489 okgap_max_us=12501
  28.966  t=26s RTT mean=0 min=0 max=0 n=0 to=0 | cancels=0(+0/s) seqbad=0 len_bad=9853 disc=0(0x00) | tot_n=0 tot_to=0 maxever=0 >2ms=0 >5ms=0 >15ms=0 >20ms=0 >30ms=0 | probes=0 wrfail=0 down=0s maxout=0s
  28.966  BLASTC comp=392 exkBps=93 cgap_us[min/avg/max]=2388/2551/5307
  28.966  BLAST phy=2/2 att=392 ok=392 enomem=0 err=0 call_us[min/avg/max]=2323/2539/5295 okgap_max_us=5307
  28.966  RPT pe: events=160 mean=4.96 mode=5 max=6 | 1:1 3:1 5:158
  29.025  t=27s RTT mean=0 min=0 max=0 n=0 to=0 | cancels=0(+0/s) seqbad=0 len_bad=10246 disc=0(0x00) | tot_n=0 tot_to=0 maxever=0 >2ms=0 >5ms=0 >15ms=0 >20ms=0 >30ms=0 | probes=0 wrfail=0 down=0s maxout=0s
  30.921  BLASTC comp=396 exkBps=94 cgap_us[min/avg/max]=2389/2525/5307
  30.921  BLAST phy=2/2 att=396 ok=396 enomem=0 err=0 call_us[min/avg/max]=2300/2513/5295 okgap_max_us=5307
  30.981  t=28s RTT mean=0 min=0 max=0 n=0 to=0 | cancels=0(+0/s) seqbad=0 len_bad=10642 disc=0(0x00) | tot_n=0 tot_to=0 maxever=0 >2ms=0 >5ms=0 >15ms=0 >20ms=0 >30ms=0 | probes=0 wrfail=0 down=0s maxout=0s
  30.981  BLASTC comp=390 exkBps=92 cgap_us[min/avg/max]=2395/2564/15411
  30.981  BLAST phy=2/2 att=390 ok=390 enomem=0 err=0 call_us[min/avg/max]=2323/2552/15400 okgap_max_us=15412
  30.981  RPT pe: events=160 mean=4.96 mode=5 max=6 | 0:1 5:159
  30.981  t=29s RTT mean=0 min=0 max=0 n=0 to=0 | cancels=0(+0/s) seqbad=0 len_bad=11032 disc=0(0x00) | tot_n=0 tot_to=0 maxever=0 >2ms=0 >5ms=0 >15ms=0 >20ms=0 >30ms=0 | probes=0 wrfail=0 down=0s maxout=0s
  32.942  BLASTC comp=391 exkBps=93 cgap_us[min/avg/max]=2390/2557/5307
  32.942  BLAST phy=2/2 att=391 ok=391 enomem=0 err=0 call_us[min/avg/max]=2302/2545/5295 okgap_max_us=5306
  32.942  t=30s RTT mean=0 min=0 max=0 n=0 to=0 | cancels=0(+0/s) seqbad=0 len_bad=11423 disc=0(0x00) | tot_n=0 tot_to=0 maxever=0 >2ms=0 >5ms=0 >15ms=0 >20ms=0 >30ms=0 | probes=0 wrfail=0 down=0s maxout=0s
  32.942  BLASTC comp=395 exkBps=94 cgap_us[min/avg/max]=2395/2531/5307
  32.996  BLAST phy=2/2 att=395 ok=395 enomem=0 err=0 call_us[min/avg/max]=2323/2519/5295 okgap_max_us=5307
  32.996  RPT pe: events=160 mean=5.00 mode=5 max=6 | 5:160
  32.996  t=31s RTT mean=0 min=0 max=0 n=0 to=0 | cancels=0(+0/s) seqbad=0 len_bad=11818 disc=0(0x00) | tot_n=0 tot_to=0 maxever=0 >2ms=0 >5ms=0 >15ms=0 >20ms=0 >30ms=0 | probes=0 wrfail=0 down=0s maxout=0s
  34.914  BLASTC comp=387 exkBps=92 cgap_us[min/avg/max]=2391/2583/10102
  34.914  BLAST phy=2/2 att=387 ok=387 enomem=0 err=0 call_us[min/avg/max]=2302/2572/10084 okgap_max_us=10095
  34.966  t=32s RTT mean=0 min=0 max=0 n=0 to=0 | cancels=0(+0/s) seqbad=0 len_bad=12205 disc=0(0x00) | tot_n=0 tot_to=0 maxever=0 >2ms=0 >5ms=0 >15ms=0 >20ms=0 >30ms=0 | probes=0 wrfail=0 down=0s maxout=0s
  34.966  BLASTC comp=390 exkBps=92 cgap_us[min/avg/max]=2395/2564/7705
  34.966  BLAST phy=2/2 att=390 ok=390 enomem=0 err=0 call_us[min/avg/max]=2324/2552/7693 okgap_max_us=7705
  34.966  RPT pe: events=160 mean=4.96 mode=5 max=6 | 2:1 3:1 4:1 5:157
  35.025  t=33s RTT mean=0 min=0 max=0 n=0 to=0 | cancels=0(+0/s) seqbad=0 len_bad=12595 disc=0(0x00) | tot_n=0 tot_to=0 maxever=0 >2ms=0 >5ms=0 >15ms=0 >20ms=0 >30ms=0 | probes=0 wrfail=0 down=0s maxout=0s
  36.933  BLASTC comp=391 exkBps=93 cgap_us[min/avg/max]=2391/2557/5306
  36.933  BLAST phy=2/2 att=391 ok=391 enomem=0 err=0 call_us[min/avg/max]=2301/2545/5295 okgap_max_us=5307
  36.933  t=34s RTT mean=0 min=0 max=0 n=0 to=0 | cancels=0(+0/s) seqbad=0 len_bad=12986 disc=0(0x00) | tot_n=0 tot_to=0 maxever=0 >2ms=0 >5ms=0 >15ms=0 >20ms=0 >30ms=0 | probes=0 wrfail=0 down=0s maxout=0s
  36.933  BLASTC comp=396 exkBps=94 cgap_us[min/avg/max]=2393/2525/4793
  36.993  BLAST phy=2/2 att=396 ok=396 enomem=0 err=0 call_us[min/avg/max]=2324/2513/4782 okgap_max_us=4793
  36.993  RPT pe: events=161 mean=4.97 mode=5 max=6 | 1:1 5:160
  36.993  t=35s RTT mean=0 min=0 max=0 n=0 to=0 | cancels=0(+0/s) seqbad=0 len_bad=13380 disc=0(0x00) | tot_n=0 tot_to=0 maxever=0 >2ms=0 >5ms=0 >15ms=0 >20ms=0 >30ms=0 | probes=0 wrfail=0 down=0s maxout=0s
  38.908  BLASTC comp=387 exkBps=92 cgap_us[min/avg/max]=2395/2583/12494
  38.908  BLAST phy=2/2 att=387 ok=387 enomem=0 err=0 call_us[min/avg/max]=2383/2571/12412 okgap_max_us=12423
  38.964  t=36s RTT mean=0 min=0 max=0 n=0 to=0 | cancels=0(+0/s) seqbad=0 len_bad=13769 disc=0(0x00) | tot_n=0 tot_to=0 maxever=0 >2ms=0 >5ms=0 >15ms=0 >20ms=0 >30ms=0 | probes=0 wrfail=0 down=0s maxout=0s
  38.964  BLASTC comp=391 exkBps=93 cgap_us[min/avg/max]=2393/2557/5308
  38.964  BLAST phy=2/2 att=391 ok=391 enomem=0 err=0 call_us[min/avg/max]=2324/2545/5296 okgap_max_us=5308
  38.964  RPT pe: events=159 mean=4.99 mode=5 max=6 | 4:1 5:158
  39.022  t=37s RTT mean=0 min=0 max=0 n=0 to=0 | cancels=0(+0/s) seqbad=0 len_bad=14160 disc=0(0x00) | tot_n=0 tot_to=0 maxever=0 >2ms=0 >5ms=0 >15ms=0 >20ms=0 >30ms=0 | probes=0 wrfail=0 down=0s maxout=0s
  40.943  BLASTC comp=391 exkBps=93 cgap_us[min/avg/max]=2391/2557/5307
  40.943  BLAST phy=2/2 att=391 ok=391 enomem=0 err=0 call_us[min/avg/max]=2301/2545/5295 okgap_max_us=5307
  40.943  t=38s RTT mean=0 min=0 max=0 n=0 to=0 | cancels=0(+0/s) seqbad=0 len_bad=14551 disc=0(0x00) | tot_n=0 tot_to=0 maxever=0 >2ms=0 >5ms=0 >15ms=0 >20ms=0 >30ms=0 | probes=0 wrfail=0 down=0s maxout=0s
  40.943  BLASTC comp=394 exkBps=93 cgap_us[min/avg/max]=2393/2538/4793
  40.943  BLAST phy=2/2 att=394 ok=394 enomem=0 err=0 call_us[min/avg/max]=2324/2526/4781 okgap_max_us=4793
  40.995  RPT pe: events=160 mean=5.00 mode=5 max=6 | 5:160
  40.995  t=39s RTT mean=0 min=0 max=0 n=0 to=0 | cancels=0(+0/s) seqbad=0 len_bad=14945 disc=0(0x00) | tot_n=0 tot_to=0 maxever=0 >2ms=0 >5ms=0 >15ms=0 >20ms=0 >30ms=0 | probes=0 wrfail=0 down=0s maxout=0s
  42.929  BLASTC comp=391 exkBps=93 cgap_us[min/avg/max]=2391/2557/5310
  42.929  BLAST phy=2/2 att=391 ok=391 enomem=0 err=0 call_us[min/avg/max]=2302/2545/5298 okgap_max_us=5309
  42.929  t=40s RTT mean=0 min=0 max=0 n=0 to=0 | cancels=0(+0/s) seqbad=0 len_bad=15336 disc=0(0x00) | tot_n=0 tot_to=0 maxever=0 >2ms=0 >5ms=0 >15ms=0 >20ms=0 >30ms=0 | probes=0 wrfail=0 down=0s maxout=0s
  42.983  BLASTC comp=399 exkBps=95 cgap_us[min/avg/max]=2393/2506/4793
  42.983  BLAST phy=2/2 att=399 ok=399 enomem=0 err=0 call_us[min/avg/max]=2324/2494/4781 okgap_max_us=4793
  42.983  RPT pe: events=160 mean=5.00 mode=5 max=6 | 5:160
  42.983  t=41s RTT mean=0 min=0 max=0 n=0 to=0 | cancels=0(+0/s) seqbad=0 len_bad=15735 disc=0(0x00) | tot_n=0 tot_to=0 maxever=0 >2ms=0 >5ms=0 >15ms=0 >20ms=0 >30ms=0 | probes=0 wrfail=0 down=0s maxout=0s
  44.939  BLASTC comp=392 exkBps=93 cgap_us[min/avg/max]=2390/2551/5309
  44.939  BLAST phy=2/2 att=392 ok=392 enomem=0 err=0 call_us[min/avg/max]=2300/2539/5297 okgap_max_us=5309
  44.939  t=42s RTT mean=0 min=0 max=0 n=0 to=0 | cancels=0(+0/s) seqbad=0 len_bad=16128 disc=0(0x00) | tot_n=0 tot_to=0 maxever=0 >2ms=0 >5ms=0 >15ms=0 >20ms=0 >30ms=0 | probes=0 wrfail=0 down=0s maxout=0s
  44.939  BLASTC comp=396 exkBps=94 cgap_us[min/avg/max]=2386/2525/5304
  45.000  BLAST phy=2/2 att=396 ok=396 enomem=0 err=0 call_us[min/avg/max]=2278/2513/5292 okgap_max_us=5304
  45.000  RPT pe: events=160 mean=5.00 mode=5 max=6 | 5:160
  45.000  t=43s RTT mean=0 min=0 max=0 n=0 to=0 | cancels=0(+0/s) seqbad=0 len_bad=16524 disc=0(0x00) | tot_n=0 tot_to=0 maxever=0 >2ms=0 >5ms=0 >15ms=0 >20ms=0 >30ms=0 | probes=0 wrfail=0 down=0s maxout=0s
