   0.915  CENRX cum_total=5255028 B
   1.909  CENRX cum_total=5332376 B
   2.903  CENRX cum_total=5332376 B
   3.883  CENRX cum_total=5332376 B
   4.807  RPT occ: (SDC no-occ) fsu=65 | sender: sent=10949(+1486 SDU) eagain=0(+0) poolfail=0(+0)
   4.919  CENRX cum_total=5332376 B
   5.569  L2CAP disconnected
   5.629  GAP disconnected 0x08
   5.629  scan start rc=0
   5.629  found D6:C7:60:B1:D3:0E (random) (rssi -32), connecting
   5.629  GAP connected
   5.629  phy req rc=0
   5.690  DLE: tx_max=251 rx_max=251
   5.690  l2cap_chan_connect rc=0
   5.798  L2CAP connected: tx.mtu=512 tx.mps=247 tx.credits=0 rx.mtu=512 rx.mps=247
   5.798  GATE conn: interval=20 (units 1.25ms) => 25.00 ms
   5.798  Q3FSU-REQ role=C auto min=52 max=52 phys=0x2 rc=0
   5.918  PHY: tx=2 rx=2 (2=2M)
   5.918  dle req rc=0
   5.918  CENRX cum_total=5334084 B
   6.030  Q3FSU-DONE role=C status=0x00 spacing=65 types=0x3 phys=0x2 initiator=0
   6.134  blasting 480-byte SDUs...
   6.888  CENRX cum_total=5422656 B
   7.910  CENRX cum_total=5529772 B
   8.930  CENRX cum_total=5633960 B
   9.920  CENRX cum_total=5741076 B
  10.906  CENRX cum_total=5848192 B
  11.898  CENRX cum_total=5955064 B
  12.914  CENRX cum_total=6060716 B
  13.913  CENRX cum_total=6167588 B
  14.832  RPT occ: (SDC no-occ) fsu=65 | sender: sent=12862(+1913 SDU) eagain=0(+0) poolfail=0(+0)
  14.952  CENRX cum_total=6274460 B
  15.962  CENRX cum_total=6381820 B
  16.935  CENRX cum_total=6488692 B
  17.922  CENRX cum_total=6595564 B
  18.957  CENRX cum_total=6702680 B
  19.945  CENRX cum_total=6809552 B
  20.919  CENRX cum_total=6916668 B
  21.975  CENRX cum_total=7023784 B
  22.950  CENRX cum_total=7130656 B
  23.934  CENRX cum_total=7237528 B
  24.850  RPT occ: (SDC no-occ) fsu=65 | sender: sent=15054(+2192 SDU) eagain=0(+0) poolfail=0(+0)
  24.964  CENRX cum_total=7344644 B
  25.938  CENRX cum_total=7451516 B
  26.975  CENRX cum_total=7558632 B
  27.948  CENRX cum_total=7665748 B
  28.961  CENRX cum_total=7772620 B
  29.957  CENRX cum_total=7879492 B
  30.985  CENRX cum_total=7986608 B
  31.961  CENRX cum_total=8093480 B
  32.990  CENRX cum_total=8200596 B
  33.998  CENRX cum_total=8307468 B
  34.855  RPT occ: (SDC no-occ) fsu=65 | sender: sent=17243(+2189 SDU) eagain=0(+0) poolfail=0(+0)
  34.967  CENRX cum_total=8414584 B
  36.009  CENRX cum_total=8521456 B
  36.986  CENRX cum_total=8628572 B
  38.005  CENRX cum_total=8734468 B
  38.987  CENRX cum_total=8841340 B
  39.970  CENRX cum_total=8948212 B
