   0.917  CENRX cum_total=4906596 B
   1.919  CENRX cum_total=4974672 B
   2.910  CENRX cum_total=4974672 B
   3.951  CENRX cum_total=4974672 B
   4.815  RPT occ: (SDC no-occ) fsu=65 | sender: sent=10132(+1364 SDU) eagain=0(+0) poolfail=0(+0)
   4.936  CENRX cum_total=4974672 B
   5.622  L2CAP disconnected
   5.622  GAP disconnected 0x08
   5.622  scan start rc=0
   5.622  found D6:C7:60:B1:D3:0E (random) (rssi -30), connecting
   5.679  GAP connected
   5.679  phy req rc=0
   5.738  DLE: tx_max=251 rx_max=251
   5.739  l2cap_chan_connect rc=0
   5.799  L2CAP connected: tx.mtu=512 tx.mps=247 tx.credits=0 rx.mtu=512 rx.mps=247
   5.799  GATE conn: interval=12 (units 1.25ms) => 15.00 ms
   5.799  Q3FSU-REQ role=C auto min=52 max=52 phys=0x2 rc=0
   5.799  PHY: tx=2 rx=2 (2=2M)
   5.859  dle req rc=0
   5.914  Q3FSU-DONE role=C status=0x00 spacing=65 types=0x3 phys=0x2 initiator=0
   5.914  CENRX cum_total=4976136 B
   6.086  blasting 480-byte SDUs...
   6.966  CENRX cum_total=5084960 B
   7.939  CENRX cum_total=5183292 B
   8.928  CENRX cum_total=5281868 B
   9.980  CENRX cum_total=5379956 B
  10.945  CENRX cum_total=5478044 B
  11.974  CENRX cum_total=5576376 B
  12.949  CENRX cum_total=5674952 B
  13.972  CENRX cum_total=5773040 B
  14.833  RPT occ: (SDC no-occ) fsu=65 | sender: sent=11913(+1781 SDU) eagain=0(+0) poolfail=0(+0)
  14.953  CENRX cum_total=5871372 B
  15.947  CENRX cum_total=5969704 B
  16.972  CENRX cum_total=6067792 B
  17.951  CENRX cum_total=6165148 B
  18.950  CENRX cum_total=6262992 B
  19.992  CENRX cum_total=6361080 B
  20.976  CENRX cum_total=6459656 B
  22.010  CENRX cum_total=6557988 B
  23.003  CENRX cum_total=6656320 B
  23.967  CENRX cum_total=6754652 B
  24.835  RPT occ: (SDC no-occ) fsu=65 | sender: sent=13922(+2009 SDU) eagain=0(+0) poolfail=0(+0)
  25.015  CENRX cum_total=6852984 B
  25.996  CENRX cum_total=6951316 B
  27.009  CENRX cum_total=7049648 B
  27.973  CENRX cum_total=7147980 B
  29.011  CENRX cum_total=7246312 B
  29.979  CENRX cum_total=7344644 B
  30.977  CENRX cum_total=7442976 B
  32.016  CENRX cum_total=7541308 B
  32.982  CENRX cum_total=7639640 B
  34.037  CENRX cum_total=7737728 B
  34.854  RPT occ: (SDC no-occ) fsu=65 | sender: sent=15933(+2011 SDU) eagain=0(+0) poolfail=0(+0)
  35.024  CENRX cum_total=7836060 B
  36.001  CENRX cum_total=7934392 B
  37.027  CENRX cum_total=8032724 B
  38.016  CENRX cum_total=8131056 B
  39.027  CENRX cum_total=8229388 B
