   0.865  CENRX cum_total=1469856 B
   1.866  CENRX cum_total=1546228 B
   2.866  CENRX cum_total=1546228 B
   3.883  CENRX cum_total=1546228 B
   4.839  RPT occ: (SDC no-occ) fsu=65 | sender: sent=3180(+1476 SDU) eagain=0(+0) poolfail=0(+0)
   4.898  CENRX cum_total=1546228 B
   5.582  L2CAP disconnected
   5.583  GAP disconnected 0x08
   5.583  scan start rc=0
   5.583  found D6:C7:60:B1:D3:0E (random) (rssi -30), connecting
   5.633  GAP connected
   5.633  phy req rc=0
   5.691  DLE: tx_max=251 rx_max=251
   5.692  l2cap_chan_connect rc=0
   5.812  L2CAP connected: tx.mtu=512 tx.mps=247 tx.credits=0 rx.mtu=512 rx.mps=247
   5.812  GATE conn: interval=20 (units 1.25ms) => 25.00 ms
   5.812  Q3FSU-REQ role=C auto min=52 max=52 phys=0x2 rc=0
   5.872  PHY: tx=2 rx=2 (2=2M)
   5.873  dle req rc=0
   5.873  CENRX cum_total=1547936 B
   6.052  Q3FSU-DONE role=C status=0x00 spacing=65 types=0x3 phys=0x2 initiator=0
   6.113  blasting 480-byte SDUs...
   6.897  CENRX cum_total=1636996 B
   7.905  CENRX cum_total=1744112 B
   8.893  CENRX cum_total=1851228 B
   9.919  CENRX cum_total=1957612 B
  10.891  CENRX cum_total=2062044 B
  11.938  CENRX cum_total=2167696 B
  12.936  CENRX cum_total=2274568 B
  13.903  CENRX cum_total=2380952 B
  14.883  RPT occ: (SDC no-occ) fsu=65 | sender: sent=5109(+1929 SDU) eagain=0(+0) poolfail=0(+0)
  14.939  CENRX cum_total=2487824 B
  15.904  CENRX cum_total=2594940 B
  16.932  CENRX cum_total=2702056 B
  17.922  CENRX cum_total=2808928 B
  18.905  CENRX cum_total=2915800 B
  19.927  CENRX cum_total=3022916 B
  20.919  CENRX cum_total=3127836 B
  21.946  CENRX cum_total=3234708 B
  22.936  CENRX cum_total=3341336 B
  23.960  CENRX cum_total=3447476 B
  24.872  RPT occ: (SDC no-occ) fsu=65 | sender: sent=7286(+2177 SDU) eagain=0(+0) poolfail=0(+0)
  24.931  CENRX cum_total=3554592 B
  25.931  CENRX cum_total=3661464 B
  26.978  CENRX cum_total=3768336 B
  27.968  CENRX cum_total=3875452 B
  28.951  CENRX cum_total=3982324 B
  29.928  CENRX cum_total=4089196 B
  30.966  CENRX cum_total=4196312 B
  31.966  CENRX cum_total=4303184 B
  32.960  CENRX cum_total=4409080 B
  33.958  CENRX cum_total=4515464 B
  34.900  RPT occ: (SDC no-occ) fsu=65 | sender: sent=9474(+2188 SDU) eagain=0(+0) poolfail=0(+0)
  34.955  CENRX cum_total=4621116 B
  35.940  CENRX cum_total=4728232 B
  36.980  CENRX cum_total=4833640 B
  37.979  CENRX cum_total=4939292 B
  38.990  CENRX cum_total=5046164 B
  39.973  CENRX cum_total=5153036 B
