   0.809  SINK rx: 92 KB/s (94795 B / 1000 ms) fsu=0 | cum_total=1284966 B cum_segs=5355 | UP sent=18975 eagain=0 lasterr=-128 txcred=36 host_pulls=0
   1.724  *** Booting nRF Connect SDK v3.4.0-99553055607b ***
   1.724  *** Using Zephyr OS v4.4.0-bf801e4e3d19 ***
   1.724  
   1.724  === nRF52 L2CAP CoC SINK (Zephyr 4.4.1, seg_recv) ===
   1.724  L2CAP server on PSM 0x0080
   1.724  Advertising as 'zenoh-nrf-l2cap'
   5.673  GAP connected: interval=20
   5.727  DLE updated: tx_max=251 rx_max=251
   5.780  CoC up — seg_recv sink ready (RX_CREDITS=64, MPS=247)
   5.892  PHY updated: tx=2 rx=2
   6.756  SINK rx: 56 KB/s (57371 B / 1000 ms) fsu=0 | cum_total=57371 B cum_segs=240 | UP sent=348 eagain=0 lasterr=0 txcred=26 host_pulls=0
   7.774  SINK rx: 94 KB/s (96715 B / 1000 ms) fsu=0 | cum_total=154086 B cum_segs=643 | UP sent=751 eagain=0 lasterr=0 txcred=33 host_pulls=0
   8.764  SINK rx: 94 KB/s (96480 B / 1000 ms) fsu=0 | cum_total=250566 B cum_segs=1045 | UP sent=1152 eagain=0 lasterr=0 txcred=1 host_pulls=0
   9.806  SINK rx: 94 KB/s (96480 B / 1000 ms) fsu=0 | cum_total=347046 B cum_segs=1447 | UP sent=1554 eagain=0 lasterr=0 txcred=9 host_pulls=0
  10.821  SINK rx: 94 KB/s (96480 B / 1000 ms) fsu=0 | cum_total=443526 B cum_segs=1849 | UP sent=1956 eagain=0 lasterr=0 txcred=17 host_pulls=0
  11.792  SINK rx: 92 KB/s (95040 B / 1000 ms) fsu=0 | cum_total=538566 B cum_segs=2245 | UP sent=2353 eagain=0 lasterr=0 txcred=30 host_pulls=0
  12.792  SINK rx: 94 KB/s (96480 B / 1000 ms) fsu=0 | cum_total=635046 B cum_segs=2647 | UP sent=2752 eagain=0 lasterr=0 txcred=0 host_pulls=0
  13.844  SINK rx: 92 KB/s (94325 B / 1000 ms) fsu=0 | cum_total=729371 B cum_segs=3040 | UP sent=3147 eagain=0 lasterr=0 txcred=15 host_pulls=0
  14.825  SINK rx: 92 KB/s (94795 B / 1000 ms) fsu=0 | cum_total=824166 B cum_segs=3435 | UP sent=3543 eagain=0 lasterr=0 txcred=29 host_pulls=0
  15.872  SINK rx: 94 KB/s (96480 B / 1000 ms) fsu=0 | cum_total=920646 B cum_segs=3837 | UP sent=3945 eagain=0 lasterr=0 txcred=37 host_pulls=0
  16.892  SINK rx: 93 KB/s (95285 B / 1000 ms) fsu=0 | cum_total=1015931 B cum_segs=4234 | UP sent=4341 eagain=0 lasterr=0 txcred=10 host_pulls=0
  17.871  SINK rx: 92 KB/s (94560 B / 1000 ms) fsu=0 | cum_total=1110491 B cum_segs=4628 | UP sent=4736 eagain=0 lasterr=0 txcred=25 host_pulls=0
  18.906  SINK rx: 94 KB/s (96480 B / 1000 ms) fsu=0 | cum_total=1206971 B cum_segs=5030 | UP sent=5138 eagain=0 lasterr=0 txcred=33 host_pulls=0
  19.896  SINK rx: 94 KB/s (96960 B / 1000 ms) fsu=0 | cum_total=1303931 B cum_segs=5434 | UP sent=5540 eagain=0 lasterr=0 txcred=0 host_pulls=0
  20.896  SINK rx: 94 KB/s (96480 B / 1000 ms) fsu=0 | cum_total=1400411 B cum_segs=5836 | UP sent=5943 eagain=0 lasterr=0 txcred=7 host_pulls=0
  21.942  SINK rx: 94 KB/s (96480 B / 1000 ms) fsu=0 | cum_total=1496891 B cum_segs=6238 | UP sent=6345 eagain=0 lasterr=0 txcred=15 host_pulls=0
  22.932  SINK rx: 94 KB/s (96715 B / 1000 ms) fsu=0 | cum_total=1593606 B cum_segs=6641 | UP sent=6749 eagain=0 lasterr=0 txcred=21 host_pulls=0
  23.992  SINK rx: 93 KB/s (96245 B / 1000 ms) fsu=0 | cum_total=1689851 B cum_segs=7042 | UP sent=7150 eagain=0 lasterr=0 txcred=30 host_pulls=0
  24.990  SINK rx: 92 KB/s (94795 B / 1000 ms) fsu=0 | cum_total=1784646 B cum_segs=7437 | UP sent=7544 eagain=0 lasterr=0 txcred=5 host_pulls=0
  26.009  SINK rx: 94 KB/s (96725 B / 1000 ms) fsu=0 | cum_total=1881371 B cum_segs=7840 | UP sent=7947 eagain=0 lasterr=0 txcred=12 host_pulls=0
  27.026  SINK rx: 93 KB/s (95520 B / 1000 ms) fsu=0 | cum_total=1976891 B cum_segs=8238 | UP sent=8346 eagain=0 lasterr=0 txcred=23 host_pulls=0
  28.011  SINK rx: 93 KB/s (95275 B / 1000 ms) fsu=0 | cum_total=2072166 B cum_segs=8635 | UP sent=8743 eagain=0 lasterr=0 txcred=36 host_pulls=0
  29.026  SINK rx: 94 KB/s (96725 B / 1000 ms) fsu=0 | cum_total=2168891 B cum_segs=9038 | UP sent=9145 eagain=0 lasterr=0 txcred=3 host_pulls=0
  30.036  SINK rx: 93 KB/s (95520 B / 1000 ms) fsu=0 | cum_total=2264411 B cum_segs=9436 | UP sent=9543 eagain=0 lasterr=0 txcred=15 host_pulls=0
  31.042  SINK rx: 93 KB/s (96235 B / 1000 ms) fsu=0 | cum_total=2360646 B cum_segs=9837 | UP sent=9945 eagain=0 lasterr=0 txcred=23 host_pulls=0
  32.082  SINK rx: 91 KB/s (94080 B / 1000 ms) fsu=0 | cum_total=2454726 B cum_segs=10229 | UP sent=10336 eagain=0 lasterr=0 txcred=1 host_pulls=0
  33.057  SINK rx: 91 KB/s (94080 B / 1000 ms) fsu=0 | cum_total=2548806 B cum_segs=10621 | UP sent=10728 eagain=0 lasterr=0 txcred=19 host_pulls=0
  34.068  SINK rx: 94 KB/s (96960 B / 1000 ms) fsu=0 | cum_total=2645766 B cum_segs=11025 | UP sent=11133 eagain=0 lasterr=0 txcred=24 host_pulls=0
  35.113  SINK rx: 93 KB/s (95520 B / 1000 ms) fsu=0 | cum_total=2741286 B cum_segs=11423 | UP sent=11531 eagain=0 lasterr=0 txcred=36 host_pulls=0
  36.126  SINK rx: 93 KB/s (96245 B / 1000 ms) fsu=0 | cum_total=2837531 B cum_segs=11824 | UP sent=11931 eagain=0 lasterr=0 txcred=5 host_pulls=0
  37.121  SINK rx: 94 KB/s (96960 B / 1000 ms) fsu=0 | cum_total=2934491 B cum_segs=12228 | UP sent=12335 eagain=0 lasterr=0 txcred=11 host_pulls=0
  38.147  SINK rx: 94 KB/s (96480 B / 1000 ms) fsu=0 | cum_total=3030971 B cum_segs=12630 | UP sent=12737 eagain=0 lasterr=0 txcred=19 host_pulls=0
  39.166  SINK rx: 92 KB/s (94795 B / 1000 ms) fsu=0 | cum_total=3125766 B cum_segs=13025 | UP sent=13133 eagain=0 lasterr=0 txcred=33 host_pulls=0
