   0.960  CENRX cum_total=1380064 B
   2.001  CENRX cum_total=1442040 B
   2.993  CENRX cum_total=1442040 B
   3.979  CENRX cum_total=1442040 B
   4.963  RPT occ: (SDC no-occ) fsu=65 | sender: sent=2926(+1341 SDU) eagain=0(+0) poolfail=0(+0)
   4.963  CENRX cum_total=1442040 B
   5.598  L2CAP disconnected
   5.598  GAP disconnected 0x08
   5.598  scan start rc=0
   5.658  found D6:C7:60:B1:D3:0E (random) (rssi -32), connecting
   5.658  GAP connected
   5.658  phy req rc=0
   5.709  DLE: tx_max=251 rx_max=251
   5.709  l2cap_chan_connect rc=0
   5.769  L2CAP connected: tx.mtu=512 tx.mps=247 tx.credits=0 rx.mtu=512 rx.mps=247
   5.770  GATE conn: interval=12 (units 1.25ms) => 15.00 ms
   5.770  Q3FSU-REQ role=C auto min=52 max=52 phys=0x2 rc=0
   5.822  PHY: tx=2 rx=2 (2=2M)
   5.822  dle req rc=0
   5.882  Q3FSU-DONE role=C status=0x00 spacing=65 types=0x3 phys=0x2 initiator=0
   5.993  CENRX cum_total=1454484 B
   6.053  blasting 480-byte SDUs...
   6.991  CENRX cum_total=1559404 B
   7.974  CENRX cum_total=1657736 B
   9.009  CENRX cum_total=1756068 B
   9.994  CENRX cum_total=1854156 B
  11.036  CENRX cum_total=1952732 B
  12.010  CENRX cum_total=2051064 B
  13.039  CENRX cum_total=2149396 B
  14.021  CENRX cum_total=2247728 B
  14.993  RPT occ: (SDC no-occ) fsu=65 | sender: sent=4736(+1810 SDU) eagain=0(+0) poolfail=0(+0)
  14.994  CENRX cum_total=2346060 B
  16.042  CENRX cum_total=2444392 B
  17.004  CENRX cum_total=2542724 B
  18.034  CENRX cum_total=2641300 B
  19.034  CENRX cum_total=2739632 B
  20.009  CENRX cum_total=2837964 B
  21.034  CENRX cum_total=2936296 B
  22.049  CENRX cum_total=3034628 B
  23.036  CENRX cum_total=3132960 B
  24.023  CENRX cum_total=3231292 B
  24.958  RPT occ: (SDC no-occ) fsu=65 | sender: sent=6745(+2009 SDU) eagain=0(+0) poolfail=0(+0)
  25.066  CENRX cum_total=3329868 B
  26.053  CENRX cum_total=3427956 B
  27.036  CENRX cum_total=3526288 B
  28.080  CENRX cum_total=3624620 B
  29.044  CENRX cum_total=3723196 B
  30.068  CENRX cum_total=3821528 B
  31.051  CENRX cum_total=3919860 B
  32.088  CENRX cum_total=4018192 B
  33.079  CENRX cum_total=4116524 B
  34.064  CENRX cum_total=4214612 B
  34.984  RPT occ: (SDC no-occ) fsu=65 | sender: sent=8754(+2009 SDU) eagain=0(+0) poolfail=0(+0)
  35.095  CENRX cum_total=4312944 B
  36.084  CENRX cum_total=4411276 B
  37.068  CENRX cum_total=4509608 B
  38.086  CENRX cum_total=4607940 B
  39.059  CENRX cum_total=4706272 B
