   0.869  CENRX cum_total=1512800 B
   1.900  CENRX cum_total=1581608 B
   2.888  CENRX cum_total=1581608 B
   3.892  CENRX cum_total=1581608 B
   4.847  RPT occ: (SDC no-occ) fsu=150 | sender: sent=3203(+1317 SDU) eagain=0(+0) poolfail=0(+0)
   4.907  CENRX cum_total=1581608 B
   5.589  L2CAP disconnected
   5.589  GAP disconnected 0x08
   5.589  scan start rc=0
   5.649  found D6:C7:60:B1:D3:0E (random) (rssi -30), connecting
   5.649  GAP connected
   5.649  phy req rc=0
   5.706  DLE: tx_max=251 rx_max=251
   5.706  l2cap_chan_connect rc=0
   5.706  L2CAP connected: tx.mtu=512 tx.mps=247 tx.credits=0 rx.mtu=512 rx.mps=247
   5.706  GATE conn: interval=6 (units 1.25ms) => 7.50 ms
   5.706  Q3FSU-REQ role=C auto min=150 max=150 phys=0x2 rc=0
   5.758  PHY: tx=2 rx=2 (2=2M)
   5.758  dle req rc=0
   5.818  Q3FSU-DONE role=C status=0x00 spacing=150 types=0x0 phys=0x0 initiator=0
   5.932  CENRX cum_total=1595272 B
   6.044  blasting 480-byte SDUs...
   6.901  CENRX cum_total=1695800 B
   7.911  CENRX cum_total=1791204 B
   8.911  CENRX cum_total=1886852 B
   9.936  CENRX cum_total=1982256 B
  10.907  CENRX cum_total=2077416 B
  11.908  CENRX cum_total=2172332 B
  12.934  CENRX cum_total=2267736 B
  13.930  CENRX cum_total=2363384 B
  14.852  RPT occ: (SDC no-occ) fsu=150 | sender: sent=4951(+1748 SDU) eagain=0(+0) poolfail=0(+0)
  14.908  CENRX cum_total=2458788 B
  15.932  CENRX cum_total=2554436 B
  16.904  CENRX cum_total=2649840 B
  17.953  CENRX cum_total=2745488 B
  18.908  CENRX cum_total=2840892 B
  19.949  CENRX cum_total=2936540 B
  20.942  CENRX cum_total=3031944 B
  21.952  CENRX cum_total=3127592 B
  22.944  CENRX cum_total=3222996 B
  23.936  CENRX cum_total=3318400 B
  24.858  RPT occ: (SDC no-occ) fsu=150 | sender: sent=6899(+1948 SDU) eagain=0(+0) poolfail=0(+0)
  24.978  CENRX cum_total=3413804 B
  25.931  CENRX cum_total=3508720 B
  26.965  CENRX cum_total=3604368 B
  27.991  CENRX cum_total=3699772 B
  28.967  CENRX cum_total=3794444 B
  29.989  CENRX cum_total=3889848 B
  30.983  CENRX cum_total=3985496 B
  31.984  CENRX cum_total=4080900 B
  32.958  CENRX cum_total=4176548 B
  33.968  CENRX cum_total=4271708 B
  34.882  RPT occ: (SDC no-occ) fsu=150 | sender: sent=8855(+1956 SDU) eagain=0(+0) poolfail=0(+0)
  35.002  CENRX cum_total=4366868 B
  36.001  CENRX cum_total=4462028 B
  36.991  CENRX cum_total=4556456 B
  37.984  CENRX cum_total=4650396 B
  38.966  CENRX cum_total=4745800 B
