   0.923  CENRX cum_total=1348100 B
   1.899  CENRX cum_total=1415688 B
   2.874  CENRX cum_total=1415688 B
   3.921  CENRX cum_total=1415688 B
   4.876  RPT occ: (SDC no-occ) fsu=65 | sender: sent=2846(+1311 SDU) eagain=0(+0) poolfail=0(+0)
   4.936  CENRX cum_total=1415688 B
   5.626  L2CAP disconnected
   5.626  GAP disconnected 0x08
   5.626  scan start rc=0
   5.626  found D6:C7:60:B1:D3:0E (random) (rssi -31), connecting
   5.686  GAP connected
   5.686  phy req rc=0
   5.686  DLE: tx_max=251 rx_max=251
   5.686  l2cap_chan_connect rc=0
   5.746  L2CAP connected: tx.mtu=512 tx.mps=247 tx.credits=0 rx.mtu=512 rx.mps=247
   5.747  GATE conn: interval=6 (units 1.25ms) => 7.50 ms
   5.747  Q3FSU-REQ role=C auto min=52 max=52 phys=0x2 rc=0
   5.747  PHY: tx=2 rx=2 (2=2M)
   5.747  dle req rc=0
   5.807  Q3FSU-DONE role=C status=0x00 spacing=65 types=0x3 phys=0x2 initiator=0
   5.921  CENRX cum_total=1431548 B
   6.037  blasting 480-byte SDUs...
   6.913  CENRX cum_total=1536956 B
   7.907  CENRX cum_total=1630896 B
   8.902  CENRX cum_total=1725568 B
   9.941  CENRX cum_total=1819508 B
  10.917  CENRX cum_total=1913692 B
  11.942  CENRX cum_total=2008608 B
  12.926  CENRX cum_total=2101572 B
  13.918  CENRX cum_total=2195512 B
  14.890  RPT occ: (SDC no-occ) fsu=65 | sender: sent=4574(+1728 SDU) eagain=0(+0) poolfail=0(+0)
  14.948  CENRX cum_total=2290916 B
  15.936  CENRX cum_total=2385588 B
  16.908  CENRX cum_total=2480992 B
  17.921  CENRX cum_total=2575908 B
  18.949  CENRX cum_total=2670336 B
  19.940  CENRX cum_total=2765740 B
  20.967  CENRX cum_total=2861144 B
  21.966  CENRX cum_total=2956792 B
  22.952  CENRX cum_total=3052196 B
  23.976  CENRX cum_total=3147844 B
  24.920  RPT occ: (SDC no-occ) fsu=65 | sender: sent=6522(+1948 SDU) eagain=0(+0) poolfail=0(+0)
  24.999  CENRX cum_total=3243248 B
  25.949  CENRX cum_total=3338408 B
  26.970  CENRX cum_total=3433812 B
  27.942  CENRX cum_total=3529460 B
  28.971  CENRX cum_total=3624864 B
  29.963  CENRX cum_total=3720268 B
  31.002  CENRX cum_total=3815916 B
  31.986  CENRX cum_total=3911320 B
  32.979  CENRX cum_total=4006968 B
  33.964  CENRX cum_total=4102372 B
  34.892  RPT occ: (SDC no-occ) fsu=65 | sender: sent=8469(+1947 SDU) eagain=0(+0) poolfail=0(+0)
  35.009  CENRX cum_total=4198020 B
  35.976  CENRX cum_total=4293424 B
  36.982  CENRX cum_total=4389072 B
  38.013  CENRX cum_total=4484476 B
  38.986  CENRX cum_total=4580124 B
  39.992  CENRX cum_total=4675528 B
