   0.769  SINK rx: 92 KB/s (94795 B / 1000 ms) fsu=65 | cum_total=1287366 B cum_segs=5365 | UP sent=19143 eagain=0 lasterr=-128 txcred=14 host_pulls=0
   1.736  *** Booting nRF Connect SDK v3.4.0-99553055607b ***
   1.736  *** Using Zephyr OS v4.4.0-bf801e4e3d19 ***
   1.736  
   1.737  === nRF52 L2CAP CoC SINK (Zephyr 4.4.1, seg_recv) ===
   1.737  L2CAP server on PSM 0x0080
   1.737  Advertising as 'zenoh-nrf-l2cap'
   5.684  GAP connected: interval=6
   5.684  DLE updated: tx_max=251 rx_max=251
   5.684  CoC up — seg_recv sink ready (RX_CREDITS=64, MPS=247)
   5.744  SINK rx: 0 KB/s (0 B / 1000 ms) fsu=0 | cum_total=0 B cum_segs=0 | UP sent=0 eagain=0 lasterr=0 txcred=64 hPHY updated: tx=2 rx=2
   5.744  ost_pulls=0
   5.803  Q3FSU-DONE role=P status=0x00 spacing=65 types=0x3 phys=0x2 initiator=2
   6.729  SINK rx: 65 KB/s (66971 B / 1000 ms) fsu=65 | cum_total=66971 B cum_segs=280 | UP sent=520 eagain=0 lasterr=0 txcred=17 host_pulls=0
   7.769  SINK rx: 92 KB/s (95040 B / 1000 ms) fsu=65 | cum_total=162011 B cum_segs=676 | UP sent=907 eagain=0 lasterr=0 txcred=0 host_pulls=0
   8.787  SINK rx: 92 KB/s (94795 B / 1000 ms) fsu=65 | cum_total=256806 B cum_segs=1071 | UP sent=1311 eagain=0 lasterr=0 txcred=6 host_pulls=0
   9.818  SINK rx: 92 KB/s (94805 B / 1000 ms) fsu=65 | cum_total=351611 B cum_segs=1466 | UP sent=1707 eagain=0 lasterr=0 txcred=20 host_pulls=0
  10.809  SINK rx: 92 KB/s (95040 B / 1000 ms) fsu=65 | cum_total=446651 B cum_segs=1862 | UP sent=2096 eagain=0 lasterr=0 txcred=0 host_pulls=0
  11.820  SINK rx: 92 KB/s (94795 B / 1000 ms) fsu=65 | cum_total=541446 B cum_segs=2257 | UP sent=2497 eagain=0 lasterr=0 txcred=9 host_pulls=0
  12.836  SINK rx: 92 KB/s (95040 B / 1000 ms) fsu=65 | cum_total=636486 B cum_segs=2653 | UP sent=2894 eagain=0 lasterr=0 txcred=22 host_pulls=0
  13.852  SINK rx: 92 KB/s (95040 B / 1000 ms) fsu=65 | cum_total=731526 B cum_segs=3049 | UP sent=3285 eagain=0 lasterr=0 txcred=0 host_pulls=0
  14.833  SINK rx: 92 KB/s (94805 B / 1000 ms) fsu=65 | cum_total=826331 B cum_segs=3444 | UP sent=3685 eagain=0 lasterr=0 txcred=10 host_pulls=0
  15.866  SINK rx: 92 KB/s (94795 B / 1000 ms) fsu=65 | cum_total=921126 B cum_segs=3839 | UP sent=4080 eagain=0 lasterr=0 txcred=25 host_pulls=0
  16.897  SINK rx: 93 KB/s (95285 B / 1000 ms) fsu=65 | cum_total=1016411 B cum_segs=4236 | UP sent=4474 eagain=0 lasterr=0 txcred=0 host_pulls=0
  17.895  SINK rx: 92 KB/s (94795 B / 1000 ms) fsu=65 | cum_total=1111206 B cum_segs=4631 | UP sent=4872 eagain=0 lasterr=0 txcred=12 host_pulls=0
  18.890  SINK rx: 92 KB/s (95040 B / 1000 ms) fsu=65 | cum_total=1206246 B cum_segs=5027 | UP sent=5268 eagain=0 lasterr=0 txcred=26 host_pulls=0
  19.919  SINK rx: 92 KB/s (95040 B / 1000 ms) fsu=65 | cum_total=1301286 B cum_segs=5423 | UP sent=5662 eagain=0 lasterr=0 txcred=0 host_pulls=0
  20.954  SINK rx: 92 KB/s (94805 B / 1000 ms) fsu=65 | cum_total=1396091 B cum_segs=5818 | UP sent=6059 eagain=0 lasterr=0 txcred=14 host_pulls=0
  21.958  SINK rx: 92 KB/s (95040 B / 1000 ms) fsu=65 | cum_total=1491131 B cum_segs=6214 | UP sent=6442 eagain=0 lasterr=0 txcred=0 host_pulls=0
  22.979  SINK rx: 92 KB/s (94795 B / 1000 ms) fsu=65 | cum_total=1585926 B cum_segs=6609 | UP sent=6849 eagain=0 lasterr=0 txcred=3 host_pulls=0
  23.954  SINK rx: 92 KB/s (94560 B / 1000 ms) fsu=65 | cum_total=1680486 B cum_segs=7003 | UP sent=7244 eagain=0 lasterr=0 txcred=18 host_pulls=0
  25.003  SINK rx: 93 KB/s (95285 B / 1000 ms) fsu=65 | cum_total=1775771 B cum_segs=7400 | UP sent=7631 eagain=0 lasterr=0 txcred=0 host_pulls=0
  25.979  SINK rx: 92 KB/s (94795 B / 1000 ms) fsu=65 | cum_total=1870566 B cum_segs=7795 | UP sent=8035 eagain=0 lasterr=0 txcred=6 host_pulls=0
  27.009  SINK rx: 92 KB/s (95040 B / 1000 ms) fsu=65 | cum_total=1965606 B cum_segs=8191 | UP sent=8432 eagain=0 lasterr=0 txcred=19 host_pulls=0
  28.036  SINK rx: 92 KB/s (95040 B / 1000 ms) fsu=65 | cum_total=2060646 B cum_segs=8587 | UP sent=8820 eagain=0 lasterr=0 txcred=0 host_pulls=0
  29.030  SINK rx: 92 KB/s (95040 B / 1000 ms) fsu=65 | cum_total=2155686 B cum_segs=8983 | UP sent=9222 eagain=0 lasterr=0 txcred=7 host_pulls=0
  30.080  SINK rx: 92 KB/s (94805 B / 1000 ms) fsu=65 | cum_total=2250491 B cum_segs=9378 | UP sent=9619 eagain=0 lasterr=0 txcred=21 host_pulls=0
  31.077  SINK rx: 92 KB/s (95040 B / 1000 ms) fsu=65 | cum_total=2345531 B cum_segs=9774 | UP sent=10009 eagain=0 lasterr=0 txcred=0 host_pulls=0
  32.053  SINK rx: 92 KB/s (94795 B / 1000 ms) fsu=65 | cum_total=2440326 B cum_segs=10169 | UP sent=10410 eagain=0 lasterr=0 txcred=9 host_pulls=0
  33.092  SINK rx: 92 KB/s (95040 B / 1000 ms) fsu=65 | cum_total=2535366 B cum_segs=10565 | UP sent=10805 eagain=0 lasterr=0 txcred=23 host_pulls=0
  34.098  SINK rx: 92 KB/s (95040 B / 1000 ms) fsu=65 | cum_total=2630406 B cum_segs=10961 | UP sent=11198 eagain=0 lasterr=0 txcred=0 host_pulls=0
  35.129  SINK rx: 92 KB/s (94805 B / 1000 ms) fsu=65 | cum_total=2725211 B cum_segs=11356 | UP sent=11597 eagain=0 lasterr=0 txcred=11 host_pulls=0
  36.129  SINK rx: 92 KB/s (95040 B / 1000 ms) fsu=65 | cum_total=2820251 B cum_segs=11752 | UP sent=11993 eagain=0 lasterr=0 txcred=25 host_pulls=0
  37.154  SINK rx: 92 KB/s (95040 B / 1000 ms) fsu=65 | cum_total=2915291 B cum_segs=12148 | UP sent=12387 eagain=0 lasterr=0 txcred=0 host_pulls=0
  38.183  SINK rx: 92 KB/s (94795 B / 1000 ms) fsu=65 | cum_total=3010086 B cum_segs=12543 | UP sent=12784 eagain=0 lasterr=0 txcred=13 host_pulls=0
  39.175  SINK rx: 92 KB/s (95040 B / 1000 ms) fsu=65 | cum_total=3105126 B cum_segs=12939 | UP sent=13180 eagain=0 lasterr=0 txcred=27 host_pulls=0
