   0.434  GAP connected interval=12
   0.489  DLE tx=251 rx=27
   0.544  PHY tx=2 rx=2
   0.599  DLE tx=251 rx=251
   0.599  BULK up
   0.599  CTRL up
   1.300  SINK rx: 20 KB/s (21365 B) fsu=52 | cum=21365 segs=89 | echoes=13 fail=0 ctrl=1
   2.278  SINK rx: 185 KB/s (190080 B) fsu=52 | cum=211445 segs=881 | echoes=32 fail=0 ctrl=1
   3.307  SINK rx: 187 KB/s (191520 B) fsu=52 | cum=402965 segs=1679 | echoes=52 fail=0 ctrl=1
   4.327  SINK rx: 183 KB/s (188395 B) fsu=52 | cum=591360 segs=2464 | echoes=71 fail=0 ctrl=1
   5.187  *** Booting Zephyr OS build v4.4.1-15-g1772af7b563e ***
   5.187  
   5.187  === TWO-CHANNEL CoC SINK (bulk 0x80 + control 0x81) ===
   5.187  L2CAP servers on 0x0080 + 0x0081
   5.187  Advertising
   8.449  GAP connected interval=12
   8.559  DLE tx=251 rx=27
   8.614  PHY tx=2 rx=2
   8.666  DLE tx=251 rx=251
   8.666  BULK up
   8.666  CTRL up
   9.208  SINK rx: 0 KB/s (0 B) fsu=52 | cum=0 segs=0 | echoes=11 fail=0 ctrl=1
  10.223  SINK rx: 171 KB/s (175925 B) fsu=52 | cum=175925 segs=733 | echoes=29 fail=0 ctrl=1
  11.254  SINK rx: 178 KB/s (182880 B) fsu=52 | cum=358805 segs=1495 | echoes=47 fail=0 ctrl=1
  12.237  SINK rx: 181 KB/s (185995 B) fsu=52 | cum=544800 segs=2270 | echoes=66 fail=0 ctrl=1
  13.265  SINK rx: 188 KB/s (193440 B) fsu=52 | cum=738240 segs=3076 | echoes=86 fail=0 ctrl=1
  14.249  SINK rx: 174 KB/s (178325 B) fsu=52 | cum=916565 segs=3819 | echoes=104 fail=0 ctrl=1
  15.281  SINK rx: 179 KB/s (184075 B) fsu=52 | cum=1100640 segs=4586 | echoes=123 fail=0 ctrl=1
  16.300  SINK rx: 168 KB/s (173045 B) fsu=52 | cum=1273685 segs=5307 | echoes=140 fail=0 ctrl=1
  17.284  SINK rx: 174 KB/s (178315 B) fsu=52 | cum=1452000 segs=6050 | echoes=159 fail=0 ctrl=1
  18.322  SINK rx: 182 KB/s (186720 B) fsu=52 | cum=1638720 segs=6828 | echoes=177 fail=0 ctrl=1
  19.304  SINK rx: 184 KB/s (188885 B) fsu=52 | cum=1827605 segs=7615 | echoes=197 fail=0 ctrl=1
  20.332  SINK rx: 182 KB/s (186475 B) fsu=52 | cum=2014080 segs=8392 | echoes=216 fail=0 ctrl=1
  21.314  SINK rx: 177 KB/s (181685 B) fsu=52 | cum=2195765 segs=9149 | echoes=234 fail=0 ctrl=1
  22.346  SINK rx: 182 KB/s (186955 B) fsu=52 | cum=2382720 segs=9928 | echoes=253 fail=0 ctrl=1
  23.324  SINK rx: 178 KB/s (182645 B) fsu=52 | cum=2565365 segs=10689 | echoes=272 fail=0 ctrl=1
