   0.110  SINK rx: 117 KB/s (120480 B / 1000 ms) fsu=0 | cum_total=1496646 B cum_segs=6237 | UP sent=20553 eagain=0 lasterr=-128 txcred=0 host_pulls=0
   1.138  SINK rx: 117 KB/s (120245 B / 1000 ms) fsu=0 | cum_total=1616891 B cum_segs=6738 | UP sent=20799 eagain=0 lasterr=-128 txcred=0 host_pulls=0
   1.678  *** Booting Zephyr OS build v4.4.2-16-gfee9fbc62095 ***
   1.678  
   1.678  === nRF52 L2CAP CoC SINK (Zephyr 4.4.1, seg_recv) ===
   1.678  L2CAP server on PSM 0x0080
   1.678  Advertising as 'zenoh-nrf-l2cap'
   5.653  GAP connected: interval=6
   5.707  DLE updated: tx_max=251 rx_max=27
   5.707  PHY updated: tx=2 rx=2
   5.763  DLE updated: tx_max=251 rx_max=251
   5.763  CoC up — seg_recv sink ready (RX_CREDITS=64, MPS=247)
   6.736  SINK rx: 42 KB/s (43686 B / 1000 ms) fsu=0 | cum_total=43686 B cum_segs=183 | UP sent=627 eagain=0 lasterr=0 txcred=21 host_pulls=0
   7.762  SINK rx: 57 KB/s (59040 B / 1000 ms) fsu=0 | cum_total=102726 B cum_segs=429 | UP sent=1125 eagain=0 lasterr=0 txcred=15 host_pulls=0
   8.737  SINK rx: 58 KB/s (60000 B / 1000 ms) fsu=0 | cum_total=162726 B cum_segs=679 | UP sent=1626 eagain=0 lasterr=0 txcred=5 host_pulls=0
   9.758  SINK rx: 57 KB/s (59040 B / 1000 ms) fsu=0 | cum_total=221766 B cum_segs=925 | UP sent=2130 eagain=0 lasterr=0 txcred=35 host_pulls=0
  10.788  SINK rx: 57 KB/s (59040 B / 1000 ms) fsu=0 | cum_total=280806 B cum_segs=1171 | UP sent=2629 eagain=0 lasterr=0 txcred=28 host_pulls=0
  11.809  SINK rx: 57 KB/s (59040 B / 1000 ms) fsu=0 | cum_total=339846 B cum_segs=1417 | UP sent=3132 eagain=0 lasterr=0 txcred=58 host_pulls=0
  12.834  SINK rx: 57 KB/s (59040 B / 1000 ms) fsu=0 | cum_total=398886 B cum_segs=1663 | UP sent=3635 eagain=0 lasterr=0 txcred=46 host_pulls=0
  13.809  SINK rx: 57 KB/s (59040 B / 1000 ms) fsu=0 | cum_total=457926 B cum_segs=1909 | UP sent=4139 eagain=0 lasterr=0 txcred=35 host_pulls=0
  14.838  SINK rx: 57 KB/s (59040 B / 1000 ms) fsu=0 | cum_total=516966 B cum_segs=2155 | UP sent=4642 eagain=0 lasterr=0 txcred=24 host_pulls=0
  15.864  SINK rx: 57 KB/s (59040 B / 1000 ms) fsu=0 | cum_total=576006 B cum_segs=2401 | UP sent=5144 eagain=0 lasterr=0 txcred=55 host_pulls=0
  16.883  SINK rx: 57 KB/s (59040 B / 1000 ms) fsu=0 | cum_total=635046 B cum_segs=2647 | UP sent=5647 eagain=0 lasterr=0 txcred=44 host_pulls=0
  17.867  SINK rx: 57 KB/s (59040 B / 1000 ms) fsu=0 | cum_total=694086 B cum_segs=2893 | UP sent=6148 eagain=0 lasterr=0 txcred=35 host_pulls=0
  18.903  SINK rx: 57 KB/s (59285 B / 1000 ms) fsu=0 | cum_total=753371 B cum_segs=3140 | UP sent=6651 eagain=0 lasterr=0 txcred=24 host_pulls=0
  19.885  SINK rx: 58 KB/s (59755 B / 1000 ms) fsu=0 | cum_total=813126 B cum_segs=3389 | UP sent=7151 eagain=0 lasterr=0 txcred=56 host_pulls=0
  20.907  SINK rx: 58 KB/s (59765 B / 1000 ms) fsu=0 | cum_total=872891 B cum_segs=3638 | UP sent=7653 eagain=0 lasterr=0 txcred=47 host_pulls=0
  21.945  SINK rx: 57 KB/s (59040 B / 1000 ms) fsu=0 | cum_total=931931 B cum_segs=3884 | UP sent=8151 eagain=0 lasterr=0 txcred=41 host_pulls=0
  22.915  SINK rx: 58 KB/s (59520 B / 1000 ms) fsu=0 | cum_total=991451 B cum_segs=4132 | UP sent=8651 eagain=0 lasterr=0 txcred=33 host_pulls=0
  23.937  SINK rx: 58 KB/s (59755 B / 1000 ms) fsu=0 | cum_total=1051206 B cum_segs=4381 | UP sent=9152 eagain=0 lasterr=0 txcred=24 host_pulls=0
  24.958  SINK rx: 58 KB/s (59520 B / 1000 ms) fsu=0 | cum_total=1110726 B cum_segs=4629 | UP sent=9652 eagain=0 lasterr=0 txcred=16 host_pulls=0
  25.978  SINK rx: 57 KB/s (59285 B / 1000 ms) fsu=0 | cum_total=1170011 B cum_segs=4876 | UP sent=10151 eagain=0 lasterr=0 txcred=9 host_pulls=0
  26.998  SINK rx: 58 KB/s (59520 B / 1000 ms) fsu=0 | cum_total=1229531 B cum_segs=5124 | UP sent=10651 eagain=0 lasterr=0 txcred=42 host_pulls=0
  28.022  SINK rx: 58 KB/s (60000 B / 1000 ms) fsu=0 | cum_total=1289531 B cum_segs=5374 | UP sent=11151 eagain=0 lasterr=0 txcred=33 host_pulls=0
  28.994  SINK rx: 57 KB/s (59040 B / 1000 ms) fsu=0 | cum_total=1348571 B cum_segs=5620 | UP sent=11650 eagain=0 lasterr=0 txcred=27 host_pulls=0
  30.027  SINK rx: 58 KB/s (59755 B / 1000 ms) fsu=0 | cum_total=1408326 B cum_segs=5869 | UP sent=12151 eagain=0 lasterr=0 txcred=18 host_pulls=0
  31.055  SINK rx: 58 KB/s (59765 B / 1000 ms) fsu=0 | cum_total=1468091 B cum_segs=6118 | UP sent=12652 eagain=0 lasterr=0 txcred=9 host_pulls=0
  32.033  SINK rx: 58 KB/s (60000 B / 1000 ms) fsu=0 | cum_total=1528091 B cum_segs=6368 | UP sent=13153 eagain=0 lasterr=0 txcred=0 host_pulls=0
  33.064  SINK rx: 58 KB/s (59520 B / 1000 ms) fsu=0 | cum_total=1587611 B cum_segs=6616 | UP sent=13654 eagain=0 lasterr=0 txcred=32 host_pulls=0
  34.097  SINK rx: 58 KB/s (59755 B / 1000 ms) fsu=0 | cum_total=1647366 B cum_segs=6865 | UP sent=14155 eagain=0 lasterr=0 txcred=23 host_pulls=0
  35.080  SINK rx: 58 KB/s (59765 B / 1000 ms) fsu=0 | cum_total=1707131 B cum_segs=7114 | UP sent=14656 eagain=0 lasterr=0 txcred=14 host_pulls=0
  36.110  SINK rx: 58 KB/s (59520 B / 1000 ms) fsu=0 | cum_total=1766651 B cum_segs=7362 | UP sent=15159 eagain=0 lasterr=0 txcred=44 host_pulls=0
  37.140  SINK rx: 57 KB/s (59040 B / 1000 ms) fsu=0 | cum_total=1825691 B cum_segs=7608 | UP sent=15660 eagain=0 lasterr=0 txcred=34 host_pulls=0
  38.161  SINK rx: 57 KB/s (59040 B / 1000 ms) fsu=0 | cum_total=1884731 B cum_segs=7854 | UP sent=16164 eagain=0 lasterr=0 txcred=64 host_pulls=0
  39.147  SINK rx: 57 KB/s (59040 B / 1000 ms) fsu=0 | cum_total=1943771 B cum_segs=8100 | UP sent=16665 eagain=0 lasterr=0 txcred=55 host_pulls=0
