   0.323  CENRX cum_total=0 B
   1.308  CENRX cum_total=0 B
   2.339  CENRX cum_total=0 B
   3.319  CENRX cum_total=0 B
   4.354  CENRX cum_total=0 B
   5.327  RPT occ: events=0 mean_pkts/ev=0.00 max=0 nonempty_ev=0 fsu=0 | sender: sent=5234(+1968 SDU) eagain=0(+0) poolfail=0(+0)
   5.327  CENRX cum_total=0 B
   5.595  L2CAP disconnected
   5.595  GAP disconnected 0x08
   5.595  scan start rc=0
   5.595  found D6:C7:60:B1:D3:0E (random) (rssi -32), connecting
   5.595  Q2CONN AA=cce792d0 CRCINIT=68a1b9 hop=10 chan_count=37 map=ffffffff1f
   5.650  GAP connected
   5.650  phy req rc=0
   5.650  DLE: tx_max=27 rx_max=251
   5.706  PHY: tx=2 rx=2 (2=2M)
   5.706  dle req rc=0
   5.761  DLE: tx_max=251 rx_max=251
   5.761  l2cap_chan_connect rc=0
   5.761  L2CAP connected: tx.mtu=512 tx.mps=247 tx.credits=0 rx.mtu=512 rx.mps=247
   5.761  GATE conn: interval=6 (units 1.25ms) => 7.50 ms
   5.761  Q3FSU-REQ role=C auto min=150 max=150 phys=0x2 rc=0
   6.090  blasting 480-byte SDUs...
   6.362  CENRX cum_total=76616 B
   7.337  CENRX cum_total=196908 B
   8.354  CENRX cum_total=317444 B
   9.322  CENRX cum_total=437004 B
  10.344  CENRX cum_total=551684 B
  11.362  CENRX cum_total=668804 B
  12.337  CENRX cum_total=788852 B
  13.374  CENRX cum_total=909388 B
  14.350  CENRX cum_total=1030412 B
  15.314  RPT occ: events=0 mean_pkts/ev=0.00 max=0 nonempty_ev=0 fsu=0 | sender: sent=6388(+1154 SDU) eagain=0(+0) poolfail=0(+0)
  15.367  CENRX cum_total=1151680 B
  16.350  CENRX cum_total=1272948 B
  17.387  CENRX cum_total=1393728 B
  18.356  CENRX cum_total=1514508 B
  19.376  CENRX cum_total=1634068 B
  20.361  CENRX cum_total=1754116 B
  21.385  CENRX cum_total=1874896 B
  22.367  CENRX cum_total=1996164 B
  23.387  CENRX cum_total=2117432 B
  24.358  CENRX cum_total=2238700 B
  25.326  RPT occ: events=0 mean_pkts/ev=0.00 max=0 nonempty_ev=0 fsu=0 | sender: sent=7598(+1210 SDU) eagain=0(+0) poolfail=0(+0)
  25.377  CENRX cum_total=2358260 B
  26.398  CENRX cum_total=2474404 B
  27.370  CENRX cum_total=2595184 B
  28.407  CENRX cum_total=2713036 B
  29.387  CENRX cum_total=2834304 B
  30.418  CENRX cum_total=2955084 B
  31.385  CENRX cum_total=3076352 B
  32.420  CENRX cum_total=3197620 B
  33.388  CENRX cum_total=3318156 B
  34.419  CENRX cum_total=3439424 B
  35.344  RPT occ: events=0 mean_pkts/ev=0.00 max=0 nonempty_ev=0 fsu=0 | sender: sent=8807(+1209 SDU) eagain=0(+0) poolfail=0(+0)
  35.399  CENRX cum_total=3560692 B
  36.434  CENRX cum_total=3681472 B
  37.404  CENRX cum_total=3798836 B
  38.430  CENRX cum_total=3907904 B
  39.400  CENRX cum_total=4028440 B
