   0.708  CENRX cum_total=13677420 B
   1.714  CENRX cum_total=13677420 B
   2.202  L2CAP disconnected
   2.202  GAP disconnected 0x08
   2.202  scan start rc=0
   2.257  found D6:C7:60:B1:D3:0E (random) (rssi -30), connecting
   2.257  Q2CONN AA=7727aab0 CRCINIT=920299 hop=8 chan_count=37 map=ffffffff1f
   2.257  GAP connected
   2.258  phy req rc=0
   2.309  DLE: tx_max=27 rx_max=251
   2.309  PHY: tx=2 rx=2 (2=2M)
   2.309  dle req rc=0
   2.362  DLE: tx_max=251 rx_max=251
   2.362  l2cap_chan_connect rc=0
   2.362  L2CAP connected: tx.mtu=512 tx.mps=247 tx.credits=0 rx.mtu=512 rx.mps=247
   2.362  GATE conn: interval=6 (units 1.25ms) => 7.50 ms
   2.414  Q3FSU-REQ role=C auto min=150 max=150 phys=0x2 rc=0
   2.690  blasting 480-byte SDUs...
   2.745  CENRX cum_total=13725000 B
   3.703  CENRX cum_total=13844316 B
   4.724  CENRX cum_total=13965340 B
   5.752  CENRX cum_total=14086608 B
   6.723  CENRX cum_total=14207632 B
   7.529  RPT occ: events=0 mean_pkts/ev=0.00 max=0 nonempty_ev=0 fsu=0 | sender: sent=19342(+703 SDU) eagain=0(+0) poolfail=0(+0)
   7.743  CENRX cum_total=14328656 B
   8.756  CENRX cum_total=14449436 B
   9.729  CENRX cum_total=14570460 B
  10.752  CENRX cum_total=14691728 B
  11.735  CENRX cum_total=14812752 B
  12.775  CENRX cum_total=14934020 B
  13.751  CENRX cum_total=15055044 B
  14.776  CENRX cum_total=15176068 B
  15.749  CENRX cum_total=15297092 B
  16.777  CENRX cum_total=15418360 B
  17.536  RPT occ: events=0 mean_pkts/ev=0.00 max=0 nonempty_ev=0 fsu=0 | sender: sent=20572(+1230 SDU) eagain=0(+0) poolfail=0(+0)
  17.750  CENRX cum_total=15539628 B
  18.778  CENRX cum_total=15660896 B
  19.790  CENRX cum_total=15781676 B
  20.746  CENRX cum_total=15902944 B
  21.774  CENRX cum_total=16023968 B
  22.783  CENRX cum_total=16144504 B
  23.752  CENRX cum_total=16265528 B
  24.775  CENRX cum_total=16386796 B
  25.803  CENRX cum_total=16508064 B
  26.767  CENRX cum_total=16629332 B
  27.584  RPT occ: events=0 mean_pkts/ev=0.00 max=0 nonempty_ev=0 fsu=0 | sender: sent=21782(+1210 SDU) eagain=0(+0) poolfail=0(+0)
  27.797  CENRX cum_total=16750600 B
  28.780  CENRX cum_total=16871868 B
  29.815  CENRX cum_total=16992404 B
  30.789  CENRX cum_total=17113672 B
  31.818  CENRX cum_total=17235184 B
  32.782  CENRX cum_total=17356452 B
  33.814  CENRX cum_total=17477232 B
  34.790  CENRX cum_total=17598500 B
  35.818  CENRX cum_total=17718548 B
  36.789  CENRX cum_total=17839816 B
  37.594  RPT occ: events=0 mean_pkts/ev=0.00 max=0 nonempty_ev=0 fsu=0 | sender: sent=23012(+1230 SDU) eagain=0(+0) poolfail=0(+0)
  37.809  CENRX cum_total=17961328 B
  38.833  CENRX cum_total=18082840 B
  39.814  CENRX cum_total=18202888 B
