   1.677  *** Booting Zephyr OS build v4.4.2-16-gfee9fbc62095 ***
   1.677  
   1.677  === nRF52 L2CAP CoC SINK (Zephyr 4.4.1, seg_recv) ===
   1.677  L2CAP server on PSM 0x0080
   1.732  Advertising as 'zenoh-nrf-l2cap'
   2.316  GAP connected: interval=6
   2.316  DLE updated: tx_max=251 rx_max=27
   2.369  PHY updated: tx=2 rx=2
   2.424  DLE updated: tx_max=251 rx_max=251
   2.424  CoC up — seg_recv sink ready (RX_CREDITS=64, MPS=247)
   2.750  SINK rx: 0 KB/s (6 B / 1000 ms) fsu=0 | cum_total=6 B cum_segs=1 | UP sent=331 eagain=0 lasterr=0 txcred=25 host_pulls=0
   3.766  SINK rx: 62 KB/s (64085 B / 1000 ms) fsu=0 | cum_total=64091 B cum_segs=268 | UP sent=807 eagain=0 lasterr=0 txcred=0 host_pulls=0
   4.737  SINK rx: 56 KB/s (57600 B / 1000 ms) fsu=0 | cum_total=121691 B cum_segs=508 | UP sent=1299 eagain=0 lasterr=0 txcred=0 host_pulls=0
   5.755  SINK rx: 56 KB/s (57835 B / 1000 ms) fsu=0 | cum_total=179526 B cum_segs=749 | UP sent=1796 eagain=0 lasterr=0 txcred=36 host_pulls=0
   6.781  SINK rx: 57 KB/s (59285 B / 1000 ms) fsu=0 | cum_total=238811 B cum_segs=996 | UP sent=2294 eagain=0 lasterr=0 txcred=30 host_pulls=0
   7.809  SINK rx: 57 KB/s (59040 B / 1000 ms) fsu=0 | cum_total=297851 B cum_segs=1242 | UP sent=2792 eagain=0 lasterr=0 txcred=24 host_pulls=0
   8.798  SINK rx: 57 KB/s (59275 B / 1000 ms) fsu=0 | cum_total=357126 B cum_segs=1489 | UP sent=3290 eagain=0 lasterr=0 txcred=17 host_pulls=0
   9.809  SINK rx: 57 KB/s (58805 B / 1000 ms) fsu=0 | cum_total=415931 B cum_segs=1734 | UP sent=3788 eagain=0 lasterr=0 txcred=12 host_pulls=0
  10.834  SINK rx: 55 KB/s (56875 B / 1000 ms) fsu=0 | cum_total=472806 B cum_segs=1971 | UP sent=4277 eagain=0 lasterr=0 txcred=15 host_pulls=0
  11.862  SINK rx: 57 KB/s (58560 B / 1000 ms) fsu=0 | cum_total=531366 B cum_segs=2215 | UP sent=4774 eagain=0 lasterr=0 txcred=10 host_pulls=0
  12.896  SINK rx: 56 KB/s (57365 B / 1000 ms) fsu=0 | cum_total=588731 B cum_segs=2454 | UP sent=5265 eagain=0 lasterr=0 txcred=52 host_pulls=0
  13.866  SINK rx: 57 KB/s (59275 B / 1000 ms) fsu=0 | cum_total=648006 B cum_segs=2701 | UP sent=5764 eagain=0 lasterr=0 txcred=45 host_pulls=0
  14.881  SINK rx: 57 KB/s (59040 B / 1000 ms) fsu=0 | cum_total=707046 B cum_segs=2947 | UP sent=6262 eagain=0 lasterr=0 txcred=39 host_pulls=0
  15.906  SINK rx: 58 KB/s (59765 B / 1000 ms) fsu=0 | cum_total=766811 B cum_segs=3196 | UP sent=6763 eagain=0 lasterr=0 txcred=30 host_pulls=0
  16.928  SINK rx: 57 KB/s (58795 B / 1000 ms) fsu=0 | cum_total=825606 B cum_segs=3441 | UP sent=7260 eagain=0 lasterr=0 txcred=25 host_pulls=0
  17.945  SINK rx: 58 KB/s (59765 B / 1000 ms) fsu=0 | cum_total=885371 B cum_segs=3690 | UP sent=7761 eagain=0 lasterr=0 txcred=16 host_pulls=0
  18.923  SINK rx: 57 KB/s (59040 B / 1000 ms) fsu=0 | cum_total=944411 B cum_segs=3936 | UP sent=8259 eagain=0 lasterr=0 txcred=10 host_pulls=0
  19.954  SINK rx: 56 KB/s (58315 B / 1000 ms) fsu=0 | cum_total=1002726 B cum_segs=4179 | UP sent=8754 eagain=0 lasterr=0 txcred=48 host_pulls=0
  20.979  SINK rx: 58 KB/s (59765 B / 1000 ms) fsu=0 | cum_total=1062491 B cum_segs=4428 | UP sent=9255 eagain=0 lasterr=0 txcred=39 host_pulls=0
  22.001  SINK rx: 57 KB/s (59275 B / 1000 ms) fsu=0 | cum_total=1121766 B cum_segs=4675 | UP sent=9754 eagain=0 lasterr=0 txcred=32 host_pulls=0
  22.984  SINK rx: 57 KB/s (59285 B / 1000 ms) fsu=0 | cum_total=1181051 B cum_segs=4922 | UP sent=10252 eagain=0 lasterr=0 txcred=26 host_pulls=0
  24.010  SINK rx: 56 KB/s (58315 B / 1000 ms) fsu=0 | cum_total=1239366 B cum_segs=5165 | UP sent=10748 eagain=0 lasterr=0 txcred=22 host_pulls=0
  25.002  SINK rx: 57 KB/s (58560 B / 1000 ms) fsu=0 | cum_total=1297926 B cum_segs=5409 | UP sent=11244 eagain=0 lasterr=0 txcred=18 host_pulls=0
  26.039  SINK rx: 56 KB/s (57845 B / 1000 ms) fsu=0 | cum_total=1355771 B cum_segs=5650 | UP sent=11736 eagain=0 lasterr=0 txcred=17 host_pulls=0
  27.074  SINK rx: 57 KB/s (58795 B / 1000 ms) fsu=0 | cum_total=1414566 B cum_segs=5895 | UP sent=12234 eagain=0 lasterr=0 txcred=53 host_pulls=0
  28.047  SINK rx: 58 KB/s (59765 B / 1000 ms) fsu=0 | cum_total=1474331 B cum_segs=6144 | UP sent=12735 eagain=0 lasterr=0 txcred=44 host_pulls=0
  29.064  SINK rx: 58 KB/s (59755 B / 1000 ms) fsu=0 | cum_total=1534086 B cum_segs=6393 | UP sent=13235 eagain=0 lasterr=0 txcred=35 host_pulls=0
  30.100  SINK rx: 54 KB/s (55925 B / 1000 ms) fsu=0 | cum_total=1590011 B cum_segs=6626 | UP sent=13720 eagain=0 lasterr=0 txcred=42 host_pulls=0
  31.129  SINK rx: 57 KB/s (59275 B / 1000 ms) fsu=0 | cum_total=1649286 B cum_segs=6873 | UP sent=14220 eagain=0 lasterr=0 txcred=35 host_pulls=0
  32.104  SINK rx: 56 KB/s (58325 B / 1000 ms) fsu=0 | cum_total=1707611 B cum_segs=7116 | UP sent=14713 eagain=0 lasterr=0 txcred=34 host_pulls=0
  33.132  SINK rx: 57 KB/s (59040 B / 1000 ms) fsu=0 | cum_total=1766651 B cum_segs=7362 | UP sent=15204 eagain=0 lasterr=0 txcred=35 host_pulls=0
  34.154  SINK rx: 57 KB/s (59040 B / 1000 ms) fsu=0 | cum_total=1825691 B cum_segs=7608 | UP sent=15705 eagain=0 lasterr=0 txcred=26 host_pulls=0
  35.181  SINK rx: 57 KB/s (59040 B / 1000 ms) fsu=0 | cum_total=1884731 B cum_segs=7854 | UP sent=16203 eagain=0 lasterr=0 txcred=60 host_pulls=0
  36.156  SINK rx: 57 KB/s (59040 B / 1000 ms) fsu=0 | cum_total=1943771 B cum_segs=8100 | UP sent=16702 eagain=0 lasterr=0 txcred=54 host_pulls=0
  37.191  SINK rx: 57 KB/s (59040 B / 1000 ms) fsu=0 | cum_total=2002811 B cum_segs=8346 | UP sent=17205 eagain=0 lasterr=0 txcred=43 host_pulls=0
  38.174  SINK rx: 57 KB/s (59275 B / 1000 ms) fsu=0 | cum_total=2062086 B cum_segs=8593 | UP sent=17704 eagain=0 lasterr=0 txcred=36 host_pulls=0
  39.215  SINK rx: 58 KB/s (59765 B / 1000 ms) fsu=0 | cum_total=2121851 B cum_segs=8842 | UP sent=18205 eagain=0 lasterr=0 txcred=27 host_pulls=0
