   0.588  CENRX cum_total=9102664 B
   1.562  CENRX cum_total=9102664 B
   2.216  L2CAP disconnected
   2.216  GAP disconnected 0x08
   2.216  scan start rc=0
   2.216  found D6:C7:60:B1:D3:0E (random) (rssi -30), connecting
   2.216  Q2CONN AA=ef43c591 CRCINIT=9c8584 hop=11 chan_count=37 map=ffffffff1f
   2.271  GAP connected
   2.271  phy req rc=0
   2.272  DLE: tx_max=27 rx_max=251
   2.325  PHY: tx=2 rx=2 (2=2M)
   2.325  dle req rc=0
   2.325  DLE: tx_max=251 rx_max=251
   2.325  l2cap_chan_connect rc=0
   2.381  L2CAP connected: tx.mtu=512 tx.mps=247 tx.credits=0 rx.mtu=512 rx.mps=247
   2.381  GATE conn: interval=6 (units 1.25ms) => 7.50 ms
   2.381  Q3FSU-REQ role=C auto min=150 max=150 phys=0x2 rc=0
   2.601  CENRX cum_total=9137556 B
   2.654  blasting 480-byte SDUs...
   3.572  CENRX cum_total=9261020 B
   4.589  CENRX cum_total=9382288 B
   5.572  CENRX cum_total=9503312 B
   6.597  CENRX cum_total=9624336 B
   7.577  CENRX cum_total=9745848 B
   8.593  CENRX cum_total=9866384 B
   9.461  RPT occ: events=0 mean_pkts/ev=0.00 max=0 nonempty_ev=0 fsu=0 | sender: sent=14969(+867 SDU) eagain=0(+0) poolfail=0(+0)
   9.624  CENRX cum_total=9987652 B
  10.606  CENRX cum_total=10108676 B
  11.636  CENRX cum_total=10229212 B
  12.616  CENRX cum_total=10350480 B
  13.632  CENRX cum_total=10471260 B
  14.603  CENRX cum_total=10590576 B
  15.631  CENRX cum_total=10711844 B
  16.607  CENRX cum_total=10832136 B
  17.639  CENRX cum_total=10953404 B
  18.610  CENRX cum_total=11074428 B
  19.484  RPT occ: events=0 mean_pkts/ev=0.00 max=0 nonempty_ev=0 fsu=0 | sender: sent=16179(+1210 SDU) eagain=0(+0) poolfail=0(+0)
  19.647  CENRX cum_total=11194720 B
  20.624  CENRX cum_total=11315744 B
  21.645  CENRX cum_total=11436768 B
  22.662  CENRX cum_total=11558036 B
  23.641  CENRX cum_total=11679060 B
  24.674  CENRX cum_total=11799596 B
  25.648  CENRX cum_total=11920864 B
  26.678  CENRX cum_total=12041400 B
  27.653  CENRX cum_total=12162668 B
  28.632  CENRX cum_total=12282716 B
  29.496  RPT occ: events=0 mean_pkts/ev=0.00 max=0 nonempty_ev=0 fsu=0 | sender: sent=17409(+1230 SDU) eagain=0(+0) poolfail=0(+0)
  29.657  CENRX cum_total=12403984 B
  30.684  CENRX cum_total=12525252 B
  31.654  CENRX cum_total=12646276 B
  32.680  CENRX cum_total=12767544 B
  33.693  CENRX cum_total=12889056 B
  34.662  CENRX cum_total=13010324 B
  35.687  CENRX cum_total=13131592 B
  36.661  CENRX cum_total=13252860 B
  37.693  CENRX cum_total=13374128 B
  38.661  CENRX cum_total=13495396 B
  39.526  RPT occ: events=0 mean_pkts/ev=0.00 max=0 nonempty_ev=0 fsu=0 | sender: sent=18639(+1230 SDU) eagain=0(+0) poolfail=0(+0)
  39.691  CENRX cum_total=13616664 B
