   0.240  CENRX cum_total=31965464 B
   1.208  CENRX cum_total=31965464 B
   2.201  CENRX cum_total=31965464 B
   2.255  L2CAP disconnected
   2.255  GAP disconnected 0x08
   2.255  scan start rc=0
   2.311  found D6:C7:60:B1:D3:0E (random) (rssi -30), connecting
   2.311  Q2CONN AA=5436705c CRCINIT=76c364 hop=13 chan_count=37 map=ffffffff1f
   2.311  GAP connected
   2.311  phy req rc=0
   2.371  DLE: tx_max=27 rx_max=251
   2.371  PHY: tx=2 rx=2 (2=2M)
   2.371  dle req rc=0
   2.431  DLE: tx_max=251 rx_max=251
   2.432  l2cap_chan_connect rc=0
   2.432  L2CAP connected: tx.mtu=512 tx.mps=247 tx.credits=0 rx.mtu=512 rx.mps=247
   2.432  GATE conn: interval=6 (units 1.25ms) => 7.50 ms
   2.432  Q3FSU-REQ role=C auto min=150 max=150 phys=0x2 rc=0
   2.726  blasting 480-byte SDUs...
   3.247  CENRX cum_total=32069896 B
   4.249  CENRX cum_total=32191408 B
   5.261  CENRX cum_total=32312676 B
   6.246  CENRX cum_total=32433700 B
   7.236  CENRX cum_total=32554236 B
   8.269  CENRX cum_total=32675504 B
   9.236  CENRX cum_total=32796772 B
   9.773  RPT occ: events=0 mean_pkts/ev=0.00 max=0 nonempty_ev=0 fsu=0 | sender: sent=38064(+888 SDU) eagain=0(+0) poolfail=0(+0)
  10.240  CENRX cum_total=32918040 B
  11.242  CENRX cum_total=33038820 B
  12.231  CENRX cum_total=33160088 B
  13.282  CENRX cum_total=33281356 B
  14.265  CENRX cum_total=33402624 B
  15.238  CENRX cum_total=33523892 B
  16.265  CENRX cum_total=33645160 B
  17.286  CENRX cum_total=33766428 B
  18.253  CENRX cum_total=33887452 B
  19.291  CENRX cum_total=34008476 B
  19.810  RPT occ: events=0 mean_pkts/ev=0.00 max=0 nonempty_ev=0 fsu=0 | sender: sent=39294(+1230 SDU) eagain=0(+0) poolfail=0(+0)
  20.272  CENRX cum_total=34129744 B
  21.262  CENRX cum_total=34251012 B
  22.269  CENRX cum_total=34372280 B
  23.311  CENRX cum_total=34493548 B
  24.291  CENRX cum_total=34614816 B
  25.289  CENRX cum_total=34735840 B
  26.314  CENRX cum_total=34856864 B
  27.283  CENRX cum_total=34978132 B
  28.313  CENRX cum_total=35099400 B
  29.290  CENRX cum_total=35220912 B
  29.824  RPT occ: events=0 mean_pkts/ev=0.00 max=0 nonempty_ev=0 fsu=0 | sender: sent=40524(+1230 SDU) eagain=0(+0) poolfail=0(+0)
  30.282  CENRX cum_total=35342424 B
  31.322  CENRX cum_total=35462716 B
  32.312  CENRX cum_total=35583740 B
  33.304  CENRX cum_total=35703788 B
  34.313  CENRX cum_total=35824812 B
  35.347  CENRX cum_total=35945592 B
  36.337  CENRX cum_total=36066616 B
  37.304  CENRX cum_total=36187640 B
  38.335  CENRX cum_total=36308664 B
  39.336  CENRX cum_total=36429200 B
  39.807  RPT occ: events=0 mean_pkts/ev=0.00 max=0 nonempty_ev=0 fsu=0 | sender: sent=41733(+1209 SDU) eagain=0(+0) poolfail=0(+0)
