   0.376  GAP connected: interval=12
   0.487  PHY updated: tx=2 rx=2
   0.597  DLE updated: tx_max=27 rx_max=251
   0.597  CoC up — seg_recv sink ready (RX_CREDITS=64, MPS=247)
   0.652  Q3FSU-DONE role=P status=0x00 spacing=52 types=0x3 phys=0x2 initiator=2
   1.415  SINK rx: 78 KB/s (79931 B / 1000 ms) fsu=52 | cum_total=79931 B cum_segs=334
   2.455  SINK rx: 169 KB/s (173280 B / 1000 ms) fsu=52 | cum_total=253211 B cum_segs=1056
   3.430  SINK rx: 175 KB/s (180000 B / 1000 ms) fsu=52 | cum_total=433211 B cum_segs=1806
   4.461  SINK rx: 156 KB/s (160555 B / 1000 ms) fsu=52 | cum_total=593766 B cum_segs=2475
   5.444  SINK rx: 168 KB/s (172320 B / 1000 ms) fsu=52 | cum_total=766086 B cum_segs=3193
   6.479  SINK rx: 168 KB/s (172800 B / 1000 ms) fsu=52 | cum_total=938886 B cum_segs=3913
   7.459  SINK rx: 165 KB/s (168960 B / 1000 ms) fsu=52 | cum_total=1107846 B cum_segs=4617
   8.491  SINK rx: 173 KB/s (177845 B / 1000 ms) fsu=52 | cum_total=1285691 B cum_segs=5358
   9.476  SINK rx: 174 KB/s (178560 B / 1000 ms) fsu=52 | cum_total=1464251 B cum_segs=6102
  10.509  SINK rx: 152 KB/s (156000 B / 1000 ms) fsu=52 | cum_total=1620251 B cum_segs=6752
  11.527  SINK rx: 168 KB/s (172320 B / 1000 ms) fsu=52 | cum_total=1792571 B cum_segs=7470
  12.514  SINK rx: 160 KB/s (163915 B / 1000 ms) fsu=52 | cum_total=1956486 B cum_segs=8153
  13.549  SINK rx: 157 KB/s (161280 B / 1000 ms) fsu=52 | cum_total=2117766 B cum_segs=8825
  14.537  SINK rx: 180 KB/s (184565 B / 1000 ms) fsu=52 | cum_total=2302331 B cum_segs=9594
  15.568  SINK rx: 165 KB/s (169440 B / 1000 ms) fsu=52 | cum_total=2471771 B cum_segs=10300
  16.542  SINK rx: 170 KB/s (174720 B / 1000 ms) fsu=52 | cum_total=2646491 B cum_segs=11028
  17.574  SINK rx: 168 KB/s (172555 B / 1000 ms) fsu=52 | cum_total=2819046 B cum_segs=11747
  18.604  SINK rx: 166 KB/s (170165 B / 1000 ms) fsu=52 | cum_total=2989211 B cum_segs=12456
  19.579  SINK rx: 161 KB/s (165120 B / 1000 ms) fsu=52 | cum_total=3154331 B cum_segs=13144
  20.618  SINK rx: 147 KB/s (151200 B / 1000 ms) fsu=52 | cum_total=3305531 B cum_segs=13774
  21.589  SINK rx: 167 KB/s (171595 B / 1000 ms) fsu=52 | cum_total=3477126 B cum_segs=14489
  22.618  SINK rx: 165 KB/s (169440 B / 1000 ms) fsu=52 | cum_total=3646566 B cum_segs=15195
  23.600  SINK rx: 171 KB/s (175680 B / 1000 ms) fsu=52 | cum_total=3822246 B cum_segs=15927
  24.633  SINK rx: 155 KB/s (159360 B / 1000 ms) fsu=52 | cum_total=3981606 B cum_segs=16591
  25.668  SINK rx: 154 KB/s (158645 B / 1000 ms) fsu=52 | cum_total=4140251 B cum_segs=17252
  26.638  SINK rx: 171 KB/s (175435 B / 1000 ms) fsu=52 | cum_total=4315686 B cum_segs=17983
  27.673  SINK rx: 167 KB/s (171360 B / 1000 ms) fsu=52 | cum_total=4487046 B cum_segs=18697
  28.657  SINK rx: 172 KB/s (176885 B / 1000 ms) fsu=52 | cum_total=4663931 B cum_segs=19434
  29.697  SINK rx: 164 KB/s (168715 B / 1000 ms) fsu=52 | cum_total=4832646 B cum_segs=20137
  30.678  SINK rx: 162 KB/s (166080 B / 1000 ms) fsu=52 | cum_total=4998726 B cum_segs=20829
  31.669  SINK rx: 167 KB/s (171605 B / 1000 ms) fsu=52 | cum_total=5170331 B cum_segs=21544
  32.704  SINK rx: 174 KB/s (178560 B / 1000 ms) fsu=52 | cum_total=5348891 B cum_segs=22288
  33.682  SINK rx: 171 KB/s (175915 B / 1000 ms) fsu=52 | cum_total=5524806 B cum_segs=23021
  34.716  SINK rx: 158 KB/s (162720 B / 1000 ms) fsu=52 | cum_total=5687526 B cum_segs=23699
  35.704  SINK rx: 162 KB/s (166080 B / 1000 ms) fsu=52 | cum_total=5853606 B cum_segs=24391
  36.732  SINK rx: 153 KB/s (156725 B / 1000 ms) fsu=52 | cum_total=6010331 B cum_segs=25044
  37.765  SINK rx: 170 KB/s (174240 B / 1000 ms) fsu=52 | cum_total=6184571 B cum_segs=25770
  38.747  SINK rx: 161 KB/s (165120 B / 1000 ms) fsu=52 | cum_total=6349691 B cum_segs=26458
  39.778  SINK rx: 157 KB/s (161035 B / 1000 ms) fsu=52 | cum_total=6510726 B cum_segs=27129
  40.743  SINK rx: 152 KB/s (156000 B / 1000 ms) fsu=52 | cum_total=6666726 B cum_segs=27779
  41.788  SINK rx: 153 KB/s (156960 B / 1000 ms) fsu=52 | cum_total=6823686 B cum_segs=28433
  42.773  SINK rx: 172 KB/s (176160 B / 1000 ms) fsu=52 | cum_total=6999846 B cum_segs=29167
  43.819  SINK rx: 169 KB/s (173525 B / 1000 ms) fsu=52 | cum_total=7173371 B cum_segs=29890
  44.799  SINK rx: 145 KB/s (148800 B / 1000 ms) fsu=52 | cum_total=7322171 B cum_segs=30510
  45.839  SINK rx: 135 KB/s (139200 B / 1000 ms) fsu=52 | cum_total=7461371 B cum_segs=31090
  46.823  SINK rx: 167 KB/s (171360 B / 1000 ms) fsu=52 | cum_total=7632731 B cum_segs=31804
  47.810  SINK rx: 165 KB/s (168960 B / 1000 ms) fsu=52 | cum_total=7801691 B cum_segs=32508
  48.849  SINK rx: 165 KB/s (169675 B / 1000 ms) fsu=52 | cum_total=7971366 B cum_segs=33215
  49.830  SINK rx: 145 KB/s (149280 B / 1000 ms) fsu=52 | cum_total=8120646 B cum_segs=33837
  50.870  SINK rx: 162 KB/s (166080 B / 1000 ms) fsu=52 | cum_total=8286726 B cum_segs=34529
  51.854  SINK rx: 172 KB/s (176160 B / 1000 ms) fsu=52 | cum_total=8462886 B cum_segs=35263
  52.897  SINK rx: 158 KB/s (162005 B / 1000 ms) fsu=52 | cum_total=8624891 B cum_segs=35938
  53.871  SINK rx: 164 KB/s (168480 B / 1000 ms) fsu=52 | cum_total=8793371 B cum_segs=36640
  54.907  SINK rx: 164 KB/s (168715 B / 1000 ms) fsu=52 | cum_total=8962086 B cum_segs=37343
  55.886  SINK rx: 164 KB/s (168245 B / 1000 ms) fsu=52 | cum_total=9130331 B cum_segs=38044
  56.923  SINK rx: 165 KB/s (169920 B / 1000 ms) fsu=52 | cum_total=9300251 B cum_segs=38752
  57.899  SINK rx: 165 KB/s (169675 B / 1000 ms) fsu=52 | cum_total=9469926 B cum_segs=39459
  58.939  SINK rx: 171 KB/s (175925 B / 1000 ms) fsu=52 | cum_total=9645851 B cum_segs=40192
  59.912  SINK rx: 162 KB/s (166315 B / 1000 ms) fsu=52 | cum_total=9812166 B cum_segs=40885
  60.949  SINK rx: 167 KB/s (171605 B / 1000 ms) fsu=52 | cum_total=9983771 B cum_segs=41600
  61.976  SINK rx: 159 KB/s (162955 B / 1000 ms) fsu=52 | cum_total=10146726 B cum_segs=42279
  62.955  SINK rx: 165 KB/s (169205 B / 1000 ms) fsu=52 | cum_total=10315931 B cum_segs=42984
  63.999  SINK rx: 164 KB/s (168000 B / 1000 ms) fsu=52 | cum_total=10483931 B cum_segs=43684
  64.977  SINK rx: 177 KB/s (182155 B / 1000 ms) fsu=52 | cum_total=10666086 B cum_segs=44443
  66.007  SINK rx: 157 KB/s (161280 B / 1000 ms) fsu=52 | cum_total=10827366 B cum_segs=45115
  66.989  SINK rx: 171 KB/s (175445 B / 1000 ms) fsu=52 | cum_total=11002811 B cum_segs=45846
  68.016  SINK rx: 166 KB/s (170635 B / 1000 ms) fsu=52 | cum_total=11173446 B cum_segs=46557
  69.041  SINK rx: 153 KB/s (157685 B / 1000 ms) fsu=52 | cum_total=11331131 B cum_segs=47214
  70.026  SINK rx: 170 KB/s (174475 B / 1000 ms) fsu=52 | cum_total=11505606 B cum_segs=47941
  71.062  SINK rx: 154 KB/s (158645 B / 1000 ms) fsu=52 | cum_total=11664251 B cum_segs=48602
  72.021  SINK rx: 165 KB/s (169195 B / 1000 ms) fsu=52 | cum_total=11833446 B cum_segs=49307
  73.050  SINK rx: 165 KB/s (169440 B / 1000 ms) fsu=52 | cum_total=12002886 B cum_segs=50013
  74.072  SINK rx: 164 KB/s (168245 B / 1000 ms) fsu=52 | cum_total=12171131 B cum_segs=50714
