   0.523  P t=450s rxkBps=0 blkkBps=0 pongs=21144(+0/s) cancels=0(+0/s) notify=1 disc=1(0x08) | echo rx=0 tx=0 pend=0 stale=0
   0.523  P t=451s rxkBps=0 blkkBps=0 pongs=21144(+0/s) cancels=0(+0/s) notify=1 disc=1(0x08) | echo rx=0 tx=0 pend=0 stale=0
   1.722  *** Booting Zephyr OS build v4.4.2-16-gfee9fbc62095 ***
   1.722  [00:09:58.318,824] [0m<inf> bt_hci_core: HW Platform: Nordic Semiconductor (0x0002)[0m
   1.722  [00:09:58.318,837] [0m<inf> bt_hci_core: HW Variant: nRF54Lx (0x0005)[0m
   1.722  [00:09:58.318,848] [0m<inf> bt_hci_core: Firmware: Standard Bluetooth controller (0x00) Version 4.4 Build 2[0m
   1.722  [00:09:58.319,191] [0m<inf> bt_hci_core: HCI transport: Controller[0m
   1.722  [00:09:58.319,236] [0m<inf> bt_hci_core: Identity: D6:C7:60:B1:D3:0E (random)[0m
   1.722  [00:09:58.319,253] [0m<inf> bt_hci_core: HCI: version 5.4 (0x0d) revision 0x0000, manufacturer 0x05f1[0m
   1.782  [00:09:58.319,268] [0m<inf> bt_hci_core: LMP: version 5.4 (0x0d) subver 0xffff[0m
   1.782  
   1.782  === nRF54L15 RTT ping-pong PERIPHERAL (echo) ===
   1.782  advertising
   1.782  GAP connected interval=7500
   2.822  PHY tx=2 rx=2
   2.823  P t=1s rxkBps=0 blkkBps=0 pongs=0(+0/s) cancels=0(+0/s) notify=0 disc=0(0x00) | echo rx=0 tx=0 pend=0 stale=0
   4.679  P t=2s rxkBps=0 blkkBps=0 pongs=0(+0/s) cancels=0(+0/s) notify=0 disc=0(0x00) | echo rx=0 tx=0 pend=0 stale=0
   4.739  P t=3s rxkBps=0 blkkBps=0 pongs=0(+0/s) cancels=0(+0/s) notify=0 disc=0(0x00) | echo rx=0 tx=0 pend=0 stale=0
   6.718  P t=4s rxkBps=0 blkkBps=0 pongs=0(+0/s) cancels=0(+0/s) notify=0 disc=0(0x00) | echo rx=0 tx=0 pend=0 stale=0
   6.718  GAP disconnected 0x08  lifetime=-1ms pongs_in_conn=0
   6.718  advertising
   6.718  GAP connected interval=7500
   6.718  PHY tx=2 rx=2
   6.718  CCC: notify ENABLED
   6.718  P t=5s rxkBps=0 blkkBps=0 pongs=3(+3/s) cancels=0(+0/s) notify=1 disc=1(0x08) | echo rx=0 tx=0 pend=0 stale=0
   8.684  P t=6s rxkBps=0 blkkBps=0 pongs=69(+66/s) cancels=0(+0/s) notify=1 disc=1(0x08) | echo rx=0 tx=0 pend=0 stale=0
   8.684  P t=7s rxkBps=0 blkkBps=0 pongs=134(+65/s) cancels=0(+0/s) notify=1 disc=1(0x08) | echo rx=0 tx=0 pend=0 stale=0
  10.724  P t=8s rxkBps=0 blkkBps=0 pongs=199(+65/s) cancels=0(+0/s) notify=1 disc=1(0x08) | echo rx=0 tx=0 pend=0 stale=0
  10.724  P t=9s rxkBps=0 blkkBps=0 pongs=264(+65/s) cancels=0(+0/s) notify=1 disc=1(0x08) | echo rx=0 tx=0 pend=0 stale=0
  12.704  P t=10s rxkBps=0 blkkBps=0 pongs=328(+64/s) cancels=0(+0/s) notify=1 disc=1(0x08) | echo rx=0 tx=0 pend=0 stale=0
  12.704  P t=11s rxkBps=0 blkkBps=0 pongs=393(+65/s) cancels=0(+0/s) notify=1 disc=1(0x08) | echo rx=0 tx=0 pend=0 stale=0
  14.732  P t=12s rxkBps=0 blkkBps=0 pongs=458(+65/s) cancels=0(+0/s) notify=1 disc=1(0x08) | echo rx=0 tx=0 pend=0 stale=0
  14.732  P t=13s rxkBps=0 blkkBps=0 pongs=524(+66/s) cancels=0(+0/s) notify=1 disc=1(0x08) | echo rx=0 tx=0 pend=0 stale=0
  16.678  P t=14s rxkBps=0 blkkBps=0 pongs=589(+65/s) cancels=0(+0/s) notify=1 disc=1(0x08) | echo rx=0 tx=0 pend=0 stale=0
  16.731  P t=15s rxkBps=0 blkkBps=0 pongs=654(+65/s) cancels=0(+0/s) notify=1 disc=1(0x08) | echo rx=0 tx=0 pend=0 stale=0
  18.678  P t=16s rxkBps=0 blkkBps=0 pongs=719(+65/s) cancels=0(+0/s) notify=1 disc=1(0x08) | echo rx=0 tx=0 pend=0 stale=0
  18.735  P t=17s rxkBps=0 blkkBps=0 pongs=786(+67/s) cancels=0(+0/s) notify=1 disc=1(0x08) | echo rx=0 tx=0 pend=0 stale=0
  20.707  P t=18s rxkBps=0 blkkBps=0 pongs=850(+64/s) cancels=0(+0/s) notify=1 disc=1(0x08) | echo rx=0 tx=0 pend=0 stale=0
  20.708  P t=19s rxkBps=0 blkkBps=0 pongs=914(+64/s) cancels=0(+0/s) notify=1 disc=1(0x08) | echo rx=0 tx=0 pend=0 stale=0
  22.710  P t=20s rxkBps=0 blkkBps=0 pongs=977(+63/s) cancels=0(+0/s) notify=1 disc=1(0x08) | echo rx=0 tx=0 pend=0 stale=0
  22.710  P t=21s rxkBps=0 blkkBps=0 pongs=1042(+65/s) cancels=0(+0/s) notify=1 disc=1(0x08) | echo rx=0 tx=0 pend=0 stale=0
  24.725  P t=22s rxkBps=0 blkkBps=0 pongs=1108(+66/s) cancels=0(+0/s) notify=1 disc=1(0x08) | echo rx=0 tx=0 pend=0 stale=0
  24.725  P t=23s rxkBps=0 blkkBps=0 pongs=1165(+57/s) cancels=0(+0/s) notify=1 disc=1(0x08) | echo rx=0 tx=0 pend=0 stale=0
  26.697  P t=24s rxkBps=0 blkkBps=0 pongs=1230(+65/s) cancels=0(+0/s) notify=1 disc=1(0x08) | echo rx=0 tx=0 pend=0 stale=0
  26.697  P t=25s rxkBps=0 blkkBps=0 pongs=1295(+65/s) cancels=0(+0/s) notify=1 disc=1(0x08) | echo rx=0 tx=0 pend=0 stale=0
  28.685  P t=26s rxkBps=0 blkkBps=0 pongs=1360(+65/s) cancels=0(+0/s) notify=1 disc=1(0x08) | echo rx=0 tx=0 pend=0 stale=0
  28.745  P t=27s rxkBps=0 blkkBps=0 pongs=1425(+65/s) cancels=0(+0/s) notify=1 disc=1(0x08) | echo rx=0 tx=0 pend=0 stale=0
  30.703  P t=28s rxkBps=0 blkkBps=0 pongs=1491(+66/s) cancels=0(+0/s) notify=1 disc=1(0x08) | echo rx=0 tx=0 pend=0 stale=0
  30.703  P t=29s rxkBps=0 blkkBps=0 pongs=1555(+64/s) cancels=0(+0/s) notify=1 disc=1(0x08) | echo rx=0 tx=0 pend=0 stale=0
  32.718  P t=30s rxkBps=0 blkkBps=0 pongs=1613(+58/s) cancels=0(+0/s) notify=1 disc=1(0x08) | echo rx=0 tx=0 pend=0 stale=0
  32.718  P t=31s rxkBps=0 blkkBps=0 pongs=1674(+61/s) cancels=0(+0/s) notify=1 disc=1(0x08) | echo rx=0 tx=0 pend=0 stale=0
  34.722  P t=32s rxkBps=0 blkkBps=0 pongs=1738(+64/s) cancels=0(+0/s) notify=1 disc=1(0x08) | echo rx=0 tx=0 pend=0 stale=0
  34.722  P t=33s rxkBps=0 blkkBps=0 pongs=1799(+61/s) cancels=0(+0/s) notify=1 disc=1(0x08) | echo rx=0 tx=0 pend=0 stale=0
  36.734  P t=34s rxkBps=0 blkkBps=0 pongs=1860(+61/s) cancels=0(+0/s) notify=1 disc=1(0x08) | echo rx=0 tx=0 pend=0 stale=0
  36.734  P t=35s rxkBps=0 blkkBps=0 pongs=1924(+64/s) cancels=0(+0/s) notify=1 disc=1(0x08) | echo rx=0 tx=0 pend=0 stale=0
  38.682  P t=36s rxkBps=0 blkkBps=0 pongs=1987(+63/s) cancels=0(+0/s) notify=1 disc=1(0x08) | echo rx=0 tx=0 pend=0 stale=0
  38.742  P t=37s rxkBps=0 blkkBps=0 pongs=2054(+67/s) cancels=0(+0/s) notify=1 disc=1(0x08) | echo rx=0 tx=0 pend=0 stale=0
  40.721  P t=38s rxkBps=0 blkkBps=0 pongs=2119(+65/s) cancels=0(+0/s) notify=1 disc=1(0x08) | echo rx=0 tx=0 pend=0 stale=0
  40.721  P t=39s rxkBps=0 blkkBps=0 pongs=2185(+66/s) cancels=0(+0/s) notify=1 disc=1(0x08) | echo rx=0 tx=0 pend=0 stale=0
  42.726  P t=40s rxkBps=0 blkkBps=0 pongs=2251(+66/s) cancels=0(+0/s) notify=1 disc=1(0x08) | echo rx=0 tx=0 pend=0 stale=0
  42.726  P t=41s rxkBps=0 blkkBps=0 pongs=2311(+60/s) cancels=0(+0/s) notify=1 disc=1(0x08) | echo rx=0 tx=0 pend=0 stale=0
  44.732  P t=42s rxkBps=0 blkkBps=0 pongs=2373(+62/s) cancels=0(+0/s) notify=1 disc=1(0x08) | echo rx=0 tx=0 pend=0 stale=0
  44.732  P t=43s rxkBps=0 blkkBps=0 pongs=2437(+64/s) cancels=0(+0/s) notify=1 disc=1(0x08) | echo rx=0 tx=0 pend=0 stale=0
  46.733  P t=44s rxkBps=0 blkkBps=0 pongs=2501(+64/s) cancels=0(+0/s) notify=1 disc=1(0x08) | echo rx=0 tx=0 pend=0 stale=0
  46.733  P t=45s rxkBps=0 blkkBps=0 pongs=2568(+67/s) cancels=0(+0/s) notify=1 disc=1(0x08) | echo rx=0 tx=0 pend=0 stale=0
  48.683  P t=46s rxkBps=0 blkkBps=0 pongs=2633(+65/s) cancels=0(+0/s) notify=1 disc=1(0x08) | echo rx=0 tx=0 pend=0 stale=0
  48.744  P t=47s rxkBps=0 blkkBps=0 pongs=2697(+64/s) cancels=0(+0/s) notify=1 disc=1(0x08) | echo rx=0 tx=0 pend=0 stale=0
  50.691  P t=48s rxkBps=0 blkkBps=0 pongs=2762(+65/s) cancels=0(+0/s) notify=1 disc=1(0x08) | echo rx=0 tx=0 pend=0 stale=0
  50.691  P t=49s rxkBps=0 blkkBps=0 pongs=2828(+66/s) cancels=0(+0/s) notify=1 disc=1(0x08) | echo rx=0 tx=0 pend=0 stale=0
  52.687  P t=50s rxkBps=0 blkkBps=0 pongs=2894(+66/s) cancels=0(+0/s) notify=1 disc=1(0x08) | echo rx=0 tx=0 pend=0 stale=0
  52.746  P t=51s rxkBps=0 blkkBps=0 pongs=2958(+64/s) cancels=0(+0/s) notify=1 disc=1(0x08) | echo rx=0 tx=0 pend=0 stale=0
  54.696  P t=52s rxkBps=0 blkkBps=0 pongs=3023(+65/s) cancels=0(+0/s) notify=1 disc=1(0x08) | echo rx=0 tx=0 pend=0 stale=0
  54.696  P t=53s rxkBps=0 blkkBps=0 pongs=3088(+65/s) cancels=0(+0/s) notify=1 disc=1(0x08) | echo rx=0 tx=0 pend=0 stale=0
  56.686  P t=54s rxkBps=0 blkkBps=0 pongs=3151(+63/s) cancels=0(+0/s) notify=1 disc=1(0x08) | echo rx=0 tx=0 pend=0 stale=0
  56.746  P t=55s rxkBps=0 blkkBps=0 pongs=3216(+65/s) cancels=0(+0/s) notify=1 disc=1(0x08) | echo rx=0 tx=0 pend=0 stale=0
  58.706  P t=56s rxkBps=0 blkkBps=0 pongs=3281(+65/s) cancels=0(+0/s) notify=1 disc=1(0x08) | echo rx=0 tx=0 pend=0 stale=0
  58.707  P t=57s rxkBps=0 blkkBps=0 pongs=3347(+66/s) cancels=0(+0/s) notify=1 disc=1(0x08) | echo rx=0 tx=0 pend=0 stale=0
  60.680  P t=58s rxkBps=0 blkkBps=0 pongs=3413(+66/s) cancels=0(+0/s) notify=1 disc=1(0x08) | echo rx=0 tx=0 pend=0 stale=0
  60.741  P t=59s rxkBps=0 blkkBps=0 pongs=3478(+65/s) cancels=0(+0/s) notify=1 disc=1(0x08) | echo rx=0 tx=0 pend=0 stale=0
  62.718  P t=60s rxkBps=0 blkkBps=0 pongs=3544(+66/s) cancels=0(+0/s) notify=1 disc=1(0x08) | echo rx=0 tx=0 pend=0 stale=0
  62.718  P t=61s rxkBps=0 blkkBps=0 pongs=3609(+65/s) cancels=0(+0/s) notify=1 disc=1(0x08) | echo rx=0 tx=0 pend=0 stale=0
  64.715  P t=62s rxkBps=0 blkkBps=0 pongs=3672(+63/s) cancels=0(+0/s) notify=1 disc=1(0x08) | echo rx=0 tx=0 pend=0 stale=0
  64.715  P t=63s rxkBps=0 blkkBps=0 pongs=3739(+67/s) cancels=0(+0/s) notify=1 disc=1(0x08) | echo rx=0 tx=0 pend=0 stale=0
  66.707  P t=64s rxkBps=0 blkkBps=0 pongs=3805(+66/s) cancels=0(+0/s) notify=1 disc=1(0x08) | echo rx=0 tx=0 pend=0 stale=0
  66.708  P t=65s rxkBps=0 blkkBps=0 pongs=3871(+66/s) cancels=0(+0/s) notify=1 disc=1(0x08) | echo rx=0 tx=0 pend=0 stale=0
  68.692  P t=66s rxkBps=0 blkkBps=24 pongs=3931(+60/s) cancels=0(+0/s) notify=1 disc=1(0x08) | echo rx=0 tx=0 pend=0 stale=0
  68.692  P t=67s rxkBps=0 blkkBps=24 pongs=3988(+57/s) cancels=0(+0/s) notify=1 disc=1(0x08) | echo rx=0 tx=0 pend=0 stale=0
  70.698  P t=68s rxkBps=0 blkkBps=24 pongs=4049(+61/s) cancels=0(+0/s) notify=1 disc=1(0x08) | echo rx=0 tx=0 pend=0 stale=0
  70.699  P t=69s rxkBps=0 blkkBps=24 pongs=4107(+58/s) cancels=0(+0/s) notify=1 disc=1(0x08) | echo rx=0 tx=0 pend=0 stale=0
  72.711  P t=70s rxkBps=0 blkkBps=24 pongs=4167(+60/s) cancels=0(+0/s) notify=1 disc=1(0x08) | echo rx=0 tx=0 pend=0 stale=0
  72.711  P t=71s rxkBps=0 blkkBps=24 pongs=4224(+57/s) cancels=0(+0/s) notify=1 disc=1(0x08) | echo rx=0 tx=0 pend=0 stale=0
  74.719  P t=72s rxkBps=0 blkkBps=24 pongs=4285(+61/s) cancels=0(+0/s) notify=1 disc=1(0x08) | echo rx=0 tx=0 pend=0 stale=0
  74.719  P t=73s rxkBps=0 blkkBps=24 pongs=4347(+62/s) cancels=0(+0/s) notify=1 disc=1(0x08) | echo rx=0 tx=0 pend=0 stale=0
  76.732  P t=74s rxkBps=0 blkkBps=24 pongs=4406(+59/s) cancels=0(+0/s) notify=1 disc=1(0x08) | echo rx=0 tx=0 pend=0 stale=0
  76.732  P t=75s rxkBps=0 blkkBps=24 pongs=4467(+61/s) cancels=0(+0/s) notify=1 disc=1(0x08) | echo rx=0 tx=0 pend=0 stale=0
  78.704  P t=76s rxkBps=0 blkkBps=24 pongs=4526(+59/s) cancels=0(+0/s) notify=1 disc=1(0x08) | echo rx=0 tx=0 pend=0 stale=0
  78.704  P t=77s rxkBps=0 blkkBps=24 pongs=4588(+62/s) cancels=0(+0/s) notify=1 disc=1(0x08) | echo rx=0 tx=0 pend=0 stale=0
  80.718  P t=78s rxkBps=0 blkkBps=24 pongs=4648(+60/s) cancels=0(+0/s) notify=1 disc=1(0x08) | echo rx=0 tx=0 pend=0 stale=0
  80.718  P t=79s rxkBps=0 blkkBps=24 pongs=4707(+59/s) cancels=0(+0/s) notify=1 disc=1(0x08) | echo rx=0 tx=0 pend=0 stale=0
  82.717  P t=80s rxkBps=0 blkkBps=24 pongs=4768(+61/s) cancels=0(+0/s) notify=1 disc=1(0x08) | echo rx=0 tx=0 pend=0 stale=0
  82.717  P t=81s rxkBps=0 blkkBps=24 pongs=4829(+61/s) cancels=0(+0/s) notify=1 disc=1(0x08) | echo rx=0 tx=0 pend=0 stale=0
  84.726  P t=82s rxkBps=0 blkkBps=24 pongs=4889(+60/s) cancels=0(+0/s) notify=1 disc=1(0x08) | echo rx=0 tx=0 pend=0 stale=0
  84.726  P t=83s rxkBps=0 blkkBps=24 pongs=4949(+60/s) cancels=0(+0/s) notify=1 disc=1(0x08) | echo rx=0 tx=0 pend=0 stale=0
  86.727  P t=84s rxkBps=0 blkkBps=24 pongs=5008(+59/s) cancels=0(+0/s) notify=1 disc=1(0x08) | echo rx=0 tx=0 pend=0 stale=0
  86.728  P t=85s rxkBps=0 blkkBps=24 pongs=5067(+59/s) cancels=0(+0/s) notify=1 disc=1(0x08) | echo rx=0 tx=0 pend=0 stale=0
  88.719  P t=86s rxkBps=0 blkkBps=24 pongs=5128(+61/s) cancels=0(+0/s) notify=1 disc=1(0x08) | echo rx=0 tx=0 pend=0 stale=0
  88.719  P t=87s rxkBps=0 blkkBps=24 pongs=5186(+58/s) cancels=0(+0/s) notify=1 disc=1(0x08) | echo rx=0 tx=0 pend=0 stale=0
  90.692  P t=88s rxkBps=0 blkkBps=24 pongs=5245(+59/s) cancels=0(+0/s) notify=1 disc=1(0x08) | echo rx=0 tx=0 pend=0 stale=0
  90.752  P t=89s rxkBps=0 blkkBps=24 pongs=5306(+61/s) cancels=0(+0/s) notify=1 disc=1(0x08) | echo rx=0 tx=0 pend=0 stale=0
  92.709  P t=90s rxkBps=0 blkkBps=24 pongs=5367(+61/s) cancels=0(+0/s) notify=1 disc=1(0x08) | echo rx=0 tx=0 pend=0 stale=0
  92.709  P t=91s rxkBps=0 blkkBps=24 pongs=5427(+60/s) cancels=0(+0/s) notify=1 disc=1(0x08) | echo rx=0 tx=0 pend=0 stale=0
  94.693  P t=92s rxkBps=0 blkkBps=24 pongs=5488(+61/s) cancels=0(+0/s) notify=1 disc=1(0x08) | echo rx=0 tx=0 pend=0 stale=0
  94.747  P t=93s rxkBps=0 blkkBps=24 pongs=5548(+60/s) cancels=0(+0/s) notify=1 disc=1(0x08) | echo rx=0 tx=0 pend=0 stale=0
  96.711  P t=94s rxkBps=0 blkkBps=24 pongs=5609(+61/s) cancels=0(+0/s) notify=1 disc=1(0x08) | echo rx=0 tx=0 pend=0 stale=0
  96.711  P t=95s rxkBps=0 blkkBps=24 pongs=5667(+58/s) cancels=0(+0/s) notify=1 disc=1(0x08) | echo rx=0 tx=0 pend=0 stale=0
  98.736  P t=96s rxkBps=0 blkkBps=24 pongs=5727(+60/s) cancels=0(+0/s) notify=1 disc=1(0x08) | echo rx=0 tx=0 pend=0 stale=0
  98.737  P t=97s rxkBps=0 blkkBps=24 pongs=5785(+58/s) cancels=0(+0/s) notify=1 disc=1(0x08) | echo rx=0 tx=0 pend=0 stale=0
 100.688  P t=98s rxkBps=0 blkkBps=24 pongs=5845(+60/s) cancels=0(+0/s) notify=1 disc=1(0x08) | echo rx=0 tx=0 pend=0 stale=0
 100.748  P t=99s rxkBps=0 blkkBps=24 pongs=5905(+60/s) cancels=0(+0/s) notify=1 disc=1(0x08) | echo rx=0 tx=0 pend=0 stale=0
 102.690  P t=100s rxkBps=0 blkkBps=24 pongs=5966(+61/s) cancels=0(+0/s) notify=1 disc=1(0x08) | echo rx=0 tx=0 pend=0 stale=0
 102.748  P t=101s rxkBps=0 blkkBps=24 pongs=6027(+61/s) cancels=0(+0/s) notify=1 disc=1(0x08) | echo rx=0 tx=0 pend=0 stale=0
 104.723  P t=102s rxkBps=0 blkkBps=24 pongs=6084(+57/s) cancels=0(+0/s) notify=1 disc=1(0x08) | echo rx=0 tx=0 pend=0 stale=0
 104.723  P t=103s rxkBps=0 blkkBps=24 pongs=6143(+59/s) cancels=0(+0/s) notify=1 disc=1(0x08) | echo rx=0 tx=0 pend=0 stale=0
 106.732  P t=104s rxkBps=0 blkkBps=24 pongs=6203(+60/s) cancels=0(+0/s) notify=1 disc=1(0x08) | echo rx=0 tx=0 pend=0 stale=0
 106.732  P t=105s rxkBps=0 blkkBps=24 pongs=6262(+59/s) cancels=0(+0/s) notify=1 disc=1(0x08) | echo rx=0 tx=0 pend=0 stale=0
 108.689  P t=106s rxkBps=0 blkkBps=24 pongs=6322(+60/s) cancels=0(+0/s) notify=1 disc=1(0x08) | echo rx=0 tx=0 pend=0 stale=0
 108.748  P t=107s rxkBps=0 blkkBps=24 pongs=6382(+60/s) cancels=0(+0/s) notify=1 disc=1(0x08) | echo rx=0 tx=0 pend=0 stale=0
 110.735  P t=108s rxkBps=0 blkkBps=24 pongs=6440(+58/s) cancels=0(+0/s) notify=1 disc=1(0x08) | echo rx=0 tx=0 pend=0 stale=0
 110.736  P t=109s rxkBps=0 blkkBps=24 pongs=6502(+62/s) cancels=0(+0/s) notify=1 disc=1(0x08) | echo rx=0 tx=0 pend=0 stale=0
 112.710  P t=110s rxkBps=0 blkkBps=24 pongs=6563(+61/s) cancels=0(+0/s) notify=1 disc=1(0x08) | echo rx=0 tx=0 pend=0 stale=0
 112.711  P t=111s rxkBps=0 blkkBps=24 pongs=6623(+60/s) cancels=0(+0/s) notify=1 disc=1(0x08) | echo rx=0 tx=0 pend=0 stale=0
 114.692  P t=112s rxkBps=0 blkkBps=24 pongs=6684(+61/s) cancels=0(+0/s) notify=1 disc=1(0x08) | echo rx=0 tx=0 pend=0 stale=0
 114.748  P t=113s rxkBps=0 blkkBps=24 pongs=6745(+61/s) cancels=0(+0/s) notify=1 disc=1(0x08) | echo rx=0 tx=0 pend=0 stale=0
 116.707  P t=114s rxkBps=0 blkkBps=24 pongs=6805(+60/s) cancels=0(+0/s) notify=1 disc=1(0x08) | echo rx=0 tx=0 pend=0 stale=0
 116.707  P t=115s rxkBps=0 blkkBps=24 pongs=6867(+62/s) cancels=0(+0/s) notify=1 disc=1(0x08) | echo rx=0 tx=0 pend=0 stale=0
 118.732  P t=116s rxkBps=0 blkkBps=24 pongs=6926(+59/s) cancels=0(+0/s) notify=1 disc=1(0x08) | echo rx=0 tx=0 pend=0 stale=0
 118.732  P t=117s rxkBps=0 blkkBps=24 pongs=6988(+62/s) cancels=0(+0/s) notify=1 disc=1(0x08) | echo rx=0 tx=0 pend=0 stale=0
 120.691  P t=118s rxkBps=0 blkkBps=24 pongs=7049(+61/s) cancels=0(+0/s) notify=1 disc=1(0x08) | echo rx=0 tx=0 pend=0 stale=0
 120.749  P t=119s rxkBps=0 blkkBps=24 pongs=7109(+60/s) cancels=0(+0/s) notify=1 disc=1(0x08) | echo rx=0 tx=0 pend=0 stale=0
 122.691  P t=120s rxkBps=0 blkkBps=24 pongs=7170(+61/s) cancels=0(+0/s) notify=1 disc=1(0x08) | echo rx=0 tx=0 pend=0 stale=0
 122.752  P t=121s rxkBps=0 blkkBps=24 pongs=7230(+60/s) cancels=0(+0/s) notify=1 disc=1(0x08) | echo rx=0 tx=0 pend=0 stale=0
 124.747  P t=122s rxkBps=0 blkkBps=24 pongs=7292(+62/s) cancels=0(+0/s) notify=1 disc=1(0x08) | echo rx=0 tx=0 pend=0 stale=0
 124.747  P t=123s rxkBps=0 blkkBps=24 pongs=7353(+61/s) cancels=0(+0/s) notify=1 disc=1(0x08) | echo rx=0 tx=0 pend=0 stale=0
 126.693  P t=124s rxkBps=0 blkkBps=24 pongs=7413(+60/s) cancels=0(+0/s) notify=1 disc=1(0x08) | echo rx=0 tx=0 pend=0 stale=0
 126.753  P t=125s rxkBps=0 blkkBps=24 pongs=7475(+62/s) cancels=0(+0/s) notify=1 disc=1(0x08) | echo rx=0 tx=0 pend=0 stale=0
 128.688  P t=126s rxkBps=0 blkkBps=49 pongs=7530(+55/s) cancels=0(+0/s) notify=1 disc=1(0x08) | echo rx=0 tx=0 pend=0 stale=0
 128.748  P t=127s rxkBps=0 blkkBps=49 pongs=7586(+56/s) cancels=0(+0/s) notify=1 disc=1(0x08) | echo rx=0 tx=0 pend=0 stale=0
 130.737  P t=128s rxkBps=0 blkkBps=49 pongs=7640(+54/s) cancels=0(+0/s) notify=1 disc=1(0x08) | echo rx=0 tx=0 pend=0 stale=0
 130.737  P t=129s rxkBps=0 blkkBps=49 pongs=7695(+55/s) cancels=0(+0/s) notify=1 disc=1(0x08) | echo rx=0 tx=0 pend=0 stale=0
 132.701  P t=130s rxkBps=0 blkkBps=49 pongs=7751(+56/s) cancels=0(+0/s) notify=1 disc=1(0x08) | echo rx=0 tx=0 pend=0 stale=0
 132.701  P t=131s rxkBps=0 blkkBps=49 pongs=7809(+58/s) cancels=0(+0/s) notify=1 disc=1(0x08) | echo rx=0 tx=0 pend=0 stale=0
 134.719  P t=132s rxkBps=0 blkkBps=49 pongs=7862(+53/s) cancels=0(+0/s) notify=1 disc=1(0x08) | echo rx=0 tx=0 pend=0 stale=0
 134.719  P t=133s rxkBps=0 blkkBps=49 pongs=7915(+53/s) cancels=0(+0/s) notify=1 disc=1(0x08) | echo rx=0 tx=0 pend=0 stale=0
 136.699  P t=134s rxkBps=0 blkkBps=49 pongs=7969(+54/s) cancels=0(+0/s) notify=1 disc=1(0x08) | echo rx=0 tx=0 pend=0 stale=0
 136.759  P t=135s rxkBps=0 blkkBps=49 pongs=8022(+53/s) cancels=0(+0/s) notify=1 disc=1(0x08) | echo rx=0 tx=0 pend=0 stale=0
 138.697  P t=136s rxkBps=0 blkkBps=49 pongs=8079(+57/s) cancels=0(+0/s) notify=1 disc=1(0x08) | echo rx=0 tx=0 pend=0 stale=0
 138.756  P t=137s rxkBps=0 blkkBps=49 pongs=8133(+54/s) cancels=0(+0/s) notify=1 disc=1(0x08) | echo rx=0 tx=0 pend=0 stale=0
 140.718  P t=138s rxkBps=0 blkkBps=49 pongs=8187(+54/s) cancels=0(+0/s) notify=1 disc=1(0x08) | echo rx=0 tx=0 pend=0 stale=0
 140.718  P t=139s rxkBps=0 blkkBps=49 pongs=8242(+55/s) cancels=0(+0/s) notify=1 disc=1(0x08) | echo rx=0 tx=0 pend=0 stale=0
 142.723  P t=140s rxkBps=0 blkkBps=49 pongs=8298(+56/s) cancels=0(+0/s) notify=1 disc=1(0x08) | echo rx=0 tx=0 pend=0 stale=0
 142.723  P t=141s rxkBps=0 blkkBps=49 pongs=8352(+54/s) cancels=0(+0/s) notify=1 disc=1(0x08) | echo rx=0 tx=0 pend=0 stale=0
 144.720  P t=142s rxkBps=0 blkkBps=49 pongs=8407(+55/s) cancels=0(+0/s) notify=1 disc=1(0x08) | echo rx=0 tx=0 pend=0 stale=0
 144.720  P t=143s rxkBps=0 blkkBps=49 pongs=8462(+55/s) cancels=0(+0/s) notify=1 disc=1(0x08) | echo rx=0 tx=0 pend=0 stale=0
 146.710  P t=144s rxkBps=0 blkkBps=49 pongs=8516(+54/s) cancels=0(+0/s) notify=1 disc=1(0x08) | echo rx=0 tx=0 pend=0 stale=0
 146.710  P t=145s rxkBps=0 blkkBps=49 pongs=8571(+55/s) cancels=0(+0/s) notify=1 disc=1(0x08) | echo rx=0 tx=0 pend=0 stale=0
 148.693  P t=146s rxkBps=0 blkkBps=49 pongs=8626(+55/s) cancels=0(+0/s) notify=1 disc=1(0x08) | echo rx=0 tx=0 pend=0 stale=0
 148.754  P t=147s rxkBps=0 blkkBps=49 pongs=8683(+57/s) cancels=0(+0/s) notify=1 disc=1(0x08) | echo rx=0 tx=0 pend=0 stale=0
 150.701  P t=148s rxkBps=0 blkkBps=49 pongs=8738(+55/s) cancels=0(+0/s) notify=1 disc=1(0x08) | echo rx=0 tx=0 pend=0 stale=0
 150.701  P t=149s rxkBps=0 blkkBps=49 pongs=8792(+54/s) cancels=0(+0/s) notify=1 disc=1(0x08) | echo rx=0 tx=0 pend=0 stale=0
 152.710  P t=150s rxkBps=0 blkkBps=49 pongs=8848(+56/s) cancels=0(+0/s) notify=1 disc=1(0x08) | echo rx=0 tx=0 pend=0 stale=0
 152.710  P t=151s rxkBps=0 blkkBps=49 pongs=8902(+54/s) cancels=0(+0/s) notify=1 disc=1(0x08) | echo rx=0 tx=0 pend=0 stale=0
 154.721  P t=152s rxkBps=0 blkkBps=49 pongs=8958(+56/s) cancels=0(+0/s) notify=1 disc=1(0x08) | echo rx=0 tx=0 pend=0 stale=0
 154.722  P t=153s rxkBps=0 blkkBps=49 pongs=9015(+57/s) cancels=0(+0/s) notify=1 disc=1(0x08) | echo rx=0 tx=0 pend=0 stale=0
 156.695  P t=154s rxkBps=0 blkkBps=49 pongs=9070(+55/s) cancels=0(+0/s) notify=1 disc=1(0x08) | echo rx=0 tx=0 pend=0 stale=0
 156.756  P t=155s rxkBps=0 blkkBps=49 pongs=9126(+56/s) cancels=0(+0/s) notify=1 disc=1(0x08) | echo rx=0 tx=0 pend=0 stale=0
 158.721  P t=156s rxkBps=0 blkkBps=49 pongs=9181(+55/s) cancels=0(+0/s) notify=1 disc=1(0x08) | echo rx=0 tx=0 pend=0 stale=0
 158.721  P t=157s rxkBps=0 blkkBps=49 pongs=9235(+54/s) cancels=0(+0/s) notify=1 disc=1(0x08) | echo rx=0 tx=0 pend=0 stale=0
 160.710  P t=158s rxkBps=0 blkkBps=49 pongs=9289(+54/s) cancels=0(+0/s) notify=1 disc=1(0x08) | echo rx=0 tx=0 pend=0 stale=0
 160.710  P t=159s rxkBps=0 blkkBps=49 pongs=9343(+54/s) cancels=0(+0/s) notify=1 disc=1(0x08) | echo rx=0 tx=0 pend=0 stale=0
 162.746  P t=160s rxkBps=0 blkkBps=49 pongs=9399(+56/s) cancels=0(+0/s) notify=1 disc=1(0x08) | echo rx=0 tx=0 pend=0 stale=0
 162.746  P t=161s rxkBps=0 blkkBps=49 pongs=9454(+55/s) cancels=0(+0/s) notify=1 disc=1(0x08) | echo rx=0 tx=0 pend=0 stale=0
 164.718  P t=162s rxkBps=0 blkkBps=49 pongs=9509(+55/s) cancels=0(+0/s) notify=1 disc=1(0x08) | echo rx=0 tx=0 pend=0 stale=0
 164.718  P t=163s rxkBps=0 blkkBps=49 pongs=9566(+57/s) cancels=0(+0/s) notify=1 disc=1(0x08) | echo rx=0 tx=0 pend=0 stale=0
 166.717  P t=164s rxkBps=0 blkkBps=49 pongs=9620(+54/s) cancels=0(+0/s) notify=1 disc=1(0x08) | echo rx=0 tx=0 pend=0 stale=0
 166.718  P t=165s rxkBps=0 blkkBps=49 pongs=9675(+55/s) cancels=0(+0/s) notify=1 disc=1(0x08) | echo rx=0 tx=0 pend=0 stale=0
 168.721  P t=166s rxkBps=0 blkkBps=49 pongs=9730(+55/s) cancels=0(+0/s) notify=1 disc=1(0x08) | echo rx=0 tx=0 pend=0 stale=0
 168.722  P t=167s rxkBps=0 blkkBps=49 pongs=9785(+55/s) cancels=0(+0/s) notify=1 disc=1(0x08) | echo rx=0 tx=0 pend=0 stale=0
 170.699  P t=168s rxkBps=0 blkkBps=49 pongs=9841(+56/s) cancels=0(+0/s) notify=1 disc=1(0x08) | echo rx=0 tx=0 pend=0 stale=0
 170.759  P t=169s rxkBps=0 blkkBps=49 pongs=9896(+55/s) cancels=0(+0/s) notify=1 disc=1(0x08) | echo rx=0 tx=0 pend=0 stale=0
 172.715  P t=170s rxkBps=0 blkkBps=49 pongs=9950(+54/s) cancels=0(+0/s) notify=1 disc=1(0x08) | echo rx=0 tx=0 pend=0 stale=0
 172.715  P t=171s rxkBps=0 blkkBps=49 pongs=10005(+55/s) cancels=0(+0/s) notify=1 disc=1(0x08) | echo rx=0 tx=0 pend=0 stale=0
 174.718  P t=172s rxkBps=0 blkkBps=49 pongs=10062(+57/s) cancels=0(+0/s) notify=1 disc=1(0x08) | echo rx=0 tx=0 pend=0 stale=0
 174.718  P t=173s rxkBps=0 blkkBps=49 pongs=10118(+56/s) cancels=0(+0/s) notify=1 disc=1(0x08) | echo rx=0 tx=0 pend=0 stale=0
 176.721  P t=174s rxkBps=0 blkkBps=49 pongs=10174(+56/s) cancels=0(+0/s) notify=1 disc=1(0x08) | echo rx=0 tx=0 pend=0 stale=0
 176.722  P t=175s rxkBps=0 blkkBps=49 pongs=10230(+56/s) cancels=0(+0/s) notify=1 disc=1(0x08) | echo rx=0 tx=0 pend=0 stale=0
 178.749  P t=176s rxkBps=0 blkkBps=49 pongs=10283(+53/s) cancels=0(+0/s) notify=1 disc=1(0x08) | echo rx=0 tx=0 pend=0 stale=0
 178.749  P t=177s rxkBps=0 blkkBps=49 pongs=10336(+53/s) cancels=0(+0/s) notify=1 disc=1(0x08) | echo rx=0 tx=0 pend=0 stale=0
 180.719  P t=178s rxkBps=0 blkkBps=49 pongs=10392(+56/s) cancels=0(+0/s) notify=1 disc=1(0x08) | echo rx=0 tx=0 pend=0 stale=0
 180.719  P t=179s rxkBps=0 blkkBps=49 pongs=10447(+55/s) cancels=0(+0/s) notify=1 disc=1(0x08) | echo rx=0 tx=0 pend=0 stale=0
 182.709  P t=180s rxkBps=0 blkkBps=49 pongs=10504(+57/s) cancels=0(+0/s) notify=1 disc=1(0x08) | echo rx=0 tx=0 pend=0 stale=0
 182.709  P t=181s rxkBps=0 blkkBps=49 pongs=10557(+53/s) cancels=0(+0/s) notify=1 disc=1(0x08) | echo rx=0 tx=0 pend=0 stale=0
 184.736  P t=182s rxkBps=0 blkkBps=49 pongs=10613(+56/s) cancels=0(+0/s) notify=1 disc=1(0x08) | echo rx=0 tx=0 pend=0 stale=0
 184.736  P t=183s rxkBps=0 blkkBps=49 pongs=10667(+54/s) cancels=0(+0/s) notify=1 disc=1(0x08) | echo rx=0 tx=0 pend=0 stale=0
 186.733  P t=184s rxkBps=0 blkkBps=49 pongs=10722(+55/s) cancels=0(+0/s) notify=1 disc=1(0x08) | echo rx=0 tx=0 pend=0 stale=0
 186.733  P t=185s rxkBps=0 blkkBps=49 pongs=10778(+56/s) cancels=0(+0/s) notify=1 disc=1(0x08) | echo rx=0 tx=0 pend=0 stale=0
 188.729  P t=186s rxkBps=0 blkkBps=74 pongs=10828(+50/s) cancels=0(+0/s) notify=1 disc=1(0x08) | echo rx=0 tx=0 pend=0 stale=0
 188.729  P t=187s rxkBps=0 blkkBps=74 pongs=10876(+48/s) cancels=0(+0/s) notify=1 disc=1(0x08) | echo rx=0 tx=0 pend=0 stale=0
 190.714  P t=188s rxkBps=0 blkkBps=74 pongs=10926(+50/s) cancels=0(+0/s) notify=1 disc=1(0x08) | echo rx=0 tx=0 pend=0 stale=0
 190.714  P t=189s rxkBps=0 blkkBps=74 pongs=10975(+49/s) cancels=0(+0/s) notify=1 disc=1(0x08) | echo rx=0 tx=0 pend=0 stale=0
 192.712  P t=190s rxkBps=0 blkkBps=74 pongs=11025(+50/s) cancels=0(+0/s) notify=1 disc=1(0x08) | echo rx=0 tx=0 pend=0 stale=0
 192.712  P t=191s rxkBps=0 blkkBps=74 pongs=11076(+51/s) cancels=0(+0/s) notify=1 disc=1(0x08) | echo rx=0 tx=0 pend=0 stale=0
 194.718  P t=192s rxkBps=0 blkkBps=74 pongs=11127(+51/s) cancels=0(+0/s) notify=1 disc=1(0x08) | echo rx=0 tx=0 pend=0 stale=0
 194.718  P t=193s rxkBps=0 blkkBps=74 pongs=11177(+50/s) cancels=0(+0/s) notify=1 disc=1(0x08) | echo rx=0 tx=0 pend=0 stale=0
 196.700  P t=194s rxkBps=0 blkkBps=74 pongs=11225(+48/s) cancels=0(+0/s) notify=1 disc=1(0x08) | echo rx=0 tx=0 pend=0 stale=0
 196.760  P t=195s rxkBps=0 blkkBps=74 pongs=11273(+48/s) cancels=0(+0/s) notify=1 disc=1(0x08) | echo rx=0 tx=0 pend=0 stale=0
 198.709  P t=196s rxkBps=0 blkkBps=74 pongs=11323(+50/s) cancels=0(+0/s) notify=1 disc=1(0x08) | echo rx=0 tx=0 pend=0 stale=0
 198.709  P t=197s rxkBps=0 blkkBps=74 pongs=11374(+51/s) cancels=0(+0/s) notify=1 disc=1(0x08) | echo rx=0 tx=0 pend=0 stale=0
 200.752  P t=198s rxkBps=0 blkkBps=74 pongs=11423(+49/s) cancels=0(+0/s) notify=1 disc=1(0x08) | echo rx=0 tx=0 pend=0 stale=0
 200.752  P t=199s rxkBps=0 blkkBps=74 pongs=11473(+50/s) cancels=0(+0/s) notify=1 disc=1(0x08) | echo rx=0 tx=0 pend=0 stale=0
 202.742  P t=200s rxkBps=0 blkkBps=74 pongs=11521(+48/s) cancels=0(+0/s) notify=1 disc=1(0x08) | echo rx=0 tx=0 pend=0 stale=0
 202.742  P t=201s rxkBps=0 blkkBps=74 pongs=11571(+50/s) cancels=0(+0/s) notify=1 disc=1(0x08) | echo rx=0 tx=0 pend=0 stale=0
 204.732  P t=202s rxkBps=0 blkkBps=74 pongs=11619(+48/s) cancels=0(+0/s) notify=1 disc=1(0x08) | echo rx=0 tx=0 pend=0 stale=0
 204.732  P t=203s rxkBps=0 blkkBps=74 pongs=11671(+52/s) cancels=0(+0/s) notify=1 disc=1(0x08) | echo rx=0 tx=0 pend=0 stale=0
 206.703  P t=204s rxkBps=0 blkkBps=74 pongs=11722(+51/s) cancels=0(+0/s) notify=1 disc=1(0x08) | echo rx=0 tx=0 pend=0 stale=0
 206.763  P t=205s rxkBps=0 blkkBps=74 pongs=11771(+49/s) cancels=0(+0/s) notify=1 disc=1(0x08) | echo rx=0 tx=0 pend=0 stale=0
 208.743  P t=206s rxkBps=0 blkkBps=74 pongs=11823(+52/s) cancels=0(+0/s) notify=1 disc=1(0x08) | echo rx=0 tx=0 pend=0 stale=0
 208.743  P t=207s rxkBps=0 blkkBps=74 pongs=11870(+47/s) cancels=0(+0/s) notify=1 disc=1(0x08) | echo rx=0 tx=0 pend=0 stale=0
 210.715  P t=208s rxkBps=0 blkkBps=74 pongs=11921(+51/s) cancels=0(+0/s) notify=1 disc=1(0x08) | echo rx=0 tx=0 pend=0 stale=0
 210.715  P t=209s rxkBps=0 blkkBps=74 pongs=11971(+50/s) cancels=0(+0/s) notify=1 disc=1(0x08) | echo rx=0 tx=0 pend=0 stale=0
 212.743  P t=210s rxkBps=0 blkkBps=74 pongs=12019(+48/s) cancels=0(+0/s) notify=1 disc=1(0x08) | echo rx=0 tx=0 pend=0 stale=0
 212.743  P t=211s rxkBps=0 blkkBps=74 pongs=12071(+52/s) cancels=0(+0/s) notify=1 disc=1(0x08) | echo rx=0 tx=0 pend=0 stale=0
 214.706  P t=212s rxkBps=0 blkkBps=74 pongs=12122(+51/s) cancels=0(+0/s) notify=1 disc=1(0x08) | echo rx=0 tx=0 pend=0 stale=0
 214.765  P t=213s rxkBps=0 blkkBps=74 pongs=12170(+48/s) cancels=0(+0/s) notify=1 disc=1(0x08) | echo rx=0 tx=0 pend=0 stale=0
 216.738  P t=214s rxkBps=0 blkkBps=74 pongs=12217(+47/s) cancels=0(+0/s) notify=1 disc=1(0x08) | echo rx=0 tx=0 pend=0 stale=0
 216.738  P t=215s rxkBps=0 blkkBps=74 pongs=12269(+52/s) cancels=0(+0/s) notify=1 disc=1(0x08) | echo rx=0 tx=0 pend=0 stale=0
 218.703  P t=216s rxkBps=0 blkkBps=74 pongs=12318(+49/s) cancels=0(+0/s) notify=1 disc=1(0x08) | echo rx=0 tx=0 pend=0 stale=0
 218.764  P t=217s rxkBps=0 blkkBps=74 pongs=12368(+50/s) cancels=0(+0/s) notify=1 disc=1(0x08) | echo rx=0 tx=0 pend=0 stale=0
 220.732  P t=218s rxkBps=0 blkkBps=74 pongs=12419(+51/s) cancels=0(+0/s) notify=1 disc=1(0x08) | echo rx=0 tx=0 pend=0 stale=0
 220.732  P t=219s rxkBps=0 blkkBps=74 pongs=12468(+49/s) cancels=0(+0/s) notify=1 disc=1(0x08) | echo rx=0 tx=0 pend=0 stale=0
 222.760  P t=220s rxkBps=0 blkkBps=74 pongs=12520(+52/s) cancels=0(+0/s) notify=1 disc=1(0x08) | echo rx=0 tx=0 pend=0 stale=0
 222.761  P t=221s rxkBps=0 blkkBps=74 pongs=12569(+49/s) cancels=0(+0/s) notify=1 disc=1(0x08) | echo rx=0 tx=0 pend=0 stale=0
 224.738  P t=222s rxkBps=0 blkkBps=74 pongs=12618(+49/s) cancels=0(+0/s) notify=1 disc=1(0x08) | echo rx=0 tx=0 pend=0 stale=0
 224.739  P t=223s rxkBps=0 blkkBps=74 pongs=12668(+50/s) cancels=0(+0/s) notify=1 disc=1(0x08) | echo rx=0 tx=0 pend=0 stale=0
 226.736  P t=224s rxkBps=0 blkkBps=74 pongs=12717(+49/s) cancels=0(+0/s) notify=1 disc=1(0x08) | echo rx=0 tx=0 pend=0 stale=0
 226.737  P t=225s rxkBps=0 blkkBps=74 pongs=12766(+49/s) cancels=0(+0/s) notify=1 disc=1(0x08) | echo rx=0 tx=0 pend=0 stale=0
 228.732  P t=226s rxkBps=0 blkkBps=74 pongs=12816(+50/s) cancels=0(+0/s) notify=1 disc=1(0x08) | echo rx=0 tx=0 pend=0 stale=0
 228.733  P t=227s rxkBps=0 blkkBps=74 pongs=12867(+51/s) cancels=0(+0/s) notify=1 disc=1(0x08) | echo rx=0 tx=0 pend=0 stale=0
 230.760  P t=228s rxkBps=0 blkkBps=74 pongs=12916(+49/s) cancels=0(+0/s) notify=1 disc=1(0x08) | echo rx=0 tx=0 pend=0 stale=0
 230.760  P t=229s rxkBps=0 blkkBps=74 pongs=12966(+50/s) cancels=0(+0/s) notify=1 disc=1(0x08) | echo rx=0 tx=0 pend=0 stale=0
 232.763  P t=230s rxkBps=0 blkkBps=74 pongs=13016(+50/s) cancels=0(+0/s) notify=1 disc=1(0x08) | echo rx=0 tx=0 pend=0 stale=0
 232.764  P t=231s rxkBps=0 blkkBps=74 pongs=13065(+49/s) cancels=0(+0/s) notify=1 disc=1(0x08) | echo rx=0 tx=0 pend=0 stale=0
 234.729  P t=232s rxkBps=0 blkkBps=74 pongs=13115(+50/s) cancels=0(+0/s) notify=1 disc=1(0x08) | echo rx=0 tx=0 pend=0 stale=0
 234.729  P t=233s rxkBps=0 blkkBps=74 pongs=13161(+46/s) cancels=0(+0/s) notify=1 disc=1(0x08) | echo rx=0 tx=0 pend=0 stale=0
 236.762  P t=234s rxkBps=0 blkkBps=74 pongs=13211(+50/s) cancels=0(+0/s) notify=1 disc=1(0x08) | echo rx=0 tx=0 pend=0 stale=0
 236.762  P t=235s rxkBps=0 blkkBps=74 pongs=13248(+37/s) cancels=0(+0/s) notify=1 disc=1(0x08) | echo rx=0 tx=0 pend=0 stale=0
 238.762  P t=236s rxkBps=0 blkkBps=74 pongs=13292(+44/s) cancels=0(+0/s) notify=1 disc=1(0x08) | echo rx=0 tx=0 pend=0 stale=0
 238.762  P t=237s rxkBps=0 blkkBps=74 pongs=13344(+52/s) cancels=0(+0/s) notify=1 disc=1(0x08) | echo rx=0 tx=0 pend=0 stale=0
 240.732  P t=238s rxkBps=0 blkkBps=74 pongs=13393(+49/s) cancels=0(+0/s) notify=1 disc=1(0x08) | echo rx=0 tx=0 pend=0 stale=0
 240.732  P t=239s rxkBps=0 blkkBps=74 pongs=13442(+49/s) cancels=0(+0/s) notify=1 disc=1(0x08) | echo rx=0 tx=0 pend=0 stale=0
 242.752  P t=240s rxkBps=0 blkkBps=74 pongs=13494(+52/s) cancels=0(+0/s) notify=1 disc=1(0x08) | echo rx=0 tx=0 pend=0 stale=0
 242.753  P t=241s rxkBps=0 blkkBps=74 pongs=13543(+49/s) cancels=0(+0/s) notify=1 disc=1(0x08) | echo rx=0 tx=0 pend=0 stale=0
 244.744  P t=242s rxkBps=0 blkkBps=74 pongs=13593(+50/s) cancels=0(+0/s) notify=1 disc=1(0x08) | echo rx=0 tx=0 pend=0 stale=0
 244.744  P t=243s rxkBps=0 blkkBps=74 pongs=13644(+51/s) cancels=0(+0/s) notify=1 disc=1(0x08) | echo rx=0 tx=0 pend=0 stale=0
 246.745  P t=244s rxkBps=0 blkkBps=74 pongs=13693(+49/s) cancels=0(+0/s) notify=1 disc=1(0x08) | echo rx=0 tx=0 pend=0 stale=0
 246.745  P t=245s rxkBps=0 blkkBps=74 pongs=13741(+48/s) cancels=0(+0/s) notify=1 disc=1(0x08) | echo rx=0 tx=0 pend=0 stale=0
 248.727  P t=246s rxkBps=0 blkkBps=99 pongs=13785(+44/s) cancels=0(+0/s) notify=1 disc=1(0x08) | echo rx=0 tx=0 pend=0 stale=0
 248.786  P t=247s rxkBps=0 blkkBps=99 pongs=13830(+45/s) cancels=0(+0/s) notify=1 disc=1(0x08) | echo rx=0 tx=0 pend=0 stale=0
 250.769  P t=248s rxkBps=0 blkkBps=99 pongs=13873(+43/s) cancels=0(+0/s) notify=1 disc=1(0x08) | echo rx=0 tx=0 pend=0 stale=0
 250.769  P t=249s rxkBps=0 blkkBps=99 pongs=13920(+47/s) cancels=0(+0/s) notify=1 disc=1(0x08) | echo rx=0 tx=0 pend=0 stale=0
 252.758  P t=250s rxkBps=0 blkkBps=99 pongs=13960(+40/s) cancels=0(+0/s) notify=1 disc=1(0x08) | echo rx=0 tx=0 pend=0 stale=0
 252.758  P t=251s rxkBps=0 blkkBps=99 pongs=13997(+37/s) cancels=0(+0/s) notify=1 disc=1(0x08) | echo rx=0 tx=0 pend=0 stale=0
 254.757  P t=252s rxkBps=0 blkkBps=99 pongs=14036(+39/s) cancels=0(+0/s) notify=1 disc=1(0x08) | echo rx=0 tx=0 pend=0 stale=0
 254.757  P t=253s rxkBps=0 blkkBps=99 pongs=14080(+44/s) cancels=0(+0/s) notify=1 disc=1(0x08) | echo rx=0 tx=0 pend=0 stale=0
 256.750  P t=254s rxkBps=0 blkkBps=99 pongs=14121(+41/s) cancels=0(+0/s) notify=1 disc=1(0x08) | echo rx=0 tx=0 pend=0 stale=0
 256.750  P t=255s rxkBps=0 blkkBps=99 pongs=14163(+42/s) cancels=0(+0/s) notify=1 disc=1(0x08) | echo rx=0 tx=0 pend=0 stale=0
 258.724  P t=256s rxkBps=0 blkkBps=99 pongs=14208(+45/s) cancels=0(+0/s) notify=1 disc=1(0x08) | echo rx=0 tx=0 pend=0 stale=0
 258.783  P t=257s rxkBps=0 blkkBps=99 pongs=14253(+45/s) cancels=0(+0/s) notify=1 disc=1(0x08) | echo rx=0 tx=0 pend=0 stale=0
 260.728  P t=258s rxkBps=0 blkkBps=99 pongs=14297(+44/s) cancels=0(+0/s) notify=1 disc=1(0x08) | echo rx=0 tx=0 pend=0 stale=0
 260.788  P t=259s rxkBps=0 blkkBps=99 pongs=14341(+44/s) cancels=0(+0/s) notify=1 disc=1(0x08) | echo rx=0 tx=0 pend=0 stale=0
 262.768  P t=260s rxkBps=0 blkkBps=99 pongs=14386(+45/s) cancels=0(+0/s) notify=1 disc=1(0x08) | echo rx=0 tx=0 pend=0 stale=0
 262.768  P t=261s rxkBps=0 blkkBps=99 pongs=14431(+45/s) cancels=0(+0/s) notify=1 disc=1(0x08) | echo rx=0 tx=0 pend=0 stale=0
 264.724  P t=262s rxkBps=0 blkkBps=99 pongs=14475(+44/s) cancels=0(+0/s) notify=1 disc=1(0x08) | echo rx=0 tx=0 pend=0 stale=0
 264.783  P t=263s rxkBps=0 blkkBps=99 pongs=14517(+42/s) cancels=0(+0/s) notify=1 disc=1(0x08) | echo rx=0 tx=0 pend=0 stale=0
 266.777  P t=264s rxkBps=0 blkkBps=99 pongs=14563(+46/s) cancels=0(+0/s) notify=1 disc=1(0x08) | echo rx=0 tx=0 pend=0 stale=0
 266.777  P t=265s rxkBps=0 blkkBps=99 pongs=14607(+44/s) cancels=0(+0/s) notify=1 disc=1(0x08) | echo rx=0 tx=0 pend=0 stale=0
 268.730  P t=266s rxkBps=0 blkkBps=99 pongs=14653(+46/s) cancels=0(+0/s) notify=1 disc=1(0x08) | echo rx=0 tx=0 pend=0 stale=0
 268.788  P t=267s rxkBps=0 blkkBps=99 pongs=14698(+45/s) cancels=0(+0/s) notify=1 disc=1(0x08) | echo rx=0 tx=0 pend=0 stale=0
 270.725  P t=268s rxkBps=0 blkkBps=99 pongs=14743(+45/s) cancels=0(+0/s) notify=1 disc=1(0x08) | echo rx=0 tx=0 pend=0 stale=0
 270.783  P t=269s rxkBps=0 blkkBps=99 pongs=14788(+45/s) cancels=0(+0/s) notify=1 disc=1(0x08) | echo rx=0 tx=0 pend=0 stale=0
 272.753  P t=270s rxkBps=0 blkkBps=99 pongs=14832(+44/s) cancels=0(+0/s) notify=1 disc=1(0x08) | echo rx=0 tx=0 pend=0 stale=0
 272.753  P t=271s rxkBps=0 blkkBps=99 pongs=14877(+45/s) cancels=0(+0/s) notify=1 disc=1(0x08) | echo rx=0 tx=0 pend=0 stale=0
 274.726  P t=272s rxkBps=0 blkkBps=99 pongs=14919(+42/s) cancels=0(+0/s) notify=1 disc=1(0x08) | echo rx=0 tx=0 pend=0 stale=0
 274.786  P t=273s rxkBps=0 blkkBps=99 pongs=14965(+46/s) cancels=0(+0/s) notify=1 disc=1(0x08) | echo rx=0 tx=0 pend=0 stale=0
 276.736  P t=274s rxkBps=0 blkkBps=99 pongs=15008(+43/s) cancels=0(+0/s) notify=1 disc=1(0x08) | echo rx=0 tx=0 pend=0 stale=0
 276.736  P t=275s rxkBps=0 blkkBps=99 pongs=15052(+44/s) cancels=0(+0/s) notify=1 disc=1(0x08) | echo rx=0 tx=0 pend=0 stale=0
 278.741  P t=276s rxkBps=0 blkkBps=99 pongs=15096(+44/s) cancels=0(+0/s) notify=1 disc=1(0x08) | echo rx=0 tx=0 pend=0 stale=0
 278.741  P t=277s rxkBps=0 blkkBps=99 pongs=15139(+43/s) cancels=0(+0/s) notify=1 disc=1(0x08) | echo rx=0 tx=0 pend=0 stale=0
 280.740  P t=278s rxkBps=0 blkkBps=99 pongs=15184(+45/s) cancels=0(+0/s) notify=1 disc=1(0x08) | echo rx=0 tx=0 pend=0 stale=0
 280.740  P t=279s rxkBps=0 blkkBps=99 pongs=15230(+46/s) cancels=0(+0/s) notify=1 disc=1(0x08) | echo rx=0 tx=0 pend=0 stale=0
 282.757  P t=280s rxkBps=0 blkkBps=99 pongs=15269(+39/s) cancels=0(+0/s) notify=1 disc=1(0x08) | echo rx=0 tx=0 pend=0 stale=0
 282.757  P t=281s rxkBps=0 blkkBps=99 pongs=15309(+40/s) cancels=0(+0/s) notify=1 disc=1(0x08) | echo rx=0 tx=0 pend=0 stale=0
 284.775  P t=282s rxkBps=0 blkkBps=99 pongs=15349(+40/s) cancels=0(+0/s) notify=1 disc=1(0x08) | echo rx=0 tx=0 pend=0 stale=0
 284.776  P t=283s rxkBps=0 blkkBps=99 pongs=15394(+45/s) cancels=0(+0/s) notify=1 disc=1(0x08) | echo rx=0 tx=0 pend=0 stale=0
 286.768  P t=284s rxkBps=0 blkkBps=99 pongs=15439(+45/s) cancels=0(+0/s) notify=1 disc=1(0x08) | echo rx=0 tx=0 pend=0 stale=0
 286.768  P t=285s rxkBps=0 blkkBps=99 pongs=15482(+43/s) cancels=0(+0/s) notify=1 disc=1(0x08) | echo rx=0 tx=0 pend=0 stale=0
 288.777  P t=286s rxkBps=0 blkkBps=99 pongs=15526(+44/s) cancels=0(+0/s) notify=1 disc=1(0x08) | echo rx=0 tx=0 pend=0 stale=0
 288.777  P t=287s rxkBps=0 blkkBps=99 pongs=15572(+46/s) cancels=0(+0/s) notify=1 disc=1(0x08) | echo rx=0 tx=0 pend=0 stale=0
 290.759  P t=288s rxkBps=0 blkkBps=99 pongs=15615(+43/s) cancels=0(+0/s) notify=1 disc=1(0x08) | echo rx=0 tx=0 pend=0 stale=0
 290.759  P t=289s rxkBps=0 blkkBps=99 pongs=15658(+43/s) cancels=0(+0/s) notify=1 disc=1(0x08) | echo rx=0 tx=0 pend=0 stale=0
 292.733  P t=290s rxkBps=0 blkkBps=99 pongs=15703(+45/s) cancels=0(+0/s) notify=1 disc=1(0x08) | echo rx=0 tx=0 pend=0 stale=0
 292.793  P t=291s rxkBps=0 blkkBps=99 pongs=15748(+45/s) cancels=0(+0/s) notify=1 disc=1(0x08) | echo rx=0 tx=0 pend=0 stale=0
 294.752  P t=292s rxkBps=0 blkkBps=99 pongs=15792(+44/s) cancels=0(+0/s) notify=1 disc=1(0x08) | echo rx=0 tx=0 pend=0 stale=0
 294.752  P t=293s rxkBps=0 blkkBps=99 pongs=15838(+46/s) cancels=0(+0/s) notify=1 disc=1(0x08) | echo rx=0 tx=0 pend=0 stale=0
 296.767  P t=294s rxkBps=0 blkkBps=99 pongs=15884(+46/s) cancels=0(+0/s) notify=1 disc=1(0x08) | echo rx=0 tx=0 pend=0 stale=0
 296.767  P t=295s rxkBps=0 blkkBps=99 pongs=15932(+48/s) cancels=0(+0/s) notify=1 disc=1(0x08) | echo rx=0 tx=0 pend=0 stale=0
 298.759  P t=296s rxkBps=0 blkkBps=99 pongs=15976(+44/s) cancels=0(+0/s) notify=1 disc=1(0x08) | echo rx=0 tx=0 pend=0 stale=0
 298.759  P t=297s rxkBps=0 blkkBps=99 pongs=16020(+44/s) cancels=0(+0/s) notify=1 disc=1(0x08) | echo rx=0 tx=0 pend=0 stale=0
 300.785  P t=298s rxkBps=0 blkkBps=99 pongs=16067(+47/s) cancels=0(+0/s) notify=1 disc=1(0x08) | echo rx=0 tx=0 pend=0 stale=0
 300.786  P t=299s rxkBps=0 blkkBps=99 pongs=16113(+46/s) cancels=0(+0/s) notify=1 disc=1(0x08) | echo rx=0 tx=0 pend=0 stale=0
 302.751  P t=300s rxkBps=0 blkkBps=99 pongs=16158(+45/s) cancels=0(+0/s) notify=1 disc=1(0x08) | echo rx=0 tx=0 pend=0 stale=0
 302.751  P t=301s rxkBps=0 blkkBps=99 pongs=16203(+45/s) cancels=0(+0/s) notify=1 disc=1(0x08) | echo rx=0 tx=0 pend=0 stale=0
 304.737  P t=302s rxkBps=0 blkkBps=99 pongs=16247(+44/s) cancels=0(+0/s) notify=1 disc=1(0x08) | echo rx=0 tx=0 pend=0 stale=0
 304.797  P t=303s rxkBps=0 blkkBps=99 pongs=16290(+43/s) cancels=0(+0/s) notify=1 disc=1(0x08) | echo rx=0 tx=0 pend=0 stale=0
 306.773  P t=304s rxkBps=0 blkkBps=99 pongs=16337(+47/s) cancels=0(+0/s) notify=1 disc=1(0x08) | echo rx=0 tx=0 pend=0 stale=0
 306.773  P t=305s rxkBps=0 blkkBps=99 pongs=16383(+46/s) cancels=0(+0/s) notify=1 disc=1(0x08) | echo rx=0 tx=0 pend=0 stale=0
 308.732  P t=306s rxkBps=0 blkkBps=124 pongs=16424(+41/s) cancels=0(+0/s) notify=1 disc=1(0x08) | echo rx=0 tx=0 pend=0 stale=0
 308.791  P t=307s rxkBps=0 blkkBps=124 pongs=16463(+39/s) cancels=0(+0/s) notify=1 disc=1(0x08) | echo rx=0 tx=0 pend=0 stale=0
 310.770  P t=308s rxkBps=0 blkkBps=124 pongs=16503(+40/s) cancels=0(+0/s) notify=1 disc=1(0x08) | echo rx=0 tx=0 pend=0 stale=0
 310.770  P t=309s rxkBps=0 blkkBps=124 pongs=16543(+40/s) cancels=0(+0/s) notify=1 disc=1(0x08) | echo rx=0 tx=0 pend=0 stale=0
 312.780  P t=310s rxkBps=0 blkkBps=124 pongs=16584(+41/s) cancels=0(+0/s) notify=1 disc=1(0x08) | echo rx=0 tx=0 pend=0 stale=0
 312.780  P t=311s rxkBps=0 blkkBps=124 pongs=16624(+40/s) cancels=0(+0/s) notify=1 disc=1(0x08) | echo rx=0 tx=0 pend=0 stale=0
 314.742  P t=312s rxkBps=0 blkkBps=124 pongs=16665(+41/s) cancels=0(+0/s) notify=1 disc=1(0x08) | echo rx=0 tx=0 pend=0 stale=0
 314.742  P t=313s rxkBps=0 blkkBps=124 pongs=16700(+35/s) cancels=0(+0/s) notify=1 disc=1(0x08) | echo rx=0 tx=0 pend=0 stale=0
 316.749  P t=314s rxkBps=0 blkkBps=124 pongs=16737(+37/s) cancels=0(+0/s) notify=1 disc=1(0x08) | echo rx=0 tx=0 pend=0 stale=0
 316.750  P t=315s rxkBps=0 blkkBps=124 pongs=16775(+38/s) cancels=0(+0/s) notify=1 disc=1(0x08) | echo rx=0 tx=0 pend=0 stale=0
 318.750  P t=316s rxkBps=0 blkkBps=124 pongs=16812(+37/s) cancels=0(+0/s) notify=1 disc=1(0x08) | echo rx=0 tx=0 pend=0 stale=0
 318.751  P t=317s rxkBps=0 blkkBps=124 pongs=16848(+36/s) cancels=0(+0/s) notify=1 disc=1(0x08) | echo rx=0 tx=0 pend=0 stale=0
 320.753  P t=318s rxkBps=0 blkkBps=124 pongs=16888(+40/s) cancels=0(+0/s) notify=1 disc=1(0x08) | echo rx=0 tx=0 pend=0 stale=0
 320.753  P t=319s rxkBps=0 blkkBps=124 pongs=16928(+40/s) cancels=0(+0/s) notify=1 disc=1(0x08) | echo rx=0 tx=0 pend=0 stale=0
 322.743  P t=320s rxkBps=0 blkkBps=124 pongs=16968(+40/s) cancels=0(+0/s) notify=1 disc=1(0x08) | echo rx=0 tx=0 pend=0 stale=0
 322.743  P t=321s rxkBps=0 blkkBps=124 pongs=17007(+39/s) cancels=0(+0/s) notify=1 disc=1(0x08) | echo rx=0 tx=0 pend=0 stale=0
 324.770  P t=322s rxkBps=0 blkkBps=124 pongs=17047(+40/s) cancels=0(+0/s) notify=1 disc=1(0x08) | echo rx=0 tx=0 pend=0 stale=0
 324.771  P t=323s rxkBps=0 blkkBps=124 pongs=17086(+39/s) cancels=0(+0/s) notify=1 disc=1(0x08) | echo rx=0 tx=0 pend=0 stale=0
 326.759  P t=324s rxkBps=0 blkkBps=124 pongs=17123(+37/s) cancels=0(+0/s) notify=1 disc=1(0x08) | echo rx=0 tx=0 pend=0 stale=0
 326.759  P t=325s rxkBps=0 blkkBps=124 pongs=17162(+39/s) cancels=0(+0/s) notify=1 disc=1(0x08) | echo rx=0 tx=0 pend=0 stale=0
 328.776  P t=326s rxkBps=0 blkkBps=124 pongs=17202(+40/s) cancels=0(+0/s) notify=1 disc=1(0x08) | echo rx=0 tx=0 pend=0 stale=0
 328.776  P t=327s rxkBps=0 blkkBps=124 pongs=17242(+40/s) cancels=0(+0/s) notify=1 disc=1(0x08) | echo rx=0 tx=0 pend=0 stale=0
 330.776  P t=328s rxkBps=0 blkkBps=124 pongs=17283(+41/s) cancels=0(+0/s) notify=1 disc=1(0x08) | echo rx=0 tx=0 pend=0 stale=0
 330.776  P t=329s rxkBps=0 blkkBps=124 pongs=17321(+38/s) cancels=0(+0/s) notify=1 disc=1(0x08) | echo rx=0 tx=0 pend=0 stale=0
 332.785  P t=330s rxkBps=0 blkkBps=124 pongs=17361(+40/s) cancels=0(+0/s) notify=1 disc=1(0x08) | echo rx=0 tx=0 pend=0 stale=0
 332.785  P t=331s rxkBps=0 blkkBps=124 pongs=17401(+40/s) cancels=0(+0/s) notify=1 disc=1(0x08) | echo rx=0 tx=0 pend=0 stale=0
 334.746  P t=332s rxkBps=0 blkkBps=124 pongs=17438(+37/s) cancels=0(+0/s) notify=1 disc=1(0x08) | echo rx=0 tx=0 pend=0 stale=0
 334.746  P t=333s rxkBps=0 blkkBps=124 pongs=17477(+39/s) cancels=0(+0/s) notify=1 disc=1(0x08) | echo rx=0 tx=0 pend=0 stale=0
 336.776  P t=334s rxkBps=0 blkkBps=124 pongs=17519(+42/s) cancels=0(+0/s) notify=1 disc=1(0x08) | echo rx=0 tx=0 pend=0 stale=0
 336.776  P t=335s rxkBps=0 blkkBps=124 pongs=17558(+39/s) cancels=0(+0/s) notify=1 disc=1(0x08) | echo rx=0 tx=0 pend=0 stale=0
 338.792  P t=336s rxkBps=0 blkkBps=124 pongs=17597(+39/s) cancels=0(+0/s) notify=1 disc=1(0x08) | echo rx=0 tx=0 pend=0 stale=0
 338.793  P t=337s rxkBps=0 blkkBps=124 pongs=17636(+39/s) cancels=0(+0/s) notify=1 disc=1(0x08) | echo rx=0 tx=0 pend=0 stale=0
 340.753  P t=338s rxkBps=0 blkkBps=124 pongs=17679(+43/s) cancels=0(+0/s) notify=1 disc=1(0x08) | echo rx=0 tx=0 pend=0 stale=0
 340.753  P t=339s rxkBps=0 blkkBps=124 pongs=17717(+38/s) cancels=0(+0/s) notify=1 disc=1(0x08) | echo rx=0 tx=0 pend=0 stale=0
 342.792  P t=340s rxkBps=0 blkkBps=124 pongs=17755(+38/s) cancels=0(+0/s) notify=1 disc=1(0x08) | echo rx=0 tx=0 pend=0 stale=0
 342.793  P t=341s rxkBps=0 blkkBps=124 pongs=17791(+36/s) cancels=0(+0/s) notify=1 disc=1(0x08) | echo rx=0 tx=0 pend=0 stale=0
 344.756  P t=342s rxkBps=0 blkkBps=124 pongs=17831(+40/s) cancels=0(+0/s) notify=1 disc=1(0x08) | echo rx=0 tx=0 pend=0 stale=0
 344.756  P t=343s rxkBps=0 blkkBps=124 pongs=17871(+40/s) cancels=0(+0/s) notify=1 disc=1(0x08) | echo rx=0 tx=0 pend=0 stale=0
 346.738  P t=344s rxkBps=0 blkkBps=124 pongs=17912(+41/s) cancels=0(+0/s) notify=1 disc=1(0x08) | echo rx=0 tx=0 pend=0 stale=0
 346.797  P t=345s rxkBps=0 blkkBps=124 pongs=17952(+40/s) cancels=0(+0/s) notify=1 disc=1(0x08) | echo rx=0 tx=0 pend=0 stale=0
 348.763  P t=346s rxkBps=0 blkkBps=124 pongs=17992(+40/s) cancels=0(+0/s) notify=1 disc=1(0x08) | echo rx=0 tx=0 pend=0 stale=0
 348.763  P t=347s rxkBps=0 blkkBps=124 pongs=18032(+40/s) cancels=0(+0/s) notify=1 disc=1(0x08) | echo rx=0 tx=0 pend=0 stale=0
 350.790  P t=348s rxkBps=0 blkkBps=124 pongs=18071(+39/s) cancels=0(+0/s) notify=1 disc=1(0x08) | echo rx=0 tx=0 pend=0 stale=0
 350.790  P t=349s rxkBps=0 blkkBps=124 pongs=18110(+39/s) cancels=0(+0/s) notify=1 disc=1(0x08) | echo rx=0 tx=0 pend=0 stale=0
 352.792  P t=350s rxkBps=0 blkkBps=124 pongs=18152(+42/s) cancels=0(+0/s) notify=1 disc=1(0x08) | echo rx=0 tx=0 pend=0 stale=0
 352.792  P t=351s rxkBps=0 blkkBps=124 pongs=18190(+38/s) cancels=0(+0/s) notify=1 disc=1(0x08) | echo rx=0 tx=0 pend=0 stale=0
 354.753  P t=352s rxkBps=0 blkkBps=124 pongs=18230(+40/s) cancels=0(+0/s) notify=1 disc=1(0x08) | echo rx=0 tx=0 pend=0 stale=0
 354.753  P t=353s rxkBps=0 blkkBps=124 pongs=18268(+38/s) cancels=0(+0/s) notify=1 disc=1(0x08) | echo rx=0 tx=0 pend=0 stale=0
 356.790  P t=354s rxkBps=0 blkkBps=124 pongs=18305(+37/s) cancels=0(+0/s) notify=1 disc=1(0x08) | echo rx=0 tx=0 pend=0 stale=0
 356.790  P t=355s rxkBps=0 blkkBps=124 pongs=18342(+37/s) cancels=0(+0/s) notify=1 disc=1(0x08) | echo rx=0 tx=0 pend=0 stale=0
 358.794  P t=356s rxkBps=0 blkkBps=124 pongs=18383(+41/s) cancels=0(+0/s) notify=1 disc=1(0x08) | echo rx=0 tx=0 pend=0 stale=0
 358.795  P t=357s rxkBps=0 blkkBps=124 pongs=18420(+37/s) cancels=0(+0/s) notify=1 disc=1(0x08) | echo rx=0 tx=0 pend=0 stale=0
 360.743  P t=358s rxkBps=0 blkkBps=124 pongs=18460(+40/s) cancels=0(+0/s) notify=1 disc=1(0x08) | echo rx=0 tx=0 pend=0 stale=0
 360.798  P t=359s rxkBps=0 blkkBps=124 pongs=18501(+41/s) cancels=0(+0/s) notify=1 disc=1(0x08) | echo rx=0 tx=0 pend=0 stale=0
 362.758  P t=360s rxkBps=0 blkkBps=124 pongs=18544(+43/s) cancels=0(+0/s) notify=1 disc=1(0x08) | echo rx=0 tx=0 pend=0 stale=0
 362.758  P t=361s rxkBps=0 blkkBps=124 pongs=18585(+41/s) cancels=0(+0/s) notify=1 disc=1(0x08) | echo rx=0 tx=0 pend=0 stale=0
 364.771  P t=362s rxkBps=0 blkkBps=124 pongs=18623(+38/s) cancels=0(+0/s) notify=1 disc=1(0x08) | echo rx=0 tx=0 pend=0 stale=0
 364.771  P t=363s rxkBps=0 blkkBps=124 pongs=18663(+40/s) cancels=0(+0/s) notify=1 disc=1(0x08) | echo rx=0 tx=0 pend=0 stale=0
 366.739  P t=364s rxkBps=0 blkkBps=124 pongs=18702(+39/s) cancels=0(+0/s) notify=1 disc=1(0x08) | echo rx=0 tx=0 pend=0 stale=0
 366.797  P t=365s rxkBps=0 blkkBps=124 pongs=18742(+40/s) cancels=0(+0/s) notify=1 disc=1(0x08) | echo rx=0 tx=0 pend=0 stale=0
 368.779  P t=366s rxkBps=0 blkkBps=149 pongs=18778(+36/s) cancels=0(+0/s) notify=1 disc=1(0x08) | echo rx=0 tx=0 pend=0 stale=0
 368.779  P t=367s rxkBps=0 blkkBps=149 pongs=18811(+33/s) cancels=0(+0/s) notify=1 disc=1(0x08) | echo rx=0 tx=0 pend=0 stale=0
 370.745  P t=368s rxkBps=0 blkkBps=149 pongs=18846(+35/s) cancels=0(+0/s) notify=1 disc=1(0x08) | echo rx=0 tx=0 pend=0 stale=0
 370.797  P t=369s rxkBps=0 blkkBps=149 pongs=18882(+36/s) cancels=0(+0/s) notify=1 disc=1(0x08) | echo rx=0 tx=0 pend=0 stale=0
 372.756  P t=370s rxkBps=0 blkkBps=149 pongs=18920(+38/s) cancels=0(+0/s) notify=1 disc=1(0x08) | echo rx=0 tx=0 pend=0 stale=0
 372.756  P t=371s rxkBps=0 blkkBps=149 pongs=18956(+36/s) cancels=0(+0/s) notify=1 disc=1(0x08) | echo rx=0 tx=0 pend=0 stale=0
 374.751  P t=372s rxkBps=0 blkkBps=149 pongs=18989(+33/s) cancels=0(+0/s) notify=1 disc=1(0x08) | echo rx=0 tx=0 pend=0 stale=0
 374.751  P t=373s rxkBps=0 blkkBps=149 pongs=19025(+36/s) cancels=0(+0/s) notify=1 disc=1(0x08) | echo rx=0 tx=0 pend=0 stale=0
 376.778  P t=374s rxkBps=0 blkkBps=149 pongs=19057(+32/s) cancels=0(+0/s) notify=1 disc=1(0x08) | echo rx=0 tx=0 pend=0 stale=0
 376.778  P t=375s rxkBps=0 blkkBps=149 pongs=19090(+33/s) cancels=0(+0/s) notify=1 disc=1(0x08) | echo rx=0 tx=0 pend=0 stale=0
 378.747  P t=376s rxkBps=0 blkkBps=149 pongs=19124(+34/s) cancels=0(+0/s) notify=1 disc=1(0x08) | echo rx=0 tx=0 pend=0 stale=0
 378.808  P t=377s rxkBps=0 blkkBps=149 pongs=19157(+33/s) cancels=0(+0/s) notify=1 disc=1(0x08) | echo rx=0 tx=0 pend=0 stale=0
 380.763  P t=378s rxkBps=0 blkkBps=149 pongs=19192(+35/s) cancels=0(+0/s) notify=1 disc=1(0x08) | echo rx=0 tx=0 pend=0 stale=0
 380.763  P t=379s rxkBps=0 blkkBps=149 pongs=19227(+35/s) cancels=0(+0/s) notify=1 disc=1(0x08) | echo rx=0 tx=0 pend=0 stale=0
 382.799  P t=380s rxkBps=0 blkkBps=149 pongs=19261(+34/s) cancels=0(+0/s) notify=1 disc=1(0x08) | echo rx=0 tx=0 pend=0 stale=0
 382.799  P t=381s rxkBps=0 blkkBps=149 pongs=19296(+35/s) cancels=0(+0/s) notify=1 disc=1(0x08) | echo rx=0 tx=0 pend=0 stale=0
 384.758  P t=382s rxkBps=0 blkkBps=149 pongs=19332(+36/s) cancels=0(+0/s) notify=1 disc=1(0x08) | echo rx=0 tx=0 pend=0 stale=0
 384.758  P t=383s rxkBps=0 blkkBps=149 pongs=19365(+33/s) cancels=0(+0/s) notify=1 disc=1(0x08) | echo rx=0 tx=0 pend=0 stale=0
 386.743  P t=384s rxkBps=0 blkkBps=149 pongs=19396(+31/s) cancels=0(+0/s) notify=1 disc=1(0x08) | echo rx=0 tx=0 pend=0 stale=0
 386.802  P t=385s rxkBps=0 blkkBps=149 pongs=19428(+32/s) cancels=0(+0/s) notify=1 disc=1(0x08) | echo rx=0 tx=0 pend=0 stale=0
 388.755  P t=386s rxkBps=0 blkkBps=149 pongs=19462(+34/s) cancels=0(+0/s) notify=1 disc=1(0x08) | echo rx=0 tx=0 pend=0 stale=0
 388.755  P t=387s rxkBps=0 blkkBps=149 pongs=19495(+33/s) cancels=0(+0/s) notify=1 disc=1(0x08) | echo rx=0 tx=0 pend=0 stale=0
 390.748  P t=388s rxkBps=0 blkkBps=149 pongs=19529(+34/s) cancels=0(+0/s) notify=1 disc=1(0x08) | echo rx=0 tx=0 pend=0 stale=0
 390.806  P t=389s rxkBps=0 blkkBps=149 pongs=19563(+34/s) cancels=0(+0/s) notify=1 disc=1(0x08) | echo rx=0 tx=0 pend=0 stale=0
 392.743  P t=390s rxkBps=0 blkkBps=149 pongs=19597(+34/s) cancels=0(+0/s) notify=1 disc=1(0x08) | echo rx=0 tx=0 pend=0 stale=0
 392.803  P t=391s rxkBps=0 blkkBps=149 pongs=19633(+36/s) cancels=0(+0/s) notify=1 disc=1(0x08) | echo rx=0 tx=0 pend=0 stale=0
 394.770  P t=392s rxkBps=0 blkkBps=149 pongs=19668(+35/s) cancels=0(+0/s) notify=1 disc=1(0x08) | echo rx=0 tx=0 pend=0 stale=0
 394.770  P t=393s rxkBps=0 blkkBps=149 pongs=19702(+34/s) cancels=0(+0/s) notify=1 disc=1(0x08) | echo rx=0 tx=0 pend=0 stale=0
 396.751  P t=394s rxkBps=0 blkkBps=149 pongs=19736(+34/s) cancels=0(+0/s) notify=1 disc=1(0x08) | echo rx=0 tx=0 pend=0 stale=0
 396.809  P t=395s rxkBps=0 blkkBps=149 pongs=19771(+35/s) cancels=0(+0/s) notify=1 disc=1(0x08) | echo rx=0 tx=0 pend=0 stale=0
 398.787  P t=396s rxkBps=0 blkkBps=149 pongs=19806(+35/s) cancels=0(+0/s) notify=1 disc=1(0x08) | echo rx=0 tx=0 pend=0 stale=0
 398.787  P t=397s rxkBps=0 blkkBps=149 pongs=19840(+34/s) cancels=0(+0/s) notify=1 disc=1(0x08) | echo rx=0 tx=0 pend=0 stale=0
 400.746  P t=398s rxkBps=0 blkkBps=149 pongs=19877(+37/s) cancels=0(+0/s) notify=1 disc=1(0x08) | echo rx=0 tx=0 pend=0 stale=0
 400.806  P t=399s rxkBps=0 blkkBps=149 pongs=19910(+33/s) cancels=0(+0/s) notify=1 disc=1(0x08) | echo rx=0 tx=0 pend=0 stale=0
 402.755  P t=400s rxkBps=0 blkkBps=149 pongs=19947(+37/s) cancels=0(+0/s) notify=1 disc=1(0x08) | echo rx=0 tx=0 pend=0 stale=0
 402.755  P t=401s rxkBps=0 blkkBps=149 pongs=19982(+35/s) cancels=0(+0/s) notify=1 disc=1(0x08) | echo rx=0 tx=0 pend=0 stale=0
 404.779  P t=402s rxkBps=0 blkkBps=149 pongs=20016(+34/s) cancels=0(+0/s) notify=1 disc=1(0x08) | echo rx=0 tx=0 pend=0 stale=0
 404.779  P t=403s rxkBps=0 blkkBps=149 pongs=20053(+37/s) cancels=0(+0/s) notify=1 disc=1(0x08) | echo rx=0 tx=0 pend=0 stale=0
 406.798  P t=404s rxkBps=0 blkkBps=149 pongs=20088(+35/s) cancels=0(+0/s) notify=1 disc=1(0x08) | echo rx=0 tx=0 pend=0 stale=0
 406.798  P t=405s rxkBps=0 blkkBps=149 pongs=20123(+35/s) cancels=0(+0/s) notify=1 disc=1(0x08) | echo rx=0 tx=0 pend=0 stale=0
 408.753  P t=406s rxkBps=0 blkkBps=149 pongs=20158(+35/s) cancels=0(+0/s) notify=1 disc=1(0x08) | echo rx=0 tx=0 pend=0 stale=0
 408.813  P t=407s rxkBps=0 blkkBps=149 pongs=20191(+33/s) cancels=0(+0/s) notify=1 disc=1(0x08) | echo rx=0 tx=0 pend=0 stale=0
 410.762  P t=408s rxkBps=0 blkkBps=146 pongs=20221(+30/s) cancels=0(+0/s) notify=1 disc=1(0x08) | echo rx=0 tx=0 pend=0 stale=0
 410.762  P t=409s rxkBps=0 blkkBps=153 pongs=20254(+33/s) cancels=0(+0/s) notify=1 disc=1(0x08) | echo rx=0 tx=0 pend=0 stale=0
 412.787  P t=410s rxkBps=0 blkkBps=149 pongs=20288(+34/s) cancels=0(+0/s) notify=1 disc=1(0x08) | echo rx=0 tx=0 pend=0 stale=0
 412.787  P t=411s rxkBps=0 blkkBps=149 pongs=20321(+33/s) cancels=0(+0/s) notify=1 disc=1(0x08) | echo rx=0 tx=0 pend=0 stale=0
 414.759  P t=412s rxkBps=0 blkkBps=149 pongs=20356(+35/s) cancels=0(+0/s) notify=1 disc=1(0x08) | echo rx=0 tx=0 pend=0 stale=0
 414.760  P t=413s rxkBps=0 blkkBps=149 pongs=20387(+31/s) cancels=0(+0/s) notify=1 disc=1(0x08) | echo rx=0 tx=0 pend=0 stale=0
 416.760  P t=414s rxkBps=0 blkkBps=149 pongs=20422(+35/s) cancels=0(+0/s) notify=1 disc=1(0x08) | echo rx=0 tx=0 pend=0 stale=0
 416.760  P t=415s rxkBps=0 blkkBps=149 pongs=20456(+34/s) cancels=0(+0/s) notify=1 disc=1(0x08) | echo rx=0 tx=0 pend=0 stale=0
 418.776  P t=416s rxkBps=0 blkkBps=149 pongs=20492(+36/s) cancels=0(+0/s) notify=1 disc=1(0x08) | echo rx=0 tx=0 pend=0 stale=0
 418.776  P t=417s rxkBps=0 blkkBps=149 pongs=20527(+35/s) cancels=0(+0/s) notify=1 disc=1(0x08) | echo rx=0 tx=0 pend=0 stale=0
 420.767  P t=418s rxkBps=0 blkkBps=149 pongs=20563(+36/s) cancels=0(+0/s) notify=1 disc=1(0x08) | echo rx=0 tx=0 pend=0 stale=0
 420.767  P t=419s rxkBps=0 blkkBps=149 pongs=20596(+33/s) cancels=0(+0/s) notify=1 disc=1(0x08) | echo rx=0 tx=0 pend=0 stale=0
 422.760  P t=420s rxkBps=0 blkkBps=149 pongs=20632(+36/s) cancels=0(+0/s) notify=1 disc=1(0x08) | echo rx=0 tx=0 pend=0 stale=0
 422.760  P t=421s rxkBps=0 blkkBps=149 pongs=20667(+35/s) cancels=0(+0/s) notify=1 disc=1(0x08) | echo rx=0 tx=0 pend=0 stale=0
 424.780  P t=422s rxkBps=0 blkkBps=149 pongs=20703(+36/s) cancels=0(+0/s) notify=1 disc=1(0x08) | echo rx=0 tx=0 pend=0 stale=0
 424.780  P t=423s rxkBps=0 blkkBps=149 pongs=20737(+34/s) cancels=0(+0/s) notify=1 disc=1(0x08) | echo rx=0 tx=0 pend=0 stale=0
 426.795  P t=424s rxkBps=0 blkkBps=149 pongs=20772(+35/s) cancels=0(+0/s) notify=1 disc=1(0x08) | echo rx=0 tx=0 pend=0 stale=0
 426.795  P t=425s rxkBps=0 blkkBps=149 pongs=20807(+35/s) cancels=0(+0/s) notify=1 disc=1(0x08) | echo rx=0 tx=0 pend=0 stale=0
 428.776  P t=426s rxkBps=0 blkkBps=0 pongs=20872(+65/s) cancels=0(+0/s) notify=1 disc=1(0x08) | echo rx=0 tx=0 pend=0 stale=0
 428.776  P t=427s rxkBps=0 blkkBps=0 pongs=20938(+66/s) cancels=0(+0/s) notify=1 disc=1(0x08) | echo rx=0 tx=0 pend=0 stale=0
 430.786  P t=428s rxkBps=0 blkkBps=0 pongs=21003(+65/s) cancels=0(+0/s) notify=1 disc=1(0x08) | echo rx=0 tx=0 pend=0 stale=0
 430.787  P t=429s rxkBps=0 blkkBps=0 pongs=21068(+65/s) cancels=0(+0/s) notify=1 disc=1(0x08) | echo rx=0 tx=0 pend=0 stale=0
 432.781  P t=430s rxkBps=0 blkkBps=0 pongs=21131(+63/s) cancels=0(+0/s) notify=1 disc=1(0x08) | echo rx=0 tx=0 pend=0 stale=0
 432.781  P t=431s rxkBps=0 blkkBps=0 pongs=21196(+65/s) cancels=0(+0/s) notify=1 disc=1(0x08) | echo rx=0 tx=0 pend=0 stale=0
 434.749  P t=432s rxkBps=0 blkkBps=0 pongs=21263(+67/s) cancels=0(+0/s) notify=1 disc=1(0x08) | echo rx=0 tx=0 pend=0 stale=0
 434.809  P t=433s rxkBps=0 blkkBps=0 pongs=21328(+65/s) cancels=0(+0/s) notify=1 disc=1(0x08) | echo rx=0 tx=0 pend=0 stale=0
 436.757  P t=434s rxkBps=0 blkkBps=0 pongs=21393(+65/s) cancels=0(+0/s) notify=1 disc=1(0x08) | echo rx=0 tx=0 pend=0 stale=0
 436.758  P t=435s rxkBps=0 blkkBps=0 pongs=21457(+64/s) cancels=0(+0/s) notify=1 disc=1(0x08) | echo rx=0 tx=0 pend=0 stale=0
 438.777  P t=436s rxkBps=0 blkkBps=0 pongs=21523(+66/s) cancels=0(+0/s) notify=1 disc=1(0x08) | echo rx=0 tx=0 pend=0 stale=0
 438.777  P t=437s rxkBps=0 blkkBps=0 pongs=21589(+66/s) cancels=0(+0/s) notify=1 disc=1(0x08) | echo rx=0 tx=0 pend=0 stale=0
 440.790  P t=438s rxkBps=0 blkkBps=0 pongs=21654(+65/s) cancels=0(+0/s) notify=1 disc=1(0x08) | echo rx=0 tx=0 pend=0 stale=0
 440.790  P t=439s rxkBps=0 blkkBps=0 pongs=21719(+65/s) cancels=0(+0/s) notify=1 disc=1(0x08) | echo rx=0 tx=0 pend=0 stale=0
 442.786  P t=440s rxkBps=0 blkkBps=0 pongs=21784(+65/s) cancels=0(+0/s) notify=1 disc=1(0x08) | echo rx=0 tx=0 pend=0 stale=0
 442.787  P t=441s rxkBps=0 blkkBps=0 pongs=21850(+66/s) cancels=0(+0/s) notify=1 disc=1(0x08) | echo rx=0 tx=0 pend=0 stale=0
 444.751  P t=442s rxkBps=0 blkkBps=0 pongs=21915(+65/s) cancels=0(+0/s) notify=1 disc=1(0x08) | echo rx=0 tx=0 pend=0 stale=0
 444.812  P t=443s rxkBps=0 blkkBps=0 pongs=21981(+66/s) cancels=0(+0/s) notify=1 disc=1(0x08) | echo rx=0 tx=0 pend=0 stale=0
 446.796  P t=444s rxkBps=0 blkkBps=0 pongs=22047(+66/s) cancels=0(+0/s) notify=1 disc=1(0x08) | echo rx=0 tx=0 pend=0 stale=0
 446.796  P t=445s rxkBps=0 blkkBps=0 pongs=22113(+66/s) cancels=0(+0/s) notify=1 disc=1(0x08) | echo rx=0 tx=0 pend=0 stale=0
 448.772  P t=446s rxkBps=0 blkkBps=0 pongs=22179(+66/s) cancels=0(+0/s) notify=1 disc=1(0x08) | echo rx=0 tx=0 pend=0 stale=0
 448.772  P t=447s rxkBps=0 blkkBps=0 pongs=22245(+66/s) cancels=0(+0/s) notify=1 disc=1(0x08) | echo rx=0 tx=0 pend=0 stale=0
