ax]=*** Booting Zephyr OS build v4.4.1-4-g6a2245e1dc81 ***
[00:00:00.002,800] [0m<inf> bt_hci_core: HW Platform: Nordic Semiconductor (0x0002)[0m
[00:00:00.002,812] [0m<inf> bt_hci_core: HW Variant: nRF54Lx (0x0005)[0m
[00:00:00.002,824] [0m<inf> bt_hci_core: Firmware: Standard Bluetooth controller (0x00) Version 4.4 Build 1[0m
[00:00:00.003,151] [0m<inf> bt_hci_core: HCI transport: Controller[0m
[00:00:00.003,199] [0m<inf> bt_hci_core: Identity: FC:BE:FF:FA:E6:8B (random)[0m
[00:00:00.003,215] [0m<inf> bt_hci_core: HCI: version 5.4 (0x0d) revision 0x0000, manufacturer 0x05f1[0m
[00:00:00.003,229] [0m<inf> bt_hci_core: LMP: version 5.4 (0x0d) subver 0xffff[0m

=== nRF54L15 RTT ping-pong CENTRAL ===
scan rc=0
*** Booting Zephyr OS build v4.4.1-4-g6a2245e1dc81 ***
[00:00:00.157,892] [0m<inf> bt_hci_core: HW Platform: Nordic Semiconductor (0x0002)[0m
[00:00:00.157,904] [0m<inf> bt_hci_core: HW Variant: nRF54Lx (0x0005)[0m
[00:00:00.157,915] [0m<inf> bt_hci_core: Firmware: Standard Bluetooth controller (0x00) Version 4.4 Build 1[0m
[00:00:00.158,243] [0m<inf> bt_hci_core: HCI transport: Controller[0m
[00:00:00.158,291] [0m<inf> bt_hci_core: Identity: FC:BE:FF:FA:E6:8B (random)[0m
[00:00:00.158,307] [0m<inf> bt_hci_core: HCI: version 5.4 (0x0d) revision 0x0000, manufacturer 0x05f1[0m
[00:00:00.158,321] [0m<inf> bt_hci_core: LMP: version 5.4 (0x0d) subver 0xffff[0m

=== nRF54L15 RTT ping-pong CENTRAL ===
scan rc=0
GAP connected interval=7500
MTU err=0 mtu=23
PHY tx=2 rx=2
discovery start (post-PHY +500ms) interval=7500 phy2m=1
SUBSCRIBED, vh=14
t=1s RTT mean=0 min=0 max=0 n=0 to=1 | cancels=0(+0/s) seqbad=0 len_bad=0 disc=0(0x00) | tot_n=0 tot_to=1 maxever=0 >2ms=0 >5ms=0 >15ms=0 >20ms=0 >30ms=0 | probes=2 wrfail=0 down=0s maxout=0s
t=2s RTT mean=0 min=0 max=0 n=0 to=5 | cancels=0(+0/s) seqbad=0 len_bad=0 disc=0(0x00) | tot_n=0 tot_to=6 maxever=0 >2ms=0 >5ms=0 >15ms=0 >20ms=0 >30ms=0 | probes=7 wrfail=0 down=0s maxout=0s
t=3s RTT mean=0 min=0 max=0 n=0 to=5 | cancels=0(+0/s) seqbad=0 len_bad=0 disc=0(0x00) | tot_n=0 tot_to=11 maxever=0 >2ms=0 >5ms=0 >15ms=0 >20ms=0 >30ms=0 | probes=12 wrfail=0 down=0s maxout=0s
FSU: request [52..150] us (ACL both dirs, 1M+2M) rc=0
FSU: updated status=0x00 spacing=52 us phys=0x3 types=0x3 initiator=0
t=4s RTT mean=0 min=0 max=0 n=0 to=5 | cancels=0(+0/s) seqbad=0 len_bad=0 disc=0(0x00) | tot_n=0 tot_to=16 maxever=0 >2ms=0 >5ms=0 >15ms=0 >20ms=0 >30ms=0 | probes=17 wrfail=0 down=0s maxout=0s
t=5s RTT mean=0 min=0 max=0 n=0 to=5 | cancels=0(+0/s) seqbad=0 len_bad=0 disc=0(0x00) | tot_n=0 tot_to=21 maxever=0 >2ms=0 >5ms=0 >15ms=0 >20ms=0 >30ms=0 | probes=22 wrfail=0 down=0s maxout=0s
t=6s RTT mean=0 min=0 max=0 n=0 to=5 | cancels=0(+0/s) seqbad=0 len_bad=0 disc=0(0x00) | tot_n=0 tot_to=26 maxever=0 >2ms=0 >5ms=0 >15ms=0 >20ms=0 >30ms=0 | probes=27 wrfail=0 down=0s maxout=0s
t=7s RTT mean=0 min=0 max=0 n=0 to=5 | cancels=0(+0/s) seqbad=0 len_bad=0 disc=0(0x00) | tot_n=0 tot_to=31 maxever=0 >2ms=0 >5ms=0 >15ms=0 >20ms=0 >30ms=0 | probes=31 wrfail=0 down=0s maxout=0s
t=8s RTT mean=0 min=0 max=0 n=0 to=4 | cancels=0(+0/s) seqbad=0 len_bad=0 disc=0(0x00) | tot_n=0 tot_to=35 maxever=0 >2ms=0 >5ms=0 >15ms=0 >20ms=0 >30ms=0 | probes=36 wrfail=0 down=0s maxout=0s
t=9s RTT mean=0 min=0 max=0 n=0 to=5 | cancels=0(+0/s) seqbad=0 len_bad=0 disc=0(0x00) | tot_n=0 tot_to=40 maxever=0 >2ms=0 >5ms=0 >15ms=0 >20ms=0 >30ms=0 | probes=41 wrfail=0 down=0s maxout=0s
t=10s RTT mean=0 min=0 max=0 n=0 to=5 | cancels=0(+0/s) seqbad=0 len_bad=0 disc=0(0x00) | tot_n=0 tot_to=45 maxever=0 >2ms=0 >5ms=0 >15ms=0 >20ms=0 >30ms=0 | probes=46 wrfail=0 down=0s maxout=0s
t=11s RTT mean=0 min=0 max=0 n=0 to=5 | cancels=0(+0/s) seqbad=0 len_bad=0 disc=0(0x00) | tot_n=0 tot_to=50 maxever=0 >2ms=0 >5ms=0 >15ms=0 >20ms=0 >30ms=0 | probes=51 wrfail=0 down=0s maxout=0s
t=12s RTT mean=0 min=0 max=0 n=0 to=5 | cancels=0(+0/s) seqbad=0 len_bad=0 disc=0(0x00) | tot_n=0 tot_to=55 maxever=0 >2ms=0 >5ms=0 >15ms=0 >20ms=0 >30ms=0 | probes=56 wrfail=0 down=0s maxout=0s
t=13s RTT mean=0 min=0 max=0 n=0 to=5 | cancels=0(+0/s) seqbad=0 len_bad=0 disc=0(0x00) | tot_n=0 tot_to=60 maxever=0 >2ms=0 >5ms=0 >15ms=0 >20ms=0 >30ms=0 | probes=61 wrfail=0 down=0s maxout=0s
t=14s RTT mean=0 min=0 max=0 n=0 to=5 | cancels=0(+0/s) seqbad=0 len_bad=0 disc=0(0x00) | tot_n=0 tot_to=65 maxever=0 >2ms=0 >5ms=0 >15ms=0 >20ms=0 >30ms=0 | probes=66 wrfail=0 down=0s maxout=0s
t=15s RTT mean=0 min=0 max=0 n=0 to=5 | cancels=0(+0/s) seqbad=0 len_bad=0 disc=0(0x00) | tot_n=0 tot_to=70 maxever=0 >2ms=0 >5ms=0 >15ms=0 >20ms=0 >30ms=0 | probes=71 wrfail=0 down=0s maxout=0s
t=16s RTT mean=0 min=0 max=0 n=0 to=5 | cancels=0(+0/s) seqbad=0 len_bad=0 disc=0(0x00) | tot_n=0 tot_to=75 maxever=0 >2ms=0 >5ms=0 >15ms=0 >20ms=0 >30ms=0 | probes=76 wrfail=0 down=0s maxout=0s
t=17s RTT mean=0 min=0 max=0 n=0 to=5 | cancels=0(+0/s) seqbad=0 len_bad=0 disc=0(0x00) | tot_n=0 tot_to=80 maxever=0 >2ms=0 >5ms=0 >15ms=0 >20ms=0 >30ms=0 | probes=81 wrfail=0 down=0s maxout=0s
t=18s RTT mean=0 min=0 max=0 n=0 to=5 | cancels=0(+0/s) seqbad=0 len_bad=0 disc=0(0x00) | tot_n=0 tot_to=85 maxever=0 >2ms=0 >5ms=0 >15ms=0 >20ms=0 >30ms=0 | probes=86 wrfail=0 down=0s maxout=0s
t=19s RTT mean=0 min=0 max=0 n=0 to=5 | cancels=0(+0/s) seqbad=0 len_bad=0 disc=0(0x00) | tot_n=0 tot_to=90 maxever=0 >2ms=0 >5ms=0 >15ms=0 >20ms=0 >30ms=0 | probes=91 wrfail=0 down=0s maxout=0s
t=20s RTT mean=0 min=0 max=0 n=0 to=4 | cancels=0(+0/s) seqbad=0 len_bad=0 disc=0(0x00) | tot_n=0 tot_to=94 maxever=0 >2ms=0 >5ms=0 >15ms=0 >20ms=0 >30ms=0 | probes=95 wrfail=0 down=0s maxout=0s
t=21s RTT mean=0 min=0 max=0 n=0 to=5 | cancels=0(+0/s) seqbad=0 len_bad=0 disc=0(0x00) | tot_n=0 tot_to=99 maxever=0 >2ms=0 >5ms=0 >15ms=0 >20ms=0 >30ms=0 | probes=100 wrfail=0 down=0s maxout=0s
t=22s RTT mean=0 min=0 max=0 n=0 to=5 | cancels=0(+0/s) seqbad=0 len_bad=0 disc=0(0x00) | tot_n=0 tot_to=104 maxever=0 >2ms=0 >5ms=0 >15ms=0 >20ms=0 >30ms=0 | probes=105 wrfail=0 down=0s maxout=0s
t=23s RTT mean=0 min=0 max=0 n=0 to=5 | cancels=0(+0/s) seqbad=0 len_bad=0 disc=0(0x00) | tot_n=0 tot_to=109 maxever=0 >2ms=0 >5ms=0 >15ms=0 >20ms=0 >30ms=0 | probes=110 wrfail=0 down=0s maxout=0s
t=24s RTT mean=0 min=0 max=0 n=0 to=5 | cancels=0(+0/s) seqbad=0 len_bad=0 disc=0(0x00) | tot_n=0 tot_to=114 maxever=0 >2ms=0 >5ms=0 >15ms=0 >20ms=0 >30ms=0 | probes=115 wrfail=0 down=0s maxout=0s
t=25s RTT mean=0 min=0 max=0 n=0 to=5 | cancels=0(+0/s) seqbad=0 len_bad=0 disc=0(0x00) | tot_n=0 tot_to=119 maxever=0 >2ms=0 >5ms=0 >15ms=0 >20ms=0 >30ms=0 | probes=120 wrfail=0 down=0s maxout=0s
t=26s RTT mean=0 min=0 max=0 n=0 to=5 | cancels=0(+0/s) seqbad=0 len_bad=0 disc=0(0x00) | tot_n=0 tot_to=124 maxever=0 >2ms=0 >5ms=0 >15ms=0 >20ms=0 >30ms=0 | probes=125 wrfail=0 down=0s maxout=0s
t=27s RTT mean=0 min=0 max=0 n=0 to=5 | cancels=0(+0/s) seqbad=0 len_bad=0 disc=0(0x00) | tot_n=0 tot_to=129 maxever=0 >2ms=0 >5ms=0 >15ms=0 >20ms=0 >30ms=0 | probes=130 wrfail=0 down=0s maxout=0s
t=28s RTT mean=0 min=0 max=0 n=0 to=5 | cancels=0(+0/s) seqbad=0 len_bad=0 disc=0(0x00) | tot_n=0 tot_to=134 maxever=0 >2ms=0 >5ms=0 >15ms=0 >20ms=0 >30ms=0 | probes=135 wrfail=0 down=0s maxout=0s
t=29s RTT mean=0 min=0 max=0 n=0 to=5 | cancels=0(+0/s) seqbad=0 len_bad=0 disc=0(0x00) | tot_n=0 tot_to=139 maxever=0 >2ms=0 >5ms=0 >15ms=0 >20ms=0 >30ms=0 | probes=140 wrfail=0 down=0s maxout=0s
t=30s RTT mean=0 min=0 max=0 n=0 to=5 | cancels=0(+0/s) seqbad=0 len_bad=0 disc=0(0x00) | tot_n=0 tot_to=144 maxever=0 >2ms=0 >5ms=0 >15ms=0 >20ms=0 >30ms=0 | probes=145 wrfail=0 down=0s maxout=0s
t=31s RTT mean=0 min=0 max=0 n=0 to=5 | cancels=0(+0/s) seqbad=0 len_bad=0 disc=0(0x00) | tot_n=0 tot_to=149 maxever=0 >2ms=0 >5ms=0 >15ms=0 >20ms=0 >30ms=0 | probes=150 wrfail=0 down=0s maxout=0s
t=32s RTT mean=0 min=0 max=0 n=0 to=5 | cancels=0(+0/s) seqbad=0 len_bad=0 disc=0(0x00) | tot_n=0 tot_to=154 maxever=0 >2ms=0 >5ms=0 >15ms=0 >20ms=0 >30ms=0 | probes=154 wrfail=0 down=0s maxout=0s
t=33s RTT mean=0 min=0 max=0 n=0 to=4 | cancels=0(+0/s) seqbad=0 len_bad=0 disc=0(0x00) | tot_n=0 tot_to=158 maxever=0 >2ms=0 >5ms=0 >15ms=0 >20ms=0 >30ms=0 | probes=159 wrfail=0 down=0s maxout=0s
t=34s RTT mean=0 min=0 max=0 n=0 to=5 | cancels=0(+0/s) seqbad=0 len_bad=0 disc=0(0x00) | tot_n=0 tot_to=163 maxever=0 >2ms=0 >5ms=0 >15ms=0 >20ms=0 >30ms=0 | probes=164 wrfail=0 down=0s maxout=0s
t=35s RTT mean=0 min=0 max=0 n=0 to=5 | cancels=0(+0/s) seqbad=0 len_bad=0 disc=0(0x00) | tot_n=0 tot_to=168 maxever=0 >2ms=0 >5ms=0 >15ms=0 >20ms=0 >30ms=0 | probes=169 wrfail=0 down=0s maxout=0s
t=36s RTT mean=0 min=0 max=0 n=0 to=5 | cancels=0(+0/s) seqbad=0 len_bad=0 disc=0(0x00) | tot_n=0 tot_to=173 maxever=0 >2ms=0 >5ms=0 >15ms=0 >20ms=0 >30ms=0 | probes=174 wrfail=0 down=0s maxout=0s
t=37s RTT mean=0 min=0 max=0 n=0 to=5 | cancels=0(+0/s) seqbad=0 len_bad=0 disc=0(0x00) | tot_n=0 tot_to=178 maxever=0 >2ms=0 >5ms=0 >15ms=0 >20ms=0 >30ms=0 | probes=179 wrfail=0 down=0s maxout=0s
t=38s RTT mean=0 min=0 max=0 n=0 to=5 | cancels=0(+0/s) seqbad=0 len_bad=0 disc=0(0x00) | tot_n=0 tot_to=183 maxever=0 >2ms=0 >5ms=0 >15ms=0 >20ms=0 >30ms=0 | probes=184 wrfail=0 down=0s maxout=0s
t=39s RTT mean=0 min=0 max=0 n=0 to=5 | cancels=0(+0/s) seqbad=0 len_bad=0 disc=0(0x00) | tot_n=0 tot_to=188 maxever=0 >2ms=0 >5ms=0 >15ms=0 >20ms=0 >30ms=0 | probes=189 wrfail=0 down=0s maxout=0s
t=40s RTT mean=0 min=0 max=0 n=0 to=5 | cancels=0(+0/s) seqbad=0 len_bad=0 disc=0(0x00) | tot_n=0 tot_to=193 maxever=0 >2ms=0 >5ms=0 >15ms=0 >20ms=0 >30ms=0 | probes=194 wrfail=0 down=0s maxout=0s
