t=41s RTT mean=16864 min=11470 max=41912 n=50 to=0 | cancels=0(+0/s) seqbad=0 len_bad=0 disc=0(0x00) | tot_n=3073 tot_to=0 maxevPHY tx=2 rx=2
discovery start (post-PHY +500ms) interval=7500 phy2m=1
SUBSCRIBED, vh=14
param update ->1ms rc=0
>>> interval now 1 (units) — pinging (delay=500ms)
t=1s RTT mean=0 min=0 max=0 n=0 to=0 | cancels=0(+0/s) seqbad=0 len_bad=0 disc=0(0x00) | tot_n=0 tot_to=0 maxever=0 >2ms=0 >5ms=0 >15ms=0 >20ms=0 >30ms=0 | probes=0 wrfail=0 down=0s maxout=0s
t=2s RTT mean=1999 min=1905 max=3908 n=146 to=0 | cancels=0(+0/s) seqbad=0 len_bad=0 disc=0(0x00) | tot_n=146 tot_to=0 maxever=3908 >2ms=13 >5ms=0 >15ms=0 >20ms=0 >30ms=0 | probes=147 wrfail=0 down=0s maxout=0s
t=3s RTT mean=1978 min=1905 max=4908 n=197 to=0 | cancels=0(+0/s) seqbad=0 len_bad=0 disc=0(0x00) | tot_n=343 tot_to=0 maxever=4908 >2ms=27 >5ms=0 >15ms=0 >20ms=0 >30ms=0 | probes=344 wrfail=0 down=0s maxout=0s
t=4s RTT mean=1969 min=1894 max=3907 n=198 to=0 | cancels=0(+0/s) seqbad=0 len_bad=0 disc=0(0x00) | tot_n=541 tot_to=0 maxever=4908 >2ms=37 >5ms=0 >15ms=0 >20ms=0 >30ms=0 | probes=541 wrfail=0 down=0s maxout=0s
t=5s RTT mean=2068 min=1907 max=5908 n=194 to=0 | cancels=0(+0/s) seqbad=0 len_bad=0 disc=0(0x00) | tot_n=735 tot_to=0 maxever=5908 >2ms=56 >5ms=3 >15ms=0 >20ms=0 >30ms=0 | probes=735 wrfail=0 down=0s maxout=0s
>>> interval now 6 (units) — pinging (delay=500ms)
t=6s RTT mean=11619 min=1908 max=34415 n=68 to=0 | cancels=0(+0/s) seqbad=0 len_bad=0 disc=0(0x00) | tot_n=803 tot_to=0 maxever=34415 >2ms=123 >5ms=64 >15ms=5 >20ms=2 >30ms=1 | probes=803 wrfail=0 down=0s maxout=0s
t=7s RTT mean=12145 min=11470 max=19417 n=65 to=0 | cancels=0(+0/s) seqbad=0 len_bad=0 disc=0(0x00) | tot_n=868 tot_to=0 maxever=34415 >2ms=188 >5ms=129 >15ms=7 >20ms=2 >30ms=1 | probes=869 wrfail=0 down=0s maxout=0s
t=8s RTT mean=12028 min=11911 max=19414 n=66 to=0 | cancels=0(+0/s) seqbad=0 len_bad=0 disc=0(0x00) | tot_n=934 tot_to=0 maxever=34415 >2ms=254 >5ms=195 >15ms=8 >20ms=2 >30ms=1 | probes=935 wrfail=0 down=0s maxout=0s
t=9s RTT mean=12026 min=11911 max=19416 n=67 to=0 | cancels=0(+0/s) seqbad=0 len_bad=0 disc=0(0x00) | tot_n=1001 tot_to=0 maxever=34415 >2ms=321 >5ms=262 >15ms=9 >20ms=2 >30ms=1 | probes=1001 wrfail=0 down=0s maxout=0s
t=10s RTT mean=12882 min=11472 max=41913 n=62 to=0 | cancels=0(+0/s) seqbad=0 len_bad=0 disc=0(0x00) | tot_n=1063 tot_to=0 maxever=41913 >2ms=383 >5ms=324 >15ms=14 >20ms=3 >30ms=2 | probes=1064 wrfail=0 down=0s maxout=0s
t=11s RTT mean=12026 min=11911 max=19413 n=67 to=0 | cancels=0(+0/s) seqbad=0 len_bad=0 disc=0(0x00) | tot_n=1130 tot_to=0 maxever=41913 >2ms=450 >5ms=391 >15ms=15 >20ms=3 >30ms=2 | probes=1130 wrfail=0 down=0s maxout=0s
t=12s RTT mean=12145 min=11469 max=19414 n=65 to=0 | cancels=0(+0/s) seqbad=0 len_bad=0 disc=0(0x00) | tot_n=1195 tot_to=0 maxever=41913 >2ms=515 >5ms=456 >15ms=17 >20ms=3 >30ms=2 | probes=1196 wrfail=0 down=0s maxout=0s
t=13s RTT mean=13664 min=11470 max=41913 n=60 to=0 | cancels=0(+0/s) seqbad=0 len_bad=0 disc=0(0x00) | tot_n=1255 tot_to=0 maxever=41913 >2ms=575 >5ms=516 >15ms=25 >20ms=7 >30ms=3 | probes=1256 wrfail=0 down=0s maxout=0s
t=14s RTT mean=12141 min=11470 max=19413 n=66 to=0 | cancels=0(+0/s) seqbad=0 len_bad=0 disc=0(0x00) | tot_n=1321 tot_to=0 maxever=41913 >2ms=641 >5ms=582 >15ms=27 >20ms=7 >30ms=3 | probes=1321 wrfail=0 down=0s maxout=0s
t=15s RTT mean=12883 min=11528 max=27300 n=62 to=0 | cancels=0(+0/s) seqbad=0 len_bad=0 disc=0(0x00) | tot_n=1383 tot_to=0 maxever=41913 >2ms=703 >5ms=644 >15ms=33 >20ms=9 >30ms=3 | probes=1384 wrfail=0 down=0s maxout=0s
t=16s RTT mean=12027 min=11910 max=19413 n=66 to=0 | cancels=0(+0/s) seqbad=0 len_bad=0 disc=0(0x00) | tot_n=1449 tot_to=0 maxever=41913 >2ms=769 >5ms=710 >15ms=34 >20ms=9 >30ms=3 | probes=1450 wrfail=0 down=0s maxout=0s
t=17s RTT mean=11914 min=11469 max=12359 n=67 to=0 | cancels=0(+0/s) seqbad=0 len_bad=0 disc=0(0x00) | tot_n=1516 tot_to=0 maxever=41913 >2ms=836 >5ms=777 >15ms=34 >20ms=9 >30ms=3 | probes=1517 wrfail=0 down=0s maxout=0s
t=18s RTT mean=12141 min=11912 max=19413 n=66 to=0 | cancels=0(+0/s) seqbad=0 len_bad=0 disc=0(0x00) | tot_n=1582 tot_to=0 maxever=41913 >2ms=902 >5ms=843 >15ms=36 >20ms=9 >30ms=3 | probes=1583 wrfail=0 down=0s maxout=0s
t=19s RTT mean=12260 min=11911 max=19415 n=65 to=0 | cancels=0(+0/s) seqbad=0 len_bad=0 disc=0(0x00) | tot_n=1647 tot_to=0 maxever=41913 >2ms=967 >5ms=908 >15ms=39 >20ms=9 >30ms=3 | probes=1648 wrfail=0 down=0s maxout=0s
t=20s RTT mean=12027 min=11910 max=19413 n=66 to=0 | cancels=0(+0/s) seqbad=0 len_bad=0 disc=0(0x00) | tot_n=1713 tot_to=0 maxever=41913 >2ms=1033 >5ms=974 >15ms=40 >20ms=9 >30ms=3 | probes=1714 wrfail=0 down=0s maxout=0s
t=21s RTT mean=11914 min=11467 max=12360 n=67 to=0 | cancels=0(+0/s) seqbad=0 len_bad=0 disc=0(0x00) | tot_n=1780 tot_to=0 maxever=41913 >2ms=1100 >5ms=1041 >15ms=40 >20ms=9 >30ms=3 | probes=1781 wrfail=0 down=0s maxout=0s
t=22s RTT mean=12028 min=11911 max=19414 n=66 to=0 | cancels=0(+0/s) seqbad=0 len_bad=0 disc=0(0x00) | tot_n=1846 tot_to=0 maxever=41913 >2ms=1166 >5ms=1107 >15ms=41 >20ms=9 >30ms=3 | probes=1847 wrfail=0 down=0s maxout=0s
t=23s RTT mean=12028 min=11466 max=19412 n=66 to=0 | cancels=0(+0/s) seqbad=0 len_bad=0 disc=0(0x00) | tot_n=1912 tot_to=0 maxever=41913 >2ms=1232 >5ms=1173 >15ms=42 >20ms=9 >30ms=3 | probes=1913 wrfail=0 down=0s maxout=0s
t=24s RTT mean=13003 min=11470 max=26912 n=62 to=0 | cancels=0(+0/s) seqbad=0 len_bad=0 disc=0(0x00) | tot_n=1974 tot_to=0 maxever=41913 >2ms=1294 >5ms=1235 >15ms=49 >20ms=11 >30ms=3 | probes=1975 wrfail=0 down=0s maxout=0s
t=25s RTT mean=12028 min=11911 max=19412 n=66 to=0 | cancels=0(+0/s) seqbad=0 len_bad=0 disc=0(0x00) | tot_n=2040 tot_to=0 maxever=41913 >2ms=1360 >5ms=1301 >15ms=50 >20ms=11 >30ms=3 | probes=2041 wrfail=0 down=0s maxout=0s
t=26s RTT mean=12026 min=11911 max=19413 n=67 to=0 | cancels=0(+0/s) seqbad=0 len_bad=0 disc=0(0x00) | tot_n=2107 tot_to=0 maxever=41913 >2ms=1427 >5ms=1368 >15ms=51 >20ms=11 >30ms=3 | probes=2107 wrfail=0 down=0s maxout=0s
t=27s RTT mean=12510 min=11912 max=26914 n=63 to=0 | cancels=0(+0/s) seqbad=0 len_bad=0 disc=0(0x00) | tot_n=2170 tot_to=0 maxever=41913 >2ms=1490 >5ms=1431 >15ms=55 >20ms=12 >30ms=3 | probes=2171 wrfail=0 down=0s maxout=0s
t=28s RTT mean=12255 min=11911 max=19424 n=66 to=0 | cancels=0(+0/s) seqbad=0 len_bad=0 disc=0(0x00) | tot_n=2236 tot_to=0 maxever=41913 >2ms=1556 >5ms=1497 >15ms=58 >20ms=12 >30ms=3 | probes=2237 wrfail=0 down=0s maxout=0s
t=29s RTT mean=11914 min=11469 max=12363 n=67 to=0 | cancels=0(+0/s) seqbad=0 len_bad=0 disc=0(0x00) | tot_n=2303 tot_to=0 maxever=41913 >2ms=1623 >5ms=1564 >15ms=58 >20ms=12 >30ms=3 | probes=2303 wrfail=0 down=0s maxout=0s
t=30s RTT mean=11914 min=11469 max=12359 n=66 to=0 | cancels=0(+0/s) seqbad=0 len_bad=0 disc=0(0x00) | tot_n=2369 tot_to=0 maxever=41913 >2ms=1689 >5ms=1630 >15ms=58 >20ms=12 >30ms=3 | probes=2370 wrfail=0 down=0s maxout=0s
t=31s RTT mean=12026 min=11911 max=19413 n=67 to=0 | cancels=0(+0/s) seqbad=0 len_bad=0 disc=0(0x00) | tot_n=2436 tot_to=0 maxever=41913 >2ms=1756 >5ms=1697 >15ms=59 >20ms=12 >30ms=3 | probes=2436 wrfail=0 down=0s maxout=0s
t=32s RTT mean=12500 min=11470 max=19855 n=64 to=0 | cancels=0(+0/s) seqbad=0 len_bad=0 disc=0(0x00) | tot_n=2500 tot_to=0 maxever=41913 >2ms=1820 >5ms=1761 >15ms=64 >20ms=12 >30ms=3 | probes=2501 wrfail=0 down=0s maxout=0s
t=33s RTT mean=11914 min=11910 max=11935 n=66 to=0 | cancels=0(+0/s) seqbad=0 len_bad=0 disc=0(0x00) | tot_n=2566 tot_to=0 maxever=41913 >2ms=1886 >5ms=1827 >15ms=64 >20ms=12 >30ms=3 | probes=2567 wrfail=0 down=0s maxout=0s
t=34s RTT mean=12026 min=11911 max=19415 n=67 to=0 | cancels=0(+0/s) seqbad=0 len_bad=0 disc=0(0x00) | tot_n=2633 tot_to=0 maxever=41913 >2ms=1953 >5ms=1894 >15ms=65 >20ms=12 >30ms=3 | probes=2633 wrfail=0 down=0s maxout=0s
t=35s RTT mean=12384 min=11911 max=26914 n=64 to=0 | cancels=0(+0/s) seqbad=0 len_bad=0 disc=0(0x00) | tot_n=2697 tot_to=0 maxever=41913 >2ms=2017 >5ms=1958 >15ms=68 >20ms=13 >30ms=3 | probes=2698 wrfail=0 down=0s maxout=0s
t=36s RTT mean=11914 min=11911 max=11923 n=67 to=0 | cancels=0(+0/s) seqbad=0 len_bad=0 disc=0(0x00) | tot_n=2764 tot_to=0 maxever=41913 >2ms=2084 >5ms=2025 >15ms=68 >20ms=13 >30ms=3 | probes=2765 wrfail=0 down=0s maxout=0s
t=37s RTT mean=13267 min=11910 max=41913 n=61 to=0 | cancels=0(+0/s) seqbad=0 len_bad=0 disc=0(0x00) | tot_n=2825 tot_to=0 maxever=41913 >2ms=2145 >5ms=2086 >15ms=74 >20ms=16 >30ms=4 | probes=2826 wrfail=0 down=0s maxout=0s
t=38s RTT mean=15386 min=11911 max=34412 n=54 to=0 | cancels=0(+0/s) seqbad=0 len_bad=0 disc=0(0x00) | tot_n=2879 tot_to=0 maxever=41913 >2ms=2199 >5ms=2140 >15ms=93 >20ms=21 >30ms=5 | probes=2880 wrfail=0 down=0s maxout=0s
