   1.017  CENRX cum_total=0 B
   1.994  CENRX cum_total=0 B
   2.972  CENRX cum_total=0 B
   4.018  CENRX cum_total=0 B
   4.962  RPT occ: (SDC no-occ) fsu=150 | sender: sent=4739(+1991 SDU) eagain=0(+0) poolfail=0(+0)
   5.015  CENRX cum_total=0 B
   5.583  L2CAP disconnected
   5.584  GAP disconnected 0x08
   5.584  scan start rc=0
   5.644  found D6:C7:60:B1:D3:0E (random) (rssi -44), connecting
   5.644  GAP connected
   5.644  phy req rc=0
   5.763  DLE: tx_max=251 rx_max=251
   5.763  l2cap_chan_connect rc=0
   5.871  L2CAP connected: tx.mtu=512 tx.mps=247 tx.credits=0 rx.mtu=512 rx.mps=247
   5.871  GATE conn: interval=20 (units 1.25ms) => 25.00 ms
   5.871  Q3FSU-REQ role=C auto min=150 max=150 phys=0x2 rc=0
   5.930  PHY: tx=2 rx=2 (2=2M)
   5.930  dle req rc=0
   5.991  CENRX cum_total=1220 B
   6.103  Q3FSU-DONE role=C status=0x00 spacing=150 types=0x0 phys=0x0 initiator=0
   6.156  blasting 480-byte SDUs...
   6.972  CENRX cum_total=61488 B
   7.992  CENRX cum_total=149328 B
   9.026  CENRX cum_total=232288 B
   9.999  CENRX cum_total=322080 B
  11.027  CENRX cum_total=416752 B
  11.986  CENRX cum_total=513132 B
  12.999  CENRX cum_total=604388 B
  13.989  CENRX cum_total=696376 B
  14.960  RPT occ: (SDC no-occ) fsu=150 | sender: sent=6360(+1621 SDU) eagain=0(+0) poolfail=0(+0)
  15.020  CENRX cum_total=784948 B
  16.047  CENRX cum_total=872056 B
  17.023  CENRX cum_total=951356 B
  18.013  CENRX cum_total=1039928 B
  19.010  CENRX cum_total=1122156 B
  20.016  CENRX cum_total=1201212 B
  21.052  CENRX cum_total=1283928 B
  22.056  CENRX cum_total=1375428 B
  23.046  CENRX cum_total=1467904 B
  24.050  CENRX cum_total=1559648 B
  24.979  RPT occ: (SDC no-occ) fsu=150 | sender: sent=8125(+1765 SDU) eagain=0(+0) poolfail=0(+0)
  25.039  CENRX cum_total=1647000 B
  26.039  CENRX cum_total=1737036 B
  27.027  CENRX cum_total=1826096 B
  28.034  CENRX cum_total=1903444 B
  29.031  CENRX cum_total=1991528 B
  30.050  CENRX cum_total=2064484 B
  31.055  CENRX cum_total=2157936 B
  32.052  CENRX cum_total=2249680 B
  33.067  CENRX cum_total=2343376 B
  34.079  CENRX cum_total=2432436 B
  35.017  RPT occ: (SDC no-occ) fsu=150 | sender: sent=9925(+1800 SDU) eagain=0(+0) poolfail=0(+0)
  35.068  CENRX cum_total=2526376 B
  36.075  CENRX cum_total=2618608 B
  37.057  CENRX cum_total=2707912 B
  38.093  CENRX cum_total=2794776 B
  39.074  CENRX cum_total=2887984 B
