   1.724  *** Booting nRF Connect SDK v3.4.0-99553055607b ***
   1.725  *** Using Zephyr OS v4.4.0-bf801e4e3d19 ***
   1.725  
   1.725  === nRF52 L2CAP CoC SINK (Zephyr 4.4.1, seg_recv) ===
   1.725  L2CAP server on PSM 0x0080
   1.725  Advertising as 'zenoh-nrf-l2cap'
   1.936  GAP connected: interval=6
   5.941  GAP disconnected (0x08)
   5.941  Advertising as 'zenoh-nrf-l2cap'
   6.047  GAP connected: interval=6
   6.102  PHY updated: tx=2 rx=2
   6.102  DLE updated: tx_max=251 rx_max=251
   6.154  CoC up — seg_recv sink ready (RX_CREDITS=64, MPS=247)
   6.154  Q3FSU-DONE role=P status=0x00 spacing=65 types=0x3 phys=0x2 initiator=2
   6.747  SINK rx: 34 KB/s (35046 B / 1000 ms) fsu=65 | cum_total=35046 B cum_segs=147
   7.772  SINK rx: 126 KB/s (129120 B / 1000 ms) fsu=65 | cum_total=164166 B cum_segs=685
   8.745  SINK rx: 125 KB/s (128885 B / 1000 ms) fsu=65 | cum_total=293051 B cum_segs=1222
   9.779  SINK rx: 125 KB/s (128395 B / 1000 ms) fsu=65 | cum_total=421446 B cum_segs=1757
  10.759  SINK rx: 125 KB/s (128885 B / 1000 ms) fsu=65 | cum_total=550331 B cum_segs=2294
  11.787  SINK rx: 126 KB/s (129355 B / 1000 ms) fsu=65 | cum_total=679686 B cum_segs=2833
  12.773  SINK rx: 125 KB/s (128885 B / 1000 ms) fsu=65 | cum_total=808571 B cum_segs=3370
  13.812  SINK rx: 126 KB/s (129120 B / 1000 ms) fsu=65 | cum_total=937691 B cum_segs=3908
  14.787  SINK rx: 125 KB/s (128875 B / 1000 ms) fsu=65 | cum_total=1066566 B cum_segs=4445
  15.814  SINK rx: 125 KB/s (128405 B / 1000 ms) fsu=65 | cum_total=1194971 B cum_segs=4980
  16.835  SINK rx: 125 KB/s (128640 B / 1000 ms) fsu=65 | cum_total=1323611 B cum_segs=5516
  17.854  SINK rx: 125 KB/s (128395 B / 1000 ms) fsu=65 | cum_total=1452006 B cum_segs=6051
  18.831  SINK rx: 126 KB/s (129120 B / 1000 ms) fsu=65 | cum_total=1581126 B cum_segs=6589
  19.858  SINK rx: 124 KB/s (127925 B / 1000 ms) fsu=65 | cum_total=1709051 B cum_segs=7122
  20.837  SINK rx: 125 KB/s (128395 B / 1000 ms) fsu=65 | cum_total=1837446 B cum_segs=7657
  21.865  SINK rx: 125 KB/s (128640 B / 1000 ms) fsu=65 | cum_total=1966086 B cum_segs=8193
  22.883  SINK rx: 125 KB/s (128885 B / 1000 ms) fsu=65 | cum_total=2094971 B cum_segs=8730
  23.901  SINK rx: 125 KB/s (128395 B / 1000 ms) fsu=65 | cum_total=2223366 B cum_segs=9265
  24.884  SINK rx: 124 KB/s (127925 B / 1000 ms) fsu=65 | cum_total=2351291 B cum_segs=9798
  25.921  SINK rx: 125 KB/s (128395 B / 1000 ms) fsu=65 | cum_total=2479686 B cum_segs=10333
  26.896  SINK rx: 125 KB/s (128160 B / 1000 ms) fsu=65 | cum_total=2607846 B cum_segs=10867
  27.931  SINK rx: 125 KB/s (128405 B / 1000 ms) fsu=65 | cum_total=2736251 B cum_segs=11402
  28.951  SINK rx: 125 KB/s (128875 B / 1000 ms) fsu=65 | cum_total=2865126 B cum_segs=11939
  29.910  SINK rx: 124 KB/s (127445 B / 1000 ms) fsu=65 | cum_total=2992571 B cum_segs=12470
  30.938  SINK rx: 125 KB/s (128395 B / 1000 ms) fsu=65 | cum_total=3120966 B cum_segs=13005
  31.978  SINK rx: 125 KB/s (128640 B / 1000 ms) fsu=65 | cum_total=3249606 B cum_segs=13541
  32.954  SINK rx: 126 KB/s (129365 B / 1000 ms) fsu=65 | cum_total=3378971 B cum_segs=14080
  33.985  SINK rx: 125 KB/s (128875 B / 1000 ms) fsu=65 | cum_total=3507846 B cum_segs=14617
  34.960  SINK rx: 126 KB/s (129365 B / 1000 ms) fsu=65 | cum_total=3637211 B cum_segs=15156
  36.005  SINK rx: 125 KB/s (128395 B / 1000 ms) fsu=65 | cum_total=3765606 B cum_segs=15691
  37.023  SINK rx: 126 KB/s (129120 B / 1000 ms) fsu=65 | cum_total=3894726 B cum_segs=16229
  37.997  SINK rx: 125 KB/s (128885 B / 1000 ms) fsu=65 | cum_total=4023611 B cum_segs=16766
  39.023  SINK rx: 126 KB/s (129355 B / 1000 ms) fsu=65 | cum_total=4152966 B cum_segs=17305
