== building open into <SCRATCH>/b2777530-2abd-4537-b0c5-d116f2eaefd4/scratchpad/stepB/b-open
== design gate
  6: MATCHED: arms differ ONLY in ['CONFIG_APP_FSU_MIN_US'] (the variable under test). Clean isolation.
  12: MATCHED: arms differ ONLY in ['CONFIG_APP_FSU_MIN_US'] (the variable under test). Clean isolation.
  20: MATCHED: arms differ ONLY in ['CONFIG_APP_FSU_MIN_US'] (the variable under test). Clean isolation.
  sink: FSU-capable, auto-update off
  central 1057719509 /dev/cu.usbmodem0010577195093 / peripheral 1057794857 /dev/cu.usbmodem0010577948573
{"tag": "cocopen6_off_r1", "spacing": 150, "onset_s": 5.802, "dl": 90.7, "ul": 92.0, "agg": 182.7, "stall": null, "reject": []}
{"tag": "cocopen6_on_r2", "spacing": 52, "onset_s": 5.841, "dl": 91.1, "ul": 92.7, "agg": 183.8, "stall": null, "reject": []}
{"tag": "cocopen6_on_r3", "spacing": 52, "onset_s": 5.873, "dl": 91.0, "ul": 92.5, "agg": 183.5, "stall": null, "reject": []}
{"tag": "cocopen6_off_r4", "spacing": 150, "onset_s": 5.799, "dl": 90.9, "ul": 92.5, "agg": 183.5, "stall": null, "reject": []}
{"tag": "cocopen6_off_r5", "spacing": 150, "onset_s": 5.761, "dl": 90.8, "ul": 92.3, "agg": 183.2, "stall": null, "reject": []}
{"tag": "cocopen6_on_r6", "spacing": 52, "onset_s": 5.95, "dl": 91.2, "ul": 92.7, "agg": 183.9, "stall": null, "reject": []}
{"tag": "cocopen6_on_r7", "spacing": 52, "onset_s": 5.841, "dl": 91.2, "ul": 92.7, "agg": 183.9, "stall": null, "reject": []}
{"tag": "cocopen6_off_r8", "spacing": 150, "onset_s": 5.786, "dl": 90.9, "ul": 92.3, "agg": 183.2, "stall": null, "reject": []}
{"tag": "cocopen12_off_r1", "spacing": 150, "onset_s": 5.915, "dl": 90.2, "ul": 91.7, "agg": 181.9, "stall": null, "reject": []}
{"tag": "cocopen12_on_r2", "spacing": 52, "onset_s": 5.896, "dl": 90.5, "ul": 91.9, "agg": 182.4, "stall": null, "reject": []}
{"tag": "cocopen12_on_r3", "spacing": 52, "onset_s": 5.976, "dl": 90.8, "ul": 92.3, "agg": 183.2, "stall": null, "reject": []}
{"tag": "cocopen12_off_r4", "spacing": 150, "onset_s": 5.871, "dl": 90.7, "ul": 92.1, "agg": 182.9, "stall": null, "reject": []}
{"tag": "cocopen12_off_r5", "spacing": 150, "onset_s": 5.912, "dl": 90.7, "ul": 92.2, "agg": 182.9, "stall": null, "reject": []}
{"tag": "cocopen12_on_r6", "spacing": 52, "onset_s": 5.999, "dl": 90.5, "ul": 92.1, "agg": 182.6, "stall": null, "reject": []}
{"tag": "cocopen12_on_r7", "spacing": 52, "onset_s": 5.966, "dl": 90.7, "ul": 92.3, "agg": 183.0, "stall": null, "reject": []}
{"tag": "cocopen12_off_r8", "spacing": 150, "onset_s": 5.865, "dl": 90.6, "ul": 92.1, "agg": 182.7, "stall": null, "reject": []}
{"tag": "cocopen20_off_r1", "spacing": 150, "onset_s": 5.988, "dl": 76.6, "ul": 77.9, "agg": 154.5, "stall": null, "reject": []}
{"tag": "cocopen20_on_r2", "spacing": 52, "onset_s": 6.093, "dl": 95.2, "ul": 96.6, "agg": 191.8, "stall": null, "reject": []}
{"tag": "cocopen20_on_r3", "spacing": 52, "onset_s": 6.084, "dl": 95.0, "ul": 96.6, "agg": 191.6, "stall": null, "reject": []}
{"tag": "cocopen20_off_r4", "spacing": 150, "onset_s": 6.037, "dl": 76.8, "ul": 78.1, "agg": 154.9, "stall": null, "reject": []}
{"tag": "cocopen20_off_r5", "spacing": 150, "onset_s": 6.095, "dl": 76.7, "ul": 78.0, "agg": 154.7, "stall": null, "reject": []}
{"tag": "cocopen20_on_r6", "spacing": 52, "onset_s": 6.106, "dl": 94.8, "ul": 96.4, "agg": 191.2, "stall": null, "reject": []}
{"tag": "cocopen20_on_r7", "spacing": 52, "onset_s": 6.12, "dl": 94.4, "ul": 95.9, "agg": 190.3, "stall": null, "reject": []}
{"tag": "cocopen20_off_r8", "spacing": 150, "onset_s": 6.042, "dl": 76.4, "ul": 77.6, "agg": 154.0, "stall": null, "reject": []}

=== SUMMARY (accepted reps only) ===
  7.5 ms  off  183.1 (n=4)  on  183.8 (n=4)  FSU +0.3% ± 0.3% (Welch t95)  ranges overlap  rejected=0 (stalls=0)
          per direction (dl/ul): off 90.8/92.3  on 91.1/92.7
 15.0 ms  off  182.6 (n=4)  on  182.8 (n=4)  FSU +0.1% ± 0.4% (Welch t95)  ranges overlap  rejected=0 (stalls=0)
          per direction (dl/ul): off 90.5/92.0  on 90.6/92.2
 25.0 ms  off  154.5 (n=4)  on  191.2 (n=4)  FSU +23.8% ± 0.7% (Welch t95)  strict non-overlap  rejected=0 (stalls=0)
          per direction (dl/ul): off 76.6/77.9  on 94.8/96.4
