   1.687  *** Booting Zephyr OS build v4.4.2-16-gfee9fbc62095 ***
   1.687  
   1.687  === nRF52 L2CAP CoC SINK (Zephyr 4.4.1, seg_recv) ===
   1.687  L2CAP server on PSM 0x0080
   1.687  Advertising as 'zenoh-nrf-l2cap'
   2.392  GAP connected: interval=6
   2.392  DLE updated: tx_max=251 rx_max=27
   2.447  PHY updated: tx=2 rx=2
   2.447  DLE updated: tx_max=251 rx_max=251
   2.447  CoC up — seg_recv sink ready (RX_CREDITS=64, MPS=247)
   3.043  SINK rx: 19 KB/s (19686 B / 1000 ms) fsu=0 | cum_total=19686 B cum_segs=83 | UP sent=354 eagain=0 lasterr=0 txcred=84 host_pulls=0
   3.467  CTRACE n=1664 nofeed=74 cr0=0 ctrlfull=1590 hostheld=0 | ctrlempty=46 ctrlbufs=20 cr_mean_x10=805 returns=11 ret_cr=464 zero_ep=0
   4.063  SINK rx: 91 KB/s (93845 B / 1000 ms) fsu=0 | cum_total=113531 B cum_segs=474 | UP sent=744 eagain=0 lasterr=0 txcred=63 host_pulls=0
   4.504  CTRACE n=1672 nofeed=0 cr0=0 ctrlfull=1672 hostheld=0 | ctrlempty=0 ctrlbufs=20 cr_mean_x10=833 returns=10 ret_cr=400 zero_ep=0
   5.048  SINK rx: 91 KB/s (93355 B / 1000 ms) fsu=0 | cum_total=206886 B cum_segs=863 | UP sent=1133 eagain=0 lasterr=0 txcred=84 host_pulls=0
   5.479  CTRACE n=1679 nofeed=0 cr0=0 ctrlfull=1679 hostheld=0 | ctrlempty=0 ctrlbufs=20 cr_mean_x10=834 returns=9 ret_cr=360 zero_ep=0
   6.074  SINK rx: 90 KB/s (92885 B / 1000 ms) fsu=0 | cum_total=299771 B cum_segs=1250 | UP sent=1520 eagain=0 lasterr=0 txcred=66 host_pulls=0
   6.503  CTRACE n=1678 nofeed=0 cr0=0 ctrlfull=1678 hostheld=0 | ctrlempty=0 ctrlbufs=20 cr_mean_x10=838 returns=9 ret_cr=360 zero_ep=0
   7.052  SINK rx: 86 KB/s (89035 B / 1000 ms) fsu=0 | cum_total=388806 B cum_segs=1621 | UP sent=1891 eagain=0 lasterr=0 txcred=64 host_pulls=0
   7.545  CTRACE n=1680 nofeed=0 cr0=0 ctrlfull=1680 hostheld=0 | ctrlempty=0 ctrlbufs=20 cr_mean_x10=830 returns=9 ret_cr=360 zero_ep=0
   8.082  SINK rx: 89 KB/s (91445 B / 1000 ms) fsu=0 | cum_total=480251 B cum_segs=2002 | UP sent=2273 eagain=0 lasterr=0 txcred=92 host_pulls=0
   8.511  CTRACE n=1676 nofeed=0 cr0=0 ctrlfull=1676 hostheld=0 | ctrlempty=0 ctrlbufs=20 cr_mean_x10=836 returns=9 ret_cr=360 zero_ep=0
   9.095  SINK rx: 92 KB/s (94315 B / 1000 ms) fsu=0 | cum_total=574566 B cum_segs=2395 | UP sent=2665 eagain=0 lasterr=0 txcred=69 host_pulls=0
   9.524  CTRACE n=1677 nofeed=0 cr0=0 ctrlfull=1677 hostheld=0 | ctrlempty=0 ctrlbufs=20 cr_mean_x10=832 returns=10 ret_cr=400 zero_ep=0
  10.118  SINK rx: 92 KB/s (94560 B / 1000 ms) fsu=0 | cum_total=669126 B cum_segs=2789 | UP sent=3060 eagain=0 lasterr=0 txcred=84 host_pulls=0
  10.550  CTRACE n=1676 nofeed=0 cr0=0 ctrlfull=1676 hostheld=0 | ctrlempty=0 ctrlbufs=20 cr_mean_x10=836 returns=9 ret_cr=360 zero_ep=0
  11.140  SINK rx: 91 KB/s (94080 B / 1000 ms) fsu=0 | cum_total=763206 B cum_segs=3181 | UP sent=3452 eagain=0 lasterr=0 txcred=102 host_pulls=0
  11.581  CTRACE n=1678 nofeed=0 cr0=0 ctrlfull=1678 hostheld=0 | ctrlempty=0 ctrlbufs=20 cr_mean_x10=835 returns=10 ret_cr=400 zero_ep=0
  12.120  SINK rx: 91 KB/s (93845 B / 1000 ms) fsu=0 | cum_total=857051 B cum_segs=3572 | UP sent=3842 eagain=0 lasterr=0 txcred=81 host_pulls=0
  12.612  CTRACE n=1677 nofeed=0 cr0=0 ctrlfull=1677 hostheld=0 | ctrlempty=0 ctrlbufs=20 cr_mean_x10=835 returns=9 ret_cr=360 zero_ep=0
  13.153  SINK rx: 92 KB/s (94315 B / 1000 ms) fsu=0 | cum_total=951366 B cum_segs=3965 | UP sent=4236 eagain=0 lasterr=0 txcred=97 host_pulls=0
  13.590  CTRACE n=1680 nofeed=0 cr0=0 ctrlfull=1680 hostheld=0 | ctrlempty=0 ctrlbufs=20 cr_mean_x10=838 returns=10 ret_cr=400 zero_ep=0
  14.191  SINK rx: 91 KB/s (93600 B / 1000 ms) fsu=0 | cum_total=1044966 B cum_segs=4355 | UP sent=4624 eagain=0 lasterr=0 txcred=77 host_pulls=0
  14.627  CTRACE n=1674 nofeed=0 cr0=0 ctrlfull=1674 hostheld=0 | ctrlempty=0 ctrlbufs=20 cr_mean_x10=832 returns=9 ret_cr=360 zero_ep=0
  15.173  SINK rx: 91 KB/s (94080 B / 1000 ms) fsu=0 | cum_total=1139046 B cum_segs=4747 | UP sent=5018 eagain=0 lasterr=0 txcred=94 host_pulls=0
  15.609  CTRACE n=1675 nofeed=0 cr0=0 ctrlfull=1675 hostheld=0 | ctrlempty=0 ctrlbufs=20 cr_mean_x10=836 returns=10 ret_cr=400 zero_ep=0
  16.195  SINK rx: 90 KB/s (92885 B / 1000 ms) fsu=0 | cum_total=1231931 B cum_segs=5134 | UP sent=5404 eagain=0 lasterr=0 txcred=77 host_pulls=0
  16.619  CTRACE n=1676 nofeed=0 cr0=0 ctrlfull=1676 hostheld=0 | ctrlempty=0 ctrlbufs=20 cr_mean_x10=833 returns=9 ret_cr=360 zero_ep=0
  17.219  SINK rx: 92 KB/s (94315 B / 1000 ms) fsu=0 | cum_total=1326246 B cum_segs=5527 | UP sent=5798 eagain=0 lasterr=0 txcred=93 host_pulls=0
  17.653  CTRACE n=1676 nofeed=0 cr0=0 ctrlfull=1676 hostheld=0 | ctrlempty=0 ctrlbufs=20 cr_mean_x10=837 returns=10 ret_cr=400 zero_ep=0
  18.245  SINK rx: 91 KB/s (93845 B / 1000 ms) fsu=0 | cum_total=1420091 B cum_segs=5918 | UP sent=6188 eagain=0 lasterr=0 txcred=72 host_pulls=0
  18.671  CTRACE n=1678 nofeed=0 cr0=0 ctrlfull=1678 hostheld=0 | ctrlempty=0 ctrlbufs=20 cr_mean_x10=833 returns=9 ret_cr=360 zero_ep=0
  19.209  SINK rx: 91 KB/s (93355 B / 1000 ms) fsu=0 | cum_total=1513446 B cum_segs=6307 | UP sent=6578 eagain=0 lasterr=0 txcred=92 host_pulls=0
  19.644  CTRACE n=1679 nofeed=0 cr0=0 ctrlfull=1679 hostheld=0 | ctrlempty=0 ctrlbufs=20 cr_mean_x10=840 returns=9 ret_cr=360 zero_ep=0
  20.242  SINK rx: 92 KB/s (94325 B / 1000 ms) fsu=0 | cum_total=1607771 B cum_segs=6700 | UP sent=6970 eagain=0 lasterr=0 txcred=69 host_pulls=0
  20.674  CTRACE n=1675 nofeed=0 cr0=0 ctrlfull=1675 hostheld=0 | ctrlempty=0 ctrlbufs=20 cr_mean_x10=829 returns=9 ret_cr=360 zero_ep=0
  21.274  SINK rx: 92 KB/s (94315 B / 1000 ms) fsu=0 | cum_total=1702086 B cum_segs=7093 | UP sent=7364 eagain=0 lasterr=0 txcred=85 host_pulls=0
  21.713  CTRACE n=1682 nofeed=0 cr0=0 ctrlfull=1682 hostheld=0 | ctrlempty=0 ctrlbufs=20 cr_mean_x10=842 returns=9 ret_cr=360 zero_ep=0
  22.257  SINK rx: 90 KB/s (93120 B / 1000 ms) fsu=0 | cum_total=1795206 B cum_segs=7481 | UP sent=7751 eagain=0 lasterr=0 txcred=67 host_pulls=0
  22.691  CTRACE n=1679 nofeed=0 cr0=0 ctrlfull=1679 hostheld=0 | ctrlempty=0 ctrlbufs=20 cr_mean_x10=833 returns=9 ret_cr=360 zero_ep=0
  23.288  SINK rx: 92 KB/s (94560 B / 1000 ms) fsu=0 | cum_total=1889766 B cum_segs=7875 | UP sent=8145 eagain=0 lasterr=0 txcred=83 host_pulls=0
  23.721  CTRACE n=1673 nofeed=0 cr0=0 ctrlfull=1673 hostheld=0 | ctrlempty=0 ctrlbufs=20 cr_mean_x10=836 returns=9 ret_cr=360 zero_ep=0
  24.315  SINK rx: 91 KB/s (93365 B / 1000 ms) fsu=0 | cum_total=1983131 B cum_segs=8264 | UP sent=8535 eagain=0 lasterr=0 txcred=103 host_pulls=0
  24.753  CTRACE n=1673 nofeed=0 cr0=0 ctrlfull=1673 hostheld=0 | ctrlempty=0 ctrlbufs=20 cr_mean_x10=832 returns=10 ret_cr=400 zero_ep=0
  25.293  SINK rx: 92 KB/s (95040 B / 1000 ms) fsu=0 | cum_total=2078171 B cum_segs=8660 | UP sent=8930 eagain=0 lasterr=0 txcred=77 host_pulls=0
  25.732  CTRACE n=1673 nofeed=0 cr0=0 ctrlfull=1673 hostheld=0 | ctrlempty=0 ctrlbufs=20 cr_mean_x10=833 returns=9 ret_cr=360 zero_ep=0
  26.334  SINK rx: 91 KB/s (94080 B / 1000 ms) fsu=0 | cum_total=2172251 B cum_segs=9052 | UP sent=9323 eagain=0 lasterr=0 txcred=94 host_pulls=0
  26.773  CTRACE n=1678 nofeed=0 cr0=0 ctrlfull=1678 hostheld=0 | ctrlempty=0 ctrlbufs=20 cr_mean_x10=837 returns=10 ret_cr=400 zero_ep=0
  27.315  SINK rx: 92 KB/s (94560 B / 1000 ms) fsu=0 | cum_total=2266811 B cum_segs=9446 | UP sent=9716 eagain=0 lasterr=0 txcred=70 host_pulls=0
  27.752  CTRACE n=1673 nofeed=0 cr0=0 ctrlfull=1673 hostheld=0 | ctrlempty=0 ctrlbufs=20 cr_mean_x10=830 returns=9 ret_cr=360 zero_ep=0
  28.350  SINK rx: 92 KB/s (94560 B / 1000 ms) fsu=0 | cum_total=2361371 B cum_segs=9840 | UP sent=10111 eagain=0 lasterr=0 txcred=85 host_pulls=0
  28.784  CTRACE n=1674 nofeed=0 cr0=0 ctrlfull=1674 hostheld=0 | ctrlempty=0 ctrlbufs=20 cr_mean_x10=839 returns=9 ret_cr=360 zero_ep=0
  29.373  SINK rx: 92 KB/s (94315 B / 1000 ms) fsu=0 | cum_total=2455686 B cum_segs=10233 | UP sent=10503 eagain=0 lasterr=0 txcred=102 host_pulls=0
  29.812  CTRACE n=1679 nofeed=0 cr0=0 ctrlfull=1679 hostheld=0 | ctrlempty=0 ctrlbufs=20 cr_mean_x10=831 returns=9 ret_cr=360 zero_ep=0
  30.397  SINK rx: 91 KB/s (93845 B / 1000 ms) fsu=0 | cum_total=2549531 B cum_segs=10624 | UP sent=10894 eagain=0 lasterr=0 txcred=81 host_pulls=0
  30.777  CTRACE n=1674 nofeed=0 cr0=0 ctrlfull=1674 hostheld=0 | ctrlempty=0 ctrlbufs=20 cr_mean_x10=837 returns=9 ret_cr=360 zero_ep=0
  31.380  SINK rx: 91 KB/s (93835 B / 1000 ms) fsu=0 | cum_total=2643366 B cum_segs=11015 | UP sent=11286 eagain=0 lasterr=0 txcred=99 host_pulls=0
  31.814  CTRACE n=1673 nofeed=0 cr0=0 ctrlfull=1673 hostheld=0 | ctrlempty=0 ctrlbufs=20 cr_mean_x10=833 returns=10 ret_cr=400 zero_ep=0
  32.409  SINK rx: 93 KB/s (95285 B / 1000 ms) fsu=0 | cum_total=2738651 B cum_segs=11412 | UP sent=11682 eagain=0 lasterr=0 txcred=72 host_pulls=0
  32.844  CTRACE n=1673 nofeed=0 cr0=0 ctrlfull=1673 hostheld=0 | ctrlempty=0 ctrlbufs=20 cr_mean_x10=834 returns=9 ret_cr=360 zero_ep=0
  33.438  SINK rx: 91 KB/s (94080 B / 1000 ms) fsu=0 | cum_total=2832731 B cum_segs=11804 | UP sent=12075 eagain=0 lasterr=0 txcred=89 host_pulls=0
  33.812  CTRACE n=1674 nofeed=0 cr0=0 ctrlfull=1674 hostheld=0 | ctrlempty=0 ctrlbufs=20 cr_mean_x10=835 returns=10 ret_cr=400 zero_ep=0
  34.458  SINK rx: 92 KB/s (95040 B / 1000 ms) fsu=0 | cum_total=2927771 B cum_segs=12200 | UP sent=12471 eagain=0 lasterr=0 txcred=103 host_pulls=0
  34.838  CTRACE n=1673 nofeed=0 cr0=0 ctrlfull=1673 hostheld=0 | ctrlempty=0 ctrlbufs=20 cr_mean_x10=830 returns=9 ret_cr=360 zero_ep=0
  35.428  SINK rx: 91 KB/s (94080 B / 1000 ms) fsu=0 | cum_total=3021851 B cum_segs=12592 | UP sent=12862 eagain=0 lasterr=0 txcred=81 host_pulls=0
  35.864  CTRACE n=1681 nofeed=0 cr0=0 ctrlfull=1681 hostheld=0 | ctrlempty=0 ctrlbufs=20 cr_mean_x10=842 returns=9 ret_cr=360 zero_ep=0
  36.455  SINK rx: 92 KB/s (94795 B / 1000 ms) fsu=0 | cum_total=3116646 B cum_segs=12987 | UP sent=13258 eagain=0 lasterr=0 txcred=95 host_pulls=0
  36.884  CTRACE n=1681 nofeed=0 cr0=0 ctrlfull=1681 hostheld=0 | ctrlempty=0 ctrlbufs=20 cr_mean_x10=835 returns=10 ret_cr=400 zero_ep=0
  37.484  SINK rx: 92 KB/s (94560 B / 1000 ms) fsu=0 | cum_total=3211206 B cum_segs=13381 | UP sent=13651 eagain=0 lasterr=0 txcred=71 host_pulls=0
  37.860  CTRACE n=1674 nofeed=0 cr0=0 ctrlfull=1674 hostheld=0 | ctrlempty=0 ctrlbufs=20 cr_mean_x10=834 returns=9 ret_cr=360 zero_ep=0
  38.463  SINK rx: 92 KB/s (94805 B / 1000 ms) fsu=0 | cum_total=3306011 B cum_segs=13776 | UP sent=14047 eagain=0 lasterr=0 txcred=85 host_pulls=0
  38.889  CTRACE n=1682 nofeed=0 cr0=0 ctrlfull=1682 hostheld=0 | ctrlempty=0 ctrlbufs=20 cr_mean_x10=840 returns=10 ret_cr=400 zero_ep=0
  39.484  SINK rx: 91 KB/s (93835 B / 1000 ms) fsu=0 | cum_total=3399846 B cum_segs=14167 | UP sent=14437 eagain=0 lasterr=0 txcred=64 host_pulls=0
  39.918  CTRACE n=1676 nofeed=0 cr0=0 ctrlfull=1676 hostheld=0 | ctrlempty=0 ctrlbufs=20 cr_mean_x10=833 returns=9 ret_cr=360 zero_ep=0
