   0.055  CTRACE n=1723 nofeed=0 cr0=1723 ctrlfull=0 hostheld=0 | ctrlempty=0 ctrlbufs=64 cr_mean_x10=0 returns=0 ret_cr=0 zero_ep=1
   0.600  CENRX cum_total=3567768 B
   1.085  CTRACE n=1724 nofeed=0 cr0=1724 ctrlfull=0 hostheld=0 | ctrlempty=0 ctrlbufs=64 cr_mean_x10=0 returns=0 ret_cr=0 zero_ep=1
   1.575  RPT occ: events=0 mean_pkts/ev=0.00 max=0 nonempty_ev=0 fsu=0 | sender: sent=11529(+1312 SDU) eagain=0(+0) poolfail=0(+0)
   1.628  CENRX cum_total=3567768 B
   2.060  CTRACE n=1723 nofeed=0 cr0=1723 ctrlfull=0 hostheld=0 | ctrlempty=0 ctrlbufs=64 cr_mean_x10=0 returns=0 ret_cr=0 zero_ep=1
   2.329  L2CAP disconnected
   2.329  GAP disconnected 0x08
   2.329  scan start rc=0
   2.329  found D6:C7:60:B1:D3:0E (random) (rssi -34), connecting
   2.329  Q2CONN AA=245f8ede CRCINIT=6f973f hop=16 chan_count=37 map=ffffffff1f
   2.329  GAP connected
   2.329  phy req rc=0
   2.384  DLE: tx_max=27 rx_max=251
   2.439  PHY: tx=2 rx=2 (2=2M)
   2.440  dle req rc=0
   2.440  DLE: tx_max=251 rx_max=251
   2.440  l2cap_chan_connect rc=0
   2.492  L2CAP connected: tx.mtu=512 tx.mps=247 tx.credits=0 rx.mtu=512 rx.mps=247
   2.492  GATE conn: interval=6 (units 1.25ms) => 7.50 ms
   2.492  Q3FSU-REQ role=C auto min=150 max=150 phys=0x2 rc=0
   2.655  CENRX cum_total=3591436 B
   2.766  blasting 480-byte SDUs...
   3.463  CTRACE n=1646 nofeed=521 cr0=1501 ctrlfull=0 hostheld=0 | ctrlempty=795 ctrlbufs=64 cr_mean_x10=195 returns=3 ret_cr=29 zero_ep=5
   3.624  CENRX cum_total=3716120 B
   4.475  CTRACE n=1666 nofeed=12 cr0=1654 ctrlfull=0 hostheld=0 | ctrlempty=562 ctrlbufs=64 cr_mean_x10=0 returns=6 ret_cr=57 zero_ep=7
   4.640  CENRX cum_total=3835680 B
   5.505  CTRACE n=1673 nofeed=12 cr0=1661 ctrlfull=0 hostheld=0 | ctrlempty=563 ctrlbufs=64 cr_mean_x10=0 returns=6 ret_cr=57 zero_ep=7
   5.613  CENRX cum_total=3949628 B
   6.541  CTRACE n=1675 nofeed=10 cr0=1665 ctrlfull=0 hostheld=0 | ctrlempty=669 ctrlbufs=64 cr_mean_x10=0 returns=5 ret_cr=47 zero_ep=6
   6.650  CENRX cum_total=4055524 B
   7.514  CTRACE n=1667 nofeed=12 cr0=1655 ctrlfull=0 hostheld=0 | ctrlempty=569 ctrlbufs=64 cr_mean_x10=0 returns=6 ret_cr=57 zero_ep=7
   7.625  CENRX cum_total=4176548 B
   8.536  CTRACE n=1668 nofeed=12 cr0=1656 ctrlfull=0 hostheld=0 | ctrlempty=568 ctrlbufs=64 cr_mean_x10=0 returns=6 ret_cr=57 zero_ep=7
   8.647  CENRX cum_total=4296840 B
   9.563  CTRACE n=1671 nofeed=12 cr0=1659 ctrlfull=0 hostheld=0 | ctrlempty=580 ctrlbufs=64 cr_mean_x10=0 returns=6 ret_cr=57 zero_ep=7
   9.674  CENRX cum_total=4416156 B
  10.582  CTRACE n=1667 nofeed=12 cr0=1655 ctrlfull=0 hostheld=0 | ctrlempty=581 ctrlbufs=64 cr_mean_x10=0 returns=6 ret_cr=57 zero_ep=7
  10.638  CENRX cum_total=4537180 B
  11.564  RPT occ: events=0 mean_pCTRACE n=1668 nofeed=12 cr0=1656 ctrlfull=0 hostheld=0 | ctrlempty=580 ctrlbufs=64 cr_mean_x10=0 returns=6 ret_cr=57 zero_ep=7
  11.564  kts/ev=0.00 max=0 nonempty_ev=0 fsu=0 | sender: sent=12601(+1072 SDU) eagain=0(+0) poolfail=0(+0)
  11.674  CENRX cum_total=4656252 B
  12.577  CTRACE n=1667 nofeed=12 cr0=1655 ctrlfull=0 hostheld=0 | ctrlempty=585 ctrlbufs=64 cr_mean_x10=0 returns=6 ret_cr=57 zero_ep=7
  12.633  CENRX cum_total=4777276 B
  13.617  CTRACE n=1666 nofeed=12 cr0=1654 ctrlfull=0 hostheld=0 | ctrlempty=595 ctrlbufs=64 cr_mean_x10=0 returns=6 ret_cr=57 zero_ep=7
  13.671  CENRX cum_total=4897568 B
  14.590  CTRACE n=1667 nofeed=12 cr0=1655 ctrlfull=0 hostheld=0 | ctrlempty=574 ctrlbufs=64 cr_mean_x10=0 returns=6 ret_cr=57 zero_ep=7
  14.650  CENRX cum_total=5017860 B
  15.612  CTRACE n=1669 nofeed=12 cr0=1657 ctrlfull=0 hostheld=0 | ctrlempty=581 ctrlbufs=64 cr_mean_x10=0 returns=6 ret_cr=57 zero_ep=7
  15.665  CENRX cum_total=5137908 B
  16.637  CTRACE n=1670 nofeed=12 cr0=1658 ctrlfull=0 hostheld=0 | ctrlempty=592 ctrlbufs=64 cr_mean_x10=0 returns=6 ret_cr=57 zero_ep=7
  16.693  CENRX cum_total=5257224 B
  17.666  CTRACE n=1670 nofeed=12 cr0=1658 ctrlfull=0 hostheld=0 | ctrlempty=587 ctrlbufs=64 cr_mean_x10=0 returns=6 ret_cr=57 zero_ep=7
  17.667  CENRX cum_total=5377272 B
  18.643  CTRACE n=1667 nofeed=12 cr0=1655 ctrlfull=0 hostheld=0 | ctrlempty=577 ctrlbufs=64 cr_mean_x10=0 returns=6 ret_cr=57 zero_ep=7
  18.699  CENRX cum_total=5498052 B
  19.671  CTRACE n=1669 nofeed=12 cr0=1657 ctrlfull=0 hostheld=0 | ctrlempty=583 ctrlbufs=64 cr_mean_x10=0 returns=6 ret_cr=57 zero_ep=7
  19.671  CENRX cum_total=5619076 B
  20.686  CTRACE n=1666 nofeed=12 cr0=1654 ctrlfull=0 hostheld=0 | ctrlempty=583 ctrlbufs=64 cr_mean_x10=0 returns=6 ret_cr=57 zero_ep=7
  20.687  CENRX cum_total=5739612 B
  21.616  RPT occ: events=0 mean_pkts/ev=0.00 max=0 nonempty_ev=0 fsu=0 | sender: sent=13811(+1210 SDU) eagain=0(+0) poolfail=0(+0)
  21.671  CTRACE n=1667 nofeed=12 cr0=1655 ctrlfull=0 hostheld=0 | ctrlempty=577 ctrlbufs=64 cr_mean_x10=0 returns=6 ret_cr=57 zero_ep=7
  21.671  CENRX cum_total=5860392 B
  22.701  CTRACE n=1669 nofeed=12 cr0=1657 ctrlfull=0 hostheld=0 | ctrlempty=596 ctrlbufs=64 cr_mean_x10=0 returns=6 ret_cr=57 zero_ep=7
  22.701  CENRX cum_total=5981904 B
  23.722  CTRACE n=1664 nofeed=12 cr0=1652 ctrlfull=0 hostheld=0 | ctrlempty=579 ctrlbufs=64 cr_mean_x10=0 returns=6 ret_cr=57 zero_ep=7
  23.722  CENRX cum_total=6103172 B
  24.736  CTRACE n=1671 nofeed=12 cr0=1659 ctrlfull=0 hostheld=0 | ctrlempty=593 ctrlbufs=64 cr_mean_x10=0 returns=6 ret_cr=57 zero_ep=7
  24.736  CENRX cum_total=6224928 B
  25.713  CTRACE n=1665 nofeed=12 cr0=1653 ctrlfull=0 hostheld=0 | ctrlempty=572 ctrlbufs=64 cr_mean_x10=0 returns=6 ret_cr=57 zero_ep=7
  25.766  CENRX cum_total=6346684 B
  26.740  CTRACE n=1668 nofeed=12 cr0=1656 ctrlfull=0 hostheld=0 | ctrlempty=581 ctrlbufs=64 cr_mean_x10=0 returns=6 ret_cr=57 zero_ep=7
  26.741  CENRX cum_total=6467952 B
  27.761  CTRACE n=1667 nofeed=12 cr0=1655 ctrlfull=0 hostheld=0 | ctrlempty=583 ctrlbufs=64 cr_mean_x10=0 returns=6 ret_cr=57 zero_ep=7
  27.761  CENRX cum_total=6589708 B
  28.796  CTRACE n=1669 nofeed=12 cr0=1657 ctrlfull=0 hostheld=0 | ctrlempty=583 ctrlbufs=64 cr_mean_x10=0 returns=6 ret_cr=57 zero_ep=7
  28.796  CENRX cum_total=6710732 B
  29.761  CTRACE n=1669 nofeed=12 cr0=1657 ctrlfull=0 hostheld=0 | ctrlempty=582 ctrlbufs=64 cr_mean_x10=0 returns=6 ret_cr=57 zero_ep=7
  29.817  CENRX cum_total=6832976 B
  30.788  CTRACE n=1667 nofeed=12 cr0=1655 ctrlfull=0 hostheld=0 | ctrlempty=591 ctrlbufs=64 cr_mean_x10=0 returns=6 ret_cr=57 zero_ep=7
  30.788  CENRX cum_total=6954000 B
  31.600  RPT occ: events=0 mean_pkts/ev=0.00 max=0 nonempty_ev=0 fsu=0 | sender: sent=15041(+1230 SDU) eagain=0(+0) poolfail=0(+0)
  31.817  CTRACE n=1668 nofeed=12 cr0=1656 ctrlfull=0 hostheld=0 | ctrlempty=583 ctrlbufs=64 cr_mean_x10=0 returns=6 ret_cr=57 zero_ep=7
  31.817  CENRX cum_total=7074536 B
  32.796  CTRACE n=1669 nofeed=12 cr0=1657 ctrlfull=0 hostheld=0 | ctrlempty=585 ctrlbufs=64 cr_mean_x10=0 returns=6 ret_cr=57 zero_ep=7
  32.850  CENRX cum_total=7196048 B
  33.834  CTRACE n=1669 nofeed=12 cr0=1657 ctrlfull=0 hostheld=0 | ctrlempty=596 ctrlbufs=64 cr_mean_x10=0 returns=6 ret_cr=57 zero_ep=7
  33.834  CENRX cum_total=7316828 B
  34.862  CTRACE n=1666 nofeed=12 cr0=1654 ctrlfull=0 hostheld=0 | ctrlempty=586 ctrlbufs=64 cr_mean_x10=0 returns=6 ret_cr=57 zero_ep=7
  34.862  CENRX cum_total=7438584 B
  35.848  CTRACE n=1667 nofeed=12 cr0=1655 ctrlfull=0 hostheld=0 | ctrlempty=585 ctrlbufs=64 cr_mean_x10=0 returns=6 ret_cr=57 zero_ep=7
  35.848  CENRX cum_total=7559364 B
  36.874  CTRACE n=1669 nofeed=12 cr0=1657 ctrlfull=0 hostheld=0 | ctrlempty=582 ctrlbufs=64 cr_mean_x10=0 returns=6 ret_cr=57 zero_ep=7
  36.874  CENRX cum_total=7681364 B
  37.896  CTRACE n=1672 nofeed=12 cr0=1660 ctrlfull=0 hostheld=0 | ctrlempty=586 ctrlbufs=64 cr_mean_x10=0 returns=6 ret_cr=57 zero_ep=7
  37.896  CENRX cum_total=7803120 B
  38.918  CTRACE n=1669 nofeed=12 cr0=1657 ctrlfull=0 hostheld=0 | ctrlempty=581 ctrlbufs=64 cr_mean_x10=0 returns=6 ret_cr=57 zero_ep=7
  38.919  CENRX cum_total=7925364 B
  39.894  CTRACE n=1668 nofeed=12 cr0=1656 ctrlfull=0 hostheld=0 | ctrlempty=582 ctrlbufs=64 cr_mean_x10=0 returns=6 ret_cr=57 zero_ep=7
  39.894  CENRX cum_total=8047364 B
