   1.683  *** Booting Zephyr OS build v4.4.2-16-gfee9fbc62095 ***
   1.683  
   1.683  === nRF52 L2CAP CoC SINK (Zephyr 4.4.1, seg_recv) ===
   1.683  L2CAP server on PSM 0x0080
   1.683  Advertising as 'zenoh-nrf-l2cap'
   2.337  GAP connected: interval=6
   2.390  DLE updated: tx_max=251 rx_max=27
   2.444  PHY updated: tx=2 rx=2
   2.444  DLE updated: tx_max=251 rx_max=251
   2.444  CoC up — seg_recv sink ready (RX_CREDITS=64, MPS=247)
   3.034  SINK rx: 20 KB/s (20646 B / 1000 ms) fsu=0 | cum_total=20646 B cum_segs=87 | UP sent=375 eagain=0 lasterr=0 txcred=63 host_pulls=0
   3.461  CTRACE n=1663 nofeed=3 cr0=0 ctrlfull=1660 hostheld=0 | ctrlempty=0 ctrlbufs=20 cr_mean_x10=749 returns=11 ret_cr=463 zero_ep=0
   4.056  SINK rx: 92 KB/s (94325 B / 1000 ms) fsu=0 | cum_total=114971 B cum_segs=480 | UP sent=769 eagain=0 lasterr=0 txcred=79 host_pulls=0
   4.495  CTRACE n=1678 nofeed=0 cr0=0 ctrlfull=1678 hostheld=0 | ctrlempty=0 ctrlbufs=20 cr_mean_x10=688 returns=9 ret_cr=360 zero_ep=0
   5.039  SINK rx: 92 KB/s (94795 B / 1000 ms) fsu=0 | cum_total=209766 B cum_segs=875 | UP sent=1163 eagain=0 lasterr=0 txcred=54 host_pulls=0
   5.471  CTRACE n=1677 nofeed=0 cr0=0 ctrlfull=1677 hostheld=0 | ctrlempty=0 ctrlbufs=20 cr_mean_x10=678 returns=10 ret_cr=400 zero_ep=0
   6.064  SINK rx: 91 KB/s (94080 B / 1000 ms) fsu=0 | cum_total=303846 B cum_segs=1267 | UP sent=1556 eagain=0 lasterr=0 txcred=71 host_pulls=0
   6.493  CTRACE n=1674 nofeed=0 cr0=0 ctrlfull=1674 hostheld=0 | ctrlempty=0 ctrlbufs=20 cr_mean_x10=685 returns=9 ret_cr=360 zero_ep=0
   7.087  SINK rx: 92 KB/s (94325 B / 1000 ms) fsu=0 | cum_total=398171 B cum_segs=1660 | UP sent=1949 eagain=0 lasterr=0 txcred=88 host_pulls=0
   7.524  CTRACE n=1679 nofeed=0 cr0=0 ctrlfull=1679 hostheld=0 | ctrlempty=0 ctrlbufs=20 cr_mean_x10=678 returns=10 ret_cr=400 zero_ep=0
   8.112  SINK rx: 89 KB/s (91915 B / 1000 ms) fsu=0 | cum_total=490086 B cum_segs=2043 | UP sent=2331 eagain=0 lasterr=0 txcred=74 host_pulls=0
   8.545  CTRACE n=1679 nofeed=0 cr0=0 ctrlfull=1679 hostheld=0 | ctrlempty=0 ctrlbufs=20 cr_mean_x10=685 returns=9 ret_cr=360 zero_ep=0
   9.086  SINK rx: 92 KB/s (94560 B / 1000 ms) fsu=0 | cum_total=584646 B cum_segs=2437 | UP sent=2725 eagain=0 lasterr=0 txcred=50 host_pulls=0
   9.519  CTRACE n=1678 nofeed=0 cr0=0 ctrlfull=1678 hostheld=0 | ctrlempty=0 ctrlbufs=20 cr_mean_x10=680 returns=10 ret_cr=400 zero_ep=0
  10.110  SINK rx: 91 KB/s (93600 B / 1000 ms) fsu=0 | cum_total=678246 B cum_segs=2827 | UP sent=3116 eagain=0 lasterr=0 txcred=69 host_pulls=0
  10.547  CTRACE n=1677 nofeed=0 cr0=0 ctrlfull=1677 hostheld=0 | ctrlempty=0 ctrlbufs=20 cr_mean_x10=682 returns=9 ret_cr=360 zero_ep=0
  11.137  SINK rx: 90 KB/s (92885 B / 1000 ms) fsu=0 | cum_total=771131 B cum_segs=3214 | UP sent=3502 eagain=0 lasterr=0 txcred=52 host_pulls=0
  11.571  CTRACE n=1675 nofeed=0 cr0=0 ctrlfull=1675 hostheld=0 | ctrlempty=0 ctrlbufs=20 cr_mean_x10=680 returns=10 ret_cr=400 zero_ep=0
  12.117  SINK rx: 91 KB/s (93355 B / 1000 ms) fsu=0 | cum_total=864486 B cum_segs=3603 | UP sent=3892 eagain=0 lasterr=0 txcred=72 host_pulls=0
  12.600  CTRACE n=1679 nofeed=0 cr0=0 ctrlfull=1679 hostheld=0 | ctrlempty=0 ctrlbufs=20 cr_mean_x10=685 returns=9 ret_cr=360 zero_ep=0
  13.139  SINK rx: 92 KB/s (94325 B / 1000 ms) fsu=0 | cum_total=958811 B cum_segs=3996 | UP sent=4284 eagain=0 lasterr=0 txcred=49 host_pulls=0
  13.576  CTRACE n=1677 nofeed=0 cr0=0 ctrlfull=1677 hostheld=0 | ctrlempty=0 ctrlbufs=20 cr_mean_x10=679 returns=10 ret_cr=400 zero_ep=0
  14.168  SINK rx: 92 KB/s (94315 B / 1000 ms) fsu=0 | cum_total=1053126 B cum_segs=4389 | UP sent=4677 eagain=0 lasterr=0 txcred=66 host_pulls=0
  14.595  CTRACE n=1675 nofeed=0 cr0=0 ctrlfull=1675 hostheld=0 | ctrlempty=0 ctrlbufs=20 cr_mean_x10=684 returns=9 ret_cr=360 zero_ep=0
  15.182  SINK rx: 91 KB/s (94080 B / 1000 ms) fsu=0 | cum_total=1147206 B cum_segs=4781 | UP sent=5070 eagain=0 lasterr=0 txcred=83 host_pulls=0
  15.619  CTRACE n=1674 nofeed=0 cr0=0 ctrlfull=1674 hostheld=0 | ctrlempty=0 ctrlbufs=20 cr_mean_x10=684 returns=10 ret_cr=400 zero_ep=0
  16.215  SINK rx: 92 KB/s (94805 B / 1000 ms) fsu=0 | cum_total=1242011 B cum_segs=5176 | UP sent=5464 eagain=0 lasterr=0 txcred=58 host_pulls=0
  16.652  CTRACE n=1674 nofeed=0 cr0=0 ctrlfull=1674 hostheld=0 | ctrlempty=0 ctrlbufs=20 cr_mean_x10=680 returns=9 ret_cr=360 zero_ep=0
  17.192  SINK rx: 91 KB/s (94080 B / 1000 ms) fsu=0 | cum_total=1336091 B cum_segs=5568 | UP sent=5857 eagain=0 lasterr=0 txcred=75 host_pulls=0
  17.612  CTRACE n=1676 nofeed=0 cr0=0 ctrlfull=1676 hostheld=0 | ctrlempty=0 ctrlbufs=20 cr_mean_x10=688 returns=10 ret_cr=400 zero_ep=0
  18.211  SINK rx: 92 KB/s (94795 B / 1000 ms) fsu=0 | cum_total=1430886 B cum_segs=5963 | UP sent=6251 eagain=0 lasterr=0 txcred=50 host_pulls=0
  18.641  CTRACE n=1674 nofeed=0 cr0=0 ctrlfull=1674 hostheld=0 | ctrlempty=0 ctrlbufs=20 cr_mean_x10=679 returns=10 ret_cr=400 zero_ep=0
  19.245  SINK rx: 92 KB/s (94805 B / 1000 ms) fsu=0 | cum_total=1525691 B cum_segs=6358 | UP sent=6645 eagain=0 lasterr=0 txcred=65 host_pulls=0
  19.681  CTRACE n=1677 nofeed=0 cr0=0 ctrlfull=1677 hostheld=0 | ctrlempty=0 ctrlbufs=20 cr_mean_x10=684 returns=9 ret_cr=360 zero_ep=0
  20.269  SINK rx: 91 KB/s (93600 B / 1000 ms) fsu=0 | cum_total=1619291 B cum_segs=6748 | UP sent=7037 eagain=0 lasterr=0 txcred=84 host_pulls=0
  20.647  CTRACE n=1675 nofeed=0 cr0=0 ctrlfull=1675 hostheld=0 | ctrlempty=0 ctrlbufs=20 cr_mean_x10=681 returns=10 ret_cr=400 zero_ep=0
  21.240  SINK rx: 91 KB/s (93835 B / 1000 ms) fsu=0 | cum_total=1713126 B cum_segs=7139 | UP sent=7427 eagain=0 lasterr=0 txcred=63 host_pulls=0
  21.669  CTRACE n=1678 nofeed=0 cr0=0 ctrlfull=1678 hostheld=0 | ctrlempty=0 ctrlbufs=20 cr_mean_x10=682 returns=9 ret_cr=360 zero_ep=0
  22.264  SINK rx: 92 KB/s (94805 B / 1000 ms) fsu=0 | cum_total=1807931 B cum_segs=7534 | UP sent=7823 eagain=0 lasterr=0 txcred=77 host_pulls=0
  22.703  CTRACE n=1674 nofeed=0 cr0=0 ctrlfull=1674 hostheld=0 | ctrlempty=0 ctrlbufs=20 cr_mean_x10=684 returns=10 ret_cr=400 zero_ep=0
  23.289  SINK rx: 92 KB/s (94795 B / 1000 ms) fsu=0 | cum_total=1902726 B cum_segs=7929 | UP sent=8217 eagain=0 lasterr=0 txcred=52 host_pulls=0
  23.718  CTRACE n=1678 nofeed=0 cr0=0 ctrlfull=1678 hostheld=0 | ctrlempty=0 ctrlbufs=20 cr_mean_x10=679 returns=9 ret_cr=360 zero_ep=0
  24.307  SINK rx: 91 KB/s (94080 B / 1000 ms) fsu=0 | cum_total=1996806 B cum_segs=8321 | UP sent=8610 eagain=0 lasterr=0 txcred=69 host_pulls=0
  24.740  CTRACE n=1676 nofeed=0 cr0=0 ctrlfull=1676 hostheld=0 | ctrlempty=0 ctrlbufs=20 cr_mean_x10=687 returns=9 ret_cr=360 zero_ep=0
  25.324  SINK rx: 91 KB/s (94080 B / 1000 ms) fsu=0 | cum_total=2090886 B cum_segs=8713 | UP sent=9002 eagain=0 lasterr=0 txcred=87 host_pulls=0
  25.747  CTRACE n=1674 nofeed=0 cr0=0 ctrlfull=1674 hostheld=0 | ctrlempty=0 ctrlbufs=20 cr_mean_x10=678 returns=9 ret_cr=360 zero_ep=0
  26.334  SINK rx: 91 KB/s (93365 B / 1000 ms) fsu=0 | cum_total=2184251 B cum_segs=9102 | UP sent=9391 eagain=0 lasterr=0 txcred=67 host_pulls=0
  26.770  CTRACE n=1674 nofeed=0 cr0=0 ctrlfull=1674 hostheld=0 | ctrlempty=0 ctrlbufs=20 cr_mean_x10=688 returns=9 ret_cr=360 zero_ep=0
  27.316  SINK rx: 91 KB/s (94080 B / 1000 ms) fsu=0 | cum_total=2278331 B cum_segs=9494 | UP sent=9783 eagain=0 lasterr=0 txcred=85 host_pulls=0
  27.745  CTRACE n=1677 nofeed=0 cr0=0 ctrlfull=1677 hostheld=0 | ctrlempty=0 ctrlbufs=20 cr_mean_x10=679 returns=10 ret_cr=400 zero_ep=0
  28.349  SINK rx: 92 KB/s (94795 B / 1000 ms) fsu=0 | cum_total=2373126 B cum_segs=9889 | UP sent=10177 eagain=0 lasterr=0 txcred=60 host_pulls=0
  28.785  CTRACE n=1677 nofeed=0 cr0=0 ctrlfull=1677 hostheld=0 | ctrlempty=0 ctrlbufs=20 cr_mean_x10=683 returns=9 ret_cr=360 zero_ep=0
  29.379  SINK rx: 91 KB/s (93845 B / 1000 ms) fsu=0 | cum_total=2466971 B cum_segs=10280 | UP sent=10569 eagain=0 lasterr=0 txcred=78 host_pulls=0
  29.758  CTRACE n=1676 nofeed=0 cr0=0 ctrlfull=1676 hostheld=0 | ctrlempty=0 ctrlbufs=20 cr_mean_x10=683 returns=10 ret_cr=400 zero_ep=0
  30.357  SINK rx: 92 KB/s (94795 B / 1000 ms) fsu=0 | cum_total=2561766 B cum_segs=10675 | UP sent=10963 eagain=0 lasterr=0 txcred=53 host_pulls=0
  30.794  CTRACE n=1676 nofeed=0 cr0=0 ctrlfull=1676 hostheld=0 | ctrlempty=0 ctrlbufs=20 cr_mean_x10=681 returns=9 ret_cr=360 zero_ep=0
  31.390  SINK rx: 92 KB/s (94560 B / 1000 ms) fsu=0 | cum_total=2656326 B cum_segs=11069 | UP sent=11358 eagain=0 lasterr=0 txcred=68 host_pulls=0
  31.824  CTRACE n=1676 nofeed=0 cr0=0 ctrlfull=1676 hostheld=0 | ctrlempty=0 ctrlbufs=20 cr_mean_x10=686 returns=10 ret_cr=400 zero_ep=0
  32.414  SINK rx: 91 KB/s (94080 B / 1000 ms) fsu=0 | cum_total=2750406 B cum_segs=11461 | UP sent=11750 eagain=0 lasterr=0 txcred=86 host_pulls=0
  32.840  CTRACE n=1673 nofeed=0 cr0=0 ctrlfull=1673 hostheld=0 | ctrlempty=0 ctrlbufs=20 cr_mean_x10=678 returns=10 ret_cr=400 zero_ep=0
  33.432  SINK rx: 93 KB/s (95285 B / 1000 ms) fsu=0 | cum_total=2845691 B cum_segs=11858 | UP sent=12146 eagain=0 lasterr=0 txcred=59 host_pulls=0
  33.809  CTRACE n=1676 nofeed=0 cr0=0 ctrlfull=1676 hostheld=0 | ctrlempty=0 ctrlbufs=20 cr_mean_x10=685 returns=9 ret_cr=360 zero_ep=0
  34.406  SINK rx: 92 KB/s (94315 B / 1000 ms) fsu=0 | cum_total=2940006 B cum_segs=12251 | UP sent=12540 eagain=0 lasterr=0 txcred=75 host_pulls=0
  34.833  CTRACE n=1679 nofeed=0 cr0=0 ctrlfull=1679 hostheld=0 | ctrlempty=0 ctrlbufs=20 cr_mean_x10=682 returns=10 ret_cr=400 zero_ep=0
  35.430  SINK rx: 91 KB/s (94080 B / 1000 ms) fsu=0 | cum_total=3034086 B cum_segs=12643 | UP sent=12931 eagain=0 lasterr=0 txcred=53 host_pulls=0
  35.857  CTRACE n=1675 nofeed=0 cr0=0 ctrlfull=1675 hostheld=0 | ctrlempty=0 ctrlbufs=20 cr_mean_x10=681 returns=9 ret_cr=360 zero_ep=0
  36.455  SINK rx: 90 KB/s (92885 B / 1000 ms) fsu=0 | cum_total=3126971 B cum_segs=13030 | UP sent=13319 eagain=0 lasterr=0 txcred=75 host_pulls=0
  36.887  CTRACE n=1676 nofeed=0 cr0=0 ctrlfull=1676 hostheld=0 | ctrlempty=0 ctrlbufs=20 cr_mean_x10=680 returns=10 ret_cr=400 zero_ep=0
  37.484  SINK rx: 91 KB/s (93600 B / 1000 ms) fsu=0 | cum_total=3220571 B cum_segs=13420 | UP sent=13708 eagain=0 lasterr=0 txcred=55 host_pulls=0
  37.857  CTRACE n=1674 nofeed=0 cr0=0 ctrlfull=1674 hostheld=0 | ctrlempty=0 ctrlbufs=20 cr_mean_x10=684 returns=9 ret_cr=360 zero_ep=0
  38.509  SINK rx: 91 KB/s (94080 B / 1000 ms) fsu=0 | cum_total=3314651 B cum_segs=13812 | UP sent=14101 eagain=0 lasterr=0 txcred=72 host_pulls=0
  38.891  CTRACE n=1674 nofeed=0 cr0=0 ctrlfull=1674 hostheld=0 | ctrlempty=0 ctrlbufs=20 cr_mean_x10=683 returns=10 ret_cr=400 zero_ep=0
  39.482  SINK rx: 92 KB/s (95040 B / 1000 ms) fsu=0 | cum_total=3409691 B cum_segs=14208 | UP sent=14497 eagain=0 lasterr=0 txcred=86 host_pulls=0
  39.918  CTRACE n=1673 nofeed=0 cr0=0 ctrlfull=1673 hostheld=0 | ctrlempty=0 ctrlbufs=20 cr_mean_x10=680 returns=9 ret_cr=360 zero_ep=0
