   0.060  SINK rx: 158 KB/s (162005 B / 1000 ms) fsu=52 | cum_total=2026331 B cum_segs=8444 | UP sent=0 eagain=0 lasterr=0 txcred=64 host_pulls=0
   1.056  SINK rx: 157 KB/s (161760 B / 1000 ms) fsu=52 | cum_total=2188091 B cum_segs=9118 | UP sent=0 eagain=0 lasterr=0 txcred=64 host_pulls=0
   1.686  *** Booting Zephyr OS build v4.4.2-16-gfee9fbc62095 ***
   1.686  
   1.738  === nRF52 L2CAP CoC SINK (Zephyr 4.4.1, seg_recv) ===
   1.738  L2CAP server on PSM 0x0080
   1.738  Advertising as 'zenoh-nrf-l2cap'
   5.653  GAP connected: interval=6
   5.714  DLE updated: tx_max=251 rx_max=27
   5.714  PHY updated: tx=2 rx=2
   5.770  DLE updated: tx_max=251 rx_max=251
   5.770  CoC up — seg_recv sink ready (RX_CREDITS=64, MPS=247)
   6.754  SINK rx: 98 KB/s (100571 B / 1000 ms) fsu=0 | cum_total=100571 B cum_segs=420 | UP sent=0 eagain=0 lasterr=0 txcred=64 host_pulls=0
   7.776  SINK rx: 157 KB/s (161760 B / 1000 ms) fsu=0 | cum_total=262331 B cum_segs=1094 | UP sent=0 eagain=0 lasterr=0 txcred=64 host_pulls=0
   8.775  SINK rx: 157 KB/s (161515 B / 1000 ms) fsu=0 | cum_total=423846 B cum_segs=1767 | UP sent=0 eagain=0 lasterr=0 txcred=64 host_pulls=0
   9.810  SINK rx: 157 KB/s (161760 B / 1000 ms) fsu=0 | cum_total=585606 B cum_segs=2441 | UP sent=0 eagain=0 lasterr=0 txcred=64 host_pulls=0
  10.784  SINK rx: 158 KB/s (162005 B / 1000 ms) fsu=0 | cum_total=747611 B cum_segs=3116 | UP sent=0 eagain=0 lasterr=0 txcred=64 host_pulls=0
  11.825  SINK rx: 157 KB/s (161760 B / 1000 ms) fsu=0 | cum_total=909371 B cum_segs=3790 | UP sent=0 eagain=0 lasterr=0 txcred=64 host_pulls=0
  12.831  SINK rx: 157 KB/s (161760 B / 1000 ms) fsu=0 | cum_total=1071131 B cum_segs=4464 | UP sent=0 eagain=0 lasterr=0 txcred=64 host_pulls=0
  13.867  SINK rx: 157 KB/s (161515 B / 1000 ms) fsu=0 | cum_total=1232646 B cum_segs=5137 | UP sent=0 eagain=0 lasterr=0 txcred=64 host_pulls=0
  14.841  SINK rx: 158 KB/s (162005 B / 1000 ms) fsu=0 | cum_total=1394651 B cum_segs=5812 | UP sent=0 eagain=0 lasterr=0 txcred=64 host_pulls=0
  15.872  SINK rx: 158 KB/s (161995 B / 1000 ms) fsu=0 | cum_total=1556646 B cum_segs=6487 | UP sent=0 eagain=0 lasterr=0 txcred=64 host_pulls=0
  16.858  SINK rx: 158 KB/s (162005 B / 1000 ms) fsu=0 | cum_total=1718651 B cum_segs=7162 | UP sent=0 eagain=0 lasterr=0 txcred=64 host_pulls=0
  17.892  SINK rx: 157 KB/s (161035 B / 1000 ms) fsu=0 | cum_total=1879686 B cum_segs=7833 | UP sent=0 eagain=0 lasterr=0 txcred=64 host_pulls=0
  18.934  SINK rx: 158 KB/s (162005 B / 1000 ms) fsu=0 | cum_total=2041691 B cum_segs=8508 | UP sent=0 eagain=0 lasterr=0 txcred=64 host_pulls=0
  19.924  SINK rx: 157 KB/s (161760 B / 1000 ms) fsu=0 | cum_total=2203451 B cum_segs=9182 | UP sent=0 eagain=0 lasterr=0 txcred=64 host_pulls=0
  20.913  SINK rx: 157 KB/s (161760 B / 1000 ms) fsu=0 | cum_total=2365211 B cum_segs=9856 | UP sent=0 eagain=0 lasterr=0 txcred=64 host_pulls=0
  21.947  SINK rx: 157 KB/s (161515 B / 1000 ms) fsu=0 | cum_total=2526726 B cum_segs=10529 | UP sent=0 eagain=0 lasterr=0 txcred=64 host_pulls=0
  22.986  SINK rx: 158 KB/s (162005 B / 1000 ms) fsu=0 | cum_total=2688731 B cum_segs=11204 | UP sent=0 eagain=0 lasterr=0 txcred=64 host_pulls=0
  23.973  SINK rx: 157 KB/s (161280 B / 1000 ms) fsu=0 | cum_total=2850011 B cum_segs=11876 | UP sent=0 eagain=0 lasterr=0 txcred=64 host_pulls=0
  25.007  SINK rx: 157 KB/s (161760 B / 1000 ms) fsu=0 | cum_total=3011771 B cum_segs=12550 | UP sent=0 eagain=0 lasterr=0 txcred=64 host_pulls=0
  25.988  SINK rx: 157 KB/s (161760 B / 1000 ms) fsu=0 | cum_total=3173531 B cum_segs=13224 | UP sent=0 eagain=0 lasterr=0 txcred=64 host_pulls=0
  27.032  SINK rx: 157 KB/s (161760 B / 1000 ms) fsu=0 | cum_total=3335291 B cum_segs=13898 | UP sent=0 eagain=0 lasterr=0 txcred=64 host_pulls=0
  28.012  SINK rx: 157 KB/s (161760 B / 1000 ms) fsu=0 | cum_total=3497051 B cum_segs=14572 | UP sent=0 eagain=0 lasterr=0 txcred=64 host_pulls=0
  29.054  SINK rx: 157 KB/s (161515 B / 1000 ms) fsu=0 | cum_total=3658566 B cum_segs=15245 | UP sent=0 eagain=0 lasterr=0 txcred=64 host_pulls=0
  30.037  SINK rx: 158 KB/s (162005 B / 1000 ms) fsu=0 | cum_total=3820571 B cum_segs=15920 | UP sent=0 eagain=0 lasterr=0 txcred=64 host_pulls=0
  31.079  SINK rx: 158 KB/s (161995 B / 1000 ms) fsu=0 | cum_total=3982566 B cum_segs=16595 | UP sent=0 eagain=0 lasterr=0 txcred=64 host_pulls=0
  32.107  SINK rx: 156 KB/s (160565 B / 1000 ms) fsu=0 | cum_total=4143131 B cum_segs=17264 | UP sent=0 eagain=0 lasterr=0 txcred=64 host_pulls=0
  33.071  SINK rx: 158 KB/s (161995 B / 1000 ms) fsu=0 | cum_total=4305126 B cum_segs=17939 | UP sent=0 eagain=0 lasterr=0 txcred=64 host_pulls=0
  34.093  SINK rx: 158 KB/s (162005 B / 1000 ms) fsu=0 | cum_total=4467131 B cum_segs=18614 | UP sent=0 eagain=0 lasterr=0 txcred=64 host_pulls=0
  35.134  SINK rx: 157 KB/s (161280 B / 1000 ms) fsu=0 | cum_total=4628411 B cum_segs=19286 | UP sent=0 eagain=0 lasterr=0 txcred=64 host_pulls=0
  36.153  SINK rx: 158 KB/s (161995 B / 1000 ms) fsu=0 | cum_total=4790406 B cum_segs=19961 | UP sent=0 eagain=0 lasterr=0 txcred=64 host_pulls=0
  37.137  SINK rx: 157 KB/s (161760 B / 1000 ms) fsu=0 | cum_total=4952166 B cum_segs=20635 | UP sent=0 eagain=0 lasterr=0 txcred=64 host_pulls=0
  38.164  SINK rx: 158 KB/s (162240 B / 1000 ms) fsu=0 | cum_total=5114406 B cum_segs=21311 | UP sent=0 eagain=0 lasterr=0 txcred=64 host_pulls=0
  39.151  SINK rx: 156 KB/s (160320 B / 1000 ms) fsu=0 | cum_total=5274726 B cum_segs=21979 | UP sent=0 eagain=0 lasterr=0 txcred=64 host_pulls=0
