   1.675  *** Booting Zephyr OS build v4.4.2-16-gfee9fbc62095 ***
   1.675  
   1.675  === nRF52 L2CAP CoC SINK (Zephyr 4.4.1, seg_recv) ===
   1.675  L2CAP server on PSM 0x0080
   1.730  Advertising as 'zenoh-nrf-l2cap'
   2.385  GAP connected: interval=6
   2.386  DLE updated: tx_max=251 rx_max=27
   2.439  PHY updated: tx=2 rx=2
   2.495  DLE updated: tx_max=251 rx_max=251
   2.495  CoC up — seg_recv sink ready (RX_CREDITS=64, MPS=247)
   3.035  SINK rx: 21 KB/s (22086 B / 1000 ms) fsu=0 | cum_total=22086 B cum_segs=93 | UP sent=333 eagain=0 lasterr=0 txcred=0 host_pulls=0
   3.475  CTRACE n=1646 nofeed=55 cr0=1591 ctrlfull=0 hostheld=0 | ctrlempty=99 ctrlbufs=64 cr_mean_x10=0 returns=1 ret_cr=33 zero_ep=2
   4.006  SINK rx: 90 KB/s (93120 B / 1000 ms) fsu=0 | cum_total=115206 B cum_segs=481 | UP sent=743 eagain=0 lasterr=0 txcred=0 host_pulls=0
   4.499  CTRACE n=1670 nofeed=0 cr0=1670 ctrlfull=0 hostheld=0 | ctrlempty=0 ctrlbufs=64 cr_mean_x10=0 returns=0 ret_cr=0 zero_ep=1
   5.039  SINK rx: 92 KB/s (94325 B / 1000 ms) fsu=0 | cum_total=209531 B cum_segs=874 | UP sent=1112 eagain=0 lasterr=0 txcred=0 host_pulls=0
   5.529  CTRACE n=1662 nofeed=0 cr0=1662 ctrlfull=0 hostheld=0 | ctrlempty=0 ctrlbufs=64 cr_mean_x10=0 returns=0 ret_cr=0 zero_ep=1
   6.072  SINK rx: 92 KB/s (94795 B / 1000 ms) fsu=0 | cum_total=304326 B cum_segs=1269 | UP sent=1522 eagain=0 lasterr=0 txcred=0 host_pulls=0
   6.502  CTRACE n=1669 nofeed=0 cr0=1669 ctrlfull=0 hostheld=0 | ctrlempty=0 ctrlbufs=64 cr_mean_x10=0 returns=0 ret_cr=0 zero_ep=1
   7.053  SINK rx: 92 KB/s (94325 B / 1000 ms) fsu=0 | cum_total=398651 B cum_segs=1662 | UP sent=1891 eagain=0 lasterr=0 txcred=0 host_pulls=0
   7.541  CTRACE n=1662 nofeed=0 cr0=1662 ctrlfull=0 hostheld=0 | ctrlempty=0 ctrlbufs=64 cr_mean_x10=0 returns=0 ret_cr=0 zero_ep=1
   8.070  SINK rx: 92 KB/s (94315 B / 1000 ms) fsu=0 | cum_total=492966 B cum_segs=2055 | UP sent=2301 eagain=0 lasterr=0 txcred=0 host_pulls=0
   8.563  CTRACE n=1666 nofeed=0 cr0=1666 ctrlfull=0 hostheld=0 | ctrlempty=0 ctrlbufs=64 cr_mean_x10=0 returns=0 ret_cr=0 zero_ep=1
   9.107  SINK rx: 90 KB/s (92885 B / 1000 ms) fsu=0 | cum_total=585851 B cum_segs=2442 | UP sent=2670 eagain=0 lasterr=0 txcred=0 host_pulls=0
   9.546  CTRACE n=1664 nofeed=0 cr0=1664 ctrlfull=0 hostheld=0 | ctrlempty=0 ctrlbufs=64 cr_mean_x10=0 returns=0 ret_cr=0 zero_ep=1
  10.090  SINK rx: 91 KB/s (93600 B / 1000 ms) fsu=0 | cum_total=679451 B cum_segs=2832 | UP sent=3080 eagain=0 lasterr=0 txcred=0 host_pulls=0
  10.575  CTRACE n=1667 nofeed=0 cr0=1667 ctrlfull=0 hostheld=0 | ctrlempty=0 ctrlbufs=64 cr_mean_x10=0 returns=0 ret_cr=0 zero_ep=1
  11.121  SINK rx: 91 KB/s (94080 B / 1000 ms) fsu=0 | cum_total=773531 B cum_segs=3224 | UP sent=3490 eagain=0 lasterr=0 txcred=0 host_pulls=0
  11.551  CTRACE n=1663 nofeed=0 cr0=1663 ctrlfull=0 hostheld=0 | ctrlempty=0 ctrlbufs=64 cr_mean_x10=0 returns=0 ret_cr=0 zero_ep=1
  12.145  SINK rx: 92 KB/s (94315 B / 1000 ms) fsu=0 | cum_total=867846 B cum_segs=3617 | UP sent=3859 eagain=0 lasterr=0 txcred=0 host_pulls=0
  12.581  CTRACE n=1664 nofeed=0 cr0=1664 ctrlfull=0 hostheld=0 | ctrlempty=0 ctrlbufs=64 cr_mean_x10=0 returns=0 ret_cr=0 zero_ep=1
  13.132  SINK rx: 92 KB/s (94805 B / 1000 ms) fsu=0 | cum_total=962651 B cum_segs=4012 | UP sent=4269 eagain=0 lasterr=0 txcred=0 host_pulls=0
  13.617  CTRACE n=1666 nofeed=0 cr0=1666 ctrlfull=0 hostheld=0 | ctrlempty=0 ctrlbufs=64 cr_mean_x10=0 returns=0 ret_cr=0 zero_ep=1
  14.161  SINK rx: 92 KB/s (94315 B / 1000 ms) fsu=0 | cum_total=1056966 B cum_segs=4405 | UP sent=4638 eagain=0 lasterr=0 txcred=0 host_pulls=0
  14.597  CTRACE n=1661 nofeed=0 cr0=1661 ctrlfull=0 hostheld=0 | ctrlempty=0 ctrlbufs=64 cr_mean_x10=0 returns=0 ret_cr=0 zero_ep=1
  15.197  SINK rx: 90 KB/s (92885 B / 1000 ms) fsu=0 | cum_total=1149851 B cum_segs=4792 | UP sent=5048 eagain=0 lasterr=0 txcred=0 host_pulls=0
  15.633  CTRACE n=1668 nofeed=0 cr0=1668 ctrlfull=0 hostheld=0 | ctrlempty=0 ctrlbufs=64 cr_mean_x10=0 returns=0 ret_cr=0 zero_ep=1
  16.167  SINK rx: 92 KB/s (95040 B / 1000 ms) fsu=0 | cum_total=1244891 B cum_segs=5188 | UP sent=5417 eagain=0 lasterr=0 txcred=0 host_pulls=0
  16.648  CTRACE n=1661 nofeed=0 cr0=1661 ctrlfull=0 hostheld=0 | ctrlempty=0 ctrlbufs=64 cr_mean_x10=0 returns=0 ret_cr=0 zero_ep=1
  17.188  SINK rx: 92 KB/s (94315 B / 1000 ms) fsu=0 | cum_total=1339206 B cum_segs=5581 | UP sent=5827 eagain=0 lasterr=0 txcred=0 host_pulls=0
  17.622  CTRACE n=1666 nofeed=0 cr0=1666 ctrlfull=0 hostheld=0 | ctrlempty=0 ctrlbufs=64 cr_mean_x10=0 returns=0 ret_cr=0 zero_ep=1
  18.219  SINK rx: 91 KB/s (93600 B / 1000 ms) fsu=0 | cum_total=1432806 B cum_segs=5971 | UP sent=6237 eagain=0 lasterr=0 txcred=0 host_pulls=0
  18.656  CTRACE n=1661 nofeed=0 cr0=1661 ctrlfull=0 hostheld=0 | ctrlempty=0 ctrlbufs=64 cr_mean_x10=0 returns=0 ret_cr=0 zero_ep=1
  19.203  SINK rx: 91 KB/s (93600 B / 1000 ms) fsu=0 | cum_total=1526406 B cum_segs=6361 | UP sent=6606 eagain=0 lasterr=0 txcred=0 host_pulls=0
  19.638  CTRACE n=1665 nofeed=0 cr0=1665 ctrlfull=0 hostheld=0 | ctrlempty=0 ctrlbufs=64 cr_mean_x10=0 returns=0 ret_cr=0 zero_ep=1
  20.240  SINK rx: 92 KB/s (94805 B / 1000 ms) fsu=0 | cum_total=1621211 B cum_segs=6756 | UP sent=7016 eagain=0 lasterr=0 txcred=0 host_pulls=0
  20.668  CTRACE n=1663 nofeed=0 cr0=1663 ctrlfull=0 hostheld=0 | ctrlempty=0 ctrlbufs=64 cr_mean_x10=0 returns=0 ret_cr=0 zero_ep=1
  21.274  SINK rx: 92 KB/s (94315 B / 1000 ms) fsu=0 | cum_total=1715526 B cum_segs=7149 | UP sent=7385 eagain=0 lasterr=0 txcred=0 host_pulls=0
  21.699  CTRACE n=1665 nofeed=0 cr0=1665 ctrlfull=0 hostheld=0 | ctrlempty=0 ctrlbufs=64 cr_mean_x10=0 returns=0 ret_cr=0 zero_ep=1
  22.291  SINK rx: 92 KB/s (94805 B / 1000 ms) fsu=0 | cum_total=1810331 B cum_segs=7544 | UP sent=7795 eagain=0 lasterr=0 txcred=0 host_pulls=0
  22.676  CTRACE n=1665 nofeed=0 cr0=1665 ctrlfull=0 hostheld=0 | ctrlempty=0 ctrlbufs=64 cr_mean_x10=0 returns=0 ret_cr=0 zero_ep=1
  23.279  SINK rx: 91 KB/s (94080 B / 1000 ms) fsu=0 | cum_total=1904411 B cum_segs=7936 | UP sent=8164 eagain=0 lasterr=0 txcred=0 host_pulls=0
  23.717  CTRACE n=1664 nofeed=0 cr0=1664 ctrlfull=0 hostheld=0 | ctrlempty=0 ctrlbufs=64 cr_mean_x10=0 returns=0 ret_cr=0 zero_ep=1
  24.304  SINK rx: 92 KB/s (94315 B / 1000 ms) fsu=0 | cum_total=1998726 B cum_segs=8329 | UP sent=8574 eagain=0 lasterr=0 txcred=0 host_pulls=0
  24.736  CTRACE n=1666 nofeed=0 cr0=1666 ctrlfull=0 hostheld=0 | ctrlempty=0 ctrlbufs=64 cr_mean_x10=0 returns=0 ret_cr=0 zero_ep=1
  25.331  SINK rx: 91 KB/s (93365 B / 1000 ms) fsu=0 | cum_total=2092091 B cum_segs=8718 | UP sent=8984 eagain=0 lasterr=0 txcred=0 host_pulls=0
  25.710  CTRACE n=1661 nofeed=0 cr0=1661 ctrlfull=0 hostheld=0 | ctrlempty=0 ctrlbufs=64 cr_mean_x10=0 returns=0 ret_cr=0 zero_ep=1
  26.303  SINK rx: 92 KB/s (94315 B / 1000 ms) fsu=0 | cum_total=2186406 B cum_segs=9111 | UP sent=9353 eagain=0 lasterr=0 txcred=0 host_pulls=0
  26.734  CTRACE n=1666 nofeed=0 cr0=1666 ctrlfull=0 hostheld=0 | ctrlempty=0 ctrlbufs=64 cr_mean_x10=0 returns=0 ret_cr=0 zero_ep=1
  27.331  SINK rx: 91 KB/s (94080 B / 1000 ms) fsu=0 | cum_total=2280486 B cum_segs=9503 | UP sent=9763 eagain=0 lasterr=0 txcred=0 host_pulls=0
  27.772  CTRACE n=1662 nofeed=0 cr0=1662 ctrlfull=0 hostheld=0 | ctrlempty=0 ctrlbufs=64 cr_mean_x10=0 returns=0 ret_cr=0 zero_ep=1
  28.371  SINK rx: 92 KB/s (94325 B / 1000 ms) fsu=0 | cum_total=2374811 B cum_segs=9896 | UP sent=10132 eagain=0 lasterr=0 txcred=0 host_pulls=0
  28.753  CTRACE n=1665 nofeed=0 cr0=1665 ctrlfull=0 hostheld=0 | ctrlempty=0 ctrlbufs=64 cr_mean_x10=0 returns=0 ret_cr=0 zero_ep=1
  29.345  SINK rx: 92 KB/s (94795 B / 1000 ms) fsu=0 | cum_total=2469606 B cum_segs=10291 | UP sent=10542 eagain=0 lasterr=0 txcred=0 host_pulls=0
  29.779  CTRACE n=1663 nofeed=0 cr0=1663 ctrlfull=0 hostheld=0 | ctrlempty=0 ctrlbufs=64 cr_mean_x10=0 returns=0 ret_cr=0 zero_ep=1
  30.369  SINK rx: 90 KB/s (92405 B / 1000 ms) fsu=0 | cum_total=2562011 B cum_segs=10676 | UP sent=10911 eagain=0 lasterr=0 txcred=0 host_pulls=0
  30.798  CTRACE n=1668 nofeed=0 cr0=1668 ctrlfull=0 hostheld=0 | ctrlempty=0 ctrlbufs=64 cr_mean_x10=0 returns=0 ret_cr=0 zero_ep=1
  31.397  SINK rx: 91 KB/s (94080 B / 1000 ms) fsu=0 | cum_total=2656091 B cum_segs=11068 | UP sent=11321 eagain=0 lasterr=0 txcred=0 host_pulls=0
  31.824  CTRACE n=1662 nofeed=0 cr0=1662 ctrlfull=0 hostheld=0 | ctrlempty=0 ctrlbufs=64 cr_mean_x10=0 returns=0 ret_cr=0 zero_ep=1
  32.411  SINK rx: 89 KB/s (91680 B / 1000 ms) fsu=0 | cum_total=2747771 B cum_segs=11450 | UP sent=11690 eagain=0 lasterr=0 txcred=0 host_pulls=0
  32.789  CTRACE n=1668 nofeed=0 cr0=1668 ctrlfull=0 hostheld=0 | ctrlempty=0 ctrlbufs=64 cr_mean_x10=0 returns=0 ret_cr=0 zero_ep=1
  33.384  SINK rx: 90 KB/s (93120 B / 1000 ms) fsu=0 | cum_total=2840891 B cum_segs=11838 | UP sent=12100 eagain=0 lasterr=0 txcred=0 host_pulls=0
  33.818  CTRACE n=1665 nofeed=0 cr0=1665 ctrlfull=0 hostheld=0 | ctrlempty=0 ctrlbufs=64 cr_mean_x10=0 returns=0 ret_cr=0 zero_ep=1
  34.412  SINK rx: 92 KB/s (94315 B / 1000 ms) fsu=0 | cum_total=2935206 B cum_segs=12231 | UP sent=12469 eagain=0 lasterr=0 txcred=0 host_pulls=0
  34.846  CTRACE n=1666 nofeed=0 cr0=1666 ctrlfull=0 hostheld=0 | ctrlempty=0 ctrlbufs=64 cr_mean_x10=0 returns=0 ret_cr=0 zero_ep=1
  35.441  SINK rx: 90 KB/s (92640 B / 1000 ms) fsu=0 | cum_total=3027846 B cum_segs=12617 | UP sent=12879 eagain=0 lasterr=0 txcred=0 host_pulls=0
  35.825  CTRACE n=1669 nofeed=0 cr0=1669 ctrlfull=0 hostheld=0 | ctrlempty=0 ctrlbufs=64 cr_mean_x10=0 returns=0 ret_cr=0 zero_ep=1
  36.471  SINK rx: 89 KB/s (91445 B / 1000 ms) fsu=0 | cum_total=3119291 B cum_segs=12998 | UP sent=13248 eagain=0 lasterr=0 txcred=0 host_pulls=0
  36.840  CTRACE n=1667 nofeed=0 cr0=1667 ctrlfull=0 hostheld=0 | ctrlempty=0 ctrlbufs=64 cr_mean_x10=0 returns=0 ret_cr=0 zero_ep=1
  37.441  SINK rx: 90 KB/s (93120 B / 1000 ms) fsu=0 | cum_total=3212411 B cum_segs=13386 | UP sent=13617 eagain=0 lasterr=0 txcred=0 host_pulls=0
  37.877  CTRACE n=1666 nofeed=0 cr0=1666 ctrlfull=0 hostheld=0 | ctrlempty=0 ctrlbufs=64 cr_mean_x10=0 returns=0 ret_cr=0 zero_ep=1
  38.472  SINK rx: 91 KB/s (93355 B / 1000 ms) fsu=0 | cum_total=3305766 B cum_segs=13775 | UP sent=14027 eagain=0 lasterr=0 txcred=0 host_pulls=0
  38.854  CTRACE n=1662 nofeed=0 cr0=1662 ctrlfull=0 hostheld=0 | ctrlempty=0 ctrlbufs=64 cr_mean_x10=0 returns=0 ret_cr=0 zero_ep=1
  39.508  SINK rx: 92 KB/s (94325 B / 1000 ms) fsu=0 | cum_total=3400091 B cum_segs=14168 | UP sent=14396 eagain=0 lasterr=0 txcred=0 host_pulls=0
  39.893  CTRACE n=1667 nofeed=0 cr0=1667 ctrlfull=0 hostheld=0 | ctrlempty=0 ctrlbufs=64 cr_mean_x10=0 returns=0 ret_cr=0 zero_ep=1
