   0.412  CENRX cum_total=3056832 B
   0.816  CTRACE n=1683 nofeed=12 cr0=1671 ctrlfull=0 hostheld=0 | ctrlempty=0 ctrlbufs=64 cr_mean_x10=0 returns=8 ret_cr=76 zero_ep=9
   1.386  CENRX cum_total=3136864 B
   1.786  CTRACE n=1691 nofeed=9 cr0=1682 ctrlfull=0 hostheld=0 | ctrlempty=0 ctrlbufs=64 cr_mean_x10=0 returns=6 ret_cr=57 zero_ep=7
   2.066  *** Booting Zephyr OS build v4.4.2-16-gfee9fbc62095 ***
   2.066  
   2.066  === nRF52840 L2CAP CoC central (Zephyr 4.4.1) ===
   2.066  scan start rc=0
   2.126  found D6:C7:60:B1:D3:0E (random) (rssi -34), connecting
   2.126  Q2CONN AA=27840d7b CRCINIT=3d14c4 hop=10 chan_count=37 map=ffffffff1f
   2.126  GAP connected
   2.126  phy req rc=0
   2.245  DLE: tx_max=27 rx_max=251
   2.363  PHY: tx=2 rx=2 (2=2M)
   2.363  dle req rc=0
   2.423  DLE: tx_max=251 rx_max=251
   2.423  l2cap_chan_connect rc=0
   2.480  L2CAP connected: tx.mtu=512 tx.mps=247 tx.credits=0 rx.mtu=512 rx.mps=247
   2.480  GATE conn: interval=20 (units 1.25ms) => 25.00 ms
   2.480  Q3FSU-REQ role=C auto min=150 max=150 phys=0x2 rc=0
   2.779  blasting 480-byte SDUs...
   3.411  CENRX cum_total=99308 B
   3.469  CTRACE n=1656 nofeed=528 cr0=1128 ctrlfull=0 hostheld=0 | ctrlempty=488 ctrlbufs=64 cr_mean_x10=196 returns=5 ret_cr=48 zero_ep=6
   4.390  CENRX cum_total=179584 B
   4.511  CTRACE n=1687 nofeed=12 cr0=1675 ctrlfull=0 hostheld=0 | ctrlempty=0 ctrlbufs=64 cr_mean_x10=0 returns=8 ret_cr=76 zero_ep=9
   5.383  CENRX cum_total=259860 B
   5.551  CTRACE n=1684 nofeed=12 cr0=1672 ctrlfull=0 hostheld=0 | ctrlempty=0 ctrlbufs=64 cr_mean_x10=0 returns=8 ret_cr=76 zero_ep=9
   6.433  CENRX cum_total=340136 B
   6.549  CTRACE n=1686 nofeed=12 cr0=1674 ctrlfull=0 hostheld=0 | ctrlempty=0 ctrlbufs=64 cr_mean_x10=0 returns=8 ret_cr=76 zero_ep=9
   7.424  CENRX cum_total=420412 B
   7.544  CTRACE n=1684 nofeed=12 cr0=1672 ctrlfull=0 hostheld=0 | ctrlempty=0 ctrlbufs=64 cr_mean_x10=0 returns=8 ret_cr=76 zero_ep=9
   8.436  CENRX cum_total=500688 B
   8.549  CTRACE n=1680 nofeed=12 cr0=1668 ctrlfull=0 hostheld=0 | ctrlempty=0 ctrlbufs=64 cr_mean_x10=0 returns=8 ret_cr=76 zero_ep=9
   9.409  CENRX cum_total=580720 B
   9.590  CTRACE n=1681 nofeed=12 cr0=1669 ctrlfull=0 hostheld=0 | ctrlempty=0 ctrlbufs=64 cr_mean_x10=0 returns=8 ret_cr=76 zero_ep=9
  10.394  CENRX cum_total=661240 B
  10.561  CTRACE n=1682 nofeed=12 cr0=1670 ctrlfull=0 hostheld=0 | ctrlempty=0 ctrlbufs=64 cr_mean_x10=0 returns=8 ret_cr=76 zero_ep=9
  11.413  CENRX cum_total=741516 B
  11.587  CTRACE n=1683 nofeed=12 cr0=1671 ctrlfull=0 hostheld=0 | ctrlempty=0 ctrlbufs=64 cr_mean_x10=0 returns=8 ret_cr=76 zero_ep=9
  12.403  RPT occ: events=0 mean_pkts/ev=0.00 max=0 nonempty_ev=0 fsu=0 | sender: sent=1605(+1605 SDU) eagain=0(+0) poolfail=0(+0)
  12.403  CENRX cum_total=821792 B
  12.570  CTRACE n=1685 nofeed=13 cr0=1672 ctrlfull=0 hostheld=0 | ctrlempty=0 ctrlbufs=64 cr_mean_x10=0 returns=9 ret_cr=85 zero_ep=9
  13.446  CENRX cum_total=899384 B
  13.616  CTRACE n=1690 nofeed=11 cr0=1679 ctrlfull=0 hostheld=0 | ctrlempty=0 ctrlbufs=64 cr_mean_x10=0 returns=7 ret_cr=67 zero_ep=8
  14.412  CENRX cum_total=979904 B
  14.644  CTRACE n=1680 nofeed=12 cr0=1668 ctrlfull=0 hostheld=0 | ctrlempty=0 ctrlbufs=64 cr_mean_x10=0 returns=8 ret_cr=76 zero_ep=9
  15.445  CENRX cum_total=1060180 B
  15.615  CTRACE n=1681 nofeed=12 cr0=1669 ctrlfull=0 hostheld=0 | ctrlempty=0 ctrlbufs=64 cr_mean_x10=0 returns=8 ret_cr=76 zero_ep=9
  16.442  CENRX cum_total=1140456 B
  16.621  CTRACE n=1683 nofeed=12 cr0=1671 ctrlfull=0 hostheld=0 | ctrlempty=0 ctrlbufs=64 cr_mean_x10=0 returns=8 ret_cr=76 zero_ep=9
  17.440  CENRX cum_total=1220732 B
  17.676  CTRACE n=1684 nofeed=13 cr0=1671 ctrlfull=0 hostheld=0 | ctrlempty=0 ctrlbufs=64 cr_mean_x10=0 returns=8 ret_cr=76 zero_ep=9
  18.461  CENRX cum_total=1301008 B
  18.694  CTRACE n=1682 nofeed=12 cr0=1670 ctrlfull=0 hostheld=0 | ctrlempty=0 ctrlbufs=64 cr_mean_x10=0 returns=8 ret_cr=76 zero_ep=9
  19.443  CENRX cum_total=1381284 B
  19.671  CTRACE n=1683 nofeed=13 cr0=1670 ctrlfull=0 hostheld=0 | ctrlempty=0 ctrlbufs=64 cr_mean_x10=0 returns=8 ret_cr=76 zero_ep=9
  20.427  CENRX cum_total=1461560 B
  20.662  CTRACE n=1683 nofeed=12 cr0=1671 ctrlfull=0 hostheld=0 | ctrlempty=0 ctrlbufs=64 cr_mean_x10=0 returns=8 ret_cr=76 zero_ep=9
  21.475  CENRX cum_total=1541836 B
  21.708  CTRACE n=1679 nofeed=12 cr0=1667 ctrlfull=0 hostheld=0 | ctrlempty=0 ctrlbufs=64 cr_mean_x10=0 returns=8 ret_cr=76 zero_ep=9
  22.411  RPT occ: events=0 mean_pkts/ev=0.00 max=0 nonempty_ev=0 fsu=0 | sender: sent=3245(+1640 SDU) eagain=0(+0) poolfail=0(+0)
  22.472  CENRX cum_total=1619672 B
  22.704  CTRACE n=1681 nofeed=12 cr0=1669 ctrlfull=0 hostheld=0 | ctrlempty=0 ctrlbufs=64 cr_mean_x10=0 returns=8 ret_cr=76 zero_ep=9
  23.434  CENRX cum_total=1699948 B
  23.698  CTRACE n=1686 nofeed=12 cr0=1674 ctrlfull=0 hostheld=0 | ctrlempty=0 ctrlbufs=64 cr_mean_x10=0 returns=8 ret_cr=76 zero_ep=9
  24.460  CENRX cum_total=1780224 B
  24.750  CTRACE n=1684 nofeed=12 cr0=1672 ctrlfull=0 hostheld=0 | ctrlempty=0 ctrlbufs=64 cr_mean_x10=0 returns=8 ret_cr=76 zero_ep=9
  25.454  CENRX cum_total=1860500 B
  25.744  CTRACE n=1680 nofeed=12 cr0=1668 ctrlfull=0 hostheld=0 | ctrlempty=0 ctrlbufs=64 cr_mean_x10=0 returns=8 ret_cr=76 zero_ep=9
  26.447  CENRX cum_total=1940776 B
  26.748  CTRACE n=1679 nofeed=12 cr0=1667 ctrlfull=0 hostheld=0 | ctrlempty=0 ctrlbufs=64 cr_mean_x10=0 returns=8 ret_cr=76 zero_ep=9
  27.472  CENRX cum_total=2021052 B
  27.769  CTRACE n=1686 nofeed=12 cr0=1674 ctrlfull=0 hostheld=0 | ctrlempty=0 ctrlbufs=64 cr_mean_x10=0 returns=8 ret_cr=76 zero_ep=9
  28.469  CENRX cum_total=2101328 B
  28.761  CTRACE n=1684 nofeed=13 cr0=1671 ctrlfull=0 hostheld=0 | ctrlempty=0 ctrlbufs=64 cr_mean_x10=0 returns=8 ret_cr=76 zero_ep=9
  29.446  CENRX cum_total=2181604 B
  29.799  CTRACE n=1684 nofeed=12 cr0=1672 ctrlfull=0 hostheld=0 | ctrlempty=0 ctrlbufs=64 cr_mean_x10=0 returns=8 ret_cr=76 zero_ep=9
  30.480  CENRX cum_total=2261880 B
  30.827  CTRACE n=1684 nofeed=12 cr0=1672 ctrlfull=0 hostheld=0 | ctrlempty=0 ctrlbufs=64 cr_mean_x10=0 returns=8 ret_cr=76 zero_ep=9
  31.474  CENRX cum_total=2342156 B
  31.813  CTRACE n=1685 nofeed=12 cr0=1673 ctrlfull=0 hostheld=0 | ctrlempty=0 ctrlbufs=64 cr_mean_x10=0 returns=8 ret_cr=76 zero_ep=9
  32.443  RPT occ: events=0 mean_pkts/ev=0.00 max=0 nonempty_ev=0 fsu=0 | sender: sent=4885(+1640 SDU) eagain=0(+0) poolfail=0(+0)
  32.502  CENRX cum_total=2422188 B
  32.850  CTRACE n=1679 nofeed=12 cr0=1667 ctrlfull=0 hostheld=0 | ctrlempty=0 ctrlbufs=64 cr_mean_x10=0 returns=8 ret_cr=76 zero_ep=9
  33.486  CENRX cum_total=2502708 B
  33.831  CTRACE n=1684 nofeed=12 cr0=1672 ctrlfull=0 hostheld=0 | ctrlempty=0 ctrlbufs=64 cr_mean_x10=0 returns=8 ret_cr=76 zero_ep=9
  34.460  CENRX cum_total=2582740 B
  34.870  CTRACE n=1683 nofeed=12 cr0=1671 ctrlfull=0 hostheld=0 | ctrlempty=0 ctrlbufs=64 cr_mean_x10=0 returns=8 ret_cr=76 zero_ep=9
  35.460  CENRX cum_total=2663260 B
  35.872  CTRACE n=1685 nofeed=12 cr0=1673 ctrlfull=0 hostheld=0 | ctrlempty=0 ctrlbufs=64 cr_mean_x10=0 returns=8 ret_cr=76 zero_ep=9
  36.462  CENRX cum_total=2743536 B
  36.866  CTRACE n=1683 nofeed=12 cr0=1671 ctrlfull=0 hostheld=0 | ctrlempty=0 ctrlbufs=64 cr_mean_x10=0 returns=8 ret_cr=76 zero_ep=9
  37.502  CENRX cum_total=2823812 B
  37.911  CTRACE n=1685 nofeed=12 cr0=1673 ctrlfull=0 hostheld=0 | ctrlempty=0 ctrlbufs=64 cr_mean_x10=0 returns=8 ret_cr=76 zero_ep=9
  38.471  CENRX cum_total=2904088 B
  38.869  CTRACE n=1683 nofeed=12 cr0=1671 ctrlfull=0 hostheld=0 | ctrlempty=0 ctrlbufs=64 cr_mean_x10=0 returns=8 ret_cr=76 zero_ep=9
  39.505  CENRX cum_total=2984364 B
  39.909  CTRACE n=1684 nofeed=12 cr0=1672 ctrlfull=0 hostheld=0 | ctrlempty=0 ctrlbufs=64 cr_mean_x10=0 returns=8 ret_cr=76 zero_ep=9
