   0.380  CTRACE n=1669 nofeed=0 cr0=1669 ctrlfull=0 hostheld=0 | ctrlempty=0 ctrlbufs=64 cr_mean_x10=0 returns=0 ret_cr=0 zero_ep=1
   0.436  SINK rx: 90 KB/s (92885 B / 1000 ms) fsu=0 | cum_total=3494651 B cum_segs=14562 | UP sent=14929 eagain=0 lasterr=0 txcred=0 host_pulls=0
   1.408  CTRACE n=1669 nofeed=0 cr0=1669 ctrlfull=0 hostheld=0 | ctrlempty=0 ctrlbufs=64 cr_mean_x10=0 returns=0 ret_cr=0 zero_ep=1
   1.409  SINK rx: 90 KB/s (92875 B / 1000 ms) fsu=0 | cum_total=3587526 B cum_segs=14949 | UP sent=15339 eagain=0 lasterr=0 txcred=0 host_pulls=0
   1.736  *** Booting Zephyr OS build v4.4.2-16-gfee9fbc62095 ***
   1.736  
   1.736  === nRF52 L2CAP CoC SINK (Zephyr 4.4.1, seg_recv) ===
   1.736  L2CAP server on PSM 0x0080
   1.736  Advertising as 'zenoh-nrf-l2cap'
   2.163  GAP connected: interval=6
   2.214  DLE updated: tx_max=251 rx_max=27
   2.214  PHY updated: tx=2 rx=2
   2.270  DLE updated: tx_max=251 rx_max=251
   2.270  CoC up — seg_recv sink ready (RX_CREDITS=64, MPS=247)
   3.027  SINK rx: 30 KB/s (30971 B / 1000 ms) fsu=0 | cum_total=30971 B cum_segs=130 | UP sent=456 eagain=0 lasterr=0 txcred=0 host_pulls=0
   3.299  CTRACE n=1651 nofeed=22 cr0=1626 ctrlfull=3 hostheld=0 | ctrlempty=68 ctrlbufs=64 cr_mean_x10=6 returns=0 ret_cr=0 zero_ep=1
   4.050  SINK rx: 91 KB/s (93835 B / 1000 ms) fsu=0 | cum_total=124806 B cum_segs=521 | UP sent=866 eagain=0 lasterr=0 txcred=0 host_pulls=0
   4.264  CTRACE n=1663 nofeed=0 cr0=1663 ctrlfull=0 hostheld=0 | ctrlempty=0 ctrlbufs=64 cr_mean_x10=0 returns=0 ret_cr=0 zero_ep=1
   5.080  SINK rx: 92 KB/s (95040 B / 1000 ms) fsu=0 | cum_total=219846 B cum_segs=917 | UP sent=1235 eagain=0 lasterr=0 txcred=0 host_pulls=0
   5.289  CTRACE n=1666 nofeed=0 cr0=1666 ctrlfull=0 hostheld=0 | ctrlempty=0 ctrlbufs=64 cr_mean_x10=0 returns=0 ret_cr=0 zero_ep=1
   6.100  SINK rx: 87 KB/s (90005 B / 1000 ms) fsu=0 | cum_total=309851 B cum_segs=1292 | UP sent=1604 eagain=0 lasterr=0 txcred=0 host_pulls=0
   6.319  CTRACE n=1670 nofeed=0 cr0=1670 ctrlfull=0 hostheld=0 | ctrlempty=0 ctrlbufs=64 cr_mean_x10=0 returns=0 ret_cr=0 zero_ep=1
   7.073  SINK rx: 92 KB/s (94315 B / 1000 ms) fsu=0 | cum_total=404166 B cum_segs=1685 | UP sent=2014 eagain=0 lasterr=0 txcred=0 host_pulls=0
   7.344  CTRACE n=1667 nofeed=0 cr0=1667 ctrlfull=0 hostheld=0 | ctrlempty=0 ctrlbufs=64 cr_mean_x10=0 returns=0 ret_cr=0 zero_ep=1
   8.100  SINK rx: 89 KB/s (91445 B / 1000 ms) fsu=0 | cum_total=495611 B cum_segs=2066 | UP sent=2383 eagain=0 lasterr=0 txcred=0 host_pulls=0
   8.316  CTRACE n=1664 nofeed=0 cr0=1664 ctrlfull=0 hostheld=0 | ctrlempty=0 ctrlbufs=64 cr_mean_x10=0 returns=0 ret_cr=0 zero_ep=1
   9.128  SINK rx: 91 KB/s (93355 B / 1000 ms) fsu=0 | cum_total=588966 B cum_segs=2455 | UP sent=2793 eagain=0 lasterr=0 txcred=0 host_pulls=0
   9.344  CTRACE n=1667 nofeed=0 cr0=1667 ctrlfull=0 hostheld=0 | ctrlempty=0 ctrlbufs=64 cr_mean_x10=0 returns=0 ret_cr=0 zero_ep=1
  10.107  SINK rx: 91 KB/s (93600 B / 1000 ms) fsu=0 | cum_total=682566 B cum_segs=2845 | UP sent=3162 eagain=0 lasterr=0 txcred=0 host_pulls=0
  10.381  CTRACE n=1667 nofeed=0 cr0=1667 ctrlfull=0 hostheld=0 | ctrlempty=0 ctrlbufs=64 cr_mean_x10=0 returns=0 ret_cr=0 zero_ep=1
  11.146  SINK rx: 89 KB/s (91925 B / 1000 ms) fsu=0 | cum_total=774491 B cum_segs=3228 | UP sent=3572 eagain=0 lasterr=0 txcred=0 host_pulls=0
  11.362  CTRACE n=1669 nofeed=0 cr0=1669 ctrlfull=0 hostheld=0 | ctrlempty=0 ctrlbufs=64 cr_mean_x10=0 returns=0 ret_cr=0 zero_ep=1
  12.126  SINK rx: 92 KB/s (95040 B / 1000 ms) fsu=0 | cum_total=869531 B cum_segs=3624 | UP sent=3941 eagain=0 lasterr=0 txcred=0 host_pulls=0
  12.398  CTRACE n=1666 nofeed=0 cr0=1666 ctrlfull=0 hostheld=0 | ctrlempty=0 ctrlbufs=64 cr_mean_x10=0 returns=0 ret_cr=0 zero_ep=1
  13.159  SINK rx: 91 KB/s (93355 B / 1000 ms) fsu=0 | cum_total=962886 B cum_segs=4013 | UP sent=4351 eagain=0 lasterr=0 txcred=0 host_pulls=0
  13.379  CTRACE n=1666 nofeed=0 cr0=1666 ctrlfull=0 hostheld=0 | ctrlempty=0 ctrlbufs=64 cr_mean_x10=0 returns=0 ret_cr=0 zero_ep=1
  14.188  SINK rx: 92 KB/s (95040 B / 1000 ms) fsu=0 | cum_total=1057926 B cum_segs=4409 | UP sent=4720 eagain=0 lasterr=0 txcred=0 host_pulls=0
  14.402  CTRACE n=1661 nofeed=0 cr0=1661 ctrlfull=0 hostheld=0 | ctrlempty=0 ctrlbufs=64 cr_mean_x10=0 returns=0 ret_cr=0 zero_ep=1
  15.215  SINK rx: 92 KB/s (95040 B / 1000 ms) fsu=0 | cum_total=1152966 B cum_segs=4805 | UP sent=5130 eagain=0 lasterr=0 txcred=0 host_pulls=0
  15.434  CTRACE n=1666 nofeed=0 cr0=1666 ctrlfull=0 hostheld=0 | ctrlempty=0 ctrlbufs=64 cr_mean_x10=0 returns=0 ret_cr=0 zero_ep=1
  16.182  SINK rx: 92 KB/s (95040 B / 1000 ms) fsu=0 | cum_total=1248006 B cum_segs=5201 | UP sent=5540 eagain=0 lasterr=0 txcred=0 host_pulls=0
  16.452  CTRACE n=1662 nofeed=0 cr0=1662 ctrlfull=0 hostheld=0 | ctrlempty=0 ctrlbufs=64 cr_mean_x10=0 returns=0 ret_cr=0 zero_ep=1
  17.205  SINK rx: 92 KB/s (94325 B / 1000 ms) fsu=0 | cum_total=1342331 B cum_segs=5594 | UP sent=5909 eagain=0 lasterr=0 txcred=0 host_pulls=0
  17.420  CTRACE n=1665 nofeed=0 cr0=1665 ctrlfull=0 hostheld=0 | ctrlempty=0 ctrlbufs=64 cr_mean_x10=0 returns=0 ret_cr=0 zero_ep=1
  18.239  SINK rx: 92 KB/s (94795 B / 1000 ms) fsu=0 | cum_total=1437126 B cum_segs=5989 | UP sent=6319 eagain=0 lasterr=0 txcred=0 host_pulls=0
  18.455  CTRACE n=1665 nofeed=0 cr0=1665 ctrlfull=0 hostheld=0 | ctrlempty=0 ctrlbufs=64 cr_mean_x10=0 returns=0 ret_cr=0 zero_ep=1
  19.217  SINK rx: 91 KB/s (94080 B / 1000 ms) fsu=0 | cum_total=1531206 B cum_segs=6381 | UP sent=6729 eagain=0 lasterr=0 txcred=0 host_pulls=0
  19.490  CTRACE n=1662 nofeed=0 cr0=1662 ctrlfull=0 hostheld=0 | ctrlempty=0 ctrlbufs=64 cr_mean_x10=0 returns=0 ret_cr=0 zero_ep=1
  20.248  SINK rx: 92 KB/s (95040 B / 1000 ms) fsu=0 | cum_total=1626246 B cum_segs=6777 | UP sent=7098 eagain=0 lasterr=0 txcred=0 host_pulls=0
  20.468  CTRACE n=1665 nofeed=0 cr0=1665 ctrlfull=0 hostheld=0 | ctrlempty=0 ctrlbufs=64 cr_mean_x10=0 returns=0 ret_cr=0 zero_ep=1
  21.277  SINK rx: 91 KB/s (94080 B / 1000 ms) fsu=0 | cum_total=1720326 B cum_segs=7169 | UP sent=7508 eagain=0 lasterr=0 txcred=0 host_pulls=0
  21.490  CTRACE n=1664 nofeed=0 cr0=1664 ctrlfull=0 hostheld=0 | ctrlempty=0 ctrlbufs=64 cr_mean_x10=0 returns=0 ret_cr=0 zero_ep=1
  22.297  SINK rx: 92 KB/s (94325 B / 1000 ms) fsu=0 | cum_total=1814651 B cum_segs=7562 | UP sent=7877 eagain=0 lasterr=0 txcred=0 host_pulls=0
  22.517  CTRACE n=1666 nofeed=0 cr0=1666 ctrlfull=0 hostheld=0 | ctrlempty=0 ctrlbufs=64 cr_mean_x10=0 returns=0 ret_cr=0 zero_ep=1
  23.271  SINK rx: 91 KB/s (93355 B / 1000 ms) fsu=0 | cum_total=1908006 B cum_segs=7951 | UP sent=8287 eagain=0 lasterr=0 txcred=0 host_pulls=0
  23.489  CTRACE n=1668 nofeed=0 cr0=1668 ctrlfull=0 hostheld=0 | ctrlempty=0 ctrlbufs=64 cr_mean_x10=0 returns=0 ret_cr=0 zero_ep=1
  24.302  SINK rx: 91 KB/s (93600 B / 1000 ms) fsu=0 | cum_total=2001606 B cum_segs=8341 | UP sent=8656 eagain=0 lasterr=0 txcred=0 host_pulls=0
  24.517  CTRACE n=1666 nofeed=0 cr0=1666 ctrlfull=0 hostheld=0 | ctrlempty=0 ctrlbufs=64 cr_mean_x10=0 returns=0 ret_cr=0 zero_ep=1
  25.331  SINK rx: 92 KB/s (95040 B / 1000 ms) fsu=0 | cum_total=2096646 B cum_segs=8737 | UP sent=9066 eagain=0 lasterr=0 txcred=0 host_pulls=0
  25.548  CTRACE n=1666 nofeed=0 cr0=1666 ctrlfull=0 hostheld=0 | ctrlempty=0 ctrlbufs=64 cr_mean_x10=0 returns=0 ret_cr=0 zero_ep=1
  26.358  SINK rx: 90 KB/s (92885 B / 1000 ms) fsu=0 | cum_total=2189531 B cum_segs=9124 | UP sent=9435 eagain=0 lasterr=0 txcred=0 host_pulls=0
  26.572  CTRACE n=1668 nofeed=0 cr0=1668 ctrlfull=0 hostheld=0 | ctrlempty=0 ctrlbufs=64 cr_mean_x10=0 returns=0 ret_cr=0 zero_ep=1
  27.326  SINK rx: 89 KB/s (91200 B / 1000 ms) fsu=0 | cum_total=2280731 B cum_segs=9504 | UP sent=9845 eagain=0 lasterr=0 txcred=0 host_pulls=0
  27.539  CTRACE n=1670 nofeed=0 cr0=1670 ctrlfull=0 hostheld=0 | ctrlempty=0 ctrlbufs=64 cr_mean_x10=0 returns=0 ret_cr=0 zero_ep=1
  28.348  SINK rx: 90 KB/s (92875 B / 1000 ms) fsu=0 | cum_total=2373606 B cum_segs=9891 | UP sent=10214 eagain=0 lasterr=0 txcred=0 host_pulls=0
  28.569  CTRACE n=1668 nofeed=0 cr0=1668 ctrlfull=0 hostheld=0 | ctrlempty=0 ctrlbufs=64 cr_mean_x10=0 returns=0 ret_cr=0 zero_ep=1
  29.387  SINK rx: 91 KB/s (94080 B / 1000 ms) fsu=0 | cum_total=2467686 B cum_segs=10283 | UP sent=10624 eagain=0 lasterr=0 txcred=0 host_pulls=0
  29.603  CTRACE n=1665 nofeed=0 cr0=1665 ctrlfull=0 hostheld=0 | ctrlempty=0 ctrlbufs=64 cr_mean_x10=0 returns=0 ret_cr=0 zero_ep=1
  30.368  SINK rx: 89 KB/s (91925 B / 1000 ms) fsu=0 | cum_total=2559611 B cum_segs=10666 | UP sent=10993 eagain=0 lasterr=0 txcred=0 host_pulls=0
  30.585  CTRACE n=1668 nofeed=0 cr0=1668 ctrlfull=0 hostheld=0 | ctrlempty=0 ctrlbufs=64 cr_mean_x10=0 returns=0 ret_cr=0 zero_ep=1
  31.406  SINK rx: 91 KB/s (94080 B / 1000 ms) fsu=0 | cum_total=2653691 B cum_segs=11058 | UP sent=11403 eagain=0 lasterr=0 txcred=0 host_pulls=0
  31.620  CTRACE n=1663 nofeed=0 cr0=1663 ctrlfull=0 hostheld=0 | ctrlempty=0 ctrlbufs=64 cr_mean_x10=0 returns=0 ret_cr=0 zero_ep=1
  32.435  SINK rx: 90 KB/s (92160 B / 1000 ms) fsu=0 | cum_total=2745851 B cum_segs=11442 | UP sent=11772 eagain=0 lasterr=0 txcred=0 host_pulls=0
  32.593  CTRACE n=1669 nofeed=0 cr0=1669 ctrlfull=0 hostheld=0 | ctrlempty=0 ctrlbufs=64 cr_mean_x10=0 returns=0 ret_cr=0 zero_ep=1
  33.404  SINK rx: 90 KB/s (92875 B / 1000 ms) fsu=0 | cum_total=2838726 B cum_segs=11829 | UP sent=12141 eagain=0 lasterr=0 txcred=0 host_pulls=0
  33.623  CTRACE n=1667 nofeed=0 cr0=1667 ctrlfull=0 hostheld=0 | ctrlempty=0 ctrlbufs=64 cr_mean_x10=0 returns=0 ret_cr=0 zero_ep=1
  34.436  SINK rx: 90 KB/s (92160 B / 1000 ms) fsu=0 | cum_total=2930886 B cum_segs=12213 | UP sent=12551 eagain=0 lasterr=0 txcred=0 host_pulls=0
  34.651  CTRACE n=1667 nofeed=0 cr0=1667 ctrlfull=0 hostheld=0 | ctrlempty=0 ctrlbufs=64 cr_mean_x10=0 returns=0 ret_cr=0 zero_ep=1
  35.470  SINK rx: 91 KB/s (93365 B / 1000 ms) fsu=0 | cum_total=3024251 B cum_segs=12602 | UP sent=12920 eagain=0 lasterr=0 txcred=0 host_pulls=0
  35.631  CTRACE n=1668 nofeed=0 cr0=1668 ctrlfull=0 hostheld=0 | ctrlempty=0 ctrlbufs=64 cr_mean_x10=0 returns=0 ret_cr=0 zero_ep=1
  36.442  SINK rx: 90 KB/s (92875 B / 1000 ms) fsu=0 | cum_total=3117126 B cum_segs=12989 | UP sent=13330 eagain=0 lasterr=0 txcred=0 host_pulls=0
  36.656  CTRACE n=1664 nofeed=0 cr0=1664 ctrlfull=0 hostheld=0 | ctrlempty=0 ctrlbufs=64 cr_mean_x10=0 returns=0 ret_cr=0 zero_ep=1
  37.460  SINK rx: 91 KB/s (93845 B / 1000 ms) fsu=0 | cum_total=3210971 B cum_segs=13380 | UP sent=13699 eagain=0 lasterr=0 txcred=0 host_pulls=0
  37.680  CTRACE n=1665 nofeed=0 cr0=1665 ctrlfull=0 hostheld=0 | ctrlempty=0 ctrlbufs=64 cr_mean_x10=0 returns=0 ret_cr=0 zero_ep=1
  38.497  SINK rx: 91 KB/s (93835 B / 1000 ms) fsu=0 | cum_total=3304806 B cum_segs=13771 | UP sent=14109 eagain=0 lasterr=0 txcred=0 host_pulls=0
  38.662  CTRACE n=1661 nofeed=0 cr0=1661 ctrlfull=0 hostheld=0 | ctrlempty=0 ctrlbufs=64 cr_mean_x10=0 returns=0 ret_cr=0 zero_ep=1
  39.532  SINK rx: 91 KB/s (93845 B / 1000 ms) fsu=0 | cum_total=3398651 B cum_segs=14162 | UP sent=14478 eagain=0 lasterr=0 txcred=0 host_pulls=0
  39.692  CTRACE n=1668 nofeed=0 cr0=1668 ctrlfull=0 hostheld=0 | ctrlempty=0 ctrlbufs=64 cr_mean_x10=0 returns=0 ret_cr=0 zero_ep=1
