   0.595  CTRACE n=1670 nofeed=20 cr0=1650 ctrlfull=0 hostheld=0 | ctrlempty=0 ctrlbufs=64 cr_mean_x10=0 returns=10 ret_cr=95 zero_ep=11
   0.595  CENRX cum_total=3630232 B
   1.611  CTRACE n=1672 nofeed=18 cr0=1654 ctrlfull=0 hostheld=0 | ctrlempty=0 ctrlbufs=64 cr_mean_x10=0 returns=9 ret_cr=86 zero_ep=10
   1.611  CENRX cum_total=3723684 B
   1.938  *** Booting Zephyr OS build v4.4.2-16-gfee9fbc62095 ***
   1.938  
   1.938  === nRF52840 L2CAP CoC central (Zephyr 4.4.1) ===
   1.938  scan start rc=0
   1.992  found D6:C7:60:B1:D3:0E (random) (rssi -34), connecting
   1.992  Q2CONN AA=2bc2467e CRCINIT=3ad7a8 hop=16 chan_count=37 map=ffffffff1f
   2.047  GAP connected
   2.048  phy req rc=0
   2.048  DLE: tx_max=27 rx_max=251
   2.099  PHY: tx=2 rx=2 (2=2M)
   2.099  dle req rc=0
   2.099  DLE: tx_max=251 rx_max=251
   2.099  l2cap_chan_connect rc=0
   2.152  L2CAP connected: tx.mtu=512 tx.mps=247 tx.credits=0 rx.mtu=512 rx.mps=247
   2.153  GATE conn: interval=6 (units 1.25ms) => 7.50 ms
   2.153  Q3FSU-REQ role=C auto min=150 max=150 phys=0x2 rc=0
   2.579  blasting 480-byte SDUs...
   3.177  CTRACE n=1653 nofeed=746 cr0=907 ctrlfull=0 hostheld=0 | ctrlempty=694 ctrlbufs=64 cr_mean_x10=281 returns=4 ret_cr=38 zero_ep=5
   3.284  CENRX cum_total=136152 B
   4.154  CTRACE n=1672 nofeed=20 cr0=1652 ctrlfull=0 hostheld=0 | ctrlempty=0 ctrlbufs=64 cr_mean_x10=0 returns=10 ret_cr=95 zero_ep=11
   4.264  CENRX cum_total=231068 B
   5.188  CTRACE n=1673 nofeed=18 cr0=1655 ctrlfull=0 hostheld=0 | ctrlempty=0 ctrlbufs=64 cr_mean_x10=0 returns=9 ret_cr=86 zero_ep=10
   5.295  CENRX cum_total=325008 B
   6.211  CTRACE n=1671 nofeed=20 cr0=1651 ctrlfull=0 hostheld=0 | ctrlempty=0 ctrlbufs=64 cr_mean_x10=0 returns=10 ret_cr=95 zero_ep=11
   6.315  CENRX cum_total=418216 B
   7.174  CTRACE n=1671 nofeed=18 cr0=1653 ctrlfull=0 hostheld=0 | ctrlempty=0 ctrlbufs=64 cr_mean_x10=0 returns=9 ret_cr=85 zero_ep=10
   7.284  CENRX cum_total=513132 B
   8.205  CTRACE n=1670 nofeed=20 cr0=1650 ctrlfull=0 hostheld=0 | ctrlempty=0 ctrlbufs=64 cr_mean_x10=0 returns=10 ret_cr=95 zero_ep=11
   8.314  CENRX cum_total=608536 B
   9.236  CTRACE n=1673 nofeed=18 cr0=1655 ctrlfull=0 hostheld=0 | ctrlempty=0 ctrlbufs=64 cr_mean_x10=0 returns=9 ret_cr=86 zero_ep=10
   9.292  CENRX cum_total=704184 B
  10.214  CTRACE n=1672 nofeed=19 cr0=1653 ctrlfull=0 hostheld=0 | ctrlempty=0 ctrlbufs=64 cr_mean_x10=0 returns=9 ret_cr=86 zero_ep=10
  10.324  CENRX cum_total=798856 B
  11.240  CTRACE n=1671 nofeed=20 cr0=1651 ctrlfull=0 hostheld=0 | ctrlempty=0 ctrlbufs=64 cr_mean_x10=0 returns=10 ret_cr=95 zero_ep=11
  11.295  CENRX cum_total=894504 B
  12.270  CTRACE n=1674 nofeed=18 cr0=1656 ctrlfull=0 hostheld=0 | ctrlempty=0 ctrlbufs=64 cr_mean_x10=0 returns=9 ret_cr=85 zero_ep=10
  12.325  RPT occ: events=0 mean_pkts/ev=0.00 max=0 nonempty_ev=0 fsu=0 | sender: sent=1913(+1913 SDU) eagain=0(+0) poolfail=0(+0)
  12.325  CENRX cum_total=989908 B
  13.244  CTRACE n=1670 nofeed=20 cr0=1650 ctrlfull=0 hostheld=0 | ctrlempty=0 ctrlbufs=64 cr_mean_x10=0 returns=10 ret_cr=95 zero_ep=11
  13.299  CENRX cum_total=1085556 B
  14.280  CTRACE n=1670 nofeed=20 cr0=1650 ctrlfull=0 hostheld=0 | ctrlempty=0 ctrlbufs=64 cr_mean_x10=0 returns=10 ret_cr=95 zero_ep=11
  14.334  CENRX cum_total=1180960 B
  15.304  CTRACE n=1673 nofeed=18 cr0=1655 ctrlfull=0 hostheld=0 | ctrlempty=0 ctrlbufs=64 cr_mean_x10=0 returns=9 ret_cr=86 zero_ep=10
  15.304  CENRX cum_total=1276364 B
  16.288  CTRACE n=1670 nofeed=20 cr0=1650 ctrlfull=0 hostheld=0 | ctrlempty=0 ctrlbufs=64 cr_mean_x10=0 returns=10 ret_cr=95 zero_ep=11
  16.343  CENRX cum_total=1372012 B
  17.331  CTRACE n=1671 nofeed=19 cr0=1652 ctrlfull=0 hostheld=0 | ctrlempty=0 ctrlbufs=64 cr_mean_x10=0 returns=10 ret_cr=95 zero_ep=10
  17.332  CENRX cum_total=1467416 B
  18.321  CTRACE n=1672 nofeed=19 cr0=1653 ctrlfull=0 hostheld=0 | ctrlempty=0 ctrlbufs=64 cr_mean_x10=0 returns=9 ret_cr=85 zero_ep=10
  18.321  CENRX cum_total=1563796 B
  19.364  CTRACE n=1670 nofeed=20 cr0=1650 ctrlfull=0 hostheld=0 | ctrlempty=0 ctrlbufs=64 cr_mean_x10=0 returns=10 ret_cr=95 zero_ep=11
  19.364  CENRX cum_total=1659932 B
  20.353  CTRACE n=1672 nofeed=18 cr0=1654 ctrlfull=0 hostheld=0 | ctrlempty=0 ctrlbufs=64 cr_mean_x10=0 returns=9 ret_cr=86 zero_ep=10
  20.353  CENRX cum_total=1756556 B
  21.342  CTRACE n=1672 nofeed=19 cr0=1653 ctrlfull=0 hostheld=0 | ctrlempty=0 ctrlbufs=64 cr_mean_x10=0 returns=9 ret_cr=86 zero_ep=10
  21.342  CENRX cum_total=1852204 B
  22.329  RPT occ: events=0 mean_pkts/ev=0.00 max=0 nonempty_ev=0 fsu=0 | sender: sent=3860(+1947 SDU) eagain=0(+0) poolfail=0(+0)
  22.382  CTRACE n=1671 nofeed=20 cr0=1651 ctrlfull=0 hostheld=0 | ctrlempty=0 ctrlbufs=64 cr_mean_x10=0 returns=10 ret_cr=95 zero_ep=11
  22.382  CENRX cum_total=1948584 B
  23.404  CTRACE n=1671 nofeed=18 cr0=1653 ctrlfull=0 hostheld=0 | ctrlempty=0 ctrlbufs=64 cr_mean_x10=0 returns=9 ret_cr=85 zero_ep=10
  23.404  CENRX cum_total=2044964 B
  24.377  CTRACE n=1671 nofeed=19 cr0=1652 ctrlfull=0 hostheld=0 | ctrlempty=0 ctrlbufs=64 cr_mean_x10=0 returns=10 ret_cr=95 zero_ep=11
  24.377  CENRX cum_total=2140612 B
  25.397  CTRACE n=1673 nofeed=18 cr0=1655 ctrlfull=0 hostheld=0 | ctrlempty=0 ctrlbufs=64 cr_mean_x10=0 returns=9 ret_cr=86 zero_ep=10
  25.397  CENRX cum_total=2237236 B
  26.428  CTRACE n=1672 nofeed=19 cr0=1653 ctrlfull=0 hostheld=0 | ctrlempty=0 ctrlbufs=64 cr_mean_x10=0 returns=9 ret_cr=86 zero_ep=10
  26.428  CENRX cum_total=2332884 B
  27.444  CTRACE n=1671 nofeed=20 cr0=1651 ctrlfull=0 hostheld=0 | ctrlempty=0 ctrlbufs=64 cr_mean_x10=0 returns=10 ret_cr=95 zero_ep=11
  27.444  CENRX cum_total=2429020 B
  28.458  CTRACE n=1671 nofeed=18 cr0=1653 ctrlfull=0 hostheld=0 | ctrlempty=0 ctrlbufs=64 cr_mean_x10=0 returns=9 ret_cr=85 zero_ep=10
  28.458  CENRX cum_total=2524912 B
  29.438  CTRACE n=1669 nofeed=20 cr0=1649 ctrlfull=0 hostheld=0 | ctrlempty=0 ctrlbufs=64 cr_mean_x10=0 returns=10 ret_cr=95 zero_ep=11
  29.438  CENRX cum_total=2621048 B
  30.456  CTRACE n=1674 nofeed=17 cr0=1657 ctrlfull=0 hostheld=0 | ctrlempty=0 ctrlbufs=64 cr_mean_x10=0 returns=9 ret_cr=86 zero_ep=10
  30.456  CENRX cum_total=2716208 B
  31.487  CTRACE n=1672 nofeed=20 cr0=1652 ctrlfull=0 hostheld=0 | ctrlempty=0 ctrlbufs=64 cr_mean_x10=0 returns=10 ret_cr=95 zero_ep=11
  31.487  CENRX cum_total=2811124 B
  32.296  RPT occ: events=0 mean_pkts/ev=0.00 max=0 nonempty_ev=0 fsu=0 | sender: sent=5808(+1948 SDU) eagain=0(+0) poolfail=0(+0)
  32.518  CTRACE n=1674 nofeed=18 cr0=1656 ctrlfull=0 hostheld=0 | ctrlempty=0 ctrlbufs=64 cr_mean_x10=0 returns=9 ret_cr=85 zero_ep=10
  32.518  CENRX cum_total=2906772 B
  33.504  CTRACE n=1668 nofeed=20 cr0=1648 ctrlfull=0 hostheld=0 | ctrlempty=0 ctrlbufs=64 cr_mean_x10=0 returns=10 ret_cr=95 zero_ep=11
  33.504  CENRX cum_total=3000224 B
  34.494  CTRACE n=1672 nofeed=18 cr0=1654 ctrlfull=0 hostheld=0 | ctrlempty=0 ctrlbufs=64 cr_mean_x10=0 returns=9 ret_cr=86 zero_ep=10
  34.550  CENRX cum_total=3096604 B
  35.538  CTRACE n=1669 nofeed=20 cr0=1649 ctrlfull=0 hostheld=0 | ctrlempty=0 ctrlbufs=64 cr_mean_x10=0 returns=10 ret_cr=95 zero_ep=11
  35.538  CENRX cum_total=3192496 B
  36.514  CTRACE n=1674 nofeed=18 cr0=1656 ctrlfull=0 hostheld=0 | ctrlempty=0 ctrlbufs=64 cr_mean_x10=0 returns=10 ret_cr=95 zero_ep=10
  36.569  CENRX cum_total=3288144 B
  37.558  CTRACE n=1671 nofeed=19 cr0=1652 ctrlfull=0 hostheld=0 | ctrlempty=0 ctrlbufs=64 cr_mean_x10=0 returns=9 ret_cr=85 zero_ep=10
  37.558  CENRX cum_total=3384036 B
  38.538  CTRACE n=1669 nofeed=20 cr0=1649 ctrlfull=0 hostheld=0 | ctrlempty=0 ctrlbufs=64 cr_mean_x10=0 returns=10 ret_cr=95 zero_ep=11
  38.538  CENRX cum_total=3479196 B
  39.597  CTRACE n=1673 nofeed=18 cr0=1655 ctrlfull=0 hostheld=0 | ctrlempty=0 ctrlbufs=64 cr_mean_x10=0 returns=9 ret_cr=86 zero_ep=10
  39.597  CENRX cum_total=3575088 B
