   0.180  SINK rx: 0 KB/s (0 B / 1000 ms) fsu=0 | cum_total=3183366 B cum_segs=13265 | UP sent=13494 eagain=0 lasterr=0 txcred=0 host_pulls=0
   0.858  CTRACE n=1728 nofeed=0 cr0=1728 ctrlfull=0 hostheld=0 | ctrlempty=0 ctrlbufs=64 cr_mean_x10=0 returns=0 ret_cr=0 zero_ep=1
   1.147  SINK rx: 0 KB/s (0 B / 1000 ms) fsu=0 | cum_total=3183366 B cum_segs=13265 | UP sent=13494 eagain=0 lasterr=0 txcred=0 host_pulls=0
   1.677  *** Booting Zephyr OS build v4.4.2-16-gfee9fbc62095 ***
   1.677  
   1.677  === nRF52 L2CAP CoC SINK (Zephyr 4.4.1, seg_recv) ===
   1.737  L2CAP server on PSM 0x0080
   1.737  Advertising as 'zenoh-nrf-l2cap'
   1.737  GAP connected: interval=20
   1.855  DLE updated: tx_max=251 rx_max=27
   1.958  PHY updated: tx=2 rx=2
   5.923  GAP disconnected (0x08)
   5.924  Advertising as 'zenoh-nrf-l2cap'
   5.984  GAP connected: interval=20
   6.098  DLE updated: tx_max=251 rx_max=27
   6.217  PHY updated: tx=2 rx=2
   6.334  DLE updated: tx_max=251 rx_max=251
   6.334  CoC up — seg_recv sink ready (RX_CREDITS=64, MPS=247)
   7.045  SINK rx: 33 KB/s (34811 B / 1000 ms) fsu=0 | cum_total=34811 B cum_segs=146 | UP sent=415 eagain=0 lasterr=0 txcred=0 host_pulls=0
   7.344  CTRACE n=1662 nofeed=78 cr0=1584 ctrlfull=0 hostheld=0 | ctrlempty=80 ctrlbufs=64 cr_mean_x10=28 returns=0 ret_cr=0 zero_ep=1
   8.038  SINK rx: 77 KB/s (78955 B / 1000 ms) fsu=0 | cum_total=113766 B cum_segs=475 | UP sent=743 eagain=0 lasterr=0 txcred=0 host_pulls=0
   8.383  CTRACE n=1684 nofeed=0 cr0=1684 ctrlfull=0 hostheld=0 | ctrlempty=0 ctrlbufs=64 cr_mean_x10=0 returns=0 ret_cr=0 zero_ep=1
   9.065  SINK rx: 78 KB/s (79925 B / 1000 ms) fsu=0 | cum_total=193691 B cum_segs=808 | UP sent=1071 eagain=0 lasterr=0 txcred=0 host_pulls=0
   9.361  CTRACE n=1685 nofeed=0 cr0=1685 ctrlfull=0 hostheld=0 | ctrlempty=0 ctrlbufs=64 cr_mean_x10=0 returns=0 ret_cr=0 zero_ep=1
  10.052  SINK rx: 77 KB/s (79680 B / 1000 ms) fsu=0 | cum_total=273371 B cum_segs=1140 | UP sent=1399 eagain=0 lasterr=0 txcred=0 host_pulls=0
  10.384  CTRACE n=1683 nofeed=0 cr0=1683 ctrlfull=0 hostheld=0 | ctrlempty=0 ctrlbufs=64 cr_mean_x10=0 returns=0 ret_cr=0 zero_ep=1
  11.086  SINK rx: 78 KB/s (79915 B / 1000 ms) fsu=0 | cum_total=353286 B cum_segs=1473 | UP sent=1727 eagain=0 lasterr=0 txcred=0 host_pulls=0
  11.375  CTRACE n=1688 nofeed=0 cr0=1688 ctrlfull=0 hostheld=0 | ctrlempty=0 ctrlbufs=64 cr_mean_x10=0 returns=0 ret_cr=0 zero_ep=1
  12.072  SINK rx: 78 KB/s (80160 B / 1000 ms) fsu=0 | cum_total=433446 B cum_segs=1807 | UP sent=2055 eagain=0 lasterr=0 txcred=0 host_pulls=0
  12.417  CTRACE n=1686 nofeed=0 cr0=1686 ctrlfull=0 hostheld=0 | ctrlempty=0 ctrlbufs=64 cr_mean_x10=0 returns=0 ret_cr=0 zero_ep=1
  13.106  SINK rx: 78 KB/s (79925 B / 1000 ms) fsu=0 | cum_total=513371 B cum_segs=2140 | UP sent=2383 eagain=0 lasterr=0 txcred=0 host_pulls=0
  13.402  CTRACE n=1682 nofeed=0 cr0=1682 ctrlfull=0 hostheld=0 | ctrlempty=0 ctrlbufs=64 cr_mean_x10=0 returns=0 ret_cr=0 zero_ep=1
  14.142  SINK rx: 78 KB/s (79915 B / 1000 ms) fsu=0 | cum_total=593286 B cum_segs=2473 | UP sent=2711 eagain=0 lasterr=0 txcred=0 host_pulls=0
  14.419  CTRACE n=1684 nofeed=0 cr0=1684 ctrlfull=0 hostheld=0 | ctrlempty=0 ctrlbufs=64 cr_mean_x10=0 returns=0 ret_cr=0 zero_ep=1
  15.157  SINK rx: 78 KB/s (79925 B / 1000 ms) fsu=0 | cum_total=673211 B cum_segs=2806 | UP sent=3039 eagain=0 lasterr=0 txcred=0 host_pulls=0
  15.458  CTRACE n=1684 nofeed=0 cr0=1684 ctrlfull=0 hostheld=0 | ctrlempty=0 ctrlbufs=64 cr_mean_x10=0 returns=0 ret_cr=0 zero_ep=1
  16.176  SINK rx: 78 KB/s (79915 B / 1000 ms) fsu=0 | cum_total=753126 B cum_segs=3139 | UP sent=3367 eagain=0 lasterr=0 txcred=0 host_pulls=0
  16.456  CTRACE n=1682 nofeed=0 cr0=1682 ctrlfull=0 hostheld=0 | ctrlempty=0 ctrlbufs=64 cr_mean_x10=0 returns=0 ret_cr=0 zero_ep=1
  17.189  SINK rx: 76 KB/s (78720 B / 1000 ms) fsu=0 | cum_total=831846 B cum_segs=3467 | UP sent=3736 eagain=0 lasterr=0 txcred=0 host_pulls=0
  17.479  CTRACE n=1682 nofeed=0 cr0=1682 ctrlfull=0 hostheld=0 | ctrlempty=0 ctrlbufs=64 cr_mean_x10=0 returns=0 ret_cr=0 zero_ep=1
  18.168  SINK rx: 77 KB/s (78965 B / 1000 ms) fsu=0 | cum_total=910811 B cum_segs=3796 | UP sent=4064 eagain=0 lasterr=0 txcred=0 host_pulls=0
  18.461  CTRACE n=1684 nofeed=0 cr0=1684 ctrlfull=0 hostheld=0 | ctrlempty=0 ctrlbufs=64 cr_mean_x10=0 returns=0 ret_cr=0 zero_ep=1
  19.164  SINK rx: 78 KB/s (79915 B / 1000 ms) fsu=0 | cum_total=990726 B cum_segs=4129 | UP sent=4392 eagain=0 lasterr=0 txcred=0 host_pulls=0
  19.461  CTRACE n=1683 nofeed=0 cr0=1683 ctrlfull=0 hostheld=0 | ctrlempty=0 ctrlbufs=64 cr_mean_x10=0 returns=0 ret_cr=0 zero_ep=1
  20.225  SINK rx: 78 KB/s (79925 B / 1000 ms) fsu=0 | cum_total=1070651 B cum_segs=4462 | UP sent=4720 eagain=0 lasterr=0 txcred=0 host_pulls=0
  20.517  CTRACE n=1681 nofeed=0 cr0=1681 ctrlfull=0 hostheld=0 | ctrlempty=0 ctrlbufs=64 cr_mean_x10=0 returns=0 ret_cr=0 zero_ep=1
  21.211  SINK rx: 78 KB/s (79915 B / 1000 ms) fsu=0 | cum_total=1150566 B cum_segs=4795 | UP sent=5048 eagain=0 lasterr=0 txcred=0 host_pulls=0
  21.487  CTRACE n=1684 nofeed=0 cr0=1684 ctrlfull=0 hostheld=0 | ctrlempty=0 ctrlbufs=64 cr_mean_x10=0 returns=0 ret_cr=0 zero_ep=1
  22.233  SINK rx: 78 KB/s (79925 B / 1000 ms) fsu=0 | cum_total=1230491 B cum_segs=5128 | UP sent=5376 eagain=0 lasterr=0 txcred=0 host_pulls=0
  22.526  CTRACE n=1684 nofeed=0 cr0=1684 ctrlfull=0 hostheld=0 | ctrlempty=0 ctrlbufs=64 cr_mean_x10=0 returns=0 ret_cr=0 zero_ep=1
  23.236  SINK rx: 78 KB/s (79915 B / 1000 ms) fsu=0 | cum_total=1310406 B cum_segs=5461 | UP sent=5704 eagain=0 lasterr=0 txcred=0 host_pulls=0
  23.514  CTRACE n=1683 nofeed=0 cr0=1683 ctrlfull=0 hostheld=0 | ctrlempty=0 ctrlbufs=64 cr_mean_x10=0 returns=0 ret_cr=0 zero_ep=1
  24.274  SINK rx: 78 KB/s (79925 B / 1000 ms) fsu=0 | cum_total=1390331 B cum_segs=5794 | UP sent=6032 eagain=0 lasterr=0 txcred=0 host_pulls=0
  24.558  CTRACE n=1681 nofeed=0 cr0=1681 ctrlfull=0 hostheld=0 | ctrlempty=0 ctrlbufs=64 cr_mean_x10=0 returns=0 ret_cr=0 zero_ep=1
  25.236  SINK rx: 78 KB/s (79915 B / 1000 ms) fsu=0 | cum_total=1470246 B cum_segs=6127 | UP sent=6360 eagain=0 lasterr=0 txcred=0 host_pulls=0
  25.527  CTRACE n=1685 nofeed=0 cr0=1685 ctrlfull=0 hostheld=0 | ctrlempty=0 ctrlbufs=64 cr_mean_x10=0 returns=0 ret_cr=0 zero_ep=1
  26.271  SINK rx: 78 KB/s (79925 B / 1000 ms) fsu=0 | cum_total=1550171 B cum_segs=6460 | UP sent=6688 eagain=0 lasterr=0 txcred=0 host_pulls=0
  26.558  CTRACE n=1681 nofeed=0 cr0=1681 ctrlfull=0 hostheld=0 | ctrlempty=0 ctrlbufs=64 cr_mean_x10=0 returns=0 ret_cr=0 zero_ep=1
  27.294  SINK rx: 76 KB/s (78720 B / 1000 ms) fsu=0 | cum_total=1628891 B cum_segs=6788 | UP sent=7057 eagain=0 lasterr=0 txcred=0 host_pulls=0
  27.568  CTRACE n=1683 nofeed=0 cr0=1683 ctrlfull=0 hostheld=0 | ctrlempty=0 ctrlbufs=64 cr_mean_x10=0 returns=0 ret_cr=0 zero_ep=1
  28.317  SINK rx: 77 KB/s (79435 B / 1000 ms) fsu=0 | cum_total=1708326 B cum_segs=7119 | UP sent=7385 eagain=0 lasterr=0 txcred=0 host_pulls=0
  28.552  CTRACE n=1685 nofeed=0 cr0=1685 ctrlfull=0 hostheld=0 | ctrlempty=0 ctrlbufs=64 cr_mean_x10=0 returns=0 ret_cr=0 zero_ep=1
  29.315  SINK rx: 78 KB/s (79925 B / 1000 ms) fsu=0 | cum_total=1788251 B cum_segs=7452 | UP sent=7713 eagain=0 lasterr=0 txcred=0 host_pulls=0
  29.597  CTRACE n=1685 nofeed=0 cr0=1685 ctrlfull=0 hostheld=0 | ctrlempty=0 ctrlbufs=64 cr_mean_x10=0 returns=0 ret_cr=0 zero_ep=1
  30.345  SINK rx: 78 KB/s (79915 B / 1000 ms) fsu=0 | cum_total=1868166 B cum_segs=7785 | UP sent=8041 eagain=0 lasterr=0 txcred=0 host_pulls=0
  30.584  CTRACE n=1683 nofeed=0 cr0=1683 ctrlfull=0 hostheld=0 | ctrlempty=0 ctrlbufs=64 cr_mean_x10=0 returns=0 ret_cr=0 zero_ep=1
  31.325  SINK rx: 78 KB/s (79925 B / 1000 ms) fsu=0 | cum_total=1948091 B cum_segs=8118 | UP sent=8369 eagain=0 lasterr=0 txcred=0 host_pulls=0
  31.620  CTRACE n=1685 nofeed=0 cr0=1685 ctrlfull=0 hostheld=0 | ctrlempty=0 ctrlbufs=64 cr_mean_x10=0 returns=0 ret_cr=0 zero_ep=1
  32.352  SINK rx: 75 KB/s (77515 B / 1000 ms) fsu=0 | cum_total=2025606 B cum_segs=8441 | UP sent=8697 eagain=0 lasterr=0 txcred=0 host_pulls=0
  32.636  CTRACE n=1681 nofeed=0 cr0=1681 ctrlfull=0 hostheld=0 | ctrlempty=0 ctrlbufs=64 cr_mean_x10=0 returns=0 ret_cr=0 zero_ep=1
  33.395  SINK rx: 78 KB/s (79925 B / 1000 ms) fsu=0 | cum_total=2105531 B cum_segs=8774 | UP sent=9025 eagain=0 lasterr=0 txcred=0 host_pulls=0
  33.632  CTRACE n=1680 nofeed=0 cr0=1680 ctrlfull=0 hostheld=0 | ctrlempty=0 ctrlbufs=64 cr_mean_x10=0 returns=0 ret_cr=0 zero_ep=1
  34.390  SINK rx: 78 KB/s (79915 B / 1000 ms) fsu=0 | cum_total=2185446 B cum_segs=9107 | UP sent=9353 eagain=0 lasterr=0 txcred=0 host_pulls=0
  34.627  CTRACE n=1683 nofeed=0 cr0=1683 ctrlfull=0 hostheld=0 | ctrlempty=0 ctrlbufs=64 cr_mean_x10=0 returns=0 ret_cr=0 zero_ep=1
  35.375  SINK rx: 78 KB/s (79925 B / 1000 ms) fsu=0 | cum_total=2265371 B cum_segs=9440 | UP sent=9681 eagain=0 lasterr=0 txcred=0 host_pulls=0
  35.662  CTRACE n=1685 nofeed=0 cr0=1685 ctrlfull=0 hostheld=0 | ctrlempty=0 ctrlbufs=64 cr_mean_x10=0 returns=0 ret_cr=0 zero_ep=1
  36.422  SINK rx: 75 KB/s (77515 B / 1000 ms) fsu=0 | cum_total=2342886 B cum_segs=9763 | UP sent=10009 eagain=0 lasterr=0 txcred=0 host_pulls=0
  36.645  CTRACE n=1683 nofeed=0 cr0=1683 ctrlfull=0 hostheld=0 | ctrlempty=0 ctrlbufs=64 cr_mean_x10=0 returns=0 ret_cr=0 zero_ep=1
  37.402  SINK rx: 78 KB/s (79925 B / 1000 ms) fsu=0 | cum_total=2422811 B cum_segs=10096 | UP sent=10337 eagain=0 lasterr=0 txcred=0 host_pulls=0
  37.683  CTRACE n=1685 nofeed=0 cr0=1685 ctrlfull=0 hostheld=0 | ctrlempty=0 ctrlbufs=64 cr_mean_x10=0 returns=0 ret_cr=0 zero_ep=1
  38.442  SINK rx: 78 KB/s (79915 B / 1000 ms) fsu=0 | cum_total=2502726 B cum_segs=10429 | UP sent=10665 eagain=0 lasterr=0 txcred=0 host_pulls=0
  38.677  CTRACE n=1683 nofeed=0 cr0=1683 ctrlfull=0 hostheld=0 | ctrlempty=0 ctrlbufs=64 cr_mean_x10=0 returns=0 ret_cr=0 zero_ep=1
  39.443  SINK rx: 78 KB/s (80160 B / 1000 ms) fsu=0 | cum_total=2582886 B cum_segs=10763 | UP sent=10993 eagain=0 lasterr=0 txcred=0 host_pulls=0
  39.716  CTRACE n=1687 nofeed=0 cr0=1687 ctrlfull=0 hostheld=0 | ctrlempty=0 ctrlbufs=64 cr_mean_x10=0 returns=0 ret_cr=0 zero_ep=1
