   0.120  CTRACE n=1663 nofeed=0 cr0=1663 ctrlfull=0 hostheld=0 | ctrlempty=0 ctrlbufs=64 cr_mean_x10=0 returns=0 ret_cr=0 zero_ep=1
   0.413  SINK rx: 89 KB/s (91915 B / 1000 ms) fsu=0 | cum_total=3193446 B cum_segs=13307 | UP sent=13576 eagain=0 lasterr=0 txcred=0 host_pulls=0
   1.115  CTRACE n=1668 nofeed=0 cr0=1668 ctrlfull=0 hostheld=0 | ctrlempty=0 ctrlbufs=64 cr_mean_x10=0 returns=0 ret_cr=0 zero_ep=1
   1.457  SINK rx: 92 KB/s (94560 B / 1000 ms) fsu=0 | cum_total=3288006 B cum_segs=13701 | UP sent=13986 eagain=0 lasterr=0 txcred=0 host_pulls=0
   1.745  *** Booting Zephyr OS build v4.4.2-16-gfee9fbc62095 ***
   1.745  
   1.745  === nRF52 L2CAP CoC SINK (Zephyr 4.4.1, seg_recv) ===
   1.745  L2CAP server on PSM 0x0080
   1.745  Advertising as 'zenoh-nrf-l2cap'
   5.741  GAP connected: interval=6
   5.797  DLE updated: tx_max=251 rx_max=27
   5.797  PHY updated: tx=2 rx=2
   5.857  DLE updated: tx_max=251 rx_max=251
   5.857  CoC up — seg_recv sink ready (RX_CREDITS=64, MPS=247)
   6.081  SINK rx: 0 KB/s (6 B / 1000 ms) fsu=0 | cum_total=6 B cum_segs=1 | UP sent=210 eagain=0 lasterr=0 txcred=0 host_pulls=0
   6.848  CTRACE n=1648 nofeed=23 cr0=1625 ctrlfull=0 hostheld=0 | ctrlempty=0 ctrlbufs=64 cr_mean_x10=6 returns=0 ret_cr=0 zero_ep=1
   7.083  SINK rx: 80 KB/s (82805 B / 1000 ms) fsu=0 | cum_total=82811 B cum_segs=346 | UP sent=620 eagain=0 lasterr=0 txcred=0 host_pulls=0
   7.876  CTRACE n=1662 nofeed=0 cr0=1662 ctrlfull=0 hostheld=0 | ctrlempty=0 ctrlbufs=64 cr_mean_x10=0 returns=0 ret_cr=0 zero_ep=1
   8.056  SINK rx: 91 KB/s (93835 B / 1000 ms) fsu=0 | cum_total=176646 B cum_segs=737 | UP sent=1030 eagain=0 lasterr=0 txcred=0 host_pulls=0
   8.849  CTRACE n=1667 nofeed=0 cr0=1667 ctrlfull=0 hostheld=0 | ctrlempty=0 ctrlbufs=64 cr_mean_x10=0 returns=0 ret_cr=0 zero_ep=1
   9.077  SINK rx: 92 KB/s (94325 B / 1000 ms) fsu=0 | cum_total=270971 B cum_segs=1130 | UP sent=1440 eagain=0 lasterr=0 txcred=0 host_pulls=0
   9.883  CTRACE n=1666 nofeed=0 cr0=1666 ctrlfull=0 hostheld=0 | ctrlempty=0 ctrlbufs=64 cr_mean_x10=0 returns=0 ret_cr=0 zero_ep=1
  10.114  SINK rx: 92 KB/s (95040 B / 1000 ms) fsu=0 | cum_total=366011 B cum_segs=1526 | UP sent=1809 eagain=0 lasterr=0 txcred=0 host_pulls=0
  10.878  CTRACE n=1662 nofeed=0 cr0=1662 ctrlfull=0 hostheld=0 | ctrlempty=0 ctrlbufs=64 cr_mean_x10=0 returns=0 ret_cr=0 zero_ep=1
  11.108  SINK rx: 92 KB/s (94795 B / 1000 ms) fsu=0 | cum_total=460806 B cum_segs=1921 | UP sent=2219 eagain=0 lasterr=0 txcred=0 host_pulls=0
  11.915  CTRACE n=1666 nofeed=0 cr0=1666 ctrlfull=0 hostheld=0 | ctrlempty=0 ctrlbufs=64 cr_mean_x10=0 returns=0 ret_cr=0 zero_ep=1
  12.134  SINK rx: 92 KB/s (94325 B / 1000 ms) fsu=0 | cum_total=555131 B cum_segs=2314 | UP sent=2588 eagain=0 lasterr=0 txcred=0 host_pulls=0
  12.943  CTRACE n=1660 nofeed=0 cr0=1660 ctrlfull=0 hostheld=0 | ctrlempty=0 ctrlbufs=64 cr_mean_x10=0 returns=0 ret_cr=0 zero_ep=1
  13.117  SINK rx: 92 KB/s (94795 B / 1000 ms) fsu=0 | cum_total=649926 B cum_segs=2709 | UP sent=2998 eagain=0 lasterr=0 txcred=0 host_pulls=0
  13.928  CTRACE n=1665 nofeed=0 cr0=1665 ctrlfull=0 hostheld=0 | ctrlempty=0 ctrlbufs=64 cr_mean_x10=0 returns=0 ret_cr=0 zero_ep=1
  14.167  SINK rx: 92 KB/s (94805 B / 1000 ms) fsu=0 | cum_total=744731 B cum_segs=3104 | UP sent=3408 eagain=0 lasterr=0 txcred=0 host_pulls=0
  14.962  CTRACE n=1669 nofeed=0 cr0=1669 ctrlfull=0 hostheld=0 | ctrlempty=0 ctrlbufs=64 cr_mean_x10=0 returns=0 ret_cr=0 zero_ep=1
  15.195  SINK rx: 91 KB/s (93600 B / 1000 ms) fsu=0 | cum_total=838331 B cum_segs=3494 | UP sent=3777 eagain=0 lasterr=0 txcred=0 host_pulls=0
  15.944  CTRACE n=1668 nofeed=0 cr0=1668 ctrlfull=0 hostheld=0 | ctrlempty=0 ctrlbufs=64 cr_mean_x10=0 returns=0 ret_cr=0 zero_ep=1
  16.169  SINK rx: 91 KB/s (93355 B / 1000 ms) fsu=0 | cum_total=931686 B cum_segs=3883 | UP sent=4187 eagain=0 lasterr=0 txcred=0 host_pulls=0
  16.959  CTRACE n=1666 nofeed=0 cr0=1666 ctrlfull=0 hostheld=0 | ctrlempty=0 ctrlbufs=64 cr_mean_x10=0 returns=0 ret_cr=0 zero_ep=1
  17.196  SINK rx: 92 KB/s (94325 B / 1000 ms) fsu=0 | cum_total=1026011 B cum_segs=4276 | UP sent=4556 eagain=0 lasterr=0 txcred=0 host_pulls=0
  18.002  CTRACE n=1662 nofeed=0 cr0=1662 ctrlfull=0 hostheld=0 | ctrlempty=0 ctrlbufs=64 cr_mean_x10=0 returns=0 ret_cr=0 zero_ep=1
  18.181  SINK rx: 92 KB/s (94795 B / 1000 ms) fsu=0 | cum_total=1120806 B cum_segs=4671 | UP sent=4966 eagain=0 lasterr=0 txcred=0 host_pulls=0
  19.010  CTRACE n=1664 nofeed=0 cr0=1664 ctrlfull=0 hostheld=0 | ctrlempty=0 ctrlbufs=64 cr_mean_x10=0 returns=0 ret_cr=0 zero_ep=1
  19.241  SINK rx: 92 KB/s (94805 B / 1000 ms) fsu=0 | cum_total=1215611 B cum_segs=5066 | UP sent=5341 eagain=0 lasterr=0 txcred=0 host_pulls=0
  20.013  CTRACE n=1661 nofeed=0 cr0=1661 ctrlfull=0 hostheld=0 | ctrlempty=0 ctrlbufs=64 cr_mean_x10=0 returns=0 ret_cr=0 zero_ep=1
  20.232  SINK rx: 92 KB/s (95040 B / 1000 ms) fsu=0 | cum_total=1310651 B cum_segs=5462 | UP sent=5745 eagain=0 lasterr=0 txcred=0 host_pulls=0
  20.984  CTRACE n=1667 nofeed=0 cr0=1667 ctrlfull=0 hostheld=0 | ctrlempty=0 ctrlbufs=64 cr_mean_x10=0 returns=0 ret_cr=0 zero_ep=1
  21.270  SINK rx: 91 KB/s (94080 B / 1000 ms) fsu=0 | cum_total=1404731 B cum_segs=5854 | UP sent=6155 eagain=0 lasterr=0 txcred=0 host_pulls=0
  22.020  CTRACE n=1665 nofeed=0 cr0=1665 ctrlfull=0 hostheld=0 | ctrlempty=0 ctrlbufs=64 cr_mean_x10=0 returns=0 ret_cr=0 zero_ep=1
  22.250  SINK rx: 92 KB/s (94315 B / 1000 ms) fsu=0 | cum_total=1499046 B cum_segs=6247 | UP sent=6524 eagain=0 lasterr=0 txcred=0 host_pulls=0
  23.007  CTRACE n=1662 nofeed=0 cr0=1662 ctrlfull=0 hostheld=0 | ctrlempty=0 ctrlbufs=64 cr_mean_x10=0 returns=0 ret_cr=0 zero_ep=1
  23.241  SINK rx: 91 KB/s (94080 B / 1000 ms) fsu=0 | cum_total=1593126 B cum_segs=6639 | UP sent=6934 eagain=0 lasterr=0 txcred=0 host_pulls=0
  24.057  CTRACE n=1665 nofeed=0 cr0=1665 ctrlfull=0 hostheld=0 | ctrlempty=0 ctrlbufs=64 cr_mean_x10=0 returns=0 ret_cr=0 zero_ep=1
  24.298  SINK rx: 92 KB/s (94325 B / 1000 ms) fsu=0 | cum_total=1687451 B cum_segs=7032 | UP sent=7303 eagain=0 lasterr=0 txcred=0 host_pulls=0
  25.057  CTRACE n=1661 nofeed=0 cr0=1661 ctrlfull=0 hostheld=0 | ctrlempty=0 ctrlbufs=64 cr_mean_x10=0 returns=0 ret_cr=0 zero_ep=1
  25.286  SINK rx: 92 KB/s (95040 B / 1000 ms) fsu=0 | cum_total=1782491 B cum_segs=7428 | UP sent=7713 eagain=0 lasterr=0 txcred=0 host_pulls=0
  26.093  CTRACE n=1665 nofeed=0 cr0=1665 ctrlfull=0 hostheld=0 | ctrlempty=0 ctrlbufs=64 cr_mean_x10=0 returns=0 ret_cr=0 zero_ep=1
  26.317  SINK rx: 92 KB/s (95040 B / 1000 ms) fsu=0 | cum_total=1877531 B cum_segs=7824 | UP sent=8123 eagain=0 lasterr=0 txcred=0 host_pulls=0
  27.088  CTRACE n=1665 nofeed=0 cr0=1665 ctrlfull=0 hostheld=0 | ctrlempty=0 ctrlbufs=64 cr_mean_x10=0 returns=0 ret_cr=0 zero_ep=1
  27.324  SINK rx: 92 KB/s (94315 B / 1000 ms) fsu=0 | cum_total=1971846 B cum_segs=8217 | UP sent=8492 eagain=0 lasterr=0 txcred=0 host_pulls=0
  28.072  CTRACE n=1663 nofeed=0 cr0=1663 ctrlfull=0 hostheld=0 | ctrlempty=0 ctrlbufs=64 cr_mean_x10=0 returns=0 ret_cr=0 zero_ep=1
  28.356  SINK rx: 91 KB/s (94080 B / 1000 ms) fsu=0 | cum_total=2065926 B cum_segs=8609 | UP sent=8902 eagain=0 lasterr=0 txcred=0 host_pulls=0
  29.072  CTRACE n=1666 nofeed=0 cr0=1666 ctrlfull=0 hostheld=0 | ctrlempty=0 ctrlbufs=64 cr_mean_x10=0 returns=0 ret_cr=0 zero_ep=1
  29.367  SINK rx: 91 KB/s (94080 B / 1000 ms) fsu=0 | cum_total=2160006 B cum_segs=9001 | UP sent=9271 eagain=0 lasterr=0 txcred=0 host_pulls=0
  30.125  CTRACE n=1665 nofeed=0 cr0=1665 ctrlfull=0 hostheld=0 | ctrlempty=0 ctrlbufs=64 cr_mean_x10=0 returns=0 ret_cr=0 zero_ep=1
  30.358  SINK rx: 90 KB/s (92885 B / 1000 ms) fsu=0 | cum_total=2252891 B cum_segs=9388 | UP sent=9681 eagain=0 lasterr=0 txcred=0 host_pulls=0
  31.101  CTRACE n=1666 nofeed=0 cr0=1666 ctrlfull=0 hostheld=0 | ctrlempty=0 ctrlbufs=64 cr_mean_x10=0 returns=0 ret_cr=0 zero_ep=1
  31.381  SINK rx: 92 KB/s (94315 B / 1000 ms) fsu=0 | cum_total=2347206 B cum_segs=9781 | UP sent=10050 eagain=0 lasterr=0 txcred=0 host_pulls=0
  32.141  CTRACE n=1663 nofeed=0 cr0=1663 ctrlfull=0 hostheld=0 | ctrlempty=0 ctrlbufs=64 cr_mean_x10=0 returns=0 ret_cr=0 zero_ep=1
  32.378  SINK rx: 93 KB/s (95285 B / 1000 ms) fsu=0 | cum_total=2442491 B cum_segs=10178 | UP sent=10460 eagain=0 lasterr=0 txcred=0 host_pulls=0
  33.129  CTRACE n=1667 nofeed=0 cr0=1667 ctrlfull=0 hostheld=0 | ctrlempty=0 ctrlbufs=64 cr_mean_x10=0 returns=0 ret_cr=0 zero_ep=1
  33.413  SINK rx: 90 KB/s (92640 B / 1000 ms) fsu=0 | cum_total=2535131 B cum_segs=10564 | UP sent=10870 eagain=0 lasterr=0 txcred=0 host_pulls=0
  34.150  CTRACE n=1667 nofeed=0 cr0=1667 ctrlfull=0 hostheld=0 | ctrlempty=0 ctrlbufs=64 cr_mean_x10=0 returns=0 ret_cr=0 zero_ep=1
  34.428  SINK rx: 90 KB/s (92875 B / 1000 ms) fsu=0 | cum_total=2628006 B cum_segs=10951 | UP sent=11239 eagain=0 lasterr=0 txcred=0 host_pulls=0
  35.172  CTRACE n=1666 nofeed=0 cr0=1666 ctrlfull=0 hostheld=0 | ctrlempty=0 ctrlbufs=64 cr_mean_x10=0 returns=0 ret_cr=0 zero_ep=1
  35.458  SINK rx: 92 KB/s (95040 B / 1000 ms) fsu=0 | cum_total=2723046 B cum_segs=11347 | UP sent=11649 eagain=0 lasterr=0 txcred=0 host_pulls=0
  36.162  CTRACE n=1664 nofeed=0 cr0=1664 ctrlfull=0 hostheld=0 | ctrlempty=0 ctrlbufs=64 cr_mean_x10=0 returns=0 ret_cr=0 zero_ep=1
  36.448  SINK rx: 91 KB/s (94080 B / 1000 ms) fsu=0 | cum_total=2817126 B cum_segs=11739 | UP sent=12018 eagain=0 lasterr=0 txcred=0 host_pulls=0
  37.195  CTRACE n=1667 nofeed=0 cr0=1667 ctrlfull=0 hostheld=0 | ctrlempty=0 ctrlbufs=64 cr_mean_x10=0 returns=0 ret_cr=0 zero_ep=1
  37.473  SINK rx: 92 KB/s (94325 B / 1000 ms) fsu=0 | cum_total=2911451 B cum_segs=12132 | UP sent=12428 eagain=0 lasterr=0 txcred=0 host_pulls=0
  38.225  CTRACE n=1662 nofeed=0 cr0=1662 ctrlfull=0 hostheld=0 | ctrlempty=0 ctrlbufs=64 cr_mean_x10=0 returns=0 ret_cr=0 zero_ep=1
  38.450  SINK rx: 92 KB/s (94315 B / 1000 ms) fsu=0 | cum_total=3005766 B cum_segs=12525 | UP sent=12797 eagain=0 lasterr=0 txcred=0 host_pulls=0
  39.194  CTRACE n=1668 nofeed=0 cr0=1668 ctrlfull=0 hostheld=0 | ctrlempty=0 ctrlbufs=64 cr_mean_x10=0 returns=0 ret_cr=0 zero_ep=1
  39.483  SINK rx: 91 KB/s (93600 B / 1000 ms) fsu=0 | cum_total=3099366 B cum_segs=12915 | UP sent=13207 eagain=0 lasterr=0 txcred=0 host_pulls=0
