   1.800  found D6:C7:60:B1:D3:0E (random) (rssi -44), connecting
   1.800  Q2CONN AA=ed757e5b CRCINIT=35fdae hop=8 chan_count=37 map=ffffffff1f
   1.800  GAP connected
   1.800  phy req rc=0
   1.860  DLE: tx_max=27 rx_max=251
   2.029  *** Booting Zephyr OS build v4.4.2-16-gfee9fbc62095 ***
   2.029  
   2.029  === nRF52840 L2CAP CoC central (Zephyr 4.4.1) ===
   2.029  scan start rc=0
   5.936  found D6:C7:60:B1:D3:0E (random) (rssi -44), connecting
   5.937  Q2CONN AA=ed2d3104 CRCINIT=be65b3 hop=14 chan_count=37 map=ffffffff1f
   5.991  GAP connected
   5.991  phy req rc=0
   6.051  DLE: tx_max=27 rx_max=251
   6.108  PHY: tx=2 rx=2 (2=2M)
   6.108  dle req rc=0
   6.165  DLE: tx_max=251 rx_max=251
   6.165  l2cap_chan_connect rc=0
   6.165  L2CAP connected: tx.mtu=512 tx.mps=247 tx.credits=0 rx.mtu=512 rx.mps=247
   6.165  GATE conn: interval=12 (units 1.25ms) => 15.00 ms
   6.225  Q3FSU-REQ role=C auto min=150 max=150 phys=0x2 rc=0
   6.346  CENRX cum_total=0 B
   6.526  blasting 480-byte SDUs...
   7.334  CENRX cum_total=0 B
   8.366  CENRX cum_total=0 B
   9.346  CENRX cum_total=0 B
  10.343  CENRX cum_total=0 B
  11.366  CENRX cum_total=0 B
  12.327  RPT occ: events=0 mean_pkts/ev=0.00 max=0 nonempty_ev=0 fsu=0 | sender: sent=1933(+1933 SDU) eagain=0(+0) poolfail=0(+0)
  12.327  CENRX cum_total=0 B
  13.372  CENRX cum_total=0 B
  14.343  CENRX cum_total=0 B
  15.366  CENRX cum_total=0 B
  16.360  CENRX cum_total=0 B
  17.385  CENRX cum_total=0 B
  18.341  CENRX cum_total=0 B
  19.333  CENRX cum_total=0 B
  20.357  CENRX cum_total=0 B
  21.334  CENRX cum_total=0 B
  22.351  RPT occ: events=0 mean_pkts/ev=0.00 max=0 nonempty_ev=0 fsu=0 | sender: sent=5152(+3219 SDU) eagain=0(+0) poolfail=0(+0)
  22.351  CENRX cum_total=0 B
  23.346  CENRX cum_total=0 B
  24.391  CENRX cum_total=0 B
  25.374  CENRX cum_total=0 B
  26.395  CENRX cum_total=0 B
  27.356  CENRX cum_total=0 B
  28.353  CENRX cum_total=0 B
  29.377  CENRX cum_total=0 B
  30.362  CENRX cum_total=0 B
  31.383  CENRX cum_total=0 B
  32.349  RPT occ: events=0 mean_pkts/ev=0.00 max=0 nonempty_ev=0 fsu=0 | sender: sent=8309(+3157 SDU) eagain=0(+0) poolfail=0(+0)
  32.408  CENRX cum_total=0 B
  33.391  CENRX cum_total=0 B
  34.368  CENRX cum_total=0 B
  35.416  CENRX cum_total=0 B
  36.394  CENRX cum_total=0 B
  37.420  CENRX cum_total=0 B
  38.416  CENRX cum_total=0 B
  39.389  CENRX cum_total=0 B
