   0.874  SINK rx: 0 KB/s (0 B / 1000 ms) fsu=0 | cum_total=2943611 B cum_segs=12266 | UP sent=12510 eagain=0 lasterr=0 txcred=0 host_pulls=0
   1.706  *** Booting Zephyr OS build v4.4.2-16-gfee9fbc62095 ***
   1.706  
   1.706  === nRF52 L2CAP CoC SINK (Zephyr 4.4.1, seg_recv) ===
   1.706  L2CAP server on PSM 0x0080
   1.706  Advertising as 'zenoh-nrf-l2cap'
   1.762  GAP connected: interval=12
   1.822  DLE updated: tx_max=251 rx_max=27
   1.877  PHY updated: tx=2 rx=2
   1.933  DLE updated: tx_max=251 rx_max=251
   1.933  CoC up — seg_recv sink ready (RX_CREDITS=64, MPS=247)
   2.746  SINK rx: 0 KB/s (0 B / 1000 ms) fsu=0 | cum_total=0 B cum_segs=0 | UP sent=64 eagain=0 lasterr=0 txcred=0 host_pulls=0
   3.761  SINK rx: 0 KB/s (0 B / 1000 ms) fsu=0 | cum_total=0 B cum_segs=0 | UP sent=64 eagain=0 lasterr=0 txcred=0 host_pulls=0
   4.762  SINK rx: 0 KB/s (0 B / 1000 ms) fsu=0 | cum_total=0 B cum_segs=0 | UP sent=64 eagain=0 lasterr=0 txcred=0 host_pulls=0
   5.787  SINK rx: 0 KB/s (0 B / 1000 ms) fsu=0 | cum_total=0 B cum_segs=0 | UP sent=64 eagain=0 lasterr=0 txcred=0 host_pulls=0
   5.967  CoC down
   5.968  GAP disconnected (0x08)
   5.968  Advertising as 'zenoh-nrf-l2cap'
   6.086  GAP connected: interval=12
   6.141  DLE updated: tx_max=251 rx_max=27
   6.201  PHY updated: tx=2 rx=2
   6.262  DLE updated: tx_max=251 rx_max=251
   6.262  CoC up — seg_recv sink ready (RX_CREDITS=64, MPS=247)
   6.316  Q3FSU-DONE role=P status=0x00 spacing=52 types=0x3 phys=0x2 initiator=2
   6.782  SINK rx: 32 KB/s (33371 B / 1000 ms) fsu=52 | cum_total=33371 B cum_segs=140 | UP sent=128 eagain=0 lasterr=-128 txcred=64 host_pulls=0
   7.796  SINK rx: 186 KB/s (190560 B / 1000 ms) fsu=52 | cum_total=223931 B cum_segs=934 | UP sent=128 eagain=0 lasterr=-128 txcred=64 host_pulls=0
   8.835  SINK rx: 188 KB/s (192715 B / 1000 ms) fsu=52 | cum_total=416646 B cum_segs=1737 | UP sent=128 eagain=0 lasterr=-128 txcred=64 host_pulls=0
   9.829  SINK rx: 188 KB/s (193205 B / 1000 ms) fsu=52 | cum_total=609851 B cum_segs=2542 | UP sent=128 eagain=0 lasterr=-128 txcred=64 host_pulls=0
  10.830  SINK rx: 185 KB/s (190315 B / 1000 ms) fsu=52 | cum_total=800166 B cum_segs=3335 | UP sent=128 eagain=0 lasterr=-128 txcred=64 host_pulls=0
  11.832  SINK rx: 186 KB/s (190560 B / 1000 ms) fsu=52 | cum_total=990726 B cum_segs=4129 | UP sent=128 eagain=0 lasterr=-128 txcred=64 host_pulls=0
  12.899  SINK rx: 187 KB/s (192480 B / 1000 ms) fsu=52 | cum_total=1183206 B cum_segs=4931 | UP sent=128 eagain=0 lasterr=-128 txcred=64 host_pulls=0
  13.891  SINK rx: 188 KB/s (192725 B / 1000 ms) fsu=52 | cum_total=1375931 B cum_segs=5734 | UP sent=128 eagain=0 lasterr=-128 txcred=64 host_pulls=0
  14.871  SINK rx: 186 KB/s (191275 B / 1000 ms) fsu=52 | cum_total=1567206 B cum_segs=6531 | UP sent=128 eagain=0 lasterr=-128 txcred=64 host_pulls=0
  15.894  SINK rx: 166 KB/s (170165 B / 1000 ms) fsu=52 | cum_total=1737371 B cum_segs=7240 | UP sent=128 eagain=0 lasterr=-128 txcred=64 host_pulls=0
  16.903  SINK rx: 174 KB/s (178315 B / 1000 ms) fsu=52 | cum_total=1915686 B cum_segs=7983 | UP sent=128 eagain=0 lasterr=-128 txcred=64 host_pulls=0
  17.939  SINK rx: 180 KB/s (185280 B / 1000 ms) fsu=52 | cum_total=2100966 B cum_segs=8755 | UP sent=128 eagain=0 lasterr=-128 txcred=64 host_pulls=0
  18.961  SINK rx: 175 KB/s (179765 B / 1000 ms) fsu=52 | cum_total=2280731 B cum_segs=9504 | UP sent=128 eagain=0 lasterr=-128 txcred=64 host_pulls=0
  19.976  SINK rx: 180 KB/s (184555 B / 1000 ms) fsu=52 | cum_total=2465286 B cum_segs=10273 | UP sent=128 eagain=0 lasterr=-128 txcred=64 host_pulls=0
  20.971  SINK rx: 182 KB/s (186485 B / 1000 ms) fsu=52 | cum_total=2651771 B cum_segs=11050 | UP sent=128 eagain=0 lasterr=-128 txcred=64 host_pulls=0
  21.965  SINK rx: 183 KB/s (188160 B / 1000 ms) fsu=52 | cum_total=2839931 B cum_segs=11834 | UP sent=128 eagain=0 lasterr=-128 txcred=64 host_pulls=0
  22.990  SINK rx: 184 KB/s (188875 B / 1000 ms) fsu=52 | cum_total=3028806 B cum_segs=12621 | UP sent=128 eagain=0 lasterr=-128 txcred=64 host_pulls=0
  24.001  SINK rx: 182 KB/s (186965 B / 1000 ms) fsu=52 | cum_total=3215771 B cum_segs=13400 | UP sent=128 eagain=0 lasterr=-128 txcred=64 host_pulls=0
  25.021  SINK rx: 186 KB/s (191040 B / 1000 ms) fsu=52 | cum_total=3406811 B cum_segs=14196 | UP sent=128 eagain=0 lasterr=-128 txcred=64 host_pulls=0
  26.069  SINK rx: 188 KB/s (193440 B / 1000 ms) fsu=52 | cum_total=3600251 B cum_segs=15002 | UP sent=128 eagain=0 lasterr=-128 txcred=64 host_pulls=0
  27.044  SINK rx: 182 KB/s (186475 B / 1000 ms) fsu=52 | cum_total=3786726 B cum_segs=15779 | UP sent=128 eagain=0 lasterr=-128 txcred=64 host_pulls=0
  28.100  SINK rx: 180 KB/s (184565 B / 1000 ms) fsu=52 | cum_total=3971291 B cum_segs=16548 | UP sent=128 eagain=0 lasterr=-128 txcred=64 host_pulls=0
  29.088  SINK rx: 182 KB/s (186955 B / 1000 ms) fsu=52 | cum_total=4158246 B cum_segs=17327 | UP sent=128 eagain=0 lasterr=-128 txcred=64 host_pulls=0
  30.132  SINK rx: 185 KB/s (190325 B / 1000 ms) fsu=52 | cum_total=4348571 B cum_segs=18120 | UP sent=128 eagain=0 lasterr=-128 txcred=64 host_pulls=0
  31.087  SINK rx: 187 KB/s (191755 B / 1000 ms) fsu=52 | cum_total=4540326 B cum_segs=18919 | UP sent=128 eagain=0 lasterr=-128 txcred=64 host_pulls=0
  32.105  SINK rx: 188 KB/s (193205 B / 1000 ms) fsu=52 | cum_total=4733531 B cum_segs=19724 | UP sent=128 eagain=0 lasterr=-128 txcred=64 host_pulls=0
  33.117  SINK rx: 185 KB/s (189835 B / 1000 ms) fsu=52 | cum_total=4923366 B cum_segs=20515 | UP sent=128 eagain=0 lasterr=-128 txcred=64 host_pulls=0
  34.135  SINK rx: 179 KB/s (184085 B / 1000 ms) fsu=52 | cum_total=5107451 B cum_segs=21282 | UP sent=128 eagain=0 lasterr=-128 txcred=64 host_pulls=0
  35.144  SINK rx: 169 KB/s (173280 B / 1000 ms) fsu=52 | cum_total=5280731 B cum_segs=22004 | UP sent=128 eagain=0 lasterr=-128 txcred=64 host_pulls=0
  36.191  SINK rx: 186 KB/s (190560 B / 1000 ms) fsu=52 | cum_total=5471291 B cum_segs=22798 | UP sent=128 eagain=0 lasterr=-128 txcred=64 host_pulls=0
  37.211  SINK rx: 186 KB/s (191275 B / 1000 ms) fsu=52 | cum_total=5662566 B cum_segs=23595 | UP sent=128 eagain=0 lasterr=-128 txcred=64 host_pulls=0
  38.194  SINK rx: 186 KB/s (190560 B / 1000 ms) fsu=52 | cum_total=5853126 B cum_segs=24389 | UP sent=128 eagain=0 lasterr=-128 txcred=64 host_pulls=0
  39.219  SINK rx: 186 KB/s (191040 B / 1000 ms) fsu=52 | cum_total=6044166 B cum_segs=25185 | UP sent=128 eagain=0 lasterr=-128 txcred=64 host_pulls=0
