   1.711  found D6:C7:60:B1:D3:0E (random) (rssi -41), connecting
   1.711  Q2CONN AA=c85eb9c9 CRCINIT=e040d4 hop=13 chan_count=37 map=ffffffff1f
   1.765  GAP connected
   1.765  phy req rc=0
   1.825  DLE: tx_max=27 rx_max=251
   1.935  *** Booting Zephyr OS build v4.4.2-16-gfee9fbc62095 ***
   1.935  
   1.935  === nRF52840 L2CAP CoC central (Zephyr 4.4.1) ===
   1.935  scan start rc=0
   5.936  found D6:C7:60:B1:D3:0E (random) (rssi -40), connecting
   5.936  Q2CONN AA=447c646f CRCINIT=eb6aeb hop=14 chan_count=37 map=ffffffff1f
   5.936  GAP connected
   5.936  phy req rc=0
   5.996  DLE: tx_max=27 rx_max=251
   6.057  PHY: tx=2 rx=2 (2=2M)
   6.057  dle req rc=0
   6.117  DLE: tx_max=251 rx_max=251
   6.117  l2cap_chan_connect rc=0
   6.171  L2CAP connected: tx.mtu=512 tx.mps=247 tx.credits=0 rx.mtu=512 rx.mps=247
   6.172  GATE conn: interval=12 (units 1.25ms) => 15.00 ms
   6.172  Q3FSU-REQ role=C auto min=150 max=150 phys=0x2 rc=0
   6.232  CENRX cum_total=7320 B
   6.455  blasting 480-byte SDUs...
   7.223  CENRX cum_total=108336 B
   8.261  CENRX cum_total=196664 B
   9.229  CENRX cum_total=285236 B
  10.266  CENRX cum_total=374784 B
  11.255  CENRX cum_total=464576 B
  12.275  RPT occ: events=0 mean_pkts/ev=0.00 max=0 nonempty_ev=0 fsu=0 | sender: sent=1072(+1072 SDU) eagain=0(+0) poolfail=0(+0)
  12.275  CENRX cum_total=553148 B
  13.262  CENRX cum_total=642696 B
  14.282  CENRX cum_total=732732 B
  15.263  CENRX cum_total=818132 B
  16.268  CENRX cum_total=909388 B
  17.299  CENRX cum_total=997716 B
  18.285  CENRX cum_total=1087508 B
  19.273  CENRX cum_total=1178764 B
  20.254  CENRX cum_total=1268556 B
  21.300  CENRX cum_total=1352980 B
  22.288  RPT occ: events=0 mean_pkts/ev=0.00 max=0 nonempty_ev=0 fsu=0 | sender: sent=2897(+1825 SDU) eagain=0(+0) poolfail=0(+0)
  22.288  CENRX cum_total=1445212 B
  23.315  CENRX cum_total=1534516 B
  24.304  CENRX cum_total=1623088 B
  25.268  CENRX cum_total=1710440 B
  26.304  CENRX cum_total=1800232 B
  27.297  CENRX cum_total=1891000 B
  28.273  CENRX cum_total=1979572 B
  29.315  CENRX cum_total=2067900 B
  30.313  CENRX cum_total=2157936 B
  31.295  CENRX cum_total=2247484 B
  32.272  RPT occ: events=0 mean_pkts/ev=0.00 max=0 nonempty_ev=0 fsu=0 | sender: sent=4721(+1824 SDU) eagain=0(+0) poolfail=0(+0)
  32.332  CENRX cum_total=2336544 B
  33.316  CENRX cum_total=2425604 B
  34.297  CENRX cum_total=2513932 B
  35.338  CENRX cum_total=2601040 B
  36.329  CENRX cum_total=2686440 B
  37.317  CENRX cum_total=2775012 B
  38.320  CENRX cum_total=2863584 B
  39.351  CENRX cum_total=2953132 B
