   0.112  SINK rx: 0 KB/s (0 B / 1000 ms) fsu=0 | cum_total=3263046 B cum_segs=13597 | UP sent=13986 eagain=0 lasterr=0 txcred=0 host_pulls=0
   1.114  SINK rx: 0 KB/s (0 B / 1000 ms) fsu=0 | cum_total=3263046 B cum_segs=13597 | UP sent=13986 eagain=0 lasterr=0 txcred=0 host_pulls=0
   1.709  *** Booting Zephyr OS build v4.4.2-16-gfee9fbc62095 ***
   1.709  
   1.709  === nRF52 L2CAP CoC SINK (Zephyr 4.4.1, seg_recv) ===
   1.709  L2CAP server on PSM 0x0080
   1.709  Advertising as 'zenoh-nrf-l2cap'
   1.769  GAP connected: interval=6
   1.769  DLE updated: tx_max=251 rx_max=27
   1.820  PHY updated: tx=2 rx=2
   5.805  GAP disconnected (0x08)
   5.805  Advertising as 'zenoh-nrf-l2cap'
   5.861  GAP connected: interval=6
   5.921  DLE updated: tx_max=251 rx_max=27
   5.921  PHY updated: tx=2 rx=2
   5.982  DLE updated: tx_max=251 rx_max=251
   5.982  CoC up — seg_recv sink ready (RX_CREDITS=64, MPS=247)
   5.982  Q3FSU-DONE role=P status=0x00 spacing=52 types=0x3 phys=0x2 initiator=2
   6.750  SINK rx: 78 KB/s (80166 B / 1000 ms) fsu=52 | cum_total=80166 B cum_segs=335 | UP sent=64 eagain=0 lasterr=0 txcred=64 host_pulls=0
   7.751  SINK rx: 188 KB/s (193440 B / 1000 ms) fsu=52 | cum_total=273606 B cum_segs=1141 | UP sent=64 eagain=0 lasterr=0 txcred=64 host_pulls=0
   8.740  SINK rx: 185 KB/s (189845 B / 1000 ms) fsu=52 | cum_total=463451 B cum_segs=1932 | UP sent=64 eagain=0 lasterr=0 txcred=64 host_pulls=0
   9.798  SINK rx: 187 KB/s (192235 B / 1000 ms) fsu=52 | cum_total=655686 B cum_segs=2733 | UP sent=64 eagain=0 lasterr=0 txcred=64 host_pulls=0
  10.775  SINK rx: 185 KB/s (189845 B / 1000 ms) fsu=52 | cum_total=845531 B cum_segs=3524 | UP sent=64 eagain=0 lasterr=0 txcred=64 host_pulls=0
  11.826  SINK rx: 187 KB/s (191755 B / 1000 ms) fsu=52 | cum_total=1037286 B cum_segs=4323 | UP sent=64 eagain=0 lasterr=0 txcred=64 host_pulls=0
  12.814  SINK rx: 188 KB/s (192725 B / 1000 ms) fsu=52 | cum_total=1230011 B cum_segs=5126 | UP sent=64 eagain=0 lasterr=0 txcred=64 host_pulls=0
  13.808  SINK rx: 183 KB/s (188395 B / 1000 ms) fsu=52 | cum_total=1418406 B cum_segs=5911 | UP sent=64 eagain=0 lasterr=0 txcred=64 host_pulls=0
  14.862  SINK rx: 189 KB/s (194400 B / 1000 ms) fsu=52 | cum_total=1612806 B cum_segs=6721 | UP sent=64 eagain=0 lasterr=0 txcred=64 host_pulls=0
  15.881  SINK rx: 186 KB/s (191040 B / 1000 ms) fsu=52 | cum_total=1803846 B cum_segs=7517 | UP sent=64 eagain=0 lasterr=0 txcred=64 host_pulls=0
  16.864  SINK rx: 187 KB/s (192245 B / 1000 ms) fsu=52 | cum_total=1996091 B cum_segs=8318 | UP sent=64 eagain=0 lasterr=0 txcred=64 host_pulls=0
  17.908  SINK rx: 185 KB/s (190315 B / 1000 ms) fsu=52 | cum_total=2186406 B cum_segs=9111 | UP sent=64 eagain=0 lasterr=0 txcred=64 host_pulls=0
  18.881  SINK rx: 183 KB/s (188405 B / 1000 ms) fsu=52 | cum_total=2374811 B cum_segs=9896 | UP sent=64 eagain=0 lasterr=0 txcred=64 host_pulls=0
  19.918  SINK rx: 185 KB/s (190080 B / 1000 ms) fsu=52 | cum_total=2564891 B cum_segs=10688 | UP sent=64 eagain=0 lasterr=0 txcred=64 host_pulls=0
  20.906  SINK rx: 188 KB/s (192715 B / 1000 ms) fsu=52 | cum_total=2757606 B cum_segs=11491 | UP sent=64 eagain=0 lasterr=0 txcred=64 host_pulls=0
  21.928  SINK rx: 183 KB/s (187680 B / 1000 ms) fsu=52 | cum_total=2945286 B cum_segs=12273 | UP sent=64 eagain=0 lasterr=0 txcred=64 host_pulls=0
  22.971  SINK rx: 187 KB/s (192480 B / 1000 ms) fsu=52 | cum_total=3137766 B cum_segs=13075 | UP sent=64 eagain=0 lasterr=0 txcred=64 host_pulls=0
  23.950  SINK rx: 187 KB/s (192000 B / 1000 ms) fsu=52 | cum_total=3329766 B cum_segs=13875 | UP sent=64 eagain=0 lasterr=0 txcred=64 host_pulls=0
  24.997  SINK rx: 182 KB/s (186965 B / 1000 ms) fsu=52 | cum_total=3516731 B cum_segs=14654 | UP sent=64 eagain=0 lasterr=0 txcred=64 host_pulls=0
  25.964  SINK rx: 188 KB/s (192715 B / 1000 ms) fsu=52 | cum_total=3709446 B cum_segs=15457 | UP sent=64 eagain=0 lasterr=0 txcred=64 host_pulls=0
  27.011  SINK rx: 186 KB/s (190560 B / 1000 ms) fsu=52 | cum_total=3900006 B cum_segs=16251 | UP sent=64 eagain=0 lasterr=0 txcred=64 host_pulls=0
  28.022  SINK rx: 186 KB/s (191285 B / 1000 ms) fsu=52 | cum_total=4091291 B cum_segs=17048 | UP sent=64 eagain=0 lasterr=0 txcred=64 host_pulls=0
  29.027  SINK rx: 189 KB/s (194400 B / 1000 ms) fsu=52 | cum_total=4285691 B cum_segs=17858 | UP sent=64 eagain=0 lasterr=0 txcred=64 host_pulls=0
  30.037  SINK rx: 185 KB/s (190080 B / 1000 ms) fsu=52 | cum_total=4475771 B cum_segs=18650 | UP sent=64 eagain=0 lasterr=0 txcred=64 host_pulls=0
  31.042  SINK rx: 188 KB/s (192715 B / 1000 ms) fsu=52 | cum_total=4668486 B cum_segs=19453 | UP sent=64 eagain=0 lasterr=0 txcred=64 host_pulls=0
  32.087  SINK rx: 182 KB/s (187200 B / 1000 ms) fsu=52 | cum_total=4855686 B cum_segs=20233 | UP sent=64 eagain=0 lasterr=0 txcred=64 host_pulls=0
  33.064  SINK rx: 188 KB/s (192725 B / 1000 ms) fsu=52 | cum_total=5048646 B cum_segs=21037 | UP sent=64 eagain=0 lasterr=0 txcred=64 host_pulls=0
  34.085  SINK rx: 188 KB/s (192715 B / 1000 ms) fsu=52 | cum_total=5241126 B cum_segs=21839 | UP sent=64 eagain=0 lasterr=0 txcred=64 host_pulls=0
  35.130  SINK rx: 182 KB/s (186720 B / 1000 ms) fsu=52 | cum_total=5427846 B cum_segs=22617 | UP sent=64 eagain=0 lasterr=0 txcred=64 host_pulls=0
  36.124  SINK rx: 186 KB/s (191285 B / 1000 ms) fsu=52 | cum_total=5619131 B cum_segs=23414 | UP sent=64 eagain=0 lasterr=0 txcred=64 host_pulls=0
  37.110  SINK rx: 188 KB/s (192960 B / 1000 ms) fsu=52 | cum_total=5812091 B cum_segs=24218 | UP sent=64 eagain=0 lasterr=0 txcred=64 host_pulls=0
  38.148  SINK rx: 188 KB/s (193195 B / 1000 ms) fsu=52 | cum_total=6005286 B cum_segs=25023 | UP sent=64 eagain=0 lasterr=0 txcred=64 host_pulls=0
  39.142  SINK rx: 161 KB/s (165120 B / 1000 ms) fsu=52 | cum_total=6170406 B cum_segs=25711 | UP sent=64 eagain=0 lasterr=0 txcred=64 host_pulls=0
