   1.049  =0 lasterr=0 txcred=78 host_pulls=0
   1.729  *** Booting nRF Connect SDK v3.4.0-99553055607b ***
   1.729  *** Using Zephyr OS v4.4.0-bf801e4e3d19 ***
   1.729  
   1.729  === nRF52 L2CAP CoC SINK (Zephyr 4.4.1, seg_recv) ===
   1.729  L2CAP server on PSM 0x0080
   1.729  Advertising as 'zenoh-nrf-l2cap'
   5.745  GAP connected: interval=12
   5.803  DLE updated: tx_max=251 rx_max=251
   5.924  CoC up — segPHY updated: tx=2 rx=2
   5.984  Q3FSU-DONE role=P status=0x00 spacing=65 types=0x3 phys=0x2 initiator=2
   6.733  SINK rx: 52 KB/s (53531 B / 1000 ms) fsu=65 | cum_total=53531 B cum_segs=224 | UP sent=416 eagain=0 lasterr=0 txcred=126 host_pulls=0
   7.737  rx: 92 KB/s (95040 B / 1000 ms) fsu=65 | cum_total=148571 B cum_segs=620 | UP sent=813 eagain=0 lasterr=0 txcred=140 host_pulls=0
  15.859  SINK rx: 92 KB/s (95040  (95275 B / 1000 ms) fsu=65 | cum_total=431046 B cum_segs=1797 | UP sent=1991 eagain=0 lasterr=0 txcred=151 hSINK rx: 93 KB/s (95275 B / 1000 ms) fsu=65 |SINK rx: 92 KB/s (94325 B / 1000 ms) fsu=65 | cum_total=814331 B cum_segs=339SINK rx: 93 KB/s (95275 B / 1000 ms) fsu=65 | cum_total=909606 B cum_segs=3791 | UP sent=3984 eagain=0 lasterr=0 txcred=126 host_pulls=0
  18.883  SINK rx: 92 KB/s (94805 B / 1000 ms) fsu=65 | cum_total=10SINK rx: 93 KB/s (96000 B / 1000 ms) fsu=65 | cum_total=1195931 B cum_segs=4984 | UP sent=5177 eagain=0 lasterr=0 txcred=162 host_pulls=0
  20.953  SINK rx: 94 KB/s (96960 B / 1000 ms) fsu=65 | c=1388166 B cum_segs=5785 | UP sent=5978 eagain=0 lasterr=0 txcred=141 host_pulls=0
  22.931  cum_segs=6584 | UP sent=6778 eagain=0 lasterr=0 txcred=161 host_pulls=0
  24.991  SINK rx: 93 KB/s (95275 B / 1000 ms) fsu=65 | cum_total=1675206 B cum_segs=6981 | UP sentSINK rx: 93 KB/s (95520 B / 1000 ms) fsu=65 | cum_total=1770726 B cum_segs=7379 | UP sent=7573 eagain=0 lasterr=0 txcred=145 host_pulls=0
  25.970  8 | UP sent=7972 eagain=0 lasterr=0 txcred=156 host_pulls=0
  27.013  SINK rx: 93 KB/s (95755 B / 1000 ms) fsu=65 | cum_total=1962246 B cum_segs=8177 | UP sent=8370 eagain=0 lasterr=0 txcred=127 host_pulls=0
  28.001  SINK rx: 93 KB/s (96000 B / 1000 ms) fsu=65 | cum_total=2058246 B cum_segs=8577 | UP sent=8770 eagain=0 lasterr=0 txcred=137 host_pulls=0
  29.037  SINK rx: 93 KB/s (96000 B / 1000 ms) fsu=65 | cum_total=2154246 B cum_segs=8977 | UP sent=9171 eagain=0 lasterr=0 txcred=146 host_pulls=0
  31.070  SINK rx: 93 KB/s (96245 B / 1000 ms) fsu=65 | cum_total=225049 / 1000 ms) fsu=65 | cum_total=2347206 B cum_segs=9781 | UP sent=9975 eagain=0 lasterr=0 txcred=162 host_pulls=0
  33.078  SINK rx: 95 KB/s (97440 B / 1000 ms) fsu=65 | cum_total=2540646 B cum_segs=10587 | UP sent=10780 eagain=0 lasterr=0 txcred=136 host_pulls=0
  34.124  SINK rx: 93 KB/s (96245 B / 1000 ms) fsu=65 | cum_total=2636891 B cum_segs=10988 | UP sent=11182 eagain=0 lasterr=0 txcred=144 host_pulls=0
  36.126  SINK rx: 94 KB/s (96480 B / 1000 ms) fsu=65 | cum_total=2733371 B cum_segs=11390 | UP senxcred=160 host_pulls=0
  37.124  SINK rx: 92 KB/s (95040 B / 1000 ms) fsu=65 | cum_total=2924891 B cum_segs=12188 | UP sent=12381 eagain=0 lasterr=0 txcred=134 host_pulls=0
  38.157  | cum_total=3021371 B cum_segs=12590 | UP sent=12783 eagain=0 lasterr=0 txcred=142 host_pulls=0
