   1.987  CENRX cum_total=3344508 B
   3.987  CENRX cum_total=3344508 B
   4.892  RPT occ: (SDC no-occ) fsu=150 | sender: sent=11524(+1292 SDU) eagain=0(+0) poolfail=0(+0)
   5.758  .mtu=512 rx.mps=247
   5.758  GATE conn: interval=12 (units 1.25ms) => 15.00 ms
   5.758  Q3FSU-REQ role=C auto min=150 max=150 phys=0x2 rc=0
   6.980  CENRX cum_total=3452356 B
   9.989  CENRX cum_tCENRX cum_total=3734420 B
  11.019  CENRX cum_total=3830068 B
  11.994  CENRX cum_total=3925472 B
  12.993  CENRX cum_total=4020876 B
  17.011  CENRX cum_total=4402492 B
  19.040  CENRX cum_toCENRX cum_total=4592568 B
  21.061  CENRX cum_total=4783132 B
  22.024  CENRX cum_total=4876828 B
  26.038  RPT occCENRX cum_total=5258444 B
  28.038  CENRX cum_total=5443640 B
  31.078  CENRX cum_total=55CENRX cum_total=5727168 B
  33.071  CENRX cum_total=5917244 B
  34.053  CENRX cum_total=6011916 B
  34.917  RPT occ: (SDC no-occ) fsu=150 | sender: sent=17127(+1927 SDU) eagain=0(+0) poolfail=0(+0)
  36.058  CENRX cum_total=6199308 B
  38.072  CENRX cum_total=6381576 B
  39.061  CENRX cum_total=6477468 B
