   0.974  CENRX cum_total=0 B
   2.002  CENRX cum_total=0 B
   2.984  CENRX cum_total=0 B
   4.962  RPT occ: (SDC no-occ) fsu=150 | sender: sent=4691(+2156 SDU) eagain=0(+0) poolfail=0(+0)
   5.606  L2CAP disconnected
   5.606  GAP disconnected 0x08
   5.606  scan start rc=0
   5.667  GAP connected
   5.667  phy req rc=0
   5.721  DLE: tx_max=251 rx_max=251
   5.721  l2cap_chan_connect rc=0
   5.781  L2CAP connected: tx.mtu=512 tx.mps=247 tx.credits=0 rx.mtu=512 rx.mps=247
   5.781  GATE conn: interval=12 (units 1.25ms) => 15.00 ms
   5.781  Q3FSU-REQ role=C auto min=150 max=150 phys=0x2 rc=0
   6.072  Q3FSU-DONE role=C status=0x00 spacing=150 types=0x0 phyblasting 480-byte SDUs...
   6.999  CENRX cum_total=108580 B
   8.020  l=203008 B
   8.996  CENRX cum_total=295972 B
  14.970  in=0(+0) poolfail=0(+0)
  16.014  CENRX cum_total=950868 B
  17.006  CENRX cum_total=1045540 B
  19.020  CENRX cum_total=1231712 B
  21.054  CENRX cum_total=1418128 B
  22.020  CENRX cum_total=1513044 B
  26.039  2 B
  28.049  CENRX cum_toCENRX cum_total=2070584 B
  29.076  CENRX cum_total=2164768 B
  31.051  CENRX cum_total=2351916 B
  33.064  CENRX cum_total=2537600 B
  34.051  CENRX cum_total=2629100 B
  36.067  CENRX cum_total=2815028 B
  37.064  CENRX cum_total=2908968 B
