   0.875  CENRX cum_total=3387696 B
   1.832  CENRX cum_total=3460164 B
   2.880  CENRX cum_total=3460164 B
   3.892  CENRX cum_total=3460164 B
   4.766  RPT occ: (SDC no-occ) fsu=65 | sender: sent=12368(+1354 SDU) eagain=0(+0) poolfail=0(+0)
   4.885  CENRX cum_total=3460164 B
   5.607  L2CAP disconnected
   5.607  GAP disconnected 0x08
   5.607  scan start rc=0
   5.719  found D6:C7:60:B1:D3:0E (random) (rssi -44), connecting
   5.720  GAP connected
   5.720  phy req rc=0
   5.777  DLE: tx_max=251 rx_max=251
   5.777  l2cap_chan_connect rc=0
   5.836  L2CAP connected: tx.mtu=512 tx.mps=247 tx.credits=0 rx.mtu=512 rx.mps=247
   5.836  GATE conn: interval=12 (units 1.25ms) => 15.00 ms
   5.836  Q3FSU-REQ role=C auto min=52 max=52 phys=0x2 rc=0
   5.896  CENRX cum_total=3460408 B
   5.896  PHY: tx=2 rx=2 (2=2M)
   5.896  dle req rc=0
   5.956  Q3FSU-DONE role=C status=0x00 spacing=65 types=0x3 phys=0x2 initiator=0
   6.137  blasting 480-byte SDUs...
   6.882  CENRX cum_total=3558740 B
   7.875  CENRX cum_total=3655608 B
   8.849  CENRX cum_total=3754184 B
   9.878  CENRX cum_total=3853736 B
  10.911  CENRX cum_total=3952312 B
  11.905  CENRX cum_total=4050156 B
  12.880  CENRX cum_total=4149464 B
  13.898  CENRX cum_total=4248040 B
  14.760  RPT occ: (SDC no-occ) fsu=65 | sender: sent=14133(+1765 SDU) eagain=0(+0) poolfail=0(+0)
  14.866  CENRX cum_total=4346616 B
  15.918  CENRX cum_total=4442752 B
  16.885  CENRX cum_total=4542548 B
  17.932  CENRX cum_total=4642100 B
  18.905  CENRX cum_total=4740676 B
  19.929  CENRX cum_total=4839740 B
  20.891  CENRX cum_total=4939292 B
  21.882  CENRX cum_total=5037624 B
  22.906  CENRX cum_total=5137908 B
  23.905  CENRX cum_total=5236728 B
  24.808  RPT occ: (SDC no-occ) fsu=65 | sender: sent=16157(+2024 SDU) eagain=0(+0) poolfail=0(+0)
  24.913  CENRX cum_total=5336036 B
  25.909  CENRX cum_total=5435588 B
  26.899  CENRX cum_total=5534652 B
  27.901  CENRX cum_total=5633228 B
  28.956  CENRX cum_total=5732292 B
  29.909  CENRX cum_total=5831600 B
  30.941  CENRX cum_total=5930420 B
  31.958  CENRX cum_total=6029240 B
  32.955  CENRX cum_total=6128060 B
  33.916  CENRX cum_total=6226148 B
  34.796  RPT occ: (SDC no-occ) fsu=65 | sender: sent=18176(+2019 SDU) eagain=0(+0) poolfail=0(+0)
  34.915  CENRX cum_total=6325700 B
  35.946  CENRX cum_total=6422324 B
  36.972  CENRX cum_total=6520168 B
  37.958  CENRX cum_total=6616304 B
  38.963  CENRX cum_total=6715612 B
  39.966  CENRX cum_total=6813700 B
