   0.815  SINK rx: 173 KB/s (177355 B / 1000 ms) fsu=65 | cum_total=2393286 B cum_segs=9973 | UP sent=13306 eagain=0 lasterr=-128 txcred=64 host_pulls=0
   1.714  *** Booting nRF Connect SDK v3.4.0-99553055607b ***
   1.714  *** Using Zephyr OS v4.4.0-bf801e4e3d19 ***
   1.714  
   1.714  === nRF52 L2CAP CoC SINK (Zephyr 4.4.1, seg_recv) ===
   1.714  L2CAP server on PSM 0x0080
   1.714  Advertising as 'zenoh-nrf-l2cap'
   5.652  GAP connected: interval=12
   5.703  DLE updated: tx_max=251 rx_max=251
   5.761  CoC up — seg_recv sink ready (RX_CREDITS=64, MPS=247)
   5.821  PHY updated: tx=2 rx=2
   5.938  Q3FSU-DONE role=P status=0x00 spacing=65 types=0x3 phys=0x2 initiator=2
   6.732  SINK rx: 61 KB/s (62886 B / 1000 ms) fsu=65 | cum_total=62886 B cum_segs=263 | UP sent=449 eagain=0 lasterr=0 txcred=71 host_pulls=0
   7.775  SINK rx: 93 KB/s (96245 B / 1000 ms) fsu=65 | cum_total=159131 B cum_segs=664 | UP sent=850 eagain=0 lasterr=0 txcred=80 host_pulls=0
   8.794  SINK rx: 92 KB/s (94315 B / 1000 ms) fsu=65 | cum_total=253446 B cum_segs=1057 | UP sent=1244 eagain=0 lasterr=0 txcred=96 host_pulls=0
   9.778  SINK rx: 93 KB/s (96000 B / 1000 ms) fsu=65 | cum_total=349446 B cum_segs=1457 | UP sent=1643 eagain=0 lasterr=0 txcred=66 host_pulls=0
  10.776  SINK rx: 94 KB/s (96480 B / 1000 ms) fsu=65 | cum_total=445926 B cum_segs=1859 | UP sent=2045 eagain=0 lasterr=0 txcred=74 host_pulls=0
  11.815  SINK rx: 92 KB/s (95040 B / 1000 ms) fsu=65 | cum_total=540966 B cum_segs=2255 | UP sent=2442 eagain=0 lasterr=0 txcred=87 host_pulls=0
  12.815  SINK rx: 92 KB/s (95040 B / 1000 ms) fsu=65 | cum_total=636006 B cum_segs=2651 | UP sent=2838 eagain=0 lasterr=0 txcred=101 host_pulls=0
  13.818  SINK rx: 94 KB/s (96480 B / 1000 ms) fsu=65 | cum_total=732486 B cum_segs=3053 | UP sent=3239 eagain=0 lasterr=0 txcred=69 host_pulls=0
  14.875  SINK rx: 94 KB/s (96480 B / 1000 ms) fsu=65 | cum_total=828966 B cum_segs=3455 | UP sent=3641 eagain=0 lasterr=0 txcred=77 host_pulls=0
  15.857  SINK rx: 93 KB/s (95285 B / 1000 ms) fsu=65 | cum_total=924251 B cum_segs=3852 | UP sent=4039 eagain=0 lasterr=0 txcred=89 host_pulls=0
  16.857  SINK rx: 92 KB/s (94795 B / 1000 ms) fsu=65 | cum_total=1019046 B cum_segs=4247 | UP sent=4434 eagain=0 lasterr=0 txcred=104 host_pulls=0
  17.917  SINK rx: 92 KB/s (94805 B / 1000 ms) fsu=65 | cum_total=1113851 B cum_segs=4642 | UP sent=4828 eagain=0 lasterr=0 txcred=79 host_pulls=0
  18.905  SINK rx: 94 KB/s (96960 B / 1000 ms) fsu=65 | cum_total=1210811 B cum_segs=5046 | UP sent=5232 eagain=0 lasterr=0 txcred=85 host_pulls=0
  19.900  SINK rx: 93 KB/s (95755 B / 1000 ms) fsu=65 | cum_total=1306566 B cum_segs=5445 | UP sent=5632 eagain=0 lasterr=0 txcred=95 host_pulls=0
  20.906  SINK rx: 93 KB/s (96245 B / 1000 ms) fsu=65 | cum_total=1402811 B cum_segs=5846 | UP sent=6033 eagain=0 lasterr=0 txcred=104 host_pulls=0
  21.950  SINK rx: 94 KB/s (96480 B / 1000 ms) fsu=65 | cum_total=1499291 B cum_segs=6248 | UP sent=6434 eagain=0 lasterr=0 txcred=72 host_pulls=0
  22.992  SINK rx: 94 KB/s (96480 B / 1000 ms) fsu=65 | cum_total=1595771 B cum_segs=6650 | UP sent=6835 eagain=0 lasterr=0 txcred=80 host_pulls=0
  23.968  SINK rx: 91 KB/s (93600 B / 1000 ms) fsu=65 | cum_total=1689371 B cum_segs=7040 | UP sent=7227 eagain=0 lasterr=0 txcred=99 host_pulls=0
  24.997  SINK rx: 94 KB/s (96715 B / 1000 ms) fsu=65 | cum_total=1786086 B cum_segs=7443 | UP sent=7629 eagain=0 lasterr=0 txcred=66 host_pulls=0
  25.999  SINK rx: 93 KB/s (95765 B / 1000 ms) fsu=65 | cum_total=1881851 B cum_segs=7842 | UP sent=8028 eagain=0 lasterr=0 txcred=77 host_pulls=0
  27.040  SINK rx: 93 KB/s (95520 B / 1000 ms) fsu=65 | cum_total=1977371 B cum_segs=8240 | UP sent=8427 eagain=0 lasterr=0 txcred=88 host_pulls=0
  28.030  SINK rx: 95 KB/s (97675 B / 1000 ms) fsu=65 | cum_total=2075046 B cum_segs=8647 | UP sent=8834 eagain=0 lasterr=0 txcred=91 host_pulls=0
  29.032  SINK rx: 93 KB/s (96000 B / 1000 ms) fsu=65 | cum_total=2171046 B cum_segs=9047 | UP sent=9234 eagain=0 lasterr=0 txcred=101 host_pulls=0
  30.069  SINK rx: 91 KB/s (94080 B / 1000 ms) fsu=65 | cum_total=2265126 B cum_segs=9439 | UP sent=9625 eagain=0 lasterr=0 txcred=79 host_pulls=0
  31.057  SINK rx: 89 KB/s (91680 B / 1000 ms) fsu=65 | cum_total=2356806 B cum_segs=9821 | UP sent=10007 eagain=0 lasterr=0 txcred=66 host_pulls=0
  32.074  SINK rx: 90 KB/s (92160 B / 1000 ms) fsu=65 | cum_total=2448966 B cum_segs=10205 | UP sent=10392 eagain=0 lasterr=0 txcred=91 host_pulls=0
  33.105  SINK rx: 94 KB/s (96480 B / 1000 ms) fsu=65 | cum_total=2545446 B cum_segs=10607 | UP sent=10794 eagain=0 lasterr=0 txcred=99 host_pulls=0
  34.090  SINK rx: 94 KB/s (96480 B / 1000 ms) fsu=65 | cum_total=2641926 B cum_segs=11009 | UP sent=11194 eagain=0 lasterr=0 txcred=67 host_pulls=0
  35.134  SINK rx: 92 KB/s (95040 B / 1000 ms) fsu=65 | cum_total=2736966 B cum_segs=11405 | UP sent=11591 eagain=0 lasterr=0 txcred=81 host_pulls=0
  36.108  SINK rx: 92 KB/s (95040 B / 1000 ms) fsu=65 | cum_total=2832006 B cum_segs=11801 | UP sent=11987 eagain=0 lasterr=0 txcred=94 host_pulls=0
  37.159  SINK rx: 93 KB/s (95765 B / 1000 ms) fsu=65 | cum_total=2927771 B cum_segs=12200 | UP sent=12386 eagain=0 lasterr=0 txcred=65 host_pulls=0
  38.140  SINK rx: 94 KB/s (96715 B / 1000 ms) fsu=65 | cum_total=3024486 B cum_segs=12603 | UP sent=12789 eagain=0 lasterr=0 txcred=72 host_pulls=0
  39.181  SINK rx: 94 KB/s (96960 B / 1000 ms) fsu=65 | cum_total=3121446 B cum_segs=13007 | UP sent=13192 eagain=0 lasterr=0 txcred=78 host_pulls=0
