   0.877  CENRX cum_total=3255936 B
   1.919  CENRX cum_total=3322060 B
   2.902  CENRX cum_total=3322060 B
   3.877  CENRX cum_total=3322060 B
   4.813  RPT occ: (SDC no-occ) fsu=150 | sender: sent=11534(+1298 SDU) eagain=0(+0) poolfail=0(+0)
   4.930  CENRX cum_total=3322060 B
   5.628  L2CAP disconnected
   5.628  GAP disconnected 0x08
   5.628  scan start rc=0
   5.628  found D6:C7:60:B1:D3:0E (random) (rssi -40), connecting
   5.688  GAP connected
   5.688  phy req rc=0
   5.688  DLE: tx_max=251 rx_max=251
   5.688  l2cap_chan_connect rc=0
   5.749  L2CAP connected: tx.mtu=512 tx.mps=247 tx.credits=0 rx.mtu=512 rx.mps=247
   5.803  GATE conn: interval=12 (units 1.25ms) => 15.00 ms
   5.803  Q3FSU-REQ role=C auto min=150 max=150 phys=0x2 rc=0
   5.803  PHY: tx=2 rx=2 (2=2M)
   5.803  dle req rc=0
   5.921  CENRX cum_total=3323524 B
   5.921  Q3FSU-DONE role=C status=0x00 spacing=150 types=0x0 phys=0x0 initiator=0
   6.094  blasting 480-byte SDUs...
   6.918  CENRX cum_total=3421612 B
   7.896  CENRX cum_total=3516040 B
   8.942  CENRX cum_total=3609248 B
   9.924  CENRX cum_total=3702456 B
  10.903  CENRX cum_total=3795908 B
  11.944  CENRX cum_total=3890336 B
  12.921  CENRX cum_total=3984276 B
  13.917  CENRX cum_total=4077484 B
  14.796  RPT occ: (SDC no-occ) fsu=150 | sender: sent=13234(+1700 SDU) eagain=0(+0) poolfail=0(+0)
  14.911  CENRX cum_total=4171424 B
  15.955  CENRX cum_total=4263900 B
  16.928  CENRX cum_total=4358084 B
  17.910  CENRX cum_total=4450560 B
  18.927  CENRX cum_total=4545476 B
  19.961  CENRX cum_total=4639660 B
  20.944  CENRX cum_total=4733112 B
  21.924  CENRX cum_total=4825100 B
  22.961  CENRX cum_total=4916356 B
  23.961  CENRX cum_total=5011028 B
  24.804  RPT occ: (SDC no-occ) fsu=150 | sender: sent=15141(+1907 SDU) eagain=0(+0) poolfail=0(+0)
  24.982  CENRX cum_total=5104724 B
  25.975  CENRX cum_total=5198908 B
  26.948  CENRX cum_total=5292848 B
  27.939  CENRX cum_total=5388252 B
  28.965  CENRX cum_total=5482680 B
  29.944  CENRX cum_total=5577108 B
  30.963  CENRX cum_total=5671780 B
  31.999  CENRX cum_total=5766696 B
  32.977  CENRX cum_total=5860636 B
  33.953  CENRX cum_total=5952868 B
  34.861  RPT occ: (SDC no-occ) fsu=150 | sender: sent=17068(+1927 SDU) eagain=0(+0) poolfail=0(+0)
  34.981  CENRX cum_total=6046076 B
  35.961  CENRX cum_total=6140504 B
  36.964  CENRX cum_total=6236152 B
  38.015  CENRX cum_total=6330092 B
  39.003  CENRX cum_total=6424764 B
  39.987  CENRX cum_total=6519436 B
