   0.293  CENRX cum_total=1393484 B
   1.281  CENRX cum_total=1499380 B
   2.300  CENRX cum_total=1533540 B
   3.273  CENRX cum_total=1533540 B
   4.315  CENRX cum_total=1533540 B
   5.293  RPT occ: events=0 mean_pkts/ev=0.00 max=0 nonempty_ev=0 fsu=52 | sender: sent=3040(+1376 SDU) eagain=0(+0) poolfail=0(+0)
   5.293  CENRX cum_total=1533540 B
   5.593  L2CAP disconnected
   5.593  GAP disconnected 0x08
   5.593  scan start rc=0
   5.593  found D6:C7:60:B1:D3:0E (random) (rssi -30), connecting
   5.593  Q2CONN AA=6c0b6c6c CRCINIT=65f1be hop=15 chan_count=37 map=ffffffff1f
   5.653  GAP connected
   5.653  phy req rc=0
   5.714  DLE: tx_max=27 rx_max=251
   5.832  PHY: tx=2 rx=2 (2=2M)
   5.832  dle req rc=0
   5.952  DLE: tx_max=251 rx_max=251
   5.952  l2cap_chan_connect rc=0
   6.012  L2CAP connected: tx.mtu=512 tx.mps=247 tx.credits=0 rx.mtu=512 rx.mps=247
   6.013  GATE conn: interval=20 (units 1.25ms) => 25.00 ms
   6.013  Q3FSU-REQ role=C auto min=52 max=150 phys=0x2 rc=0
   6.013  Q3FSU-DONE role=C status=0x00 spacing=52 types=0x3 phys=0x2 initiator=0
   6.306  CENRX cum_total=1590880 B
   6.306  blasting 480-byte SDUs...
   7.280  CENRX cum_total=1697508 B
   8.309  CENRX cum_total=1801940 B
   9.284  CENRX cum_total=1907836 B
  10.311  CENRX cum_total=2014708 B
  11.283  CENRX cum_total=2118408 B
  12.292  CENRX cum_total=2223084 B
  13.308  CENRX cum_total=2330200 B
  14.302  CENRX cum_total=2437316 B
  15.272  RPT occ: events=0 mean_pkts/ev=0.00 max=0 nonempty_ev=0 fsu=52 | sender: sent=4994(+1954 SDU) eagain=0(+0) poolfail=0(+0)
  15.330  CENRX cum_total=2542236 B
  16.337  CENRX cum_total=2648132 B
  17.307  CENRX cum_total=2755004 B
  18.350  CENRX cum_total=2862120 B
  19.313  CENRX cum_total=2968992 B
  20.348  CENRX cum_total=3074644 B
  21.317  CENRX cum_total=3179076 B
  22.337  CENRX cum_total=3285460 B
  23.354  CENRX cum_total=3392332 B
  24.320  CENRX cum_total=3499448 B
  25.283  RPT occ: events=0 mean_pkts/ev=0.00 max=0 nonempty_ev=0 fsu=52 | sender: sent=7167(+2173 SDU) eagain=0(+0) poolfail=0(+0)
  25.343  CENRX cum_total=3604124 B
  26.348  CENRX cum_total=3711240 B
  27.373  CENRX cum_total=3818112 B
  28.380  CENRX cum_total=3925228 B
  29.356  CENRX cum_total=4032100 B
  30.347  CENRX cum_total=4138972 B
  31.392  CENRX cum_total=4243892 B
  32.375  CENRX cum_total=4350764 B
  33.396  CENRX cum_total=4455196 B
  34.375  CENRX cum_total=4560848 B
  35.281  RPT occ: events=0 mean_pkts/ev=0.00 max=0 nonempty_ev=0 fsu=52 | sender: sent=9352(+2185 SDU) eagain=0(+0) poolfail=0(+0)
  35.393  CENRX cum_total=4667964 B
  36.370  CENRX cum_total=4773128 B
  37.396  CENRX cum_total=4880244 B
  38.379  CENRX cum_total=4986872 B
  39.381  CENRX cum_total=5092036 B
