   0.120  SINK rx: 94 KB/s (97205 B / 1000 ms) fsu=52 | cum_total=1187291 B cum_segs=4948 | UP sent=20243 eagain=0 lasterr=-128 txcred=21 host_pulls=0
   1.083  SINK rx: 94 KB/s (97195 B / 1000 ms) fsu=52 | cum_total=1284486 B cum_segs=5353 | UP sent=20633 eagain=0 lasterr=-128 txcred=0 host_pulls=0
   1.705  *** Booting Zephyr OS build v4.4.2-16-gfee9fbc62095 ***
   1.705  
   1.705  === nRF52 L2CAP CoC SINK (Zephyr 4.4.1, seg_recv) ===
   1.705  L2CAP server on PSM 0x0080
   1.705  Advertising as 'zenoh-nrf-l2cap'
   5.731  GAP connected: interval=20
   5.851  DLE updated: tx_max=251 rx_max=27
   5.906  PHY updated: tx=2 rx=2
   6.063  DLE updated: tx_max=251 rx_max=251
   6.063  CoC up — seg_recv sink ready (RX_CREDITS=64, MPS=247)
   6.769  SINK rx: 32 KB/s (32891 B / 1000 ms) fsu=0 | cum_total=32891 B cum_segs=138 | UP sent=415 eagain=0 lasterr=0 txcred=0 host_pulls=0
   7.736  SINK rx: 93 KB/s (96000 B / 1000 ms) fsu=0 | cum_total=128891 B cum_segs=538 | UP sent=821 eagain=0 lasterr=0 txcred=4 host_pulls=0
   8.759  SINK rx: 94 KB/s (96960 B / 1000 ms) fsu=0 | cum_total=225851 B cum_segs=942 | UP sent=1226 eagain=0 lasterr=0 txcred=9 host_pulls=0
   9.774  SINK rx: 93 KB/s (95520 B / 1000 ms) fsu=0 | cum_total=321371 B cum_segs=1340 | UP sent=1624 eagain=0 lasterr=0 txcred=21 host_pulls=0
  10.797  SINK rx: 90 KB/s (93120 B / 1000 ms) fsu=0 | cum_total=414491 B cum_segs=1728 | UP sent=2011 eagain=0 lasterr=0 txcred=3 host_pulls=0
  11.800  SINK rx: 94 KB/s (96960 B / 1000 ms) fsu=0 | cum_total=511451 B cum_segs=2132 | UP sent=2416 eagain=0 lasterr=0 txcred=8 host_pulls=0
  12.849  SINK rx: 94 KB/s (96960 B / 1000 ms) fsu=0 | cum_total=608411 B cum_segs=2536 | UP sent=2820 eagain=0 lasterr=0 txcred=14 host_pulls=0
  13.812  SINK rx: 94 KB/s (96960 B / 1000 ms) fsu=0 | cum_total=705371 B cum_segs=2940 | UP sent=3224 eagain=0 lasterr=0 txcred=20 host_pulls=0
  14.836  SINK rx: 94 KB/s (97195 B / 1000 ms) fsu=0 | cum_total=802566 B cum_segs=3345 | UP sent=3628 eagain=0 lasterr=0 txcred=25 host_pulls=0
  15.859  SINK rx: 94 KB/s (96725 B / 1000 ms) fsu=0 | cum_total=899291 B cum_segs=3748 | UP sent=4023 eagain=0 lasterr=0 txcred=0 host_pulls=0
  16.853  SINK rx: 94 KB/s (96960 B / 1000 ms) fsu=0 | cum_total=996251 B cum_segs=4152 | UP sent=4433 eagain=0 lasterr=0 txcred=0 host_pulls=0
  17.891  SINK rx: 94 KB/s (96960 B / 1000 ms) fsu=0 | cum_total=1093211 B cum_segs=4556 | UP sent=4838 eagain=0 lasterr=0 txcred=4 host_pulls=0
  18.912  SINK rx: 94 KB/s (96715 B / 1000 ms) fsu=0 | cum_total=1189926 B cum_segs=4959 | UP sent=5243 eagain=0 lasterr=0 txcred=10 host_pulls=0
  19.923  SINK rx: 94 KB/s (96960 B / 1000 ms) fsu=0 | cum_total=1286886 B cum_segs=5363 | UP sent=5647 eagain=0 lasterr=0 txcred=16 host_pulls=0
  20.954  SINK rx: 94 KB/s (96960 B / 1000 ms) fsu=0 | cum_total=1383846 B cum_segs=5767 | UP sent=6051 eagain=0 lasterr=0 txcred=22 host_pulls=0
  21.937  SINK rx: 94 KB/s (97205 B / 1000 ms) fsu=0 | cum_total=1481051 B cum_segs=6172 | UP sent=6442 eagain=0 lasterr=0 txcred=0 host_pulls=0
  22.969  SINK rx: 94 KB/s (96960 B / 1000 ms) fsu=0 | cum_total=1578011 B cum_segs=6576 | UP sent=6852 eagain=0 lasterr=0 txcred=0 host_pulls=0
  23.968  SINK rx: 94 KB/s (96960 B / 1000 ms) fsu=0 | cum_total=1674971 B cum_segs=6980 | UP sent=7262 eagain=0 lasterr=0 txcred=0 host_pulls=0
  25.004  SINK rx: 94 KB/s (96715 B / 1000 ms) fsu=0 | cum_total=1771686 B cum_segs=7383 | UP sent=7666 eagain=0 lasterr=0 txcred=6 host_pulls=0
  25.996  SINK rx: 93 KB/s (95520 B / 1000 ms) fsu=0 | cum_total=1867206 B cum_segs=7781 | UP sent=8065 eagain=0 lasterr=0 txcred=17 host_pulls=0
  27.025  SINK rx: 93 KB/s (96245 B / 1000 ms) fsu=0 | cum_total=1963451 B cum_segs=8182 | UP sent=8451 eagain=0 lasterr=0 txcred=0 host_pulls=0
  28.009  SINK rx: 92 KB/s (94795 B / 1000 ms) fsu=0 | cum_total=2058246 B cum_segs=8577 | UP sent=8860 eagain=0 lasterr=0 txcred=1 host_pulls=0
  29.045  SINK rx: 94 KB/s (96960 B / 1000 ms) fsu=0 | cum_total=2155206 B cum_segs=8981 | UP sent=9264 eagain=0 lasterr=0 txcred=7 host_pulls=0
  30.075  SINK rx: 93 KB/s (95285 B / 1000 ms) fsu=0 | cum_total=2250491 B cum_segs=9378 | UP sent=9662 eagain=0 lasterr=0 txcred=19 host_pulls=0
  31.043  SINK rx: 94 KB/s (96960 B / 1000 ms) fsu=0 | cum_total=2347451 B cum_segs=9782 | UP sent=10066 eagain=0 lasterr=0 txcred=25 host_pulls=0
  32.102  SINK rx: 94 KB/s (96715 B / 1000 ms) fsu=0 | cum_total=2444166 B cum_segs=10185 | UP sent=10460 eagain=0 lasterr=0 txcred=0 host_pulls=0
  33.079  SINK rx: 94 KB/s (96480 B / 1000 ms) fsu=0 | cum_total=2540646 B cum_segs=10587 | UP sent=10870 eagain=0 lasterr=0 txcred=0 host_pulls=0
  34.125  SINK rx: 94 KB/s (96960 B / 1000 ms) fsu=0 | cum_total=2637606 B cum_segs=10991 | UP sent=11273 eagain=0 lasterr=0 txcred=6 host_pulls=0
  35.113  SINK rx: 94 KB/s (96725 B / 1000 ms) fsu=0 | cum_total=2734331 B cum_segs=11394 | UP sent=11678 eagain=0 lasterr=0 txcred=12 host_pulls=0
  36.138  SINK rx: 94 KB/s (97195 B / 1000 ms) fsu=0 | cum_total=2831526 B cum_segs=11799 | UP sent=12083 eagain=0 lasterr=0 txcred=17 host_pulls=0
  37.136  SINK rx: 94 KB/s (96960 B / 1000 ms) fsu=0 | cum_total=2928486 B cum_segs=12203 | UP sent=12487 eagain=0 lasterr=0 txcred=23 host_pulls=0
  38.137  SINK rx: 94 KB/s (97205 B / 1000 ms) fsu=0 | cum_total=3025691 B cum_segs=12608 | UP sent=12879 eagain=0 lasterr=0 txcred=0 host_pulls=0
  39.190  SINK rx: 94 KB/s (96715 B / 1000 ms) fsu=0 | cum_total=3122406 B cum_segs=13011 | UP sent=13289 eagain=0 lasterr=0 txcred=0 host_pulls=0
