   0.120  SINK rx: 92 KB/s (94795 B / 1000 ms) fsu=52 | cum_total=1179846 B cum_segs=4917 | UP sent=19188 eagain=0 lasterr=-128 txcred=9 host_pulls=0
   1.093  SINK rx: 92 KB/s (95040 B / 1000 ms) fsu=52 | cum_total=1274886 B cum_segs=5313 | UP sent=19583 eagain=0 lasterr=-128 txcred=23 host_pulls=0
   1.674  *** Booting Zephyr OS build v4.4.2-16-gfee9fbc62095 ***
   1.674  
   1.674  === nRF52 L2CAP CoC SINK (Zephyr 4.4.1, seg_recv) ===
   1.674  L2CAP server on PSM 0x0080
   1.674  Advertising as 'zenoh-nrf-l2cap'
   5.646  GAP connected: interval=12
   5.754  DLE updated: tx_max=251 rx_max=27
   5.813  PHY updated: tx=2 rx=2
   5.873  DLE updated: tx_max=251 rx_max=251
   5.873  CoC up — seg_recv sink ready (RX_CREDITS=64, MPS=247)
   6.755  SINK rx: 49 KB/s (50406 B / 1000 ms) fsu=0 | cum_total=50406 B cum_segs=211 | UP sent=476 eagain=0 lasterr=0 txcred=21 host_pulls=0
   7.726  SINK rx: 92 KB/s (95040 B / 1000 ms) fsu=0 | cum_total=145446 B cum_segs=607 | UP sent=866 eagain=0 lasterr=0 txcred=0 host_pulls=0
   8.758  SINK rx: 91 KB/s (93365 B / 1000 ms) fsu=0 | cum_total=238811 B cum_segs=996 | UP sent=1261 eagain=0 lasterr=0 txcred=15 host_pulls=0
   9.786  SINK rx: 91 KB/s (93600 B / 1000 ms) fsu=0 | cum_total=332411 B cum_segs=1386 | UP sent=1645 eagain=0 lasterr=0 txcred=0 host_pulls=0
  10.756  SINK rx: 92 KB/s (94795 B / 1000 ms) fsu=0 | cum_total=427206 B cum_segs=1781 | UP sent=2046 eagain=0 lasterr=0 txcred=9 host_pulls=0
  11.782  SINK rx: 92 KB/s (95040 B / 1000 ms) fsu=0 | cum_total=522246 B cum_segs=2177 | UP sent=2442 eagain=0 lasterr=0 txcred=23 host_pulls=0
  12.831  SINK rx: 92 KB/s (94325 B / 1000 ms) fsu=0 | cum_total=616571 B cum_segs=2570 | UP sent=2834 eagain=0 lasterr=0 txcred=0 host_pulls=0
  13.805  SINK rx: 93 KB/s (95275 B / 1000 ms) fsu=0 | cum_total=711846 B cum_segs=2967 | UP sent=3232 eagain=0 lasterr=0 txcred=12 host_pulls=0
  14.842  SINK rx: 93 KB/s (95285 B / 1000 ms) fsu=0 | cum_total=807131 B cum_segs=3364 | UP sent=3613 eagain=0 lasterr=0 txcred=0 host_pulls=0
  15.859  SINK rx: 91 KB/s (94080 B / 1000 ms) fsu=0 | cum_total=901211 B cum_segs=3756 | UP sent=4021 eagain=0 lasterr=0 txcred=2 host_pulls=0
  16.879  SINK rx: 93 KB/s (95520 B / 1000 ms) fsu=0 | cum_total=996731 B cum_segs=4154 | UP sent=4419 eagain=0 lasterr=0 txcred=14 host_pulls=0
  17.861  SINK rx: 92 KB/s (95040 B / 1000 ms) fsu=0 | cum_total=1091771 B cum_segs=4550 | UP sent=4802 eagain=0 lasterr=0 txcred=0 host_pulls=0
  18.897  SINK rx: 92 KB/s (95040 B / 1000 ms) fsu=0 | cum_total=1186811 B cum_segs=4946 | UP sent=5211 eagain=0 lasterr=0 txcred=1 host_pulls=0
  19.920  SINK rx: 92 KB/s (94795 B / 1000 ms) fsu=0 | cum_total=1281606 B cum_segs=5341 | UP sent=5606 eagain=0 lasterr=0 txcred=16 host_pulls=0
  20.890  SINK rx: 92 KB/s (95040 B / 1000 ms) fsu=0 | cum_total=1376646 B cum_segs=5737 | UP sent=5991 eagain=0 lasterr=0 txcred=0 host_pulls=0
  21.912  SINK rx: 86 KB/s (88565 B / 1000 ms) fsu=0 | cum_total=1465211 B cum_segs=6106 | UP sent=6360 eagain=0 lasterr=0 txcred=0 host_pulls=0
  22.948  SINK rx: 91 KB/s (94080 B / 1000 ms) fsu=0 | cum_total=1559291 B cum_segs=6498 | UP sent=6763 eagain=0 lasterr=0 txcred=7 host_pulls=0
  23.975  SINK rx: 92 KB/s (94795 B / 1000 ms) fsu=0 | cum_total=1654086 B cum_segs=6893 | UP sent=7158 eagain=0 lasterr=0 txcred=22 host_pulls=0
  24.949  SINK rx: 92 KB/s (94805 B / 1000 ms) fsu=0 | cum_total=1748891 B cum_segs=7288 | UP sent=7549 eagain=0 lasterr=0 txcred=0 host_pulls=0
  25.998  SINK rx: 92 KB/s (95040 B / 1000 ms) fsu=0 | cum_total=1843931 B cum_segs=7684 | UP sent=7949 eagain=0 lasterr=0 txcred=10 host_pulls=0
  27.017  SINK rx: 92 KB/s (95040 B / 1000 ms) fsu=0 | cum_total=1938971 B cum_segs=8080 | UP sent=8331 eagain=0 lasterr=0 txcred=24 host_pulls=0
  27.976  SINK rx: 92 KB/s (95040 B / 1000 ms) fsu=0 | cum_total=2034011 B cum_segs=8476 | UP sent=8738 eagain=0 lasterr=0 txcred=0 host_pulls=0
  29.018  SINK rx: 92 KB/s (94795 B / 1000 ms) fsu=0 | cum_total=2128806 B cum_segs=8871 | UP sent=9136 eagain=0 lasterr=0 txcred=12 host_pulls=0
  30.049  SINK rx: 91 KB/s (93600 B / 1000 ms) fsu=0 | cum_total=2222406 B cum_segs=9261 | UP sent=9517 eagain=0 lasterr=0 txcred=0 host_pulls=0
  31.027  SINK rx: 92 KB/s (94560 B / 1000 ms) fsu=0 | cum_total=2316966 B cum_segs=9655 | UP sent=9920 eagain=0 lasterr=0 txcred=7 host_pulls=0
  32.063  SINK rx: 93 KB/s (95285 B / 1000 ms) fsu=0 | cum_total=2412251 B cum_segs=10052 | UP sent=10316 eagain=0 lasterr=0 txcred=20 host_pulls=0
  33.042  SINK rx: 92 KB/s (94795 B / 1000 ms) fsu=0 | cum_total=2507046 B cum_segs=10447 | UP sent=10706 eagain=0 lasterr=0 txcred=0 host_pulls=0
  34.059  SINK rx: 92 KB/s (95040 B / 1000 ms) fsu=0 | cum_total=2602086 B cum_segs=10843 | UP sent=11108 eagain=0 lasterr=0 txcred=8 host_pulls=0
  35.082  SINK rx: 92 KB/s (94805 B / 1000 ms) fsu=0 | cum_total=2696891 B cum_segs=11238 | UP sent=11503 eagain=0 lasterr=0 txcred=23 host_pulls=0
  36.115  SINK rx: 91 KB/s (93835 B / 1000 ms) fsu=0 | cum_total=2790726 B cum_segs=11629 | UP sent=11894 eagain=0 lasterr=0 txcred=1 host_pulls=0
  37.136  SINK rx: 93 KB/s (96000 B / 1000 ms) fsu=0 | cum_total=2886726 B cum_segs=12029 | UP sent=12294 eagain=0 lasterr=0 txcred=11 host_pulls=0
  38.114  SINK rx: 93 KB/s (95285 B / 1000 ms) fsu=0 | cum_total=2982011 B cum_segs=12426 | UP sent=12674 eagain=0 lasterr=0 txcred=0 host_pulls=0
  39.161  SINK rx: 92 KB/s (94795 B / 1000 ms) fsu=0 | cum_total=3076806 B cum_segs=12821 | UP sent=13084 eagain=0 lasterr=0 txcred=0 host_pulls=0
