   0.981  SINK rx: 93 KB/s (96000 B / 1000 ms) fsu=52 | cum_total=1310406 B cum_segs=5461 | UP sent=19317 eagain=0 lasterr=-128 txcred=0 host_pulls=0
   1.738  *** Booting Zephyr OS build v4.4.2-16-gfee9fbc62095 ***
   1.738  
   1.738  === nRF52 L2CAP CoC SINK (Zephyr 4.4.1, seg_recv) ===
   1.738  L2CAP server on PSM 0x0080
   1.738  Advertising as 'zenoh-nrf-l2cap'
   5.681  GAP connected: interval=12
   5.741  DLE updated: tx_max=251 rx_max=27
   5.801  PHY updated: tx=2 rx=2
   5.862  DLE updated: tx_max=251 rx_max=251
   5.862  CoC up — seg_recv sink ready (RX_CREDITS=64, MPS=247)
   5.915  Q3FSU-DONE role=P status=0x00 spacing=52 types=0x3 phys=0x2 initiator=2
   6.762  SINK rx: 51 KB/s (53051 B / 1000 ms) fsu=52 | cum_total=53051 B cum_segs=222 | UP sent=538 eagain=0 lasterr=0 txcred=0 host_pulls=0
   7.780  SINK rx: 95 KB/s (97675 B / 1000 ms) fsu=52 | cum_total=150726 B cum_segs=629 | UP sent=948 eagain=0 lasterr=0 txcred=0 host_pulls=0
   8.764  SINK rx: 96 KB/s (98400 B / 1000 ms) fsu=52 | cum_total=249126 B cum_segs=1039 | UP sent=1358 eagain=0 lasterr=0 txcred=0 host_pulls=0
   9.798  SINK rx: 96 KB/s (98400 B / 1000 ms) fsu=52 | cum_total=347526 B cum_segs=1449 | UP sent=1768 eagain=0 lasterr=0 txcred=0 host_pulls=0
  10.832  SINK rx: 94 KB/s (97205 B / 1000 ms) fsu=52 | cum_total=444731 B cum_segs=1854 | UP sent=2176 eagain=0 lasterr=0 txcred=2 host_pulls=0
  11.835  SINK rx: 95 KB/s (98155 B / 1000 ms) fsu=52 | cum_total=542886 B cum_segs=2263 | UP sent=2584 eagain=0 lasterr=0 txcred=3 host_pulls=0
  12.814  SINK rx: 95 KB/s (98165 B / 1000 ms) fsu=52 | cum_total=641051 B cum_segs=2672 | UP sent=2994 eagain=0 lasterr=0 txcred=4 host_pulls=0
  13.820  SINK rx: 94 KB/s (97195 B / 1000 ms) fsu=52 | cum_total=738246 B cum_segs=3077 | UP sent=3399 eagain=0 lasterr=0 txcred=9 host_pulls=0
  14.854  SINK rx: 95 KB/s (98165 B / 1000 ms) fsu=52 | cum_total=836411 B cum_segs=3486 | UP sent=3809 eagain=0 lasterr=0 txcred=9 host_pulls=0
  15.867  SINK rx: 95 KB/s (97920 B / 1000 ms) fsu=52 | cum_total=934331 B cum_segs=3894 | UP sent=4217 eagain=0 lasterr=0 txcred=11 host_pulls=0
  16.875  SINK rx: 96 KB/s (98400 B / 1000 ms) fsu=52 | cum_total=1032731 B cum_segs=4304 | UP sent=4627 eagain=0 lasterr=0 txcred=11 host_pulls=0
  17.904  SINK rx: 96 KB/s (98400 B / 1000 ms) fsu=52 | cum_total=1131131 B cum_segs=4714 | UP sent=5037 eagain=0 lasterr=0 txcred=11 host_pulls=0
  18.928  SINK rx: 95 KB/s (98155 B / 1000 ms) fsu=52 | cum_total=1229286 B cum_segs=5123 | UP sent=5446 eagain=0 lasterr=0 txcred=12 host_pulls=0
  19.913  SINK rx: 95 KB/s (97920 B / 1000 ms) fsu=52 | cum_total=1327206 B cum_segs=5531 | UP sent=5853 eagain=0 lasterr=0 txcred=14 host_pulls=0
  20.914  SINK rx: 94 KB/s (97205 B / 1000 ms) fsu=52 | cum_total=1424411 B cum_segs=5936 | UP sent=6259 eagain=0 lasterr=0 txcred=19 host_pulls=0
  21.962  SINK rx: 95 KB/s (98155 B / 1000 ms) fsu=52 | cum_total=1522566 B cum_segs=6345 | UP sent=6668 eagain=0 lasterr=0 txcred=20 host_pulls=0
  22.939  SINK rx: 95 KB/s (98165 B / 1000 ms) fsu=52 | cum_total=1620731 B cum_segs=6754 | UP sent=7077 eagain=0 lasterr=0 txcred=21 host_pulls=0
  23.981  SINK rx: 93 KB/s (95755 B / 1000 ms) fsu=52 | cum_total=1716486 B cum_segs=7153 | UP sent=7467 eagain=0 lasterr=0 txcred=0 host_pulls=0
  24.965  SINK rx: 95 KB/s (97685 B / 1000 ms) fsu=52 | cum_total=1814171 B cum_segs=7560 | UP sent=7877 eagain=0 lasterr=0 txcred=0 host_pulls=0
  25.994  SINK rx: 93 KB/s (95520 B / 1000 ms) fsu=52 | cum_total=1909691 B cum_segs=7958 | UP sent=8280 eagain=0 lasterr=0 txcred=7 host_pulls=0
  27.038  SINK rx: 96 KB/s (98400 B / 1000 ms) fsu=52 | cum_total=2008091 B cum_segs=8368 | UP sent=8690 eagain=0 lasterr=0 txcred=7 host_pulls=0
  28.051  SINK rx: 95 KB/s (97675 B / 1000 ms) fsu=52 | cum_total=2105766 B cum_segs=8775 | UP sent=9098 eagain=0 lasterr=0 txcred=9 host_pulls=0
  29.026  SINK rx: 94 KB/s (96725 B / 1000 ms) fsu=52 | cum_total=2202491 B cum_segs=9178 | UP sent=9501 eagain=0 lasterr=0 txcred=16 host_pulls=0
  30.063  SINK rx: 96 KB/s (98400 B / 1000 ms) fsu=52 | cum_total=2300891 B cum_segs=9588 | UP sent=9910 eagain=0 lasterr=0 txcred=16 host_pulls=0
  31.087  SINK rx: 96 KB/s (98400 B / 1000 ms) fsu=52 | cum_total=2399291 B cum_segs=9998 | UP sent=10321 eagain=0 lasterr=0 txcred=16 host_pulls=0
  32.096  SINK rx: 95 KB/s (97920 B / 1000 ms) fsu=52 | cum_total=2497211 B cum_segs=10406 | UP sent=10729 eagain=0 lasterr=0 txcred=18 host_pulls=0
  33.083  SINK rx: 95 KB/s (97440 B / 1000 ms) fsu=52 | cum_total=2594651 B cum_segs=10812 | UP sent=11135 eagain=0 lasterr=0 txcred=22 host_pulls=0
  34.125  SINK rx: 95 KB/s (97440 B / 1000 ms) fsu=52 | cum_total=2692091 B cum_segs=11218 | UP sent=11541 eagain=0 lasterr=0 txcred=26 host_pulls=0
  35.097  SINK rx: 96 KB/s (98400 B / 1000 ms) fsu=52 | cum_total=2790491 B cum_segs=11628 | UP sent=11951 eagain=0 lasterr=0 txcred=26 host_pulls=0
  36.155  SINK rx: 95 KB/s (97920 B / 1000 ms) fsu=52 | cum_total=2888411 B cum_segs=12036 | UP sent=12346 eagain=0 lasterr=0 txcred=28 host_pulls=0
  37.159  SINK rx: 95 KB/s (98155 B / 1000 ms) fsu=52 | cum_total=2986566 B cum_segs=12445 | UP sent=12756 eagain=0 lasterr=0 txcred=0 host_pulls=0
  38.140  SINK rx: 96 KB/s (98400 B / 1000 ms) fsu=52 | cum_total=3084966 B cum_segs=12855 | UP sent=13166 eagain=0 lasterr=0 txcred=0 host_pulls=0
  39.181  SINK rx: 95 KB/s (97920 B / 1000 ms) fsu=52 | cum_total=3182886 B cum_segs=13263 | UP sent=13576 eagain=0 lasterr=0 txcred=0 host_pulls=0
