   0.120  SINK rx: 94 KB/s (96960 B / 1000 ms) fsu=52 | cum_total=1188966 B cum_segs=4955 | UP sent=20310 eagain=0 lasterr=-128 txcred=5 host_pulls=0
   1.092  SINK rx: 94 KB/s (97205 B / 1000 ms) fsu=52 | cum_total=1286171 B cum_segs=5360 | UP sent=20715 eagain=0 lasterr=-128 txcred=10 host_pulls=0
   1.733  *** Booting Zephyr OS build v4.4.2-16-gfee9fbc62095 ***
   1.733  
   1.733  === nRF52 L2CAP CoC SINK (Zephyr 4.4.1, seg_recv) ===
   1.733  L2CAP server on PSM 0x0080
   1.733  Advertising as 'zenoh-nrf-l2cap'
   5.741  GAP connected: interval=20
   5.856  DLE updated: tx_max=251 rx_max=27
   5.917  PHY updated: tx=2 rx=2
   6.082  DLE updated: tx_max=251 rx_max=251
   6.082  CoC up — seg_recv sink ready (RX_CREDITS=64, MPS=247)
   6.772  SINK rx: 32 KB/s (33371 B / 1000 ms) fsu=0 | cum_total=33371 B cum_segs=140 | UP sent=415 eagain=0 lasterr=0 txcred=0 host_pulls=0
   7.748  SINK rx: 94 KB/s (96715 B / 1000 ms) fsu=0 | cum_total=130086 B cum_segs=543 | UP sent=825 eagain=0 lasterr=0 txcred=0 host_pulls=0
   8.784  SINK rx: 94 KB/s (96960 B / 1000 ms) fsu=0 | cum_total=227046 B cum_segs=947 | UP sent=1230 eagain=0 lasterr=0 txcred=5 host_pulls=0
   9.783  SINK rx: 94 KB/s (96725 B / 1000 ms) fsu=0 | cum_total=323771 B cum_segs=1350 | UP sent=1634 eagain=0 lasterr=0 txcred=11 host_pulls=0
  10.796  SINK rx: 94 KB/s (96480 B / 1000 ms) fsu=0 | cum_total=420251 B cum_segs=1752 | UP sent=2036 eagain=0 lasterr=0 txcred=19 host_pulls=0
  11.838  SINK rx: 94 KB/s (96715 B / 1000 ms) fsu=0 | cum_total=516966 B cum_segs=2155 | UP sent=2439 eagain=0 lasterr=0 txcred=26 host_pulls=0
  12.826  SINK rx: 94 KB/s (96960 B / 1000 ms) fsu=0 | cum_total=613926 B cum_segs=2559 | UP sent=2834 eagain=0 lasterr=0 txcred=0 host_pulls=0
  13.866  SINK rx: 94 KB/s (96960 B / 1000 ms) fsu=0 | cum_total=710886 B cum_segs=2963 | UP sent=3244 eagain=0 lasterr=0 txcred=0 host_pulls=0
  14.856  SINK rx: 94 KB/s (96960 B / 1000 ms) fsu=0 | cum_total=807846 B cum_segs=3367 | UP sent=3650 eagain=0 lasterr=0 txcred=4 host_pulls=0
  15.860  SINK rx: 94 KB/s (96480 B / 1000 ms) fsu=0 | cum_total=904326 B cum_segs=3769 | UP sent=4053 eagain=0 lasterr=0 txcred=11 host_pulls=0
  16.884  SINK rx: 94 KB/s (96960 B / 1000 ms) fsu=0 | cum_total=1001286 B cum_segs=4173 | UP sent=4457 eagain=0 lasterr=0 txcred=17 host_pulls=0
  17.921  SINK rx: 94 KB/s (96960 B / 1000 ms) fsu=0 | cum_total=1098246 B cum_segs=4577 | UP sent=4860 eagain=0 lasterr=0 txcred=23 host_pulls=0
  18.906  SINK rx: 94 KB/s (96725 B / 1000 ms) fsu=0 | cum_total=1194971 B cum_segs=4980 | UP sent=5253 eagain=0 lasterr=0 txcred=0 host_pulls=0
  19.938  SINK rx: 94 KB/s (96715 B / 1000 ms) fsu=0 | cum_total=1291686 B cum_segs=5383 | UP sent=5663 eagain=0 lasterr=0 txcred=0 host_pulls=0
  20.919  SINK rx: 94 KB/s (96725 B / 1000 ms) fsu=0 | cum_total=1388411 B cum_segs=5786 | UP sent=6069 eagain=0 lasterr=0 txcred=4 host_pulls=0
  21.940  SINK rx: 94 KB/s (96715 B / 1000 ms) fsu=0 | cum_total=1485126 B cum_segs=6189 | UP sent=6473 eagain=0 lasterr=0 txcred=10 host_pulls=0
  22.975  SINK rx: 94 KB/s (96480 B / 1000 ms) fsu=0 | cum_total=1581606 B cum_segs=6591 | UP sent=6875 eagain=0 lasterr=0 txcred=18 host_pulls=0
  23.987  SINK rx: 94 KB/s (96725 B / 1000 ms) fsu=0 | cum_total=1678331 B cum_segs=6994 | UP sent=7278 eagain=0 lasterr=0 txcred=25 host_pulls=0
  25.010  SINK rx: 94 KB/s (96960 B / 1000 ms) fsu=0 | cum_total=1775291 B cum_segs=7398 | UP sent=7672 eagain=0 lasterr=0 txcred=0 host_pulls=0
  25.978  SINK rx: 94 KB/s (96715 B / 1000 ms) fsu=0 | cum_total=1872006 B cum_segs=7801 | UP sent=8082 eagain=0 lasterr=0 txcred=0 host_pulls=0
  26.999  SINK rx: 92 KB/s (94560 B / 1000 ms) fsu=0 | cum_total=1966566 B cum_segs=8195 | UP sent=8479 eagain=0 lasterr=0 txcred=13 host_pulls=0
  27.999  SINK rx: 93 KB/s (95765 B / 1000 ms) fsu=0 | cum_total=2062331 B cum_segs=8594 | UP sent=8878 eagain=0 lasterr=0 txcred=24 host_pulls=0
  29.017  SINK rx: 94 KB/s (96960 B / 1000 ms) fsu=0 | cum_total=2159291 B cum_segs=8998 | UP sent=9271 eagain=0 lasterr=0 txcred=0 host_pulls=0
  30.055  SINK rx: 93 KB/s (96235 B / 1000 ms) fsu=0 | cum_total=2255526 B cum_segs=9399 | UP sent=9681 eagain=0 lasterr=0 txcred=0 host_pulls=0
  31.095  SINK rx: 94 KB/s (96480 B / 1000 ms) fsu=0 | cum_total=2352006 B cum_segs=9801 | UP sent=10084 eagain=0 lasterr=0 txcred=7 host_pulls=0
  32.077  SINK rx: 93 KB/s (96245 B / 1000 ms) fsu=0 | cum_total=2448251 B cum_segs=10202 | UP sent=10486 eagain=0 lasterr=0 txcred=15 host_pulls=0
  33.105  SINK rx: 92 KB/s (95040 B / 1000 ms) fsu=0 | cum_total=2543291 B cum_segs=10598 | UP sent=10870 eagain=0 lasterr=0 txcred=0 host_pulls=0
  34.127  SINK rx: 94 KB/s (97195 B / 1000 ms) fsu=0 | cum_total=2640486 B cum_segs=11003 | UP sent=11280 eagain=0 lasterr=0 txcred=0 host_pulls=0
  35.104  SINK rx: 94 KB/s (96960 B / 1000 ms) fsu=0 | cum_total=2737446 B cum_segs=11407 | UP sent=11690 eagain=0 lasterr=0 txcred=0 host_pulls=0
  36.104  SINK rx: 94 KB/s (96960 B / 1000 ms) fsu=0 | cum_total=2834406 B cum_segs=11811 | UP sent=12094 eagain=0 lasterr=0 txcred=6 host_pulls=0
  37.141  SINK rx: 94 KB/s (96725 B / 1000 ms) fsu=0 | cum_total=2931131 B cum_segs=12214 | UP sent=12498 eagain=0 lasterr=0 txcred=12 host_pulls=0
  38.167  SINK rx: 94 KB/s (97195 B / 1000 ms) fsu=0 | cum_total=3028326 B cum_segs=12619 | UP sent=12903 eagain=0 lasterr=0 txcred=17 host_pulls=0
  39.146  SINK rx: 94 KB/s (96725 B / 1000 ms) fsu=0 | cum_total=3125051 B cum_segs=13022 | UP sent=13306 eagain=0 lasterr=0 txcred=24 host_pulls=0
