   0.120  SINK rx: 92 KB/s (94560 B / 1000 ms) fsu=52 | cum_total=3184091 B cum_segs=13268 | UP sent=13593 eagain=0 lasterr=0 txcred=24 host_pulls=0
   1.158  SINK rx: 93 KB/s (95275 B / 1000 ms) fsu=52 | cum_total=3279366 B cum_segs=13665 | UP sent=13986 eagain=0 lasterr=0 txcred=0 host_pulls=0
   1.731  *** Booting Zephyr OS build v4.4.2-16-gfee9fbc62095 ***
   1.731  
   1.731  === nRF52 L2CAP CoC SINK (Zephyr 4.4.1, seg_recv) ===
   1.731  L2CAP server on PSM 0x0080
   1.731  Advertising as 'zenoh-nrf-l2cap'
   5.660  GAP connected: interval=6
   5.721  DLE updated: tx_max=251 rx_max=27
   5.721  PHY updated: tx=2 rx=2
   5.772  DLE updated: tx_max=251 rx_max=251
   5.772  CoC up — seg_recv sink ready (RX_CREDITS=64, MPS=247)
   5.831  Q3FSU-DONE role=P status=0x00 spacing=52 types=0x3 phys=0x2 initiator=2
   6.768  SINK rx: 58 KB/s (59771 B / 1000 ms) fsu=52 | cum_total=59771 B cum_segs=250 | UP sent=572 eagain=0 lasterr=0 txcred=7 host_pulls=0
   7.746  SINK rx: 92 KB/s (94795 B / 1000 ms) fsu=52 | cum_total=154566 B cum_segs=645 | UP sent=968 eagain=0 lasterr=0 txcred=21 host_pulls=0
   8.798  SINK rx: 92 KB/s (95040 B / 1000 ms) fsu=52 | cum_total=249606 B cum_segs=1041 | UP sent=1358 eagain=0 lasterr=0 txcred=0 host_pulls=0
   9.817  SINK rx: 92 KB/s (94560 B / 1000 ms) fsu=52 | cum_total=344166 B cum_segs=1435 | UP sent=1758 eagain=0 lasterr=0 txcred=10 host_pulls=0
  10.785  SINK rx: 92 KB/s (94560 B / 1000 ms) fsu=52 | cum_total=438726 B cum_segs=1829 | UP sent=2152 eagain=0 lasterr=0 txcred=26 host_pulls=0
  11.808  SINK rx: 92 KB/s (95040 B / 1000 ms) fsu=52 | cum_total=533766 B cum_segs=2225 | UP sent=2547 eagain=0 lasterr=0 txcred=0 host_pulls=0
  12.857  SINK rx: 92 KB/s (94805 B / 1000 ms) fsu=52 | cum_total=628571 B cum_segs=2620 | UP sent=2943 eagain=0 lasterr=0 txcred=14 host_pulls=0
  13.815  SINK rx: 92 KB/s (95040 B / 1000 ms) fsu=52 | cum_total=723611 B cum_segs=3016 | UP sent=3339 eagain=0 lasterr=0 txcred=28 host_pulls=0
  14.840  SINK rx: 92 KB/s (95040 B / 1000 ms) fsu=52 | cum_total=818651 B cum_segs=3412 | UP sent=3734 eagain=0 lasterr=0 txcred=2 host_pulls=0
  15.872  SINK rx: 92 KB/s (94795 B / 1000 ms) fsu=52 | cum_total=913446 B cum_segs=3807 | UP sent=4130 eagain=0 lasterr=0 txcred=16 host_pulls=0
  16.896  SINK rx: 92 KB/s (94805 B / 1000 ms) fsu=52 | cum_total=1008251 B cum_segs=4202 | UP sent=4515 eagain=0 lasterr=0 txcred=0 host_pulls=0
  17.880  SINK rx: 93 KB/s (95275 B / 1000 ms) fsu=52 | cum_total=1103526 B cum_segs=4599 | UP sent=4921 eagain=0 lasterr=0 txcred=4 host_pulls=0
  18.917  SINK rx: 91 KB/s (94080 B / 1000 ms) fsu=52 | cum_total=1197606 B cum_segs=4991 | UP sent=5314 eagain=0 lasterr=0 txcred=21 host_pulls=0
  19.941  SINK rx: 92 KB/s (94560 B / 1000 ms) fsu=52 | cum_total=1292166 B cum_segs=5385 | UP sent=5704 eagain=0 lasterr=0 txcred=0 host_pulls=0
  20.915  SINK rx: 92 KB/s (94560 B / 1000 ms) fsu=52 | cum_total=1386726 B cum_segs=5779 | UP sent=6101 eagain=0 lasterr=0 txcred=12 host_pulls=0
  21.956  SINK rx: 92 KB/s (95040 B / 1000 ms) fsu=52 | cum_total=1481766 B cum_segs=6175 | UP sent=6498 eagain=0 lasterr=0 txcred=26 host_pulls=0
  22.981  SINK rx: 92 KB/s (95040 B / 1000 ms) fsu=52 | cum_total=1576806 B cum_segs=6571 | UP sent=6893 eagain=0 lasterr=0 txcred=0 host_pulls=0
  23.996  SINK rx: 92 KB/s (94805 B / 1000 ms) fsu=52 | cum_total=1671611 B cum_segs=6966 | UP sent=7289 eagain=0 lasterr=0 txcred=14 host_pulls=0
  24.990  SINK rx: 92 KB/s (95040 B / 1000 ms) fsu=52 | cum_total=1766651 B cum_segs=7362 | UP sent=7685 eagain=0 lasterr=0 txcred=28 host_pulls=0
  25.984  SINK rx: 92 KB/s (94560 B / 1000 ms) fsu=52 | cum_total=1861211 B cum_segs=7756 | UP sent=8078 eagain=0 lasterr=0 txcred=4 host_pulls=0
  27.012  SINK rx: 92 KB/s (94560 B / 1000 ms) fsu=52 | cum_total=1955771 B cum_segs=8150 | UP sent=8473 eagain=0 lasterr=0 txcred=19 host_pulls=0
  28.047  SINK rx: 93 KB/s (95275 B / 1000 ms) fsu=52 | cum_total=2051046 B cum_segs=8547 | UP sent=8861 eagain=0 lasterr=0 txcred=0 host_pulls=0
  29.022  SINK rx: 92 KB/s (94805 B / 1000 ms) fsu=52 | cum_total=2145851 B cum_segs=8942 | UP sent=9264 eagain=0 lasterr=0 txcred=7 host_pulls=0
  30.045  SINK rx: 92 KB/s (94795 B / 1000 ms) fsu=52 | cum_total=2240646 B cum_segs=9337 | UP sent=9660 eagain=0 lasterr=0 txcred=21 host_pulls=0
  31.042  SINK rx: 93 KB/s (95285 B / 1000 ms) fsu=52 | cum_total=2335931 B cum_segs=9734 | UP sent=10050 eagain=0 lasterr=0 txcred=0 host_pulls=0
  32.072  SINK rx: 92 KB/s (94795 B / 1000 ms) fsu=52 | cum_total=2430726 B cum_segs=10129 | UP sent=10451 eagain=0 lasterr=0 txcred=9 host_pulls=0
  33.085  SINK rx: 91 KB/s (94080 B / 1000 ms) fsu=52 | cum_total=2524806 B cum_segs=10521 | UP sent=10844 eagain=0 lasterr=0 txcred=26 host_pulls=0
  34.096  SINK rx: 93 KB/s (95285 B / 1000 ms) fsu=52 | cum_total=2620091 B cum_segs=10918 | UP sent=11239 eagain=0 lasterr=0 txcred=0 host_pulls=0
  35.130  SINK rx: 92 KB/s (94795 B / 1000 ms) fsu=52 | cum_total=2714886 B cum_segs=11313 | UP sent=11636 eagain=0 lasterr=0 txcred=13 host_pulls=0
  36.166  SINK rx: 92 KB/s (95040 B / 1000 ms) fsu=52 | cum_total=2809926 B cum_segs=11709 | UP sent=12032 eagain=0 lasterr=0 txcred=27 host_pulls=0
  37.135  SINK rx: 92 KB/s (95040 B / 1000 ms) fsu=52 | cum_total=2904966 B cum_segs=12105 | UP sent=12426 eagain=0 lasterr=0 txcred=1 host_pulls=0
  38.133  SINK rx: 92 KB/s (94805 B / 1000 ms) fsu=52 | cum_total=2999771 B cum_segs=12500 | UP sent=12823 eagain=0 lasterr=0 txcred=15 host_pulls=0
  39.158  SINK rx: 92 KB/s (95040 B / 1000 ms) fsu=52 | cum_total=3094811 B cum_segs=12896 | UP sent=13207 eagain=0 lasterr=0 txcred=0 host_pulls=0
