   0.268  CENRX cum_total=1269288 B
   1.301  CENRX cum_total=1364692 B
   2.272  CENRX cum_total=1394948 B
   3.318  CENRX cum_total=1394948 B
   4.296  CENRX cum_total=1394948 B
   5.269  RPT occ: events=0 mean_pkts/ev=0.00 max=0 nonempty_ev=0 fsu=52 | sender: sent=2769(+1246 SDU) eagain=0(+0) poolfail=0(+0)
   5.325  CENRX cum_total=1394948 B
   5.591  L2CAP disconnected
   5.591  GAP disconnected 0x08
   5.591  scan start rc=0
   5.698  found D6:C7:60:B1:D3:0E (random) (rssi -30), connecting
   5.698  Q2CONN AA=a14f76f7 CRCINIT=115b96 hop=7 chan_count=37 map=ffffffff1f
   5.698  GAP connected
   5.698  phy req rc=0
   5.749  DLE: tx_max=27 rx_max=251
   5.802  PHY: tx=2 rx=2 (2=2M)
   5.802  dle req rc=0
   5.802  DLE: tx_max=251 rx_max=251
   5.802  l2cap_chan_connect rc=0
   5.856  L2CAP connected: tx.mtu=512 tx.mps=247 tx.credits=0 rx.mtu=512 rx.mps=247
   5.856  GATE conn: interval=6 (units 1.25ms) => 7.50 ms
   5.856  Q3FSU-REQ role=C auto min=52 max=150 phys=0x2 rc=0
   5.856  Q3FSU-DONE role=C status=0x00 spacing=52 types=0x3 phys=0x2 initiator=0
   6.172  blasting 480-byte SDUs...
   6.282  CENRX cum_total=1462780 B
   7.308  CENRX cum_total=1558672 B
   8.285  CENRX cum_total=1654076 B
   9.324  CENRX cum_total=1749724 B
  10.305  CENRX cum_total=1845128 B
  11.332  CENRX cum_total=1940776 B
  12.302  CENRX cum_total=2036180 B
  13.347  CENRX cum_total=2131096 B
  14.326  CENRX cum_total=2226500 B
  15.303  RPT occ: events=0 mean_pkts/ev=0.00 max=0 nonempty_ev=0 fsu=52 | sender: sent=4575(+1806 SDU) eagain=0(+0) poolfail=0(+0)
  15.303  CENRX cum_total=2321904 B
  16.345  CENRX cum_total=2417552 B
  17.313  CENRX cum_total=2513200 B
  18.350  CENRX cum_total=2608848 B
  19.330  CENRX cum_total=2704252 B
  20.350  CENRX cum_total=2799900 B
  21.323  CENRX cum_total=2895304 B
  22.357  CENRX cum_total=2990952 B
  23.333  CENRX cum_total=3086356 B
  24.357  CENRX cum_total=3181760 B
  25.275  RPT occ: events=0 mean_pkts/ev=0.00 max=0 nonempty_ev=0 fsu=52 | sender: sent=6530(+1955 SDU) eagain=0(+0) poolfail=0(+0)
  25.330  CENRX cum_total=3277408 B
  26.370  CENRX cum_total=3372812 B
  27.341  CENRX cum_total=3468460 B
  28.372  CENRX cum_total=3563864 B
  29.339  CENRX cum_total=3659512 B
  30.374  CENRX cum_total=3754916 B
  31.354  CENRX cum_total=3850564 B
  32.390  CENRX cum_total=3945968 B
  33.367  CENRX cum_total=4041616 B
  34.395  CENRX cum_total=4137020 B
  35.323  RPT occ: events=0 mean_pkts/ev=0.00 max=0 nonempty_ev=0 fsu=52 | sender: sent=8484(+1954 SDU) eagain=0(+0) poolfail=0(+0)
  35.378  CENRX cum_total=4232668 B
  36.359  CENRX cum_total=4328072 B
  37.392  CENRX cum_total=4422744 B
  38.375  CENRX cum_total=4518636 B
  39.400  CENRX cum_total=4614040 B
