   0.495  P t=60s rxkBps=0 blkkBps=0 pongs=20404(+0/s) cancels=0(+0/s) notify=1 disc=0(0x00) | echo rx=0 tx=0 pend=0 stale=0
   0.550  P t=61s rxkBps=0 blkkBps=0 pongs=20404(+0/s) cancels=0(+0/s) notify=1 disc=0(0x00) | echo rx=0 tx=0 pend=0 stale=0
   1.678  *** Booting nRF Connect SDK v3.4.0-99553055607b ***
   1.678  *** Using Zephyr OS v4.4.0-bf801e4e3d19 ***
   1.678  [00:51:19.961,378] [0m<inf> bt_sdc_hci_driver: SoftDevice Controller build revision:
   1.733                                              c8 da 30 98 f9 f0 34 a4  4b 6e ba d3 08 19 cc 0c |..0...4. Kn......
   1.733                                              ea 51 da 47                                      |.Q.G             [0m
   1.733  [00:51:19.962,144] [1;33m<wrn> bt_hci_core: Num of Controller's ACL packets != ACL bt_conn_tx contexts (10 != 3)[0m
   1.733  [00:51:19.962,770] [0m<inf> bt_hci_core: HW Platform: Nordic Semiconductor (0x0002)[0m
   1.733  [00:51:19.962,782] [0m<inf> bt_hci_core: HW Variant: nRF54Lx (0x0005)[0m
   1.733  [00:51:19.962,793] [0m<inf> bt_hci_core: Firmware: Standard Bluetooth controller (0x00) Version 200.12506 Build 888207768[0m
   1.733  [00:51:19.963,178] [0m<inf> bt_hci_core: HCI transport: SDC[0m
   1.788  [00:51:19.963,223] [0m<inf> bt_hci_core: Identity: D6:C7:60:B1:D3:0E (random)[0m
   1.788  [00:51:19.963,239] [0m<inf> bt_hci_core: HCI: version 6.3 (0x11) revision 0x3039, manufacturer 0x0059[0m
   1.788  [00:51:19.963,253] [0m<inf> bt_hci_core: LMP: version 6.3 (0x11) subver 0x3039[0m
   1.788  
   1.788  === nRF54L15 RTT ping-pong PERIPHERAL (echo) ===
   1.788  advertising
   2.933  GAP connected interval=15000
   2.933  PHY tx=2 rx=2
   2.988  P t=1s rxkBps=0 blkkBps=0 pongs=0(+0/s) cancels=0(+0/s) notify=0 disc=0(0x00) | echo rx=0 tx=0 pend=0 stale=0
   2.988  CCC: notify ENABLED
   4.672  P t=2s rxkBps=64 blkkBps=0 pongs=269(+269/s) cancels=0(+0/s) notify=1 disc=0(0x00) | echo rx=0 tx=0 pend=0 stale=0
   4.727  P t=3s rxkBps=75 blkkBps=0 pongs=584(+315/s) cancels=0(+0/s) notify=1 disc=0(0x00) | echo rx=0 tx=0 pend=0 stale=0
   6.684  P t=4s rxkBps=75 blkkBps=0 pongs=901(+317/s) cancels=0(+0/s) notify=1 disc=0(0x00) | echo rx=0 tx=0 pend=0 stale=0
   6.684  P t=5s rxkBps=84 blkkBps=0 pongs=1257(+356/s) cancels=0(+0/s) notify=1 disc=0(0x00) | echo rx=0 tx=0 pend=0 stale=0
   8.692  P t=6s rxkBps=78 blkkBps=0 pongs=1588(+331/s) cancels=0(+0/s) notify=1 disc=0(0x00) | echo rx=0 tx=0 pend=0 stale=0
   8.692  P t=7s rxkBps=82 blkkBps=0 pongs=1935(+347/s) cancels=0(+0/s) notify=1 disc=0(0x00) | echo rx=0 tx=0 pend=0 stale=0
  10.697  P t=8s rxkBps=86 blkkBps=0 pongs=2296(+361/s) cancels=0(+0/s) notify=1 disc=0(0x00) | echo rx=0 tx=0 pend=0 stale=0
  10.697  P t=9s rxkBps=84 blkkBps=0 pongs=2652(+356/s) cancels=0(+0/s) notify=1 disc=0(0x00) | echo rx=0 tx=0 pend=0 stale=0
  12.704  P t=10s rxkBps=86 blkkBps=0 pongs=3014(+362/s) cancels=0(+0/s) notify=1 disc=0(0x00) | echo rx=0 tx=0 pend=0 stale=0
  12.704  P t=11s rxkBps=84 blkkBps=0 pongs=3370(+356/s) cancels=0(+0/s) notify=1 disc=0(0x00) | echo rx=0 tx=0 pend=0 stale=0
  14.709  P t=12s rxkBps=85 blkkBps=0 pongs=3729(+359/s) cancels=0(+0/s) notify=1 disc=0(0x00) | echo rx=0 tx=0 pend=0 stale=0
  14.709  P t=13s rxkBps=76 blkkBps=0 pongs=4051(+322/s) cancels=0(+0/s) notify=1 disc=0(0x00) | echo rx=0 tx=0 pend=0 stale=0
  16.676  P t=14s rxkBps=82 blkkBps=0 pongs=4397(+346/s) cancels=0(+0/s) notify=1 disc=0(0x00) | echo rx=0 tx=0 pend=0 stale=0
  16.731  P t=15s rxkBps=85 blkkBps=0 pongs=4756(+359/s) cancels=0(+0/s) notify=1 disc=0(0x00) | echo rx=0 tx=0 pend=0 stale=0
  18.672  P t=16s rxkBps=86 blkkBps=0 pongs=5117(+361/s) cancels=0(+0/s) notify=1 disc=0(0x00) | echo rx=0 tx=0 pend=0 stale=0
  18.727  P t=17s rxkBps=83 blkkBps=0 pongs=5468(+351/s) cancels=0(+0/s) notify=1 disc=0(0x00) | echo rx=0 tx=0 pend=0 stale=0
  20.684  P t=18s rxkBps=79 blkkBps=0 pongs=5801(+333/s) cancels=0(+0/s) notify=1 disc=0(0x00) | echo rx=0 tx=0 pend=0 stale=0
  20.684  P t=19s rxkBps=85 blkkBps=0 pongs=6158(+357/s) cancels=0(+0/s) notify=1 disc=0(0x00) | echo rx=0 tx=0 pend=0 stale=0
  22.683  P t=20s rxkBps=72 blkkBps=0 pongs=6464(+306/s) cancels=0(+0/s) notify=1 disc=0(0x00) | echo rx=0 tx=0 pend=0 stale=0
  22.683  P t=21s rxkBps=81 blkkBps=0 pongs=6806(+342/s) cancels=0(+0/s) notify=1 disc=0(0x00) | echo rx=0 tx=0 pend=0 stale=0
  24.688  P t=22s rxkBps=91 blkkBps=0 pongs=7192(+386/s) cancels=0(+0/s) notify=1 disc=0(0x00) | echo rx=0 tx=0 pend=0 stale=0
  24.688  P t=23s rxkBps=84 blkkBps=0 pongs=7548(+356/s) cancels=0(+0/s) notify=1 disc=0(0x00) | echo rx=0 tx=0 pend=0 stale=0
  26.693  P t=24s rxkBps=85 blkkBps=0 pongs=7906(+358/s) cancels=0(+0/s) notify=1 disc=0(0x00) | echo rx=0 tx=0 pend=0 stale=0
  26.693  P t=25s rxkBps=69 blkkBps=0 pongs=8198(+292/s) cancels=0(+0/s) notify=1 disc=0(0x00) | echo rx=0 tx=0 pend=0 stale=0
  28.715  P t=26s rxkBps=83 blkkBps=0 pongs=8550(+352/s) cancels=0(+0/s) notify=1 disc=0(0x00) | echo rx=0 tx=0 pend=0 stale=0
  28.715  P t=27s rxkBps=88 blkkBps=0 pongs=8923(+373/s) cancels=0(+0/s) notify=1 disc=0(0x00) | echo rx=0 tx=0 pend=0 stale=0
  30.676  P t=28s rxkBps=85 blkkBps=0 pongs=9283(+360/s) cancels=0(+0/s) notify=1 disc=0(0x00) | echo rx=0 tx=0 pend=0 stale=0
  30.728  P t=29s rxkBps=89 blkkBps=0 pongs=9659(+376/s) cancels=0(+0/s) notify=1 disc=0(0x00) | echo rx=0 tx=0 pend=0 stale=0
  32.676  P t=30s rxkBps=81 blkkBps=0 pongs=9999(+340/s) cancels=0(+0/s) notify=1 disc=0(0x00) | echo rx=0 tx=0 pend=0 stale=0
  32.726  P t=31s rxkBps=88 blkkBps=0 pongs=10371(+372/s) cancels=0(+0/s) notify=1 disc=0(0x00) | echo rx=0 tx=0 pend=0 stale=0
  34.681  P t=32s rxkBps=90 blkkBps=0 pongs=10749(+378/s) cancels=0(+0/s) notify=1 disc=0(0x00) | echo rx=0 tx=0 pend=0 stale=0
  34.733  P t=33s rxkBps=91 blkkBps=0 pongs=11131(+382/s) cancels=0(+0/s) notify=1 disc=0(0x00) | echo rx=0 tx=0 pend=0 stale=0
  36.704  P t=34s rxkBps=90 blkkBps=0 pongs=11509(+378/s) cancels=0(+0/s) notify=1 disc=0(0x00) | echo rx=0 tx=0 pend=0 stale=0
  36.704  P t=35s rxkBps=90 blkkBps=0 pongs=11890(+381/s) cancels=0(+0/s) notify=1 disc=0(0x00) | echo rx=0 tx=0 pend=0 stale=0
  38.726  P t=36s rxkBps=88 blkkBps=0 pongs=12260(+370/s) cancels=0(+0/s) notify=1 disc=0(0x00) | echo rx=0 tx=0 pend=0 stale=0
  38.726  P t=37s rxkBps=83 blkkBps=0 pongs=12609(+349/s) cancels=0(+0/s) notify=1 disc=0(0x00) | echo rx=0 tx=0 pend=0 stale=0
  40.681  P t=38s rxkBps=85 blkkBps=0 pongs=12968(+359/s) cancels=0(+0/s) notify=1 disc=0(0x00) | echo rx=0 tx=0 pend=0 stale=0
  40.732  P t=39s rxkBps=82 blkkBps=0 pongs=13315(+347/s) cancels=0(+0/s) notify=1 disc=0(0x00) | echo rx=0 tx=0 pend=0 stale=0
  42.725  P t=40s rxkBps=88 blkkBps=0 pongs=13685(+370/s) cancels=0(+0/s) notify=1 disc=0(0x00) | echo rx=0 tx=0 pend=0 stale=0
  42.725  P t=41s rxkBps=88 blkkBps=0 pongs=14057(+372/s) cancels=0(+0/s) notify=1 disc=0(0x00) | echo rx=0 tx=0 pend=0 stale=0
  44.705  P t=42s rxkBps=81 blkkBps=0 pongs=14399(+342/s) cancels=0(+0/s) notify=1 disc=0(0x00) | echo rx=0 tx=0 pend=0 stale=0
  44.705  P t=43s rxkBps=81 blkkBps=0 pongs=14739(+340/s) cancels=0(+0/s) notify=1 disc=0(0x00) | echo rx=0 tx=0 pend=0 stale=0
  46.702  P t=44s rxkBps=83 blkkBps=0 pongs=15090(+351/s) cancels=0(+0/s) notify=1 disc=0(0x00) | echo rx=0 tx=0 pend=0 stale=0
  46.702  P t=45s rxkBps=89 blkkBps=0 pongs=15465(+375/s) cancels=0(+0/s) notify=1 disc=0(0x00) | echo rx=0 tx=0 pend=0 stale=0
  48.714  P t=46s rxkBps=86 blkkBps=0 pongs=15827(+362/s) cancels=0(+0/s) notify=1 disc=0(0x00) | echo rx=0 tx=0 pend=0 stale=0
  48.714  P t=47s rxkBps=80 blkkBps=0 pongs=16163(+336/s) cancels=0(+0/s) notify=1 disc=0(0x00) | echo rx=0 tx=0 pend=0 stale=0
  50.722  P t=48s rxkBps=82 blkkBps=0 pongs=16509(+346/s) cancels=0(+0/s) notify=1 disc=0(0x00) | echo rx=0 tx=0 pend=0 stale=0
  50.722  P t=49s rxkBps=88 blkkBps=0 pongs=16880(+371/s) cancels=0(+0/s) notify=1 disc=0(0x00) | echo rx=0 tx=0 pend=0 stale=0
  52.675  P t=50s rxkBps=86 blkkBps=0 pongs=17244(+364/s) cancels=0(+0/s) notify=1 disc=0(0x00) | echo rx=0 tx=0 pend=0 stale=0
  52.730  P t=51s rxkBps=89 blkkBps=0 pongs=17619(+375/s) cancels=0(+0/s) notify=1 disc=0(0x00) | echo rx=0 tx=0 pend=0 stale=0
  54.726  P t=52s rxkBps=86 blkkBps=0 pongs=17983(+364/s) cancels=0(+0/s) notify=1 disc=0(0x00) | echo rx=0 tx=0 pend=0 stale=0
  54.726  P t=53s rxkBps=85 blkkBps=0 pongs=18342(+359/s) cancels=0(+0/s) notify=1 disc=0(0x00) | echo rx=0 tx=0 pend=0 stale=0
  56.729  P t=54s rxkBps=83 blkkBps=0 pongs=18692(+350/s) cancels=0(+0/s) notify=1 disc=0(0x00) | echo rx=0 tx=0 pend=0 stale=0
  56.729  P t=55s rxkBps=84 blkkBps=0 pongs=19046(+354/s) cancels=0(+0/s) notify=1 disc=0(0x00) | echo rx=0 tx=0 pend=0 stale=0
  58.729  P t=56s rxkBps=86 blkkBps=0 pongs=19407(+361/s) cancels=0(+0/s) notify=1 disc=0(0x00) | echo rx=0 tx=0 pend=0 stale=0
  58.729  P t=57s rxkBps=83 blkkBps=0 pongs=19757(+350/s) cancels=0(+0/s) notify=1 disc=0(0x00) | echo rx=0 tx=0 pend=0 stale=0
