   1.910  *** Booting nRF Connect SDK v3.4.0-99553055607b ***
   1.910  *** Using Zephyr OS v4.4.0-bf801e4e3d19 ***
   1.910  [00:45:09.149,132] [0m<inf> bt_sdc_hci_driver: SoftDevice Controller build revision:
   1.965                                              c8 da 30 98 f9 f0 34 a4  4b 6e ba d3 08 19 cc 0c |..0...4. Kn......
   1.965                                              ea 51 da 47                                      |.Q.G             [0m
   1.965  [00:45:09.150,336] [0m<inf> bt_hci_core: HW Platform: Nordic Semiconductor (0x0002)[0m
   1.965  [00:45:09.150,348] [0m<inf> bt_hci_core: HW Variant: nRF54Lx (0x0005)[0m
   1.965  [00:45:09.150,360] [0m<inf> bt_hci_core: Firmware: Standard Bluetooth controller (0x00) Version 200.12506 Build 888207768[0m
   1.965  [00:45:09.150,758] [0m<inf> bt_hci_core: HCI transport: SDC[0m
   1.965  [00:45:09.150,805] [0m<inf> bt_hci_core: Identity: FC:BE:FF:FA:E6:8B (random)[0m
   2.021  [00:45:09.150,822] [0m<inf> bt_hci_core: HCI: version 6.3 (0x11) revision 0x3039, manufacturer 0x0059[0m
   2.021  [00:45:09.150,837] [0m<inf> bt_hci_core: LMP: version 6.3 (0x11) subver 0x3039[0m
   2.021  
   2.021  === nRF54L15 RTT ping-pong CENTRAL ===
   2.021  scan rc=0
   2.021  GAP connected interval=7500
   2.021  MTU err=0 mtu=247
   2.616  PHY tx=2 rx=2
   2.616  discovery start (post-PHY +500ms) interval=7500 phy2m=1
   2.616  SUBSCRIBED, vh=18
   2.616  BLAST: phy_update->2M rc=0
   2.616  BLAST first16_call_us: 121 115 116 117 117 117 117 116 110 52 48 48 48 48 48 48
   2.616  PHY tx=2 rx=2
   3.912  t=1s RTT mean=0 min=0 max=0 n=0 to=0 | cancels=0(+0/s) seqbad=0 len_bad=111 disc=0(0x00) | tot_n=0 tot_to=0 maxever=0 >2ms=0 >5ms=0 >15ms=0 >20ms=0 >30ms=0 | probes=0 wrfail=0 down=0s maxout=0s
   3.912  BLASTC comp=122 exkBps=26 cgap_us[min/avg/max]=125/2468/7502
   3.967  BLAST phy=2/2 att=132 ok=132 enomem=0 err=0 call_us[min/avg/max]=48/2251/7492 okgap_max_us=7502
   3.967  BLASTC comp=373 exkBps=88 cgap_us[min/avg/max]=2393/2681/12606
   3.968  BLAST phy=2/2 att=373 ok=373 enomem=0 err=0 call_us[min/avg/max]=2382/2668/12596 okgap_max_us=12606
   3.968  t=2s RTT mean=0 min=0 max=0 n=0 to=0 | cancels=0(+0/s) seqbad=0 len_bad=484 disc=0(0x00) | tot_n=0 tot_to=0 maxever=0 >2ms=0 >5ms=0 >15ms=0 >20ms=0 >30ms=0 | probes=0 wrfail=0 down=0s maxout=0s
   5.915  BLASTC comp=373 exkBps=88 cgap_us[min/avg/max]=2393/2680/10186
   5.916  BLAST phy=2/2 att=373 ok=373 enomem=0 err=0 call_us[min/avg/max]=2318/2667/10099 okgap_max_us=10110
   5.971  t=3s RTT mean=0 min=0 max=0 n=0 to=0 | cancels=0(+0/s) seqbad=0 len_bad=857 disc=0(0x00) | tot_n=0 tot_to=0 maxever=0 >2ms=0 >5ms=0 >15ms=0 >20ms=0 >30ms=0 | probes=0 wrfail=0 down=0s maxout=0s
   5.971  BLASTC comp=366 exkBps=87 cgap_us[min/avg/max]=2393/2732/10186
   5.971  BLAST phy=2/2 att=366 ok=366 enomem=0 err=0 call_us[min/avg/max]=2382/2719/10098 okgap_max_us=10109
   5.971  t=4s RTT mean=0 min=0 max=0 n=0 to=0 | cancels=0(+0/s) seqbad=0 len_bad=1223 disc=0(0x00) | tot_n=0 tot_to=0 maxever=0 >2ms=0 >5ms=0 >15ms=0 >20ms=0 >30ms=0 | probes=0 wrfail=0 down=0s maxout=0s
   7.935  BLASTC comp=371 exkBps=88 cgap_us[min/avg/max]=2393/2695/14991
   7.935  BLAST phy=2/2 att=371 ok=371 enomem=0 err=0 call_us[min/avg/max]=2382/2682/14981 okgap_max_us=14992
   7.935  t=5s RTT mean=0 min=0 max=0 n=0 to=0 | cancels=0(+0/s) seqbad=0 len_bad=1594 disc=0(0x00) | tot_n=0 tot_to=0 maxever=0 >2ms=0 >5ms=0 >15ms=0 >20ms=0 >30ms=0 | probes=0 wrfail=0 down=0s maxout=0s
   7.935  BLASTC comp=389 exkBps=92 cgap_us[min/avg/max]=2393/2570/10186
   7.990  BLAST phy=2/2 att=389 ok=389 enomem=0 err=0 call_us[min/avg/max]=2333/2557/10100 okgap_max_us=10110
   7.991  t=6s RTT mean=0 min=0 max=0 n=0 to=0 | cancels=0(+0/s) seqbad=0 len_bad=1983 disc=0(0x00) | tot_n=0 tot_to=0 maxever=0 >2ms=0 >5ms=0 >15ms=0 >20ms=0 >30ms=0 | probes=0 wrfail=0 down=0s maxout=0s
   9.940  BLASTC comp=386 exkBps=91 cgap_us[min/avg/max]=2390/2590/10186
   9.940  BLAST phy=2/2 att=386 ok=386 enomem=0 err=0 call_us[min/avg/max]=2376/2578/10099 okgap_max_us=10110
   9.940  t=7s RTT mean=0 min=0 max=0 n=0 to=0 | cancels=0(+0/s) seqbad=0 len_bad=2369 disc=0(0x00) | tot_n=0 tot_to=0 maxever=0 >2ms=0 >5ms=0 >15ms=0 >20ms=0 >30ms=0 | probes=0 wrfail=0 down=0s maxout=0s
   9.940  BLASTC comp=374 exkBps=89 cgap_us[min/avg/max]=2393/2674/10185
   9.940  BLAST phy=2/2 att=374 ok=374 enomem=0 err=0 call_us[min/avg/max]=2382/2661/10096 okgap_max_us=10107
   9.995  t=8s RTT mean=0 min=0 max=0 n=0 to=0 | cancels=0(+0/s) seqbad=0 len_bad=2743 disc=0(0x00) | tot_n=0 tot_to=0 maxever=0 >2ms=0 >5ms=0 >15ms=0 >20ms=0 >30ms=0 | probes=0 wrfail=0 down=0s maxout=0s
  11.900  BLASTC comp=379 exkBps=90 cgap_us[min/avg/max]=2392/2638/14999
  11.900  BLAST phy=2/2 att=379 ok=379 enomem=0 err=0 call_us[min/avg/max]=2328/2625/14988 okgap_max_us=14998
  11.952  t=9s RTT mean=0 min=0 max=0 n=0 to=0 | cancels=0(+0/s) seqbad=0 len_bad=3122 disc=0(0x00) | tot_n=0 tot_to=0 maxever=0 >2ms=0 >5ms=0 >15ms=0 >20ms=0 >30ms=0 | probes=0 wrfail=0 down=0s maxout=0s
  11.953  BLASTC comp=376 exkBps=89 cgap_us[min/avg/max]=2393/2659/10186
  11.953  BLAST phy=2/2 att=376 ok=376 enomem=0 err=0 call_us[min/avg/max]=2382/2646/10099 okgap_max_us=10109
  12.008  t=10s RTT mean=0 min=0 max=0 n=0 to=0 | cancels=0(+0/s) seqbad=0 len_bad=3498 disc=0(0x00) | tot_n=0 tot_to=0 maxever=0 >2ms=0 >5ms=0 >15ms=0 >20ms=0 >30ms=0 | probes=0 wrfail=0 down=0s maxout=0s
  13.910  BLASTC comp=379 exkBps=90 cgap_us[min/avg/max]=2391/2639/10186
  13.911  BLAST phy=2/2 att=379 ok=379 enomem=0 err=0 call_us[min/avg/max]=2380/2626/10103 okgap_max_us=10113
  13.966  t=11s RTT mean=0 min=0 max=0 n=0 to=0 | cancels=0(+0/s) seqbad=0 len_bad=3877 disc=0(0x00) | tot_n=0 tot_to=0 maxever=0 >2ms=0 >5ms=0 >15ms=0 >20ms=0 >30ms=0 | probes=0 wrfail=0 down=0s maxout=0s
  13.966  BLASTC comp=374 exkBps=89 cgap_us[min/avg/max]=2393/2673/10186
  13.966  BLAST phy=2/2 att=374 ok=374 enomem=0 err=0 call_us[min/avg/max]=2334/2661/10098 okgap_max_us=10109
  13.966  t=12s RTT mean=0 min=0 max=0 n=0 to=0 | cancels=0(+0/s) seqbad=0 len_bad=4251 disc=0(0x00) | tot_n=0 tot_to=0 maxever=0 >2ms=0 >5ms=0 >15ms=0 >20ms=0 >30ms=0 | probes=0 wrfail=0 down=0s maxout=0s
  15.607  FSU: request [52..52] us (ACL both dirs, 1M+2M) rc=0
  15.607  FSU: updated status=0x00 spacing=70 us phys=0x3 types=0x3 initiator=0
  15.607  BLASTC comp=362 exkBps=86 cgap_us[min/avg/max]=2232/2761/10502
  15.662  BLAST phy=2/2 att=362 ok=362 enomem=0 err=0 call_us[min/avg/max]=2218/2749/10491 okgap_max_us=10502
  15.662  t=13s RTT mean=0 min=0 max=0 n=0 to=0 | cancels=0(+0/s) seqbad=0 len_bad=4613 disc=0(0x00) | tot_n=0 tot_to=0 maxever=0 >2ms=0 >5ms=0 >15ms=0 >20ms=0 >30ms=0 | probes=0 wrfail=0 down=0s maxout=0s
  16.913  BLASTC comp=386 exkBps=91 cgap_us[min/avg/max]=2230/2591/10502
  16.913  BLAST phy=2/2 att=386 ok=386 enomem=0 err=0 call_us[min/avg/max]=2219/2581/10491 okgap_max_us=10502
  16.967  t=14s RTT mean=0 min=0 max=0 n=0 to=0 | cancels=0(+0/s) seqbad=0 len_bad=4999 disc=0(0x00) | tot_n=0 tot_to=0 maxever=0 >2ms=0 >5ms=0 >15ms=0 >20ms=0 >30ms=0 | probes=0 wrfail=0 down=0s maxout=0s
  16.968  BLASTC comp=374 exkBps=89 cgap_us[min/avg/max]=2230/2673/10504
  16.968  BLAST phy=2/2 att=374 ok=374 enomem=0 err=0 call_us[min/avg/max]=2170/2662/10494 okgap_max_us=10504
  16.968  t=15s RTT mean=0 min=0 max=0 n=0 to=0 | cancels=0(+0/s) seqbad=0 len_bad=5374 disc=0(0x00) | tot_n=0 tot_to=0 maxever=0 >2ms=0 >5ms=0 >15ms=0 >20ms=0 >30ms=0 | probes=0 wrfail=0 down=0s maxout=0s
  18.912  BLASTC comp=382 exkBps=91 cgap_us[min/avg/max]=2230/2617/10500
  18.912  BLAST phy=2/2 att=382 ok=382 enomem=0 err=0 call_us[min/avg/max]=2215/2606/10489 okgap_max_us=10500
  18.968  t=16s RTT mean=0 min=0 max=0 n=0 to=0 | cancels=0(+0/s) seqbad=0 len_bad=5755 disc=0(0x00) | tot_n=0 tot_to=0 maxever=0 >2ms=0 >5ms=0 >15ms=0 >20ms=0 >30ms=0 | probes=0 wrfail=0 down=0s maxout=0s
  18.968  BLASTC comp=385 exkBps=91 cgap_us[min/avg/max]=2230/2598/7502
  18.968  BLAST phy=2/2 att=385 ok=385 enomem=0 err=0 call_us[min/avg/max]=2215/2587/7492 okgap_max_us=7502
  18.968  t=17s RTT mean=0 min=0 max=0 n=0 to=0 | cancels=0(+0/s) seqbad=0 len_bad=6141 disc=0(0x00) | tot_n=0 tot_to=0 maxever=0 >2ms=0 >5ms=0 >15ms=0 >20ms=0 >30ms=0 | probes=0 wrfail=0 down=0s maxout=0s
  20.924  BLASTC comp=374 exkBps=89 cgap_us[min/avg/max]=2229/2673/15000
  20.924  BLAST phy=2/2 att=374 ok=374 enomem=0 err=0 call_us[min/avg/max]=2177/2662/14989 okgap_max_us=14999
  20.924  t=18s RTT mean=0 min=0 max=0 n=0 to=0 | cancels=0(+0/s) seqbad=0 len_bad=6515 disc=0(0x00) | tot_n=0 tot_to=0 maxever=0 >2ms=0 >5ms=0 >15ms=0 >20ms=0 >30ms=0 | probes=0 wrfail=0 down=0s maxout=0s
  20.924  BLASTC comp=389 exkBps=92 cgap_us[min/avg/max]=2230/2570/5270
  20.977  BLAST phy=2/2 att=389 ok=389 enomem=0 err=0 call_us[min/avg/max]=2196/2559/5259 okgap_max_us=5270
  20.977  t=19s RTT mean=0 min=0 max=0 n=0 to=0 | cancels=0(+0/s) seqbad=0 len_bad=6904 disc=0(0x00) | tot_n=0 tot_to=0 maxever=0 >2ms=0 >5ms=0 >15ms=0 >20ms=0 >30ms=0 | probes=0 wrfail=0 down=0s maxout=0s
  22.923  BLASTC comp=376 exkBps=89 cgap_us[min/avg/max]=2228/2660/12766
  22.923  BLAST phy=2/2 att=376 ok=376 enomem=0 err=0 call_us[min/avg/max]=2218/2650/12755 okgap_max_us=12766
  22.923  t=20s RTT mean=0 min=0 max=0 n=0 to=0 | cancels=0(+0/s) seqbad=0 len_bad=7280 disc=0(0x00) | tot_n=0 tot_to=0 maxever=0 >2ms=0 >5ms=0 >15ms=0 >20ms=0 >30ms=0 | probes=0 wrfail=0 down=0s maxout=0s
  22.978  BLASTC comp=389 exkBps=92 cgap_us[min/avg/max]=2230/2570/10502
  22.979  BLAST phy=2/2 att=389 ok=389 enomem=0 err=0 call_us[min/avg/max]=2160/2559/10491 okgap_max_us=10502
  22.979  t=21s RTT mean=0 min=0 max=0 n=0 to=0 | cancels=0(+0/s) seqbad=0 len_bad=7669 disc=0(0x00) | tot_n=0 tot_to=0 maxever=0 >2ms=0 >5ms=0 >15ms=0 >20ms=0 >30ms=0 | probes=0 wrfail=0 down=0s maxout=0s
  24.937  BLASTC comp=388 exkBps=92 cgap_us[min/avg/max]=2230/2576/7501
  24.937  BLAST phy=2/2 att=388 ok=388 enomem=0 err=0 call_us[min/avg/max]=2200/2565/7490 okgap_max_us=7500
  24.937  t=22s RTT mean=0 min=0 max=0 n=0 to=0 | cancels=0(+0/s) seqbad=0 len_bad=8057 disc=0(0x00) | tot_n=0 tot_to=0 maxever=0 >2ms=0 >5ms=0 >15ms=0 >20ms=0 >30ms=0 | probes=0 wrfail=0 down=0s maxout=0s
  24.937  BLASTC comp=376 exkBps=89 cgap_us[min/avg/max]=2230/2660/12768
  24.937  BLAST phy=2/2 att=376 ok=376 enomem=0 err=0 call_us[min/avg/max]=2219/2650/12757 okgap_max_us=12768
  24.993  t=23s RTT mean=0 min=0 max=0 n=0 to=0 | cancels=0(+0/s) seqbad=0 len_bad=8433 disc=0(0x00) | tot_n=0 tot_to=0 maxever=0 >2ms=0 >5ms=0 >15ms=0 >20ms=0 >30ms=0 | probes=0 wrfail=0 down=0s maxout=0s
  26.953  t=24s RTT mean=0 min=0 max=0 n=0 to=0 | cancels=0(+0/s) seqbad=0 len_bad=8782 disc=0(0x00) | tot_n=0 tot_to=0 maxever=0 >2ms=0 >5ms=0 >15ms=0 >20ms=0 >30ms=0 | probes=0 wrfail=0 down=0s maxout=0s
  26.953  BLASTC comp=351 exkBps=83 cgap_us[min/avg/max]=2230/2863/18004
  26.953  BLAST phy=2/2 att=351 ok=351 enomem=0 err=0 call_us[min/avg/max]=2165/2852/17993 okgap_max_us=18004
  26.953  BLASTC comp=286 exkBps=68 cgap_us[min/avg/max]=2230/3477/33001
  26.953  BLAST phy=2/2 att=286 ok=286 enomem=0 err=0 call_us[min/avg/max]=2163/3466/32990 okgap_max_us=33001
  27.008  t=25s RTT mean=0 min=0 max=0 n=0 to=0 | cancels=0(+0/s) seqbad=0 len_bad=9070 disc=0(0x00) | tot_n=0 tot_to=0 maxever=0 >2ms=0 >5ms=0 >15ms=0 >20ms=0 >30ms=0 | probes=0 wrfail=0 down=0s maxout=0s
  28.905  BLASTC comp=299 exkBps=71 cgap_us[min/avg/max]=2230/3346/25501
  28.905  BLAST phy=2/2 att=299 ok=299 enomem=0 err=0 call_us[min/avg/max]=2219/3335/25489 okgap_max_us=25500
  28.960  t=26s RTT mean=0 min=0 max=0 n=0 to=0 | cancels=0(+0/s) seqbad=0 len_bad=9369 disc=0(0x00) | tot_n=0 tot_to=0 maxever=0 >2ms=0 >5ms=0 >15ms=0 >20ms=0 >30ms=0 | probes=0 wrfail=0 down=0s maxout=0s
  28.960  t=27s RTT mean=0 min=0 max=0 n=0 to=0 | cancels=0(+0/s) seqbad=0 len_bad=9654 disc=0(0x00) | tot_n=0 tot_to=0 maxever=0 >2ms=0 >5ms=0 >15ms=0 >20ms=0 >30ms=0 | probes=0 wrfail=0 down=0s maxout=0s
  28.960  BLASTC comp=287 exkBps=68 cgap_us[min/avg/max]=2230/3527/33001
  28.960  BLAST phy=2/2 att=287 ok=287 enomem=0 err=0 call_us[min/avg/max]=2163/3516/32990 okgap_max_us=33001
  30.911  BLASTC comp=287 exkBps=68 cgap_us[min/avg/max]=2230/3438/33002
  30.911  BLAST phy=2/2 att=287 ok=287 enomem=0 err=0 call_us[min/avg/max]=2165/3428/32991 okgap_max_us=33002
  30.966  t=28s RTT mean=0 min=0 max=0 n=0 to=0 | cancels=0(+0/s) seqbad=0 len_bad=9943 disc=0(0x00) | tot_n=0 tot_to=0 maxever=0 >2ms=0 >5ms=0 >15ms=0 >20ms=0 >30ms=0 | probes=0 wrfail=0 down=0s maxout=0s
  30.966  BLASTC comp=388 exkBps=92 cgap_us[min/avg/max]=2230/2578/10501
  30.966  BLAST phy=2/2 att=388 ok=388 enomem=0 err=0 call_us[min/avg/max]=2215/2567/10490 okgap_max_us=10501
  30.966  t=29s RTT mean=0 min=0 max=0 n=0 to=0 | cancels=0(+0/s) seqbad=0 len_bad=10331 disc=0(0x00) | tot_n=0 tot_to=0 maxever=0 >2ms=0 >5ms=0 >15ms=0 >20ms=0 >30ms=0 | probes=0 wrfail=0 down=0s maxout=0s
  32.916  BLASTC comp=385 exkBps=91 cgap_us[min/avg/max]=2230/2596/10502
  32.916  BLAST phy=2/2 att=385 ok=385 enomem=0 err=0 call_us[min/avg/max]=2165/2585/10491 okgap_max_us=10502
  32.971  t=30s RTT mean=0 min=0 max=0 n=0 to=0 | cancels=0(+0/s) seqbad=0 len_bad=10716 disc=0(0x00) | tot_n=0 tot_to=0 maxever=0 >2ms=0 >5ms=0 >15ms=0 >20ms=0 >30ms=0 | probes=0 wrfail=0 down=0s maxout=0s
  32.971  BLASTC comp=381 exkBps=90 cgap_us[min/avg/max]=2230/2624/12769
  32.971  BLAST phy=2/2 att=381 ok=381 enomem=0 err=0 call_us[min/avg/max]=2192/2613/12759 okgap_max_us=12770
  32.971  t=31s RTT mean=0 min=0 max=0 n=0 to=0 | cancels=0(+0/s) seqbad=0 len_bad=11097 disc=0(0x00) | tot_n=0 tot_to=0 maxever=0 >2ms=0 >5ms=0 >15ms=0 >20ms=0 >30ms=0 | probes=0 wrfail=0 down=0s maxout=0s
  34.919  BLASTC comp=380 exkBps=90 cgap_us[min/avg/max]=2230/2632/10504
  34.919  BLAST phy=2/2 att=380 ok=380 enomem=0 err=0 call_us[min/avg/max]=2219/2622/10493 okgap_max_us=10504
  34.972  t=32s RTT mean=0 min=0 max=0 n=0 to=0 | cancels=0(+0/s) seqbad=0 len_bad=11478 disc=0(0x00) | tot_n=0 tot_to=0 maxever=0 >2ms=0 >5ms=0 >15ms=0 >20ms=0 >30ms=0 | probes=0 wrfail=0 down=0s maxout=0s
  34.972  BLASTC comp=382 exkBps=91 cgap_us[min/avg/max]=2230/2617/10504
  34.972  BLAST phy=2/2 att=382 ok=382 enomem=0 err=0 call_us[min/avg/max]=2162/2606/10494 okgap_max_us=10504
  34.972  t=33s RTT mean=0 min=0 max=0 n=0 to=0 | cancels=0(+0/s) seqbad=0 len_bad=11859 disc=0(0x00) | tot_n=0 tot_to=0 maxever=0 >2ms=0 >5ms=0 >15ms=0 >20ms=0 >30ms=0 | probes=0 wrfail=0 down=0s maxout=0s
  36.894  BLASTC comp=379 exkBps=90 cgap_us[min/avg/max]=2226/2637/10501
  36.949  BLAST phy=2/2 att=379 ok=379 enomem=0 err=0 call_us[min/avg/max]=2164/2627/10491 okgap_max_us=10501
  36.949  t=34s RTT mean=0 min=0 max=0 n=0 to=0 | cancels=0(+0/s) seqbad=0 len_bad=12239 disc=0(0x00) | tot_n=0 tot_to=0 maxever=0 >2ms=0 >5ms=0 >15ms=0 >20ms=0 >30ms=0 | probes=0 wrfail=0 down=0s maxout=0s
  36.949  BLASTC comp=390 exkBps=92 cgap_us[min/avg/max]=2230/2565/7500
  36.949  BLAST phy=2/2 att=390 ok=390 enomem=0 err=0 call_us[min/avg/max]=2217/2554/7489 okgap_max_us=7500
  37.005  t=35s RTT mean=0 min=0 max=0 n=0 to=0 | cancels=0(+0/s) seqbad=0 len_bad=12629 disc=0(0x00) | tot_n=0 tot_to=0 maxever=0 >2ms=0 >5ms=0 >15ms=0 >20ms=0 >30ms=0 | probes=0 wrfail=0 down=0s maxout=0s
  38.927  BLASTC comp=390 exkBps=92 cgap_us[min/avg/max]=2230/2563/10502
  38.927  BLAST phy=2/2 att=390 ok=390 enomem=0 err=0 call_us[min/avg/max]=2163/2552/10491 okgap_max_us=10502
  38.927  t=36s RTT mean=0 min=0 max=0 n=0 to=0 | cancels=0(+0/s) seqbad=0 len_bad=13019 disc=0(0x00) | tot_n=0 tot_to=0 maxever=0 >2ms=0 >5ms=0 >15ms=0 >20ms=0 >30ms=0 | probes=0 wrfail=0 down=0s maxout=0s
  38.927  BLASTC comp=371 exkBps=88 cgap_us[min/avg/max]=2230/2694/18001
  38.979  BLAST phy=2/2 att=371 ok=371 enomem=0 err=0 call_us[min/avg/max]=2195/2683/17991 okgap_max_us=18001
  38.979  t=37s RTT mean=0 min=0 max=0 n=0 to=0 | cancels=0(+0/s) seqbad=0 len_bad=13390 disc=0(0x00) | tot_n=0 tot_to=0 maxever=0 >2ms=0 >5ms=0 >15ms=0 >20ms=0 >30ms=0 | probes=0 wrfail=0 down=0s maxout=0s
  40.918  BLASTC comp=376 exkBps=89 cgap_us[min/avg/max]=2229/2660/10504
  40.918  BLAST phy=2/2 att=376 ok=376 enomem=0 err=0 call_us[min/avg/max]=2217/2650/10493 okgap_max_us=10504
  40.974  t=38s RTT mean=0 min=0 max=0 n=0 to=0 | cancels=0(+0/s) seqbad=0 len_bad=13766 disc=0(0x00) | tot_n=0 tot_to=0 maxever=0 >2ms=0 >5ms=0 >15ms=0 >20ms=0 >30ms=0 | probes=0 wrfail=0 down=0s maxout=0s
  40.974  BLASTC comp=309 exkBps=73 cgap_us[min/avg/max]=2230/3235/25501
  40.974  BLAST phy=2/2 att=309 ok=309 enomem=0 err=0 call_us[min/avg/max]=2164/3224/25490 okgap_max_us=25501
  40.974  t=39s RTT mean=0 min=0 max=0 n=0 to=0 | cancels=0(+0/s) seqbad=0 len_bad=14075 disc=0(0x00) | tot_n=0 tot_to=0 maxever=0 >2ms=0 >5ms=0 >15ms=0 >20ms=0 >30ms=0 | probes=0 wrfail=0 down=0s maxout=0s
  42.920  BLASTC comp=316 exkBps=75 cgap_us[min/avg/max]=2230/3163/25502
  42.920  BLAST phy=2/2 att=316 ok=316 enomem=0 err=0 call_us[min/avg/max]=2198/3152/25492 okgap_max_us=25503
  42.920  t=40s RTT mean=0 min=0 max=0 n=0 to=0 | cancels=0(+0/s) seqbad=0 len_bad=14389 disc=0(0x00) | tot_n=0 tot_to=0 maxever=0 >2ms=0 >5ms=0 >15ms=0 >20ms=0 >30ms=0 | probes=0 wrfail=0 down=0s maxout=0s
  42.971  BLASTC comp=280 exkBps=66 cgap_us[min/avg/max]=2230/3573/33000
  42.972  BLAST phy=2/2 att=280 ok=280 enomem=0 err=0 call_us[min/avg/max]=2219/3562/32989 okgap_max_us=33000
  42.972  t=41s RTT mean=0 min=0 max=0 n=0 to=0 | cancels=0(+0/s) seqbad=0 len_bad=14671 disc=0(0x00) | tot_n=0 tot_to=0 maxever=0 >2ms=0 >5ms=0 >15ms=0 >20ms=0 >30ms=0 | probes=0 wrfail=0 down=0s maxout=0s
  44.909  BLASTC comp=286 exkBps=68 cgap_us[min/avg/max]=2229/3495/25507
  44.909  BLAST phy=2/2 att=286 ok=286 enomem=0 err=0 call_us[min/avg/max]=2162/3484/25504 okgap_max_us=25515
  44.961  t=42s RTT mean=0 min=0 max=0 n=0 to=0 | cancels=0(+0/s) seqbad=0 len_bad=14957 disc=0(0x00) | tot_n=0 tot_to=0 maxever=0 >2ms=0 >5ms=0 >15ms=0 >20ms=0 >30ms=0 | probes=0 wrfail=0 down=0s maxout=0s
  44.961  BLASTC comp=318 exkBps=75 cgap_us[min/avg/max]=2230/3143/25500
  44.961  BLAST phy=2/2 att=318 ok=318 enomem=0 err=0 call_us[min/avg/max]=2193/3132/25490 okgap_max_us=25500
  44.961  t=43s RTT mean=0 min=0 max=0 n=0 to=0 | cancels=0(+0/s) seqbad=0 len_bad=15273 disc=0(0x00) | tot_n=0 tot_to=0 maxever=0 >2ms=0 >5ms=0 >15ms=0 >20ms=0 >30ms=0 | probes=0 wrfail=0 down=0s maxout=0s
  46.943  BLASTC comp=302 exkBps=71 cgap_us[min/avg/max]=2230/3312/25503
  46.943  BLAST phy=2/2 att=302 ok=302 enomem=0 err=0 call_us[min/avg/max]=2214/3301/25493 okgap_max_us=25503
  46.943  t=44s RTT mean=0 min=0 max=0 n=0 to=0 | cancels=0(+0/s) seqbad=0 len_bad=15577 disc=0(0x00) | tot_n=0 tot_to=0 maxever=0 >2ms=0 >5ms=0 >15ms=0 >20ms=0 >30ms=0 | probes=0 wrfail=0 down=0s maxout=0s
  46.943  BLASTC comp=387 exkBps=92 cgap_us[min/avg/max]=2230/2583/10504
  46.943  BLAST phy=2/2 att=387 ok=387 enomem=0 err=0 call_us[min/avg/max]=2161/2572/10493 okgap_max_us=10504
  46.996  t=45s RTT mean=0 min=0 max=0 n=0 to=0 | cancels=0(+0/s) seqbad=0 len_bad=15964 disc=0(0x00) | tot_n=0 tot_to=0 maxever=0 >2ms=0 >5ms=0 >15ms=0 >20ms=0 >30ms=0 | probes=0 wrfail=0 down=0s maxout=0s
  48.934  BLASTC comp=387 exkBps=92 cgap_us[min/avg/max]=2225/2583/12767
  48.934  BLAST phy=2/2 att=387 ok=387 enomem=0 err=0 call_us[min/avg/max]=2200/2572/12756 okgap_max_us=12767
  48.934  t=46s RTT mean=0 min=0 max=0 n=0 to=0 | cancels=0(+0/s) seqbad=0 len_bad=16352 disc=0(0x00) | tot_n=0 tot_to=0 maxever=0 >2ms=0 >5ms=0 >15ms=0 >20ms=0 >30ms=0 | probes=0 wrfail=0 down=0s maxout=0s
  48.934  BLASTC comp=378 exkBps=90 cgap_us[min/avg/max]=2231/2646/10500
  48.989  BLAST phy=2/2 att=378 ok=378 enomem=0 err=0 call_us[min/avg/max]=2216/2635/10489 okgap_max_us=10500
  48.989  t=47s RTT mean=0 min=0 max=0 n=0 to=0 | cancels=0(+0/s) seqbad=0 len_bad=16729 disc=0(0x00) | tot_n=0 tot_to=0 maxever=0 >2ms=0 >5ms=0 >15ms=0 >20ms=0 >30ms=0 | probes=0 wrfail=0 down=0s maxout=0s
  50.940  t=48s RTT mean=0 min=0 max=0 n=0 to=0 | cancels=0(+0/s) seqbad=0 len_bad=17074 disc=0(0x00) | tot_n=0 tot_to=0 maxever=0 >2ms=0 >5ms=0 >15ms=0 >20ms=0 >30ms=0 | probes=0 wrfail=0 down=0s maxout=0s
  50.940  BLASTC comp=348 exkBps=82 cgap_us[min/avg/max]=2231/2909/18002
  50.940  BLAST phy=2/2 att=348 ok=348 enomem=0 err=0 call_us[min/avg/max]=2164/2898/17999 okgap_max_us=18000
  50.940  BLASTC comp=279 exkBps=66 cgap_us[min/avg/max]=2230/3548/27767
  50.992  BLAST phy=2/2 att=279 ok=279 enomem=0 err=0 call_us[min/avg/max]=2162/3537/27756 okgap_max_us=27767
  50.993  t=49s RTT mean=0 min=0 max=0 n=0 to=0 | cancels=0(+0/s) seqbad=0 len_bad=17356 disc=0(0x00) | tot_n=0 tot_to=0 maxever=0 >2ms=0 >5ms=0 >15ms=0 >20ms=0 >30ms=0 | probes=0 wrfail=0 down=0s maxout=0s
  52.941  BLASTC comp=275 exkBps=65 cgap_us[min/avg/max]=2230/3654/27768
  52.941  BLAST phy=2/2 att=275 ok=275 enomem=0 err=0 call_us[min/avg/max]=2165/3643/27758 okgap_max_us=27769
  52.941  t=50s RTT mean=0 min=0 max=0 n=0 to=0 | cancels=0(+0/s) seqbad=0 len_bad=17629 disc=0(0x00) | tot_n=0 tot_to=0 maxever=0 >2ms=0 >5ms=0 >15ms=0 >20ms=0 >30ms=0 | probes=0 wrfail=0 down=0s maxout=0s
  52.941  BLASTC comp=282 exkBps=67 cgap_us[min/avg/max]=2230/3518/35232
  52.941  BLAST phy=2/2 att=282 ok=282 enomem=0 err=0 call_us[min/avg/max]=2168/3507/35215 okgap_max_us=35225
  52.996  t=51s RTT mean=0 min=0 max=0 n=0 to=0 | cancels=0(+0/s) seqbad=0 len_bad=17914 disc=0(0x00) | tot_n=0 tot_to=0 maxever=0 >2ms=0 >5ms=0 >15ms=0 >20ms=0 >30ms=0 | probes=0 wrfail=0 down=0s maxout=0s
  54.914  BLASTC comp=275 exkBps=65 cgap_us[min/avg/max]=2230/3646/25504
  54.914  BLAST phy=2/2 att=275 ok=275 enomem=0 err=0 call_us[min/avg/max]=2197/3635/25493 okgap_max_us=25504
  54.969  t=52s RTT mean=0 min=0 max=0 n=0 to=0 | cancels=0(+0/s) seqbad=0 len_bad=18188 disc=0(0x00) | tot_n=0 tot_to=0 maxever=0 >2ms=0 >5ms=0 >15ms=0 >20ms=0 >30ms=0 | probes=0 wrfail=0 down=0s maxout=0s
  54.969  BLASTC comp=293 exkBps=69 cgap_us[min/avg/max]=2230/3404/25504
  54.969  BLAST phy=2/2 att=293 ok=293 enomem=0 err=0 call_us[min/avg/max]=2161/3393/25494 okgap_max_us=25504
  54.969  t=53s RTT mean=0 min=0 max=0 n=0 to=0 | cancels=0(+0/s) seqbad=0 len_bad=18482 disc=0(0x00) | tot_n=0 tot_to=0 maxever=0 >2ms=0 >5ms=0 >15ms=0 >20ms=0 >30ms=0 | probes=0 wrfail=0 down=0s maxout=0s
  56.908  BLASTC comp=326 exkBps=77 cgap_us[min/avg/max]=2230/3066/25502
  56.908  BLAST phy=2/2 att=326 ok=326 enomem=0 err=0 call_us[min/avg/max]=2162/3055/25491 okgap_max_us=25501
  56.958  t=54s RTT mean=0 min=0 max=0 n=0 to=0 | cancels=0(+0/s) seqbad=0 len_bad=18808 disc=0(0x00) | tot_n=0 tot_to=0 maxever=0 >2ms=0 >5ms=0 >15ms=0 >20ms=0 >30ms=0 | probes=0 wrfail=0 down=0s maxout=0s
  56.959  BLASTC comp=390 exkBps=92 cgap_us[min/avg/max]=2230/2563/5271
  56.959  BLAST phy=2/2 att=390 ok=390 enomem=0 err=0 call_us[min/avg/max]=2192/2552/5261 okgap_max_us=5272
  56.959  t=55s RTT mean=0 min=0 max=0 n=0 to=0 | cancels=0(+0/s) seqbad=0 len_bad=19197 disc=0(0x00) | tot_n=0 tot_to=0 maxever=0 >2ms=0 >5ms=0 >15ms=0 >20ms=0 >30ms=0 | probes=0 wrfail=0 down=0s maxout=0s
  58.900  BLASTC comp=384 exkBps=91 cgap_us[min/avg/max]=2231/2605/10502
  58.901  BLAST phy=2/2 att=384 ok=384 enomem=0 err=0 call_us[min/avg/max]=2220/2594/10492 okgap_max_us=10502
  58.952  t=56s RTT mean=0 min=0 max=0 n=0 to=0 | cancels=0(+0/s) seqbad=0 len_bad=19582 disc=0(0x00) | tot_n=0 tot_to=0 maxever=0 >2ms=0 >5ms=0 >15ms=0 >20ms=0 >30ms=0 | probes=0 wrfail=0 down=0s maxout=0s
  58.952  BLASTC comp=389 exkBps=92 cgap_us[min/avg/max]=2230/2570/7502
  58.952  BLAST phy=2/2 att=389 ok=389 enomem=0 err=0 call_us[min/avg/max]=2158/2559/7492 okgap_max_us=7502
  59.007  t=57s RTT mean=0 min=0 max=0 n=0 to=0 | cancels=0(+0/s) seqbad=0 len_bad=19971 disc=0(0x00) | tot_n=0 tot_to=0 maxever=0 >2ms=0 >5ms=0 >15ms=0 >20ms=0 >30ms=0 | probes=0 wrfail=0 down=0s maxout=0s
