   1.684  *** Booting Zephyr OS build v4.4.2-16-gfee9fbc62095 ***
   1.685  
   1.685  === nRF52 L2CAP CoC SINK (Zephyr 4.4.1, seg_recv) ===
   1.685  L2CAP server on PSM 0x0080
   1.685  Advertising as 'zenoh-nrf-l2cap'
   1.957  GAP connected: interval=20
   2.173  PHY updated: tx=2 rx=2
   2.284  DLE updated: tx_max=27 rx_max=251
   2.284  CoC up — seg_recv sink ready (RX_CREDITS=64, MPS=247)
   2.394  Q3FSU-DONE role=P status=0x00 spacing=52 types=0x3 phys=0x2 initiator=2
   2.716  SINK rx: 13 KB/s (13926 B / 1000 ms) fsu=52 | cum_total=13926 B cum_segs=59
   3.744  SINK rx: 188 KB/s (192725 B / 1000 ms) fsu=52 | cum_total=206651 B cum_segs=862
   4.766  SINK rx: 188 KB/s (193440 B / 1000 ms) fsu=52 | cum_total=400091 B cum_segs=1668
   5.735  SINK rx: 188 KB/s (192715 B / 1000 ms) fsu=52 | cum_total=592806 B cum_segs=2471
   6.756  SINK rx: 188 KB/s (192960 B / 1000 ms) fsu=52 | cum_total=785766 B cum_segs=3275
   7.784  SINK rx: 157 KB/s (161760 B / 1000 ms) fsu=52 | cum_total=947526 B cum_segs=3949
   8.757  SINK rx: 165 KB/s (168960 B / 1000 ms) fsu=52 | cum_total=1116486 B cum_segs=4653
   9.781  SINK rx: 164 KB/s (168725 B / 1000 ms) fsu=52 | cum_total=1285211 B cum_segs=5356
  10.800  SINK rx: 146 KB/s (150475 B / 1000 ms) fsu=52 | cum_total=1435686 B cum_segs=5983
  11.828  SINK rx: 157 KB/s (160800 B / 1000 ms) fsu=52 | cum_total=1596486 B cum_segs=6653
  12.814  SINK rx: 165 KB/s (169205 B / 1000 ms) fsu=52 | cum_total=1765691 B cum_segs=7358
  13.845  SINK rx: 159 KB/s (163200 B / 1000 ms) fsu=52 | cum_total=1928891 B cum_segs=8038
  14.823  SINK rx: 161 KB/s (165600 B / 1000 ms) fsu=52 | cum_total=2094491 B cum_segs=8728
  15.852  SINK rx: 162 KB/s (166560 B / 1000 ms) fsu=52 | cum_total=2261051 B cum_segs=9422
  16.877  SINK rx: 145 KB/s (149035 B / 1000 ms) fsu=52 | cum_total=2410086 B cum_segs=10043
  17.863  SINK rx: 164 KB/s (168245 B / 1000 ms) fsu=52 | cum_total=2578331 B cum_segs=10744
  18.887  SINK rx: 163 KB/s (167040 B / 1000 ms) fsu=52 | cum_total=2745371 B cum_segs=11440
  19.866  SINK rx: 164 KB/s (168715 B / 1000 ms) fsu=52 | cum_total=2914086 B cum_segs=12143
  20.881  SINK rx: 150 KB/s (153600 B / 1000 ms) fsu=52 | cum_total=3067686 B cum_segs=12783
  21.901  SINK rx: 160 KB/s (164640 B / 1000 ms) fsu=52 | cum_total=3232326 B cum_segs=13469
  22.879  SINK rx: 159 KB/s (163680 B / 1000 ms) fsu=52 | cum_total=3396006 B cum_segs=14151
  23.895  SINK rx: 164 KB/s (168725 B / 1000 ms) fsu=52 | cum_total=3564731 B cum_segs=14854
  24.936  SINK rx: 164 KB/s (168480 B / 1000 ms) fsu=52 | cum_total=3733211 B cum_segs=15556
  25.911  SINK rx: 165 KB/s (168960 B / 1000 ms) fsu=52 | cum_total=3902171 B cum_segs=16260
  26.936  SINK rx: 157 KB/s (161280 B / 1000 ms) fsu=52 | cum_total=4063451 B cum_segs=16932
