   0.950  CENRX cum_total=3054636 B
   1.951  CENRX cum_total=3108072 B
   2.999  CENRX cum_total=3108072 B
   3.951  CENRX cum_total=3108072 B
   4.890  RPT occ: (SDC no-occ) fsu=150 | sender: sent=10640(+1176 SDU) eagain=0(+0) poolfail=0(+0)
   4.951  CENRX cum_total=3108072 B
   5.601  L2CAP disconnected
   5.601  GAP disconnected 0x08
   5.601  scan start rc=0
   5.601  found D6:C7:60:B1:D3:0E (random) (rssi -63), connecting
   5.660  GAP connected
   5.660  phy req rc=0
   5.660  DLE: tx_max=251 rx_max=251
   5.660  l2cap_chan_connect rc=0
   5.720  L2CAP connected: tx.mtu=512 tx.mps=247 tx.credits=0 rx.mtu=512 rx.mps=247
   5.777  GATE conn: interval=12 (units 1.25ms) => 15.00 ms
   5.777  Q3FSU-REQ role=C auto min=150 max=150 phys=0x2 rc=0
   5.777  PHY: tx=2 rx=2 (2=2M)
   5.777  dle req rc=0
   5.893  Q3FSU-DONE role=C status=0x00 spacing=150 types=0x0 phys=0x0 initiator=0
   5.954  CENRX cum_total=3116612 B
   6.074  blasting 480-byte SDUs...
   6.955  CENRX cum_total=3205672 B
   8.001  CENRX cum_total=3293756 B
   8.997  CENRX cum_total=3379644 B
  10.003  CENRX cum_total=3468460 B
  11.001  CENRX cum_total=3556056 B
  11.999  CENRX cum_total=3645116 B
  12.980  CENRX cum_total=3731248 B
  14.021  CENRX cum_total=3817868 B
  14.881  RPT occ: (SDC no-occ) fsu=150 | sender: sent=12245(+1605 SDU) eagain=0(+0) poolfail=0(+0)
  15.002  CENRX cum_total=3910832 B
  16.015  CENRX cum_total=3996476 B
  17.019  CENRX cum_total=4083828 B
  18.016  CENRX cum_total=4172644 B
  19.008  CENRX cum_total=4254872 B
  19.999  CENRX cum_total=4341736 B
  21.007  CENRX cum_total=4432260 B
  22.040  CENRX cum_total=4517416 B
  23.029  CENRX cum_total=4601840 B
  24.031  CENRX cum_total=4687972 B
  24.931  RPT occ: (SDC no-occ) fsu=150 | sender: sent=14020(+1775 SDU) eagain=0(+0) poolfail=0(+0)
  25.052  CENRX cum_total=4774592 B
  26.058  CENRX cum_total=4865360 B
  27.056  CENRX cum_total=4952468 B
  28.061  CENRX cum_total=5039332 B
  29.049  CENRX cum_total=5125708 B
  30.041  CENRX cum_total=5205252 B
  31.043  CENRX cum_total=5295044 B
  32.040  CENRX cum_total=5384348 B
  33.033  CENRX cum_total=5477556 B
  34.031  CENRX cum_total=5566860 B
  34.919  RPT occ: (SDC no-occ) fsu=150 | sender: sent=15812(+1792 SDU) eagain=0(+0) poolfail=0(+0)
  35.040  CENRX cum_total=5653968 B
  36.070  CENRX cum_total=5741320 B
  37.080  CENRX cum_total=5829404 B
  38.069  CENRX cum_total=5922368 B
  39.054  CENRX cum_total=6008988 B
