   1.017  SINK rx: 90 KB/s (92875 B / 1000 ms) fsu=65 | cum_total=3149766 B cum_segs=13125 | UP sent=13214 eagain=0 lasterr=0 txcred=57 host_pulls=0
   1.714  *** Booting nRF Connect SDK v3.4.0-99553055607b ***
   1.714  *** Using Zephyr OS v4.4.0-bf801e4e3d19 ***
   1.714  
   1.714  === nRF52 L2CAP CoC SINK (Zephyr 4.4.1, seg_recv) ===
   1.714  L2CAP server on PSM 0x0080
   1.714  Advertising as 'zenoh-nrf-l2cap'
   5.637  GAP connected: interval=20
   5.698  DLE updated: tx_max=251 rx_max=251
   5.756  CoC up — seg_recv sink ready (RX_CREDITS=64, MPS=247)
   5.877  PHY updated: tx=2 rx=2
   6.053  Q3FSU-DONE role=P status=0x00 spacing=65 types=0x3 phys=0x2 initiator=2
   6.767  SINK rx: 53 KB/s (55206 B / 1000 ms) fsu=65 | cum_total=55206 B cum_segs=231 | UP sent=338 eagain=0 lasterr=0 txcred=139 host_pulls=0
   7.776  SINK rx: 90 KB/s (92640 B / 1000 ms) fsu=65 | cum_total=147846 B cum_segs=617 | UP sent=724 eagain=0 lasterr=0 txcred=123 host_pulls=0
   8.769  SINK rx: 87 KB/s (89760 B / 1000 ms) fsu=65 | cum_total=237606 B cum_segs=991 | UP sent=1098 eagain=0 lasterr=0 txcred=118 host_pulls=0
   9.761  SINK rx: 93 KB/s (95285 B / 1000 ms) fsu=65 | cum_total=332891 B cum_segs=1388 | UP sent=1496 eagain=0 lasterr=0 txcred=130 host_pulls=0
  10.827  SINK rx: 85 KB/s (87595 B / 1000 ms) fsu=65 | cum_total=420486 B cum_segs=1753 | UP sent=1861 eagain=0 lasterr=0 txcred=134 host_pulls=0
  11.822  SINK rx: 86 KB/s (88320 B / 1000 ms) fsu=65 | cum_total=508806 B cum_segs=2121 | UP sent=2229 eagain=0 lasterr=0 txcred=135 host_pulls=0
  12.836  SINK rx: 92 KB/s (94325 B / 1000 ms) fsu=65 | cum_total=603131 B cum_segs=2514 | UP sent=2622 eagain=0 lasterr=0 txcred=152 host_pulls=0
  13.829  SINK rx: 83 KB/s (85195 B / 1000 ms) fsu=65 | cum_total=688326 B cum_segs=2869 | UP sent=2977 eagain=0 lasterr=0 txcred=125 host_pulls=0
  14.837  SINK rx: 85 KB/s (87360 B / 1000 ms) fsu=65 | cum_total=775686 B cum_segs=3233 | UP sent=3341 eagain=0 lasterr=0 txcred=130 host_pulls=0
  15.844  SINK rx: 90 KB/s (92640 B / 1000 ms) fsu=65 | cum_total=868326 B cum_segs=3619 | UP sent=3726 eagain=0 lasterr=0 txcred=114 host_pulls=0
  16.897  SINK rx: 95 KB/s (97440 B / 1000 ms) fsu=65 | cum_total=965766 B cum_segs=4025 | UP sent=4132 eagain=0 lasterr=0 txcred=118 host_pulls=0
  17.896  SINK rx: 94 KB/s (96960 B / 1000 ms) fsu=65 | cum_total=1062726 B cum_segs=4429 | UP sent=4537 eagain=0 lasterr=0 txcred=123 host_pulls=0
  18.924  SINK rx: 83 KB/s (85685 B / 1000 ms) fsu=65 | cum_total=1148411 B cum_segs=4786 | UP sent=4894 eagain=0 lasterr=0 txcred=135 host_pulls=0
  19.909  SINK rx: 87 KB/s (89995 B / 1000 ms) fsu=65 | cum_total=1238406 B cum_segs=5161 | UP sent=5269 eagain=0 lasterr=0 txcred=129 host_pulls=0
  20.962  SINK rx: 86 KB/s (88565 B / 1000 ms) fsu=65 | cum_total=1326971 B cum_segs=5530 | UP sent=5638 eagain=0 lasterr=0 txcred=129 host_pulls=0
  21.951  SINK rx: 82 KB/s (84960 B / 1000 ms) fsu=65 | cum_total=1411931 B cum_segs=5884 | UP sent=5992 eagain=0 lasterr=0 txcred=144 host_pulls=0
  22.961  SINK rx: 88 KB/s (90475 B / 1000 ms) fsu=65 | cum_total=1502406 B cum_segs=6261 | UP sent=6369 eagain=0 lasterr=0 txcred=136 host_pulls=0
  23.956  SINK rx: 96 KB/s (98880 B / 1000 ms) fsu=65 | cum_total=1601286 B cum_segs=6673 | UP sent=6781 eagain=0 lasterr=0 txcred=134 host_pulls=0
  24.962  SINK rx: 93 KB/s (96000 B / 1000 ms) fsu=65 | cum_total=1697286 B cum_segs=7073 | UP sent=7181 eagain=0 lasterr=0 txcred=144 host_pulls=0
  26.017  SINK rx: 88 KB/s (90240 B / 1000 ms) fsu=65 | cum_total=1787526 B cum_segs=7449 | UP sent=7557 eagain=0 lasterr=0 txcred=137 host_pulls=0
  27.021  SINK rx: 81 KB/s (83765 B / 1000 ms) fsu=65 | cum_total=1871291 B cum_segs=7798 | UP sent=7905 eagain=0 lasterr=0 txcred=117 host_pulls=0
  28.021  SINK rx: 78 KB/s (80160 B / 1000 ms) fsu=65 | cum_total=1951451 B cum_segs=8132 | UP sent=8240 eagain=0 lasterr=0 txcred=151 host_pulls=0
  29.067  SINK rx: 90 KB/s (92395 B / 1000 ms) fsu=65 | cum_total=2043846 B cum_segs=8517 | UP sent=8625 eagain=0 lasterr=0 txcred=135 host_pulls=0
  30.055  SINK rx: 85 KB/s (87840 B / 1000 ms) fsu=65 | cum_total=2131686 B cum_segs=8883 | UP sent=8991 eagain=0 lasterr=0 txcred=138 host_pulls=0
  31.041  SINK rx: 89 KB/s (91925 B / 1000 ms) fsu=65 | cum_total=2223611 B cum_segs=9266 | UP sent=9374 eagain=0 lasterr=0 txcred=124 host_pulls=0
  32.081  SINK rx: 91 KB/s (93600 B / 1000 ms) fsu=65 | cum_total=2317211 B cum_segs=9656 | UP sent=9764 eagain=0 lasterr=0 txcred=144 host_pulls=0
  33.086  SINK rx: 79 KB/s (81120 B / 1000 ms) fsu=65 | cum_total=2398331 B cum_segs=9994 | UP sent=10102 eagain=0 lasterr=0 txcred=134 host_pulls=0
  34.137  SINK rx: 91 KB/s (93600 B / 1000 ms) fsu=65 | cum_total=2491931 B cum_segs=10384 | UP sent=10491 eagain=0 lasterr=0 txcred=114 host_pulls=0
  35.123  SINK rx: 87 KB/s (89995 B / 1000 ms) fsu=65 | cum_total=2581926 B cum_segs=10759 | UP sent=10867 eagain=0 lasterr=0 txcred=148 host_pulls=0
  36.117  SINK rx: 83 KB/s (85440 B / 1000 ms) fsu=65 | cum_total=2667366 B cum_segs=11115 | UP sent=11222 eagain=0 lasterr=0 txcred=121 host_pulls=0
  37.162  SINK rx: 94 KB/s (97205 B / 1000 ms) fsu=65 | cum_total=2764571 B cum_segs=11520 | UP sent=11628 eagain=0 lasterr=0 txcred=125 host_pulls=0
  38.147  SINK rx: 88 KB/s (90955 B / 1000 ms) fsu=65 | cum_total=2855526 B cum_segs=11899 | UP sent=12006 eagain=0 lasterr=0 txcred=116 host_pulls=0
  39.181  SINK rx: 87 KB/s (89525 B / 1000 ms) fsu=65 | cum_total=2945051 B cum_segs=12272 | UP sent=12380 eagain=0 lasterr=0 txcred=152 host_pulls=0
