   0.054  SINK rx: 87 KB/s (89280 B / 1000 ms) fsu=65 | cum_total=2988731 B cum_segs=12454 | UP sent=12636 eagain=0 lasterr=0 txcred=74 host_pulls=0
   1.060  SINK rx: 88 KB/s (90955 B / 1000 ms) fsu=65 | cum_total=3079686 B cum_segs=12833 | UP sent=13015 eagain=0 lasterr=0 txcred=64 host_pulls=0
   1.706  *** Booting nRF Connect SDK v3.4.0-99553055607b ***
   1.706  *** Using Zephyr OS v4.4.0-bf801e4e3d19 ***
   1.706  
   1.706  === nRF52 L2CAP CoC SINK (Zephyr 4.4.1, seg_recv) ===
   1.706  L2CAP server on PSM 0x0080
   1.706  Advertising as 'zenoh-nrf-l2cap'
   5.687  GAP connected: interval=12
   5.687  DLE updated: tx_max=251 rx_max=251
   5.747  CoC up — seg_recv sink ready (RX_CREDITS=64, MPS=247)
   5.808  PHY updated: tx=2 rx=2
   5.928  Q3FSU-DONE role=P status=0x00 spacing=65 types=0x3 phys=0x2 initiator=2
   6.745  SINK rx: 57 KB/s (59046 B / 1000 ms) fsu=65 | cum_total=59046 B cum_segs=247 | UP sent=421 eagain=0 lasterr=0 txcred=132 host_pulls=0
   7.740  SINK rx: 90 KB/s (92885 B / 1000 ms) fsu=65 | cum_total=151931 B cum_segs=634 | UP sent=806 eagain=0 lasterr=0 txcred=115 host_pulls=0
   8.779  SINK rx: 86 KB/s (88800 B / 1000 ms) fsu=65 | cum_total=240731 B cum_segs=1004 | UP sent=1177 eagain=0 lasterr=0 txcred=114 host_pulls=0
   9.790  SINK rx: 84 KB/s (86880 B / 1000 ms) fsu=65 | cum_total=327611 B cum_segs=1366 | UP sent=1539 eagain=0 lasterr=0 txcred=121 host_pulls=0
  10.786  SINK rx: 84 KB/s (86155 B / 1000 ms) fsu=65 | cum_total=413766 B cum_segs=1725 | UP sent=1898 eagain=0 lasterr=0 txcred=131 host_pulls=0
  11.790  SINK rx: 89 KB/s (91925 B / 1000 ms) fsu=65 | cum_total=505691 B cum_segs=2108 | UP sent=2281 eagain=0 lasterr=0 txcred=117 host_pulls=0
  12.839  SINK rx: 92 KB/s (94315 B / 1000 ms) fsu=65 | cum_total=600006 B cum_segs=2501 | UP sent=2675 eagain=0 lasterr=0 txcred=133 host_pulls=0
  13.841  SINK rx: 87 KB/s (90005 B / 1000 ms) fsu=65 | cum_total=690011 B cum_segs=2876 | UP sent=3048 eagain=0 lasterr=0 txcred=128 host_pulls=0
  14.836  SINK rx: 84 KB/s (86880 B / 1000 ms) fsu=65 | cum_total=776891 B cum_segs=3238 | UP sent=3412 eagain=0 lasterr=0 txcred=134 host_pulls=0
  15.878  SINK rx: 87 KB/s (89760 B / 1000 ms) fsu=65 | cum_total=866651 B cum_segs=3612 | UP sent=3785 eagain=0 lasterr=0 txcred=130 host_pulls=0
  16.870  SINK rx: 86 KB/s (89035 B / 1000 ms) fsu=65 | cum_total=955686 B cum_segs=3983 | UP sent=4156 eagain=0 lasterr=0 txcred=128 host_pulls=0
  17.919  SINK rx: 86 KB/s (88565 B / 1000 ms) fsu=65 | cum_total=1044251 B cum_segs=4352 | UP sent=4525 eagain=0 lasterr=0 txcred=128 host_pulls=0
  18.925  SINK rx: 87 KB/s (89995 B / 1000 ms) fsu=65 | cum_total=1134246 B cum_segs=4727 | UP sent=4900 eagain=0 lasterr=0 txcred=122 host_pulls=0
  19.930  SINK rx: 83 KB/s (85920 B / 1000 ms) fsu=65 | cum_total=1220166 B cum_segs=5085 | UP sent=5259 eagain=0 lasterr=0 txcred=132 host_pulls=0
  20.936  SINK rx: 89 KB/s (91445 B / 1000 ms) fsu=65 | cum_total=1311611 B cum_segs=5466 | UP sent=5639 eagain=0 lasterr=0 txcred=121 host_pulls=0
  21.941  SINK rx: 84 KB/s (86635 B / 1000 ms) fsu=65 | cum_total=1398246 B cum_segs=5827 | UP sent=6000 eagain=0 lasterr=0 txcred=129 host_pulls=0
  22.976  SINK rx: 85 KB/s (87125 B / 1000 ms) fsu=65 | cum_total=1485371 B cum_segs=6190 | UP sent=6363 eagain=0 lasterr=0 txcred=134 host_pulls=0
  23.970  SINK rx: 88 KB/s (90240 B / 1000 ms) fsu=65 | cum_total=1575611 B cum_segs=6566 | UP sent=6739 eagain=0 lasterr=0 txcred=128 host_pulls=0
  24.961  SINK rx: 85 KB/s (87840 B / 1000 ms) fsu=65 | cum_total=1663451 B cum_segs=6932 | UP sent=7105 eagain=0 lasterr=0 txcred=131 host_pulls=0
  25.969  SINK rx: 86 KB/s (88320 B / 1000 ms) fsu=65 | cum_total=1751771 B cum_segs=7300 | UP sent=7473 eagain=0 lasterr=0 txcred=132 host_pulls=0
  27.016  SINK rx: 88 KB/s (90475 B / 1000 ms) fsu=65 | cum_total=1842246 B cum_segs=7677 | UP sent=7849 eagain=0 lasterr=0 txcred=124 host_pulls=0
  28.038  SINK rx: 85 KB/s (87125 B / 1000 ms) fsu=65 | cum_total=1929371 B cum_segs=8040 | UP sent=8213 eagain=0 lasterr=0 txcred=130 host_pulls=0
  29.044  SINK rx: 84 KB/s (86635 B / 1000 ms) fsu=65 | cum_total=2016006 B cum_segs=8401 | UP sent=8575 eagain=0 lasterr=0 txcred=137 host_pulls=0
  30.038  SINK rx: 88 KB/s (90965 B / 1000 ms) fsu=65 | cum_total=2106971 B cum_segs=8780 | UP sent=8953 eagain=0 lasterr=0 txcred=128 host_pulls=0
  31.083  SINK rx: 81 KB/s (83755 B / 1000 ms) fsu=65 | cum_total=2190726 B cum_segs=9129 | UP sent=9303 eagain=0 lasterr=0 txcred=147 host_pulls=0
  32.084  SINK rx: 85 KB/s (87605 B / 1000 ms) fsu=65 | cum_total=2278331 B cum_segs=9494 | UP sent=9668 eagain=0 lasterr=0 txcred=151 host_pulls=0
  33.082  SINK rx: 89 KB/s (91680 B / 1000 ms) fsu=65 | cum_total=2370011 B cum_segs=9876 | UP sent=10050 eagain=0 lasterr=0 txcred=138 host_pulls=0
  34.088  SINK rx: 87 KB/s (89760 B / 1000 ms) fsu=65 | cum_total=2459771 B cum_segs=10250 | UP sent=10424 eagain=0 lasterr=0 txcred=133 host_pulls=0
  35.139  SINK rx: 79 KB/s (81600 B / 1000 ms) fsu=65 | cum_total=2541371 B cum_segs=10590 | UP sent=10762 eagain=0 lasterr=0 txcred=122 host_pulls=0
  36.146  SINK rx: 86 KB/s (88075 B / 1000 ms) fsu=65 | cum_total=2629446 B cum_segs=10957 | UP sent=11130 eagain=0 lasterr=0 txcred=124 host_pulls=0
  37.140  SINK rx: 88 KB/s (90485 B / 1000 ms) fsu=65 | cum_total=2719931 B cum_segs=11334 | UP sent=11507 eagain=0 lasterr=0 txcred=116 host_pulls=0
  38.132  SINK rx: 84 KB/s (86400 B / 1000 ms) fsu=65 | cum_total=2806331 B cum_segs=11694 | UP sent=11866 eagain=0 lasterr=0 txcred=125 host_pulls=0
  39.180  SINK rx: 86 KB/s (88555 B / 1000 ms) fsu=65 | cum_total=2894886 B cum_segs=12063 | UP sent=12236 eagain=0 lasterr=0 txcred=125 host_pulls=0
