   0.060  SINK rx: 99 KB/s (101995 B / 1000 ms) fsu=65 | cum_total=3104646 B cum_segs=12937 | UP sent=13030 eagain=0 lasterr=0 txcred=77 host_pulls=0
   1.039  SINK rx: 86 KB/s (89045 B / 1000 ms) fsu=65 | cum_total=3193691 B cum_segs=13308 | UP sent=13401 eagain=0 lasterr=0 txcred=75 host_pulls=0
   1.748  *** Booting nRF Connect SDK v3.4.0-99553055607b ***
   1.748  *** Using Zephyr OS v4.4.0-bf801e4e3d19 ***
   1.748  
   1.748  === nRF52 L2CAP CoC SINK (Zephyr 4.4.1, seg_recv) ===
   1.748  L2CAP server on PSM 0x0080
   1.748  Advertising as 'zenoh-nrf-l2cap'
   5.708  GAP connected: interval=20
   5.767  DLE updated: tx_max=251 rx_max=251
   5.827  CoC up — seg_recv sink ready (RX_CREDITS=64, MPS=247)
   5.948  PHY updated: tx=2 rx=2
   6.128  Q3FSU-DONE role=P status=0x00 spacing=65 types=0x3 phys=0x2 initiator=2
   6.773  SINK rx: 44 KB/s (45126 B / 1000 ms) fsu=65 | cum_total=45126 B cum_segs=189 | UP sent=297 eagain=0 lasterr=0 txcred=144 host_pulls=0
   7.778  SINK rx: 86 KB/s (88565 B / 1000 ms) fsu=65 | cum_total=133691 B cum_segs=558 | UP sent=667 eagain=0 lasterr=0 txcred=144 host_pulls=0
   8.791  SINK rx: 89 KB/s (91200 B / 1000 ms) fsu=65 | cum_total=224891 B cum_segs=938 | UP sent=1047 eagain=0 lasterr=0 txcred=133 host_pulls=0
   9.797  SINK rx: 91 KB/s (93835 B / 1000 ms) fsu=65 | cum_total=318726 B cum_segs=1329 | UP sent=1438 eagain=0 lasterr=0 txcred=152 host_pulls=0
  10.788  SINK rx: 89 KB/s (91445 B / 1000 ms) fsu=65 | cum_total=410171 B cum_segs=1710 | UP sent=1819 eagain=0 lasterr=0 txcred=140 host_pulls=0
  11.818  SINK rx: 92 KB/s (94795 B / 1000 ms) fsu=65 | cum_total=504966 B cum_segs=2105 | UP sent=2213 eagain=0 lasterr=0 txcred=115 host_pulls=0
  12.823  SINK rx: 94 KB/s (96725 B / 1000 ms) fsu=65 | cum_total=601691 B cum_segs=2508 | UP sent=2616 eagain=0 lasterr=0 txcred=122 host_pulls=0
  13.814  SINK rx: 85 KB/s (87840 B / 1000 ms) fsu=65 | cum_total=689531 B cum_segs=2874 | UP sent=2982 eagain=0 lasterr=0 txcred=125 host_pulls=0
  14.878  SINK rx: 93 KB/s (96000 B / 1000 ms) fsu=65 | cum_total=785531 B cum_segs=3274 | UP sent=3383 eagain=0 lasterr=0 txcred=134 host_pulls=0
  15.868  SINK rx: 85 KB/s (87840 B / 1000 ms) fsu=65 | cum_total=873371 B cum_segs=3640 | UP sent=3749 eagain=0 lasterr=0 txcred=137 host_pulls=0
  16.887  SINK rx: 96 KB/s (99115 B / 1000 ms) fsu=65 | cum_total=972486 B cum_segs=4053 | UP sent=4162 eagain=0 lasterr=0 txcred=134 host_pulls=0
  17.900  SINK rx: 88 KB/s (90720 B / 1000 ms) fsu=65 | cum_total=1063206 B cum_segs=4431 | UP sent=4539 eagain=0 lasterr=0 txcred=126 host_pulls=0
  18.903  SINK rx: 88 KB/s (90240 B / 1000 ms) fsu=65 | cum_total=1153446 B cum_segs=4807 | UP sent=4915 eagain=0 lasterr=0 txcred=119 host_pulls=0
  19.928  SINK rx: 90 KB/s (92640 B / 1000 ms) fsu=65 | cum_total=1246086 B cum_segs=5193 | UP sent=5302 eagain=0 lasterr=0 txcred=142 host_pulls=0
  20.963  SINK rx: 93 KB/s (95285 B / 1000 ms) fsu=65 | cum_total=1341371 B cum_segs=5590 | UP sent=5698 eagain=0 lasterr=0 txcred=115 host_pulls=0
  21.967  SINK rx: 95 KB/s (97920 B / 1000 ms) fsu=65 | cum_total=1439291 B cum_segs=5998 | UP sent=6106 eagain=0 lasterr=0 txcred=117 host_pulls=0
  22.962  SINK rx: 96 KB/s (98635 B / 1000 ms) fsu=65 | cum_total=1537926 B cum_segs=6409 | UP sent=6517 eagain=0 lasterr=0 txcred=116 host_pulls=0
  23.972  SINK rx: 85 KB/s (87125 B / 1000 ms) fsu=65 | cum_total=1625051 B cum_segs=6772 | UP sent=6880 eagain=0 lasterr=0 txcred=122 host_pulls=0
  24.959  SINK rx: 89 KB/s (91680 B / 1000 ms) fsu=65 | cum_total=1716731 B cum_segs=7154 | UP sent=7263 eagain=0 lasterr=0 txcred=149 host_pulls=0
  25.973  SINK rx: 95 KB/s (97675 B / 1000 ms) fsu=65 | cum_total=1814406 B cum_segs=7561 | UP sent=7670 eagain=0 lasterr=0 txcred=152 host_pulls=0
  26.989  SINK rx: 93 KB/s (96245 B / 1000 ms) fsu=65 | cum_total=1910651 B cum_segs=7962 | UP sent=8070 eagain=0 lasterr=0 txcred=121 host_pulls=0
  28.005  SINK rx: 96 KB/s (98400 B / 1000 ms) fsu=65 | cum_total=2009051 B cum_segs=8372 | UP sent=8480 eagain=0 lasterr=0 txcred=121 host_pulls=0
  29.017  SINK rx: 95 KB/s (97440 B / 1000 ms) fsu=65 | cum_total=2106491 B cum_segs=8778 | UP sent=8886 eagain=0 lasterr=0 txcred=125 host_pulls=0
  30.060  SINK rx: 93 KB/s (95275 B / 1000 ms) fsu=65 | cum_total=2201766 B cum_segs=9175 | UP sent=9284 eagain=0 lasterr=0 txcred=137 host_pulls=0
  31.063  SINK rx: 91 KB/s (94080 B / 1000 ms) fsu=65 | cum_total=2295846 B cum_segs=9567 | UP sent=9675 eagain=0 lasterr=0 txcred=115 host_pulls=0
  32.082  SINK rx: 86 KB/s (88800 B / 1000 ms) fsu=65 | cum_total=2384646 B cum_segs=9937 | UP sent=10045 eagain=0 lasterr=0 txcred=114 host_pulls=0
  33.087  SINK rx: 85 KB/s (87840 B / 1000 ms) fsu=65 | cum_total=2472486 B cum_segs=10303 | UP sent=10411 eagain=0 lasterr=0 txcred=117 host_pulls=0
  34.093  SINK rx: 87 KB/s (90005 B / 1000 ms) fsu=65 | cum_total=2562491 B cum_segs=10678 | UP sent=10787 eagain=0 lasterr=0 txcred=151 host_pulls=0
  35.138  SINK rx: 97 KB/s (99840 B / 1000 ms) fsu=65 | cum_total=2662331 B cum_segs=11094 | UP sent=11203 eagain=0 lasterr=0 txcred=145 host_pulls=0
  36.143  SINK rx: 93 KB/s (95755 B / 1000 ms) fsu=65 | cum_total=2758086 B cum_segs=11493 | UP sent=11601 eagain=0 lasterr=0 txcred=116 host_pulls=0
  37.127  SINK rx: 95 KB/s (97685 B / 1000 ms) fsu=65 | cum_total=2855771 B cum_segs=11900 | UP sent=12008 eagain=0 lasterr=0 txcred=119 host_pulls=0
  38.187  SINK rx: 93 KB/s (95520 B / 1000 ms) fsu=65 | cum_total=2951291 B cum_segs=12298 | UP sent=12407 eagain=0 lasterr=0 txcred=130 host_pulls=0
  39.192  SINK rx: 90 KB/s (92640 B / 1000 ms) fsu=65 | cum_total=3043931 B cum_segs=12684 | UP sent=12792 eagain=0 lasterr=0 txcred=114 host_pulls=0
