   0.885  CENRX cum_total=0 B
   1.865  CENRX cum_total=0 B
   2.909  CENRX cum_total=0 B
   3.915  CENRX cum_total=0 B
   4.854  RPT occ: (SDC no-occ) fsu=150 | sender: sent=3665(+1699 SDU) eagain=0(+0) poolfail=0(+0)
   4.914  CENRX cum_total=0 B
   5.620  L2CAP disconnected
   5.620  GAP disconnected 0x08
   5.620  scan start rc=0
   5.620  found D6:C7:60:B1:D3:0E (random) (rssi -63), connecting
   5.680  GAP connected
   5.680  phy req rc=0
   5.680  DLE: tx_max=251 rx_max=251
   5.680  l2cap_chan_connect rc=0
   5.680  L2CAP connected: tx.mtu=512 tx.mps=247 tx.credits=0 rx.mtu=512 rx.mps=247
   5.740  GATE conn: interval=6 (units 1.25ms) => 7.50 ms
   5.740  Q3FSU-REQ role=C auto min=150 max=150 phys=0x2 rc=0
   5.740  PHY: tx=2 rx=2 (2=2M)
   5.740  dle req rc=0
   5.800  Q3FSU-DONE role=C status=0x00 spacing=150 types=0x0 phys=0x0 initiator=0
   5.861  CENRX cum_total=13176 B
   6.028  blasting 480-byte SDUs...
   6.896  CENRX cum_total=106628 B
   7.906  CENRX cum_total=196176 B
   8.922  CENRX cum_total=285968 B
   9.900  CENRX cum_total=373564 B
  10.914  CENRX cum_total=460428 B
  11.925  CENRX cum_total=549000 B
  12.934  CENRX cum_total=639036 B
  13.893  CENRX cum_total=726144 B
  14.899  RPT occ: (SDC no-occ) fsu=150 | sender: sent=5291(+1626 SDU) eagain=0(+0) poolfail=0(+0)
  14.899  CENRX cum_total=815936 B
  15.931  CENRX cum_total=903044 B
  16.925  CENRX cum_total=990640 B
  17.937  CENRX cum_total=1078480 B
  18.950  CENRX cum_total=1167052 B
  19.905  CENRX cum_total=1254892 B
  20.921  CENRX cum_total=1343708 B
  21.900  CENRX cum_total=1434476 B
  22.914  CENRX cum_total=1518656 B
  23.921  CENRX cum_total=1607716 B
  24.870  RPT occ: (SDC no-occ) fsu=150 | sender: sent=7095(+1804 SDU) eagain=0(+0) poolfail=0(+0)
  24.931  CENRX cum_total=1697752 B
  25.920  CENRX cum_total=1788032 B
  26.924  CENRX cum_total=1876604 B
  27.927  CENRX cum_total=1966640 B
  28.960  CENRX cum_total=2056188 B
  29.947  CENRX cum_total=2144760 B
  30.955  CENRX cum_total=2235284 B
  31.947  CENRX cum_total=2322636 B
  32.929  CENRX cum_total=2414380 B
  33.940  CENRX cum_total=2506612 B
  34.875  RPT occ: (SDC no-occ) fsu=150 | sender: sent=8935(+1840 SDU) eagain=0(+0) poolfail=0(+0)
  34.980  CENRX cum_total=2596404 B
  35.990  CENRX cum_total=2684732 B
  36.940  CENRX cum_total=2772084 B
  37.972  CENRX cum_total=2858948 B
  38.961  CENRX cum_total=2946300 B
  39.955  CENRX cum_total=3034872 B
