   2.033  *** Booting nRF Connect SDK v3.4.0-99553055607b ***
   2.033  *** Using Zephyr OS v4.4.0-bf801e4e3d19 ***
   2.033  
   2.093  === nRF52840 L2CAP CoC central (Zephyr 4.4.1) ===
   2.093  scan start rc=0
   2.093  found FC:BE:FF:FA:E6:8B (random) (rssi -32), connecting
   2.093  GAP connected
   2.093  phy req rc=0
   2.154  DLE: tx_max=251 rx_max=251
   2.154  l2cap_chan_connect rc=0
   2.214  L2CAP connected: tx.mtu=512 tx.mps=247 tx.credits=0 rx.mtu=512 rx.mps=247
   2.214  GATE conn: interval=12 (units 1.25ms) => 15.00 ms
   2.214  Q3FSU-REQ role=C auto min=52 max=52 phys=0x2 rc=0
   2.275  PHY: tx=2 rx=2 (2=2M)
   2.275  dle req rc=0
   2.335  Q3FSU-DONE role=C status=0x00 spacing=65 types=0x3 phys=0x2 initiator=0
   2.503  blasting 480-byte SDUs...
   3.093  CENRX cum_total=0 B
   4.063  CENRX cum_total=0 B
   5.076  CENRX cum_total=0 B
   6.097  CENRX cum_total=0 B
   7.081  CENRX cum_total=0 B
   8.079  CENRX cum_total=0 B
   9.072  CENRX cum_total=0 B
  10.072  CENRX cum_total=0 B
  11.069  CENRX cum_total=0 B
  12.097  RPT occ: (SDC no-occ) fsu=65 | sender: sent=3490(+3490 SDU) eagain=0(+0) poolfail=0(+0)
  12.097  CENRX cum_total=0 B
  13.092  CENRX cum_total=0 B
  14.109  CENRX cum_total=0 B
  15.109  CENRX cum_total=0 B
  16.092  CENRX cum_total=0 B
  17.114  CENRX cum_total=0 B
  18.099  CENRX cum_total=0 B
  19.090  CENRX cum_total=0 B
  20.126  CENRX cum_total=0 B
  21.115  CENRX cum_total=0 B
  22.105  RPT occ: (SDC no-occ) fsu=65 | sender: sent=7129(+3639 SDU) eagain=0(+0) poolfail=0(+0)
  22.105  CENRX cum_total=0 B
  23.110  CENRX cum_total=0 B
  24.130  CENRX cum_total=0 B
  25.141  CENRX cum_total=0 B
  26.131  CENRX cum_total=0 B
  27.110  CENRX cum_total=0 B
  28.131  CENRX cum_total=0 B
  29.091  CENRX cum_total=0 B
