   1.702  *** Booting nRF Connect SDK v3.4.0-99553055607b ***
   1.702  *** Using Zephyr OS v4.4.0-bf801e4e3d19 ***
   1.702  
   1.702  === nRF52 L2CAP CoC SINK (Zephyr 4.4.1, seg_recv) ===
   1.702  L2CAP server on PSM 0x0080
   1.756  Advertising as 'zenoh-nrf-l2cap'
   2.093  GAP connected: interval=12
   2.154  DLE updated: tx_max=251 rx_max=251
   2.214  CoC up — seg_recv sink ready (RX_CREDITS=64, MPS=247)
   2.275  PHY updated: tx=2 rx=2
   2.335  Q3FSU-DONE role=P status=0x00 spacing=65 types=0x3 phys=0x2 initiator=2
   2.739  SINK rx: 34 KB/s (35526 B / 1000 ms) fsu=65 | cum_total=35526 B cum_segs=149 | UP sent=64 eagain=0 lasterr=0 txcred=64 host_pulls=0
   3.775  SINK rx: 172 KB/s (177120 B / 1000 ms) fsu=65 | cum_total=212646 B cum_segs=887 | UP sent=64 eagain=0 lasterr=0 txcred=64 host_pulls=0
   4.799  SINK rx: 172 KB/s (176405 B / 1000 ms) fsu=65 | cum_total=389051 B cum_segs=1622 | UP sent=64 eagain=0 lasterr=0 txcred=64 host_pulls=0
   5.807  SINK rx: 170 KB/s (174475 B / 1000 ms) fsu=65 | cum_total=563526 B cum_segs=2349 | UP sent=64 eagain=0 lasterr=0 txcred=64 host_pulls=0
   6.791  SINK rx: 172 KB/s (177120 B / 1000 ms) fsu=65 | cum_total=740646 B cum_segs=3087 | UP sent=64 eagain=0 lasterr=0 txcred=64 host_pulls=0
   7.842  SINK rx: 172 KB/s (177120 B / 1000 ms) fsu=65 | cum_total=917766 B cum_segs=3825 | UP sent=64 eagain=0 lasterr=0 txcred=64 host_pulls=0
   8.833  SINK rx: 173 KB/s (177600 B / 1000 ms) fsu=65 | cum_total=1095366 B cum_segs=4565 | UP sent=64 eagain=0 lasterr=0 txcred=64 host_pulls=0
   9.833  SINK rx: 172 KB/s (176405 B / 1000 ms) fsu=65 | cum_total=1271771 B cum_segs=5300 | UP sent=64 eagain=0 lasterr=0 txcred=64 host_pulls=0
  10.831  SINK rx: 173 KB/s (177600 B / 1000 ms) fsu=65 | cum_total=1449371 B cum_segs=6040 | UP sent=64 eagain=0 lasterr=0 txcred=64 host_pulls=0
  11.876  SINK rx: 173 KB/s (177355 B / 1000 ms) fsu=65 | cum_total=1626726 B cum_segs=6779 | UP sent=64 eagain=0 lasterr=0 txcred=64 host_pulls=0
  12.855  SINK rx: 172 KB/s (176405 B / 1000 ms) fsu=65 | cum_total=1803131 B cum_segs=7514 | UP sent=64 eagain=0 lasterr=0 txcred=64 host_pulls=0
  13.892  SINK rx: 173 KB/s (177835 B / 1000 ms) fsu=65 | cum_total=1980966 B cum_segs=8255 | UP sent=64 eagain=0 lasterr=0 txcred=64 host_pulls=0
  14.878  SINK rx: 172 KB/s (176160 B / 1000 ms) fsu=65 | cum_total=2157126 B cum_segs=8989 | UP sent=64 eagain=0 lasterr=0 txcred=64 host_pulls=0
  15.922  SINK rx: 173 KB/s (177600 B / 1000 ms) fsu=65 | cum_total=2334726 B cum_segs=9729 | UP sent=64 eagain=0 lasterr=0 txcred=64 host_pulls=0
  16.938  SINK rx: 172 KB/s (176405 B / 1000 ms) fsu=65 | cum_total=2511131 B cum_segs=10464 | UP sent=64 eagain=0 lasterr=0 txcred=64 host_pulls=0
  17.929  SINK rx: 173 KB/s (177600 B / 1000 ms) fsu=65 | cum_total=2688731 B cum_segs=11204 | UP sent=64 eagain=0 lasterr=0 txcred=64 host_pulls=0
  18.972  SINK rx: 172 KB/s (176160 B / 1000 ms) fsu=65 | cum_total=2864891 B cum_segs=11938 | UP sent=64 eagain=0 lasterr=0 txcred=64 host_pulls=0
  19.955  SINK rx: 172 KB/s (176395 B / 1000 ms) fsu=65 | cum_total=3041286 B cum_segs=12673 | UP sent=64 eagain=0 lasterr=0 txcred=64 host_pulls=0
  20.998  SINK rx: 172 KB/s (176885 B / 1000 ms) fsu=65 | cum_total=3218171 B cum_segs=13410 | UP sent=64 eagain=0 lasterr=0 txcred=64 host_pulls=0
  21.986  SINK rx: 172 KB/s (176875 B / 1000 ms) fsu=65 | cum_total=3395046 B cum_segs=14147 | UP sent=64 eagain=0 lasterr=0 txcred=64 host_pulls=0
  23.000  SINK rx: 173 KB/s (178080 B / 1000 ms) fsu=65 | cum_total=3573126 B cum_segs=14889 | UP sent=64 eagain=0 lasterr=0 txcred=64 host_pulls=0
  24.011  SINK rx: 173 KB/s (177845 B / 1000 ms) fsu=65 | cum_total=3750971 B cum_segs=15630 | UP sent=64 eagain=0 lasterr=0 txcred=64 host_pulls=0
  25.020  SINK rx: 173 KB/s (177835 B / 1000 ms) fsu=65 | cum_total=3928806 B cum_segs=16371 | UP sent=64 eagain=0 lasterr=0 txcred=64 host_pulls=0
  26.080  SINK rx: 174 KB/s (178325 B / 1000 ms) fsu=65 | cum_total=4107131 B cum_segs=17114 | UP sent=64 eagain=0 lasterr=0 txcred=64 host_pulls=0
  27.051  SINK rx: 173 KB/s (177355 B / 1000 ms) fsu=65 | cum_total=4284486 B cum_segs=17853 | UP sent=64 eagain=0 lasterr=0 txcred=64 host_pulls=0
  28.074  SINK rx: 171 KB/s (175925 B / 1000 ms) fsu=65 | cum_total=4460411 B cum_segs=18586 | UP sent=64 eagain=0 lasterr=0 txcred=64 host_pulls=0
  29.091  SINK rx: 172 KB/s (176395 B / 1000 ms) fsu=65 | cum_total=4636806 B cum_segs=19321 | UP sent=64 eagain=0 lasterr=0 txcred=64 host_pulls=0
