   1.962  *** Booting nRF Connect SDK v3.4.0-99553055607b ***
   1.962  *** Using Zephyr OS v4.4.0-bf801e4e3d19 ***
   1.962  
   1.962  === nRF52840 L2CAP CoC central (Zephyr 4.4.1) ===
   1.962  scan start rc=0
   1.962  found FC:BE:FF:FA:E6:8B (random) (rssi -32), connecting
   2.022  GAP connected
   2.022  phy req rc=0
   2.078  DLE: tx_max=251 rx_max=251
   2.078  l2cap_chan_connect rc=0
   2.193  L2CAP connected: tx.mtu=512 tx.mps=247 tx.credits=0 rx.mtu=512 rx.mps=247
   2.193  GATE conn: interval=20 (units 1.25ms) => 25.00 ms
   2.193  Q3FSU-REQ role=C auto min=52 max=52 phys=0x2 rc=0
   2.244  PHY: tx=2 rx=2 (2=2M)
   2.245  dle req rc=0
   2.420  Q3FSU-DONE role=C status=0x00 spacing=65 types=0x3 phys=0x2 initiator=0
   2.478  blasting 480-byte SDUs...
   2.953  CENRX cum_total=0 B
   3.971  CENRX cum_total=0 B
   4.948  CENRX cum_total=0 B
   5.951  CENRX cum_total=0 B
   6.987  CENRX cum_total=0 B
   7.977  CENRX cum_total=0 B
   8.948  CENRX cum_total=0 B
   9.977  CENRX cum_total=0 B
  10.962  CENRX cum_total=0 B
  11.943  RPT occ: (SDC no-occ) fsu=65 | sender: sent=3591(+3591 SDU) eagain=0(+0) poolfail=0(+0)
  11.994  CENRX cum_total=0 B
  12.978  CENRX cum_total=0 B
  14.004  CENRX cum_total=0 B
  14.986  CENRX cum_total=0 B
  15.961  CENRX cum_total=0 B
  16.999  CENRX cum_total=0 B
  17.983  CENRX cum_total=0 B
  19.011  CENRX cum_total=0 B
  20.000  CENRX cum_total=0 B
  21.002  CENRX cum_total=0 B
  21.974  RPT occ: (SDC no-occ) fsu=65 | sender: sent=7370(+3779 SDU) eagain=0(+0) poolfail=0(+0)
  21.974  CENRX cum_total=0 B
  23.018  CENRX cum_total=0 B
  24.005  CENRX cum_total=0 B
  24.981  CENRX cum_total=0 B
  26.024  CENRX cum_total=0 B
  26.989  CENRX cum_total=0 B
  28.035  CENRX cum_total=0 B
  29.033  CENRX cum_total=0 B
  29.994  CENRX cum_total=0 B
