   1.958  *** Booting nRF Connect SDK v3.4.0-99553055607b ***
   1.958  *** Using Zephyr OS v4.4.0-bf801e4e3d19 ***
   1.958  
   1.958  === nRF52840 L2CAP CoC central (Zephyr 4.4.1) ===
   1.958  scan start rc=0
   1.958  found FC:BE:FF:FA:E6:8B (random) (rssi -32), connecting
   2.010  GAP connected
   2.010  phy req rc=0
   2.070  DLE: tx_max=251 rx_max=251
   2.070  l2cap_chan_connect rc=0
   2.182  L2CAP connected: tx.mtu=512 tx.mps=247 tx.credits=0 rx.mtu=512 rx.mps=247
   2.182  GATE conn: interval=20 (units 1.25ms) => 25.00 ms
   2.182  Q3FSU-REQ role=C auto min=52 max=52 phys=0x2 rc=0
   2.242  PHY: tx=2 rx=2 (2=2M)
   2.242  dle req rc=0
   2.399  Q3FSU-DONE role=C status=0x00 spacing=65 types=0x3 phys=0x2 initiator=0
   2.455  blasting 480-byte SDUs...
   2.967  CENRX cum_total=0 B
   3.960  CENRX cum_total=0 B
   4.937  CENRX cum_total=0 B
   5.962  CENRX cum_total=0 B
   6.968  CENRX cum_total=0 B
   7.948  CENRX cum_total=0 B
   8.950  CENRX cum_total=0 B
   9.987  CENRX cum_total=0 B
  10.973  CENRX cum_total=0 B
  11.965  RPT occ: (SDC no-occ) fsu=65 | sender: sent=3579(+3579 SDU) eagain=0(+0) poolfail=0(+0)
  11.965  CENRX cum_total=0 B
  12.958  CENRX cum_total=0 B
  13.970  CENRX cum_total=0 B
  14.960  CENRX cum_total=0 B
  15.987  CENRX cum_total=0 B
  16.970  CENRX cum_total=0 B
  17.980  CENRX cum_total=0 B
  18.955  CENRX cum_total=0 B
  20.013  CENRX cum_total=0 B
  20.988  CENRX cum_total=0 B
  21.963  RPT occ: (SDC no-occ) fsu=65 | sender: sent=7354(+3775 SDU) eagain=0(+0) poolfail=0(+0)
  21.963  CENRX cum_total=0 B
  22.994  CENRX cum_total=0 B
  24.005  CENRX cum_total=0 B
  25.010  CENRX cum_total=0 B
  25.997  CENRX cum_total=0 B
  27.031  CENRX cum_total=0 B
  28.005  CENRX cum_total=0 B
  29.028  CENRX cum_total=0 B
