   2.040  *** Booting nRF Connect SDK v3.4.0-99553055607b ***
   2.040  *** Using Zephyr OS v4.4.0-bf801e4e3d19 ***
   2.040  
   2.040  === nRF52840 L2CAP CoC central (Zephyr 4.4.1) ===
   2.040  scan start rc=0
   2.040  found FC:BE:FF:FA:E6:8B (random) (rssi -30), connecting
   2.096  GAP connected
   2.096  phy req rc=0
   2.150  DLE: tx_max=251 rx_max=251
   2.150  l2cap_chan_connect rc=0
   2.309  L2CAP connected: tx.mtu=512 tx.mps=247 tx.credits=0 rx.mtu=512 rx.mps=247
   2.309  GATE conn: interval=30 (units 1.25ms) => 37.50 ms
   2.309  Q3FSU-REQ role=C auto min=52 max=52 phys=0x2 rc=0
   2.473  PHY: tx=2 rx=2 (2=2M)
   2.473  dle req rc=0
   2.634  blasting 480-byte SDUs...
   2.688  Q3FSU-DONE role=C status=0x00 spacing=65 types=0x3 phys=0x2 initiator=0
   3.066  CENRX cum_total=0 B
   4.042  CENRX cum_total=0 B
   5.073  CENRX cum_total=0 B
   6.063  CENRX cum_total=0 B
   7.072  CENRX cum_total=0 B
   8.036  CENRX cum_total=0 B
   9.069  CENRX cum_total=0 B
  10.048  CENRX cum_total=0 B
  11.072  CENRX cum_total=0 B
  12.039  RPT occ: (SDC no-occ) fsu=65 | sender: sent=3711(+3711 SDU) eagain=0(+0) poolfail=0(+0)
  12.092  CENRX cum_total=0 B
  13.069  CENRX cum_total=0 B
  14.096  CENRX cum_total=0 B
  15.071  CENRX cum_total=0 B
  16.096  CENRX cum_total=0 B
  17.074  CENRX cum_total=0 B
  18.096  CENRX cum_total=0 B
  19.088  CENRX cum_total=0 B
  20.061  CENRX cum_total=0 B
  21.080  CENRX cum_total=0 B
  22.059  RPT occ: (SDC no-occ) fsu=65 | sender: sent=7668(+3957 SDU) eagain=0(+0) poolfail=0(+0)
  22.114  CENRX cum_total=0 B
  23.096  CENRX cum_total=0 B
  24.072  CENRX cum_total=0 B
  25.097  CENRX cum_total=0 B
  26.118  CENRX cum_total=0 B
  27.096  CENRX cum_total=0 B
  28.129  CENRX cum_total=0 B
  29.099  CENRX cum_total=0 B
