   1.948  *** Booting nRF Connect SDK v3.4.0-99553055607b ***
   1.948  *** Using Zephyr OS v4.4.0-bf801e4e3d19 ***
   1.948  
   1.948  === nRF52840 L2CAP CoC central (Zephyr 4.4.1) ===
   1.948  scan start rc=0
   1.948  found FC:BE:FF:FA:E6:8B (random) (rssi -32), connecting
   2.006  GAP connected
   2.006  phy req rc=0
   2.066  DLE: tx_max=251 rx_max=251
   2.066  l2cap_chan_connect rc=0
   2.244  L2CAP connected: tx.mtu=512 tx.mps=247 tx.credits=0 rx.mtu=512 rx.mps=247
   2.244  GATE conn: interval=30 (units 1.25ms) => 37.50 ms
   2.244  Q3FSU-REQ role=C auto min=52 max=52 phys=0x2 rc=0
   2.358  PHY: tx=2 rx=2 (2=2M)
   2.358  dle req rc=0
   2.531  blasting 480-byte SDUs...
   2.591  Q3FSU-DONE role=C status=0x00 spacing=65 types=0x3 phys=0x2 initiator=0
   2.944  CENRX cum_total=0 B
   3.924  CENRX cum_total=0 B
   4.950  CENRX cum_total=0 B
   5.983  CENRX cum_total=0 B
   6.946  CENRX cum_total=0 B
   7.972  CENRX cum_total=0 B
   8.949  CENRX cum_total=0 B
   9.970  CENRX cum_total=0 B
  10.958  CENRX cum_total=0 B
  11.933  RPT occ: (SDC no-occ) fsu=65 | sender: sent=3697(+3697 SDU) eagain=0(+0) poolfail=0(+0)
  11.990  CENRX cum_total=0 B
  12.959  CENRX cum_total=0 B
  13.996  CENRX cum_total=0 B
  14.967  CENRX cum_total=0 B
  15.947  CENRX cum_total=0 B
  16.993  CENRX cum_total=0 B
  17.953  CENRX cum_total=0 B
  19.002  CENRX cum_total=0 B
  20.002  CENRX cum_total=0 B
  20.989  CENRX cum_total=0 B
  21.964  RPT occ: (SDC no-occ) fsu=65 | sender: sent=7666(+3969 SDU) eagain=0(+0) poolfail=0(+0)
  21.964  CENRX cum_total=0 B
  22.964  CENRX cum_total=0 B
  23.988  CENRX cum_total=0 B
  24.976  CENRX cum_total=0 B
  25.974  CENRX cum_total=0 B
  26.975  CENRX cum_total=0 B
  27.978  CENRX cum_total=0 B
  29.002  CENRX cum_total=0 B
