   1.907  *** Booting nRF Connect SDK v3.4.0-99553055607b ***
   1.967  *** Using Zephyr OS v4.4.0-bf801e4e3d19 ***
   1.967  
   1.967  === nRF52840 L2CAP CoC central (Zephyr 4.4.1) ===
   1.967  scan start rc=0
   2.025  found FC:BE:FF:FA:E6:8B (random) (rssi -33), connecting
   2.085  GAP connected
   2.085  phy req rc=0
   2.138  DLE: tx_max=251 rx_max=251
   2.139  l2cap_chan_connect rc=0
   2.363  L2CAP connected: tx.mtu=512 tx.mps=247 tx.credits=0 rx.mtu=512 rx.mps=247
   2.364  GATE conn: interval=40 (units 1.25ms) => 50.00 ms
   2.364  Q3FSU-REQ role=C auto min=150 max=150 phys=0x2 rc=0
   2.534  PHY: tx=2 rx=2 (2=2M)
   2.534  dle req rc=0
   2.653  blasting 480-byte SDUs...
   2.886  Q3FSU-DONE role=C status=0x00 spacing=150 types=0x0 phys=0x0 initiator=0
   2.946  CENRX cum_total=0 B
   3.947  CENRX cum_total=0 B
   4.928  CENRX cum_total=0 B
   5.960  CENRX cum_total=0 B
   6.964  CENRX cum_total=0 B
   7.963  CENRX cum_total=0 B
   8.987  CENRX cum_total=0 B
   9.981  CENRX cum_total=0 B
  10.968  CENRX cum_total=0 B
  11.960  RPT occ: (SDC no-occ) fsu=150 | sender: sent=3144(+3144 SDU) eagain=0(+0) poolfail=0(+0)
  11.960  CENRX cum_total=0 B
  12.988  CENRX cum_total=0 B
  13.977  CENRX cum_total=0 B
  14.953  CENRX cum_total=0 B
  15.957  CENRX cum_total=0 B
  16.969  CENRX cum_total=0 B
  17.990  CENRX cum_total=0 B
  18.976  CENRX cum_total=0 B
  19.969  CENRX cum_total=0 B
  20.959  CENRX cum_total=0 B
  21.991  RPT occ: (SDC no-occ) fsu=150 | sender: sent=6561(+3417 SDU) eagain=0(+0) poolfail=0(+0)
  21.991  CENRX cum_total=0 B
  22.969  CENRX cum_total=0 B
  23.966  CENRX cum_total=0 B
  24.989  CENRX cum_total=0 B
  25.981  CENRX cum_total=0 B
  26.976  CENRX cum_total=0 B
  28.009  CENRX cum_total=0 B
  28.997  CENRX cum_total=0 B
  29.977  CENRX cum_total=0 B
