   1.708  *** Booting nRF Connect SDK v3.4.0-99553055607b ***
   1.708  *** Using Zephyr OS v4.4.0-bf801e4e3d19 ***
   1.708  
   1.708  === nRF52 L2CAP CoC SINK (Zephyr 4.4.1, seg_recv) ===
   1.708  L2CAP server on PSM 0x0080
   1.708  Advertising as 'zenoh-nrf-l2cap'
   1.997  GAP connected: interval=40
   2.175  DLE updated: tx_max=251 rx_max=251
   2.235  CoC up — seg_recv sink ready (RX_CREDITS=64, MPS=247)
   2.527  PHY updated: tx=2 rx=2
   2.763  SINK rx: 0 KB/s (486 B / 1000 ms) fsu=0 | cum_total=486 B cum_segs=3 | UP sent=64 eagain=0 lasterr=0 txcred=64 host_pulls=0
   2.820  Q3FSU-DONE role=P status=0x00 spacing=65 types=0x3 phys=0x2 initiator=2
   3.767  SINK rx: 154 KB/s (157920 B / 1000 ms) fsu=65 | cum_total=158406 B cum_segs=661 | UP sent=64 eagain=0 lasterr=0 txcred=64 host_pulls=0
   4.753  SINK rx: 188 KB/s (193440 B / 1000 ms) fsu=65 | cum_total=351846 B cum_segs=1467 | UP sent=64 eagain=0 lasterr=0 txcred=64 host_pulls=0
   5.801  SINK rx: 188 KB/s (192725 B / 1000 ms) fsu=65 | cum_total=544571 B cum_segs=2270 | UP sent=64 eagain=0 lasterr=0 txcred=64 host_pulls=0
   6.817  SINK rx: 189 KB/s (193920 B / 1000 ms) fsu=65 | cum_total=738491 B cum_segs=3078 | UP sent=64 eagain=0 lasterr=0 txcred=64 host_pulls=0
   7.793  SINK rx: 189 KB/s (193675 B / 1000 ms) fsu=65 | cum_total=932166 B cum_segs=3885 | UP sent=64 eagain=0 lasterr=0 txcred=64 host_pulls=0
   8.803  SINK rx: 188 KB/s (193440 B / 1000 ms) fsu=65 | cum_total=1125606 B cum_segs=4691 | UP sent=64 eagain=0 lasterr=0 txcred=64 host_pulls=0
   9.857  SINK rx: 189 KB/s (193685 B / 1000 ms) fsu=65 | cum_total=1319291 B cum_segs=5498 | UP sent=64 eagain=0 lasterr=0 txcred=64 host_pulls=0
  10.851  SINK rx: 189 KB/s (194155 B / 1000 ms) fsu=65 | cum_total=1513446 B cum_segs=6307 | UP sent=64 eagain=0 lasterr=0 txcred=64 host_pulls=0
  11.881  SINK rx: 183 KB/s (187445 B / 1000 ms) fsu=65 | cum_total=1700891 B cum_segs=7088 | UP sent=64 eagain=0 lasterr=0 txcred=64 host_pulls=0
  12.901  SINK rx: 189 KB/s (194400 B / 1000 ms) fsu=65 | cum_total=1895291 B cum_segs=7898 | UP sent=64 eagain=0 lasterr=0 txcred=64 host_pulls=0
  13.880  SINK rx: 189 KB/s (194155 B / 1000 ms) fsu=65 | cum_total=2089446 B cum_segs=8707 | UP sent=64 eagain=0 lasterr=0 txcred=64 host_pulls=0
  14.931  SINK rx: 187 KB/s (191520 B / 1000 ms) fsu=65 | cum_total=2280966 B cum_segs=9505 | UP sent=64 eagain=0 lasterr=0 txcred=64 host_pulls=0
  15.905  SINK rx: 185 KB/s (190080 B / 1000 ms) fsu=65 | cum_total=2471046 B cum_segs=10297 | UP sent=64 eagain=0 lasterr=0 txcred=64 host_pulls=0
  16.960  SINK rx: 189 KB/s (194400 B / 1000 ms) fsu=65 | cum_total=2665446 B cum_segs=11107 | UP sent=64 eagain=0 lasterr=0 txcred=64 host_pulls=0
  17.943  SINK rx: 189 KB/s (194165 B / 1000 ms) fsu=65 | cum_total=2859611 B cum_segs=11916 | UP sent=64 eagain=0 lasterr=0 txcred=64 host_pulls=0
  18.964  SINK rx: 182 KB/s (187200 B / 1000 ms) fsu=65 | cum_total=3046811 B cum_segs=12696 | UP sent=64 eagain=0 lasterr=0 txcred=64 host_pulls=0
  19.964  SINK rx: 189 KB/s (194155 B / 1000 ms) fsu=65 | cum_total=3240966 B cum_segs=13505 | UP sent=64 eagain=0 lasterr=0 txcred=64 host_pulls=0
  21.014  SINK rx: 188 KB/s (193440 B / 1000 ms) fsu=65 | cum_total=3434406 B cum_segs=14311 | UP sent=64 eagain=0 lasterr=0 txcred=64 host_pulls=0
  21.993  SINK rx: 188 KB/s (193205 B / 1000 ms) fsu=65 | cum_total=3627611 B cum_segs=15116 | UP sent=64 eagain=0 lasterr=0 txcred=64 host_pulls=0
  23.022  SINK rx: 176 KB/s (180235 B / 1000 ms) fsu=65 | cum_total=3807846 B cum_segs=15867 | UP sent=64 eagain=0 lasterr=0 txcred=64 host_pulls=0
  24.045  SINK rx: 183 KB/s (187680 B / 1000 ms) fsu=65 | cum_total=3995526 B cum_segs=16649 | UP sent=64 eagain=0 lasterr=0 txcred=64 host_pulls=0
  25.045  SINK rx: 186 KB/s (191040 B / 1000 ms) fsu=65 | cum_total=4186566 B cum_segs=17445 | UP sent=64 eagain=0 lasterr=0 txcred=64 host_pulls=0
  26.075  SINK rx: 189 KB/s (193920 B / 1000 ms) fsu=65 | cum_total=4380486 B cum_segs=18253 | UP sent=64 eagain=0 lasterr=0 txcred=64 host_pulls=0
  27.102  SINK rx: 189 KB/s (193685 B / 1000 ms) fsu=65 | cum_total=4574171 B cum_segs=19060 | UP sent=64 eagain=0 lasterr=0 txcred=64 host_pulls=0
  28.089  SINK rx: 188 KB/s (192715 B / 1000 ms) fsu=65 | cum_total=4766886 B cum_segs=19863 | UP sent=64 eagain=0 lasterr=0 txcred=64 host_pulls=0
  29.124  SINK rx: 189 KB/s (194165 B / 1000 ms) fsu=65 | cum_total=4961051 B cum_segs=20672 | UP sent=64 eagain=0 lasterr=0 txcred=64 host_pulls=0
