   2.038  *** Booting nRF Connect SDK v3.4.0-99553055607b ***
   2.038  *** Using Zephyr OS v4.4.0-bf801e4e3d19 ***
   2.038  
   2.038  === nRF52840 L2CAP CoC central (Zephyr 4.4.1) ===
   2.038  scan start rc=0
   2.094  found FC:BE:FF:FA:E6:8B (random) (rssi -32), connecting
   2.094  GAP connected
   2.094  phy req rc=0
   2.154  DLE: tx_max=251 rx_max=251
   2.154  l2cap_chan_connect rc=0
   2.154  L2CAP connected: tx.mtu=512 tx.mps=247 tx.credits=0 rx.mtu=512 rx.mps=247
   2.154  GATE conn: interval=6 (units 1.25ms) => 7.50 ms
   2.154  Q3FSU-REQ role=C auto min=150 max=150 phys=0x2 rc=0
   2.214  PHY: tx=2 rx=2 (2=2M)
   2.214  dle req rc=0
   2.214  Q3FSU-DONE role=C status=0x00 spacing=150 types=0x0 phys=0x0 initiator=0
   2.496  blasting 480-byte SDUs...
   3.088  CENRX cum_total=86620 B
   4.094  CENRX cum_total=182268 B
   5.052  CENRX cum_total=277672 B
   6.080  CENRX cum_total=373320 B
   7.077  CENRX cum_total=468724 B
   8.060  CENRX cum_total=564372 B
   9.107  CENRX cum_total=659044 B
  10.063  CENRX cum_total=754448 B
  11.102  CENRX cum_total=849852 B
  12.082  RPT occ: (SDC no-occ) fsu=150 | sender: sent=1892(+1892 SDU) eagain=0(+0) poolfail=0(+0)
  12.082  CENRX cum_total=944768 B
  13.072  CENRX cum_total=1039928 B
  14.106  CENRX cum_total=1135820 B
  15.095  CENRX cum_total=1231224 B
  16.082  CENRX cum_total=1326384 B
  17.098  CENRX cum_total=1421544 B
  18.112  CENRX cum_total=1517192 B
  19.078  CENRX cum_total=1612596 B
  20.103  CENRX cum_total=1708000 B
  21.092  CENRX cum_total=1803648 B
  22.100  RPT occ: (SDC no-occ) fsu=150 | sender: sent=3840(+1948 SDU) eagain=0(+0) poolfail=0(+0)
  22.100  CENRX cum_total=1898808 B
  23.088  CENRX cum_total=1994456 B
  24.139  CENRX cum_total=2089860 B
  25.108  CENRX cum_total=2185020 B
  26.140  CENRX cum_total=2279936 B
  27.135  CENRX cum_total=2375340 B
  28.126  CENRX cum_total=2469768 B
  29.148  CENRX cum_total=2565172 B
