   1.720  *** Booting nRF Connect SDK v3.4.0-99553055607b ***
   1.720  *** Using Zephyr OS v4.4.0-bf801e4e3d19 ***
   1.720  
   1.720  === nRF52 L2CAP CoC SINK (Zephyr 4.4.1, seg_recv) ===
   1.720  L2CAP server on PSM 0x0080
   1.720  Advertising as 'zenoh-nrf-l2cap'
   1.954  GAP connected: interval=6
   2.015  DLE updated: tx_max=251 rx_max=251
   2.015  CoC up — seg_recv sink ready (RX_CREDITS=64, MPS=247)
   2.066  PHY updated: tx=2 rx=2
   2.711  SINK rx: 47 KB/s (48486 B / 1000 ms) fsu=0 | cum_total=48486 B cum_segs=203 | UP sent=64 eagain=0 lasterr=0 txcred=64 host_pulls=0
   3.744  SINK rx: 123 KB/s (126965 B / 1000 ms) fsu=0 | cum_total=175451 B cum_segs=732 | UP sent=64 eagain=0 lasterr=0 txcred=64 host_pulls=0
   4.771  SINK rx: 126 KB/s (129355 B / 1000 ms) fsu=0 | cum_total=304806 B cum_segs=1271 | UP sent=64 eagain=0 lasterr=0 txcred=64 host_pulls=0
   5.786  SINK rx: 125 KB/s (128885 B / 1000 ms) fsu=0 | cum_total=433691 B cum_segs=1808 | UP sent=64 eagain=0 lasterr=0 txcred=64 host_pulls=0
   6.768  SINK rx: 126 KB/s (129120 B / 1000 ms) fsu=0 | cum_total=562811 B cum_segs=2346 | UP sent=64 eagain=0 lasterr=0 txcred=64 host_pulls=0
   7.782  SINK rx: 125 KB/s (128160 B / 1000 ms) fsu=0 | cum_total=690971 B cum_segs=2880 | UP sent=64 eagain=0 lasterr=0 txcred=64 host_pulls=0
   8.814  SINK rx: 125 KB/s (128395 B / 1000 ms) fsu=0 | cum_total=819366 B cum_segs=3415 | UP sent=64 eagain=0 lasterr=0 txcred=64 host_pulls=0
   9.852  SINK rx: 125 KB/s (128640 B / 1000 ms) fsu=0 | cum_total=948006 B cum_segs=3951 | UP sent=64 eagain=0 lasterr=0 txcred=64 host_pulls=0
  10.840  SINK rx: 125 KB/s (128405 B / 1000 ms) fsu=0 | cum_total=1076411 B cum_segs=4486 | UP sent=64 eagain=0 lasterr=0 txcred=64 host_pulls=0
  11.827  SINK rx: 125 KB/s (128640 B / 1000 ms) fsu=0 | cum_total=1205051 B cum_segs=5022 | UP sent=64 eagain=0 lasterr=0 txcred=64 host_pulls=0
  12.887  SINK rx: 126 KB/s (129120 B / 1000 ms) fsu=0 | cum_total=1334171 B cum_segs=5560 | UP sent=64 eagain=0 lasterr=0 txcred=64 host_pulls=0
  13.906  SINK rx: 126 KB/s (129355 B / 1000 ms) fsu=0 | cum_total=1463526 B cum_segs=6099 | UP sent=64 eagain=0 lasterr=0 txcred=64 host_pulls=0
  14.886  SINK rx: 125 KB/s (128640 B / 1000 ms) fsu=0 | cum_total=1592166 B cum_segs=6635 | UP sent=64 eagain=0 lasterr=0 txcred=64 host_pulls=0
  15.898  SINK rx: 126 KB/s (129120 B / 1000 ms) fsu=0 | cum_total=1721286 B cum_segs=7173 | UP sent=64 eagain=0 lasterr=0 txcred=64 host_pulls=0
  16.928  SINK rx: 126 KB/s (129365 B / 1000 ms) fsu=0 | cum_total=1850651 B cum_segs=7712 | UP sent=64 eagain=0 lasterr=0 txcred=64 host_pulls=0
  17.960  SINK rx: 125 KB/s (128395 B / 1000 ms) fsu=0 | cum_total=1979046 B cum_segs=8247 | UP sent=64 eagain=0 lasterr=0 txcred=64 host_pulls=0
  18.934  SINK rx: 125 KB/s (128160 B / 1000 ms) fsu=0 | cum_total=2107206 B cum_segs=8781 | UP sent=64 eagain=0 lasterr=0 txcred=64 host_pulls=0
  19.986  SINK rx: 125 KB/s (128885 B / 1000 ms) fsu=0 | cum_total=2236091 B cum_segs=9318 | UP sent=64 eagain=0 lasterr=0 txcred=64 host_pulls=0
  20.952  SINK rx: 126 KB/s (129120 B / 1000 ms) fsu=0 | cum_total=2365211 B cum_segs=9856 | UP sent=64 eagain=0 lasterr=0 txcred=64 host_pulls=0
  21.953  SINK rx: 125 KB/s (128160 B / 1000 ms) fsu=0 | cum_total=2493371 B cum_segs=10390 | UP sent=64 eagain=0 lasterr=0 txcred=64 host_pulls=0
  22.976  SINK rx: 125 KB/s (128640 B / 1000 ms) fsu=0 | cum_total=2622011 B cum_segs=10926 | UP sent=64 eagain=0 lasterr=0 txcred=64 host_pulls=0
  24.017  SINK rx: 125 KB/s (128395 B / 1000 ms) fsu=0 | cum_total=2750406 B cum_segs=11461 | UP sent=64 eagain=0 lasterr=0 txcred=64 host_pulls=0
  25.040  SINK rx: 125 KB/s (128160 B / 1000 ms) fsu=0 | cum_total=2878566 B cum_segs=11995 | UP sent=64 eagain=0 lasterr=0 txcred=64 host_pulls=0
  26.016  SINK rx: 124 KB/s (127680 B / 1000 ms) fsu=0 | cum_total=3006246 B cum_segs=12527 | UP sent=64 eagain=0 lasterr=0 txcred=64 host_pulls=0
  27.055  SINK rx: 125 KB/s (128405 B / 1000 ms) fsu=0 | cum_total=3134651 B cum_segs=13062 | UP sent=64 eagain=0 lasterr=0 txcred=64 host_pulls=0
  28.041  SINK rx: 126 KB/s (129355 B / 1000 ms) fsu=0 | cum_total=3264006 B cum_segs=13601 | UP sent=64 eagain=0 lasterr=0 txcred=64 host_pulls=0
  29.070  SINK rx: 126 KB/s (129120 B / 1000 ms) fsu=0 | cum_total=3393126 B cum_segs=14139 | UP sent=64 eagain=0 lasterr=0 txcred=64 host_pulls=0
