   1.728  *** Booting nRF Connect SDK v3.4.0-99553055607b ***
   1.728  *** Using Zephyr OS v4.4.0-bf801e4e3d19 ***
   1.728  
   1.728  === nRF52 L2CAP CoC SINK (Zephyr 4.4.1, seg_recv) ===
   1.728  L2CAP server on PSM 0x0080
   1.728  Advertising as 'zenoh-nrf-l2cap'
   2.118  GAP connected: interval=6
   2.118  DLE updated: tx_max=251 rx_max=251
   2.178  CoC up — seg_recv sink ready (RX_CREDITS=64, MPS=247)
   2.178  PHY updated: tx=2 rx=2
   2.232  Q3FSU-DONE role=P status=0x00 spacing=65 types=0x3 phys=0x2 initiator=2
   2.754  SINK rx: 22 KB/s (23526 B / 1000 ms) fsu=65 | cum_total=23526 B cum_segs=99 | UP sent=333 eagain=0 lasterr=0 txcred=0 host_pulls=0
   3.786  SINK rx: 91 KB/s (94080 B / 1000 ms) fsu=65 | cum_total=117606 B cum_segs=491 | UP sent=732 eagain=0 lasterr=0 txcred=10 host_pulls=0
   4.772  SINK rx: 92 KB/s (94560 B / 1000 ms) fsu=65 | cum_total=212166 B cum_segs=885 | UP sent=1127 eagain=0 lasterr=0 txcred=26 host_pulls=0
   5.805  SINK rx: 92 KB/s (95040 B / 1000 ms) fsu=65 | cum_total=307206 B cum_segs=1281 | UP sent=1522 eagain=0 lasterr=0 txcred=0 host_pulls=0
   6.794  SINK rx: 92 KB/s (94805 B / 1000 ms) fsu=65 | cum_total=402011 B cum_segs=1676 | UP sent=1918 eagain=0 lasterr=0 txcred=14 host_pulls=0
   7.780  SINK rx: 93 KB/s (95275 B / 1000 ms) fsu=65 | cum_total=497286 B cum_segs=2073 | UP sent=2301 eagain=0 lasterr=0 txcred=0 host_pulls=0
   8.836  SINK rx: 92 KB/s (94805 B / 1000 ms) fsu=65 | cum_total=592091 B cum_segs=2468 | UP sent=2709 eagain=0 lasterr=0 txcred=2 host_pulls=0
   9.861  SINK rx: 92 KB/s (94795 B / 1000 ms) fsu=65 | cum_total=686886 B cum_segs=2863 | UP sent=3105 eagain=0 lasterr=0 txcred=16 host_pulls=0
  10.838  SINK rx: 92 KB/s (95040 B / 1000 ms) fsu=65 | cum_total=781926 B cum_segs=3259 | UP sent=3490 eagain=0 lasterr=0 txcred=0 host_pulls=0
  11.880  SINK rx: 92 KB/s (95040 B / 1000 ms) fsu=65 | cum_total=876966 B cum_segs=3655 | UP sent=3896 eagain=0 lasterr=0 txcred=4 host_pulls=0
  12.902  SINK rx: 92 KB/s (94805 B / 1000 ms) fsu=65 | cum_total=971771 B cum_segs=4050 | UP sent=4292 eagain=0 lasterr=0 txcred=18 host_pulls=0
  13.881  SINK rx: 92 KB/s (95040 B / 1000 ms) fsu=65 | cum_total=1066811 B cum_segs=4446 | UP sent=4679 eagain=0 lasterr=0 txcred=0 host_pulls=0
  14.912  SINK rx: 92 KB/s (94795 B / 1000 ms) fsu=65 | cum_total=1161606 B cum_segs=4841 | UP sent=5082 eagain=0 lasterr=0 txcred=7 host_pulls=0
  15.887  SINK rx: 92 KB/s (95040 B / 1000 ms) fsu=65 | cum_total=1256646 B cum_segs=5237 | UP sent=5479 eagain=0 lasterr=0 txcred=20 host_pulls=0
  16.922  SINK rx: 92 KB/s (95040 B / 1000 ms) fsu=65 | cum_total=1351686 B cum_segs=5633 | UP sent=5868 eagain=0 lasterr=0 txcred=0 host_pulls=0
  17.949  SINK rx: 92 KB/s (94805 B / 1000 ms) fsu=65 | cum_total=1446491 B cum_segs=6028 | UP sent=6270 eagain=0 lasterr=0 txcred=8 host_pulls=0
  18.977  SINK rx: 92 KB/s (95040 B / 1000 ms) fsu=65 | cum_total=1541531 B cum_segs=6424 | UP sent=6666 eagain=0 lasterr=0 txcred=22 host_pulls=0
  19.989  SINK rx: 92 KB/s (95040 B / 1000 ms) fsu=65 | cum_total=1636571 B cum_segs=6820 | UP sent=7057 eagain=0 lasterr=0 txcred=0 host_pulls=0
  21.009  SINK rx: 92 KB/s (94795 B / 1000 ms) fsu=65 | cum_total=1731366 B cum_segs=7215 | UP sent=7457 eagain=0 lasterr=0 txcred=10 host_pulls=0
  22.017  SINK rx: 92 KB/s (95040 B / 1000 ms) fsu=65 | cum_total=1826406 B cum_segs=7611 | UP sent=7853 eagain=0 lasterr=0 txcred=24 host_pulls=0
  22.992  SINK rx: 92 KB/s (95040 B / 1000 ms) fsu=65 | cum_total=1921446 B cum_segs=8007 | UP sent=8246 eagain=0 lasterr=0 txcred=0 host_pulls=0
  24.015  SINK rx: 92 KB/s (94805 B / 1000 ms) fsu=65 | cum_total=2016251 B cum_segs=8402 | UP sent=8644 eagain=0 lasterr=0 txcred=12 host_pulls=0
  25.050  SINK rx: 92 KB/s (94795 B / 1000 ms) fsu=65 | cum_total=2111046 B cum_segs=8797 | UP sent=9039 eagain=0 lasterr=0 txcred=27 host_pulls=0
  26.024  SINK rx: 93 KB/s (95285 B / 1000 ms) fsu=65 | cum_total=2206331 B cum_segs=9194 | UP sent=9434 eagain=0 lasterr=0 txcred=0 host_pulls=0
  27.071  SINK rx: 92 KB/s (94795 B / 1000 ms) fsu=65 | cum_total=2301126 B cum_segs=9589 | UP sent=9831 eagain=0 lasterr=0 txcred=14 host_pulls=0
  28.051  SINK rx: 92 KB/s (95040 B / 1000 ms) fsu=65 | cum_total=2396166 B cum_segs=9985 | UP sent=10214 eagain=0 lasterr=0 txcred=0 host_pulls=0
  29.084  SINK rx: 92 KB/s (95040 B / 1000 ms) fsu=65 | cum_total=2491206 B cum_segs=10381 | UP sent=10621 eagain=0 lasterr=0 txcred=2 host_pulls=0
