   1.956  *** Booting nRF Connect SDK v3.4.0-99553055607b ***
   1.956  *** Using Zephyr OS v4.4.0-bf801e4e3d19 ***
   1.956  
   1.956  === nRF52840 L2CAP CoC central (Zephyr 4.4.1) ===
   1.956  scan start rc=0
   2.017  found FC:BE:FF:FA:E6:8B (random) (rssi -32), connecting
   2.017  GAP connected
   2.017  phy req rc=0
   2.017  DLE: tx_max=251 rx_max=251
   2.017  l2cap_chan_connect rc=0
   2.072  L2CAP connected: tx.mtu=512 tx.mps=247 tx.credits=0 rx.mtu=512 rx.mps=247
   2.072  GATE conn: interval=6 (units 1.25ms) => 7.50 ms
   2.072  Q3FSU-REQ role=C auto min=150 max=150 phys=0x2 rc=0
   2.072  PHY: tx=2 rx=2 (2=2M)
   2.072  dle req rc=0
   2.132  Q3FSU-DONE role=C status=0x00 spacing=150 types=0x0 phys=0x0 initiator=0
   2.365  blasting 480-byte SDUs...
   2.937  CENRX cum_total=86132 B
   3.983  CENRX cum_total=181536 B
   4.958  CENRX cum_total=276696 B
   5.981  CENRX cum_total=372344 B
   6.948  CENRX cum_total=467748 B
   7.965  CENRX cum_total=563396 B
   8.979  CENRX cum_total=658800 B
   9.956  CENRX cum_total=754448 B
  10.983  CENRX cum_total=849852 B
  11.952  RPT occ: (SDC no-occ) fsu=150 | sender: sent=1892(+1892 SDU) eagain=0(+0) poolfail=0(+0)
  11.952  CENRX cum_total=945256 B
  12.986  CENRX cum_total=1040172 B
  14.014  CENRX cum_total=1134356 B
  14.993  CENRX cum_total=1228052 B
  15.964  CENRX cum_total=1322236 B
  16.984  CENRX cum_total=1417396 B
  17.967  CENRX cum_total=1512800 B
  19.005  CENRX cum_total=1607472 B
  19.981  CENRX cum_total=1701900 B
  21.020  CENRX cum_total=1795840 B
  21.974  RPT occ: (SDC no-occ) fsu=150 | sender: sent=3828(+1936 SDU) eagain=0(+0) poolfail=0(+0)
  22.028  CENRX cum_total=1890268 B
  23.001  CENRX cum_total=1985428 B
  24.037  CENRX cum_total=2080100 B
  25.019  CENRX cum_total=2175016 B
  25.992  CENRX cum_total=2269932 B
  27.017  CENRX cum_total=2364848 B
  27.991  CENRX cum_total=2460008 B
  29.041  CENRX cum_total=2554924 B
