   1.927  *** Booting nRF Connect SDK v3.4.0-99553055607b ***
   1.927  *** Using Zephyr OS v4.4.0-bf801e4e3d19 ***
   1.927  
   1.927  === nRF52840 L2CAP CoC central (Zephyr 4.4.1) ===
   1.927  scan start rc=0
   2.036  found FC:BE:FF:FA:E6:8B (random) (rssi -32), connecting
   2.036  GAP connected
   2.036  phy req rc=0
   2.089  GAP disconnected 0x3e
   2.089  scan start rc=0
   2.144  found FC:BE:FF:FA:E6:8B (random) (rssi -30), connecting
   2.144  GAP connected
   2.144  phy req rc=0
   2.144  DLE: tx_max=251 rx_max=251
   2.144  l2cap_chan_connect rc=0
   2.199  L2CAP connected: tx.mtu=512 tx.mps=247 tx.credits=0 rx.mtu=512 rx.mps=247
   2.200  GATE conn: interval=6 (units 1.25ms) => 7.50 ms
   2.200  Q3FSU-REQ role=C auto min=52 max=52 phys=0x2 rc=0
   2.200  PHY: tx=2 rx=2 (2=2M)
   2.255  dle req rc=0
   2.255  Q3FSU-DONE role=C status=0x00 spacing=65 types=0x3 phys=0x2 initiator=0
   2.520  blasting 480-byte SDUs...
   2.951  CENRX cum_total=80032 B
   3.973  CENRX cum_total=174704 B
   4.952  CENRX cum_total=270352 B
   5.980  CENRX cum_total=365512 B
   6.944  CENRX cum_total=461404 B
   7.975  CENRX cum_total=556808 B
   8.950  CENRX cum_total=652212 B
   9.985  CENRX cum_total=747860 B
  10.958  CENRX cum_total=843508 B
  11.929  RPT occ: (SDC no-occ) fsu=65 | sender: sent=1866(+1866 SDU) eagain=0(+0) poolfail=0(+0)
  11.979  CENRX cum_total=938668 B
  13.003  CENRX cum_total=1034316 B
  13.976  CENRX cum_total=1129964 B
  14.955  CENRX cum_total=1225124 B
  15.983  CENRX cum_total=1321016 B
  17.007  CENRX cum_total=1416420 B
  17.982  CENRX cum_total=1512068 B
  18.995  CENRX cum_total=1607472 B
  20.007  CENRX cum_total=1703120 B
  20.987  CENRX cum_total=1798524 B
  21.962  RPT occ: (SDC no-occ) fsu=65 | sender: sent=3819(+1953 SDU) eagain=0(+0) poolfail=0(+0)
  22.017  CENRX cum_total=1894172 B
  22.985  CENRX cum_total=1989576 B
  23.994  CENRX cum_total=2085224 B
  25.020  CENRX cum_total=2180628 B
  25.994  CENRX cum_total=2276276 B
  27.019  CENRX cum_total=2371680 B
  27.994  CENRX cum_total=2467084 B
  29.020  CENRX cum_total=2562000 B
  29.992  CENRX cum_total=2657404 B
