   1.742  *** Booting nRF Connect SDK v3.4.0-99553055607b ***
   1.743  *** Using Zephyr OS v4.4.0-bf801e4e3d19 ***
   1.743  
   1.743  === nRF52 L2CAP CoC SINK (Zephyr 4.4.1, seg_recv) ===
   1.743  L2CAP server on PSM 0x0080
   1.743  Advertising as 'zenoh-nrf-l2cap'
   1.981  GAP connected: interval=6
   2.038  DLE updated: tx_max=251 rx_max=251
   2.038  CoC up — seg_recv sink ready (RX_CREDITS=64, MPS=247)
   2.096  PHY updated: tx=2 rx=2
   2.778  SINK rx: 46 KB/s (47291 B / 1000 ms) fsu=0 | cum_total=47291 B cum_segs=198 | UP sent=64 eagain=0 lasterr=0 txcred=64 host_pulls=0
   3.770  SINK rx: 124 KB/s (127915 B / 1000 ms) fsu=0 | cum_total=175206 B cum_segs=731 | UP sent=64 eagain=0 lasterr=0 txcred=64 host_pulls=0
   4.779  SINK rx: 125 KB/s (128640 B / 1000 ms) fsu=0 | cum_total=303846 B cum_segs=1267 | UP sent=64 eagain=0 lasterr=0 txcred=64 host_pulls=0
   5.775  SINK rx: 125 KB/s (128405 B / 1000 ms) fsu=0 | cum_total=432251 B cum_segs=1802 | UP sent=64 eagain=0 lasterr=0 txcred=64 host_pulls=0
   6.795  SINK rx: 125 KB/s (128395 B / 1000 ms) fsu=0 | cum_total=560646 B cum_segs=2337 | UP sent=64 eagain=0 lasterr=0 txcred=64 host_pulls=0
   7.827  SINK rx: 124 KB/s (127200 B / 1000 ms) fsu=0 | cum_total=687846 B cum_segs=2867 | UP sent=64 eagain=0 lasterr=0 txcred=64 host_pulls=0
   8.857  SINK rx: 126 KB/s (129600 B / 1000 ms) fsu=0 | cum_total=817446 B cum_segs=3407 | UP sent=64 eagain=0 lasterr=0 txcred=64 host_pulls=0
   9.866  SINK rx: 126 KB/s (129120 B / 1000 ms) fsu=0 | cum_total=946566 B cum_segs=3945 | UP sent=64 eagain=0 lasterr=0 txcred=64 host_pulls=0
  10.881  SINK rx: 124 KB/s (127925 B / 1000 ms) fsu=0 | cum_total=1074491 B cum_segs=4478 | UP sent=64 eagain=0 lasterr=0 txcred=64 host_pulls=0
  11.862  SINK rx: 125 KB/s (128875 B / 1000 ms) fsu=0 | cum_total=1203366 B cum_segs=5015 | UP sent=64 eagain=0 lasterr=0 txcred=64 host_pulls=0
  12.851  SINK rx: 126 KB/s (129365 B / 1000 ms) fsu=0 | cum_total=1332731 B cum_segs=5554 | UP sent=64 eagain=0 lasterr=0 txcred=64 host_pulls=0
  13.878  SINK rx: 125 KB/s (128160 B / 1000 ms) fsu=0 | cum_total=1460891 B cum_segs=6088 | UP sent=64 eagain=0 lasterr=0 txcred=64 host_pulls=0
  14.918  SINK rx: 125 KB/s (128875 B / 1000 ms) fsu=0 | cum_total=1589766 B cum_segs=6625 | UP sent=64 eagain=0 lasterr=0 txcred=64 host_pulls=0
  15.892  SINK rx: 125 KB/s (128640 B / 1000 ms) fsu=0 | cum_total=1718406 B cum_segs=7161 | UP sent=64 eagain=0 lasterr=0 txcred=64 host_pulls=0
  16.923  SINK rx: 124 KB/s (127925 B / 1000 ms) fsu=0 | cum_total=1846331 B cum_segs=7694 | UP sent=64 eagain=0 lasterr=0 txcred=64 host_pulls=0
  17.949  SINK rx: 125 KB/s (128875 B / 1000 ms) fsu=0 | cum_total=1975206 B cum_segs=8231 | UP sent=64 eagain=0 lasterr=0 txcred=64 host_pulls=0
  18.971  SINK rx: 125 KB/s (128885 B / 1000 ms) fsu=0 | cum_total=2104091 B cum_segs=8768 | UP sent=64 eagain=0 lasterr=0 txcred=64 host_pulls=0
  19.942  SINK rx: 126 KB/s (129120 B / 1000 ms) fsu=0 | cum_total=2233211 B cum_segs=9306 | UP sent=64 eagain=0 lasterr=0 txcred=64 host_pulls=0
  20.981  SINK rx: 126 KB/s (129355 B / 1000 ms) fsu=0 | cum_total=2362566 B cum_segs=9845 | UP sent=64 eagain=0 lasterr=0 txcred=64 host_pulls=0
  22.020  SINK rx: 125 KB/s (128640 B / 1000 ms) fsu=0 | cum_total=2491206 B cum_segs=10381 | UP sent=64 eagain=0 lasterr=0 txcred=64 host_pulls=0
  22.982  SINK rx: 126 KB/s (129845 B / 1000 ms) fsu=0 | cum_total=2621051 B cum_segs=10922 | UP sent=64 eagain=0 lasterr=0 txcred=64 host_pulls=0
  24.030  SINK rx: 126 KB/s (129600 B / 1000 ms) fsu=0 | cum_total=2750651 B cum_segs=11462 | UP sent=64 eagain=0 lasterr=0 txcred=64 host_pulls=0
  25.020  SINK rx: 125 KB/s (128875 B / 1000 ms) fsu=0 | cum_total=2879526 B cum_segs=11999 | UP sent=64 eagain=0 lasterr=0 txcred=64 host_pulls=0
  26.052  SINK rx: 126 KB/s (129365 B / 1000 ms) fsu=0 | cum_total=3008891 B cum_segs=12538 | UP sent=64 eagain=0 lasterr=0 txcred=64 host_pulls=0
  27.035  SINK rx: 126 KB/s (129355 B / 1000 ms) fsu=0 | cum_total=3138246 B cum_segs=13077 | UP sent=64 eagain=0 lasterr=0 txcred=64 host_pulls=0
  28.044  SINK rx: 126 KB/s (129845 B / 1000 ms) fsu=0 | cum_total=3268091 B cum_segs=13618 | UP sent=64 eagain=0 lasterr=0 txcred=64 host_pulls=0
  29.077  SINK rx: 126 KB/s (129600 B / 1000 ms) fsu=0 | cum_total=3397691 B cum_segs=14158 | UP sent=64 eagain=0 lasterr=0 txcred=64 host_pulls=0
