   1.739  found D6:C7:60:B1:D3:0E (random) (rssi -34), connecting
   1.740  Q2CONN AA=65c81c64 CRCINIT=59c16e hop=9 chan_count=37 map=ffffffff1f
   1.794  GAP connected
   1.794  phy req rc=0
   1.849  PHY: tx=2 rx=2 (2=2M)
   1.849  dle req rc=0
   1.849  DLE: tx_max=251 rx_max=27
   1.849  l2cap_chan_connect rc=0
   1.905  L2CAP connected: tx.mtu=512 tx.mps=247 tx.credits=0 rx.mtu=245 rx.mps=247
   1.905  GATE conn: interval=6 (units 1.25ms) => 7.50 ms
   1.905  Q3FSU-REQ role=C auto min=52 max=150 phys=0x2 rc=0
   1.905  Q3FSU-DONE role=C status=0x00 spacing=52 types=0x3 phys=0x2 initiator=0
   2.014  *** Booting Zephyr OS build v4.4.2-16-gfee9fbc62095 ***
   2.014  
   2.014  === nRF52840 L2CAP CoC central (Zephyr 4.4.1) ===
   2.014  scan start rc=0
   5.954  found D6:C7:60:B1:D3:0E (random) (rssi -36), connecting
   5.954  Q2CONN AA=ef3f4472 CRCINIT=92cf60 hop=10 chan_count=37 map=ffffffff1f
   5.954  GAP connected
   5.954  phy req rc=0
   6.064  PHY: tx=2 rx=2 (2=2M)
   6.064  dle req rc=0
   6.064  DLE: tx_max=251 rx_max=27
   6.064  l2cap_chan_connect rc=0
   6.116  L2CAP connected: tx.mtu=512 tx.mps=247 tx.credits=0 rx.mtu=245 rx.mps=247
   6.116  GATE conn: interval=6 (units 1.25ms) => 7.50 ms
   6.116  Q3FSU-REQ role=C auto min=52 max=150 phys=0x2 rc=0
   6.116  Q3FSU-DONE role=C status=0x00 spacing=52 types=0x3 phys=0x2 initiator=0
   6.386  blasting 480-byte SDUs...
  12.348  RPT occ: events=0 mean_pkts/ev=0.00 max=0 nonempty_ev=0 fsu=52 | sender: sent=2056(+2056 SDU) eagain=0(+0) poolfail=0(+0)
  22.335  RPT occ: events=0 mean_pkts/ev=0.00 max=0 nonempty_ev=0 fsu=52 | sender: sent=5375(+3319 SDU) eagain=0(+0) poolfail=0(+0)
