   0.626  SINK rx: 0 KB/s (0 B / 1000 ms) fsu=65 | cum_total=4727046 B cum_segs=19697
   1.710  *** Booting nRF Connect SDK v3.4.0-99553055607b ***
   1.710  *** Using Zephyr OS v4.4.0-bf801e4e3d19 ***
   1.710  
   1.710  === nRF52 L2CAP CoC SINK (Zephyr 4.4.1, seg_recv) ===
   1.770  L2CAP server on PSM 0x0080
   1.770  Advertising as 'zenoh-nrf-l2cap'
   1.770  GAP connected: interval=6
   1.827  PHY updated: tx=2 rx=2
   1.887  DLE updated: tx_max=251 rx_max=251
   1.887  CoC up — seg_recv sink ready (RX_CREDITS=64, MPS=247)
   2.767  SINK rx: 0 KB/s (6 B / 1000 ms) fsu=0 | cum_total=6 B cum_segs=1
   3.763  SINK rx: 0 KB/s (0 B / 1000 ms) fsu=0 | cum_total=6 B cum_segs=1
   4.740  SINK rx: 0 KB/s (0 B / 1000 ms) fsu=0 | cum_total=6 B cum_segs=1
   5.791  SINK rx: 0 KB/s (0 B / 1000 ms) fsu=0 | cum_total=6 B cum_segs=1
   5.972  CoC down
   5.972  GAP disconnected (0x08)
   5.972  Advertising as 'zenoh-nrf-l2cap'
   6.093  GAP connected: interval=6
   6.153  PHY updated: tx=2 rx=2
   6.153  DLE updated: tx_max=251 rx_max=251
   6.214  CoC up — seg_recv sink ready (RX_CREDITS=64, MPS=247)
   6.782  SINK rx: 32 KB/s (32891 B / 1000 ms) fsu=0 | cum_total=32891 B cum_segs=138
   7.753  SINK rx: 125 KB/s (128875 B / 1000 ms) fsu=0 | cum_total=161766 B cum_segs=675
   8.770  SINK rx: 124 KB/s (127925 B / 1000 ms) fsu=0 | cum_total=289691 B cum_segs=1208
   9.778  SINK rx: 124 KB/s (127680 B / 1000 ms) fsu=0 | cum_total=417371 B cum_segs=1740
  10.830  SINK rx: 125 KB/s (128640 B / 1000 ms) fsu=0 | cum_total=546011 B cum_segs=2276
  11.790  SINK rx: 126 KB/s (129120 B / 1000 ms) fsu=0 | cum_total=675131 B cum_segs=2814
  12.844  SINK rx: 124 KB/s (127680 B / 1000 ms) fsu=0 | cum_total=802811 B cum_segs=3346
  13.819  SINK rx: 125 KB/s (128640 B / 1000 ms) fsu=0 | cum_total=931451 B cum_segs=3882
  14.859  SINK rx: 125 KB/s (128875 B / 1000 ms) fsu=0 | cum_total=1060326 B cum_segs=4419
  15.850  SINK rx: 124 KB/s (127925 B / 1000 ms) fsu=0 | cum_total=1188251 B cum_segs=4952
  16.850  SINK rx: 124 KB/s (127915 B / 1000 ms) fsu=0 | cum_total=1316166 B cum_segs=5485
  17.850  SINK rx: 125 KB/s (128640 B / 1000 ms) fsu=0 | cum_total=1444806 B cum_segs=6021
  18.842  SINK rx: 125 KB/s (128640 B / 1000 ms) fsu=0 | cum_total=1573446 B cum_segs=6557
  19.898  SINK rx: 125 KB/s (128885 B / 1000 ms) fsu=0 | cum_total=1702331 B cum_segs=7094
  20.880  SINK rx: 125 KB/s (128395 B / 1000 ms) fsu=0 | cum_total=1830726 B cum_segs=7629
  21.907  SINK rx: 125 KB/s (128640 B / 1000 ms) fsu=0 | cum_total=1959366 B cum_segs=8165
  22.896  SINK rx: 126 KB/s (129120 B / 1000 ms) fsu=0 | cum_total=2088486 B cum_segs=8703
  23.895  SINK rx: 125 KB/s (128640 B / 1000 ms) fsu=0 | cum_total=2217126 B cum_segs=9239
  24.915  SINK rx: 125 KB/s (128885 B / 1000 ms) fsu=0 | cum_total=2346011 B cum_segs=9776
  25.927  SINK rx: 125 KB/s (128875 B / 1000 ms) fsu=0 | cum_total=2474886 B cum_segs=10313
  26.933  SINK rx: 124 KB/s (127680 B / 1000 ms) fsu=0 | cum_total=2602566 B cum_segs=10845
  27.921  SINK rx: 125 KB/s (128640 B / 1000 ms) fsu=0 | cum_total=2731206 B cum_segs=11381
  28.955  SINK rx: 124 KB/s (127200 B / 1000 ms) fsu=0 | cum_total=2858406 B cum_segs=11911
  29.926  SINK rx: 125 KB/s (128885 B / 1000 ms) fsu=0 | cum_total=2987291 B cum_segs=12448
  30.953  SINK rx: 126 KB/s (129120 B / 1000 ms) fsu=0 | cum_total=3116411 B cum_segs=12986
  31.990  SINK rx: 124 KB/s (127680 B / 1000 ms) fsu=0 | cum_total=3244091 B cum_segs=13518
