   0.588  SINK rx: 0 KB/s (0 B / 1000 ms) fsu=65 | cum_total=3813606 B cum_segs=15891
   1.570  SINK rx: 0 KB/s (0 B / 1000 ms) fsu=65 | cum_total=3813606 B cum_segs=15891
   1.743  *** Booting nRF Connect SDK v3.4.0-99553055607b ***
   1.743  *** Using Zephyr OS v4.4.0-bf801e4e3d19 ***
   1.743  
   1.743  === nRF52 L2CAP CoC SINK (Zephyr 4.4.1, seg_recv) ===
   1.743  L2CAP server on PSM 0x0080
   1.743  Advertising as 'zenoh-nrf-l2cap'
   1.802  GAP connected: interval=6
   1.858  PHY updated: tx=2 rx=2
   1.858  DLE updated: tx_max=251 rx_max=251
   1.918  CoC up — seg_recv sink ready (RX_CREDITS=64, MPS=247)
   2.768  SINK rx: 0 KB/s (6 B / 1000 ms) fsu=0 | cum_total=6 B cum_segs=1
   3.776  SINK rx: 0 KB/s (0 B / 1000 ms) fsu=0 | cum_total=6 B cum_segs=1
   4.749  SINK rx: 0 KB/s (0 B / 1000 ms) fsu=0 | cum_total=6 B cum_segs=1
   5.797  SINK rx: 0 KB/s (0 B / 1000 ms) fsu=0 | cum_total=6 B cum_segs=1
   5.972  CoC down
   5.972  GAP disconnected (0x08)
   5.972  Advertising as 'zenoh-nrf-l2cap'
   6.089  GAP connected: interval=6
   6.147  PHY updated: tx=2 rx=2
   6.198  DLE updated: tx_max=251 rx_max=251
   6.198  CoC up — seg_recv sink ready (RX_CREDITS=64, MPS=247)
   6.779  SINK rx: 28 KB/s (29286 B / 1000 ms) fsu=0 | cum_total=29286 B cum_segs=123
   7.812  SINK rx: 125 KB/s (128640 B / 1000 ms) fsu=0 | cum_total=157926 B cum_segs=659
   8.787  SINK rx: 124 KB/s (127925 B / 1000 ms) fsu=0 | cum_total=285851 B cum_segs=1192
   9.774  SINK rx: 126 KB/s (129120 B / 1000 ms) fsu=0 | cum_total=414971 B cum_segs=1730
  10.797  SINK rx: 125 KB/s (128875 B / 1000 ms) fsu=0 | cum_total=543846 B cum_segs=2267
  11.841  SINK rx: 126 KB/s (129120 B / 1000 ms) fsu=0 | cum_total=672966 B cum_segs=2805
  12.843  SINK rx: 125 KB/s (128885 B / 1000 ms) fsu=0 | cum_total=801851 B cum_segs=3342
  13.819  SINK rx: 125 KB/s (128875 B / 1000 ms) fsu=0 | cum_total=930726 B cum_segs=3879
  14.867  SINK rx: 125 KB/s (128885 B / 1000 ms) fsu=0 | cum_total=1059611 B cum_segs=4416
  15.842  SINK rx: 126 KB/s (129120 B / 1000 ms) fsu=0 | cum_total=1188731 B cum_segs=4954
  16.866  SINK rx: 126 KB/s (129120 B / 1000 ms) fsu=0 | cum_total=1317851 B cum_segs=5492
  17.858  SINK rx: 126 KB/s (129120 B / 1000 ms) fsu=0 | cum_total=1446971 B cum_segs=6030
  18.879  SINK rx: 125 KB/s (128160 B / 1000 ms) fsu=0 | cum_total=1575131 B cum_segs=6564
  19.864  SINK rx: 125 KB/s (128875 B / 1000 ms) fsu=0 | cum_total=1704006 B cum_segs=7101
  20.914  SINK rx: 126 KB/s (129365 B / 1000 ms) fsu=0 | cum_total=1833371 B cum_segs=7640
  21.899  SINK rx: 125 KB/s (128875 B / 1000 ms) fsu=0 | cum_total=1962246 B cum_segs=8177
  22.884  SINK rx: 126 KB/s (129120 B / 1000 ms) fsu=0 | cum_total=2091366 B cum_segs=8715
  23.942  SINK rx: 125 KB/s (128885 B / 1000 ms) fsu=0 | cum_total=2220251 B cum_segs=9252
  24.924  SINK rx: 126 KB/s (129355 B / 1000 ms) fsu=0 | cum_total=2349606 B cum_segs=9791
  25.962  SINK rx: 125 KB/s (128160 B / 1000 ms) fsu=0 | cum_total=2477766 B cum_segs=10325
  26.918  SINK rx: 126 KB/s (129365 B / 1000 ms) fsu=0 | cum_total=2607131 B cum_segs=10864
  27.954  SINK rx: 125 KB/s (128640 B / 1000 ms) fsu=0 | cum_total=2735771 B cum_segs=11400
  28.946  SINK rx: 126 KB/s (129355 B / 1000 ms) fsu=0 | cum_total=2865126 B cum_segs=11939
  29.977  SINK rx: 125 KB/s (128885 B / 1000 ms) fsu=0 | cum_total=2994011 B cum_segs=12476
  31.005  SINK rx: 126 KB/s (129120 B / 1000 ms) fsu=0 | cum_total=3123131 B cum_segs=13014
  31.972  SINK rx: 126 KB/s (129120 B / 1000 ms) fsu=0 | cum_total=3252251 B cum_segs=13552
