   1.626  found D6:C7:60:B1:D3:0E (random) (rssi -34), connecting
   1.740  GAP connected
   1.740  phy req rc=0
   1.800  PHY: tx=2 rx=2 (2=2M)
   1.800  dle req rc=0
   1.851  DLE: tx_max=251 rx_max=251
   1.851  l2cap_chan_connect rc=0
   1.851  L2CAP connected: tx.mtu=512 tx.mps=247 tx.credits=0 rx.mtu=245 rx.mps=247
   1.851  GATE conn: interval=6 (units 1.25ms) => 7.50 ms
   1.851  Q3FSU-REQ role=C auto min=52 max=52 phys=0x2 rc=0
   1.905  Q3FSU-DONE role=C status=0x00 spacing=65 types=0x3 phys=0x2 initiator=0
   2.084  *** Booting nRF Connect SDK v3.4.0-99553055607b ***
   2.084  *** Using Zephyr OS v4.4.0-bf801e4e3d19 ***
   2.084  
   2.084  === nRF52840 L2CAP CoC central (Zephyr 4.4.1) ===
   2.084  scan start rc=0
   6.028  found D6:C7:60:B1:D3:0E (random) (rssi -34), connecting
   6.088  GAP connected
   6.088  phy req rc=0
   6.149  PHY: tx=2 rx=2 (2=2M)
   6.149  dle req rc=0
   6.209  DLE: tx_max=251 rx_max=251
   6.209  l2cap_chan_connect rc=0
   6.209  L2CAP connected: tx.mtu=512 tx.mps=247 tx.credits=0 rx.mtu=245 rx.mps=247
   6.209  GATE conn: interval=6 (units 1.25ms) => 7.50 ms
   6.209  Q3FSU-REQ role=C auto min=52 max=52 phys=0x2 rc=0
   6.209  Q3FSU-DONE role=C status=0x00 spacing=65 types=0x3 phys=0x2 initiator=0
   6.490  blasting 480-byte SDUs...
  12.111  RPT occ: (SDC no-occ) fsu=65 | sender: sent=1558(+1558 SDU) eagain=0(+0) poolfail=0(+0)
  22.081  RPT occ: (SDC no-occ) fsu=65 | sender: sent=4227(+2669 SDU) eagain=0(+0) poolfail=0(+0)
