   0.456  P t=450s rxkBps=0 blkkBps=0 pongs=20885(+0/s) cancels=0(+0/s) notify=1 disc=0(0x00) | echo rx=0 tx=0 pend=0 stale=0
   0.517  P t=451s rxkBps=0 blkkBps=0 pongs=20885(+0/s) cancels=0(+0/s) notify=1 disc=0(0x00) | echo rx=0 tx=0 pend=0 stale=0
   1.692  *** Booting Zephyr OS build v4.4.2-16-gfee9fbc62095 ***
   1.752  [00:45:54.551,800] [0m<inf> bt_hci_core: HW Platform: Nordic Semiconductor (0x0002)[0m
   1.752  [00:45:54.551,813] [0m<inf> bt_hci_core: HW Variant: nRF54Lx (0x0005)[0m
   1.752  [00:45:54.551,825] [0m<inf> bt_hci_core: Firmware: Standard Bluetooth controller (0x00) Version 4.4 Build 2[0m
   1.753  [00:45:54.552,167] [0m<inf> bt_hci_core: HCI transport: Controller[0m
   1.753  [00:45:54.552,213] [0m<inf> bt_hci_core: Identity: D6:C7:60:B1:D3:0E (random)[0m
   1.753  [00:45:54.552,229] [0m<inf> bt_hci_core: HCI: version 5.4 (0x0d) revision 0x0000, manufacturer 0x05f1[0m
   1.753  [00:45:54.552,244] [0m<inf> bt_hci_core: LMP: version 5.4 (0x0d) subver 0xffff[0m
   1.753  
   1.753  === nRF54L15 RTT ping-pong PERIPHERAL (echo) ===
   1.753  advertising
   2.795  GAP connected interval=7500
   2.795  PHY tx=2 rx=2
   2.795  P t=1s rxkBps=0 blkkBps=0 pongs=0(+0/s) cancels=0(+0/s) notify=0 disc=0(0x00) | echo rx=0 tx=0 pend=0 stale=0
   4.744  P t=2s rxkBps=0 blkkBps=0 pongs=0(+0/s) cancels=0(+0/s) notify=0 disc=0(0x00) | echo rx=0 tx=0 pend=0 stale=0
   4.744  P t=3s rxkBps=0 blkkBps=0 pongs=0(+0/s) cancels=0(+0/s) notify=0 disc=0(0x00) | echo rx=0 tx=0 pend=0 stale=0
   6.728  P t=4s rxkBps=0 blkkBps=0 pongs=0(+0/s) cancels=0(+0/s) notify=0 disc=0(0x00) | echo rx=0 tx=0 pend=0 stale=0
   6.728  GAP disconnected 0x08  lifetime=-1ms pongs_in_conn=0
   6.729  advertising
   6.729  GAP connected interval=7500
   6.729  PHY tx=2 rx=2
   6.729  CCC: notify ENABLED
   6.729  P t=5s rxkBps=0 blkkBps=0 pongs=3(+3/s) cancels=0(+0/s) notify=1 disc=1(0x08) | echo rx=0 tx=0 pend=0 stale=0
   8.724  P t=6s rxkBps=0 blkkBps=0 pongs=68(+65/s) cancels=0(+0/s) notify=1 disc=1(0x08) | echo rx=0 tx=0 pend=0 stale=0
   8.724  P t=7s rxkBps=0 blkkBps=0 pongs=134(+66/s) cancels=0(+0/s) notify=1 disc=1(0x08) | echo rx=0 tx=0 pend=0 stale=0
  10.735  P t=8s rxkBps=0 blkkBps=0 pongs=200(+66/s) cancels=0(+0/s) notify=1 disc=1(0x08) | echo rx=0 tx=0 pend=0 stale=0
  10.735  P t=9s rxkBps=0 blkkBps=0 pongs=266(+66/s) cancels=0(+0/s) notify=1 disc=1(0x08) | echo rx=0 tx=0 pend=0 stale=0
  12.741  P t=10s rxkBps=0 blkkBps=0 pongs=330(+64/s) cancels=0(+0/s) notify=1 disc=1(0x08) | echo rx=0 tx=0 pend=0 stale=0
  12.741  P t=11s rxkBps=0 blkkBps=0 pongs=395(+65/s) cancels=0(+0/s) notify=1 disc=1(0x08) | echo rx=0 tx=0 pend=0 stale=0
  14.722  P t=12s rxkBps=0 blkkBps=0 pongs=460(+65/s) cancels=0(+0/s) notify=1 disc=1(0x08) | echo rx=0 tx=0 pend=0 stale=0
  14.722  P t=13s rxkBps=0 blkkBps=0 pongs=527(+67/s) cancels=0(+0/s) notify=1 disc=1(0x08) | echo rx=0 tx=0 pend=0 stale=0
  16.695  P t=14s rxkBps=0 blkkBps=0 pongs=593(+66/s) cancels=0(+0/s) notify=1 disc=1(0x08) | echo rx=0 tx=0 pend=0 stale=0
  16.756  P t=15s rxkBps=0 blkkBps=0 pongs=657(+64/s) cancels=0(+0/s) notify=1 disc=1(0x08) | echo rx=0 tx=0 pend=0 stale=0
  18.696  P t=16s rxkBps=0 blkkBps=0 pongs=724(+67/s) cancels=0(+0/s) notify=1 disc=1(0x08) | echo rx=0 tx=0 pend=0 stale=0
  18.746  P t=17s rxkBps=0 blkkBps=0 pongs=789(+65/s) cancels=0(+0/s) notify=1 disc=1(0x08) | echo rx=0 tx=0 pend=0 stale=0
  20.728  P t=18s rxkBps=0 blkkBps=0 pongs=855(+66/s) cancels=0(+0/s) notify=1 disc=1(0x08) | echo rx=0 tx=0 pend=0 stale=0
  20.728  P t=19s rxkBps=0 blkkBps=0 pongs=922(+67/s) cancels=0(+0/s) notify=1 disc=1(0x08) | echo rx=0 tx=0 pend=0 stale=0
  22.740  P t=20s rxkBps=0 blkkBps=0 pongs=987(+65/s) cancels=0(+0/s) notify=1 disc=1(0x08) | echo rx=0 tx=0 pend=0 stale=0
  22.740  P t=21s rxkBps=0 blkkBps=0 pongs=1053(+66/s) cancels=0(+0/s) notify=1 disc=1(0x08) | echo rx=0 tx=0 pend=0 stale=0
  24.750  P t=22s rxkBps=0 blkkBps=0 pongs=1118(+65/s) cancels=0(+0/s) notify=1 disc=1(0x08) | echo rx=0 tx=0 pend=0 stale=0
  24.751  P t=23s rxkBps=0 blkkBps=0 pongs=1183(+65/s) cancels=0(+0/s) notify=1 disc=1(0x08) | echo rx=0 tx=0 pend=0 stale=0
  26.742  P t=24s rxkBps=0 blkkBps=0 pongs=1248(+65/s) cancels=0(+0/s) notify=1 disc=1(0x08) | echo rx=0 tx=0 pend=0 stale=0
  26.742  P t=25s rxkBps=0 blkkBps=0 pongs=1312(+64/s) cancels=0(+0/s) notify=1 disc=1(0x08) | echo rx=0 tx=0 pend=0 stale=0
  28.702  P t=26s rxkBps=0 blkkBps=0 pongs=1377(+65/s) cancels=0(+0/s) notify=1 disc=1(0x08) | echo rx=0 tx=0 pend=0 stale=0
  28.762  P t=27s rxkBps=0 blkkBps=0 pongs=1438(+61/s) cancels=0(+0/s) notify=1 disc=1(0x08) | echo rx=0 tx=0 pend=0 stale=0
  30.699  P t=28s rxkBps=0 blkkBps=0 pongs=1504(+66/s) cancels=0(+0/s) notify=1 disc=1(0x08) | echo rx=0 tx=0 pend=0 stale=0
  30.759  P t=29s rxkBps=0 blkkBps=0 pongs=1571(+67/s) cancels=0(+0/s) notify=1 disc=1(0x08) | echo rx=0 tx=0 pend=0 stale=0
  32.700  P t=30s rxkBps=0 blkkBps=0 pongs=1637(+66/s) cancels=0(+0/s) notify=1 disc=1(0x08) | echo rx=0 tx=0 pend=0 stale=0
  32.761  P t=31s rxkBps=0 blkkBps=0 pongs=1703(+66/s) cancels=0(+0/s) notify=1 disc=1(0x08) | echo rx=0 tx=0 pend=0 stale=0
  34.751  P t=32s rxkBps=0 blkkBps=0 pongs=1769(+66/s) cancels=0(+0/s) notify=1 disc=1(0x08) | echo rx=0 tx=0 pend=0 stale=0
  34.751  P t=33s rxkBps=0 blkkBps=0 pongs=1836(+67/s) cancels=0(+0/s) notify=1 disc=1(0x08) | echo rx=0 tx=0 pend=0 stale=0
  36.747  P t=34s rxkBps=0 blkkBps=0 pongs=1901(+65/s) cancels=0(+0/s) notify=1 disc=1(0x08) | echo rx=0 tx=0 pend=0 stale=0
  36.747  P t=35s rxkBps=0 blkkBps=0 pongs=1967(+66/s) cancels=0(+0/s) notify=1 disc=1(0x08) | echo rx=0 tx=0 pend=0 stale=0
  38.718  P t=36s rxkBps=0 blkkBps=0 pongs=2033(+66/s) cancels=0(+0/s) notify=1 disc=1(0x08) | echo rx=0 tx=0 pend=0 stale=0
  38.718  P t=37s rxkBps=0 blkkBps=0 pongs=2097(+64/s) cancels=0(+0/s) notify=1 disc=1(0x08) | echo rx=0 tx=0 pend=0 stale=0
  40.698  P t=38s rxkBps=0 blkkBps=0 pongs=2162(+65/s) cancels=0(+0/s) notify=1 disc=1(0x08) | echo rx=0 tx=0 pend=0 stale=0
  40.758  P t=39s rxkBps=0 blkkBps=0 pongs=2228(+66/s) cancels=0(+0/s) notify=1 disc=1(0x08) | echo rx=0 tx=0 pend=0 stale=0
  42.749  P t=40s rxkBps=0 blkkBps=0 pongs=2293(+65/s) cancels=0(+0/s) notify=1 disc=1(0x08) | echo rx=0 tx=0 pend=0 stale=0
  42.749  P t=41s rxkBps=0 blkkBps=0 pongs=2358(+65/s) cancels=0(+0/s) notify=1 disc=1(0x08) | echo rx=0 tx=0 pend=0 stale=0
  44.751  P t=42s rxkBps=0 blkkBps=0 pongs=2425(+67/s) cancels=0(+0/s) notify=1 disc=1(0x08) | echo rx=0 tx=0 pend=0 stale=0
  44.751  P t=43s rxkBps=0 blkkBps=0 pongs=2490(+65/s) cancels=0(+0/s) notify=1 disc=1(0x08) | echo rx=0 tx=0 pend=0 stale=0
  46.744  P t=44s rxkBps=0 blkkBps=0 pongs=2556(+66/s) cancels=0(+0/s) notify=1 disc=1(0x08) | echo rx=0 tx=0 pend=0 stale=0
  46.744  P t=45s rxkBps=0 blkkBps=0 pongs=2621(+65/s) cancels=0(+0/s) notify=1 disc=1(0x08) | echo rx=0 tx=0 pend=0 stale=0
  48.709  P t=46s rxkBps=0 blkkBps=0 pongs=2687(+66/s) cancels=0(+0/s) notify=1 disc=1(0x08) | echo rx=0 tx=0 pend=0 stale=0
  48.709  P t=47s rxkBps=0 blkkBps=0 pongs=2753(+66/s) cancels=0(+0/s) notify=1 disc=1(0x08) | echo rx=0 tx=0 pend=0 stale=0
  50.699  P t=48s rxkBps=0 blkkBps=0 pongs=2818(+65/s) cancels=0(+0/s) notify=1 disc=1(0x08) | echo rx=0 tx=0 pend=0 stale=0
  50.759  P t=49s rxkBps=0 blkkBps=0 pongs=2883(+65/s) cancels=0(+0/s) notify=1 disc=1(0x08) | echo rx=0 tx=0 pend=0 stale=0
  52.738  P t=50s rxkBps=0 blkkBps=0 pongs=2948(+65/s) cancels=0(+0/s) notify=1 disc=1(0x08) | echo rx=0 tx=0 pend=0 stale=0
  52.738  P t=51s rxkBps=0 blkkBps=0 pongs=3014(+66/s) cancels=0(+0/s) notify=1 disc=1(0x08) | echo rx=0 tx=0 pend=0 stale=0
  54.734  P t=52s rxkBps=0 blkkBps=0 pongs=3079(+65/s) cancels=0(+0/s) notify=1 disc=1(0x08) | echo rx=0 tx=0 pend=0 stale=0
  54.735  P t=53s rxkBps=0 blkkBps=0 pongs=3144(+65/s) cancels=0(+0/s) notify=1 disc=1(0x08) | echo rx=0 tx=0 pend=0 stale=0
  56.744  P t=54s rxkBps=0 blkkBps=0 pongs=3210(+66/s) cancels=0(+0/s) notify=1 disc=1(0x08) | echo rx=0 tx=0 pend=0 stale=0
  56.745  P t=55s rxkBps=0 blkkBps=0 pongs=3276(+66/s) cancels=0(+0/s) notify=1 disc=1(0x08) | echo rx=0 tx=0 pend=0 stale=0
  58.739  P t=56s rxkBps=0 blkkBps=0 pongs=3343(+67/s) cancels=0(+0/s) notify=1 disc=1(0x08) | echo rx=0 tx=0 pend=0 stale=0
  58.739  P t=57s rxkBps=0 blkkBps=0 pongs=3409(+66/s) cancels=0(+0/s) notify=1 disc=1(0x08) | echo rx=0 tx=0 pend=0 stale=0
  60.716  P t=58s rxkBps=0 blkkBps=0 pongs=3475(+66/s) cancels=0(+0/s) notify=1 disc=1(0x08) | echo rx=0 tx=0 pend=0 stale=0
  60.716  P t=59s rxkBps=0 blkkBps=0 pongs=3540(+65/s) cancels=0(+0/s) notify=1 disc=1(0x08) | echo rx=0 tx=0 pend=0 stale=0
  62.712  P t=60s rxkBps=0 blkkBps=0 pongs=3606(+66/s) cancels=0(+0/s) notify=1 disc=1(0x08) | echo rx=0 tx=0 pend=0 stale=0
  62.712  P t=61s rxkBps=0 blkkBps=0 pongs=3670(+64/s) cancels=0(+0/s) notify=1 disc=1(0x08) | echo rx=0 tx=0 pend=0 stale=0
  64.699  P t=62s rxkBps=0 blkkBps=0 pongs=3737(+67/s) cancels=0(+0/s) notify=1 disc=1(0x08) | echo rx=0 tx=0 pend=0 stale=0
  64.751  P t=63s rxkBps=0 blkkBps=0 pongs=3803(+66/s) cancels=0(+0/s) notify=1 disc=1(0x08) | echo rx=0 tx=0 pend=0 stale=0
  66.758  P t=64s rxkBps=0 blkkBps=0 pongs=3867(+64/s) cancels=0(+0/s) notify=1 disc=1(0x08) | echo rx=0 tx=0 pend=0 stale=0
  66.758  P t=65s rxkBps=0 blkkBps=0 pongs=3930(+63/s) cancels=0(+0/s) notify=1 disc=1(0x08) | echo rx=0 tx=0 pend=0 stale=0
  68.755  P t=66s rxkBps=0 blkkBps=24 pongs=3987(+57/s) cancels=0(+0/s) notify=1 disc=1(0x08) | echo rx=0 tx=0 pend=0 stale=0
  68.755  P t=67s rxkBps=0 blkkBps=24 pongs=4044(+57/s) cancels=0(+0/s) notify=1 disc=1(0x08) | echo rx=0 tx=0 pend=0 stale=0
  70.715  P t=68s rxkBps=0 blkkBps=24 pongs=4103(+59/s) cancels=0(+0/s) notify=1 disc=1(0x08) | echo rx=0 tx=0 pend=0 stale=0
  70.715  P t=69s rxkBps=0 blkkBps=24 pongs=4164(+61/s) cancels=0(+0/s) notify=1 disc=1(0x08) | echo rx=0 tx=0 pend=0 stale=0
  72.706  P t=70s rxkBps=0 blkkBps=24 pongs=4223(+59/s) cancels=0(+0/s) notify=1 disc=1(0x08) | echo rx=0 tx=0 pend=0 stale=0
  72.757  P t=71s rxkBps=0 blkkBps=24 pongs=4284(+61/s) cancels=0(+0/s) notify=1 disc=1(0x08) | echo rx=0 tx=0 pend=0 stale=0
  74.755  P t=72s rxkBps=0 blkkBps=24 pongs=4345(+61/s) cancels=0(+0/s) notify=1 disc=1(0x08) | echo rx=0 tx=0 pend=0 stale=0
  74.755  P t=73s rxkBps=0 blkkBps=24 pongs=4407(+62/s) cancels=0(+0/s) notify=1 disc=1(0x08) | echo rx=0 tx=0 pend=0 stale=0
  76.731  P t=74s rxkBps=0 blkkBps=24 pongs=4469(+62/s) cancels=0(+0/s) notify=1 disc=1(0x08) | echo rx=0 tx=0 pend=0 stale=0
  76.731  P t=75s rxkBps=0 blkkBps=24 pongs=4530(+61/s) cancels=0(+0/s) notify=1 disc=1(0x08) | echo rx=0 tx=0 pend=0 stale=0
  78.730  P t=76s rxkBps=0 blkkBps=24 pongs=4592(+62/s) cancels=0(+0/s) notify=1 disc=1(0x08) | echo rx=0 tx=0 pend=0 stale=0
  78.730  P t=77s rxkBps=0 blkkBps=24 pongs=4653(+61/s) cancels=0(+0/s) notify=1 disc=1(0x08) | echo rx=0 tx=0 pend=0 stale=0
  80.714  P t=78s rxkBps=0 blkkBps=24 pongs=4715(+62/s) cancels=0(+0/s) notify=1 disc=1(0x08) | echo rx=0 tx=0 pend=0 stale=0
  80.714  P t=79s rxkBps=0 blkkBps=24 pongs=4775(+60/s) cancels=0(+0/s) notify=1 disc=1(0x08) | echo rx=0 tx=0 pend=0 stale=0
  82.757  P t=80s rxkBps=0 blkkBps=24 pongs=4837(+62/s) cancels=0(+0/s) notify=1 disc=1(0x08) | echo rx=0 tx=0 pend=0 stale=0
  82.757  P t=81s rxkBps=0 blkkBps=24 pongs=4898(+61/s) cancels=0(+0/s) notify=1 disc=1(0x08) | echo rx=0 tx=0 pend=0 stale=0
  84.734  P t=82s rxkBps=0 blkkBps=24 pongs=4958(+60/s) cancels=0(+0/s) notify=1 disc=1(0x08) | echo rx=0 tx=0 pend=0 stale=0
  84.734  P t=83s rxkBps=0 blkkBps=24 pongs=5019(+61/s) cancels=0(+0/s) notify=1 disc=1(0x08) | echo rx=0 tx=0 pend=0 stale=0
  86.731  P t=84s rxkBps=0 blkkBps=24 pongs=5079(+60/s) cancels=0(+0/s) notify=1 disc=1(0x08) | echo rx=0 tx=0 pend=0 stale=0
  86.731  P t=85s rxkBps=0 blkkBps=24 pongs=5140(+61/s) cancels=0(+0/s) notify=1 disc=1(0x08) | echo rx=0 tx=0 pend=0 stale=0
  88.702  P t=86s rxkBps=0 blkkBps=24 pongs=5201(+61/s) cancels=0(+0/s) notify=1 disc=1(0x08) | echo rx=0 tx=0 pend=0 stale=0
  88.762  P t=87s rxkBps=0 blkkBps=24 pongs=5263(+62/s) cancels=0(+0/s) notify=1 disc=1(0x08) | echo rx=0 tx=0 pend=0 stale=0
  90.738  P t=88s rxkBps=0 blkkBps=24 pongs=5324(+61/s) cancels=0(+0/s) notify=1 disc=1(0x08) | echo rx=0 tx=0 pend=0 stale=0
  90.738  P t=89s rxkBps=0 blkkBps=24 pongs=5384(+60/s) cancels=0(+0/s) notify=1 disc=1(0x08) | echo rx=0 tx=0 pend=0 stale=0
  92.750  P t=90s rxkBps=0 blkkBps=24 pongs=5445(+61/s) cancels=0(+0/s) notify=1 disc=1(0x08) | echo rx=0 tx=0 pend=0 stale=0
  92.750  P t=91s rxkBps=0 blkkBps=24 pongs=5504(+59/s) cancels=0(+0/s) notify=1 disc=1(0x08) | echo rx=0 tx=0 pend=0 stale=0
  94.751  P t=92s rxkBps=0 blkkBps=24 pongs=5565(+61/s) cancels=0(+0/s) notify=1 disc=1(0x08) | echo rx=0 tx=0 pend=0 stale=0
  94.751  P t=93s rxkBps=0 blkkBps=24 pongs=5626(+61/s) cancels=0(+0/s) notify=1 disc=1(0x08) | echo rx=0 tx=0 pend=0 stale=0
  96.704  P t=94s rxkBps=0 blkkBps=24 pongs=5687(+61/s) cancels=0(+0/s) notify=1 disc=1(0x08) | echo rx=0 tx=0 pend=0 stale=0
  96.764  P t=95s rxkBps=0 blkkBps=24 pongs=5748(+61/s) cancels=0(+0/s) notify=1 disc=1(0x08) | echo rx=0 tx=0 pend=0 stale=0
  98.751  P t=96s rxkBps=0 blkkBps=24 pongs=5809(+61/s) cancels=0(+0/s) notify=1 disc=1(0x08) | echo rx=0 tx=0 pend=0 stale=0
  98.751  P t=97s rxkBps=0 blkkBps=24 pongs=5870(+61/s) cancels=0(+0/s) notify=1 disc=1(0x08) | echo rx=0 tx=0 pend=0 stale=0
 100.742  P t=98s rxkBps=0 blkkBps=24 pongs=5931(+61/s) cancels=0(+0/s) notify=1 disc=1(0x08) | echo rx=0 tx=0 pend=0 stale=0
 100.742  P t=99s rxkBps=0 blkkBps=24 pongs=5992(+61/s) cancels=0(+0/s) notify=1 disc=1(0x08) | echo rx=0 tx=0 pend=0 stale=0
 102.746  P t=100s rxkBps=0 blkkBps=24 pongs=6052(+60/s) cancels=0(+0/s) notify=1 disc=1(0x08) | echo rx=0 tx=0 pend=0 stale=0
 102.746  P t=101s rxkBps=0 blkkBps=24 pongs=6113(+61/s) cancels=0(+0/s) notify=1 disc=1(0x08) | echo rx=0 tx=0 pend=0 stale=0
 104.719  P t=102s rxkBps=0 blkkBps=24 pongs=6173(+60/s) cancels=0(+0/s) notify=1 disc=1(0x08) | echo rx=0 tx=0 pend=0 stale=0
 104.720  P t=103s rxkBps=0 blkkBps=24 pongs=6234(+61/s) cancels=0(+0/s) notify=1 disc=1(0x08) | echo rx=0 tx=0 pend=0 stale=0
 106.751  P t=104s rxkBps=0 blkkBps=24 pongs=6294(+60/s) cancels=0(+0/s) notify=1 disc=1(0x08) | echo rx=0 tx=0 pend=0 stale=0
 106.751  P t=105s rxkBps=0 blkkBps=24 pongs=6354(+60/s) cancels=0(+0/s) notify=1 disc=1(0x08) | echo rx=0 tx=0 pend=0 stale=0
 108.715  P t=106s rxkBps=0 blkkBps=24 pongs=6414(+60/s) cancels=0(+0/s) notify=1 disc=1(0x08) | echo rx=0 tx=0 pend=0 stale=0
 108.715  P t=107s rxkBps=0 blkkBps=24 pongs=6475(+61/s) cancels=0(+0/s) notify=1 disc=1(0x08) | echo rx=0 tx=0 pend=0 stale=0
 110.714  P t=108s rxkBps=0 blkkBps=24 pongs=6536(+61/s) cancels=0(+0/s) notify=1 disc=1(0x08) | echo rx=0 tx=0 pend=0 stale=0
 110.766  P t=109s rxkBps=0 blkkBps=24 pongs=6597(+61/s) cancels=0(+0/s) notify=1 disc=1(0x08) | echo rx=0 tx=0 pend=0 stale=0
 112.754  P t=110s rxkBps=0 blkkBps=24 pongs=6658(+61/s) cancels=0(+0/s) notify=1 disc=1(0x08) | echo rx=0 tx=0 pend=0 stale=0
 112.754  P t=111s rxkBps=0 blkkBps=24 pongs=6719(+61/s) cancels=0(+0/s) notify=1 disc=1(0x08) | echo rx=0 tx=0 pend=0 stale=0
 114.758  P t=112s rxkBps=0 blkkBps=24 pongs=6781(+62/s) cancels=0(+0/s) notify=1 disc=1(0x08) | echo rx=0 tx=0 pend=0 stale=0
 114.758  P t=113s rxkBps=0 blkkBps=24 pongs=6842(+61/s) cancels=0(+0/s) notify=1 disc=1(0x08) | echo rx=0 tx=0 pend=0 stale=0
 116.751  P t=114s rxkBps=0 blkkBps=24 pongs=6902(+60/s) cancels=0(+0/s) notify=1 disc=1(0x08) | echo rx=0 tx=0 pend=0 stale=0
 116.751  P t=115s rxkBps=0 blkkBps=24 pongs=6962(+60/s) cancels=0(+0/s) notify=1 disc=1(0x08) | echo rx=0 tx=0 pend=0 stale=0
 118.740  P t=116s rxkBps=0 blkkBps=24 pongs=7022(+60/s) cancels=0(+0/s) notify=1 disc=1(0x08) | echo rx=0 tx=0 pend=0 stale=0
 118.740  P t=117s rxkBps=0 blkkBps=24 pongs=7082(+60/s) cancels=0(+0/s) notify=1 disc=1(0x08) | echo rx=0 tx=0 pend=0 stale=0
 120.739  P t=118s rxkBps=0 blkkBps=24 pongs=7143(+61/s) cancels=0(+0/s) notify=1 disc=1(0x08) | echo rx=0 tx=0 pend=0 stale=0
 120.739  P t=119s rxkBps=0 blkkBps=24 pongs=7205(+62/s) cancels=0(+0/s) notify=1 disc=1(0x08) | echo rx=0 tx=0 pend=0 stale=0
 122.745  P t=120s rxkBps=0 blkkBps=24 pongs=7265(+60/s) cancels=0(+0/s) notify=1 disc=1(0x08) | echo rx=0 tx=0 pend=0 stale=0
 122.745  P t=121s rxkBps=0 blkkBps=24 pongs=7324(+59/s) cancels=0(+0/s) notify=1 disc=1(0x08) | echo rx=0 tx=0 pend=0 stale=0
 124.735  P t=122s rxkBps=0 blkkBps=24 pongs=7384(+60/s) cancels=0(+0/s) notify=1 disc=1(0x08) | echo rx=0 tx=0 pend=0 stale=0
 124.735  P t=123s rxkBps=0 blkkBps=24 pongs=7446(+62/s) cancels=0(+0/s) notify=1 disc=1(0x08) | echo rx=0 tx=0 pend=0 stale=0
 126.740  P t=124s rxkBps=0 blkkBps=24 pongs=7507(+61/s) cancels=0(+0/s) notify=1 disc=1(0x08) | echo rx=0 tx=0 pend=0 stale=0
 126.740  P t=125s rxkBps=0 blkkBps=24 pongs=7569(+62/s) cancels=0(+0/s) notify=1 disc=1(0x08) | echo rx=0 tx=0 pend=0 stale=0
 128.740  P t=126s rxkBps=0 blkkBps=49 pongs=7624(+55/s) cancels=0(+0/s) notify=1 disc=1(0x08) | echo rx=0 tx=0 pend=0 stale=0
 128.740  P t=127s rxkBps=0 blkkBps=49 pongs=7680(+56/s) cancels=0(+0/s) notify=1 disc=1(0x08) | echo rx=0 tx=0 pend=0 stale=0
 130.719  P t=128s rxkBps=0 blkkBps=49 pongs=7736(+56/s) cancels=0(+0/s) notify=1 disc=1(0x08) | echo rx=0 tx=0 pend=0 stale=0
 130.719  P t=129s rxkBps=0 blkkBps=49 pongs=7792(+56/s) cancels=0(+0/s) notify=1 disc=1(0x08) | echo rx=0 tx=0 pend=0 stale=0
 132.720  P t=130s rxkBps=0 blkkBps=49 pongs=7848(+56/s) cancels=0(+0/s) notify=1 disc=1(0x08) | echo rx=0 tx=0 pend=0 stale=0
 132.720  P t=131s rxkBps=0 blkkBps=49 pongs=7904(+56/s) cancels=0(+0/s) notify=1 disc=1(0x08) | echo rx=0 tx=0 pend=0 stale=0
 134.714  P t=132s rxkBps=0 blkkBps=49 pongs=7960(+56/s) cancels=0(+0/s) notify=1 disc=1(0x08) | echo rx=0 tx=0 pend=0 stale=0
 134.774  P t=133s rxkBps=0 blkkBps=49 pongs=8013(+53/s) cancels=0(+0/s) notify=1 disc=1(0x08) | echo rx=0 tx=0 pend=0 stale=0
 136.755  P t=134s rxkBps=0 blkkBps=49 pongs=8070(+57/s) cancels=0(+0/s) notify=1 disc=1(0x08) | echo rx=0 tx=0 pend=0 stale=0
 136.755  P t=135s rxkBps=0 blkkBps=49 pongs=8126(+56/s) cancels=0(+0/s) notify=1 disc=1(0x08) | echo rx=0 tx=0 pend=0 stale=0
 138.743  P t=136s rxkBps=0 blkkBps=49 pongs=8182(+56/s) cancels=0(+0/s) notify=1 disc=1(0x08) | echo rx=0 tx=0 pend=0 stale=0
 138.743  P t=137s rxkBps=0 blkkBps=49 pongs=8239(+57/s) cancels=0(+0/s) notify=1 disc=1(0x08) | echo rx=0 tx=0 pend=0 stale=0
 140.725  P t=138s rxkBps=0 blkkBps=49 pongs=8295(+56/s) cancels=0(+0/s) notify=1 disc=1(0x08) | echo rx=0 tx=0 pend=0 stale=0
 140.725  P t=139s rxkBps=0 blkkBps=49 pongs=8351(+56/s) cancels=0(+0/s) notify=1 disc=1(0x08) | echo rx=0 tx=0 pend=0 stale=0
 142.712  P t=140s rxkBps=0 blkkBps=49 pongs=8407(+56/s) cancels=0(+0/s) notify=1 disc=1(0x08) | echo rx=0 tx=0 pend=0 stale=0
 142.772  P t=141s rxkBps=0 blkkBps=49 pongs=8465(+58/s) cancels=0(+0/s) notify=1 disc=1(0x08) | echo rx=0 tx=0 pend=0 stale=0
 144.717  P t=142s rxkBps=0 blkkBps=49 pongs=8521(+56/s) cancels=0(+0/s) notify=1 disc=1(0x08) | echo rx=0 tx=0 pend=0 stale=0
 144.777  P t=143s rxkBps=0 blkkBps=49 pongs=8574(+53/s) cancels=0(+0/s) notify=1 disc=1(0x08) | echo rx=0 tx=0 pend=0 stale=0
 146.723  P t=144s rxkBps=0 blkkBps=49 pongs=8627(+53/s) cancels=0(+0/s) notify=1 disc=1(0x08) | echo rx=0 tx=0 pend=0 stale=0
 146.723  P t=145s rxkBps=0 blkkBps=49 pongs=8683(+56/s) cancels=0(+0/s) notify=1 disc=1(0x08) | echo rx=0 tx=0 pend=0 stale=0
 148.709  P t=146s rxkBps=0 blkkBps=49 pongs=8740(+57/s) cancels=0(+0/s) notify=1 disc=1(0x08) | echo rx=0 tx=0 pend=0 stale=0
 148.770  P t=147s rxkBps=0 blkkBps=49 pongs=8796(+56/s) cancels=0(+0/s) notify=1 disc=1(0x08) | echo rx=0 tx=0 pend=0 stale=0
 150.768  P t=148s rxkBps=0 blkkBps=49 pongs=8853(+57/s) cancels=0(+0/s) notify=1 disc=1(0x08) | echo rx=0 tx=0 pend=0 stale=0
 150.768  P t=149s rxkBps=0 blkkBps=49 pongs=8908(+55/s) cancels=0(+0/s) notify=1 disc=1(0x08) | echo rx=0 tx=0 pend=0 stale=0
 152.743  P t=150s rxkBps=0 blkkBps=49 pongs=8962(+54/s) cancels=0(+0/s) notify=1 disc=1(0x08) | echo rx=0 tx=0 pend=0 stale=0
 152.743  P t=151s rxkBps=0 blkkBps=49 pongs=9018(+56/s) cancels=0(+0/s) notify=1 disc=1(0x08) | echo rx=0 tx=0 pend=0 stale=0
 154.742  P t=152s rxkBps=0 blkkBps=49 pongs=9075(+57/s) cancels=0(+0/s) notify=1 disc=1(0x08) | echo rx=0 tx=0 pend=0 stale=0
 154.742  P t=153s rxkBps=0 blkkBps=49 pongs=9132(+57/s) cancels=0(+0/s) notify=1 disc=1(0x08) | echo rx=0 tx=0 pend=0 stale=0
 156.753  P t=154s rxkBps=0 blkkBps=49 pongs=9187(+55/s) cancels=0(+0/s) notify=1 disc=1(0x08) | echo rx=0 tx=0 pend=0 stale=0
 156.754  P t=155s rxkBps=0 blkkBps=49 pongs=9244(+57/s) cancels=0(+0/s) notify=1 disc=1(0x08) | echo rx=0 tx=0 pend=0 stale=0
 158.755  P t=156s rxkBps=0 blkkBps=49 pongs=9302(+58/s) cancels=0(+0/s) notify=1 disc=1(0x08) | echo rx=0 tx=0 pend=0 stale=0
 158.756  P t=157s rxkBps=0 blkkBps=49 pongs=9358(+56/s) cancels=0(+0/s) notify=1 disc=1(0x08) | echo rx=0 tx=0 pend=0 stale=0
 160.764  P t=158s rxkBps=0 blkkBps=49 pongs=9412(+54/s) cancels=0(+0/s) notify=1 disc=1(0x08) | echo rx=0 tx=0 pend=0 stale=0
 160.764  P t=159s rxkBps=0 blkkBps=49 pongs=9469(+57/s) cancels=0(+0/s) notify=1 disc=1(0x08) | echo rx=0 tx=0 pend=0 stale=0
 162.764  P t=160s rxkBps=0 blkkBps=49 pongs=9524(+55/s) cancels=0(+0/s) notify=1 disc=1(0x08) | echo rx=0 tx=0 pend=0 stale=0
 162.764  P t=161s rxkBps=0 blkkBps=49 pongs=9580(+56/s) cancels=0(+0/s) notify=1 disc=1(0x08) | echo rx=0 tx=0 pend=0 stale=0
 164.737  P t=162s rxkBps=0 blkkBps=49 pongs=9634(+54/s) cancels=0(+0/s) notify=1 disc=1(0x08) | echo rx=0 tx=0 pend=0 stale=0
 164.737  P t=163s rxkBps=0 blkkBps=49 pongs=9691(+57/s) cancels=0(+0/s) notify=1 disc=1(0x08) | echo rx=0 tx=0 pend=0 stale=0
 166.751  P t=164s rxkBps=0 blkkBps=49 pongs=9747(+56/s) cancels=0(+0/s) notify=1 disc=1(0x08) | echo rx=0 tx=0 pend=0 stale=0
 166.751  P t=165s rxkBps=0 blkkBps=49 pongs=9805(+58/s) cancels=0(+0/s) notify=1 disc=1(0x08) | echo rx=0 tx=0 pend=0 stale=0
 168.740  P t=166s rxkBps=0 blkkBps=49 pongs=9861(+56/s) cancels=0(+0/s) notify=1 disc=1(0x08) | echo rx=0 tx=0 pend=0 stale=0
 168.740  P t=167s rxkBps=0 blkkBps=49 pongs=9917(+56/s) cancels=0(+0/s) notify=1 disc=1(0x08) | echo rx=0 tx=0 pend=0 stale=0
 170.730  P t=168s rxkBps=0 blkkBps=49 pongs=9974(+57/s) cancels=0(+0/s) notify=1 disc=1(0x08) | echo rx=0 tx=0 pend=0 stale=0
 170.730  P t=169s rxkBps=0 blkkBps=49 pongs=10028(+54/s) cancels=0(+0/s) notify=1 disc=1(0x08) | echo rx=0 tx=0 pend=0 stale=0
 172.724  P t=170s rxkBps=0 blkkBps=49 pongs=10083(+55/s) cancels=0(+0/s) notify=1 disc=1(0x08) | echo rx=0 tx=0 pend=0 stale=0
 172.725  P t=171s rxkBps=0 blkkBps=49 pongs=10140(+57/s) cancels=0(+0/s) notify=1 disc=1(0x08) | echo rx=0 tx=0 pend=0 stale=0
 174.720  P t=172s rxkBps=0 blkkBps=49 pongs=10196(+56/s) cancels=0(+0/s) notify=1 disc=1(0x08) | echo rx=0 tx=0 pend=0 stale=0
 174.779  P t=173s rxkBps=0 blkkBps=49 pongs=10253(+57/s) cancels=0(+0/s) notify=1 disc=1(0x08) | echo rx=0 tx=0 pend=0 stale=0
 176.766  P t=174s rxkBps=0 blkkBps=49 pongs=10308(+55/s) cancels=0(+0/s) notify=1 disc=1(0x08) | echo rx=0 tx=0 pend=0 stale=0
 176.766  P t=175s rxkBps=0 blkkBps=49 pongs=10362(+54/s) cancels=0(+0/s) notify=1 disc=1(0x08) | echo rx=0 tx=0 pend=0 stale=0
 178.725  P t=176s rxkBps=0 blkkBps=49 pongs=10418(+56/s) cancels=0(+0/s) notify=1 disc=1(0x08) | echo rx=0 tx=0 pend=0 stale=0
 178.725  P t=177s rxkBps=0 blkkBps=49 pongs=10473(+55/s) cancels=0(+0/s) notify=1 disc=1(0x08) | echo rx=0 tx=0 pend=0 stale=0
 180.746  P t=178s rxkBps=0 blkkBps=49 pongs=10527(+54/s) cancels=0(+0/s) notify=1 disc=1(0x08) | echo rx=0 tx=0 pend=0 stale=0
 180.746  P t=179s rxkBps=0 blkkBps=49 pongs=10582(+55/s) cancels=0(+0/s) notify=1 disc=1(0x08) | echo rx=0 tx=0 pend=0 stale=0
 182.725  P t=180s rxkBps=0 blkkBps=49 pongs=10638(+56/s) cancels=0(+0/s) notify=1 disc=1(0x08) | echo rx=0 tx=0 pend=0 stale=0
 182.725  P t=181s rxkBps=0 blkkBps=49 pongs=10694(+56/s) cancels=0(+0/s) notify=1 disc=1(0x08) | echo rx=0 tx=0 pend=0 stale=0
 184.720  P t=182s rxkBps=0 blkkBps=49 pongs=10750(+56/s) cancels=0(+0/s) notify=1 disc=1(0x08) | echo rx=0 tx=0 pend=0 stale=0
 184.774  P t=183s rxkBps=0 blkkBps=49 pongs=10805(+55/s) cancels=0(+0/s) notify=1 disc=1(0x08) | echo rx=0 tx=0 pend=0 stale=0
 186.721  P t=184s rxkBps=0 blkkBps=49 pongs=10861(+56/s) cancels=0(+0/s) notify=1 disc=1(0x08) | echo rx=0 tx=0 pend=0 stale=0
 186.779  P t=185s rxkBps=0 blkkBps=49 pongs=10915(+54/s) cancels=0(+0/s) notify=1 disc=1(0x08) | echo rx=0 tx=0 pend=0 stale=0
 188.720  P t=186s rxkBps=0 blkkBps=74 pongs=10965(+50/s) cancels=0(+0/s) notify=1 disc=1(0x08) | echo rx=0 tx=0 pend=0 stale=0
 188.779  P t=187s rxkBps=0 blkkBps=74 pongs=11015(+50/s) cancels=0(+0/s) notify=1 disc=1(0x08) | echo rx=0 tx=0 pend=0 stale=0
 190.775  P t=188s rxkBps=0 blkkBps=74 pongs=11063(+48/s) cancels=0(+0/s) notify=1 disc=1(0x08) | echo rx=0 tx=0 pend=0 stale=0
 190.775  P t=189s rxkBps=0 blkkBps=74 pongs=11113(+50/s) cancels=0(+0/s) notify=1 disc=1(0x08) | echo rx=0 tx=0 pend=0 stale=0
 192.775  P t=190s rxkBps=0 blkkBps=74 pongs=11165(+52/s) cancels=0(+0/s) notify=1 disc=1(0x08) | echo rx=0 tx=0 pend=0 stale=0
 192.775  P t=191s rxkBps=0 blkkBps=74 pongs=11216(+51/s) cancels=0(+0/s) notify=1 disc=1(0x08) | echo rx=0 tx=0 pend=0 stale=0
 194.730  P t=192s rxkBps=0 blkkBps=74 pongs=11267(+51/s) cancels=0(+0/s) notify=1 disc=1(0x08) | echo rx=0 tx=0 pend=0 stale=0
 194.730  P t=193s rxkBps=0 blkkBps=74 pongs=11318(+51/s) cancels=0(+0/s) notify=1 disc=1(0x08) | echo rx=0 tx=0 pend=0 stale=0
 196.718  P t=194s rxkBps=0 blkkBps=74 pongs=11368(+50/s) cancels=0(+0/s) notify=1 disc=1(0x08) | echo rx=0 tx=0 pend=0 stale=0
 196.779  P t=195s rxkBps=0 blkkBps=74 pongs=11418(+50/s) cancels=0(+0/s) notify=1 disc=1(0x08) | echo rx=0 tx=0 pend=0 stale=0
 198.761  P t=196s rxkBps=0 blkkBps=74 pongs=11468(+50/s) cancels=0(+0/s) notify=1 disc=1(0x08) | echo rx=0 tx=0 pend=0 stale=0
 198.761  P t=197s rxkBps=0 blkkBps=74 pongs=11518(+50/s) cancels=0(+0/s) notify=1 disc=1(0x08) | echo rx=0 tx=0 pend=0 stale=0
 200.764  P t=198s rxkBps=0 blkkBps=74 pongs=11570(+52/s) cancels=0(+0/s) notify=1 disc=1(0x08) | echo rx=0 tx=0 pend=0 stale=0
 200.764  P t=199s rxkBps=0 blkkBps=74 pongs=11620(+50/s) cancels=0(+0/s) notify=1 disc=1(0x08) | echo rx=0 tx=0 pend=0 stale=0
 202.761  P t=200s rxkBps=0 blkkBps=74 pongs=11669(+49/s) cancels=0(+0/s) notify=1 disc=1(0x08) | echo rx=0 tx=0 pend=0 stale=0
 202.762  P t=201s rxkBps=0 blkkBps=74 pongs=11718(+49/s) cancels=0(+0/s) notify=1 disc=1(0x08) | echo rx=0 tx=0 pend=0 stale=0
 204.754  P t=202s rxkBps=0 blkkBps=74 pongs=11770(+52/s) cancels=0(+0/s) notify=1 disc=1(0x08) | echo rx=0 tx=0 pend=0 stale=0
 204.754  P t=203s rxkBps=0 blkkBps=74 pongs=11821(+51/s) cancels=0(+0/s) notify=1 disc=1(0x08) | echo rx=0 tx=0 pend=0 stale=0
 206.730  P t=204s rxkBps=0 blkkBps=74 pongs=11872(+51/s) cancels=0(+0/s) notify=1 disc=1(0x08) | echo rx=0 tx=0 pend=0 stale=0
 206.730  P t=205s rxkBps=0 blkkBps=74 pongs=11922(+50/s) cancels=0(+0/s) notify=1 disc=1(0x08) | echo rx=0 tx=0 pend=0 stale=0
 208.718  P t=206s rxkBps=0 blkkBps=74 pongs=11972(+50/s) cancels=0(+0/s) notify=1 disc=1(0x08) | echo rx=0 tx=0 pend=0 stale=0
 208.778  P t=207s rxkBps=0 blkkBps=74 pongs=12025(+53/s) cancels=0(+0/s) notify=1 disc=1(0x08) | echo rx=0 tx=0 pend=0 stale=0
 210.757  P t=208s rxkBps=0 blkkBps=74 pongs=12075(+50/s) cancels=0(+0/s) notify=1 disc=1(0x08) | echo rx=0 tx=0 pend=0 stale=0
 210.757  P t=209s rxkBps=0 blkkBps=74 pongs=12126(+51/s) cancels=0(+0/s) notify=1 disc=1(0x08) | echo rx=0 tx=0 pend=0 stale=0
 212.775  P t=210s rxkBps=0 blkkBps=74 pongs=12177(+51/s) cancels=0(+0/s) notify=1 disc=1(0x08) | echo rx=0 tx=0 pend=0 stale=0
 212.775  P t=211s rxkBps=0 blkkBps=74 pongs=12227(+50/s) cancels=0(+0/s) notify=1 disc=1(0x08) | echo rx=0 tx=0 pend=0 stale=0
 214.765  P t=212s rxkBps=0 blkkBps=74 pongs=12278(+51/s) cancels=0(+0/s) notify=1 disc=1(0x08) | echo rx=0 tx=0 pend=0 stale=0
 214.765  P t=213s rxkBps=0 blkkBps=74 pongs=12330(+52/s) cancels=0(+0/s) notify=1 disc=1(0x08) | echo rx=0 tx=0 pend=0 stale=0
 216.775  P t=214s rxkBps=0 blkkBps=74 pongs=12380(+50/s) cancels=0(+0/s) notify=1 disc=1(0x08) | echo rx=0 tx=0 pend=0 stale=0
 216.775  P t=215s rxkBps=0 blkkBps=74 pongs=12431(+51/s) cancels=0(+0/s) notify=1 disc=1(0x08) | echo rx=0 tx=0 pend=0 stale=0
 218.741  P t=216s rxkBps=0 blkkBps=74 pongs=12480(+49/s) cancels=0(+0/s) notify=1 disc=1(0x08) | echo rx=0 tx=0 pend=0 stale=0
 218.741  P t=217s rxkBps=0 blkkBps=74 pongs=12529(+49/s) cancels=0(+0/s) notify=1 disc=1(0x08) | echo rx=0 tx=0 pend=0 stale=0
 220.744  P t=218s rxkBps=0 blkkBps=74 pongs=12579(+50/s) cancels=0(+0/s) notify=1 disc=1(0x08) | echo rx=0 tx=0 pend=0 stale=0
 220.744  P t=219s rxkBps=0 blkkBps=74 pongs=12630(+51/s) cancels=0(+0/s) notify=1 disc=1(0x08) | echo rx=0 tx=0 pend=0 stale=0
 222.736  P t=220s rxkBps=0 blkkBps=74 pongs=12681(+51/s) cancels=0(+0/s) notify=1 disc=1(0x08) | echo rx=0 tx=0 pend=0 stale=0
 222.736  P t=221s rxkBps=0 blkkBps=74 pongs=12730(+49/s) cancels=0(+0/s) notify=1 disc=1(0x08) | echo rx=0 tx=0 pend=0 stale=0
 224.727  P t=222s rxkBps=0 blkkBps=74 pongs=12781(+51/s) cancels=0(+0/s) notify=1 disc=1(0x08) | echo rx=0 tx=0 pend=0 stale=0
 224.787  P t=223s rxkBps=0 blkkBps=74 pongs=12830(+49/s) cancels=0(+0/s) notify=1 disc=1(0x08) | echo rx=0 tx=0 pend=0 stale=0
 226.744  P t=224s rxkBps=0 blkkBps=74 pongs=12881(+51/s) cancels=0(+0/s) notify=1 disc=1(0x08) | echo rx=0 tx=0 pend=0 stale=0
 226.744  P t=225s rxkBps=0 blkkBps=74 pongs=12933(+52/s) cancels=0(+0/s) notify=1 disc=1(0x08) | echo rx=0 tx=0 pend=0 stale=0
 228.741  P t=226s rxkBps=0 blkkBps=74 pongs=12983(+50/s) cancels=0(+0/s) notify=1 disc=1(0x08) | echo rx=0 tx=0 pend=0 stale=0
 228.741  P t=227s rxkBps=0 blkkBps=74 pongs=13034(+51/s) cancels=0(+0/s) notify=1 disc=1(0x08) | echo rx=0 tx=0 pend=0 stale=0
 230.733  P t=228s rxkBps=0 blkkBps=74 pongs=13084(+50/s) cancels=0(+0/s) notify=1 disc=1(0x08) | echo rx=0 tx=0 pend=0 stale=0
 230.733  P t=229s rxkBps=0 blkkBps=74 pongs=13134(+50/s) cancels=0(+0/s) notify=1 disc=1(0x08) | echo rx=0 tx=0 pend=0 stale=0
 232.775  P t=230s rxkBps=0 blkkBps=74 pongs=13186(+52/s) cancels=0(+0/s) notify=1 disc=1(0x08) | echo rx=0 tx=0 pend=0 stale=0
 232.775  P t=231s rxkBps=0 blkkBps=74 pongs=13236(+50/s) cancels=0(+0/s) notify=1 disc=1(0x08) | echo rx=0 tx=0 pend=0 stale=0
 234.732  P t=232s rxkBps=0 blkkBps=74 pongs=13286(+50/s) cancels=0(+0/s) notify=1 disc=1(0x08) | echo rx=0 tx=0 pend=0 stale=0
 234.732  P t=233s rxkBps=0 blkkBps=74 pongs=13338(+52/s) cancels=0(+0/s) notify=1 disc=1(0x08) | echo rx=0 tx=0 pend=0 stale=0
 236.725  P t=234s rxkBps=0 blkkBps=74 pongs=13387(+49/s) cancels=0(+0/s) notify=1 disc=1(0x08) | echo rx=0 tx=0 pend=0 stale=0
 236.784  P t=235s rxkBps=0 blkkBps=74 pongs=13437(+50/s) cancels=0(+0/s) notify=1 disc=1(0x08) | echo rx=0 tx=0 pend=0 stale=0
 238.778  P t=236s rxkBps=0 blkkBps=74 pongs=13490(+53/s) cancels=0(+0/s) notify=1 disc=1(0x08) | echo rx=0 tx=0 pend=0 stale=0
 238.778  P t=237s rxkBps=0 blkkBps=74 pongs=13540(+50/s) cancels=0(+0/s) notify=1 disc=1(0x08) | echo rx=0 tx=0 pend=0 stale=0
 240.776  P t=238s rxkBps=0 blkkBps=74 pongs=13589(+49/s) cancels=0(+0/s) notify=1 disc=1(0x08) | echo rx=0 tx=0 pend=0 stale=0
 240.776  P t=239s rxkBps=0 blkkBps=74 pongs=13639(+50/s) cancels=0(+0/s) notify=1 disc=1(0x08) | echo rx=0 tx=0 pend=0 stale=0
 242.740  P t=240s rxkBps=0 blkkBps=74 pongs=13689(+50/s) cancels=0(+0/s) notify=1 disc=1(0x08) | echo rx=0 tx=0 pend=0 stale=0
 242.741  P t=241s rxkBps=0 blkkBps=74 pongs=13742(+53/s) cancels=0(+0/s) notify=1 disc=1(0x08) | echo rx=0 tx=0 pend=0 stale=0
 244.748  P t=242s rxkBps=0 blkkBps=74 pongs=13794(+52/s) cancels=0(+0/s) notify=1 disc=1(0x08) | echo rx=0 tx=0 pend=0 stale=0
 244.749  P t=243s rxkBps=0 blkkBps=74 pongs=13844(+50/s) cancels=0(+0/s) notify=1 disc=1(0x08) | echo rx=0 tx=0 pend=0 stale=0
 246.745  P t=244s rxkBps=0 blkkBps=74 pongs=13894(+50/s) cancels=0(+0/s) notify=1 disc=1(0x08) | echo rx=0 tx=0 pend=0 stale=0
 246.745  P t=245s rxkBps=0 blkkBps=74 pongs=13946(+52/s) cancels=0(+0/s) notify=1 disc=1(0x08) | echo rx=0 tx=0 pend=0 stale=0
 248.753  P t=246s rxkBps=0 blkkBps=99 pongs=13993(+47/s) cancels=0(+0/s) notify=1 disc=1(0x08) | echo rx=0 tx=0 pend=0 stale=0
 248.753  P t=247s rxkBps=0 blkkBps=99 pongs=14041(+48/s) cancels=0(+0/s) notify=1 disc=1(0x08) | echo rx=0 tx=0 pend=0 stale=0
 250.752  P t=248s rxkBps=0 blkkBps=99 pongs=14087(+46/s) cancels=0(+0/s) notify=1 disc=1(0x08) | echo rx=0 tx=0 pend=0 stale=0
 250.752  P t=249s rxkBps=0 blkkBps=99 pongs=14131(+44/s) cancels=0(+0/s) notify=1 disc=1(0x08) | echo rx=0 tx=0 pend=0 stale=0
 252.746  P t=250s rxkBps=0 blkkBps=99 pongs=14178(+47/s) cancels=0(+0/s) notify=1 disc=1(0x08) | echo rx=0 tx=0 pend=0 stale=0
 252.746  P t=251s rxkBps=0 blkkBps=99 pongs=14221(+43/s) cancels=0(+0/s) notify=1 disc=1(0x08) | echo rx=0 tx=0 pend=0 stale=0
 254.740  P t=252s rxkBps=0 blkkBps=99 pongs=14268(+47/s) cancels=0(+0/s) notify=1 disc=1(0x08) | echo rx=0 tx=0 pend=0 stale=0
 254.740  P t=253s rxkBps=0 blkkBps=99 pongs=14315(+47/s) cancels=0(+0/s) notify=1 disc=1(0x08) | echo rx=0 tx=0 pend=0 stale=0
 256.746  P t=254s rxkBps=0 blkkBps=99 pongs=14361(+46/s) cancels=0(+0/s) notify=1 disc=1(0x08) | echo rx=0 tx=0 pend=0 stale=0
 256.746  P t=255s rxkBps=0 blkkBps=99 pongs=14408(+47/s) cancels=0(+0/s) notify=1 disc=1(0x08) | echo rx=0 tx=0 pend=0 stale=0
 258.760  P t=256s rxkBps=0 blkkBps=99 pongs=14456(+48/s) cancels=0(+0/s) notify=1 disc=1(0x08) | echo rx=0 tx=0 pend=0 stale=0
 258.760  P t=257s rxkBps=0 blkkBps=99 pongs=14502(+46/s) cancels=0(+0/s) notify=1 disc=1(0x08) | echo rx=0 tx=0 pend=0 stale=0
 260.730  P t=258s rxkBps=0 blkkBps=99 pongs=14549(+47/s) cancels=0(+0/s) notify=1 disc=1(0x08) | echo rx=0 tx=0 pend=0 stale=0
 260.791  P t=259s rxkBps=0 blkkBps=99 pongs=14597(+48/s) cancels=0(+0/s) notify=1 disc=1(0x08) | echo rx=0 tx=0 pend=0 stale=0
 262.730  P t=260s rxkBps=0 blkkBps=99 pongs=14639(+42/s) cancels=0(+0/s) notify=1 disc=1(0x08) | echo rx=0 tx=0 pend=0 stale=0
 262.790  P t=261s rxkBps=0 blkkBps=99 pongs=14685(+46/s) cancels=0(+0/s) notify=1 disc=1(0x08) | echo rx=0 tx=0 pend=0 stale=0
 264.735  P t=262s rxkBps=0 blkkBps=99 pongs=14731(+46/s) cancels=0(+0/s) notify=1 disc=1(0x08) | echo rx=0 tx=0 pend=0 stale=0
 264.735  P t=263s rxkBps=0 blkkBps=99 pongs=14777(+46/s) cancels=0(+0/s) notify=1 disc=1(0x08) | echo rx=0 tx=0 pend=0 stale=0
 266.775  P t=264s rxkBps=0 blkkBps=99 pongs=14824(+47/s) cancels=0(+0/s) notify=1 disc=1(0x08) | echo rx=0 tx=0 pend=0 stale=0
 266.776  P t=265s rxkBps=0 blkkBps=99 pongs=14872(+48/s) cancels=0(+0/s) notify=1 disc=1(0x08) | echo rx=0 tx=0 pend=0 stale=0
 268.763  P t=266s rxkBps=0 blkkBps=99 pongs=14918(+46/s) cancels=0(+0/s) notify=1 disc=1(0x08) | echo rx=0 tx=0 pend=0 stale=0
 268.763  P t=267s rxkBps=0 blkkBps=99 pongs=14965(+47/s) cancels=0(+0/s) notify=1 disc=1(0x08) | echo rx=0 tx=0 pend=0 stale=0
 270.756  P t=268s rxkBps=0 blkkBps=99 pongs=15010(+45/s) cancels=0(+0/s) notify=1 disc=1(0x08) | echo rx=0 tx=0 pend=0 stale=0
 270.756  P t=269s rxkBps=0 blkkBps=99 pongs=15056(+46/s) cancels=0(+0/s) notify=1 disc=1(0x08) | echo rx=0 tx=0 pend=0 stale=0
 272.744  P t=270s rxkBps=0 blkkBps=99 pongs=15104(+48/s) cancels=0(+0/s) notify=1 disc=1(0x08) | echo rx=0 tx=0 pend=0 stale=0
 272.744  P t=271s rxkBps=0 blkkBps=99 pongs=15150(+46/s) cancels=0(+0/s) notify=1 disc=1(0x08) | echo rx=0 tx=0 pend=0 stale=0
 274.752  P t=272s rxkBps=0 blkkBps=99 pongs=15195(+45/s) cancels=0(+0/s) notify=1 disc=1(0x08) | echo rx=0 tx=0 pend=0 stale=0
 274.752  P t=273s rxkBps=0 blkkBps=99 pongs=15241(+46/s) cancels=0(+0/s) notify=1 disc=1(0x08) | echo rx=0 tx=0 pend=0 stale=0
 276.781  P t=274s rxkBps=0 blkkBps=99 pongs=15287(+46/s) cancels=0(+0/s) notify=1 disc=1(0x08) | echo rx=0 tx=0 pend=0 stale=0
 276.781  P t=275s rxkBps=0 blkkBps=99 pongs=15331(+44/s) cancels=0(+0/s) notify=1 disc=1(0x08) | echo rx=0 tx=0 pend=0 stale=0
 278.736  P t=276s rxkBps=0 blkkBps=99 pongs=15378(+47/s) cancels=0(+0/s) notify=1 disc=1(0x08) | echo rx=0 tx=0 pend=0 stale=0
 278.797  P t=277s rxkBps=0 blkkBps=99 pongs=15425(+47/s) cancels=0(+0/s) notify=1 disc=1(0x08) | echo rx=0 tx=0 pend=0 stale=0
 280.740  P t=278s rxkBps=0 blkkBps=99 pongs=15470(+45/s) cancels=0(+0/s) notify=1 disc=1(0x08) | echo rx=0 tx=0 pend=0 stale=0
 280.741  P t=279s rxkBps=0 blkkBps=99 pongs=15517(+47/s) cancels=0(+0/s) notify=1 disc=1(0x08) | echo rx=0 tx=0 pend=0 stale=0
 282.765  P t=280s rxkBps=0 blkkBps=99 pongs=15561(+44/s) cancels=0(+0/s) notify=1 disc=1(0x08) | echo rx=0 tx=0 pend=0 stale=0
 282.765  P t=281s rxkBps=0 blkkBps=99 pongs=15605(+44/s) cancels=0(+0/s) notify=1 disc=1(0x08) | echo rx=0 tx=0 pend=0 stale=0
 284.781  P t=282s rxkBps=0 blkkBps=99 pongs=15651(+46/s) cancels=0(+0/s) notify=1 disc=1(0x08) | echo rx=0 tx=0 pend=0 stale=0
 284.781  P t=283s rxkBps=0 blkkBps=99 pongs=15697(+46/s) cancels=0(+0/s) notify=1 disc=1(0x08) | echo rx=0 tx=0 pend=0 stale=0
 286.776  P t=284s rxkBps=0 blkkBps=99 pongs=15741(+44/s) cancels=0(+0/s) notify=1 disc=1(0x08) | echo rx=0 tx=0 pend=0 stale=0
 286.776  P t=285s rxkBps=0 blkkBps=99 pongs=15789(+48/s) cancels=0(+0/s) notify=1 disc=1(0x08) | echo rx=0 tx=0 pend=0 stale=0
 288.756  P t=286s rxkBps=0 blkkBps=99 pongs=15832(+43/s) cancels=0(+0/s) notify=1 disc=1(0x08) | echo rx=0 tx=0 pend=0 stale=0
 288.756  P t=287s rxkBps=0 blkkBps=99 pongs=15879(+47/s) cancels=0(+0/s) notify=1 disc=1(0x08) | echo rx=0 tx=0 pend=0 stale=0
 290.744  P t=288s rxkBps=0 blkkBps=99 pongs=15922(+43/s) cancels=0(+0/s) notify=1 disc=1(0x08) | echo rx=0 tx=0 pend=0 stale=0
 290.744  P t=289s rxkBps=0 blkkBps=99 pongs=15967(+45/s) cancels=0(+0/s) notify=1 disc=1(0x08) | echo rx=0 tx=0 pend=0 stale=0
 292.736  P t=290s rxkBps=0 blkkBps=99 pongs=16012(+45/s) cancels=0(+0/s) notify=1 disc=1(0x08) | echo rx=0 tx=0 pend=0 stale=0
 292.796  P t=291s rxkBps=0 blkkBps=99 pongs=16058(+46/s) cancels=0(+0/s) notify=1 disc=1(0x08) | echo rx=0 tx=0 pend=0 stale=0
 294.730  P t=292s rxkBps=0 blkkBps=99 pongs=16103(+45/s) cancels=0(+0/s) notify=1 disc=1(0x08) | echo rx=0 tx=0 pend=0 stale=0
 294.790  P t=293s rxkBps=0 blkkBps=99 pongs=16150(+47/s) cancels=0(+0/s) notify=1 disc=1(0x08) | echo rx=0 tx=0 pend=0 stale=0
 296.735  P t=294s rxkBps=0 blkkBps=99 pongs=16195(+45/s) cancels=0(+0/s) notify=1 disc=1(0x08) | echo rx=0 tx=0 pend=0 stale=0
 296.795  P t=295s rxkBps=0 blkkBps=99 pongs=16240(+45/s) cancels=0(+0/s) notify=1 disc=1(0x08) | echo rx=0 tx=0 pend=0 stale=0
 298.779  P t=296s rxkBps=0 blkkBps=99 pongs=16283(+43/s) cancels=0(+0/s) notify=1 disc=1(0x08) | echo rx=0 tx=0 pend=0 stale=0
 298.779  P t=297s rxkBps=0 blkkBps=99 pongs=16322(+39/s) cancels=0(+0/s) notify=1 disc=1(0x08) | echo rx=0 tx=0 pend=0 stale=0
 300.773  P t=298s rxkBps=0 blkkBps=99 pongs=16364(+42/s) cancels=0(+0/s) notify=1 disc=1(0x08) | echo rx=0 tx=0 pend=0 stale=0
 300.773  P t=299s rxkBps=0 blkkBps=99 pongs=16406(+42/s) cancels=0(+0/s) notify=1 disc=1(0x08) | echo rx=0 tx=0 pend=0 stale=0
 302.775  P t=300s rxkBps=0 blkkBps=99 pongs=16451(+45/s) cancels=0(+0/s) notify=1 disc=1(0x08) | echo rx=0 tx=0 pend=0 stale=0
 302.776  P t=301s rxkBps=0 blkkBps=99 pongs=16496(+45/s) cancels=0(+0/s) notify=1 disc=1(0x08) | echo rx=0 tx=0 pend=0 stale=0
 304.757  P t=302s rxkBps=0 blkkBps=99 pongs=16540(+44/s) cancels=0(+0/s) notify=1 disc=1(0x08) | echo rx=0 tx=0 pend=0 stale=0
 304.757  P t=303s rxkBps=0 blkkBps=99 pongs=16588(+48/s) cancels=0(+0/s) notify=1 disc=1(0x08) | echo rx=0 tx=0 pend=0 stale=0
 306.740  P t=304s rxkBps=0 blkkBps=99 pongs=16632(+44/s) cancels=0(+0/s) notify=1 disc=1(0x08) | echo rx=0 tx=0 pend=0 stale=0
 306.801  P t=305s rxkBps=0 blkkBps=99 pongs=16679(+47/s) cancels=0(+0/s) notify=1 disc=1(0x08) | echo rx=0 tx=0 pend=0 stale=0
 308.756  P t=306s rxkBps=0 blkkBps=124 pongs=16719(+40/s) cancels=0(+0/s) notify=1 disc=1(0x08) | echo rx=0 tx=0 pend=0 stale=0
 308.756  P t=307s rxkBps=0 blkkBps=124 pongs=16761(+42/s) cancels=0(+0/s) notify=1 disc=1(0x08) | echo rx=0 tx=0 pend=0 stale=0
 310.774  P t=308s rxkBps=0 blkkBps=124 pongs=16803(+42/s) cancels=0(+0/s) notify=1 disc=1(0x08) | echo rx=0 tx=0 pend=0 stale=0
 310.774  P t=309s rxkBps=0 blkkBps=124 pongs=16845(+42/s) cancels=0(+0/s) notify=1 disc=1(0x08) | echo rx=0 tx=0 pend=0 stale=0
 312.780  P t=310s rxkBps=0 blkkBps=124 pongs=16885(+40/s) cancels=0(+0/s) notify=1 disc=1(0x08) | echo rx=0 tx=0 pend=0 stale=0
 312.780  P t=311s rxkBps=0 blkkBps=124 pongs=16927(+42/s) cancels=0(+0/s) notify=1 disc=1(0x08) | echo rx=0 tx=0 pend=0 stale=0
 314.737  P t=312s rxkBps=0 blkkBps=124 pongs=16967(+40/s) cancels=0(+0/s) notify=1 disc=1(0x08) | echo rx=0 tx=0 pend=0 stale=0
 314.797  P t=313s rxkBps=0 blkkBps=124 pongs=17008(+41/s) cancels=0(+0/s) notify=1 disc=1(0x08) | echo rx=0 tx=0 pend=0 stale=0
 316.773  P t=314s rxkBps=0 blkkBps=124 pongs=17050(+42/s) cancels=0(+0/s) notify=1 disc=1(0x08) | echo rx=0 tx=0 pend=0 stale=0
 316.773  P t=315s rxkBps=0 blkkBps=124 pongs=17092(+42/s) cancels=0(+0/s) notify=1 disc=1(0x08) | echo rx=0 tx=0 pend=0 stale=0
 318.754  P t=316s rxkBps=0 blkkBps=124 pongs=17133(+41/s) cancels=0(+0/s) notify=1 disc=1(0x08) | echo rx=0 tx=0 pend=0 stale=0
 318.754  P t=317s rxkBps=0 blkkBps=124 pongs=17172(+39/s) cancels=0(+0/s) notify=1 disc=1(0x08) | echo rx=0 tx=0 pend=0 stale=0
 320.785  P t=318s rxkBps=0 blkkBps=124 pongs=17214(+42/s) cancels=0(+0/s) notify=1 disc=1(0x08) | echo rx=0 tx=0 pend=0 stale=0
 320.785  P t=319s rxkBps=0 blkkBps=124 pongs=17254(+40/s) cancels=0(+0/s) notify=1 disc=1(0x08) | echo rx=0 tx=0 pend=0 stale=0
 322.781  P t=320s rxkBps=0 blkkBps=124 pongs=17295(+41/s) cancels=0(+0/s) notify=1 disc=1(0x08) | echo rx=0 tx=0 pend=0 stale=0
 322.781  P t=321s rxkBps=0 blkkBps=124 pongs=17335(+40/s) cancels=0(+0/s) notify=1 disc=1(0x08) | echo rx=0 tx=0 pend=0 stale=0
 324.767  P t=322s rxkBps=0 blkkBps=124 pongs=17377(+42/s) cancels=0(+0/s) notify=1 disc=1(0x08) | echo rx=0 tx=0 pend=0 stale=0
 324.767  P t=323s rxkBps=0 blkkBps=124 pongs=17419(+42/s) cancels=0(+0/s) notify=1 disc=1(0x08) | echo rx=0 tx=0 pend=0 stale=0
 326.764  P t=324s rxkBps=0 blkkBps=124 pongs=17459(+40/s) cancels=0(+0/s) notify=1 disc=1(0x08) | echo rx=0 tx=0 pend=0 stale=0
 326.764  P t=325s rxkBps=0 blkkBps=124 pongs=17497(+38/s) cancels=0(+0/s) notify=1 disc=1(0x08) | echo rx=0 tx=0 pend=0 stale=0
 328.759  P t=326s rxkBps=0 blkkBps=124 pongs=17537(+40/s) cancels=0(+0/s) notify=1 disc=1(0x08) | echo rx=0 tx=0 pend=0 stale=0
 328.759  P t=327s rxkBps=0 blkkBps=124 pongs=17577(+40/s) cancels=0(+0/s) notify=1 disc=1(0x08) | echo rx=0 tx=0 pend=0 stale=0
 330.741  P t=328s rxkBps=0 blkkBps=124 pongs=17619(+42/s) cancels=0(+0/s) notify=1 disc=1(0x08) | echo rx=0 tx=0 pend=0 stale=0
 330.801  P t=329s rxkBps=0 blkkBps=124 pongs=17661(+42/s) cancels=0(+0/s) notify=1 disc=1(0x08) | echo rx=0 tx=0 pend=0 stale=0
 332.765  P t=330s rxkBps=0 blkkBps=124 pongs=17700(+39/s) cancels=0(+0/s) notify=1 disc=1(0x08) | echo rx=0 tx=0 pend=0 stale=0
 332.765  P t=331s rxkBps=0 blkkBps=124 pongs=17740(+40/s) cancels=0(+0/s) notify=1 disc=1(0x08) | echo rx=0 tx=0 pend=0 stale=0
 334.763  P t=332s rxkBps=0 blkkBps=124 pongs=17778(+38/s) cancels=0(+0/s) notify=1 disc=1(0x08) | echo rx=0 tx=0 pend=0 stale=0
 334.764  P t=333s rxkBps=0 blkkBps=124 pongs=17815(+37/s) cancels=0(+0/s) notify=1 disc=1(0x08) | echo rx=0 tx=0 pend=0 stale=0
 336.736  P t=334s rxkBps=0 blkkBps=124 pongs=17851(+36/s) cancels=0(+0/s) notify=1 disc=1(0x08) | echo rx=0 tx=0 pend=0 stale=0
 336.796  P t=335s rxkBps=0 blkkBps=124 pongs=17890(+39/s) cancels=0(+0/s) notify=1 disc=1(0x08) | echo rx=0 tx=0 pend=0 stale=0
 338.761  P t=336s rxkBps=0 blkkBps=124 pongs=17932(+42/s) cancels=0(+0/s) notify=1 disc=1(0x08) | echo rx=0 tx=0 pend=0 stale=0
 338.761  P t=337s rxkBps=0 blkkBps=124 pongs=17972(+40/s) cancels=0(+0/s) notify=1 disc=1(0x08) | echo rx=0 tx=0 pend=0 stale=0
 340.779  P t=338s rxkBps=0 blkkBps=124 pongs=18012(+40/s) cancels=0(+0/s) notify=1 disc=1(0x08) | echo rx=0 tx=0 pend=0 stale=0
 340.779  P t=339s rxkBps=0 blkkBps=124 pongs=18054(+42/s) cancels=0(+0/s) notify=1 disc=1(0x08) | echo rx=0 tx=0 pend=0 stale=0
 342.757  P t=340s rxkBps=0 blkkBps=124 pongs=18096(+42/s) cancels=0(+0/s) notify=1 disc=1(0x08) | echo rx=0 tx=0 pend=0 stale=0
 342.757  P t=341s rxkBps=0 blkkBps=124 pongs=18138(+42/s) cancels=0(+0/s) notify=1 disc=1(0x08) | echo rx=0 tx=0 pend=0 stale=0
 344.785  P t=342s rxkBps=0 blkkBps=124 pongs=18178(+40/s) cancels=0(+0/s) notify=1 disc=1(0x08) | echo rx=0 tx=0 pend=0 stale=0
 344.785  P t=343s rxkBps=0 blkkBps=124 pongs=18219(+41/s) cancels=0(+0/s) notify=1 disc=1(0x08) | echo rx=0 tx=0 pend=0 stale=0
 346.781  P t=344s rxkBps=0 blkkBps=124 pongs=18260(+41/s) cancels=0(+0/s) notify=1 disc=1(0x08) | echo rx=0 tx=0 pend=0 stale=0
 346.781  P t=345s rxkBps=0 blkkBps=124 pongs=18300(+40/s) cancels=0(+0/s) notify=1 disc=1(0x08) | echo rx=0 tx=0 pend=0 stale=0
 348.765  P t=346s rxkBps=0 blkkBps=124 pongs=18341(+41/s) cancels=0(+0/s) notify=1 disc=1(0x08) | echo rx=0 tx=0 pend=0 stale=0
 348.765  P t=347s rxkBps=0 blkkBps=124 pongs=18381(+40/s) cancels=0(+0/s) notify=1 disc=1(0x08) | echo rx=0 tx=0 pend=0 stale=0
 350.775  P t=348s rxkBps=0 blkkBps=124 pongs=18422(+41/s) cancels=0(+0/s) notify=1 disc=1(0x08) | echo rx=0 tx=0 pend=0 stale=0
 350.775  P t=349s rxkBps=0 blkkBps=124 pongs=18461(+39/s) cancels=0(+0/s) notify=1 disc=1(0x08) | echo rx=0 tx=0 pend=0 stale=0
 352.780  P t=350s rxkBps=0 blkkBps=124 pongs=18502(+41/s) cancels=0(+0/s) notify=1 disc=1(0x08) | echo rx=0 tx=0 pend=0 stale=0
 352.781  P t=351s rxkBps=0 blkkBps=124 pongs=18540(+38/s) cancels=0(+0/s) notify=1 disc=1(0x08) | echo rx=0 tx=0 pend=0 stale=0
 354.780  P t=352s rxkBps=0 blkkBps=124 pongs=18579(+39/s) cancels=0(+0/s) notify=1 disc=1(0x08) | echo rx=0 tx=0 pend=0 stale=0
 354.780  P t=353s rxkBps=0 blkkBps=124 pongs=18621(+42/s) cancels=0(+0/s) notify=1 disc=1(0x08) | echo rx=0 tx=0 pend=0 stale=0
 356.791  P t=354s rxkBps=0 blkkBps=124 pongs=18661(+40/s) cancels=0(+0/s) notify=1 disc=1(0x08) | echo rx=0 tx=0 pend=0 stale=0
 356.791  P t=355s rxkBps=0 blkkBps=124 pongs=18703(+42/s) cancels=0(+0/s) notify=1 disc=1(0x08) | echo rx=0 tx=0 pend=0 stale=0
 358.788  P t=356s rxkBps=0 blkkBps=124 pongs=18743(+40/s) cancels=0(+0/s) notify=1 disc=1(0x08) | echo rx=0 tx=0 pend=0 stale=0
 358.789  P t=357s rxkBps=0 blkkBps=124 pongs=18784(+41/s) cancels=0(+0/s) notify=1 disc=1(0x08) | echo rx=0 tx=0 pend=0 stale=0
 360.790  P t=358s rxkBps=0 blkkBps=124 pongs=18826(+42/s) cancels=0(+0/s) notify=1 disc=1(0x08) | echo rx=0 tx=0 pend=0 stale=0
 360.790  P t=359s rxkBps=0 blkkBps=124 pongs=18866(+40/s) cancels=0(+0/s) notify=1 disc=1(0x08) | echo rx=0 tx=0 pend=0 stale=0
 362.796  P t=360s rxkBps=0 blkkBps=124 pongs=18907(+41/s) cancels=0(+0/s) notify=1 disc=1(0x08) | echo rx=0 tx=0 pend=0 stale=0
 362.796  P t=361s rxkBps=0 blkkBps=124 pongs=18948(+41/s) cancels=0(+0/s) notify=1 disc=1(0x08) | echo rx=0 tx=0 pend=0 stale=0
 364.746  P t=362s rxkBps=0 blkkBps=124 pongs=18991(+43/s) cancels=0(+0/s) notify=1 disc=1(0x08) | echo rx=0 tx=0 pend=0 stale=0
 364.807  P t=363s rxkBps=0 blkkBps=124 pongs=19033(+42/s) cancels=0(+0/s) notify=1 disc=1(0x08) | echo rx=0 tx=0 pend=0 stale=0
 366.757  P t=364s rxkBps=0 blkkBps=124 pongs=19073(+40/s) cancels=0(+0/s) notify=1 disc=1(0x08) | echo rx=0 tx=0 pend=0 stale=0
 366.757  P t=365s rxkBps=0 blkkBps=124 pongs=19113(+40/s) cancels=0(+0/s) notify=1 disc=1(0x08) | echo rx=0 tx=0 pend=0 stale=0
 368.766  P t=366s rxkBps=0 blkkBps=149 pongs=19149(+36/s) cancels=0(+0/s) notify=1 disc=1(0x08) | echo rx=0 tx=0 pend=0 stale=0
 368.766  P t=367s rxkBps=0 blkkBps=149 pongs=19187(+38/s) cancels=0(+0/s) notify=1 disc=1(0x08) | echo rx=0 tx=0 pend=0 stale=0
 370.781  P t=368s rxkBps=0 blkkBps=149 pongs=19224(+37/s) cancels=0(+0/s) notify=1 disc=1(0x08) | echo rx=0 tx=0 pend=0 stale=0
 370.781  P t=369s rxkBps=0 blkkBps=149 pongs=19260(+36/s) cancels=0(+0/s) notify=1 disc=1(0x08) | echo rx=0 tx=0 pend=0 stale=0
 372.781  P t=370s rxkBps=0 blkkBps=149 pongs=19298(+38/s) cancels=0(+0/s) notify=1 disc=1(0x08) | echo rx=0 tx=0 pend=0 stale=0
 372.781  P t=371s rxkBps=0 blkkBps=149 pongs=19333(+35/s) cancels=0(+0/s) notify=1 disc=1(0x08) | echo rx=0 tx=0 pend=0 stale=0
 374.783  P t=372s rxkBps=0 blkkBps=149 pongs=19366(+33/s) cancels=0(+0/s) notify=1 disc=1(0x08) | echo rx=0 tx=0 pend=0 stale=0
 374.783  P t=373s rxkBps=0 blkkBps=149 pongs=19400(+34/s) cancels=0(+0/s) notify=1 disc=1(0x08) | echo rx=0 tx=0 pend=0 stale=0
 376.756  P t=374s rxkBps=0 blkkBps=149 pongs=19434(+34/s) cancels=0(+0/s) notify=1 disc=1(0x08) | echo rx=0 tx=0 pend=0 stale=0
 376.757  P t=375s rxkBps=0 blkkBps=149 pongs=19468(+34/s) cancels=0(+0/s) notify=1 disc=1(0x08) | echo rx=0 tx=0 pend=0 stale=0
 378.741  P t=376s rxkBps=0 blkkBps=149 pongs=19503(+35/s) cancels=0(+0/s) notify=1 disc=1(0x08) | echo rx=0 tx=0 pend=0 stale=0
 378.802  P t=377s rxkBps=0 blkkBps=149 pongs=19538(+35/s) cancels=0(+0/s) notify=1 disc=1(0x08) | echo rx=0 tx=0 pend=0 stale=0
 380.740  P t=378s rxkBps=0 blkkBps=149 pongs=19575(+37/s) cancels=0(+0/s) notify=1 disc=1(0x08) | echo rx=0 tx=0 pend=0 stale=0
 380.801  P t=379s rxkBps=0 blkkBps=149 pongs=19611(+36/s) cancels=0(+0/s) notify=1 disc=1(0x08) | echo rx=0 tx=0 pend=0 stale=0
 382.753  P t=380s rxkBps=0 blkkBps=149 pongs=19649(+38/s) cancels=0(+0/s) notify=1 disc=1(0x08) | echo rx=0 tx=0 pend=0 stale=0
 382.753  P t=381s rxkBps=0 blkkBps=149 pongs=19683(+34/s) cancels=0(+0/s) notify=1 disc=1(0x08) | echo rx=0 tx=0 pend=0 stale=0
 384.740  P t=382s rxkBps=0 blkkBps=149 pongs=19717(+34/s) cancels=0(+0/s) notify=1 disc=1(0x08) | echo rx=0 tx=0 pend=0 stale=0
 384.801  P t=383s rxkBps=0 blkkBps=149 pongs=19753(+36/s) cancels=0(+0/s) notify=1 disc=1(0x08) | echo rx=0 tx=0 pend=0 stale=0
 386.749  P t=384s rxkBps=0 blkkBps=149 pongs=19787(+34/s) cancels=0(+0/s) notify=1 disc=1(0x08) | echo rx=0 tx=0 pend=0 stale=0
 386.809  P t=385s rxkBps=0 blkkBps=149 pongs=19823(+36/s) cancels=0(+0/s) notify=1 disc=1(0x08) | echo rx=0 tx=0 pend=0 stale=0
 388.761  P t=386s rxkBps=0 blkkBps=149 pongs=19858(+35/s) cancels=0(+0/s) notify=1 disc=1(0x08) | echo rx=0 tx=0 pend=0 stale=0
 388.762  P t=387s rxkBps=0 blkkBps=149 pongs=19894(+36/s) cancels=0(+0/s) notify=1 disc=1(0x08) | echo rx=0 tx=0 pend=0 stale=0
 390.747  P t=388s rxkBps=0 blkkBps=149 pongs=19931(+37/s) cancels=0(+0/s) notify=1 disc=1(0x08) | echo rx=0 tx=0 pend=0 stale=0
 390.807  P t=389s rxkBps=0 blkkBps=149 pongs=19964(+33/s) cancels=0(+0/s) notify=1 disc=1(0x08) | echo rx=0 tx=0 pend=0 stale=0
 392.785  P t=390s rxkBps=0 blkkBps=149 pongs=19999(+35/s) cancels=0(+0/s) notify=1 disc=1(0x08) | echo rx=0 tx=0 pend=0 stale=0
 392.785  P t=391s rxkBps=0 blkkBps=149 pongs=20034(+35/s) cancels=0(+0/s) notify=1 disc=1(0x08) | echo rx=0 tx=0 pend=0 stale=0
 394.777  P t=392s rxkBps=0 blkkBps=149 pongs=20071(+37/s) cancels=0(+0/s) notify=1 disc=1(0x08) | echo rx=0 tx=0 pend=0 stale=0
 394.777  P t=393s rxkBps=0 blkkBps=149 pongs=20108(+37/s) cancels=0(+0/s) notify=1 disc=1(0x08) | echo rx=0 tx=0 pend=0 stale=0
 396.768  P t=394s rxkBps=0 blkkBps=149 pongs=20144(+36/s) cancels=0(+0/s) notify=1 disc=1(0x08) | echo rx=0 tx=0 pend=0 stale=0
 396.768  P t=395s rxkBps=0 blkkBps=149 pongs=20182(+38/s) cancels=0(+0/s) notify=1 disc=1(0x08) | echo rx=0 tx=0 pend=0 stale=0
 398.781  P t=396s rxkBps=0 blkkBps=149 pongs=20219(+37/s) cancels=0(+0/s) notify=1 disc=1(0x08) | echo rx=0 tx=0 pend=0 stale=0
 398.781  P t=397s rxkBps=0 blkkBps=149 pongs=20255(+36/s) cancels=0(+0/s) notify=1 disc=1(0x08) | echo rx=0 tx=0 pend=0 stale=0
 400.786  P t=398s rxkBps=0 blkkBps=149 pongs=20292(+37/s) cancels=0(+0/s) notify=1 disc=1(0x08) | echo rx=0 tx=0 pend=0 stale=0
 400.786  P t=399s rxkBps=0 blkkBps=149 pongs=20327(+35/s) cancels=0(+0/s) notify=1 disc=1(0x08) | echo rx=0 tx=0 pend=0 stale=0
 402.745  P t=400s rxkBps=0 blkkBps=149 pongs=20364(+37/s) cancels=0(+0/s) notify=1 disc=1(0x08) | echo rx=0 tx=0 pend=0 stale=0
 402.805  P t=401s rxkBps=0 blkkBps=149 pongs=20402(+38/s) cancels=0(+0/s) notify=1 disc=1(0x08) | echo rx=0 tx=0 pend=0 stale=0
 404.780  P t=402s rxkBps=0 blkkBps=149 pongs=20436(+34/s) cancels=0(+0/s) notify=1 disc=1(0x08) | echo rx=0 tx=0 pend=0 stale=0
 404.780  P t=403s rxkBps=0 blkkBps=149 pongs=20471(+35/s) cancels=0(+0/s) notify=1 disc=1(0x08) | echo rx=0 tx=0 pend=0 stale=0
 406.771  P t=404s rxkBps=0 blkkBps=149 pongs=20508(+37/s) cancels=0(+0/s) notify=1 disc=1(0x08) | echo rx=0 tx=0 pend=0 stale=0
 406.771  P t=405s rxkBps=0 blkkBps=149 pongs=20543(+35/s) cancels=0(+0/s) notify=1 disc=1(0x08) | echo rx=0 tx=0 pend=0 stale=0
 408.746  P t=406s rxkBps=0 blkkBps=149 pongs=20579(+36/s) cancels=0(+0/s) notify=1 disc=1(0x08) | echo rx=0 tx=0 pend=0 stale=0
 408.807  P t=407s rxkBps=0 blkkBps=149 pongs=20615(+36/s) cancels=0(+0/s) notify=1 disc=1(0x08) | echo rx=0 tx=0 pend=0 stale=0
 410.769  P t=408s rxkBps=0 blkkBps=149 pongs=20652(+37/s) cancels=0(+0/s) notify=1 disc=1(0x08) | echo rx=0 tx=0 pend=0 stale=0
 410.769  P t=409s rxkBps=0 blkkBps=149 pongs=20688(+36/s) cancels=0(+0/s) notify=1 disc=1(0x08) | echo rx=0 tx=0 pend=0 stale=0
 412.753  P t=410s rxkBps=0 blkkBps=149 pongs=20724(+36/s) cancels=0(+0/s) notify=1 disc=1(0x08) | echo rx=0 tx=0 pend=0 stale=0
 412.812  P t=411s rxkBps=0 blkkBps=149 pongs=20759(+35/s) cancels=0(+0/s) notify=1 disc=1(0x08) | echo rx=0 tx=0 pend=0 stale=0
 414.797  P t=412s rxkBps=0 blkkBps=149 pongs=20795(+36/s) cancels=0(+0/s) notify=1 disc=1(0x08) | echo rx=0 tx=0 pend=0 stale=0
 414.797  P t=413s rxkBps=0 blkkBps=149 pongs=20832(+37/s) cancels=0(+0/s) notify=1 disc=1(0x08) | echo rx=0 tx=0 pend=0 stale=0
 416.754  P t=414s rxkBps=0 blkkBps=149 pongs=20869(+37/s) cancels=0(+0/s) notify=1 disc=1(0x08) | echo rx=0 tx=0 pend=0 stale=0
 416.754  P t=415s rxkBps=0 blkkBps=149 pongs=20905(+36/s) cancels=0(+0/s) notify=1 disc=1(0x08) | echo rx=0 tx=0 pend=0 stale=0
 418.799  P t=416s rxkBps=0 blkkBps=149 pongs=20941(+36/s) cancels=0(+0/s) notify=1 disc=1(0x08) | echo rx=0 tx=0 pend=0 stale=0
 418.800  P t=417s rxkBps=0 blkkBps=149 pongs=20976(+35/s) cancels=0(+0/s) notify=1 disc=1(0x08) | echo rx=0 tx=0 pend=0 stale=0
 420.758  P t=418s rxkBps=0 blkkBps=149 pongs=21011(+35/s) cancels=0(+0/s) notify=1 disc=1(0x08) | echo rx=0 tx=0 pend=0 stale=0
 420.758  P t=419s rxkBps=0 blkkBps=149 pongs=21047(+36/s) cancels=0(+0/s) notify=1 disc=1(0x08) | echo rx=0 tx=0 pend=0 stale=0
 422.793  P t=420s rxkBps=0 blkkBps=149 pongs=21081(+34/s) cancels=0(+0/s) notify=1 disc=1(0x08) | echo rx=0 tx=0 pend=0 stale=0
 422.793  P t=421s rxkBps=0 blkkBps=149 pongs=21115(+34/s) cancels=0(+0/s) notify=1 disc=1(0x08) | echo rx=0 tx=0 pend=0 stale=0
 424.797  P t=422s rxkBps=0 blkkBps=149 pongs=21150(+35/s) cancels=0(+0/s) notify=1 disc=1(0x08) | echo rx=0 tx=0 pend=0 stale=0
 424.797  P t=423s rxkBps=0 blkkBps=149 pongs=21186(+36/s) cancels=0(+0/s) notify=1 disc=1(0x08) | echo rx=0 tx=0 pend=0 stale=0
 426.760  P t=424s rxkBps=0 blkkBps=149 pongs=21222(+36/s) cancels=0(+0/s) notify=1 disc=1(0x08) | echo rx=0 tx=0 pend=0 stale=0
 426.760  P t=425s rxkBps=0 blkkBps=149 pongs=21259(+37/s) cancels=0(+0/s) notify=1 disc=1(0x08) | echo rx=0 tx=0 pend=0 stale=0
 428.754  P t=426s rxkBps=0 blkkBps=0 pongs=21324(+65/s) cancels=0(+0/s) notify=1 disc=1(0x08) | echo rx=0 tx=0 pend=0 stale=0
 428.812  P t=427s rxkBps=0 blkkBps=0 pongs=21391(+67/s) cancels=0(+0/s) notify=1 disc=1(0x08) | echo rx=0 tx=0 pend=0 stale=0
 430.781  P t=428s rxkBps=0 blkkBps=0 pongs=21456(+65/s) cancels=0(+0/s) notify=1 disc=1(0x08) | echo rx=0 tx=0 pend=0 stale=0
 430.782  P t=429s rxkBps=0 blkkBps=0 pongs=21521(+65/s) cancels=0(+0/s) notify=1 disc=1(0x08) | echo rx=0 tx=0 pend=0 stale=0
 432.771  P t=430s rxkBps=0 blkkBps=0 pongs=21588(+67/s) cancels=0(+0/s) notify=1 disc=1(0x08) | echo rx=0 tx=0 pend=0 stale=0
 432.771  P t=431s rxkBps=0 blkkBps=0 pongs=21655(+67/s) cancels=0(+0/s) notify=1 disc=1(0x08) | echo rx=0 tx=0 pend=0 stale=0
 434.799  P t=432s rxkBps=0 blkkBps=0 pongs=21721(+66/s) cancels=0(+0/s) notify=1 disc=1(0x08) | echo rx=0 tx=0 pend=0 stale=0
 434.799  P t=433s rxkBps=0 blkkBps=0 pongs=21787(+66/s) cancels=0(+0/s) notify=1 disc=1(0x08) | echo rx=0 tx=0 pend=0 stale=0
 436.774  P t=434s rxkBps=0 blkkBps=0 pongs=21853(+66/s) cancels=0(+0/s) notify=1 disc=1(0x08) | echo rx=0 tx=0 pend=0 stale=0
 436.774  P t=435s rxkBps=0 blkkBps=0 pongs=21919(+66/s) cancels=0(+0/s) notify=1 disc=1(0x08) | echo rx=0 tx=0 pend=0 stale=0
 438.753  P t=436s rxkBps=0 blkkBps=0 pongs=21986(+67/s) cancels=0(+0/s) notify=1 disc=1(0x08) | echo rx=0 tx=0 pend=0 stale=0
 438.807  P t=437s rxkBps=0 blkkBps=0 pongs=22051(+65/s) cancels=0(+0/s) notify=1 disc=1(0x08) | echo rx=0 tx=0 pend=0 stale=0
 440.796  P t=438s rxkBps=0 blkkBps=0 pongs=22116(+65/s) cancels=0(+0/s) notify=1 disc=1(0x08) | echo rx=0 tx=0 pend=0 stale=0
 440.796  P t=439s rxkBps=0 blkkBps=0 pongs=22183(+67/s) cancels=0(+0/s) notify=1 disc=1(0x08) | echo rx=0 tx=0 pend=0 stale=0
 442.790  P t=440s rxkBps=0 blkkBps=0 pongs=22248(+65/s) cancels=0(+0/s) notify=1 disc=1(0x08) | echo rx=0 tx=0 pend=0 stale=0
 442.790  P t=441s rxkBps=0 blkkBps=0 pongs=22314(+66/s) cancels=0(+0/s) notify=1 disc=1(0x08) | echo rx=0 tx=0 pend=0 stale=0
 444.754  P t=442s rxkBps=0 blkkBps=0 pongs=22380(+66/s) cancels=0(+0/s) notify=1 disc=1(0x08) | echo rx=0 tx=0 pend=0 stale=0
 444.814  P t=443s rxkBps=0 blkkBps=0 pongs=22446(+66/s) cancels=0(+0/s) notify=1 disc=1(0x08) | echo rx=0 tx=0 pend=0 stale=0
 446.803  P t=444s rxkBps=0 blkkBps=0 pongs=22512(+66/s) cancels=0(+0/s) notify=1 disc=1(0x08) | echo rx=0 tx=0 pend=0 stale=0
 446.803  P t=445s rxkBps=0 blkkBps=0 pongs=22578(+66/s) cancels=0(+0/s) notify=1 disc=1(0x08) | echo rx=0 tx=0 pend=0 stale=0
 448.807  P t=446s rxkBps=0 blkkBps=0 pongs=22644(+66/s) cancels=0(+0/s) notify=1 disc=1(0x08) | echo rx=0 tx=0 pend=0 stale=0
 448.807  P t=447s rxkBps=0 blkkBps=0 pongs=22711(+67/s) cancels=0(+0/s) notify=1 disc=1(0x08) | echo rx=0 tx=0 pend=0 stale=0
