   0.421  P t=450s rxkBps=0 blkkBps=0 pongs=26162(+0/s) cancels=0(+0/s) notify=1 disc=1(0x08) | echo rx=0 tx=0 pend=0 stale=0
   0.421  P t=451s rxkBps=0 blkkBps=0 pongs=26162(+0/s) cancels=0(+0/s) notify=1 disc=1(0x08) | echo rx=0 tx=0 pend=0 stale=0
   1.687  *** Booting Zephyr OS build v4.4.2-16-gfee9fbc62095 ***
   1.687  [00:19:33.275,544] [0m<inf> bt_hci_core: HW Platform: Nordic Semiconductor (0x0002)[0m
   1.687  [00:19:33.275,557] [0m<inf> bt_hci_core: HW Variant: nRF54Lx (0x0005)[0m
   1.747  [00:19:33.275,568] [0m<inf> bt_hci_core: Firmware: Standard Bluetooth controller (0x00) Version 4.4 Build 2[0m
   1.747  [00:19:33.275,911] [0m<inf> bt_hci_core: HCI transport: Controller[0m
   1.747  [00:19:33.275,956] [0m<inf> bt_hci_core: Identity: D6:C7:60:B1:D3:0E (random)[0m
   1.747  [00:19:33.275,973] [0m<inf> bt_hci_core: HCI: version 5.4 (0x0d) revision 0x0000, manufacturer 0x05f1[0m
   1.747  [00:19:33.275,988] [0m<inf> bt_hci_core: LMP: version 5.4 (0x0d) subver 0xffff[0m
   1.747  
   1.747  === nRF54L15 RTT ping-pong PERIPHERAL (echo) ===
   1.747  advertising
   2.794  GAP connected interval=7500
   2.794  PHY tx=2 rx=2
   2.794  P t=1s rxkBps=0 blkkBps=0 pongs=0(+0/s) cancels=0(+0/s) notify=0 disc=0(0x00) | echo rx=0 tx=0 pend=0 stale=0
   4.709  P t=2s rxkBps=0 blkkBps=0 pongs=0(+0/s) cancels=0(+0/s) notify=0 disc=0(0x00) | echo rx=0 tx=0 pend=0 stale=0
   4.709  P t=3s rxkBps=0 blkkBps=0 pongs=0(+0/s) cancels=0(+0/s) notify=0 disc=0(0x00) | echo rx=0 tx=0 pend=0 stale=0
   6.705  P t=4s rxkBps=0 blkkBps=0 pongs=0(+0/s) cancels=0(+0/s) notify=0 disc=0(0x00) | echo rx=0 tx=0 pend=0 stale=0
   6.705  GAP disconnected 0x08  lifetime=-1ms pongs_in_conn=0
   6.705  advertising
   6.705  GAP connected interval=7500
   6.705  PHY tx=2 rx=2
   6.705  CCC: notify ENABLED
   6.705  P t=5s rxkBps=0 blkkBps=0 pongs=3(+3/s) cancels=0(+0/s) notify=1 disc=1(0x08) | echo rx=0 tx=0 pend=0 stale=0
   8.695  P t=6s rxkBps=0 blkkBps=0 pongs=69(+66/s) cancels=0(+0/s) notify=1 disc=1(0x08) | echo rx=0 tx=0 pend=0 stale=0
   8.695  P t=7s rxkBps=0 blkkBps=0 pongs=135(+66/s) cancels=0(+0/s) notify=1 disc=1(0x08) | echo rx=0 tx=0 pend=0 stale=0
  10.686  P t=8s rxkBps=0 blkkBps=0 pongs=201(+66/s) cancels=0(+0/s) notify=1 disc=1(0x08) | echo rx=0 tx=0 pend=0 stale=0
  10.747  P t=9s rxkBps=0 blkkBps=0 pongs=268(+67/s) cancels=0(+0/s) notify=1 disc=1(0x08) | echo rx=0 tx=0 pend=0 stale=0
  12.723  P t=10s rxkBps=0 blkkBps=0 pongs=335(+67/s) cancels=0(+0/s) notify=1 disc=1(0x08) | echo rx=0 tx=0 pend=0 stale=0
  12.723  P t=11s rxkBps=0 blkkBps=0 pongs=400(+65/s) cancels=0(+0/s) notify=1 disc=1(0x08) | echo rx=0 tx=0 pend=0 stale=0
  14.714  P t=12s rxkBps=0 blkkBps=0 pongs=466(+66/s) cancels=0(+0/s) notify=1 disc=1(0x08) | echo rx=0 tx=0 pend=0 stale=0
  14.714  P t=13s rxkBps=0 blkkBps=0 pongs=532(+66/s) cancels=0(+0/s) notify=1 disc=1(0x08) | echo rx=0 tx=0 pend=0 stale=0
  16.701  P t=14s rxkBps=0 blkkBps=0 pongs=597(+65/s) cancels=0(+0/s) notify=1 disc=1(0x08) | echo rx=0 tx=0 pend=0 stale=0
  16.701  P t=15s rxkBps=0 blkkBps=0 pongs=662(+65/s) cancels=0(+0/s) notify=1 disc=1(0x08) | echo rx=0 tx=0 pend=0 stale=0
  18.729  P t=16s rxkBps=0 blkkBps=0 pongs=727(+65/s) cancels=0(+0/s) notify=1 disc=1(0x08) | echo rx=0 tx=0 pend=0 stale=0
  18.729  P t=17s rxkBps=0 blkkBps=0 pongs=789(+62/s) cancels=0(+0/s) notify=1 disc=1(0x08) | echo rx=0 tx=0 pend=0 stale=0
  20.715  P t=18s rxkBps=0 blkkBps=0 pongs=849(+60/s) cancels=0(+0/s) notify=1 disc=1(0x08) | echo rx=0 tx=0 pend=0 stale=0
  20.715  P t=19s rxkBps=0 blkkBps=0 pongs=912(+63/s) cancels=0(+0/s) notify=1 disc=1(0x08) | echo rx=0 tx=0 pend=0 stale=0
  22.705  P t=20s rxkBps=0 blkkBps=0 pongs=978(+66/s) cancels=0(+0/s) notify=1 disc=1(0x08) | echo rx=0 tx=0 pend=0 stale=0
  22.705  P t=21s rxkBps=0 blkkBps=0 pongs=1043(+65/s) cancels=0(+0/s) notify=1 disc=1(0x08) | echo rx=0 tx=0 pend=0 stale=0
  24.682  P t=22s rxkBps=0 blkkBps=0 pongs=1109(+66/s) cancels=0(+0/s) notify=1 disc=1(0x08) | echo rx=0 tx=0 pend=0 stale=0
  24.734  P t=23s rxkBps=0 blkkBps=0 pongs=1174(+65/s) cancels=0(+0/s) notify=1 disc=1(0x08) | echo rx=0 tx=0 pend=0 stale=0
  26.716  P t=24s rxkBps=0 blkkBps=0 pongs=1240(+66/s) cancels=0(+0/s) notify=1 disc=1(0x08) | echo rx=0 tx=0 pend=0 stale=0
  26.716  P t=25s rxkBps=0 blkkBps=0 pongs=1305(+65/s) cancels=0(+0/s) notify=1 disc=1(0x08) | echo rx=0 tx=0 pend=0 stale=0
  28.709  P t=26s rxkBps=0 blkkBps=0 pongs=1369(+64/s) cancels=0(+0/s) notify=1 disc=1(0x08) | echo rx=0 tx=0 pend=0 stale=0
  28.709  P t=27s rxkBps=0 blkkBps=0 pongs=1433(+64/s) cancels=0(+0/s) notify=1 disc=1(0x08) | echo rx=0 tx=0 pend=0 stale=0
  30.694  P t=28s rxkBps=0 blkkBps=0 pongs=1499(+66/s) cancels=0(+0/s) notify=1 disc=1(0x08) | echo rx=0 tx=0 pend=0 stale=0
  30.694  P t=29s rxkBps=0 blkkBps=0 pongs=1566(+67/s) cancels=0(+0/s) notify=1 disc=1(0x08) | echo rx=0 tx=0 pend=0 stale=0
  32.682  P t=30s rxkBps=0 blkkBps=0 pongs=1632(+66/s) cancels=0(+0/s) notify=1 disc=1(0x08) | echo rx=0 tx=0 pend=0 stale=0
  32.742  P t=31s rxkBps=0 blkkBps=0 pongs=1698(+66/s) cancels=0(+0/s) notify=1 disc=1(0x08) | echo rx=0 tx=0 pend=0 stale=0
  34.720  P t=32s rxkBps=0 blkkBps=0 pongs=1763(+65/s) cancels=0(+0/s) notify=1 disc=1(0x08) | echo rx=0 tx=0 pend=0 stale=0
  34.720  P t=33s rxkBps=0 blkkBps=0 pongs=1829(+66/s) cancels=0(+0/s) notify=1 disc=1(0x08) | echo rx=0 tx=0 pend=0 stale=0
  36.689  P t=34s rxkBps=0 blkkBps=0 pongs=1895(+66/s) cancels=0(+0/s) notify=1 disc=1(0x08) | echo rx=0 tx=0 pend=0 stale=0
  36.745  P t=35s rxkBps=0 blkkBps=0 pongs=1960(+65/s) cancels=0(+0/s) notify=1 disc=1(0x08) | echo rx=0 tx=0 pend=0 stale=0
  38.715  P t=36s rxkBps=0 blkkBps=0 pongs=2025(+65/s) cancels=0(+0/s) notify=1 disc=1(0x08) | echo rx=0 tx=0 pend=0 stale=0
  38.715  P t=37s rxkBps=0 blkkBps=0 pongs=2091(+66/s) cancels=0(+0/s) notify=1 disc=1(0x08) | echo rx=0 tx=0 pend=0 stale=0
  40.693  P t=38s rxkBps=0 blkkBps=0 pongs=2156(+65/s) cancels=0(+0/s) notify=1 disc=1(0x08) | echo rx=0 tx=0 pend=0 stale=0
  40.693  P t=39s rxkBps=0 blkkBps=0 pongs=2223(+67/s) cancels=0(+0/s) notify=1 disc=1(0x08) | echo rx=0 tx=0 pend=0 stale=0
  42.731  P t=40s rxkBps=0 blkkBps=0 pongs=2289(+66/s) cancels=0(+0/s) notify=1 disc=1(0x08) | echo rx=0 tx=0 pend=0 stale=0
  42.731  P t=41s rxkBps=0 blkkBps=0 pongs=2354(+65/s) cancels=0(+0/s) notify=1 disc=1(0x08) | echo rx=0 tx=0 pend=0 stale=0
  44.730  P t=42s rxkBps=0 blkkBps=0 pongs=2419(+65/s) cancels=0(+0/s) notify=1 disc=1(0x08) | echo rx=0 tx=0 pend=0 stale=0
  44.730  P t=43s rxkBps=0 blkkBps=0 pongs=2485(+66/s) cancels=0(+0/s) notify=1 disc=1(0x08) | echo rx=0 tx=0 pend=0 stale=0
  46.730  P t=44s rxkBps=0 blkkBps=0 pongs=2550(+65/s) cancels=0(+0/s) notify=1 disc=1(0x08) | echo rx=0 tx=0 pend=0 stale=0
  46.730  P t=45s rxkBps=0 blkkBps=0 pongs=2617(+67/s) cancels=0(+0/s) notify=1 disc=1(0x08) | echo rx=0 tx=0 pend=0 stale=0
  48.737  P t=46s rxkBps=0 blkkBps=0 pongs=2682(+65/s) cancels=0(+0/s) notify=1 disc=1(0x08) | echo rx=0 tx=0 pend=0 stale=0
  48.737  P t=47s rxkBps=0 blkkBps=0 pongs=2748(+66/s) cancels=0(+0/s) notify=1 disc=1(0x08) | echo rx=0 tx=0 pend=0 stale=0
  50.734  P t=48s rxkBps=0 blkkBps=0 pongs=2814(+66/s) cancels=0(+0/s) notify=1 disc=1(0x08) | echo rx=0 tx=0 pend=0 stale=0
  50.735  P t=49s rxkBps=0 blkkBps=0 pongs=2880(+66/s) cancels=0(+0/s) notify=1 disc=1(0x08) | echo rx=0 tx=0 pend=0 stale=0
  52.741  P t=50s rxkBps=0 blkkBps=0 pongs=2945(+65/s) cancels=0(+0/s) notify=1 disc=1(0x08) | echo rx=0 tx=0 pend=0 stale=0
  52.741  P t=51s rxkBps=0 blkkBps=0 pongs=3012(+67/s) cancels=0(+0/s) notify=1 disc=1(0x08) | echo rx=0 tx=0 pend=0 stale=0
  54.720  P t=52s rxkBps=0 blkkBps=0 pongs=3077(+65/s) cancels=0(+0/s) notify=1 disc=1(0x08) | echo rx=0 tx=0 pend=0 stale=0
  54.720  P t=53s rxkBps=0 blkkBps=0 pongs=3142(+65/s) cancels=0(+0/s) notify=1 disc=1(0x08) | echo rx=0 tx=0 pend=0 stale=0
  56.684  P t=54s rxkBps=0 blkkBps=0 pongs=3208(+66/s) cancels=0(+0/s) notify=1 disc=1(0x08) | echo rx=0 tx=0 pend=0 stale=0
  56.744  P t=55s rxkBps=0 blkkBps=0 pongs=3272(+64/s) cancels=0(+0/s) notify=1 disc=1(0x08) | echo rx=0 tx=0 pend=0 stale=0
  58.738  P t=56s rxkBps=0 blkkBps=0 pongs=3338(+66/s) cancels=0(+0/s) notify=1 disc=1(0x08) | echo rx=0 tx=0 pend=0 stale=0
  58.738  P t=57s rxkBps=0 blkkBps=0 pongs=3404(+66/s) cancels=0(+0/s) notify=1 disc=1(0x08) | echo rx=0 tx=0 pend=0 stale=0
  60.723  P t=58s rxkBps=0 blkkBps=0 pongs=3470(+66/s) cancels=0(+0/s) notify=1 disc=1(0x08) | echo rx=0 tx=0 pend=0 stale=0
  60.723  P t=59s rxkBps=0 blkkBps=0 pongs=3536(+66/s) cancels=0(+0/s) notify=1 disc=1(0x08) | echo rx=0 tx=0 pend=0 stale=0
  62.721  P t=60s rxkBps=0 blkkBps=0 pongs=3603(+67/s) cancels=0(+0/s) notify=1 disc=1(0x08) | echo rx=0 tx=0 pend=0 stale=0
  62.721  P t=61s rxkBps=0 blkkBps=0 pongs=3669(+66/s) cancels=0(+0/s) notify=1 disc=1(0x08) | echo rx=0 tx=0 pend=0 stale=0
  64.718  P t=62s rxkBps=0 blkkBps=0 pongs=3734(+65/s) cancels=0(+0/s) notify=1 disc=1(0x08) | echo rx=0 tx=0 pend=0 stale=0
  64.719  P t=63s rxkBps=0 blkkBps=0 pongs=3801(+67/s) cancels=0(+0/s) notify=1 disc=1(0x08) | echo rx=0 tx=0 pend=0 stale=0
  66.708  P t=64s rxkBps=0 blkkBps=0 pongs=3865(+64/s) cancels=0(+0/s) notify=1 disc=1(0x08) | echo rx=0 tx=0 pend=0 stale=0
  66.709  P t=65s rxkBps=0 blkkBps=0 pongs=3930(+65/s) cancels=0(+0/s) notify=1 disc=1(0x08) | echo rx=0 tx=0 pend=0 stale=0
  68.730  P t=66s rxkBps=0 blkkBps=24 pongs=3993(+63/s) cancels=0(+0/s) notify=1 disc=1(0x08) | echo rx=0 tx=0 pend=0 stale=0
  68.730  P t=67s rxkBps=0 blkkBps=24 pongs=4055(+62/s) cancels=0(+0/s) notify=1 disc=1(0x08) | echo rx=0 tx=0 pend=0 stale=0
  70.711  P t=68s rxkBps=0 blkkBps=24 pongs=4118(+63/s) cancels=0(+0/s) notify=1 disc=1(0x08) | echo rx=0 tx=0 pend=0 stale=0
  70.711  P t=69s rxkBps=0 blkkBps=24 pongs=4179(+61/s) cancels=0(+0/s) notify=1 disc=1(0x08) | echo rx=0 tx=0 pend=0 stale=0
  72.705  P t=70s rxkBps=0 blkkBps=24 pongs=4241(+62/s) cancels=0(+0/s) notify=1 disc=1(0x08) | echo rx=0 tx=0 pend=0 stale=0
  72.705  P t=71s rxkBps=0 blkkBps=24 pongs=4302(+61/s) cancels=0(+0/s) notify=1 disc=1(0x08) | echo rx=0 tx=0 pend=0 stale=0
  74.738  P t=72s rxkBps=0 blkkBps=24 pongs=4364(+62/s) cancels=0(+0/s) notify=1 disc=1(0x08) | echo rx=0 tx=0 pend=0 stale=0
  74.738  P t=73s rxkBps=0 blkkBps=24 pongs=4424(+60/s) cancels=0(+0/s) notify=1 disc=1(0x08) | echo rx=0 tx=0 pend=0 stale=0
  76.705  P t=74s rxkBps=0 blkkBps=24 pongs=4486(+62/s) cancels=0(+0/s) notify=1 disc=1(0x08) | echo rx=0 tx=0 pend=0 stale=0
  76.705  P t=75s rxkBps=0 blkkBps=24 pongs=4547(+61/s) cancels=0(+0/s) notify=1 disc=1(0x08) | echo rx=0 tx=0 pend=0 stale=0
  78.702  P t=76s rxkBps=0 blkkBps=24 pongs=4608(+61/s) cancels=0(+0/s) notify=1 disc=1(0x08) | echo rx=0 tx=0 pend=0 stale=0
  78.702  P t=77s rxkBps=0 blkkBps=24 pongs=4669(+61/s) cancels=0(+0/s) notify=1 disc=1(0x08) | echo rx=0 tx=0 pend=0 stale=0
  80.705  P t=78s rxkBps=0 blkkBps=24 pongs=4729(+60/s) cancels=0(+0/s) notify=1 disc=1(0x08) | echo rx=0 tx=0 pend=0 stale=0
  80.705  P t=79s rxkBps=0 blkkBps=24 pongs=4791(+62/s) cancels=0(+0/s) notify=1 disc=1(0x08) | echo rx=0 tx=0 pend=0 stale=0
  82.746  P t=80s rxkBps=0 blkkBps=24 pongs=4852(+61/s) cancels=0(+0/s) notify=1 disc=1(0x08) | echo rx=0 tx=0 pend=0 stale=0
  82.746  P t=81s rxkBps=0 blkkBps=24 pongs=4913(+61/s) cancels=0(+0/s) notify=1 disc=1(0x08) | echo rx=0 tx=0 pend=0 stale=0
  84.719  P t=82s rxkBps=0 blkkBps=24 pongs=4974(+61/s) cancels=0(+0/s) notify=1 disc=1(0x08) | echo rx=0 tx=0 pend=0 stale=0
  84.719  P t=83s rxkBps=0 blkkBps=24 pongs=5036(+62/s) cancels=0(+0/s) notify=1 disc=1(0x08) | echo rx=0 tx=0 pend=0 stale=0
  86.715  P t=84s rxkBps=0 blkkBps=24 pongs=5095(+59/s) cancels=0(+0/s) notify=1 disc=1(0x08) | echo rx=0 tx=0 pend=0 stale=0
  86.715  P t=85s rxkBps=0 blkkBps=24 pongs=5157(+62/s) cancels=0(+0/s) notify=1 disc=1(0x08) | echo rx=0 tx=0 pend=0 stale=0
  88.740  P t=86s rxkBps=0 blkkBps=24 pongs=5219(+62/s) cancels=0(+0/s) notify=1 disc=1(0x08) | echo rx=0 tx=0 pend=0 stale=0
  88.740  P t=87s rxkBps=0 blkkBps=24 pongs=5281(+62/s) cancels=0(+0/s) notify=1 disc=1(0x08) | echo rx=0 tx=0 pend=0 stale=0
  90.745  P t=88s rxkBps=0 blkkBps=24 pongs=5344(+63/s) cancels=0(+0/s) notify=1 disc=1(0x08) | echo rx=0 tx=0 pend=0 stale=0
  90.746  P t=89s rxkBps=0 blkkBps=24 pongs=5404(+60/s) cancels=0(+0/s) notify=1 disc=1(0x08) | echo rx=0 tx=0 pend=0 stale=0
  92.726  P t=90s rxkBps=0 blkkBps=24 pongs=5466(+62/s) cancels=0(+0/s) notify=1 disc=1(0x08) | echo rx=0 tx=0 pend=0 stale=0
  92.726  P t=91s rxkBps=0 blkkBps=24 pongs=5528(+62/s) cancels=0(+0/s) notify=1 disc=1(0x08) | echo rx=0 tx=0 pend=0 stale=0
  94.745  P t=92s rxkBps=0 blkkBps=24 pongs=5591(+63/s) cancels=0(+0/s) notify=1 disc=1(0x08) | echo rx=0 tx=0 pend=0 stale=0
  94.746  P t=93s rxkBps=0 blkkBps=24 pongs=5653(+62/s) cancels=0(+0/s) notify=1 disc=1(0x08) | echo rx=0 tx=0 pend=0 stale=0
  96.698  P t=94s rxkBps=0 blkkBps=24 pongs=5714(+61/s) cancels=0(+0/s) notify=1 disc=1(0x08) | echo rx=0 tx=0 pend=0 stale=0
  96.756  P t=95s rxkBps=0 blkkBps=24 pongs=5775(+61/s) cancels=0(+0/s) notify=1 disc=1(0x08) | echo rx=0 tx=0 pend=0 stale=0
  98.695  P t=96s rxkBps=0 blkkBps=24 pongs=5837(+62/s) cancels=0(+0/s) notify=1 disc=1(0x08) | echo rx=0 tx=0 pend=0 stale=0
  98.755  P t=97s rxkBps=0 blkkBps=24 pongs=5898(+61/s) cancels=0(+0/s) notify=1 disc=1(0x08) | echo rx=0 tx=0 pend=0 stale=0
 100.718  P t=98s rxkBps=0 blkkBps=24 pongs=5961(+63/s) cancels=0(+0/s) notify=1 disc=1(0x08) | echo rx=0 tx=0 pend=0 stale=0
 100.718  P t=99s rxkBps=0 blkkBps=24 pongs=6022(+61/s) cancels=0(+0/s) notify=1 disc=1(0x08) | echo rx=0 tx=0 pend=0 stale=0
 102.711  P t=100s rxkBps=0 blkkBps=24 pongs=6084(+62/s) cancels=0(+0/s) notify=1 disc=1(0x08) | echo rx=0 tx=0 pend=0 stale=0
 102.711  P t=101s rxkBps=0 blkkBps=24 pongs=6147(+63/s) cancels=0(+0/s) notify=1 disc=1(0x08) | echo rx=0 tx=0 pend=0 stale=0
 104.725  P t=102s rxkBps=0 blkkBps=24 pongs=6209(+62/s) cancels=0(+0/s) notify=1 disc=1(0x08) | echo rx=0 tx=0 pend=0 stale=0
 104.725  P t=103s rxkBps=0 blkkBps=24 pongs=6271(+62/s) cancels=0(+0/s) notify=1 disc=1(0x08) | echo rx=0 tx=0 pend=0 stale=0
 106.730  P t=104s rxkBps=0 blkkBps=24 pongs=6333(+62/s) cancels=0(+0/s) notify=1 disc=1(0x08) | echo rx=0 tx=0 pend=0 stale=0
 106.730  P t=105s rxkBps=0 blkkBps=24 pongs=6395(+62/s) cancels=0(+0/s) notify=1 disc=1(0x08) | echo rx=0 tx=0 pend=0 stale=0
 108.715  P t=106s rxkBps=0 blkkBps=24 pongs=6457(+62/s) cancels=0(+0/s) notify=1 disc=1(0x08) | echo rx=0 tx=0 pend=0 stale=0
 108.715  P t=107s rxkBps=0 blkkBps=24 pongs=6519(+62/s) cancels=0(+0/s) notify=1 disc=1(0x08) | echo rx=0 tx=0 pend=0 stale=0
 110.730  P t=108s rxkBps=0 blkkBps=24 pongs=6581(+62/s) cancels=0(+0/s) notify=1 disc=1(0x08) | echo rx=0 tx=0 pend=0 stale=0
 110.730  P t=109s rxkBps=0 blkkBps=24 pongs=6644(+63/s) cancels=0(+0/s) notify=1 disc=1(0x08) | echo rx=0 tx=0 pend=0 stale=0
 112.694  P t=110s rxkBps=0 blkkBps=24 pongs=6706(+62/s) cancels=0(+0/s) notify=1 disc=1(0x08) | echo rx=0 tx=0 pend=0 stale=0
 112.750  P t=111s rxkBps=0 blkkBps=24 pongs=6768(+62/s) cancels=0(+0/s) notify=1 disc=1(0x08) | echo rx=0 tx=0 pend=0 stale=0
 114.719  P t=112s rxkBps=0 blkkBps=24 pongs=6828(+60/s) cancels=0(+0/s) notify=1 disc=1(0x08) | echo rx=0 tx=0 pend=0 stale=0
 114.719  P t=113s rxkBps=0 blkkBps=24 pongs=6890(+62/s) cancels=0(+0/s) notify=1 disc=1(0x08) | echo rx=0 tx=0 pend=0 stale=0
 116.698  P t=114s rxkBps=0 blkkBps=24 pongs=6951(+61/s) cancels=0(+0/s) notify=1 disc=1(0x08) | echo rx=0 tx=0 pend=0 stale=0
 116.759  P t=115s rxkBps=0 blkkBps=24 pongs=7013(+62/s) cancels=0(+0/s) notify=1 disc=1(0x08) | echo rx=0 tx=0 pend=0 stale=0
 118.744  P t=116s rxkBps=0 blkkBps=24 pongs=7074(+61/s) cancels=0(+0/s) notify=1 disc=1(0x08) | echo rx=0 tx=0 pend=0 stale=0
 118.744  P t=117s rxkBps=0 blkkBps=24 pongs=7136(+62/s) cancels=0(+0/s) notify=1 disc=1(0x08) | echo rx=0 tx=0 pend=0 stale=0
 120.717  P t=118s rxkBps=0 blkkBps=24 pongs=7199(+63/s) cancels=0(+0/s) notify=1 disc=1(0x08) | echo rx=0 tx=0 pend=0 stale=0
 120.717  P t=119s rxkBps=0 blkkBps=24 pongs=7261(+62/s) cancels=0(+0/s) notify=1 disc=1(0x08) | echo rx=0 tx=0 pend=0 stale=0
 122.737  P t=120s rxkBps=0 blkkBps=24 pongs=7324(+63/s) cancels=0(+0/s) notify=1 disc=1(0x08) | echo rx=0 tx=0 pend=0 stale=0
 122.737  P t=121s rxkBps=0 blkkBps=24 pongs=7385(+61/s) cancels=0(+0/s) notify=1 disc=1(0x08) | echo rx=0 tx=0 pend=0 stale=0
 124.707  P t=122s rxkBps=0 blkkBps=24 pongs=7445(+60/s) cancels=0(+0/s) notify=1 disc=1(0x08) | echo rx=0 tx=0 pend=0 stale=0
 124.707  P t=123s rxkBps=0 blkkBps=24 pongs=7508(+63/s) cancels=0(+0/s) notify=1 disc=1(0x08) | echo rx=0 tx=0 pend=0 stale=0
 126.714  P t=124s rxkBps=0 blkkBps=24 pongs=7571(+63/s) cancels=0(+0/s) notify=1 disc=1(0x08) | echo rx=0 tx=0 pend=0 stale=0
 126.714  P t=125s rxkBps=0 blkkBps=24 pongs=7632(+61/s) cancels=0(+0/s) notify=1 disc=1(0x08) | echo rx=0 tx=0 pend=0 stale=0
 128.698  P t=126s rxkBps=0 blkkBps=49 pongs=7690(+58/s) cancels=0(+0/s) notify=1 disc=1(0x08) | echo rx=0 tx=0 pend=0 stale=0
 128.758  P t=127s rxkBps=0 blkkBps=49 pongs=7748(+58/s) cancels=0(+0/s) notify=1 disc=1(0x08) | echo rx=0 tx=0 pend=0 stale=0
 130.732  P t=128s rxkBps=0 blkkBps=49 pongs=7805(+57/s) cancels=0(+0/s) notify=1 disc=1(0x08) | echo rx=0 tx=0 pend=0 stale=0
 130.732  P t=129s rxkBps=0 blkkBps=49 pongs=7864(+59/s) cancels=0(+0/s) notify=1 disc=1(0x08) | echo rx=0 tx=0 pend=0 stale=0
 132.738  P t=130s rxkBps=0 blkkBps=49 pongs=7921(+57/s) cancels=0(+0/s) notify=1 disc=1(0x08) | echo rx=0 tx=0 pend=0 stale=0
 132.738  P t=131s rxkBps=0 blkkBps=49 pongs=7981(+60/s) cancels=0(+0/s) notify=1 disc=1(0x08) | echo rx=0 tx=0 pend=0 stale=0
 134.709  P t=132s rxkBps=0 blkkBps=49 pongs=8038(+57/s) cancels=0(+0/s) notify=1 disc=1(0x08) | echo rx=0 tx=0 pend=0 stale=0
 134.709  P t=133s rxkBps=0 blkkBps=49 pongs=8096(+58/s) cancels=0(+0/s) notify=1 disc=1(0x08) | echo rx=0 tx=0 pend=0 stale=0
 136.698  P t=134s rxkBps=0 blkkBps=49 pongs=8155(+59/s) cancels=0(+0/s) notify=1 disc=1(0x08) | echo rx=0 tx=0 pend=0 stale=0
 136.750  P t=135s rxkBps=0 blkkBps=49 pongs=8214(+59/s) cancels=0(+0/s) notify=1 disc=1(0x08) | echo rx=0 tx=0 pend=0 stale=0
 138.724  P t=136s rxkBps=0 blkkBps=49 pongs=8271(+57/s) cancels=0(+0/s) notify=1 disc=1(0x08) | echo rx=0 tx=0 pend=0 stale=0
 138.724  P t=137s rxkBps=0 blkkBps=49 pongs=8330(+59/s) cancels=0(+0/s) notify=1 disc=1(0x08) | echo rx=0 tx=0 pend=0 stale=0
 140.695  P t=138s rxkBps=0 blkkBps=49 pongs=8388(+58/s) cancels=0(+0/s) notify=1 disc=1(0x08) | echo rx=0 tx=0 pend=0 stale=0
 140.751  P t=139s rxkBps=0 blkkBps=49 pongs=8444(+56/s) cancels=0(+0/s) notify=1 disc=1(0x08) | echo rx=0 tx=0 pend=0 stale=0
 142.734  P t=140s rxkBps=0 blkkBps=49 pongs=8502(+58/s) cancels=0(+0/s) notify=1 disc=1(0x08) | echo rx=0 tx=0 pend=0 stale=0
 142.734  P t=141s rxkBps=0 blkkBps=49 pongs=8558(+56/s) cancels=0(+0/s) notify=1 disc=1(0x08) | echo rx=0 tx=0 pend=0 stale=0
 144.695  P t=142s rxkBps=0 blkkBps=49 pongs=8612(+54/s) cancels=0(+0/s) notify=1 disc=1(0x08) | echo rx=0 tx=0 pend=0 stale=0
 144.755  P t=143s rxkBps=0 blkkBps=49 pongs=8670(+58/s) cancels=0(+0/s) notify=1 disc=1(0x08) | echo rx=0 tx=0 pend=0 stale=0
 146.726  P t=144s rxkBps=0 blkkBps=49 pongs=8727(+57/s) cancels=0(+0/s) notify=1 disc=1(0x08) | echo rx=0 tx=0 pend=0 stale=0
 146.726  P t=145s rxkBps=0 blkkBps=49 pongs=8784(+57/s) cancels=0(+0/s) notify=1 disc=1(0x08) | echo rx=0 tx=0 pend=0 stale=0
 148.710  P t=146s rxkBps=0 blkkBps=49 pongs=8842(+58/s) cancels=0(+0/s) notify=1 disc=1(0x08) | echo rx=0 tx=0 pend=0 stale=0
 148.710  P t=147s rxkBps=0 blkkBps=49 pongs=8900(+58/s) cancels=0(+0/s) notify=1 disc=1(0x08) | echo rx=0 tx=0 pend=0 stale=0
 150.708  P t=148s rxkBps=0 blkkBps=49 pongs=8957(+57/s) cancels=0(+0/s) notify=1 disc=1(0x08) | echo rx=0 tx=0 pend=0 stale=0
 150.708  P t=149s rxkBps=0 blkkBps=49 pongs=9014(+57/s) cancels=0(+0/s) notify=1 disc=1(0x08) | echo rx=0 tx=0 pend=0 stale=0
 152.727  P t=150s rxkBps=0 blkkBps=49 pongs=9072(+58/s) cancels=0(+0/s) notify=1 disc=1(0x08) | echo rx=0 tx=0 pend=0 stale=0
 152.727  P t=151s rxkBps=0 blkkBps=49 pongs=9129(+57/s) cancels=0(+0/s) notify=1 disc=1(0x08) | echo rx=0 tx=0 pend=0 stale=0
 154.699  P t=152s rxkBps=0 blkkBps=49 pongs=9186(+57/s) cancels=0(+0/s) notify=1 disc=1(0x08) | echo rx=0 tx=0 pend=0 stale=0
 154.751  P t=153s rxkBps=0 blkkBps=49 pongs=9245(+59/s) cancels=0(+0/s) notify=1 disc=1(0x08) | echo rx=0 tx=0 pend=0 stale=0
 156.750  P t=154s rxkBps=0 blkkBps=49 pongs=9302(+57/s) cancels=0(+0/s) notify=1 disc=1(0x08) | echo rx=0 tx=0 pend=0 stale=0
 156.750  P t=155s rxkBps=0 blkkBps=49 pongs=9360(+58/s) cancels=0(+0/s) notify=1 disc=1(0x08) | echo rx=0 tx=0 pend=0 stale=0
 158.701  P t=156s rxkBps=0 blkkBps=49 pongs=9417(+57/s) cancels=0(+0/s) notify=1 disc=1(0x08) | echo rx=0 tx=0 pend=0 stale=0
 158.751  P t=157s rxkBps=0 blkkBps=49 pongs=9475(+58/s) cancels=0(+0/s) notify=1 disc=1(0x08) | echo rx=0 tx=0 pend=0 stale=0
 160.735  P t=158s rxkBps=0 blkkBps=49 pongs=9532(+57/s) cancels=0(+0/s) notify=1 disc=1(0x08) | echo rx=0 tx=0 pend=0 stale=0
 160.735  P t=159s rxkBps=0 blkkBps=49 pongs=9588(+56/s) cancels=0(+0/s) notify=1 disc=1(0x08) | echo rx=0 tx=0 pend=0 stale=0
 162.740  P t=160s rxkBps=0 blkkBps=49 pongs=9646(+58/s) cancels=0(+0/s) notify=1 disc=1(0x08) | echo rx=0 tx=0 pend=0 stale=0
 162.740  P t=161s rxkBps=0 blkkBps=49 pongs=9703(+57/s) cancels=0(+0/s) notify=1 disc=1(0x08) | echo rx=0 tx=0 pend=0 stale=0
 164.699  P t=162s rxkBps=0 blkkBps=49 pongs=9762(+59/s) cancels=0(+0/s) notify=1 disc=1(0x08) | echo rx=0 tx=0 pend=0 stale=0
 164.758  P t=163s rxkBps=0 blkkBps=49 pongs=9819(+57/s) cancels=0(+0/s) notify=1 disc=1(0x08) | echo rx=0 tx=0 pend=0 stale=0
 166.705  P t=164s rxkBps=0 blkkBps=49 pongs=9876(+57/s) cancels=0(+0/s) notify=1 disc=1(0x08) | echo rx=0 tx=0 pend=0 stale=0
 166.766  P t=165s rxkBps=0 blkkBps=49 pongs=9933(+57/s) cancels=0(+0/s) notify=1 disc=1(0x08) | echo rx=0 tx=0 pend=0 stale=0
 168.715  P t=166s rxkBps=0 blkkBps=49 pongs=9990(+57/s) cancels=0(+0/s) notify=1 disc=1(0x08) | echo rx=0 tx=0 pend=0 stale=0
 168.715  P t=167s rxkBps=0 blkkBps=49 pongs=10047(+57/s) cancels=0(+0/s) notify=1 disc=1(0x08) | echo rx=0 tx=0 pend=0 stale=0
 170.740  P t=168s rxkBps=0 blkkBps=49 pongs=10105(+58/s) cancels=0(+0/s) notify=1 disc=1(0x08) | echo rx=0 tx=0 pend=0 stale=0
 170.740  P t=169s rxkBps=0 blkkBps=49 pongs=10162(+57/s) cancels=0(+0/s) notify=1 disc=1(0x08) | echo rx=0 tx=0 pend=0 stale=0
 172.702  P t=170s rxkBps=0 blkkBps=49 pongs=10218(+56/s) cancels=0(+0/s) notify=1 disc=1(0x08) | echo rx=0 tx=0 pend=0 stale=0
 172.758  P t=171s rxkBps=0 blkkBps=49 pongs=10277(+59/s) cancels=0(+0/s) notify=1 disc=1(0x08) | echo rx=0 tx=0 pend=0 stale=0
 174.738  P t=172s rxkBps=0 blkkBps=49 pongs=10332(+55/s) cancels=0(+0/s) notify=1 disc=1(0x08) | echo rx=0 tx=0 pend=0 stale=0
 174.738  P t=173s rxkBps=0 blkkBps=49 pongs=10389(+57/s) cancels=0(+0/s) notify=1 disc=1(0x08) | echo rx=0 tx=0 pend=0 stale=0
 176.710  P t=174s rxkBps=0 blkkBps=49 pongs=10447(+58/s) cancels=0(+0/s) notify=1 disc=1(0x08) | echo rx=0 tx=0 pend=0 stale=0
 176.710  P t=175s rxkBps=0 blkkBps=49 pongs=10503(+56/s) cancels=0(+0/s) notify=1 disc=1(0x08) | echo rx=0 tx=0 pend=0 stale=0
 178.722  P t=176s rxkBps=0 blkkBps=49 pongs=10561(+58/s) cancels=0(+0/s) notify=1 disc=1(0x08) | echo rx=0 tx=0 pend=0 stale=0
 178.723  P t=177s rxkBps=0 blkkBps=49 pongs=10618(+57/s) cancels=0(+0/s) notify=1 disc=1(0x08) | echo rx=0 tx=0 pend=0 stale=0
 180.731  P t=178s rxkBps=0 blkkBps=49 pongs=10676(+58/s) cancels=0(+0/s) notify=1 disc=1(0x08) | echo rx=0 tx=0 pend=0 stale=0
 180.731  P t=179s rxkBps=0 blkkBps=49 pongs=10734(+58/s) cancels=0(+0/s) notify=1 disc=1(0x08) | echo rx=0 tx=0 pend=0 stale=0
 182.755  P t=180s rxkBps=0 blkkBps=49 pongs=10793(+59/s) cancels=0(+0/s) notify=1 disc=1(0x08) | echo rx=0 tx=0 pend=0 stale=0
 182.755  P t=181s rxkBps=0 blkkBps=49 pongs=10850(+57/s) cancels=0(+0/s) notify=1 disc=1(0x08) | echo rx=0 tx=0 pend=0 stale=0
 184.719  P t=182s rxkBps=0 blkkBps=49 pongs=10908(+58/s) cancels=0(+0/s) notify=1 disc=1(0x08) | echo rx=0 tx=0 pend=0 stale=0
 184.719  P t=183s rxkBps=0 blkkBps=49 pongs=10966(+58/s) cancels=0(+0/s) notify=1 disc=1(0x08) | echo rx=0 tx=0 pend=0 stale=0
 186.725  P t=184s rxkBps=0 blkkBps=49 pongs=11024(+58/s) cancels=0(+0/s) notify=1 disc=1(0x08) | echo rx=0 tx=0 pend=0 stale=0
 186.725  P t=185s rxkBps=0 blkkBps=49 pongs=11081(+57/s) cancels=0(+0/s) notify=1 disc=1(0x08) | echo rx=0 tx=0 pend=0 stale=0
 188.719  P t=186s rxkBps=0 blkkBps=74 pongs=11133(+52/s) cancels=0(+0/s) notify=1 disc=1(0x08) | echo rx=0 tx=0 pend=0 stale=0
 188.719  P t=187s rxkBps=0 blkkBps=74 pongs=11187(+54/s) cancels=0(+0/s) notify=1 disc=1(0x08) | echo rx=0 tx=0 pend=0 stale=0
 190.707  P t=188s rxkBps=0 blkkBps=74 pongs=11240(+53/s) cancels=0(+0/s) notify=1 disc=1(0x08) | echo rx=0 tx=0 pend=0 stale=0
 190.767  P t=189s rxkBps=0 blkkBps=74 pongs=11293(+53/s) cancels=0(+0/s) notify=1 disc=1(0x08) | echo rx=0 tx=0 pend=0 stale=0
 192.756  P t=190s rxkBps=0 blkkBps=74 pongs=11347(+54/s) cancels=0(+0/s) notify=1 disc=1(0x08) | echo rx=0 tx=0 pend=0 stale=0
 192.756  P t=191s rxkBps=0 blkkBps=74 pongs=11401(+54/s) cancels=0(+0/s) notify=1 disc=1(0x08) | echo rx=0 tx=0 pend=0 stale=0
 194.746  P t=192s rxkBps=0 blkkBps=74 pongs=11454(+53/s) cancels=0(+0/s) notify=1 disc=1(0x08) | echo rx=0 tx=0 pend=0 stale=0
 194.746  P t=193s rxkBps=0 blkkBps=74 pongs=11506(+52/s) cancels=0(+0/s) notify=1 disc=1(0x08) | echo rx=0 tx=0 pend=0 stale=0
 196.742  P t=194s rxkBps=0 blkkBps=74 pongs=11558(+52/s) cancels=0(+0/s) notify=1 disc=1(0x08) | echo rx=0 tx=0 pend=0 stale=0
 196.742  P t=195s rxkBps=0 blkkBps=74 pongs=11612(+54/s) cancels=0(+0/s) notify=1 disc=1(0x08) | echo rx=0 tx=0 pend=0 stale=0
 198.736  P t=196s rxkBps=0 blkkBps=74 pongs=11666(+54/s) cancels=0(+0/s) notify=1 disc=1(0x08) | echo rx=0 tx=0 pend=0 stale=0
 198.736  P t=197s rxkBps=0 blkkBps=74 pongs=11716(+50/s) cancels=0(+0/s) notify=1 disc=1(0x08) | echo rx=0 tx=0 pend=0 stale=0
 200.705  P t=198s rxkBps=0 blkkBps=74 pongs=11770(+54/s) cancels=0(+0/s) notify=1 disc=1(0x08) | echo rx=0 tx=0 pend=0 stale=0
 200.765  P t=199s rxkBps=0 blkkBps=74 pongs=11824(+54/s) cancels=0(+0/s) notify=1 disc=1(0x08) | echo rx=0 tx=0 pend=0 stale=0
 202.730  P t=200s rxkBps=0 blkkBps=74 pongs=11878(+54/s) cancels=0(+0/s) notify=1 disc=1(0x08) | echo rx=0 tx=0 pend=0 stale=0
 202.730  P t=201s rxkBps=0 blkkBps=74 pongs=11933(+55/s) cancels=0(+0/s) notify=1 disc=1(0x08) | echo rx=0 tx=0 pend=0 stale=0
 204.750  P t=202s rxkBps=0 blkkBps=74 pongs=11988(+55/s) cancels=0(+0/s) notify=1 disc=1(0x08) | echo rx=0 tx=0 pend=0 stale=0
 204.750  P t=203s rxkBps=0 blkkBps=74 pongs=12036(+48/s) cancels=0(+0/s) notify=1 disc=1(0x08) | echo rx=0 tx=0 pend=0 stale=0
 206.730  P t=204s rxkBps=0 blkkBps=74 pongs=12085(+49/s) cancels=0(+0/s) notify=1 disc=1(0x08) | echo rx=0 tx=0 pend=0 stale=0
 206.730  P t=205s rxkBps=0 blkkBps=74 pongs=12139(+54/s) cancels=0(+0/s) notify=1 disc=1(0x08) | echo rx=0 tx=0 pend=0 stale=0
 208.742  P t=206s rxkBps=0 blkkBps=74 pongs=12193(+54/s) cancels=0(+0/s) notify=1 disc=1(0x08) | echo rx=0 tx=0 pend=0 stale=0
 208.743  P t=207s rxkBps=0 blkkBps=74 pongs=12247(+54/s) cancels=0(+0/s) notify=1 disc=1(0x08) | echo rx=0 tx=0 pend=0 stale=0
 210.709  P t=208s rxkBps=0 blkkBps=74 pongs=12299(+52/s) cancels=0(+0/s) notify=1 disc=1(0x08) | echo rx=0 tx=0 pend=0 stale=0
 210.769  P t=209s rxkBps=0 blkkBps=74 pongs=12351(+52/s) cancels=0(+0/s) notify=1 disc=1(0x08) | echo rx=0 tx=0 pend=0 stale=0
 212.738  P t=210s rxkBps=0 blkkBps=74 pongs=12403(+52/s) cancels=0(+0/s) notify=1 disc=1(0x08) | echo rx=0 tx=0 pend=0 stale=0
 212.738  P t=211s rxkBps=0 blkkBps=74 pongs=12458(+55/s) cancels=0(+0/s) notify=1 disc=1(0x08) | echo rx=0 tx=0 pend=0 stale=0
 214.731  P t=212s rxkBps=0 blkkBps=74 pongs=12511(+53/s) cancels=0(+0/s) notify=1 disc=1(0x08) | echo rx=0 tx=0 pend=0 stale=0
 214.731  P t=213s rxkBps=0 blkkBps=74 pongs=12565(+54/s) cancels=0(+0/s) notify=1 disc=1(0x08) | echo rx=0 tx=0 pend=0 stale=0
 216.741  P t=214s rxkBps=0 blkkBps=74 pongs=12618(+53/s) cancels=0(+0/s) notify=1 disc=1(0x08) | echo rx=0 tx=0 pend=0 stale=0
 216.741  P t=215s rxkBps=0 blkkBps=74 pongs=12671(+53/s) cancels=0(+0/s) notify=1 disc=1(0x08) | echo rx=0 tx=0 pend=0 stale=0
 218.705  P t=216s rxkBps=0 blkkBps=74 pongs=12723(+52/s) cancels=0(+0/s) notify=1 disc=1(0x08) | echo rx=0 tx=0 pend=0 stale=0
 218.765  P t=217s rxkBps=0 blkkBps=74 pongs=12777(+54/s) cancels=0(+0/s) notify=1 disc=1(0x08) | echo rx=0 tx=0 pend=0 stale=0
 220.764  P t=218s rxkBps=0 blkkBps=74 pongs=12830(+53/s) cancels=0(+0/s) notify=1 disc=1(0x08) | echo rx=0 tx=0 pend=0 stale=0
 220.764  P t=219s rxkBps=0 blkkBps=74 pongs=12880(+50/s) cancels=0(+0/s) notify=1 disc=1(0x08) | echo rx=0 tx=0 pend=0 stale=0
 222.723  P t=220s rxkBps=0 blkkBps=74 pongs=12933(+53/s) cancels=0(+0/s) notify=1 disc=1(0x08) | echo rx=0 tx=0 pend=0 stale=0
 222.723  P t=221s rxkBps=0 blkkBps=74 pongs=12986(+53/s) cancels=0(+0/s) notify=1 disc=1(0x08) | echo rx=0 tx=0 pend=0 stale=0
 224.720  P t=222s rxkBps=0 blkkBps=74 pongs=13039(+53/s) cancels=0(+0/s) notify=1 disc=1(0x08) | echo rx=0 tx=0 pend=0 stale=0
 224.720  P t=223s rxkBps=0 blkkBps=74 pongs=13092(+53/s) cancels=0(+0/s) notify=1 disc=1(0x08) | echo rx=0 tx=0 pend=0 stale=0
 226.715  P t=224s rxkBps=0 blkkBps=74 pongs=13147(+55/s) cancels=0(+0/s) notify=1 disc=1(0x08) | echo rx=0 tx=0 pend=0 stale=0
 226.775  P t=225s rxkBps=0 blkkBps=74 pongs=13201(+54/s) cancels=0(+0/s) notify=1 disc=1(0x08) | echo rx=0 tx=0 pend=0 stale=0
 228.712  P t=226s rxkBps=0 blkkBps=74 pongs=13256(+55/s) cancels=0(+0/s) notify=1 disc=1(0x08) | echo rx=0 tx=0 pend=0 stale=0
 228.772  P t=227s rxkBps=0 blkkBps=74 pongs=13309(+53/s) cancels=0(+0/s) notify=1 disc=1(0x08) | echo rx=0 tx=0 pend=0 stale=0
 230.715  P t=228s rxkBps=0 blkkBps=74 pongs=13364(+55/s) cancels=0(+0/s) notify=1 disc=1(0x08) | echo rx=0 tx=0 pend=0 stale=0
 230.770  P t=229s rxkBps=0 blkkBps=74 pongs=13415(+51/s) cancels=0(+0/s) notify=1 disc=1(0x08) | echo rx=0 tx=0 pend=0 stale=0
 232.718  P t=230s rxkBps=0 blkkBps=74 pongs=13466(+51/s) cancels=0(+0/s) notify=1 disc=1(0x08) | echo rx=0 tx=0 pend=0 stale=0
 232.719  P t=231s rxkBps=0 blkkBps=74 pongs=13521(+55/s) cancels=0(+0/s) notify=1 disc=1(0x08) | echo rx=0 tx=0 pend=0 stale=0
 234.712  P t=232s rxkBps=0 blkkBps=74 pongs=13572(+51/s) cancels=0(+0/s) notify=1 disc=1(0x08) | echo rx=0 tx=0 pend=0 stale=0
 234.772  P t=233s rxkBps=0 blkkBps=74 pongs=13626(+54/s) cancels=0(+0/s) notify=1 disc=1(0x08) | echo rx=0 tx=0 pend=0 stale=0
 236.713  P t=234s rxkBps=0 blkkBps=74 pongs=13681(+55/s) cancels=0(+0/s) notify=1 disc=1(0x08) | echo rx=0 tx=0 pend=0 stale=0
 236.770  P t=235s rxkBps=0 blkkBps=74 pongs=13734(+53/s) cancels=0(+0/s) notify=1 disc=1(0x08) | echo rx=0 tx=0 pend=0 stale=0
 238.762  P t=236s rxkBps=0 blkkBps=74 pongs=13789(+55/s) cancels=0(+0/s) notify=1 disc=1(0x08) | echo rx=0 tx=0 pend=0 stale=0
 238.762  P t=237s rxkBps=0 blkkBps=74 pongs=13843(+54/s) cancels=0(+0/s) notify=1 disc=1(0x08) | echo rx=0 tx=0 pend=0 stale=0
 240.751  P t=238s rxkBps=0 blkkBps=74 pongs=13896(+53/s) cancels=0(+0/s) notify=1 disc=1(0x08) | echo rx=0 tx=0 pend=0 stale=0
 240.751  P t=239s rxkBps=0 blkkBps=74 pongs=13951(+55/s) cancels=0(+0/s) notify=1 disc=1(0x08) | echo rx=0 tx=0 pend=0 stale=0
 242.730  P t=240s rxkBps=0 blkkBps=74 pongs=14001(+50/s) cancels=0(+0/s) notify=1 disc=1(0x08) | echo rx=0 tx=0 pend=0 stale=0
 242.730  P t=241s rxkBps=0 blkkBps=74 pongs=14049(+48/s) cancels=0(+0/s) notify=1 disc=1(0x08) | echo rx=0 tx=0 pend=0 stale=0
 244.748  P t=242s rxkBps=0 blkkBps=74 pongs=14095(+46/s) cancels=0(+0/s) notify=1 disc=1(0x08) | echo rx=0 tx=0 pend=0 stale=0
 244.748  P t=243s rxkBps=0 blkkBps=74 pongs=14147(+52/s) cancels=0(+0/s) notify=1 disc=1(0x08) | echo rx=0 tx=0 pend=0 stale=0
 246.724  P t=244s rxkBps=0 blkkBps=74 pongs=14202(+55/s) cancels=0(+0/s) notify=1 disc=1(0x08) | echo rx=0 tx=0 pend=0 stale=0
 246.724  P t=245s rxkBps=0 blkkBps=74 pongs=14255(+53/s) cancels=0(+0/s) notify=1 disc=1(0x08) | echo rx=0 tx=0 pend=0 stale=0
 248.719  P t=246s rxkBps=0 blkkBps=99 pongs=14303(+48/s) cancels=0(+0/s) notify=1 disc=1(0x08) | echo rx=0 tx=0 pend=0 stale=0
 248.719  P t=247s rxkBps=0 blkkBps=99 pongs=14350(+47/s) cancels=0(+0/s) notify=1 disc=1(0x08) | echo rx=0 tx=0 pend=0 stale=0
 250.716  P t=248s rxkBps=0 blkkBps=99 pongs=14401(+51/s) cancels=0(+0/s) notify=1 disc=1(0x08) | echo rx=0 tx=0 pend=0 stale=0
 250.776  P t=249s rxkBps=0 blkkBps=99 pongs=14451(+50/s) cancels=0(+0/s) notify=1 disc=1(0x08) | echo rx=0 tx=0 pend=0 stale=0
 252.759  P t=250s rxkBps=0 blkkBps=99 pongs=14500(+49/s) cancels=0(+0/s) notify=1 disc=1(0x08) | echo rx=0 tx=0 pend=0 stale=0
 252.759  P t=251s rxkBps=0 blkkBps=99 pongs=14550(+50/s) cancels=0(+0/s) notify=1 disc=1(0x08) | echo rx=0 tx=0 pend=0 stale=0
 254.720  P t=252s rxkBps=0 blkkBps=99 pongs=14598(+48/s) cancels=0(+0/s) notify=1 disc=1(0x08) | echo rx=0 tx=0 pend=0 stale=0
 254.720  P t=253s rxkBps=0 blkkBps=99 pongs=14648(+50/s) cancels=0(+0/s) notify=1 disc=1(0x08) | echo rx=0 tx=0 pend=0 stale=0
 256.746  P t=254s rxkBps=0 blkkBps=99 pongs=14698(+50/s) cancels=0(+0/s) notify=1 disc=1(0x08) | echo rx=0 tx=0 pend=0 stale=0
 256.746  P t=255s rxkBps=0 blkkBps=99 pongs=14747(+49/s) cancels=0(+0/s) notify=1 disc=1(0x08) | echo rx=0 tx=0 pend=0 stale=0
 258.749  P t=256s rxkBps=0 blkkBps=99 pongs=14798(+51/s) cancels=0(+0/s) notify=1 disc=1(0x08) | echo rx=0 tx=0 pend=0 stale=0
 258.749  P t=257s rxkBps=0 blkkBps=99 pongs=14846(+48/s) cancels=0(+0/s) notify=1 disc=1(0x08) | echo rx=0 tx=0 pend=0 stale=0
 260.730  P t=258s rxkBps=0 blkkBps=99 pongs=14896(+50/s) cancels=0(+0/s) notify=1 disc=1(0x08) | echo rx=0 tx=0 pend=0 stale=0
 260.730  P t=259s rxkBps=0 blkkBps=99 pongs=14943(+47/s) cancels=0(+0/s) notify=1 disc=1(0x08) | echo rx=0 tx=0 pend=0 stale=0
 262.734  P t=260s rxkBps=0 blkkBps=99 pongs=14993(+50/s) cancels=0(+0/s) notify=1 disc=1(0x08) | echo rx=0 tx=0 pend=0 stale=0
 262.734  P t=261s rxkBps=0 blkkBps=99 pongs=15044(+51/s) cancels=0(+0/s) notify=1 disc=1(0x08) | echo rx=0 tx=0 pend=0 stale=0
 264.715  P t=262s rxkBps=0 blkkBps=99 pongs=15092(+48/s) cancels=0(+0/s) notify=1 disc=1(0x08) | echo rx=0 tx=0 pend=0 stale=0
 264.776  P t=263s rxkBps=0 blkkBps=99 pongs=15143(+51/s) cancels=0(+0/s) notify=1 disc=1(0x08) | echo rx=0 tx=0 pend=0 stale=0
 266.719  P t=264s rxkBps=0 blkkBps=99 pongs=15191(+48/s) cancels=0(+0/s) notify=1 disc=1(0x08) | echo rx=0 tx=0 pend=0 stale=0
 266.779  P t=265s rxkBps=0 blkkBps=99 pongs=15241(+50/s) cancels=0(+0/s) notify=1 disc=1(0x08) | echo rx=0 tx=0 pend=0 stale=0
 268.751  P t=266s rxkBps=0 blkkBps=99 pongs=15289(+48/s) cancels=0(+0/s) notify=1 disc=1(0x08) | echo rx=0 tx=0 pend=0 stale=0
 268.751  P t=267s rxkBps=0 blkkBps=99 pongs=15337(+48/s) cancels=0(+0/s) notify=1 disc=1(0x08) | echo rx=0 tx=0 pend=0 stale=0
 270.742  P t=268s rxkBps=0 blkkBps=99 pongs=15389(+52/s) cancels=0(+0/s) notify=1 disc=1(0x08) | echo rx=0 tx=0 pend=0 stale=0
 270.743  P t=269s rxkBps=0 blkkBps=99 pongs=15440(+51/s) cancels=0(+0/s) notify=1 disc=1(0x08) | echo rx=0 tx=0 pend=0 stale=0
 272.743  P t=270s rxkBps=0 blkkBps=99 pongs=15490(+50/s) cancels=0(+0/s) notify=1 disc=1(0x08) | echo rx=0 tx=0 pend=0 stale=0
 272.743  P t=271s rxkBps=0 blkkBps=99 pongs=15541(+51/s) cancels=0(+0/s) notify=1 disc=1(0x08) | echo rx=0 tx=0 pend=0 stale=0
 274.754  P t=272s rxkBps=0 blkkBps=99 pongs=15590(+49/s) cancels=0(+0/s) notify=1 disc=1(0x08) | echo rx=0 tx=0 pend=0 stale=0
 274.754  P t=273s rxkBps=0 blkkBps=99 pongs=15639(+49/s) cancels=0(+0/s) notify=1 disc=1(0x08) | echo rx=0 tx=0 pend=0 stale=0
 276.756  P t=274s rxkBps=0 blkkBps=99 pongs=15689(+50/s) cancels=0(+0/s) notify=1 disc=1(0x08) | echo rx=0 tx=0 pend=0 stale=0
 276.756  P t=275s rxkBps=0 blkkBps=99 pongs=15739(+50/s) cancels=0(+0/s) notify=1 disc=1(0x08) | echo rx=0 tx=0 pend=0 stale=0
 278.746  P t=276s rxkBps=0 blkkBps=99 pongs=15787(+48/s) cancels=0(+0/s) notify=1 disc=1(0x08) | echo rx=0 tx=0 pend=0 stale=0
 278.746  P t=277s rxkBps=0 blkkBps=99 pongs=15834(+47/s) cancels=0(+0/s) notify=1 disc=1(0x08) | echo rx=0 tx=0 pend=0 stale=0
 280.715  P t=278s rxkBps=0 blkkBps=99 pongs=15882(+48/s) cancels=0(+0/s) notify=1 disc=1(0x08) | echo rx=0 tx=0 pend=0 stale=0
 280.775  P t=279s rxkBps=0 blkkBps=99 pongs=15931(+49/s) cancels=0(+0/s) notify=1 disc=1(0x08) | echo rx=0 tx=0 pend=0 stale=0
 282.767  P t=280s rxkBps=0 blkkBps=99 pongs=15979(+48/s) cancels=0(+0/s) notify=1 disc=1(0x08) | echo rx=0 tx=0 pend=0 stale=0
 282.767  P t=281s rxkBps=0 blkkBps=99 pongs=16027(+48/s) cancels=0(+0/s) notify=1 disc=1(0x08) | echo rx=0 tx=0 pend=0 stale=0
 284.745  P t=282s rxkBps=0 blkkBps=99 pongs=16075(+48/s) cancels=0(+0/s) notify=1 disc=1(0x08) | echo rx=0 tx=0 pend=0 stale=0
 284.745  P t=283s rxkBps=0 blkkBps=99 pongs=16122(+47/s) cancels=0(+0/s) notify=1 disc=1(0x08) | echo rx=0 tx=0 pend=0 stale=0
 286.742  P t=284s rxkBps=0 blkkBps=99 pongs=16172(+50/s) cancels=0(+0/s) notify=1 disc=1(0x08) | echo rx=0 tx=0 pend=0 stale=0
 286.742  P t=285s rxkBps=0 blkkBps=99 pongs=16220(+48/s) cancels=0(+0/s) notify=1 disc=1(0x08) | echo rx=0 tx=0 pend=0 stale=0
 288.739  P t=286s rxkBps=0 blkkBps=99 pongs=16270(+50/s) cancels=0(+0/s) notify=1 disc=1(0x08) | echo rx=0 tx=0 pend=0 stale=0
 288.740  P t=287s rxkBps=0 blkkBps=99 pongs=16318(+48/s) cancels=0(+0/s) notify=1 disc=1(0x08) | echo rx=0 tx=0 pend=0 stale=0
 290.719  P t=288s rxkBps=0 blkkBps=99 pongs=16368(+50/s) cancels=0(+0/s) notify=1 disc=1(0x08) | echo rx=0 tx=0 pend=0 stale=0
 290.779  P t=289s rxkBps=0 blkkBps=99 pongs=16416(+48/s) cancels=0(+0/s) notify=1 disc=1(0x08) | echo rx=0 tx=0 pend=0 stale=0
 292.725  P t=290s rxkBps=0 blkkBps=99 pongs=16467(+51/s) cancels=0(+0/s) notify=1 disc=1(0x08) | echo rx=0 tx=0 pend=0 stale=0
 292.725  P t=291s rxkBps=0 blkkBps=99 pongs=16516(+49/s) cancels=0(+0/s) notify=1 disc=1(0x08) | echo rx=0 tx=0 pend=0 stale=0
 294.731  P t=292s rxkBps=0 blkkBps=99 pongs=16565(+49/s) cancels=0(+0/s) notify=1 disc=1(0x08) | echo rx=0 tx=0 pend=0 stale=0
 294.731  P t=293s rxkBps=0 blkkBps=99 pongs=16613(+48/s) cancels=0(+0/s) notify=1 disc=1(0x08) | echo rx=0 tx=0 pend=0 stale=0
 296.770  P t=294s rxkBps=0 blkkBps=99 pongs=16662(+49/s) cancels=0(+0/s) notify=1 disc=1(0x08) | echo rx=0 tx=0 pend=0 stale=0
 296.771  P t=295s rxkBps=0 blkkBps=99 pongs=16712(+50/s) cancels=0(+0/s) notify=1 disc=1(0x08) | echo rx=0 tx=0 pend=0 stale=0
 298.735  P t=296s rxkBps=0 blkkBps=99 pongs=16759(+47/s) cancels=0(+0/s) notify=1 disc=1(0x08) | echo rx=0 tx=0 pend=0 stale=0
 298.735  P t=297s rxkBps=0 blkkBps=99 pongs=16808(+49/s) cancels=0(+0/s) notify=1 disc=1(0x08) | echo rx=0 tx=0 pend=0 stale=0
 300.766  P t=298s rxkBps=0 blkkBps=99 pongs=16857(+49/s) cancels=0(+0/s) notify=1 disc=1(0x08) | echo rx=0 tx=0 pend=0 stale=0
 300.766  P t=299s rxkBps=0 blkkBps=99 pongs=16904(+47/s) cancels=0(+0/s) notify=1 disc=1(0x08) | echo rx=0 tx=0 pend=0 stale=0
 302.740  P t=300s rxkBps=0 blkkBps=99 pongs=16955(+51/s) cancels=0(+0/s) notify=1 disc=1(0x08) | echo rx=0 tx=0 pend=0 stale=0
 302.740  P t=301s rxkBps=0 blkkBps=99 pongs=17003(+48/s) cancels=0(+0/s) notify=1 disc=1(0x08) | echo rx=0 tx=0 pend=0 stale=0
 304.715  P t=302s rxkBps=0 blkkBps=99 pongs=17053(+50/s) cancels=0(+0/s) notify=1 disc=1(0x08) | echo rx=0 tx=0 pend=0 stale=0
 304.770  P t=303s rxkBps=0 blkkBps=99 pongs=17102(+49/s) cancels=0(+0/s) notify=1 disc=1(0x08) | echo rx=0 tx=0 pend=0 stale=0
 306.720  P t=304s rxkBps=0 blkkBps=99 pongs=17151(+49/s) cancels=0(+0/s) notify=1 disc=1(0x08) | echo rx=0 tx=0 pend=0 stale=0
 306.780  P t=305s rxkBps=0 blkkBps=99 pongs=17198(+47/s) cancels=0(+0/s) notify=1 disc=1(0x08) | echo rx=0 tx=0 pend=0 stale=0
 308.724  P t=306s rxkBps=0 blkkBps=124 pongs=17242(+44/s) cancels=0(+0/s) notify=1 disc=1(0x08) | echo rx=0 tx=0 pend=0 stale=0
 308.784  P t=307s rxkBps=0 blkkBps=124 pongs=17288(+46/s) cancels=0(+0/s) notify=1 disc=1(0x08) | echo rx=0 tx=0 pend=0 stale=0
 310.715  P t=308s rxkBps=0 blkkBps=124 pongs=17333(+45/s) cancels=0(+0/s) notify=1 disc=1(0x08) | echo rx=0 tx=0 pend=0 stale=0
 310.776  P t=309s rxkBps=0 blkkBps=124 pongs=17381(+48/s) cancels=0(+0/s) notify=1 disc=1(0x08) | echo rx=0 tx=0 pend=0 stale=0
 312.739  P t=310s rxkBps=0 blkkBps=124 pongs=17426(+45/s) cancels=0(+0/s) notify=1 disc=1(0x08) | echo rx=0 tx=0 pend=0 stale=0
 312.739  P t=311s rxkBps=0 blkkBps=124 pongs=17471(+45/s) cancels=0(+0/s) notify=1 disc=1(0x08) | echo rx=0 tx=0 pend=0 stale=0
 314.755  P t=312s rxkBps=0 blkkBps=124 pongs=17517(+46/s) cancels=0(+0/s) notify=1 disc=1(0x08) | echo rx=0 tx=0 pend=0 stale=0
 314.756  P t=313s rxkBps=0 blkkBps=124 pongs=17562(+45/s) cancels=0(+0/s) notify=1 disc=1(0x08) | echo rx=0 tx=0 pend=0 stale=0
 316.753  P t=314s rxkBps=0 blkkBps=124 pongs=17608(+46/s) cancels=0(+0/s) notify=1 disc=1(0x08) | echo rx=0 tx=0 pend=0 stale=0
 316.753  P t=315s rxkBps=0 blkkBps=124 pongs=17654(+46/s) cancels=0(+0/s) notify=1 disc=1(0x08) | echo rx=0 tx=0 pend=0 stale=0
 318.746  P t=316s rxkBps=0 blkkBps=124 pongs=17698(+44/s) cancels=0(+0/s) notify=1 disc=1(0x08) | echo rx=0 tx=0 pend=0 stale=0
 318.746  P t=317s rxkBps=0 blkkBps=124 pongs=17745(+47/s) cancels=0(+0/s) notify=1 disc=1(0x08) | echo rx=0 tx=0 pend=0 stale=0
 320.736  P t=318s rxkBps=0 blkkBps=124 pongs=17787(+42/s) cancels=0(+0/s) notify=1 disc=1(0x08) | echo rx=0 tx=0 pend=0 stale=0
 320.736  P t=319s rxkBps=0 blkkBps=124 pongs=17831(+44/s) cancels=0(+0/s) notify=1 disc=1(0x08) | echo rx=0 tx=0 pend=0 stale=0
 322.720  P t=320s rxkBps=0 blkkBps=124 pongs=17877(+46/s) cancels=0(+0/s) notify=1 disc=1(0x08) | echo rx=0 tx=0 pend=0 stale=0
 322.780  P t=321s rxkBps=0 blkkBps=124 pongs=17923(+46/s) cancels=0(+0/s) notify=1 disc=1(0x08) | echo rx=0 tx=0 pend=0 stale=0
 324.736  P t=322s rxkBps=0 blkkBps=124 pongs=17970(+47/s) cancels=0(+0/s) notify=1 disc=1(0x08) | echo rx=0 tx=0 pend=0 stale=0
 324.737  P t=323s rxkBps=0 blkkBps=124 pongs=18016(+46/s) cancels=0(+0/s) notify=1 disc=1(0x08) | echo rx=0 tx=0 pend=0 stale=0
 326.736  P t=324s rxkBps=0 blkkBps=124 pongs=18058(+42/s) cancels=0(+0/s) notify=1 disc=1(0x08) | echo rx=0 tx=0 pend=0 stale=0
 326.736  P t=325s rxkBps=0 blkkBps=124 pongs=18104(+46/s) cancels=0(+0/s) notify=1 disc=1(0x08) | echo rx=0 tx=0 pend=0 stale=0
 328.752  P t=326s rxkBps=0 blkkBps=124 pongs=18148(+44/s) cancels=0(+0/s) notify=1 disc=1(0x08) | echo rx=0 tx=0 pend=0 stale=0
 328.752  P t=327s rxkBps=0 blkkBps=124 pongs=18192(+44/s) cancels=0(+0/s) notify=1 disc=1(0x08) | echo rx=0 tx=0 pend=0 stale=0
 330.723  P t=328s rxkBps=0 blkkBps=124 pongs=18238(+46/s) cancels=0(+0/s) notify=1 disc=1(0x08) | echo rx=0 tx=0 pend=0 stale=0
 330.783  P t=329s rxkBps=0 blkkBps=124 pongs=18281(+43/s) cancels=0(+0/s) notify=1 disc=1(0x08) | echo rx=0 tx=0 pend=0 stale=0
 332.729  P t=330s rxkBps=0 blkkBps=124 pongs=18326(+45/s) cancels=0(+0/s) notify=1 disc=1(0x08) | echo rx=0 tx=0 pend=0 stale=0
 332.729  P t=331s rxkBps=0 blkkBps=124 pongs=18372(+46/s) cancels=0(+0/s) notify=1 disc=1(0x08) | echo rx=0 tx=0 pend=0 stale=0
 334.751  P t=332s rxkBps=0 blkkBps=124 pongs=18417(+45/s) cancels=0(+0/s) notify=1 disc=1(0x08) | echo rx=0 tx=0 pend=0 stale=0
 334.751  P t=333s rxkBps=0 blkkBps=124 pongs=18462(+45/s) cancels=0(+0/s) notify=1 disc=1(0x08) | echo rx=0 tx=0 pend=0 stale=0
 336.729  P t=334s rxkBps=0 blkkBps=124 pongs=18507(+45/s) cancels=0(+0/s) notify=1 disc=1(0x08) | echo rx=0 tx=0 pend=0 stale=0
 336.789  P t=335s rxkBps=0 blkkBps=124 pongs=18552(+45/s) cancels=0(+0/s) notify=1 disc=1(0x08) | echo rx=0 tx=0 pend=0 stale=0
 338.734  P t=336s rxkBps=0 blkkBps=124 pongs=18596(+44/s) cancels=0(+0/s) notify=1 disc=1(0x08) | echo rx=0 tx=0 pend=0 stale=0
 338.734  P t=337s rxkBps=0 blkkBps=123 pongs=18638(+42/s) cancels=0(+0/s) notify=1 disc=1(0x08) | echo rx=0 tx=0 pend=0 stale=0
 340.732  P t=338s rxkBps=0 blkkBps=126 pongs=18683(+45/s) cancels=0(+0/s) notify=1 disc=1(0x08) | echo rx=0 tx=0 pend=0 stale=0
 340.732  P t=339s rxkBps=0 blkkBps=124 pongs=18729(+46/s) cancels=0(+0/s) notify=1 disc=1(0x08) | echo rx=0 tx=0 pend=0 stale=0
 342.768  P t=340s rxkBps=0 blkkBps=124 pongs=18774(+45/s) cancels=0(+0/s) notify=1 disc=1(0x08) | echo rx=0 tx=0 pend=0 stale=0
 342.768  P t=341s rxkBps=0 blkkBps=124 pongs=18820(+46/s) cancels=0(+0/s) notify=1 disc=1(0x08) | echo rx=0 tx=0 pend=0 stale=0
 344.762  P t=342s rxkBps=0 blkkBps=124 pongs=18865(+45/s) cancels=0(+0/s) notify=1 disc=1(0x08) | echo rx=0 tx=0 pend=0 stale=0
 344.762  P t=343s rxkBps=0 blkkBps=124 pongs=18910(+45/s) cancels=0(+0/s) notify=1 disc=1(0x08) | echo rx=0 tx=0 pend=0 stale=0
 346.767  P t=344s rxkBps=0 blkkBps=124 pongs=18957(+47/s) cancels=0(+0/s) notify=1 disc=1(0x08) | echo rx=0 tx=0 pend=0 stale=0
 346.767  P t=345s rxkBps=0 blkkBps=124 pongs=19003(+46/s) cancels=0(+0/s) notify=1 disc=1(0x08) | echo rx=0 tx=0 pend=0 stale=0
 348.732  P t=346s rxkBps=0 blkkBps=124 pongs=19049(+46/s) cancels=0(+0/s) notify=1 disc=1(0x08) | echo rx=0 tx=0 pend=0 stale=0
 348.732  P t=347s rxkBps=0 blkkBps=124 pongs=19094(+45/s) cancels=0(+0/s) notify=1 disc=1(0x08) | echo rx=0 tx=0 pend=0 stale=0
 350.769  P t=348s rxkBps=0 blkkBps=124 pongs=19140(+46/s) cancels=0(+0/s) notify=1 disc=1(0x08) | echo rx=0 tx=0 pend=0 stale=0
 350.769  P t=349s rxkBps=0 blkkBps=124 pongs=19184(+44/s) cancels=0(+0/s) notify=1 disc=1(0x08) | echo rx=0 tx=0 pend=0 stale=0
 352.731  P t=350s rxkBps=0 blkkBps=124 pongs=19228(+44/s) cancels=0(+0/s) notify=1 disc=1(0x08) | echo rx=0 tx=0 pend=0 stale=0
 352.792  P t=351s rxkBps=0 blkkBps=124 pongs=19274(+46/s) cancels=0(+0/s) notify=1 disc=1(0x08) | echo rx=0 tx=0 pend=0 stale=0
 354.725  P t=352s rxkBps=0 blkkBps=124 pongs=19318(+44/s) cancels=0(+0/s) notify=1 disc=1(0x08) | echo rx=0 tx=0 pend=0 stale=0
 354.785  P t=353s rxkBps=0 blkkBps=124 pongs=19363(+45/s) cancels=0(+0/s) notify=1 disc=1(0x08) | echo rx=0 tx=0 pend=0 stale=0
 356.724  P t=354s rxkBps=0 blkkBps=124 pongs=19408(+45/s) cancels=0(+0/s) notify=1 disc=1(0x08) | echo rx=0 tx=0 pend=0 stale=0
 356.784  P t=355s rxkBps=0 blkkBps=124 pongs=19454(+46/s) cancels=0(+0/s) notify=1 disc=1(0x08) | echo rx=0 tx=0 pend=0 stale=0
 358.750  P t=356s rxkBps=0 blkkBps=124 pongs=19499(+45/s) cancels=0(+0/s) notify=1 disc=1(0x08) | echo rx=0 tx=0 pend=0 stale=0
 358.750  P t=357s rxkBps=0 blkkBps=124 pongs=19543(+44/s) cancels=0(+0/s) notify=1 disc=1(0x08) | echo rx=0 tx=0 pend=0 stale=0
 360.733  P t=358s rxkBps=0 blkkBps=124 pongs=19589(+46/s) cancels=0(+0/s) notify=1 disc=1(0x08) | echo rx=0 tx=0 pend=0 stale=0
 360.733  P t=359s rxkBps=0 blkkBps=124 pongs=19634(+45/s) cancels=0(+0/s) notify=1 disc=1(0x08) | echo rx=0 tx=0 pend=0 stale=0
 362.751  P t=360s rxkBps=0 blkkBps=124 pongs=19679(+45/s) cancels=0(+0/s) notify=1 disc=1(0x08) | echo rx=0 tx=0 pend=0 stale=0
 362.751  P t=361s rxkBps=0 blkkBps=124 pongs=19725(+46/s) cancels=0(+0/s) notify=1 disc=1(0x08) | echo rx=0 tx=0 pend=0 stale=0
 364.766  P t=362s rxkBps=0 blkkBps=124 pongs=19772(+47/s) cancels=0(+0/s) notify=1 disc=1(0x08) | echo rx=0 tx=0 pend=0 stale=0
 364.766  P t=363s rxkBps=0 blkkBps=124 pongs=19818(+46/s) cancels=0(+0/s) notify=1 disc=1(0x08) | echo rx=0 tx=0 pend=0 stale=0
 366.731  P t=364s rxkBps=0 blkkBps=124 pongs=19865(+47/s) cancels=0(+0/s) notify=1 disc=1(0x08) | echo rx=0 tx=0 pend=0 stale=0
 366.791  P t=365s rxkBps=0 blkkBps=124 pongs=19911(+46/s) cancels=0(+0/s) notify=1 disc=1(0x08) | echo rx=0 tx=0 pend=0 stale=0
 368.751  P t=366s rxkBps=0 blkkBps=130 pongs=19955(+44/s) cancels=0(+0/s) notify=1 disc=1(0x08) | echo rx=0 tx=0 pend=0 stale=0
 368.751  P t=367s rxkBps=0 blkkBps=135 pongs=19996(+41/s) cancels=0(+0/s) notify=1 disc=1(0x08) | echo rx=0 tx=0 pend=0 stale=0
 370.740  P t=368s rxkBps=0 blkkBps=139 pongs=20039(+43/s) cancels=0(+0/s) notify=1 disc=1(0x08) | echo rx=0 tx=0 pend=0 stale=0
 370.740  P t=369s rxkBps=0 blkkBps=136 pongs=20081(+42/s) cancels=0(+0/s) notify=1 disc=1(0x08) | echo rx=0 tx=0 pend=0 stale=0
 372.767  P t=370s rxkBps=0 blkkBps=137 pongs=20123(+42/s) cancels=0(+0/s) notify=1 disc=1(0x08) | echo rx=0 tx=0 pend=0 stale=0
 372.767  P t=371s rxkBps=0 blkkBps=139 pongs=20165(+42/s) cancels=0(+0/s) notify=1 disc=1(0x08) | echo rx=0 tx=0 pend=0 stale=0
 374.756  P t=372s rxkBps=0 blkkBps=142 pongs=20208(+43/s) cancels=0(+0/s) notify=1 disc=1(0x08) | echo rx=0 tx=0 pend=0 stale=0
 374.756  P t=373s rxkBps=0 blkkBps=137 pongs=20250(+42/s) cancels=0(+0/s) notify=1 disc=1(0x08) | echo rx=0 tx=0 pend=0 stale=0
 376.780  P t=374s rxkBps=0 blkkBps=139 pongs=20294(+44/s) cancels=0(+0/s) notify=1 disc=1(0x08) | echo rx=0 tx=0 pend=0 stale=0
 376.780  P t=375s rxkBps=0 blkkBps=139 pongs=20336(+42/s) cancels=0(+0/s) notify=1 disc=1(0x08) | echo rx=0 tx=0 pend=0 stale=0
 378.771  P t=376s rxkBps=0 blkkBps=141 pongs=20379(+43/s) cancels=0(+0/s) notify=1 disc=1(0x08) | echo rx=0 tx=0 pend=0 stale=0
 378.771  P t=377s rxkBps=0 blkkBps=139 pongs=20422(+43/s) cancels=0(+0/s) notify=1 disc=1(0x08) | echo rx=0 tx=0 pend=0 stale=0
 380.755  P t=378s rxkBps=0 blkkBps=140 pongs=20465(+43/s) cancels=0(+0/s) notify=1 disc=1(0x08) | echo rx=0 tx=0 pend=0 stale=0
 380.756  P t=379s rxkBps=0 blkkBps=137 pongs=20506(+41/s) cancels=0(+0/s) notify=1 disc=1(0x08) | echo rx=0 tx=0 pend=0 stale=0
 382.743  P t=380s rxkBps=0 blkkBps=136 pongs=20549(+43/s) cancels=0(+0/s) notify=1 disc=1(0x08) | echo rx=0 tx=0 pend=0 stale=0
 382.743  P t=381s rxkBps=0 blkkBps=139 pongs=20591(+42/s) cancels=0(+0/s) notify=1 disc=1(0x08) | echo rx=0 tx=0 pend=0 stale=0
 384.771  P t=382s rxkBps=0 blkkBps=134 pongs=20633(+42/s) cancels=0(+0/s) notify=1 disc=1(0x08) | echo rx=0 tx=0 pend=0 stale=0
 384.771  P t=383s rxkBps=0 blkkBps=143 pongs=20676(+43/s) cancels=0(+0/s) notify=1 disc=1(0x08) | echo rx=0 tx=0 pend=0 stale=0
 386.770  P t=384s rxkBps=0 blkkBps=138 pongs=20719(+43/s) cancels=0(+0/s) notify=1 disc=1(0x08) | echo rx=0 tx=0 pend=0 stale=0
 386.770  P t=385s rxkBps=0 blkkBps=137 pongs=20761(+42/s) cancels=0(+0/s) notify=1 disc=1(0x08) | echo rx=0 tx=0 pend=0 stale=0
 388.766  P t=386s rxkBps=0 blkkBps=137 pongs=20803(+42/s) cancels=0(+0/s) notify=1 disc=1(0x08) | echo rx=0 tx=0 pend=0 stale=0
 388.766  P t=387s rxkBps=0 blkkBps=140 pongs=20845(+42/s) cancels=0(+0/s) notify=1 disc=1(0x08) | echo rx=0 tx=0 pend=0 stale=0
 390.761  P t=388s rxkBps=0 blkkBps=137 pongs=20887(+42/s) cancels=0(+0/s) notify=1 disc=1(0x08) | echo rx=0 tx=0 pend=0 stale=0
 390.761  P t=389s rxkBps=0 blkkBps=140 pongs=20930(+43/s) cancels=0(+0/s) notify=1 disc=1(0x08) | echo rx=0 tx=0 pend=0 stale=0
 392.728  P t=390s rxkBps=0 blkkBps=138 pongs=20972(+42/s) cancels=0(+0/s) notify=1 disc=1(0x08) | echo rx=0 tx=0 pend=0 stale=0
 392.788  P t=391s rxkBps=0 blkkBps=139 pongs=21015(+43/s) cancels=0(+0/s) notify=1 disc=1(0x08) | echo rx=0 tx=0 pend=0 stale=0
 394.775  P t=392s rxkBps=0 blkkBps=141 pongs=21058(+43/s) cancels=0(+0/s) notify=1 disc=1(0x08) | echo rx=0 tx=0 pend=0 stale=0
 394.775  P t=393s rxkBps=0 blkkBps=141 pongs=21101(+43/s) cancels=0(+0/s) notify=1 disc=1(0x08) | echo rx=0 tx=0 pend=0 stale=0
 396.786  P t=394s rxkBps=0 blkkBps=137 pongs=21144(+43/s) cancels=0(+0/s) notify=1 disc=1(0x08) | echo rx=0 tx=0 pend=0 stale=0
 396.786  P t=395s rxkBps=0 blkkBps=139 pongs=21186(+42/s) cancels=0(+0/s) notify=1 disc=1(0x08) | echo rx=0 tx=0 pend=0 stale=0
 398.756  P t=396s rxkBps=0 blkkBps=137 pongs=21228(+42/s) cancels=0(+0/s) notify=1 disc=1(0x08) | echo rx=0 tx=0 pend=0 stale=0
 398.756  P t=397s rxkBps=0 blkkBps=135 pongs=21270(+42/s) cancels=0(+0/s) notify=1 disc=1(0x08) | echo rx=0 tx=0 pend=0 stale=0
 400.767  P t=398s rxkBps=0 blkkBps=139 pongs=21313(+43/s) cancels=0(+0/s) notify=1 disc=1(0x08) | echo rx=0 tx=0 pend=0 stale=0
 400.767  P t=399s rxkBps=0 blkkBps=141 pongs=21356(+43/s) cancels=0(+0/s) notify=1 disc=1(0x08) | echo rx=0 tx=0 pend=0 stale=0
 402.749  P t=400s rxkBps=0 blkkBps=140 pongs=21398(+42/s) cancels=0(+0/s) notify=1 disc=1(0x08) | echo rx=0 tx=0 pend=0 stale=0
 402.749  P t=401s rxkBps=0 blkkBps=141 pongs=21441(+43/s) cancels=0(+0/s) notify=1 disc=1(0x08) | echo rx=0 tx=0 pend=0 stale=0
 404.777  P t=402s rxkBps=0 blkkBps=137 pongs=21483(+42/s) cancels=0(+0/s) notify=1 disc=1(0x08) | echo rx=0 tx=0 pend=0 stale=0
 404.777  P t=403s rxkBps=0 blkkBps=139 pongs=21526(+43/s) cancels=0(+0/s) notify=1 disc=1(0x08) | echo rx=0 tx=0 pend=0 stale=0
 406.765  P t=404s rxkBps=0 blkkBps=138 pongs=21568(+42/s) cancels=0(+0/s) notify=1 disc=1(0x08) | echo rx=0 tx=0 pend=0 stale=0
 406.766  P t=405s rxkBps=0 blkkBps=139 pongs=21610(+42/s) cancels=0(+0/s) notify=1 disc=1(0x08) | echo rx=0 tx=0 pend=0 stale=0
 408.751  P t=406s rxkBps=0 blkkBps=141 pongs=21653(+43/s) cancels=0(+0/s) notify=1 disc=1(0x08) | echo rx=0 tx=0 pend=0 stale=0
 408.752  P t=407s rxkBps=0 blkkBps=141 pongs=21696(+43/s) cancels=0(+0/s) notify=1 disc=1(0x08) | echo rx=0 tx=0 pend=0 stale=0
 410.751  P t=408s rxkBps=0 blkkBps=143 pongs=21740(+44/s) cancels=0(+0/s) notify=1 disc=1(0x08) | echo rx=0 tx=0 pend=0 stale=0
 410.752  P t=409s rxkBps=0 blkkBps=140 pongs=21783(+43/s) cancels=0(+0/s) notify=1 disc=1(0x08) | echo rx=0 tx=0 pend=0 stale=0
 412.743  P t=410s rxkBps=0 blkkBps=140 pongs=21826(+43/s) cancels=0(+0/s) notify=1 disc=1(0x08) | echo rx=0 tx=0 pend=0 stale=0
 412.743  P t=411s rxkBps=0 blkkBps=138 pongs=21868(+42/s) cancels=0(+0/s) notify=1 disc=1(0x08) | echo rx=0 tx=0 pend=0 stale=0
 414.771  P t=412s rxkBps=0 blkkBps=132 pongs=21908(+40/s) cancels=0(+0/s) notify=1 disc=1(0x08) | echo rx=0 tx=0 pend=0 stale=0
 414.771  P t=413s rxkBps=0 blkkBps=125 pongs=21947(+39/s) cancels=0(+0/s) notify=1 disc=1(0x08) | echo rx=0 tx=0 pend=0 stale=0
 416.756  P t=414s rxkBps=0 blkkBps=109 pongs=21980(+33/s) cancels=0(+0/s) notify=1 disc=1(0x08) | echo rx=0 tx=0 pend=0 stale=0
 416.756  P t=415s rxkBps=0 blkkBps=105 pongs=22013(+33/s) cancels=0(+0/s) notify=1 disc=1(0x08) | echo rx=0 tx=0 pend=0 stale=0
 418.752  P t=416s rxkBps=0 blkkBps=118 pongs=22049(+36/s) cancels=0(+0/s) notify=1 disc=1(0x08) | echo rx=0 tx=0 pend=0 stale=0
 418.752  P t=417s rxkBps=0 blkkBps=103 pongs=22081(+32/s) cancels=0(+0/s) notify=1 disc=1(0x08) | echo rx=0 tx=0 pend=0 stale=0
 420.761  P t=418s rxkBps=0 blkkBps=122 pongs=22118(+37/s) cancels=0(+0/s) notify=1 disc=1(0x08) | echo rx=0 tx=0 pend=0 stale=0
 420.761  P t=419s rxkBps=0 blkkBps=122 pongs=22156(+38/s) cancels=0(+0/s) notify=1 disc=1(0x08) | echo rx=0 tx=0 pend=0 stale=0
 422.748  P t=420s rxkBps=0 blkkBps=117 pongs=22192(+36/s) cancels=0(+0/s) notify=1 disc=1(0x08) | echo rx=0 tx=0 pend=0 stale=0
 422.748  P t=421s rxkBps=0 blkkBps=141 pongs=22234(+42/s) cancels=0(+0/s) notify=1 disc=1(0x08) | echo rx=0 tx=0 pend=0 stale=0
 424.742  P t=422s rxkBps=0 blkkBps=141 pongs=22277(+43/s) cancels=0(+0/s) notify=1 disc=1(0x08) | echo rx=0 tx=0 pend=0 stale=0
 424.799  P t=423s rxkBps=0 blkkBps=142 pongs=22320(+43/s) cancels=0(+0/s) notify=1 disc=1(0x08) | echo rx=0 tx=0 pend=0 stale=0
 426.736  P t=424s rxkBps=0 blkkBps=134 pongs=22361(+41/s) cancels=0(+0/s) notify=1 disc=1(0x08) | echo rx=0 tx=0 pend=0 stale=0
 426.797  P t=425s rxkBps=0 blkkBps=138 pongs=22403(+42/s) cancels=0(+0/s) notify=1 disc=1(0x08) | echo rx=0 tx=0 pend=0 stale=0
 428.778  P t=426s rxkBps=0 blkkBps=18 pongs=22468(+65/s) cancels=0(+0/s) notify=1 disc=1(0x08) | echo rx=0 tx=0 pend=0 stale=0
 428.778  P t=427s rxkBps=0 blkkBps=0 pongs=22534(+66/s) cancels=0(+0/s) notify=1 disc=1(0x08) | echo rx=0 tx=0 pend=0 stale=0
 430.749  P t=428s rxkBps=0 blkkBps=0 pongs=22597(+63/s) cancels=0(+0/s) notify=1 disc=1(0x08) | echo rx=0 tx=0 pend=0 stale=0
 430.749  P t=429s rxkBps=0 blkkBps=0 pongs=22662(+65/s) cancels=0(+0/s) notify=1 disc=1(0x08) | echo rx=0 tx=0 pend=0 stale=0
 432.766  P t=430s rxkBps=0 blkkBps=0 pongs=22727(+65/s) cancels=0(+0/s) notify=1 disc=1(0x08) | echo rx=0 tx=0 pend=0 stale=0
 432.766  P t=431s rxkBps=0 blkkBps=0 pongs=22793(+66/s) cancels=0(+0/s) notify=1 disc=1(0x08) | echo rx=0 tx=0 pend=0 stale=0
 434.766  P t=432s rxkBps=0 blkkBps=0 pongs=22860(+67/s) cancels=0(+0/s) notify=1 disc=1(0x08) | echo rx=0 tx=0 pend=0 stale=0
 434.766  P t=433s rxkBps=0 blkkBps=0 pongs=22924(+64/s) cancels=0(+0/s) notify=1 disc=1(0x08) | echo rx=0 tx=0 pend=0 stale=0
 436.778  P t=434s rxkBps=0 blkkBps=0 pongs=22989(+65/s) cancels=0(+0/s) notify=1 disc=1(0x08) | echo rx=0 tx=0 pend=0 stale=0
 436.779  P t=435s rxkBps=0 blkkBps=0 pongs=23053(+64/s) cancels=0(+0/s) notify=1 disc=1(0x08) | echo rx=0 tx=0 pend=0 stale=0
 438.788  P t=436s rxkBps=0 blkkBps=0 pongs=23118(+65/s) cancels=0(+0/s) notify=1 disc=1(0x08) | echo rx=0 tx=0 pend=0 stale=0
 438.788  P t=437s rxkBps=0 blkkBps=0 pongs=23183(+65/s) cancels=0(+0/s) notify=1 disc=1(0x08) | echo rx=0 tx=0 pend=0 stale=0
 440.754  P t=438s rxkBps=0 blkkBps=0 pongs=23249(+66/s) cancels=0(+0/s) notify=1 disc=1(0x08) | echo rx=0 tx=0 pend=0 stale=0
 440.754  P t=439s rxkBps=0 blkkBps=0 pongs=23314(+65/s) cancels=0(+0/s) notify=1 disc=1(0x08) | echo rx=0 tx=0 pend=0 stale=0
 442.740  P t=440s rxkBps=0 blkkBps=0 pongs=23379(+65/s) cancels=0(+0/s) notify=1 disc=1(0x08) | echo rx=0 tx=0 pend=0 stale=0
 442.797  P t=441s rxkBps=0 blkkBps=0 pongs=23445(+66/s) cancels=0(+0/s) notify=1 disc=1(0x08) | echo rx=0 tx=0 pend=0 stale=0
 444.764  P t=442s rxkBps=0 blkkBps=0 pongs=23511(+66/s) cancels=0(+0/s) notify=1 disc=1(0x08) | echo rx=0 tx=0 pend=0 stale=0
 444.764  P t=443s rxkBps=0 blkkBps=0 pongs=23577(+66/s) cancels=0(+0/s) notify=1 disc=1(0x08) | echo rx=0 tx=0 pend=0 stale=0
 446.799  P t=444s rxkBps=0 blkkBps=0 pongs=23642(+65/s) cancels=0(+0/s) notify=1 disc=1(0x08) | echo rx=0 tx=0 pend=0 stale=0
 446.799  P t=445s rxkBps=0 blkkBps=0 pongs=23709(+67/s) cancels=0(+0/s) notify=1 disc=1(0x08) | echo rx=0 tx=0 pend=0 stale=0
 448.768  P t=446s rxkBps=0 blkkBps=0 pongs=23772(+63/s) cancels=0(+0/s) notify=1 disc=1(0x08) | echo rx=0 tx=0 pend=0 stale=0
 448.768  P t=447s rxkBps=0 blkkBps=0 pongs=23837(+65/s) cancels=0(+0/s) notify=1 disc=1(0x08) | echo rx=0 tx=0 pend=0 stale=0
