   0.291  CENRX cum_total=4686020 B
   1.315  CENRX cum_total=4781424 B
   2.290  CENRX cum_total=4811680 B
   3.336  CENRX cum_total=4811680 B
   4.305  CENRX cum_total=4811680 B
   5.221  RPT occ: events=0 mean_pkts/ev=0.00 max=0 nonempty_ev=0 fsu=0 | sender: sent=9708(+1248 SDU) eagain=0(+0) poolfail=0(+0)
   5.329  CENRX cum_total=4811680 B
   5.605  L2CAP disconnected
   5.605  GAP disconnected 0x08
   5.605  scan start rc=0
   5.665  found D6:C7:60:B1:D3:0E (random) (rssi -30), connecting
   5.665  Q2CONN AA=8e3f7e2a CRCINIT=b8af4e hop=7 chan_count=37 map=ffffffff1f
   5.665  GAP connected
   5.665  phy req rc=0
   5.726  DLE: tx_max=27 rx_max=251
   5.838  PHY: tx=2 rx=2 (2=2M)
   5.838  dle req rc=0
   5.896  DLE: tx_max=251 rx_max=251
   5.896  l2cap_chan_connect rc=0
   5.896  L2CAP connected: tx.mtu=512 tx.mps=247 tx.credits=0 rx.mtu=512 rx.mps=247
   5.896  GATE conn: interval=12 (units 1.25ms) => 15.00 ms
   5.896  Q3FSU-REQ role=C auto min=150 max=150 phys=0x2 rc=0
   6.196  blasting 480-byte SDUs...
   6.312  CENRX cum_total=4865116 B
   7.312  CENRX cum_total=4959788 B
   8.298  CENRX cum_total=5055680 B
   9.325  CENRX cum_total=5151084 B
  10.307  CENRX cum_total=5246732 B
  11.350  CENRX cum_total=5342136 B
  12.318  CENRX cum_total=5437784 B
  13.357  CENRX cum_total=5533188 B
  14.349  CENRX cum_total=5628592 B
  15.221  RPT occ: events=0 mean_pkts/ev=0.00 max=0 nonempty_ev=0 fsu=0 | sender: sent=11492(+1784 SDU) eagain=0(+0) poolfail=0(+0)
  15.341  CENRX cum_total=5724484 B
  16.326  CENRX cum_total=5819888 B
  17.356  CENRX cum_total=5915536 B
  18.349  CENRX cum_total=6010940 B
  19.341  CENRX cum_total=6106344 B
  20.380  CENRX cum_total=6201992 B
  21.367  CENRX cum_total=6297640 B
  22.357  CENRX cum_total=6393044 B
  23.332  CENRX cum_total=6488448 B
  24.376  CENRX cum_total=6584096 B
  25.254  RPT occ: events=0 mean_pkts/ev=0.00 max=0 nonempty_ev=0 fsu=0 | sender: sent=13445(+1953 SDU) eagain=0(+0) poolfail=0(+0)
  25.371  CENRX cum_total=6679500 B
  26.376  CENRX cum_total=6775148 B
  27.361  CENRX cum_total=6870552 B
  28.394  CENRX cum_total=6966200 B
  29.372  CENRX cum_total=7061604 B
  30.350  CENRX cum_total=7157252 B
  31.388  CENRX cum_total=7252656 B
  32.372  CENRX cum_total=7348304 B
  33.385  CENRX cum_total=7443464 B
  34.401  CENRX cum_total=7539356 B
  35.241  RPT occ: events=0 mean_pkts/ev=0.00 max=0 nonempty_ev=0 fsu=0 | sender: sent=15401(+1956 SDU) eagain=0(+0) poolfail=0(+0)
  35.404  CENRX cum_total=7634760 B
  36.380  CENRX cum_total=7730164 B
  37.415  CENRX cum_total=7825812 B
  38.390  CENRX cum_total=7921216 B
  39.373  CENRX cum_total=8015400 B
