   0.180  CENRX cum_total=1312232 B
   1.177  CENRX cum_total=1411052 B
   2.145  CENRX cum_total=1454728 B
   3.173  CENRX cum_total=1454728 B
   4.197  CENRX cum_total=1454728 B
   5.161  RPT occ: events=0 mean_pkts/ev=0.00 max=0 nonempty_ev=0 fsu=52 | sender: sent=2888(+1311 SDU) eagain=0(+0) poolfail=0(+0)
   5.161  CENRX cum_total=1454728 B
   5.623  L2CAP disconnected
   5.623  GAP disconnected 0x08
   5.623  scan start rc=0
   5.623  found D6:C7:60:B1:D3:0E (random) (rssi -30), connecting
   5.623  Q2CONN AA=ebdd395e CRCINIT=c0a73b hop=16 chan_count=37 map=ffffffff1f
   5.623  GAP connected
   5.675  phy req rc=0
   5.728  DLE: tx_max=27 rx_max=251
   5.788  PHY: tx=2 rx=2 (2=2M)
   5.788  dle req rc=0
   5.848  DLE: tx_max=251 rx_max=251
   5.849  l2cap_chan_connect rc=0
   5.849  L2CAP connected: tx.mtu=512 tx.mps=247 tx.credits=0 rx.mtu=512 rx.mps=247
   5.849  GATE conn: interval=12 (units 1.25ms) => 15.00 ms
   5.849  Q3FSU-REQ role=C auto min=52 max=150 phys=0x2 rc=0
   5.909  Q3FSU-DONE role=C status=0x00 spacing=52 types=0x3 phys=0x2 initiator=0
   6.206  blasting 480-byte SDUs...
   6.206  CENRX cum_total=1513288 B
   7.169  CENRX cum_total=1611376 B
   8.197  CENRX cum_total=1710440 B
   9.173  CENRX cum_total=1809260 B
  10.214  CENRX cum_total=1907592 B
  11.191  CENRX cum_total=2005924 B
  12.174  CENRX cum_total=2103280 B
  13.232  CENRX cum_total=2202100 B
  14.213  CENRX cum_total=2298480 B
  15.191  RPT occ: events=0 mean_pkts/ev=0.00 max=0 nonempty_ev=0 fsu=52 | sender: sent=4716(+1828 SDU) eagain=0(+0) poolfail=0(+0)
  15.191  CENRX cum_total=2397788 B
  16.196  CENRX cum_total=2496364 B
  17.216  CENRX cum_total=2595428 B
  18.188  CENRX cum_total=2694492 B
  19.232  CENRX cum_total=2793068 B
  20.214  CENRX cum_total=2891400 B
  21.247  CENRX cum_total=2990708 B
  22.208  CENRX cum_total=3089528 B
  23.238  CENRX cum_total=3188592 B
  24.247  CENRX cum_total=3286436 B
  25.168  RPT occ: events=0 mean_pkts/ev=0.00 max=0 nonempty_ev=0 fsu=52 | sender: sent=6728(+2012 SDU) eagain=0(+0) poolfail=0(+0)
  25.228  CENRX cum_total=3384768 B
  26.257  CENRX cum_total=3484076 B
  27.244  CENRX cum_total=3580944 B
  28.252  CENRX cum_total=3680008 B
  29.247  CENRX cum_total=3778096 B
  30.235  CENRX cum_total=3876672 B
  31.278  CENRX cum_total=3975248 B
  32.256  CENRX cum_total=4073336 B
  33.283  CENRX cum_total=4172400 B
  34.276  CENRX cum_total=4271464 B
  35.199  RPT occ: events=0 mean_pkts/ev=0.00 max=0 nonempty_ev=0 fsu=52 | sender: sent=8752(+2024 SDU) eagain=0(+0) poolfail=0(+0)
  35.259  CENRX cum_total=4369308 B
  36.249  CENRX cum_total=4468372 B
  37.279  CENRX cum_total=4566948 B
  38.246  CENRX cum_total=4665768 B
  39.284  CENRX cum_total=4764832 B
