   1.048  SINK rx: 92 KB/s (94325 B / 1000 ms) fsu=0 | cum_total=3281531 B cum_segs=13674 | UP sent=13963 eagain=0 lasterr=0 txcred=23 host_pulls=0
   1.675  *** Booting Zephyr OS build v4.4.2-16-gfee9fbc62095 ***
   1.676  
   1.676  === nRF52 L2CAP CoC SINK (Zephyr 4.4.1, seg_recv) ===
   1.676  L2CAP server on PSM 0x0080
   1.676  Advertising as 'zenoh-nrf-l2cap'
   5.658  GAP connected: interval=6
   5.658  DLE updated: tx_max=251 rx_max=27
   5.719  PHY updated: tx=2 rx=2
   5.719  DLE updated: tx_max=251 rx_max=251
   5.719  CoC up — seg_recv sink ready (RX_CREDITS=64, MPS=247)
   6.747  SINK rx: 58 KB/s (59771 B / 1000 ms) fsu=0 | cum_total=59771 B cum_segs=250 | UP sent=537 eagain=0 lasterr=0 txcred=0 host_pulls=0
   7.734  SINK rx: 92 KB/s (94795 B / 1000 ms) fsu=0 | cum_total=154566 B cum_segs=645 | UP sent=933 eagain=0 lasterr=0 txcred=14 host_pulls=0
   8.727  SINK rx: 92 KB/s (95040 B / 1000 ms) fsu=0 | cum_total=249606 B cum_segs=1041 | UP sent=1317 eagain=0 lasterr=0 txcred=0 host_pulls=0
   9.750  SINK rx: 92 KB/s (94805 B / 1000 ms) fsu=0 | cum_total=344411 B cum_segs=1436 | UP sent=1725 eagain=0 lasterr=0 txcred=2 host_pulls=0
  10.793  SINK rx: 92 KB/s (94795 B / 1000 ms) fsu=0 | cum_total=439206 B cum_segs=1831 | UP sent=2120 eagain=0 lasterr=0 txcred=17 host_pulls=0
  11.814  SINK rx: 93 KB/s (95285 B / 1000 ms) fsu=0 | cum_total=534491 B cum_segs=2228 | UP sent=2506 eagain=0 lasterr=0 txcred=0 host_pulls=0
  12.788  SINK rx: 92 KB/s (94795 B / 1000 ms) fsu=0 | cum_total=629286 B cum_segs=2623 | UP sent=2911 eagain=0 lasterr=0 txcred=4 host_pulls=0
  13.829  SINK rx: 92 KB/s (94805 B / 1000 ms) fsu=0 | cum_total=724091 B cum_segs=3018 | UP sent=3307 eagain=0 lasterr=0 txcred=19 host_pulls=0
  14.810  SINK rx: 92 KB/s (95040 B / 1000 ms) fsu=0 | cum_total=819131 B cum_segs=3414 | UP sent=3695 eagain=0 lasterr=0 txcred=0 host_pulls=0
  15.859  SINK rx: 92 KB/s (94795 B / 1000 ms) fsu=0 | cum_total=913926 B cum_segs=3809 | UP sent=4098 eagain=0 lasterr=0 txcred=7 host_pulls=0
  16.870  SINK rx: 92 KB/s (95040 B / 1000 ms) fsu=0 | cum_total=1008966 B cum_segs=4205 | UP sent=4494 eagain=0 lasterr=0 txcred=21 host_pulls=0
  17.855  SINK rx: 92 KB/s (94805 B / 1000 ms) fsu=0 | cum_total=1103771 B cum_segs=4600 | UP sent=4884 eagain=0 lasterr=0 txcred=0 host_pulls=0
  18.879  SINK rx: 92 KB/s (94795 B / 1000 ms) fsu=0 | cum_total=1198566 B cum_segs=4995 | UP sent=5284 eagain=0 lasterr=0 txcred=10 host_pulls=0
  19.872  SINK rx: 92 KB/s (95040 B / 1000 ms) fsu=0 | cum_total=1293606 B cum_segs=5391 | UP sent=5672 eagain=0 lasterr=0 txcred=24 host_pulls=0
  20.919  SINK rx: 92 KB/s (95040 B / 1000 ms) fsu=0 | cum_total=1388646 B cum_segs=5787 | UP sent=6073 eagain=0 lasterr=0 txcred=0 host_pulls=0
  21.892  SINK rx: 92 KB/s (94805 B / 1000 ms) fsu=0 | cum_total=1483451 B cum_segs=6182 | UP sent=6471 eagain=0 lasterr=0 txcred=12 host_pulls=0
  22.928  SINK rx: 92 KB/s (95040 B / 1000 ms) fsu=0 | cum_total=1578491 B cum_segs=6578 | UP sent=6852 eagain=0 lasterr=0 txcred=0 host_pulls=0
  23.921  SINK rx: 92 KB/s (94560 B / 1000 ms) fsu=0 | cum_total=1673051 B cum_segs=6972 | UP sent=7260 eagain=0 lasterr=0 txcred=2 host_pulls=0
  24.952  SINK rx: 91 KB/s (93600 B / 1000 ms) fsu=0 | cum_total=1766651 B cum_segs=7362 | UP sent=7651 eagain=0 lasterr=0 txcred=21 host_pulls=0
  25.942  SINK rx: 92 KB/s (95040 B / 1000 ms) fsu=0 | cum_total=1861691 B cum_segs=7758 | UP sent=8041 eagain=0 lasterr=0 txcred=0 host_pulls=0
  26.998  SINK rx: 92 KB/s (94795 B / 1000 ms) fsu=0 | cum_total=1956486 B cum_segs=8153 | UP sent=8442 eagain=0 lasterr=0 txcred=9 host_pulls=0
  28.017  SINK rx: 92 KB/s (94805 B / 1000 ms) fsu=0 | cum_total=2051291 B cum_segs=8548 | UP sent=8820 eagain=0 lasterr=0 txcred=24 host_pulls=0
  28.988  SINK rx: 92 KB/s (95040 B / 1000 ms) fsu=0 | cum_total=2146331 B cum_segs=8944 | UP sent=9230 eagain=0 lasterr=0 txcred=0 host_pulls=0
  30.038  SINK rx: 91 KB/s (94080 B / 1000 ms) fsu=0 | cum_total=2240411 B cum_segs=9336 | UP sent=9625 eagain=0 lasterr=0 txcred=15 host_pulls=0
  31.007  SINK rx: 92 KB/s (94795 B / 1000 ms) fsu=0 | cum_total=2335206 B cum_segs=9731 | UP sent=10009 eagain=0 lasterr=0 txcred=0 host_pulls=0
  32.030  SINK rx: 92 KB/s (94805 B / 1000 ms) fsu=0 | cum_total=2430011 B cum_segs=10126 | UP sent=10415 eagain=0 lasterr=0 txcred=4 host_pulls=0
  33.063  SINK rx: 92 KB/s (94795 B / 1000 ms) fsu=0 | cum_total=2524806 B cum_segs=10521 | UP sent=10810 eagain=0 lasterr=0 txcred=19 host_pulls=0
  34.064  SINK rx: 93 KB/s (95285 B / 1000 ms) fsu=0 | cum_total=2620091 B cum_segs=10918 | UP sent=11198 eagain=0 lasterr=0 txcred=0 host_pulls=0
  35.105  SINK rx: 92 KB/s (94795 B / 1000 ms) fsu=0 | cum_total=2714886 B cum_segs=11313 | UP sent=11602 eagain=0 lasterr=0 txcred=6 host_pulls=0
  36.090  SINK rx: 92 KB/s (94805 B / 1000 ms) fsu=0 | cum_total=2809691 B cum_segs=11708 | UP sent=11997 eagain=0 lasterr=0 txcred=21 host_pulls=0
  37.113  SINK rx: 93 KB/s (95275 B / 1000 ms) fsu=0 | cum_total=2904966 B cum_segs=12105 | UP sent=12387 eagain=0 lasterr=0 txcred=0 host_pulls=0
  38.141  SINK rx: 92 KB/s (94805 B / 1000 ms) fsu=0 | cum_total=2999771 B cum_segs=12500 | UP sent=12789 eagain=0 lasterr=0 txcred=8 host_pulls=0
  39.130  SINK rx: 92 KB/s (95040 B / 1000 ms) fsu=0 | cum_total=3094811 B cum_segs=12896 | UP sent=13185 eagain=0 lasterr=0 txcred=22 host_pulls=0
