   0.291  CENRX cum_total=1256356 B
   1.283  CENRX cum_total=1352736 B
   2.319  CENRX cum_total=1384944 B
   3.288  CENRX cum_total=1384944 B
   4.266  CENRX cum_total=1384944 B
   5.278  RPT occ: events=0 mean_pkts/ev=0.00 max=0 nonempty_ev=0 fsu=0 | sender: sent=2763(+1260 SDU) eagain=0(+0) poolfail=0(+0)
   5.278  CENRX cum_total=1384944 B
   5.623  L2CAP disconnected
   5.623  GAP disconnected 0x08
   5.623  scan start rc=0
   5.623  found D6:C7:60:B1:D3:0E (random) (rssi -30), connecting
   5.623  Q2CONN AA=df8f10a7 CRCINIT=9bd227 hop=10 chan_count=37 map=ffffffff1f
   5.623  GAP connected
   5.623  phy req rc=0
   5.743  DLE: tx_max=27 rx_max=251
   5.850  PHY: tx=2 rx=2 (2=2M)
   5.850  dle req rc=0
   5.971  DLE: tx_max=251 rx_max=251
   5.971  l2cap_chan_connect rc=0
   5.971  L2CAP connected: tx.mtu=512 tx.mps=247 tx.credits=0 rx.mtu=512 rx.mps=247
   6.031  GATE conn: interval=20 (units 1.25ms) => 25.00 ms
   6.031  Q3FSU-REQ role=C auto min=150 max=150 phys=0x2 rc=0
   6.321  CENRX cum_total=1433744 B
   6.321  blasting 480-byte SDUs...
   7.299  CENRX cum_total=1531344 B
   8.314  CENRX cum_total=1627480 B
   9.294  CENRX cum_total=1725080 B
  10.293  CENRX cum_total=1822680 B
  11.330  CENRX cum_total=1917840 B
  12.318  CENRX cum_total=2014220 B
  13.302  CENRX cum_total=2111820 B
  14.338  CENRX cum_total=2209420 B
  15.278  RPT occ: events=0 mean_pkts/ev=0.00 max=0 nonempty_ev=0 fsu=0 | sender: sent=4563(+1800 SDU) eagain=0(+0) poolfail=0(+0)
  15.338  CENRX cum_total=2307020 B
  16.334  CENRX cum_total=2402424 B
  17.314  CENRX cum_total=2499292 B
  18.330  CENRX cum_total=2596892 B
  19.314  CENRX cum_total=2694248 B
  20.351  CENRX cum_total=2791848 B
  21.335  CENRX cum_total=2889448 B
  22.324  CENRX cum_total=2983632 B
  23.343  CENRX cum_total=3080012 B
  24.328  CENRX cum_total=3177612 B
  25.317  RPT occ: events=0 mean_pkts/ev=0.00 max=0 nonempty_ev=0 fsu=0 | sender: sent=6539(+1976 SDU) eagain=0(+0) poolfail=0(+0)
  25.317  CENRX cum_total=3273016 B
  26.348  CENRX cum_total=3369640 B
  27.323  CENRX cum_total=3464800 B
  28.345  CENRX cum_total=3562400 B
  29.333  CENRX cum_total=3660000 B
  30.362  CENRX cum_total=3756624 B
  31.383  CENRX cum_total=3852516 B
  32.377  CENRX cum_total=3950360 B
  33.370  CENRX cum_total=4047960 B
  34.346  CENRX cum_total=4143608 B
  35.323  RPT occ: events=0 mean_pkts/ev=0.00 max=0 nonempty_ev=0 fsu=0 | sender: sent=8520(+1981 SDU) eagain=0(+0) poolfail=0(+0)
  35.384  CENRX cum_total=4240476 B
  36.363  CENRX cum_total=4336612 B
  37.403  CENRX cum_total=4434212 B
  38.383  CENRX cum_total=4531568 B
  39.362  CENRX cum_total=4628924 B
