   0.174  CENRX cum_total=1278072 B
   1.161  CENRX cum_total=1373232 B
   2.153  CENRX cum_total=1414712 B
   3.159  CENRX cum_total=1414712 B
   4.191  CENRX cum_total=1414712 B
   5.177  RPT occ: events=0 mean_pkts/ev=0.00 max=0 nonempty_ev=0 fsu=52 | sender: sent=2803(+1260 SDU) eagain=0(+0) poolfail=0(+0)
   5.177  CENRX cum_total=1414712 B
   5.644  L2CAP disconnected
   5.644  GAP disconnected 0x08
   5.644  scan start rc=0
   5.644  found D6:C7:60:B1:D3:0E (random) (rssi -30), connecting
   5.644  Q2CONN AA=56c3f1a8 CRCINIT=130105 hop=5 chan_count=37 map=ffffffff1f
   5.705  GAP connected
   5.705  phy req rc=0
   5.705  DLE: tx_max=27 rx_max=251
   5.757  PHY: tx=2 rx=2 (2=2M)
   5.757  dle req rc=0
   5.757  DLE: tx_max=251 rx_max=251
   5.757  l2cap_chan_connect rc=0
   5.817  L2CAP connected: tx.mtu=512 tx.mps=247 tx.credits=0 rx.mtu=512 rx.mps=247
   5.817  GATE conn: interval=6 (units 1.25ms) => 7.50 ms
   5.817  Q3FSU-REQ role=C auto min=52 max=150 phys=0x2 rc=0
   5.817  Q3FSU-DONE role=C status=0x00 spacing=52 types=0x3 phys=0x2 initiator=0
   6.104  blasting 480-byte SDUs...
   6.164  CENRX cum_total=1481568 B
   7.210  CENRX cum_total=1577460 B
   8.198  CENRX cum_total=1672864 B
   9.171  CENRX cum_total=1768512 B
  10.173  CENRX cum_total=1864160 B
  11.203  CENRX cum_total=1959564 B
  12.179  CENRX cum_total=2054724 B
  13.225  CENRX cum_total=2150128 B
  14.205  CENRX cum_total=2245776 B
  15.169  RPT occ: events=0 mean_pkts/ev=0.00 max=0 nonempty_ev=0 fsu=52 | sender: sent=4593(+1790 SDU) eagain=0(+0) poolfail=0(+0)
  15.230  CENRX cum_total=2341180 B
  16.227  CENRX cum_total=2436828 B
  17.214  CENRX cum_total=2532232 B
  18.194  CENRX cum_total=2627880 B
  19.214  CENRX cum_total=2723284 B
  20.214  CENRX cum_total=2818932 B
  21.202  CENRX cum_total=2914336 B
  22.239  CENRX cum_total=3009496 B
  23.219  CENRX cum_total=3105144 B
  24.219  CENRX cum_total=3200792 B
  25.203  RPT occ: events=0 mean_pkts/ev=0.00 max=0 nonempty_ev=0 fsu=52 | sender: sent=6550(+1957 SDU) eagain=0(+0) poolfail=0(+0)
  25.254  CENRX cum_total=3296196 B
  26.222  CENRX cum_total=3391600 B
  27.246  CENRX cum_total=3487004 B
  28.241  CENRX cum_total=3582408 B
  29.224  CENRX cum_total=3678056 B
  30.280  CENRX cum_total=3773460 B
  31.273  CENRX cum_total=3869108 B
  32.259  CENRX cum_total=3964268 B
  33.237  CENRX cum_total=4059916 B
  34.263  CENRX cum_total=4155320 B
  35.199  RPT occ: events=0 mean_pkts/ev=0.00 max=0 nonempty_ev=0 fsu=52 | sender: sent=8502(+1952 SDU) eagain=0(+0) poolfail=0(+0)
  35.257  CENRX cum_total=4249992 B
  36.291  CENRX cum_total=4345640 B
  37.267  CENRX cum_total=4441044 B
  38.279  CENRX cum_total=4536692 B
  39.287  CENRX cum_total=4632096 B
